0pV6W2S64tY 赵黎采访琵琶演奏家刘芳
2X2lb8pnBbA 赵黎直播间采访新移民于曦
4QL4SPdh5-w Is it time to discuss racism in the Chinese community?
5-Se9AHGfr0 加拿大国际广播周末直播 - 20170901
5S4BjEflPAI 新冠病毒引发的仇恨犯罪？蒙特利尔连续发生破坏佛教雕塑事件：黎岚辉专访
6rWik7qh-I8 加拿大国际中文祝大家节日快乐！
8QDWdNmMRe0 加广面对面 - 专访《蒙人说事》创办񎮫renda-单蓓
9VpktbpaNjA Interview with Patrick Chan: Don't lose hope, stand up & more dialogue
AjrNKvN-7w8 加广直播间 - 20171020
FpI5AM3dPL0 赵黎直播间采访张怡然
Fz4c0KMg3hM 加拿秒
GAPCOOIgiww 加广周末直播视频 - 20170728
HwcF4TPo-ek Online Forum on International Students & COVID-19: Interview with Project PROTECH Andy Mok
I8Agge3MndU RCI interview with Professor Josephine Wong: the Racism against Chinese community has a long history
IGqn7xF0IkI 赵黎采访王精灵律师
J6GyBduYk8A RCI专访台湾导演徐汉强：希望《返校》带来台湾电影新身份
L2dTZcSKRmc 放眼北极系列-拉维尼娅的故事
MaZ2TCP43Wo 加拿大国际广播 周末 节目 - 20170721
Mt6Z6njbc2Q 加广直播间 - 2017񞝆日
N01bZInNxiQ Interview w Minister of Diversity B. Chagger: \
Oi0buWolmUU Artist Linda Zhang: Memory, Identity, and imaging ChinaTOwn in 2050
P513mjWFnxs 放眼北极系列-通往钻石的冰路
PvlmNwQsp7M 琵琶演奏家刘芳直播间演奏
QJyR8dB6_gg 加广直播间 2017-07-07
SmmfzILZMfs 放眼北极系列-北方地区的医疗服务
T1bW1z6B--8 直播间采访小移民、微信媒体小编马可
VOHPycohzsc Une Canadienne en mission dຜouvre le piment des Philipinnois
WM15pti7eFg 赵黎采访华裔制作人陆毅鹏
YWYlUOm3FwA 加拿大国际广播周末网络直播视频 - 2017񞝆日
Yx95qsC2Q1I 赵黎直播间采访王泳涛
bMmBknhblaA 加广中文直播 20171103
bn-ElKwtqvQ L'intelligence émotionnelle de la nouvelle intelligence artificielle
flozrPaQMGQ 加广中文直播 20170915
hQpaG26IQSE 加广周末直播视频 - 20170804
iW01LkTJD4o 放眼北极系列-护士米妮
kJi0-NucyTA 2016年“汉语桥”比赛冠军安德烈介绍学中文的经验
lTqxaq0uVmc 加广中文直播 20171027
pC5QT_agoDM Interview with Olivia Chow: Solidarity, United Community against Racism
qTqOem6rNPg 2017加广移民沙龙视频
r74FQRU6-X4 加广面对面-电影《驯马》- 梁彦采访独立电影人-古涛
suZWu_2sIsQ 加广中文直播 20171006
uqYL5meO_RY 赵黎采访谢梅（加拿大/魁北克持牌移民顾问）
wAi6yrRcpb4 Interview with Jenny Liu: COVID 19 pandemic and your resilience
wwUi7gPoccM 赵黎采访马凯律师
