0Cl3o8ihTjE 中国人学日语, 日本人学汉语 @ヤンチャ𰼼H/楊小溪
27zjZsogG-w LingQ 2.0 语言学习系统的简单介绍。
6R3_fOISCVw 语言学习的七大秘密: 񻋁－需要花时间
JDzTgK64ThU Steve’s live stream to Henan China. 史蒂夫向中国直播有关语言学习的节目
M_k2MyaTRaI 通晓多国语言会话: #8 汉语 & Luca and Steve close in English
Mz2UopvFwnQ Polyglot discussions: Felix in Brussels, Mandarin. 中文普通话
PasEt5guyeg A discussion on language learning in Cantonese
UYss9Xd7EBc 对语言学习的一些看法𰀪n interview in Chinese about language learning.
XDqoNTRB3og 学语言񶡇个原则
Y1WPEcTS1sE Chinese Grammar is Not Difficult
YPhmTOmB26E 学语言为什么那么困难？
YxCjyMNl8eU Is Chinese Difficult? | 中文难学吗?
_V0iemIfeBQ 多听多阅读，语言学习的最有效， 最方便， 的办法。
ayuVmUUURho 这老头真能国语言？
bzU3ALEK3cM LingQ.com     中文
glmYwQagB-A 基础和语法
mu2dCTa7IDs A discussion on language learning in Mandarin
nHOSbD2qF8o 语言学习Q&A
plz8HJZAmQU 请大家帮一点忙
qI70LbG2Yig LingQ.com Introduction in Mandarin （中文）
qvn_7lE424s 语言学习的七大秘密: 񻋂 － 必得有乐趣！
sfLKcEK0kyA LingQ.com 粤语
wcBcNnNm0wk 中国人学日语， 简单的介绍
ybGXbHMkFHc 词汇量为什么重要
ygw5hOoXUWY for Westca
