-NxLj3zoiqU Ì†ΩÌ∑£Ì†ΩÌ≤¨ The GUYS translator Ì†ΩÌ≤¨Ì†ΩÌ∑£ ENG SUB
-i7H9GwRJpg Ì†ΩÛúï¥ OUTFIT NATALIZIÌ†ΩÌ±ó
0ABXwXsEEBI Ì†ΩÌ∏ÇÌ†ΩÌ∫∂Ì†ºÌøªMODI DI CAMMINAREÌ†ΩÌ∫∂Ì†ºÌøª‚Äç‚ôÄÔ∏èÌ†æÌ¥î
0V-DPhRmQv0 TEACHERS' SENTENCES - PART 2 Ì†ΩÌ∏°Ì†ΩÌ≥ö
0WYf9EHkMV4 DOTTORESSA -  PARODIA #shorts
0XhQrBmxX9M PARRUCCHIERE - PARODIA #shorts
0fCtxum338U Ì†ΩÌ≤ÅÌ†º TIPOLOGIE DI AMICHE Ì†ΩÌ∏±
0mwdNfclezs Ì†æÌ¥¶Ì†ºÌøª‚Äç‚ôÄÔ∏èÌ†ΩÌ∏Ö LE BUGIE DELLE MAMME Ì†ΩÌ∏ÖÌ†æÌ¥¶Ì†ºÌøª‚Äç‚ôÄÔ∏è
0sX-LgkjmBQ MAMMA HO PERSO L'AEREO Ì†ΩÌ≥ñ‚úàÔ∏è
0wxiE8BBtv8 PROPOSITI ANNO NUOVO ASPETTATIVA VS REALT√Ä
0zvD8d9jPw8 Ì†ΩÌ≤òÌ†ΩÌ∏ç CRUSH - LE ALTRE vs IO Ì†ΩÌ∏±Ì†ΩÌ≤ò
1AB_1dx5otk NATALE PRIMA VS 2020
1CX4iYFXQhE PANDORO VS PANETTONE #shorts
1Ko6VJEgG00 Saint Valentine TOP vs FLOP (ORIGINAL STORIES!!!) I MARYNA
1YVO5TOYng8 QUANDO UN RAGAZZO TI CHIEDE DI USCIRE | MARYNA
1cLfzNxG4Ko LE RAGAZZE DA PARRUCCHIERE 2.0 | MARYNA
1e75NgIs6sE Ì†ΩÌ≤áÌ†ºÌøª FRINGE : EXPECTATION vs REALITY Ì†ΩÌ∏°
1sA8lwqk5uw Ì†ºÌΩÅ HAUL AUTUNNO INVERNO - TUTTI I NUOVI ACQUISTI ‚òî
24eZvs6dP44 Ì†æÌ¥¶Ì†ºÌøª‚Äç‚ôÄÔ∏èÌ†ΩÛûØúOSE STRANE CHE FACCIAMO IN BAGNOÌ†ΩÌ∫Ω Ì†æÌ¥¶Ì†ºÌøª‚Äç‚ôÄÔ∏è
2cGKyJoZsOs BABBO NATALE VS IL GRINCH
30a0DtV3iFY PROF DI FRANCESE - PARODIA #shorts
3LheEwZXp2Y HOW I USED TO DO MY EYEBROWS vs NOW *embarassing*
3PS4f30rp4E POV : STAI DECIDENDO COSA FARE A CAPODANNO #shorts
3idegReezfw Ì†ΩÛú°åOME TRUCCARSI A NATALE : 3 MAKEUP FACILI E D'EFFETTO Ì†ºÌæÑ| MARYNA
3wTatTrasnE C'E' POSTA PER CASA FERRAGNIZ #3 EPISODIO | MARYNA
44pUZ14DZSI 10 TIPOLOGIE DI PERSONE SU TIKTOK 2a Parte
4Su3lP9kjoQ Ì†ΩÌ≤âTATUAGGI TOP vs FLOPÌ†ΩÌ∏± - LI RIMUOVO PER SEMPRE!  | MARYNA
4eIanKl3Hms Ì†æÌ∂Å IL RE LEONE - 12 CANTANTI Ì†æÌ∂Å
4x1uZ2zlq6g STOP VIOLENCE AGAINST WOMEN | MARYNA
53iVtTzAzmc Ì†ΩÌªçÔ∏èÌ†ΩÌ∏çIL MIO SUPER REGALO DI COMPLEANNO Ì†ΩÌªçÔ∏è Ì†ΩÌ∏è - #HaulEstate
56rQQyA4Brs WHEN GIRLS DON'T KNOW WHAT TO WEAR | MARYNA
5J79Y1S6iY8 MEDLEY \
5hufv3xDM6E HAVE YOURSELF A MERRY LITTLE CHRISTMAS | MARYNA
5lho6znQ9f0 √à UNA TORTA O NO? - CAKE OR FAKE CHALLENGE
5rS7OQavN5E Ì†æÌ∂á ONCE UPON A DREAM - 6 SINGERS IMPRESSIONS Ì†æÌ∂á
5uhYLVDqYdI Ì†ΩÌ∏±Ì†ΩÌ≤î WHEN YOUR BEST FRIEND GETS ENGAGED Ì†ΩÌ≤îÌ†ΩÌ∏±
5wwDBpPQknU CHRISTMAS SONGS IN 2 MINUTES | MARYNA
5ysbyvZOcUY Ì†ΩÌ≤ÑLE RAGAZZE QUANDO SI TRUCCANO : 10 TIPOLOGIEÌ†ΩÌ≤Ñ
6tIVuJuQwR0 LE RAGAZZE A FARSI LE UNGHIE
7-nQtOetZYM Ì†ΩÌ±ÅPARODIA GRANDE FRATELLO VIP - CECILIA, IGNAZIO E.... | MARYNA
79b0Oatnxdw Ì†ΩÌ≤áÌ†ºÌøªMY HAIR STORY Ì†ΩÌ±±Ì†ºÌøª‚Äç‚ôÄÔ∏è crew cut, dye, extension Ì†ΩÌ∏±Ì†ΩÌπÖÌ†ºÌøª
7FhvPidsuwo QUANDO APRI I REGALI DI NATALE : 10 REAZIONI | MARYNA
7H14j_EeHYU COMMESSE DI ZARA - PARODIA #shorts
7PIDV3znGLM STOP AL CYBERBULLISMO | MARYNA
7jiVp1u947o TIPOLOGIE DI SUOCERE con IL PIT
7xb796GrOlU Ì†ΩÌπÖÌ†º TIPOLOGIE DI EX Ì†æÌ¥¨
808k4tMSVLY Ì†ΩÌ∑£Ì†ΩÛú´åHILDREN'S TRANSLATOR Ì†ΩÌ≤¨Ì†ΩÌ∑£
88jhirxW6uU Ì†ΩÌ±∫Ì†ΩÛúôçILLO CON UN'EMOJIÌ†ºÌºúÌ†ΩÌ∫µ - LE EMOJI PIU' INUTILI DI SEMPRE | MARYNA
89CF6ZSYxr4 LE RAGAZZE QUANDO VANNO A DORMIRE | MARYNA
8F4rJahTfbw Problemi di chi ha i CAPELLI LISCI Ì†ΩÌ±©Ì†ºÌøª
8FFVlGyiJ9s LE RAGAZZE AL SUPERMERCATO
8gdRm6Ursd8 Ì†ºÌæÑÌ†ΩÌ±©Ì†ºÌøª‚ÄçÌ†ºÌΩ≥ LE MAMME A NATALE Ì†æÌ¥∂Ì†ºÌøªÌ†ºÌæÑ
8llTWrIJDcA Ì†ΩÌ±©Ì†ºÌøª‚ÄçÌ†ºÌæìUNIVERSITY : THINGS YOU SHOULD KNOWÌ†ΩÌ≥ö
8uE6fOOxKqc CLIENTE DA INCUBO DALL'ESTETISTA #shorts
8vaqQq9bpiM POV : √à LA TUA PRIMA LEZIONE DI SCI
8xiriJrhRU8 Mi chiamo Maryna e credo nell†Üömore
8xkXEarpFg4 MARRIAGE PROPOSAL TO CHIARA FERRAGNI - HOME FERRAGNIZ #4 EPISODE | MARYNA
97llV-CSxFU LE TORTE PI√ô STRANE DEL MONDO *SCIOCCANTE*
9BJUPgUvvVQ LE RAGAZZE QUANDO VEDONO UN INSETTO : 14 REAZIONI + 1 | MARYNA
9JG93QWmeiw PROPRIETARIA DEL LIDO IN RIVIERA ROMAGNOLA - PARODIA #shorts
9KrjOYD5sEE Ì†æÌ∂åÌ†ºÌøùTEMPTATION ISLAND VIP - ULTIMA PUNTATAÌ†ºÌøùÌ†æÌ∂å
9LAqcmcCyrA Ì†æÌ∂åÌ†ºÌøùTEMPTATION ISLAND VIP - SECONDA PUNTATAÌ†ºÌøùÌ†æÌ∂å
9UGG9jKz6Ik STUDENTI ONLINE 2
9_kPPXyzUYQ CAPODANNO ASPETTATIVA VS REALTA'
9syb1Pl10Oo POV : SEI A FARE LE UNGHIE NEL PERIODO NATALIZIO Ì†ΩÌ≤ÖÌ†ºÌøº #shorts
A-lbJs51KUA COMMESSA DI UN NEGOZIO DI INTIMO - PARODIA #shorts
AwMl_Azyy48 LE RAGAZZE NEGLI ANNI 90 VS LE RAGAZZE OGGI | MARYNA
B-F_JPKeBsM Ì†ºÌºµÌ†æÌ∂îLE RAGAZZE E LA DEPILAZIONE : 10 TIPOLOGIE Ì†ΩÌ∞°Ì†ºÌºµ
B-n51HPTrK4 SE NETFLIX FOSSE UNA PERSONA Ì†ΩÌ∏è
B21fzzS8UIM Ì†ºÌæ≠ LA CASA DE PAPEL  - Mashup My Life is Going On e Bella Ciao Ì†ºÌæ≠ | MARYNA
BA-9lzUgEM4 Ì†ºRE L' ALBERO ASPETTATIVA vs REALTA'Ì†ºÌæÑ
Bfkk9IzmEd0 10 WAYS TO END A PHONE CALL | MARYNA
C-RUEdeSfRo LE UNGHIE PI√π STRANE DEL MONDO Ì†ΩÌ∏± *SCIOCCANTE*
C3QkhUJHTww feel cool expectation vs reality
C6qSs0ixixw CLIENTE DA INCUBO A FARSI LE UNGHIE Ì†ΩÌ≤Ö #shorts
CVsfVKpQO10 LA MIA COLLEZIONE DI BORSE Ì†ΩÌ±ú
CXHogG0mCTU Ì†ΩÌ±Å PARODIA #GF16 - PRIMA PUNTATA Ì†ΩÌ±Å
Cjj7Bzam0Fk Ì†ΩÌ∑£Ì†ΩÌ≤¨ IL TRADUTTORE DELLE MAMME Ì†ΩÌ≤¨Ì†ΩÌ∑£
Cq2c4JF_y9s Ì†ΩÌ≥ñÌ†ΩÌ∏±LEGGO LE DEDICHE SEGRETE DELLE MEDIE Ì†ΩÌπäÌ†ΩÌ≥ñ
CuIzaUsV1zI 15 TYPES OF GIRLS in the shower Ì†ΩÌ≤¶Ì†ΩÌ∏± | MARYNA
D2OF5dBF7p4 Ì†ΩÌ≤ÅÌ†ºÌøª PUBBLICITA' VS REALTA' Ì†ΩÌπÖÌ†ºÌøª
DDDOouJQonw Ì†æÌ¥¨ RAGAZZE GELOSE Ì†æÌ¥¨
DPSebcey-hE LE HIT DELL' ESTATE 2020 IN 3 MINUTI
DhQqIvidDVA THINGS NOT TO SAY WHEN GIRLS HAVE THE CYCLE | MARYNA
EJTuH-6OPhc Ì†ΩÌ±©‚ÄçÌ†ΩÌ±ß‚ÄçÌ†ΩÌ±¶ COSE CHE FANNO TUTTE LE MAMME Ì†ΩÌ±©‚ÄçÌ†ΩÌ±ß‚ÄçÌ†ΩÌ±¶ | MARYNA
ES8EhVBEN3c Ì†ΩÌ∏ÖÌ†ΩÌ±çÌ†ºÌøª HAI MAI (SUPER IMBARAZZANTE)Ì†ΩÌ±éÌ†ºÌøªÌ†ΩÌπà
Eh1wDidszo8 3 COSTUMI PER HALLOWEEN SUPER ECONOMICI | MARYNA
EnFKV-D4OR8 Ì†ΩÌ∏çSUPER HAUL SALDI GENNAIO 2018 Ì†ΩÌ≤∏Ì†ΩÌπà | MARYNA
F-SJ9SohpIE MARYNA ANGELA - LA VILLA IMPERIALE
F0b6mNm5Oto TIPOLOGIE DI PROF DURANTE LE VIDEOLEZIONI Ì†ΩÌ±©Ì†ºÌøª‚ÄçÌ†ºÌø´
FZZWMXKnen0 HO CONOSCIUTO CHIARA FERRAGNI Ì†ΩÌ∏ç
Ff2o0nCcLyM Ì†ΩÌ∫´Ì†ΩÌ≥≤WHATSAPP NELLA VITA REALE Ì†ΩÌ≥≤Ì†ΩÌ∫´ - 2 PARTE
G7aiccwdmCM 15 TYPES OF TEACHERS | MARYNA
GJBxwIJsCow ONE GIRL 11 VOICES | MARYNA
GQzLJW441w8 Ì†ºÌæâRAGAZZE A CAPODANNO : 20 TIPOLOGIE Ì†ºÌæâ
GRUeazrPTy0 MAMME A NATALE
GSHTBVNweHg Ì†ΩÌ∞£ Ì†ΩÌ∞∞PASQUA TOPÌ†ΩÌ∏ç vs FLOPÌ†ΩÌ∏±  | MARYNA
GactCWgFuho Ì†ΩÌ≤ÅÌ†ºÌøª GIRLS AND TV SERIES: 10 TYPES Ì†ΩÌ≥∫
GhqA4BGlLtE Ì†ºÌæÑÌ†ºÌæÖÌ†ºÌøª FACCIAMO L†ÜöLBERO INSIEME Ì†ºÌæÖÌ†ºÌøªÌ†ºÌæÑ
Gi5oOx_G-ss Ì†ΩÌ∏ç‚úàÔ∏èIL VIAGGIO DEI MIEI SOGNI - VLOG AD ALTA QUOTA ‚úàÔ∏èÌ†ΩÌ∏ç (Emirates Airbus A380-800)
GnCc8E16sEY Ì†ΩÌ≤áÌ†ºÌøª LE RAGAZZE DAL PARRUCCHIERE Ì†ΩÌ≤áÌ†ºÌøª
H1t088MN-PA LE RAGAZZE QUANDO FANNO SHOPPING
HGEhb2aU31Y ‚ù§Ô∏èÌ†ΩÌ≤ëLE RAGAZZE A SAN VALENTINOÌ†ΩÌπÖÌ†ºÌøªÌ†ΩÌ≤î
HIiya-PlZR0 POV : SEI IN PANETTERIA #shorts
HQu749M5q5Y Ì†ºÌæ¥Ì†ΩÌµ¥Ì†ºÌøª DILLO CON UN'EMOJI - EMOJI INUTILI (2 PARTE)Ì†ΩÌµ≥Ô∏èÌ†ºÌæ¥ | MARYNA
HS-SjkgYZK4 Ì†ΩÌ±ôIL TAG DEL BIKINIÌ†ΩÌ±ô | MARYNA
H_BzHnTN2gQ POV : SEI IN FARMACIA DURANTE LE FESTE #shorts
HsMdiL53_B0 Maryna - Cumbia Love (OFFICIAL VIDEO)
Hujyj73kI50 10 TIPOLOGIE DI FIDANZATI COSTRETTI A SCATTARE UNA FOTO ALLA PROPRIA RAGAZZA | MARYNA
I0CqT51h9o4 Ì†ΩÌ±ó 9 OUTFIT PER NATALE Ì†ºÌæÑ| MARYNA
IAVLsU43kz0 Maryna - Que Calor (Official Video Teaser) #shorts
IbM9TMQbxhw LE RAGAZZE E L'EYELINER AKA \
Ic3DnAaDPdA TIPI DI AMICHE
Ii7xiYxEx20 PROPRIETARIA DEL LIDO IN VERSILIA - PARODIA #shorts
IiFZ4N_pLZY LE RAGAZZE QUANDO SI LASCIANO : 13 TIPOLOGIE | MARYNA
JRS37YREvvo COME I RAGAZZI VORREBBERO LE RAGAZZE VS COME SONO REALMENTE | MARYNA
JmuENa4pb88 Ì†ºÌæ¨Ì†ΩÌ±©Ì†ºÌøª‚ÄçÌ†ºÌæ§INDOVINALO CON LE EMOJI - FILM, CANZONI, SERIE TV, VIP Ì†ΩÌ±±Ì†ºÌøªÌ†ºÌæ©
K1tGbUlHkDU Ì†ºÌæÅÌ†ΩÌ∏ç PRIMI REGALI DI NATALE Ì†ΩÌ∏çÌ†ºÌæÅ - #SPACCHETTIAMO INSIEME Ì†ΩÌ∏è
KXVVUB4ldP4 Ì†æÌ∂åÌ†ºÌøùTEMPTATION ISLAND VIP - TERZA PUNTATAÌ†ºÌøùÌ†æÌ∂å
KrDt_0P-jpU COMMESSA VICTORIA'S SECRET - PARODIA #shorts
LJr8yn7AYRQ Ì†ºÌæ§Ì†ΩÌ≤ÉÌ†ºÌøªGUESS IT WITH EMOJIS 2 - SINGERS, SONGS, BANDS Ì†ºÌæ∂Ì†ΩÌ±©Ì†ºÌøª‚ÄçÌ†ºÌæ§
LRotaW3ibW4 PARODIA TEMPTATION ISLAND : IL FAL√ì DI RUB√âN E FRANCESCA | MARYNA
LrVzI2iuBYo 10 TIPOLOGIE DI PERSONE SU TIKTOK
LtmaoF14ONA REGALI NATALE ASPETTATIVA VS REALT√†
N-V7KQsIFR8 I VOCALIST QUANDO RIAPRIRANNO LE DISCOTECHE #shorts
NFjIWiFIj1o ‚úàÔ∏èÌ†ºÌºçINDOVINALO CON LE EMOJI - BANDIERE, MONUMENTI, PAESIÌ†ΩÌ∑∫Ô∏è‚úàÔ∏è
NN7cA79pq-w LE RAGAZZE QUANDO VANNO AL CINEMA | MARYNA
NPRi8FmFhv4 PROF DI INGLESE - PARODIA #shorts
NZPbYAnjUSA CANTARE IN METRO | MARYNA
NvCC5VSmJpU RISKIA IL GUSTO - HO MANGIATO LA DENTIERA DEL NONNO Ì†æÌ¥¢
O1VIQIpTPKo PERSONE IDENTICHE A PERSONAGGI FAMOSI *SCIOCCANTE*
O4MwJSagLu4 POV : SEI DAL PARRUCCHIERE DURANTE LE FESTE #shorts
ODj0u6e_dr8 Ì†ΩÌ±çÌ†ºÌøª COINQUILINI TOP E FLOP Ì†ΩÌ±éÌ†ºÌøª
OKW8tyoO4gI COMMESSA DI H&M - PARODIA #shorts
PC5nwSWhuyM PROBLEMI DA VIDEOCHIAMATA
PDcYzj3tfNs Ì†ΩÌ∏≠Ì†Ω TYPES OF GIRLS WHEN PREPARING TO EXIT Ì†ΩÌ±óÌ†ΩÌ∏± | MARYNA
Q64KrdlH7U4 CASA FERRAGNIZ : #2 EPISODIO | MARYNA
QBM82zNYexc Ì†ΩÌ≤Å VITA REALE vs TELENOVELA Ì†ºÌæ¨Ì†ΩÌ≤É - TOP ADOROS | MARYNA
QIJB-N7S2Iw Maryna - Cumbia Love (Lyric Video)
QqIO4OZA_38 Ì†ºÌæ∂ LONTANO DA TE - LA MIA NUOVA CANZONE Ì†ºÌæ∂
R8TuJ60aT6w MI TRASFORMO IN REBEKA DI √âLITE Ì†ΩÌ∏è
RKCKeon62Kc LA DURA VERIT√Ä - RISPONDO AI VOSTRI PROBLEMI DI ‚ô•Ô∏è
RioDpGBkj2c COMMESSA FOOT LOCKER - PARODIA #shorts
RjbLvk-9v9I ASSISTENTI DI VOLO - PARODIA #shorts
RnVs63T47j4 THE EMOJI TO NEVER SEND TO A GIRL (2nd PART) MARYNA
Rt3rFwnqaQQ Ì†ΩÌ≥öÌ†ΩÌ±çÌ†ºÌøªLAST EXAM TOP & FLOPÌ†ΩÌ±éÌ†ºÌøªÌ†ΩÌ∏± - I TELL YOU MY EXPERIENCE
SUJ4kbY0Fto HOW OUR MOTHERS SEE US VS HOW WE REALLY ARE
Sf_dIyDuIP0 THE EMOJI TO NEVER SEND TO A GIRL | MARYNA
SjivJl_v6Tw LE RAGAZZE QUANDO PRENDONO IL SOLE | MARYNA
SlWIXiQnuHw Ì†ΩÌ∏±Ì†ΩÌ≤ÑHOW I PUT MY MAKE UP ON : MIDDLE SCHOOL, HIGH SCHOOL AND UNIVERSITYÌ†ΩÌ≥ö | MARYNA
SwY6DSPZTfI Ì†ΩÌ±®Ì†ºÌøª‚ÄçÌ†ºÌΩ≥Ì†ΩÌ¥• CLIENTI DA INCUBO AL RISTORANTE Ì†ΩÌ¥•Ì†ΩÌ±®Ì†ºÌøª‚ÄçÌ†ºÌΩ≥
T-df6-78-Io SONO STATA ADOTTATA? SONO SPAGNOLA? SONO RIFATTA? - RISPONDO A CI√í CHE PENSATE DI SAPERE SU DI ME
T260KlVYSR8 MY CHRISTMAS TREE - FIRST #VLOGMAS | MARYNA
TEiVm8DlhJM Ì†ΩÌ±±Ì†ºÌøª‚Äç‚ôÄÔ∏èMAMMA vs NONNAÌ†ΩÌ±µÌ†ºÌøª
TjziOyqoLEk AGENTE IMMOBILIARE - PARODIA #shorts
TlJHTKyt708 Maryna - Lontano Da Te (Official Video)
U8xAL-E1euc PARODIA TEMPTATION ISLAND : LA RESA DEI CONTI | MARYNA
UMo2w29SeBg TIPI DI PROF IN VIDEOLEZIONE Ì†ΩÌ±©‚ÄçÌ†ΩÌ≤ª
UP0dqNTVEso ‚ùìRISPONDO ALLE VOSTRE DOMANDE #AskMaryna | MARYNA
UnE0rTJWl6U Ì†ºÌ∑πÌ†ºÌ∑≠Ì†ºÌº∂ PROVIAMO SNACK THAILANDESI *STRANI* Ì†æÌ¥¢Ì†ºÌ∑πÌ†ºÌ∑≠
UnshuGNpzBk Ì†ΩÌ∏± THE WORST NEW YEARS EVE OF MY LIFE!!! Ì†ΩÌπà | MARYNA
V3ILdzprWbQ 70 ANNI DI SANREMO IN 9 MINUTI Ì†ºÌæ∂
VKCpK7FogRU Ì†ΩÌ∏± QUANDO UNA RAGAZZA INVIA UN CUORE AL TUO FIDANZATO Ì†ΩÌ∏±
VYhFq5CkWC8 Ì†ΩÌ∏©MIA MAMMA VS LA MAMMA DEGLI ALTRI Ì†ΩÌ∏ç
VhxXVWnSbL8 TYPES OF GIRLFRIENDS | MARYNA
VibDThnTpvM Provo prodotti beauty STRANISSIMI Ì†ΩÌ∏±Ì†ΩÌ≤ÜÌ†ºÌøª
Vtbcn1Rnm-E DISNEY RAP BATTLE : CENERENTOLA VS BIANCANEVE | MARYNA
VyeYMyLP5_w 40 LIES USED BY GIRLS | MARYNA
WIHKAZlG1Q0 POV : SEI ALLA 47ESIMA DOSE #shorts
WXNUht5VM7s Ì†ΩÌ±¥Ì†ºÌøªGrandparents' sentencesÌ†ΩÌ±µÌ†ºÌøª
WgSq1zLKTi0 Ì†æÌ∂åÌ†ºÌøùTEMPTATION ISLAND VIP - PRIMA PUNTATA Ì†ºÌøùÌ†æÌ∂å
WnJX3CALG0M Ì†ΩÌ≤Ñ MAKEUP PER LE FESTE Ì†ΩÌ≤Ñ
XBMeH0NZJ9o LE RAGAZZE QUANDO DEVONO LASCIARE
XKssQwEhL1M 14 CLOTHES EVERY GIRL HAVE | MARYNA
XkORdCz7_OA Ì†ΩÌ≤ÅÌ†ºÌøª‚Äç‚ôÄÔ∏èTIPOLOGIE DI RAGAZZE A SAN VALENTINO Ì†ΩÌπàÌ†ΩÌ∏Ç | MARYNA
YBfLzkl5RTA Ì†ºÌæâÌ†ΩÛûÉµ OUTFIT PER CAPODANNO Ì†ΩÌ∏èÌ†ºÌæâ
YE1xf7V9b3Y Ì†ΩÌªç HAUL SALDI - SVENDITA SEGRETA + MIAMI Ì†ΩÌªç
YJg7LwW3tkA Ì†ΩÌ≤áÌ†ºÌøª‚Äç‚ôÄÛæÉ¥ ACCONCIATURE TOP PER LE FESTE‚ú® | MARYNA
YVXIRMKbAos LE RAGAZZE E LE VACANZE
YViHhhNv5cw LE RAGAZZE QUANDO USANO INSTAGRAM STORIES | MARYNA
YbczHkMmbZY Maryna - Lontano Da Te (Lyric Video)
Ykk91OLqdxg Ì†æÌ∑û‚Äç‚ôÇÛæÉ∫LADDIN MEDLEY in 3 minutesÌ†æÌ∑û‚Äç‚ôÇÔ∏è
Yq37y6EuOzg Ì†ΩÌ≥öÌ†ΩÌπÖÌ†ºÌøª Excuses for NOT going to school Ì†ΩÌπÖÌ†ºÌøªÌ†ΩÌªåÌ†ºÌøª *ENG SUB*
YsGqELdAsgg COMMESSA NEGOZIO ELETTRONICA - PARODIA #shorts
YzfmUe7CeDg DISNEY SONG CHALLENGE con GIANMARCO ZAGATO
Z-5W4IMsKFY 10 TIPI DI RAGAZZE CON I TACCHI | MARYNA
Z6-TX21LqIU RECEPTIONIST HOTEL - PARODIA #shorts
ZNyvxu1fThc MY JEANS COLLECTION - PROVO I MIEI JEANS Ì†ΩÌ±ñ
ZOxH5b0s1Qw Ì†æÌ¥¨ 10 TIPOLOGIE DI RAGAZZE QUANDO PARLANO DELL'EX Ì†æÌ¥¨
ZP-i3nQX1SI MAMME PRIMA VS 2020 Ì†ΩÌπÖÌ†ºÌøª‚Äç‚ôÄÔ∏è
Zpr5nlKk_Gc GIRLS while doing their make-up | MARYNA
_QcxuksM1kU ‚ùÑÔ∏è LET IT GO (FROZEN) IN 10 LANGUAGES ‚ùÑÔ∏è MULTI-LANGUAGE VERSION Ì†ºÌºè
_dY6o1P2sCY Ì†ΩÌ∏° QUANDO IL TUO FIDANZATO METTE LIKE AD ALTRE RAGAZZE Ì†ΩÌ∏°
_h9sqBmtTx8 PROBLEMI DI CHI HA I CAPELLI RICCI Ì†æÌ∂î
_mYMpTJ9NQ8 IL MIO PERCORSO SU YOUTUBE - RISPONDO ALLE VOSTRE DOMANDE
_tiiBvW10QU Ì†ΩÌ±©Ì†ºÌøª‚ÄçÌ†ºÌΩ≥Ì†ºÌΩ∞UNA YOUTUBER IN CUCINA - CHEESECAKE AI FRUTTI DI BOSCOÌ†ºÌΩ∞Ì†ΩÌ±©Ì†ºÌøª‚ÄçÌ†ºÌΩ≥ | MARYNA
a0ElmUXd7Qo COSE CHE SOLO L' 1% DI NOI SA FARE
aSIGkryhSF8 7 TIPS TO NOT TO GET FAT DURING CHRISTMAS HOLIDAYSÌ†ΩÌ∏±Ì†ºÌΩñÌ†ºÌΩ§ | MARYNA
aSJDNjEb4Ds Ì†ΩÌ±Ø RAGAZZE SINGLE : 10 TIPOLOGIE Ì†ΩÌ±Ø
aUIMPDE8BiY LE UNGHIE PIU' STRANE DEL MONDO *SONO SCONVOLTA*
agYunN1ZN3g PROVO UN EVIDENZIATORE EYELINER E MOLTO ALTRO... Ì†ΩÌ∏è
ajeKSAbowR4 ANIMATORI TURISTICI - PARODIA #shorts
aoMDwmPxUkQ Ì†ΩÌ∏é LA MIA COLLEZIONE DI OCCHIALI Ì†ΩÌ∏é
aq7R2j5XWZU UNA YOUTUBER EN LA COCINA - TARTA SALADA | MARYNA
byvxGeAWRUc Ì†ΩÌ≤ÅÌ†ºÌøªÌ†ΩÌ∏° MAMME DI IERI vs MAMME DI OGGI Ì†æÌ¥¶Ì†ºÌøª‚Äç‚ôÄÔ∏èÌ†æÌ¥≥Ì†ºÌøª | MARYNA
bzQA8XKfy0I COMMESSA BERSHKA - PARODIA #shorts
c1k4CX-dfG0 Ì†ΩÌ≤ÅÌ†ºÌøª‚Äç‚ôÄÔ∏èLE RAGAZZE A NATALEÌ†ºÌæÑ : 12 TIPOLOGIE | MARYNA
cC5c0tX6rYU Ì†ºPODANNO : FAMIGLIA vs AMICI Ì†ºÌæâ
cmx4PDxwQao Ì†ΩÛúõúOSE CHE DICONO LE MIGLIORI AMICHE Ì†ΩÌ±≠
d-rNut0A7BA Ì†ºÌø† HOME ALONE - 15 TYPES OF GIRLS Ì†ºÌø†
dHrEBt0tpbs LOCKDOWN ASPETTATIVA VS REALT√†
dIczPTQNPic VI DEVO DIRE UNA COSA IMPORTANTE
dRf7f87ejyM Ì†ΩÌ≤ÑÌ†ΩÌ±Ñ PROVO TUTTE LE MIE TINTE LABBRA  Ì†ΩÌ±ÑÌ†ΩÌ≤Ñ#RipLabbra | MARYNA
dZlkCJ0EWsM Ì†ºÌæÑÌ†ΩÌπãÌ†ºÌøª‚Äç‚ôÄÔ∏è CHRISTMAS : SINGLE vs IN A RELATIONSHIP Ì†ΩÌ±´Ì†ºÌøªÌ†ºÌæÑ
daloiwIP9PE MAKEUP E ACCONCIATURE PER LA SCUOLA #BackToSchool
e5GqIF2sp0w GIRLS IN THE KITCHEN: 15 TYPES | MARYNA
eAHGe2HegMY Ì†ΩÌªçÔ∏è HAUL \
eBzeeEEJzmk LE RAGAZZE IN PUBBLICO VS DA SOLE
eFMq1cmLsbw Ì†ΩÌªç Ì†ΩÌ∏±SHOPPING ESTREMO A NEW YORK Ì†ΩÌ∏çÌ†ΩÌªç - #HAUL Settembre
eFlickCZnFo OUTFIT PRIMO GIORNO DI SCUOLA #BackToSchool
eN_hlMgCx-w Ì†æÌ¥¶‚Äç‚ôÄÔ∏èÌ†ΩÌ∏ñ 10 TIPOLOGIE DI RAGAZZE QUANDO SI FANNO MALE Ì†ΩÌ∏± Ì†ΩÌ∫ë | MARYNA
eP7dB4m2J6w 15 WEIRD THINGS GIRLS DO | MARYNA
eVhPiFx5J5o Ì†ΩÌ∏± Ragazze ANSIOSE Vs SCIALLE Ì†ΩÌ∏â
eZAcMuNVmfw TIPI DI NONNE
ephq7VRGvDQ TOP SONGS FROM 2010 TO 2019 IN LESS THAN 2 MINUTES
g1y6oKvqwQY Septemeber and the good resolutions | Maryna
gC_kn2nlwrI MAKEUP ARTIST - PARODIA #shorts
gDAejinYJBo Ì†ΩÌ±ÅPARODIA GRANDE FRATELLO VIP - LA FINALE | MARYNA
gKIiRLcU9GA TIPOLOGIE DI MAMME | MARYNA
geUY68n11ts GIRLS AND FLU : EXPECTATION VS REALITY | MARYNA
geasi3HMl5c Ì†æÌ¥¨ QUELLO CHE PENSI vs QUELLO CHE DICI Ì†ΩÌ∏Å
gp_dlpt2uUU PROF DI SPAGNOLO - PARODIA #shorts
hF_Bq-sLybY Ì†ΩÌ∏± PROVO TUTTI I MIEI FONDOTINTA Ì†ΩÌ∏± #BocciatoÌ†ΩÌ±éÌ†ºÌøª o Ì†ΩÌ±çÌ†ºÌøª #Promosso?
hGHwh3HBLlo Ì†æÌ∑õÌ†ºÌøª‚Äç‚ôÄÔ∏è HALLOWEEN MAKEUP - DISNEY VILLAINS Ì†ºÌæÉ (SECONDA PARTE)
hJT-DiRZE0Q L' AMORE E' TUTTI I GIORNI | MARYNA
hR8xjAQCrDA 10 MODI PER FARE PACE COL PROPRIO RAGAZZO | MARYNA
hVl9Q3B0sVE Ì†ΩÌ±´Ì†ΩÌ∏±SE I RAGAZZI SI COMPORTASSERO COME LE RAGAZZE Ì†ΩÌπàÌ†ΩÌ±´ | MARYNA
hYy6ZXOm_ZM Ì†ΩÛúïπ OUTFIT PER CAPODANNO Ì†ΩÌ∏èÌ†ΩÌ¥• | MARYNA
hzCKC6xaEwc ‚úàÔ∏è Ì†ºÌøñÔ∏èLE RAGAZZE QUANDO FANNO LA VALIGIA ‚õ∞Ô∏è‚úàÔ∏è
i5GzZ8m-4ng Ì†ºÌΩ£Ì†ΩÌ±©Ì†ºÌøª‚ÄçÌ†ºÌΩ≥ UN GIORNO DA SUSHI WOMAN Ì†ΩÌ±©Ì†ºÌøª‚ÄçÌ†ºÌΩ≥Ì†ºÌΩ£
iAABQyFTGrw MA CHE NE SANNO I RAGAZZI | MARYNA
iCLXuC8NFcU HOW GIRLS WAKE UP IN THE MORNING : 10 TYPES | MARYNA
iGj8YV0F2SI LE RAGAZZE ALL'UNIVERSIT√Ä
isRasQae674 Ì†ΩÌπãÌ†ºÌøªVIVERE DA SOLI vs VIVERE CON MAMMA Ì†ΩÌ±±Ì†ºÌøª‚Äç‚ôÄÔ∏èÌ†æÌ¥¶Ì†ºÌøª‚Äç‚ôÄÔ∏è
jJ_-7N8E7tk VIVERE DA SOLI VS IN FAMIGLIA
jXwXw3Ds5NE RADUNO CON I FAN A MILANO | MARYNA
jidwjW1TF6k LE RAGAZZE QUANDO SI TRUCCANO
jjuIZ80yq7w Does my mother really know me? - #AskNadia | MARYNA
k2sAlHFh5eI CRAZY SALES - HAUL July 2017 | MARYNA
kCrmzLdo8C0 COMMESSA NEGOZIO DI LUSSO - PARODIA #shorts
kIErTKloOuI Ì†ΩÌπÜÌ†ºÌøª Types of cousins Ì†ΩÌπÖÌ†ºÌøª‚Äç‚ôÇÔ∏è
kQGEeulb-RY Ì†ΩÌ±≠Ì†ΩÌ≤ÅÌ†ºÌøª AMICA vs MIGLIORE AMICA Ì†æÌ¥¶Ì†ºÌøª‚Äç‚ôÄÔ∏èÌ†ΩÌ±≠
kXdtvEM8V1Q PERSONE IDENTICHE A PERSONAGGI FAMOSI *SONO SOTTO SHOCK*
kqMwr-lTqYQ BIG BROTHER VIP PARODY| MARYN
kuOv-ElpK7s Ì†ºÌøùÔ∏èÌ†æÌ∂åTEMPTATION ISLAND - ORONZO, GEMMA, VALENTINA E IDA Ì†æÌ∂åÌ†ºÌøùÔ∏è
lOtj6nJTGSQ HAUL AUTUNNO 2017 | MARYNA
lb7ucuT6PC8 DISSING FEDEZ - GUE PEQUENO - MARRACASH | MARYNA
lgqFxzDMbp0 Ì†ΩÌ±©Ì†ºÌøª‚ÄçÌ†ºÌæ®Ì†ºÌæ® DIPINGO UN QUADRO BENDATAÌ†ºÌæ®Ì†ΩÌ±©Ì†ºÌøª‚ÄçÌ†ºÌæ®
lqGwOxcKF_8 HALLOWEEN PRIMA VS 2020 Ì†ºÌæÉ
m76QV7B7DQE LE RAGAZZE DALL'ESTETISTA
mGXTKOdvQJA Ì†ΩÌ±ÅÔ∏è PARODIA GRANDE FRATELLO 15 Ì†ΩÌ±ÅÔ∏è - PRIMA PUNTATA  | MARYNA
mSA1tw3Utb0 Ì†ΩÌ±ÅÔ∏è PARODIA GRANDE FRATELLO 15 Ì†ΩÌ±ÅÔ∏è - SECONDA PUNTATA | MARYNA
mTZQKASgEoU LE RAGAZZE SU SNAPCHAT (PRIMA PARTE) | MARYNA
mYQDaMxRUrM 10 COSE DA FARE A CASA Ì†ºÌø†
mdo8DATCTVs Ì†æÌ∑õÌ†ºÌøª‚Äç‚ôÄÔ∏è HALLOWEEN MAKEUP - DISNEY VILLAINS Ì†ºÌæÉ (PRIMA PARTE)
mjnr1VCY_qI PARODIA TEMPTATION ISLAND | MARYNA
n4mseEifV9U FINALMENTE VE LO POSSO DIRE...
o3dzYWs4zEI LA BIDELLA - PARODIA #shorts
oCQ88FG2jTA Ì†ºÌæÑÌ†ΩÌ±ßÌ†ºÌøª NATALE PRIMA vs ORA Ì†ΩÌ±©Ì†ºÌøª‚ÄçÌ†ºÌæÑ
oKkj07iCirw UNA YOUTUBER EN LA COCINA - PANCAKES AMERICANOS | MARYNA
o_UD2xmc-28 Ì†ΩÛú°éVERYDAY MAKEUP TUTORIAL Ì†ΩÌ≤ÅÌ†ºÌøª‚Äç‚ôÄÔ∏è | MARYNA
pGS8DX6KSj0 PARODIA TEMPTATION ISLAND : SECONDA PARTE | MARYNA
pNo_C51JN-Q 10 KINDS OF SINGLE WOMEN | MARYNA
pOxhUS7ydWw Ì†ΩÛúïµ OUTFIT PER IL PRIMO GIORNO DI SCUOLAÌ†ΩÌ≥ö | MARYNA
pVk9vKHPAXc ‚ù§Ô∏è QUELLO CHE SUCCEDE QUANDO INCONTRO I #MARYNERS... Ì†ΩÌ∏≠ | MARYNA
ppehSVpxt6Q Ì†ΩÌ∏±Ì†ºÌæÅ 10 TIPI DI REGALI DI NATALE Ì†ºÌæÅÌ†ΩÌ∏±
pzPoPYgTuE4 TIPI DI PERSONE QUANDO MANGIANO
pzWIbHGeb-8 Ì†ºÌøùÔ∏èÌ†æÌ∂åTEMPTATION ISLAND - ORONZO LO STRONZOÌ†æÌ∂åÌ†ºÌøùÔ∏è
q-McIBS1qdo LE RAGAZZE IN INVERNO : ASPETTATIVA VS REALTA' | MARYNA
q4vEF68uM3I COMMESSA NEGOZIO DI PRODOTTI PER L' 'IGIENE PERSONALE - PARODIA #shorts
qAqb5eQscsk RAGAZZE SINGLE A SAN VALENTINO Ì†ΩÌ≤î
qRFA_H7oL84 Ì†ΩÌ∏± PHRASES NOT TO BE TOLD ON THE FIRST APPOINTMENT Ì†ΩÌ∏±
r2GEObBKIzM TIPOLOGIE DI STUDENTI DURANTE LE VIDEOLEZIONI
r9kThYWMteY Pov : spesa al Nord vs spesa al Sud #shorts
rqZ14ZdoUkY SE A CAPODANNO LE DISCO FOSSERO APERTE
rsaoX-xcE-0 Ì†ºÌæÖÌ†ºÌøªÌ†ºÛü≠ÆVOLUZIONE DELLE CANZONI DI NATALE Ì†ºÌæ∂Ì†ºÌæÖÌ†ºÌøª
s-09vyybjbw 12 THINGS GIRLS HATE | MARYNA
s6PWJuKL_Jg HOSTESS DI TERRA - PARODIA #shorts
sEVMR2Okfzs IF YOUR PHONE WAS A PERSON | MARYNA
sKuXKtXr4iI CASA FERRAGNIZ : #1 EPISODIO | MARYNA
sQtqV6DUg68 STUDENTI ONLINE
sUVfZo-r4-4 Ì†ΩÌ≤ãÌ†ΩÌ≤ÑLA MIA MAKEUP COLLECTION - BEAUTY ROOM Ì†ΩÌ≤ÑÌ†ΩÌ≤ã | MARYNA
sc5Nf0X-0g8 reaction's to my old photos
t4exAlLCKeY LE RAGAZZE AL MARE
tN3--iZiDmE ‚öΩÌ†ΩÌπãÌ†ºÌøª LE RAGAZZE E IL CALCIO - 10 TIPOLOGIE Ì†æÌ¥∑Ì†ºÌøª‚Äç‚ôÄÔ∏è‚öΩ | MARYNA
tOIYhLKtMSc LE RAGAZZE QUANDO PARCHEGGIANO | MARYNA
tVSE4Dk1yJY PROVIAMO 24 SNACK DEL CALENDARIO DELL'AVVENTO *POTEVA ANDARE MEGLIO*
tYEybkrCls0 Ì†ΩÌ±ªÌ†ΩÌ∏° SE IL TUO EX FOSSE UN FANTASMA - COME DIMENTICARLO PER SEMPRE  Ì†ΩÌ∏≠Ì†ΩÌ≤î | MARYNA
ttv40AI6fC4 Ì†ºÌøùÔ∏èÌ†æÌ∂åTEMPTATION ISLAND - #VERZA, #IKEA e MOLTO ALTRO... Ì†æÌ∂åÌ†ºÌøùÔ∏è
tygBlujlyMQ Ì†ºÌæ¨NEW YORK E LE SERIE TV: VI PORTO A VEDERE I LUOGHI DELLE VOSTRE SERIE PREFERITE
u2yLFaN8ukE FRUTTIVENDOLA - PARODIA #shorts
uTUe4xaVsC4 VITA DA COINQUILINI Ì†ºÌø†
ubgNEArioCs MARYNA - QUE CALOR (Official Video)
ujzuRRaS7FM COME STO VIVENDO QUESTA SITUAZIONE
um6eOqMQucc Ì†ºÌΩÅÌ†ΩÌªç HAUL AUTUNNO 2018 Ì†ΩÌªçÌ†ºÌΩÅ Ralph Lauren - UGG - Maje - Zara..
ut--sqUJIjU Ì†ºÌø°Ì†ΩÛûÉä CASA MIA vs A CASA DEGLI ALTRIÌ†ΩÌ∏±Ì†ºÌø° | MARYNA
uy9j2HJgr8g Ì†ΩÌ±ßÌ†ºÌøªÌ†ΩÌ±©Ì†ºÌøºI PARENTI A NATALE : 20 TIPOLOGIE Ì†ΩÌ±®Ì†ºÌøªÌ†ΩÌ±µÌ†ºÌøª | MARYNA
v0EeZWe-wH4 ‚úÖÌ†ΩÌ≥≤ WHATSAPP NELLA VITA REALEÌ†ΩÌ≥≤ ‚úÖ
v4BuEEM4-As I'M BROWSKING WITH YOU MY OLD DIARIES | Maryna
vHqKZ3GDVtw LE RAGAZZE QUANDO FANNO L'ALBERO DI NATALE
vVYJ9fP2iV4 INSEGNANTE DI DANZA CLASSICA - PARODIA #shorts
v_w4DlbqIXc Ì†ºÌ∑∑Ì†ºÛùæ£ DAYS IN MOSCOW Ì†ºÌ∑∑Ì†ºÌ∑∫ All you have to visit
vgIDeq0nocI Ì†ΩÌ≤ÅÌ†ºÌøª‚Äç‚ôÄÔ∏èPELLE PERFETTA IN POCHI PASSAGGI Ì†ΩÌ≤ÅÌ†ºÌøª‚Äç‚ôÄÔ∏è
vmLggniIs9Y Ì†æÌ¥¨LE 10 COSE DA NON DIRE MAI AD UNA RAGAZZA Ì†ΩÌπâ | MARYNA
w2LR7XUlzvc LE RAGAZZE E LA MATURIT√Ä
wDbU0mv8ZnU Ì†ºÌæÑÌ†ºÌæÅ TIPICHE FRASI DI NATALE Ì†ºÌæÅÌ†ºÌæÑ
wQaf7ej-3JU DISNEY RAP BATTLE : ARIEL VS BELLE | MARYNA
wVAT8wlHyPc Ì†ΩÌπãÌ†ºÌøª TIPOLOGIE DI COMPAGNE DI CLASSE Ì†ΩÌπãÌ†ºÌøª
wXcXj16t3Co Ì†ΩÌ±´ 10 TIPOLOGIE DI COPPIE Ì†ΩÌ±´
wphVu2zwcx4 BE 18 YEARS OLD : EXPECATION VS REALITY
x3tz5uCKxl8 WHAT GIRLS LOVE TO DO TO THEIR BOYFRIENDS... | MARYNA
x5kOb-evTf4 HOSTESS TRENO ALTA VELOCIT√Ä - PARODIA #shorts
xGk2yHj96M8 Ì†ΩÌ±©Ì†ºÌøª‚ÄçÌ†ºÌø´Ì†æÌ¥¨ LE FRASI DEI PROF Ì†ΩÌ∏±Ì†ΩÌ≥ö
xTTYgbswAnM LE RAGAZZE QUANDO ARRIVA IL FREDDO | MARYNA
xXf5d9lX3TE Ì†ºÌæ§ 2017 SUMMER SONGS IN LESS THAN 3 MINUTES | MARYNA
xugU4WUAmGM Ì†ºÌ∑ØÌ†ºÌ∑µÌ†ºÌΩ°PROVIAMO SNACK GIAPPONESI DISGUSTOSIÌ†æÌ¥ÆÌ†ºÌ∑ØÌ†ºÌ∑µ
xzCaFWmXr_0 MI RICOSTRUISCO LE UNGHIE DA SOLA *PANICO* Ì†ΩÌ≤ÖÌ†ºÌøª
yhoOUHykzPQ LA GELATAIA - PARODIA #shorts
ynz3mjcaQAc GIUDICE PER THE MUSER BATTLE ITALIA | MARYNA
z2VPEVGPXZA Ì†ΩÌ∏è SE LA PIGRIZIA FOSSE UNA PERSONA Ì†ΩÌ∏Ö
z8X9jttxZFQ LA MAMMA RICCA AI COLLOQUI - PARODIA #shorts
zRh-zYT1Vbo Ì†æÌ¥¨Ì†ΩÌ∏í LE FRASI DELLE RAGAZZE GELOSE Ì†ΩÌ∏±Ì†ΩÌ∏á | MARYNA
zW4gKyhyrFU POV : SEI UNA SOTTONA DURANTE LE FESTE #shorts
zc5ri4jSY7s TIPI DI PERSONE IN QUARANTENA
zvGWF41T9GI Le frasi della MATURIT√Ä Ì†ΩÌ∏±Ì†ΩÌ≥ö
