-2vmcC3hwzs RECENSIONE FILM - Monster
-SZ_tmbossA \
-T_sXOGxhhA I Love You FUNZ
-ZwP6_a5dtE RECENSIONE FILM - House Of The Dead
-auXvJzzPTo RECENSIONE FILM - Skeleton Man
0JacHKMSAME \
0azi6gK7Nyc RECENSIONE FILM - Little Panda Fighter
0cf5far5GWY RECENSIONE FILM - Metal Man
0hFlk6kzxAo SPECIALE - Vincitore 3° Concorso
0ips21GxS4k RECENSIONE FILM - Robotropolis
0ooOvGYUtzk \
0va1kYTMhDs RECENSIONE FILM - Supaidaman (Spider-Man Giapponese)
1HqpT_rE7Bc SPECIALE - Concorso & Ringraziamenti
1Jbj_8v9JZE Il primo episodio di Striscia la Notizia
1_3_ICGkh3U In Poche Parole
1t30aLRk10U Fine Prima Stagione & Studio Tour - The Late Show con Karim Musa | S1 Ep. FINALE
2-7bvJf1ZiA MOSTARDA - Aggiungi un posto a tavola
2QrQ5o9xVa0 WEB RADIO - CookingCakeShow / Cucina
2_X8BkaQ9lc MOON - Come Resettare la Creatività
2byUGNr40Ak RECENSIONE GIOCHI - E.T. L'extraterrestre (Atari 2600)
2kDpfCJH8t0 RECENSIONE FILM - Elves
2tBwsJ-SCSg I Tre Giorni del Terrore - The Late Show con Karim Musa | S4 Ep.4
3U13wfZyS7c SPECIALE - Piccolo tributo a Michael Jackson
3ca3AQWbqws RECENSIONE FILM - Mega Piranha
3fC-tugZU20 \
3uMFYJ14k94 RECENSIONE FILM - Transmorpher
49G7Lh2g67c RECENSIONE FILM - Dragonball The Magic Begins
4C1fEyDU3Rw RECENSIONE FILM - Troppo Belli
4PrRxxoEkPA RETROSPETTIVE - Super Mario [Parte 1]
4cOMVRKnG50 CORTISSIMO - Il Grande Fratello
4jxrTJAPps8 BEVIAMOCI SU con Danilo \
4oCF678_pD8 RECENSIONE FILM - Killer Klowns From Outer Space
4t27l6YmJLc \
5SO74JwplaI SPECIALE - Vincitore Concorso [Parte 1]
5s55vaMax8w SPECIALE - Telefilm [Parte 2]
6P4vj1egmlg \
7Zjtc9xBE3Y \
8eEIy01mX6g MILIONE #3 - \
8nI2snr37Is CORTISSIMI - Episodio 3
9awNR_tR96I \
AaEjnwCcOD8 RECENSIONE FILM - Birdemic
AbL05U7WStI Piccoli Brividi - \
Ar8C5q0l6Z0 Il devastante ABISSO dei dvd per bambini
BZ-rX48fKbA GROTTO: Il film di cui non ho mai parlato
CUJORYouCtk FINALE - La Mia Storia
CpRoSMX6NfI COMICON di Napoli 2014
Dox31QZ1QNU Francesca Michielin e l'arte dell'essere Donna - The Late Show con Karim Musa | S3 Ep.6
E16VEhWKKoc \
EI5Xm7_o2iU Il Merchandise dei Me Contro Te
ESYC3f7jdAs CORTISSIMO - Il vero orrore
EVUArU3mJag RECENSIONE SPECIALE - 100
FE0cahIEdm4 \
FOB6fcNI79c CONFESSIAMOCI - Game Of Thrones
FbGLQCw7xbY RECENSIONE FILM - Natale in India
FnI9iqEaL5I \
GJA3TQIua7M IN POCHE PAROLE 3 - A volte ritornano
GVSncxlRWNw VLOG - Mantova Comics & Games / Robe varie
GXMnHM29wtY RECENSIONE FILM - La croce dalle 7 pietre
H3L3KzMfrOM A Natale, regala un Santo! - The Late Show con Karim Musa | S3 Ep.7
H3mGS1X2Oo0 Hai visto La La Land? - The Late Show con Karim Musa | S2 Ep.9
H5nbYHIWVXI Un passo indietro, poi sempre avanti.
HEm_ulGruVA La mia \
HGlNkEBojb8 RECENSIONE FILM - Avatar
HWFWi-LrGcM Favij's therapy
IEYJWZqtBJQ Una \
J0DnSau0bO0 SPECIALE - Superpoteri
J8gDNgp4kNE CORTISSIMO - Prove di Air Band
JQIjmIsHdj8 \
JTgvOn1XXec SPECIALE - Concorso & News
JaFewo9ml0s MOSTARDA - Fuga Di Cervelli
KL73tiI7AiM WEB RADIO - iPantellas / Mondo Youtube
KuGxCZpD65k Adobe after effect short movie
Kwdja-yyk5Q RECENSIONE FILM - Troll 2
KwzMRxAGpkc BEVIAMOCI SU - \
L9NMyaRG3UI RECENSIONE FILM - Sharkman
LS4x0JmXdZ8 MOSTARDA - And the Oscar goes to...
LdPf4kd9qzA SPECIALE - Lost
Lv36agD7Tfo Sad moment from scrubs
LyvA2WvgP4A The Marvel Cinematic Universe in a Nutshell [English Subtitles]
M15DvQ2Rijo RECENSIONE FILM - Dragonball Evolution
M8hCF50zkK4 GODZILLA - \
M9mTwPzNQ7I Lettera Aperta ad Aldo, Giovanni e Giacomo - The Late Show con Karim Musa | S2 Ep.7
MMU2iUM3OYY Tutto è nato da una ricerca
MOqzAWllu-k RECENSIONE FILM - Boa vs Python
M_-k3p16E9g SPECIALE - Barcellona 2009
N625WFiL_J4 SPECIALE - Due trucchi di carte
N87e6WLMPgE RECENSIONE FILM - Zombie Nation
O7NthBNxnfE MOSTARDA - Season Finale
OIk454qVquA RECENSIONE FILM - Jesus Christ Vampire Hunter
OTJFJe82Tr0 RECENSIONE FILM - Attack of the beast creatures
PaA20bbnNb4 RECENSIONE FILM - Zombie 3
PndY935FLhU CORTISSIMI - Episodio 5
QGwDRfznefo RECENSIONE FILM - Yeti
QbCCjhqjYc4 RECENSIONE FILM - Mac and Me
Qjdp8n8QHe4 \
QmAFENS-uxk RECENSIONE FILM - Creepozoids
R3_UF6Dw8CM RECENSIONE FILM - Titanic 2
RBKIS6m7vGA ♥TAG - Cosa c'è nel mio Smartphone?♥
RO56GGl6KjE RECENSIONE FILM  Shark Attack 3: Megalodon
ReRAzkVQuhs CORTISSIMI - Episodio 2
SMJtx0w66tI \
SjDp4idsPYw RECENSIONE FILM - Sharknado
SnDFNkiezzM CONFESSIAMOCI - How I Met Your Mother
TKfpP97UaaM Drawings - by M. Stefano
T_TOiJSxAH4 MOSTARDA - Primo
Twz_ohNwkzQ ▌▌PAUSA - Mila e Shiro
UDNgmLrj5mc CORTISSIMO - Youtube Italia in 4 Parole
UWrC8x06Agg RECENSIONE FILM - Komodo vs Cobra
UohUQUuF7PI MOSTARDA - Verso \
V2cnwyeodjs RECENSIONE FILM - Manos: The hands of fate
VNMVX2vINHM MOSTARDA - Messaggio Promozionale
VUnlExZ-WsI RECENSIONE FILM - Speciale Asylum
ViYlsdbZlFY L'incredibile canale Youtube della CRAI
VjAc1dHGMLc Adrian: An Italian Mystery
Vm9Ddgsx9Go RECENSIONE FILM - RoboVampire
VrK1NxxX83Q RECENSIONE FILM - Quattro carogne a Malopasso & Grazie Padre Pio
W66xtChKS_I Make \
W9-Unfwq2TM SPECIALE - Telefilm [Parte 3]
WGzbNvxPtnk THE LATE SHOW - Teaser
WPsnezDpqFs SPECIALE - Fine dell'anno
YrMIWjKMdc8 RECENSIONE FILM - Plan 9 from outer space
YwqEsYs8Zms SPECIALE - Ringraziamenti & Sorpresa
Z2KrpawiMX0 RECENSIONE FILM - The Sisterhood
ZfrrpESVUAg A (Kamehameha) wave of memories
ZhZ11GOjKjI \
ZoR9k_V1r1g ▌▌MINIPAUSA - Crilin è morto, viva Crilin!
a0hSTCsvkoo CORTISSIMO - Pubblicità progresso (Facebook)
a2aEkdYiN5E RECENSIONE FILM - Recon 2020
aD5ZSNNwi84 Sono diventato TikToker per due mesi
aJ9JqOuPGrI L'anteprima di Amici Come Prima - The Late Show con Karim Musa | S4 Ep. FINALE
aQWr60Jp8sU RETROSPETTIVE - Super Mario [Parte 2 - Finale]
aWJnLO3fkDI IN POCHE PAROLE 2 - Revenge of the Telefilm
aZto7CIijPg CORTISSIMO - Come tutto ebbe inizio...
b-3TJXxwffw RECENSIONE FILM - Primavera di Granito
bBabnEDM2ts \
bbF8fdnkars Ho fatto Street Photography per una settimana
c0TaVz9bcY8 SPECIALE - Speed painting [Spawn]
c4MKIckxWKQ ▌▌PAUSA - Biocombat
cD1J4ZQxu3k RECENSIONE GIOCHI - Xbox [Parte 1]
cFflk10u8Hs RECENSIONE FILM - Top 10 Esplosioni
cjYO2GuZJd4 MOSTARDA - Canis Canem Edit
clYHshj6VyU \
dCdH5vZuV5E BEVIAMOCI SU con J-Ax - The Late Show con Karim Musa | S4 Ep.5
dW9fnv9Brpk CORTISSIMI - Episodio 1
e4J8KKj69ew RECENSIONE FILM - Violent Shit 3
eDUzmkxQ6FI Ho comprato il videocorso di Wanna Marchi
eoaobnFN3kE CORTISSIMO - Mind [Concorso di Sistiana]
ewx2dgRjceY Sono andato sotto copertura alla Games Week
f0zaDeYOaf8 Un Piccolo Disguido
fkXiZlINTs4 RECENSIONE FILM - Hercules
fklOuMfmeP4 SPECIALE - Telefilm [Parte 1]
fqmZ-ialaIs SPECIALE - \
gMnTRkqqWV0 RECENSIONE SPECIALE - Rat-man
gOMAp6wHKLI RECENSIONE MANGA - I miei preferiti
gPG5UV71nxQ \
gU-cqyx2Ofo RECENSIONE FILM - Mega Shark vs Giant Octopus
gWeHmYe2H-c RECENSIONE FILM - Primal Park
gdFg43bQZ_c Quel film che racconta la storia del \
gr73Xn3iVY8 RECENSIONE GIOCHI - Giochi Online
hCSM_iIGKB4 RECENSIONE GIOCO - BIG RIGS
hDMi1zcAlHA LET'S DRINK ON IT with Fabio Rovazzi
hVl6LvwYdEU RECENSIONE FILM - AlbaKiara
hZe7WgpWYNA Tutto Il Resto
hcrhrB77i30 MILIONE #2 - \
hoym9b9JcSc RECENSIONE FILM - Disaster Movie
hzvBmIDpKU8 SPECIALE - Itasa
i7dq-IQDvSk \
irtnbvIgZK8 RECENSIONE FILM - Fist of the North Star
itsBt5Rd8vw RECENSIONE FILM - Megashark vs Crocosaur
jCp8pbb2lLE RECENSIONE FILM - Spider-man 1969
jPBX_npOmQQ SPECIALE - Intervista a Yotobi
js8PV9FtvqU Il Mistero della \
k4W-3PiceQw Il DVD che ti assicura un posto all'inferno
kzbzXwsqbOQ \
l3DwWi-Ocxc WEB RADIO - Disegno/Fumetto Italiano
le5azdhvC78 MOSTARDA - Recitare in un Romanzo Criminale
lncD1UdFBvM Che fine ha fatto Adam Kadmon?
lsmr6o_vEQY RECENSIONE FILM - Blood Freak
mO6CCJu4YEc RECENSIONE GIOCHI - Xbox [Parte 2]
mXxLQn7DqVY LET'S DRINK IT ON - Yoshim
mZQ9_wRkjQo La Torino Esoterica
mqU0kHJYeJU HALLOWEEN - Brividi, ma piccoli. - The Late Show con Karim Musa | S2 Ep.4
myLgU0xxThk SPECIALE - MADE EXPO 2009 (Milano)
nMv6jz4b4rQ SPECIALE HALLOWEEN - Il peggior film horror mai fatto
o5sqPlP7etg ▌▌PAUSA - Pokémon - The Late Show con Karim Musa | S2 Ep.1
oFNepriOM1E Shade tra Freestyle e Doppiaggio - The Late Show con Karim Musa | S3 Ep. FINALE
oRSLgk50BtE RECENSIONE FILM - Top 3 preferiti/2008
ok0MDdFxc2M RECENSIONE FILM - Deadly Prey
p6jv5lDpSh8 \
pvSGiJgiyAY CORTISSIMO - \
qLl7j-vmI70 \
qU_7poYjFIY RECENSIONE FILM - Star Wars Turco
qYtsYVjHnU4 DARKANGELCRAFT - Storia di un canale emergente
r1-VWZvoBHg ▌▌PAUSA - Tutti in Campo con Lotti
r1frgjzkj6Q RECENSIONE FILM - Le Notti Del Terrore
r2NMD-Mcr-g \
rJ7AjHED2eA CORTISSIMO - Make-up
rZDgjsEGa8Y RECENSIONE FILM - Van Helsing Dracula's Revenge
rd1kKNNN5HI RECENSIONE FILM - Robot Holocaust
riu8roXyyrc CORTISSIMI - Episodio 4
rmppuYvZTuQ RECENSIONE FILM - Parentesi Tonde
s2S7azJXDEc CORTISSIMO - Dammi i soldi!
s49rdZMJRT4 RECENSIONE FILM - In The Market
sRPn5HDH7s8 RECENSIONE FILM - BATMAN [Parte 1]
sZwr38yQYfY DISEGNI - Dal più semplice al capolavoro
t6ye9ZSLyLQ SPECIALE - Vincitore del secondo concorso
t7Hi3d-XfV4 ✩✩✩#CHALLENGE: challenge di challenge!✩✩✩
tAPSSmwRrCA RECENSIONE FILM - Ratatoing
tJE2QpMXS38 ▌▌PAUSA - Tartarughe Ninja alla Riscossa
tOBgRD5SISc SPECIALE - Vincitore Concorso [Parte 2]
tyoMwJRi3pk La mia Capsula del Tempo
vQF49alAHI0 RECENSIONE FILM - Carnosaur
vaXIeE14SmI MOSTARDA - Salsa di pomodoro
vm8kUBmNsFU RECENSIONE FILM - Dark Resurrection & Philanthropy
w830f7r3awI MILIONE #1 - \
wL0J7iqeE5w THE LADY - Una donna per cui uccidere
werztDVqWYw RECENSIONE FILM - Undefeatable
x1J-KhJWjJw I have something to tell you...
xcxR_xIttMI THE TOYS ROOM - \
xq10R0wvq7s RECENSIONE FILM - Rambo Turco [Korkusuz]
xu4Ev6Qqiz8 BEVIAMOCI SU - \
y6Leor-IBWE \
yXfQjDSlf_k Il (non) politically correct di Nonno Felice
ybYUBclGP8E RECENSIONE FILM - Birdemic 2
zIdCuN3eT80 The Late Show Con Karim Musa | S1 Ep.1
zNtF7YK5H9c RECENSIONE FILM - Riki Oh
ziewbgH_dnM MOSTARDA - Cari Italiani
zm2-w7BBwdU RECENSIONE FILM - L'uomo Puma
