-A6p1YRVQiw
-FCVUjwbusg
0EnHOxOwZLY
0GxeYAArTTk
0kUlefQLY08
0vDbccCg6EI
16o9PzEbp6g
1SZCzyl9YQY
2DomNP-n-Z0
2DwhYsdYtjE
2IL8P1dIPQY
2KHspdS-ZvI
2rY0ja1VKoA
3TMEHt4PZQo
3XverypwVkc
3_eqdcRjB_Y
3uxb3UHFN3o
4ND6PYMsiig
4UBRH33lAWI
4lRqhmJChMA
5ORPIu0pxjI
5S2cgKaPOUU
5ewVGpSsjsE
5tfBoqIuwxg
5zjSEhdEbHk
62mp7QA-O1E
6EDlO2MUVZc
71Z6S4p41uU
7495v6gZuvI
78DEf4ZRaxE
7TPDxB-F-Zg
7W8_4YhVh34
7oV4M_5mFXY
92XCBSy_x4I
9EIxhi_7KO8
9UGny6PXIXs
9_uFupMtCqE
9bjLyg9hVn0
9gsPeVMtPuo
B1iXsbw7f0w
B3onQP2jtAc
BLDNUA5F0vE
BnaTJrxVMI0
C6fvB0KgG9I
CCdwJ4XPFow
CKSL8C1iWLY
C_x6BgAzZF0
CwPwkbjbm00
DnsqRu4l9cU
Ec4D4nM0xfU
EcXphwkgmNM
EonHHLxLcjs
ExAEftp1bfc
FP2NbM3QGzQ
FdtbiKR6FtM
Fld8kslohaA
FwCmMWl4RQU
G-glU1MFMyo
G4U74M4gOmY
G5u_TfLHca8
GRBsUFpYsq8
GSBRxE_hnmI
GSW2OOEMhu0
GSeZAHMpeWU
GUDDbv153VE
Gd7cjMzEHqo
GkD-IoJYjA8
GoPzaBOR8M8
HENf5zeoyho
HUKkU2xrT-E
I8rJ5Pz0m6U
In75wANnms8
IqKwbWiOD5Q
It78OGfCfjs
ItEINWYhPHc
JSVIe4v9aJA
JV_F-I2zBgE
JfzFgCoClQc
K0OEW4yVaCY
KKK39hnCiGg
KTKV3tsEDwc
KnJWyzYjg0U
Kr5TwcaxOs4
Kz7J8xIj3sM
L5fHUCgAWH0
Lge8ayMWmOk
LkqWMng9RFE
MNIDTpl4qnc
MZH0tICPhoQ
MqHEriQhhGE
Mt3njoJqyjc
NFUWp73YaKQ
NH8L0OOtdas
NfTpiP0RIdI
Nv7or32F-OA
OIROtH5ZRHI
Ogx_g8bOXa0
OkuLGezGqVk
P-t_44g_VKA
PHI8ygLaVzg
Qfwsojndjxk
QwEDgEaduOk
R6pdnzjJ_5k
R7U26gEs9AM
RHm8uNZzln4
RRRpKBfC5E0
RbnvZWLKLzs
Rp0lHNy8pck
S-bHavRBz6s
S8oH696_uBk
SDnj0n805uA
TlyQ6gE9vMI
Tt0WFapYo5Y
UzbWG2UEuuI
V0S8FVVmXyk
VHXo8v_x_1I
VXBMOC3Xddk
VwKJ52LFyfY
W6HsynJZzWQ
WYvSUTWORew
WkmUCmt4GPg
X2PlSU3_AFM
X9WU4NQMYCI
XNn1GehbQOE
XXQ4ZsmJIRs
XwhgNk8jm3w
Y5WuIp9LbFM
YRdPtj8SbMg
Y_C9pnWlW-w
YcJpATIc4rk
Z2_SuANhehg
ZGNdCYnBW3A
ZHeLL2eN9kU
_RRV1eWAFd4
blPMp8aHxDo
bprhVFaWjDw
bzMqGQm3wZg
c3tqBswPZBs
cOHRE0yMpJQ
cezDzDyYWZE
cf1ZBk9f4So
cy6Gh3pbisg
dKZL1PZJmPg
dSr75RVfsKE
eIn4yA5KjyY
edQu3q0_eXA
ezqqX3Q90f8
f8pSGv92pbM
fCtqcWgj-Ts
fShDvKg7ZNU
fSt72x_FYSg
g9ImvjToQT8
gS3oBLR92zo
gV6tH7PCxuU
gVOq7Sb3vGY
gbgydhpDaSE
goN7vXL6d_I
gvArV2bEje8
hRR4yRLF2pw
hgkKiS1i3vM
hpS5DiFk-hI
huexCzybB00
i2UErR_-KBs
iNZOrPBpnp4
iSp30qQVYno
iWx3Bn_v4aM
jC6G1pfw4yE
jMKMc_1SZWo
jXX5omsdNCo
jfbMoxmsdW8
kD66pCL4vLc
kX1CpiQwMRg
kfD0p4os4vY
krcFjdaGgms
lA31BRIu-0c
lwoIPA6f2gg
mBTqokQmZNQ
mEqSYyFJMqE
mJAv-1Axiuk
m_tfD82Z1tY
mwGtNL96j-4
myGYCxaq87M
nKdCTcGmhlQ
nLpetsl12KM
nTWp1gFwQQ4
oGkK-87QbbM
p-Fd9JmAi20
pHaeT0Pkh48
pMEKg84OWPg
pYMZ84rFTeA
ph05t6CWYZM
ppDED10aiXw
pxqypDRos0o
q87fOK7BB1I
rH9I-B5ZkN8
rw7X7EgU41o
s-sBBj1MM0k
sE6WZHboqsc
sO80W4B0lDw
sbIRbbuVxOw
u7ZMn63hIt8
uAqLmA00COE
uGL1UzFrMIE
uevN2z6MeuE
unfZZT_gFkM
v3lpFJHorHE
vMgBhz3MTOI
w-cVZQFzaoc
wHMod0NbKls
wLNF1fPZZgA
worqW0xyoZ0
xxztnlOrX_c
z_9AH-exaog
z_szPsZiP90
zkL_TvCtHhg
