-AUwOIjA1v4
0AoGFyMRxwY
0M_hhVg9XUE
0ag5XdBsAJE
19C90MRS7eU
1RsgJAHtuoI
1oEqnDAbCfE
1pJK0eGEbJU
1rWfyj4caRg
2Dx76lD8Scc
2O6PZx5KlIA
2fD0anMqbOA
2n7c89xGRoU
36Ntv75CfqE
3HM1oz4Yalk
4Utceb5igEY
5I1jTJ9sYeA
5tuNsMZQbqw
64-T6ICuywY
6BvgLF_kTYY
6Ev0lsbL6PM
6YrQdNIOP0M
6lsOmZvdCeg
6uAoeiBpVVs
85P2-4NZqLM
8MO2Yb2OJ6Q
8ZAQvorzdsQ
8v-H7iGLCIw
9vqoYIAwmNo
A3iWCi7yYSc
BEWJ_cTt0JQ
BLfwZ1NPNKY
BdXk2SoCZnM
Bltw7dIO_V8
CGBVxhVMxCo
CfkFzpktyVk
Cl3izXcp86w
Crn_eg-1ekU
EYTg4j-iWcg
EbvkP31mMKE
EhtbVpc8E70
EmjWIMMtjDc
Eyun_LoNxnM
FBEGuOPlDUE
FUk1_AewqlA
GOdbnbQ5n3Y
Ge6VduBUJFo
Gqw7cdJtpXE
H9HFigfkKHA
HJ5_83zkiJc
IZQOje3DdMk
Ih_ZAGCfMY0
IlwLBkZh1VA
IrMRLI4_bKY
JT43aJIiQ1Y
K5TX2aLdB4s
L-w9Y9gBGQQ
LJrQmGf0Y5A
LKZZ-phUhqM
LRh23jHPxd8
LyfJs7IuE0Y
M1RHHj6NcHk
M7sh3rG96Ew
MR_F0U8Wl5U
MZCltCw1qqE
NF4o88Ae3jo
NTCI_ReHNzw
NkegcHB3YjQ
O3o2LqFZcGU
O9_mTRTS9v0
OKqcsIYBFxY
P4J16GzUJ28
PBXfwZo9fZY
QAT2wX8tyIE
QFhBJPZf61E
QS6E0hu52Rk
Qt-dJTYofes
RUYcnKCQ0AM
Rchj4oOG4KE
T-j01uhSdGo
TGWjZpQxuDM
Tqvnwo2I0ZM
UOD7O7migDw
UdbUlZRgJiM
UrhqmMRv1gQ
Uri90JeBYso
V6D-38MRgVE
VNjrI0YvZYA
Vb7r9m-DYpU
VobtfyfALe0
Wr4Qx_xiFjI
XGargZd9KkQ
X_6j7RDaL6E
XijUNEc_fmc
YQaKqWUk_CY
ZImNmBdjG08
_XeWAbqXQyk
_ZBe_ckjCLg
_auMVXbxcbw
_rooueGG0fY
al7STbuspac
ayYb4gk308M
b-CGH-dx6Iw
b-P5EsfbkXA
bYyRchMoWq4
cjBo_pr1HeM
dv1HbLvoZCI
eGR4z9cTQzY
eRUkC9yeSrE
eUVr_lUxYf8
eqVhKOxmJCw
fqJom6xfvMY
ftiPTcAMcps
fwWqI4AJLmY
h4OnBYrbCjY
h8Ts-dQSPzM
hgaI2duatzk
hka-lhU-EWs
hnbQNTc57Ko
imNtSPM3-r4
jMbao3xdiRY
kHqzFwodZqQ
mTJXYknxhWM
mXXURibCm40
meU8GVaAYoA
naUttrBVRzs
o7A0S7UbXyY
oayrLq2MtGw
ogb1iiFCkos
opSZpcant4s
pds8-PptoOQ
q14AuWiltIw
r7NEyDBwnk4
sLMRR9sWo6E
sbX_ak0N1EI
svPOe0OrGAg
tFd3XAgEus4
tcUE-gtzajI
v0Xl-x7jMJw
v4Oh6Zx76Bg
v9IO1_Qkjc0
vZJknw6cPTc
wJmg0uc3CjY
wc_YSphqqdI
x6kqVusK26c
xPYDtwal0Jg
yMlrVwsWWSk
z3sp0Q2SAhM
zhfd-eogdN0
zow96B7o_1s
zy5TsNHlSDU
