-yJ_GsHcra4
13izX8ovS4Y
1Cm36w3GLKw
1KRL4K_qyQU
2kzLLosXuSM
2qLN5CamUAs
2s_GtmofbyU
6wC-W5lPrjo
7UTPMJ94so8
7wi5y_4zZJg
8Khir_zJB54
8drK6Oyv1a0
APOmlgm2nuc
AUF1EOA2KnI
BAVNj91mAC4
BIRv2FnHJAg
BlQZRITsRY4
BvfpTas6eFA
CF67F2pct38
Clyngfhcv9A
EBnX51DUvAY
EJ5zjLOgDpU
ESZvBPSSAjo
EqNSnmVBw6E
GSQj27ps854
GiD87DeadYY
H8dpdFTApgo
ITHRoj2Tp30
Iad8gfkgEew
J-1QOIGmFac
JeE-Wbi75yM
JiX-pv93Rac
KAIXSr_kEps
LuOcJ_p191U
M9C0P4-UaNQ
MSeHlpy1CIY
N5cntaCgQpw
NTd7RR0mc14
OS7hL9zBtgg
PGYmKVn-HNA
PPYgcbw2NEM
PlSlqd277ck
QhR196oeNUk
RPlCHIEGFgA
Rh3D756garE
Rizv6JJiBJY
TStrVumlILo
TevhN2dk1cU
V9JZBDVhd3g
WWyBAWE6ln8
XCZHJHMLD2s
YwQHAPRhQkI
Zzva_Bsi4bo
_i2UsrYB7vQ
aQQ_amHDJrA
aX1VjifhhKI
aruXIUgr71s
cnzOkeD7InM
ddk4GSSgs6c
dtDt0Jh4jeA
eNciTn5j1OM
f_Tf31Z9rQ0
fj0XNIxZiN8
fudPhgW6FBQ
fvdCqWC0sfI
g78HoT4peCw
gNWqK__U23U
jFQUW2n8gpA
jRkUkhdGCqo
kDhKUwpN38s
kYrw2cC9dvs
oES1NFeMIZA
oWsuodsiuAk
ozHAo1SIEpI
pw8uCwV97wM
q7zdSdwY3d8
qB52spVRIvQ
qR19qsBOq8U
stD0lSvGMvs
tRYItocNxmI
uV1SKiibx54
v9NZW1-uEG8
vJr00P72wQg
xSuKPJQ-FC0
yAv9qwhFp9E
z7_ATisw3ls
zQn52o06EOM
