-hajMgttr9o
-igZ8X81h-k
0KX2yk-9ygk
12T7JFLGlf0
47aXPdDujm8
4xcQX462P90
6Xbc2-wrnBc
6lK55MF5MMA
72uzzaxBeGk
7kDr0vEdfhY
9k8YpHkYJnY
AhDvNe6Pw7c
BHPwPRLxDWc
BzPa2GpQCs8
D4qQJ82O4tY
FQOEsnqo7kI
FfWijCRMUHI
Gf3Yez8WTz4
II07bFlteig
JD6FuULzthU
JO8UKiqfrQ0
JkHNhSRDqqw
KwiVp3iAicc
MKhoJgVes4o
MOVT_4yO5hs
N1lJCL5OCxM
N6_6NOM7BZ0
NRftr9g03YM
OL23xkLfPTU
PXDdE40zXRM
QNp_2VDUrYs
QQ22BxjA-T4
RulAcLrnPkA
THjusVQpPMA
TT9JL2yaIOA
TVCmPrDthlE
TwGd0aMn1wE
U8VxlO68ses
XbueG4WBmXU
XolFn8QTEHE
YYFdvmjve9g
ZKP5nispe0Q
_2cu7GGQZ1A
_4vJCh-NtgY
_8DTD8NeqHE
am3OAUcHwZo
bD5vjKMRLZk
bqGjh67x7IU
byj_BDf5xwM
cRocD8-tj8k
dLghg0QXPzs
epIc-i390fg
f2soKg9JAUA
gL4O_Do2PuQ
ldaJa6HC1vg
lz3JDLiNjmY
mU3HH1kmj30
moXaLMT_os4
osAS-h1Kwsg
qXuBsdmEOAs
qk0ph34Zj2s
tMOp66XdjNo
tPy3yzS-_cM
tt82UyPEeK0
ueARCX54ccs
vRG8TaxGcbU
zPwPYBVtCEY
zSPXOwlpO4Y
zTEQmmG6TzE
