-LXAHGAmBao
-fOe9pPCW-c
-h0VFmyAZxc
-xakFRCWpP4
0IjLMuljWro
0S_hqbCbo9Y
0bcHVUgUk2g
0nzQNqer7aM
10gGJhNPhv0
1BcqE-Ez1Lg
1c-gbYT7L9M
1ikmEL-XQQI
1yOX6lmLz-U
2Db-ANLwTkI
2ZrPfEDM-Bk
3Gm9kZLP0uE
3QSykqi3R_k
3WIVExtyw0o
3qI9-HgLjFU
3zHr9OKfJds
4Aicki4a4uI
4JG_O0Iav18
4P2nGP1eq-w
4T1M3c5d8B8
4VS9cWmmu2k
4oOCLIrB-0c
518FR6SbY_k
51M5kF53MKk
53S5ShUFX0I
54mWcsTk8f0
5QwKBNWOgbA
5aBqKC7qnls
5gWGP34-4tY
5gi7D23zsAk
67ADnfO-37E
6L5SpMFtwuU
6TnREP_nYrc
6Vgo-hE0D_g
6WqI16Ppte0
6mMwrS30XT8
7BYW6zEGaME
7QDGDh9KT_U
7edjsqDdXzE
7kAqAFOHIxw
91ZWRf3GA6k
926PqQUOVOg
9Cn2L2y6O0I
9ehs0yJP5no
AB9-qdPO1Eg
ACLL384Np4s
AGGgTJkS0f4
ApzuR8_qNjs
B16xxjTARwc
BDYkrjTDRvM
BEbgTpdwRgI
BsJWzkuX-Dw
BscPvaWJNDE
CFLQ04nBZB4
CRKl8_Do8hA
Clz0kotXJNI
CruBRZh8quc
DAyXeXVFSbw
DJu-hydR0FE
DLtxUiwY6j8
DTNiJs2K0Ck
DY6Lwy0LI0o
DeMk2eNW8PQ
DzSaV7ewI6w
EhNENidw6xI
EkMjXGUT6BA
EkUd4uDrX-0
EoCaV-Hf3a4
ErWfdjdOah8
F1F-7cDOX2I
FSLfAhVFDs4
GQN2cDMo_-Q
Gg6sllRBjF8
GnTIKh5w0j8
HQYF5twXZgU
H_tgqj9MU8M
Hw5CPtEyedU
IMGrrFp8Ujo
IaqAyc_Q9mM
JAMmrt5HUZw
JC7U4tA8ttQ
JMW3zarGfh4
JQNYK9J_VfE
JS2xy9VJwlE
Jp0NPLKukF8
K0PWVVL2F2s
KT03cuiG47E
KUXl-qP7iZ0
KUjZkmxnWV8
KZGVgz9b2fw
KtWlmbDsx-U
Kx1BrsFvOkM
LZVRl0D2DPU
LcoJI1OHfwU
Lfitiwg3-Y0
LvegAmzDeTc
MB-bnehyT10
Mp4S896JXyU
N7G2DRrxbtE
NG7RTZQAIfA
NHjgKe7JMNE
NQlh-y5THqk
NV22a3qv3wE
NdGtpitysAw
NpakgioHqW8
Nu5j_rODT9o
ORiIgDkfopM
OiLITHMVcRw
OwwNow19bsA
P7RVfAd7r9U
POBqFK0hFZA
PPewLIo4k5A
PbEVwQdWdAQ
QoePDl14Eyc
QzHN9I-ve50
R8srJcF65Mc
RJ3-RWA5AO0
RTjP0-1JLOQ
RVmuU04-X5E
RsKdoEtZdd8
S8uV7t-IPew
S9DMDy-EWZU
SBqMHeHA1RM
SP4b8KqklkQ
SQlEpjZXfRU
T1AK8gJRUJo
TBjG_JEwmeg
TMGFqXWHXwE
TMkIN2JFDqA
TeC6f8zMdvk
TfuOjf_aRUQ
UBKrTh1Jb98
UWuP0TWVecE
UXxyCBimRyM
UnrAi1t9KKs
Uq4XEWFFSjE
UwJ0UJ8fXBc
VB2uDPLVE7k
VGLwgtIuvwk
VijTieSlaE0
VtDU2eVvb6o
WQxT8e6DzHE
WRoraxSmT-M
WcwHsw7tyO8
WhV6Niia06w
Wo7BRvkjw-s
Ww9V1IA-HwI
XINQvKbqzq0
XZ2VZ3_sGsg
XinNmhlnTyI
XzGmwlXirC4
YEA8fTZfFjU
YJXSoqWoOks
YY6qwSYppIo
YYkIjy8sOmE
YuQmiIYpK_Y
Z5aZlyh43UI
ZST6qnRR1mY
ZnBF2GeAKbo
_0onFbc5FQM
_EF-Mb4mWv0
_iuPewWbp2U
_j_zHKgwFAM
a0n2XGI67Tw
a78JnxIFz_c
a8oU7lkMW6c
aPh3E8IoHzk
at24snxbEvU
b9qZWG-07M8
bLzMvbqMVQE
bUABkgugr0w
bZIuielZpf4
cFiVvwadowQ
cJMIGFNrikQ
cNjJthwOVOc
cdvjGh4S9DA
ctZSTKaRMGM
d9nlUAi9RN8
dDxNh1wVamg
dRke-WXRvME
dgk7nmI_nXI
eKM3x9jjXlA
eQ4FmEx_r_g
eT0aet4Bptg
eUr_oEAicdo
eXQNi8hA_yM
eff7OOjOR3w
fAOZu1lTEjA
fcM6rqFzuw4
fsEKMTZvHbY
g374UymUv4I
gAWmzP81l6E
gnw3Ly7c-zM
hG1etQAA98k
h_BzDleLz9U
hd3J30olYmM
hhyjRoAFw3c
hjZL3KOsxOw
hryoONc4Pgo
iDfNLTIYF4s
ij_xXZAhJPs
iw6t_d09pv4
jFEnmJx6bmM
jLxAwdbekU8
jbbXx6k3JLA
jfZ4gM09R58
jwhoCiJzK9o
jxIcGkugZ18
l5U61HGQ-OQ
lD10R3kAHMQ
liyXmIQOTLs
lldHCglULYM
mPpKhxtFf1Q
mTfqbZa0Pr4
m_S-MZlExdU
mvUPj2WbuKc
o1Y4Z0oh1GE
o1vHQKc_JiM
o8HyB0SnHJM
o9BOQ6IpTSE
oLADG-Bfzmw
oNdc5ZCuhjQ
oRkNaF0QvnI
oTAdkDyVa9s
oTIQwL_Dw7A
oV1h7n0HcTE
oaFHXOsAMi0
oqMTm5S8FxY
oyjd6V-wv5o
pSCLb1aV6fw
pSNpO8tNMz0
qCYosYUll3E
qeK7bbWKBjY
qsJfEhvdzQ4
r3U_niFFw94
r_cPbjmvhys
rjgo1pzUMa4
rpd4yHvl6fw
rqwwFj6oN0k
rvdPpFqutjc
sDrOrtbhbiY
sJ8_bGjaWtc
sN_ALbAkvus
sNppKQh0xPo
sPvXIeTr2qI
sSsb9ypWyIs
sYrB03_FX9g
skDuLWKoJLE
slHkSBj-g-A
szkM5ML0KnQ
t5oIKhxLDik
tDSoqQuxLfs
tI104at2iqs
tMiyzuO1qMs
tT2XiPgiZK8
tUefaOw9VKg
tjRP0FnoxN8
uHg6fOEA9qs
uXIf5Siaa3M
vDWhRs_qF8o
vMCBC2LkPpE
vOPvqRcXBZo
vyZMSZG2Dmk
w2flEz_6D10
w79hDckd3fM
w_MNQBWQ5DI
xg14IN280BI
y06tMJwQ3fo
yAYPi0nqJ50
yQ1rDEPUZ1M
yY29cd5SxYQ
yvUsNPA772M
z2SYR7ZEMvo
zSc8SkszGwU
z_TTYd6yIYI
zgml9wfxBqU
zjW0IYPZuA8
zmPzvWoE5Xk
zyyuGYiPwUs
zzMK69aoEkQ
