0OjI7iaGxeU
0gZLEQvIl0k
262Zxx_sqtw
2HtGLMrJaZQ
2RWop0Gln24
3Nafa_EG4ds
3Xg-QHK2xDs
3s6I4QPMR_M
5CaNdfGRt5s
611ojOnmY3w
6xkbf59MRBA
8XYUK-NOF_w
8r2vt3zoIo4
9vWovcv4Qxo
A1qJqRKMhS0
AHLx4WTvIK8
AIzmlnybkeA
AiztFVeW_cg
Aq4Vf-LVMvk
C-kwgvp10Rc
D0gB3sUCAe8
D1cRIhYuEz8
EE0kGSAhR40
FbiXU7WLHAo
G2LTW2r5rXM
HJodmXagJb0
HteoOQHWdAw
Hu1_gjLh_LQ
IKqQ_j72Ghg
IN4kquNj0O8
IiJTsk-1Dww
JuWEOygNdr8
Jz1cP_gjWo8
KjJnSOeQOgM
M7bXKbUUf28
MtP-sEJ50FY
Mzv9417T6VU
NWfb8lHB6qI
NwnL-uU9L80
OpeK6lPyNuI
PNR5-RsUX8I
PV3y9QxbcT0
QWd0-yHDcvA
SKcXJXVUsZM
UZ4CVp_51RQ
UknDGs1bXdc
Us3jT3p-lXQ
Usz47jYN95w
VGOzPXqwHHw
VQt6XsLqkOM
W5b9Rdc378I
XY7jzZyVYs8
XjznLtmTGHg
XlKqFlKnN0g
ZoL8PTYxMPo
_4BjnnVxRjI
_C0GyF0L-yA
auaxW1oyCLc
bKoXNfmP7pI
bQjFpHdK4_4
bZ2VVkT7PJU
eYQgFIqlWAY
ehRdR6eCiEA
ey7IbZslpZI
fUKVpHXcrHc
gC61gN9-9CQ
hm7044DMjr0
j9zHCDEfA98
jTXBga-SIBs
l8XiSsUhi80
m6RMrjqbNsE
nWG0C1FnwJM
ngRrnlRJWZo
pCMKlAwtP1g
pscrlLmv-kw
q7qPH0JcAjs
qMaSslad648
qarGYm5Jf04
rVz0zA44NK4
slAKv8BUXH0
tKSh0DtOAIU
tVjtLMMO9ys
tVkj5nHqquQ
ti7zhu3dsCw
u53BiZ5YIb8
um0OUdUz66U
vUfAa2fbAyI
vmh6lWxD2oI
vwpJhBdnL-c
vwvtzCJielI
wDXp8SaYY9M
wGs4RZArEpI
wolALMr_ATM
xcx02T40njY
xridPWD3pJg
xvSt9t0xnC4
zRqaF0f-VUs
zyAd4xYThAU
