-JRTrpCcodk
-Q3z5ydSo60
-wsyauwreA0
-z_F2Uivpqc
0BePTtxBaTc
0EQgsuLHD5U
0OrU6sJlXH8
0QdpnsRFuwI
0SguUVmy9rw
0TPf4zr0qjE
0fvFOm4JiBY
0y_Vcnr79iA
0zy9aWfU5bs
1-2pH7bPCfc
1MVEpkoW7ms
1dT0b3Cvb6k
1kmihCdmugs
1qLheQIffXA
1zhE196uh2c
20cMsi8C21E
2KeNuySjd8g
2LNHrUNnI8w
2qpYpajpWEo
38igaFbJLMU
3D8EHjXBmb0
3FhP1jVfbv4
3L0qrz-u1Po
3hWDgfA_AlM
3tZ31c3KYRY
45YhfZMadWY
4AoA3z9oXrU
4F8sm3PUnTQ
4H05uy2kggE
4KyHF8Vk1tU
4N7x0FZAERA
4S433ofdFa8
5-Ty3Na_Njg
5hSBbTTz0eE
5oFchYh179g
5pYcoSRiF3I
63qiwIwTsvk
6en4aKn6554
6q3lDAx9kIo
7CKR_53ycZk
7RVtZCY9j_M
7UOpMG9rbJg
7kbOl5BRV4M
85raLdRgxTw
8BfiS2CMRPA
8Nx_iCp0zuY
8RzHRWiXD3w
8cLheBPo0jQ
8qaPabH0QbI
8ykiFmOqfM0
93jTA05XLzg
94waZERSxuI
9gCIDXWgwT8
9lzoQvOC_GI
9qUDiAcA6P4
A27npyJXK8Q
A8a0BwZBLws
AC0HankXzt4
AD5cV5Hesx4
AEN-y5K8i0U
AL2Pw5kOyKQ
Age8p9ejvoA
ApvpxwvTmDI
BQfgd_eJBg4
BshT02ehiZ4
BwFtlS0uBnE
C1jgG90uTyA
CFYMb2eyTrI
CJW4b0L2RVc
CLK5Mxebbf8
CebMiuzEkdI
ChOLhAYkd9E
D2qSGtQNPu0
DJT6vpQu25o
Dy5bGdts8M0
E0pBUegBwGA
E26m06XSlEY
EAMLuEj1BdM
ECJEDGrs2E8
ENgFMpijq4M
EY-x5iRHRlw
EaAiHbJz_Wo
EaAnU-2BdmE
EjbOqXEP1OU
F3Iq677pGbM
FUkpPbKjJ94
FmOwXJwLtbg
GZfoLo2dlBo
GhWIkiHxn7c
Gla1-aIm-mc
Gnp15uTervo
GuSsfBkmsOg
H-foMPrYkT4
HCwXxQ4mea0
HHVQUWnOqEU
HHhDb8OMNrk
HTAFOzNmaaI
HTVdDg8vLXg
HWCxF_3y6nQ
HdcE7YD88Rk
Hho4t-mHCZo
HrXTE6o8C9Y
I-h043mcb88
IByJIVcSHlE
IITE-h0KU3s
ITFAE6hb7Xo
IVX9tXqqfa4
IoGUQXdFI18
ItShKoBgj0g
J-XWFmw4sXU
JJ21nhXVAyI
JKe3o9ZJWpQ
JsODR4fsJEs
JwF9yRrf7Cw
Kg5HvHOnbJw
LHw0u5XMKYc
LOJwqZo_RI8
LZEfxQuKoSY
M7rLp7CGlWg
MHGq9bHoh3E
MXmZDCVF8uY
Mku9rfuxqg4
Mv2ihMASwZ4
NZ31SWrpO20
NonBognLIto
OKPAGB0S_C8
OSB5BThUxGQ
OXKytQW0V50
OYyPGw_GipI
OoGb-l_57Ok
Oty8_1Jspu4
PI2EHDxU0fk
PO1Ar1CCiWk
PRhwdeHn8dk
P_hvwki5LYI
PvcxXCLXt8c
QAISW8Q-9z0
QIHRDX37p1k
QVNJlwScRuE
QZCgwz9ImJA
RXrkDsl5K-0
Rr9mHUP6XHI
RsEIX8m3pto
Rt6U244bLec
RvvEodky5o8
RxwxJmKSjrQ
SgWg_iQlZ5A
SxJaIeR0-s0
SxLbvoNtUsU
SzN2WulG9nI
T5-Dj_I25uU
TUnaXVTC4Vc
Ta5bBiuqexw
TlrXK6ZGNWk
TrKn5Qfg8r4
Ty-KquAq0do
U3XrOCbkXa4
U4CQ0B19dOs
U7JOSdT-qWA
UBJxlQLwbmM
UKWoMLgnRYw
UOK-Z56I7Tg
UVWdkv8ctto
UcD-kU-gOGI
UeE91MsIBcs
UnuEY3j_yw0
VAcriIRGunc
VQmbW7bTnaU
VYOGHIxTu4U
V_F7Gj8nPE0
VswF9orEqVY
VthmGh2w9E8
Vz0XkwLIsh0
W0IY5i9j8Ao
Wccxlgdd06A
WgT6aefg4G8
Wt1EvmvXa64
XSh0COk0CIc
XUuouTOxd2o
XYJE8WnG5IA
Xehh480Dcs4
Xvz5xdEh4gM
Y-F5C-MyLTI
YC6v3U17BdE
YUhxXa9jG5E
Ya3DiDna-Xs
YiqEFJDKvDE
YmIDgIpUQ6M
Yr-2l0-jBkk
Z68WFiWWF38
ZNEspGqIsP8
Zj12KYJArN4
ZnMEIyzqkbI
_1xxw3zTvh4
_mghh6dZvTc
_wDRf3lNmBg
_yflzhtq0i0
aB1gGkQGfB0
asBkShhYH9o
astyaNIwK-U
av6ul0w9Kc0
bFM6hsZ2H1I
bHRM_O2e4Ac
bYMc48mYev4
b_A__kAcK18
bx6L6IsJ_oM
c1a-ZtM19To
c8G09QdwYkA
cO3MZQx4HP8
cdDdrjY718M
cgdHAgXLKWg
dEcm9ttUMME
dNwdx7HSAUM
dQF9YgoSG98
dyqur1E0pbU
eNbwjO0Q1s8
eVHthUyGH6Y
eg97DJd_VKc
eszejhDlITg
etND65wQyDY
evtleFmzQQU
f1Yt0Zxt8pg
fEzqWNUSsEM
fGs__bneRUY
f_1rDhYqWtg
fsgW2N0QFd8
g1USkAuIkRI
g598fjqcPJ0
g5UHyoXJRak
gDc73yy4UOs
gKUEopn0-sg
gXmN4sUiL5M
gpJEq7Er0ao
grDTXRCYQ4I
hGdGboB5mdc
hHLn3GjYx_0
hT1Tk7PEDVA
hjbV_xO4WbY
hoeRi57GE90
hw9_X0pWDPw
hyp7hbHWorg
i__Ow4vjV2Y
ikmcEaAt3ZE
ipFlrh2ERjs
jIEbqRBLQjk
jMAbawzxowM
jMpEtOUTXqo
jPPEAb8--c0
jnHveqhwCjc
jq1an7u0-Eo
jqTt051CLYc
jvmd5zTLrAc
k5bGob7Pseo
kLFIbEA0dkQ
kMrMpcj7bpk
k_GGV1i2Wu0
keihqExepwg
khoxjzT2xDM
kjhtyXmwuSQ
l2fmo6IoLfo
l3UH4Q76C1w
l99uzcZ8Orc
lFq0K1M5stE
lb6MFbhR7fo
lcrFuIGEsTc
lhuDiIih6wg
liZjNTY952o
ltxnOM7UJC0
m7OvsHXCEys
m9e1ZWIwPq4
mMKPwQXReHs
mMzEUoXFN1w
megJq4K065Y
mo6zLVqyvX8
n64Z5EBBF5k
nAB_bwgnULI
nUGSPyVdgnA
o6vdu_zKA68
oO_zu0aC-uU
oeG80khic7I
p5e0mzRjqzw
pFSS9ZiPwe4
pNxbbPPF6hw
pU5FxoIFEUs
pYSOaCi2Its
pk3M70DwiDk
pzYg_Lh6aeI
q-FYMqKCCC4
q-dznlGMaSY
q4Hr7sDEnFY
qANidsPvTnI
qD3ArLMsqrg
qDnvI_ozx_U
qKoLZWw-jxk
qXX_kkTpIjc
qcKJhGg3YdA
qoPSnFJxkrw
qqkgHWMMv60
qxDFdzB6aZs
r8-6EX87oNw
rJO_ZTF263w
rVkuobAKaKw
rXyzWYQ8mVc
raLLJO-toXg
rarY-Rw9zTY
rgGYm-0eNL4
rn7kEjuGmXU
ryVAUdpeLr0
s-XzDtssB_0
s6PNt1sq6dc
sHCNLPc60yE
sUMCW9QHO5c
t1kcFXCjFOE
t2lJnvVZ2e4
tMTumGdYoJY
tVeV3Jz18kc
tYncVR8C7pI
uIIM81kwr-8
uIbS0gsh5jk
uQVLn3mV9vA
uUYMkJDpfYI
uaWIDzIjlNg
um1OnnzBUMA
um7HEozhN2M
v-Bp7Igx_rA
v9_VQgF3Zbs
vE_kRCbdD4c
vkf64-VbK_k
wWh1qKDNOVI
wm5ZekzK4R0
xMLHXwgdEv8
xWFRvBSrp_A
xrNynaSorlI
y0AlTrVqwJE
yOEfAG2etMg
ycBIQmGa2jc
ylv2biYAieU
yvMcapEijGY
yx27i7XKhgA
z3vFSrdFYho
z8J2NFqHWHs
zE7P2C2E4fo
zQV-uNzz9v4
