-15nx57tbfc
-5wpm-gesOY
-6g1tD66QBA
-Ecf7lb4aZ0
-Elq8f0X1g8
-GC3tJzbuYo
-N5pDcfNzqo
-NVex5tVGy8
-UxBdVirvJs
-cFOsAzigyQ
-csXdj4WVwA
-enHfpHMBo4
-hrNWRtDr7Y
-rPPqm44xLs
01ajHxPLxAw
06OHflWNCOE
0A1e8eceIsY
0MLaYe3y0BU
0TLDTodL7Lc
0UnFN7yyMaA
0ZEX_l0DFK0
0j74jcxSunY
0jraYGjhyY8
0n3UFtiyxwA
18RqhZ-jnFs
1IdlBFaifcs
1RIA9U5oXro
1S0aBV-Waeo
1U7ROVno2ys
1_X-7BgHbE0
1dOCHwf8zVQ
1f82-aTYNb8
1icvxbAoPWc
1jOJl8gRPyQ
1mtSNVdC7tM
1opLSwlqBSI
1rCNnMZrFUQ
1scGZDYsMAU
224plb3bCog
2NzTAaYgk4Q
2QwMv0_Rkec
2XdIuTr2uiM
2e06C-yUwlc
2lEhamPHh3k
2qzjBmK0_20
31rU-VzF5ww
37XoF0aMxhU
394BLf2wikk
3NjQ9b3pgIg
3OdtfsXOkEY
3RvkfuXUv1c
3TYT1QfdfsM
3vCpYgaZpiw
42_lCOayS6s
43xNdYH-Y3s
48tFB_sjHgY
4A2mWqLUpzw
4CdO0olVfAA
4SSSMi4X_mA
4b-s3pisfh8
4l7Is6vOAOA
4uWSo8v3iQA
4v_keMNROv4
528Jc3q86F8
54BrU82ANww
59kyZH6sgpc
5AUypv5BNbI
5BHw-up-3CA
5KEhhW8TOGk
5Sg7udkbvso
5jwV3zxXc8E
5mLYoo-oZ5o
5myfkKDV88E
5oXyibEgJr0
5qfIgCiYlfY
5rtKoKFGFSM
5sskbSvha9M
6JpLD3PUAZk
6LYRgrqJgDc
6RNKtwAGvqc
6gddK-cOxYc
6ohH-RkSLo4
6v6wdK2EbIQ
75yKT3OuE44
782QWNOD_Z0
7CdyIwOSlt0
7DNmN_qWUgM
7DgxjQ6Qd54
7ENFeb-J75k
7MT1F0O3_Yw
7O6nfosaVa4
7PKx3kS7f4A
7U-RbOKanYs
7ZPW8FwgHoM
7ZPs7knvs7M
7dmJMEMGojY
7ha78yWRDlE
7tCNu4CnjVc
7t_pTlH9HwA
82TxNejKsng
86cQJ0MMses
88jkB1V6N9w
89A4jGvaaKk
8GIbOJtUw8w
8IXLpoN8Xj0
8Sf6ToPNiA4
8TUf8W9GbSs
8ZtInClXe1Q
8a3KX2InUqY
8j6k3pevAFY
8k56bvhXw4s
8lhxIOAfDss
8ryt45ShyYI
8uF7RVF2osk
8wHZ3oso618
8yDo3YD-G5M
92sycL8ij-U
9HH-asvLAj4
9Hb2oMlRI0I
9T8A89jgeTI
9TlYteJAwMQ
9W0Vxa6eqjA
9kp0yUA-KgQ
9nktr1MgS-A
9pA8xMNVPjE
9r4Cmwd_7vA
9sO2qdTci-s
A0hoqSkyY7o
AAssk2N_oPk
AJxLtdur5fc
ANIw1Mz1SRI
A_Zptl34hbo
AbKkjwZivmE
AcZrSn48X4o
AfaNEebCDos
Ahdnkj77rAY
AjyM-f8rDpg
AkxqkoxErRk
AqscP7rc8_M
B-TOUPXytw4
BCBZPtZCI7w
BFdMrDOx_CM
BGrKKrsIpQw
BK5x7IUTIyU
BLE5yhS3k3I
BW7S8H3Zi-g
BYx04e35Xso
BcDZS7iYNsA
Bie32IZlMtY
Bq1b4wixxJM
BsCeNCVb-d8
BsSmBPmPeYQ
BzMD4qk3T9c
C3dU5u4xXaY
C97MtJWDNX8
C9DB3w-Syfs
CDpL9wOQcus
CE8UhcyJS0I
CQcgz43MEZg
CVxeuwlvf8w
C_zFhWdM4ic
CdbvgRqyC-0
CpXaH77B8xg
CtOCqKpti7s
D40wPq1e2Sk
DE5e0C7xw7c
DILF8usqp7M
DKmBRl8j3Ak
DLjzI5dX8jc
DMtFhACPnTY
DV8efuB3h2g
DW4f1x6IQ9o
DXv1boalsDI
DcZ1bFfDvSQ
DfK83xEtJ_k
DkIhI59ysXI
Dx7KvlrpZps
DyG9S9nAlUM
E3gS9tjACwU
E6vtRm5M8I0
E8SEVsxV070
EBy7IYtJRKs
EUrU1y5is3Y
E_wX40fQwEA
EbL9OFlxwV8
EgIg90cFRVw
EiUUFdUFyIU
EtpdLBeIaus
F1tS-qGCE0U
F4Z0MRYN7bo
F8cpLd6KJWI
FGAWniPGKjc
FGhj3CGxl8I
FGiBHsUkVzU
FK3kifY-geM
FQAQTXE_vt4
FUIqtevjod4
Ff1QwznMffA
Ft8R3-kPDdk
G1h5uGDEH8Q
GH94fKtGr0M
GIdVRB5yNsk
GSIDS_lvRv4
G_UYXzGuqvM
GazC3A4OQTE
H4bf_uuMC-g
HQWFCDN9VZI
HUs1bH85X9I
HXNhEYqFo0o
HZzdXR0bV8o
HdModNEK_1U
HizDfLubD-c
I5TqZ2Etz0s
I5mRwzVvFGE
IAkj32VPcUE
IB1OvoCNnWY
IT6-5ZbabVg
IquufaqHoGc
IviNO7iICTM
J0MDFTMDwPI
JAI368bZC1g
JCtV7TmLTqQ
JD72Ry60eP4
JRLdbt7vK-E
JZ-qjmZZE4g
JafQYA7vV6s
Jd55bul1VHo
JtK4cTLlUko
Jyp6jFCzW44
JyxRH18YlpA
K7oxZCgO1dY
KG2M4ttzBnY
KGTxcj5rmoQ
KGZ0een8vSE
Kalmryn9_sE
KdyvizaygyY
Kmt14S7yR7w
Ks0SOn8hjG8
Ks1pw1X22y4
KtRLF6rAkyo
KyTUN6_Z9TM
L5l9lSnNMxg
L6bDA5FK6gs
LFXN9PiOGtY
LHSSY8QNvew
LUjXAoP5GG0
LWxu4rkZBLw
LdGMDUZVvSM
LjM9T2dxdL8
Lm0lA0enPSk
LnX3B9oaKzw
LonQjMbjZR0
Lto-ajuqW3w
M2SbnE7PVA8
M3x5Z3iIoSU
M5c_RFKVkko
MB0yDMQj1lU
MS7hXuO2UKE
MacVqujSXWE
MijmeoH9LT4
Ml3-kVYLNr8
MpWPt4YYyjg
MqZgoNRERY8
Mv9NEXX1VHc
MyldPMn95kk
NE03ora3tBY
NF1pwjL9-DE
NJJgDGZPRIE
NMlbUCAOEXw
NRUw4oDRYfg
NRv3HMEyuDE
NTfOnGZUZDk
NXqIpU6Gejw
NcaiHcBvDR4
NdKcjKfJocE
Nh2hXUuKXyQ
Nk3Och0I4ZY
NlKjFZwW3Ts
NmM9HA2MQGI
Nqzo_VT7TQk
Nw24B6fOiAw
NxYEzbbpk-4
NzCB9-Njdsc
O2tvsY3yUqY
O4kf1Wbaruo
O4xNJsjtN6E
O6tCoD5c_U0
O7B2vCsTpC0
OODzTMcGDD0
ORcvSkgdA58
OVYF4t-v6Zw
O_vhWxu-spA
Opqgwn8TdlM
OqQk7kLuaK4
OtpaY8VD52g
Ou2A-JWszVA
Ou_9ntYRzzw
PG9oKZdFb7w
PJ5LJkpwBAI
PLiE0Nr8VOE
PN7mPYcWFKg
PZRI1IfStY0
PccvZRTUhbI
Pe_3cFuSw1E
Pivd71NYKDA
PjeE8Bc96HY
PmavgTvAEDU
Q0_lcKrUdWg
Q2aEzeMDHMA
Q4dYwEyjZcY
Q9igeV_YV-s
QAIRqUZ4XFw
QDyekmgn9dw
QFK6RG47bww
QH1XF0tOFsQ
QK4wwxTRoAY
QMHuMwbYU_M
QOeWxA9sXFY
QRYzre4bf7I
QS8qwMna8_o
QbSD4EtpVdY
Qbp3LJvcX38
Qow8pIvExH4
Qp7jmqxFC7s
Qrl__J4vYok
Qt4lliKBjRw
RDoYo3yOL_E
RG2Z7Xgthb4
RH0o-QjnwDg
RPQD7-AOjMI
RRsq9apr5QY
RUFTioLaKcA
RW2zHvVO09g
Rh1IQwXy3Y8
RhnXR7KULFQ
RjOCRYdg8BY
Rk0NIQfEXBA
RzWB5jL5RX0
RzYJvSnzlMk
S0MgJFGL5jg
SC-7fyBfvsw
SEeQgNdJ6AQ
SFAWHB2BKOg
SJ7lOus1FzQ
SOqQVoVai6s
STMcWUtQr1Y
SVYBJlCmRxE
SWU_DgjSwRU
SZXY5990xZs
S_NXz7I5dQc
ShUyfk4QB-8
SiJpkucGa1o
SknxggwRPzU
Sv0Vbt8A1Vo
Sw9r8CL98N0
T-NTEc8Ag-I
T-lBMrjZ3_0
T0SGL8Xq8Hw
T1QEs3mdJoc
T25wKfF9ieI
T6EBe_5LxO8
TJdH6rPA-TI
TJlAxW-2nmI
TLKqKlrQv4s
TQ0sL1ZGnQ4
TSJw_oQklz8
TU3IQRV6LV0
TWEXCYQKyDc
T_IINWzQhow
TapVcZawoPQ
TdzsB-iYj4Y
TiJn9D6lZ-Y
TrfcJCulsF4
Tw0PlGpaqy4
U5i2VQj5jPk
U9mQbmgBD30
U9vFwaBzER8
UVFmC178_Vs
UdCekY8Hopo
UeIpq-C-GSA
UgQM0rVDIQE
Uh-lHex9Hyo
UlLN0QERWBs
UtRJcZx3Grs
UvI-AMAtrvE
V4qxfFPgqdc
VLh5LR0Kf1I
VPw9vPN-3ac
VQOdmckqNro
VQgqMQcnAvA
VVpRj3Po6K4
VYech-c5Dic
Vbciucfe37I
VyrAVNoEf0g
W7roWLrbwao
WN8i5cwjkSE
WPoQfKQlOjg
WR0ghM3U0M4
WYEXj4LFEgU
WZCDBZBY9lc
Wd1_xpw7j3w
WhnDtTW0uII
Wi326Leuemg
X2vkHRM4dHg
X8v1BB0UaDs
XE4VP_8Y0BU
XETZoRYdtkw
XS3UBuZ7D34
XiFkyR35v2Y
XtnES6HnUL8
XvwNKpDUkiE
Xy5pzN-wLxg
XyKAXsMI-Zs
XyMdpcAPnZc
Y4lDvkAFyps
Y6ePTiCo0oY
YCuyt4_uEUY
YOxDb_BbXzU
YXAdffM7uMI
Yc945sNB0uA
Yjrfm_oRO0w
YkPrUkYKy8I
YxnojyQSpCE
ZD0jXucHXUQ
ZIfn2Ocy9RU
ZN0lhYU1f5Q
ZNrteLp_SvY
ZXFYT-BG2So
ZcWLudpe0n8
Zel2NCKej50
ZmjaqhRukz8
ZoZMMg1r_Oc
_0Z8aGwjLYo
_8yVOC4ciXc
_DPRt3AcUEY
_JtPhF8MshA
_NSvz12iXeY
_OboQeIK61c
_QJPcmPu4QI
_cyVDoyI6NE
_d0G6FZ_kR4
_jKylhJtPmI
_jQhALI4ujg
_qvOlL8nhN4
a4PX8vksBFU
aTBmHIr9UHE
aweqeMxDnu4
b0O3rsKjSOs
b4b8ktEV4Bg
b4z1zkmo1BE
bKzonnwoR2I
bRkUGqsz6SI
bRudW0aBNg8
bSA91XTzeuA
bSTEIWmI3z8
blSzwPcL5Dw
bnRNiE_OVWA
bq4NzvNZhc0
bqtE6Q79PPs
bxpc9Pp5pZM
c4cKlez0OCM
c5qH-LW3tq8
cCDCfoHTsaU
cGs90KF4oTc
cQhsblLVjEo
cVMhkqPP2YI
cWKo_dMUw7M
ceYeTXHHSa0
ci1PJexnfNE
ciNHn38EyRc
cj8ZNgnzSSU
csS1mZFuNSY
cvhKoniK5Uo
cwEmnfy2BhI
d2NWPG2gB_A
dDtZLm7HIJs
dHrnP4ZNdaI
dJUEkjxylBw
dNRDvLACg5Q
da5RoS4w5YU
de2Hsvxaf8M
dgZvSB5MAIg
do6xydtcVPk
dqgT--f9so0
dw-y3vNDRWk
e-lZa4qgxmM
eElfR_BnL5k
eG9jo5N2IzE
eKjBiy0OPkY
eOPLQxGNmHA
eXIfZ1yKFlA
eYW4J6FyyZU
edUN8OabWCQ
eis11j_iGMs
ek0yyL8iV7I
eofVhJc2lUA
eq96L30SK6I
ewE8b7zzej0
f266wim8Ylc
f3Ux805uCOk
f4ekifyijIg
fBRMaEAFLE0
fCDsn7OTNMg
fCe0I3RJajY
fErUu217Pu0
fPU7Uq4TtNU
fZ53y0KsWhY
fce39nQm9TY
fcesKgfSPq4
fd3kSdu4W7c
fpkQ_ZqZY4o
gDqkCxYYDGk
gNHCxH35wYU
gQ0rdOvdS6M
gQddtTdmG_8
gYng1yypNCA
ggxEzR2VRNU
goOa3DGezUA
gp8UiYOw8Fc
guXgBe2wvEA
h0nSEv8npjk
h7IeCPhTBxs
hBJm9ZYqL10
hHtb-Ohyfu8
hJyXtXGYkJ4
hakpxs5moTo
hcoa7OMAmRk
hhUb5iknVJs
hmvcLCT9E6k
i7sm9dzFtEI
i8r_yShOixM
iGPXkxeOfdk
iSg0F3hwMnE
iUBd35sBMqc
ico4fJfohMQ
iesgXoOBLZM
ijWcl2Rb4_0
imY4EpxjyMY
ixJCo0cyAuA
izy6h_vvSxU
j6ClFJhnG18
jAdspOtgciQ
jBsc83_4RsQ
jaJ7vUu1ixg
jkV1KEJGKRA
jn3DBzr--Ok
joxQ_XbsPVw
jv2H9fp9dT8
jvKdOEHkrJc
k6PzjGwyKuY
kJ5WcQfbDZY
kW39Mt5kscQ
keo0dglCj7I
kgBjXUE_Nwc
kiTTAbeqQKY
kj_7Jc1mS9k
knP_5e57biw
kv-YXKRUheQ
kzdugwr4Fgk
l42lr8AlrHk
lJf2i87jgFA
lJu5xwbGgRk
lKTsv6iVxV4
lLWnd6-vSGo
lNa9bQRPMB8
lU2NKHJygD8
lVcbq_a5N9I
lXJ-tYqPARg
lkSGMrH5Kic
lx6cm1rNDLM
m4ErHic6gcA
mCML2B94rUg
mJx30g3bzQo
mYtvjijATa4
m_PecfbEWik
macM_MtS_w4
mobkoq8Ol4M
ms6EV1pG3tc
mwTaISbA87A
nCAMMKsbEvw
nRlmTiynbd8
nZHOclcOB2k
n_uNPbdenRs
nc2q4OOK6K8
nr9auoHtvzM
nsZsd5qtbo4
nslY1s0U9_c
ny-cfjhqHKE
nybVFJVXbww
o2RFdQMi4mg
oCQbC818KKU
oJWwaQm-Exs
oKDPLAJiWQU
oKrUGRVwFBI
oSdPmxRCWws
odjdWym0t4I
oiR2mvep_nQ
ondpla1KHAo
owAvwkrSKHw
owz7XExO-Wk
p-6F4rhRYLQ
p7nGcY73epw
p8-rZOCn5rQ
p9HH_dFcoLc
pCAKq0JCcdI
pIG3bdDj1ps
pLluFxHrc30
pP_zIJSp3WA
pSwfylSrCVY
pW5iKF3eQ6Y
pcJHkWwjNl4
pcR7ylW-Gok
pgzWxOtk1zg
poY_nGzEEWM
psmu_VAuiag
ptcHHXp1PEU
puQvpyf0W-M
py5byOOHZM8
q6iqI2GIllI
qBex3IDaUbU
qCtXsTaEscM
qDbpYUbf3e0
qI2K4VinkT8
qJNrvVv7SdU
qT8NyyRgLDQ
qTZJLJ3Gm6Q
qW361k3-BtU
qWcfiPi9gUU
qcuc3rgwZAE
qjZuI0FT9Z8
qnnEIrWQJdo
qsQa5lwFqjA
r6vNthpQtSI
r804UF8Ia4c
rCUjvK-zbHw
rEMP3XEgnws
rRxuh9fp7QI
rURRYI66E54
r__GZ7ubU0M
rbeYwh2CstQ
rervzX0LIrk
rf6oFSEdbKI
rh7kpkwXnwA
riT-ew7n7RU
rkrjo4IIb1I
rop0W4QDOUI
s22eJ1eVLTU
s2XHyzPA9Zc
s8JqcZtvnsM
sB1lRnZVv30
sRFM5IEqR2w
sWeVOXpTOhk
shn38x7BbO0
sqV3pL5x8PI
svmPz5oxMlI
sww4gJPse4o
sx2HjuZBuo0
t-tO7vx1rw4
t1e8gqXLbsU
t5NszbIerYc
tDVPcqGpEnM
tH5AOX9929g
tITwM5GDIAI
tKR2UZdRpV0
tcdVC4e6EV4
thrx3SBEpL8
tlS5Y2vm02c
trf2Nb1mXIc
tuEztAfb4Bk
tyjgn5YO1Lk
u2qRUtg2k3Y
uA9mxq3gneE
uEJ71VlUmMQ
uNuFVq5QeRk
uOfonONtIuk
uhOWldMIPoo
uihBwtPIBxM
umTbivyJoiI
urd4uWJ2rH4
uwtGfyna62I
v0HIkFR1EN4
v5a5BYZwRx8
v6NSdySahWc
v7n7wZhHJj8
vA0Rl6Ne5C8
vKdJvG6NlGo
vMIZKtVruH8
vNG3ZAd8wCc
vQ60rFwh2ig
vRBihr41JTo
vT_J6xc-Az0
vhiiia1_hC4
vrjAIBgxm_w
vsTImsK6z4Q
vsXMMT2CqqE
vskNak4TeRs
vuScajG_FuI
vw7602ULHWA
w3VZFhNQRmU
w3_0x6oaDmI
w68BBPDAWr8
wFJrHuSXnZM
wTC31ZI6QM4
whwa7ua_RbA
wlSG3pEiQdc
wnHHzBY1SPQ
wpAwdsubl1w
xD88Qs_DZp4
xTnK6f_ZL1E
xkLAhU74f3s
xvtVmGP0ZEY
xzYOx_gT4_w
y4WG549i3YY
yBX8GFqt6GA
yG1m7oGZC48
yR7k19YBqiw
ySN5Wnu88nE
yVRtJbXQsL8
ycl1VL0q1rs
yniSnYtkrwQ
yxx3Bkmv3ck
z0zTymv0ZEw
z1gMRZiM9RY
zFb4tilDmBg
zR8V0lq029c
zV-fR7xA4Hc
zVImIQuqjQ0
zcH-UK4JPM0
ziky_tDoa8U
zmYhR8cUX90
zqcoPrvXSqg
