-1hFG_u6hC4
-6M_WZFQoH4
-CMW9Pc4JJw
-CT_5sGussM
-D_s7vlOeI0
-DsfT-RptaI
-E2oFSAeihM
-FQQ-jrSgEE
-IEFw0Q5gpQ
-N1Q5peKQE4
-N2ZyUMjhB8
-Qy6ww8j8jI
-V1RmmnlCuI
-XJpIodZfps
-Z3or-WzLXw
-_GsCRsqrYQ
-f18gTHkNB4
-fUd1JZN9vg
-fgA88jcju4
-heNQ602hbw
-hwZ7I-cJ5o
-l5fhxEtuYA
-nNwxC8uJ0Q
-nxGlyjPvRk
-o2cWQXqxnw
-p2wh5A9Y88
-pSaXC51SsM
-sYpqlhSKJo
-ttS7IupC5E
-wKTIAkYXrU
-yaarMGUFvg
-zLMShPF_l4
0-1pPA3jbKw
00B_quBe-1o
01IkG0tc5xc
03VYg0HyZGU
06Nk14R1nBc
0MQJHlafY5E
0NJCUi9c768
0ODcf0Hxpg4
0PS5v4brgTY
0QNKr1Rz8es
0QWYktLiI2s
0TD4bLWhYsI
0Uc7uwracs4
0XsjUSS4BPc
0_QSNTGZyt0
0b7xObjYeJg
0bdzr5osZk8
0eN4RP1kPwI
0gSJouigBYQ
0hAzzeYYg7o
0jf6v1LeuDE
0nKI9NqLGME
0rDW0pMYfBA
0svFUZ1CV2E
0tnJ29WMj5Q
13FOsVnpcdA
19J1naWzAGw
1BySbgUp0D8
1CmYr9wX9vU
1GHhXvpIZ9I
1Gkq397mL2c
1HXYIyWVbGI
1JsQSE5mOw0
1LBJXBNLSU4
1M0ZQKKIzLo
1MUpEx0vBVc
1Pu0w__QJ28
1Q375GdtNqk
1TeeTXiiUj0
1YHgh8Uvye0
1_CaidwvjHk
1_eOp1wy1BU
1hbYtQmOvlk
1l4pei4RcfE
1mMBAD50kMk
1o406GWwo-w
1oJ16b-LbUk
1ptYAeutI8E
1qxz-vgfEfk
1sAYHbzJfn8
1v3T6HMalUo
1vbA2SZJlcQ
1vtSyvbV25Q
1w3tsZAVho4
1wHBb-dRz7c
2-SRgWUCDTY
25siokB43UI
26q4KOedF6Y
28w67xKO8SY
28zkVDYKNAk
2Eos1nCuXG4
2FKxg9jIM4E
2H8sP1CwR_A
2K5DVlRlv6o
2LE26EaPsMg
2P6Mp-dlVSM
2RVxdCDr6-Q
2UZcJysiLdI
2V1XJlMEf8o
2b2yy1yUDVY
2cGf-mZoea4
2cqZfCVluRM
2g7y-qXSXjA
2gLjmXGjXPo
2grDyJLmBFg
2rirkOQ_YVU
2uJJ-8q7_Bg
2z284l-Sifg
30hligP_zhQ
33zUBkbP2W4
39lSDyrWSOE
3ALTo32hZ80
3CUrqnggnlk
3E5DlxSMwO8
3EEFiQ0m6R4
3EzTX1mfAB4
3JJvZ8fJMYs
3Q1ipJWLfQw
3SkgOs7lXOg
3Ut_pLkyzMM
3WHba5oLPC8
3bI75pCqLIQ
3c9eubRXymE
3ehN9LZyjQI
3h_BGNtzFwo
3hfPsst4Vsw
3jdq68UfdeA
3jtgwVvNG5o
3kH1X3X-zkc
3lNh3guA9fY
3ocJsQ0NxgQ
3sJ7iwrDL5U
3vNvGS3pGig
3vdk0VC1yVs
4-GeR7cWkAM
41IGjDqJulE
42Wm28bsOvc
42vOiujOBwo
4Epb_FLAHNE
4IZsx5asISM
4K94pIe5WIs
4MjOjU_rFFI
4R3ezwydqGg
4W09Ar-PLIU
4YgMQQuZvQk
4Z0U_IeZBNE
4_gEow9N-w0
4eoC5TafZKQ
4fJQSFU_eTQ
4fK-PQcmPEE
4it4UzAlDgA
4kUptKAwUV0
4ljUfjHue_Y
4moj6dnyRE4
4oUFX0uVSX4
4oVKrpwxwc0
4r8H5--4H68
4sJrNQZqQvs
4yfGxPW_5sQ
59DBRnWsNys
5A1Sy622E1k
5D1sZPWzPQk
5I7j4DS3y4w
5JbjW1timrA
5KN9pSJsLV0
5M5-RBtMGIY
5Pr79rzPUB8
5QRLH_FtqPM
5RySn5iWRyk
5W3BXjxX6Gs
5Y9jvrHNXxA
5euvcbaNW9Y
5j5w9_5EBg4
5j9yFK4wD3A
5llfOZqo0HY
5qMADlfuhHc
5qj_-uJXozg
5rBHIVl6j6g
5rofhrmDsUM
5tpVypdGcTM
5uIja2pclCE
5vZE0P9dMrc
62vA-85ATt8
67kdQvLCO9s
6EYvLN_I2v4
6Ef5FUlgvbk
6FbkD05QhPM
6GQ29ZTdMao
6OMYOV4G-nk
6OfJ_6sbc7s
6R8V8yVl4m0
6TjX8FqDG_0
6ZPh0uBYmpI
6cMWo0G5sIY
6iawLt-Hidc
6l0LAHd-iKY
6mXiy3vZqJM
6r2fDxVpL_Y
6sYiaLoq58o
6w6e1fsOFS8
6wnvvZr8vbo
72x3lhggAXQ
74GaLbY9ZT0
7Brxe5o8lkI
7CVD57UBSu0
7EA-hhaxygk
7Emt7S10P8o
7HKnucShU8I
7I2iDf8AMsw
7KRByGSziP8
7Ne_JLSBGkI
7RDtsHXdLFI
7YdeLgP6-bE
7aaoViFII-M
7e5dKjkmA84
7f19WilM_r8
7hJMpfHKlyc
7jW5YP8s7MU
7ms-SqULvIQ
7uAok3PPgqc
7uvvjjWlJCk
7wIlA43vwDE
7wtCC5Fvfpc
7xAaMyoKiQY
7yauCkIt23I
80e1zB65beI
80vlfb85b9o
82x9ZBg37Ng
84KObXc-Ips
8Afz6NnFReQ
8F67KSH2nm8
8JG0-PnfZB0
8JzLzi-QZhE
8KrWHJB6MeI
8RxoAMUgdxk
8SBCIIAArP8
8TYMM4CU8II
8b1LYbJnsKM
8cPgAtkq2EY
8ctT9yw_MNc
8fG7RUIvR3I
8gXThN3FZfI
8i4__jZloLM
8l5oCOR9J4E
8nmuRm9jOIc
8tR8mIbcrx0
8vmXwxHveKc
98psWRTtgso
9BDPFGBOCWk
9BwOQ7MYyAU
9Hsm_NrxMA0
9JrR2qMQ3nU
9K52lCd7a9U
9K7ITIupRyg
9Kvqpz1SCWs
9QMikqQMgi4
9QrDSwlE9g0
9VRpNW2LrTY
9W-6zckWn_0
9W35u8Aww1g
9Zs4JTkAPYA
9aPjkkB8Vnk
9bL3clbyGrI
9c__rX_AzdY
9czYShuvtlg
9j1UqVSp2IY
9jEm5R0BoKs
9kLl-7xGapY
9rmb_RF-RIA
9tC8XYAA21w
9tVnVNQzcrM
9z_ybUomzrs
9zjaZ51PGv8
A07mIS6hlNY
A70Gz2j0_Xk
A74nNyuavhU
A90-0vaI0iM
AF_ZMQuayDE
AIyE29pnr84
ALQq7lzYJyA
APTStC98I1M
AQQwWmKMw-4
AQTjvI7OynQ
AU1Xs5SCw5k
AU9EKtME4Mw
AVK_Ri1XUdA
AYzpZxFXKrQ
AbXYCU_yTCw
AheaQzkFvM8
Am-zIXF5Muc
ApzkpHhRBYg
AuiXUSbMCCw
AxbJDhxJLAU
AysWd5B7OBA
Az2Rkf71RtM
B5jxbZBqjHI
B6hE4Y_EiOI
B6n1Kk2gMB0
BDDJz2vrc60
BDlGebN5yfY
BGkeWQ1W6dk
BMNSD06BFjk
BRf5kq4RAxo
BSft0-jGfzY
BU5JEQlTFP8
BUvT4jS25GY
BWJ_kAE9Q5k
BWPG-A2mk5Q
BY-1g9Bk-2Y
BYNAMEt3gmc
B_SVdr5cW6s
B_x3LO1C274
BaTnti0gGgo
BbouexPjFDc
Bc-aIPV_2pw
BcLgCnGbNxY
BfajTpmDn8M
Bfken_fiJFA
BiATmx6geus
Bj8H773RTv0
BlIoWpV2fRY
BmES4WdTLCQ
BnYo2addpg0
BqNfDk5IS38
BqmmaMiWiuc
BuSR77Mzo8Y
BvLIe2Q3oGA
C3KnNiQBHWc
C5mWdLBnTxk
C8aagaskKe8
CAJYWrqlNjk
CCMhXEgcbyc
CEJkjKai8Xc
CEN0FdIfX3w
CIi3ECZ9Sho
CPtg70SjZic
CUUaGYsovHk
CVacljuayF0
CYwe_mj_NdA
CYyZeTH-n6A
C_2wSYNLngQ
CdCroKXu_5k
Cdfmztnj3lc
CfanPfMT5kI
CfjaM9oUIdU
Cn5B8dXSUkw
CwxmPXKBCaY
Cy3myt4ItFg
D0v7f8H3jX0
D1MMOX0Acdc
D1TESS40VzM
D3hRD0WaRek
D6MaqOjhqPA
D7xFiJaMDp8
D8LRmfsX6E0
D9MwXFmhaMA
DDMe7jVV3Uc
DHcK0IFPLuM
DHr6CPnwwiQ
DJ_59_YyDg4
DM_CUDKNKIo
DTEA365nz7Y
DXIt1duv694
DgQd8XWz9Uo
DiYPJKTUnGc
DiytIYgvKM0
Dlwg4bGOmrU
Dnv-3myHvUY
Dp8Bn1Ir9_0
DpYO3dlHk-Y
DqpM1NKDe8Q
DsDCCNrkCUY
DsrswH-pJx8
Dt3FRZzMY8w
DttL73UTVxw
Dz_83eeuLuM
E29tXwWJw0E
E5xeoicUZnY
E7xxk6_665w
EALhTGtxrKA
EB2XJr4A-FI
EBNR0J4EC58
EGkpLp2Iqs8
EHYxcNsjPcE
EHpYY0Pmtvw
ELGPKLUNs-0
EOA7LIzifnE
EPMS1AuRRrE
EQDxZ-RQUwY
EV6VEA7omqw
EaL-S32CWn4
EbdGh-BM1s8
Ege60AnW2cQ
EiRrp1uin54
EnC74CRDt48
Enq08veOwEg
Ep8FDFg9zNc
ErjxaAJSmXc
EsCOgJIHbF4
Eta4VM935qA
EubLXVXmOvw
ExxqyL602zs
F0dxO7PUuGw
F2oLbhg-S3I
F6kbZwtHeV0
F8iiuAcQRfI
FAYA2q3WzWI
FB8Ibc5S288
FG39A7fAXsk
FIQuMwUyPiY
FIRX52kGzLU
FMAUmJM-IHU
FO-TCat9ObA
FP-pBdYXFO8
FTpruS_88RM
FUeOxGmW4eI
FclWUOuVV3o
Fe00Jg87Les
FedsuDlzF0I
FjUck1wLX0k
FlBKvuOrJbY
FnDzVvRlojc
FqX7KV6Uh9E
FqhAuJI3R5s
FsLlBjnfJ3Y
G2oMGGis8kE
G3c46ereI3o
G4C-4jRYt2I
G4_HnIgAJIU
GEhy-2HLlog
GIFvt-IkL5Q
GIG-0c8wT68
GNMku2iAmqM
GNwJyt_yJAQ
GOnobSG8ZB8
GRhtCPuVYG4
GSFpPPFob1E
GVhWRMz5Vz8
GVlP8d3qcRQ
GWzxvr0LuDg
GXRW-u_czok
GZq4Jg9uDzE
GeXaK-YDbrw
GlfqjPCaXxs
GnBy2TOZX-A
GnUp9lZvuUI
GtGWNv9reM0
GxYyS-tdpIM
GzUgyx3Txr4
GzaskUpgAik
H-KywWCONJk
H0sHUk-92pY
H26NUseHR5o
H4FTLpjggNk
H5I3UEvALrI
H7qMYD1iNxk
HEHLTCpfOe8
HH4yxGMiJMc
HJAA4p9gYhQ
HKg_ewfAyIw
HP0AhqISHdQ
HUMYJeTev-k
HWA0U6KPZvg
HZy4Z_3E6Ck
HaVcDmvsbRc
HhRz9DzTedU
HjTaQb3GFow
HkJNAiwkk2A
HmEhXbOiiSg
HneIvr3DxkY
Hp3faif2IKE
I4ZAb2eHYws
I5dIEADxAoE
I77H8oSvUm0
IABCVcKHc1A
IDMKX5qJ2VM
IDtelJFWNlA
ILIXmFImtmI
IMxDKzSOotw
IPYNqf3k_5Q
IRJHzUyEkfQ
IVY-v9t5IfA
IY2ECZ5Hd8o
Ie9j455XVKw
InFMzqXm1S8
IoVr3o_ABeA
IoXL9hddBPc
IpHybY2ZMko
Ip_siVDqq5c
IqXsb4ii33s
Ir4Hr9esrBg
IykH1D9uZag
IzGDTmqDHuk
J0krd89V0Sk
J1NVNz8jP38
J2GrQd3yJbM
J2_wz3oE-Gs
J2jSjeBJKv8
J5mZl7xuiYs
J6R_faVS68s
JC-aZWf1B7g
JJpxjhEcxNU
JMO0WmDt_uQ
JPUuwVHckYc
JSrZobBd68E
JUAQG8xXEoY
JWF0PF-VLTc
JbLrE35xPR4
JfhwH6uj3U8
JfsPKCGxM2Y
Jh5B160pgJ8
Jh6d5tIumAU
Jk4Y46NVXQE
JnweRrZK1aI
JsAuhwzsEyY
JsCc2irwwZw
Jsu6q49hzeU
JtcQJ56iL84
JvGk_m7Rzt0
K-oApY9vgLI
K1dv3wm70H8
K447oe-fuG4
K65m8gAcVUA
K80oe-3vcDw
K9BPIAE6IeA
KCFn0l0ANRI
KGUJgM1p70w
KIgXxcBJgjU
KPYqbrs6hvo
KTKM8BVAJK4
KWhJY7tuqDk
KZ_pkhLy_oA
KaQNuYWz09o
KkQl_4Ztcjs
KljsOh0mTYM
KnadDMz5dwo
Kqo6k3KmVaE
KvTM21fPNDQ
KwTDiLYx0VQ
L2acOC7ADGE
L2h2sqx32a8
L6s8cMAId-A
L8-us1jGzsw
LBdAcgpnPBo
LBi2OLY8ASU
LE2MSYiTTRk
LIbjd8sGkPo
LJ7beLnszxg
LL7geE4TTNg
LLhaCitPELI
LNYTE7YHAGY
LPpPb2oGNJI
LWaThEvgDK4
LZLbhltlUWg
LfdxdQKxFTY
LfxMKHYvgdY
LgKBLYcAl-Q
Lh5rsNShnNw
LpfQ735XMrQ
LvH0QysNBCA
Lz49kJlxmhI
M-ZJNIHZqF8
M6BGDMy0kN8
MFZLKPSdbFA
MGAsl5malvI
MNHbyVQqc7M
MSESZj9TSEc
MTM_l9L6qnM
Ma95QTc3z0k
McHaExgesC8
Mec5PskJcpM
Mhl0_-Dy_qk
MlbnPcVcniY
MmdiRcp_xac
MpkL03J6YfM
Mq7BF0H6ZMs
MrqJ-kj6MrE
Mz_kJFFJEBY
N0Em8mhGMrY
N2bR_8XEX-Q
N3IvF3GoxUI
N7A6szHFA_c
N7HQASLt9aw
NCjfxziDaqs
NIXzCiRQNFE
NQYpszRwO5c
NSPJGZoXv6w
NTYG7TVVytg
NXzCJ1mY38k
N__ruQF6v1U
NbT3ImkW3bI
Nc0J4w1N5LQ
NdZMTsbjQeg
NezISnW_Jyg
NfGpv32D6VI
NiWy0HXkvAA
Nii8SlgXhxQ
NmCTcbAILEM
Nph9wHUiXks
NtuAU7d8YNI
O0OGxq44hsQ
O2ep3rNYp70
O51y2dyyARo
O5O-h9vPRTc
O7h3KTIghYM
O9t6JQZ5qdM
ODHYZ7E2XG0
ODJwA7aDQgg
OFKPqv-rnwg
OFPqrqKZNQg
OG59fNjSm50
OLi7_5_FX20
ONRRH9OREhg
ONunaIm4eoQ
OOw-7ANdoPE
OPPAhNU-a74
OPvPQRDG3Lo
OSZc_FhejQs
OTjMJ8D6B1Y
OUL97AqMOKA
OWBSggYFYh4
OWlptMQjKVQ
OZG3LUb1jWE
OdP8uGsftdU
Og2vm-iZkVc
Oi6zqowa658
Oj1HlZyVs8s
Oj82gjGS8Ew
Ok4NAFZvhnI
Omglj7hLC1w
OsZO4rF9ilc
Ow14Q9qRTos
Oyt9dwQ39LY
OzT4pPgXFbc
P7GYAnlkEY8
P9tkh6Q_NBg
PFaiROwQaM8
PcZIeOwvjMs
Pdu-BUbyOlY
PfQKdXyes1I
Pggr8Z9jmrY
PnArFFxmZ5w
PpZEf_aQRXY
Pwa4wGC-jxg
PzbZwfoK2mI
Pzg5HlJeeAM
Q-b3yRkEbsc
Q-w-ozIaark
Q1NcBwCEuNo
Q3EMdxh3lxY
Q8RROLTI8ws
Q8ty6ldLahU
QA1qe5I-cD8
QDuV5LJNGpE
QPil-urYKZI
QRAFMIzvL8s
QYlg_X_I8Tw
QasR-3osot0
Qcgu1c6Xl6Q
QcnsYVbgWAk
QiJ4t9WWGv0
QkB24rLLPow
QmmFCzwOBgw
QnAZGlI7Lag
QnCvPW9V1Nk
QpHRbFDYnN8
Qq8FgIOiD2U
Qus-5mRH18k
QxsxZtoZmhE
QywGK1gRffA
QzOX2RsT3WE
R38KKj8jfn4
R3v9i9ad2Uw
R6SuUZNhU0w
R89E8RjCL-c
RC5t_ZFwFwg
RDd4lBiK770
RGCsiwJvqtU
RIB0AzfV52E
RPU7eYRWUJk
RPXWJSECNHY
RScLLfcn7DE
RZBhH0aw9r8
RZVfb1VVQzY
Rae4_y4DoZc
ReKQllNa-4k
ReZH1ZjncYQ
RgWPmQQ2rzg
Rj5qyJFas-0
RkBY_oY5e3k
RksacOHchgU
RnzHE3eagV4
RqtjDMR2S08
RucxlsOvw4A
RumJWVdX1uQ
RwqRCShsuOI
S5eMzz78qhA
S66U4Jn9gNc
S6S2klaCbyk
SDGV0zhbCp8
SDOtGkws6H0
SENKLSveIzo
SHpOmYcAUyU
SJe7rdR3YwA
SO3JeZkfTNg
SOgSdyXs7j0
STykt1t1ofg
SURRBHzkp6g
SUyTNqQyZ1w
SVlUDmVilkM
S_9ZGJKlM7s
S_F6bs53jiE
SbIG_4KSrPg
SbIUDzLEA_g
Sbg1uuO8xDI
ScWBHQJlvMA
SfRLaKco5Y8
SfuSoY_NjSE
SitaNFdKGG0
SpBmfy7zmVs
SqGgka929HY
SrSTtEOkH-I
Sty-opBqH4M
SvONhxF8WSQ
SxlrSznE300
SyCtrRWoRgk
T2nDQU0t_rk
T6idKWltpAc
TE6cbB0ZcQM
THBuJxzC6sU
TN_2-JlQ_3o
TO7zosRE02M
TOMHcW7br58
TP4BLWo8KeQ
TbYQ4WvPNvA
TdUtoxQgr3A
Teea_sidhgU
Tf6nFFzQIHs
TkyHxYXdeZc
TpsSUo56qbY
Tqsoa5aeNBs
TuD3fMAYr8I
TvQ8j64crxQ
U11m6yKMvZg
U3OuyGz0PXw
UDRVp6TpuGs
UDrVFmgvUzo
UFAYvuCusMA
UFGngiCmF9w
UFrD0eJuZjA
UFz145gt0t4
UHqxHkmRypc
UI_RbXd10EQ
UKn0ZdRH78E
USIpkE_QP8M
UaUsca-WI2E
UacHuYyiqT8
UkQK6h71XW0
Ukjoxgtxd4M
UnGYFjIJmYE
Uot8xsy8-hI
Uqzhg7oU3Ng
UsqHiVsKlKs
Uv6SZyTOSBA
UzNevE56bdg
UzUfxn5BEX0
V5ZNygOOQig
V85b99TQBsc
VBDL_Gue7tk
VC1Knq3wQA8
VD4xR3fcd24
VEtUp0FGFNo
VFH6qSyqBCg
VGSqYetRiUM
VNFGIaUC668
VORr8PHHRfM
VPQYA1TUCWM
VPvHAjpJFHA
VTQrOTB7Wfg
VVnWra_dVUA
VXFXfHA8IuA
VY6zqHn2Vu4
V_lXtpYhecQ
VhVw3sE-UNM
VinMVtBHRy4
Vj7kp6P_gcQ
VjZ39FdVsu0
VoEsFQikytY
VoSuRUq-Dfc
Vt6hM5E83Vs
VuVZJ5CaPjc
VyiWKbZ4Vio
VytRK2CUMT8
VzdpNocmKMY
W0huRIPPWyE
W5w7ch9yqVM
W6zkqEg7j2s
W9MUP1ZTLQQ
WAB9XqSVW9U
WClWn4w9O2o
WEOE_4dzCY8
WGiDQN1pRKw
WJn0HJFViDA
WKuYBuf-Vho
WLpslFa9GKU
WS8RFDS381g
WT0KV6bZYw4
WVfVkIyDvq4
WWGyVWqdpNU
WZBtFP_KhZ8
WZH3XIrbT34
WjDi0jYNkSo
Wje0cEGCuRE
Wkym7hsKuMo
WstM4j7IC8g
Wy4GR-012YI
WyUR4rSdYuc
X0yZJc4ji-g
X2P6DuklAkY
X6HTsRpXkAg
XECf78PFDwA
XEwGi3VkEA0
XIgqROGLSMs
XJAhs8D4G6M
XLPw5piB69E
XRYaSuxynEc
XS8OFVdgruk
XV-KlC9hnUw
XWof0iPwl2M
X_ErL3_7Plg
Xd8ZKDFok_8
Xe5eqkdKqXo
XeJRkjiBo0c
XfhD_ahlPL0
Xg88ZIpiUHM
XhHHBW9cE-Q
XiPlH3b5CJw
Xl0q67nlU-Y
XnCNSGuqfD4
XuXIf5-CYO8
Y8OyY_mnC7o
Y8Zd8pyQWFg
Y9J49Se4EZU
YAlNLlPFK3Y
YCkACXYnv8k
YDHoD348ScQ
YF77QaUOYGk
YJ3QT1b5XMw
YJGNnTzlG-c
YJnVcs06HEQ
YLsq_Mc46Tk
YN1m0qFgYhQ
YNJYmLo8IkQ
YNx7pxIrJrg
YPMBrx59wwA
YRW3Pf86h5k
YSDNtzl5i40
YTwm4IIBGPI
Yb4oAorPmug
YfNqphoTSfw
YfrHSqJBO4g
YhVe3raHKHY
Yi9mp8yqyYQ
YjEJ0U4B3OU
YkESFw4Yn_M
YkRAEc2cErg
Yl1wkl7huJc
YmQ_XXzua8s
YmxVv9fS6ew
Yth-NOAKPSw
YxEjQj3ZQ0E
Z3mV4KACvtw
Z9qaa0elitE
ZPi-hZ8xoTE
ZQlm23ZFvIQ
ZUGwk7o6p-c
ZUjsblJjjqk
ZaXDWujFC2Q
ZgepJ4i-06Y
ZgkLjhEVikY
ZiNvt56TOHs
Zj5J6xY0yQQ
ZjquhU0q3Sg
ZmpHNPC8-bM
Zn_nIjBIeCY
Zo6kl2Y2wuA
ZqXbGZER1w4
ZqYcHHi1CjI
Zshj02-ux5U
ZuT3TuVZWWs
ZvkNu0m7RPQ
_2AQl65CylU
_2Nf9tzPrFg
_5Pzl0TYiX0
_5X1_bw4Xkk
_6lGC7JvA9s
_DRNHl0riBI
_EAv-dd5sz8
_HhHAlsccBo
_Kp4PDljbaw
_LRoeIaPUME
_Lsm1NoaliA
_N2d3l2_hvA
_SHe1tnfrH8
_VC2_qwMz5A
_VGllBjGQC4
_W1SGnXFla0
_W7D0VRX0yE
_ay721aNiU0
_bFxHR4j_nk
_bYIzpx3wns
_e7Jvzobm3Q
_g-29eIqj_g
_hTtd_gFrS0
_i8wjnOg0KQ
_k09lNtYDHU
_lJWqwyaYZc
_lY8Zk7_m20
_qRz_l0LzCc
_sErMU1wuuc
_sHJqHiyQRE
_uwJ15qhhjU
_vwQa44KMZY
a3MBGCn4iVU
a3hWb416W60
a4aREKLhORA
a5pzzXrNQwM
a7EJ8A5tZ2Y
a8JwRrkrOv8
a8UrujwyA1s
aGeeQPT8qmw
aLz0sMODaSE
aTL1sSexb80
aTrvcoxI2oI
aYeeYj5Qb20
aZCrgiRiCu8
aaB6gm-zBtg
abE_3XoU25E
acEgpuwGu-I
adJi7dsUcjU
ajFt9KKgPNw
amMMO1kFbQ4
amqm2nDnpYw
ao-BPGlhxbU
ao7dqL6Kfo0
aolX84C4MHM
apRt0jRvoFs
arVIUkPm8Gk
aryijkIsU0Y
as7iFQF_LZ0
azTXbs7oSME
b5HWc6-gPXU
b94Iy93avEc
b9v-AIwQg80
bA6AS0p0WYs
bAydJTvCD1I
bEnTLWseqFI
bH9OM4GXxHM
bIYMskRoPCs
bIf48nH4rfA
bLY_jB4ucxs
bLy9VEOZys0
bMZy5oZbMkg
bMuHVkMoe-Q
bOqXGHeb5rY
bP6y5sDv0EY
bPHIJBxafuc
bQ_LuGwAiLo
bR5Fwkih8lI
bRoqnBjZo3I
bWfsED_XuWg
bcmRRxO-Nnk
bis-GlbkQrU
bokKfCNXJ4o
bqUGn-YsB5Y
bqW-6x_wx0k
btN7OSJRFeM
buQq28J4S6I
bx3gNgjkzkA
bzwy-yDPdBQ
c-6n2jmjHuU
c4pqQoh-uio
c593ka0WgR0
c5toGJkDKdU
cHJLUoUmF6A
cIY1rWwcqdU
cPaXqM6U4f8
cTBo_od_4NE
cUwu9kAfzVU
cYmHiy4bjeI
cksZw68QgpA
cn_n2VspuKs
cntwHATtwCY
cpJCCP5ytBA
crg8-8d2PrI
csrptHAtLh0
cxsItAr8zBE
d-Y2UsmGyI4
d23oxQyJNf8
d2IUWuQID_I
d4Yl9xRF-XI
dA64-7OruA4
dC9Pz9jxOd4
dCmdto7biNo
dDC_L231gB4
dJLJ9gv6XBA
dLG7riwB5QI
dPffvXd0nuw
dQXgFni9Ikw
dURLh3SPlx8
dXHImjY6IQM
dlkZb4tSzpk
dorUXagYXyw
dqNlX5Z0KFg
dq_MsWsf15k
drCGY4VYmVQ
dsS8hRyoP-4
dvdzH3gDHzE
dxJlzTsvCZ8
e6e1SGOQiJY
e6mgSGv9Ndk
e9Vy8DtqGaI
eBJ5dtnykN0
eC19ngu5vks
eDBJ5Ejq42Y
eDxKi3v4Q9s
eGsG00pGefE
eJN45eJwdRI
eOVeZH7uIqI
ePzP2J5WCwA
eYfCOVz-eFE
edh9A5MUy9w
eeWAoNeCcmc
eetfejskj78
eiP9AN9Jsy0
enXq8rN30kc
eriNjdkg6ZQ
esEYjRk01CM
ex9iLzqQIJg
exgi-CyLQro
ey39nNS0ZKw
ezf8Zgwoszw
f1ceIeaqS84
f49NdLnVRxI
f5IVxNklWAU
f6SwwbRrs-k
f96kvCSssFw
fHtIpjo49jU
fIG7ufwFNY0
fJdofqs_9Q8
fKJTMoy9Zag
fKsKYyR2ag4
fLEHU-8o1IY
fM1ZMg7nwGU
fM7INoctH5M
fPMyNt2Ku7E
fR-ckqbnJ-I
fRrQ62NrzJc
fSB9Lo0Njh8
fZ5GB1WRWvQ
fh0Av-ZQSFU
fhd00qIU6Q0
fjAH-E0jBeQ
fjZuP4raz3M
fouCRIxnPKU
fs7TvaIZFUY
ftxl6UPxeWQ
fwtZzqD1-1U
fxEewIrORNE
fxHsWb5Dj9I
fziZkr0RMqI
g2D34hxz_a8
g3LqBCfcmH8
g40ykHpLw54
g8c211u1_sk
gDYXOU9waQA
gJgMzGzib-g
gL0U8ZnIWN8
gM5AG5z3XI0
gO7qCwW0Qcc
gQY6QX43mSo
gQYqdgiWM7M
gQuGYY2e_jA
gSS8Pty4ZoI
gSaisx6iaXE
gWnSqokrx6s
gY-iIRJdt6E
ge3Nx_0454Y
gfjSQTq_5a8
gg5aEBEiABE
gg6t_NucDFw
ghE7h4a794I
gjJhXaXaKgg
glbvv8UUC_4
goNEhnD52sM
gsmCK3xJ7qU
gw4pD1enLZE
gyahL86ThBU
gzN_QgfnAUM
h-RRR2EWOiQ
h2SO9t1K908
h5lUdXY7JEw
hCBJgJJXBZs
hIpGG9EkOaQ
hKIUsipyNgU
hLM8pvvqpQA
hQ2Iu3hOoU8
hQ_G7anZDjg
hQmMUlC9ZUE
hRDjHYKXmmY
haCgdhabh-M
hbThyydJ4oo
hiyJYpH5l08
hlXPFbWfKAU
hllhP8SPt6w
hmGOlkHQCQQ
hmLNa8e7tbg
hmrY_8m1rEQ
hp3JDeZRFbU
hup3PM0ZrV8
hyKGLLUkKKo
hzequ_Z8Mn4
i2QSLSSePGc
i4yzxUC4KUA
i5O6sPft904
i7W8ljeocLs
i9f0Sf01ue8
iCBIQU0-2-Y
iFH8XMFGWVQ
iIpAevtJTtU
iNDB22IJo0I
iQ71EZWEm7Q
iTjosvjuMaU
iUXi-AFykMA
iXZpqVXFqhg
ib2P4alx5Tg
iu040PXNo5k
iwdzxlN8XrQ
izochgkSVT4
j3nCGjX4O40
j41JQ7WuQSo
j7Hu0zMJ7Yo
j7pbF12sz24
jAKG9UHpGO8
jBx9zWA8n3E
jD6DT5mUjEY
jDcgK_tuAnI
jEfsbozucA4
jFkoQlbYQ8c
jGgOPWH_SM0
jHTP6Kj8V_g
jJzpqSirqAU
jMqLY579kWU
jMsfosciGSI
jSVY5LH63-E
jTsJiTwwK5A
jWPfjRTv_iU
j_uSEctusQ4
jaUd6uYaG44
jbjiOkbONas
jeIv2vU5Tgs
jev8XITfbG4
jhQxVaWiadE
jikla93fS28
jjHaiBijpDE
jkbu7D4aYWg
jp1tEt0IjSY
jqkLLm1tYkk
js6nkAUMBcE
judoYoWF7D4
jzj1mdUbdcU
jzrJCnPklNs
k-IrxSfxf-k
k0UMvBsGCOE
k8jUqh84qFw
k9t6A8bbizk
kE68T_HZU-g
kFbItEwVAMM
kLDWP2tLtSA
kNPAGHT0gYk
kNtVacSDQK4
kOdBGg8-L20
kOmXK5fI33A
kOnPlkaxSRI
kPYya2o6SaU
kZW1sM2K8Dc
kZhLd-T5sQM
k_QRt5Vjps8
ka3XqY26okk
kevw6pVHEGY
kg7Tk2x2qtk
khVMTfAvuvY
kknCmqLgebQ
ko6Lzmr4jTE
krFmosh75do
kraAmOVtOcM
l7KR-aRyThU
l8OxsKMu5kM
l8PGSA9razs
lAx2-KaMQjo
lB4lFYPlz0E
lBNtrpRSM_Y
lEJwqvDJCEY
lJXUa6IA2Ag
lJeAftK-Nf8
lN61QkDodYU
lR58pS1z1vo
lXLxPx7Q63A
lYBTJMkv5_w
lZBqFwPcBdI
lbbSw4wFFnc
lc4hWBdq72k
lfU8dA7Kk_s
lfZPfBU3xL0
ll97qceSEII
lnFYlI3V0JU
lqR_IqQc0WU
lrVbc2bZpNw
lrrUL-PaDas
ltTngxYPWu8
ludfLAYI-0s
lyR58k6oxn8
lzhwMo41BgM
m0noUu7Xz7c
m1JS7Zfe86s
m8r6bsYwYVQ
mHIi6cT1X4Y
mJZnBenBaMM
mQRpXpPZ7fY
mRFiYlpqKAM
mSnJCHgDvnY
mXI62y7tbHg
mXWQzqWrWSw
mYIzkmAuQ0U
mZjUhpecubg
mdXCKM3JQFY
mh18RD2qRLk
mijhYNWW8OY
mj02j0U7D_k
mj4U_9LhxcY
mloptq_m2l4
mo5XMty58-M
ms3ci-v6b-E
ms9gzIoFjvc
n-Bp_AioKtc
n0aWu-GwxVc
n5BYqrVsShY
n5qtNNPNdUU
nBPdXqh0Q6o
nF9dAnT5XaU
nKjxKdztwdU
nOIEyd4FPAk
nWU8OLToAyM
nXjQW5rnEGQ
nYQpm0SFXwY
nZe5T6PS4xs
n_gNaQIBTTg
nheqFwSeXlw
niShDZ0k5Xg
nnyLAHdp0cc
np_cLMT4VVs
nuXKPB7Ol24
nveKCNTlQuY
nwnxHsY2CG4
nyNmOKefS6k
nyU9YEbjfkU
nzGWc_ZvLKE
nzZNdVk66b4
o0gFQK5GIwc
o2FcDukrBOs
o8akA6Qyhv8
oBCOg6Yt0T0
oDDdsXzv3uo
oDvkoFw4Mek
oDz1MRm9sPQ
oER-InlrNEo
oOTdhFLLSDE
oS6GJ83tD8g
oSUCNMr6WEU
oVZdwmSMhWc
omAPvXKYDnw
omincw0r6EY
otvyFRZZ5vM
ov3pi2cy2Vw
oxgTJaZl47o
ozJvAiQLC5k
p-QbAIird3w
p49UMcrU4qs
p89XcTT_Fp4
p9cUsXTejbk
pBM0bBmN2_Y
pECx4BEBT5M
pGA_WhD9Fus
pGL1EvgfnU4
pJvciDduzSo
pK7ps8p8KZE
pOE3JNUE2cY
pOFtBBivfK0
pPt7QCY17vE
pPwtgKjF4hU
pRGEv1U70NI
pS4b-q9JuwY
pYEfX42BNOQ
pZfwE0LIV8w
pflacfilUFQ
pguGJiLpI5s
piDobF2v7oY
piRJnNVENgg
pjpFltOLwis
prcCsPItoxM
pvhJUf02bsA
pxxkJH8NzLI
pzBICngC2Tc
q9d93R2Psak
qA1sbxw6sFQ
qCTfGFYlCsE
qHWDYiQAtnQ
qJBL_G7mmN0
qNZbX-5cpok
qOGNlXH709k
qOfbdSGiOHM
qQiB1vNowjw
qSJmxACdPSE
qShHqyXohIE
qXYXQYKszQ8
q_AbNq9VTMc
qcV60qfNUNA
qdN2V8nuqjg
qdwsN9tpBis
qisjuy8Xge8
ql4CqrItoHI
qoUb7vBJ5-k
qrJhtYugk90
qwLc0UQF-pk
qyWUBGlKnTc
qya4Zp_OAJQ
r-ddt2uCo8o
r23hths1PkQ
r33cb4Wro5c
r58tfYvaiDE
r8OgIsZgG4s
r8hp6OfNaRQ
rA5O42bcw7s
rAF63MgVHN4
rBCqITH149k
rBHdvkCiH6E
rGPRWVT9dmM
rHeKU-1Kdlc
rJlJ4ARtGX8
rMTIA6gc1SY
rMkCXEJ-arw
rTpLv0AYdWU
rUpM0hjfyl0
rVUvaqnSRG8
rWD_fxSgibY
rWx_GnOxuD4
rbwwooyUdSg
reUjYVMSUzY
rgQ56oph0BM
rkrikT-ygEM
rlZpEiBKQtM
rrynXSUBwnw
rs99f28lAc0
rsAB9zmjoyg
ruQUNOohnPg
rv1WpOwdO8w
rx3m9-8uAEw
rzPu8kRaPUw
s0Dei3nbVnw
s7ghHU-_hPc
sALzHweacIA
sBGShQCGROg
sBcuSwGKNwg
sGpnrC0Fy-s
sHcWrNCztaE
sJuoe_apDcs
sLRl7UcNvjY
sOoMcsyKuZY
sQpLoyPK1Cc
sRK-Fbcj1QM
sRSpYVRyqA8
sRwttoHdoSE
sZn2SeCPg0M
sdLr1lEJz4M
sfdh9RRFEyc
shj9fDqcMTA
siWP9agBkpE
sidNmqahhls
snHfkoEyViI
sn_72WnBEoo
stWJXbVNZeQ
stYOuGt0ZeY
t-BVntd1Eog
t-MEKnzqyLE
t2DSqQqwaU8
t2wfVnoeVc0
t6M8NYxAcwI
t7Vi82wOwWI
t9UicYElmq8
tCCh7lHtGo8
tIYP7y_0sNg
tMAkDHUUBzQ
tWVtFckwPIQ
tXzHTYSpKb8
tYr56fZMnvI
tawiw2LwxN4
tbrOoOCLuQE
tegj4bIF6N4
thEQDDjzRio
thYvQGQKZzw
thw5I3YYrbA
tjHQ-yMuVik
tqeyK5PSEaM
tsZSp95TXps
ttiemaUXOso
tv2QtZ8imxo
tvxa0i7aaoE
tw0xQQQaIo8
twbBb6dIy7Y
tzSN1Rn8GLQ
u0rTCUQIaPo
u21zrgKMlBA
u5X7B7yi6H0
uAwcJVHrtFw
uEVfAdHUqug
uFUTQ1cdatw
uP3KZ7mFcwk
uSgteIJBk0Y
uUqs1nCCJlo
uVcXHphiU6w
uWRgOpOs54E
uXArGf5JgEo
ujrJljaGBuo
ukt1QNl8AOo
unIHrKT9hrM
uqlZO7vlsZ0
uroojohD-Xs
uv1XJA-f0UA
v-bacPWid1s
v1rDvO6Vw7A
v5lr24k2B0A
v7r5CL0c2C0
v8ZWOSXcFKc
vD3ap71JmEk
vFcEK7FB-Ng
vGJyRMc_tpA
vHwLdf-e3AI
vJwBFjQP-HI
vLOuz-1kFrU
vSKyls_ojRo
vZ45ySOH_HQ
vdBhjLI-aeo
vfk9A4s3sXo
vmuTCeW8QyI
vn7MeXYdYPY
vnBDWoEa-eY
vojYJY9mzVA
vs7b3WRowh8
w2EIj2k55xk
w2btwEWVztM
w47op0naMNI
w9tuXnXC4mk
wCAthDHRA2c
wFi3UWkV6ws
wIKk1p_OwsI
w_Br0ixLzf8
wh5UGPjZ89I
whmC4Ix3KbI
wjnTBdqn7A4
wqVchp6OZMA
wrLakU3pwZ4
ws1SpofglDo
wsAaLlk86dA
wtgFlhxihXs
wxo4b0TL0Rk
wyR8HcEkYFI
wz7Mcg4tFy4
x6RxnekiWNc
x6r1SLTYMZs
xAoyL5znmv4
xB7grygEPuM
xGTGaxBANFE
xHY02JlRCv4
xUPo-i3l4A4
xdv5Q3w6mZc
xj9B6Glj_5M
xpaUbjCSu4M
xrxjdV53VJo
xvW-MJARbxY
xwcZuDDW8IY
xwnLEjjRUeg
xz3h7dflyhM
y-wrrxgLeJw
y40yYYKzpNk
y8I6B1pScy8
y8K28Gk59QA
y9uyrT-tuuA
yB1ArgkjtUU
yBpYH92ZWYg
yBviPErUcsY
yHnBtm48eQs
yJ5z-_J75Zs
yN6VJ1KO4fY
yRX7sZiJ5eQ
ySkt4aiOTKc
yVW8mbd1r_E
yWYeMAwo3Q0
ydUoNJr8eUE
yeYokCxZec4
ypTmQnHLaUM
yqyv401wg0c
yu9ily8u7LE
ywaZeZHuFms
z-twA26xQXI
z2saM_fR_xU
z3i9G1psvlw
z4-GosNfnBI
z4xLheOfeE0
zIqqJqqfSCA
zJJfA3XwHxU
zK35NcJhiF0
zXWzXyun4dI
zXiNnbltYuE
zdoovovbrCA
zgfdy2X95mQ
zgo-9E8ZhyY
zp7M5jTiGR4
zyyhMY8oNXY
