-fAid-5vzmY
-hdmy7cK6cI
2r9Lpab9Fhc
2rP9d-OdcE0
3OJVy35OZ8s
4-bNJbx4Vik
4TytSDwTDeQ
5AbefMM0EE4
5OmxK3XmKQE
85LilHBO0W8
9b2up3vOyVA
BPrhhew8i3o
Be4-t6lGjaY
C_wfOWWnvpY
DbdL6Bj-uKQ
E0mz8k6i8pY
E36m5uvo34c
E4AnY-Z5gXQ
EErAp7_lovw
EWCCDl6OkvM
F53nbqu0ee8
F544tRH0Bms
GwL4smm8w8E
IHZizp6HB40
JblrN5oNse4
JnD6RSv_Ef8
L5o3FFAXGhM
MocbpdCkDEo
Nf6AHRvII5A
OamupgVE6Gk
PFZJdJp8-vE
Q_MZQsMcVN4
RRHBJMKmhro
TFkntSp_i5Y
TH-3wnLvItU
TQ4jBUYqqLk
UKZiyiWx7sU
UZVXNUdyngo
Uffogby_xVc
VHlavyU-9R8
X59nw16mTaY
Yt83TulOL5I
_5dzvYq439k
_QIUcjuGTIE
arwJrybNvvU
bbSJDa8SK-o
d4qLPGLACVw
fcmM9JhJ-5c
ffFVhs_6B1M
fijZPi26lKs
gIDra0LOiXM
i2peXGs0bmE
iuIZuUCKd84
jRkLD8Ln990
jr4bD4igD9Y
kNgzUrraiYU
kxnRPKCwNME
lLzw9xs36BE
lTYuRSWv4D4
oD3KU3fhQgM
oPdXGTXrv5U
pFP-dAMX5-Q
q1gOLNznvus
q2wFMwmt6vY
sJZtNb09fVY
sz2WazpXohM
tBJc0T9qpwY
tk1qpGVglD0
udOgL2nCpqI
x5YlogsATeg
yHIbCZ2PCWk
ySEjnElz-7Q
