-4hTQEnwa7s
-9fPYlSEkJ0
-Am8glebGwQ
-B2wrOqn5sQ
-PSQS88VdZU
-gspiFARqto
-rJbXaNwJxE
0RpvhiIZQkk
0WPNVHZmYE8
0eRS2imxR2c
0fb75Z-i03A
0gbPqKiwt3M
0npOMfkAlVU
14wTLEmESOs
1671V8LrEwk
1AMYr01rkHE
1rcEbI44WqE
1tbpB-Qrqds
24yObE8SLzY
25w0mYsx_Lk
26ZXZEiudhA
2DST_c9uP4Q
2Mys0GRUgM4
2cZZQyrF_HU
2fYsaiS_NS4
2pOxIYxPr3M
33EpuPv4ULw
3UqPa5eV2e0
3knyQ8z7lrQ
4EXCxC9UxI0
4GIsh7cTsHc
4Y88u0Qjd5s
4ZO536vf_4E
4doto45IP7s
4e6zHMBUgvg
5o8LUjvHFZA
6BHS8KMqLkU
70XG5_TuW68
7Tueff34xjA
7dd7-UyqgUM
7f2sPY2U204
7uxRcomJo7I
8EZYSq6c_hg
8O4UG9NtUoM
8Q_A2tEn2ko
8QxDmN_BMaU
8urm2D1HhX8
91lZ8sfu-XU
93Hv3IkUecQ
9Iu56-1zzfI
9uhxEjV1Kq4
A-KyYwFYtJM
A5n9A1QJ74M
ADPy7sCbiUU
AZJrGuKn2Nk
AdTD0EhCW7A
AeDEjalJkq0
Ap793xYua4w
Aq2i-dSfFZw
AtNlFBWBWPw
Avr9gGMOVHw
B0AdPztLsHs
B53SGK_SLTk
BGTBTghFQDI
BzN6MEleBlQ
C14ui8o_esM
C4u6WnLfYeY
CCTg_izVejI
CVnUl74fHsM
CZC9BI_joNU
CfCoA7jQu84
Cjxk_qrmeMY
CpaJYTaDHM0
D0AlZuN14Fw
D7sbbap9lIc
D8yxw4t4F3A
DCBwXvH3kH4
DDm4C_Ng85s
DG-DdQkdP94
DO28z1MTaC8
DbqEkHOxECM
Di-5aO2lddU
Dp2q1lzUVlQ
DqBi8Zt412s
DspU9zQ6ff8
E0cMsom-N7E
EfHnGTCO1s4
FPI9J8_LmJQ
FbNbkIx6REE
FelX-L-fvSk
FozbGMUOOjs
FpYf1Wrzi2M
FqVMAv3wKes
FziiLPHLIVk
GCBBz_4q3ZY
Gd2wANUtm_4
Gti01VN0zXA
H0Fln-ujA3w
HAMhInc37gI
HDSMjuNWNQk
HF8cvN3ZKtU
HFJMucQtAOo
HVKBVYhxpEY
HiCeU8tIh0U
HvrXmUORIcQ
IMBSR0A9nJs
Icd-OMkOIqQ
IloLuuXW7lE
J6MDnL_B83w
JA7JraNd1e8
JEMVGw2WdCE
Jpn-lii8Mc0
JyTKdxfD8no
K8QMjqu0_MY
KAH-POAsnyE
KDTzgRAD8-Y
KDrTj4SBgkU
KJTX68hK87w
KQ5nYQKw43A
KV90PAgPO2A
Kmzyo4mF_Gg
KwbAHRLJ1RY
LJa5Df75CJI
LL0VpN9iytU
LXSvLzf8mQo
Lkxw7bVvnHs
LvWVEAyZzxc
LvtDKik8Xb8
LzIoGjWNtVo
M7QHuyP6sLk
MWMloBpKuVg
MvaAX4pTvYU
NKBbyDDzzmw
NQYFSC5TCnE
Nd2NeAbF3k8
NnQmNvrOmCI
NpJfOYoEUK4
NqtT3roFaBs
Nu5BrqlnACs
OE2pJpVVzYw
OMpuTbOzyoc
OQsa_sdKzjY
OkjaIVnXg9o
OoiSIESd-rU
OwrIaWwPJvM
PHAmfkkrSSs
Q5s1S-esBW0
QJ3YfBMrVls
QOb_ElHrC14
QUk_oflYX0M
Qewug63GIqc
Qkv7D-BGAt4
QnaMCHgQln8
R2skmBe07aQ
RSZfxqk9wNc
RUYbO35XVCE
RXysrJ1OwsU
RainALQWgU8
S-PGKHRQM5o
S-ZY3NtFO20
SDIQje8v5SY
SXsVWpN8e1A
SziecWG-v0c
TNaKFN65B5o
TPTu9YuBMwU
TSM7CFcJ1L0
TvgWwc1dBb8
TwlJw8DN53M
Twv9FExvwSw
TyzvlcfCUDg
U8zArIhxato
URql999FcT8
UXWYC8k7Gas
UxPMmKAMX98
V4lW-6f56Cg
VBxmm4zzC1g
VEwKZo8l7yY
VOQ7DlsATuc
VjgsKzBghNk
Vy6j7N_Wh0o
W6nkqNrWVrk
WFmNYreKao8
WM0vlYWi33I
WQFcuBCL1F4
Wgl8OsI1dB4
WwRujiYpgq0
Wz8ajFNe_xM
XzgnlvT5-6Y
Y-a6cV08zDM
YFoByIzKGUk
YQhpedRR2Y4
YgMVGhponbU
Ytkf3qZTj74
YzTVX7fM-m8
Z4WjtjMl3j8
ZcnmkrOqh8s
ZlIq20_wnho
ZmTRn30NU2g
_4xbS0Crtic
_WmByfLW-3g
_Y-iXy9b4Ew
_ZmPtTJHfNI
_j8aiuqS4_0
_sp6jBv0EWA
a9rd97X9Too
aCOxrgHpLb0
aEKSPFwvFoY
aHzb3XGiG08
aoWDLhcoQtE
aux7NOLq3sY
bC5n31nkwKU
bIxvPbhuTpo
bRMHNmDMLqw
br1ov5_Bf-8
br2ThhGdJXU
bwaWxRCMzJ4
c6s0bKN5y4E
cGGsU9WRObY
cKeN_oR3VEA
cPVp5TWZR0w
cTvjTP841J4
cdEASsRLWcg
ciTwGjksQWs
cmJbc_BzTp8
d-MNpi_zPr0
d9qnuDDwiHQ
dJYcXok1_wQ
dfu5wt0wwFc
dowe5Oy7u_Y
dzuHSFA_Z2s
e4sg69QooO0
emogd1h6o9A
f5V0W6btKdY
f7WltO4hhtI
fg3i2Yl_vqQ
fhDxUI-t2v4
ft4drtuFhMU
fz9td9L2uIo
gOKiOKPv-X0
gcx89fY8nZQ
gpHLc41XR04
gyOxMMJWiYg
hBzXn8Kdaao
hGOKlDmY4ig
hWVGjZaX7mU
hX6W4X_CqkA
hetJTjwGt3A
hh6osBa1s-A
hv0P9kotpJw
hyAhvdIvtzQ
hzotV0aslmY
iCtRgphJ3_8
iLiE-uWRfBc
iQQDU3H7vaU
iXZDALKuDEc
iZyf2oBcR9Q
ieznxMQccW0
ihv2TK04WPg
ii1vl5wLPWU
iuLI_EUlgvE
iwCO5bNiuNw
j4-gTbXfwXg
jL_wSA6EeY8
jPhLlZ4_c1A
js6ZLkfXwEg
k9EmWn_MvQc
k9lpwbZ1Cyw
kGpA8jr_ZMg
kO4qTTR0B7o
kVIQEb0fOPg
kYbh2NTFsS8
knRe3EsANdg
kqgaZ8Tfhyk
kuLjANG5mu4
kudYuwgjAeY
kvpSIPdCvmw
l6IwRWbovRU
lLkqjBOGgek
lLzLAJcRn-Q
lRgIkvwIh4g
lWVZLZdQHcY
lpHT3_yF4WQ
ltHf6dLgdLo
luULXvxGXEI
lyUZn39V6TY
m00aI6oHm_c
m6_i2xT7mgM
mCB8n7v0MEA
mCzuNeWLYBs
mIzJ3LYZvKw
mhUoe2JBxco
n5BL4u1QpfY
n64LCdoBzaU
n781_V5I0ac
nPQTMImWHfw
nbKeE_rF-Zc
ndNfx0HHcLk
nsG9XSdGkj8
o17K4WiESWQ
o29kg7LLAVg
oF7Rh6qXj1A
oH407-a1v-4
oQmhJz4XF_k
okGRm3IfNmw
opdegV4nwTM
oqbLgvN8DCs
p5WLA70fXMM
pXBR9CxK3lQ
pipfrQRET80
qW-mT-FbLnA
qbin8r7EErE
qfiO5HGBWWc
qhHtJcXkkfg
qlEZdH3nEZs
qv6IQBhWWsc
rX4yioCLNvs
rkoC8ZlqOII
s-VOCgrLfes
s3ea8V8twrY
sfjI4jEY58s
sqpNZmRg7oc
tPdiNtdFe98
tgyq7_g2wV0
ts8OsKe0taY
u1ZSMsWIfBM
u6uLgifbn5I
uJCgrG90u8A
uJro3yCDEgk
uVQKL83tZb0
uozBVxN9UfU
utYiiAb1Ngg
utcO6odBZIg
uuDQbMlXeDQ
vKq803uJdos
vMY6Wr3niUg
vdWQcl1cNlI
vkmohzpmqS4
vosZEy6YML0
vzR7wHdNuOU
w0TnJ6vX49c
wYYyRsIzh_4
wbCZq2_-xM0
wdHXvOBC8bw
wn7jKtpg2dg
woqgGKERnps
wrk4e6bGi1Y
x-TMzSM51Cw
xQ-L0aZ24FA
xYJRC7aOrJ0
x_4SSreKzpU
xeoof3v45mk
xoS71OW-Re0
xp727Z8dXZc
yXliDC1I0U0
ye0OP1Bu_hs
ykmGxE9DURo
yomCUtZukPE
zEytN1zSTEE
