-l1_OrZAS9E
-yQGky4Juhk
0vwY_QfHgN0
1JGwoSuRydc
1S02N1dMwd4
27v3SfrB9nI
2_394TVyxqs
2eag5uchSJY
3KEL0Nanplw
3Q0xw4UXXCg
3z-QLH39ZeY
4AKnt2gckZE
4CiAapcDw0s
6VlFRWgLsMs
6nR-2JC4G2o
7KGnumeM_yc
9S8COYtitqM
9Umqb6q1Pro
A-4IdvwVdN8
A04Flv0H6R0
CUL5TbGAnuY
DW6MotvJcOY
EQbpoCSgzdQ
EYQrdY2djys
EgcZ_CjT7c0
FjdI_eqf9n0
G6dw7m3xCdc
GKzi-mO8gc0
HExzurRKWTU
HHr71GCgESo
HLI75r0yNh8
HpoJAtoCGc4
J64YekAS_8A
JwPuVESnWvM
KEXCq-QPTHw
KSzjbkp5_AE
KWvR6EbgUs8
Kgpmrg2DZRE
Mkzp_ZRAgGI
N9enM4l_11w
Neg72c6W8o4
OBCbR_cBNBk
OyPh1jxUaqc
P4MuoiRQLB0
PaDNGlUw8Jg
QLgUM_RSlmI
QVQcMk_xBpo
Qdehw7STJOU
R6QN_xjynRQ
R87KQ7RRO2U
Rhl1qSdrwX8
SyLc_j1Utqs
TPUjckd5KeU
TaGB6WQFBqg
V6kZcUJLj5w
WcMyIB0ES88
WxH8tgxiopU
XuKAIQ9FmUs
YKYbeXM5sEo
YeeBb6BJmhw
Yp5urnuz9vE
ZHTZUEm8_pM
ZMvQvh_vyoI
_7acmKtL6og
_VzQ9YDIg9U
a7GVcL4AvXw
aG9kUV_kswU
aMZRNRKwalc
b8VapQTl2lg
bB8i6H0eC3k
cRxRLG5K1jg
dCT0v8J5QhU
dMTJRYmQkbc
eLdHZN-ON7g
fMPs7YYU2CU
fhdajh3sDeM
guRRiHvIVpA
h1iy7lqxFH4
hE0TCUQgjS8
hdncG1wAM44
j1G1sMpl2_w
jCwM2p1x6mg
jITaE9ib6Fs
jiWNB2_956o
jtVoqzwq4CE
jy_8_-EB7bM
kQXA6TcFfQ0
l1ofhzVQxjM
laVSGv0JohI
m0PHMnHwT_s
mb_1Yip5U6k
mrPiVfraSd4
muCP6omI3IM
nFBqmg8ELM4
nYOl0tCWmi4
ni_xEeAAle0
oCIs6qPefeQ
ojwaF3Km4I0
onZffFldobM
op2R8yxjNPA
oprkA8uEvRQ
q6piv336E8o
rQcVCTs4A1A
sJ_Uf2ax0MA
setQ-UJjGXM
soB6PAjfFGg
soNjZQRkdhU
u2NwBO9wwPk
ue7R_dBB_hg
ulcrkVs9Yzc
v4r_D4LzBdk
vGUtChg1ITI
vQuNQIzm6ZM
vU25zBz7Z1I
w2HuLVWZrc0
w6fkePrmKF4
wrFZ00xRKbA
xTWvuESfQJg
xUjOow_6kOI
xzH65aU1q0g
yHqbZFVNN-M
zNsmCoUJSJc
z_yHDQOjFvo
