0g4j2k_Ggc4
1aMt7ulL6EI
21JSKHR7KWw
2cqpncnLUJM
2pWv7GOvuf0
3FHWSTKQi58
3N9phq_yZP0
4wle0KmSvRM
5XRMSAf2srA
5eAXoPSBgnE
6hROM_bxZ9E
7L2sUGcOgh0
7Pcvdo4EJeo
7R52wiUgxZI
87kLfzmYBy8
8zAP2qWAsKg
AIiwuClvH6k
AJejcug2brU
ALdsqfrLieg
Bm7zah_LrmE
CUZxe7bXKxo
DMvmcTQuofE
EKozG-B9mkI
ETaZAyK4IVM
EeMCEQa85tw
ExrXs7PCQpU
FBggC-XVF4M
FKl8kM4finE
Fb-kDlCHPgs
G5gJ-pVo1gs
GdeY-MrXD74
Gk-PyJSNlcI
H4VGSYGvJiA
HIu9P9wEIsc
Ho1XPZ8JTsI
ItMutbeOHtc
JO0LwmIlWw0
KHZVXao4qXs
KpedmJdrTpY
LEIq_iXH9wI
LK8UP6mdkD8
MhNcWxUs-PQ
NX6eYMZhbZY
Nd1-UUMVfz4
OfKnA91zs9I
OkAwsrHMTgM
PnHCvfgC_ZA
Q57rzaHHO0k
QxHdPdRcMhw
SF486mbvAOI
SUbqykXVx0A
TCCjZe0y4Qc
UoPei5o4fps
UuhECwm31dM
Uy4OYU7PQYA
WXHFqTvfFSw
WXuK6gekU1Y
WjAkzPhqsxo
Wujy7OzvdJk
XpbLq7rIJAA
XtJVLOe4cfs
Y95JwaynE40
Z-HL5nppBnM
ZfJhOTZi0WE
_aUq7lmMfxo
_da0i5S-SSU
_x4yB_F1bTA
aQJP3Z2Ho8U
bIQxOsRAXCo
bkS7XZCk2pU
cCUOVSE71fw
cVzvNZOBaJ4
cupxZ2Mz6VI
e6BOQx1PD0c
eaWfWoVUTEw
eao_0_nalEY
f0s-uvvXvWg
g-dKXOlsf98
gg7WjuFs8F4
hmKZyJYgV6Y
iDxJxIyzSiM
iOh7QUZGyiU
j9IOXa-iXKY
jTO6odQNp90
kVU8zTI-Od0
kZ_AUmFcZtk
koEWIEHTopo
l-GsfyVCBu0
lfHX2hHRMVQ
mzpW10DPHeQ
oSZkDuDoFAI
ook46h2Jfb4
qUAmTYHEyM8
sG0vggp6qsI
sGuiWX07sKw
shVKhOmT0HE
siDtNqlPoLk
sm-VkgVX-2o
t9uf9cuogBo
tXlM99xPQC8
u84MFu1nG4g
uF53xsT7mjc
ujB31lTdja8
uv4Hh3wDH14
vFr3K2DORc8
vcLU0DhDhi0
vhd4ENh5ON4
wFsI2WqUfdA
wTSbvYBx4eg
y3oqOjHilio
yCALyQRN3hw
yf31XT1G1RQ
z8937RleAZo
zSOMeug_i_M
