-703uiCYQdo
-Mc7Y88Li4I
-_E2WzSKLVQ
-lhnYvFUcLg
-txXHiojNvk
09dRkKSyPI8
0nqVhvq9qRU
0o41UBWpaJI
16QmZkG1RLg
1jIRGjkK7Ek
1nipYpbjA3I
1zYnLj4NMhA
2X7kgXcgZ-I
2kIQRfbczuo
33o-uSpbDho
3M-2LjAWb3M
3SiBj75Dd0I
3k4K_1Duo_s
4MNnv5hsfYw
4aooW1HdV4k
4fxVSWgMT-g
4iFlxhjAoMg
4nPU5_c3Hr4
4oFa6r4QgTo
5NXIV5BXHnc
5XcB6dViF8E
5egYG4paPB4
5nUV1BO5xbM
6XhYeHHlXlU
6XiYT6VCU-Y
703UhmuPA_0
779uLCdGPzY
7KvUawOBWLA
7gJQptztzVM
7z8EPUsG-RU
8ZuaYTS_HCw
8wRdO41rRPQ
99pQKrH9CLk
9Gj7edB0knQ
9RyleFOqUcQ
9WIl_ls4TLk
A0bjt5ot4V4
AHq-LrlGUGk
AOJAxf9XpoQ
AVks4UjSu80
AjxFx70Md3g
B7WKzqRWDTA
B9wpCQU7qDc
BPwXOkNfx-M
BRykX9mEf2E
BTqt_tPwllM
BbS6JrBcQ4M
CEur4oNzJpA
CKj3Zctv0_s
CQASXXXcZBw
CwMqLFSdHfc
DVXt_h2--WM
DVhQUuM1300
Da-yv5s9CMU
DaSVALEYoMg
DeoUeC1943I
ENyUpU3Pp9s
EQjiZo5XJ78
EppfR0gshAs
EuioSNMkw5Y
F0__Sz3i2iU
F3nYISdcUj8
F9H5gxH0QAs
FEGkPQhZXFI
FNJobp1lLEg
FOd7pP1tQyA
FTkX2scDqww
FnFyt6zVhYw
G0ULPlBeKzg
GFZKiVtmvyo
GLWpS8bclwQ
GgoZ0AiWUoM
HFuZHpygouk
HMwCiotgCpI
I4udukq3yA0
IAbIWbdfOnc
IDiu-Og2pJM
I_s6QqmJd7k
J2vVPpbEdH0
JBE9RIMSTrg
JJ-ykSSbOmg
JmGLcfo1OHk
K0eSAdfCA0Y
KfOm4no2VKY
KtCarw6v4fE
LC35ibZd1LE
LK6KQPHlCWw
LZ_-pFBBI9c
LgCvr4V33qA
M71VvImynrE
MR7n1kaI32c
MliHlPHOl4E
MwOINdt6kNA
NH0Ik8jAi-8
NJTb_8WgY3s
NZ2C0GYaO6U
NmP9xyihBBQ
Ny9e8k6GCYI
NzaCPDnPiVM
O6AoilGEers
OFXKKxJQvmQ
OFo0H_STV5w
OLdWW_KtJys
OasOwEsR9Mc
OmenGwotvPw
OslurZOfySA
P1dfi-nV32o
P6i2SaPC6Zw
PDIIGoCg9Cg
PF-U_csVVdw
POrFPyHGKyw
PUKsi3ouUc4
PwNjFaK4OXY
QdckfL3dEt4
QiY0D1MY3aA
Qmfipv-H4_o
R-vQqcyUkdU
RC07J2v66b8
RHx7ci5oiSM
RMb_B6BzF3o
ROLE3TApqHs
Rl5WSGs5bGs
Rmc64HeaR7A
S1PBHX6qrwI
S3Fx2FEhhf8
S8jge_2Rqxk
SVM4bDq83ls
ScPs1ppkrfc
Ss1QiV--RBc
T71VNW-pOLg
TGgbSmCoZFA
TTPt2DwLsD0
Tgp7jg0nBao
Tk3CmNyLhoI
TpvA96A-cYQ
USm3nv49c7A
UvvUlNLCil8
VM4LIdPr2Cc
VPceRPmGLEs
Vmp0mPDLl3s
WCwigt3dUl8
WR-RZmos2o8
WTIVFqTldHU
X42oA0OPfgs
XLrSn4Qp8X8
XU68lyShcfc
X_py6Yh23CA
XiT7B5OSekA
XuLH8m465_8
Y3C429x5w2w
YDpC4WC7y8k
YLCTSylqtYQ
YWuRUBKMnDM
Y_dn2lYDsU4
YaZKQCBHPPg
Z8WwRjpevb4
ZBnLrPjaDLA
ZTe4xhyix1s
ZqDnQjlK2Ac
_3C8r-1_ijY
_84ZbTjdZvA
_9T7QyakmmE
_T5wChRfWBI
_TvnTbu0Euw
a8iIwBt9ZCY
aJlt-B8CiIY
akFNWU-OKg0
avRs5k4DEKY
b4DuOZklbkc
bFF13TbG29I
bLG7xI3_54E
bSGAp1AryXs
bZlEoRvZOvw
c1mAU4OoFnI
cBJtvpL8dNg
dPsy4NdfzjA
dT1f21B2i3Y
dzhA0Q3aS5A
e7y9XiQg61c
eCnhy6diPrM
eEZwVdMmBg4
eH4lFvW2irY
eNIq4pp5vu0
eSqBUiq2A2w
fHt5_m6yHj8
faesCGUO4iA
fxJATNxENvc
gUlksQK2ucM
ggRPFlGxax8
gsFXdzQaW34
hBA6dzUTkCg
hJK3B21GMeM
hJj40o34j_M
iAqNAWueWa0
iBhNvERDemQ
iF6-D8-AZMc
iS67vnLekh8
iSJZoJ0GGpg
iYQM7BhJJns
ieofT2r3CBM
igwiO2swNfw
ixpi0bnD0lQ
jBVCMx4srU0
jRw-40LKl7o
jUYEnXJvMR8
jYiHB9z3D2c
jakXVEUTT48
juiug3mF4Og
k85gfJHW7uk
kGq-xcQsxls
kOexRt8BDDk
kSOAyXvVDVo
kqdZq6iBnI0
l-6bH2XGOUw
l6NftBedWiw
lIH6vjyHKxM
lMqWQXEP67Y
lq8kNK0dcck
lyGAYz5jfHg
lyNUCm5rx0w
mGlVfVQKwrY
mxLwyrfRxEM
n-agWmiWWbc
n68u9LWGJHQ
ngSAC1-yGyQ
nrNsroX4Bcs
oR9ktDtYTu8
oRDPe8x9CwY
oShaLgqshOw
oXLP6IGmdZs
ocpFmZ_L8pg
olSHcbuC2Uw
opgauAImCGs
p0R2CyB6tJA
p5Q5w6qjVAc
pDjp2T2fpPQ
pKK9n4PxbMs
pW4AiEqKGto
pdnV458-9N0
pmJgOujjCaw
pwPQONKtv_0
qF7axJj5aNI
qOkR0RGJ5mc
qPfJHLW-Ex8
qimV9F443FM
r7SgI2mJ7Rs
sKdhdLH4QZc
sS3d8p7G1U0
smLVIYdP2tk
so7YzGfz8tA
syKj9G_mncE
tEJFEVe06BM
tV1gFhH_BS0
tfEj0WTdaJk
u4CkUzWGbBg
uYHx6AvjTho
ucqMh9iYpTo
vZHoMm9KC9Y
vrhPhQ8Ll4Q
w-cjJMG7jkw
w9LSwM_5I4A
wNpIjZLDkjs
xfUsGM9U9Ys
xmjYu7Qy3OQ
xoNNc8KVkNI
xpzpbuFHVVU
xuYzJGo1_ZQ
xy1jGbQBCds
y0-_fIYoSAo
yfs8ph18-Do
z6tY63NL-XU
zKmRNdeu9uM
zOwRyix7zu8
zPluqtRiYJs
zRSXbqjC2Yg
zS78XxJT7hA
zpgwqs11mbY
ztGJ41qLubE
zymkW_6pUc0
zzFaPcQCXTs
