-5SOvWaW_OY
-S2w5vj9Qps
-SvsfXobxLg
-Tv9kXkQ_44
-ZzgW3nf4Ls
-wwjFN83azo
05WkCPORlj4
06sbmWAzoys
0JB3qMQBIXs
0NAASclUm4k
0OMUvxZDrlc
0TdQeTM0xec
0sq2PMQ_Nak
10fOrwO6ooA
13i3xbuaCqI
1EdTw4I6L0U
1VSun4wX7UQ
1_LlKMhgVLo
1dUSNdZspQc
1eQHFlc8YUQ
1k0G-Y41jRA
1mC29gz1hyI
21BwUNDOQno
28grZdfexT8
2C4CVM5rgxQ
2OJJhfKwrRc
2bMKu1CXyB0
2fC6vxszhHk
2jj0e5U89iw
2ugSvI-F__I
37fdEgR2tBA
3FdjgE3KuHg
3G_6Kfk-Dmk
3YwrcJxEbZw
3eHSJdCwyVw
3t7fkdoAMZQ
3uOjWNvRs1s
4-qrVd12ctk
40T03S9TgJQ
4Bwwq1munB0
4UNkQcBrLaQ
4l2thi5_84o
4lHyTQH1iS8
4q2elWPfB6A
5Q0FlxcEEIw
5UrEwmjGDnY
5kloJPhBf4k
5oHJcmYbHvA
5oi5j11FkQg
5xdOPqhGeo0
63cEZ5NDavQ
6DYtC7lrVuY
6RMN5Pf1fHU
7EmWdysUk0c
7J_Pi4Xuk7Y
7QlZjoLmg3I
7VyW_kQqjH0
7f9_U85_YX4
7jb_AO_hRc8
7vnfRPzAQ0g
86iU3fypTd4
89gOyzC3G2s
8CPKVd8HkAY
8EbeqZ4fKc0
8H0l1u_xQ5o
8M0KwcND6a4
8Ne9m1tjOqM
8NuSzMIsir0
8PRbHNznuf0
8YhYqN9BwB4
8jQu6YTqEkU
8qh--3X6E5w
96DkqP14MEQ
96crteVGnR8
9SMp-jnh8lg
9V-ig9K_w7o
9mGtLhKUsBw
9w8VnZWr8tg
AE4XlDIWJJI
AJbe5THaNuU
AMLUikdDQGk
AZYqT31WjvY
AnwrItEvqh4
B-k_kMwB1zM
B1CFVuQVG2U
B4_T6-rc35Y
B6mi1-YoRT4
BFWLb_MKyRE
BHgewRcuoRM
BIEygbqkQbY
BLIYsRwKrkE
BPCFN5Da0RE
BVRnNbb9cLU
BjfgMyPJmDw
C9gjZ1Uika4
CHn_lLbnm8c
CIv6vu9d73c
CP21zNhdztU
CtRtXoT_2Ps
Cvp6mLWbgaM
CyWzwgMqHws
DLcjed7qy4I
EBGPQ_-vdvw
EZ6dOlRQDBo
EZFDDD6ny0M
EZmTo1SVYZo
EfLLkGjBKog
ElDm9aws5O0
EwBK_cXUTZI
F37rd-BpVOo
FEr4RaEOLZY
FH_uFsc0qdY
FdK9_Fp76cw
G3NEqJy15wg
GYPc5thwlJw
Ga1_wuLz0QM
GtPhei7Ma1k
GuvYffYISJc
H2Vg5QBWPV4
H7V2y76pnBg
HA5KF-mETjg
HRe90ySP38U
HYWeEx21WWw
Hnt6pEkcd08
Hp0PsU6mUGs
HwT32y5MQyo
IAJy5IhCUKg
IBgXO5qvbrg
IBoAm4mZNxc
IGkFliEXgYg
IJWEtCRWGvI
IWcl-IsjSOQ
IePQ-FgdAKg
IidwVzW4rTA
J-mrAZbOvQ8
J1PGoNNhCyk
J2IWwbSbN4M
JBUmTJuF3sc
JJmVXARWLIY
JMjbPh1Mjn8
JQf4p4aGf9o
JWioG4fEhkI
Jw-toLAUqPg
K--DUWQUruI
KIfn56HWjoI
KMKd993vG9Q
Kl2pSGlAOXc
Kl75-TXwCcE
KndNN28OcEI
Kpnad_I138Y
KuyB-445gQM
Kw51KiZhm0I
L0n_jJDNvrE
L81vWvqGvJ8
LSTv8tZ4Rac
LhSWYp1sSk8
MALlU-sINuw
MDaHBKx1IyE
MI7MJFgq0Ow
MILH-THsbkY
MPcZ3nhZO-M
MXIB5yg6Fe4
MlmQo6grSLY
MtqtIiJsfiE
N858cXMdw3Y
NCp93xbSwWM
NFcOa-DBJj0
NNmiOoWt86M
NbWntyKxNPE
NkahFg79TnY
O5i3qh6aUvw
O65fxp7DKMc
OLafI9c6cWQ
OWETRP_eabg
OWq4UubK1FI
OeuZ8y0_w6A
OrobTDEYs2M
Ow5K-Ebh7a0
P3714_a3l0w
PDuiSnBYCQc
PLIbDRth6Ss
PNIlIDHNibs
PafSqL1riS4
Pg92zCntHGY
Pj8Zh0A-uLU
QMElx44Ikss
QSgTb6QwMc8
QXoQbWoIiRE
QvSByLtIMpY
QzZxjwtZGng
R0cbckyD9Q0
R4ht2RcWVlI
R6m8OQAQzPk
RE-nDY2aWso
RGh8n86EE48
RIyiY-JpheI
RUdX60eERBs
RcavZVxE9Kk
RmnT9jwX4gQ
RrTCjp2015M
S1LDJUu4nko
S9X9PaN8obg
S9Z1a3sZfHY
SCmZVk3GsQg
SD1AKWUazPU
SNlOPxZ-Ev4
SQ4cB9yXkHM
SQLAWVkFk4E
SfhvqcG2aJc
Sw2P1hpwpqU
Sx05_Niqps4
SybIX2nEn1E
T7D1W1oD8wo
T8q3JpTWhrY
T9lt6MZKLck
TBi0uEoLKzM
TJfPbtXmngs
TNPGiK6izvc
TVAxASr0iUY
TlfsGKDoVIQ
TpN6xuYxwms
TwaE8nZMOBw
U5TBoOWRIy8
UKl33k-qQ0k
UZTvYYoOrmI
Uab1zihjkk8
UlINGF9MnNA
Uoeew4pNL1w
VFfF3F-G9Uk
VVuYGkk_I8s
Ve76d1Fzcyg
Vkxr3jBOnO0
VtI9YrY8SBg
Vuq1pi5k5hg
W4eeXU_T53o
Wg2uLDdxNr4
WqnF-VPfGPw
WryJFHNGatY
WuqSrYUgHWw
WwHyPoqUQec
WynEmwOyMjE
WzMV815_5Aw
X1klhqNHeJk
X3BYFv-CaJM
X4PdoTMkNpQ
X7LMvlboXW4
XC2dYnPXCeA
XFJ_bS4jibk
XPPYYM6WCuE
XSSRrVMOqlQ
Xf_VZ8GxU1Y
XlwhdQkxPZ8
Y2zjPctcywU
Y8Jgtybl_gk
YFGTpSkfT40
YFgSHRCRa6k
YKpvYF0hVDE
YLPDPglvePY
YNWO_PgrhqM
YQw6wrnW_iA
YXEA7M-_poE
YZZUqTBdpvw
YbWjx3LUc0U
Yfc6rAFOI4I
YmFYyNxfYe0
YxrL-pIMws0
Z2xtvbPIW-g
ZCmVpGv6_1g
ZjlBlUvqnPo
_-x90wGBD8U
_83jnI6BQcM
_PnPM8VVHBA
_itTLAvCvPU
_mKUe0DJqzs
_tE9tETI6kw
_vqJvMXoku4
a2z7sZ4MSqo
aCx8NKaxKvI
aEriEw932CI
aIhZkz2C8TI
aNCKhzaQZhI
aOcXjuyiSTI
ak-npY321M4
apewLkLAR-U
awUUQAISrxg
bGeBMRhPEpk
bHBhGydJpR4
bPLyCH1WaEY
bPm2T8viwgA
bmsapLZM2Uo
c50iHjkdFDo
c9shwPMpSq8
cc7ELv2_Xww
cgPYLJ-s5II
cnxiWK_KY6U
ddeGbeh9pQY
dl6Iw1X4NQo
dl8FcXaBGiY
e5pKQk4JEao
eTuiLNYz7JM
eY26CWlO--I
ekL7UJ1lDk4
elAzkXyRQFU
fNQ92ZGWpOA
fV-sG3od1k0
fYXX3y-NblA
fcGdc7emYfM
fpnNaAU0iPk
ftbohQpUrSo
g1ZIyDy9FJs
g2kvgrVq4TQ
gCsoWePrFmI
gJ9i5ruU3Ok
gTIVXYqJnPk
g_5_4Ktamf8
g_Rz94DXvNo
gkx5krbE2Pw
gua96ju_FBk
gxeP3PeA09I
h6xioUHONj0
h7fQW8oboC0
hI4MnNNqHC8
hL0x4kS0kko
hVAfdWIF0p8
hiuqyvR-f_4
hlYjFzd21-k
hqr1DtXXHpY
htkFH0Fhk-M
i2OE9ljBKD8
i2x4foEuRcI
iGwBZTWySWk
iLaSpfgVmCA
ihgJivSS1Js
iks8wCfPerU
ivy6NBCC6to
j0zf-otH3cY
jHGrvL78mUA
jJD7BUxEAU4
jKKWJi2NniA
jMx3SqBYuX0
jVlFsmpZe6o
je7abSXxyTA
jnD1k2v9ip8
k7fCNMiWeRg
k85IhfyP-po
k9BWCnnXOG8
kUVZIRz7PKs
kWndpHMpUlY
khc2wUBsFU4
kisZRX7kaiI
kq8oso9tsf4
l3-A0O42Lyo
lDOYdBgtnjY
lLnjo4Pf2JM
lUjvmgDaKCs
lVSF2lP4oBA
lbOXZ2tcTgc
ldNPl67x-E8
ldfJGTC0ZQ0
lhgFVZOgleg
lowavG2SXsQ
lt1FY6jlgmY
m2QrAK2ltr8
mD0Onu2ArGA
mRCXh__pexQ
mZsJzdv34AI
mcEV3m9SG9M
mthohWV1YwU
mushjZmTPh4
mw0ZFXvx1Bo
n2gQs1mcZHA
nHctYceVE_M
nJrEUZkDNpI
n_a4-qY9dck
nc3ZcrkdlR0
nk35aGqJ-F8
nkxtWHGvST8
nygn7wB7658
nzmoGca5rXc
o6tGHLkZvVM
oFTj9LWkmm8
oHzpMgKuI9Q
oXxsUMyXeMI
oZOEFYogKn8
ocHn1RrT35o
odBiKFAdEXc
ok95GXjv5Oo
omRMpPYh_vw
pLrSXpNvqCY
pNuotNacp1c
pd3RkGs1Tsg
pdP6aqB9ZqA
qLTynnmq4Dc
qgJW1g0nCxQ
quM94jW1wQ4
qwh3VH5rnGA
r-9nLSrEEbQ
r-cgN83Lfm0
r138vxlKtpM
r8-RAjL0mrI
rFdbY_V7vIo
rFfh5S1Utvs
rI5BDxWJ_CU
rUrLuTMq-sw
rVhU8Vyhz7c
rd03arcRbXk
rd8tbD2eekM
rp09r-Z1SmY
s4tS-ZmpJfw
s9My65z94xY
sJW0lQwCF2Q
sUY50gHzX20
sXx_jj8H7-k
saqyb89zED8
skGmQC87Bvg
sqKbgqFpwbo
ssEfeAhwjcM
syi3pXJNe58
tAaKFE41Q6k
tBQhcP9Zr2E
tCrgTV20BD4
tE3MjXyh9qM
tEdNX-V_nc8
tGATo81FkjU
tH1SJpg0DU8
tHnw4IAgq4w
tTHvcUB1kbI
tUExtkn9U0E
tUcvpNp9DmM
tbkBFD8wgJs
tqve876_d0Q
uFBg_rnCiRY
uKPmyG18N7I
ulXu3vKYR1M
uuWb1L2Vwsk
v-ZV_jMumFE
v5SuSB_93FM
vBr0hsCf4_k
vQgT2TMZH6g
viKDzyeCHr0
vtKyKwCxGkA
vxFYfumAAlY
vysmvom-lvg
w0fVYd7c2Vs
w8vqUMIVT1c
w90L_1cRcgM
woIIVD2uuFM
wrIAFfZBoBM
wuByYARkjkY
wxDTrgnyu28
x-UiYHyAUaM
xViRvJxTu6k
xfhzwNkMNg4
xmJjQ3KyTdw
xotLg-oLboY
yAIb3T9DPyE
yAjkQ1YqLEE
yRLQKZzFb68
yTRGY6XvhhM
ybpFEB6Mt88
ycLK0nAqGVI
z7dZxUsv2tU
zcJgXMYQQs8
zhqrZLpftH4
zlLpKzPz84Q
zt1kB7AZhQQ
