-02YTQeID_8
-1pAOfJl-pw
-24J4aXSjZU
-25AYPzgtwE
-2w8ni4Adjk
-5cNJtJTFZ0
-6bVQwkX2rk
-7YUaT2GERs
-7qyMY-kuC0
-80KdEr0q84
-926geXvypA
-Cy3vmrtRI0
-DvfylaSyTg
-F9cuSIlXt8
-FXi5nX2cLE
-GDePdDOFiE
-GhzONVqVXw
-ITGeaOMFG0
-IWoDByKBr0
-IYBRPUfFvU
-IhCbhgcyps
-IzSTYhslF8
-JZN4pTKTtI
-KJzOFU7Z3M
-KakzhS4ZWM
-KlBIVpQWbc
-LDSGQVGtwc
-Ln24q0P15Q
-N5lA0fINE8
-O6-_DFkaHk
-PUoFC8SlVM
-PsNdQa6Ed8
-QeZlchsFCI
-RlZbqQuPzg
-SJO1nK80RA
-T3wDpt1VKw
-TyT9RwmFDk
-UeAEhMZzlg
-V_bf1PXNx4
-WEA1Xs-a5Q
-WEtc_etmCk
-XSK--1AQ_E
-Y09Xej7vlk
-YIE7vMXgZs
-YQ1KAWUmXk
-_6MdZ-ut_U
-bD4663vQNw
-d4XH7KNCeA
-dQXUwVUq2I
-fYD3gdTRpk
-gyeQGKRTq4
-ieBBcn_n-0
-kpju4fYDbk
-lCB-syK5rU
-nJPrh3QWCI
-nwYb_Tn26Y
-oBys9ipfmk
-obAhEFPjRI
-qDCjgaQXoY
-qO0M45Z6O0
-qh26AYgBA4
-reKkcSw9OA
-sU5FPWf89A
-sbXOKY6YRg
-t37MPMDmuI
-t_84DaQvO4
-ubOdEAOVWc
-uqGWIZE2wU
-vpqMOaLPU0
-wFBqUMYkt0
-wzhb3haFNk
-xw9Z43WkEQ
0-3VysqwSEI
0-V1JvBofUY
0-XgYZII48o
0-mnzKGmW8w
0-oYkENX0n8
00gmxxY-OUc
00kMo9L8YVc
00rKeoe6ovM
014CFG7L2ug
014mlxgRjNo
016EgktfzlM
01QbcOCfKcA
01o9qt-fldo
02Mt_H7GUWk
02yLFyqBWlI
03FOka5U4PE
047VXuujlHU
063qNmSqIXw
06C44eMaGvE
08AM4qLZx-c
08DZdM396QY
08huNssDyks
0ArTAU29mU8
0Bn_YspjWhw
0Byq4cA3rcU
0Bz-FOyxa1A
0EB1nx7TsMk
0FxP7rwO4Wk
0G1ZvL80Yc0
0GnSKv0jlYM
0HbGJR9cdy0
0I93rr_cGxY
0Jv0rpcQjhA
0KEP0mAPSQg
0Kx4ALga628
0LoFaa_yNOo
0N7T2owi6Ls
0NNU4nitTrI
0O0pjvRtZfw
0OFIW8eaZQY
0PRmTescKC4
0SmDEDjeEKw
0T4ZXC7wFeA
0TofQW7Ce18
0UzAWRMnogA
0VBg6ydjnZg
0VKYJoR2lxA
0VQl2ca9Y6M
0WEOL7t8d9g
0WejtV-w5co
0WyBgxNvSH0
0Y2AdRUKi4o
0YhCZRAA7Dk
0YtqusNVbzU
0_NNzj1iAHg
0_y7pHTDVrw
0eAQlzaXX6I
0eEEnrJNnhc
0eQWbO9DlCM
0ernDQiTPW4
0fUqsxnrQgI
0fi3plA5Vrg
0hV-8c_M2U0
0hjNuNp3csQ
0hxkNIibFiQ
0jTcLNVtseE
0jVMgRFnG5s
0k8g3jYqSzA
0kGKkUF2ezk
0kZ-Yn9zaso
0oeZ326NwKA
0pZZONOr1j4
0qS-C1aAZcw
0rCWBYaHW5w
0sF-QSVplGo
0sJBfymB1Us
0tsKnjV1lG8
0ttSEwH3d80
0tyPe4iIm54
0wkweM3g05U
0xmHJ2McJuQ
0y7Aa1cyPlc
1-IKlycia_8
10EsbqDARLM
10gZdGiu6Eg
1116VsmWBoU
11Nm5A9HTz8
123Pq801lsU
159ifR_nGpU
16TcaP6NQQA
16d1E6DL0SQ
16jLt47k5cM
17dC91p7wyo
17rfE-F5_Eg
17tyoJxS6OA
19bgO5BMhyY
1A3Q_nJjBzA
1ASZTVgSLws
1Aon7GCRJDk
1At5HQ0sjTs
1BlHnlZF33E
1D81e2b49lw
1F6xL1WIKQQ
1Fj_djdPlzg
1GRx_i2MIKc
1Gt_WZyOs60
1HXmoVpHsjo
1IAwvKRIwVs
1IVAm-04OmY
1IcMS2ScIVA
1JILv6JAzwE
1JXOiv-W8S0
1MsPfHzTCAM
1NzNJIFipY0
1P4svP6TERg
1P59IEen5GU
1PDz-fsp7HQ
1QTe9x5Ykf4
1RIDINkbWwc
1S6uFTMpYbw
1Ss87VQrVXI
1TlZErLJp4Y
1U3hoylAwhk
1UjPfYaDCq0
1V2tH6nv2rc
1VMsR9SDE-k
1VzAf4fQkQ4
1WRZ7YjR7_Q
1XwqcMsGprU
1Y0U3eKvLJ0
1YAvN61-EoM
1ZMrW6DIgQM
1_b1h36yEx4
1aQs5Ka6vfE
1amBWZ_NUKg
1b0LhQO3bRw
1bcmwAYTui4
1bco-QtL2Vo
1ddWfyC_FCw
1e8LtCozEoM
1eIU2h1ouvE
1eWgCEcQzYM
1g8wvonlO-I
1gxvQQPNbW4
1iq0PZZgPuM
1jfWL5GV--c
1jusDnYiCrY
1n6RjKnlmKk
1p9clJMYJNw
1r-oujhqiPs
1rf5RPW5i8Y
1tAsmi8KpYI
1tqqYWQMvlU
1uBoD4hvmwg
1v1g9CasCog
1vNjb6HmD_0
1vO6bFijGQA
1x7FHnODDOw
1xDjc0I65Rc
1yoLetSC1-k
1zc4FPGz0Ks
2-kfCldxMq8
2-rH3hlX5lY
204fWznawIQ
20nW5hvkL4E
219fLVDX4U0
21Vj61llFYs
230ADOC6xME
23W6jancu84
23p1k01FX-M
24dd_Kn9XVA
254NUWAaOuQ
25UY09NjgH4
25nZfyHUt24
27zv5-Ne4ec
28vsAkfo94g
299AjsFmLfM
2AAi1zrT2DQ
2CP3gQV7G3k
2CoxjCxvAzU
2D6NoeyeM7s
2DBYZGxOO8g
2DFKYL0uzHM
2DFUqk3jRKo
2EWR7cD7LEo
2F88Zn8zJEg
2FjLqEdWQuQ
2HWVuPXyvPc
2IAJ2zFPxp0
2IbPflcrXz4
2JOvjlCvVks
2JZSGp5ynbg
2KbG-fkJzyQ
2L-ter4iWPo
2LOVcB7eDNw
2LQ95BPzVYg
2LXrq5uSKfw
2Ls8P5NtO-A
2MIEWNV-GFM
2NtT-7p8IXw
2OVfuktSSyE
2POKUko4z10
2PSWG9NAHrE
2PuEQpzct84
2QXeJwuma4c
2S3P08i2PcA
2SDSXg4CipQ
2SrVzHNIp3g
2T_qa0l063g
2V4EC-9y3Ys
2WidvVVEshY
2YbvsFZTf4A
2_GZKDcIevs
2aGUyIm73xc
2aRi05lvY7k
2b8cg7ctvso
2dRjORqgGq8
2eyG_ZeCOUI
2f6PHNp5IhA
2ff6JkJarkA
2gPx5nUNe_k
2htRPHv9N40
2k8laQMQz94
2k9P5qUcYpY
2pbBAAgtv_w
2peMZ6gwDMo
2vTyAu6lIP0
2wwUNS2-zeE
2x2rceHkL5I
2x83j7usWMY
2xgMO9tE1i4
2yoGCVoY5vU
302znbP7ZfM
33gTJgavO2s
34ApDmRJoOo
34j81Y_Sg40
35qQFeMDJQM
36OPvX8_Up8
36TpzoU2GW8
36xofqrEtpo
37X5bVJ1hx4
389GJnGcME8
39HxgygjapU
39vpBfPdnGk
3Br6F35xWko
3CFs2nL7TrI
3CkmNiid3JQ
3DeDdxj0G0s
3DsJ7f2uo2s
3Dt0LZEb444
3ERH3VkFU-o
3EuKnnk2iNI
3F7qx6P6XuQ
3GEWuBiCXuI
3HmJih34NPs
3I6tiKnLWVI
3IyYOfUBgq0
3JX8iMzTIug
3KvsYIULUqk
3MIuOkxxOZs
3MRZ5w5Nbbs
3O6EsUbFw3A
3OMgLYaJEzw
3P2Jd48Ehh4
3PCmKS6mU34
3PYY5XXIItw
3Pksim-YVWE
3Q5-5fMBQqY
3QmJXt7LCDQ
3QtjtF0aXlA
3RUK29gKk84
3S4te2rDD-w
3SAOnmwhAek
3SRJ6mlU2M4
3U5IgiP5W8w
3VkMsoDIFmM
3W1pRmkp79c
3X-cfu_sHhw
3YEKdHEU8Ho
3YFN8C6IPg8
3_OrLXi1SOY
3_RtlwTUjBg
3_gO2oGraeE
3_wK9ZfxJfk
3aERW0SokNw
3aqD7_okGDo
3awsDi9cgOk
3bB37f19T_0
3bVjfj_fxOs
3brwm7cUmyU
3cad6roclDU
3dhOOTeWa18
3duH3zRM9nc
3ew83YVjZ4o
3g_b85uqTgc
3hBFPh5HXek
3hWNUOa01sI
3jP-88aZhWw
3lgzOuXXbwk
3ltcxsBiHZ8
3n86taH_Fec
3nzN2p0hrhc
3o0hH0wCiJc
3oExohAbYIE
3pvfK4ylOuk
3rN1sl7Inmk
3rYJVHeH0nc
3recqrVEYyk
3ruFYKIvXqk
3sCFiZqv5a4
3scXkYsGP1w
3sna4lERxyY
3t6zvfRA6io
3vERFuLasAw
3wVNbAH2pSI
3wkVnbVLDgU
3xkhEvsV0G8
3xvl8WOFLVU
3zMY9KmDjrM
4-CjEpUm1nA
42Jw8AZSJWY
42uUnjxbias
4361TSRZpUk
43YPGOy-K0c
43rhjIlA6hE
45CaJblgveo
45XAcL6Uj-g
45XxJuHK42A
46BTdwVtRPA
48IhjypgTdo
48TKcBtUzrI
48wpf0phoxA
49G2zy30zFw
4AYayCqLvIc
4AguG8LYaAY
4Bf7KhH2KCM
4ByrsQDnl2w
4Dmfr2h5oAQ
4GPKNHvqTK4
4HkxPF4Fyoo
4HzHRqWF_8E
4ICZrQFxTUY
4JFgjhy2kXk
4JS4J91NIfY
4KT_TKqcUjg
4KaBBmCFzkQ
4LlxGmCOEtU
4NhleByZkiM
4Q4_1zaQyZQ
4Rbsrkz6UOQ
4TJwKayGdbg
4VO4iqvPBJ0
4VT13cR-YXk
4WBcNqdmkA4
4XRsloHetcY
4Y0XvqmjEMQ
4ZQUDLy9FkI
4_MdTMWm-hY
4aH8ZELIkbM
4cq8--rrPKU
4e3VbnpMQvA
4glEKP6R6sk
4gxliNzfzQI
4hOpDjc6l2w
4iEiTLmWZSQ
4jKyTaTAl9Y
4lvbyEVqRHU
4m5oEy8AFfc
4m7grGKWd8c
4mBOyVAB6Y8
4mjSr5iDe44
4mriWYOTVH0
4n8v23s_fts
4nz6r1qT5MY
4o-xXC_BjaM
4pkErSFDbaI
4rXKjBaZvHU
4t_TjSfUAdw
4tzFapbfwBU
4u4ARdtkGuM
4uHrRrdbs1E
4xJgmvNWdws
4xKGFRXfKaw
4zh8h1_JyQE
5-TpOJAaLi8
50AwE5b5AMY
50KHShCmd10
50niWkG4cpo
51i0lKCIFVM
52ldHFyk8kQ
52y204fXmqg
53b08kdnjPk
562Hjb5af1A
56elK1sjhcc
56kIr_5qLGg
58SnoMniBBo
59okSSAMWUI
5A0mxUEIesQ
5ACJlU5htUg
5ADk5w0_vN0
5BjelHB87t0
5C-6DjkCHaU
5Dz5bqr5UmM
5GZqdhdsEEg
5H4ICN0QzRQ
5HzmiYkFgVw
5Iq-v0CAgAY
5KVMY53sCC8
5KyosU3qt3E
5Kz6yzw0XsY
5LIttEeGzEo
5Mx1yAVc-RE
5O2MYnHQovU
5OdSuoCv7r4
5SC5-i9klGc
5Ti0pQdfDCI
5U-oNgO6Ou0
5WFGpd1GuYE
5Wy7ne41yq0
5ZbkiIblFLQ
5ZymXBilQIQ
5_07zpltLMo
5_PTQJ-riSs
5a9pmprRtYc
5b-fjUTQvrE
5bye8uhCn44
5d9W8ObyDfE
5eNJs-H0BjY
5efUGRfwo_w
5fIKtu9qOqA
5fvu4ZWbnLQ
5h97GIGnJzg
5hAMrVFQzEk
5i3wF_BshHo
5ikM7pxIbdo
5kKRt4UTqdo
5kSCp9dH9KY
5lAnz7e0XGE
5lITLVbBfE8
5ldqW-Ifd8Y
5mFdeDJlC8E
5mPe8JW5c2Q
5nREQ0tRL_Q
5qIN8dpAVko
5r8cHEURC-I
5sCek_0UpPY
5sLPPn5zlHc
5sgYUzZG8fQ
5t-pXj_VzxQ
5tPm75WvC4w
5tw5o0w89vI
5v-MnS4_pDQ
5z1HFG0iSq4
60_BIoOLPKw
62lUX94aCNA
630Yt9DW3NA
64h-w2XAN64
65qbZVtXDas
67olw63e7NE
69KwUIMBdHc
69Ov7-lcMt0
6AeHoILBLiQ
6D0w2WjxVYo
6DPFqNdfnSQ
6EWQUL296Qk
6FC8WU7AKNY
6Feb5UEUf3w
6GGznyw_frY
6GLhTKxhX7k
6H1GbUtvjZY
6HT0QrsQEAE
6HUBh2lNNgY
6JImrOJk5AE
6K-FpFMyY6o
6K-sGf26tb8
6K9SQ5IdqwE
6KMbrWx9570
6Kutv6osTo4
6Kx52Y7s9hU
6OnBFfaRjCg
6PKUL3uEz4U
6RaOH3NvgiA
6ReyYS9wn3M
6RkupRBQjeM
6S6LpLtBkAs
6SlATttcjcQ
6UtGmLAfZV4
6WPgGkhysxY
6WQkzAiUpwQ
6Y4H0QlcUhQ
6YHDwW9M-VQ
6Z-F3DYoX04
6Zky2S7Dhhw
6ZrCpRoZMKE
6_BXI-50iCM
6_aZ-ZcfvJw
6_zuHnPA-DI
6aIQtOTAppo
6aJ0nhG7ZPg
6aOpb8oFbpo
6aX5AsaD6TU
6adiekyR2ZU
6bE8v81UNOA
6c4TEMsyIZo
6ceEcQEO9Rw
6drpQauf1R0
6ePkCJ5TN-8
6et5zwKHwSY
6fHrVw6kgGE
6ggHIMX8sdo
6i41UVcOF6M
6lYh46bposg
6mTnx_gJMVw
6muOkPfTfos
6mul747kLoE
6nPPShvpQQM
6oXv1Ue6Suo
6rF4vh4Dm9E
6s76IRQHa3s
6sZ9gf9y-fo
6sqACfP9NTE
6t5eL3JZSxQ
6txgXFW39nA
6u7fFSnKPfU
6vZKmhbOVRk
6xNCgQ_-djQ
6yt4zOmjFHs
6zAibm3zliU
7-A7SxPfgnw
70Aq-Pmf8iE
72_9LYCXaxs
739JS6qrArs
73x-dopHOs0
74HBZGQRWY4
74JinKblV0U
77tD7nu4CTg
7A98TwM8GV8
7CCzY3ItIEU
7D4-D4zAHKw
7DPXzca6goQ
7DWa-JQnB20
7Gw5oH_jfS0
7HIhoPAMzMI
7HYFB7gru-A
7HrO5QyVS0k
7IYNH5M0tew
7IleCsCUyNg
7J61YUfJ2Zc
7JEC5hP9Wkc
7JexaBye5TA
7KrP-V4gqbM
7L3uInAaJKE
7L4joYd1QXs
7M-w62X_Q1M
7NDtZVeGf2s
7NRMh2wEj20
7PYCPH0WABE
7PlVhGOp7g0
7QawCKdY95k
7RbwV1qelO4
7RcQDkT7oEM
7U1Kl5vE3xU
7UyJhqEYcvk
7VlGlCI5Wp4
7_nKd8nmwJ0
7a2-plHOo3A
7aV-SXVCUpQ
7ai6vIb0dY8
7b4Af0h12iA
7bs796ZGUZE
7cadODCUOTY
7d9YC9nC8Cs
7dQZfRu_Yuw
7eYAE4c_VkE
7en_tCkhSHE
7f3eDVv2mc8
7gMPwFAb7Mo
7hRck6xkXTM
7hZ933r3OkY
7hnl5K_5ZJI
7jAF0zfIfjo
7jqqm-fLcDo
7kP0cAgOivw
7kU1PV9202g
7nfUIoaH_Hs
7niCU6Mf_70
7ou8_GhrX1M
7pg8l0NyjKQ
7qLIhFGowGw
7r0fEUULM84
7rIMzk-YaWk
7rkoxMoTY_c
7sZvhCpzf3g
7td9Zukpknw
7v4RbnbvpQc
7v_XVlwtZPc
7wBlQvjM7_Y
7xUpSLHWvqQ
7yFsrDgzbC4
801JjTzsf7Y
804IiHH2kLI
81hm9Y8_DCc
82VVSKygA3Q
82mS2zeXJD8
832j02u6j0k
839DJ6UbHnY
83Sv21DO0ic
83qPivLPjds
84bYBx2QMiU
85EUKK-0Z7I
87pNJS3dz24
87xDb3AWcro
89A3wxJGOp4
89sF4AN1TbI
8A11sf64RtM
8F0ln2XEv10
8FGJLl7xUKM
8FpVxwlMTsY
8IcJjzbjkdg
8Ijs8gRoLMc
8KS327hEf0E
8L86qKmURUc
8La20cuAfNY
8M4QdRH46Dw
8MZxsH6kM9Y
8Msj7eBhNC4
8NVAT_BldeE
8O8OIIXCCn4
8PQwQWBfJa8
8Pn08IDHkBA
8QvEkfYAg5o
8UG-3yxRYLw
8WFb8K7TTsk
8X_ie68J6Q8
8XkoJ_sgS5k
8Xx2U9yioac
8Yqd8qVGplc
8Z9Y1wf8eNw
8ZlP8Kiotfs
8_BHQVAzan8
8aAAhHMFI7M
8aMv9HDmy4c
8aZwfLcajHE
8bORvSg5Bh8
8bvHfrTZGdo
8f8UH-1jfd8
8f9IftPEzVo
8fPwi2ICXi8
8fYO9pFFGFY
8gE6Qd0Rn_8
8gmDsByfTXo
8gtnJnmIxJg
8hTUSf2o5ZQ
8hzLMQBfFtg
8l-fRH4rTlo
8lwl2FCNa3I
8mV3rETOkcA
8mpVo60wKL8
8n5eQY0qFAg
8p9Rq246vDE
8pFRKLN7plE
8pKQNPpBBg0
8qEo9gmNysI
8s43Stw0EwM
8sXhODr2NkY
8t2yRDvlra4
8tSlBsSlGtY
8zGtVMky4e0
9-90BfwKqco
9-NR-AH_PQU
90nkiCEJ_cU
91LxzoXhWXo
91n4lqx5mFc
9204D7_SkcE
92TTtLT-vS4
92nwWk4vQNg
930I-BEn2wY
94E-bzu04xs
96IAd0dbdrs
96yx6HvPnPw
97dcr66RM5g
97eqP_8WJ9E
97rBHEQKl7A
97wTH1F2Q1Y
997YjbYwHVM
9ApVDm5_dDE
9DlgChz5Sx0
9DnThZZjZ88
9EqhUdPtEE0
9FGxk2deB1A
9GPzrPfz9kQ
9Hke58BL9Bc
9HuZBDckVlE
9IFTfFRVl80
9IkNZ06pTjU
9IuHmWEneOM
9J-gqWpfkLc
9J2gWYRlnlo
9JbnRsrRCXQ
9Kv29FR7MSE
9NE88lBtJok
9NJq02YQiPU
9O0ggxivXKY
9P5e4UkBLJE
9Pa00akOlN8
9T4ixXrV0qk
9TN-5OwozYw
9UIe_ICftAs
9VJdMKSLaOU
9VQxkowil-g
9Y7EAzm-8Yo
9Yj9apc5H1I
9ZoOiDfHm2E
9_jLBsY0cBA
9aaYL8XLVTA
9ayVZ5trH04
9c49Vj7jSIc
9c6F5xDcHqQ
9ct4l2stBFo
9eviiCgwtQs
9fE5R8rkL24
9fFkIYZWqMs
9fdISq0nr2Y
9fpx4LvN_2s
9gdTOK5YxqY
9ggwU4dpgPc
9hBx8aXgk9s
9hRyfVcy-2E
9hbUTmL9HUo
9hp5A4iI6nM
9jDqeFd-9B0
9jlU7mrC2QE
9l8WUdpMdyU
9lLp3acV7yQ
9lrsVjAzVvs
9m8cSzGtL04
9oSJAiQkr7A
9owaVlnXBko
9ptspmvOIso
9r8DpnNFrsc
9rf9ShzslwM
9sXQnXICMhQ
9swWDBiCkVU
9uODpcowplI
9ufxAS5xXro
9uuwZ6WWy9I
9uvhl7ZuM-o
9vr68MlkW_g
9w0Xoo8Q_YM
9wJT1lu8qP0
9wSyAD2p3Jg
9x6ejBXfAzs
9xefQ__U08k
9xlxN2EIZ2Y
9xnMWq7_oIo
9y18mzIrbe0
9ya4YhxX9LU
9ykbAyg0nME
9ym-MiwaclY
9zYtQGMp284
9zmD7cHk9A8
9zv5PIk7-IU
A-02kB6I0VM
A-RwOAc6mhU
A0Crxe1_OXM
A0ER8aFk_9Y
A0OyMKgxRTw
A2o3jAa-kSo
A3OOBIhox4U
A4Yj04lInj4
A5fEt1KGqpo
A6L6_tkaYvc
A6_1zsWJcSU
A6bXqSU40YY
A6jzyYaYa-w
A6ukyaFA2ok
A7ObFCHmcPI
A8wyLg7Hk4A
AA0JwMUZhlQ
AA0UkSCnKEU
AA9qlIWKvYU
AAEXpAkTp5Y
AC_uZTbDi_U
ACse2jeJeSg
AF1kueQ5KcQ
AFZ15g8lT-k
AFkDZsPy0eU
AFkZD51oPQA
ALMfxxJCu9s
AMU4oWB7NDM
AMiZx_-F7Fo
ANe2yslOnnE
AOMP-IJ3alM
AOtfhKX8vlo
APOe-m7VZmA
APRi5XkdrXs
AQXbMZgPv5s
ARPMoZO0wH8
ARXUHxI6BcA
ATduUJspGWI
AUJNr8XM9Do
AVDNUPmxs8E
AVgdKxV6lbs
AWqTwhr4jUU
AX4rLb6Os1o
AXIvZBnun5w
AZoJ_M2cZ-M
AaGiiEFkYMs
AacXe0BzDkE
Ab9TOhiG7jA
Abvn7PEF-GA
AdABfVJ-T8Q
AekzjKFxIOI
AezJ9Yy3dks
AfmD94IZThk
AgL_j0quTUQ
AiJstBfjNUs
AiMRMn0_5Lw
AlU7yrrEDmY
AmNPQIjMAfc
AnIEIorPtPU
AnR6tkpDzeg
AniIKsFblcY
AnjZNid-FlU
AoMZAaVFNHQ
AoQ6ZspYSqM
AoSKTm26ukI
AojudBj5wEc
ApRC4aygnag
AqR8BOCubao
Asev40U5jw0
AsfBXYlwEC4
AtiBXzqy4GI
AvQNl08lcSQ
AvdkvwUk_q4
AvuEIDNepF4
AwhVTfK_wJA
Ax4AoQLk3Vg
AxDE8LiS1Ps
AxQEcu-Sd6M
Az26pDCTuxw
AzcM_zvr1ZQ
B-xUPs1rstw
B078-uesq14
B0MQjkPTLiE
B0P87sK5gHk
B1m4jNh7xFc
B1s8w9ybt8A
B28KdGvgSY4
B2HDrdOcSqI
B3CiSOw15fU
B5HgzlalXnI
B5gJm2qsZqE
B6M6K4KmRAM
B6WQ7q63G3w
B6ifSBQmKfk
B78_q2Xemxg
B9eOcx3s3Yw
BAH5B5iCR6s
BAhRc5u_yO4
BBk6GGEcWPA
BBkjNRDnWhc
BBoRyRsmyqU
BCEogBx6yZE
BDEtSFtgKDs
BDhy1O9Zvl4
BFGZ2o_8jrk
BFYVVrzyYKg
BGrk7opi9nM
BHIKRvH4Glg
BIKnq5ipV78
BIa6flDiThk
BIsLgY1RcxM
BL13LgDJlk0
BLz9aTH4FnM
BNiEpMq-zr0
BNq-f1BSSj8
BOmaueWspq4
BOr7H3V9fC8
BPlff4sUKoQ
BRN-BTSx85w
BSDX22yv9eY
BTNWf1W0nUs
BU1Za8JKKWc
BVkoJPyhoY8
BVmS-uc2Jro
BXqwZN-Pa5g
BYRVjv096dk
BZ_cPrgzuuk
B_ZZ2OgGneY
BbEsnAYD8iw
BbOoBRb63Pg
BbTV_VS0JNc
BdXrI0LU_18
BdxeLeKQIoM
BdzKWZfAwJA
BeXEyGe1FEU
Beo52KL0piU
Bfe0pWwU_Wk
Bfj0DAgn0Nc
BhbppWfdTgA
BicG3dDbbDA
Bkhk__JTS2A
BliXAF4ON7k
BmaUMYw9mxI
Bp9H3Pa7NgI
Bpf4iLJyaxM
BqH5geEJ0iE
Bqx9uUxfplw
Br3b_MYFlDI
BruWrnMm8Rk
BsprbcuVgSU
Bt33hBhxc5M
BtnRC3EiMVQ
BuUMDv5CEWk
BuZEfZwOFsM
Bw5wygrvf4w
Bw8JIUAzMow
BwcvmFvHshg
By1zVKdtfmY
ByV-XL0THIE
Bz24vgl1lp8
Bzve0i5Bc10
C-RY_A-YtMc
C-dScIw49aM
C2waN8ZeuVE
C3BF6NJfCJA
C3ON9Oh-svk
C5S0Os-QpaY
C84N61i-FPc
C8QgYOOEgTA
CA8uLg6SdCY
CEnOSKXJQq8
CFIqCJljd50
CFqoYcbJlRQ
CH5oUKyPKhI
CICqgJcioOM
CIYvJ7akMfc
CIodY5ec9yk
CJKJA3GRBBo
CJrWyFt90Zw
CNAFXOgjx9s
CNZPPFeovIE
CONQlkU7gV8
CR79yYNpdyA
CSXG8x6jk0M
CSkMmPiNH_Y
CTFVqf_lXc0
CTfkunx8a4M
CV0MLvLtDXw
CVX5v-llAeo
CX-jvlKc7Vw
CXo7lXJQnWE
CZIASFUNNu4
CZJ8g8zR74A
CaTFv_gJfak
CamANM2huNI
CbWXiby577w
CcU9aN5cu2w
Ce37Pv1rLjw
CeF5v_0AR3I
CeWXK4ETZnE
CgHQRF1KfHY
CgPShhoSyjE
Cgr4VM-Jegc
Cjokz9A07yo
CkajmmOfJdo
Cla7RpkJVMY
CmubQ-YnSZ0
Cp5A8-lD17Y
CpXt0PtCxbQ
CprxZnBsJjU
CqPaujqhHHk
CrIBhWboikQ
CrOYeeuXpjQ
CtF8bEDNABk
CtGEYFk62rs
CtQxsRgcbzg
Cu4tqtGhx5s
Cu5sVLe1UQA
CuDG10J-4DU
Cuk6yWlMgKc
CvLGY6NSk-o
CwO8GxXJF34
CwdVQzUd7Bk
CxGihoZ6q9U
CyZJlIZzdJ4
Cyee_bDHJb0
CzSSA4n5Cvc
CziwCa5HSJY
D-rNORGLbp4
D0GambZt-9A
D1XG91Fmt_Y
D211sQFya7U
D3XTOVLtQcA
D6JX5QmlZ9Y
D6PNJBfjimw
D6Z_BlqavTk
D7CWqYR4aNs
D7thVaDL-1w
D8RNEQWP4xQ
D9-CRaR44GE
DA1dfCLSQuM
DBBngfLu730
DCN6rFEhv_I
DDnz9xw7Z_A
DEE5FpgbGdA
DEv9ggLqGo4
DFLq_VZnM2A
DGDZnaSAXMI
DGqsjvxKZI0
DHP8H_PitdA
DHggMVRkbfA
DHwH8jWbbEc
DICBEALOUNg
DJ_fu4i1mvc
DLPWzTjrm28
DLquU1VZkBA
DOLA8EccsAg
DPVpKubHSiM
DRKK8_J5o2w
DSfn1uoOwMc
DSi8cSBXhYY
DTAz24QRYhs
DUgxKCGv6tI
DUojSZPS6E0
DXa-bzmEkn0
DYXdysPleaA
DZjCetb_6eo
DZlG_KoeofY
DZusuyFnpL8
D_Q1UD0VIk4
D_TSpJ6QMXM
D_UfGulDWis
DbNA2vDWlFo
DbeSR1amuAM
Dbwuo_jYTOs
Dc-kK7N3ohA
DcPRN4O1jE8
DcT677p8K2o
DcieisN_5Jo
DdiMpdgbyPA
DeWCh1Wj4EQ
Df67iylhyJA
Df7vWkdDRSg
DfTLtLu5wQ4
DfgYHOH5fyo
DgcptnMTu1w
DhGogHUgazc
DhRDOo6qsPc
DhkPgoACdwQ
DiakIKz9INk
DjHoy3hUdpg
DlM1QX-pTpU
DlNT7sXjfeI
DnWamSk322M
DnmNkVt0hlY
Dnnobp9y9MM
DoMWM_Xnk04
Do_EKoxJR3Y
Dp0pXFUV2JY
DrbF4_pa2zU
DrhhrmDoSAw
Ds-U3GiKZkk
DuVl6irjRJk
DuWAyhxCqQ4
DvCkLS_qxbE
DvplY746idA
DwrE3xlj4yM
Dx6KbA3NG40
DxebNrdnvD8
E-JHo6YAQSU
E0PY1ctGELg
E0ZmW-Q80C8
E0jemgfSyYA
E16OSAR5d38
E1nJgSVjJZM
E3TzpHaEka0
E4FQO8VVBEY
E4Zv4zKH-ao
E5aWcR3hEaI
E6dD7JKyTfA
E6lC674I9g8
E7JDxB0GpUs
E7XNHHf9vqI
E7wOO7Qz570
E94LB-5S_oE
EAuflLOODko
ECH7dUAy3ow
ECKalsdahlE
ECqVu2ZXnwg
EE1yjkePAzI
EGJa-t1c33I
EGof33DWmf4
EHd2-Woq8OY
EIIYVbmkRDo
EIJX9RcTcAk
EILi8lQ7pJc
EINBnBSiTBI
EIhW6EXXqJs
EJ9MmHmviCA
ELICl0bCbfI
ELJwpCypudE
ERhKJswTQJo
ERjMs7XIptA
ERsTtR5oimw
ERxGFHuvmro
ESBclP3bFTw
ESJIBMyQZBE
ETC3IEYQL9E
ETFAaOv5IPA
EW60FItexEk
EWlsMPZ0-Xs
EXTo6sKO6ds
EXaqGfbiTxc
EXeihOJVK4I
EYeAwgEti8w
EYh8YHY6woc
EYwstoQDF7E
Ea7twUf3LYM
Ea8wwpgQ6FY
EaTvaV8n22I
EbKbWQQzqb4
EbQWjuh2BkA
EbYjZy9Lc_4
EdL-Crup-nE
Ee8plPWpm3g
EeM0oL0cDlM
EetPbZLTiH0
Ef8tzr83JKI
EfP2Jxc4RQo
EfuRz6mltEA
EgHNzS5VYGI
EgMbhWjv_7A
EgRQGNQx5Dk
EgWwPMeoap0
EglDC2w5a6w
EhIMck8ghDg
EiDhsxfo3Ks
EimKdQIodSo
EmE73doRiaM
EnMDfluXzhs
EnnJVBBFwb0
Eo6Ao5t6oTY
EoqGFa9dG0I
EpS76Ge0k38
EpVGCKkBIKU
EpdtfPhOaXQ
EvmfZfh9Gt8
Ewk06sMCjmk
Ex_r-aztlE4
F-MUAugOpTs
F0ZVOXiVsUk
F1-11_20-p8
F16cuH0L3Po
F1Ru4jjZUDg
F1lGEq7AmaI
F2YunCZ4cxI
F3JG7iA9FIU
F3TS49gRqME
F3xo702PDZw
F4ALaMgXA0w
F7A-rJ_bQCo
F8JGbOIparE
FA609i_jFRo
FAdBym7-IPQ
FB_XexNqm1s
FCE9QkPMdAw
FCPo8CQ22IY
FFgy94X3Ptg
FHjxApQW-c8
FJLCZEYnovo
FKnJqcvX2Kk
FKnPAwJPEOI
FL6g2tomUZw
FLc3-5hcVxk
FMZkkbzTs_M
FOS1HW44i7s
FPGnkyweekE
FQWrL3gn3mA
FQdbsLNwKZM
FQgjkr-p2ns
FQiC72MsYRg
FRsdwEqWKTY
FSJPqqreuLs
FTTgjSWWWjc
FV1PtXaiSwQ
FVXHtSuJy7k
FVs87r2WKlc
FXM8JO-jzZ4
FYPMyGnLmLI
FYxcBbs9nks
FZBKWa_qbkY
FZECundQWxc
F_AnQIK6O6E
FcNiFMAfcD4
FeOfhzu7ZdY
Fecfawee9iY
FegYF2VqIN8
Ff1au3RB-nw
FfxH3_bMCow
Fg8wm4JxOmo
FhKvpYU4Pps
FhZPPsW-VWo
FhqCgcD9WNE
Fl1mnQRVgZ8
FlESRslboWA
FmJhvbr3ex4
Fn3FpJ3Z7P4
FohF4_KqyPQ
FpAr-pNmi3s
FsgUrUES8HM
FtO2EsY-tU8
Ftg1K3kBbPE
FucdpmSFLIw
FuhJ0BHjb5A
FvQ7TgyY2Tc
G-E_oit-osk
G0somNuYuAI
G1Py1uS-Hbk
G1m4EFuXO9E
G1nLs5mJROA
G2gYUVQrLzQ
G2lG2qtiHP4
G2uRhZY23KA
G3PnrXVc_3k
G3RMBM4PXKc
G4EwlpxJAaQ
G4kaR4PXSCE
G5-akv_rpt0
G5s0uTYXMbg
G67bOL4P5eU
G6WNLqGLSb4
G7ATV9tXIVo
G9HVAo53MnY
G9P0p4u0Kv0
G9f4gXM57Js
GD4-EI5Hl-s
GD5v7rYNgNY
GDCYrwv_CmM
GDpI9iEZ8tk
GGr678_DCE0
GJ0PDJ_MXk8
GJANABbNndA
GJLeT1Dp9vI
GKI5Y4AQS20
GKNhb3bt9S8
GLdx8CM2eWE
GM11TebZCLc
GM1UVmYXRl4
GMtkJXG_FPQ
GNyL79as_7U
GQL5O-VHBJg
GRUunRSrH_A
GS5S59VfHFE
GSYEB4PNPlc
GTW6CcxSlcg
GT_7DPouYko
GTisjafNc54
GVO5Gngnc5A
GVXKmC6YGbg
GXudp1tRZzE
GXyI9nqte68
GYPMYQyInIA
GZux2Zuigmk
Garf4Rz01zQ
Ge1Nfy9lq8A
GeD9SvUxbNM
GeH3Frpy56c
Gh5hCBlD-tc
GhdmrO6ciww
Gi8u5vO8Iqc
GjHDA_q5w70
GjcFIuoDSEY
Gl-lZau8ndY
GlX-2iB-uDY
Gmk-Is8OVBo
GmqRD1g-slc
GnVeilzjAL4
GpZ8XDpJt70
GpnHUJ0VnV0
GqWlcczVc_4
GsCJ2h5mwKI
Gss7hYS95fM
GtR7iegtgdU
GulQkMEYs38
GvolNJKrLGE
GvtMGJVzcNc
GvtfNM9x95Q
H-ZvuuQNB9M
H-uNpG3lx7I
H02hyM3rZT8
H0OOT4n0SBc
H2qyLY6RuZE
H40QzvjZTp4
H4Lk_CXiqTg
H5Qrdib7XeE
H5hq6dS1mhg
H69PPqbBtRM
H6RERuEHuQ8
H6pHFqGCxyM
H8J2syqmnGU
H8WCEU7iM-o
HBtlwBsAlSM
HCC9-u3Jldc
HCu63ls9MzE
HFMicdRlE18
HHfbT-c7y_4
HHxrk1ciZbU
HIC88LJ5Uq8
HIo7wdgurWo
HIq0FwrETYg
HJGUA92iYPA
HLeVlB8FJOI
HLnQHx5xbm0
HLvFjp6oBck
HMfLL1kzJ5s
HNxXcUHC6Nw
HOFEP3bA8-8
HOLYiq_q3Ys
HPgZjJ_Gt_k
HT73IbkGTF0
HTRa0wGRz9s
HTwVxHA-hFU
HVglpqFs7D0
HWlqqV6VzFg
HXDwq5sU2SA
HXK2uzOdXXA
HXapWk6xv_U
HXpNFtb6RNM
HY3YlFKy_uw
HYC8tSIyRXU
HYwlQod4kYA
HZBrBfmytoo
HZl6tm6TmCE
H_HKtK8OBLc
Hc8x8MABhmI
HcWQb7jqLZs
HeCONG3bZZ0
HeTlJanOhSE
HekJEH9N4eM
Hg-JLg6Rrxo
HgPNbECGUBI
HiHlM7qX6H0
HjHaCqK3qSw
HksF31Yq8u0
Hkv06wLvthI
HldsOi_Ccs4
HmN5-4Vh7wM
HnjvyPP9_bk
Ho17WC-hklc
HoPdnD-sQm8
Ho_Y2cXQOnU
HqO4yO1AuHY
Hqf0IHlQ4Jo
HqtzvvRB2Vg
HrpTGXOqD7k
HsRUbEFMJ1w
HttkAzpPsBw
HucY396QCbE
HujAwG_twUI
Hx21UUaLBG8
HyNGxT5xc58
Hz6foyWNPy8
HzCXwypyP2A
I11E4Kdb7UY
I1TRp8kng6o
I1ThlJSrBIs
I2-TKQIggRs
I4liw6wsuzY
I4o-Nzi84Hw
I6EDxOnqlF0
I7TiQpwX064
IAG6PK3rG-Q
IC1g5hR29_c
ICP4GMSxsnY
IDX4UMDOpWw
IDcQ8_sudx4
IEGVfM5kxRk
IF-gDnrMJog
IH2iDybSD8U
IHGkhBgv11Q
IHV5YVUt1mQ
IHm_liRgFL0
IK-V00z5CbU
IKRyJn2YjC8
IKwimkNgTRw
IL-zsgOw7c8
IMe-Qcm0BhE
INujZxplgFc
IOe-hUk7mv8
IQcoHYLn9ek
IQsZASLzlk4
IRNN6RCEd1M
ISA9bDfwFmo
IT5REP1uPj0
ITRQKvbxye4
ITtgB4pHYEo
IU9ZkVvOLKo
IUQSmkkTFmU
IVq8R86UBUE
IW-B2b0MYIY
IX9IJfCNEHY
IY6NhTmJExY
IYUmJ4gxW_Q
IZTTkkHAffM
IZrq1To8Fhc
I_GPAIdq19Q
Ia0GlwX1zMw
IbHWktzcHZg
IbQiNXnE7OQ
Ibxdxh3tH1A
IeW6Taxv4yc
Ii87oFTbu-U
IiTuOlEYyBI
IkIjc49D3_M
IkVrj6WD4Kc
IlJKwJCi__M
IoFiYIAKBbQ
IoyCQ2Cyib4
Ip5jI5DLDts
IpAw76V1RFw
IpCT9SiGhac
IqM0biobvAs
IqsTRrdsdWw
IrPCQC3n0Zc
Is290UWO9AE
ItAwcO_GZeo
ItHWBYpZrGk
ItKC7n-pIMQ
IuBSNeqqmGQ
Iw4glII8nDM
IwNdrdy61LI
IxusHwkAfAw
Iy_2GHriozk
IzAUJxIS0N0
IzeDZKDrScA
J0chJMKx2R4
J16hgLwmRxs
J1LnYa68vQQ
J2QWMZwU2ow
J2TiWJxycDs
J2VZuWdcYIk
J3I1tCKoxkI
J4EYIxZdYds
J4jU7K0RdZ0
J4z9xLPBMVc
J6Z0hM5jnyk
J8z9As5ivqc
J93-9Z9xp6U
J9XXuYCaUHA
J9mpOe72SW4
JAFSn5JLt7o
JAwaE7mtqDw
JCY7oLDxDMk
JCh5yV7VntA
JDEBLIGvyv4
JDRr8hB2y1Y
JDbVvQu2wSg
JDmJWMy_ZN0
JEZZwqS0pPU
JEyKI0t_vuU
JHLqbk5MjH8
JI9O0kIaxDI
JILpOKuOjBA
JIxgAmKNbQU
JLEZ_pA54fI
JMzKU4hPfY0
JNEZZ7mJ3nI
JNZZrmT-T5M
JPbNLv7fLC8
JQ0WOX4t7wU
JQVsnWUJ1tM
JSh4SFJJFM4
JUxDZUnGtmQ
JV1czeeXibw
JXUBz5xTyIQ
JXjhOEn0mXw
JY8w0u-bFC8
JYfsoT832-o
JYxv-6fEbW4
J_ZG-Ko2x6E
JaT5_TwFxdQ
JanQxpq43Vc
JbCYXNswL4Y
JbotXsJeWHY
Jg1GAn4gVQM
JgKj3ioQ-ao
Ji-sabotMiQ
Ji3za3eN1v0
JimKVyRVflw
Jjz1U36ZHKs
JkLqLKZx8_A
JkStncL9Hb8
JkkCvGb35MM
JmOqiqfQHgI
JmsnlJbQK4o
Jn01WtVpn_Y
JpqUosd-X0U
JpxEr1g49kY
Jq4cvQ1Jfw0
JqYFCIo6HU0
Jqfal024CYI
JrF-GgRF0Lk
JrnuO4qg4rE
JsDk1BcWtFs
JsNByCX61C4
Jtu4lQ4-aFs
JunbArvgtUI
Jv2_wSKG5Rs
JwhsmH_o8Gg
Jx2F9XfPAOg
JzMJGTg9o0g
JzYeToyJ_LU
K-s4e3wAoXE
K-ubIr_qf5o
K1LJ8KeIIi4
K3-x4tcVqfo
K34xjvunqaU
K3M1ch43Cec
K4SIrp04daM
K5k3sCzf7U0
K67xiz6NcPM
K6GlaEWbcaA
K6JXK7UI8NA
K7BibiBxNsU
K7hRM9cEM84
K7s8-DASyeg
K8ky2G1FXIw
K9LncXG-bqA
K9MLiJ-wSqs
K9NUd8WIxMY
K9ztl7PUTV4
KAEhIZWfICM
KANvkaM6ulU
KAPuae_6XGE
KASrT1CSB5c
KBsO2O5vdOI
KCi9MQAb2HE
KDfcAOULelA
KDnzqYG78ww
KEMIOHPKB2g
KGtLozlR5sk
KGxYOQWLThw
KHB2QZrL07Q
KHa339iZ8R4
KI09mhO4gak
KIeaK7fkR-c
KItFo8TMBCQ
KJBv7ItRtEM
KJzArzbbwBk
KKSBc34fu9k
KLjD7q3K5lk
KLjPuCUKex4
KLsbowMb1m0
KLvNzvR5LFQ
KMxybK8XFQc
KMy3NvioDRI
KN-z8lRz2kM
KN7eHQKFxYk
KNNtd_puC_k
KNobZUj69HQ
KNulODXC7fw
KOqJ8_0iOjE
KP7whzZey8w
KPYGEwsDpJQ
KPYpgKgSSSg
KREaOBtNpew
KT6xXeY2gIE
KU95JL7YF30
KVS-3gLr2Ug
KWACD1An-QM
KXJvBZIlCf8
KXrjwCzHsM8
KYOl1qN3pBQ
KYn7OupqG8Y
KZM4Pu42rtE
KZZ-0ShIYZc
Ka_w9K1uki8
KbTtQQHVA3Q
KbbsaMdtvrw
KdrrTJSmVWQ
KeIR3Ud2Iyo
Kecyal3ZDoQ
Ki1lhZFTmt4
Ki6scHyiVVY
KioBKO-5KmU
KkMUUEJKQOE
KkylblRJt8E
KlhR6jWTEPk
KloRjUEojCw
KpxeXxDf40M
KqkPkvCE8Ts
Kx6DgatXLnM
Kxy7DJqlR8M
KydVMuko3Io
KyifCPcq3vM
KzlBzbJJ1ns
L-Lcf9HKvFk
L-OFh91lAj0
L10fK5ptjz8
L28GXTdxNCY
L34AcEq3DDQ
L40CBXVqphk
L4PuOYJdKnc
L5f0W9jmgnk
L6IkBpYxdvs
L7ME8VSOeRA
L7VrPI8AHgU
L7eJbilTPdU
L88cUxzKo4Y
L92sHnwwIKs
L9dVIZh3tdM
LBAbhyn3FdU
LBKGsPcSudg
LBKP_cixD24
LBixr5qyuDQ
LBx0h-UaEI8
LBxQx0o1pOQ
LE8jZuHXy4o
LFWciP6ZalA
LFsbaB71uzs
LGqz-MMQvHQ
LJQI8UccFyw
LJawuq5yJbY
LKEBx6GAewM
LKcTuvkeV1o
LL3iGWDhCHs
LLG2BV0Z0Uk
LMSVfiVLpa0
LMxmI-1VI3s
LP5qUYSktJs
LPug8VQLE4I
LQQ2n5RI8Lw
LUJ2c221h4E
LWlR9zKDZCk
LXzmHVTIApI
LY4L7_jupnc
LY5aKMkkCOU
LYX9CqeWz94
LZC684N98yA
LZPnb4B-5bQ
Lbt6f0pe6jw
LcYR-J_GfTY
LdyhSBjj-6k
LeOjrds8r_A
Lf5agqJ7n8U
Lhv3AM08ijY
LiLebpO1LJE
LiP_3UOnyMI
LinLEXaT0kY
LjJQ0am3_pM
LjMIvlYpdj0
LlpIdWkTYmo
LlxOzKYKUCI
LmNszktD70Y
LmfKqIpyNUY
LmkDbpk_6cs
Lmzai-hUFQc
LnJn-e82nhQ
LoR8GjhafRo
Lp2zlMimvaw
LpRLWPvWzsg
Lr4URMKFlKM
Lri4Byrz--w
LshbL_79saY
LtX2nUNu_hI
LtYH0Mi46-I
Lv2DhHvPYIs
LvB-0O_s7ug
LwvRs0z8Zb8
Lx0KbfotjCA
Lx557NidEls
Ly-okCveWfo
M-IeSZgeADw
M-oi5rTd148
M0UDgi_NDyA
M0bcGht0XHs
M1BrNRvNWOg
M1ZNpNa4cxA
M308V8HLJsg
M3M8DcLnPnM
M3QTmUtkRwQ
M3SyKV511L8
M48CkVHLN-Q
M4qTbHbW57c
M5PLaM6gIHE
M5l8aW4eWEE
M5qmJs6K3H8
M6-lcZBl8fk
M60A6-gKkwM
M6e0-DLeEm0
M72wg8Fh8Ms
M7raZ7Mn7Jk
MAI-hN2NFNQ
MBEnYozvurU
MCykacLuEsU
MD-AlAc_OY4
MD1aMcToN5c
MDKTp6ilPVc
MEIpVckaEsg
MGJspVglmO0
MH5Msfanpw8
MHL8MW_B9QM
MHhKo6zr1rs
MHtibxA89FQ
MHxPo9qBK6w
MIQAOelLwNE
MK1pCfi1XU4
MKoIsXL36Xg
MLRwvEh176M
MNF_BZVKKM0
MNT96g7nH-8
MNrxpdAaoXo
MOlsOmHdtBE
MPN_qlvsqyA
MPWrK6-dToI
MQ1ankzxQDE
MQ49xvEuWyQ
MRkOgSPUVHA
MT0Sk9y4SPY
MTpHPNy6KAc
MU7hqdHfI4I
MUbzrgxWbX8
MVbzyPbhiLQ
MXOlCc0ipKU
MZL5ELA1O68
MZgZpM-LTOI
Makfraotke4
Malcy1HWiKY
MbguvYMop9I
MciTDbR5NME
McrZslGGO50
Me1cwicoj4w
MeySajwLPbE
MfCu0LdAs4s
Mhv03MNCj28
MiocCdYEzp8
MivBm8jU2WQ
MjxHX3meuPQ
MkQYiwgGs_U
MksR4YLJ4XI
MkwBpV3P6bQ
MmzT_kj79a4
MnGOxIIpIMM
MnXmLNPeqSc
Mo3rZm22ugE
MpR3ZPHTdgc
MqFqY5WpBFs
Mr6t42LvAw0
MrG3xUXDNmA
MrVqitpB0OQ
MrrUEynpjMM
Msho0_JU27U
MsqUt7lcnWc
MtBG3kIiWtM
MtUYPTcetQE
Mt_rMtOszJg
MtbqiLIfbtE
Mu3MwRIckHI
MuQluGEG9DM
Mv1zzqL1Ka0
MvblzkG1axA
MvpzjUF8AUY
Mx8wGk6LDwU
Mx_Bepi-xzM
Mxq5tgodFqw
MzFgEZ-vO68
MzOr7z_1DoA
N-K7kH6JgbM
N0LXwQ-_fsY
N0biygPwEFs
N1LlXqXGcpA
N1OC_3zBi2w
N1QPPfplSPU
N1XKYlG_NeY
N1lleTnadU8
N2ADBv4zvOo
N3SEkk0wxwI
N43vUqxjeEY
N5BLVwqnvvw
N7G1dVDbE3A
N7n-eQPW9ns
N8-9z--A7KA
N82IIwo_Y4U
N9SBhw_rnlQ
NAZyFvlFYC8
NAsyXBdM9YY
NBDfwBFgYlo
NBNEhy7D25M
NCxUFHsSuCs
NERYcTWtF64
NFBTUzzz0Uc
NG_ZDORR38M
NIQwrw1r_z0
NInYJd3Nv8Q
NIvVZSNcbyQ
NJZZcX3H88E
NJdR23VI1qU
NKHq4JeteCM
NKhPKs-VamI
NLVc_lj8RS0
NM6RaNF2Jp0
NOgrYzplYWw
NP8cYXIyTSw
NQJYf67I_Io
NQeVhXZMU5A
NT9z6HLNriA
NTNI7hk0lLI
NThxbVobOJY
NU6-styaaR8
NUMvy1d8EYI
NU_D6S-iJ-A
NVgP4C4c9bE
NVoupZeVe4c
NWveDp_fChE
NZCGGXCBbv8
NZtvq7pl0QQ
N_FxgR1Mv5g
NaGgHT1SVkw
NaHpES59FxU
NcVvolFW820
NdVO81K1rqg
Ne5h8vIcnJQ
NeqAds5a8fQ
NfQ21BpbNXc
NfewyvUb5to
NgxY_lqjuhM
NiXFCcCz4fk
NjFo4pXzpPM
NjmkgQXJH6I
Njzj_LtPOnI
Nl5Ca6cqJpQ
NpcWwpvD1pY
NqZCr7yWWCQ
NqfIFTyN0G4
NrSNJFHslUw
NrlwS2bE0uE
NsQBV1WNnxo
NtX7pcw2VjE
NvEWWhSOqbc
Nw6JyRloH3I
NwSj2DNRrbg
Ny2kHHfAmB8
NyWZ9-1J0x8
Nyr9uSTBXVs
NzyYOEZw__g
O-7a1jWnJC0
O12rqkma87A
O1VR2YNmkKA
O3G9TNYepvg
O4TjTOfd84Y
O4tNsV8bPXg
O6YWfrihlGg
O7J-7A7lBq4
O7aI4Ui9bjM
O7mHUu6U_VQ
O8X-awCROJM
O9UdfvbWu_c
OAyD6KUpVH8
OC4AaLXpf7Y
OCoQKizgFbw
OEbkiRBxfV8
OJapcuHSrlE
OKEWvotXlUM
OKnNjsfGqLU
OLQ-CgJhdrk
OMDoahCfD0M
OMYI1Ar6giY
OO_UehCqjnc
OOcD_Mz-VZw
OQlYz0AJtvI
OQoz7FCWkfU
OQtPsWQ0Q4Y
OR_QRIpYeMY
OSmG9h3j1JM
OSnmPbseNeY
OSpR3SaTEos
OTaByKqi9p8
OUCRRHoXkZ8
OVIv_UPw61Y
OWvTGoueznU
OYD1ngxksCQ
OYPAppdNsF8
OYXGJarxk3I
OZjMx5Iaqq4
Oaul4Ay2byk
ObJRfHdkut0
OccGYnv8BAo
OdHQQuHC8-E
OdI4eRq880U
OeWRt-MvdR0
Oe_C32uWnK8
OgZ-nSMw8KI
OhQtERFu8vs
OhWTMq5Z-r0
OitVMoVHrzI
OixcO7dLkX4
Ol0ZXhKx5g0
Ol8wTp4cqXE
OlmCNWjPIzI
Om2MEK17qCY
Om9y45IOyD0
OnVoWlBbPrY
Oo-gN0GogQw
OoPFWS3S-cU
Ooik4euxYEo
Oplg4jIDGu8
OpwMZvsHsVQ
OqB5v75cNwk
OqZRrXiL1YE
OrBkPHHyQx4
OraTb0PXh3E
Osu49uJv_-Y
Ot8gaXkUaVc
Ouqx6AjEQm8
OvgC3bBS7Cs
Ow19iJBW160
OwNKB79pPo0
OwPBFEdOx-0
Oww-uJcTdAE
OxRq_6W_OQs
Ozc21xmfKq8
Ozd7onrzaCk
P-D5UXTs68Y
P0CHx3MGVII
P0UTgZOo00Q
P0fS-B3DVhU
P0hTE9QBqrY
P0tiTVLoMTE
P1NUmqLHdR0
P1kjDwtnEZQ
P1tprH6Lh1Y
P2GXUgnFzck
P2ck2SBn8xk
P2fkWVdJyZA
P3TeXKrjWxA
P6cV7YKuNUc
P7PR-fJ7EMw
P842lrZ-3aw
P86MH8rmWLY
P8KvTZKXE68
P9HrN2sigFs
P9qyz7u6lwI
PA-_6h8RtjQ
PBENcEwILUU
PBN2fBzljTU
PBSwOYbJUBc
PBUI8v5pJIE
PCno_3d53U4
PEX2MB256K4
PF1DRG8LyUU
PFETHIxoYU8
PFZ4mssL_RU
PFdIlM57UsI
PGZlQ4pDu_4
PHAVSLC5JAE
PIAmFxE1ZM0
PIjkYI6YTbw
PJaSmdswJI8
PJcJgFGqm0k
PMLxFxH_Qmg
PQGNArxxKtA
PQKaDzZtGOo
PQR_KMXdTNA
PQjvUn7_hP0
PWOaO0cFKek
PWr5O1GH8Ec
PX7jUp-1Vtc
PX_zwRQbbUg
PY2eU0aruAo
PZRx-9PwFXs
P_AFtP-E7S0
P_UR2ABeuuc
PbNyvytDpjI
PbTKWNxZch0
PbVYlPo868I
PbmLwbHZeqo
PcH-U7atQNk
PcQ6rbPxTNw
PcjY3tNrVUI
PctGBSJb3BQ
PdkmU5L9P64
Pe1WdVD4pZQ
Pe4DHOdtgNs
PfbIgOWOtuQ
PfhlSu0HWu8
Pgs9O-fEtPk
PhKhakjxm_c
PiZvWsh9HrE
PkZ3btTY2pk
PkpkFwC6seg
PkzOpnGVUlc
Pla47F6ZHtM
PlpGmwm96b8
PmDiIkGs-B4
PoAhQPm1NPY
Pp58aHvUGJU
Pr3rH9KYvPQ
PrQVXGb5E98
PramHvN7DPc
Ps6vODuyn8U
PuLupd0yZug
PvGUNC4e24I
Pwf2HvadiQA
PxtdOtNOrRw
Py-OZ1ihefs
Py1EmNdonKo
Py71QQGFcAE
PzH-EK7j6Dg
Q-VOqnqnCTM
Q30Qc8nGYYE
Q3Fq5QYicXc
Q3oxinuwwtM
Q56-HKtuc4A
Q5ZsyIdZkV0
Q6oxrdwdtjs
Q8GZxp_Y9Vc
Q8YQKmq6Lno
Q9GMcpwodZ8
Q9yYU86S2D0
QAbuVhhMPNE
QBHjEzzZMLg
QBhCAZBCELg
QBng-MjLAWU
QBwlH2XkeiU
QF-oCS6fLgA
QFKRBo6YMDE
QFmKWz6YApY
QH0Xh1kYLzM
QHyhOApmgbI
QJhm3zOuL1U
QLIuerh76ZY
QLWB9eKRK6I
QOE3JgUYRnI
QOX7mbpUvCM
QPw35B7iB74
QQIoQbcW8ZE
QQp6eto3WWc
QRZW7acziFE
QSmWjqzIQ-0
QT5sV2aaBnk
QTCqxOEgZrI
QU96kLlfq94
QUCMXfQitfA
QVKGZDl-qj8
QVisngZryzI
QVwsWQqRvHk
QW2v6oIVoLY
QXPSNrCvLbo
QZOdwNnjSwY
QZd4r6Qqu9U
QZxPAH6tlW0
Q_Vug7dnFn8
QcV1MhB0wp4
QcVh1wzA-oI
QeB6YR5JZzg
QfmNJ46DEqg
QgLD3E4WARA
QhCjRKKZXVY
Qif9xvpDCQk
QjBdktC3Mzg
Qk2vb5NbJ-M
Qk_3x_dGWmU
QluO9qhWrsA
Qp3EFjYHmGg
Qp5zTh8hDVU
QqtHQQsKttg
QsrO_low6DY
QtT_FEBagQI
QuFjw9P6jHU
QvqIcu5I2wU
Qw1ulT8xA3Q
QwWIDFbaNxw
QxRGb9H6yaY
QxoC5tK6Td4
Qzpa8ZSL6NU
R-L7BXTu38I
R-PwfxOW1n0
R0h_vTmJDFo
R2ARN90GP2o
R2NhrABnqS8
R2xBbHWz6hM
R41kHFeePdk
R4klnqAEmq8
R6B4uM-ncik
R6mejTLPG58
R7MUuUYMWZM
R7ea9QZpexA
R7zBPkwf4CE
R95uZpbVqqw
R9XsBKnJQfc
RAJy9DT-KXs
RAhrrGhuQls
RBUrFeT67mQ
RBjmEmTpH_0
RBnsPl-lO8w
RD8OJ2zRE_A
RENHM-6Dxs4
RFv46R7_F_k
RHN4j39aM1U
RHbHfVjj4n4
RIdvVcd4jSk
RIk0KGHGRiY
RJzJn1ucghg
RKUuGLxCS-I
RKXgPz0_aBs
RLY7HnPYQ2I
RNu9RojFo-o
RNwKgu-mWDA
ROs-yKpp75k
RR4Q9yMDwxQ
RRrSet7YnpE
RUOMyBDDzZw
RWjCX-Dqfck
RXQ7uET61bs
RYNjlaLR1Z8
RY_mI6Hmtck
RZBqqmf_Fk8
RZTTyF9E-TM
RZa02MM_HlE
RZfnN9a7dPg
RZw3mMicqxY
RZxs1MO1JxA
R_JOxVzoEco
R_oRehS3I3E
R_vGas9WqeE
R_zAPLfFO2w
Rb7S0kA0YA8
RcS1ELaso1Y
RepMk502FTI
RexsThWREH0
Rg-_WWZ6CkI
Rh0oq2pNZ5E
Rkctfkz4HjM
Rm72CGHTb_s
RmelUGiM2nQ
Rml3nSf-N5o
RnGmxreLAs0
Ro7_qIs9_Wk
RoZsXObM9Wk
Rp8pN-Jrqp0
RpXh_w1k0wQ
RqVwX4TRWGA
RsobJ8mzJjY
Rt_aeTKZ2jg
RvKLGGNOnLQ
RvqkQld0Scg
Rw0ugxuiw2I
RyPmodKnfHo
RyXk2r1qqd0
RzHhI_rRrLg
S0FwY64ixHI
S17YXhyMMV8
S1fA_dzrDTs
S3Bu2Yf-FhY
S3FyKknjGX0
S434KMxGTfc
S4R-raFJ6GA
S4rDO8kv-rA
S6LO3UFhfS8
S7NKaANe4XY
S7bq02g9D6E
S84KfaNjqGE
SATNVCsm1Oo
SATbp02OtAk
SAkPEw1WU7Y
SAyCKK8j72I
SBT5NEOn0O0
SC05O2ZVgOg
SCE8Zca97z0
SCNCCuqQJvo
SCVSUksspG8
SCWHucDZUCI
SDND7FWId_w
SDt9qFbQJLo
SDvr09dtBjQ
SE4AVIBmCdk
SEJFFf3N7kc
SEK7UZLejnc
SEODaPL0xVQ
SFFX9cGd1C4
SFM7cmhAA6o
SF_TEY_nvk4
SGkdmXqf3oU
SGuy44eaw90
SGwsVKk8qK8
SHcxIyEZPzI
SIhb87UnN8o
SIzZMj3v5SE
SJ__75w0yEE
SJhA9wqK4Ms
SKOAmfCpvXw
SKxoPwMCJHw
SL6id3dIySQ
SO1FrpnX6yY
SOqYBOBQsgg
SOqc3wVJXUw
SOtZSE-OTd8
SPMdw8-SBzI
SPfFAnXr2Ow
SQLNraLGR2Q
SQR2MX8rZdQ
SQWwhlELqI0
SQrDFFDzUjw
SRDGeQ7FrPs
SS0SXXh_pEo
SU9uDhAqyaA
SUwvB0TH56A
SVaiMJHOtMs
SVfI3kTIlbg
SVkpKv7x4WM
SYnjAeDhZzs
SZJcKSF6dPE
SZOfqcexyJM
SZfFHM75Sog
S_6a3KfSh4M
SbaL0_nZ58Q
Sfs4iSJ0-rs
Sfseo0N-SJA
SgF4gNj0kLY
SgIz-H5K6lo
Sh6lgqMRSeA
Sj2w6eWykto
Sj3eXJSQRNM
Sj7garC4__g
SjK1vaxgvog
SjPgBOAdmTU
SkBQhgL1qbI
SlKttFfStkg
SlOVcSkD2I8
SnfRs-wNijs
Soov3HKaJnI
Sp2dcmcBZYk
SrfzpOPXFJs
SriFvyYIg64
SsA6GtXrnKw
SsCnQfG9254
StcNDGZCfZQ
Stk33MWJLCE
SxViAz3gBGM
SxktCwuU8hI
Sxzp6_pN3ag
SyTBYDd1JEw
Sz4JQnqCP60
Szznio75V58
T-acrGOUf3k
T0d61njwflg
T0kpkRc3xiQ
T1o39hWBze0
T1snB_NIul4
T2B_T6wIxF4
T2xjYJvcAjQ
T3ZWOjIQts8
T4SOMkiWC_Q
T4kenxycQzw
T53pKicafaM
T5GBSgVg_LQ
T5HkzYVIvKY
T6dGlg_8zHw
T7htqc2pU-A
T9sY7aYtnOs
TA30kROUwBc
TA5I51KfIwQ
TBhADy8W_KU
TD6CKgGRSq0
TDC2s3QcFQE
TDWLDTKIpSU
TFbsxkFbD9I
TFmy7GV9RCs
TGCLQMRjGCk
TGnZSNphI0Y
TIthXAacG64
TJ2dWsCSoIA
TJ9C8JxUMNM
TJDMOrFLl2o
TK73qWJdV0s
TMVNqGEt2a4
TMoB6QnBO0Y
TMxX4wOUIeY
TQfvubtsxyY
TQprzaTqUDA
TRYn5Em7eUg
TRkXrsSEliM
TRteR_6m-ug
TRxGCtihQ9A
TT9XTka1m64
TT_lT7hUS9I
TUGJsKmaOLc
TViZcUrweeM
TWV1kcZPczY
TWzwFmJ4lhU
TX_Hv0I9lAA
TXccwdXGyKo
TYIvrvN2Hs4
TYsfB9IUG5M
T_e_5h3PwoY
TaMnqXkodEQ
TbLagwxUrZM
Td2Q9n7as60
TdAKAWNWgD4
Tecv8UcKiB8
Tf4ZO0qPI_g
Tj1o4BsA4CA
TjNKArXSVzA
TjPdSIFrBYY
Tjux1I96jdc
Tktst_D2N3k
TmbEfv7ILBA
TnjFxpSPys4
Tnld7RVZiNs
TqkULzIVoOM
Tt_D48iB9xY
TxWyltZIbOU
TxZuR9z586Q
TxoDhpu99f8
TzcJavS889E
TzolL9LdCIc
U-GO-uLpAho
U00HkW3WmRs
U0RHKfszg3c
U1JAnvOGGec
U1Wk0OTqSIU
U1a8ZquApLg
U3AQBue2R60
U4wC-EewBl8
U5FM-tZElcc
U6SALHky4Ok
U7LtMY6ilf0
U7gA_MzZTig
U8-3_oOS9DY
U823CVSxarI
U8eVS3QhU3k
U91Ooxlh9go
U9eI1iumhh8
UA7DIW9jqR0
UB0QroMfc-g
UE3AD77kVx4
UE6knTH-qB0
UEFL2vxNKAI
UEzw8tApuIE
UF699AFYCTc
UFVWcc-7cUM
UFrdPyJd0Y0
UHjDDbsG1Q0
UHmkIXLPBow
UHn4yXt_WAE
UJ8UD2GFcEI
UJmtmFAZs64
UJvgK9HuE7I
ULDgJOvitpw
ULJsS-WWbr4
ULaqJBbn578
ULmiIdKO1DQ
UNhJbQ3F0hI
UP1X02epdiE
UPfsz_sjlTc
UQUYZRZCqMw
UR6FqUdYhnw
US0TUNnQDoU
UT5vmwOzfFw
UTLgv3dBnKY
UTXCICsD9oU
UUOnJ44q8ww
UUP2Ze8bqAU
UUjxV7T-NVY
UWLJ6o5lymc
UX7Jd3M6Q5Y
UY2Tq2QEZaA
UYjjZ7ftm8A
UYvOSmfFdU0
UZZ_nh9IMXo
U_OvlopKWVc
Ua5lUxTqijI
UftpL3fQIxk
UgtTdooOOhA
Ujefmnz4IAw
UoVg8WGnJgg
UpHuYazWb1Y
UpdEFakXxOU
Uq9x7f7_7ck
UqCbr2b0FNQ
Uqqzw985zJc
Us2b40JNXPs
Usq53HaTgWA
Ut2mV-psuuo
UtMXXvxUuNQ
UuyKMHrDz34
UvcWgY97tJ8
UwoNK_YmFFA
Ux7RX8VnGDI
UylEZVOaNUc
UzU6BUBw09I
Uzo4ghPoWZg
V1v0Iz9cWms
V2Rj38_VPCM
V3rH8Tzv42Y
V5COt8zSYlc
V5XUEofPH1M
V5l1mBp-c2g
V6cRHNQ-0yI
V6g5PNhZK8k
V82GyfVquk0
V8Y9VgjPW6o
VAZ4odDmqNg
VBBlglsYdfY
VBPGqJG2WbM
VB_rPGwarUo
VCCNN_iIOTc
VDulhXB9rjg
VEpxMR4OGFY
VF7gdfv66EI
VFWwamQAx3Y
VFxPo8_V59A
VHYvbShht6M
VIDt6ki9ut8
VJfSZoH-a4U
VKecyuT_C2M
VN4nIm_5-9g
VNY5I0XkJnE
VNczDvPbMCI
VOVNyouwac4
VPuYCCG51JQ
VQ0Jl0YCCgA
VQAUfmY6RHc
VQMoBjfS1MQ
VRJ-KmatM9Y
VRVLhjSrK8I
VSi3_YpI3y4
VUlDD4_K9z4
VV4YG0QDjHM
VWm2ZSopMzI
VWnE3g-leYI
VX_CyZQidPI
VYbhRs1bJgI
VZ7JEbJpZGw
VZhxvM3eWGY
Vbza1rqqLjE
VcFyxBlbyRY
VcM98v8DC0c
VdPLU0CxaSE
Ved8_Eas2HA
VgL1IdobDUY
VgjuFVRmGQ4
VhW072K1USA
ViSYzSKjqIc
VkbcOHh6UcA
VktD_EzMtko
VlMm96-w5pM
VmB0IPIXg2w
VmSh_aZuVtQ
VnIP4kgTuyA
VogfiCmcDz0
VralJMGGyic
Vrc4WHVBRcU
Vru94BmB9yc
VssvY4r0nYA
VtAnKnUoolo
VtbOP89-pCQ
Vu0zBsoFDV4
VzcG6mOC6I0
W-dCgyFChVk
W0P6kHrhHz8
W0WSxaeMerI
W0qhDB4uNtE
W1LNQl-aEAk
W1Pd0MXjXek
W4saYJkXKfI
W6MpMBRoOcU
W78447Rx8eU
W7CMAP_igsw
W7CbbzaB4ZU
W8vrbtPMOds
W9teOIx_R5I
WAuY0ChilR8
WBOOmKsPE44
WCDuBaGXZsw
WDAd4M23LvM
WFlooZ8scWk
WGrkM8URmP0
WHJ90VDWmXw
WHVMJz-AdLM
WHh_Rj3C-IQ
WHngDR-E9Gc
WJ1-jrXgUw0
WJe3OEE24Ow
WJe8t-TLwfA
WKSpEi-THOk
WKyVnbrDlkE
WLKz4tdL8ro
WLyjeNrNvLU
WM2ew5gHRIk
WMWT_5aECes
WMjkyL6dFog
WMktF1vw_mc
WNIS3Bt08Y4
WPS8spn07Uc
WPfsaKTMceo
WPir6KaTVME
WQLn3ifmXLk
WQiYjfeyKRE
WRDb9QHxlqw
WSMVhUKIZmU
WTmAssOAANY
WVnHkaZVFu8
WWXHxlBCmt4
WXXgHMgPbW4
WYkap-sSv8M
W_2KDWVj6IA
W_D-WaCSlZc
WaTtJr80bX4
Waeh3mF9b8s
WbOA5bbin6Y
WbZj1psGfsk
WcHv2jc6zug
WcwwWGNi9Dw
WkP2WBZ8vSc
Wmt8VA_VKgo
Wo9sDprLBk4
WoVwGOl7laE
WpcblfNmKWI
WpvTTHB5IGQ
WqbYaD3pr7A
WqwdfVquHyg
WrIQdvLSUPc
WskEcrSrBuo
WuVreppN9PY
Wv20tdPb9ZQ
WvkUJY3HeyY
WvwLpG65SsM
WwKBC_3pwdc
WwokXNHyBOc
Wwye4NjmMFI
Wxa2O3nbat8
Wy1rDEnBDtw
Wz5KVAMHk_g
WzuZONKGM38
X-6eWV4hbT0
X-Bbr_3iVhI
X-Q1p_NxYYQ
X0HSJuYvF6I
X0eF5dB8kOM
X1O_P2TBjs8
X1VzRhCynT4
X2v62cOYSI4
X3Y3eJSRvpw
X4oNi230dTI
X6_Us1t1q4Y
X6k918cu5m8
X6mEfqMln8s
X7SCQS7oJF8
XAjRkINigYc
XByh4I6jtLc
XChaGFvWpkM
XCs-65U7dDQ
XE1lvTfFcTQ
XECnli7R2gk
XEjW9k3EHZI
XFYELTKlG30
XFzrF2C1aVg
XHij0c3CEJs
XHjTkrlAaFo
XIFE7fThPaU
XJ01IkunQ3s
XJO0zRFcVa0
XJtUgfO8LRg
XL94_Xlgu34
XNXx5RBmyAg
XO3XTEouc3k
XOBCw80SEz4
XOz-REv1Q7c
XPTciZorTHo
XQPIPJ8u3bQ
XQucNKKVcQw
XRiuvcR7l9M
XSi2UzYpows
XSo4tii0qFc
XU9pZFBsIpM
XV0ynwhJlpI
XWWMS0vtSdI
XWnCI6wjQrM
XXNmD1QDH-0
XXch0kDRNGw
XXynvAnhX7E
X_ID_xBLY4k
X_MESBe8z8w
X_zOsgWVDuY
XbwhpEywBBk
XdZUQbdZCz8
Xe_n9f3XUtI
XfdZmv_VPsc
XgNLBojTXKE
XgP6gBX8VE4
Xg_UPjq1d5o
XhLiwIx4fAY
XhOst5e-bZY
Xi2eenerez0
XiFA22c0xyo
Xj7jLRxfyK0
XmQeMqlZuRI
XnSw9Wbg6nI
Xnh4hTagK8A
Xov4VhsRLhk
Xq24zPf4pAU
XrbFyIdG3W0
Xt7erI_2tsE
Xthoo9ZDCr4
XvukN1lzyNA
XwF4TeFVwSY
XxFBKvueVzQ
XxLzVKxoFA4
XxTzi5VuN5s
XyOenez3thg
Y0OaR570s_s
Y0RzQhwmYS0
Y0fakjVG9CI
Y0wyH0uMyiw
Y1My4lA4cTk
Y1k_4hFeo9Q
Y2fqUqSsxsU
Y3NmgjXozA4
Y4JMOj0Cutc
Y6CRTTzAm-o
Y6MG2irkFko
Y6jmFLNd1jw
Y7tHkP1c_eY
Y8_kc5HUSNY
Y99gmGXjFm8
YB7I4e3ikwM
YBGEFKFJzdM
YBc9cnVtMaU
YCNJjsj1Uc8
YD60dpEIRbk
YDC9jaWD06g
YDVg_ZVfOjg
YDq01uM-rWQ
YE-L8xH42bc
YGxwA-sslNo
YIF4LZ-o8NU
YItVQxuzVdw
YJLK67Qn40E
YJU9HbbZZRk
YJVWbePCrlE
YMhgc3WEfWY
YPOosbA_5iA
YP__M4CEjJU
YQheE9FSfto
YTX5cs3_9HE
YTj1FRAUovA
YULCfPx9fQM
YVNiWHlFsGs
YVyX52_kxAM
YWMfx7th4W4
YWTyZpl-vfc
YYH-gcIytWE
YYVu-sIIj-Q
YZLWepzDFJk
Y_L6bqcuOJE
Y_RIjMa3zlI
YaPJxoDVDUk
Yd-R7ySHbYA
YdqPk2Xitro
Yf0e-6X9dPQ
YfGasnPuW8U
YfySHUzy3a8
YgCR-vaXsTk
YhT3Z4gvaiY
Yi5lZNFVDBw
YiF7or5KHMk
YiIdt04SFLI
Ykokb97bqnM
YkudukVLwEU
Yl1s7U4IYvY
YmxAz244Xv8
YpRNkSOarNs
Ypy7kqIiD8c
YrRGdyk9zxI
YtM37RwXs5Y
YtTwoTcxadc
YtoaaiZXNFU
YwF2HltQYeI
YwPojc6dQWE
YwyutZ-hSjE
YxnXTIJvJ_k
Yy8osJWmRrE
YzRpauaKMe0
Z-CBLW3II9M
Z-RB6fCBuo4
Z-UT8x7EG9A
Z03q2j4mODU
Z0fM_dmC9VE
Z0prjby5kY4
Z1WVng9Q6ZQ
Z1ekPJhJ5Fo
Z25vGaJd0fQ
Z2iUUJ7dJSc
Z4GjeejRlOY
Z55TYm3ZvGE
Z5yA-bQi-vk
Z61CEng_oy8
Z666UwZkMt4
Z6yoyGKNPNU
Z6zxdrdrdmY
Z7EMyUN2Dfs
Z7cBJE5TF04
Z8jlQJVyIBg
ZAd0sqzFYRE
ZAvdnC1wDr0
ZBCDrzimuI0
ZBWVXK6gX5A
ZFFDxnLCwdg
ZGNiMbViyFA
ZH8KPYu4iQ0
ZIceTPbGvVg
ZJHP_4rRpzg
ZJK11KOI5IM
ZK516xj6VkU
ZKfbU9mwgC0
ZLY8HgJV_5A
ZO6q5Zvsehg
ZOD_iKU_1Fg
ZODuRFqmAHU
ZOk0lmEeBKo
ZPL8tewFZvE
ZPnK3FuQKK0
ZQZ9us_xOo0
ZReqvAIiec8
ZRtD1kMTcGE
ZSpXp6YTQSQ
ZT71uWQiWx4
ZTzOm1o0hT8
ZULY-kg46fQ
ZWBoevU3BfY
ZWC4o7nIW3w
ZXaMiLtfRg0
ZY9HfboFZl8
ZZ-ZL1O4HdM
ZZSRCDNri6Y
ZZUyhTS-XIM
ZZxKI_he6b8
ZbuAQ20H2KI
Zbz_Nnd-Jbw
ZcBeU6-wbgM
ZcT-YqReS34
ZcUKNLQ8djU
Ze1C1OWDx54
Zf1QnL_Es38
Zg0rJwYpOlg
ZhjvArdCL7c
ZjKVe4UUEfs
ZjSint5Llrc
Zkubcm6OP0E
ZlQf5rlEPxk
ZmOcgTmUHHY
ZmRUFDo-qus
ZmkYJHC-GDM
Zmvwgm5bnDk
ZoFfuoxDf9w
ZoqCVbEcBj8
Zp-nePBFRUU
Zq80rHSbQDY
ZqJxNLCx83I
Zqa9J7ayvhE
ZsNXN5W7OG0
ZtHvMIMrOtE
ZtYkTCy4cOA
Zta9K3CLOwU
ZuUpfIgBXig
ZwFNOsVZFjQ
ZwH3yCqN4VU
ZwO79UbyUrc
Zx-YOiWkr3U
ZxhkMbRI4xQ
Zy7maI8qnTg
ZyOLL_igkw8
ZytxMrbvoWI
ZyxD0usmeeg
ZzAV8o5NoKU
ZzW3ly8GAIM
_-TXZ3V4LLk
_1RsDNk82pU
_1a0Tg2FD2Q
_1sZOtq7jI8
_2EuFgdpD5k
_39QnE6zgBE
_3PnU0q9fQo
_4wDEgz92BI
_5a8E73yEs8
_5mQVR255RU
_5t46fPR4ZQ
_6ycZ2_I45k
_7jMyEP72WI
_8JajEAdfPM
_8Vnh32atwQ
_9Vp9ex3lL4
_AV-v9LHyZk
_BCkQMPH4io
_CHSr4uRtUM
_DG8ch6Hj6E
_DLJ0qma4SI
_ElKIVRVkxg
_Eu5b34Pln8
_F9KL8inuas
_Hdza3s89MM
_IM8bkJObI4
_J0wf3Wc3sY
_JO2zx5zvQQ
_K1LgAv_nIw
_KHbIXWICoc
_MKXnDHpIlw
_MafocW-ZC0
_MtE9__NgaI
_MyD_e1jJWc
_N1jLDEcALE
_NYHy1Z-otM
_Nw8_YwybOQ
_OAstPyQMM0
_OlimkKCgFc
_PvlK4C_JY8
_PwdOzovBE8
_Qz_Bq-tegM
_R0vcJqwTME
_SAA7hpQevU
_Sz8R3xaums
_T0nAjwuKEs
_UxYZhkeOAk
_XFwvOSzKZM
_XeGcemdKos
_Xx0qs76t6A
_Y3K4wArjto
_ZUMuxtDj1M
_ZxXI-cACSc
__kuCuVfCBY
_al4fvwtJCQ
_ayu45mgNr4
_bq4XshLqJY
_dOIijvF3sc
_dleAEwjAbk
_eEa7YZWXfg
_eSNgwn5xys
_fz7Q_z0d0U
_hGWSmMU24U
_hmvQAKXWZM
_huMfV0hZKo
_jRtP7sT00c
_kR3sFjEErM
_knD3EcQ0q4
_l07lDPCjy0
_ln8okBd5kE
_n0jAckD0Do
_nH4gwi2Jbg
_ncfKf_JO6k
_qJXoRmSnS8
_qUeNtpg-2Q
_qfh5S9_x4Q
_uGVxdSO7sg
_uJs6hiTDrs
_uQk8k46R7o
_uVBVsvTMfk
_vlP4XHPKGI
_voC0wRnT7M
_yedWPlSFWI
_z0h1SqxxO4
a-RDBTHJG_M
a-RGNXNjYYc
a1HyuwMBBbY
a2zYstg2BeI
a3Bck2N1MfQ
a3doVMic8VQ
a40pXlPDar0
a4PaDmLrVS8
a4xHSk3qbsg
a5heOotlSDg
a5p-d86IVvk
a60_Bu9enwk
a6jwMz-gODo
a7K4YanyfxY
a7mCJNk747o
a8Uo81MqBpA
a9-1_sZfq1k
a9zMhQ7vsqE
aCKr3G8Qw2I
aDIRrBmP4Us
aDQdtnmlkOs
aFGh7gGPi-w
aGGSpKzBTgs
aGOZ8G6N9uE
aICdqBehm10
aJ1fTbaPiJ4
aJK68nFqJho
aLOr43ycDbs
aLqCirNsH1s
aMG9F-69IlA
aMgTVjcWkBI
aMgp5n3jgHk
aMzvju5Uon0
aNJrsMo_klQ
aPZEnWa7WIg
aPcKBFvufJ0
aPlPQVl0OjU
aQlz8G0ENB0
aS0Vntw-vaw
aSdzyI2HpgU
aTb7fYrM3dM
aTtxmx55XyQ
aUs9hlM0mCM
aVXNUz1Kd3I
aWn2qIFU1hM
aWpUPp822Ro
aXgGdS9ZY0E
aXhwyp6PncM
aYZ5BpOfqBM
aZAJ-K95lLY
aZThnjVRW78
aZXdiuVFnM4
a_bR_dkJXEI
aa5TYSPFIFc
aaAvzVK4BUk
aatodjboM1c
acEgKg8c1Eg
acu1yRCNYk4
ad5BDA0oEJs
adK2N4gt_lM
agU0twlESYM
agX8eMUZ9eU
agrqF7950_c
ahCm30TCIW8
aiMCtwYB9uU
ajRWQAC6X7M
ak2hp1vQb0A
akPRfXILBI8
an3Hsof0Ags
anKO986IgAU
anMvyCev5gA
anuZRyfzNEo
ao5vRUxJx3k
aoHRhQZGqTI
aq8LxzRiJds
aqPPgrorsdY
asV28tCLCb4
asp_zoHEPKM
atkQ-K83e5Q
auSXZM2smJU
audH-j_-_sE
aufPSAyoaPk
avFcMrQalsg
azRpgQOcEYg
b-OSCe9TYu4
b-Xzufiako4
b-n5VgEqrss
b0jxMIGBiZc
b0mFgHGbjYI
b1J515Z9p1I
b2AglRHCwDs
b4EebuAkhqI
b4gcsSKecNo
b4lNMbh30R4
b5FtQTXUxbo
b5Kt-r5tYI4
b7chPgHybK0
b8Q-vOupT_U
b8UV6uuOP9E
b95zCM6eWN0
b9aKHLAKNbs
b9bN8RS5ajU
bAamwcESrwE
bCav9BzIKJU
bD05M7rYMiM
bD4fr_eW_fk
bDEQe8CC-D8
bDcb-UFIMa8
bDprQ4wrQdM
bFsSoCquiqI
bFuprp1d2d8
bGuxt_8VnJQ
bJ1FKFmPaSY
bKQpDBWo9D0
bMaPH2xnWkk
bNJ34yb6xkQ
bNOXMdmGT_0
bP5N-weTd-0
bQWe8Iw7O28
bRUqOtd9-pk
bTF69hytRTA
bTYSuLAT-AQ
bTwQ_VokZ2s
bUZmt4M_zSM
bUw-58sPK0s
bVCv4mQZ7jU
bVHrgxX6wG8
bVe9Rp5kPpA
bWCtVkT_pW4
bYCHWd_mze0
bYt-SLzx7zI
bZpAoV87Ju8
b_YsBaqxzy0
b_fIsiHeAVA
b_k5r6sVSPc
b_sqPO2EIew
baKA8W1N4Q4
baftcmxa1sw
bb9uoAMiDeQ
bd_AG0HV0ZI
bf1eTGf-0Hs
bg2feQN7PRk
biDJ26JjzYQ
biyLk8Sh-S4
bkeNvK1wbG0
bkpV_BKe6jc
blZWM4jpn-0
bm82vsTKi0Y
bmfDbfGt-Qg
bmslYkdTnEo
bnwnIxZyCAY
boL18j48Bro
boPXg8Ql6q0
boQOrCahnUc
bpz6UvopExw
bqA8j6xPFmE
bqnNTRSm7dU
bqtBeVfS72Q
bsIOBFypIlQ
bt-QYf7SqV4
bt3y0QpG-JM
btQxz2aw4p8
bu9Cb4Hi6ns
buYlZ3Ofssc
bwBAlE4_EXk
bxnQI6yCKpE
by97CfoC8l4
bySSTzOmGhI
c00GW-HNRCM
c0G9izzINew
c1g5HPgTfi4
c1g659z4Bwg
c1jLsuUJ1Rs
c1toEmrpYoQ
c1vSu_HnnU8
c1xY7a759TQ
c5fRlMVYbuA
c5zvatoIapU
c8GRLKSVLcg
c8aqU5-52uU
c9i2t4sKaLU
cA0Cbdbgk9o
cAAN-2yDOqo
cB5XahmDnPQ
cBVvmKNYXEs
cCzZ0dm5C0Q
cDfqjvk9ZqU
cE3v0cU5UHo
cGunUs86iXA
cHy1ZYoIxGQ
cHyfYSghbvE
cKLsS3hqVX0
cL-hmFTI7kw
cLVPMI6w7FQ
cLzS7R52A8k
cMAnd4eeaj8
cNM1CLdznMw
cO4CAynGXsg
cOTpK54ra6A
cOluDLcMaRc
cQ-L8wfA_zA
cRYbAvqLgYU
cSH0scUq2Do
cSnyCcSB84A
cSpQLjb8ia8
cUiCEwyszOM
cV56X0_1Ebs
cVDYawNKaDI
cXNtk9rBys4
cYfTvInACG0
c_-COMiRuPU
c_PktJTirPk
cd2hwhf5mcQ
cd7IQHYP8Ds
ceHMK82-yhA
chI6xBy0HiU
chyFmPLJwR0
cjNvRCpUNFw
ckolhTxFlvs
cl2XSAxpS0k
clQ4Rk4dcJM
clT6fJxQciE
cme0TDaV8AM
cmveljgPk70
cnGqwd8Xqcs
cnLZU_j-gZ8
cnu96TcETiQ
coRwKx-Yxrc
cp1sCCIL3hk
cp5_23MrqGQ
cppDHwD_cns
crj8vtjbo4Y
csHfOr7Xr6Y
ctj7BXiA2jE
cu28HL8C7vA
cvwysDZhMeA
cxG0w0_gb3w
cy8hKFfCZYk
cyph2AcbNoQ
czsMKdHPPSA
d-JkAJ8UGcA
d-WvCjWfw7E
d125V8Yq_UQ
d1u2_CEgAG0
d2jRlnoiWBg
d4aXEkmyW1I
d67GKPe1PvQ
d6IOJT6v4jE
d6JddXK_5C8
d7qd9wyr_X4
d9AOi2uk0no
d9btjxoPsxU
dCoTBBKjmtQ
dEHWgXRo6xg
dEcK3uyQRUQ
dFBxVtshwYI
dFTzU7rt3Zc
dFYRaSzsIYw
dFs24BYx0Y4
dGB5sPdFAxU
dGm6p73f4Uo
dHvtK3XSHL0
dJAiboIPxds
dKxPbhKkhM4
dNk4IXmx3YY
dO0OPqTHaig
dONupOLwgZA
dOXSpmFzvW4
dPCiXNKPpg0
dPKdKwVb_b4
dQHRtCjgO84
dQVPmIC9E4A
dQiQwBH23wc
dR796KzaBVM
dRH-YVoWLO8
dRHC8lgjalc
dRiD6Us-QRA
dShT23Q2yew
dSke6mI-oMU
dT68W3acx5E
dTSNY1pjYSQ
dX6vgWA-hiI
dXoDdPdZwBY
dYYuFHpFnbM
dZHgTVw1PPo
dZPULKDnPKg
dZUFAQYto0U
dZhxmTxcdTA
d_e0U4jVuLE
d_jgYWZTUPw
d_tLXYAHM7U
d_yT1AJRvFU
dbUuinudgSc
dbdM-BNlMLc
dbjl4Wa1FIE
dcRwtgXkJNQ
ddS64j7EOZc
ddl2IIktDoI
deGoIDTjjdw
dfIHot7pHUQ
dgoXXZLqIKw
dhXhHGMZiP4
di2ekjlYmbk
djrN6mQHiwo
dkSxEL4uHlM
dlhAuygFMa0
dm3vA6b8RnU
dmIEgs3bVFo
dmyNwnABKuY
doUJ0n4uiJ8
dpPtI_g2k8M
dpTHMlQ--ng
dqFpjqIZEMU
dqYrSH-jSkc
dr-PtxLBE9k
dr0JmhDGKpA
ds2ElUvvOvM
dsYVk-TUl08
dshMpNtjD8Q
duHVHXNGs68
duIA538F04s
du_TwYlaKRo
duyJV6X7soc
dyZfRw3lz7o
dz3T7cidP6I
e-IqwnbkmRk
e-KRYtpZUUA
e-SfrQbkrSo
e0JcSRXrmLc
e1D0jgO6c0E
e1WUhOnRCIg
e2Izkkv4Q10
e2VrVqKjkgY
e31Llrq1Zas
e65gvagKCzM
e71y3F9mHvs
e7RRyXaNaa4
e8lPnnAM9eQ
eAlH-0r5VL0
eAtZtJWJy6M
eBOPfjg7k_g
eBouH3B95dc
eDdMQyK1ZeE
eE0iliBoV6k
eGGMGHnh5kI
eGo82i5gkkI
eHDC0IELD3A
eHsTwwMS4Gs
eHvyvkvY09c
eJEm3pKb_Fs
eJYum6y5DX8
eK8MsfhLWs8
eKZ4RLuzYMM
eK_2O0ZcFb8
eKzk_sSGjgw
eLc71p-47OY
eLca36QwHcY
eNpxrXvAm-0
eOpCKZgUAwg
eOuDecCyg4A
eQqLxFcI4pU
eRcklz2_CQ4
eRfoLuY1hWE
eSJMVnXf6vQ
eSK1Cg1xazw
eTcmztgqF6A
eYX-RiVCims
eZ8DfFg2UMg
eZqsUtb6Mmo
e_ISQv8xJxA
e_rb2O1EjKU
eb2ZVwsoAr4
ebxt90SVq3g
ecNro-Kg5HQ
ecanSm2AH5I
edNpxbXxVFc
eeBaGuvr0XA
ef1DutQigWM
efELoYXuBlY
efUcRXzySDE
efqLfXdYb04
egZKx4MxpYY
eiLoh9IZnXw
eihsOvGihH8
ej7TDUmUQfY
ejMmuLu0q0I
ejRVshJkm6s
ek_bfZzz7Wk
eklqOvHU_dY
en61HUjfV5M
enAigVSo814
ep7_jYDWyig
epNeNVW1noE
epRQO64j4bA
esLWf3b6ORA
et6lm068rGs
etxKnJQFujU
evFo6Rzp2Nw
ewTixvzSQvE
exUlN0tXeQ0
ezy4gfcermc
f-be1dghAq4
f08OxvBg6fI
f0f_bncpgwA
f0hdr7SJvkI
f1H7Rt4sGMU
f1ezoRgHJHY
f3xC06PA-mU
f4JzqlwBLO8
f55ELi0OwhU
f6bkW41n3lk
f9N_3jliQl8
f9yNAjWsfas
fA63eDZyHvs
fCBT8x9CQfA
fDJ4UnOJPPM
fFYng7Cp9NI
fGO_3tR6ktw
fHzlEeemn7E
fIMhd7H5UfY
fIXhrb2nZow
fInwyKO8GtQ
fJ5XYSufdYg
fJInMtrf4sA
fJe-SCOcwH4
fK-wtr8GCcY
fM7Ebu_raFU
fQKlfKGcDf4
fQoO60MNacI
fS6JD_P93AY
fTohJfhJZVk
fU9FpaZabFY
fUNC8SjZZD8
fUNu49yP4tI
fXdUOMptn5A
fY0sgctJrP8
fYKUY5tVMYU
fYia-YM6wMM
fZIv4shxbZo
fZRyqwoAB2s
fZbMrbxS5Dw
f_eGCRU7oLo
f_pJ8FNUPEI
fbmD5XUiOgo
fcoiGn9dLxM
fd8tya7Gmv8
fe9dz_LcojA
ffUBaZFxiHM
ffan5JPYmjY
fgA9G5FVmYg
fgEeWMimWQk
fgF5Hcyk_DE
fgo5m3vYu7I
fgrqpeEErkY
fhz4p8fzM8w
fihAjWn28NM
fjYrS-TQwIU
fmDvukzL-3A
fmI4OcX725w
fmhKpfzZ2BE
fnLOD5ymEak
fo5ezmHX6Ow
fo6qzhp28wg
fp8zSYBylJ0
fpbyPAtL_Dc
fqPTjOsg3QQ
fqgZ6LtC8pU
fr2Iu4R1vUA
fsbowUk_XuU
fu3RfspqZB0
fuRpkMxVlSw
fvmGqcDmH5M
fwGF1wxYOEE
fwc_crHWSoY
fwp_aTxjrOI
fxb5IhXDw0Q
fxn0njnka6E
fxooMxZvkbU
fy8_DSioAYQ
fyw25SJQl4Y
fyyKCL-RFcY
fzU-0yjvcXc
g02oRBMNvp8
g0Em9Zxa8Hk
g0HMW-ceILg
g0H_4sK4H-U
g0g1jKjjshI
g10ka7cW96o
g132DaMfKbc
g4Ozi5cIjX4
g7ZAOLmUYoI
g7mSFN3c4AQ
g8-m_QTJvpk
gAqRknj8EdM
gAyF-VthtkE
gBqrJlZxwbs
gBrAyygfPcM
gCdI9Oc4LVQ
gD-tLVav1LU
gEkJIDXwn88
gGyCJypq-dA
gIANzsK_jEY
gINGvz7W4Ug
gJV7IkVQ8Xs
gJW6zjdZeqM
gKFJSLuvzrk
gLJzYPY2RPE
gLhFchTnVvM
gLmlQflIStU
gLvSWcNfQHQ
gMKHRWipKsA
gNoYx9XX7gA
gOLmajoOVSg
gQqmlAdLbHU
gRC1s26Gu74
gS284o83RDo
gS6EaNUeRsc
gTRuKY9SYS0
gTcz6robsHQ
gTpD47uPaWI
gUTVApDZ42E
gWJ24IqXWWg
gXYSwQvWzj8
gXfo_M2viss
gXiRZbEE6JE
gXken5QPdhc
gYHKqqG_9i8
g_-ipAs6pIE
gbx3-r2UOJc
gcfIS7w2nHU
gd9YjjtCafc
gdfXy8CrjWo
gdstw5Gu69w
gg-GbVSBp1A
ghPF3OHF2uk
giKYhJUyzCg
gjfo4q-TCLg
gl39GBkwiCE
glN6wqbZwdA
gn6smjt66h4
gnNnUaI92dk
gnQyY2EI_Xs
goU_L6Nrxj8
gpotTiHaYkE
gqwa3zlNHFg
gr9OMdjqaX8
grueKq8nops
gsGAtG-dJFg
gtwryKjXV-I
guj57Ugr_j0
guqNAkehE80
gut8wsalad4
gwBr747q89s
gxzuuHi7SWo
gzkrzfeRwPg
gzlFk9VwEj4
h-BhHgJfpq8
h-JSAW3wypE
h0txgGxwzyE
h16iQBUry1A
h1TmVkbkILM
h2YPmlHf3V4
h4ZRnsdlsBY
h4jeqFiXu5I
h4t0SutcnHI
h61W0xggbCQ
h7fVmeDd1qg
h85CC_0J4Mc
h8YJH8mxVTE
h8r_R4Tywkw
h9ZHMdhwzlg
hA9E_uFwV80
hBF2aqbg8zI
hDT0FCgPjpU
hDaUcasdz3k
hE6yuO6oWAs
hFtYJiayM6c
hGTcemRmfCA
hIzEJOSDfpI
hJ9Ue1wOmAM
hJZOo40vGcc
hJohRBf6jzQ
hKFfe7J0khM
hKRZ7H9fVOQ
hKaPNlXj8QI
hL08zsE4iv0
hLmB9WYOL48
hMDwOgrr-FQ
hMPHl2FfhHY
hMjVnMvYSN0
hMzy7jf4-8k
hO8BL8KnrHw
hP5_gEAQZCE
hPXxk4uT6Ow
hQc5jsoVZDc
hRyOADXmZME
hSHaovCLxxg
hSyi9Zl4doY
hTfJoUXLdXQ
hThcaL27ckU
hUxuX1YzigM
hVvo1D_k81g
hVy95XpE24E
hXjoQxwEbLA
hXnx2WMO664
hZhJoq121hw
ha682UbCcA0
haF-fuWuZFo
hb1QcHWYdXE
he2hahW0wnw
he3wvzKQ10w
hfW-MRsUVNo
hj1xtRxn7o0
hjEVBwICRF4
hjMKY-y6PiI
hjZZXIG12II
hl1vblTn3no
hlxmX_cdTkI
hm2hlqOYBoo
hmzZyitN__A
hn5g0XkaBzA
hnJJ11Ye_fA
hoQJrbXngTc
hr8ZuhEPLpY
hrSwYuzQssI
hrvH4C4n7kw
ht_768OAS8I
huaJXXUVtuI
huuAjZzB0Ds
hvQnfmVk5e8
hw4fpcjZojE
hw5jJQ9auKQ
hx71XsLp-L0
hxxl8RfIReU
hynpYAFGe5k
i07fQi7Nkm8
i1iQ9625f18
i21ZUXe8F5g
i2vvtpj3cgk
i3NpmzBNnv8
i4UX6Qkktto
i5JfV94Mg40
i5tEVejaDaI
i81vUtUOhgU
i9LmleByqvA
iAHts-VkzMU
iD2koUhnk1I
iEXAC4SNGdk
iF16qOkG2SM
iGL8A815eHY
iGk3atJQrt8
iHKFIwG9KCI
iIPK9LdOJHg
iJOUk4iaHTg
iLciNxgH9jk
iLvJ3s7vcWs
iMUu5aBD0CI
iMpqwWgtejs
iN9oQZAkuIY
iNcsg42sp-E
iNjyqXUeoh0
iONrImyTODA
iPOWxH6AqX4
iPSPnC1ijZk
iTZh9lC5FEM
iT_GHlD8SVg
iTtFDWvpq98
iVqp0oRQilE
iVsx_OMZxEg
iVxSChOKtK8
iW7TGQC9PQM
iWSg7U1P4kw
iXWlp-pZEuQ
iYGgDBtfCDM
iZfFjS7sbG4
iZqSoYCyvwo
iaKFYQ5_QJA
icFxTrhfI3s
icMpeCruAog
ica_0scY6O4
iddHvS-aZkw
ieHqzSKiFfk
ifYJF2VAnIo
ig5wTj4pZbI
ihQ5xf3u5yQ
ihgqb3tUENs
ii5hd8obhNA
ikbZrloFXq0
ikk_hLvjfkw
il9A6xlzRGs
im96V7kaF_k
ioK-77UqC_Q
ip0Gn3-K2rU
ipeCbuuZrns
iqItjkY_5IQ
isSyuitqyl4
ismbR1Oqo4Q
itKE0FulmBA
itfBwCTuqH4
ivZNqYIG814
iwSbnVJ56_I
iwUa_y-IosA
ixyYIA_wj-U
izA4_K7CiHc
iz_PejKjPQw
izkZUkfM5Aw
j-cJOAMVFK4
j-qbysFm-DA
j1SRUy5N1cM
j2RByn8H7yE
j2ogwO4tEOg
j3Yoy8_6ZKU
j3Zcdyszcmk
j4-F3prpGOQ
j4W8y0Dq3zo
j4xP93B1ysQ
j6t-7XJtpcI
j7h6KNVQTZQ
j8iVrmIsiTc
j8nIq9mVsiw
j9emBiM_Ma8
j9nLaiC4qYw
jAfUT6Z4ThY
jBOQ6hNRP0w
jCNgaajgQpA
jCnz_au_HLA
jDe0H_LhyYc
jDiwu-VzBgw
jELDPAmqebM
jFCWuM1rykk
jFPpnkZnw94
jFjkZs0FyZE
jFkpceiC0ws
jG8uzgyoJrU
jIZiVCsbPD8
jIw0tMAjsv0
jKtpA_FtNfI
jMAUQ-QEAHE
jNZmLNl_7rI
jO2jhEjowr8
jO7bzY5SXM8
jP8MB8oId1M
jPlLXQUAWEg
jPpXTUehPEg
jR84IuzFoBk
jRuVhSMJudE
jS915-eQrbQ
jTucwQxocaE
jUffxSJgQLA
jUw52hK-SGI
jV1xp-DbUM0
jVzJqCBQv8k
jW4MAI_kk3E
jWGZ5D652zI
jWUih8hpEv8
jY0Ehtm3mMU
jayTXo7iRSk
jbVPhm3OrIE
jd4Dv7NFEjk
jdvmO5A8gvY
je2OztJMWHc
jeOg-ubzuMM
jf0xjmi5en0
jfvrbR0rnn8
jhBvsjeOy_U
jjG5WLVcpy4
jkKCzEiXgPI
jkto878KbsM
jlI0ZhZ8too
jlS8KdW7UY4
jlv939NGdiU
jmyZ_1ly8oM
jn2rbDyHf9Q
jnyANuzoox4
jp4nDlWzHiY
jprGck-WaMI
jrRdSEzu7W8
jrflm7jT4OU
jtVbdCmM4ik
jtWZQjdMXUw
jtbUc311_IA
jw7Cfys7tSc
jw8XuStsXpE
jwfUwQ2WVcg
jxCfrFO-p2o
jyhmRjppA4o
jzK97nqv4OU
jzX4hXgjo6w
k2jXL83ivfg
k3unDK_KVQs
k3y1sCnC-bs
k4EqzWVWH58
k4GGbIWVCx0
k4Lb7if-pBk
k4S50IQc3Bg
k4g1Amaxt7E
k5FUdYBq7Bw
k611QJ5VuPQ
k7fNiztCTxI
k7vlAfWKobU
k8h6QFS4BXg
k9Nf221QHfc
kApg3yrcoJI
kBDtEw8yAzY
kBXGz2spDXE
kDG8msCFQGw
kDZDrKELQtk
kEBnJuVOAlA
kEYUoxBPKIs
kEnUnNlicZk
kGjgr2oMRDM
kHSoEWDXKos
kIFpxcuoi54
kJ6iNXMG1oQ
kMJnvvRiHx0
kMNxf6fqEtU
kMsUarv7AOU
kMwYuheVU2U
kOSxQpsy3-0
kQeLFhrJbSE
kR6fLCMpldc
kR6lb4qmNso
kSIGdx01EiE
kSNMte0BB3s
kSamLameFRc
kTDxYHONYCM
kTEAnxkXcOY
kVSEwAFeaOI
kVt7jim1av8
kYJKr3qN_p8
ka3dfhCmgEQ
ka3mFcnzlLc
kauPPn6qY4Y
kazFSMd1pV8
kbwDIVw0BF8
kdDOexnZGnk
kdgaC1Qxg4E
ke_vrdEi9KY
kf-huKJI4Ao
kfCEW30VMkY
kfDZt_ftoFA
kfleEBhn5wk
kg1175Iy16U
khw3linfBks
kiFll_S_Qvs
kiG11ZqldUY
kiSjC9B0YWU
kilhm93AUgA
kk-8DmwFkpA
kkcQtT8oCDc
kkrhoxwgJ34
klox8APa9ow
km6woTjqw3s
km9F2p_jVms
knYYpmZWCVc
knc9inpFV0g
ko6sZY-LYqA
kp_4vqDzgK0
krl8XG2N3Sk
ksMAxtzwbDM
ksSKwMjMreM
ku0Obxp_PNY
ku8aLO7dvuY
kuDc-plOV4g
kvgJnFMUd5U
kvlMcrUIqfw
kwZam3yg6po
kwsTKgrx3cU
kwu-0UY8dvg
kzlb3zliOAE
l-APy_PlQts
l-XELlhrfKA
l1kRPOIS2M8
l3TV_w7sfiY
l3i1PLHhTVE
l3jBuXXFfnA
l8IAS3tcjlc
l8cY8khw1d0
l8kLblWLsWg
l9uSj5UJMPc
lAatZgbvzw4
lBORMh-Wc4M
lCYmG-DFjjE
lCcnMBKKSzc
lDF_jn5nHSU
lDl0zssoCPw
lEwqj0BoIjo
lFFFM_M5E2A
lFU0ya9a0zE
lGd7Qis6Z6Q
lIPg_onowZE
lJy109QUrJI
lK7S0xK0ptw
lLR0FhIzLkk
lNRDZdcRAzo
lNSYmdNjT6U
lNXIweykVlI
lOGGOKs4fJQ
lQC4cpTNLvo
lQtjoJy3oiQ
lRYEgaapMCQ
lSlJI4Tpg4w
lStCWBrXtQw
lTuW6WeUV3w
lVcdE20lkXg
lZ3UaXC3VUA
l_CTXcDEF64
ldQ05jqwKEQ
ldyaBOOTapM
le9AqbXMyJo
li5al9U43Fc
liaiP1lMoOU
libdYnp869c
lirOiVGD62g
liwVMky6dMk
ljyP7oPnubc
ljzn-vTJNzw
ll-IGc5kINw
lmNXYPzbNsc
lnSL0ikL2F8
loXn0gYJKpY
loarJ7u3TN0
lqO4FZaI4P0
lrXlUrcsgg4
lsMqo3W3egA
lt9UMol5Efo
ltTOzsHjpBU
ltgZTmo0brA
luSmAd6mKfw
lvgrDnwrGKc
ly0uzvQcIyo
lyqUdfnjyag
lzuUsXE_Nsg
m204ln29HPg
m2p3aZhPcwk
m4nCn1tiItw
m782ittaJhg
m7840lbMaJU
m7DWYNpIGSw
m7vUEsv8we4
m8DuHrH3g3c
m92dHbPmLLI
m9_ZmkWAJo8
mAQURcDQ9xI
mCSSnOSFI1E
mDGXXNaIdas
mE6oJGguy94
mESj5XiRd4w
mEjIiGq0z14
mFraORpsexA
mGVXEwJ6Z68
mHA6zfnu2w0
mHIjnr5hA9c
mIDZW_xby6c
mJnxCeLr3Jo
mKwPjoBbiO4
mLaGdbVKp70
mLiLtjrfVPM
mLynVvODzn0
mNUVAA2YZWM
mNmUONWPwjw
mPd0VTBjif4
mPmONExS3q0
mQPZnheA6O0
mQQXEt9Zjdg
mRVw5rXPa4Y
mU8AoF0axTw
mUQxV4dDQzo
mUlPNdIzXu4
mVI5ZV5Y6Wg
mXFo5ut7m7I
mX_N6yCJbOM
mYRjQ8rWiXk
mZN7ShBXfoM
m_8tx0Fmnmo
m_JyRFrGu6o
ma4FAPeTVKw
mc6NubGaAz4
mcTMJRNQNm0
mdS2RfIZ1Eg
mdWGqpje3ac
meF7QWyLwQA
meuQA57OB3k
mgRM8nJe7rg
mhMsv8jh9gw
mhlqVKBEAT8
mio6z6Bs27I
mjGkV9j1AI4
mlRss2KQ6vI
mlWqdMZWVN0
mlXb8jmnAFA
mm4CkeLaIms
mmBWGCJvaBk
mmjCAAYbvf4
mnI34NMZBzY
mnQQUH5d8RA
mnSmsVt1D90
mnwRfti2rAc
msIYE5iT5jo
msdZMbWAlBU
mtlII7mOjrU
mu6zExFqhDU
muIGAkILaMk
muWMAzVfzRw
mv4e8AYul_w
mv8ot-ahPG4
mw4p-LvRsNY
mxWsmD5jW2Y
mxa-EsGTx-g
mxg3NmT5h_k
myzQeIhArHQ
n-igE1ZgSUw
n-u8OKyIDUE
n0MBhS8PBNI
n1n63yLN-GY
n3c7GgYii0A
n5DhsZnhw2A
n6jSjBysWNU
n8wfV9NDghY
n907I79y2kY
n9Db6greNPc
nAD7jZT4JuE
nAJ0ygKcNmw
nAha-6xiKwU
nCxu2SNPO0w
nElQqHTjjk4
nFlK-c4hfrI
nFwHRhvugP4
nHrPSry35b0
nIp5qEJ5y5A
nK-nuYRLViA
nLRqUQU_8rg
nLv4QHudymM
nMsu-BW918s
nMy13JoxaFE
nO1uo5qL8IY
nQcyOKxmKY0
nRGY1NakVlE
nT35VgXy4j0
nTu6LAL7JlM
nV1gt6u3Ez8
nVJqrfhBUyg
nVWX67mWZGE
nVjElpSJZjY
nWCbxrZ1hko
nXPylkwW9Y8
nXcvzjKE5gw
nXzUGPatb6s
nZKIsWO_YOM
nZNpD0n4n_s
naygsmqSLsk
nbCOp6keicM
nbRYBxOA4iw
nclN9gsVSYQ
nds6UxHgO6s
nfcmvexCo4s
nfj_EBqwudc
ngAoo4o8uVk
ngI6tZqN4g8
ngNx257SZD8
ngdVtoajZzY
nhF8_ozD16A
nhs7nQp9QPQ
njYZt7pW3H4
nkXXeZLiYig
nla72wKBoOo
nml5BwNMjZA
nnqlWOgUwtQ
no_g8dQaEic
nrC1hDlp7Pc
nrLwUK6F75Q
nrqbUbDZnaM
nruOVGN5WNM
ntgGpUr36bM
ntuhstUmYFU
nvY6a69NfpQ
nvwgbEqjeno
nwaBT05fpBs
nyLbDUEQmK8
nyttQfnRGOU
nz4PYEOInQ8
o-Lv6xQ6Bx4
o1x1jvc0JXA
o1ztZOqNVNg
o30PYSO0lco
o48pYU6kuvo
o4nRBHYwXEI
o6CjntvNRxo
o6oeSAAel1o
o7RzAKYyVug
o7gaJhsI7SQ
o7qenpnOnBE
o8xPFsKWVQM
o9FRLkLMQe8
o9Zrx0XtiUw
oAcYaWpD93w
oCmYzvrc_Xg
oCuimJQbOJ8
oFIGhdrVgwA
oIkJJe1yIIo
oJoXiZIe5P0
oKkG7v8Q_eI
oMXRWyow5Zg
oOvoIxfzCWM
oPpY7ueFIbc
oQYsOBBkceA
oQtHpQ7M6cY
oS0MSubdVFQ
oSfqT2eSnbY
oT54TWCcY3o
oWOja-cRqHw
oXPwono4hTc
oZKWj5HXFnw
oafFLXZw5zw
oaun_EWyGEE
obGSvaYP1VA
ocd80QbAJJ4
of8ojagHBc8
ofKG7aiSeVE
ogPXugWbHQE
ok4evfBdtGQ
okEYO-WX2wI
okQd-gkL7Vg
okVA1aNMLSw
olFLhI4nl9o
onkSJnyA0HY
ooY9litsFBE
opLLBmPHqi0
oqW6HJi2V9Q
oqncKJF0c7I
oqpXydkViv4
oriXQuxXixU
otKc46LxYnw
otvWExpmwwo
ouLPlsKszHg
ovBoXIPFtZI
ovz0erHgeA4
owTGmGp2yGA
owWPsmVTuxM
oxovc_cmqSw
oyu9AF5vexw
oyx3e_ltWf8
oz26StdrMs4
p-MpoC_-rY0
p-Pk5hJiYIk
p-aQn5Tj5jg
p0KRmaA41sU
p0hITkjKhYs
p24DaLTmbs0
p2CGAlhfLiI
p3fOb5zPuu8
p54VEEt2zf8
p5b45orqRLo
p605cRELSuw
p7PNQtjWvPQ
p7yWOLdArVs
p8GmHZhfJJA
p9B1hy2sd7Q
p9_iz8swvSk
pBBkdmIzCkY
pCOVzrq-Y9c
pDAvHeMKgb0
pEx6q92EX4w
pFDdO3qQ2sA
pFhiPhy2d4o
pFsghAf7MIc
pGNU2SXETbY
pHQvVqI27B0
pJ9grcsDkT4
pKOvoYXDB5w
pMSgS_uRwzo
pN0tDI29qbY
pNYOaHhVBso
pOBo9f1kKNQ
pOaiUrkAdH0
pQDUG81Uihs
pQGY3Wh7V7c
pS0UYkSA_88
pScXlQNnAH0
pTizX7AkyJ0
pUTzDQ8J_ZM
pUaYRH9oKGo
pUvHtYaxxVk
pVi6Fz44jlQ
pXHwvwgAoJY
pYw5uSEyWP8
p_czGsDd2rE
pa6CpUVnByA
paCXKQN_TRU
pahsrSNKFQw
pb54dak604s
pcbpGaFg49E
pcfgt6fG_Jk
pdaSMqrRSx8
pdiDSuseCPE
pe1XZ93NuC8
peocdWbzUak
pfDCmwSg2ko
phVZMSnHlHk
phYJ4hyaGJo
picGEznQgYQ
pjQJzw_i1f0
pjaNwbPD9ZI
pjuv4aHfY-A
pk5OBPAvB0o
pkCSQfgqMYg
plF_byC5aw4
pm5NbsEWqBI
pmA4kaw8Lug
pn0TlH7lb-o
pn1cJjho-tU
pp8bKWJGb3s
pqkjyqEb6Ew
prz18PvBzEU
psdczEng0AA
psqGO__XfkY
pt4y8rYZaWM
puzkDnlkbFY
pz1S0PHo_e4
pzYUzgJrtHE
pzvGOryxl5U
q-3pyPL9Jf4
q00puccZHhE
q1qNs_Q-23M
q3OMP_iBUjU
q3s9V8CrifA
q4NBwBArMwU
q5cIHXRbTHY
q66lyPYkmqU
q6EIV8ZSyRE
q6tT66e5c5o
q7EfrlD5W80
q7U7R57MdFQ
q7W5UWOWVYk
qABRbEU5VvU
qANBoy-bNp8
qAZRPpTFkPk
qAmKsKo2cgM
qFFJ9lnAxf4
qG8vzNmxJ1Y
qGRcRHRI2WU
qIAgC4fARZo
qIoXE51F93w
qJT3p2pQttM
qJTAjzmM_w8
qK9VHAghD4E
qK_CueYRCVY
qLTtPFBe56Y
qMIzgo87Im0
qP3-nDW42m4
qPHITd_9AQk
qRyBv2sHNAI
qSimjfSfFn0
qSzNIvCikOc
qTmz6ogGBBs
qTnq4HlF5WA
qTzc0DfhUvs
qUG4Z_3seB8
qUSTLyP6fwk
qUzzA1U9Fdg
qVkRBSBcd1A
qWovRnXX_Qg
qYQVVlyUxQQ
q_iGv-aFfvk
q_x6Afa4G5c
qcVFF-BMnvY
qcpaskC1kfc
qdKQmo0_3nY
qdzavBEYJmE
qf90n5l1fqU
qgGoaQUuAnA
qgaXzUnJ0nY
qhhLXzHQIzw
qj_UW9bk72s
qjk5WQVVDQ8
qkcQ0DR74Mg
qoC9na03OHM
qpIro75JY44
qpYInc6LHeg
qq77FVw4eWo
qqxgP7Jz-qM
qt3bkSpMMp4
qtRwOXI3KSo
qtX5P1NHLxo
qu5DGNJt7xI
quoyALPbtfs
qv9MbtpYeiE
qwT3_AzaeZo
qwtK4BDw1Pw
qy9x3fcz9vM
qzOLsZoOqHw
r-rCOSayAr8
r09-NkrZ28A
r0gvmPTokrQ
r1n_O0CzXlg
r1tQ9x3QQ1o
r1vLf1bzJyI
r2wpzohydeQ
r37e5AVS5bg
r6T-uDJU5pI
r6aHJ13oMjA
r74t6-zRFLQ
r7N6DAotVno
r7XeRFBaAX8
r8uIPc3oEB8
r98OlOybZSo
r9McSHphkfE
r9Ta37iyhhY
rA1sMDsPrfE
rAUr7AZ1n0g
rAYiFL4q9Xw
rBLiILO4EBY
rCK1DWu4gFY
rCNtKzevvZw
rCxiyWQRc_4
rE9e3nN0nK4
rEdyaMzhEqI
rG7e6vgf2No
rGvTyeIKvJ4
rHjm4kUTDpk
rJU_zL7GCTo
rMrDCRuZEd0
rRpgwh3S0oc
rSVAzDeui2Q
rTDdMkv_NT0
rYZWjY7jP70
racbD0KI0OQ
rbajqmg5xcI
rbg-mJOWs7w
rcdxDkzhOik
rcrpTtn-Dsc
reR_FyoGjic
rf5PKZN0tXI
rfLidGWq0OM
rfaB2j1Fx1A
rg1gS_TybFU
rgUkqVNnZcM
rgaTbG5TCYA
rjXL-uFSgT0
rkPRLir7xTQ
rlJG5ZjgUVE
rm3BPLt_opw
rmnJ3olrS5g
rmv0LADJ5uE
ro2-3WQ7Db0
rpOBxSAfRuc
rq92hKvL_ss
rr9a8NPaB8k
rs86EiPzPic
rsje49G5TiA
rvEjT3NB_5s
rve3IbnAdLs
rvlFMPJvpoU
rw0nuOVmidw
ryP9LGv-23o
ryqXliI1KEQ
ryuXubGxe9A
ryvLKr8sHxs
rzZSat0iGg4
rzaqT7HDQDw
s-8rXKCXl2A
s-x43jVzasU
s1yMLorl5d8
s2PQ85ARk5g
s33IxRFeSsQ
s4V1Dd2xazk
s4VANOrpU5I
s4bMzozZ6i8
s4qJP5QjIhc
s4tfzCBDpfQ
s4xeiZzVeHo
s55BxvU5TWY
s5ubCKBSLuQ
s7Cgwr9_Rq0
sAFqofqgGY4
sAmn9smbHvg
sC7y1-ftLM4
sCLkd71JPbk
sD22zOYabxw
sDMfIrPpu2w
sEr-VxoRt7o
sFW5rfq97RA
sGS7ssAt0b0
sGgGX41ULJc
sGhF3kRkwZ8
sIUmBgy8hMc
sIfruyQSZVY
sJ4PbC8Fgpo
sJw7Rrjk18E
sKAP6Uv_pBU
sL3VcR9BH9I
sLbhdj1RxuI
sMvR5dYFTek
sN0MbbXiIcU
sOOTabEeJCY
sOuxZM0JFd4
sPTHnfPTsI4
sPrmzW9mmg4
sQ83sm-vG00
sR5OZFEgTj4
sRJ0p4dpThw
sS8lCsQlVC0
sUgNjuBRknE
sVUpfglbcsQ
sWtbMg6IsuI
sXZpQ5Nf2WM
sYcnvmK1QKg
sYo_JGq9lmM
sZLGyIK49g8
sbn2yKyPQjw
seS-2tkjRtA
sfJnb6ILWg0
sfWBjc9SSRQ
shzOaEuRPRk
sj3Ut2ZA9bE
skAiRR-F4uM
spBVzI858p0
spW-_SJ0CyI
spcyeXW_gUA
spmyuly7BZM
spolQuXN-Nk
spuPVOQ_lxo
ss9io7KB7cw
svMejP6QeS0
svO87bRNEz0
svnTpW978NI
swUOBcD399o
sxNbP2mwhZo
szeOrtrjXDY
t-ntbPJkvb8
t-vDj1vOMSc
t0HP7jomtd4
t0qFPiein88
t0tjLH4KPGs
t3HOjJRjUx0
t4cigPMJ75w
t7LCV3HgsOQ
t8NpuTX_D3E
t8z8EFM2p58
t92mOdZKP0Y
t9Q2FZ48p4I
t9izragMZu8
t9w5dYLKUC0
tB1lCW43Dl8
tEEkfSi9yLg
tEIGXIUEEYo
tE_psLPdArA
tF-8ySmYTaQ
tFPb-x9bQpo
tGZoQpBMJdI
tGmi_7O8tas
tHNu4aFbltY
tIMX4Xrgvgg
tIZHfBLmN84
tJmjwBbMFtA
tLx52D5iVGU
tM7d-a96wCM
tMJymiUXdr4
tNlUCm9myYQ
tOYbqkzoWQI
tR0Bd9ep26I
tSNi2OoIcgw
tV5tzacBHE8
tVPf4GUgA94
tVYXddKNt1Y
tVm1SertOqU
tXO5g6J60p4
tY3RlMAxbxY
tYFizhaa17s
tYJuRJg6sfc
tYdk_ZQA3R8
tZoWuHgRy10
t_P6VVfRT-Q
t_icKCQaB2E
t_tv5vB8eDA
taB9ownH57U
taJIbLwriqw
taekprrqOFI
tbJB6ea0d5w
tbvJK6rQF34
tcPgsSuGPfI
tdLwv6I1Upc
tgj63yM4uuo
tiqfXBE47Zo
tk0sFHq53x4
tkMJ0EBSYpY
tkuAsOHXvNg
tlFvaesj_M8
tlrgcWMN4C8
tlzrTf-6uO8
tm6H4jKODkg
tnGwUGailyE
tpBPZjY7Tog
tpKkb2obFBw
tpSv3Ei4Gnw
tpmUWwCZAfU
trNw5vOBI8s
tsmn7ATIfQg
tvgfg9bvIMc
tvjOe9kGT5U
tvntTJjOWqY
tvqD9YPXuVQ
tw_kzvCpJJ8
twgPS_IEgog
twwVCPCcS70
tyx3L_w_ujA
tzkw08hbeTA
tzlHp4ve4lk
tzpLiE1gqFs
tzt0OmY1Was
u-aQ_ONWuig
u-kDli6k_es
u0Uw2HWYcEQ
u18Y3uCz01w
u2BBin5VUfE
u3FOp8VGrNg
u3GSflqgWTM
u5vU8YwDXog
u6B2fBtCi_w
u6ChdrESEHI
u6I92t1ZMQI
u7JXgljEIRQ
u7aFjwEaUQY
u7nmpbVzpJk
u886trZcF_c
u8SoBcq9ZdI
u9LmSYW7hYs
u9sJvvWEYnY
uAgcEK57-ug
uCPPiGukjws
uCxrT1_tZqQ
uEGIRDzSbMg
uFn9G9zToqw
uKA-3ryGQuA
uKBea5gxaaM
uKEsoGnI3t0
uLPjkfaAdYA
uMcnUG20puY
uNw18Pq1J10
uO6VRa9lOL0
uOThUOkQEIs
uOYsqTbAqQk
uOc3uCwl-Sw
uPL6Cn-WI5o
uPPQF8kkvx0
uPfU813hrfI
uQOOFWQe_1Y
uQrWtjjlP_Y
uQvtaPlUN1A
uRda0DJrRHI
uRdc05k_96w
uTzcZ2ykq-8
uUDRw8Ed4BY
uXTnV0YIKl4
uZ0E3o7kAu0
u_Aj1LJVdFo
u_PlK0oAYj8
ua-x18DbCig
ua2PMQfuSIM
ub1UArGx_gQ
ubUYirBn2IU
ubWMGJX8hrk
uc6gRYsLj18
uevE7LPaELE
uf0WUxCR_Jo
ufFXzeq4TLA
ufqyfkTua8g
ugY47-AhDiE
uh9OxwTq0_k
uhtpPdg6vos
uiEEupuC2sg
uiMhnW6pge8
uirub71C2Fg
ukaLNY9dqIw
ula3M_a6esU
umHjS-aZjXI
umMBICCTeYc
un0hvK0Lrss
unz9nG4SYmM
uoGxw-n6fPc
upx4FNU37bk
uqQZ4YTrgqU
uqjyCM-0L70
usOFY1b84wE
utWx9OGuJcM
uuAVx2kvaZ8
uu_-qV02wO4
uvFZ_ZvidRs
uvSzPEpK-Es
uvaATT0E_x0
ux4poZulPzk
uxzJTYWSM7w
uyPCkTzhDxQ
uz1fh_Yz3wQ
uz677waOLcU
uzhtSbp-O3k
uzsw-J6WeJc
v-hzshY3Udk
v08rSLa_4mU
v0lXC91q7ho
v59MbP7hJ1A
v5U4Tmc2BKw
v5lx9SIYJg8
v7WHWhDanU4
v7wD9mMFFt4
v82qBJuMLc8
v9Mt0-eqPo0
v9dhAH-u_48
vAhONe8qAYI
vBXaJ5Z8uQY
vHGt9xfwDEY
vHKR3-f2D_U
vJGhrjVlaAk
vKhh9pSDdck
vLhVo6P-2B4
vMo5OeGrj6U
vOBfWMSZbbs
vPPjmWp0BuM
vS30cVk2en0
vWQHpeYOC4Q
vWd-lRxkrdU
vZtyYG6fG5g
v_hj7txzsg4
vaw_dbhQfhI
vbCALW5J1OE
vbdVdBlq5S8
vd2n0s0Bif8
vdxDJ83imNc
vdxzgq1kDfk
veGZvsN1hs8
vfMjpeXe05U
vfOidxMBtDg
vfrkQJUyuCE
vgKn24HOerE
vh-MoPN0n_I
vhFhc_5t738
vhMBooiNZBY
vhjAJbezyGc
viN1QS2ch48
vkD-hC0IDO8
vkoTW65gqC0
vl7GIcGxuqg
vn-5CRYF-0o
vo3LEw7ygXc
vo4-_x0V91g
vo7bYL2BBNw
vp4_zMd5MHE
vpvragXmZhs
vq400wCOMyc
vq7PuHZ3Tzk
vqsuty_L2Ec
vqzXQgqH9OQ
vs1_u26FbkE
vsK5cnfOZOw
vsigjycIt9Q
vt2ZHQ5gvGo
vt8WnAP5dUM
vtg5um5T2Bw
vvGx9DAFrIo
vvd6PaKvvJM
vyLYqJP1hAc
vyjyzzGNB4Y
vylTu2hXFUg
vzKFFCGuoqU
w-9R8UkFxyA
w-Qu0-WV2Cc
w-R2zlcq8Kk
w-hhOiGJrwg
w0LdE5ksG6E
w10OYXwY4f8
w1ZHtrx-8qE
w1wj44J2Gmw
w2NQYoMuRgM
w4j8Y0i-TGA
w5ShadJwY7s
w6lcqndV6lA
w6rQ9ae3mmY
w6tLxyGqWOs
w6w3Q9F5Opo
w7-rvJoZFgE
w75p3o0c9aQ
w7wOG_aJA2o
w9GgyklZH9g
wD67nGmq7PI
wE4xsXLFYow
wEPuOm_uR0g
wGWyFsF1pMg
wGt0Sy9NyFo
wJi3k-I1owE
wK3KNU5us0s
wKsMwv-mjyA
wL7m0aOf19A
wM2i8QAh338
wNuV_4ZW6n0
wQmrpFgb90U
wR7AxltQCAU
wTcMoGALryM
wVGscjCdQPg
wVIqzOBBr6o
wXzDKlEBG_c
wYd9aArVshE
wYir7cnPttY
wZQ2-1TbdsU
wZYbh4eYQao
wZo2JWC09hE
wbo6Xp5gUbc
wcxYN9BttcM
wdit5PufwDI
wez0-0RTMj8
whaOwh818OA
wjuq70URmxY
wlEc2X3wLks
wmThJh_ue9E
wmqy6a89I6c
wmw2jZ_HAeQ
wn2GM11aZDo
wo9AobAWWes
woewJw8zh_8
wpOMlUp2CHk
wr7pAEfrEvs
wsGypwp59J0
wso4mPDtRoU
ww7Rh8zdQl8
wxCdLq7MZMo
wxx-Xgv_GmY
wyCCD1CQCJ8
wyPEqnA5dyA
x-VILenNNCs
x-qgCsLSLW8
x1EyNh7kapI
x3ZVUc8lRRI
x6K5bKwcgRE
x6ziHMQ_xqw
x7JHglUIwM0
x8RSOOF_w24
x8gnJiO6GaQ
x9w2dB4jdeY
x9x9i6_iV0w
xBZ-595A7y0
xC0kcKvYHeQ
xCQ6XBJfW0s
xEMG-F2dOFQ
xF0y2dp70vU
xFQbrN989lQ
xGdQ4aOUq-o
xGtRFjvSkWg
xHCeJxyj1fM
xJBVo7XjI3w
xKd1cSMmQzM
xKp1nv2V5bI
xL4P3e-wqTM
xLb-EKMZzVo
xLbbb3AftaI
xMU850HReVk
xMj5kBbV-j4
xNqvztLWsdA
xOAmtQ0SLq0
xP-dT_PglIc
xPa4EICDNBA
xQ2IIXTYB6o
xQqlwU_MrLs
xR2FRWPQBQ0
xRMqF30T6RA
xSdXNKlbcFs
xT95ojffpZ4
xTUUuWCSR14
xT_JhVtkcCw
xUK6YoG78PQ
xUwgLlDO9bU
xVQvAMmWZcg
xVxMOIfSQHg
xWH54lS2x74
xWqkASkgzt8
xXFCKtLQfVU
xXrxjzN6V8k
xY8aChngn3s
xYVK6E95ITk
xZ9rQuRWklA
x_LTvGrZ3-o
x_YY4_CPhCI
xcim0N8pqEE
xcofak9d_bU
xcw6hrwSdOw
xcw9yE7mnRo
xdGAq_JMJ_g
xdOdVhy97WU
xdTWG-9ZrII
xeXSSsCGA5g
xf3oF9_idro
xflc0z6x-7g
xhQYPmyfe9w
xhhKixM4htM
xiBSJVrrnZc
xj1gmcfSfOI
xkDuG8FcirE
xlPLLxAoTts
xle2hU92zpo
xmFSq4fBxt0
xmbBo5WbLmg
xmgwQ_Y34Tc
xn6FWy9y4pI
xnW2xI-f4-o
xnt2bzZC7Y8
xpBpbpx4dPE
xpjXDAE48iI
xq4GhjFVk6o
xqpNCLiCIEI
xr_KY1cZgM8
xu-sh5JGUNU
xyQI5_VHBy8
xy_LL7ox_2M
xz1eKHEvZQ0
xzhcC4BbFuI
xzyd5A1sKko
y0AthjctSQc
y0MzoI3q_f8
y1lNvOeRQV0
y383OT2ID4Q
y4O98kq1ge4
y4SYWSFMqNQ
y590dYhgbqo
y5Qmo2-rGuE
y5Rvpr-ahV8
y80E0nvniZg
y8uH5FAfRUc
y934IKMCU0E
y9gApHnb_Y4
y9oXhQHHZuY
yAyyiE4qlcA
yBjbQCJZI3w
yCEnx-OmwwA
yCrrnPALoYk
yDQVM4gHtaQ
yDlzCK2l4MM
yFrMWF-PBGU
yIQihb6vA60
yJZ-43CwBg0
yK07IstEuaA
yLe2MV3RKbg
yM4pdCWSX_Y
yN7yg8VT0aA
yPGLWmVO9mo
yPRBb6hR7O0
yRiW8887zmw
ySl_O_JRT8M
yTAJi0YJfkg
yTLT0GHnSnw
yTUvc2VetNE
yUCC_UsfI2U
yUavi3FNY34
yWPJyEBil5w
yWkOHylPCLA
yWwUrEuXf5o
ycChgk0ZE-Q
ycUil5eVtJc
ychPKWGXrIc
ycvKk3PXJD4
yf7QJ70rLoo
yfNCy1Zq_hQ
yfX7AbMbnB4
yg3Tl8WJfUE
yglt34p09Qo
yij4SPU1YxM
yipzAAWdFuo
yj5In3zKDT0
yjQcCSvGIro
yjgSD0vCbME
yjkCTsv38MM
ylcLmVSZ6TU
ylz9u6rysUA
ynb0zHAELW0
ynjKyjvhOP0
yoJ6337m9wY
yoSQS3yJmWo
yo_rZdjQkHc
yomd3_C0UO0
yp0cwcs6ZyY
ypJ7P87-Liw
ypJ89iUwGs4
ypgrpafzBQk
yr-lcEkqyxw
yrFwvlae1nk
yrTAX8SW3qc
yrlzebSbKR0
ys22kx08o3M
ytLfgit6wFk
yu4p2t-49z4
yuaWSj58bQ8
yxMZ3fk5gT8
yyaTRBumolo
yzh02hHk7qk
yzw8iLzScdU
z-PDle_huN0
z26cbE72rsg
z3ve6Pyqx_4
z5EPcyhr258
z6EhuruGG0Y
z6Q86hy8Wco
z7Aw59JtREY
z7ldYLG1fu8
z96UUxBz1Cs
z9OjPyw_DCo
zAv3tfpdQrM
zDAPQLdwDDc
zF4H4A3ndvA
zFrCobMnJCg
zHON18YWQZ4
zHhUSvuDGwg
zI61KPwJfUc
zIWXp9U_9go
zIfxPwtlLT8
zIzjh_-ascA
zJdeRAKkSTE
zJhvgp3hn-c
zJt2PRfHZlI
zKSgRJ0-Uv0
zKfg8ADKtwE
zKtYA0KDCwk
zLjTCbcwO9E
zMUiyY4nujI
zMb0NgNnOw0
zNrRD6BaI8s
zNyCTyL44o8
zPY5UP5FqbQ
zPrLbx10jA8
zR-7Ay1ErPI
zSWDqeLG3BI
zS_p-eIsVv0
zSc8wdWdTAM
zSu6h5bFmtg
zTBk2lSdXL4
zTQnNI2Sat8
zU755ES-l48
zUJzeqzHE0A
zUKMHDQseM4
zVpzKeApL0E
zW4_FJaNn_c
zWeHiPoqG74
zYCIzpQbkrg
zZrYgbt-FB8
zZtXXdwrzFU
z_ibqsQeG7I
zbR8njXdPnA
zc2_xUgtACM
zcArHWSZSL0
zdRtxGb4j0A
zeA5Qy4UkTA
zfGdUfBbEoA
zgzB5T-lKzw
ziAJNnIdz_8
zj8ikl-naoE
zkn6Ncvqouk
zkoj_d5FnMo
znUVpnebLNA
zoh5Oq-KwYw
zojIS7x5SOk
zrW0l2Y6lEY
zs1R_zKXh_M
zv-p-BLEclc
zvR0of5PjeI
zw7vXbErNlo
zwH1NajWAvM
zwTo_Lubvx8
zwWsGis6v1U
zwtSlj9H968
zx6eb70bR5w
zzS4Ci7bMVE
