-BYjPYBVxvI
-BftyTpE5bI
-Hio7XvCJic
-PcNgff9wrg
-a9nuy5DCYY
-cPkyDPa8Zw
-nOtjaBjDSg
09q38rTq8CU
0KKiUomws9Y
0_LZxYxoT3M
0bzRQRYjqAE
0ceok-Ac2XM
0dicIw2CRok
0h6PWbqyQ9U
0qOVV7SOPiQ
0qpzTcC5nhk
0z_Syw6DoCw
11hE0Tf9Plo
16Q6Po-s6Gs
1FQgmCpCyAg
1Pv7rFfuIqo
1WYWyBnVQHs
1_zphM72AS8
1kfPpUmedkE
1zkgLe9hQPI
26DIDL-X4f0
28iYQGG6W7U
2CdQi8HUpdM
2OQQvh2z4Jg
2OYjHMb5VKM
2YCVOGcm0fA
2Z9VkY40-ZA
2a8eo70w3nk
2aOBQF507xQ
2fSbq6UV8G4
2g8FLcKMMyc
2jgeE0FNnLs
2lSz6JwkjAA
2xrmdxRTJ08
2zTK0dFcx70
3DpZEHS6E84
3FmfB7l-YZs
3J9EM-K4sT8
3Pl9mRKhYr0
3ZNtbOfY_Ww
3bVo9_k8KfU
3dKgsX9CZ9o
3fS-8ke1eaQ
3jyX_8JX9xg
3qCdh9zrQv0
3une755HZsE
42eGSP73Hpk
47A2JHE75vg
48TtaCdjR8M
49N-TMhdhtU
4IqQe7VHoMY
4W2iWCq5a1E
4YiFVe8H8tw
4dakoHO1Qig
4ekXrsNIEks
4n-Jfpl0ygA
4r36RIgv9kQ
4u21c1nBkD8
4zf26fiqNQc
58b5qPmdoR8
5FW2gfzYTiA
5T7u3hoGE_E
5TrglaZdTqI
5X3Ys6n9p5U
5hvRrhhzpZc
5ioIkgPO_14
5mn2l12LHsI
5rnD8DAC1aI
5sZbjauqa-s
5wqX0FsjYCk
62aXmLEDg3s
64pWtD8r3ek
68H5DnAVQwo
6B-FF9-H2No
6CgxqhXOuNU
6Fa2X3HaFgc
6GDaILzkQS4
6HxSZcsdpgQ
6Kk2E38TbaM
6Rsg3GXmcJo
6SakwjF2pIc
6XJAgy5RrDk
6_j_Um5-rsA
6ljOFyi81pQ
6nYjStMmUN4
6oSCJJlFQUA
6r_VKSdpRH8
6slGbILRya0
6vJ6jsPdnrY
6vSzRZC-sQI
6zT83p6pMHg
76h5GNAlN0A
76iGrtIcgyI
7I6nZN7hARU
7JpAVvYJ3ns
7K3dKFzTkpA
7Ta_-ijxVy0
7g3x4aphpNQ
7ics3kzKW8o
7oUBD9Pccpc
7xGJ0ccmMHw
80ibDQmJbLM
82wkNb3L2hY
88kyUoicN5w
8GObYMqwr4w
8HzekGbsttU
8Pb50Wergd4
8SmA2_u6ixk
8ZIwKfEGkY4
8cS1GZPG6Uc
8cwCHCkadcc
8gShZAANNmk
8ly5yA6tiEY
8pKVGAQGs1c
8pxEBeQTVig
8xzjPc5z6DE
960lWxWCC8g
97RGTGmYm_0
9CJAcQySJ8A
9CVAy_ndhI8
9ExZxBdkgy0
9OD02tIjf_I
9PkCbQ2BiUo
9RkgPLd2oog
9SM5R3q3IrI
9sh0VHVadqw
9w12I8jlTRg
9ySsOgX2Vq8
9yoiZ2oRHaQ
A0nld8TpPjE
A8cTb7NZfMs
APBiHREEVYM
AVMhOUIOqkM
AcPVMXYv10Y
AfI7pG5WZso
Aig9-ZyQ8Ak
Ama1Px2ZL5E
An3JSGPCkgc
AuIElYfxrEk
B3wkxciIJRc
B5cMJ9mBCe0
BAWGWbpkYrc
BFydH0LBbJk
BMKHtPJz028
BavcKHsyhtE
BcAi9ywrwf8
BecvC1CTMrs
Bk71DDIYKm8
BoaflUenko4
BpqFpdarJe8
C-snUIRrWIk
CQ6gwh_Z3oY
CSlf_KTwc9U
CZMsWoCAAKo
CZucJEl0qvQ
CbSUtDBoDpg
CrqfzWTzzWM
Cvvn_Z-t6KY
D19d0gAfWBw
D1mthaoouwE
D2Gs5upS1AA
D2Rlg3oVPZU
D6FAxdkRaSc
DAaLGG66GtY
DCq_TLHpmng
DJueSTYOJmM
DMDW_AZS9Mg
DMEXPEZCrmY
DQjjCaraMzM
DRN7ENrlzpU
DXewdFNwiMo
DmYzpCeVYvs
Dqsem1ZGYNA
DsmXbQfSqeQ
E-f6o1hCEsc
E1HfjN540tw
E4qwLupW08g
E8KVF2CqKqw
ELfHxsqB8ok
ESWsvj_Huig
EYBRJYZpS80
EbZA_S6gQ8A
EcJcfgKastU
EqmP3sY1bwY
EvlRXFdf1bg
EzNUiOR3Glo
F-UG_xAJmPo
F4D5NxxDhL0
F4l-8fF5WT4
F50-W_lPr0s
FMyCZoBtUC0
FPVmlY1tKZ4
FZYGd6u9X9k
FbeVJgPG2xk
Fdx-2XmM12w
FhG3v8cuFmY
Ftu8ktqZkSI
FvRUAA8W7v0
FyRURHDDqWY
G1FBEDVvVaM
G8fAtO7-prw
G8jP4FaNPy0
GAmCZaInYp4
GDJElKhJJXc
GDhtMqBk9M4
GEhA_Xg9AHo
GHs42ILSgwE
GPa_AZxA2Wo
G_-6VlzAgrM
G_eFDX34DHc
GgB_ef4Vzw8
GlFSeuMlE7U
GpI-15T2CCg
GqLzTBEU4w0
GqzaQlbZux8
GrwO-6TMaSA
GvwplZxl220
GzEPmYDPnYA
H10pJH8Rh0k
H15anmrZ82M
H1_GSx8jPG8
H6w9jutB_Ms
H9XYJdx3MAs
HREBaPrZH8E
H_52lNrwNTo
HgFqvplXml4
HmM4MGjvh7U
Hq40-5CWrCA
HuoRLCt72b4
IdttXtzcAUA
IulNn5nbRVA
IyxstKJIIjU
J3TSlTZpBfc
J6G3cP991Yc
J6PxcPeQOF8
J8Aw2o3OoL4
JDq64fGF5WY
JR7LuuTtUJ4
JSI5JS3E-T0
JbKISpdv_MQ
Jcmamfye3yQ
JcxynOWyxKg
JdNw6DmRMDQ
Jewrzya29Ho
JtLot5sZwKo
K71S6eBFFPU
K8i3IRCtMyM
KC2ASF_2yXM
KDhSP4TlKFM
KSj4BXDuOJQ
KchjUX_-250
Kdgve-2YTRI
KeCQGitdqKc
KepbhEbqfn0
Kg9YjNs9cvU
KjsRON1Xdtk
KlZ9GRsCRzM
KnPEl64vpdE
Ks_ELWqH-Jc
KslZZd6cjRg
L6YUVZ3rA90
L7ZTDLEWpvE
LGoth3y8lms
LJWhRV0tFEo
LR8wDR52zGg
LSV-WVePfLg
LU0k5Tq9Fr4
L_OyJSIeH10
LdLM6B2Q-TI
M-wmND9tpCw
M4fE5clKSO8
M4jjd5dBuuE
MTvTGQD7hPg
MZd1SzvWGm8
Mceju9XWyFs
Medvg_r5u_s
Mk-RysyVKL0
MkUojC4vH1U
Mn2gT9o32vQ
MpunimMcFQ0
MunplSRRZIM
MwuNiHvzY1E
MxV1YwEPoHY
MxbnrYliDXs
N2xTZxyj6wE
NJorcIUt52g
NKPsysr5Qqw
NQk-upEu7iE
NRAV1tyHsSM
NiU2tBfTyFU
Nr0mP7z9I-A
Nuv_7hc7NSA
Nwsf9jVocc8
Ny7UfUrp0Es
NyufZxWTx0w
O0yvPVpuVKg
O1ZlE64s31M
OEcraAD7oOM
OKiInGuF_G0
OP_-UHafujw
OU8U6eskH4M
OWWOjfYfVQ0
ObmWOxmcJKM
OgoNxPVmHk4
OoaxabZ2CyY
OpZR9TgVpMo
OrypXXwjaXw
Oto_hTXbeyg
P6ChJHWukbw
PCR8MS917Bk
PL_i6uKMPtM
PaPsdoQ4u-4
Pkyt33c1u4U
Ppw2Anzzdsk
PrrV_hRVxiY
PsU3xh70M1s
PvMkYF92k4o
PvmDJopa4kk
Pz1GQAGrGiA
Q-oWoXsRx8k
Q0CzUIG89ww
Q0FyLScObvo
Q6Dp9k15N8g
Q7-pS6IqXyg
Q7auGFlDGZE
Q7fQQB1bgxQ
QAk6QlFsJIw
QNmYJVgnaD4
QOL7cIM9Dow
QQGFBtAeWFM
QTkZVirYtPA
QawAUMkPk80
QcMz2wZvMi8
QgFrJp7WI0Q
QlJs51SMKg4
QotUiE2n6l4
Qq7a9Tva5BE
QusUIjGGWL8
Qz5XN_UIH6g
QzNzqBJVKEY
R-dRPrr2Vwc
R3aQSzPZwCo
R6QgpFN3_A4
RASPYKzly-A
RBwsvI-S5HA
RFiim8lFS2A
RIXhPs5mLP4
RK_aEkMsNq4
RnMo77fxjmU
RoUvoE8Fp7A
Rw5ZeddOsJc
RxL3YVMjHKI
S6gaL3ftpiY
SFyKc4lRrdM
SHyXPEGjJMQ
SOkacqAnoXc
SPV3hZ7QYmg
STwcmr-nIBo
STyCvTTC0Cs
STzzR5zUOhs
SVcJuO7MhTs
Sao39qxrAmw
SddNTZHUSg8
SimQcYzYIkY
SpX3Fb963NM
Sq_4ITTZcdc
SsX5hz08blg
SweADJ5FnKg
SyWBDw3NxZQ
T3nKOcrb3p4
T3r91mr7ZSQ
TB-bjr71_pw
TIOSfUU5Q7Y
TTWKVc5Oc-I
TdnDTGtGqWc
Ti31i_TW_o4
Tnxp4WRD4Yc
TpC033Z9X7k
TqAwvrcuOg8
TsvZPXnWABY
U-Sh-1dZ9W8
U2OHhUFyGXI
U4zGGgkeBKk
U8FHAKS_ZB0
UFHywwwS2EE
UGFun003nbI
UcCzeOfw33I
UcF8fv0TTc4
UjyhOvYMoik
UkrvF93wjZU
UqH5IfHR6Lw
UrmNjqUeWa0
UxZc7ZF2uOY
V0d33phRpF0
VB0N5o6zziI
VHeNkMroQCg
VHlsQ2OT2eI
VIIpCCsqePk
VONYO-fBS_0
VTC288BVxRQ
Vc8W0s4mE9c
Vjqrujk8fys
Vp6iw58CgB4
WB-CP4OyJ8I
WC4NFQEYgyY
WEy6DtVBNLM
WG3xOBozZnU
WGqQYXof0YQ
WUCOBHE_7mA
WUIuTdLkSTc
WbpXv7IWVoA
WewUUj-rg50
WsIGGVQ0A2c
X73mAYusTE4
X8o-HiXe6Gg
XA-X-uZxoWs
XCANsOz-cT0
XDHtQFZKiJo
XFIw5vaBYlQ
XGzbPh26v7Q
XJElL4TvWn0
XJG6flGmqMM
XLondyGqesw
XNNNC0b-G8I
XNYJ5VE2nAY
XUtEHvT3QNE
XY2l_JH77iU
XaWsMDxx3_0
XgA9DQzHloU
XkB4IVNaZWw
XpN1rDiHGe4
XqNlxdpRmp0
XrVbMGZ343I
XwAnhaOeLNg
Y-IDXKgdtBs
Y3vLuJtXukM
Y4UPTNKdSfs
Y4WSMFZ69ko
YLkZiOABFgU
YMBc2d5HiVw
YTnSmMwa9RM
YYuhCHG97sc
YlJUsYirtgI
Ymcpvuuico8
YrN8fkNCFR0
Z1f94oubg1g
Z2BCRB2JFrE
ZAeCfpvveRs
ZGlr2RR3BLc
ZRKuUjxI9UA
ZXfYnnhTd8o
ZY7NS7aCy2c
Zryj9VdLubw
Zv2xIgAxa_E
ZyHvHM6ibF8
_7L5aZvwS0s
_7qWnlOpjps
_8UJBrnYBW4
_CGbXeCzeoo
_EAT-g43lLI
_GKhC_mhu_o
_SCAelINtSA
__gGZGjzrWY
_aaDIv4mvwk
_uefkBkduUQ
a0Xa3pqbCr0
a0k-pupM_xg
a6_euZmXMOo
a6dtO0K3Dy8
aAhsojZVcNg
aF9vPPwPWAE
aH8-eN62JXI
aMHiVEVRFLY
aQXpUzeIxH0
aYC7mD7tWQM
a_CSiBWECwI
acW90Bw2trY
akky2Kf8lP8
asTNPTrORck
axi1Bwv8JVM
ayKDabB_Cq4
b1NFI0TIQMU
b1PooovbqXs
b8pX-fRWBzY
bCpeBsjPkC4
bOfEKyOUcUQ
bcodi_Hreks
bjI6evw-6vk
boQffuXPK5g
bokZGFTdDt8
bxWDn95cR5w
c3BEusGa2kQ
c9RVSTy4wLg
cFn_NatFl9U
cInF0daJXag
cRhWDqEeJ3s
cZrLHid70OU
ceBGpgeTiNQ
cg1fbjHQP_Y
ci6eBablXhQ
ckS1Ug6zdKg
cqcsi4Rry8Q
d3uoE0AViwo
dDB2rA5z5Vw
dDdefUXZ7yQ
dE45wfgrqUY
dE6WmwDSBcI
dKzzKMWpVu8
dLq6mu_iiLU
dNQSCjYrub4
dZF08tBk5AY
daNhpy4W--w
dfOdWtkStQ4
diHQnq3BUHY
dlfWfNM0YlQ
ducem4oZemU
dyTj-1Ol8FU
e7V0SB7v4EM
eIwIjygDwxY
e_KjJkXNpdU
e_iqbg5__bg
eb1nTDzuqtM
es-Sz8mAclg
ex0WYEYLZnk
eynDH6PFLaU
f2EgcA0-60A
f9aO5PDJ_cc
f9bRcDhfBe8
fDlqawlavV0
fHItD5BYziQ
fK_AHpSenXQ
fL4HDCQjhHQ
fM6kF4PqU_M
fMqgGw0uBFw
fSONaGJiONA
fgIlSW5K5Qc
fr5enqzdRVU
g2eyGetjBI4
g2fABwRYv-Y
gHpQAEtjXpk
gO2MfAaW5Yw
gQZRInd4nQw
gV6suxxm3bU
gW8Xw_9jxNQ
gZCGR1tGAmI
gqVdStWY91k
guZSExK5bMI
gwMf_FH4jKU
gyue2X1ho0U
h8DWkdZvHzo
hBzBmpmlZTY
hJh1tVes240
hSRWxxbBX_c
h_EGRlR7C0w
hf8SVsicdrM
ht37jW-aSZM
i7sfW_P-xt8
iCbypQtfrfI
iO5nBJ3XwbM
iOFF-x0sBYk
iQj0pQ4h5M4
ia2qsyzckSc
ideCkdx87F8
ifLGNOnYsnk
ihBnAuO7AtM
ik_890W66WQ
ipqUv-EX26w
ixPeLw1eQbk
iy1hFVx1GME
iysdftxmsg8
jGA2hfK6gLE
jLGB0z-jJ5U
jMTWY6ra9Kw
jQjlObFftPY
jRMFWmZ_XfI
jV4Fh9Y2mpk
jfHOCT2kJ0g
jglvRpbJZzk
jjTkUFNYgQg
k7MfM0h6Noo
kDGY77nkZHc
kDz4Z4L7PVY
kGYOzdBsjcg
kJ0NkG6Ru4Q
kPLarbbCs9w
kXB09nEIf30
kcxTVLki7wE
kdNhWiyztBQ
keNugwijsSU
koXfeDNpKgA
kwt7na4N3ac
l04osq2KkhI
lCJcaTQb7bE
lHHFMXkRIOk
lKgQp-9rVrE
lLNt0LxW800
lREt20eOtPw
lUZO-o5Bsjk
lWM8f_YzZBo
layJY8BqvxY
lcUemdIcgy0
leFoQKMiva8
lrQictLLG-g
lurTNnckNcE
m36mKPrz5R4
m5r_QY-KyJo
m95T1PExEmM
m_ZKrW0FVZM
mb-FF6qrTFA
mcc4s5SDILE
mpv8DVH-Fqs
mt8wFrXIZMk
nH_fiqlLp2U
nNxo8UYywZ0
nQzz_AOWrBk
nSEdA-RKYjw
nVeutm_it8I
ncHtMc-ChDM
ndhT6c1SXsc
noN8brWwmzI
nsM_fO8qMLE
o2ljGKyYuiE
o6kDqsq5FJs
o6xpEh1AK6A
oA5EKJhmIS8
oCmXsjjSlYo
oI0ujyvmD4A
oO2Dzs5rLX8
oSlBL4ediuA
oTOs60GSicA
ob472ARmKWY
odZsZdf2OKw
oe7kOAXSndc
oksV18QmCwo
oomkO6QaqIw
p0uHcGk8EPg
p6aOz-1djHo
pL3eJAnaFw0
pdAthyBbN7c
q4A59xF7PGs
q8TKKyKjsbs
qKX3jVJ5J7E
q_-7xCg4NeA
qai3xMcSxHI
qbmXw6YiIKA
qcmh5DBAaq8
qcyTmiA3Nyo
qjRx-u0wEMI
qpL2_BDk2vw
qujwASOGJJ0
qxX6RdwK8JI
qy_nYxeuWkY
qzcySAB9mag
r1AUbxH2itw
r3kYo7jf8qc
r6R0HV9ghDo
rEymSXN3q4M
rH_kLG4ULX4
rM_Ld0NQ2iE
rMnuv7EKbeY
rOKYZamLDP8
rbpSEP1Ldgk
rhtS6W0qylA
rld-iubMzVk
rnHNkM_8mDk
roDHGRbdQR0
rpMzK1jeK-4
s1n6LdKFi2E
s33kTQ2ykAE
sMY3E8qLsno
sXz9waRSGcA
saKVI6ALobA
siLdCVfsKaQ
squyykasocQ
syu2QeRXnBU
szhj59Fvbfk
szv1rKdjCN8
t6xrBAQnQ94
t9H2PUDMnEc
tFwXfl_gWFc
tKh3Q0-khrE
tOPy9BAp4tg
tSgomb9x-lI
tcwKnnpyZAI
tgcWIr-s8O4
tk7ar39Kmns
tkEriw4yQZI
tl6_137sqsM
tqZLFyZbfDk
tzQCxLXtpwM
u8XEfuNnSoA
uAm5icBf_4k
uC_RqsMGDVE
uFHNP_8oHQQ
uKAh664SJPY
uPdQ9LmI-Bo
uTZVsysq6TU
uZ_ahjuE7eU
uaCXDOGNEWU
ueMliaMhOEg
ueq3UY3zCII
utAxnk98YCA
uuaWSYZBEEg
v2TsKiRn3dI
v2s4LkKUpx0
v4sU3LoMie0
v89vJ6GWVBc
vA6L8YJDwVY
vBf4rA4j8_w
vGqVYbFrQoI
vTtyrQU5L7k
vV-hkqybuSU
vc_g_9q0hKM
ve170nu7NSk
vklZXAOrks8
voVaXwvbNy4
w2Bbhy8jnl4
wI9VeqKD26A
wOztEgvTkJs
waUkhDh8mJs
wdCsiYMsWYo
wmLUCxLCljs
wp0gaho11RE
wrYhszdD7wU
wtqS1AU0XEE
wu-iqXj8GYc
x0OYQ41cKLU
x24BFszZ5Zw
x8t-MlIWE3w
xCCvjsB21io
xDLnqAsNDz0
xDjpgijHAd4
xGdqaXZWZC8
xH5VbgbxG1U
xP-9gjyX9Gs
xTrAoQCAoK4
xg6_0XDlhKA
xgtyFQBe1tc
xj_C4_i4w_A
xncHu-FAmyA
xqBxBlGrPPg
xrLdcM53KOU
y1zhsUZ3qzo
y5jhbDDa8PY
y9gZWVaWAko
yCz6qigXgmI
yG_fbP6wFlk
yObnuDigBlw
yRZaijEyXd8
yYGji1XegdI
y_5WflZYB68
yhi6pWsMYGM
yiq8J2yVupE
ysGcvbzWrRY
z5HCkRMmQQE
zVjTJcdN13A
zhx9kyLbZ94
zknoFev8lc0
znzz7ZnpF0Y
zsc7rDteis4
ztOW6VZlrxQ
ztrUD-F_iZQ
zx1HchmE3Tw
zxngPmm3b1E
