-2UGeAjiZOs
-3hWC4WlVMI
-4UWh-0Z7ww
-CaDP0v6tA8
-DOe5Pp60FU
-EJ7Kk5lNwM
-FC1uT2Msxs
-Gakho2f-qQ
-IxR3kakKZ8
-K_0RsKZsmU
-Kgz6HBhSXA
-Kx6lQvIVoM
-MIeAo3acOE
-MYHLK43468
-PyWn1k-2fM
-Qad6z3BKvw
-RE0VsADNFI
-TMhdVKKdbk
-U9k7KE9JhU
-Z9LzRKC_pY
-aAEcK1e_Y0
-bZ3RvgthxQ
-dKBMzxCRyY
-dkTmIXWe10
-eaZiKTYO4s
-f9vJhNvDtI
-gKkNkn4CiQ
-hsnc13Ix7k
-k_TrPHuglM
-ocquTtIoNo
-p8RV18C458
-qIP0r-N9DQ
-rea1-aOtJQ
-tYSt1KZNss
-xo-YIEkBMA
0-Y-YuYGFGI
0-lY3TMfnJs
03G7g9wt678
06KzvHR_9_Q
06ZxB1B8TXg
09JoJ4MWCcw
0A1pXulM5CE
0ApYkbbpvK8
0Arj_55Kxow
0BS7QxaJPqs
0DfvptoqB0Y
0E8_80UDWck
0EdFgkL_zm0
0F938-Rky10
0I9uarbSMKg
0LZdfy3X-L8
0N35xmeN_OQ
0OLLMA4EIHo
0PRFADb9PRM
0QSblkA0810
0VO_eiXLUdo
0Vy3C_JInhk
0YHsOtzur8g
0_-qiHcrzOs
0eJVltAGrhw
0eQRDk_1Mq8
0fWZjsA6TBY
0iNgvJDbyX8
0iYVQl3k-nw
0jb9d38Py7U
0kleCSLphHY
0kpu6VM3rZU
0q-IFCFWf9o
0rQpbpinj00
0rcyiA88xzk
0ttBNE7KFO0
0vAhehx4G9w
0vyV9U7TvNs
0wLebLY6tcM
0x7pWc_9jqg
0xVg4CAG910
0y7_eykYHpA
1-VWGNK2v1U
10uFvdRWLis
146XpzNiu4U
156uWzkaOU4
15kTe3btYgw
16IoJRjDINY
17Pwuh62fRQ
17T2okC_uww
17iu4SBXyvM
1A8GbYtUSnM
1BTZpVbwINo
1D4l7CPxlO8
1FsgKLUHc9w
1FszalEyMhk
1GwNktvFtnU
1Io3PQq71cE
1J-25ZDB5AM
1KGmv1pcM2w
1N7BC7Wp5Fw
1PhMRArnBUA
1PiqP1_nT9E
1R8_RLjQ0XU
1UMRkrzs_NQ
1VxzzIb__Mc
1XAjFcXhvNc
1XveNObQ4Q0
1YISO52gi1s
1_dYlComTTk
1bSKtN879rU
1dCh4GUmOrw
1eQhridx_5c
1fMerjKWVv0
1fQBoVLHl1Q
1fpy6Sxluyw
1jTMSBhPCZw
1ji81TC6vZ4
1mTnNtdctGM
1mwiMZugByM
1nugqBSl5GY
1oWarYeMwLI
1pbx8-Y8d7I
1piJFNjTOMc
1qctICxmRZ8
1s8XtKJBnfo
1tpy5aGemcI
1uWfntFe0k0
1ucrO6wyPc4
1vsSf03_5YY
1wNo3NGw9dY
1yEs1xSYDv0
1ynDrqwrDQw
22CkOdC_y-Y
24QunX2rq80
26LL2RItiu8
26ujgfl2Bgw
286I22Cx11I
293xM9G7pIo
29BBtCaRsc0
2A5DL6IiV0g
2CMzJsZSndI
2G4ZMnwhFGU
2G7WjdlBbfA
2GyJkPpOv3g
2H0voSKOn_o
2IIslylyGtM
2Ik1PyKkET8
2LKsO9K2GAc
2ONHgbRfkaA
2ScL8s0ElK4
2T-L_vw9wXw
2UBuRFB1r5c
2UyhSpk1w28
2WVCajdB9bs
2WwwqBNG5ss
2WzU9tKrdhc
2X7PUgo5qH4
2YS9Rapm23Q
2Z7TRQcgtC0
2ZVYREdhPCo
2ZfFm3lJhrA
2ZtYNh_VjR8
2_QKyqCUNCY
2b-y1tlWaZY
2bnEYf9-Neo
2gbIgNG3XyY
2iadF3klCnc
2itnDTVzGhs
2j5f3f57kxg
2jtuRsKNrZA
2kWlArO-LtU
2kyeboif-h4
2lUSTh55U2Q
2nv_Hvd2-8g
2tFcgD5Uayk
2tvEWahkojU
2u90J3eSLvE
2z7FAIYAMaA
3-2g5pAYdoQ
31LIBVbMYaY
31c1_gWhxfo
33JrmO8dS7c
33tS85amTkg
34GgyzXNRlY
34LbPsXy3FU
34iMuO2oXzk
38dqOdQFdRI
39NbdSfCsqA
39exXIeC1iw
3Ax-y45qLqY
3E7cAg0vU1A
3EN-9uhwEdM
3FKVKaEN0oA
3GhlHtIGQx4
3I41CgXFCcc
3Is_FtcoOPA
3JzNdlOdNDg
3KFvOeTAk2k
3MyYAJ8KzMY
3P_qpSNNfIA
3TFHugsjP3Q
3TOu1FaMof8
3USlBmb3n7E
3VBz_8C6kaI
3WOSHLdLnXY
3Wuk-PWZEmQ
3YuyZehZ4sQ
3bg8Mr88FO0
3cyL9zvhauU
3eNObc5KQms
3edZH2hO1rk
3gb5qflCJiA
3kdFcRUgECk
3m8j2_JxY0Y
3p3wCWuA_Vc
3pz5NDejSw4
3uzWXuMxHKo
3w_1oz_0Jcc
3wikPIy0YDA
3z6Q18m6dg0
3zdzqk44Jcs
3zsXZqk2I_c
4-R9af8OpgY
40Dkvbn6q0Y
40pETsQ96TE
41lYpXeWPs8
41wDnSqBAyw
430WWXGv26k
45E3uCBwljc
473TdnHajKU
47bEbmzEeUU
48l8LfI1QQs
49644YqPafQ
4BNv1peYklE
4BZ9S4X5jmw
4D3NnZBecFU
4DA2p6E_sjA
4Duq6_zmHK8
4ERuCPHgLXo
4GZqnu1aQc8
4HyX68OfjWo
4J4AAhSdXdQ
4L6Bu8VXQfY
4M7K5c-1_7M
4NJxv3Nl6Uk
4OxaH-ezAT0
4SOWIejA_AE
4T2sMKDV-zo
4ZvVOGWWHdw
4_veYdRc7bI
4afnbsYC9Tc
4ahoCd7ZAq4
4c4LkYgRWOM
4cJakzl4--Q
4cuck5-xwFQ
4dbhtuG5_E8
4e5sO6k_Og4
4eonY-b8AHw
4g-_9cLTUEQ
4hBjMBYImgo
4i1MTSnJddc
4ji5TcCe9lo
4ko_D-JnVag
4lNsyzxBGVE
4nh0BpEMpig
4oIfRYt_Tr4
4ogCryxUwBo
4r3L-f1ZNHg
4rN9oUNHWhI
4s5cX6xc3fU
4sbTasPdT5E
4t8QrwtObK8
4tHmXff9g3Y
4tPh9cvonYY
4umnDNCVtIc
4xvkVDFwfLM
4zrfcVHNm-4
54ZwHQ5iGsw
55TfamSKJt0
55UXGoY2hGs
57rgLFamr94
588Pwfi0x6s
58Dk15wDG8k
5Amvavn73GI
5AmyLNan8Js
5Bxcge0AZNQ
5FSL7gpl1jI
5GRCH2hKyO4
5GspWIvK0ks
5ILiEbwPjtQ
5Igj4kStVI4
5JGm6blFgf0
5Leub1UJOlI
5OUGyRy6OL8
5Pdv5VElvNE
5S-vT31kyt8
5TJ8nq2nwSw
5YRfqi7snQ0
5YWghK2xM8k
5ZhIO29eZfg
5ajVtFy51QY
5bWjWSXe1Wg
5bqe5YRXdgs
5brQy5q_2Y8
5c0xcjFXxZE
5cMlkGVy1xg
5cOdEMoGe38
5d8h_ykoKOk
5g-fCzpSoXI
5gBYdFJjIps
5gFFFhk97Y4
5kz_nwHa4rg
5leQzK1t7L4
5pQyXDS0Jo4
5pyzhmPxgMQ
5tdMQ3iHFmk
5tz6gt5URbg
5vNqyU7lt4c
5wH_HNqUuDo
5wLWlRcodWE
6--T86moiDc
60GXwXj1evQ
611IrFZg5ew
61TgdqFokYo
628Z9t9zjvY
641KTkUcVI8
64PucRXmPTY
64qCu3szE-k
65ek7d9hWlw
68SMC7K8jlw
68f8P-ipj2Y
691E62J6Ffg
69g9oHFDKtg
69hEm9IaYFA
69voGbs_1eg
6B0emVcb_Ss
6C4aWuqLKrM
6DPDFWc4gOU
6DtmmzBLXU8
6EdhXI_dlds
6EdxLpe6bkU
6F8PsKp-7og
6H32rQ29Has
6I2BnX32qNQ
6IDr73RMJbM
6JBpwP-0FIc
6LTs6mONbZ0
6NmJ9uFnbGw
6OPHiaAM_hc
6OpWepYAFB8
6PIdJj7tT18
6SRTaT8jcv4
6TLY3azNKzY
6YmtER3epB8
6ap2OgProNQ
6dWY8AH-y8E
6i0RbdMu2Qs
6iFd2woVrvE
6mamxUaJiK8
6mrSy-1b2zk
6nb5sf34BRM
6oJs-BuZC6Y
6rlzj15mtJs
6tonNJdudYk
6uFwQG3x_Ak
6v8tAAOjBHY
6w_pvGMcmDI
6yC3CoFiZ_o
6yoKyJmHZGw
6zEkn9hZL7A
7-bfAHWU_I4
727Rs7ThNSk
75csSoowXyg
75mO-ldMXkY
78dWDsi-C6A
7BKBrNOs7Vg
7D42z_MIRo4
7DDJO8fHJWc
7DKXO6kczyw
7DMPM72pLQA
7DfCsdkJ2dY
7EADmyHKvD4
7EGujj4PZaQ
7GQa1nP7c88
7GTo6lZsR7E
7HaXMAKbkaU
7I831F_Ton4
7IafmQBCR9Y
7JkcjS4DmQE
7O4AORj_EJA
7OQdzADcgaQ
7RG--NuYctE
7SN5US0K8zw
7UPwt8bZMJc
7URkDQ-ogTc
7UV74DJLy4s
7UdTrTWlgcM
7VBQ_E6fDNU
7VZ9GFOGsEk
7YqqYPOaU5M
7ZK9SohdgHk
7ax4IBK6a80
7cnU6ybRSzg
7cqRscsS6Sw
7hYBhr25hqQ
7hh4hTrID7s
7iYATSIwp1Q
7nql02KFF-g
7o-06_7_dXE
7oQ1keMnxZU
7s4wRVHujMk
7sDfAxSffpw
7sWC-PhX6hU
7v0Z7wj1VJ4
7vNbyh9I04Q
7yGkrH3SlHw
7z4rDH1Cxq8
8-xRHPkGAbc
81O2b8hvNYI
82MYiEN_E7w
83eKnxzdyWA
87G08RAIR7M
87xamARqIrU
88GonenQDnU
88KWTrHG0e0
88tgIId5pV0
88xx0GZ4U6M
8AMOcwq8o1M
8B6PFhLlT7k
8DEcZl53RdQ
8DMc0PfAJJI
8DcNujmVWpQ
8Eqe19usR64
8FkC01IJ8aE
8GIutFtfqeI
8H3dUMMDbYw
8IdxKj0g86g
8LfMt53YRAQ
8MR0pSp6a_4
8MUoxvKc-Cs
8MeHX3gYciw
8N0yXX_ZhIo
8N1xGKnMero
8N68_O44Sbw
8PWcknMikwA
8QPEPV6UEV0
8Qduwa5H_zI
8QgBs1OhHdw
8RE6qpd9-JE
8U_JFlmYU0g
8Ung5cstjNw
8YQexKl9t54
8_XdvIAHUn8
8_dpdSsfSjE
8fJQYTNRWgM
8gIoB3CxPHo
8gT9QuXg8X4
8jVG5B33UMs
8krEPirSujQ
8loLAWc64YE
8nTpNs9A8R8
8oDT5R9RYFo
8pzC0BxtbrY
8qsbQs0ukNc
8wyF7f3pfEE
8y5Wo39OhVU
8ypewx2B6f8
9-KB8QupcJo
90bchDaONi4
93RTuvPJau0
93yxRsxW2R0
96yjx-cmHT0
99UAFq5qfwc
9B_7yg0qxyI
9BhDjXr7ucc
9C7loO-TgqQ
9CJE5ItpMIk
9DMxIm4-JMo
9E-rV8z8QPU
9FQFt8Cbwnw
9Fl42xorfGw
9Gu41LDVeuA
9Hf2lW-gSnk
9Hnw01ifung
9I_0tXpYsx4
9NliSOFk-K4
9RrtXZVjWzs
9S63TlFjhlo
9SXSO3IMOXY
9U2ekBouWWw
9VmJdgTczgc
9Wd9LocAGW4
9Z9xhw-TPqo
9ZAeoJVoSlo
9_zfpNJGHVg
9a7008K9MSA
9cWBgBg9aQ0
9cykQPGb_fo
9fcX-dEzfv4
9fyvD8-u440
9hitHgoPe7E
9ieQhnck6Yw
9iu739CrtEo
9joFYviNhsg
9jx5hZEiVI8
9k5j4FjCi0I
9lxpx659jBc
9nZXDYguF44
9otya2KUSHY
9poier9NM6k
9u0f6-4pXxI
9vBe1jsKlok
9vt3j3qW9DI
9wzOqrfD1Sw
9xGHd2Mkezk
9yppSolyRDc
A-FAJeNXlas
A-RGgj0GvKk
A5mEkMzwQPA
A67hItkzj7c
A6eTwM2uEHE
A8mWPx7Jq8g
A9OWEi4RBqs
AAlVESFEovw
ACYQTnEYjqA
AE1g8xLyXqM
AE26nZEy2Ec
AGyhphvbNNQ
AHpmwGeJ8CE
AJyw9hOHl4g
AKxsy7syVcQ
AML1kIoIGPM
AOW0nFx8XDY
ASOVp5KzPfg
AUGMLP-2mns
AUrmQD6bmGE
AVfRmrx5lpU
AVx-0-U14e4
AX-y5wRNgb8
AYjCmpatX44
AZwpX5ncSWQ
A_IkIQkQrno
A_haTjdect8
AaJtRdkDsJM
AgdUgI626oQ
AhoMHJqNwX8
AjSiZOodnu8
Ak9-J8NCSgw
Am-PJ4_ZWA4
AnGtTNSeKZg
Apf4rncn6qs
Ar-345Dpx_Q
AsH158AHuvA
At9qikCiGDk
AtGp5e4e2U4
Au4fvQYmWF4
AvzkpzKnvBo
Awv4VQsQhuo
AxraOWd8Pu4
Ay3ALuKYi00
AyW5WJQq3AQ
Az64wSYCqp4
B-B8MQDLcZg
B-Qqf0yWOt8
B377zpZDZGk
B3KUcVlqlls
B4XKMPSByT8
B9tncVa-BpQ
BA78nlkSOyc
BCU98KCFclc
BDFf1w7JSl0
BGCKAiKHImQ
BHGeFZlWLfw
BHqydorQIn8
BJ7HX5HXawI
BJHO2LCMvqo
BJu2t-8XCdE
BKQGI_OPrg0
BM6_pobcdHw
BQAMtdEvDRk
BQNE23T4P9U
BQx2I4m0guw
BSVziTZj0mc
BSrqlPuJ-vU
BVIbOmQXC-4
BVIgbMheDB4
BVmlluJOr8U
BX2BtVxtOz4
BXDKCXWEbyc
BXTTIT5G1pw
BYHptYGh_3s
B_U_KYHxirQ
BcAk0FqVXRo
Bcu-YWNQv8g
BeQXd3n6RFM
BeS2N0rQLEo
BiKc2x0WIFU
BiYQGe5X_4I
BioN7olSzJ8
BlqmWdDslXQ
Bm35YkI80eQ
BmuS9helmrk
BqR7FAYvsHw
Bs2EFtuihvg
Bsh6jeMgM60
BvDmUcht0mg
BvZuhN-L70w
BvjexaN_ghg
BxrIVAge8Jo
BzVYGyP4GbY
C3bg8OboL80
C4hNmOOgDow
C5e0ZqJJJ0s
C7AJAiftHVw
C9ByKaNe0_c
C9pY1wGufAc
CAclWaA0rpA
CB9BQ2lgYp0
CCAWyPwAIoU
CCP2k3R3DCw
CEekYoknmkE
CFtF-BJx8sk
CHAV2VH7y9o
CH_z-5rsRy0
CHvZhIQ99JY
CLI2ZskB4yw
CLMRYxdu_lc
CQFXBJkfwN8
CR_3eOboJ0A
CTDsWFk4BEU
CUv3Uz__Y1Y
CWlDp55Cs14
CZ63TZAZMFQ
CZcAyJ43cTA
CcF9Mq1Mp1c
CdzMznOpGEA
CgH3esqqSkI
Ci8qDcBg5cs
Ciis5D7F1v0
ClrFt3y6Uho
CmlD4Izh6_w
CnzFrnpoTpU
CpDkedUaZCE
Cpb6ulRDXZY
CqBAa_Q_z9g
CqDn_dxZHy4
CqMqP8RlhEw
Crs0oYN0suk
CyKt7aFSrSo
CyR2EIOWnt8
Czw3LhNYgkI
D-0cn2DmPC8
D-DRktFS4rk
D0O_vqj2Mys
D0yFtB9Vm3o
D1U6osg4Ph4
D2i25TP8Hbs
D2rBToJUnmM
D3QKeGO0dPI
D4Ys0PUX4Z0
D5zdc-5tyqw
D8XgSvSMJG0
DFX-D2_I6S0
DGoESO0gwg0
DH7xlBfeZzo
DHM4kKdcgzs
DIbxuMwJYxs
DKDWAN85Uzc
DL32yALOpPo
DMuay0tLgoI
DMzYCkLrGi0
DNFhCLQHNH0
DNqREhHS2VA
DNti3cI8Rv8
DOtr-41Qzus
DP_N816CwVQ
DS8QcGCtIPc
DSH1CNgm1V0
DSJfQVZHx6o
DSmwSbJEJ7Y
DUM6Nh4qlJc
DVYAkGIodao
DVasJCnw0ek
DWDtmId5gjs
DamFvtpCu_c
Db5-Fk4bHKo
Ddw_Ft3uo7Q
De2WOz1iP3g
De8q9Om6pks
DixRwGdResQ
DjaSSzJQOnA
Dl4UsEok0x4
Dm8XGwOLu1Q
DmLti7H40U4
DmfMKtrMiLs
DnvCVn-zSc4
Dr8Qt6d2S5w
Drc7aEyMFmA
Dsy9VF3VISg
Dt2XaIOGmeQ
DvrG5l0Uaew
Dw4Zbgotj-0
Dx1o4p6XB8M
DyHH_ZSD6Do
DzI8_eLHCpY
DzQGz9nMqSk
E-rrCspbdRc
E1NSqNhgQrQ
E1P1y7yIPZw
E3l0UUx40xM
E7iSZUqWDI0
E8xRCUJ4-gQ
EAKAUuTIfd4
EAyNoagoYUg
EDEaHZ0LGck
EDs_GX_Hulk
EEu5oqkAb1w
EFfNDubxZgs
EJ--cCtFAno
EJ4cFN7O-4g
EMRi69w8FHU
EMx2KS0P8Rg
EP12wqZ20eE
EPHp3KMjYeE
EPlQSuzp1pY
EUKbm_PW0ro
EWqTmg5vYtk
E_VFeC6Zw_Q
Ed-Mp1I3x-s
EdXmF6tdF5U
EgV-a3nxZc4
EhwwStBE5hA
El4GbNfssBQ
Elb1JOv5-wM
EmOINPC1scI
EnXIFDzVgZ8
EqAus5LSEus
Exziy_zPZ-o
F0i6WyUDc-g
F3ajXO_xv3g
F4QhScx09i8
FCISenV9XjI
FCTOFmGDcvM
FDll46-V8lk
FEXTboeoUE0
FFZOwVZFGkM
FHuHCkPn9ao
FIQ1U09vN8U
FIgv681PHE8
FJEg7KNcBkw
FL83kNcLXQ4
FMGCTJWpngo
FN8pe3Wy-uo
FO89wiy3hTA
FOBn9qXLu3Y
FQLhdCR7Sh8
FRlOgYzcnmc
FSkm2sYFhGQ
FUDk_HSv1Lw
FXLH34UQHpw
FY64pA6OBQA
F_SDKKSKONw
FcZhDJguHno
Fduz-T77rZM
FeBNFZT8KHU
FexBUuPC39A
Ff5vQ46-m7k
Ffj4wSL-WzY
FgGFA5Iw_iE
Fgee_LwWopE
FhsuZRHBviY
FjpymHsQVgM
FlUV4TmWd0M
Fmu0L7wzlxw
FnLjTqU4PVg
FrUZ5DcweCo
FsFo4owJ8O4
FuWDxlMlVkQ
FwI6xGZ0smY
FxMnK_kF730
FyePIvUa41I
Fz0iNHsrCl4
G-_6Jj69bbs
G1BmdI7fvm0
G20dCgzo-qM
G2XNOwmHlfs
G3Uf0M3awOM
G5FIy1-w-q4
G5HPpthPPG8
G5_2NWZm8-g
G5iYxZaMy28
G7sHI28UHoc
G8avRe48B1E
G98c_F3scRY
G9tYoMP0eVk
GA2r3SSRWTI
GF91L6490-8
GHyLFap1HIA
GJuSCifRbOI
GKGB5b2vfpg
GMzjEM7jnU4
GNh7cvIrhu8
GNv_SAUnA74
GOSQB0twK-w
GQHGxR0vu9g
GS8UTOYMG1M
GSkoQpbbp4E
GYB6xp2p4oA
GYEjFtIyK7Q
GZd_d3OrhOM
G_F4veqhEDA
GaWop0MEq64
GaaX4eQsHP4
GgBY9gQZHJU
GgSYyZmx5xw
GjEpDu3FKWo
GlpRH4h3RII
Glr8ltNAoJ0
GpQu6p2iAPY
GpfqoJqMV3w
GqXj_JmWfgc
Gr1AmQ0U2Mc
Gt9Qb2jj6TA
GtZIlCzfYY8
GuA3WP8vTcc
Gv0krTxXQrc
GwKqWzCZTjo
GwcZdH9FozU
GyujmB19LiI
GzC0o9_k9ko
H0J8KH4xnak
H1cJsNDv9YM
H46FLw5Ku7s
H4WcxwXpVXI
H7VIBhyb-sc
H8D_ohsEfXg
H997L3KU2DQ
H9GFzrFWZ6Q
HAm5fwhU-e0
HC4kplJtKI4
HGcGFO_E42M
HHrHvJc961o
HJfSX6NIFAs
HMiz7pixPKY
HMr2eDj5YTE
HN5MHnnsO_Y
HNrI_7nVIDw
HNsAjg8MCaE
HOxxtvxMx44
HROFzGXMM50
HVm-jlVTH_M
HWSRaHC4kqA
HXE6OfmKZgE
HZFV06nBp4w
HZIfOFoxiXw
HamY0T2y8_k
Hb0YqReMbQE
HbHo2_1fjSs
Hd32JIgBx9E
Hfwc0GtiEWs
HgEgzXKiS5Q
Hi9DYBYrxBk
HlweCblwRMY
HoklATkLEGw
HpIDwX9Kl2o
HpJrfdJ9rDg
Hs_yfFkIyzY
Hsk302CubCo
HuxygFRngRA
HzEnkLPLRmw
I3J2qLB-UUs
I4euKSbCcKk
I6mI-b-4WUs
I7SNom84llA
I97Pec30pDA
I99FzvKwVG4
IAbGFK9XSTw
IB4YCNtYSm0
ICowmXyJMnk
IGIuv1j7KcU
IGXI1_vZsbY
IHmmQSPaFHM
IIFBaT42_ms
IJCmfjbeRDc
IJCngAY5abI
IJQQFuS2Wqw
IJUXrh5TaAw
ILj5MGQjJs0
IMkMrRlP0-8
IMuwYSDtXRY
IPNDepy3rwM
IPyGRZ5W-uc
IRBfqwCRoGk
ITadTepPLNc
IYeZz7G8Anw
IaffxzIRESE
Ibtc5Oa7LHs
IcNCvJfkRew
Icw_i3vT5z0
IdPIaPby_kM
Ie9e1eEpkPA
IgBUvJVM7XI
IgzoYxSyaKQ
IhN0bFIw_vE
IidOnCVvpms
IifH906l1AI
IjZidtP9m5M
IoPmVZnSm-E
Iob66g8XinU
Iq0CYdo3s80
Ir2v7rcdcxg
Itx_tvvvHEU
IvZfwlbjENI
IvhozT0DJIk
IwY-UvN4Iuo
IxOAJ5u01PQ
Ixkqbl6o79c
J-fdiwCYkMQ
J0aHq0-rJPw
J1NfdE0oHkY
J23aY6m7Ti8
J2rDAp71T9w
J35Ivp7CQz4
J4KM0H-EV34
J6NB9Txtzdo
J77GsqHIjrQ
J7BhWKWg1tk
J8T74E3Y4H0
J9YioN_DP6Y
JAT1O4i9XkQ
JAdXt7P1UiQ
JCjD9youjMY
JDh3aecmB0M
JESbUnmwSGc
JG1fWu-B2fA
JJGtu0AARPg
JK-Jw0PaDy8
JKX5BMzNolQ
JKbA3J70gsw
JLEQvqmkrh8
JLLVHYdYqFk
JM2IYfLHJCQ
JMD-Tpiga7s
JMWI45hv48U
JMaHzAranWQ
JN1KMQYDkM8
JNMmQa2hb0Q
JOtiWx9l_hE
JP5pD6hqBM4
JPS3U-5q7c8
JR9oyHmAPK4
JRAnLFHNjE4
JSO4xtb2xQQ
JTOrjtDItrA
JTUdB8I3KNs
JTdEQZEgXnA
JUHM2cWei9c
JVDXOqatVP8
JXOW2aB459Q
Ja8MbhE9Evg
Jb8iwTnhNPA
JbUxczzID3k
Jb_zfORWZf0
JbcP5a0pV7c
JdX0C5E-vsU
Jdgb9NhOnGM
Ji1UlgiZWKw
JoTsPfUtKQ4
JpjEnqnwCyQ
JqFtry6UH64
Jr1UoEeX35M
Jra2pKtbtlA
JygygN83GhY
K-xGL_s7rkA
K1yFDPmC5QU
K3-gO8zBD1E
K6dkh8r3TX4
K9k7bGOq_Z0
KAcU-k1gQl4
KDcJRLGivco
KEDZhpsBMoM
KFimpHQyyjM
KIlUVxzhp3M
KOuujlnpw3E
KQTqRDVphbQ
KQwphuOjnsw
KSuZLy5eEmQ
KTgbS8xdCUU
KTnqfPOguHw
KUfau-34xOs
KUhWkfdm6M0
KUmIK_LqvGE
Ka71LTlJ1XU
KaBqB_BmVMw
KgVc-d9Kkv4
KjWo-bsPkCs
Kklab8fHRd0
KlKAE-gMmtc
Knfc6SdfBeA
KpztunJ8NEw
KqhGxIfY7jw
KsddxK_iLBs
Ku_cG17KLbU
KxP9PS-mbQA
L0hlvZDdHAU
L1auXACz_9M
L2oD8ZKFsSc
L3nr9ON15ZE
L4XGkcB3IbU
L5BJv7P43Zk
L62xwXbRC98
L6T0tf8h9BI
L7Wx6x50GmQ
L8ecIeJrgrw
L8r6dY8rgCg
LAIzbHvJV1w
LFutTnxioJE
LHqZrFQuwh4
LIXzL9zMJ_U
LJFioPuTujE
LLoWFCzKywU
LOHphCTVdjw
LQWUcg4aSSs
LRPJ4tRAFX0
LRScilYSyaE
LS0i0F1Z_c0
LSoKVDUKiUc
LVz3OgCgsWY
LWJxxhzqKSY
LY2XDMEnK6c
LYnJ9m0yg9E
Lch5iqtc9lY
Ld5xVocy2gM
LdQZdhuwbH0
LdeUQl5wHs4
LeRgV4t5vR4
Lf3u-uKIgTM
LfAWTwZepcw
LgO5ui6Ai2k
Lgpeg4AB4l4
Lh44UBPbFks
LiDz_jpPvd4
Lj0n5vRdtHc
LjMlC9aPuAI
Ll9uFezFxCA
Llo44h9grmQ
LnUb7wrHszo
Lp5T5-cPGeA
LrFT2VX9z8g
Lt90zaccA0I
LtJgJcayhUA
Lui1To8e9fQ
LunR1sqHrKA
LunWyHl7QHk
Lw71HIQONhA
LyeDtSOb1ls
M-9Q9qnOx5Q
M24QwSt5BkQ
M4LIM6NZ9dw
M4TiZr-oxYc
M6daN8f1w8I
M7G2nQ2hUdo
M7J4qGbk61s
M7Y7T1PRyiQ
M8AIhUKxHto
M9IktUT5uqY
M9bT94bciFA
MAEmLAHLasQ
MFIg-okiW98
MFo-CwftBK8
MGq4hSSJin0
MH2_gaPd-mY
MJR5_e4KdyI
MJv2LvQIh1w
MJyXfnopZj4
MMz_UxGdZlU
MOW5Cqqjr8s
MP0rEOpu-aU
MRl9_mwRf84
MTxcEM3hNss
MUBW5xloIB0
MXqX6VxneHE
MXuhZ-efOjc
MYCbA0R9Eu4
M_cPfhQxPEQ
Ma0bqQc0tHs
MaZ2hTM5Xc8
Mb8cShyJcy8
Me4eGRs0gyY
MeigebMIxXk
MgEKbURbEYQ
MmhaKtC9D_U
MmzMSDXns4o
Mnjpu8OgYgs
MoInVxiHCjA
MqSWOH_cRqQ
MrjHFmtTYbY
MrwoWMi2C-o
MsBW0Mkxk3o
MxdSRXDxVlE
Mzp9VO5T2m8
N-GKy31QdS0
N-XvfAPlXJ8
N-ubaVMXlhE
N44ATBs1lBo
N5Qng9O46D4
N5qq_JpbMUQ
N7x_y7_O8xc
NG_nBFGcok4
NGyx4-FhWLk
NLg2zfkOaC8
NN4tBvG4kkg
NOp09cFKrMw
NPsgDa57m3A
NRwT1esGMaM
NRx3oBmvSC8
NS21VyEVMH4
NSDA5tIaje4
NVt0bDK-ZLU
NXYpEqVGupE
NYLcACKlwS8
NZSMEYUTPJM
NZsABnkgZoU
NdaJ9Rol998
NeNVMxoVba0
NeTi_CVrhsg
NgNFMLdZzWA
NhnuYHsBKdg
NiJwbuHVOyk
NmVh729Tvxs
NmZkxRogsZA
NnhXM-iXCZE
NpoY8pzsbJ0
NqbtRPFkPKk
NqmA78r2Uqc
NrTyR6qpugU
NrdxxFaRqYw
NuyOKlCgIF8
NvC7CqUpiCY
NwD5Zp4xnRU
NwH3HjTEvo4
NwVFWxNYCcg
O2hu_ux2KZ8
O43ogZg2Xbc
O6Ki-wh_yEM
O7-OjwgTP6I
O7fnEex7ZUI
O91pLGJrvnM
O9cdVsrdp1g
O9oxqNpdNoM
O9slkaeShnc
OA0cjE0ZtCA
OB63d78O3To
OBJ8cNgyHl0
OBX1iHG1C_o
OEyWAE_Q93Q
OGnD2mjjJug
OILpVe_GFGM
OIMwfFTRIqU
OKYeFxw2xV4
OL4qXWJ5syc
OLkgSxlfkFY
OLnn8dU2L8Q
OLr6T_LWtCY
OP-dRxfprh8
OPEpqRMN8eI
OQjQMcMWTV8
OR10jUL9g3c
ORRqyU9ZTpE
ORWo6GkYPWA
OSvIMXX5-7I
OSwEoFKFwfA
OSwZxfaSO00
OT-aVpEAcmQ
OT83VT-DKpo
OTONUaRUtdU
OUCj98epuQE
OUmZoCS-fUo
OUpRY8KY8ks
OWiYiNg6WR8
OXKCGVx9LBM
OZXQ7AcHnDo
OZzMrYT_4yY
O_NgtCsPsB0
O_Zm5FWcNGI
ObgAMVfJHUU
Od9hPZ1LjF8
OdMwbLBXoDE
Odpjpl8uC80
Odqoat1aJr4
OeHxwHPhj4I
OfDqHObFVkE
OgUg-lkvBx8
OglpxdwuRbM
OibXv1-Ta9o
OjTiTjcthrc
OkCUGWKn2Fs
Olbax5-QZ4w
Om4BYTQuM40
OnUmjmHfnPU
Oo9VSiO_luc
OukVVvQcrHA
Ov4AhZV1imI
OvOhkHvQzLQ
OvTEKg1XIRE
OvsKIU7wfeU
OxmABaeW8iI
OxpcWGQ-qVU
P-Pi08zOmCY
P-pbupowAZE
P0oj8a5j004
P6jnfuwENI4
P8OaJR-P4l8
P9hCPw9PyvQ
P9v4FEC8a6Y
PBwlAvbrypQ
PD4KzB3RMBk
PDxDAXM2Ve0
PHXFeJwPkRE
PJHMvusojik
PMsLGWP3sgI
PPEgQn6lcNk
PPWq7kR62q8
PQP6G6JFpFs
PUm7KXSi-wg
PUuJk33fgwM
PWG7qoD7nrw
PXL1QGV0ak4
PZ44-v2jFfA
PZAU5Bm9jMw
P_FwqcZw5DE
P_sbOrZOBEI
Pa-Z9dJkLls
PbJnoTPU3zo
PbQhv5Evy-U
PbayaXCJXi4
PbfBMJz01lk
Pd9UCNsBZIw
PeeHH570JBs
PekuD5C37Jk
PhYUumnwKwE
PhxIYLQS9jc
Pk5lZTouYrY
PlE-P45nFRk
Pla2DaH9g2g
PpLV2l2AP9Q
Pt7geHOC_v0
Px8beQibHms
Pz7fgM38doY
Q0qH4BPju9Y
Q2izAV7oOHE
Q3HWJi4PEw0
Q5S2XAb6q9k
Q6D0X3Kp38o
Q7pQJN21oXA
Q98FMHuVjOM
Q9axtKT4ZzY
Q9h0Nr5w8p0
QA10cZX2EmI
QB1Rv-pQrHM
QCefqGKx1Hc
QD1kjvjg2zo
QDxxhoR9hKQ
QG3YH8fanOY
QGTdKjHHOqs
QHCnz6icBNw
QHvUu0GXIZ8
QIEWdRU68ao
QLzke-Wlb5E
QMOBbkOOiFo
QMwhXYM1J7s
QQLIPAEShSU
QTY_555ks1c
QU1Bkk1XZEk
QUrqBIAySNQ
QX8x6JHrMbc
QXQF2Q3eJMA
Q_sE4oqc_9Y
Qa0r1R2RDAo
QaQ6yBEo4vk
Qak04kk7aLA
Qba3vOpIl6Y
QeCKN0vUoWs
QeUNyZWrY7Y
QhZZjOr7-Q0
Qj6snYdAy-g
Qj9BvYTELfw
QkL8iiwa-lM
QmB7muxHswg
Qn_RVH-jZ2I
Qo4I1syMP9A
QokgfBjVH5E
QpYR0HacUa0
QppgXpH5FQw
QpwDhW51bd4
QqJvQwX0K6Y
QsEZ0L2q0eA
Qu2ZFqfdwYk
QuO-lJFf0UM
QukQU1BRuQI
QwATds9_tQc
QweOg41knBU
QwtYF-d9o7g
QxFDvfv3UPs
QzV4G_tANF0
R2aGxxNL3mY
R6PGTPG3BnU
R8SZ3D4j-n8
RBZoUPR3YTo
RE0fu7uQC1c
RFHGgRLsaeY
RHs2m-p0KIc
RMSGP0ZByMI
RMhAMxWCuVA
RNYe1sQEC50
RP2wo7eNZEg
RPfPDPPcEdo
RQpsO4IwP6g
RQvKxqitJCQ
RRhZJs-Xt5c
RSHRO0f7vdU
RV3-IxjyHq0
RVYHrHRSm6U
RVaYzf9EeBw
RWdNUjxAgYY
RWmq-fMLCwU
RYu8Ad-xtBM
RZB5dDTVhVQ
RZjuplcL1TA
RfxJzoeJtN0
RhBMamENfAc
RhgZcq2TTUA
Rje-86IujJc
Rk5xxRNEP-Y
RluFfE_PTM0
RmRayuAgR54
Rplmdt0gYc8
RqogprKE5QA
RrP0sPGC9dw
RsC98mGQ73Q
RtRcBTz75mU
Ru73GBVRymI
Rv_5SPWTNHE
Rvo0VNB7_XM
RxFck-oszOg
RyA6HLvFcLU
RyIcW1XxCpM
RzEjjpO4Py0
RzY8Q07Gz3A
RzaXXIcGNFk
S07fcjTmMM4
S1aM1VjFbn4
S2FwMKYzKRs
S3yetASjXOE
S5Lf3eww3Go
S7dgOLMu3F8
S7uc4We_I_M
SAos1WlzsdI
SGGwTIIKgKE
SGvXsLTiOHo
SIYUGNtAuHc
SMXig7h1Rkk
SO5kYaX7n0A
SP_EO2VLwrI
SRctiWvL9fY
SRqCwnL4ffc
SSPGzFxKSuQ
SSWgGGD7d98
SUnAPdV07jg
SV-RS9Oz7R8
SVBteCEggO8
SVKI_iFPpkc
SWx0FMwRya0
SYihfm2PP0c
SZCY9aUxpng
SdaluD5b_Tk
SebjVMft484
SfB00eSzAy8
SfgwPa5Bxlk
Sg_1mgBCnBQ
SjMPzAZK6WE
SjoSt2WLeBU
Sjw0k1D5Ai0
Sk9-qrEp2xs
SmkEsZu3NEg
SnuOyLVPFkE
SquPcXbLUm8
SrTlEjnnnf4
SsmYsRRuQBE
SsyAR9ILCIo
Svag1VNkZyE
SvuzKs1br8w
SxCUEqhx3I0
SyJe2faXRY0
Syp3Vesm_AM
SzRHO4leF_4
T-03skvD3g4
T-DRZQeHZag
T-o5QVDoR5Q
T0gCUgnCCgc
T0nzry1sOyc
T2JPJjBMLuQ
T44ZJSLZKYo
T4xIMf_lORo
T7N4m1A32Bw
T99MU3KLWt8
TAP1HPqkLAI
TAWGnQVReyI
TAy_5v2NgD0
TBSAunbeBlE
TC9nYJDJOHA
TCW4b1g6iSw
TE4D6OCwvD8
TEa3T4S1VzI
TF8z9WyqdyQ
TGwSNOrLqB8
TLDH4U57wAc
TM6zzj-4wqg
TO2ckcl_nMs
TOQOK8belX4
TQtPK7oY4j0
TTGlFr13nxM
TT_7QPwDcJE
TXyrzx40cUU
TY0OXIeAktE
TZ8m2OZ3swM
TZnMKa4vibs
Tav00GJ9y6k
Tb8N0jhs2qY
TdUp3VfJY9A
TdVgIoJEz_s
Tfi3B252t_U
ThE54Yyn9ZY
TiDCxSYT5Uo
TvSVRD0ofIo
TwdbRVB5UhM
TyLzFhhBKuc
U-ru7KPYRSE
U0Xf7yFTiy0
U1v2IuljVhI
U3qUYRD1v9E
U4wRL0LBXbs
U6CTWcKZOfk
U7Jdp63TOss
U8A6SNhVSHY
U8SxjUdxhN4
U8k56-VrQxg
UAuIzANdDdY
UCNTAEU--lI
UCTMjWC_owA
UCnFubssCV0
UE20JrWmxCA
UFUdardFGdI
UFnTPkZCnnA
UGhFGYP4o_I
UHvFbjn0K7w
UJIjgV7Q6Gk
UJLE4MbPFyk
UKeg5rSXKng
UMHqlQJoyiE
UMcBOsBawAw
UOfWi7xUVBg
USVLOWKFYZU
UX3wvNVoLp4
UXMcWrPFcJM
UYJe8LeGC10
UZLiUps6njI
U_EtZj8Lufs
U_adjQ9ZfXg
UbubMvvCmKU
UcN95uKl2HY
UcdUd7lzw34
Ud5v4qXMG9Q
Ue3lE5t5XIE
UgMpEY_oSXM
UiRw3QNSRb0
UitzJceUwD0
UmnvkcgTig8
Uo4y9FqjBBk
UovMNM0XZ8E
UpNi-dcuukE
Upv4BN2fFco
UxpUu-fvKvM
Uy-soZ3PRuI
V-Pj6nKqNLI
V0mgPJsWX2I
V1PIDejnoTM
V1rFXmwGupE
V4P9Y4bjg-o
V5Q38wY3A3E
V8c6FBoj3dY
V8h3uQwwFgY
VEzKf4mIc8Q
VFgEbhUwEZY
VGBE6XNteiY
VH2bk63s7VQ
VHENnd6IL3M
VI-Kg5lBgUg
VJnPl9qsHKM
VLD8M0mkVCQ
VP9Yu6wXPM0
VQpZ2_9UowU
VSDSNRghv2c
VS_UHAPFjUo
VSf-JBzdj1c
VUDsou8xGiQ
VUX0XMGEiMQ
VXDPWWXcePE
VYnlWrWJbaw
V_1nGlZ6rq0
VazHZ9FBb34
VcFHMDY7XiY
VfSNNWnMuPQ
VgIMyTMx2GY
VioBgLoRENM
Vjcb_XT0rTc
VjxRyaWEXHc
VmbqaPuwRXE
VmhhpT9VKNU
VoaKFtIx1Iw
Vr9yEtCM2qs
VrKIX7cyKHc
Vwnfe31bisE
VyRPgUDLVPw
VybPeQce2Yk
VzvcmWP9ER8
W-fq-ugwKcs
W0dFbXpSiaE
W1RaBb-5RIk
W2iHk_WqY2Y
W4Yz9S9o4OI
W51anNgTaC8
W6CIS8JgMCI
W7gfYy-IDMM
W83HG9vM_2g
W83yVuJbz-4
WCRPJKPPF30
WDJZfDGMwx0
WDMTpAInLW0
WDNxA3n40nw
WDTbFqEo3xE
WFuAVqbZrWU
WHwzOVSEHac
WICW9R1xthM
WIyfq-dP4hE
WLOOVe9yoYk
WMR5sC4qu0s
WMejVnzL4vg
WMt_qo20Cjc
WNfcqq0mrfE
WOhclhcnMwc
WOxq1d8mbCo
WPwd8NGL7fY
WPzLkLqT6EI
WQBlkF5lUuc
WS27HePtaa8
WSdePQVbDDc
WSkFoGszQcI
WTAVCI84Dhk
WU9eDxo_0XU
WVzk3Nm4d8E
WWeSEEwBoaQ
WXrq3uV99Ak
WZsFhcNw3Rg
WcFxYQLv9-s
WctxlTJq10c
Wmzq4OAU9r4
Wo9ZtgiV_j0
WrXSQQEnJaE
WvH3_27UEig
WwTDimunEkw
WwnH_KXJr8s
Wx6Z5jHIPMA
WxOkqpl6HH4
WyDP9YqRDgk
WyUAdIGXHUA
Wzg-khLf5x8
WzlXczTO0hY
X1NadAAzVy8
X3PnCwcg4Co
X74WxIG2dNM
X7uaI_7VnkY
X8aENTKnmA8
X9LVFpbwJzw
X9LdWFoGX2o
XBo85SYwrF4
XByXlm_Eago
XCn25hGZpLc
XCxTbxE19Eg
XD0FGqX_55A
XDkQQy1g5JY
XHDlp0ObfOs
XI5S_BhQJV0
XI73Dm254eg
XJVtjAWXa9U
XN1OCpE6WTk
XRBXtJX-sW4
XT4R3YmCO1Y
XUliJrbuliA
XVEgQVgODk4
XXcZMgjBSpM
XYmrCVbHZMU
Xcw5l-c86YI
XfkPKntkuEs
XgaW5p82jNY
Xgyd-UrgObQ
XhW8DFCpp70
XiS87WHqCQ0
Xjgun0mqU_c
Xn-pfISVMlg
Xq1U-JC-4Ds
Xrl1LNj0bng
XspHADidNYU
XtWzFSo3O_A
XuEFpjL4ro0
XuVAcDmABC4
Xw1JBfpRrX4
XzWvmnebLT8
Y--eM44_eJc
Y0bDrWDOXr4
Y19OQCvdjA0
Y1UVf2BLuIA
Y1cp_U383XA
Y1lbRUxeGLM
Y2_mWAw4opc
Y8U7AGSVPyU
Y95ihHco8DA
Y9HUKX5jfno
YD2UcyNM_TY
YFFGHwHncpI
YGiBa5UZg1A
YHcEcoWwIE8
YHlbhdXKcE0
YKSdD3bifyk
YLrF_WbJgfI
YMSkI3Hdtv0
YMWla2Hjk-k
YOxRZcSTchg
YPMwBeyEmew
YQrTjWjUfow
YSjz_ZyI6P0
YVnNXTGPEoY
YWIraKsIn7I
YWT3mGYr7zE
YXJq0F1w4E8
YXiNDWaFMlU
YZD2ny1wCgA
Y_3xbxDxRL4
YbRZuYPE5vg
YcLP9Bxm5mM
Yeg7c3lycAA
Yf3p14ZbLQE
YfF2l_0jiDg
YglOYUfEbCY
YiqX9u5qY5M
YixiCjg-7N4
YjXNxFXEhUY
YkI__LRRYZc
YoCcl_6WoHs
YotJwE_nR4o
Yp1MprEep5I
YpyuU4m7fkU
YrjtKZWEL6w
YsHT24b3GNM
YsoGDOtqf0A
Yt6-6C1u8pc
YtUK-FJx7oI
YyXAHOsPmtc
YyochCj0mC8
Yz0Q-WWQIVM
YzRafq0VLOU
YzpfJ0Ck0Rg
Z-CqqF7_Tg4
Z-tfKUzeEbo
Z0WGkWshVdY
Z1Qq63KE6d0
Z4-bo_0zCqI
Z5gjbose_kc
Z6h3-7u9M7Q
Z6uQ7OmmQIs
ZAyecFDUkXU
ZBVz5azL9ew
ZDrnBOK4P-s
ZIZP35-lmdg
ZJMWZraiipk
ZJPHK1N9x3o
ZJWznCfLVNI
ZKuZgQVKjsY
ZPzGUQgAd10
ZSGOEofHk5c
ZS_oSDRuM3A
ZURM9-j4VxI
ZUcuK24Bm8U
ZVT5g-D6eFQ
ZWzD0ADI4x0
ZZTabEi8KdU
Z_kseBOv3wM
Za0T27ninNQ
ZdtK2UurQ2U
ZeWXqvqcoBw
ZeogOdl2hpA
ZhOz8G9vDJk
ZjcRwPD5-a0
ZkQ6VDhVHQ4
ZkTmQOayERs
ZlshkC08QvI
Zlyin9O3clI
ZnOP31T7dMI
ZnfgZaxJqAE
ZpYTNd4RoI8
Zr6OSooJNT0
ZrHI2uYAe9Q
ZsY_B-P4G7k
ZtB0gGKx6ls
ZtrchHO2Hwc
Zu7Kgr-gWhQ
Zu9nApysL80
ZxqNFYt9xd8
ZySMaJ4r464
ZzvZaQcDprk
_0p8op5fNcE
_0uhgYIoYrg
_1UKTSfVuFQ
_3ovlX0SLyI
_7WIEIJ1bVk
_8R2YGRmwLs
_D9Z5DVA8Wo
_EChfb8JeS4
_FFPgvN0KBA
_Gq8W7eIJsE
_IFzR2_65JY
_IZGIxXuuvg
_JChhOWed_k
_JuqzKeedJs
_M--f2bGzjA
_NjLmtnJePg
_QGfuipskNk
_QfN-nPGuig
_RmExiEQMFQ
_SCk-9knfqE
_SMeea7zXkg
_TKm4iv3EJ0
_UEiwkbj7OU
_XQUKH4f_lM
_XUJ0SQ7Kqg
_XZ7Dk_tf-c
_YKe7RdFOIQ
_aiVGKIjRzo
_eSBpjo6GW8
_fQzSzSIjS4
_g7ksXjFxkk
_hrH0IeyhG8
_j5zke8dMmQ
_jbd0DusQW0
_jd2-Ze-VWA
_l1BEU2je7w
_lKvNEHvwR4
_mQocXZKHEE
_mSvAMHtFOg
_n0nWRCi9o0
_n6AOZq2fys
_nb-bUcvCAE
_pm-2EZ_lAk
_xR7vDhmysg
_yJ_AhTyEOY
_z6GKLVhuAI
a-6HsOC7xuI
a0DS2iPZHjU
a0vkfrS_Ezw
a15JclPC9I4
a287MvtfmeE
a5GY3AKLdeE
a6BVTUe0tSg
a7lCZRKayeU
a8VK-ebUjXc
a9-Iv1jNwKA
a918GTztb5U
aAhTlXJGvKw
aBHdNR3WFHQ
aB_u1IzZE30
aBjsC_mKg1M
aCdIyFaal_Y
aE7EMiro_oc
aEiuE4Dc_6s
aIYUvh6jJik
aIq8QAwTekE
aK8fmFVnhGY
aLR9rxN6GuM
aOXsKbwSCNw
aRNJipsOwX8
aSH6pVCGtVA
aVwiM1s-qdg
aWYqRJaL4us
aWyGLtbwLHA
aYUVV4TPqe4
aa-cqEm3Fws
aa2wSWDTAHQ
aa76xnpr8zk
aauwirRYny0
abZnpMLDySU
acJq7w1AG6c
aiplEiiME3Y
ajKz5F8-DGs
ajw2XWrB_UE
amOPloGXYoc
amcFdic1v84
an7hBxnBTZI
anhv2qJxn1s
aoc2w8ka3Hc
aouszGuCN-M
apsLiIs_YSY
ar6PgvYXXG0
arbxCu9PPnw
as8oQCd_ACU
auoGQIyWqYc
awI5lyhy8Yg
axWXODShaoA
b-0vIPmD_-Q
b07XYf4Y0p8
b4MK3-pc9h4
b4fP2eLDexc
b5QmpH00urw
b66QtZ5kVoQ
b7Sjq22zxg8
b80PdI_SHj8
b8STmi6qGek
bCXsYA4_FPA
bEcnnC7nSFQ
bF-ReGf0aQE
bJ1z3CF0Llc
bJ9biwjwMVs
bJVzoMWljos
bJgi_E-VuBQ
bLKbCvPF7ro
bLhMzcn8gDA
bMK_8C1tCz4
bQ-dxqfI4QU
bQTk9BHFzlc
bR6HtC8z6nk
bUEXImFB5HU
bUfV0by3y6k
bVGOpGWB1Ic
bVORNMctuTY
bVfQGjttyIw
bVfVsg6BiFk
bWizNnWykOY
bYNz55B21NU
bZ-InysaQFA
b_EpEDig4KU
b_aMfJOd8AQ
bb3ODNftOW0
bbXnJofR0Io
bcn0fYHomZM
bfAZQY-wM3Q
bgn6pokHT8k
biiqTuBgJug
bjgbJVclFVw
blhBil_wCDQ
blmogQhW0LU
bmOJGY7UXWA
bqRVnubfzb8
bqWnMCe2wNs
brKHouHRU58
bttRk1g4GRc
buIeUflwe2Q
bx1G4wHxYyE
bxEaVGaoh9A
bydihyWxan4
c-CLONVEpS0
c-Y4F1DtdIQ
c-qGySqeDlg
c0-fFwChSYI
c0AwQD4-8xg
c3GF-p4BMuM
c7cw7YvVlQ0
c7tXHCGcdgY
c8thdmZ8h0g
c9_md0D9Shs
c9j1m4yF6sA
cGxY1ppRdYQ
cH9xyOoE2RQ
cHnkzb2hl9I
cItDY1CVstg
cKbaol5asec
cLiB9xD6oB4
cLivPyAJREE
cSo-0AAoMBM
cWCH4xudR9c
cY1B0xwnSzI
cYuhyo7rw-c
cZQ3iTTYCB8
cg6Ca8MckbQ
cgsimXrxu3Q
ch5RIkZvRPc
chuknTwQC1E
ciWmw1S53aw
coIlJps_GeA
cp-Eamdp3LE
cpqccf5eC6U
cqcOUKWCqTc
csJclV4k7rk
ctEHV5iFLdQ
cu2rp8q2wXw
cueXhIsxlDE
cvkinU5mUcU
cx7zDLugQqQ
cydIyQsqwDU
czPiR7WmOL4
d-hwU6E0l5Y
d11ZKt4Bcjo
d16UT4z4RsI
d19Cv6XY_rc
d5A5O-VgjbY
d6et2VwGqqI
d8pd3y0X5VE
d98-_T415CI
d9rUi1Fv2D8
dAj4tLC6SgE
dBkTfT2ODpQ
dDDHDYzpGCk
dGKGaJzA0uE
dL7uWx5QDcU
dNK5DBiWRZc
dQENaOHqZC8
dSZ9230yInA
dSjP2WfleXA
dU2NRhRwUEI
dWroeQ53WO8
dXHBcVCudr0
dY_CsYVJy9o
d_m8dFtP5_w
d_xWB_khHnU
dcFgE3ewzO4
ddqHTIwsqps
decVkg9qrHs
dfpix83Noyk
dim0DFIlK0c
dlXle0I5jPw
dmjjLpczlSg
dnoRtMKc8Zs
doLrJo4FwmY
dol2awkMmm4
dpIdBjHVFaU
dtOm7vUKU7c
du-FoLSNbx8
duuYaTx6LfE
dvudRiLNX-c
dwBD-nMyBwU
dxUw23UKOIs
dyTQGpJOhnY
dyeK7EHsWyY
dziCSMa9O6k
e1cIOBoEGqc
e24SyKQF5ic
e4t4RVpCO2Q
e6s-btrES1s
e7L9WJTCzk8
eAAlNNloNZk
eAzHc63hKP0
eEH79Dr8zTQ
eGZQUq2B89w
eJ422o_4X4Q
eKi9BDs8SMo
eLy0pyLKKL8
eMOUVgIznCE
eNjiFEDBylY
eONumv2saBw
eRxklvTAnT4
eV4-aSTM1xY
eXybbUQZZr8
eYapVUKHCBQ
eYpigeUV5Cw
e_Z1Q6gqj68
e_yw3uxRY0o
eaHD0dXLp9M
ealCZ7moBhU
edGyNRMO55g
efoIVBaoa3E
efqtsxDwdOE
ehbdkE_b8kQ
ekfmkedOu4k
en0LSrzANGw
enOiXmChTWQ
eoZ3utr5d24
eq5vVJn_XHg
eqB0-0Iwi5Q
eqOz4O1s7fU
eqfLFNwIJzA
er1uDNnImiA
et4F0L21kPs
etQmDOqKSXo
etUMIitcC5I
euYSQOUmYy8
exIWdIRiW8Q
exwYbVBUyiE
f-QocKOF9ss
f-uu8dKOLng
f3Id8TO8Wtg
f3TNQsKVkQs
f6u7FRdCDyo
f9J7fyl5SVs
f9y3YyXx1is
fBpObTiN9FQ
fElpNjWotss
fFQxSun6ugM
fGPwrSRpQL8
fItLbbzBr7Q
fIwE50SwEsM
fJ7vRvCWqX8
fK0b_aPr_RM
fMlcwlFtRGY
fNDrlJSxtJ4
fN__H6hoVt4
fNno_DrQwW0
fQnxtNNqv0A
fRwXrgzq-uc
fT5vvBFp23o
fVtlgQj79Cc
fY95thOfPLU
fZ-5YzU9k0g
f_R_8N6MV2E
f_d-e38lUkQ
famdYFJV-hA
fbSu6oeU1Bg
fcJgrv7cNfo
fczGPR3mL4E
fdPancaR0UI
febsYcXcKus
feyPoRIbwCY
fgEID-EO-vw
fh3Mi4oHwcE
fhxj6CNfh4s
fiUS0MVmDE8
fjGbHxJqsB8
fkSX8gJoIes
fl-5udOSe1M
fm7HZH4xr5g
fpAmAKy1bh8
frKFsbydFQs
frgYu8ITKj8
fsdzY57UqLM
fuA2HXU-ipA
fuhsEDM_NIE
fvNbdQHSVzE
fwZN_ovWVbQ
fxA3u01glYc
fxECDuJjTTg
fyaLJ91ejOw
g-1_XApRp6k
g1hXK8-QI3I
g4QrTmV3U70
g4dF8jUygmw
g69a3yXK8Sw
gEi7TK1HOMM
gI2WBJscBkU
gKfOCdQu13E
gL4aVXttsUg
gSIC6iMc8lY
gW3V5-4LiUE
gYyWhYWFDVg
gZJO1Rbg6gI
gZtXsZGAjYg
gaNFwr5xWX8
gahWur829Lc
gap3H9t_wcU
gavqGCX4RAs
gcJFFqkormI
geHaAgyCnks
gepMyiPSXnY
getlPY2alRg
gezvvgVQ1PE
ggKA2HLvemE
giWdce7oag4
giYXGLs2F0g
gmtqDul8lsE
gnuskKje_eg
gp03rvmEMsg
gs5n7tabn-8
gwp7eeDJMB8
h-TyxO8G81o
h1z9OxJOWXc
h3w7wV4cEog
h3wbbRfZxdM
h4ZXVHUrh8A
h4_MhGp6sIU
h6T0FZwEyYM
h7ULeklOCD0
h7Z1poUNVeE
h8mh5MbXhek
hAtBFtl5esA
hBFCyoRjqIc
hD0eh-gKk_g
hE_ErqxZeb4
hFhP1TwJDLY
hFzvRrXQ6vo
hGmqOYEmtB0
hH8GvhWAa4A
hLD-OdiaCy4
hLXiwIJfcuQ
hLorVxsfpPs
hMEc0vg6ML4
hOCxaCNwz08
hOlu8h-rP-c
hSDhpMDXz4Y
hUNZBA4Sasc
hVcjdGiDDsQ
hWq_AqyC8C0
hYkFwMC4GLc
hZFta65J88k
h_1BJWVetuY
haJ9crQtguU
hbESkTSYA7c
hbqPoQIltgs
hd2Nk2jXvdo
hdZurcP-OOA
hdcy-gdZ7hQ
hesONlEn6V0
hgsnOGBgWjY
hk7He3NooP0
hl6aelmLOWI
hmOK5r8uCjc
hmzGHHOzujQ
hmzf60vHheI
hnc87evtyzg
hpRjGdYMmkA
hpZGbLjak1A
hpyO0SqzCR8
hq66blsquEE
hqt0oNkdSYs
hrvvV3JVlzg
hs-pIfVY_g4
hsq4_QPPXc0
htEwRykArlE
huG2cqc7wJg
huxmwlhKQJY
hwWhiGqYha0
hxT6l-3rDho
hz9_AKHt4Uc
i-AdKjo2je0
i1TgmD3lkkU
i3Rt0bLeskc
i43fNNvdgjU
i4QEWPK42T4
i6syOr4IyMY
iAD3DGy6A9I
iAReGPQJFl8
iB2QoLrK3Ms
iBo5f5mF1vE
iCqHHVX2nBc
iDMvjzUTvhA
iEavoEJjNpE
iF6Tq0-raGs
iGb_UfBJXoo
iH5JpNAPkKo
iHCS0Vk1veo
iID5HvFJ5U4
iIS4tkJzEKc
iLdP79Ns7VM
iNYEq9CD7E8
iNxFhQ5B8NE
iTvUU8SZMXU
iWskZLARWi8
iXFJfbaW6qU
iYUky6Kl_7g
i_5OIJsFuO8
iaIw-Gj64TU
ie65Bpge9M8
ieL6ACcJd5A
ifVUmYq7T98
igLHNyc2PBw
igLb2OVKE3M
igN4jQKQkFw
igNl63RjZi4
ikrmK0EfKlE
ilram2exWv8
imUWgDI0FhE
inWxCjAgrQE
ip3tV1M_iOI
iqyaqgXcDjE
irmP5AV0rtI
ivyYyv0ZSlo
iwP0T3WtqpI
ixpsblTho_c
j1oGhW_SZDs
j2k8dShNi7c
j3TMYWYCpE8
j4EWiFlf9TI
j4ciGnL828w
j5R5QJBbmD8
j7tRWbAmdyY
j8KiCBucOoE
j8fctHcByVk
j9so9cFz5M8
jC1OU4pz3cI
jDw0jNCMcG8
jJOBAyMD9eE
jJz9bfd8lEQ
jKZOZTMZd1o
jKjo3GmAOOc
jMYePEeWrL4
jMmhSopFqVU
jNHv-Jlgm3g
jNjTur-OeS0
jPR1aaIMJEY
jSdrOytBxx0
jTMGjKhm1PQ
jYcq7oAT3CY
jZiZQV28S_s
j_eBQcBIJSs
j_hQ2PP41Jk
jaqBQD9B_S0
jc7lEGINb7Y
jequQX4MH8I
jfPyuYrf3as
jfpsltjsK84
jhNDKp7b-jA
jhmjCs7sFi8
jj83KsTkwvg
jk4A0J1rxSs
jl6OU2r3FiA
jmCP0qClOBk
jmHyy6LiIKc
jsGqBaJJC0M
jsxio6TqJfY
jtKTGhW6Qt8
jtXqqETjQWs
jthe5XcDnAc
jtxDNlHrRuA
jy3UaHq0jRs
k1qMLlKAcVk
k2bPpsOcYuA
k2eMe7XCZ1U
k3rNAfXR4rw
k6Vjl1QBIwg
k72083HMzts
k7JjUhiJvjU
k8gtvy4Yf0E
k9Bb9D3_E18
k9LmgCAXoI4
kDXJudCM3GY
kEt8DDQG1S4
kFV_KOVrgWs
kFVb44_SRWo
kGc866j2bTU
kGip0-rdCqE
kJtYon2kjQQ
kKpFwuiJnvs
kLdP_CNe24o
kM1aROXUGTU
kN_l47ZzmYc
kO11yx732DU
kOWsz9k8V_A
kOZjoZJNUpE
kPc18Z5pWIs
kUtyzdB68dA
kVNdjqCEKsU
kXbXQugpHiE
kY14MuuMqXg
kZPofH3TUqM
kZi19BmIbP8
kZtAtDzsWmo
k_0d6ZsrlCE
k_2BvqqbYd4
k_CKPG5rr_Y
k_Z4wS5c714
kcTk9z7uijg
kd1geRQ7qxI
kdNkGGZolQo
khBSBrh0bRo
ki84FJDPMtE
kjAH5AKa5xo
kjFoyxm0lLk
kjfy7Jqc4MA
kkR2ulDKW7k
kkVy9SvK-fQ
kknCcwnO4iI
klIqXDTC2MA
klcazgE5o64
klco91YR83E
kma2zc9a-bA
kp2W2ll_o8s
krg-DPwWZZQ
ksbpwrjqY6c
kt6IoSwSZyc
kuSff7-Mkxk
kuXgo5bH6Vk
kvdd2GLcO_g
kx7xheBBGFg
kx_pbo2RWuA
kzdhY3d1yVA
l1Mwk5k2ON0
l3VXNWeeQTQ
l6dwk-RgJ-o
l7QEOk2dYRo
lBlt7fsF5fc
lDg9_DyZUyE
lEGWkywSP14
lEIJPWd2fsI
lFAh4bZMF_M
lJ_nEVS_03Q
lLGV0_sLGJY
lMa4-BmggPw
lMkfpzyQNFU
lMrtihtL968
lOFWJMepLNU
lP8MIQ3GDbQ
lQdH7Y0L7XI
lRGKf5tpTdA
lTfVoVEakNA
lVaz85LbofM
lW2iTydLh5g
lW8NuIDzMYA
lZbscXP9UVA
lZrFFXNe7cs
l_4Qq6lgL3U
l_kecARoqPw
laMBvf67jVs
lb4KQvcfkME
ldCLppwgXRU
leP50G3nwKE
lgLsLcEwff8
liRTqJWc4B8
ljib_GOQwig
llCEtKaFKYU
llhChL2v1ko
lm-Fds--l8g
lm0ANIPPG1Y
lm2jLoM-d3w
lo16ZUm_yHY
lsnDvZ5F2Ug
lsxsrw0kcYA
lx2frKUFy9Q
lxTQv3foOK0
m04DNRbvZUw
m0fx4i60tGo
m0p_riFr7u8
m4tKIxzByUc
m6EkgyL9GdI
m6hp3-9mlZk
m9h_rEocL9s
m9pOLBQJerw
m9xnRRq51iY
mBKNNwc8Ncw
mHxbG3DEGyQ
mIWT3Mko6VE
mJSF9oFpk8E
mKQ26myvBmc
mKQv6G541kw
mMtlBbr8ajY
mOG9t-bPMms
mPxCHCY4bDw
mRWwkLg0dvQ
mSFJdrUqZyg
mTcVSvu9Bf4
mUdj7IVvDj4
mW7HJ-X_YLc
mX-KmbAYDDk
mX3S-DHqbqE
maf92B2qLcI
makgTpfMjho
mawkcp-Yry4
may4BrLH8NA
mb2OIDm75zk
mdE10d-Ikjc
mdEIxWzAiWc
mdmHgrrY-G0
meMutSle6NY
mf4ZUq7Gla4
mf4kbaoI1Yg
mfV7-KZ-LMI
mjJJlq_Nz8c
mkjRPVFutTs
mkuPZTKkLo8
mlXH8kF3E_o
mmsKxKlo96U
mpMaV-x0HLI
mr028sLqjmg
mt-65sk2R-c
muLvEEtZiBM
muT9edYlfzA
muqnTfBQAE0
mw2oB6GsmJ4
mzv5SkRBitQ
n-18Y6vc2s8
n-JaM_neYw4
n0wPLkTUI-o
n3w4JZZ0tBU
n7jKnClCw1s
nD4H0zL7rBA
nDPh-Zth6j0
nDiXib8Xn5o
nDzAvwKhHso
nGnETI9b2q4
nJMWWYQ2eoA
nL4nCp5cBT0
nN0snSlXGzo
nN5uTKU8Z7k
nPA9fqOnpCE
nQZi5A8-9qc
nQe9SUNxUCc
nV0QiP9eHOw
nVNic48CskM
nW-lxeMzMnY
nXBfUQV3Vqo
nY3Qni4QO5U
nZmhJ1dq9sw
n_fZ234hDns
nc5HTEQtA0w
nerPv0r6Blg
nf_oPtv9rDs
nflIhSWWSUI
nflzdX8mrAk
ng06GNDtVWQ
ngPHd12PhmM
ngzL33XzmqU
nh9A4qIruhg
nizUk5hTpso
nlkLtFUq_m4
nniJgDNuowY
nnsUtQyI5f8
noUajdQDLqU
npRt8wqShgo
npUnJUOiq3Q
nqa-nljIIzo
nr3V17J6nJU
nrlh-U9BY2U
ntScPMI8duM
nu6CXgEYDFw
nuEQHPcxWzQ
nvll7cH4vDo
ny1fWmFgKt8
nzDNUswTMOk
nzOQdw1i3zI
o-7kq0HXETg
o01J0QMwEao
o3mqlVqLGBg
o3qdxjJlR1s
o8GnJFwBNwk
oAB2HRRX-nI
oB13y3cjL1U
oC9BoocuTO8
oCmLrUldNgw
oDV2SsVmdlc
oF3zc8eBOdA
oH7CaWzRze8
oHQr6Zt8fBk
oJbxU4y4GE4
oJn2N4AUWsU
oL38vrqrFGQ
oM8U7oPD2YQ
oMQ_hRbrMbw
oNJA6_mttFo
oO4rPA6WEOI
oOA9lllyUoI
oP84Myn5dQo
oQiLFvNQJXs
oRzgnAUxUvg
oTCDiqcJIZ4
oX6J_CuHw1E
oX8xh8rbPmo
oXyWarwgObA
o_W9yO94iHw
oehp50uVo2w
og8tx7FfdV0
ogvYDRu2OBY
ohioXRT3OK0
oi5LrKJ0K-s
ojKa39Ib4Bg
ojZgd14RcKM
okOuk0srRFQ
okQDQKbOSXo
opcC1PVhPB4
os4PzXY6Cp8
osoo56hkVBk
otOu0iR8JQw
owLOytdaX_k
oyeQ4Op1xdg
p0nYkahwLQg
p1zrfoP3kSg
p5-PZeqzIbk
p50CqYREtuE
p5l2nzyoVUc
p6cU6GbYypo
p8GaKIdEUZI
pAQxxhjUuyc
pCeWQiv7mEc
pDRBm-mC6TA
pDyOoJpWzM8
pELnbci5Xl8
pFORbLCIgUI
pJ1b2g0isiw
pKF8ljpAzF4
pKoVsR6CL8I
pQ6MnIZBNlc
pSGu3gM_F7c
pVP9y1Ann-w
pW3t9oiwUN8
pX4jOFVC5EU
pXLs4ZA56eU
pXPoKdO7_8A
pZ9iXRoXA_o
pZpTZQvNI2U
pZwMuHySQpk
p_nMGFRaFV4
p_pHvcl7KxI
pbHo-EQTeP0
pblVYm0LZNw
pe35EsWmntY
peKeM8lO0NI
piL1OfpUbIc
pkD7S1DUimM
plCzzx4qhbs
ppEPCkEQDU4
ppfAtrbg6A0
ppzpmRGZ_NY
ptSHGMBTr9g
pvdLRUJLvlA
pw_mFQO_zhs
pyt2vUZMJ60
pyvhWSGjynI
q1zVLKwALO4
q2w0APNE_fU
q3DUJcWqnt4
q3lLAD-Jr2w
q5ZwZKAMD30
q6bpP9hj8VE
q85xZYuIboA
q8BcFoTSiY0
q8rQsq5L2RE
q9looxspDko
qAIo2hblJCs
qAfRUIvwgzc
qCG5XqdQ5cw
qFww3LCqiuU
qH7jv_YHrDY
qHiVAco8VV4
qIAdVBVYAAo
qK7h-GHrUWs
qKdEtVLSJHw
qKl9ZW98JCo
qLSQX59JpDs
qMS-3INEyzU
qMsuWmN9DW0
qN7Pr6dc6GI
qTeGBFCdlvc
qVNsK6FwfF4
qXGcLs6oLpQ
qXiuYy8VCNo
qYizvfngi-k
qZq0zjttSBg
q_Zb7nXe45U
qadTpTx18DQ
qbfU0ki1T4U
qbw7QVglkNc
qgtgM_lfprc
qhLY3eUwyW8
qhLou0x_P1M
qhgWb2nwBMg
qi8EJBK3hfg
qiEq9t836Kw
qjLsJI9en08
qkoVGX7AeAE
qmuXNHoGiCk
qoDuJOeV0bI
qoQ8l2q1fKo
qrI1L_685bo
qv1QmsSYgJo
qwdf4cf02qc
qxZjQPv7kv8
qzTT4u-7AUw
qzyWfsexYNg
r-Of_nBrAfM
r0KwRo9sD9U
r0xMRcMxYIo
r2dUwD-6ZBY
r2jeQsFOavU
r2uFfmM3uSI
r3p2tADoRGo
r4tUsTZq4zc
r5UE-IHZ0oc
r5bIHSeoJsg
r6EastqZUTo
r6l_NZv-sjY
r7dZwdH7BCA
r8acWUt6E0E
rAlUIyU7IxI
rAvbqyD0Fdc
rENSRhzEloc
rEn5us839NM
rFDp5FNAuH8
rGfMPftBRrQ
rJcwmKoamns
rKt-g7icoDQ
rLE4JFmZph8
rM0Yi4ZVKTs
rNk-LwuRs94
rS2PsuUwY3E
rSYC-VY9Eac
rT6oF7xcFCI
rT_Ilc5vrY0
rTc3yzCsYtA
rXfoUWzkf44
rXlmajVA4o4
rXohDxTe9BI
rYSCmY99dBc
raykSijFJZo
rbPEz-EjWc8
rd4QrFxP9Rc
rfao8tvungE
rg3EbAIh3EQ
rgoEZXxeexI
rhv2i4Dke5k
ri3Qw37leeI
rjSgYJnora8
rma1C7cYXTU
roAQY8mHOYc
roOqgta9R5o
roVUKPex53M
rpOsbFWzQLg
rq9hy4Fa0VE
rrLNIPu1wDQ
rrsHL95GBGM
rryuEpJkedQ
rtZP4LCRT74
rtwohMnm6f4
ru1NU9hdr9Y
ru20e1a85l8
ruAZTke3CpQ
rvDDFCxJ2yw
rvXB_7tYO94
rvzFvHIwlmc
rxtq4WkLZJM
s-Sns9JfIew
s0cIvaLIGJA
s1WKIcqLNu8
s3AN8o2RIg0
s6IIZ4h8j4g
s7avJERQ8II
s9erhc2nJxQ
sCWo9XUmDoM
sEkQ1YMsw2Y
sExseFMDdAE
sF5YuX96GNg
sFBlKLZ3Gmk
sFOk1px5FfE
sFaEA2EZ0aA
sFpk8rlM8NE
sGElANt5Atw
sGqmXxljC9U
sHmHy-YJytk
sKuV4X4wCe4
sMv368fWSI4
sN25fPyllx8
sNcQaFydH4U
sNpIAq5CDcg
sNzFg5NliYo
sT_gKawWE14
sToTFF51_eg
sU3pL3m9t7I
sXf7d9O_eTQ
sXnIZEKjZEs
sYBgz49AE0o
sYhaaFk_UeA
seT-fDXZfAw
senQ48bY7B8
sfT2j3b9NmY
sfyEGIXr6H0
sh76j0INjy0
sk2lyjd5Go8
skM-kY0fV34
skpeYrvTy7A
sl2cfwSTfDA
slx06HXJ8Iw
sm0JrvCpmhk
sp8y-G5qtzg
spL3427lsKI
sq74Uyd22HQ
sr1OzbulBT4
srcKNZ3qWc0
svf1Xukitlc
sw_GHDiWVPA
szDFMsZFWgU
t-gTdSsw4Pw
t0cSbhKTH7A
t1ajkE5LQVs
t27_4ynUtJw
t3UcFM8XPEU
t3zcPfAvXio
t7epm9kC8Hs
t8GgZzcUSg4
tAQol1jOJOQ
tBg18HdZbnA
tCNLDpOhRnM
tFN-zEtw-5s
tGL7xRehcW8
tIHLYVXjPK8
tJfwMaJhBB4
tKYULSdejGM
tL2E9GisSN0
tMV-OfqKses
tO_jRgyCgZU
tPXQk7LHvVg
tR9OTiuZW1E
tSP7G0kxOS4
tTdNlttLHTw
tXCX0MLzHnw
tXb0eQP4oOc
tY7w1gUo61U
tau8kB8tBYs
tcTMqs3C5V4
te4KHgofFaI
teXgQLQLoVQ
temgSRjGBcM
tfo_b0TSjjU
tgm7xrOneMc
tgs4jo_WVDk
thepTQ1fNXg
tiHxie75tEo
tj3HmFLF8HA
tjrBRdgZX9o
tmKqun771Rk
tmaMi_ayhmI
tnA3u0kTBIs
tntbqs0wDpY
to6wde29xog
toKZGpeJcao
trsw_143M1M
tvRUfgRW0OU
twK40z1WMxs
txfvv6ImOSs
ty0fikUXa3E
ty5R3k_jneg
u-IEn_q7JMg
u1nZz2KiYrw
u3GjJwcDE5c
u5LVs4v8wtE
u6-jrG0jgV8
u6erEHEEeno
u74bqNnmh_Q
u7mDXUl6MFg
u9frWISVO9c
uAdLLQr9kVg
uAdbe52Wn6c
uFOBRKF-j4M
uLXF2dxooL0
uMQghHYjjW0
uN7HDhHhOqI
uNr5UZ_HzzA
uPPVDOdI9vQ
uQM6vgKoENo
uQUZosNYp4g
uS64zQoDJFM
uV-NoOKrpIY
uVaFWpM3bHY
uYHASC2391Y
uZEKpRTLlrU
u_fGtSfQ2GY
uaUjc5mV9V4
ubC6dENk-84
udUYObL1MW8
uhi8mJhGVaQ
uhzHCuofrYo
uj4Z6xBeU7E
ujj9YuRR4mI
ukW_qLyjoRU
ukjfOqXooFY
ulW7QEMcOWo
ulmHNid_-d4
umV7M7Ia2VI
uoOQSZftkfQ
upv4xn_RD1k
upz0ct0YKco
uqOgv1vsxaU
uuLexxNu9YY
uwLMH4kSAx0
uwuu8MjsqGY
v-bGF8Y1Apc
v-eI7Es2maM
v15sBwqmvPk
v4Mr7DOdAGs
v4kfAIRi4nY
v66N48_1gvI
v8cwjsa6kGg
v9BDAXwOIak
vCWLLVUz5VQ
vE6nynxJ50k
vE9cF2FFy6s
vFnIsP3KDBI
vIRLWZHeUyQ
vJ3T7gDSeVk
vKuMDlq319I
vL3Cm-p5nzQ
vMIhRFiOz2M
vP1DSHqKRho
vPLvlP4psoU
vQQu9wesJT8
vTedCI1H8MA
vUV3x1IifNQ
vWECeudRZ5s
vWWP6x9Ko2w
vWZPRWT7n5g
vXtiQt6rCAI
vZQmTOnOBHs
v_8i7SXKqTI
vaYG96ez6dc
vb3x_4busgY
vdDFGE_Xxtk
vegcg0rGNe4
vjhecr9TGlo
vlGPtxIN7mU
vls_ziDHyjI
vm5wwDuVZt0
vq6aMC6SHIg
vq9lGx37xIg
vqnwCEJ-hRs
vr0Q8awAgf8
vrI3wLdogVI
vt27lFZrnGg
vv4oNCOZjDY
vwo4C_TU94Y
vxmxnUmyRFY
vyJpNxydVuc
vyVpz4aAGgY
vyXPn9_WAlQ
vzZfBDTR83g
w04F5HlW5X8
w0Slo7WquYU
w2TuqxB9tjU
w5xoRFBAugs
wCJt_Yzyi9E
wDfF5AGhPBI
wHZIAp490tg
wJyVy6acNdM
wKnQPunxiUk
wLE1OCrlXSY
wLFJNFjSeyo
wM0lPAFzGJY
wNYNIQW4x-g
wP3qH4Rqqhg
wQMpzz1Br1I
wQfdJorqgZ0
wQjKFA9sUlE
wRAP1zaA35Y
wTHQN_sDmYI
wX8jSDz2qx0
wXgmLdDUx5s
wYsjBqEVScM
wZvl27UmlKI
w_tWvMo7_SI
waoq4w38qIo
waxZTN0CR-s
wb5l_cY7tgY
wbsOGPEsH9U
wdcHhpb369k
we_AejCbA8w
whlVNkGl9jo
wi_i0oIsIww
wj8xYDuff6Q
wjXEz0U0MXI
wjurjcmI0Ug
wkHEbkyMms4
wlzM43wk3lM
wm9-Vto6Y94
wmD5iyIa5X8
wn0Gs-5JROM
woW7YufrYBA
woustctNyRQ
wpKW7eF85bU
wq-oIkBcIs4
wuMKYEgkQoI
wvWRh4VdP_U
wvpxk4qI6ZU
wwkfTvCOh48
wybOCwwcj4w
wyf8wc2Cxds
wzYgQ5hPdrA
wzgJ5aadPjc
x1258y8Lvi4
x1yOaVpf_6c
x27yB0exZms
x6IJ4JMvI0U
xAb5unnjJww
xB8IW10s7YY
xBBpPSCGVC0
xBvW_cigTEo
xCB0LNobU4E
xDBNJ8OoRig
xDueWtJHKB8
xEdqFHBD8yI
xF534-Ha7VA
xI9SxQjNmSI
xJ4wRcHQblY
xK_0is7KaVI
xL7BSdR0iYs
xLdw1ryk_aE
xMKf5Ii9_T8
xNv4-WEzbEo
xQgTX5Fze7U
xUC8PehoxvU
xUGFwoz0HC4
xUgPhHxSJbU
xUxDmkG2QYI
xVkPkfn48Ck
xWfjpjjHXk8
xX-IL4CDteU
xXGPtlr0TGg
xZlo3siGlLo
x_H-y1gWsfY
x_Y6qCal5SY
xaED6IHRsH4
xaLhbKoR5mM
xbGgM2zl78Q
xd2LlC_-Tvg
xdlTYNQBW-I
xgh9bUmxAsQ
xgrJQ5GK2dE
xhv_st49GlI
xiBo761-PYo
xl62PaqXnyA
xlQCjpKu36A
xlZHWNsiAQA
xmo470DBdtw
xpiSsW4Lkeg
xq6YHismuUg
xqKchZtv7wo
xs_mQD3wjuY
xvXBZYFkqA4
xvYHaQfuY3c
xvdJ1cRkyQg
xw_9cDf87e4
xwjHcSEMdLM
y1cF7_yJFio
y1mYor60pnk
y2NWrbs1YbQ
y4iHCgGVRm0
y53vxmM00eM
y5twSbyrXQk
y6WYOQSL_YM
y9FD-MJo1Uk
yAPhVHc-YjY
yG-0sVAG920
yG1gLN3oDg4
yIQGanTjKi8
yLcBSjpEZnQ
yMiA9bo6-64
yN2XlW2xF4U
yOTVgNBVt5U
yPNo7jPhC6I
yPSJXz4MV0I
yRNr3x-sY3g
yRtyd_n751Y
yTbr-wFMoFE
yU335poOc1s
yUXEt-6f4O0
yVKLdebZuWQ
yZM143GG51I
yZRHq_q_U0c
yaNWYoNBsr4
ybUu8VHWkws
ybr0XSWRCwA
yc7Jaoq5Sxw
ydA5s-t6DAg
ydPqBTt7UsM
yfLD_lTCzyA
ygcV_WpByJ8
ygzDWjEgIdk
ykZQKk2gZ1w
yoRwTuqtyYU
yuDxaLVk5lg
yujojgwQ--Y
yxcFsYKA2qY
yy1PbeMv0WY
z-tn5eIyMBY
z1u47UelX7w
z2Dalu7sf1I
z4xEEZwHCw4
z5pN0Atf5FQ
z6ZsFrpHkvM
z7gNsXC6bK8
z7jEhLgp_jg
z7wo2xSppFI
z9eTVljk-kw
zA8JSb6R6pc
zAyFgHF_hEA
zBkvjpq9lPw
zCOzniI91_M
zDH7CNkP7W4
zDaYMucnRlg
zF-GPaLJgEo
zFzkRSIo2E4
zGDq-NwceHY
zHs8PVGaJgk
zKi63L2TtYc
zLyoepTwWng
zNuUdt-qKFo
zOUQukpTY18
zRazeNh-7uY
zVnUEHildFU
zWGIPlCmLcY
zZlTu2AwLwI
zaOeDnvm5n8
zbTr0nT4zsc
zc0ASfqYH88
zcOlc-rdgO8
zeQiEVZXwkQ
zeV7NQ4zWkI
zf_53If7JS4
zh-2kK_9-OE
zhDco53Calc
zj7BcwqB2OU
zjBejlOlyP0
zjznxWkAO7M
zksEgY4jyNo
zl4F9MFAcAg
zlVma3oayF0
zng_z7HlOkw
znzeBEH8gx8
zo18tF9BUbI
zoqZN0hG-x0
zqRwPZbkzq0
zqSdkAI3Oxk
zqUy8I9HBEg
zr9UT-yqDwY
zulobUwTqSM
zvpw7RnmhCU
zwyPwxtJB8A
zzCiDOhMxgI
