-4vb6UWhf3o
-CmbGgWk-Ss
-FzUmtrgH5c
-xe3Ck-N8-U
0BuCt2vtVjc
0E2nTTOMjQc
0LIBz15OUrM
1U1D7nmcnZ0
1cmvU8Zw_Hk
1f1y8sz1zQ0
24WhGLqhFDg
2LPPSIn-SjU
2drfQ0dUgOE
2elhAmsVMm8
2tW7EDsNjMU
3-EgXcqWewQ
38LPLHXrNGI
3fUqPggKSPA
3pnrwxfQtIo
3uL-hjxKn5c
3w9yrdqspuY
3y--UmSAtto
499RsH8HgJo
4APZd71i9fE
4WTpO9y2Dh4
4cpBL_4ynmc
4eD46dpxf2w
4fHc1o48DqM
4vIINKBjUk0
51l9s_YKN1E
57m3iz7QynY
591qxIvvDVM
5dWEH57C16s
5tAjKBGVfAo
62IPprDomYM
67mrF0byjzw
6ByX6G0ebPo
6C3qbbbjVlw
6vJRCaBiuhc
76fJFw6Dmc0
78B-wQQutjU
79NtYph_sm4
7tlGmvNnEUM
7uve_G3fag0
7vSYEYJt0qY
82XCULpr89s
8E0N93eMxwk
8INZr4SmQZU
8XSjTN48eFo
8cZe2ihEZO8
8l3Uif6pMOg
9027XCJZVC0
9vr67btmt6U
A3LuiHfmZJY
Aa-qG89EJOI
Ae1lCrnsm3k
AiVGeoJsAtQ
Aik04Zdzx0A
AuXV3L0TQM8
AuudLaKQMbI
AzG9b9DfLsw
B0cZMs1qQGA
B2pfJaq0yCY
B8vWvAQznzE
BA1BvyTc-DA
BGqac1qwFw0
BIcl02EiJk4
BYgX4YnLvps
BpTCjebauRc
CVsYMVHW17c
CnC6UP8og9U
CnGBIi8AQII
CwGIq7mclNk
DIEi1y4WQOg
DMdf0Ssr3-0
DRGgdXRuBYo
DSZN33PL16w
DnQ-OgIAw94
DqKrNvNloeE
EEfUKvLLbQs
EKq7OPtJIC4
FaKF-C8kifY
FdsCjokUGi0
FneGqr5E5AA
FuYUZ2eW9hA
Fv_8wo8VdUI
Gq8AKGWE9BA
H4iaLYWxNjY
HnwjrXK6aOs
HzWWKTkVBYY
I4Cg5-Zq_ho
I5OyJSDjGig
IKtaIqlrERA
IL_yccEcnqg
IVufidW6mrE
IZJGt9hF438
IiFVNUYnr3g
Ikct6PZUd8g
IzI_DxcRGok
J5MvoIaslPg
JIdFdV4uY50
KBl_Ql8Nkd8
Kds4r_GYez4
L1vmu1doppg
LA0UQUU31iw
LBWMu-okJew
LTM5DuGgY0E
Msz9CdGBnEg
NAZofAr4y5Q
NQMumKUthPE
NrbQNnEtcVQ
NwnPCfEs0Y4
O0WUcJNq-zs
OJjO_0XZq74
OLWRvLsOzJE
OeDOzfp5wfM
OhkFbgxQuXA
OjuHtLeBD4M
Olm22l7gae4
PBmBgwu-fEk
PD3Oo49K53s
PDcHz7WJn5c
PKf5Y71NZzc
POqmAGUCBig
PZp8Aj-RIvk
Pft0RLQy8NQ
PzUeIthZW34
Q7OgYAyrpe4
Q7rWd8pC_Gs
QVTG3_XZ3Sc
RAcxziflEdc
RGggTjrAxZI
RPSTQCnV0NQ
RqEWZo03qn4
ScaHAukT5cE
SlqgyzuHYGk
SxmL1U3oc-A
TCV9ArsqE2Q
TY4724eFZcs
TuccCRyTFtQ
U6V-HDbX9A8
UTQ-JaKEAGk
U_OBDj91aOQ
V0uGPEpo2u4
VMju9PEPKyQ
VSntZsATDSQ
VWgL5uGR0vY
Vm6owrZVfGA
Vs4SvN6KMLg
WTJhVQNrfBY
WwDfryUWhAQ
Wy3CB8rjqyw
X4fq8DBY4VM
XIgcP0mfnoc
XJ03m7B7qSk
XKBLdsicqMw
XM0isiXeNtI
XZIzDgsNBB0
YNawvE2eNTw
YON8U0vyJr8
YPFkZnQsEqU
YgsvlHQoVww
Yk9KUFwASSo
ZOTDU06ObUg
Zfo-IvuVJMc
ZoDFteBVt60
Zz6RjjFawVs
ZzL5OLCwSPY
_0Yri3bt41Y
_9womMYx3yw
_NZLzXOLnBg
_ZhHlCGV_uc
aNPPjRrA3P0
aWriq773YMY
asZT5t6ZiX4
bKCackl1NOE
bSMAbSAKESs
bTPqa2d0BAE
bfDenhfPJs4
bjYS0UKA4dE
c8Q2KPanHBw
cfWFBt5dGq8
cm8ax_ejv5o
d2ZBLh0PNm8
dnp_MxXY9qs
dpIaEE0HDCw
dsgBYppw5Gs
dwsvxG9YY5o
eOwA4ciFnD0
e_d6D9y_D-Y
ez2cg-xo1L4
f7TrD27VLH8
fM5aHcqbpT4
fNseznbthro
fOrrdAqHn_c
fliZWEpP6fQ
g22qPAVfTpk
gHr0DYzDKc0
gmWWIf-Y2go
h5nKpz1P3_Q
hIxD-aT2Pzk
hRP225APFic
hlZxpnflXZw
i6dNK4x4sVM
i7Bhm3hXIfQ
iBfSEU7mI2E
iQxAGaMlmWs
j43XK0wzMd4
jKqGJtp9KLE
j_k-Y40gfQs
jpFyMWn0lxU
k-cyKvSHEdQ
kGAPZwXGWzs
kQDtjhMngvo
kRtLyJTYUKg
kdxU5rxOvOM
kkKjvuOms7w
lMfx2PMhvWs
laGtd-b0vMY
lfVVPAkWwcM
liJqp-BJCoY
lnsRSaVTTbw
lzYrtRkGcuo
mVJt9GSDJeo
mYz01hwtkoE
mk_O_mikNho
mnf9MAlMqMM
ms8VtrP-PFE
myVYLrghxSM
n8hDg7lvZyM
nDuKjA_FEzA
nKs1j-DltZo
nLAsfcSDxjo
nTkvRQpmd6g
nWCyi0L_jPU
nYij_ospS_4
nb49hBjJt_U
ncsNZacfla0
ns6MR6SF5FA
oMdXVfAD5WQ
oYCiMl8CIY4
oaQoDVg_GtE
oqT1lneQ28Q
ovhIVcfaOqI
oxxXOLkpunA
pIjUqwcbqh4
pOEK3vFfh3E
po70jHtTskI
prayMN6JEUY
q2aKKLRuA-c
q4cK_89wxyA
q8KRzfmM6UQ
qxAqLZ0SrnM
rF3reMLyHNU
sGbzRVX9VWs
t1WW65wFugE
t487ILVf87k
tCBySQETe0A
tV1dhq2egv8
tih6OulII8Q
tj6rw8ESKYY
uTiCENKZZAk
urlG0Hr4frk
utYHBxry5nI
v3Yv4QEqxsA
vLmTwSRzYqA
vfZ1uhyBWsY
vyhrZ_WJ0Hg
x-OkM8BtGg4
xMJ6HM62EQA
z-6KjmLLUpA
zJfehJx5me8
zUUdtFrVsLY
z_l9nddgs1o
