-6_hsSOD2k4
-7ziNB2-9gE
-9G7bBJsOgQ
-B5sidpWdpw
-LE8rbvm_tY
-OFQKhvwzxM
-lqFzH1r5Kg
-rUu1FYQGpI
08nxLVkbkQ8
0U5BvEOY-Z4
0V8loeODpfk
0Xy_Srk4Fwo
0kfrrg6Rb9Y
0t3RlLMSvGk
0vS10p04160
0xoLFv7PiQs
1-2pHplf4-s
10-9hPFu89s
13sf_BQIDyY
145W9mZ02fo
16PnQiYoRZU
1d4-l_wtHnE
1qPaHu29j5Q
1rheJuAv5lE
1wHLAs-2v70
1zu2O6z3bNw
2-SGDvRB5B4
2-XUJO0sEkA
23kRmIaA9gQ
27kzgm_AqfY
2AjNO68k3t4
2HBwqR7-Hhk
2Lorlxa0Zxs
2V_V3-vqNU4
2mWiazm_DMk
2nvy37nUW78
2tbXwOE-Q-k
2viKZLqicg4
32nvIf0cLRg
34KSTn_194Q
35yJyVvSCDk
383aqE0z7XE
38ZlUlumfoo
3AaTFvRYsKk
3OKOrNfevj4
3Q6pg1yOWM4
3SomN1F5Vxg
3hmjH3O_6Do
3iUthh0iAu4
3jSZJrdwOKg
3pu1HVRlFbI
3qLAqarO6IA
3qgmCu9XT3o
3xLF508GIYg
3yw7SaGtIIk
4-XQppSzFX4
4-aQ0kZ8cqs
41kieBEcZc0
42t2TXjLjzA
45cqyLN-tSM
4EG8GZq_C4I
4NETWCrodCg
4QAvFm25YTE
4bTr57vCXjg
4ls-1ckbWjc
4wSsZSlwgT4
4xjKrDmcWZA
5-XohzMGzE8
576n77Bq_aE
5ANpG9wbVPs
5LOek8d0gB0
5Rg3Vm-IiKM
5ZlN4ZTVwTw
5e2cYq8SEbI
5qJGFga97Fg
5wo3j4AVO-0
5yO_nIp0vJs
60Geq2SNIXM
666POsfype4
6_8TFi_9TU4
6fva0NS8eEE
6sdNO9Jf4ac
6vykcsLNgoA
73IGv9ILJTk
75Au8jsn6PA
76MJQf0VLeA
76Xf0WO108w
7BJ82yIlp_Q
7BY3OW1IgPE
7DRQvxFSrX4
7DvGVvYFERw
7GSipYObt3w
7czqgHzjAGs
7hFM8VfCIB8
7sEqThx6If8
7trWQrsNBXk
7zMsSUsAkg0
84meb6uaADo
8E23QnKVnx0
8R8sLsdKQwE
8X_z2NliVr0
8bJ5NwMdogM
8h6_Odzb5ck
8jH27x-0VbQ
8lQABXXiTfg
8oO6kPDgjEo
8sAUaTE4JbU
8ygnHmxEf5c
9-GkTHLKRZY
95IHeelRZDI
96gEvGQNyjQ
9C6Y5HHTS-0
9F2AU1-0-fw
9GMfGeKTBb0
9KhQFCo66mU
9Q-w9keC2Ls
9T_mESM4AHA
9YeZsXe4elA
9vB4ZnosIiA
9wrkamy8RVA
9x--mmYgABc
A2fogq7lmeQ
AKbUa_MhLPY
AQRuzVZ73lA
AUf3gfUeDJM
AWQAkThvka8
AZBcZosT3ho
A_uwr3pGjoc
AdyMcSZ3vpg
AfTjFJJgepg
Ai5KQICQYWA
AjNkdvScnVM
AuOmss4qCEE
B15-k-uQx5I
B3M77fP9Exw
BAtOlyUeJqw
BCjrsJcC6BY
BDIwEhnOH0k
BFiM3q_KB2A
BHg0eraBuLg
BIZnavkqQAM
BQbTu6DKdT0
BXse8vy-4Y4
BZhtr_3JrxU
BcxnxZsXT80
BdA8woVeRfE
Bktvf0033x4
Byl4xriI2v4
C46lO_S7vNs
C4GajA7UDh4
C7NOfvfzlAc
CADLJmAHJXU
CFsXP7_Cwog
CNE9TGpnMVM
CRhalFgg6hU
CVNqNlaZZOU
CVh8fE2wQbQ
CZ-v0bCBnwM
Cazo-865nYY
CijGgNV_Zn4
CmZTDW41Cng
CyJrWhktQLo
D01hX5d63T4
DFVnyM4trEY
DFjxx3p9dJU
DXLaY0rsTI8
DYnPDhCUoP4
DZPaISUkP8s
DeKKauFhrSs
DklbF1IAhFs
Dmdmu9mt4tM
DtF6ncp2u0Y
DvGpbZwojrw
Dw1E-_rFeLs
E4zp3R1qsEw
ED6m-GDb1Sg
EH0Mzqad7q0
ESqNk1GCnLs
ETmmwWutszk
EjzhvskLhwE
EnAGgJvLlk0
F0Dpk1VaJwY
F3YXT499TRA
FFao80yk3F8
FIf54GMeqWE
FItFrgZtp64
FItQdERNBac
FORbQejrxq8
FfyyEc1z__0
FiAkSPN93Tk
FkU4Lv8qTBA
FrBT0WIVB-M
FrjTocx1mfs
Fs5a_jI7we0
GHRLf2LjSao
GRPgz3HckdI
GWKdWWXSqbs
G_SS7k1Uckk
GeI8s4AjT3k
GeU_zpPiYBw
Gg24HmO5Npk
Gjv622EiH2c
GpPA7sHMj8U
GzcEOgupR_c
H6zdpLGGea0
H9ebSuS6-iw
HCbOvqvP2Ds
HHV4ABL29iM
HQ9SK4RTZvw
HjATRLPpa5g
HjgmrqZe168
Huc_X3-bbX0
HxUN6ASww7A
HyRa10mSQ3o
I2T-SVfbNV4
I7vcw8h7g_g
IErr-i35zRE
IFLveVTz2Ro
IGkIhXUYK7Q
IQ6ZptqrqFo
IUFDXeybz40
IkHQbwFgYqU
Ixc3HWSZNG8
J8ig-fXnjkU
JARzDm7Tj0M
JATVfoJcxDE
JKuJBTrCyfI
JV9MMBW7KW4
JZ0-EeKhFuo
Ja4vIyDY9-I
JavxYsUSjyI
JcHLJF3gTEY
JenQ0aeVUss
JjDUvbp5710
JqPNStxT2AU
K21pyq3nCHc
K4zrn8thR9w
K6-g7Y2d-c4
K7Gnjuc1DFk
KHLVpFUbiJg
KMjCOrgY2W4
KOYdJnARD-0
KQGpFxyDjYc
KQHKcR9J1Zs
KZeFRBF9lw4
KcZOU4Q8z8E
KjG01u5pOLA
Kjtcn6rKmh0
KlM41-VrfRI
Knq_78lRgto
KonJNcBcWHs
Kpb4S3wa5Ow
L-vbhI2kUL8
L9RMDiLDjvk
LHCQ2QN1eQA
LJo7COiUtDM
LVnzfUMxuug
LWSG97xtigs
LYjRIcp-N0I
LmveaX3jyvQ
LtxXcIZqk3c
Lzr59e_M-Ik
M3vO0QcIXdo
M95EQrsgUgU
MDV4BF6lUIo
MI3Nu5pu8lk
MOeTH1jRxsM
MSA6B7c-hVk
MZarEISFNH8
MlN_FmzTnro
MuOTbHgSoYY
N0JMzCqrKWw
NCy874zqCWQ
NGh3oKJk21c
NKZRP5Vo3tU
NOIgBhIrZzE
NOu4lNzhom8
NQoqGnTVv5k
NUSuUB1Hz5Y
NXBBQBeuFDY
NZyAWdU0USg
N__37PJubbU
N_klTqDtsiY
NjFAu0dNPJY
NmWCXWeiyPE
Nn9LsDkbj88
NrYniHhSp58
NuB1F4N3u0g
NxRgXJJYL_U
O-nItmLomgs
O4Y78qENZ70
O5o8QqSkm6I
OAt9UBKNdic
OLjQpRLKCK0
OLo5hfwkd9A
OPP5CKFAUFQ
OS5bwe1YWdo
OW4jFrIY8os
OWgRFSaRsIk
OkioxE3WNmk
OybHGQMWLMo
PB9OpiXC-dE
Pb4zgemkRKg
Pj7tT_q18Mw
PklO2qkiDz8
Pp2DiskL2uI
PtfVugX_DiA
PxnmQZ-zQvo
Q7ObtjfDB7A
QB8ucqBdxHM
QDHDkElcfpg
QFqk9OLohKU
QKZMWGWQTKE
QRtXeyf1b9Y
QcHn3qVpOmo
QeBKgL8Qvwk
QijnudlCc1I
QozLEHihLe4
QpDsn5ERUgc
QwAJMEf18a8
Qy4-xXCMaEY
R33AdacKVx0
RFhP9M1wSdM
RH8ZpQFMj5w
RLpevvPdgEQ
RfmUVP26JE4
RpusIpbN42s
RqhHSZ_Q38Y
RvsD1NGPo14
RwqGvZl0DV4
S-7tExzAToY
S-eR6qT0D0c
S1kDcuAyH0Q
S2V7lndugrE
S5DlGn3uGbc
SAoslcXYWYQ
SCJKzFEA-TM
SH9qCAbEzLQ
ST_mCaHvUGA
SWSF6Iv9xnM
SbTbe4kebaA
SdAjBq9tdRo
SgxFYP21FBU
SjYwCARYgOg
SrkpIidS-14
StcdZHdRXXw
T64OuqHrW6I
THX8BPY-KqI
TWrq-qa6yz8
Td7YXKZyZqs
Tina6mTJBKs
TpIx9MomGZI
U2_Qn6D7ZiU
U3rSjoqcmYs
U52R2yPQrT0
U5uCBnKWpT0
U8HkzKQ9zm8
U8lbQZjQ2Og
ULTIkEqeaB8
UZCpw40FXFY
UZwJfR4GzTg
Ub_xQ0wsJGI
UmoEcJ3F-zY
UvhtAZ4UNm0
UvmvnI3Mrhw
UvuTUoXqM6w
V2xPH7-Rf-U
V66rVAuGLr0
VF3z973InmU
VHCgXClH5II
VJo4KORQMvY
VOcb7XhS0dY
VQIS_HQlOes
VasPutrGZCY
VgCaX4OyCY0
VizuOfBl92M
VsH06eqYWxM
VvLtdKoFiCk
VxA7LZ944BY
Vzl1uedKoV4
W-QFXtlhFaU
W0HbFuIuOHo
W6Qpz705vOs
WA2VREInKlg
WJ2KUyP7FAk
WRHbfAphLp8
WVKOUs_Q-XU
WXN1KIZli3U
WYoT3K2DxJk
X-BCoPzk5Ww
X2qW9ElbKvs
X8xK4VQgerM
XATWN-V_jTg
XG82HWAxN1A
XGmo1WLi6aw
XaA9CHwBHQE
XfPcXu6iSt8
Xq0UUN1b_E4
XvcqndTD6Ec
Y0r5JwXJa54
Y3oE384ILy4
Y4j3x0-7PYI
Y6NkZC7-Q80
Y8RjtHw4bkM
Y9sYo88smiI
YAIApS_Rve4
YHM_5H18zTs
YIaxIUDblJE
YKXcjILbU7Y
YQQZrpCTO7E
YaAtzfzO5wk
YgbAgf90M2M
Yl-TgEEr108
YlhbdXaG-cI
YnnMfsmSzh8
Yzw5b4aWVoQ
YzyHgeafBJs
ZBjBBR5_KKs
ZK5pScV6COs
ZYIIjQMKHsk
Zl1r8vMDljU
ZnH0qi3QKFY
Znoy_phUSVs
Zu4-_KJPh9k
ZzmFs8heO9M
_7wqQvJYtoc
_CWhfNDymRU
_Cud1m1CW_w
_J3yRV3Ph0M
_PW4mO1wPzc
_ULq6jb9UwM
_W7lZ0yDBy0
_ZPraxZKJKw
_etcPp-lEls
_g5q4fRMlUs
_mRYPnFUzVE
_oCd5fAvFKo
_qxtpTQxFI4
_tKBiMtP0LE
aFq8ksG6FAw
aUW0sQucF3I
agucnVeA3oI
akfBfxIlFQc
apdpLeyi9fM
avckHqT5LoQ
ay1bLMMXgho
b0FfbGiLR2U
b2NLJNWppP4
b4tULlvZI-w
b9IOfQPAhu8
bBaz2b3Mfqw
bCRrTdQA2ME
bFunkFDVILQ
bHDRarPDrGU
bLGU12ue5sg
bLLOcyXWrJw
bNMPO3_AjqE
bQ1JqULCqtk
bShM2pi8psQ
bU_Q_DytLr8
bdnFNBPOXy0
boaZ_tfKhHM
c0GiJWe2ofI
c0vEXKZ7p9c
c3-SgxEBRhA
c4MyGp1Zmg8
c5h72g-hgp0
c6IA0QQXSnM
cEDt5dzPY08
cQjyeFQztEw
cgZyLfua1Lk
cimVrRlYj5Y
ckHJ3R1owDA
cktIgRNWSak
d3JEIqbiG0g
d6h-sq6vSCY
dPA1LoHyGDA
dp1uqKItcRk
e0-WyuRmM9E
e1IvqFXRqzY
e4Qny63iriU
e9l9Vm4A61s
eEk5w2sQMZg
eHmOndxYivI
eIXyhURF3qI
eN-7PoFxr-k
eZypHbqr9IM
eeDYQaqno10
ekLAc_Z3oFo
ent40Nee8NU
eoeLY6BGwHg
ex8PKzOETgU
f7nM2T0rTTo
fBsGpqgMVk8
fXgEJ7OjOE4
fZbupK_2JmQ
fZkRRpDT9_0
ftxsa_jFLQY
fzjTAACCJNs
g6UErweGwQg
gIAu69IDzgg
gRMmjeWfCJg
gVEN21CPf4g
gX3WtyEL_0Y
gYBvtWPdZ8w
gdQf_2bu078
gj8CP9D9SZQ
goKR52yC4Hw
gp0G9UgHRjI
gtNe0-XDr2o
h2LJihME91c
h3PA-re8GeI
h4KepRT_tx8
h7zYamudsy4
hOI6RhPgjf0
hOmxO_tMFBA
hPldeFBjGoU
hQ_-WE3OUzQ
hX7sW-tzhT4
hkNIKqVggMg
hvIQenWabIU
hwkiTXHmI3g
i1jLKhz1ZQw
i5hxIKXeP4M
iC3pUycbylQ
iGcVWhfA6KQ
iRumfyljvIA
iYDU4XdK0rs
ifVZ1sApsMk
ikRQsqXBI_w
imXC_1ev8RM
ipWXsyAwNlg
j-_XCbWWfls
jBXLKmdS2_E
jPP5gCqmKo8
jg7C1L0Xy8g
jtSAyzoeQ50
jyzk1FWY0ts
k4Z5-jTHK2A
k5wO9alDnNY
kLfEqG6antw
kPEySY-J1XA
kRjyZTQAGpo
kURn7bPBqEE
kVd5sek8uFE
kZwxUjkC_uw
kmJJYU54jfc
knQmaBSdxbs
krFA185SM9I
ktEfsNQLGak
kvq6eV39XyA
l2tonec-q_Q
lKJhJwpKXPM
lNorSIizgQ4
lc1FGV9BJZk
ldHN9K1eE6A
levCfsjlJZg
lfzhgy1Jv1E
lqwavlCmEUE
lrUs7jn3PpY
lu8s2a41_ig
lvDONcJklk4
mEBLxSVwSTw
mOANZp6ig4E
mRALC9J6w7I
mRu9gTBmsDw
mWr3_ue2cfQ
mfY183b4pYM
mftGZtWTHgo
mmPFdeHOBNo
mnX7FLT4cjE
mpWnLWhB4OQ
muW6TSYJ4Co
n5nL461uYkU
n7nVAVE-x4U
nTDoSiA3DIM
ng1DO5oqAjs
nvT1GtzrCh4
nvsgGBKfN2k
nwqqyrD-Fos
nxQYytdCixg
o03wRxDG4L0
o8wHf9F7k2o
oE35hfTX09s
oINNN69420g
oQDg5x9quy0
oS4h4iCVRDg
oeo7YlWsOuo
ohGxEwxnqqg
okG9MnvNrwo
olD356TqZkI
orCIPvDhxR8
osVQ2alQUNw
ou9Sop7nyZE
p8SlA0cEQX4
p9PhT__Kzwo
pBFRFKDXjpw
pIjsWbg8BiY
pKaBCcZ4vyQ
pRS4Tnkc1gc
pdFaXAb6VNE
q6LF0okDcWc
q9lKx9TiEnM
qIu9Cnavm9Y
qIuB25Cm7qY
qRLIvaMQEfw
qZOG5eD3VTM
qdbUNkma_ww
qjBz4spuKsc
qmXtJHJApbk
qoTyssKSOSI
qx9AA6S4ba8
qywDn4Crj4k
r1E-VHy8V6c
r1cbmGfTCFI
r2w5oyRL88w
rEwK4MmzN84
rN7rMxaB7Ng
rOjcIE0r-RI
rPTWRlFyK_Q
rRgJgnbh7CE
rSwK8wuBJn0
rUF1IEXcG_4
rjV7u8zH8YM
rr6r5Lxzi8g
sBr2938vOZg
sGVCKqe9H9w
sKQaydETXqI
sWGcNLbg1s4
s_GVmdj-iFA
sjmdylN7w0g
t2UMe8Br3MQ
t2bUd5fwdPg
tFpbqICQbMc
tJbFsR73EWU
tLiJRceQVII
tLqUwnMxBPw
tXujgSKGXCg
teVvlI3YNvc
tq37C5BVJV8
trhHF7g65GQ
tsrNUsW8mNs
ttDd-mrJri8
u26S3vQEAOI
uEYHB1bczdo
uJGczOwqpGE
uL_tJwKwyHk
uUUPqPdAsN4
uUrapcX0dHE
uafqW2S6O38
uwLRWUuTlGs
v-7Z1uir988
v2_K_zD8_as
v5hlqch5e9w
vA8HLrFk8uc
vDeNoqJ6JI0
vTlgWZCato0
vUU2jXwfqpw
vXbAcmaq_n8
vXwij-HcLgo
vp5saDIv9CQ
vq0FbPDDKMY
vuO0RkpEyv8
vyR6vyfdd1Y
wETVl7isrsQ
wJ6EPDt8MlI
wJG2bK4NY_o
wKa8Vx6_wZE
wL6MG5bksJA
wM6YNVG2mhY
wRJmIoC21g4
wUcIR9IIfP4
wUmy2V4kdNg
wbJOqUZ6gd8
wck1U9qH8oY
wiHIMw4eF4U
wxw_3Zn61jY
x-ctWJCnSh0
x3ND9TvLVbc
x4Qh_aHj9QY
x4gwM9Kf49M
x9MugumHPcM
x9g0Yn9shVQ
xFb45bwrD6A
xO_gfmStmq4
xQ8VrEg5yMg
xU-1vyh25Lk
xUGhMwxEzhs
xrh3hYknPDU
xsoo373ACI8
xvGpCDN-wbI
xyO3_Ice0io
xyfxlWKqA38
yI0EIK_cacs
ySqAcQp-_aM
yZ44PJzasTE
ybMZ4Bf9qEU
ydraihW2xI8
yeGaWBgqHck
yeU2gVh8IgQ
yjgKlzkQ5kg
yjxFfdMG_6g
ypuYYBZFhvY
ysKrTgnK6_I
yt4-13HbEwM
z2UK1F1f9xA
zAIbPbv1lI0
zAdhMlrmeJs
zB3i8BAgsxU
zIEhPCSPa8c
zKSHxFkde0c
zMNAIhKVtSw
zO54YBkCszw
zT_aHxLN3tc
zVV58uG2dzI
zW1jFzaP438
znXTVMZn0P8
zqfV-t79q-g
ztbiYTR2_Kg
zvmzA8ykHw8
zyifyI-bsKM
zzy9XIQIDLw
