-6st86Li7VU
-R3GcSGI2F0
-fRGueASaTw
-kP7XY37jA4
00ruymlfHiA
0auiwS__0Vw
0ixhjR_Zn9w
0qxs1znX5iA
1SKYBSdekUE
1h8wt1swQ2c
1pHxMV6iyrY
1t4z4OuiBm4
1tg9AdTuhP4
1u4JAbIV0YY
2PWNKlYhhqA
2eqyjx3_sz0
2wrTQQ2Yg6U
487_m9pVv6k
4L31GNYqp6k
4TaXI33Agig
5njqeopYxiY
5rFACPWFh3Y
65VuCXE3frY
6_lMC9IMr0w
6p3x5loTELw
72yiIzQzqzM
75jH3YUl5mM
7PTsDC1H-mw
7RS-_XFWm-I
883YO7OB3gc
8G3mWIV6X0E
8mZylgfchSw
8qSgDyLnHfM
9FlbJtU7ZKM
9La3CJVmt2M
9aWCd_VuRhA
9lt2qN7jEBY
A5c5cgCqtPc
ADHw_fixr9c
BMcfjoa68DE
BUi9EkGAn3c
BdSmljsOX1o
C7MWeH1Cohg
C8VCgWTzyw8
CEuGmJuMejQ
CKM98ZBrPsI
DSm52kxvVYY
Ddktch8WmUo
DgATB_O_KhU
DsTrlOYZtLY
DsTxWqEezZo
E49RCP-YX8U
E5c7EqlLD00
EBeU6gzuaKc
EF2FX4YdvUQ
EKQzesGEwvY
EpRDvxoeQwA
FVej9AnqVqk
GQZBf26S6HA
GVi4ggtVFWY
H9bhzOQ908Y
HA8AmG5Qj1E
HEti1GYLK18
I7cWdQsR3lI
Ie38xTyP7fE
Il9mQDcrtwY
Ill-dPoCZLI
J34Xc1PnvYc
JYzrCgeFC5E
K0A_R5alHMY
KDTcaTbDIYU
KE4aQFiKOqw
KOAkbaLHt_o
KTs0x5UuWOw
KkhPhTn8Y0U
Lfurxb4HNKM
M44qP-r33JY
MA-GeXzAYRk
MR_ik5h0-xM
MhlBV7MueIc
N7iDji-yXlM
NhzhpwxvoME
O0hQmCsv4sI
ONVgT2Z05-Y
OdLDxpiFmQc
OeqkpIf_Pwg
Ox927SZ4tkE
P-Ud-SuToQY
P4jZioDwB_M
PFy3XdfIdHw
PSG2jxLoOXU
PrLZJ0MXw5M
QfIVqn7Yfm0
Qkp_1pCGE48
Qy-6L9Ow5yE
RBj1-FC9vb4
RFIDIzc_Drs
RPTLXABlqzg
RgrDczlVQYI
SqPVvreZFrQ
Sv9sh5hjy8c
T128mfdgfGo
T5x_Z7obZfk
T7Ix2Vi9OAU
TE1278_TVZk
TlJi3_ER5Bw
Tm6uDAwafcE
Tm7nRfuARkQ
TvIgQX5skx0
UGz4BpDbCDw
UbozHAbMZPE
UlawShIMEYw
UncPVesG2dE
Uw3KvQzlqY0
V8E5ryQKBa0
VVJuT54EUoE
VYi2aJWr3jM
Vjsxw3SA0nA
Vo8j1Yc2uVE
VvT3u87PwnE
W2f8sm-7NXE
W5FRz7q1zlk
Wp4wnAel5Jk
X6X5P0XjO30
XTz7hAfbRYw
XVVKVwMIV7Q
XbuNXFFJ9nc
XrZDkvW13TU
Y0IN-i_RK5Y
Y5Eu1UwE2fA
YExyY7Ihat4
YFcilhvV1AY
YRzYG4lq1tk
Z1Sih-X7mzs
ZdP2J-0-7J4
ZeJWTsoF75E
_-Wn7uuPOGY
_1jxTv599Cg
_A4Xa58TB8s
_S_VNpt73-s
a5QjM9iCPuI
aBH_fKxLYdc
aNAUq4mYqtM
a_VMY-nyvxs
bCVPpmhUGHA
bccmaaTdOSQ
bsjjNNoiOsY
cGf5ndk26wA
cJzMtVAQ92Q
cOmWyRxRbEs
dCHiz_Zk9vA
dINiIvsrZcM
dMSIg4iRbWk
dWn1-F3wiis
dkHlH8E-iHA
dtsZcjhEc4k
dvNjTHFHKm8
e_nt7eyH-bk
edrs-5jKqfs
ehL6UtHjwxw
erx-FsrJI3Y
f8RL2-Ihf1w
g4I7h50Ny10
g7tnrjSxUuI
h6P3qBTt6vA
hG6csEOFSiw
hO6zT32RO8s
haruP2_ggT4
hcPIZrJfB7k
hmNGiA0DHSw
hnCZo-qoIG0
i9LCS3X4kVw
iG-xarErvgs
iOSXi8Snwf4
iRMcCAiCrKQ
imwSGD76iAU
irzp-OMwnqo
iykBCJXtg4M
j-BfHZp5pgo
j4v0QE4hxsg
jJt0vpxasCI
jm6FaesPMGg
l5Ak8_IWOdE
lCWJKJMTSl4
lCtwukxZF7A
m0kVhpxHbO4
mNL_204yBXg
mUPjhMlxeXU
mqnPmerKTOg
nIXCLeU3DLY
nj-PyzZWP8w
ocAErDV5Qto
oi2neWOlLO4
omIdinLurdw
ooDqwuPfYbE
ovx9jEqupq4
p0BaeqYDz9E
p3TS5S1_93k
p4-EOSieszI
pPEGonW-Utc
pXBBO4FH15c
q2r501OIFus
qZPI07-X3bg
rHmbHsZvEcc
rtZWKh9kI6I
rwm0LvHY6J8
ryjBr1N9344
s6bzx-RthAo
sqhjUUZySYc
t7CSlhKo3g8
tAnes1ZHy-Q
tMFTIY-Gh2E
tbNMF9nUQZM
tvxasaHdiuY
u5mF9oD2itk
u9y9NvtpXaY
uHZSqYmC5UY
uNsbrKN9Ee0
uRsrVATHj60
uZu0cUiXnVo
udqL5VAbQBE
vHVrjdF45NU
vMG51XvHMFQ
vMNtDEVh1ZY
vYgQzMhwfQY
vwvbJ1mPRak
w08IcwfJjTw
w_1m_QeCM8k
x8PY46gNi6w
xH4fCis40Vs
xJ-BU1x35tw
xehIvXeEer0
y1d0gruntw8
yQ2dDsV0KR4
yQ9BssPFjIA
ycdcE7x0nCQ
yo2dc6cUE84
zYANiFOEy18
zlAmN3VKENs
