-0L_kh9_MQ4
-1tuWPJDftw
-7W-Ztv-0Gc
-7ixuEsh-Sg
-8OtOvft0u4
-A2dbuK9fcc
-BvbbYCjINE
-Dlij-2FyPg
-E9Ms41D01A
-FFlpgIyx1o
-G-So9UxMYI
-HQOhVyu93A
-IpHGmA6GNI
-IvHV31cEqQ
-KTK0F7F3hE
-LsfzUMC7qI
-LtnA_78PbE
-Myk0fYVbOY
-TLa4NmAUpw
-TPLsWJalt0
-Un-RQ0PECU
-YY02gxdiAQ
-ZqKWWnuJu8
-aya_WW-7ho
-cViIhCkHTQ
-cfZKsjcxTw
-cpGwTCjQM0
-dV1OhKtQNs
-f_HWki7Xuc
-j4XNBirURo
-jOtA1RFBKE
-mZswv6fr_M
-ms7xzeIF_w
-vOU-JeqnhA
-wOOit9GjVA
-wkc_MPcPq8
-yVMfKv8XtE
00ERS6TbWBo
01HI_Jf1nfs
0Boo54-2BmM
0DbGKuOQ73g
0FQlPQRBNcc
0GJu6CiwtZM
0MtroRJWS8w
0OBudumUKV0
0TP17iVtTig
0Y5irfftXVs
0YSnOnMLmIk
0YfPTcRcTkI
0aaMm4DDUmE
0bs0B_zAafc
0dSwwADuXcY
0gSijjNFQZg
0kaZPPRjniQ
0mePpHqIajg
0mv7vtqDjFI
0nP_p-pmqt8
0qJSumu75Wg
0qsl_80E5Ns
0sgnZiNOUhk
0t5ufmxU3lA
0uLHZ2LAx0E
0uf23RW0U-A
0yR-x9pdmVY
11OWvMeA-3Y
11jNGgQqYyg
15BAeqLixZY
1B_dgfhQNgo
1KHqy0lNbik
1LMHsEupqno
1OFk29kqzdc
1QI_9_vMnb0
1RJrA-kbKbs
1SiSYsDgHj4
1TR75et8PFg
1WeAnYNZH-k
1_Hz-PgKbwo
1bamHBItwwU
1bf1-fN3EEA
1cl-lWhcBK0
1cuD-RSRbec
1dy-kWvGkLw
1g3gSQ4Cqsk
1hvemoAWIk4
1lAGnvLdEOQ
1vQizuVIp1Q
1vqey9hWTxs
1xIvks-LsGg
227EkFZe0Yw
23F4tzGo0Gs
28LNsIkAnX0
2DVgVA2cX2o
2En49LyFqfM
2Ht4GBnt2Ks
2KVVF059swE
2P6pDreA2eA
2Pa-9cA5BsI
2SZNplIsHTc
2VUEZQWtZUM
2WG3qrBOh_A
2W_b3atwL_0
2YSrynI60Vc
2k-GMAnN0Ek
2lcZetyumsc
2lq3ZvNankc
2p6qWsq5mao
2qazabTN9Nw
2u3cPnACL0Y
2xpBw4RQijU
2yRt7bUDtSs
3-HWlHiemTM
3-yxy0iruLI
30K_1jjEoBs
30xP-w4dLlo
32aKdKhsuCk
33PbXSws7Hw
33TkeJdTqGw
3444PwROSH8
34JhRbAgpKI
35MSMF3s5gs
35a890uXpjE
376AuO7m31w
38ggwt5WZ8E
3AhM7nJ5oUM
3AlGWpAsSg8
3Ax1bjgNaSk
3C9ZcSD3m6Q
3CfWFHUUyGs
3JLh6FOJK-Q
3KAOJyTtcw8
3MFtN9NIShU
3N4EYdIPCrE
3NB9hAQvDHQ
3PccR0pAJCI
3SFol1ogwcA
3U7GSd-iOgA
3W9g83PLgWI
3ZgaOCqACZ4
3_B0FFcPlYQ
3c8MFn3285M
3dV25V8NoNk
3edbazJ_0wg
3iqBHhIitjU
3ix_AHoQCVA
3jL2qyeZz7Y
3pZ2jVvAEbk
3uEKx4uPwVg
3um2r-Zv4KM
3wpj2p26Fvk
3x0la1hHNuc
4744O757DFI
47S0SSt5x58
47Zzl41X7Q4
47vGlYgrKo0
4I7VYoXih-s
4IE2n9ApLDw
4L-iuswQz4Q
4Mc3mWk_bF4
4Nh5iwLSpZc
4PbNL3u_LU4
4QxTCN-VmTY
4VHbsR3__nk
4YUMW3Q1Tw8
4agYzDD7zXE
4cuTX_wzVh8
4f_yT0V95h4
4iL5BOrDK_w
4m_qaUlD3Bs
4pq9N8qrTT0
4r3U5QVKVXc
4s6rqHGNBNQ
4sAezeXi8rY
4uBDvLTkJWs
4uoW4Xd8TjU
4vEDeyj8Ob4
4ve1TsLUyxE
4xVR4vI5iuc
4zfYqmjMmSI
5-0QA8WyKOw
52NZ6-33kY8
54Dogb_pfac
54fTAiaZTS8
589A9TTKKCI
59A8Fx1x0Sc
59mXj8ZHaRU
5BXEcFDlgW8
5CbPhIrh4oM
5LxJ0tB_Jic
5MmEZqn3TI4
5Ppeqqpey3c
5SZ0AN6knd8
5UJbxxKZoz8
5Wb274ddD8I
5XBagR4z4P4
5XY9qrsq0Rg
5YUmCad2Wpk
5YzUG5bBp0E
5boAnFH1hfo
5cbv55GtAoM
5f9hivnVMeY
5g07It2-v_Y
5nY-WvBVEXc
5qdExwE2nj8
5qtpQeUCgFI
5sK4gUl-xEc
5scprY2xdf4
5tAs76wT6do
5vMWmzPZ9To
5x6QhHID2A0
5xJyDpGZHBk
5xO1c0VIWZU
5yeU3ovPkbE
6-bNCy0_49U
67WTiKKllrU
6DZBFJ4LgZk
6EiumABeB_g
6EnRcDPpqUs
6IGO9ARYcY4
6JVrm-ytAjc
6O4F1srQlUk
6PqT3PS35oc
6Prf4mVZyvM
6_5O2fiTWks
6fY-oIw3sjQ
6lA4gdmuZk0
6merALMIo3o
6njAgUgu4KM
6oG8q4Uv1Zc
6re4FItgg_4
6t7y--8UGEM
6x75yxaTCkc
6xqX2-2_GJA
726qJkimcBM
74peM-MnYWw
77MR2_mEEXw
77jgssrMnc0
78uhZ8jhEFI
7DBoyFkBWz4
7GW4SKfMw-k
7JAZm28xgog
7Lq_YP8k_vY
7SKA8zKdGCU
7TErmRaPcao
7VjRyv5ukVs
7WHnGiR0ch4
7Xa6vnHVJ6g
7Xh3_ujprC8
7aQsqDZkFrk
7dL8qjIoGnM
7h48amsOrQ8
7lCtpFOWYHs
7np2uS8sZAI
7oFb0Ac8PAQ
7qtyRmW_AQI
7u6v5w_u5Jk
7vJVCqQ9IrE
7y--Smx87QM
81Y4TT4des0
82VTsuZPjnQ
87JthEPi8tc
8A_uA2sQaMk
8EcXp9qYU-o
8IMS00ShqPk
8JzKgc0wGp8
8L1yB4CHJFA
8ZcHnFH0uj4
8_3C-om84wk
8_o4rjks5So
8a9XNJ8MKQU
8bqJdEkNO_k
8c0iOaTvn1Q
8eodNe3oqYo
8jADHWZrFTs
8kjh02ylh4A
8lxk1BRA0wI
8nEO2wByYFo
8u3j7VnaUec
8uc9G75vwvg
8xycvDzkEoA
8y2aXdPTNU4
91PjSn3NDmY
92GMgaoUdH4
97FeyC9AZzI
9ARHRKh2HVo
9D-EJ5DSA2o
9FJo08uhfq8
9LUdnxSpm7c
9O4OgVsxiqQ
9OO6IFZniMM
9Ptt-a9MX-s
9YZh0gP5-_c
9YpNbBMKulc
9YxiZbORnf8
9_EHI2syUbs
9d4if3UoP7U
9egS6F0xCW0
9fdSWpSrqz0
9mHCYwoN4sQ
9nLQaJJzZEM
9oa0-akgbas
9qtaT_r5bTs
9rnrUMepCvY
9w6gFpyCXWU
9zeVCbYr9Rs
A-QOS7B87eg
A3cTpxIyW9Q
A651oDZvb0E
A79kDa83vfQ
A8z7oKX_dXk
A9ILT-D3Pl0
AAE-rfbjZrQ
AAOGkd2Xpv8
AEnrd1pfWHw
AFI4Ua2h3yo
AGLfnyWvOV4
AGUBQ3uAJpE
AHf4NnHIaVE
AKUavgRA0QE
AUML9tTWccY
AUQ3IPTXgIU
Aa6aXCoEw5Y
AaEB4r7TZxk
Abwufm7ncJ0
AcWTzkaq1LY
AcdSqHTC05g
Ae16uBqD1WQ
AeH-0bcSFg0
Aell4VNdxGg
AfEIxAwT3y4
AgW9mqm9Mn4
AlI829cjEVM
ApXwFQfr66Q
AsMk-bBA5LI
AzK4LwBKGWs
B1Fvp9VSFOg
B4SoI2w9eUc
B7l0RqUq-TY
B8cMdAHprKo
BBqJ0fCpPcA
BDKfguS9Y9c
BIcMsNXfhQo
BL6qqdWQ_2I
BPQH4yOJnhE
BPSY7h2rr6g
BRMtJNK8jto
BV12DbjJrak
BX_hpVqwEt0
B_I7b9VnRE4
B_WdtH83Rb8
Bd1ERWexKwE
Bj1VMdx-L28
Bj35cGYH7YY
BjwIxcww0EI
Bk4eVvniPiA
BnOisOyUNcs
Bqm9ihUj1Zw
Brh6llAHe14
BrwYJjqxhFU
C1cEWlhMz0w
C7NiLGpvfks
C7UXCiBw5EM
C9C43GekRDM
CCix2Ra-ei8
CCwXbfvBV_0
CF88xUlpviY
CKIQfu_dTHo
CKqjWEOOm4Y
COZ1oTCJJ8E
CR58DhX2vu8
CRgzY-Pl_8w
CVWmscG6G0A
CWvaaeraob4
CZAsk7KXhIQ
C_We-Z2g64U
Cao73XTXhxM
Cfm3VQ3FhJU
CgBhnybHC2I
Cj-kyS6Qiwk
CkEeRZLGpwM
CnE6WK7vibQ
CqpOAp3yDCo
Ctax2j6xEqo
CuurYmDPaGg
CweRbdMfTZ8
D-4REmOa2X4
D1btSYcmN0Y
D2kB8UD9Ia0
D3eXZ8vlfaE
D3fvezHoQVM
D5WoCUqNWIs
D7EyEHAbknA
DG4V5b31FiM
DHF5Ae3NV2k
DLqLVX1dnAE
DNNa88dRE4Q
DPJu6C6_cZk
DPkZXKaOfQg
DT_dUkZl-44
DW--Y_UZ4F8
DWW9v2olWlA
Dc2y6UKDlL0
DdcJpzYHsO8
Df5OSYMRDFw
DfEG3cIs8bw
DiaA23ORTNw
Dk1ZpVejEFk
Dm9JJUwcr7k
DoxPAeJcbUo
DpxjilvlHVM
DwpmEXYSlBw
DxI5RKkwAOc
DyfmPKCiFHs
Dyn0TD-sZDQ
E-_3rpQ0w8Y
E0dnSJNJ1Jo
E1QscNLL1Hw
E2cstpFcx6o
E8OGfYxJkoI
E8PqWtkTRBI
E9MOpv4j-o4
EALF8eU3kGs
ECB-420jmSA
EFASLqFdeWg
EJ5or0JOXrg
EL83RVu86qE
ELCwhgvwl_E
ELKj7mAx7Tk
ELqqI3ACWNA
EPboe7IjJTM
EPk9dMpVggQ
ESW3S_MsG8k
EWUuIQpA7nA
EXrqXgTSeOw
Ef3iXUzLVMo
Ej-Gc3wGZwY
EjtcMfpqjY0
Eqk47xNnlUg
EsGzNiKVf_E
EsikYHc5r3s
EtoFD49vaqA
Eu5yho595j4
EvTZZ_CP_nY
ExusnkQ1Vzs
Ezu76DmRRIw
F-qHhS_CKAk
F0Wvitr3bp4
F3SndbXm6KE
F6vR8yVb-xw
F7QVbQbpZJk
F8_RJ_aRhP8
FB9l_uEqVJs
FCOOZKkAQt0
FE-ZjSHAFpI
FF3hiicQaMQ
FFfkqHfXnu8
FIJu0gKRqfQ
FIrm4TZkqcE
FNm86mtWDes
FO7IMP92_6A
FOMH64m-xVg
FTc5JosfXig
FY1qkfAWiJg
FZX2yQJedLg
Fft0ncU11A4
FihgGGUVGCw
FkjNcpJ-RaE
FqRjgbFwkeQ
FqZHAEzohRE
FvR6inWtdto
G-9RF1m4eqs
G2S6OobhwjY
G3xpJJwYK3U
G71ek7n9l20
GEXMJsuEol8
GITg1YA36Kg
GKIJv6vfAcs
GLqKpG9UhcY
GNz6soo-IaI
GQJzj8JMFlw
GQUP7l7vVRU
GU7joXusOTE
GUint2bE5yo
GWh7Mg4YL5Q
GecHVxBRLr0
Gf2mBVYZspM
Gfk7mcv2q44
Gfoczi1P-N4
Gfreoqfe6ts
GlLnSNwSxn0
GloUlxQwQW0
GrwswyaGATk
GtOSNQRXqU8
GvxBTnatwNg
H36FHhpvKi4
H50xgOmmFmI
H9jKYmGjL80
HCIK6Fof7_8
HHBiA8d3M90
HIpn5NE6LvY
HNdUm6Sk8pc
HVBX2hXcHSU
HVdoEFYrQ0k
HXVO6Wq4EPQ
HYIUCnrtHDY
HZ_AhFc8DXw
HaUqNmIIdm0
Hcb4ACHjVuI
Hdbku8h6tSE
HfI2BXYwMvY
HgBqXhnuP9g
HjMf-QKSgso
HnQavR56BNc
HxZKUFv-E_E
HzXaLcEtS9A
Hzg7m7Vdkxc
I21ytzKa14o
I5tOGGwWuOI
I6fNYKMwMao
I9gMax5YaSA
I9kRccZ3xCk
I9khjte8ufA
I9mQMHcxamM
IAz4Uicn3Pw
IFRJHkcDPCE
IFbb6LcbtDk
IH5K-j56d18
IJjKjr-YI14
ILacdYyqch8
INr-3kaR08g
IOqcxqKQTxE
IQPM_eyxUyk
ITaHgkjUI5k
IV39eA7dHos
IYOg5BcE2-c
IaS2QiZJKug
IbjN5KlYaxY
IgVQTx0ECmg
Ih2h_-U4LzI
IiLiauM1Zm4
IokNBsi7uwE
J12LBopI2YM
J28BHiJxmto
J3gcta4k1TI
J5pDy9zmcGs
J6X_nD-QU9U
J7M_zfE_Ty0
JCGeG9QCTro
JGl54HG6DOY
JLc2B28_fPs
JM7I5pPhLCo
JNarcEEoZUI
JOQFU1cDQVs
JTYlUWkrp-E
JUhDyVVbFd8
JYID4VjRo7A
JcFykxjs5h4
JdxioUIvufw
JlvXjhuDIyY
JoKq6WJneV4
JrrjU3yHZ1g
Js5qjKwIEgA
JvEP8noMysA
JyiBEbpar_k
JzLeEJPuXcY
Jzo2FKtMGQw
K-DJvWIejhE
K0bKmx81sT8
K5lEIQdtGE0
KCE5R8a8bl0
KDf6dE2oPYw
KEtuco7cX0c
KJSAoAi9Dh4
KL5pSoiHJJo
KPwwx5Ghgf8
KXSTu9qnl9A
KZI27X2bJCs
Kf-jH65vh64
KfNgxl3Py6w
KjrqJd-zask
Kl8pZVqa9HA
KlyECqPefiY
Km1pJuiQSjc
KsQJBBBIAMo
KtFrRCHHaa8
Ku-OZHa3dbY
Kw3d97AyUaA
KwdKf_OEkPs
KyHsw9Y87Os
Kzo0qEOS_-o
L-IpSBvY_yw
L-UdXnze0Pw
L6-7tdUqKlk
L7E_UhvQjZI
L7dxPKzLC4c
L9fXUT6f9zw
LCdNBi1HGKU
LHb0D81GHno
LI2a7994fZE
LLwzZiYUfmQ
LMQCFtPrg28
LM_OHV74Vhk
LNDhIGR-83w
LR8KJV_knpM
LTMILJX_oCU
LUBo32WtdXw
LbNbaqum9_Q
LcKpz1_k_lw
LdpaDuiH1p4
LegsPr4b4aM
LkxTMmWzzGs
LltSgVbL70k
Lq2YnrsF99I
Lr6jZfrprw0
LvG-5Bkexa0
Lx9LzYosIco
LxrkZRHEueQ
M0Jas0c_LnQ
M3cXgtutBpY
M6kJTL03Ols
M8Zy4A2Uvs8
MCejo4WQPV0
MFVyIJOv0KI
MGlWpJrbkpM
MHCwlMJ7bmQ
MHGYzR-Ezk4
MIqzpAsqlCc
MSH2lNIGGPA
MSIcyQiKCfw
MUVuWe4gdhM
MUirAUBTJp4
MV7_tuOFP3g
MeaXMKkq140
Mm2lHpl-k6Q
MmDzSLT7C2w
Mmz8WGvBsY8
MslxQ6ozmeg
Mu_NqJg9Fag
MvJfVgDMFW8
Mxed4qXtGE0
N-cXIOPLoI0
N1ez-vixy8M
N1zDAd6C6I4
N5AflbNekIw
N8EgngZspRc
N93j3MxlYxM
N9Jgxgc63O4
N9P5o6g8SzA
NAv1gUK4vmQ
NBc1jQF26RU
NDZFb5vSpgw
NGgnkOpBUtI
NH7TWKHo0ns
NJW4d8M6gdM
NLIctsh6DtY
NO6cxyk_qio
NTNitjP29WU
NTZvqqbshWM
Na0bBQ2rH2Y
NeA8BB7LjgQ
Ngf1XF7rqT8
NgoD8Lquat4
NhdLJmRQRzw
Nk0bLpf5uQk
NlFuw5iuhQw
NltlVd27OFM
NovG8s67bt4
Nq1M0MEB-W4
NsPzRm4SaYo
NuCFNL7DT0Y
NuD3NDMhspU
NuMYU8vguUA
Nw4c5RhRYMY
NxFkEj7KPC0
NytLE5ECa8M
O-klZ1YUMGU
O-puQbn2sG8
O1jsnKWZCsU
O5-9ZuMvqrI
O61lQ3I_Muk
O7B_mwZyH2Y
OAKLp8NTzt8
OF4X8zp6S5A
OF5gf7OWX8Y
OI8u-8aDqaA
ONUhIAaOJGo
ORSEFZw5N3Q
OS0DbnkNRIE
OUCiRTSMcrU
OV3-h4OO4FM
OVl9VSEd7wc
OVuWFCuWYrY
OWEBJGl9soE
OWhmYjTPLAs
OYzD2MN9zcE
O_Ar40-fRH0
OaSAxtTTUNM
ObnzoT2aSZ4
Od4f6PVZ_f0
Of-F7IOpaSY
OfuRsmivqtA
OjNvXldP6Bk
OkfxexdELc4
Om3HjotHEPI
Omd81FH60So
OnEWJtA-_H0
Or84D1SnMjE
OsvXizp34io
OwGjQ6WP0ts
OwVLJ--SKMc
P3XIvxfM0s0
P3z52M4We-4
P6NVcnd9C4E
P7TJP0rA4ms
P9j00OXjm_0
PCq0PglvYEo
PEkv7rX9gJ0
PFf4G_PveDE
PIhBsRtbIek
PJVueSriqBI
PJdtoop2EOY
PJzVV5xyjt4
POYP2OZDj5w
PPUx-5jmbE0
PQoFxo7nrq8
PRGKyCZQ0Gc
PXHjnsUlZc4
PYVYvycqNzQ
PlZO6Msvf5M
PuS2LNEU0GU
Px9AKoBTJpM
PzZqUIOIte4
Q-Bd-zyrVFc
Q27lVQFCdJ8
Q5nU5Dx8B1w
QGXCBRpS9Tg
QHwQxfVMvow
QNtm3kM3r9M
QRAGFbt1qA4
QSHa9syHoII
QUqi8jfIx-8
QWACeQ5KZtg
QX0TeAe40Hs
QXxIZaozQ2w
QZI_tKu7BNM
QaakrGdZzEM
Qc5hwRAXVXs
QcDnYNlHJD0
QcmzDXOiK90
QdQGNU1rJDY
QnB7aqk4Pu0
QtsMUHqWNYk
QywWVPabe_4
R1MEKNliz60
R2MpHzJLsFA
R7tY53za9DI
RB_Pvuf8SGY
RCFL4uUmPzg
REvvHTHshsM
RJPHfPT-SiA
RJezjC1lsak
ROtQInoPUME
RPtrm1J1r_s
RTUTtkIi3M8
RVWGDGLGNYQ
RYkJpqzxF6A
RYtgei4SKas
RiTIhv_wzec
RkxHx4ByjgM
RmW7-tV6HnQ
RxFpe-c2kgA
RxrC4IV3d3g
S2gWpHKAFoE
S64j7NmihY4
S84M1no3OGU
S9zusfX8F7o
SAT03rj6cgc
SFgUWSobrgw
SIq_QOS6Jro
SJASZhAkjjY
SK6dGS8Gdmo
SLDfW--RyDQ
SQ4rgje0UTg
SQmbuSVXj7Y
SXMH7bZEn9Q
S_F7cp3wgo0
S_V1JT1bZGE
SaAANYfdt4k
ScKd0e6Arw0
ScyfNVClWB8
Se0T9kJAkTU
SeYpqXWEakA
SgAbZ2X1ZNA
ShkwFl5BGVI
Sig5wOv89R8
SkCQ9zBR8-8
SmJ93aaPvRE
SnPpd_RiXf4
So7S7LZk4Bo
SunQhMPeI5M
SwVOLqSiNlo
SygLjzXN080
Szf13V9_dMk
T-G4m3rD6V4
T-m-gKY8juQ
T0QXW17NqDg
T6DMbFWZytA
T6FZ2ArF0HM
T8KJ1WveDYM
TA3kZz_S66U
TB-AyLFe6v8
TEHjWReqrrs
TLQsuQ002Ac
TMXgty-vmyo
TMa5wSRBsl8
TPkY7pyBj9M
TTTb0m7anFs
TXY2xxqiPJ8
TZ6z9miGkR4
TZRMeelCg20
TZVn9R1ganc
T_D54sKUCm8
TbzV1it1YPY
Te4pReLF4uo
Tf1C9mC3p5o
Th6QCEMCy7w
To5ROR0xlso
ToFu8YtyK8M
TpgiUmB5XqY
TqidLU-yjiw
Tv9vEHmQ5jc
U3SNPXVjSjs
UBECorkp--w
UE4xN187Cpk
UIgPb-D-G6k
UMqtPt070qw
UN9hDWL2yic
UW8vZwFLc1M
UeFlkX0LRLs
Ug11DdxXM7I
Uiy3_hGy4y0
UjVp5hwSxPQ
UkzwUPR5AhQ
Ul0vVJpsB8Q
UlYCqeZpxrc
UmuCkzMO30Q
UqdRGdnSlHY
UsD_DjKOMZI
UsLqnoNj1UA
Uu_w2wCcaWU
UvpqvIE2nd0
UzSALIUyiVo
V-wWbG8HUCM
V0wrcM2ibsA
V5dkNHSahe0
V7X5Loj-G9c
V89uwTajbUw
V8QPFh1hsWc
V8iW91CkvyY
V9UR-ZhRslQ
VDD8iiCSXJM
VE9WKybzkpY
VEauvmgHg1M
VGJyCKruae4
VGoWoNKMWM8
VHbFfIm43O4
VKbH7pl4F7I
VMPBzKrPcGo
VQVItv846fc
VQxfBtI9S6w
VS5KqV-Q4D0
VTdcdSjmA9g
Vd2AwNXaUnk
Vf0K9x2iKlY
Vftmw9T5vII
Vj1NquyRMk8
VqCLcrUUaro
VvF6jZXKik0
VzYl8pPrjdQ
W-KPbc2aTIw
W-n9Drf9wpM
W1I__X84xPM
W7iUxvPcLtc
W9dQdph9PJs
WABS0C52UrI
WEvuNw9Ysak
WFc-jO50yZs
WGnwaK0z_e8
WLRog4WC0ms
WQM2en9Yp-c
WU49snleHMg
WUZYE0F_FN8
WWU0glgonVQ
WYGd2VtDRj0
Walwk65k4ZQ
WatUMbTUMxQ
Wb4QA-NJZoU
WcHe_y4Garo
WkoaxhVaehk
WmyRzhrXyD8
WomwmrX61No
WrbX5CdPxkc
WvJHW-iYAwQ
WvvjDieR6sw
Ww2Vc8u85eM
WyCsECvRky8
X-iggpqeL7A
X0h9yvGt-Sg
X1eCnyyYUFE
X2CvRqFMzyk
X2ZOj7PQS3c
X4v8Ve62abQ
X4wvd9P99GA
X7Pwjerk43U
X7RzQ3hIK60
X8LE1v9kHu8
X8RjcTcucHY
XF1_l3DEhVQ
XFzDpo_rGB4
XGex3ZgYQCA
XJYjSaCn_Cs
XJuNrJcFuBs
XMU36Ybyz8w
XMYukTmyosc
XNGx5gdoKuw
XRiqsgIHZ-0
XWs14plBOwQ
XcARC2mrmcQ
XdCs8BeEj0A
XdRfuXc7eJ8
XdhigQd9ZbI
XjL0kUP3LxQ
XqP5ts5A11g
XqkdPe6XJ9E
XsoviJQNPUs
XuC9TPRY_OM
XvMZvazmT0Q
XzP27cCIEdY
Xzz5G_Ggv1M
Y3P7iWbhYAg
Y3e4MWhkF1s
Y5czV0A46Os
Y8YZ5l5rJrE
YC7NwR8QBSo
YCgsRf4m1VI
YME8u9HhcXI
YO0WbbFNTXM
YRc86iKhbcU
YXwJRqF_YyU
Y_UKC1SgCmQ
YbEdApMBBdc
YjPhv2BNh5c
Ylo9wgjwh-k
YmstZjM3_cw
YnVrHeV-b-Y
Z0p0Rtn65k8
Z7hazsozTKI
Z8kx9GGk2FI
ZA4-sAFpe20
ZFeYj3xNL-c
ZFmK3Jk99so
ZG0i5ciKz84
ZGnIkeW-8vA
ZRicwMVuh0w
ZUdlgduoQdI
ZUrCEExW9Nc
ZVZ2CifV0VY
ZVqO79kZgN8
ZYsy3bvxeCY
ZZVLfCLM30w
ZbX1ncJYxL4
ZbXHIYBrFss
ZcDn3f0qG-U
ZcUBR_mD1DI
Zj54bHx3a5M
ZlGCK_ImE98
Zsa7DUnqsUI
ZvYVkj9LLRs
ZyclTS4x-3Q
_-tY0c7FfKY
_1hb9F7fAjA
_23H2sDDbJs
_69Xmv-xKVs
_6iHtOFDHdU
_6mSC6sC7d8
_6sGiwzZ2SQ
_BFt0irsjYI
_CneLSoxvdw
_ISi62nlMNE
_IbT5asLeEc
_IqtM2w3yAU
_UOm7ioCgBo
_XoSCBfnPmQ
_Y1hW47_LJY
_bneIsmUT88
_clfVdjsuEM
_cpp_IuhUBU
_kWSfL-QsJ0
_tznC3pZV1Q
_vSyPHq267s
_vpjiogxTRk
_xfoDAwMmjE
_xhEKiMAeB4
_zFNsnW3x8g
_zkU-ixf3Vw
a0f83YA844o
a5l8O4to1t0
a5zYtIwMJ2Y
a70Bjs93BSo
a7EzHsghLwo
a8T6ZBn5IAY
aARNO44d7rc
aC0f7leLERM
aDTI_P2FPpg
aDsCOjW64gE
aEH7taZWq_8
aFndLVZ-QkI
aFoJR-VL0Bs
aGpBfnqaho4
aH9poEjED0o
aQAauVu2sTg
aROgYmzri2M
aS5K-aqJAUQ
aTj9RSBQ2k8
aX31vHHf1Rc
a_GyTEdz2nQ
ad-7Sl4MUBc
adwklfcnsKk
afhwl2ga9KQ
aiyFRiIpK-E
amp2wOI2Q9E
apa6tDw1g2Q
arpYcsblys0
as3FDs-XVV8
atQDJ52ERsM
aw8VYnKktmA
ayVYxJppXg0
b6IurRBlf8A
b78WD4w_Tvc
b8cOc4y8CQc
b8mw5JnXPgo
b93bXP7gzzc
bFpVFSd0XSU
bGO-ZXkd3Hg
bH_CKGRYBAU
bKusm8Y6x-4
bMNY8tEV4dc
bND6iC4Z4HA
bUsRnkh7yk4
bWIqyVLKlFU
bWLBVz1h0SI
bXWsc6Lxj8I
ba7x2N7Svrs
bcUBCfFfAXg
bdCOoptbuNo
beMhv-5A3ck
behMwlJ9UXQ
bgC6Twkd1Ps
bgO4qt5qIes
bjnQBGviQVs
bjsAxiwnzAU
blaHxM-flzg
boOrJE1RDRo
bsalmDo9bGQ
btheuY54FVM
btrKjFRPK4o
buNK7kGW5lo
buggo_d3eQI
byEJsYDgUr4
c1JmUmmrqvc
c5PL2rQkyNM
c6F_wQy5BRI
c7kHW_9KGG0
c8W2iJCjYug
cAn1Mva6M28
cBhN-h9mgow
cBp1bK_ieYc
cCwYVb-HxnU
cDWPwqatcu0
cHGSH3c2SWM
cHiQ7SV2bOs
cJECGZa2kug
cJenZ9sS_8I
cK9oNH5i9Fg
cKC6KTG7g-M
cNJZwelWvmA
cONCrK882zo
cOUEEXRRBDY
cRDUXOJxqpU
cTyS7gkMbNk
cWKexnKHAQc
cY_nZzR2MDU
cZC63wv18VI
c_8kym9fK2w
c_XyoFTxVrw
cdkC8wO-izM
cgH1tFKc9Kw
cgRPpMEl5L8
cgswxAQlG4g
clbe3JA762Y
cnB3OsZDwm8
cobp8fsEQQs
covdqf2ZQZg
d0bC3AXheDc
d2wWjmi8tIw
d7MBKGheQHI
d9t7HTcWE-w
dG5MZz83R5g
dI_2AjrfoIY
dJywkG2MQS8
dLH5485myYE
dMC9VBHD0yw
dMsuVjYjfag
dNVEzKpulR0
dPXCZloMq-I
dTw3hWa3E8M
dUbG-_YobLE
dVU0VlGtfyc
dWNCLZLSnT8
dXDrA25xSuU
dXclOvTkp2Q
dZ8HDHwp8Rc
dcY5RE26SVE
de8lPSDkua0
djRaqrAJOn0
djlOVlOFnIk
doYOQpn1nA0
dx0bXPTYxpY
e-nbqxlNsNw
e49cmE_LOHM
e53QBQzm7xk
e8GzpyabrjA
eA1qYGFKl7E
eDUNCV5lQWU
eG4tbDiSOsw
eQF0ZntEIxc
eSzk-LglkRU
eXRG83GBeHA
eZDbrCNcOdw
eZt-O2RG17o
e_VHiFe1Pxo
e_iWq03S6iM
ehKGHekpUjU
elz4_EO9ep8
eozMYyugJSU
eplv3bIxcjQ
erEmKFXWUtk
eusamPMdpR4
f8PVErq3JlU
fD589WdlAR8
fIfkKVI6faI
fTg-U-eOn18
fZfUgev0foQ
fZmb9rrDB9Y
f_-7fXbWZjA
fcmOrUW4ofI
feKhYTEtMaU
ffhy5ipnkLc
ffk93fYjTBI
fhhBme2oiZ8
fiGGBLmLREo
fibFtmmx_YM
fifheRA_-ak
flz4s9dT5UE
fnHHOlw7tfI
fnmqUqkI0_k
fpT4xeQCLRI
ftODynIodZQ
fvWbp7hN2yc
fxiO9YhuIQo
fxlrIxex_lw
g-YjOq_haP4
g18ym4YdjOE
g58UsPGlGSU
g9Tt5MximF8
gDLK0PnQfNI
gDtsYoeezWE
gESzgA1MzuM
gGDdbVDcdAM
gJt4D2yLjZ8
gLGBQLhtFEw
gLxdSRPzAxc
gNTe5E8Wy24
gNjIwCt6e-Y
gSpfexiOOgE
gT7A_F0Pv_0
gWqBuNfTcEM
g_YP0F6sr30
g_rhicADwSY
gbqXimEuma8
gdNTKNLy1k8
gf-GpWOWYx4
ghmfwjv7Cx0
glEI5slMEwY
glOpCWyJlNk
glcgF-jFJeY
gmqkQJ2_2JY
goQsn3-1Hx8
grZxNSFOj4c
gsdchTmtibQ
gtk8-oKN2mo
h0lMoQ1Qih0
h38NKRVfWHY
h5TbdfFRhNU
h5veMZp33Ks
h8eNADCw-jE
hIakLJAzt_k
hJ2MGJTUCjs
hMA5cj27o7Q
hPoWbfVUHzI
hRkJ3aeUaZc
hT9yo1qZM5o
hTL8T0MaIN8
hVZ91cw8jVQ
hXGG7-5zSOA
hamgDzefhrY
hc6g1A7QrDA
hchQyTr2c-M
heQdMnbeXVQ
hfkDAk2IRPI
hgPBfibI--E
hgzHxgrE4xU
hi-4mH_yMCU
hkdUA_6jDRQ
hlgYVgaemug
hnPYdVftSTY
hrxMDx7m-OE
hsyNWITKJLM
hv4AISF4nTk
hvOCzrY84JQ
hy-zFw_5mfg
i-mFoZ8eP_Y
i0KSQfefAuk
i2NAvxVo2hU
i2l5OSiu09Y
i3Et3Tv8AZo
i3uH8ulAEfU
i4BtVSYfnp4
i4EFIxHITgE
i4d8I1AnN0s
i5fOVfJbLE8
i9AkWGI03sU
iD9gx6ZV5XM
iEDryFSeE6I
iGp-0Gnx_VA
iGuvOWbsh-s
iKEVoY2SAho
iNtHsqA5P_Y
iQNdZ8Lz1F8
iRwShE4f5_A
iU8fZrI3VCc
iUOKSR66J2o
iVdism5rtKY
ia0vRS2vA64
icy1556fgdw
ieekWvnPTOY
ifNS1AiWBzQ
igF3Ih3wsDE
ijYPoVP_enU
ilkSz0meCyg
imh9EAGp6UI
ipL45hlwi-0
iq7k9OgQHag
irZ-8Bn4bRo
irZT20F2k4M
isb65JIvQo0
itAsTJTBOW4
iwjTBEnab2U
ix2owgHFOFE
iz1SReZ3j94
izQPTU5kAh4
izqJQD4UcoI
j2Rz290iojI
j6r-x0I58xo
j7cbwUQALrI
j9Gy_Z0sJx0
jAYPDI8AAYY
jHaPV96Vjyc
jK3zujM3ve8
jKvNDduKXjQ
jOBPbgyY9r8
jOPyZmkNqcA
jS4EmwV4_3Y
jW5InweC9yc
jZ5U5GSe36U
j_zUmAL9dKk
jbUCD6Nb6bw
jc-aVt9d4iE
jeFFymGC8TU
jergI4iqAuk
jfLlW-2hBNI
jgwW6nIISg4
jl-e9MJL2kw
jlShS8h__eY
jlWPcZ8GpFo
jnq9o9QSogE
jzRyQcEK8sQ
k-PvoGxkmiA
k1VaUAZXBNI
k3iNV-hqWHU
k5cZWsmH0CE
k5q_MVT4d4I
kEkiAn3ctLA
kGo4a0PMN7s
kHWssSzpjy0
kHX7papKRkM
kHcDEkpn4zs
kQ6Q2eZE7j0
kXBmtF41nlw
kZ7YqMcp0JU
kb0zeXXRbTM
kdWMb2mQWiw
kgsyrWNsesI
kio2HSTl5cw
kjsLdm0cf9c
kpWt5MkDG-o
ktEDyJSO3Ko
kvPbz9wyycA
kyo0TYTAflE
l-TIAa_0CQg
l04fuSr6ft4
l3E_VjtoOAI
l42OiUoA-_A
l6tAhm5Xmj8
l7gJcRaT1xI
l9t76YIhpF8
lA1nuR9_YNU
lA_nuFae1TA
lERGmifqlW0
lFRGmC5f9r8
lFx0UcAv5nk
lH4Nf9rRAPg
lNljWQawkic
lS7rnOCAk70
lTR2j5Aw4vo
lU1jJbuOBrI
lWlQDeUn5Qc
l_aLK65Zqq4
lehHX0xqUWk
lgB6iqOq4Jw
lhVuRPlFvto
ljlxhowP5E0
lkSoF_JzZhs
llIYFjxkZ10
llvliLwSQJw
lmuTMo0aRy8
ln0za_IsQss
loa-LviiCD0
log0vX5n7pE
lpIo_WfyFO8
lqIN178s6aM
lqXmHQg9KKo
lqjFwqZxjdY
lqltoFGDg1g
lvxHlFIoi7c
lwPVlWfvWXE
m4opFI9Nx3M
mCw0IoYp7ng
mETJXkIdgaM
mKhn3r62tAw
mKid5RJTzuM
mMuzbanv_Kw
mN2_kYDPMvo
mOJIBL4h7K8
mQhyGr4bm9Q
mSmHWRp4b7s
mXVpH5SyHGM
mZdIy4kARVQ
mirUEBW-t_4
ml7wT6nwWGE
mqXU2VWKUzQ
mqwfnDwSDVI
mu3CBGjRxqw
muJH_2-sELA
muiz5PHYNKA
mweHo3o66N0
mz1RPwCigQs
n44L-SOI1I8
n5s88avILaM
n9JW4beQeAY
nG27_orLjMI
nH7TIXgX4Q8
nHjXP1sDvcE
nJ3bSt94JWY
nLLEItqazXM
nLOo_HNkT-8
nO7URIlWDis
nPNeZXoNtqU
nRWygfG3D9g
nU2Fo--wlps
nVEVd_PVbX8
nVu8FMyAb0g
nWhsq8n-ts8
nWod5QK5Xak
naYIhAid9Kw
nafAOg9l9xw
nbtWp31L7MY
nct0bwZYGGc
neR7XBEkfzU
nglrnIbezVs
njeqwtCKG-k
no15zc7OBdI
noH_tjzFKMQ
noSSUZYyRjo
nvFhdY3AOfk
nxTEc_UotCw
nxVJm2uWXCc
nxaThFQCui4
nxwslvShqtc
nybAESWNfxk
o0nz0zwN_xs
o3VxIrbGS0I
o3Yq7c4wUbQ
o5rmuYMmIXY
o5wkugpnelQ
o6xWvJjKBDM
o8nhmmIVAbA
o9GHkFb5Kp4
oAlIlGM1wtE
oGSTb3oBYwc
oGtrxAGhxT4
oGyGqpPhnaw
oJMg2a3hd4Q
oJptzFvzmsE
oKSy3PVPfhw
oLl5GUvhFRw
oOnHiq6XLG4
oP8ZzJNiuqg
oQrJT7_3GKA
oUJ3B0QBq_4
oUbHz3SUSrs
oW7LQmGY_9w
oWNMYKDSGSI
oe0caMSD4xw
og9n4Lh0sCE
ogbnbpYv888
ohzd-wTcTZs
ojqszD9iTYI
onKpfNiHv_o
or6pax3rQvc
orNxHeuaTdQ
ordaVmrcAnc
osx8ppr3XtY
osya6nU_G5M
ow4kVXATCso
p51z6LBZlBg
p5QtweAAkD8
p8XGHQNDzBA
pA2BjTv5mwI
pBzusMhj7hM
pDHu48ymMyU
pDuIYdB6dwY
pJiewowYKco
pMRoUuVxSrM
pMV4RmC0hG0
pN3UJqPqf48
pN5AmjNk0RQ
pPPfNwJ9-1o
pQ1oc8oXwJI
pS2gVovYqF8
pSWZjoGFWSY
pZeQ7yk86Wo
pbj-pehlP6Y
pd72AysjbEI
pdcAkg9edp8
pex09VJaEug
pfjmefpzIiE
piOH1QNbYXA
piXh_TJz9h4
plZJRew0484
pooDhPwYiGA
pu6bOJijlnw
puVSmnSOTH8
pzlMoqZztHY
pzrArN2DNsE
q12rJXMRjVQ
q3SaUo6GCOs
q6I2K3kA4XU
q96iHgsU_Ew
q9WirG-SaBI
qC2c6ciPerM
qDj0e96WfrY
qKhRFT8FkfI
qKmM2W0PbJo
qOtkPb4huOc
qTvAI7w5omA
q_bIUHnpnHk
qctJ0903kpU
qedfrjlG4co
qfN4USEjb_4
qfdksvtGpEg
qfv4jiaDcr8
qguKmS31_Lc
qhZXKcjdzw0
qrnCvYwPV6k
qseRue97iAM
qz1qQruRVhg
r-W0Y5YVq5k
r6AbE7U2uQU
r6YXyg9ScF4
rKPmxmArv3k
rNV1lpeCwTw
rQXINlDCs4U
rXUst1RA90c
rdJZzBS7zQE
rdk-RUJpSHY
rkTapzrvMx8
roZfQUYNewU
rqLnXtetAoI
rymTgVtWFXI
s-Gb-vdx5aY
s0Ao4dKve_E
s3oK2Dsa2HE
s5NX4gvkBb0
s7VH08L3dM4
s9E8ytOX0f0
s9P1xsOps8I
sAG1uQItRmk
sBhg722jM9c
sLzSwsFCDAg
sPSsWYCckMQ
sQXUZK8azbg
sV1k8t92CsU
sVKiJ1lsKeQ
sZnhRD7UK4w
s_CBHgCEnCg
sboYJWDIrdA
sfM6VPaAfso
shT--BB3LEs
sjGGQqbCoO8
skzZvoCM8SQ
smQl_65srdM
smtzSYTHHeA
snU0idge6bQ
snXeEx4Iw8M
soJ0_cmnW1I
spXVDqt9dVs
srLRo_L5Jd0
st0-QRDryRA
suOocJnrKLw
suRdcSJnd3A
t8XoGDEiPP8
t9APTMHHyPI
t9_nEZvPmrQ
t9nZNsldEDw
tBxq_bftxQY
tC6cTXm9wvI
tELRe3RWAcg
tEWqg0545Ns
tEsZpCaoxlU
tGQfj_pzKg8
tG_-ZRSJd8o
tHkPkpIwxyo
tHsvLfBxnHI
tIC5nTgeDSg
tJK5dh03mzc
tJjsh52AZbo
tP9jBxg5-9E
tTMvd3jHeQk
tTUb5nnrkBw
tU2VH_S5Bwk
tZc41ven5eI
tajsaRDHwJ0
tedrjwCFqac
tela5V9BSQs
tfDKysrud7w
tfJs0BsQFyA
tgZTgjGeLu0
tgzhTkSepSI
tnFPEVOJsrE
tnxuhc_iF7s
tpTH-b9CvqY
tuU81XIu0pY
tv5HhWRWbgM
tvTGjOcvtfE
tvzgJqpapb8
ty8XQ8W8VXg
tyGIfuuU3cs
u2a7n04f3r8
u5z8xtsRF6s
u9UXm0a6DXc
uATGc6TQuLA
uDxn9wNg5TY
uI5HlalZOF8
uKw97ttBAFg
uMPUrVHJOPc
uUhr35eGwCg
uUqT3f1ZUuk
uYEO36dyFvk
uYkYXC9fEqU
ucEIGshSGgI
ucPF7Ujvbg0
udjiG6VgtX0
ueA2d_TjTVU
ueoBQWoO8iY
ugbkLtHy874
uhICddotuIY
uhs4DabqB4Y
ukj5X2zaFTA
upVd1gQPEEM
utHSs7Rfmn8
uvRaxZA4QHo
uwjvGHCtm7U
v9f3ooDCJKc
vBEIp7JDs6U
vDfMybczw1k
vFM2atorQJo
vKg51oMRY8Y
vMvat4DrIkY
vNCcy2tk05c
vNQBsxk1Vxk
vPuRLjdhv5M
vQ29hAzDlS8
vZWECbkBgRc
vaTW_q6VgrA
vcWcr8M6MPs
vdbQcwbSV3k
vh6WmfgDHLw
viJ30fptsqs
vixabPABW_U
vjctPTVZOpY
vlMOLE6sslw
vlPXrAhatNI
vo1gAkMQLio
voCam3WFwxM
vr4PIYWpbow
vtR_i6qnyMo
vtYqre2IBWs
vxabxotSF-Y
vxbL_Zjcnpg
w0V0Ij9y7iw
w13Zg06MmHQ
w9QZenh9tF0
wEOnNm_J1D4
wIYDig01ju0
wKEv7LA0NzA
wKMZq83Yagk
wOg2gYRUie4
wQGl2k8SBPA
wQOJK9sf1K0
wUk0QHsenaU
wdtM3v2Wtko
webaZ5CAQDE
wmhqF7QBy4k
woJGYitXLhU
wpXtQfRGUSY
wqxyp7vkk9o
wrkOPzoLc5k
wvDYLCei4SQ
ww1kzUjXMng
wwQlt3h0fZs
wy2lQE97B-8
wzDg-6_kyHM
x--hcmPI6Vs
x3FXr2MAyRU
xFarMHIkHYs
xGIBwfWuI2o
xMeHJRZybsQ
xSg8AJQv4cY
xU2NpELADjU
xXGdEBZmdwg
x_isyBWg3QQ
x_sE1lTelSA
xdrj4eif2qg
xegLf7uV1es
xiRjMsGgj-c
xkN7bH2CpoQ
xkicznsnkqQ
xllavZkRqOo
xpJ13SZFJkU
xq6G96fyAVg
xqGL7xjl-6M
xsay8Oa6k7E
xuASydTUatI
xvcJP4cgzAo
y-eXyUyy9n0
y1r35zCWaoA
y3cIzc1MmgY
y4QfochNmiI
y7B69AMyupY
y9F6ojSvGvI
yAstaA5l50U
yGPqZdTD0SA
yJ2_R-T7Nes
yL4qJ-6d4gM
yLvtdxp-mDE
yO_8IPdubtE
yWnNetcJlOE
yXiqtv2hoS8
yYM4qsw-4NE
yZxrku8hDeo
ybAELizrlnw
yeFxmf3BrFg
yl9oNDgR7YI
ylk_meyeh1c
yt5WpUPyoaY
yvFuxVJq9ak
ywXxUcp2suM
z5huf4v9KIk
z5kre9w0xic
z60v1LJWAWI
z8-fdJ772w4
z9PdPI9Ezo0
zAzQ1JgsP4o
zCWn20UKz1c
zDjVkkvgWTU
zESpC3A-YKc
zHdj1HW4cQw
zLlwOzAG8rM
zNEeHDcu6OY
zNRSeo5tCG8
zOK5H4aQETo
zPeUhVqyzdM
zQoL1QGaGsQ
zQxAv8mBlow
zT01gcghcQQ
zUWf9TT7FoM
zVD7csxnEXg
zVNhZ2X9Sn4
zWv05ktVcLI
zYCEAnfzeLw
ziMAWonJgz8
zrYwtS-ENps
zra0Z7IiVKM
zwulprcPjCg
zx5Ud-DQO9Q
zx9rT44hGSA
