--5-4WPEs6Y
-3Z0l7QrsKo
-3rtedLsJFw
-74PvYSeQ4E
-BDzskPaI24
-C3CjOkF-jY
-Epx4Wx1Ckc
-F_ZKfgRcbY
-GZ6QJYk2sA
-H5CCsOnjyc
-HI259iP4BI
-K2hEK3my9g
-L7o6HtX8Vg
-L_Z9pZx4Ko
-RfRclWgIOg
-S8RTFaY3gw
-S9pP04vZ64
-T90waLiwQo
-TGor3JhJ2g
-YXKidcrIQQ
-e8pwXWSL7s
-f_NK9azCJo
-hLYXqqgfAY
-obMRgp2AO8
-t2tGG8nFlI
-tsgBV08O8M
-vx_-H_158w
-wXjs6DXoeY
-y7UNb9edQs
00DIuYD2vUc
01TuR5fELNU
0CorKdmwXys
0DOTsl-Csic
0Fi4-cWcBPs
0G6gaLqawZA
0M-0BIbyv2k
0MVrKz4ea6k
0NGmK0RqctU
0Vw1iYAc-sE
0XY5f8pqUoc
0f6_2TPQ7pw
0im35IoJ6jU
0oiXO9G7-Lw
0op0J2oo6VM
0pockS5GFsc
0qD_OSQm2Oc
0rXQ7D19mhY
0tCu4jmSFz0
0yoR2gCxsyk
10qKWuAo57A
14HiLa02E3k
14RHOsEL02g
16BnWbozlK8
17pkyQMRtk8
18Vvb1uAgf0
19tGDN74eME
1AWyPB_WaXE
1B9XnNGHpzY
1EaDlvibc4w
1N118jYj2cA
1P-xJmU5vZo
1U0hFvDH8Ek
1Vg6gsBTmt8
1ZLlVdfvLYc
1_F9a_0eUVA
1_wK_LPrxEo
1bNqZt5556k
1bw31f78kPk
1g2mr_ag-tM
1g7A3iWqT4E
1hxnbC_11Cg
1n5aiMpWSsM
1pCbB07YMqQ
1pHAbXy2ai8
1pS92ONVte8
1qMmPSSN2-Y
1qdRyMgaR2g
1rdZ1WazoBw
1rqnHPBcNaM
1svq5cwkANk
1vqAAt647cU
1xga8en4Z3k
21dUuHeC7so
21znXM2RPTw
23g_5lnuMhY
25SLTtOXGEU
26Z9K-TVBAM
26hPnHFcmfc
27rLZ16BTFY
2ArrbBXiCVk
2Cg2uXTJAn0
2IEBSxXFmRI
2IjV0ehsG4g
2LzA2A6J74o
2QEs9PDr2ww
2SfOB34f6eQ
2ZlCk4RqUNY
2gEzM2j1TK4
2gQ1v1AxHKc
2nQ02DcaIjs
2ntA246Fokg
2p3wZTI3pJ4
2t6xVSxkXSQ
2tKQSp2sJ-g
2v8yGN76i28
2yu3H0Jb0kw
2zDUzCR6-oM
3-J6JgRVw5I
31O2gkXa83Y
326cBml0DZI
34VAb7GaQCU
374ItP8thgA
38edFqhoqGo
39RN9RQpbPw
3ATnIls5HSM
3AiDa3ZD20Y
3BC9Fz9iQ6I
3MJo40SgETs
3MnlzwBSCCw
3MukUd09lBQ
3NLU9BAStQM
3OO5p6DmoUU
3OocCr35_R0
3Qb1GPiAy2A
3SoFFOi7nQA
3StJpUxCP8Y
3TGAFYanfiw
3VTfq0ZBhnM
3a6uVzmocnI
3gz_4GgsTik
3nUkHjTxt60
3o3Drm7_upo
3qDDp0sQ6Hs
3sbcTuMJJLE
3z-gXDSqO2c
41AZGzFCBlA
45IBKWJyJ1A
498rnIZJces
49OyGdb_sXQ
4AI_ErLFpLc
4CymE7wJJyE
4DfSLiZNSFQ
4EhCsyQhbYk
4EuOx_8Gio8
4FFsSs5WDXc
4GS0Ybdm_Zw
4P7iVhs8W1U
4QFI2dJ5wno
4TLkq40ScgQ
4VnvfMH0fCs
4YH4bJ0yEkw
4bwj_CGFaEU
4cLmEhtveY0
4eTM9QyHwaA
4h5YRyI_-SI
4hQGEXVKKEU
4lPD5PtqMiE
4nptYoWdB7I
4pjkkUGlGzk
4qL1tiwdbq0
4tglYJNnQzg
4vI5UYlZ8Rg
4wFsHOr0vc4
509Hcz6QKbw
522Rw4Mu7-k
52iM5TOkwXM
562DJZJNJvQ
56KQ-URhE_c
58CeNaEniNQ
58r68aCwtVg
5998SDUwBmo
59XePu0JYBU
5AAXAdeFYuE
5HuUnJHf6yk
5ImkfRTu9TY
5KfXU9A4t0g
5NBeFNMos5A
5NtNnJDo24M
5O162SAvP6Y
5PyutdwHDf0
5QXCoFm4WIE
5S6s2lh08WI
5Vb_8Yz29TY
5bLk5v8W_ws
5c-TPNBaSXQ
5cXL-y4UkuY
5cvi8mlfx5k
5drJgt0Hw6Q
5eF8KsV-sm8
5evAZ5sAGxI
5izBPs5K0qo
5l406AXcQBo
5onjQeXfwUE
5qVIaa9Nr88
5rdEdnD6o3s
5swpGFbRsb0
5tH8FMK5cuw
5vCDzuXIk3o
5xxdh3bmgfw
5zt6_knK8Ms
600qR6ElX2U
6BTJ7feX0aQ
6Db_8Oyy09w
6J6Krb5nBVw
6KrKrFMWJ6g
6L1Q6GkbshU
6LRUxl06DpM
6LTGr27i1Uc
6PQJmBLJBdw
6PsDqVMnvJ4
6RvRFyLiv30
6T3nlXg_HtA
6UYQnpDT1UM
6VNDck_GfFA
6Z-3l7ibrl0
6birw5I-yHY
6bjNQ0L2mDQ
6fPvKukBK6k
6hEZ-9ac7rQ
6iyfnjm21mE
6ncmmtgbvOo
6oHiPshv1bc
6tMezFh5mHo
6u0Fp1Rh79I
6yM1wGaQ7zY
70XMW2fxHtQ
74Lm2gLSAgY
74wMmVfxiKo
78At4_JsucA
79FcO5lGfq8
79MmJgkhPSA
7CNoiS9nC1w
7FEYMlF3LkU
7IAu9WcGY88
7NQEobV_h7I
7Pli-I758fs
7QLxyL6B54E
7SA08l1X7ZU
7SCdnSdpAKo
7Thyrma0cwA
7UIThICPEY8
7VB2Xt3SsEM
7Z8upKjxamw
7ZEQkfEFYhA
7a7cx6dCTVM
7baHe5PzcL8
7dnI3btuvlM
7kDcbw9VvdU
7s7zOIlQKXQ
7vjVcMb-2to
7wc8p33sqW8
7y7lvhExdLY
7y9PrlTDt14
7yJTv_ocpxo
8-Yh-Mvqm4I
824LKuH1GGE
8AAxq0my63k
8AokP2baiVM
8BQH4vkS_Tk
8CFh2PiaGxc
8DwUggq8P8Y
8GHOTMTe48s
8GxwHRf1eOg
8I1pfIiRvTc
8JAXFVkB0No
8M4saoWj-LM
8M6HnlYlyNQ
8PZa_IUnF70
8Pip_puDIOA
8Q39FDdkd5g
8VFOgeP6ckc
8XJimNOxQNY
8aL__rMfhIE
8cwyVBdSolQ
8fZcL6OO9aM
8gE12Y_kMKE
8jlBeRTg6Iw
8kaPK4jtQUg
8nkvfVSpO6c
8rgk7_jREjA
9-vENkGq9P4
93hS0vl_aSw
94GBE0v8E_U
96-Bu7rG9cQ
96chl8pif2o
9AXBzi7_2IM
9Cf8T-bwhcY
9CmtI3ByO4I
9DMDNaKbSa0
9FQqBnalbiQ
9HiT3b-FJ_A
9IeQCDMN6Rc
9LYO1A0lzL0
9LY_AszqXwA
9MVRx26rRj0
9OA2hVssdUM
9OHxpAUesrs
9ZK8zhcE09k
9ZflWGh5mJY
9ZjHM-UkWfE
9_x11mLAn8c
9ahUd--bs_Y
9iH9kiiDpIQ
9kdy6IpoHEI
9qYeX-6ySMs
9qm7Pmdhbco
9tfVkTjdQc8
9ttxmg2nBOQ
9zEnI-ZWwV0
A-D347jAUaI
A1r8gpBwxyY
A2BLTOkEXq8
A4JjVpD27yc
A4tzzoRU4i4
A5M8luKkaus
A7DV4gcPuBA
AC5QyLFS9rk
AEZrHTMwG5U
AFLNRNUUz2A
AF_DUdrXUoQ
AGcbp2j7gWc
AIMOJV1iYes
AJM9KdNh5A4
AJnZ34reFFo
AKSYB7IBCIM
ANLZoH6PFSU
ANbhxA4xJ3g
APV4AooEuwg
AR7U1EfUGtI
AWlmoYFz6BE
AccXyuIEduE
AcjfkKLIW9Q
AdvfkeG2k_k
Ag8J4s4jsyk
AhgDD1HHaW4
ArVEH6KS6dA
AsIzBKLV_T4
At5Mncdbe4M
AtT7S1-qT6k
AtuX6tXPRB0
AwK5qOCYerU
AytYxY6WFAI
B5O9dhya-Iw
B5oOdrpyMd0
BB0JM8LTuoo
BE93By60rBU
BHWF8XL2zt4
BIHXhs7rYps
BJuuOh8UJzM
BKjeWNw6PqE
BMN2qV5v2YY
BQG0t77YffU
BRudev7sU-Q
BTgLQnbvi44
BVPtzNje7hM
BYNX6Ph5eJg
BbLB5ubQooA
BbPQzDN0tck
BcaNIJetarU
BfpkhXTdVwI
BgHYdvyTCJE
Blq1oeJgJDk
Bo0koTYc4zg
BqBtGTgK1bk
Bqhezd0mRL4
Bri8D-5f3Nw
BuEQWBx6iao
C05y0pESIY0
C0biE6wvMHo
C1AdOVUArMA
C1NsfkIrpL8
C4cd9qCJOZo
C5agE6ryN84
C82m2QhMqGs
CCf5n4T3HE8
CDR4cRm_Tuc
CEMeDw7dCb4
CLrgOz9RuHo
COCYwmDvIfA
COw5rVvbAmc
CQ2jWXW9VAk
CRNq5veiYsw
CRQZxFAXgTY
CWzynp_5dlM
CXLz0RknKcI
CXXJ8DhGHMA
C_JDnRLvixs
Cc_6y0vnN_s
CiGXfOPEd68
Cmcf2lk9Ubc
CrcEDWgaXSw
CtbZm_kdLgc
Cu0cHnrsrsI
CxfXl7RRlQc
Cxflc_oQzHQ
D53XjAA1LhA
D6T19w8lUgk
D7UzbBFHXuI
D7d2ayLb2lg
D91qaV_h-_4
D9sgy773MTg
DCEC8nLq0LA
DHOSiFzcHJ8
DHnAI5k7srI
DI8N5-N0eB4
DI8g-SWvfRE
DIabKFjzajs
DN7O-vv1CUQ
DUpcSl3xkh4
DW99N6Deui0
DZJOxVUXwTg
D_l7JRZwvcg
DaLds_W_CTI
Daa_uTCtWZs
DdTPimwD_ww
DeCuyJfieus
DgQIOLBx3fs
DlaB6Li7kJo
Dlsm-SHgcyc
DmeYzSl1_b8
DonpDK90utE
DpTmjuwfDkg
DtBdlq9OitA
Dul8G93n8uk
DvEwy2Puu8M
E2ysewvovQw
E451RvqXtX8
E6PsttriaFE
EAQOPzTxZmo
EAvJjsPsfvQ
EBMTgV-S718
ECtyuaLX_tM
ELc75R911os
EMTEKNLAwzI
EPRstkpHJLk
ESAwKFvhZt8
EUTGtoIzkdk
EZ1u8BkWV0o
EZ7SEOAtsYg
EaIwc4G21SA
EbTMC0LwO9o
EhRsyCaeMNM
EiubM6n1HTE
EkEL72AbEWU
ElVShISbYS4
EnDBvGKdJyc
EnxdmWiEj3Y
EoOpeGrqagI
EtRgJ4iy_XI
Exm2Lg2-jcg
Ey6mnNHcJwM
EzMc6_Atpx0
F0spF1fv8XY
F4sGcQhdWns
F8sbNkKr0hU
FB0Ab82iezo
FFCgtT_0faE
FG1N-WljuDw
FJqOf0CI3Fg
FMrIdbyVpNA
FS0QkDRZ2Os
FYRkEm2Xnz0
FYWNAMjmkNo
FarQv41WQNE
Fd79nFAOuPE
FeyMDs0jhFI
FiOi57ZXuyc
FiOsR6vTPRs
FnTsA4rls7I
Fo2JNzctM6c
FtyC-wt8I80
FvxuYw1ZyxU
Fw-muukeWN8
G-cdANS2log
G4gjJoMi2vY
G7XQyDOG69Q
G7fr9O2Z6mk
G8PP7_JyYtQ
G9prbxAGNFQ
GCTtp9S39AU
GFK2Z6HZecE
GF_bsZMe7zg
GHAYvUgmd68
GJ9rw6BQYIw
GLk2dupb2tQ
GOagFXl9WPk
GRIWaKTh5nY
GRtVR2OAvMs
GUkYnsnFM80
GVpABp9X6Cc
GXCFScV4Q5c
GYtQZb8yqfs
GYxpm4Taj7o
G_eBeZXXZqY
Ga0wvRWGR1U
Gawuuxj_ogQ
Gbfv0oIG6XQ
GcLqnQw_2iE
GfhrEEcqKlA
Gg1O-LdmKuc
GhDc1CFGvjk
GhSMPu97fSE
GhgmGZWGFKk
Gjlvmwost2o
Gnnj_YjdJgs
GpvdZEwt5j0
Gr-sQm5F9EE
GtknEa8RI9E
GxXCAFeMchk
GxkCer4Gi-s
GzxTV_zbBS4
H0AxVorRTdk
H11DNF2RTlk
H4nYcoJcdk4
H4wF5sv16Xs
H7tsc2PoWBo
HBiZSHU26bw
HCJodaZkm8o
HCnAjKOBSQo
HCqZjJBQxpw
HNgcrmCPnBo
HNl5u7ZkQmE
HZXgAgvxwB4
Hag6nKmk7j4
HeOAuxyEgUU
HiSiDSiAB28
HlNJKCoqvbc
HlU1S-wW1_w
HpDUz-D7aM8
HrVFXcJQbTU
HsEgrODlIsI
HuEdXANgSXo
Hv28Hnx9uCg
HxsixgupBHY
HzdkvyBDVrI
I0hjQAzF8Uk
I1UuZHuFoHI
I2nwJ16Js38
I9aRb6A8Go4
IAFxPXGDH4E
IAHU2ad4_XA
IFXeBdaZTfM
IGyZmFhs9nw
IIhGl0bYjHw
IJS5D_lHDn4
IKY47g2x1ag
IPWs2Of3Uos
IQE6HJHORGc
IQvyRCk8kL0
IVRXJ1Gd33g
IVUjJpk0qWc
IWBtPXIgid8
IXGP_o9ymU8
IXfwJCc9cxc
IZ6NVGbjx6U
IZOq-_LXfHg
IZ_gl7AD-OU
IZevtYLdB4E
I_6Dy6EIprs
I_6tU0guHIw
Ieg1F4nreRw
IeloJz8mbBA
IkQgu2JtJbU
IltCANc0SdY
ImafnGdtEJs
InucH-UPCtw
IpbcKzs03j8
IrWGwpXMfso
ItKTjume93s
IwbCtP3iuTY
Izz-mWi1Q6c
J0Kt0hNwaCE
J5C1ypvgkog
J7lnFUJIbrU
J8ZOttyAs9Y
J92mYMPlPTQ
JCPWCdK8lSc
JEzNk5I4Rlo
JFp257QICPA
JHVWg0cLTgA
JKfyas2_8U4
JO-asSSucBM
JS-HMnluN-8
JWZvGVRjN7s
JWnyG0brpSg
JX1-w1MSfYM
JY3BPMOH1eU
JbGss3sqkKc
JcXRAt2rFjw
Jcp3BKtZC5w
Je_S2NPBcQ4
JghI3-IUM3U
Jkbum9TJV0s
Jp3dBIvURIE
JpJ4VxR6eoQ
JtUqsYcR6mY
Jxd61lQJyPU
JyXtrGED0Vg
Jytf3iQp5YQ
K-pCGndIK8Y
K0GRBMSCIK4
K0wlPVPdywI
K4QdMR2s5_Y
KHMsPOxiYvU
KH_5RESRay4
KJtbiLLlX8M
KOCySHcYS_0
KReLjgIuty8
KSfPmjZjVEg
KSuYDQ7tFEk
KV0e5cMXOSw
KVVuZ49NDT8
KXYmaFbEUVQ
KZrGXzlOTzw
KgZuk6e6MGw
KiDFbxCvAeQ
KincLWoJhbM
KkNBh24cLvo
KkRQKNyPPbQ
Kln_SgDD9Nc
KnI3qtUT5y8
Ktqnc47R12c
KuJbfgLqSLo
KvfzXkKPyaQ
KwRv1oS0xBY
L-wZlsLZ0AE
L2EEq7iMmqk
L6NzsUN9Ewk
L6XmDg0PEtE
L78W-tQ_Rrg
LA3HfJ0k9UU
LOuumh83zj0
LQQ5rlzwca4
LR_rMKUF68E
LRwWkHzGDpE
LYBtS1eKO94
LbCU3brYSvw
LeLhg6spt78
LfzH9slyg64
LiCMhrPS_kQ
Ljxqo9U2pc0
LqJp4byD6Cs
LqofXgLAI04
LqvTdMu0qlc
Lr0AMxtz_us
Lri_dfoOqAE
LvObaTryMNE
Lw9oNh9kMkA
LwyGWPqW15o
M8xKAYLXbYA
MGveBT9VFnM
MNSyHko4wN8
MPPcKdgZWg0
MQgUCf69QsE
MTogtDE7M7Q
MYRVnDdQzgs
MZse02aTl88
M_PWrgSmTLk
MdKzGh9stFs
MfXEnPO4R_s
Mh7UhEY8kO4
Mmn_gsmCMQk
Msv5an6Sv9Q
MvzJBYIHyHo
MzrbqsBNh8Q
N-1Zb2ukfVY
N0ZRpiQVuYw
N5UF8pJqr6w
N7Rvjvw8xaw
NB58IRNWmB8
NBQA6gDedV0
NBR8V4pUJv0
NBuLDy0Rw4E
NCnPrUL2w7c
NDxQ6qSRKgU
NE3OB1aMQj0
NEwMYloqko4
NJDoRN1B3Hs
NKDRRRYjhuE
NNIbzKXsSbM
NNWEWFWtJ1Q
NSfyzkUQIqE
NSr2VQowmys
NVFzt7YW2Jo
NVV4Ql3s9FU
NW6TRN1MuXo
NciEHsSsLn4
Ndbzl-4123c
Ndl7kkhQfaQ
NeNu_wGw1Zk
NfRMe-gnP6s
NgEomlDoGm0
NhyWbN7ieH0
Nj9crmLFx3M
Nk9kDbRIEvg
NlkVMf4Z3mw
Ns2nAjQTjWw
NsR7201BKkY
NtjBvi0G8KM
NvwtaLYHrfE
NwQGxBf1A9Y
NyBqfzs-Gzk
O0k7mEIkyTY
O2GTFMcDY68
O2TGON58p6c
O4iGNXsqghs
O5TaYFi4UVA
O9sA1vPcLks
OBEkr0kcAHU
OG7uqZ1FLns
OKXNLDtQaxM
OLgAB6NX3lw
ORjtrEW8whg
OSjgsYayz-Y
OU9ePhMxUq4
OYgzlFs3Jcw
OZFX8FEpqOU
OZogWPH3cxw
O_y29rndeSM
ObJMQAl0u9s
OcF-Uf7SgDU
Ol5VjnbKmyg
OnPD_9_o9cE
OqRaKHUqjWg
OrOp22pY3a4
OzeFw3MXdtY
P-A09pBGYL4
P44iaXBR3bs
P73wt67tOB8
P83nKaqEILo
P8GXFpIwxT8
P9SadlHQOjY
P9SnkUxr8F4
PApie99Sn4o
PCcw2sPlplY
PEpchC1vwDA
PF7Uz2gJBds
PFlUbgEOS_0
PGFxroqR6pY
PGdjgqPxsDI
PJwU7P-8aSU
PO-tjNawQEU
PTIFkuBaT0Q
P_uUs5QHWbc
PaS_wViID6o
PaXPMCoC6zA
PdUzvxNi7hc
PfmUdtOlDZw
PgpFjIPXB2s
PhQXndUQnkE
PhzTX4huPq8
PnahkJevp64
Poc24APzPzY
Pp_5esRaj6s
PsIX0uF2n-M
PsheoKNDTHY
PtdbbR7b8oo
Ptm8FEQV8z8
Pu_QjQRp0hM
Q-3cyIqkQs0
Q-Kt-6joSns
Q1NMPlX7YOg
Q1Za3w3MAPg
Q2blJrgo_14
Q4MV1akdPZA
Q4souk_o8YA
Q6esFl4Fjzo
QBxyTdXgkeY
QCBUx4g5H04
QEDy6v3rBLo
QF0-Fx96e24
QGCvGzMMSNU
QHA7WFtHSuI
QHLiQQl9xwE
QHZ64PwuQkc
QIFxG4G0Tk4
QL5XoC7BEjg
QPY3Q-0KN48
QPfQ95ikYd8
QQhb2AfhTso
QQhlZ_j3kxs
QRKxs6Du4hU
QTNZg_iVYLQ
QTRYl_PZWGM
QTdO8ElSn6M
Q_3XPxRG6fI
QaN-wWnxj2w
QaYfBShOzwE
Qbchmshpsz0
QipTlf9yk0c
Qo2D1mIlhcQ
QqPUd0eI5yw
QruUlhP0mhw
QtFybK9n1EM
QuHGZlSgDmc
QzCi9DTL8yI
Qzs_zrKEoOo
R--MCeC5XLY
R1riPY-WLxg
R6M-aW_W9Rc
R6reLtLScBo
R8TO9kpJGKw
R91oFGj9phI
R9P8xMQENns
RArCbhSzwW4
RD44CBbFQdA
RDX5xdWUFCQ
RH94GyE5mDM
RNcji9CknMs
ROj5K1iUU4E
RUyoacwDzBA
RV39SyYNllM
RWruvnAt8yI
RdIg1DfS9LE
Rg05dFA7Vg0
RhmbbJgjHmg
Rhq4ZuhUlo0
RmW6QZAqqgw
Ro3ebLeu-GY
Rs0xPrSVodU
Rs2WtPds5Pw
Ru-_OaDsv7s
RxfWLsrsgew
Rz9_ocE0TTs
RzWppkh4JJY
S-WDC080IBw
S2mFL09a5Lk
S4xqQwckbzc
S525zDvRulo
S5f5IogG_Ig
S6lIHm0wWwM
S8Re5kdZzJI
S8igFp4XI6Y
S9thWEhCTaY
SA9JFqfTddY
SEjbpW5PRKs
SFhfwqyp42o
SGAQ1HmVaGo
SI-wIQdI6ME
SIAmVf67aFQ
SKY6SDDtRKA
SMCi8w_tjRY
SSKZ2jw2tb8
SSLLFOXUXrw
ST9nA-6uvis
SZWa_gD9xsQ
SZar96Ssny4
S_xViIj-vGQ
Sa8l3heMJJs
Sbp_EeBk-As
ScSs2-l7pTg
SgATPXy6m9E
SkJRylQxoCk
Sn2PHzmdEic
T24lY2op6gU
T954bhV3NbM
T9renrpO1xI
TAEDjl6MS3I
TB-P3i72i0w
TEppYVToYdA
TGAZJN3maWo
TJL06IG_VRs
TK4IVqUGMtc
TMVvaCgD18A
TNcFWlNQMsY
TNiJXQnR1-0
TOlvaSy5Kuc
TSUwaDhhxiU
TTl6ReaRhms
TVoQd1a9Vag
TY8oX7unbgs
TYfkvpS_DSk
TYl6V5NCAgk
TZO-jqy1IBg
TaDStKhgTA4
Tc7XMYyMT_4
TdmEn37wRPA
TeUMsejDEo0
Temp8l3ydN0
Tgd-lfPH-Fs
Tir9jtckkQw
TjrguRMuSB8
TmNARZonhvY
TnS5-wRf3ZU
TsTVipRhzHc
TtRBmN4D4-Q
TtmA6qyLZeo
TujB7dvy1Jk
TxPO8dSJu74
U7oCGMLdcQQ
U9tzDRVEYxM
UDXQL50Wj2I
UJdA1EXw4qQ
ULqYe-wtkh4
UO0KJyElr7w
UOVkFs2E6VY
UOqkhnckKTM
URtuRZKgetY
UWmRH1Xl15M
UYbsN5WImrU
UZQ6OmM3Ij0
UboIj1cZPk0
UczQkNY9PD4
UiLqJC8ug7w
Uikb6wjEbu4
Ukb9aZ6kLxw
UkeAXPq2XMM
UlCRCfXDHPE
Um3WqT3rPrw
Um98Xwi8S_Y
Upjd311FT7g
Uut7sukIx7k
UwWFd_9fUYM
Uwlt_QYjPZw
Uxd-CTIwJo4
V22VtTEWwtM
V3WuTKRrBhs
V9Yv54QPx0o
VDqfENcv9Ow
VFoUXFxmnSM
VFwwH4zed6c
VJABGF1QXoM
VM6FGJ8foGg
VM9AGpE0-gI
VMtvLNHogmk
VOwqqXfu3VE
VP_ki-W3cLY
VQNzMwacq9U
VQa77_bBcls
VQmLBZDf-Qg
VSZ9wz8NUR0
VT90j5-1rXY
VX_jkRI5pNE
VZ4dIz5q648
V_JjNnGUOfE
VdhRN0ZruWY
VfeWQqe4RGo
VfyVsjQRMaM
VhXJmCl6apM
ViWpoqbzLNg
VktMS30WccM
VpX1QTXM7M4
VqI6jNh6Drw
W0-HFT0wj44
W68U885ZwBM
W6zYwKIhwsA
W9Szb1HLp8M
WCWJmmG257s
WH5l0IsBGJU
WIJzk_M5L0c
WJD8P9Fi1yc
WJEvjsrfrWo
WPbvEqqEE5g
WQ5pwAW9lcM
WSHQhdREPkw
WUzeOF_QTWY
WWu6joLdi9I
WXd7ZnDlxkk
WZEBp6rbnnk
W_vA3t2J1TU
WaoL6cGOOMQ
WfsCoFOqEQM
WiaQznJmO8o
WjCwqCM9w8o
Wpz-8l4Dijc
Wr4FBGcb9GA
WsPpuj9TCQ0
WtJY0CqpfTs
WtjhHKka4jc
WvMQB16Gzk8
WvzaouJFLy4
WyAEUOYJlmY
Wywjnr8vQ8U
X2BarcK5FOk
X2ziwirYk0E
X7B1tsB2kLc
X9Rsa_se_qs
XBGe_efkbKs
XJEjQStXUoY
XK_apntw7zg
XM65RtBOzrU
XMIt7MM6f_Q
XO6bqGkH3qM
XPLz64TeHKA
XP_5qiETiPA
X_sViOs-38A
Xd0ryuZyUTI
XeO3vAPXiaQ
XeWJPaZRGfU
XjumLoAfOjo
Xk0Oan-wsyE
Xkn-RboJ_ho
Xq4WSEk_c90
XsBnVhqD1_4
Xt-XqeuRc7w
XtYRQKiVRog
Xu2Oz1kGrjI
Y0hjDusKJ2s
Y32euVvyPME
Y5qjj9618zE
Y6GDBKWmsD8
Y9FWJBPbZJs
Y9FzD7Bfy6g
Y9drVZjAtxU
YBEMuHdpp_E
YDl6A2tMeEA
YGI5HoSyB6A
YLduftx1AzI
YLlxTJ89kGc
YQ6VJYgmjoU
YQZdRX1L37k
YVei_vE8e1Y
YWR1TAlyq9A
YX9gLJOGGtQ
Y_-ozYTw5fY
Y_pzHcDDkE0
Yb6kCMx6wh0
YbIbIpIx9o0
YbX9DHa78qM
YboZJ-2GRPo
YdN1Iz6aoTQ
YdnT4fmWq18
YhJ3BNPNn40
YjVnqqnwk7g
YlrfujEp_X4
Ym3j5FyYnk0
YnLk4nDy8bs
YpJO62FNpqU
YrVTJd6mvpE
Ys39oFpnU0k
Yyx5PsTIAxg
YzJeQiDpqyw
Z3VMFeITBds
Z5kQO1lluRo
ZDlH5EHtbxE
ZDz-gEJS9BA
ZE4VBHVrLM8
ZFIQp9GiGsU
ZGZjPYVLL_g
ZGtB8toXlpY
ZJHSWPbZODA
ZKAWtNW-Xfk
ZKUcXCy9dZE
ZKpvDioSdnI
ZKq1_2UQqag
ZMFLkTjpCqo
ZR2YGfXvgqw
ZSepCNhEWDA
ZTQ7euvNd70
ZUTVMOXHTS8
ZX8dcmXj0Uo
ZYGi1A-U_YE
ZYvHdQDkGzo
ZZkrEX13hLU
ZaOU4_szscw
ZaYck0RGprs
Zeh0crSkhVg
ZfE3_XHfC9U
ZiCTlUJyu1c
ZimbuqvIm8M
Zu5Mwbr8PkY
ZwHvHE0Z-5I
ZyaiCox3sMk
_-TXS-wgYKM
_17pKZ57ElA
_2DAID5_-ro
_4a9zLiXVT0
_Cbv-oygxcg
_H4oGt9h4oA
_L4yHwK3Uco
_LBBb-6hEPE
_LcMK-ngpzQ
_MIAZMSKAQw
_Oq21iaHkt0
_SBT5nBdRC0
_TB_zAy81MM
_X8PIrDCi50
_bEGOybs7GA
_c0wOXVTtXE
_eJWKvkwBv0
_fTs5KSpToY
_hYs5I__DKo
_haqN2S3RUU
_hjggWrXj2U
_iItdgsZimM
_lo8Ff2Sumk
_lpFM1zN25o
_m_tJpE9LmY
_mhvLxFBN_k
_oo7yKjk200
_p5B3FJBnc8
_r5P1fGgRos
_w_4MeCRFG8
_xsmlBt-IUU
_zliTvDvn8I
a-idz-dHVHw
a0LrqaJh3OE
a1VOp1N7AX0
a2UDVSu7gNk
a2dGS2DGLdg
a6VNkKJfxRo
a9MERLteEoM
aCJPd6C4vss
aEWexkLdeXU
aIBdDZmzIk4
aIWMzCFKHz4
aLiyQVn6Xnw
aQWqoDq7uu8
aQity6ihP_8
aQyGmDy14yw
aZxDgKkDJ3o
afpsWCeJs2c
ajK8mAjiDvI
ajQwwqB7rEA
am4-wFnj_E4
aq8jwgXK-7E
auTyup0aksg
awWXVdm2SYA
ayEbZDTPzgM
b-2fwZ0HxEM
b45E0t80tmM
bACe_UycZP4
bBs10GgM4aQ
bC0ferDiijs
bD-_yAoATHw
bDWP5RarvuQ
bGJVgltkNFw
bGer7NElA-k
bNC-NQ9HwIs
bOXk7lFT2Jc
bP4Jz2kUpes
bQueaSlvjCw
bRPp5r67aIc
bRUzEDEpZi0
bUJ4OGLkugQ
bYYb-zKaOco
bYnNtAyti5Y
baKVUJNaeSg
bcbny3cv_9Y
bdyHcyrXEQ8
bfSadeGIp0U
biYHEmzIJwo
bjaD-HwouIc
blALRQCGBB8
bqZtLK9z6ik
bt8SD8DWHMQ
buMCmzXJUx0
bxGNyObMErk
bxxBwFm7eGU
bzJcoXhZYXw
c2YoUbAEFTI
c59Ow8Y-4zE
c6YN5tDAVW4
cC0gzqojfoo
cCWRCKYw4uo
cDdJKlDZJSc
cFDybFroxW8
cHEAJeygbB4
cJ1zhq3yNBM
cK3qY2cNxEw
cMwX0yJ1F_A
cONk0ybtX50
cQGT6_8e3Jw
cSRAA2rfHaY
cWQTE5Ckpis
cWwnM6LTZ2o
cYDcXdZm-Vk
cZ8zSsKW0zg
c_H_wiI46D8
cel89iS5qro
ch-BEBXNFHw
ciSC7p_edhg
ckkcJyufKdo
cl7DApTCHcE
clIZwQwtJwM
cna8_5wK51w
coBpW1VSTgA
czDnpfNjrH4
d27Cmudr8mo
d3tg1HGPq9k
d4Q85IPserc
d57tluWHRs8
d5wYBMgyMjc
d6UrZEAGgek
d7ZlKYCz9PA
d8suwTAxBoA
d9oP4VLd6_g
d9v1frGy2Co
dAj8S5oobNc
dD_9kLQo5tc
dIMrWQCJ_mA
dKTSOAx_dqM
dMaaIR0mVIk
dNF5ehlTjKY
dNe3pyJMxqo
dP-IlGZBH1E
dQjIZvjDkoE
d_Fu-JFgNfE
daKZXYdYKT0
dcnPK1HYSqQ
deaQIXsY51U
dnnR-EZ6YkE
do1n5I5az_4
driYdJ95HHs
dw1_cCrmFIA
dzhq_14bnLQ
e36Z5uajLNo
e4OZ_U49lhU
e6_cgu3cHBM
e739fBD1Zsw
e8h7EXY5m7Q
eGZzxuQXu7s
eHwxlPrmSrU
eIQuuoTQIoc
eM1XfAsGnHI
eNsKm7rcV6s
eQAW_xY8o5g
eR9qfOmUCtg
eUycJZ5tQmA
eVqMPXQpWXU
eWTL8bAsaRo
e_2ru111Ce4
ef06fSruz3o
efMPkf2zCsA
eh7-qUdsN6o
ej99nhfsfXo
ejDfeHBZWMU
encBEratiak
eoPICtGcqzw
eobZhBK9qHs
eqAcVASDZ3g
eqWSaF3POgo
etFkNk5KHzQ
eubXgvlNIsU
f2ragMBCzPA
f39TwMKYGeI
f3W3oaJumQY
f6PNCQCDpn0
f74rhJ94fXQ
f7wL8GnTH80
fHt839I7F5k
fJZht2-Kg3w
fVtR_c1Xucg
fYgWvgbnsTw
fZRWcZXUTv8
f_bc12MVvSg
fepRpKp_2eE
fiLp5JzSjzI
fi_2GcNpMOs
fiobqDn3P7Q
fjoqqyH-EnU
fk-9UXO-CaI
foB4pGCjQX0
fpE1iXkA8zI
fpJSq9BYxfA
fqbEyyijRQ0
fsbIoW5GXaI
fuRQrF4sPZI
fufEAP_GS1U
fwrgFoTQbP0
fyIxqTjD2O8
g25sf_GmKaU
g3b_JVMvgOM
g5AyuyDXaQQ
g5Y7VXuFiYU
g7H7XsPCcyQ
g8FBWr_b6og
gAChqYKslGs
gEiV79v4OCM
gOO4LR73MOs
gQsyKDJAHAs
gS6neTnUngA
gWXMXQNpcIs
gYL_dp36EP0
ga7zFluy1-g
gbhk9CSVSjU
gc8T-NAyJVA
geinerF97lY
get64JaF3bo
gfTRSvMTA94
giszBpL2BqA
gmPJLX_TJRk
gokZgvLPe1g
gqPG3hJKAZ4
grCBub86rK0
gukkSK218MY
gvtcPqv26vQ
gxAipxGxixY
gz2F0Us-FCQ
h0AseqeQTws
h2WQ_lUYPi4
h5majdgSmKE
h75oBkKl6r0
hDrKBLTzdUI
hH5gLGoRbRY
hKYm5SH6bKU
hKm0--Tyb20
hQ18h1YGBCM
hQGtZjXs3eE
hSHX0jVqtdo
hSho5vo7zEg
hUOqbFO79mk
hXRUzNJv3Uw
hbvAuTCNMJA
hd_L12CeorY
hdoX5rpYMeY
hemRLoFD4Rk
hfP-fuO6UoE
hgspWvifeRU
hiuDpCrdbi8
hkO8qXCFYWA
hm9ohmfZz3s
ho3KP1Zabyk
hrcMzqJ4pGc
htZhQoe3zCY
htqJUNyOOBc
hwZAkC4EKZM
hx2jwetLf6k
hxcZ2QSy4To
hzboqyohT3E
i-JQNCtFQ2k
i7NvF42MhCA
i7hdB32_miw
i9HVV2pbcqw
iAOHaBGZEPw
iC-f4Atkc_Q
iDrTTIzz190
iFMTC5eNX1M
iLs5c2Y1BOM
iMmtAFefoNE
iNcCGMXn2bA
iOx0r-pAppk
iPbaWZq7Q9A
iVxERzDD7_c
iYuj9XJlibo
iafOP1aV3r8
ibUITbFSrlQ
ic2Ic6Hqd_k
icpW_pOIXPo
ifiJPLi_Xgk
ihQqzycFGaQ
ik4l2PAjhkE
ikWPI-OkB4g
ilt35XeSOfo
iqhK6QGehtQ
iswfdL4hXFw
iugpAz1HLX8
iwRs5ZBpmEQ
j0ClHpuQ7-c
j1ByXsGtH1I
j4QAA8Fwy1c
j8QZVqWP-AM
j9P_NEl2wvQ
jArVCGzpWls
jB7uIMkK_-4
jBGU5mkvOxg
jC82pO92Cws
jFdRIjP3MIw
jITckjz8j68
jJ9dElvLoh8
jNwZQ6p79VQ
jSA53wBdC2A
jUDLnctaX8A
jWGH-L9Uls4
jYu5vRpsGhg
j_WDLsLnOSM
jccXeC65QXc
jcwQFhZZysI
jedkGDaNBg8
jenUXEdLT0w
jfAfr0v5x-Y
jiMguaZQREU
jmK4XF9pepU
jmkWlfB-qH4
jnZmeE--uzk
jng3AGgq_mM
jpD9J7ye8s8
jqW-pVG1Sa0
jsjQS0srelE
juvYqEF3BzA
k-JecD44IN0
k2bmDGCHBZM
k3AukctzZ4M
k4ZTnGdPLrY
kAOyUcS8BL4
kE7OSWg-ss4
kFAOklDqzsE
kHtBS9uJQA8
kIIIi9yOFJw
kJQbqsTI3Qk
kM6WRpM0SXs
kP0KzUwn5OE
kRK6fAiMQM4
kRgdZ-WJE48
kTnMWbZi2Ms
kWTg6daxGks
kWlKCB1JCG0
kXPdNy67AnA
kZEO3QPWFx4
k_3M5VNLxK4
kau0u7N24iE
kbEOJLiIjUM
kcEWf2g0tEk
kjGKJz1Kajw
klRnr28XGBI
knuCyggmalo
koxtLGN4kyw
krkRo3VCUhQ
ku1eifjWANk
kvCLvgth630
kyrUM58nauA
kysATDZYKkM
kyxzEXfYy-8
l2OdFOXDPrQ
l5AM-UUeCXI
l75pWR2uSqA
l8RHjW-o2p0
l8ajUDl7JrA
lANpW267fSM
lEY3jeQG-dE
lHSdQay3AGo
lKQCysHF0uw
lLFmu0UpE7Y
lLOxCPhPr00
lM7MfoYVkCE
lNrE7sDfzlo
lNsfuJSIDdI
lOTcA2_wMRE
lbTMWOnY14A
lctYermoe-o
lhl0hadTuyg
liZU0t8sbG8
ljrcXmmQdC8
ll7C8uvcYtE
llbtrQ9jy-8
lrnsgtWLJ-8
lrxQwwoATsY
lt67n1UeiO0
ltBAm_WXxDE
lveoaHjfAyo
lxXs2-L6dZc
lxdiQTPmGlI
m-aJD1a8xzU
m4Nvc5D8GEg
m4YXakwecdE
m5ToLK1XRWc
m6721t_MDKQ
mLJKJ1snfdk
mM_Vo3Zx5u4
mP7jiuWcMNk
mSSSfTSY3fw
mTmDqdLTrYQ
mUQ2n3I9bUE
mVFodATTQGY
mZXtSUXdkBE
m_IWi27a93g
meSiRSFSQNY
mjIYrmaY4Xc
mmkZ17DHq34
mp741UGBV48
mq6Z8jU7BL4
muBq2-rYyvw
mvb3Y-5OsOU
n2Efz2wPctY
n3IHybuKyOU
n7OBSVEzVJ4
n8uGav3kz1s
n936tgjpQn4
nAv1voExuPo
nBWmj0gDyB8
nEOhXhj1QXI
nEtKRV5BXq0
nF2wRJjXn08
nGAvRX-3VYM
nGHzEd8hKiE
nGIwJ53XpxU
nKa3S98jrMU
nNgtZMGN80g
nRYDcHcpeYc
nTBi8iqnhfk
nURs-u8-ZN0
nV7ekK30-e8
nVY_hvAkmSY
nWeqOTN6Dp0
naIh6Qf4bOw
neFXEjkXpBw
nh2KLFcPnOM
niWnITdXtkU
nirntJASLW0
njyIEFz9DY8
nki9F7LdG6U
nlGVgp-SrqA
nm0cAnih3_M
nnwjDZYpitY
nodLFnBUAnw
npDdox_lX4o
ntOBCBh2FQs
nwacMaqSfhM
o3m5Nn0qFt4
o49RM4kYts4
o56jqdZp9rs
o5NWKnqZyY0
o7T7zxC_kpQ
oDCZ8HSDDTU
oF7zqw8_EyI
oHDsGqeL8JY
oJCPkk55vQQ
oKdyYTzm8BQ
oLXUwDrfmlY
oM1iKFud0cc
oQ4_IW69cLg
oTJbZF8M6qk
oW2czuNhVSg
oWqdGIZrtaA
oY7atDPcCpE
oY_aizaxsdA
oaqQ41Fi370
obArzTvkOcA
oh9fUQdQEMw
ohVzM391udg
oiaaA6sdAa0
oldUvA3yBNE
onWNDpuQ0J8
oooSMuuFRws
otQE0GK6L3Q
otYXs5gRHqg
ou8FAbw4YTs
ounKrA5oOuQ
ov5Uz9sYPBw
ovHSRM4chLs
p-HxhJLUYhk
p0FAi8DsEUs
p1DQeM-rAyg
p1fMOayMCvY
p6zyObZe6Ec
pEEJzzBX6Lw
pI7RSviiuMg
pJxFKGfoHPw
pK8cf-SL3Ao
pP33OG7jDBg
pT3lDw-glOU
pVrDbzRMsIg
pXXZ9sCauj0
pZXPE9he7IE
paUSXWMboxM
parQvqzg9xE
pdipblQmgnw
pfRrpBYvDQY
pfl4vvow2s8
ph556N8TmBk
pim-7hrqvbU
ple5I90d1QI
pnorkIJ9TBs
poSedYumCTc
pqZ8aKZDSVg
pumaTYkEj_o
pz52gPH3ou4
q2lwOEFMmWQ
q30W7h8Nguk
q3iXrayrsHk
q4ob3QGWX78
q7xQIfrSndc
q8nLkxts2dU
q9OxkBtAOfw
qDDBc1eD0P8
qEpsR1hRbLw
qIi3Fhp36sA
qR6tqmRs98o
qRd57nJ9jek
qYeoONAToHE
q_-IH2Y6o2Y
q_PYx9zZxZE
qax_QIFvw_o
qb-iXr2ZbQE
qbLX1rcjkVA
qeIbHffnrl0
qfc9HYnwfq4
qgMp2yuQpTU
qjL4d5ySboA
qlFUfacMQ6Y
qmDI8yuB82o
qoOo_ameENY
qrUZ-MSUUug
qzlGB3eOjlU
r2fCc8Mc0YI
r4FrprqsFpI
r4tguWOONN8
r8WKlg7jOtY
r9j7T8TTdDw
rAeq9r_nTEY
rCM_Vh1vNq8
rDgBMeZr_OU
rDzuTb_dQhs
rEdT6Oh-pO8
rGsl5q9n_D0
rItRA72wbiM
rLWvjoIWto0
rW0PTbixU6Y
rY6gehlMoYg
rYuB0GC1WV4
rZnLjkRN-9Q
raX7HbTfsYc
rf-2b4B_9_8
rfXkvEyXNPQ
rg3Mr6e1KMo
rsFpnWLyx20
rzaOLUhA7P4
s0Ewm6GNbDI
s1fOclhynG0
s3D-mJa8Rfc
s3zNV1ZQ0YM
s773aW-M3eg
s7zYzHg9X98
s8lffyMt62o
s98TQaLwRoo
s9VZTrtRhN0
s9bysva-QCA
sGFel-fhGkw
sHGq-4PXWBw
sHKD26PNaSc
sHKtc_MtsdA
sJm76du2Ul4
sLgVC2vYvo8
sRcPRz8Ye1I
sWNlJevq2aI
sXZTsSLgW-M
s_mHzXWp5Ug
se-qlARAfjU
sg0VcP-BjPU
sgIEkDIDjtM
sgpEN-4senE
sitsDj_d-mk
sjeUXiiQRFc
soSLHBzPdHU
srDx8TqV_d4
srksXVEkfAs
srsZ9jPqCAM
ss-OHf5WVzI
sspU9PbAM8w
ssqek1fjuDs
st9sc-ZdhxY
stvqye92MOc
sznhKRNpT4E
t-ciAMOoj5o
t0gkzLHONXk
t1ixx7m7zMc
t4pczjpxq2I
tCqwT2MqLxI
tDgcpjy5P_4
tLnG5cYhc1Y
tOr7rr1zwEs
tTd8Vn4ZwsY
tUXeZKwhkg4
tUxOgLF7cJk
tVNBRAopCnU
tVm2JiIAswU
tXaAjcmbR2E
tY9vXtMMZNI
t_fBbU_zLEs
tafLYrFfmco
tde3nYmKFlI
tf2arVcdDZI
tf3tjDfol_Q
tjYoi8SdHmM
tkPY5lZz3vk
tlaJcXTEFWs
tna5-SzugnM
ts8jUic-740
tvNOQBXiHww
tvQaApKff4I
tzaqKWggB60
u0My8MRc580
u0fvKGIdMv4
u1dQEMOnJ9w
u2ivR5B1PVs
u97_inloBmY
uATpV1JpBwo
uB8azavQt3E
uBAAzC0KtsU
uE6wWaZztcc
uETNOCztVuk
uF9ExmAU8Og
uIx4CLBnFp4
uKqbQ8DrJFU
uL3ChUj574U
uLwrvj6UME4
uNy3lbbn958
uRU51OvhSyw
uRWg03jI9jI
uTH--XRCGxM
uZMflF5AiMM
uZgDL7ycTmU
ubUYKBNNAqI
ud2zxjOW4XA
udbVHKjsLmc
uddGsBEuoWc
uiDOGXx_DSU
uitE9kM2GtU
ujCeUBoN9tU
ujWsojLl-HE
umIUrYlKDPY
uoWgEjVJKFs
uuzw7dPMq8A
uv85FWTRA4w
uwc8qlqdJs8
uz44kkP49yw
uz8En1hyyaU
uzVfCesZmrw
v-kqGAUkbIE
v2x4MgsLo2A
v9KpUHOa2Oo
vGIs0GU1V6M
vLxASPGx49A
vMiW2RPXYzE
vNGp013zQRo
vPBPqr78Z_0
vRLV_5Wu7XA
vU4yskERkZQ
vUBI-Ruao1g
vclj8tI_O2E
veyWYM0_Sso
vfHd8MF0ExU
vkaufcDIcVo
vkgoITe8reM
vnm0_-GvZZ8
vr_NHj-64fs
vy3hnIUkvDc
w2YCUbf86zA
w3qAuUNlT_8
w3ujtpzb_z0
w5xEXoQb08Q
w6OVwwS5vBo
w77s_qc0D3c
wDrx1pxh-Po
wGVETjED0_k
wGo_9XQ0WHc
wIv8vEg_59c
wNbvCKqSgx0
wO8prxnTRLI
wWBW1MnoxM8
wW_SIWdq_x4
wXuuHWMLvAM
wapgFW8GiNw
warAXfqI8rw
wcICL04qYyg
wdGeWrqZl-s
weU8PccjyeA
wfa5ytQ_UkE
whk99ygeSRM
witNHJhWdK0
wjFDUKrkOu8
wkopR5CzGLs
wlLySNmoDTk
wpkXTu-fzWg
wts7lepItA8
wxV_lcy_c8o
x0MtOzxCbyg
x3fC2FUjINo
x49fu8d2x00
xCAQPu2Z-uU
xCz3wuGL-E8
xEVUWrMt9ZY
xEd4gBNUtNg
xG1xQfvIvqQ
xH_ihozcg7o
xHgehfLmwIA
xHsSiRJLi_0
xKSYtj8xAiQ
xO1HGNmaA10
xOZ7zQBucE0
xQofKTK8Qmo
xWrknR7SDLk
xYLdo7THb94
xZCgdNmFAvA
x_cCtPLPcZo
xaN90_Dpyu8
xaYpKDpPw08
xanaHQfsA_Y
xfj64mFZAVY
xiZeg3ggf_I
xmRvNE1MgWU
xmkXR7EL_RY
xn5lDbkBsTA
xooZHtfjmYY
xrzevQJQnHs
xuVip8tDS30
y23A_70e5EE
y29oKWKQZnc
y9iYNOcqG9k
y9nFEdw27js
yAMtfRTPeqU
yBQcpRE4JS8
yF3aeA1Pois
yFyel5ZFo3Y
yGM60PFY6Rs
yGUISsEPEHY
yJ2fKJ5iUjo
yKDA3jGy5mk
yKy6do6ToSM
yMF_eK15M6w
yOJTUIeVPAQ
yVGy8w3ibQs
yVyd-u_3wCU
yd4ru6idR1o
ydfyM48MtsY
yj0CMbbfDOg
yqx0irOSmLw
yrGaYCdWtjI
yrKyY_PLRis
ytKoskKI_Cw
yuDkDe9lwtE
yxO3tQrCIwk
z-djEAlzJFQ
z04A_sFuYMw
z1r4_DZb1Kw
z2ZpjoP6Cx8
z70GO7fi9Ks
z7aGCTxxkvs
z7l3NjvQo78
z91MtZpcsKY
z9wBx3G4NqM
zG7JOGKOwU0
zIydgA8fuHk
zK2ThAzZEhg
zLE1RKkXGrY
zLMsC6PitsQ
zLPP0_PyTKk
zO0dIgvpmfw
zO8SEbVcRPA
zPlqaBMUTzU
zV1wvuTpvVo
zV2U8voNCvg
zZOSvBGHirY
zaVlaQ2uEpU
zhLUaAJr-94
ziCNzRVVF_w
zjTk9eDqAd8
zkvUXjfnA4Q
zu06dIqdl1M
zvz1nferRWE
zxqbfCtGCKw
