-1AcV48-GpU
-53u4In4r-Q
-5BObypNbXU
-6HKkiLJS44
-9kkkbS8Tfk
-CkhG2N_keA
-FQm92GkF9I
-GAruEb9iOI
-Hoe7kafmhU
-J7blTzJyD8
-JkdKVwCV94
-K_s6E60BF0
-O-WIr3toFM
-R08iGGzW3Q
-Rip_qAbaC4
-STWEDNwjZk
-SftRgci-88
-TaC4sO5Tvc
-jggm3KvgG4
-l_yJTXmELA
-odrHB8M4_E
-ww4aZu9lig
-xN2dNCvVaE
05fm7foG03k
07iycZyMsPY
0BOilrJ1VBc
0DC4YEgHcuw
0GDeMTPwLUc
0IYQHT3jKXk
0PQbrGUxZKA
0Q37o39sYwE
0RsWIevA2RU
0S-ANtyErjY
0TI76m6OcpU
0U8Tp9iJWq8
0UPXSZDzvFQ
0XMJGXJyMcQ
0YUFGqJxvE0
0ZX6FUZI_YE
0b3mnj-RcAg
0c2i2VRpVaE
0eA-rEmi824
0edTz5gBhXU
0hGhmjs0nsM
0qnG0BoD39Q
0rPelLh_WzA
0rixlZivN5A
0rlOdIC_qvo
0sAD78u_r8Q
0sk3QUcYS2w
0xPoz2Y2E5Q
0yG9dOuKviU
114E5xGa-t4
15yo-pU-QN8
18n6Xp_duXQ
19REEWVpL8w
1Boq5NDaoos
1D3oUzuj_lY
1DoDQFuSSac
1G-hX-7pUJs
1GMjxGYOjpw
1GWFC7Bgu0c
1Lw0csGyOGo
1R4qD7LJ3ig
1RVowxAXu_U
1SbQ1TlMeCw
1TxLZX7ZOM0
1b0qz0XuZ2w
1dIg6PwCgK0
1fYARKdIR90
1g9N82U8EZ4
1gnfVtWwkl8
1gsvoKeJWkw
1n3I4Qvnz9Q
1p_Ifo7gSk0
1q8tj1Ow-_Y
1s4xNtLWe18
1urr-KfcKts
1vtS5iObXuQ
1x8SGL3-om4
1xCkWDyJWh8
1xsBdUGSMSU
1xvrTnADwvQ
21hxa_2W46k
25SO5___gXQ
25St6wDAKrM
25YDRIycto0
2C10jlJ4g8Q
2CtE5TLqsak
2Kgd-mBob6Y
2Kk5sdwWmLA
2TCDi0Au1mY
2UK7YyImZYg
2Vk3pTgWJPM
2W1YXMv7jyk
2bkxgldxEUY
2fiN7ua__Q0
2kp4fM9e5B8
2pCJcs6ezlk
2s5JtLQP-vw
2uMdGs-Qc04
2w6PsDqmYes
2xlY7VM0vuI
2yolcJD32GU
2zOIsfeLAeY
3-AZfluRJ4s
33AtqStgVl8
33dYd44JfRk
34gXcMXz37s
34n_IW9bOlI
361yLvbZVAo
368AJNfoaLo
38VLupSnn8Y
3DqNKGNUlv0
3KcVz9HLs2Q
3OC7NMQrdTY
3PeLtuAO5PE
3Zd_EAYLVgo
3ZkTWv0bG6w
3dquHSK1V7c
3fcTqEQplm8
3hF3KN-7r7o
3kbQsELATOw
3lS1oe7Mang
3pCqfeBYBIM
3wwttvkxsiw
3xFXAiUIHKo
3znXA0pyPHE
41vllyAjONc
42uvsY0HGDY
47k2aUzob4Y
48bxSk7joHQ
49b608puEi8
4AUD_QCxVrU
4GbOGuCAS_8
4HgANqa73Ss
4IyJMVU5XG0
4N9i9XNASI4
4RiGfnXxPBA
4VuSc48yXr0
4X5hDBZj5b0
4XXju4kQvYM
4ZcvZ8IhTjA
4aGzLPjbofQ
4e718-mXzlM
4h53dLccY9k
4j5mcoowptA
4kXJlBfwqZE
4kb17VGhSA0
4o2JT3WXYX4
4sEBew5q-3A
4tHd5KydhEI
4xb1zSH12DA
4z7_-T0ceZ4
52HwpW1BPys
530agqhqTTE
53v2zJoG94Y
56WHHNfPrOM
5BEpOBMD5Lo
5Hca9uhjrog
5Ir5yENRSHo
5J3z-Abixfg
5JgX32seIOY
5Othx8-ew-s
5RvYgFjCGAw
5TI9XAfY8yo
5VZpRdav9BM
5Wh5Bq48UPs
5WwJr3GbDSY
5Z8MJQk2DPE
5aQnpqVuTB4
5n9KeBiwLrg
5n9oJr_7bhw
5zPavrm1bes
60TD0KtwEQ8
60YqbrzTKR4
60buELC_ADU
65iRMXVH3MI
68EkIiHTU8c
68pNvaipY28
69nK5NL-9SM
6AwEEEdo55k
6IDhE1qLj8s
6IJJxbmcqdY
6JTwmRVmC90
6JhDCPUEDRg
6Sh9Ezf8e7I
6Wdgab6vjOs
6cWFLogdhfs
6ffrnb0ci9o
6fxPgDXrKdQ
6iciBjdFwt8
6jzi4vFN_6w
6om11DK0cvE
6pX8F_nxyIk
6sZ5BSiqwNM
6yeDvdtpawQ
70WeHForFf4
70p2GmttOCw
71-4R8AJZCo
71EQpfiGAFw
720H4tvioSw
72TyTEeK8YE
789Y7rqxmpI
79X-3SCyvNk
7ANxaXVgY_Y
7CHIHIlQgjA
7CUCq3a5oZM
7LPoB2NZnhA
7TfNbRvDDkg
7UO--B8aFVE
7_iVyIdrJgQ
7kQ6eXnyOH0
7m_2KkD6az8
7myfRqBhEdM
7s8MKeYm4Og
7wXGvB37kds
7y6OdczZAK4
82RY0K2hH94
83usc4a7T1g
84FVIUptygM
87V37f_np28
89xVXeUgih4
8EX-XevBPo0
8EzCp8lldWY
8H87Zxs8IAw
8HLgeTKsEPs
8HRbqbxoCJs
8Hlc7a-neMI
8MettXjE_Mc
8S08iW7c8QQ
8UY7tBo6DWo
8Upza0dV2lA
8ZyVLwur17g
8dw44muC59g
8eKBGDZjRDw
8iKWXIcZDbA
8kKSUbrOwLo
8myp7Ib021w
8nYbLwM9TH8
8pZPT0utuLM
8tgDNV6OelQ
8u5DWbUmEts
8vQQ2-U4Qv0
8yBYTYxrGW4
8zv4EyK_jo0
91WFy26uMJM
96Uc5HGNnwM
9EsK6ju0-1Q
9HJxeIg1gyI
9IO96zY0EXw
9J8z1dz5gFA
9Knj3h-0VMs
9Ku4QTqIiC4
9OZczRT14DA
9P1J2y69szk
9UBNsiQ132k
9WwkZ3ADggE
9YE2Ggl7Ol4
9_314HcGpZA
9dJMTxADct0
9hKMw7d0sGs
9jK61beR9Qs
9jlV7HT_TBM
9nimGv37rmQ
9ptN9-2OvBQ
9s5R3cAiQS4
9sD4kkyJ4e0
9tuSNLAy2yY
9uwj6C9IJHg
9xEqrr8kJuo
A0rKaD1gBjM
A1RkGvk36bI
A233Ox5y1ZA
A3H686tRbdY
A9j1ob-oKCo
ADzUs3xhxcY
AGpQ1HcrOck
AHE1PpdqY-8
AI9P3ukkbLg
AMP5yJgED3o
AOCcJAqPWoc
ARIdWm_P6Uo
ASCArUDqPoA
AU0dGacMTig
AUpJQXMnXCA
AZIQU_5n0bk
Ac1l7tUAzOg
AgNc1zT9xH8
AlWwjW_0JIg
Aq1JSFcyyTE
AqePPEWIF5U
AwO5kGYT7sM
AydN01ttnNg
B0dL18-By-k
B30JwXCKtXo
B8xxymJTpwU
BKN5YgviwFg
BKqDW8JGdeY
BOWE6qjV5xE
BWsP4SJ__EA
BZOCbBuZ5ts
Bazg-4tUH9E
Bm2kEUPGPiw
Br7g6wwmDOQ
Bs6CWzkMWaY
Bt7F_sIB-Vw
BvJ0VD9KxSg
Bx2EMeVZ8fM
Bz-vXSghtYY
BzT5bKq5oYc
BzkNpxMjd5g
C1___bjiEGY
C20NjTyHzBg
C2JyIpj2tiY
C3kQGN6dIEc
CNLeQ4xuYiQ
CQz05AtauLs
CTAHlh2u-WA
CYbzsQuzjII
CYihu3U1t8w
C_5BUgGArfw
Cc-irzyu29c
Cfm108mf2-U
CgX0ZB8JVbI
ChuLjbYeyNg
Ci_uIOzC5Ys
CoPE_TXMWkc
CqRWAgeuJ0Y
Cs73kADbodM
Cvuq_hhEk_c
Cwjv1YSKd1I
CxTOdM-ulGs
CxTcxx_WXdE
Cxo8Syi2YAU
CydHGt648Wo
D2HJ9MUTV2k
D5lyjRQowio
D97gUjYYxW4
D9JvRSi_Yh4
DACKEnv9yjs
DDNxxreM-iA
DGXBGRKWhkk
DIBD6ccvRT8
DKC2tBflJSI
DLN1iMrFODo
DSlz0zieZ4s
DT5XMfRpUXY
DV_CfB7_jFM
DXo6CTrE9T0
DcuJo-2_Bkg
Dgql1QYi73k
Dmd8XsBQ9yY
DpoaMPy8T_Y
Dsp7zZXes-c
Dtp0tnimPlo
DxFNALnTT9A
DxPXc2O8eDI
DyLt9PWE1_s
DzceWcyCMmI
E3MNpe0PkK8
E6md2Tit78M
EBilCAwiaUI
EDOjps8NfqI
EE3KfjbSA90
EMiKbm5Y9Gc
ENYllgANb8s
EPG85NZ-hi0
EUJBBNy56o0
EX0wNf4JvbI
E_z6_D2VyKM
Ee5R29872_U
EejWE7WgD1A
EfC2MNB6SJw
Ek6HTqkNcVA
EpPJbKrS-qg
EqEg7SZNOhk
EtE4zDo4n_g
Eu9lRLOBoe8
EwHCxWi4VvM
F--VJgnv-WQ
F0q6IslolVE
FAphbilKgTE
FO929ca4TKk
FU0Us0LfM_4
FWm-RDRQxSM
FX6qforbKyI
Fadt0Lqw2Ok
FcAuoviaMU0
Fc_yWFXsrKA
FgaO2FDe42o
FhFNPt3s0oY
Fl_YKC0yKmA
FndKlwC8m14
FpTl2Ul0eEE
Fv3Uixws7Oo
FxLhIsB080A
Fy6a9g59HyE
G08DDSZq2KQ
G1bKiZw6Yig
G2-Hq_EAjIA
G7k31_vnISg
G8ZxT8Zzetg
GC1b47WkK_c
GCG6F8j2PIw
GDtJp9id1oM
GEI6V5Thhpc
GLFFfUvQvPk
GLdAyhQ0Ed0
GPycx24f_g8
GQyZf0PDo5s
GSZSHZtUFlg
GX-ib4LBGFo
GXzNbv8nP9M
GbIx2C7YYn4
GbnaN6V66zQ
GbtGRTa5tsM
Gej8iqJirO4
GejewfrCRTo
GenLIzhU2Fg
Gj3Gb3V_U_M
GlQ1-1D2ohI
GzRGEsW00aI
H0yr9_jI1mA
H5VwRjrAObk
H6Qv_kJFMFs
H9Fvs7lSIl0
HBdCYKaSMI0
HDJTa7BCIGI
HFMr8OCXZHo
HFPa5hGnoDs
HHT8XPX5fx0
HJw1Ce1ychk
HKFdpg1Afb8
HQbOnldo1gU
HRFMcQi3pTM
HVjbSrW0It8
HW8tKKPDqD8
HbIgMinT8ZE
HcODRjeWyco
Hf6OB34m-_A
HfQa2uMTgXg
HgHoi9rQczI
HgIcW_EEGps
Hi9Xhgm-3YM
Hir0rMZntj0
HkDRIiEkdeo
Hl1IZB068SE
Hlut_fubP0Y
HmuRMiSpGAc
HnkA2l7fxl0
HrsI-V3N5Lo
Hs0Za0fihdA
Hx5JduBMomo
I-mwqjcMm54
I-nYfRp8Kdg
I3UfwHrO2K0
I6-jsPsTBII
I8oFfHuzW38
I8s2ExNuQGU
IFz9YsU7yoY
IKt9E3g9LPQ
IMoeZeHXwjc
INJqL3oTsR8
IPu1tb8gIwQ
IQdj_c8IGpM
IQlyryMxmMk
IYVDhWuUmJE
IYf4uz8xXms
IaW8m9ODfhM
IcbDrB7pbuM
IeEborU1Jf8
IekZ82bpQ0M
IgJHaeCtqKg
IgWTK2xJyrU
IhsA5KpprCk
IjtnnKtK9yM
Il2DEIxyr4U
Il3kZoxqqw4
Im05jopZL74
Inps6gi-790
ItGheH_JbzM
Iu1g4LwMXWw
IwoK9R0Gz0A
J-0Dso2OKRo
J1-t41mPTRo
J4qCQ_qdcy4
J8bxRgBZEqA
JA8RKIXnyVI
JAj9FsL1zQ8
JAuGp3ONPSA
JBH9VUIAWr0
JBWWAa3Y2OY
JCWPJAane5Q
JH-BMs920i4
JKrk4XTn6xU
JNGRYaENu1g
JNKFfzm8I2E
JTjYHMEXnuU
JTz2SFsliZY
JWBw0vguzEg
J_0li-zdE5Y
JbuEfA5JzKA
Je4J5iCSDh8
JhbuIZbee6g
JllioT3utDU
Jmqvx0owUew
JnRmPpEpCLQ
Jnko49Jx7Fo
JoxVxEQUQcY
JsiRjkrNx78
JtmfnE3vgPI
K0W8VFVhB0A
K1riJUg2EnY
K3h8v8--hfk
K4nsyC7KHas
K5xVIItRulc
K89pQG3saS0
KAVzxHwVmZQ
KAw7w_FNTjI
KB4BEDauvR8
KGRAQyZbWgk
KHFqEMSA954
KI5x6HLrUrc
KLMJ8IFA964
KOwywkcf-ls
KQh1jeMRRtk
KRG3QCfo8Z8
KYJPGbKJfjk
Ka4IoHmTpuI
KdW-tlanYX0
KeIPMN96VQ4
KgZA9QYJzqk
Kgq_p6ATqHw
KnWIkEwcyMU
KoDg5NbZx9o
KpFe5V-DdNg
Ktsv7r9jrFo
Kvu6f9IFzv8
KwvIzLxdD0Q
L0jwpGLVm80
L2ABC-xWCNw
L3tBF9vyBZE
LBegMVIm3lY
LC5CaY4fCBI
LCknEwFtYKg
LDiTpjcapcc
LFzJAeXu9VE
LLw4i_uyrn4
LMCl1xXNXy8
LQ_TevCzeNc
LSD3RrFx3MY
LTT5JQBu-sI
LUenF7VLi8E
LVYWGQ2Q-iI
LaubbNG2epY
LbGK7nE7I3M
LgV2UsIlMjk
LhsGvbmUR8o
LjViGnHfnxw
Lj_Q0Jmu3XM
LlLo2eTOJ24
LmMQzjJ8a5g
LsAlwU0aqHE
LtkolSiQMuc
LvQ0BK4ap8s
LwWauxxfSRw
Lwps5yp4EOY
LyDSqx0iR4M
LzLZqt1xkIY
M07V6FC2IJQ
M2-Nrhzn0X8
M5MJFhHWU8Y
MBg2XVgrAqk
MC5FzsUNwS4
MENn469cLJI
MIF1dtGrgis
MIluNnJbl_U
MLFcBZhQMpY
MRxiVhcrFWs
MShg8FPlqN0
MXTGI4zmSDw
MZa70HQrYXY
MbLqY2zXKp4
McSCt25wy_I
MfffDBLOVz8
MiSkc3xwrgw
MkPFLW11fdE
MunF4LU_mOg
Mw3G47vrl6k
Mw5r-xTB8Qc
MwHn5oZriLY
MwWhxewDYgI
MwbpSIiZqHQ
N3KXb5MKEkQ
N6TCCIpsSdc
N7DN1Vx_-o4
N7ok0K8Akos
N8FuKTg1VMk
NAmAZAp3348
NGQpFIzEe6g
NHBDOxu8HEg
NISsderHpKM
NJOqYTOcq2M
NLH5Tyc_81E
NP97i47oWsQ
NSgcvI3CYDQ
NYceaDNTmpU
Na8cfY57rZ8
NcChMqXez-w
NdQeK3LuVhc
Nj1OCe_adVY
NkVYv9ETfOk
NlSWZdAqGV4
NpEZDJK6Qiw
NtyWvC0YKzU
NxgjRK9IeYY
Ny_Smy52o_s
O0hZkqKoSWk
O54cW4taPqg
OA0hPwasLdo
OEio_Cx9ago
OFfJ3CSsEnE
OMQaDdVHIRc
ONlvCbCwep0
OO-UZpZyr_w
OSnbb4z2UhI
OXFZJnIHGXU
OXcIpAAKqYI
OZhZUDHfn4Y
OdazBZXuIE8
OfG4NDPOnJ4
OjrJw4j82RM
Ongbp3bJKtg
OqTX-AMKXQg
OqoGDj7iU7A
OuuwF9c_y9s
OyS4UlBOWTc
Oznf81GxhKo
P-mMOIPqIy0
P7bD5xECic0
P9I1JoIhm1s
PAaxGKkqGow
PFf-WjhjDqc
PJ3PbLp1A9U
PK5dfru9e-M
POYHD5TEkt8
PQ9qLpoDy-Q
PWN9RFy51-I
PXKkmLeb46Q
PZsKlOScjJw
PZwulaQC_ME
P_w4OXi2tjg
Pflkl1UHj2g
PgWGSGxvFdg
PoQ1YA8a5Y0
PpYOZCYU2gs
PqHWKAIxjqE
PwcOTdQUWW0
Px36mbLRsCE
Q-an42INulA
Q3CayJ3hcIo
Q5jlAkNAPvY
Q8B-JVHsgLc
Q8rr84wU8nM
QCENiJu-o6k
QGsWS7FAVtA
QJWVTRG8ZVA
QMQZ0FLfkxk
QO1lc1IHBww
QRSM1367TDA
QRkiL22ZZIg
QXFpTlcqI44
QZmeiIQ2GOQ
QZq0pqXU1d0
QbKB_dyaGtE
QcUijKdE3Us
QeFaNiri7oo
QhrMb7ATgaI
QjPxVtM_W14
QptkS1Yrx30
QqBeedf2FMo
QvmHz7XXs2Q
QwwEk7-rcm0
QybZ7AoBmVY
QygX97oTvMk
R3Gl2KBzLxQ
R8Va_udN2aA
RA6enLmWHwY
RCRrLkPYecE
RFu0eZgkDVI
RJCXE0_OAG8
RNFMB9Wer7g
RPEDn-YpT9M
RQd5cAIpeHE
R_gEmq99CBw
RjxsWy6r898
RvOvRWxpSAw
Rwuo2OP1NPs
Rx01Qs0yZ3Y
S3GBF7IqHBA
S3lbHLx0SLw
SCjQF-i7OcQ
SMeE5CCDnWw
SOIR-RTBcJc
SU2RM3apkhI
SWaKnZBfPGI
SX078wAKiEo
S_eqtQL6fMQ
Spcb3XZRbd4
SvIxXo01RU0
T48lnXkH7eg
T7d-EHi6x1w
T8vQ1IMEnag
T9xkqgY8uEI
TBo6yJmSwHI
TCcbvizG-G8
TCtlAsr7Bgs
TLQF_ibZBR8
TLUUT9XUNks
TLWdN416Fkk
TMqck00lbfQ
TRzx4-976hs
TSVhBNHxc0g
TTP6dSJmO0s
TXx6xy_TIWM
Tb4eYDJpuao
TbQgiDGWVEo
TdHAMw49qa4
Tflw6GYA8Q8
TkPgtf-FMQw
TkaZYoN5x1c
Tm-fjTdtWCk
Toq6H96iqxM
Ttsx5bH4HhQ
TuLezXkRdOQ
Ty9xN5lPF_E
TyG-xCcjIxo
U1b0HW9FOFo
U3Q5PX9pat0
U7Jy5R-ADmY
U8CawnoaF0U
U8lQw2Zb1N4
U9i-YHlOZh4
UA1HZsN-Z8M
UAjXw4GOUtU
UCcaXt8_HYQ
UGCmn6gNCe4
UHJSV1gnXIA
UJXr7poFvRY
UKrDSHJ9zUo
UKwowz7tnDM
USOA_WY2Lb4
UTBIOqERc50
UTNNfAVyqj0
U_Bbsa49xSA
U_SaI3b083A
Ub4Q6tYdi78
UclmaXj5KKI
UkjI89oHbGI
UlLvOXxRdiM
Ur1JzN1srac
Ura46EZERnU
UuevY4VhuXQ
UymWqRQaFX8
UzMNANIUJDE
V0sSF3MTPFw
V1DsUNs3Qvs
V21sJIj4x2s
V4xAdDc-wK8
V80GQVv0jg4
VAjJixqAPog
VB-IBR4lVNQ
VCxz6bfms0I
VGej79FDi_w
VHIl9BdYWic
VJWvaCKEVJY
VL_fPNtrlpA
VRXs1Xhn_Tg
VY-PU_Ml0Ic
VY5AuLHx5Hc
VYofcB8xoIg
VZcJkCs8zCk
VZm3VQgMv1c
V_avPHjwpkQ
Va0xRTEuZ_4
VcUQl40eqVg
ViViFqfI5jY
VnEGovDKHlc
VnyX0yEy8BI
VoEwDyclqPk
Vokx836LiYI
VplZayOdGuk
VtkQmpwnq_g
VujAkEN-FOo
VvAKTWzUNuk
VwnbHiqX8tg
VxgIPHeDyZI
VxxhHcYYYTA
VyyR3ZPXGQY
W-689iqLDWY
W-Qi7PAwME4
W3jdj_QxFiA
W5ESulr7oyA
W6P7eTSQSHU
W6p8B_UTTkA
W8462pxAsaE
WJYaiRoa2Og
WK05KVa8e4U
WKUmBneyahI
WQNxEsHk4Cg
WRgUyNDj3ec
WUTSETb9Ak8
WZVJ7MKKHaI
WbgdI187ZrU
WcREPTzGv6Y
WjgJNh3LPY8
WlqZZpYqFqE
Wm8-smcuks8
WqAIIobOmLU
WqcLtrAmwXs
WqrPQWOb4oU
WrFtUva0jR4
WuKti8H72TQ
Wvbh6HT2urY
Ww0rmaAGejM
WwdQ2vrLIEQ
WyIdVJIgiMk
X1XNNFE3wBA
XBIyugeI6gQ
XBqXiA-gIwc
XCEJFCDvkhc
XPMRiv-Kbbc
XT3mE4EXzaI
XTnNYHWAQT4
XW3j3B_wSTA
XcCbzEgoFLM
XeNEBGA6EiE
Xf-hRklU9oI
XiDxMGQq8DM
XjFNpFImdd8
Xq7bptd_KxI
XshqOjZBJRo
Xsv5WQ5zwYY
Xy5nCHoIXSY
XyCcTxKwwjQ
Y94tDnmE3bk
Y9A5rGfUlik
YG6_fnRr3bQ
YHyNwUrUAro
YNcRCYmAxg0
YY2lS57Waw0
Y_kvDHvS2CM
YbM_HvPWRos
YdKiiEcksRs
YfVO94fNq5k
YhiDJk33HgY
Yi109-nYUFQ
Yl3A6faQLyQ
Z-UBMAoZixo
Z5XpGRo017E
Z66MIMFFTMM
ZB_vRgPvmIA
ZKChKXwYDUk
ZMZnKSTQepM
ZO7J7Q0SEro
ZPfyKlgiiFo
ZR7YbEt2tNw
ZT6uezGTFxM
ZU3fL7ca2RU
ZUcB_S4oQhY
ZWYgaziHipM
ZX4BYvo-Q5s
Z_a9EbOHNGU
ZaWwUbyVk6Q
Zk9D8TjcB5U
ZlVD7hZ_i70
ZmLg4NrjiBE
ZmtObhVshnU
Zn8dSco4kM0
ZqnbRpVserw
Zw3k_uZhZZw
Zx55aJrRKJc
_1An7PloSY0
_22J61NbsYY
_301xHL4lPo
_6ixhmib83M
_Ul-ZT79u64
__m5Az3vjYk
_aNJUgFuDC8
_adyCch_kyc
_eYhU6bUKg0
_fE9JYWeBzE
_o-IoxNp_J0
_qC9JigZYzU
_rprdoX7qMs
_uy8UpJKcGA
_vvCO0TBuWo
a-1n2kk79t8
aA3rxRyffKg
aDzGuiLuWXY
aHCIIQS3HAo
aJ47sNiPKyg
aYPAR4Adc6o
aabCim2z6pc
abEdGKuzsvY
abPtEwUkXNs
abrr1HpEEwU
abs9qnbQ1K0
aePE9gGDcz0
afPKLGh8y7w
afX_FCB6ngQ
aiRF2CbU5x0
arJawRkhwjM
asQbZhw8E0w
ayILbHPCzPE
b4IqviwBuqY
b6gPSkN7-NI
bAMKI8z3ABs
bAilscNTVeA
bBpYL14W9Bc
bC0a04NeJAo
bIDBWElCqh8
bJdA-6WbMgg
bMJSRyP2ok4
bMt93f15Pv4
bN7w4PNv2Gc
bR0MW57BEC8
bRoyi322JuM
bW4yKZ5xDDM
baQo8RDlYao
bd0qjSIfggM
bhYDGCJWYVo
bke6eOY41Ag
bnvkVQR6oaY
brHV49AiXN4
bta9mycjvKM
bvKKYQEJ8jU
c3vemGd1fJk
c8fJ1BI1-U8
c97Y1DWpGFE
cGluNPdpM9M
cMk_rYk2DKg
cO5O45iVNCg
cRx9NIW_SHs
cSqqSxzc1Ps
cVu6ij7p7cQ
cZAClri4PWQ
caa2S6Kas9Y
caxTRl6uF2E
ch3xhVoDYwE
cjgoVWZXbsw
ckkzXNjegpk
cqHN-JClnzs
crPja88jP5s
csXZ232C2e8
cxdH-N1ag6c
cz0Zgv4ljnA
czAS3iUjB6c
d-zTZ01shQ0
d0cewhAHkDw
d2zJJdRELgc
d95PsnRAcbU
dBzr2l613Lo
dE8d2Qp-qHQ
dEj-KCi-wdw
dFA6fO2CvH0
dHl0Ij1Jrk0
dR1QVNySos0
dU0QcvA0UOQ
dX4CdFJgm6g
dXxCFuHqjmc
dYuKQ7aMe9E
dZhv4D4iLtA
dZiSVOKB7U8
ddARVj5sCgU
deRAujdsuew
dkIsd9zgAiQ
dklFPNoJnbc
dky-9wfAMe0
dmVQ73JtA-c
doZBFXh_boE
dvKPDTuK4Ys
dyWX6m4AM0g
e0zzdlf1hYw
e3MEntNowzg
e6WJI6RikTk
e7VskH60SBQ
eA2VI7VWIMY
eFPEHE-jwS4
eHyagxcFR0M
eKM52o-yRuk
eLTHrd8huRw
eNFp5GSA9t4
eQbaD9e7ilY
eY8TI3s6lXA
ea20rIwMKcM
eciKnLINN7g
edJedvJAYNk
eegVc_W-GkU
ehKmH6RKqd0
ehLfGY3RPTQ
elp__vO-vX8
eppVlCSqt9E
etuPsDCypBw
ewrXrBKgy8Y
eww2aTCxVXM
f4902JRlz68
f8kSPpGVHVs
f9mr5vtthi4
fCbI1nXdLqE
fFKsUIfn7Ko
fJFDkIqrZ4A
fMX6P3jNBrQ
fNCSOOpmsvY
fRU0FXhRQb0
fRj-ExfHDcU
fZCn5vKCO8E
fZtMo8J3jfY
fbIENm5JhZY
fdEssllUT1s
fdrMW-1Spko
ffhkHWP9wI8
fhzy7BI_JNY
fk3Ul1i7_aQ
fnspnAbhD7E
ft6P6pKKMyM
fyrtpWK7trU
fzAoRFo6xkY
g0iz_JyZBEo
g17l2lQmBcs
g1kN7LfcFNc
g3-n4wWtB2o
g5UClJpUUys
g6pW3g5c2mI
g9Nlqdh1UVs
gF0I8E-C7NI
gHQPDCX_1z8
gHaF3jQvUBs
gIQSYu-br5U
gM4kvYZh-IM
gOo2UtMOPSA
gQm1wf9DCLY
gRV-syF3KGQ
gUToSo6pARA
gUVZLr12w4Y
gZSuyi1jU1c
ga-YKYjWNJo
gbDM841YuHQ
gbkDC43GEM8
gclqjyYP1sE
gegzRlIvP_4
gfLLa_L-GSo
gfNKhdIhcZQ
glRz6_H9XBo
gqgSpjxbYw0
gvEdC5wx8mE
gvKPBB7aPT0
gvn9QzZweWI
gw9X7Vajvbs
h18hWXtcyFI
h5RAUs8_cXM
h5z5JdKTmwE
h8TyVV11xxg
h9g95_50Qxk
hBxWli9zTdM
hCuK1MJUcxY
hEAsYLIt3l0
hGQDv3zgTzo
hHQjL14QGSw
hIWQtWMWL-Q
hNYRMTmCOf4
hQOFYIFj56M
hSFLN8DGoP8
hT2AIKgmOas
hU-kktj8gbo
hWeNvUFGgeM
hZEvqlC9dXI
h_phUkzu17g
hdutESle61s
hgwmFMqsWP4
hi20jcVViaA
hiFu6vl2KkM
hjGV3Y7JG6k
ho_dfWLAMXk
hq3FQPY-ZHM
hrNJNzqZf0g
hszrfM7KoBI
hv-YWpykpag
hvR_hbUCu5A
i0vMmy9Nt_I
i3IENDX32vA
i7W0InNwZa4
i8JfwYc0bqk
iBMYJLMzJkQ
iDocgOM_5nk
iH8ByTRx3ZA
iPHJh8d2xxE
iR4G9iyagZ0
iYz4LlFClfU
iZ_nCAMTGyk
i_JQlve-PO0
ihR3FclD2kQ
ik8ZsBysZjk
ioTKNLk1Tu0
ipWAWu2SUTs
ixgylNX3uPg
j73KOKA6tsA
j8M7C_vF4hQ
jCPf9MRvJD0
jEQ_3rK4fjs
jG63XfNRkvE
jIFulE1MJwM
jPcP14i8Se4
jSHj2vjISks
jTGD1a8RKLw
jWCh9Halipk
jXvID540f-I
j_kQ1Hf1hRA
jaEdEHK-XMw
jaOzBmijrkE
jeFmuJpJrbg
jey7HZTcfnM
jiIcJgJS3ik
jj7MCYrHt3M
jo4tFu4MFfk
jvZXIcTwFM8
jwFelPRgQCI
k5uIBcSmRxI
k9dHwWO-y8U
kB_VhF4bnYA
kCBPJbUdzUU
kIyrJzGwAMc
kJ3cNWrufD4
kKfDXCn9Vhw
kLEZvMl9TFY
kWMip3fqO5U
kWx3Af5em0k
kXza2YrjP0w
kZUrsybcMtA
kgqcndoMmjk
kgyhf_6Ca_Q
khut4WaMliA
klX_I89eU2o
kmzEvMiYuUM
knqGnQHhero
kpBNIL2xy7I
kqjVrI-fvoM
kvp_x2uTrS0
kxSGza9SFKE
kzKInNO4KVg
l-0Wyr1lrAA
l02E_lHO0D8
l0H8VwTyzOI
l29pQ_gJamU
l4a3_lmqXfM
l5lHMQGE8dY
l7fV7Ffl5Tk
lAfUMHId-oQ
lDt3vmEJ7UU
lIFP2ATNyis
lPMp2T6epLg
lQpLKjk8Hhs
lX9jFStAZ0k
lY4wTYgWrSI
lZ-eVR2hSE0
lZO3tm2917w
laj7yDCefM0
lbAxO-i76ik
lboT35l9k_I
lc3pIZEV-Tw
legga7EdF-E
lkYKeFxYSj0
lmXeducKdLY
lmv478P5aHc
loLzcKoIoQs
loOqTSdObWk
lrCwqNyYifE
lto8xgtH-Sg
lvZ2AHsnJnk
m0aKSG9Yavs
m2Cz92PKHvw
m3AQAXx38oA
m8Faiv_1axs
mCPNbyaPasM
mJk_s7Z1DrU
mKaCTSyDe58
mLPospf45Xc
mLux6672cuo
mM0cpXDA2sU
mPrNg_E2YMk
mSiUb8fMoDI
mU7j17uBxcs
mWIVs0FURGM
mY0EYvVIou8
mYsONmdUlms
mZizjU_KuJc
m_RNWLH2Vvg
mbUoV-yrddI
mfG4a3uMCmA
mfSE64uN4uY
mhtCkpIbEHQ
mhziRp7mR5s
mjSipvDbpIk
moFWcCdEdYs
mqMuKOlT9fA
mv4zp0uUhjM
mx1hcfJUxEY
mxBOzOO3_AI
n1eNG1bKrGA
n52phTwiub0
nDyy5R0TvmQ
nFuYwV0IM8U
nI_POIW3ZLE
nJc1C22zy3w
nK_FCLx72IY
nL8Z5bQacM0
nN1Ui7ijXww
nQz5m5m6RfQ
nRnGoE3co10
nT7w2H-8jTU
nWv3lPY19UQ
nXKS5r4B4d8
ndpEhkP_VlI
nhZcMCXb8J8
ns-vooUnBEw
nuFnvZyDBJE
o-XhgdliaRg
o0Q1C9A903k
o8ZMPRvYALc
oAXvn204w6Q
oAd9apdz4rU
oAg_EGC5LSU
oC2GL8CJWLA
oFm2IqLIro4
oGVfrVZ0mqY
oIchjK1PZFI
oIoqKRqQ0gg
oLArQ9ZBf6c
oMVyu2uhpZ0
oNxESzQon_E
oQKOrqqs0ck
oZUmJug8Wss
oaaaHsart7Q
oagBoxefhBo
oftPMViKDSU
ogkJFfDZA4I
ohEIfeARlEI
ojsEY-tJqNM
ojwPUSr3Tl0
on8tJoP-Bec
onhygON2Vrk
orNdIMMj2UI
or_YlDeL7N4
ovZrfwvRT-s
owHGJQDdIQg
ozJ2IJ2pA2Y
p-hO7b-rH6g
p3P4zzr7pro
p42xbIcluew
p6L6QmtuIOY
p91Un8S8HwQ
pOoZ4mzV_KI
pV0hw33tDkc
p_hlPmo1mUo
p_z9DymhYN0
pa3BLLOH_NM
pa4FVbfs-k0
peAsg9ZorRs
pfVc8aACA-k
pifs0Yqxjds
pnRVcrOzvzA
pppOGtK9Bgo
prADtHC7rbQ
prPUm8KIO2w
prtBZYh9wuE
psPafOd-LO4
psUTZEnrTnA
ptjyqA1dLSM
ptpEwXlZCyU
pvEf8sQzqO0
pwIUhnd5cgc
pwcARROL1ZA
q-PYyHZU-Ms
qAG5vSb8oYY
qBwDxCqLn-o
qCaQ2lCOHbw
qCvb1NluTUM
qEkYXBzp37A
qHAF-DTcp6E
qM_alWfj8wA
qOdnfgmrIPo
qOe9TkJFba8
qQ5IKmzTayM
qRYY9BuEtCs
qX55tyGnt5I
qc7mEz35YNs
qfB2tA0qpWU
qgBcUlDYep4
qkTcnswxFpo
qp9bfnDBxdM
qrKycPeT_fY
qrTfLKr-Acw
qtAPJxy1y3Y
quSLxigfXiQ
quXxMgm-0so
qxycLo6Cf0g
qyELw-8zTA0
qyisUK0r_9g
qyjAB7bp_7U
qz1f3FQ-9Kg
r0k5n2EUnNU
r2DfEN9Zn28
r2iJyNcHkpc
r6JSynjpk8g
rB3hM6bLelM
rBfkobz2xfk
rDiIIaRIdcA
rIJBqhuN_aM
rLyxRmRt0Qo
rOqkLP4HQN0
rPrbyRJzTk8
rQG24BDqnzY
rUpJ1h4RwVg
rZJb3N-_WpI
rcvF3fegocw
rdTIEBHje5Q
riviYFmuhE8
rlUkT18ypE8
rmV2_pJ793E
rqZ4A2gmh2Q
rtfYU5tqf4c
ryyCQ37Qlmk
rzcwSya-Ma0
s0AYD1qQIPA
s1hYEf4lsBk
s4rTWpaK4GQ
s6vcyrTtzE0
s875HO-piTc
s8sJP5wI2DM
sALjNOcR1Jc
sDiIgIEioPY
sJL_C4_n0QI
sLOAckRkSo8
sMN88BdD9hg
sTyxx8Pd0L4
sUPm25AIYg0
sVOEBMDH7cs
sVm1T5_-vaU
sWbrN76LTJI
sZh2q5799xA
secu3DpNc1g
sgghfhBQxqE
smBjSqQYljs
suP_eGZEb-A
sucDjFcr47c
suoSXEgnKOY
sxv4NexZ5lA
syGBjdd1iio
szR1bwNmlOE
tGHpjTKmxWc
tJHo97PY7Ek
tLXJ0lyDJzg
tMfrngnoU28
tNhnrGrl-qA
tOVhBaI8frI
tV_wr3jA0Nc
tWYmMq04UBk
tcmPIlgcz1w
tevJh9twFWY
tz5XaXxv2ZU
tzfMZn8S8Xw
u-5WR9FVzg4
u2crL3_zeTQ
u5Bm7G4luJo
u6gtRjUMn-Y
uCY0CsEE8Ic
uCt5rUgiklQ
uDBjKk2s_OY
uEanY2zAxUE
uF0QFgwIY14
uGo0N-QHF5w
uLlyHE3nRuU
uMbE_VCKhtE
uTuh8bRjidI
uTzWx-GlCvk
uWig1srsl24
uY16Os_VQr8
uYYDXTY53g8
uad-AlVeZ7E
ucWbmwPCfj8
ufOgU6xc3EA
ujgnS4vqtzc
ukTrzSgGGsM
upuL-3ZzpD8
uqZkxh2yJlo
urKBTd4fc-Y
urMhKa25x7Q
us-OI-43RMo
uslyChZbmGw
utKatkwoQQ4
uwq1T8gtWns
uxwfXbSKBu0
v-O3escWmz4
v1c7KaCyDsQ
v22LXVA4iW8
v3W80ju0uIw
v5HYkg14yVs
v7OeMzaLjL0
v9BP4MSmJYc
vHesGS5oGdQ
vPSutR0IrqQ
vXbXvhH8r8c
vab15_p5Ses
vfe_Sjcpnv8
vhBIZ24d00A
vhiMe-huyB4
vlxIU238SmE
voMlgtcjcOI
vsWcJEYrx2A
vvBtX2QtTBo
w-scwwAhr0I
w0qiRLomJUY
w19MeBZw5qI
w1FGTieNobk
w1WmsNzAz6A
w3Y6lKoZxxk
wAOwLw-iJUA
wCJbsGsXHQM
wCfrYqvi6mc
wG6CMdkOODw
wHXfo7B48vo
wLIwtK9Mh6Q
wNFlrI_w8ZI
wNNRvpuP7no
wNPzzi8xfEs
wT-RW6OW6sc
wTHjvaokr0s
wVQ1kjeHW3c
wa1EMSXdivk
waK8ih_gvRM
wk54Gjk-gDE
wmReKSvTu5s
wthBubyA88Y
ww9eHwmeH9I
wxh6DkwLS4c
x3KlnxCH6z0
x7_mXrqiKWQ
x8wCDZA4oRc
x9CZYii4j5U
xB9NSuD9eI8
xFFU3KQx27Y
xLyX2IaY6MM
xMclt2BHSIE
xMy_VKfHqw4
xYttAVUNh34
x_3aiDTEduM
xhLpXz5aN-w
xjcVAb2ToaQ
xk3ixhH1iqM
xlpiqezHiYg
xt6fP4FFbVY
xxdaJWKZcrw
xzBqPGlGbcA
y4aSGioBTIs
y8N0U_lxRW0
y8qjIlJVyTk
y9PoJkf--40
y9nXVAvaDvc
y9pYm80gA2Q
yAoFpxv_-oc
yD-xHAKLtIM
yDFlG_xJkUU
yEizr_oxR5g
yFsYC9JCZwc
yG75eELXmFk
yHRse1FqNfk
yIJeFe35efE
yJYKI-jAjvA
yL2y1BydWxk
yMBTxmOypPE
yOgigcKFm8o
yPWiCG6Piac
yQjnm5w9glg
yRDoODNJJhc
yRnff7AEsZs
ySI9QJF5ao8
yXXHaShKOIM
yXhxdk3Im6Y
yZ3QejFXu70
yZ5zz9UKnVc
yZjphAcZvhs
yc6Q1wz3exc
ydq-vrxUFQE
ygyXTPj74Gk
yqew-wi-40Q
yrguAQc-6GU
ysbRD0kdmjY
yzcKC9SNpm8
z2YbK8JxqPE
z9El0c8JL20
zEO9D58uE08
zHMp12ZbOUs
zLJzh8dil3w
zOFV6gWRsa4
zQOQx3b6Yxo
zRfo50ro6Xo
zTnA2toVZLg
zZr9hOXZXxw
z_az9IhDuHU
zcaGKR7ggvA
zds0ieaChOE
zicPXTkbBDI
zikmWEEVULk
zlmRZV7TnfA
zmtrNoU3nHk
zmuwX__Cu9U
zosg6UfYrx0
zpwdj1jxpsQ
zqLEy8NmImE
zud8QAl3JxE
