-6VRESxVT4w
-9TsuLYAGQo
-Y3YSTqjeIA
-uVmogHmmWw
02ahkhDSc2w
0RNwR1Sewh8
0W1b_TFKCHs
0mHk8sgdUcs
0upgqMmbUy8
2kjPCzBMZns
2y5qnswF2Ec
38NGVPw3UFw
3AsvcUn3XQc
3EK6UIMvakc
3Rww4RDyN1s
3_sCOVe1r_g
3sdqFPxLaTY
3tBNr2gjAA0
45hoTnF39rk
4KiTZycVxgI
4QKIxObizXM
4sLo5CciAXc
5bqWm3DLcYk
5e8Yde6qXrI
5g-j-ayW-ZE
5tAHNn3TNL0
6FDnqFjJQVc
6WAMlL6SZ9M
6eGEX_LTqhQ
6q3S7a4V7p0
745HeLp-0sA
79fNLrthKMQ
7ENqk13aY3c
7Zed-g6dbZ8
84IYrMlxgDI
87kZSY9On7k
8JA2vHDvMo4
8uGSwKcpjl0
8uqTaELp3qI
96n33WWgE9g
9QN7dPxu4BY
9_e_1fNH2aI
9v5pY9300MQ
A6UXMUbsiT8
A8SAZ8lI4m4
APs9NFU9xNI
AdGhGX6z8BA
ArVAS4lOFmc
BoR_k4Go9W8
C8Fd7RSNK0s
C8T-NO2HQQo
CRdlq71tDjg
CUQhuC31ieI
C_uaLrbcpXE
CaOKfu7ZK7I
Cy0mR7ghD1w
D0VmhHTYptk
D45lwpaPSAw
DNE4zE40kYM
Dj-YeFjnUMQ
Dozq8DCw-Pc
DwXJKcZDb-c
EBLVzdvp8qE
EIkeRBP5nDg
ExvEIOWB-H0
F1rzd3eG7ps
F6yeqA2zYug
F935JdNiKAE
FEJZwtBk5Ug
FLy6GA6-Xhw
FxhLkwmSu98
G0Ycp3SiOLw
GcwsBPPSi9Q
Gfje-9YJEyE
Gvg9kBsESK8
H2J_3RTKB1c
H5K4tq-9osc
H7KZR0ikxxk
HFHU1aT4nqg
Hzomi4RNtiE
I7dvEyaguTI
IFMRtGyuVCo
IK-NtT17qGo
IKnKYZFKMP0
IYFZawos3v0
ItkpDINEySo
JSe8FmYlYdk
JmcMVOKa2Os
K22KBJSiOhQ
KG1m0HZ0y2A
KUbTMNveRQU
Ka60jZwZdAk
KlXobRvePyQ
Ko4xqTv6I-w
L-tcw7AZMMs
LMTJW_eEYDs
Lk9Z6DuPqU4
Lq8o2QjnqwM
M24mK3o8Qzw
MMhSSIpyMp4
MV7m7hX5nYU
MyDELVes1-U
N11D8Ajgfyo
N6aOk0SiHgI
NEK7lMTEDaM
NHdusoqoYI4
NUa1mvaYNtk
NeVJDd1XhIk
NgYWbWUmLKE
NyfXeflrD_A
Oc_un-o4hGc
PFrN9ZgbIAI
PWg0tae_QT0
PXuT-PeTkbY
PbRDe2eK67o
Pqt3U48MFcY
Q4recofi_g8
QOzezrUxAMk
QSBS9Zu5PE0
Rq3Hegl9I2g
RxsnHaYuHoA
STfpsSW47HE
SXfvo34Ubpc
SYVslrnYQjw
TUcv5z_2aq8
T_YYBitSBPs
TrjbtvKfPFk
UE7nd36EpRU
UkUUBxqe_Fc
Usrc_eCRO3I
VFEZiFosi8I
VVsrv5zftYE
VpaM7Klh5jE
VqI0pqtStuw
Vy2rO2mpsbs
WARonsfUOvw
WQ3pH3S1fk8
WZ6Y9p2vhJs
WrNNUn7_xZc
Wx9RAi-5UuA
XOBQgZVoBSU
XnEatn3-kko
Yw-OxbtF1iY
ZDX5e6S8E58
ZZ55ZvBe07U
ZqxTqysnp2c
_1VoMLwb_oA
_SD_rNSZpz4
_oA7S_yIH3Q
aTmWcarPmOY
apkDMJBtlr8
b_8zULEJ7e8
c7I8kdzH2LA
cmjJdFDSo08
d6CrOGoXtMI
dYDo5c4-OIY
eQ15AMgZkqk
fQktE-YKlJg
fYTbxnMgCfk
fd7bEWTMxLo
fejFRfsPED8
fhTFWe8dbEk
g2OuUkS2teA
gF8ot5ulkBc
gnTMu4Ba17o
h4KbZIRgSkg
h7EGi0azAlQ
hZvUAlxtpB4
hfD3gevx48Y
hwEcK5FVm64
iCXaC0TVDbY
iU8-fLeihqA
im349_aRx-Q
j1Yk0lzV40Q
j9WV2T7Y_E4
jIxR72-2lkM
jO1UXqXMI4I
jxkQSoeRsS4
k17KlonUDOM
k46r_pKW4LQ
kjFscoiE8eI
l7UxedFC9zs
lLlp-LmXm3s
lsTWqvumQCo
ltZkOdmGLc4
mJzvI2YarJM
mUuAWi8tnZI
n2X36tiDAuU
nISQbh8rrv8
nqCSxyudKHY
nzIT_7Ls2yc
oKShPDOhIrk
obzqMCu8vGs
p0MXae-elfs
p6JV8JD9scc
p7xTZ0W7POE
pS_zMuGGY5k
pVJG2Agyv2U
phiapMuyQ3w
pj8EdjUJvP8
qBryX5K-XHY
qCGAl93_lGM
qNeckncEKCU
rae3AC4kWjU
sSI0WSCVHnU
shmy1HKAvk4
tq91I3TnWu4
tycBBN2f2j0
u1dbOf63roI
u7mXNEkONUo
uNcBrrMoyL8
uYiEXwti1_U
uZFW_BfD9M0
ufRLYllmwUE
ugxJVXrbOG0
uifyFUL22PA
v97TzqGzbM4
vFjh8lBB6T4
vO-_HXO7HwY
vQNCHt0pL94
vYgd3P0DyK4
viNifqQBnso
vu-EdQ44EZU
w3gYeGWMz48
wZbrwnP5XRQ
whcB_YH9Q2k
wyOXUMXslis
wyT9uL1ixpU
wzYfkezHp3k
xICnObSHU0M
xSIyIzfbYoo
xX_b0wwi1CA
xm6uF9Diyh4
xycPUC2f6xA
y0-V5na67Sg
yAo0HBBrtok
yGu9jriYpp4
yNTsWFMLW-U
yOWX9LVUt2w
yYZwELCdpm8
z-X5xMY6sSI
zISHHPcutxk
zQBaSPqLOnc
zoyctsgMwq0
ztCRtT6_UIQ
