-JHXTZ5OlY0
-iNtSXYTmDs
-u_eFnE3Qy4
01cmWLXUOq8
0B7wmSVeoQ4
0N1q-kSXFys
0QEuFuSPL5M
0bLZ92nDEcw
0kMhIFcGdKk
0mCpfSkVSu0
0qjgJEeGZW4
0r0OSGBEi3A
0rWV5Vg1iu0
0s--LrSK7M4
109tNE5wOWY
1ELmYsPVo-8
1EaYZ_1dTok
1ZrOWiTn4yg
1rHJP4yTiNw
25vYmfeflfE
2Jr9LHMIjgY
2LTGIeVV5aA
2OYsUUZ8_SQ
2T5_eqehmmk
2YFLi2O6Mp8
2Zr03qLTKPk
2akT_8qCGn8
2f_sHF9Qv1I
2gRvYbNAY1Q
2u7d5sUqUwU
32UJl714gZ4
3B3zsuZjhME
3JNmsQApMjA
3NDj5sjElWE
3SlAVshCYms
3T2F_LvbM-Y
3Wi2Yo0Omew
3acbt69ajJU
3k9X8I_6FK8
3l-0K0gTgMc
3nF0rwoWUIA
3qoFR9ud5i8
40QDC0WyFBA
47XfdoCoxYg
4MB4AQiCSr0
4TNjMNIo6Pc
4V3yPxgQ898
4lMt_pguzAE
5-i6X389bNY
5DfbbkNZSoo
5pVFtarOAZc
62fPLMmUxhQ
6KeORhyBwXM
6LwSRLpFDic
6ZOdQioc968
6eeCKOXM-QA
6g1r3F0zSbk
76XF2prhSYo
76t709nmEeo
78pdZWEj26o
7dh854AgZq8
7fqcBTMYftk
7ztgSGI4xGs
8DMICaPNJPs
8JenVveNk3U
8XW3EuQR7EQ
8d23Kebjfs0
8kRtA8t8deI
8qVgvUvtS8s
8yTSp6dQxtk
9590w75eJrs
95OJoXIGeCw
9TmX4V-92vY
9bd8XOxzDE0
9caygqQYmqg
9iTA96sq0mw
9xacl-EmdrU
A-eEEAyT-CI
AAreuYaApTQ
ABHt0obfuw8
AFWYAAHbALk
AMWcVX7dHSg
AV6iUyaJ80I
AYaHCQJzE7k
B7mQm5sXv5A
B82E_sUVk-s
BGlRKQb6MfY
BL0Pm5HIm-E
BNwCwONTAw8
Bb9hPFSDzRs
BgmhSj3Fhyo
C1ntgEXjoLI
C3_H_8r_dEo
C62_JmPGRcQ
CCceKlsTkso
CInWOtPfQiU
CMwBGpvjh6s
CRvlt86fj5Y
CVJ6_X50oWo
CV_NL4vqceU
Cfd9HhDmPZc
D0n2lSv5oF4
DiZzCuUPkuE
E2ohE3T6M78
E3uA7KPD-3k
EPv9RttPdmw
ES0oHwRvTcg
EYgR0He2TTU
E_B01HZ7644
Eg6w4marHeU
Eyj1AQFpjTY
FJSYpS0s3kA
FMq_K4-tTcc
Fh03HYaSXeM
FvurKWedYX4
GXI3b-g0WvU
GjYw8Y3S1Jo
H68OjAM0EU8
H9Mlygu0ZNs
HPqr5Y9gOw0
Hh-5xI4UdJ0
IEnVxV-NkfA
ILHroRxptHs
IQRWTHEpErs
IZwR1T8j8Kc
IgrerphjFa0
Iny_3TZkv7U
J0awS1eRxaA
JHg7TKIBUNY
JWEdBnvOoKY
J_8P2QWHCIE
JrlBdGhAfKc
K4VyMNLJYxs
KC8BDp5u6E8
KC_Lc_6aVcA
KMUr2V99WIA
KxRdyef-r-M
L8ekUmkv-BM
LB6ru08VphM
LG9Z2SXZROY
LGtA4LZtyyM
LXrhC4F_aow
La-QLRZlfbY
Lb5JaZWZdUw
M-gsYtUZIRM
MBh6YnryLzo
MCGxWwN_3qI
MTBUDpjsReg
MZtpxdoLbUc
M_QO4Z7tJtg
MhLQVCUjax4
MiZTw7KmtRc
Mn6z49o3hYI
NAFzJ9umwIY
NKl20Wq6wWo
NOWZGqko65U
NdclRhVr-5E
NiEo-Om9Gtw
Nr0ED_KT28k
O96rUFTDydg
OMCcsCyS3e4
OnwVcZk3_fc
OobuAlMTJ_8
OtS0Qzh1F8s
Ou7doJ6m-b4
P8cIVA3tQrw
P92rzWhagXI
PG9Y4cxiR8E
PTKVjOm7dc0
PXcaHC5H5Zk
Pio58WvkHSw
PmA_KepFjgE
PqHk0vS-lsA
Q9ch6YjJQIQ
QYamSa8GAqI
QaAPclKzvE4
QbWd7S8eUEk
QmB6ADridlc
QpJHG0i045o
Qq8kWyafadU
QyydjZwxV0w
R20wZtyWGdg
R3FVROWggcE
R5WppYgghks
RAYYNgTgPSs
RJBu4mzEsqY
RT6W-Z8nIUI
Rd2Q8jZT4tI
SAH0VVgHPZk
SghIcI3AViM
St7c6qmeZp4
T4q3sY-bTeE
T7bxvmmWMbE
TGGvVjkbI0A
TKAxTmzYlTo
TkyViF--06k
Tt5yBGyvY5k
TxhSXSSmn9c
TzRPWodzFRo
UHdO1kdNLIc
URnFrxIGbDY
UV3KfEWSaaw
UVxFhWqggPQ
Ut5dFnxV5uE
VAOGSCw1RHs
Vm729Wks9Ho
WK3_6ENWcxQ
WZ3Q67t6-g8
W_6SRU1XIm0
Wh1Kqu8ftj8
Wrn4zltNU8c
Wxr5JuglZLs
X30nVpmASCk
XHi5jIMzcZE
XJ8iTr8npzc
XKwgMbl2xho
XYfb2r5U6QA
XezXw9Gz1IQ
Xf7naUAEIe4
Y3PeuIRXgOE
Y4LMFhxnhic
Y9DryfyHjcI
Y9iLPZWTKhI
YNd1bLwv77M
YYZqPTdUhLE
YdMo1Fd9yxM
YhSnnzXbC7g
Z39UuECtWcw
Z5H4j-Vvnro
ZAvNKhgaRPQ
ZJyj22lwsO4
ZWjtIu5YcVw
ZZkSioHzHgM
Zu8y1xFSpIA
ZyhcgXIYCGI
_3VZUmB8jsA
_6_vdwtDQj4
_DuCspplglg
_IhEsR_RRko
_QYxMXZB1lo
_ehCXAisw_4
_fdVYjyZWRQ
_orR9e9y4E8
a5BolZu_RgE
aC6rWPk0TIY
atrv90SPFuk
bAbLF1Magl4
bHPJC9TOrWg
bO21lHLRpMg
bU4unQkmeQs
bbfUUOfdnSM
cdqeDQxU2Sk
d225vUsfPUI
d90KbcfxMR4
dRYB6_Q1hWg
dZmWoGeizNc
dbQTP_zP8SM
dxFi6sJtjvU
eFwKbatcnmU
eRQgfWFidto
e_C-Lke4q88
efkSKumN3Nw
eg0gcurzuPQ
f3uPkToQBq4
f5Ieq9heBoo
fGoNs0eTtZY
f_H9sbbPbTI
fl416sEuMps
fxNGxqgCmlg
g8I5KQKMaGQ
g9_CUHTcADI
gBHVaN38V1o
gJH_kdEfYpY
gUmS087TqAU
gs4g32fUZII
gtqeNec9cIc
gzorR-lDplg
h-QdxlyBXN4
hHxfuUWTM0k
hK2mncLfOSQ
hNlqKA4ekPk
hX2L9q-G080
hYlOqiVLBFU
hhg74W7aitI
hiSucKaRrig
hrzIVbGCOYA
hsYJV8ZPXE8
hynZ2j9M9IE
hyz8JZLA1-s
i7Q-wKSxq8c
i8e8HWZ2Zaw
iIUUrKrDZ_M
iPtBUmoYQOs
iWWEealh9n4
j9bjJ5dzk1s
jB0Inm0PNdQ
jF9_BWwaO2c
jSB9smfPwfI
jY-6iOgO47I
jZHnCWyMef4
jue1K50YZAI
k1t0Eeqd4WM
k24KXk9vxkk
kFy5qNCbvH4
kg5upg_lbYY
kmyRiF5RtDM
l4oaWA1r6pI
lbsikQ2LbvM
liMkVSymG6k
luLfTkcH-l8
m-jVDAazBRs
mbEJ6eQlmS8
mupz8mbGS20
n8ejQmzm9Ys
nhLHrni5_B0
nl5TFGRTkyY
nuG-K26ebj8
o1qB-km5iU8
oTF1iNbVviU
oXPUCqX45bM
oz2fYafdCCA
p658eXTIA7E
pBtrsaNYCFY
pFCRfNXZDT4
pH6TyZs9LTg
pTK7siQM7rI
pmz-US-JhFQ
ps51PhbZqtU
qgy7IrsMFlM
rCXEpbPWoCw
rDKkHmMgThc
rIfUUEphhQw
rSd62eorQ7Y
rW2DnvtAPVk
rbFq-L3Jk14
rdMPwWYeVsU
rvvVGxAES94
s4YWylfzXQg
sYf3Y_duY7s
sb9FHtkr6Bo
tC7L6Ev3Swo
tIeOVHxLJzo
tVEU1GuaaJ4
tVZ0g3gbbro
tikuf1fyFPA
tsId_8vq2uk
ttppZrXeKns
tweZgo7ayps
uPgagoLrCxs
vKML8vKKKeY
vMKHJKYsyoE
vUFPNXS2AFk
vWU8vPgPbAQ
vvPzzqNYYKk
vwFNgaezHTI
wIfCvlyRGSA
wTl8TgXjOJ4
wZEbHV1hp04
we3FmzzC_hA
wrE-0u7mJr0
wwgj84a8i1k
wxwZ0smgQBU
x31_xxk5XRE
x5IXMV5Dmcw
xEzBSxe7ASc
xVCWCpRZyu0
xVcYDAlgEcs
xgUFHzPylF0
xkFGp_Dd5P4
xp5cPy2yCVU
xwGcZFzmD58
y2jMIzQ_hoA
y7kf67DywIg
yG8TZAuez7Y
yaVnCh5sbGU
ygEKNguz7z8
ytYnyt0Pi_o
ytdgoSzUiGQ
yvElJNeNhic
yvjMNVvxuxM
z1L75o52GF0
zT7q5svwB1Y
zhBfrm6hF0g
zhmWaxQDQrA
zsnEWlnaDkE
