0Da5ZlH1yT8
0LAYw1Iqaqg
0c6NZ4-_i6E
22cedBBxmuc
2tlbvExeZXI
38nE4caIjhY
3pdEB6Oly0k
47vdBpCg8xI
4nPT9e65h6g
52ocCCg2HMo
65VXvjIZrXQ
6GOVwo03G5g
6xYFKLhTV8I
7hDV_fm4mP8
86FacJngaC4
8UF1vPyvZd8
8bXRZa0Bi_M
8rUT6b6AQUY
97I3VxDmA14
97RAhfHRrzs
9XNkoUoXONw
9b135Z3py7I
9rI55CF4dVk
9tOwMg8-ms8
A7KoYpaoi3g
AH1zBvdHKaM
AleosRY_dtw
BvClTocyHAU
CVDW7OUNqWc
DUMTv3oOWxo
Dxa94KHiQWk
E59FkNsCw5E
EUVHzMWdSvs
EfQCjjpix8k
G4IFd-I4al8
GIJ6bX3W5Mc
Gbw_KJJmGA4
Gcld2RwYxnw
HD1AHkMTpKQ
HgL4D9EM4cY
HxDYGve8QUI
I0qQ0ItLv0U
IKF8bkiribg
Iz1YpMPjnq8
J-uyPYtsZHQ
JDxpQ22TL3I
JQUQLvOCaeU
K5-iMtRi_fI
KuXyeuu1AG0
LOx6H_AM2hk
MUnteilDGwc
N3vArjaW0us
NJpnhVzSMc4
NRlNGxRXxpQ
NeqU1GJjT40
Nf3aMkz5ng4
NnxCZnwL2Hk
NtjVEdHPYcE
NyYeLVVWY1c
OHhf-LsrG-Q
OMYTvLFWkQA
OWJbqUQEd4w
OjXQioidOAA
OxCBSAmpneY
P7nEhQsZVCs
PFedT1uAMrA
POsDalSAC_s
Py8gCIrBTYw
QN57AJTOX8U
R0ThNeNFuPw
RK0FMsEzrJ8
RS_4CetbaDg
RqHcVi4At00
SAwR5enZIM0
STJBQzqhKZU
SVj3fjsJFHw
TJTKy29I7DU
Tb0c7gp1lZs
Tm1RqpN7RNE
TzdRW9M_dV0
UCJ_bN5I4W4
UX5GlH55zns
UZETNJP4xcg
UrlI7LSfDnA
W83jnWsqRaw
WCdj_AjK_ws
WINpp2AkqJw
WYNnRGg_PAw
XpCZhImc8ps
YK8Ug1bbnk0
Ycf9KjwVQhc
YkgP9KNLxCA
YoApJw6Dbcc
YoWQ9dFRAGw
_aqFX_7spDs
_pJNMSfEbZE
auY9hw-_Zc4
bA-xthxCkW0
bCbKeiJLQKY
cPEPtNCns3s
cZmoDHxNVvY
cjYleErVxYk
ckQwZ_hsU4w
cs-EyUurydM
d6WLXHoBzNU
d8aVAaSXVAQ
dSrRTR41nS4
e6vKA98_08k
eCiFXwOycr4
eZkv_pXIpXE
g6HNpo1mlqI
gLjlWnxdZFo
gllyWqiBYKY
h0sn3jAcxuo
i-UuwlI5tEc
j6LOhHdYS3Y
jA2kXzdRC3Y
jQXcJs1ire0
jYp_MAw1ZNE
kSg3IN-yYSs
kYTrvrYjbrQ
l48KBzLzh_0
l8IIwFuwftE
lS-vxWE0DCA
lk37R85-RMc
lm4UFahczU0
lo3RYbe5cb0
mApMhSto2T8
mXhybOa4jB8
mmAX_dflKQ4
n3nrJhUBYIk
n3qyWKzkTVo
nQOi9ScygMo
nkhlCMwGrf4
o8qIhnhMfeY
oL6oLHwbA8Y
ocLbgyiLBgY
ou3HIZ_3gv8
ozQY_A7e1Vg
pLU8S5EkgvU
pcLVFNKKwL8
plILvAsZLRg
puGibSv-Ouw
q-7m4NxUkL0
qIPPCMtaVdY
qpoqTDDpt1c
r5I4qFvoz30
rBBAW0mxMdI
rbLrTEucw1Y
rhbiQEg8yA8
rzq4Jc6RxeU
sBMgozPFoCc
t2QYNcRXx_4
tE77Svovdws
tFGwAvNQCrk
tG1GOAZ-Y00
tx2LdU05Iso
u5CvkCXuHao
uIj-3n7NIgw
undZA54FmeY
vEPWOZ14_q8
vOTogAlPNDM
vi1_gpDUIg8
vmjpMoVwJE8
wQjym9Ctjwc
wUGj-YD0gEE
wuv1cM2gqD0
xeALd7wUlaI
yCYcOx0Al2Q
yQs1du4ALZY
ySFf6BeO4jg
