0DR89CEJjMA
1UesrrHVLa0
1koPn8pf3oA
1mEDNbgDYMA
1siwk4TauwM
2IWrYBNCAvg
2XxJC4B5hss
2_b97NvnXPM
2k448JqQyj8
2vsvKtHUDxM
31CcclqEiZw
4_s1sAagTz4
4fjmyXwDhxQ
5-FYAuitEBY
55LNwkH61AM
5GcjgYpKr-Q
5uM1Srw5vwM
5zzfMH2wd90
65N5Hm9uio8
6LP8G-oZnEs
6Rk60vNUJ9Y
6Ytd4n8Mbe0
6gZ5UD1hFM4
6z8HnU0cDjA
7LXPN_HUN6Y
7QRQjrsFnR4
7XPbZBYWaRU
8cFjZ0IAoAY
9GubdYZPYPg
9OWhzH1lgBI
9g4cLtSqWIw
9gexlpxqzCU
AASzf68w1JU
Ai-Zga8rJm0
Akd99ym56PQ
Auuk2oXK8tE
Ax12GjN3JlQ
B0tdmOPLZBc
BlVifCNDp4k
BqO5CnnKLtA
CjDTtgAkCSo
DOJniGDAwhM
DWLRwPRq75c
EJsD-3jtXz0
EPt2Ubezhz0
ETpaLdi1aeA
EUWCj-d2heM
EwM9CuGcBgI
F-5fJ7sVd4c
F1Xx3XGCZsY
F4IIhwEck5A
FSs8L34pZ5c
FWc2eFYKh4I
Foi1FPvJ54g
FwbmlBzLXDk
GDFGVuJGu74
GEWKbxUjxoY
GIWeZQpZ5QE
GlFbuqunb1I
Gv6130kSzEY
HE4-Rc9HXfo
HGG5ut45HPc
HTfYv3IEOqM
HboI2t5_M4I
HsjQNtr8Zjo
I4UsWPBdGgY
IskEx0tgoo4
J2sOCD1Q3oI
JJ1yS9JIJKs
JSmmhOqWYhA
JXGuOv_02Fw
JZRcYaAYWg4
JojH0xVmHC8
JrDR_ZeWGbI
JzxMWgvXsMc
K1VTt_THL4A
KXeJQ2YSLMo
KYdH7VeZKlI
Kbh9twt_AMU
KqiXae9eLPY
L4ZSK5xm3CY
LddoEv8BDrc
MMcSOCuszkw
Mot0LMPc4eo
N5in18Qkdyw
NO-557SOaoo
NP5AAshs20Q
NSqAHiKWYpM
NjX8d4WeLSk
NnU3N77deqU
NnsiR7Qb_0c
Np6EQKig9G4
O3U644a8Lmg
OQ4bfsElVNs
OVJrtzbK4zE
OwihtRFQO9I
Ph1JAzCtYGE
QUaVeixiVLc
Qck0d_zIPoc
Qslo4-DpzPs
R0rInJgwup0
Rvr2JbX2AdE
S4I4l-jAFd8
SMhq2DNwGcs
Sa-6pR5S5YY
SoC2ioaQUQU
T4NBC7vprjI
TAuXOoiMckM
TKW4_UGVGBw
TSZJ7OJohAo
TdXGLIzBV40
TyVaT9iO5ko
U0qchnptckA
U8JKwmGGdWc
UTchioiHM0U
UlbLB6IRCDU
V6D-OvgCCWg
VPJTE640ogg
VcQhRgho2ys
Vexv4E1mAno
Vr7Oh0YvzX4
WKoVNqjNqtY
WSZ-FLhGSBg
W_fZlKOq5N8
WdxFtUCoiIY
X9sXlz-72Q0
XMmYvOaehx8
XPxkrjZhRrw
XYmxcwGZklk
YE7DpRjDd-U
YGN15Ibx7ok
YZalFWqfdVk
YpGU0Hmzi8o
Z61XvGQobt4
ZNM41Scbqlw
ZRG8g6FR8sQ
_FrO-lJ0Km0
_YNlxxpBC54
aKTyWXVvp_0
aWIQ5nWKyNc
acvlqe-VqcE
awP2BFm8G1g
ay4bKauK-UU
bIn4CWSjiEg
bUAokCq_wwI
bxQ4TcTcPbI
c0DEzwkZayI
c60Uhpcq12s
cCQZnXz2Uss
ciZEUGor-p4
cxPfAKyEnlo
d6RhD_R0jeA
dHL6ihmzzss
dKFzNT335kE
dQrVZLXoakU
dySSUiq3xd0
e-_3xh2UA5w
eByE3JG9wgA
eDq-Zhv6WqM
eE4qCJBgfIk
etmarYifipE
fBAiOMrvVwQ
fR1nR3o3-t4
fTq0mUXfLY8
fWD1794iKZY
fmyecSXOla8
gDpaecpO2b0
gHr0M7C_o3E
gJb0LV8pZQ8
gLXpYJDdEUI
gbr9arNMPnU
hEMHNWJYYAI
hVMYfuzhbxk
hhZZ2moOyPo
hhnYNsb2UDw
i-UdS0h4-gs
iKv1ZUlcURY
iWxvd3tBljg
ibaTlMxt5Q0
illbDGlXP2k
ioqWgtRB3Tw
jd5_yE67SHY
kSnSIhgY9ZE
kfeBReJA-0g
kvPNS4577MA
kwP4C5hjo4Y
l6phcDK6pn8
luMEjKFt5Qk
lxf3thHV4nc
lzVZ-ajrFpM
mVFKo4KMK0c
mY8tf-ZpU2k
mkFCPNRJdr4
mlcw9AE1vsw
n21cP7aJqIU
n3wcjwY4mz8
n6I-V3iNeFo
n7sRLDAXkzo
nbblhD8K4WA
o1l1CMmxkUE
o5V83YsLjFM
o86W0DgrmRc
p4Ckp02LYpw
p4TpLbxsJtU
pPV7PBoVQ6w
qThHGlixqis
qi0T0owgW3M
r-f8-rODv50
rDgZEcXMNW8
rQHGZTFpTEw
t3U8nR4ZoEM
tMJobh2pbpE
taOBFURZvcA
u0R6pV_aeLc
uNMpeGxST_I
vQ4szDPnyZ4
vSaW24cjeQs
vWsqCqvTPls
veP9SFN68nY
vuOJ884yyOE
w06x8Q_hdMU
wjYw8SCzz1U
wpGd5DZ_K5w
xBPWQdMHSAA
xegAFhfIbHU
xjoXZUYmsCQ
y14vl__I_pE
yPHBgj1p44c
y_doAHdL3v4
yvQgSl65ImQ
z-a2dmosOKs
zFx5kq0pB0Y
zVdVcZzhDF4
zWZH1a5tKvM
znjPo7A65Ck
zqNgVTG7obU
zyr5kk-oLFo
