-6ZyQKiwMQw
-yUP40gwht0
0EWelXuo2JM
0Zld-MX11lA
0j1XQoAwG2I
0qz1ZKR4hkE
0v3x0ev1URY
11oBFCNeTAs
134BCxbMUlU
1uicRKhgzAQ
2O_gW4VWZ5c
2c3m0tt5KcE
2rAqVmZwqZM
31Ud7-EkZEI
35e5i6FQuMw
3Y6bCqT85Pc
3iLiKMUiyTI
3nAIAPYuD7c
3rZkv_prTOk
3uJkd54p9dY
44dcUoh0oT4
44f3mxcsI50
4GcU9LjuVOo
4IBegL_V6AA
4IdzC6mJzLA
4XMdT2cF-ZM
4qZ3EsrKPsc
4tAQM5uU8uk
4tQOlQRp3gQ
539UQF6eT6I
5Q_GIHDpuZw
5eBcKlBaaoc
5efyUt5YDU0
5p5YEvi8CHQ
68tFnjkIZ1Q
6LIR2zQ-jvQ
6NVY5KdSfQI
6Rd10PQVsGs
6V1eMvGGcXQ
6_6zwVNn88o
6gFjB9FTN58
7XtEZvLo-Sc
7Yrrm5qccig
7c-bWymbT04
86X5XNrgWpU
8ABa4RdNPxU
8yqa-SdJtT4
9S60kJA6tic
9Zji6xMkOgo
9b8kprIQ-yo
9fKZPRAPT1w
A07DV3FXyPo
A9JtQN_GoVI
AqkFg1pvNDw
B7V8eZ1BLiI
BQ4VSRg4e8w
BSh37_x5RNY
BVrLqpt0APo
Bj6HgQBNiZE
C3mZn5nimaU
CFHZyse4VGw
Cf2nqmQIfxc
Cn_lucBscH4
D7Kn5p7TP_Y
DC0faZiBcG0
DLg2Q0daphE
DRJKwDfDbco
DTwEFa5NW2k
DjYqkPrCvXQ
DmpUQEDRIKA
DtiRzQMgBDM
ED_TfmwjsEw
EM_QPCxCkws
EN2lyN7rM4E
EdhFuMDLBDM
F3n5qtj89QE
F7T5cg1a77A
FCvQsqSCWjA
FHpvI8oGsuQ
FXvQcuIb5rU
Fd2wKn6-X_A
G1JWRFIzppA
G1eHJ9DdoEA
G3fWuMQ5K8I
G7U9el_yVhI
GOcNihk09YM
GYua-3JmnT4
Gacjj2aCo7Q
GmuzUZTJ0GA
GzRbEMzr0k8
HA4Bkybx1ps
HbAZ6cFxCeY
HueFqvz1oDU
HwU1yYDkNYA
I8Xc2_FtpHI
IO6NvcGKZ20
Ifi5KkXig3s
IpPr5i1aHjE
Iu635BJxBQE
Ixc9i1G7eew
J9j-bVDrGdI
JpA5iDpnrbw
KZ-ArH19Kvs
KnIAAkSNtqo
KtgThjIl1Ao
L9HqHzA3atQ
L9bxcm7hVLU
LLyPVgeH-jo
LQwP5dIBgiM
LmYs6C8yPq0
MBWyBdUYPgk
MCOw0eJ84d8
MLp7vWB0TeY
MnUfXYGtT5Q
MwdYpMS8s28
NGIP-3Q-p_s
NOzjfqO6-K8
Nb5cBkbQpGY
NoRFaiqiQGo
Nyw4rTywyY0
OWMoPPU0wKc
Ov5pYNPi358
P1po9pNs8RU
P6rm0LrO9vU
P8tzXazvyHQ
PH67HpFD2Ew
PSkQlc-6vpY
PcM3Y8kACo4
PcYLzW1B6cY
PfH8IG7Awk0
PkNv4LFpGf4
Q-geMoCsNAw
Q7GKmznaqsQ
Q_2UYIuvDXI
Q_zjdmkou0Q
QtnDpZp1Ikw
R-z92l0kPls
REjUkEj1O_0
RNxlEQSvh_w
R_GPAl_q2QQ
RcmWssTLFv0
RdNJTP6tYMs
RudKmwzDpNY
S0P6H7cm0E4
SEDuVF7kiPU
SF_SwujfiYk
SKzpj0Ev8Xs
ST6kj9OEYf0
SsoVhKo4UvQ
T4fjSrVCDvA
TVYDdZWUWlE
T_yGvI81Oj8
U4NijLf3M-A
UFAyBEKKIBE
UGLsnu5RLe8
UgRaLmCOwYU
UoQdp2prfmM
Urd0IK0WEWU
Us979jCjHu8
V32WHDuy-Do
V9Ql5V7-OQo
VIANLddo-ec
VJVMtUb-LEY
VXiLvPjeK1M
W_luzlgqYz0
WjpV9mja3Wc
X6pbJTqv2hw
XY7a1RXMbHI
XbOeO_frzvg
XiEczFBS61s
XvbtKAYdcZY
YCc-Rk1GPpQ
YDElXTPm3VQ
YFWLwYyrMRE
YWVmDSMl30s
YfdaAGZvYsA
Ys2zTL-b3eE
ZHmklvx9oJ4
ZKpqpBRVr8Y
ZQ43i5nKuZk
_ET7banSeN0
_vAat1HQU0M
aI-pET9YD6A
aLxZF_EWaLE
ajtnhtEg76k
bV16NEWld8Q
bjnvtRgpg6g
c-kWEDr6VS0
cFS6fPLQ024
d-Z9EZE8kpo
dAAGA9QFTEI
dHXxtyUVTGU
dPv1RYsi7sA
dl0_mJrbPLQ
dncyXvPR8uU
ewU7Vb9ToXg
f-wWBGo6a2w
f3vqXCLhJLE
f511uRzsHhQ
fFFSKedy9f4
fSKQfATa-1I
fjtBDa4aSGM
fogGeB8YmnQ
fvPgjg201w0
g_RrYz85E1A
h8_OrrvaVVw
hJrEaLYacwc
hKUffHXOb8U
hXJlYjyHujI
hdrLQ7DpiWs
hgFX-ZsOscc
iNV7pF8m5Uw
iVym9wtopqs
iwQy-MVP4u0
j0GL_4cAkhI
jKh0ni7HlNw
j_MXSE3wUT4
kYYJlNbV1OM
kjqEMqOyUr8
km5Em_xz8RI
knEZN9U-9xc
kteHW6t4G0g
kxMj_u5fQH4
lT8TeVvBkgA
lsWndfzuOc4
m9Njk8vpToQ
mJI0hVV-5Vs
mO9LUWs5M60
mXPmLZRAPSo
nqONu6wDYaE
nsZ8XqHPjI4
oq2rBE5zwAs
pCceO_D4AlY
pEWEEZ8rp24
pZKuwgcKXwY
prt9D90BvFI
pzhsiOwZabM
q15eTySnWxc
qGgEF-SlSEU
qRFxulvRC7I
qa9u5t3C0AI
qgYMuRqXPr0
r2S58rH0PAw
rM8JsibkrI8
r_ShAseOvNE
rlGqUfIgJfc
rnw4SXX7cGY
s0EuQe6BOWo
sJVtAIIHxu0
sta4zLcTAII
t-kfIb1dp1w
t966lVrHEzo
tFTA9MJZ4KY
tIZb0YEcyNo
u6CsGY8wpGw
ux6TVYqdN-E
v-hIVnmUdXM
v0lOv-s7Yh4
v0s5klPtQXk
v3Bu7oCB8_k
v8v7ueICWuU
vDNSnMTem98
vt90JwDHh-Y
w1scgquS2mo
w2pNqIdY_T0
w84uRYq0Uc8
wLc_MC7NQek
wNjbasba-Qw
wZnqLvLbLV0
xPIanlF6IwM
xWhuQOVTFGw
xiAqO5sJZpA
xrbPaCIm4yw
xu3ux1h_caU
y8wBjH8aXw4
yKhAh_qfO64
yOP4a7-EJPU
yXZSeiAl4PI
zFu9nNPMiUk
zQCTeGKHsVc
zooE5GE81TU
