-RmJ8hVY6tI
0Wepa81fTEU
0c2tHJ35hbw
0tV2qjOJgNM
0z2pGzHFeN8
1FeACJeNnSw
1c5QOro3iqc
1fNszAxbr0c
1qgd7-MFqcw
2jdaMX3yc5Y
48oJH3bG6EU
4EkqIqb98u4
4gmbmlPASAU
4obpH_CdFQU
4y8xOve78sA
5x79O3YN49I
6DZ8V3yuEas
6gtVV0Zmbfg
6jDJ07Uplrk
7SQapOTRCCw
8dHkPbB4NcQ
9FpclP5Qa7w
A590reKXjgU
A_iSS2Ob2so
An5qK9v2Xcs
BIjvqNaKxMg
BU3TRL1iIDs
BqdOhl5NYro
C7W3fdGZARw
CQLvtSY7WjU
CuS8ZgJmTqo
D-goDMUJlgo
D13zdcFGFVg
DLFwK5Dcv00
DrmR-7_xq-g
Du9L-sMG3P0
EFRAxQ03HBw
EfK655HoF2M
Ehl3-HYfGvs
FFYgprzqe2A
FS8k9jal1lk
GOs3r4gOHZ4
GdWJE4J9scg
HAnj2IdP1oU
I-PPF8OD17A
IRvDqdxdhNs
IjNNcA9GnG4
IlUaEx-JtN8
J-GDRGaSpYg
JDQNWhI8eK0
JxGKNeX7sl0
KCCK8oHfk1Y
KHTcf0GsvYg
KJmDOyEUAVg
KKo5nM0x0kY
KZNXjI1hOhY
LTqbk3LB2ZU
LYmv7qkb2hE
LmeYS31Gplc
LtARrfKwRp8
MgKcKEFLTFU
MnhFHbQZN5Y
NBAL20h44cs
NYFujFi_Tok
NZMdhbCqwOU
NajiIbx3bF0
NvqBfOt7OIE
OQYGqamWd8k
OvUrR3KY1rw
PU58WitadU4
QbBTRJdoA3o
R0VUv1J07qM
SZ367U0ooZw
SeXnv7KbGa8
SktXLgqQlVg
SzIRvpRQf78
TGh0Yh_KhDc
TM2-0BXcb4A
TyXSlnk0W54
UHSfaC3REIU
V5ael97eyDI
VN3DorhWSDs
VpDHMhrxVus
VpioNWn0eX8
WQ3DoUFc6hA
Wg_hJm9__Iw
WmJ3caKDzD0
WvbT4x08gLw
XLxY9pMqoVk
XgycOI_4WTE
XipTgt7DoS4
YDcbIogWMRc
YYUhy5aToik
Yaa_0PjCtas
Yv54zm67enM
Z6jxrPCnThk
aDFpA3YFbXc
aNu5cU0tRU4
aOpORyzbZ7U
at2NtdKjw94
at7NUtYZTNQ
bNd4ZwqlE3o
bepBxlQQQIo
cHxxtb4YsZw
cvSidbQ8Buk
d-yacp0gfYc
dAs58is0WIU
dnnlozHTLsg
f4C7Q8VVsOw
fg-1yLxDHK4
fi6Ue1MiqEA
h3dP4SEJVe4
hCVX7SjrYjU
i8HjSfAPdrs
j6y39DPofYk
jS5ASRXgqEs
khDA0FH9AZ8
kox3p6P-iSM
ksCk-Pf5tq0
kvCH4YEGZiI
l40tFkko00s
l58pVSAnuVw
lDJAatS-9-8
lO4YaLivhGs
lSXS0m0n29o
mL_3vcz1lDQ
n6f5W1Awd4o
nXmNslqFBJo
oVSqUEKxVA4
oogjGOUwLWg
pSjWpmKVhOI
pdmwnO-Wy9I
ptJLIB2STlU
q5ETMKfuznE
q5LuD92SEmY
qM0sEgFOwpw
qdiHPvmeJaY
r2npD7yJf_Q
rcw6PuB_QYE
sGKi378JCb0
seW6EWOX7PA
smLeLeCviyg
so5R0B83NOE
tPT2pFW32RE
td3-69Voowk
uCgFsRu6rfo
usku6p_33ds
utWLqy7eRBw
v3CZCTjuhq0
vDhx71XEGaU
vFpVpPuIank
vJskgagffmk
vQWf2C3_57k
vl6I2ejph38
wjm7jreTPP4
wyuwbeCdiAY
xDHLwqxAGHU
xoaOQ0LCD1E
xvOIeudovLs
y7rpaBC6HXQ
yMpquEoW3LA
yXwMGZNj7II
yroxtQm2UWk
yrpPpWNPJgA
yycCCCmgcVw
zs3s5XXHhtM
zwpPnle_C7I
zzi5GjKj6eY
