-ksYl2VvIHc
08emOkUtHJI
0C3FaLrj9zw
17tug6T-4jc
1LyeWQZ7ZR0
27BMPbZcn3s
2e-2_WOcuMk
2itvkvOd6rY
4LhBZ2H5SwM
4cAQsn-oiJE
4r8rEIxBkVc
5KzuQKT_-ek
5WdPno6-xkU
6_ZuIG_fbTA
9EutjfddS2c
9rtUEPuzhbE
A-g7EJTVlks
APwJdLOueM0
A_IlpiGUAOQ
AiKZr3YvzUM
BitrBZy7Xkg
CYIC70MNRWM
CjYl_nZHoTY
DTElmUuOAk4
DTx8oOVKtiM
DXGdw9DMZvw
DctfqZFqwgM
DubmVVygziw
ECUL22CU164
EHW4EiaLs4w
ERF1jkn2lxc
G2oRwfyyQgg
GTvlQ0cAKpw
H8b09C1WPQk
H9VGpym-28w
HbwV-EzP67Q
IOl6q9P3xAg
JCKG4eSV_UU
JYkr_GmGcN0
KDYCkuKrMoA
KLi5bl-gdeQ
KmiHo_tYwkk
KoGSUXiORUk
L-vprX2kpds
LDEC8RhrCUk
LPWAMXK92Jo
MhTq5uhAIKE
N6mqpIifiDY
NgZeYxl3aL8
NsTX57HfL0w
Nysdq_plUTg
OQfSRk9uhYs
OTv-RQcckQc
OmoL8LlQwWQ
Orw7xd2EqyM
OumMHAOX4RA
PKMUJdn09OU
PZoaKzEXzi8
Pjr-f0w7ufQ
PnYxeUgCMsQ
PplFgqEv5U0
QB5maibRSr0
QqAY2RuySuA
R3XmQgyvDHY
Sb-gf0e534k
SfMwNBwIzQo
T1uctvvypPE
TPDenuw0gFo
TRfPo53EuZc
TUf2X3hqCPU
TiPw1byKuzk
TipFRTTY2-c
Tn2NisQiaY4
U3PLUeD_JAg
UZZ_RmpzSFQ
V6g3OjkhClE
VBmzwM76V0o
VxTBLJlDxNs
WsCAAqoJa6Q
Xw6lDWom7cw
Ygty9HxhFK4
ZTzhx--VOHE
a2HfXTZS7-w
aDxEiIIj638
aHs2Vh-Llrc
adHpXfepuWA
bPwVOggUp4M
bYxgQnsoTqE
cPbn9NiRxVM
d-mACduP9VM
dAYvd52pInY
dB_xj_gOt9E
ekt7VujAWNE
elqwn7k2Wwk
f1P3sX1JfcA
foKz81ElCjM
g1m_20qh86I
gM2I-gvHscw
gf-ZUYIkPl0
hEbs4KrH6Zk
hu9v8CrwjkE
hyV3iKiP_1g
i7FYxcv9bfM
ibpdNqrtar0
io731XY8fH8
jA_gOZZhEdM
jnD_YitEk5M
kux1j1ccsgg
lcZCZFmoRMU
lw8TvhnlMH0
mEml7kTDHqY
mdV0e2xRjYI
mkR9hMCOIhM
mv9Rl5wSBUQ
nCqlSbkN9cA
nydm6xwfPr0
o2CGiH0G4h4
oRmbWj2ZITM
oYZxBV18tS4
o_8OK9afr9Y
ps2GlGs8oso
qV0udTvYK6M
rWtMIQguUOo
ryXZam912vg
sBw5ZfjkCoU
sJVtNsezGUI
srGuW1OkyHs
surMKeOTLo4
txJTUVpVCT4
utFxuTrTTeU
vSV9G5s4_SM
vm7y0fvpXN4
w-pV078mYw0
wS2mdmt4JPw
wje4W2XiZus
xbT2StnPbx4
y4B3kl9Rvrs
yD5yBzLeQUk
yGlMqzfZspw
yXiJ__5-tI8
