--GOuJ_VvOE
--VYlmbkzNY
-05OfTp6ZEE
-0qEDcZZS9E
-1hECZc0Ssc
-1zR6pFof5c
-2HwisGonfc
-2K-vDHc53Q
-2OOBEBq9-4
-3DFzxbP9Fk
-4BaQqX871k
-4bTgmmWI9k
-5rBQO0VpWo
-5x6j_P1OSI
-6EqUILZ1yw
-6Fu2T_RSGM
-6XBnjFrWBg
-6qiO49Q180
-7WKUNG9v-w
-7kSDHFXwZ4
-82UNytyrCQ
-974C_VeIL8
-Aj5BTnz-v0
-BE7FEouGeI
-BHdJBwmdCU
-BYomxn8Rss
-BuoPowT86M
-CTaxKTzbEI
-DTMakGDZAw
-Dg9da1BGsM
-EG10aI0rt0
-FtlH4svqx4
-GY2Cj1w_PY
-HaI9U9w3CM
-IDmLERenrU
-IPkEhZBWCw
-IvwoqPh1_I
-J-6VGxld54
-JTw7gNwT6Y
-Jx6vyc_830
-KAp6sQcXBA
-KE7jTXwNYs
-KrSxA9NCf0
-LTXzYXaAuk
-M0Fi0ijnJs
-MYfEzKDZ4w
-MYh3s__qlA
-N2cFuy0mGM
-OpCpHODz04
-OsBdrZglMU
-PhyqbvnoCg
-QHff5pRdM8
-QpkmwIoMaY
-RT52vs9tBI
-ScrE9jd4Do
-Sg3F-vK_cY
-Si4W4KyeMw
-T0OKK-R3lA
-T8lzuTwdbI
-TpiL4J_yUA
-U53eHKCLcg
-Ulbm4XlBO8
-UtUjx4nj-E
-V-Y5klejSg
-VZUijm02h0
-W3RkgvLrGI
-XNiAfDE6zg
-XRQovTI04Q
-Y-M9aD_ccQ
-YDIJw_9CWQ
-YI6UC4qVEY
-YYTUTrxl28
-YpEkExjq2E
-Z5kkfrEc8I
-ZS6FI24roY
-Zlq5tNl94M
-_7td0mDbQs
-_POEWfygmU
-aGYytZ7K7M
-aTy1ED1m5I
-aVZtzD44vI
-a_w0_VAo6U
-bWyP0fibfI
-bhfcBvyWoc
-c2LcmZaT_o
-cApVwKR1Ps
-cR6FzM1zNE
-cW5hCsc9Yc
-dADFDGte6g
-dVl4WRZs-0
-eAzhBZgq28
-ejyeII0i5c
-epr8lPIZYE
-fCVxTTAtFQ
-fFWWt1m9k0
-fIsaqN-aaQ
-fKh6SNEPr4
-gB1y-PMWfs
-gRNRBCG3Ow
-gWtl6mdpeY
-h3Oqhl8fPg
-hJj5NpWUXQ
-hK1p6Ymbhw
-h_x8TwC1ik
-iCMQoCJFBY
-ihDprWkcY8
-j7N-XPi5Z0
-jXk1gl_sEo
-jcVn0yCJ6E
-jqWW22FMdI
-k6K-NoklSo
-kKCjwNvNkQ
-lUEWEEpmIo
-lWVpoPaPBc
-ltjjKgGY7o
-mZAsdJnnMM
-nlMXVrgtjw
-nufZ41Kg5c
-oClpRv7msg
-oFlAhtear4
-oP8_U1To34
-oW4M3vpuRM
-p7_TQ84cpk
-qP2831i9Rc
-qgdMTbTJlA
-r7JwuSdj5M
-rH2wMlppjo
-rr81Uf10pc
-rsYk4eCKnA
-rxUip6Ulnw
-sA-vI2a2mM
-sSDb_wZqKQ
-t3MaJzV5Ok
-u0mqFqpMNY
-u3xaicPnA0
-uAfg0t6NmM
-uZt8MLeDrg
-veSAbfer7Q
-vv63FS__bY
-xYkTJFbuM0
-xyTz0WZ1W4
-y9SELk3UNU
-yCIMk1x0Pk
-z2yk8yxv08
-zLGiG9cILU
-zr1NBxTgG8
0-wa7voc0uM
005032IwRME
00YVR5TSZqw
00fgAG6VrRQ
00y85YDqmtA
01VlLMdM65k
01c12NaUQDw
01crUV4VSkk
02WPEIkFHxM
02gVmoObrjM
02h9yhc7ruc
03Y76Q7tlSw
03yq7XsErqo
04N79tItPEA
04RpkdaNzr8
04gQ0bQu6xk
05qDIjKevJo
0671cRNjeKI
06j_zPdPWOY
06z7Q8TWPyU
08zHioOVTd4
09-t-giMcNk
09Cx7xuIXig
09HMm56nkis
09VLUSkaZU8
09YsW2U-7kw
09xFhq7Tpm4
0A7RR0oy2ho
0B91xPrwcPE
0BdZZCwDE-I
0BgUKHTW37E
0CFibxYvE8c
0CIn1_M-BoY
0CQ5ls3Uc2Q
0Chsg4ns_FI
0D54pfccNUQ
0DBDuNYsciY
0DGrdJA5Mx4
0Dd-y_apbRw
0E3PuHiDU9U
0EZuoxSi4Pc
0EwwoDVJVPQ
0F6lRMI_rHQ
0FbeUMPZFjU
0FxRYePmogU
0IeWoAiHbAY
0JW9P_T4P_Y
0Jgow5x09qw
0LM6wPpypxM
0MzIJfmSa5k
0NYbQPcdxg8
0NyeDUhKwBE
0OtQY-gDuJA
0P0SCQf-hWQ
0QOnEoQHZ1k
0QS4VHPV4JA
0QTs_SOCV_E
0QlJrnRRfW8
0QvGgONYDeA
0RdI3-8G4Fs
0Rmmynff5Yc
0Sx5aJoAkW8
0T0QrHO56qg
0T9xMqvjdLk
0UIrs9BgCS8
0UgQ0B_0hAg
0VARkb_n-Bs
0VBQnR2h8XM
0VIi4kxbbqw
0WUXQNjdRvM
0WiTaBI82Mc
0XSSPow5oAc
0XkyAPXq55k
0YD5xSvseIw
0YErxSShF0A
0YOGrTNgGhE
0Z2bIv4DXts
0Z63Mv8hGnU
0ZKtsUkrgFQ
0ZstEh_8bYc
0_4uTKBI99o
0_DYEFtlCiM
0_VaUYoNV7Y
0a799xooy-w
0b2Tl0x-niw
0bBHepZ8UPE
0boZOi9-U-k
0c7dt2SQfLw
0cHCpgQD_8k
0cmhBgQNGDI
0dDIPzqKgYk
0dWF35WPKfM
0dXmzDprnO4
0eDwckZOffc
0eWm-LY23W0
0ebp800ws0o
0gzSreH8nUI
0h5Jd7sgQWY
0hdKLilBRxY
0imeUgSxR10
0isM0GF-rMI
0jk6uLZ1Tdc
0k4tWeI3R0Y
0lOpqmTdtzk
0lSTXtwPuOU
0lY4PcCYoyE
0lsDqvH5mDs
0mH04VZ_dOM
0mKmYxuMirE
0mMr7iKWAjQ
0mOH-qNGM7M
0mWq45973ok
0njioQqIxKY
0oGJTQCy4cQ
0pv0QtOi5l8
0qjbgGQy8uM
0qtIHdda19s
0r9Lc7oYq5M
0r_JWUkXEkY
0rlNHYHhrWs
0ryXomtf3MY
0rzL08BHr5c
0sCttufU-jQ
0t4MF9ZoppM
0t8W4JFpP2M
0tXxFPHzFFI
0uCslW40VHQ
0uHhk7P9SNo
0w9R_foNLrg
0xrvRKHoO2g
0yEiCV-xEWQ
0yZ0ehTLxoo
0z-yIFzpunM
0z52CLjC2C0
0zCcFSO8ouE
0zExhHh7_Ic
0z_MDIWMBwU
0zoZmYbJ3tE
1-5sTDLrcp4
1-8O5AHIb6s
1-9n4Upditg
1-AaLq7VS0s
1015d63VKh4
10LuSfZZa3E
10dTx1Zy_4w
10q8SnMQTHY
11Bt6OhIeqA
11dNghWC4HI
11s5Biyi9q4
1213qW5k55I
12Rvts2NR7M
12lYK1U4dyY
12w3qsF4xmE
13E90TAtZ30
145zOBT0LD4
15s6B7K9paA
15zliAL4llE
16-GZWi66CI
16S_XjHqcZM
16StQAx83kA
16aKF_eDGdw
16c66XCdSBo
16oP6LSZ8yM
17EhKw2tsu4
17a443nL7Qw
17st-s5gg10
18B5S96H9CU
18HrvnXsgNs
19yOv4P2ccw
1AqkBdCBm9o
1BGlbx67B6s
1BH2TNzAAik
1BRXCIvt9e0
1C7FH7El35w
1CMDS4-PKKQ
1CTdrWFNkGo
1CiBuN6qraY
1CxRVVGGNJU
1CzHfnrezmc
1DcsREjyoiM
1DgDt6gCUKs
1Dk0_-fyyDI
1E3Z_R5AHdg
1F1tFouUGTU
1F7LAJEVp-U
1HRl5nEOwGM
1HYSMxu-Dns
1Hdz_1_c_CY
1Hoo7MASKq0
1Hq-W74ZxMM
1JT9oODsClE
1Jm9rREA-uA
1K5uvvz9c3M
1K64fWX5z4U
1KwW1v__T_0
1LtBcfk1uHg
1LxhXqD3_CE
1Nt-t9YJM8k
1NueJQpqkuc
1OjRJX0PNJE
1Oopq5U0b08
1OtzfP8fCNU
1PStpk__IxY
1PsNIzUJPkc
1RGnb-QvQzU
1RXk1NJpRDI
1RoJcfnZYCQ
1SC8pC5FKtM
1TK8V_qmqrk
1TZA171yxY4
1TjtFhuMdU8
1UQ5IbihJNI
1V9wVmO0Tfg
1VaKLjvbWZ0
1Vb8t7Y-pI0
1WOrgrIcQZU
1Y39f7MAL5I
1YWyTdtofdE
1YYy0DEOpoU
1ZKz2KW87Y4
1Zx71Il5jaM
1_ymCFwbGGY
1bj7FPzUiWc
1byR9UEQJN0
1c5HY3z4k8M
1clS_RN6NuI
1co7bMQplwQ
1ct7LUx23io
1dPMsJ7I6BY
1dZsuE0vxEI
1fnzY3WypMA
1h-EUy0Bybg
1hihcoJPzz0
1iDCV5NbbzM
1iSBNSYhvIU
1j5WnqwMdCk
1jDDfkKKgmc
1jwEEbr2fuU
1k-jqxMuUaM
1ke_xceCevk
1kfq0aR3ASs
1kly25zVbco
1l4mmTSIbvU
1lA1hWdw62Q
1lt6a77OmLU
1m9p9iubMLU
1mL0FD7gnGQ
1mnKCkmeaYs
1n1KHL5XB-M
1nIbQK3Gwfo
1nXSO3POyZ8
1oFv56vSvvA
1og25U-d3_8
1op92ojA6q0
1p0NHR5w0Lc
1pHhMX0_4Bw
1piZ8oYWh3E
1reblXFlM6I
1s3CniZ2OLI
1serq4kmeZc
1t42z5U2uoc
1tSrRYU6LKM
1tjJDdszcZg
1tn0vd2835k
1uWZNW5PF-s
1uf_DeazfZg
1ul8g55dYA4
1vMVqhh_wi4
1vamogV81Y8
1wWbXeTM8ys
1wnIsgUivEQ
1wsF9GpGd00
1xSQlwWGT8M
1xuf6ZKF1_I
1yInzfzDDKY
1zBsx-xGS4w
1zHTzT4KP80
2-1Sb1fa1W4
2-dUHLHeyTY
20B94yLBGrg
21680hPTfUc
21vbBiCVijE
22G9ylLr_I0
22YaS_NzRSU
23BJ6_iigUA
2439OIVBgPg
24WMbh1BBKc
24YMQ9GvLss
25axjMBeMxE
26PF9Ctch9Y
26apAl5onO4
27Kp7HJYj2c
27vT-NWuw0M
281GDzKgNIw
28lzQ_OhBHY
299o6c-Fkz4
29P6bar7nHc
29qKGbhFnf8
2AVLfSRpmfg
2A_LKrLlhxE
2B1EAhgAvPs
2B4EBvVvf9w
2B5SQba9xSo
2BVGig1LXLs
2BgWWsypzLA
2BxsmPo-zXI
2C7F_2OpRT8
2CZrkdtgeNU
2CsQ_l1S2_Y
2DBBKArGfus
2DPivVFCdqA
2DRmfxkH_VI
2DVDI-HF4Eg
2DlxIXYEu4s
2DnQEaNTd08
2E_DB5VuAoo
2EjEUoeIccc
2Etffnqb1qE
2EwPpga_XPw
2EwTHdg-xgw
2FXwGI_debU
2GQTfpDE9DQ
2G_Jr_XpnY4
2HIRaOQDRho
2IFItASxDVo
2IWhknVzeJM
2IfWIGby7K0
2KWifFPOy5s
2M4EDrD3aBQ
2M9cVwj3AtI
2MEyuKGw6-A
2MYA8Ba2PvM
2N62v_63SBo
2NRBn6ZLmDc
2NgzruZ4_5c
2O18RbWmrYA
2ObBIZoZnJ0
2OzZETP1QJk
2PM1yc_z4Bk
2QeDRsxSF9M
2QjdcVTgTTA
2REbsY4-S70
2RbKfRfzD-M
2RnS3fSHVV8
2SOK_IrpHeQ
2TA4y9BtzBw
2TBiCKKsMxY
2TDFtCKMoKk
2TtPbVobfh4
2UrcUfBizyw
2VeqrZ_PMiY
2WS1sG9fhOk
2WjGD3LZEWo
2XB4K6T-yKo
2XQH-J5KeHI
2XQdVMqAAsg
2XToWi9j0Tk
2ZgBJxT9pbU
2Zk6u7Uk5ow
2ZzuZvz33X0
2aqcjZsjeXk
2axaRJQkfVk
2bx7yjLC01M
2dbasvm3iG0
2eLAEMRrR7Q
2eSH9zCAA9Q
2egl_5c8i-g
2f7YwCtHcgk
2fzYE-Emar0
2h8XiqSnzaU
2hHyY1eyHQs
2iZXFd_ZImA
2jExPaoTrQE
2jH_z9ra9L0
2jO--kC3aqk
2l2FgUrln1A
2lY757QaaKs
2mzuFKCuDg4
2nZsIeaiJUo
2njG0S_GuVA
2o-Sef6wllg
2oGsLdAWxlk
2oHUkHYtQoM
2oJldeE4JcU
2ocKyW1L_hQ
2onEj_Y9JHc
2pwnr_soZEU
2q4vSKwaBtw
2q5UPN4tF20
2r1naFxn46w
2sFjcn9sMsc
2sHkluggZp8
2sTkub_aYt4
2t0003_sxtU
2tQYPdkUZKc
2u535-HVJ_o
2uUZXj8ugCM
2ujmYuSYzSk
2xdh0yKopB8
2yjSAarzWF8
2yqjMiFUMlA
2yr65GwQbMk
2zfdtmlMNDs
2zoiW4PdVKo
3-aryZYsoxU
3-xfmbdzkqc
30LcZqRfPRY
31v-n2ND2VE
32rdijPB-rA
33TYoybjqPg
345SnWfahhY
35HD5UTScN0
36Rym2q4H94
36cmQrqa_fM
36v2EXZRzUE
3858MaULDdI
387o7cyj40g
391txUI76gM
39d71RnZJBg
3A-nAw2tY_4
3A305Mhtkug
3ACF7L-7Vsg
3AF_rN-yN-Y
3AxyrK2jYc8
3Ayt7mOd_To
3CKpidALDEg
3Cc4CbRFm10
3DGKY3eM9PY
3E8BO7VRMEA
3ER8OkqBdpE
3Ee_huKclEQ
3Eis7atPUKU
3FIFHRrut2s
3FManXv4mZM
3FQ58lVtbCg
3GL69IA2q4s
3GYv-BZYYdg
3G_Q6AggQF8
3Gcwxb1WTNg
3HD-Ak_a6VE
3Iu1Z0h1i1Y
3J-7QEJ-ioQ
3JG3qn7-Sac
3JmnxR8nEi8
3KMqU5j7irw
3LObb5WxMdw
3LgfZ4bQ-yc
3Md5KCCQX-0
3MijXB91DVo
3NHSwiv_pSE
3NXg44WBZ14
3NcIK0s3IwU
3NdTUkjwehs
3O1wcDGXEgA
3OFH8OhpN08
3Po3nfITsok
3RYME7HTJ8c
3RdNPrNUi4s
3SO1BQQ9_1E
3SW3xK2TmPc
3SgVUlEcOBU
3SgddD4Ifr0
3Sp-7U5AIX4
3U0qqbq-Mts
3UlE8gyKbkU
3UoxWEZuwp8
3V2FPMpypoU
3VXhi_0Mclg
3WVVbCUNPHY
3XOt1fjWKi8
3Xcae0OGavk
3XiHrsZNZko
3ZhUdleD1lQ
3_DxJwDTbyQ
3_W6bGuTfzU
3_caioiRu5I
3_otNr9kRuY
3a7UbMJpeIM
3aDV3L8aZtY
3aUem18zr2I
3axHf16S0Us
3cnIa0fYJkY
3dGiR32OxE8
3e8e0d1fWLk
3eowXt_LNbg
3fY-DB9D6uU
3g6P0lRXotI
3gUE_P9T-Wk
3h4UK62Qrbo
3ia-sGkAVf8
3ihRfwICTOU
3jBfLaLrk6I
3koOwozY4oc
3lHBgFvr3yE
3m7j-JCW8wU
3mLUJSoh6i0
3mUi9IZb4T4
3mier94pbnU
3mimxluSVBo
3n0LvI99-KM
3nQejB-XPoY
3nbalsyibKU
3o82OwR78wU
3pSysspeCxY
3phL9GRSY3g
3qP8OOr7pfI
3rs7sFPoiZ4
3szFVS5p_7A
3tRc6mUumFk
3tmFTHOP6Pc
3tyM_M3FQNM
3u9Ux29MSXE
3uO_uPb9H8w
3uYb-RhM7lU
3v9w79NhsfI
3wTy5aI9AF4
3xCzhdVtdMI
3yBYXNW1Nls
3yaZ7lkQPUQ
3yb1jBTwMeI
3ybPmFWZXwk
3z-M6sbGIZ0
4-JYxNfqp8g
4-_-wQc3EGE
4-gVIRgZi2U
405boztgZig
41XNKfR56OY
41ofb4qIjww
423zK3ev1vM
435Ipnmp7bA
43AS7bPUORc
4441EyWBPt8
457xnJv80O0
46UhAtPyXw4
47wjId9k2Hs
497oIjqRPco
499MvHFrqUU
49EsnvxVQec
4AxYt_Cjd1o
4AxZ-6MOznY
4Azskeheo_g
4BAGI6LbHeo
4BNIGTHUTTM
4Bc5-HRop5Y
4BtXvopHXI8
4Bx06GFyhUA
4C5CdwsUnLw
4CNnPgabrLE
4Cmv7dUgggU
4EJay-6Bioo
4ES_vbSJ7LU
4Eax48gDg9g
4EsDY2VbIXs
4F6cFLnAAFc
4Flj9plmKGQ
4GQOgcI3x_Q
4GcNzvILqtM
4Gn5Q1efT4g
4H5JZnytOfE
4HnyNMhkBs0
4I9iibPLdBw
4IWfJ7-CYfE
4J-dRA3MGc8
4JqH55rLGKY
4Kbruik_LOo
4L9dSZN5Nvg
4LSktB7Pk_c
4LYtLMmDuzw
4LmIyMyAuN0
4LvGU1a9Z5Q
4M62l7m1FJ4
4Mr7aEHQr8E
4NT_btkLlho
4Nl47fKLj_Q
4OEeVLo5V1o
4OF7o2nrXeg
4PCktDZJH8E
4PIn_9cxefI
4PPMnI8-Zsc
4PXkzcK-b4Y
4PXlyPY6Uzg
4PlkCiEXBQI
4Q45iIeMdCM
4QX-tMRR0TE
4Ql6o932ZFU
4RBkIJPG6Yo
4S3Mbl0JrdY
4SQDybFjhRE
4STGvuoBi5U
4SqOXcywn7c
4TBVB4hLQhY
4TcA1l01s9c
4ThUMRAvUkY
4V-49LxkJJA
4VO-BgDgAHE
4WChwIGKdaA
4WJUEXIksH0
4WOjZ9lQdHE
4XHMqvVByFQ
4Xgk3vusxT8
4Xn5DqJzhJk
4YUtnod-YuE
4YhIUkS9uu4
4ZWbeESjv4M
4ZcTEiJru84
4Zf_PFN-kbg
4ZyTVTGVPgE
4_ss4WEN3ZI
4_xhiP6g2ow
4aNoZjAhSr8
4b8YnmUUIfI
4bIqWXStPEI
4bJs6bKjPPA
4bZyfvKazzQ
4bmPvB15aYU
4cxjvAPs92o
4czm7qIbUjA
4dOQePLgqxE
4dPbciiZSbo
4eLJGG2Ad30
4fBXIcO0It4
4fMipjAnlRk
4fQeHtSdw80
4frpZ4Q0q58
4g5ZEGoYtOA
4h54s7BBPpA
4h5DjmFTcJE
4iUdgr_ccxk
4jXv03sktik
4jhG7g5qgO0
4kA-IOFwUN4
4kFLOoA5l4s
4lBmOfNtYLE
4lXnrckRKPA
4l_IvxXD9o8
4mRDJf6tShs
4mUAiRKIhj0
4n7TIvRHuDs
4nPMCRuts9o
4o4P7KrkzXg
4o6wnbgi6bg
4oeoIOan_h4
4pTAEIlZjRM
4qfdCwys2ew
4qgLz0TF8-M
4r6QHJzu8YQ
4rs8IC7TGpU
4sIuGOxB6hQ
4smVBLi3DxU
4swFGRhQoMI
4tWFdI7DkJ4
4tctB1wZNiI
4tdyIGIEtNU
4u8_AMacu-Y
4uEik_57Syw
4uQtJDf7drU
4vLy5VoUcQE
4vNloi-zNjU
4ve7OaCnDLs
4wo6S2NyFh8
4xFIi0JF2AM
4xOsAuj0QZg
4xfOq00BzJA
4yp5v64XuRc
4ywTWCaLmXE
4yyLfrsSXQQ
4yzV8m8X3Kk
4zvwNsou9vU
5-03899n678
5-Nm6pBHJPI
5-ZFOhHQS68
5-qpfFTaY8c
50ezMTE_BuA
51-U-Jkq79A
51JgTZKnytA
51UHJnjUOSs
52ZlXsFJULI
52wxpYnS64U
53zToEIkq1M
54DYSPW4kn4
54ZFp4CwWEg
55G8037gsKY
55yE4qwjHbE
56qtGRCd8bE
573yqfOoMwE
57BiI_iD3-U
57gz50uTPqM
595Tiga1gIg
59Jop9bZ-mw
59RIABaGTcs
59UeshgSuEE
59s_CQjTD6w
5ABpqVSx33I
5AWob_z74Ks
5B1i26dUwME
5B8XluiqdHM
5BEaqN92vDk
5CBs36jtZxY
5CGtESB40Rc
5CZ0oZ_lXSY
5CdSLyACbUE
5CeBlu260Rw
5D1gV37bKXY
5DLkB-g8Rr8
5DbDqxUfIXw
5DlzmolR8Cg
5Dzdrb8MKBg
5EU-y1VF7g4
5EWjlpc0S00
5EX7tYQEB_M
5EdbPz1ZVn0
5Eepm6Px5pc
5FBDqY41GjU
5FEjrStgcF8
5FWAVmwMXWg
5FnwYwqIh7U
5GOhM3jq9Fc
5GRlLD7M430
5HVCFrXQ9pw
5HZbCNg9mIw
5HgzsltWwK8
5I9dH5im24U
5Ilo0pw3iL8
5JlJ4Qfk8g4
5KfHxF6Vhps
5L2a6cuP_4s
5LMzbgfZ8cA
5L_6VfsfWms
5NjgcPri07E
5OT5l-NZS24
5OYIXxNz6Xk
5P1O6tBiTlQ
5QFwaG5oM_A
5QY8yvZViO0
5Qr-0-Vgxyk
5RzDVNob0-0
5S-Zfa-vOXs
5S03uylNn-Q
5SJFZQ4zwLw
5SXN3gdF3CM
5T9gSp2W3Oc
5Tw9Yp-YuVU
5TwOaUrniaI
5UUa0V-MAqI
5UVpLPtgdF4
5UWdzPq8_Qs
5Ub0Qu4uxpc
5WLjj7Z0AP0
5YaSL-y46Hk
5YfO4CshL7Y
5ZCKr4wTQvI
5ZGCqKAl_CA
5ZMHdtGySvI
5ZdxnFspyP8
5Zo0j7yj23E
5_bdL_g-X9I
5_zxtSyTfOY
5a6zpfl50go
5c9N_1PEfHw
5c9hXhJ_o5w
5cK86VKoBPw
5cWB52I-SF0
5ctsUsvIp8w
5d63YMUxcS4
5dvIBOsITTA
5f1-Rg3MmKs
5fK8HEYNRuQ
5fcRSie63Hs
5ffl-0OYVQU
5fkh01mClLU
5gCx5YCmXbI
5gbHbUVxoyM
5gujU2QcGcY
5i8HLmVTcRQ
5j81gyHn9i0
5jgSW5Jb-Y8
5jwXThH6fg4
5k24We8pED8
5kFnAmmGXM4
5liQvZAC7-Q
5lmHzAHbtzg
5m3_Kre_M4Y
5mMLaK1ByZc
5mNTvtjDnP8
5mgH-_5UJ54
5nm7WwS80Xs
5pU-PkFbBoU
5pfZ3dyG1cg
5pqzmUxOw_E
5qQUN1fugXQ
5qWI2pEv0wg
5qfOViJda_g
5qkyuHIE2GM
5r2FYszC_sU
5siktaX0Ih0
5tB7y_piK6o
5tMPPp5VIME
5tptL-SjfHY
5vP19zUIo4Q
5wUJLMWZ5Fw
5xQqwgS3O4U
5xe-6GPR_qQ
5xitzTutKqM
5yysruBGqEM
5z568fLBQyQ
5zosU6XTgSY
6--4MxDXf14
6-JjHa-qLPk
60Qz051rD_w
61YQXkVTyGo
61Zii5J8qoI
61ecnr8m04U
62NoiGwZmd4
63eKZySl8m4
63mWxNXQQAk
640-86yn2wM
649ZlWMp0LE
64bH_27Ehoc
662koqcIXSk
66_Sb1dP81E
66pQLO--Ghk
66ziUq6vRko
67YpFYOmmQo
67jn5Zv-myg
68mrr430De0
69rDtSpshAw
6A07Pj71TUA
6AWZT8owvO8
6BR0Q5e74bs
6BwDYdfw9NQ
6CFE60iP2Ug
6CUcgUeQS-w
6DpzCKJBsz0
6EY0E3z-hsU
6E_NVnboMB8
6EdsBabSZ4g
6EhxI7L5_A4
6FP-hLuAlr4
6FTiHeius1c
6FpPDGTcJD4
6FrPLJY0rqM
6G1evL7ELwE
6G3jMjAqNqM
6GfVdrfM3-g
6I7PgFdsA0o
6IS_M6CX7FE
6JFh1c2LDLU
6JFzI1DDyyk
6JXYNT5wD2A
6Js8tBCfbWk
6K6tQulp-x8
6KmeGpjeLZ0
6Kw2nIwWYL0
6L9jWmLkaS0
6NBkb98nFOM
6ND4nKwyCEc
6OFwfxmhtE8
6OvhLPS7rj4
6Ozz3J-LRrY
6PMQdHCtUtA
6PaFm_Je5A0
6PfDtm8vvqI
6QJtWfIiyZo
6QRtLh_THmo
6QZCj4O9sk0
6Qr99-l1Oos
6Qv_bPlQS8E
6RKMRBxDm20
6RT_dE3W-00
6SSr7FZflAk
6Sy4E_8Psos
6TxlqANDjKM
6UPYPv3LXxk
6UqtgH_Zy1Y
6Vf_mmb0ED4
6WCfVjUTTEY
6WIBa32o63Q
6WMZ7J0wwMI
6XOm3Km7r30
6XqsLv0QDUE
6YRGEsQWZzY
6YU9HVS2GT0
6YYiiixYz9A
6ZGQkGZf6sw
6Zzcd90Cqag
6_9xNMtwnfs
6_Cuz0QqRWc
6_XMKmFQ_w8
6_lmiPDedsY
6agzj3A9IgA
6arI8XhLZ9o
6bQ6HJsAv4A
6bwsF_bEISU
6cMn1F6bNPU
6dACXPirT3s
6dIMIBO_2mc
6dyWKD_JPhI
6eqgIZyXgK8
6ewi9jpu26M
6f553BGaufI
6fLNcGSa_L4
6g3DPg2HqGw
6gUY5NoX1Lk
6h0Wi8Dcd0E
6hjr4n4MCPA
6hri9k_2R8o
6jZZ6EeE-j0
6jaMJHiza4s
6jqx5uEBs5U
6kGi1dvGZNY
6m642-2D3V4
6mBhd8whoWk
6n0yxfWNFR4
6nALFmvvgds
6nTCnN-OzI4
6nUMiJfHLSA
6nVysrZQnOQ
6nZp2QGeQ9k
6o4WL5jlpn0
6o7b9yyhH7k
6p1lweGactg
6pH-7pciYU8
6pQLsRGapwQ
6phoVfGKKec
6pyeMmJTefg
6q8mk7z72AU
6qCQB8E5bkI
6r1GQCxyMKI
6rX2VNybXEE
6riBTnlI4fw
6s1CI3uuhko
6t9ogglXNIM
6uHk1Q-Qb8k
6uNYe9UB3K4
6udRtn5jSWk
6uojNiKFymc
6vRgqB0PSXE
6vUjGgI8Dso
6vlBOHckmzU
6xEO4BeawzA
6xPkG2pA-TU
6xvwyE67CeM
6xx5v3PKZZM
6ycEasF48zI
6ynr9N-NQ8E
6yrPU8rYOhs
6zV3JEjLoyE
6zWPgvEMVlE
6zixwWZ88tk
708-KVUh7_0
711pdW8TbbY
717zfRdog9s
721RrH6auoU
72L_N7AtCRE
72p6uw5y-Rw
72wRgtH6eJ0
72xChzYjJdM
733mgqrzNKs
73eSiVcg4tQ
74iuGIaBgRc
74oju-0NExU
75j1b1l6PWU
765X_PAxhAw
77-najNh4iY
779k4-oFjuc
789aMeepbxI
78QUeXVKiJ4
78Sg3RdEPVk
78_l5SSmbRM
78tnNYNISOc
78zFg2F3HsI
79ZwFMRWidQ
79duxPXpyKQ
79lagkER9qY
79ngr0Bur38
7AOOlxbZN3E
7AOXIqAPMmw
7BFx8pt2aTQ
7BkcNLOf56w
7D3ErvtvOaU
7DUY9OxFc0E
7DtWXEPB_AI
7EplN4Ch98Q
7FQWBCeVIJM
7FRFzf-MLnw
7FTNWE7RTfQ
7G4BUm7M6MY
7GEUgRcnfVE
7HCAGSkK1Do
7I3-HAW8rmM
7IU-TOOSxPM
7I_AILEWTL4
7Ig6kVZaWoU
7IkufOBIw5g
7IthGldHD9U
7J1Yr-cPtw8
7JPIX3odZrY
7JkY19bYF28
7LY2CMteGw8
7MAuojBTF-g
7MKA2QlKvHc
7MjHWw3p710
7Mo4S2wyMg4
7N5orPxUoGo
7PlTwiRM9ig
7QMoNY6FzvM
7QgtdYiWH50
7Qxdx8_plaA
7R1B4QFd668
7R_DTzVHw5Y
7Rb3V-HyVD8
7S1MLJOG-5A
7T7PxQMLTt8
7TYMKKQK8s8
7UISwx2Mr4c
7UJi2GQCi00
7Uos1ED3KHI
7WWsGtOIF_4
7WXijfIZh64
7WloKabLhII
7Wm0VOTPz5Q
7Y_wVnAHajg
7ZLjzp7thNI
7ZwSd9gtnwI
7_QPAdHILzw
7aGEvpHaNJ8
7adFZOA7Qfg
7aur5h44pV4
7bO0TmJ6Ba4
7br_-emGNec
7dOBMUESkqk
7dYePWVTTTI
7fYDCUIvZnM
7hCsQOKOYS8
7hfcmct9lgc
7iTWX8bfBv0
7jAPitc0bkY
7lcCdMr0Cek
7m0u6dxA5Xo
7mmG-G6OoFY
7n96N2gnlu0
7nKXXKn6jL8
7n_Hf_UsW7I
7oUBK0cNxV8
7pUEZbfd1Ms
7pqZj-83BuI
7q9eHwP2Smw
7rIFO8hct9g
7rrSuhFC7I0
7rt8X3bIhf4
7sHbB9VQBgo
7sQCcGlK2bY
7siSvYs84fg
7t8gdc3YogM
7udSVZ7bDb8
7vHh1sfZ5KE
7vL4-Ophj5s
7vWzd-ZV6-Q
7v_EKen6TWY
7w3DHilPtI4
7wUHJ7JQ-gs
7y4FGCvNgB8
7y_2jQlnKag
7ynX_F-SwNY
7zBqVOuEKYE
7zk0ubr_lzo
8-4mIiNtV3k
8-pxqeO24Ww
80bJA_tSbo4
80jDOAgBDcQ
816YzKynf6Y
81SseQCpGws
82Lhe3ipD90
83JI9i8DZbs
83gM3ufe1Nw
84NkvxfMPtM
84vWRnGU3Pc
858npSa0rgc
85NM1-FQrn0
85zGYB-34jQ
86NwKBcOlow
86nb02Bx_5w
87_qIofPwhg
88hs5LcCoX4
899A7cHuc4M
89Dp9Xq4eaA
8AdcPD50aTQ
8Amgakx5aII
8AtM1R9NmwM
8C5kAIKLcZo
8CJ-RsoYbg0
8CJ6Qdcoxsc
8CluknrLeys
8DmmUjnyMJI
8E8YQY5qE3s
8EA5wv-kQPw
8Eb5MWwcMMY
8Ft5iHhauJ0
8FzOm1-xcJA
8G9rSqFsM3Y
8GEGnSEJA2s
8GQvMt-ow4w
8HlVy__J8XA
8HpDX3ZYsnM
8IGREqSL_CE
8IR5LefXVPY
8I_KtODUekU
8In5PK1yUAA
8J0ys3z5wzo
8JT-Xqs8_GQ
8JUEga3MYsM
8JYP_wU1JTU
8Jwy6seAdHY
8JyPzTeA_8w
8KXWJCmshEE
8KrFLUkauxE
8KsQcWL5nm4
8Ld8Csu4sEs
8M4c8TB3Cdc
8MJvK26PwSo
8NJEeEUUhaI
8OCjwBkMJ_E
8OHEgD6YMBw
8OKTrN0uT-Q
8Olab1Es-eA
8OpvFcwKK7w
8PXJ3hHPxlo
8QihetGj3pg
8RSTQl0bQuw
8RasCV_Lggg
8Ryfe82DTcM
8SAMey9Gl5I
8SsC5st4LnI
8T4F7WboWPQ
8TD6iDzt4oQ
8TIben0bJpU
8TPofjGXDR4
8ToCxaB7EOE
8U8egQjcPaI
8V-PdgS2GKc
8V4_4M90RfA
8VgmBe3ulb8
8VjhtS3KlOY
8W0iZk8Yxhs
8Wxw9bpKEGQ
8X1AS9qD5AQ
8XffLj2zvf4
8XoQH1MVLew
8Y-snjheI9M
8Y4JSp5U82I
8YAJbAcRnsk
8YBQQ0GeusM
8YR1E7XWPz8
8Yl_u_Otcjg
8Yl_yNNXKnY
8_fMpRUsnBk
8_fT1BsTmt4
8a1a5A3CfdQ
8aAU4r_pUUU
8aHUrjgF6s0
8bCL8TQZFKo
8bHPj3ll0vs
8bK-xfh8-rY
8dMLK2Wueaw
8eSUbi_aYL4
8ffMjFXiW9A
8fm9FjDV0iA
8fnlfi0hCO8
8fxilNdEQTo
8htcZca0JIA
8hvvhH7-aLE
8i0j3j16yFk
8iKsY8C5VW8
8jEaFV5PY2s
8jV1SwpZ-W4
8kQjCbna2GI
8m8hFcFJ-JM
8mAZYv5wIcE
8mS9eDHf0fQ
8mcTsyV56jI
8nCsnsD8Fnw
8nW9L7cSop4
8n_7bH5d2EE
8nod8JWaO1o
8pWMifyG5bU
8poW-IcyU48
8r8Vp_1iB4k
8suweCJRkoc
8sz1IPjBRS8
8t-Un7yH99g
8vFhNhL-zm8
8w6EPyEqE9M
8wYvKeSK1IY
8wZugqi_uCg
8wrtyW1RwNk
8x1-TeDxblU
8xIA10NQakI
8xbIS2UkQxI
8y7xP4zz0UY
8zO0algdgNM
8zgvzmKZ5vo
9-9_v1wSPBQ
9013Imlt0ZI
904esvqoJns
925fZ4WKISo
929zpx9XJaE
92U67CUy9Gc
92aLiyeQj0w
94Gnto5G1PU
94O_3QCvfqI
95KX0dNZXAA
95logvV8nXY
95tChNVzodY
96D7RHUQvMA
96ZEmUbnuU8
96uHMcHWD2E
98qfFzqDKR8
99pD1-6ZpuM
99v51U3HSCU
9A8wM1UMLyo
9AHqFKc3mKY
9ASWQi14FlE
9AoDucUmO20
9BNkmfHYYYI
9BZFphoY-vo
9COoRE8pc5k
9CZfG3r5JBE
9DxrF6Ttws4
9EEJU4Ox-TE
9Eg97Rtg-pE
9Ek61w1LxSc
9FC0WT186aY
9FLYqh697xI
9Fqy_stBdFk
9G0w61pZPig
9G7ZWwlR_tQ
9GQdh2eGP-Y
9IUEk9fn2Vs
9IXn3xHhkgg
9JX2s90_RNQ
9Jg5S7F2SMQ
9K54G5yeR74
9LgyKiq_hU0
9M-B5qU7ezY
9McJ3GobPaY
9Me8VGbA9dA
9NdxiyCCjSU
9NhTVXhfqzU
9P80OLC6wKY
9PMpb4t6Ljo
9Pp_LtKgTQg
9QduzzW10uA
9REPnibO4IQ
9RUSMa-UIcQ
9SOSfRNCQZQ
9T3AAn-Cw3g
9T6ZPYYu_Dk
9ThXDY9Y3oU
9UBZchwb2KI
9UVgO8zS474
9UhChwcVWq8
9V1bipPkCTU
9VZsMY15xeU
9VqL6POWIoc
9Wfn-WWV1aY
9X12OVvOznU
9XZypM2Z3Ro
9Xncz_mMc5g
9XtCWJmKF28
9XxzIoUQd78
9YjXGLWMvCM
9Z1WpYN-tBE
9Z3ngNi-12k
9ZYoIliBXYE
9_3OxtdqmqE
9_VCk9tWT0Y
9_epJ4vUsNI
9_gvwicIbHg
9aD5Z_EMxos
9b15JaTtFAc
9bfyDdMeJmc
9bwy85M1Zxg
9dur4s-4lhk
9e9GWdT2pEQ
9eSPhvhuInw
9eWyvWq9CCs
9geXUOXTJJQ
9hM32lsQ4aI
9hryH94KFJA
9iaYNaENVH4
9igPBrHMnCc
9iqN12hCn10
9iulv2QvKwo
9jxd1EUfQnc
9k97m8oWnaY
9kW6zFK5E5c
9mJijsZZMsA
9mU3MVtsqic
9nH3A4riVxs
9p10aMu1Glo
9p3HNMe-oAI
9pcWAHujSZA
9q-T8o1HUcw
9qEaVwIXqR4
9qrx0aqyhS8
9r8Wb7prWZA
9rRlLPx6w7M
9rf2vnRNvrs
9s8jiskyso0
9tmtDBpqq9s
9u914ckHlUI
9ujy3qfa7jI
9uvckgMLjTM
9uwLgf84p5w
9uxvm-USEYE
9vlsBN3pFE0
9wOalujeZf4
9wXdONpguLw
9xgO-EJ3sr0
9xwAPXM0Flg
9ylUcCOTH8Y
9zZY6RfN6iA
9zoS5WGsmpc
9zreFD3T0qY
9zspW8u6kQM
A-qer1ChzXk
A-uVHlqEiyE
A-ykhY_IoaU
A11AfJ2-3rE
A1H4j97paI4
A1_PT1aHVLY
A2DccuyHlFw
A2xi-jEqpmg
A3OuFLHum6w
A3xPhzs-KBI
A495e31cDdE
A4aoLMC1-5Y
A52fEdPn9lg
A57_63yP1UU
A5r7wkwDID4
A6FP-2d3GnQ
A6fbDssPeac
A6iQDBrFnKI
A7zPgMV4eTM
A90HKrgUOg0
AA6RfgP-AHU
AAWsuFXojgo
AAmVITyDXbc
ABHQJFWZGsk
AC_kjcuHpZw
ADfyReSt2L0
AE8NVTyESd8
AEIzy1kNRqo
AEKztz8ubSM
AFF8FXxt5os
AFMXixBVP-0
AG6SiMEK1tk
AGFO-ROxH_I
AGiWyQRZqpo
AHRh3EpJQH0
AHUHpVQXRsw
AI3aOkafYFw
AIb5x7fmtvE
AJNDeVt9UOo
AJxHM7EDh4o
AJy7pWK0W8g
AK0NZITv5Ns
AK9OVktYzwY
ALJGz4r_VF0
ALO87_KDoTs
ALaBkdJYXqs
ALhv3Rlydig
AMsbZLxd3lE
ANQIKpEvcrE
ANnuQZyEKVo
ANyVpMS3HL4
AO9bHbUdg-M
AOOKe2ODlWM
AOntr8OksEY
AOsWph2FNLw
AOxMJRtoR2A
APJx1y78ovA
APNkWrD-U1k
APcKEHAPYEg
AQFZuih2odo
AQf3gKTCffs
AR1uqNbjM5s
ARLRq3vWUbg
ATuMxyoVh_8
AUAT7zdD6Jc
AUBX_aHStQY
AUqeb9Z3y3k
AW3bPaErUWU
AWfP8d0rnic
AX988fq3cXY
AXAMVxaxjDg
AXG1OEbqV3Q
AXKqh3za1Fg
AXP5PGSaaYk
AXasQLqazWU
AXdZCfSdQFY
AXqhWeUEtQU
AY8ldIEi3fU
AZ6B7J8K1VU
AZroE4fJqtQ
A_1N561qdSw
A_ESfuN1Pkg
A_lV-XArVeE
Aa0l_P0K5fs
Aa1CMokCch4
AaR1mPrdbTc
Aaz99lyLBf8
AbmQNC-iE84
AcpIO62x2oo
Advpf1WgMiQ
AgYVtucDPt8
AgcuSSiR5to
AgvWWDzXCUo
AhgR3X--bbY
AhnJtTI_DMM
AiW7syKXfJM
Aig1hkq3OsU
AimYG1jYD0A
AjYil74WrVo
AkSGR_oj0rg
AkY3DGzrvk8
AlXVrAOls-8
Alhcv5d_XOs
AmIeRC8qy5k
AmOO4j0E408
An46SYAxhtc
AnATlMVA12E
AntQBDFOjUw
AoRpWU6hHJ8
ApstXGJtRrE
Aq3a-_O2NcI
AqFwKecNaTk
AqMT_zB9rP8
AquwEh-HALc
AqzpkyiL4s4
ArcrdMkEmKo
AreOMvPCxv8
ArmlWtDnuys
ArvnBba_ogI
As-YfI9xVB0
AtbZZiSLemQ
AtiOjlyOQf4
AuCH7fHZsZ4
AuD2TX-90Cc
AuX7nPBqDts
Av5azFCnULE
AwKTZK8gqZI
Awcj447pYuk
Awx6eoc_XYU
AxHAQ5l45FE
AxaWXWd2pw4
AxwkJtvVaZk
Ay0B6Kh9Y3Q
Ay1bVzqTKzg
B0A2lDzn3yw
B0Ard8jDiHM
B0R3MJOrST0
B0Z4s38YIgQ
B45S0K_tQKA
B5441_DREY0
B5L8Eq1Yk1U
B736-QoSLh8
B8131VDv0e8
B9GkAsd8EK8
B9bJaoIHRp4
BA2Q4NGd8DQ
BAFOOQxiwkU
BBFOL4d2kek
BBotNyLMNB4
BCEyKQQOl8E
BDWqwcTtZa0
BE1FK7vDVq0
BFW2lHobO4E
BGyrSuW3GCg
BGz3pkoGPag
BH7URONYaHU
BHLre3UiIho
BHTMuHvmarU
BHTvP5mOT0k
BI-rtfZVXy0
BIGX05Mp5nw
BINElq3DFkg
BI_jmI4xRus
BIpsQIJUCC8
BItpeFXC4vA
BJSk1joCQsM
BJl9WA787-Q
BKEtsv9MbyY
BKGx8GMVu88
BLQNL_UGONg
BLcgeLALLnc
BMNj7-Okclk
BNHLzEv6Mjg
BOIA9wsM4ok
BQMyeQOLvpg
BR5yFOt0zao
BR7Svm1s8fs
BRX5mWU0pKo
BRXBCxKjiK8
BSKtQcLQLWU
BSVUG-F6W1Y
BSrJi9uEJp0
BT2ZPUPyL5g
BTNarhvGX88
BTWLwoaNeBA
BTnAlNSgNsY
BUmLw5m6F9s
BV-TGIMUXaw
BVqUmxb9NGI
BW01z2hmBMY
BWs-ONRDDG4
BXHNzUaIRR0
BXg3cAbmDjM
BXq5TFLvsVw
BYTfCnR9Sl0
BYkxKrbETb4
BYuOi8_Qkas
BZmtnCqTWik
BZxZ_eEuJBM
B_49lQxwMaM
B_P48TakY3Y
B_qsI4Q1nNk
B_vAlneziHo
BaQXFstxCMo
BaYuvxbrCds
Badvask-UDU
BbqbvSig6Mc
Bc9bhLk_AhI
BcjutHIUjxQ
BdDkQJ0rolc
BdSNiuJnZa8
Bdbc1ZC-vhw
BdmI14oSe4g
BdsURIUQ04k
BeJFiz-BwT8
Bem-jjMv8aE
Beo10i0-jdk
BfVjTOjvI30
BgFJD7oCmDE
BgTpPM9BMuU
Bgru5DYylTw
BiVOC3WocXs
Biua3BgRf54
BjIPqJ0paXI
BkRJJsHoRdw
Bkkk0RLSEy8
BkwI6Uu0vi4
BlFjNf4f0mE
BmDph4uNfPI
BmxuzqDEBpM
Bn9ul9lxIdg
BpBh8gvMifs
BpPHve1cCCs
Bq9cq9FZuNM
Br067hrasc8
BrYEuO7fwMw
Br_8t58mdeI
BsBH8nAv5l4
BsnJDe4Tl-4
Bt60JVZRVCI
Bt6V7D5av9A
BtQnTyGq4sI
Bue8hgXgoWc
BukTc4q9BMc
BuqcKpe5ZQs
BvNKHUICHYw
Bv_3hBUTOk4
BveA7JiRGS8
BwmTemng9lc
BwwElHbjTGo
By-ggTfeuJU
C-2Ln0pK3kY
C-qg2Lcy6Ts
C-xLUS5JGIM
C06ELfztA9g
C0avH_H2a5A
C0frzmxc5KU
C1pHvEAKmLA
C2PC9185gIw
C38B33ZywWs
C3HFAyigqoY
C3KlN5kTWAs
C3MI_mspN3o
C3QPTCwpIZo
C3RPDVGZdFw
C5-lz0hcqsE
C5D5NVUK6NE
C5G2Js2_Ep4
C5Lbjbyr1t4
C5titprQAc4
C5xQP8RmHxE
C6F33Ir-sY4
C6gQZ7qKtdM
C7CY4l99S7M
C7ducZoLKgw
C8Eb4-Wz27A
C8mudsCSmcU
C9Rzb_OFuhk
C9m5VEEyno8
C9onjpQGpSg
CA4S7S-3Lg4
CAXQvTKP8sg
CAXqVVxn9zA
CBHfoQsF2Y4
CBjLSRfqoAg
CBlSsy1eslw
CBlfcuUXzUY
CC8-yVzhWI4
CCPrxewq4bU
CCsNJFsYSGs
CCysGY2cXUo
CDJGU9P_pGU
CDf_aE5yg3A
CDmJL-VNlaM
CDteaTWYvKM
CDvPPsB3nEM
CEPuNmVKnZM
CEdXvoAv_oM
CFBKfgGTP98
CFSHq099Mx0
CFygKiTB-4A
CGOIJdBXQno
CGS0vihzSlc
CGZZINHT0I8
CGbBbH1e7Yw
CGrbnripinU
CH6FQhlZn6k
CHHu-iTwHjg
CI7_WKmW4N0
CIFBjZU55so
CIQmq1wOjnc
CIoPn6BnLNM
CJRQ8gOjq4E
CJrVOf_3dN0
CJyVct57-9s
CJzuu_k9Nv0
CLQRZ2UbQ4Q
CLWpkv6ccpA
CLrImGKeuEI
CMTeCNILzwU
CNN2d7uG6IY
CNP-dCQ-Cmg
COVELT85zto
CQYELiTtUs8
CSNeYAV95UU
CTIzdbEBweI
CTKMK1ZGLuk
CUB5j3Frev0
CV64oTCzp3s
CVKAro3HUxQ
CWiHA5XtqgU
CXCtqBlEZ7g
CYNUwiUzlPk
CYjAgOTVfZk
CZ5ne_mX5_I
CZdziIlYIfI
CZuYBGBClG0
C_7Tqk9fw4k
C_H-ONQFjpQ
C_KffdI34ZU
Ca91iOVGd9A
CbUx0S8BCtA
CbeCE1HoGfA
CcdhwzN4lzk
CdF-6PJ2jTM
CecgFWTg9pQ
Cf0-6ngH2gs
CfBYGFm5gPA
CfHieQ0SwpA
CgpExkmY6Y0
CiKrFcgVSIU
CiNggzdWkIo
CkNArgNPI2Y
CkQOCnLWPUA
ClFrIg0PpnM
ClHuscLyuLo
ClYdw4d4OmA
Cm69zTuUzMI
CmXmRNFrtFw
Cn0skMJ2F3c
Cn3QiGlklRI
CnXuSCaCNBo
CoNHV7786Hg
CoRawW0_Kns
ConsnUZGfmw
CpDfay5NeCg
CqsYCIjSm9A
CrV1xCWdY-g
CrnyDEwYNxE
CsgVO0ldmQs
CsrM_RpqXek
CtqwiX4wHEY
Ctytn4a6zjw
CuPgmA7ytWA
CuTNp-6FI0k
Cv4YhIMfbeM
CwiVwRzqCmA
Cx-_PxD4DJM
CxAXc9vL2rI
CxEFOozrMSE
CxcP4ylUP5w
Cy-v0XB7_YE
Cy1Pxz_wLfA
CzDA0WCdWHQ
Cz_GWNdf_68
D-0E9weT_t0
D-EIh7NJvtQ
D0Nb2Fs3Q8c
D0XYWKm_LoM
D0YUpfLofgQ
D1NubiWCpQg
D1cKk48kz-E
D1eibbfAEVk
D2FFijvA00I
D2Ks5SKU6GM
D2sMsmL0ScQ
D3a8NnpQ2vU
D3vHhXMQPmE
D3wQ5dgFPms
D4UfrKzUVz8
D5NVlAaT-OA
D5fmcpNygQk
D5lZ3thuEeA
D5yQESfE4Bw
D5ymMYcLtv0
D6mRPgvAEOc
D6mivA_8L8U
D6yHKOYJiso
D9UXfNc1ePs
D9Y8Doh5a9c
D9f7dCMxu2Y
D9y0RlF_DqA
DA2w8lRelIc
DARUu2sJfqI
DAikW24_O0A
DBMQOK64VQY
DCWeH62w-NA
DF5MkPVjnCc
DFPBdbx0vFc
DGJBaeDJ74g
DGZNaKnbQo0
DI34LspKqNY
DIKkujAIeTY
DIjlllgq3dc
DIxU2l204HU
DJY89_jC_ZY
DJfNr8WoXW4
DJkOeou9oWw
DK1lCc9b7bg
DKh16Th8x6o
DL-ozRGDlkY
DL_bUfx6CRg
DLno3b-Xsmo
DMd9mTyzj6k
DMyhUb1pZT0
DNAnQBhGpRw
DNoDJlB0ygU
DPuK6ZgBGmE
DPxf4-ta4PM
DQCF4kTXf9Q
DR2DYe7PI74
DR5ZytN7Pj0
DROZVHObeko
DRaozNji5wg
DRg2VCo8lP0
DRpdoZQtvOM
DRtLXagrMHw
DT0Nl8wVEzM
DTF2qg2McwY
DVKY9alKYtc
DWyfS9kzalQ
DXHM7LYGcbI
DY9Q3qNmZnw
DYCwLAtNsjQ
DYb-AN-lK94
DZaNZ1vFx18
DZxG2miqgZI
D_E4Jws71rE
D_smr0GBPvA
DaBq0naj0YY
DaQlieZH1kk
DaoJmvqU3FI
Ddvw2wEBfpc
Ddw8u7nNmKs
Dese7hoWZMM
Df2escG-Vu0
Df9h5t64NlQ
DfO27juYly8
Dfkq9SOWxY8
DfpFfIdwcIo
DhW9pz5Vfwo
DhiiGFuUE9I
DiBXxWBrV24
Dj1rbIP8PHM
DjCdzM40LDM
DkZnevdbf0A
Dl0RRDiG6O8
DlBQcj_zQk0
Dm7sbR37_K8
DmANu5lkTl8
DnNqe8o0ehc
Dnf4M3PU6Qc
DoQkjWPpgyU
DopnmxeMt-s
DplUpe3oyWo
Dpo_-GrMpNE
Dq0xFgQB9qo
DqaHhReVpZI
DqeMQHomwAU
Dqp6xOeR3Ls
DrE_iiw1Mvk
DrRsXhln4S8
Dru0RHgfp2g
DsCMYyQ0NWU
DtPhV8q2D2E
DtWovvMnPrk
DtZOaOHROvg
DtlFQ_nNaQM
DuArVnT1i-E
DuYgVVU_BwY
DvV0e5F98NQ
DvYs1HILq1g
DvyAc6PNbVo
DwdPr27P5YY
DxSmZ0MDSxM
DxkkAHnqlpY
Dy5uDkOoMNc
DzJvR56Suss
DzP7XO0Qg_Y
DzTRN7sfrmY
DzYwB3uSU-c
Dzw2nLd7DFw
E-HOz8T6tAo
E0D1H74PMmI
E0TNh9uWesw
E0d3b7uoxCA
E1P79uFLCMc
E1j8W64NQ0Y
E2MRMdaPKcc
E2VxbufzuWQ
E34CftP455k
E3OfSGjpDoI
E444KhRcWSk
E4HAYd0QnRc
E4rbS0oxg30
E4zUMO24RVg
E56N17K6OHc
E6rn-YD_2_Q
E77NeY5Zmk8
E78ji1uBtSA
E7OkUomRq1Q
E7UIonbL4FU
E8G_gF409XU
E8HagppxzxY
E8Yt7SuJ558
E9Q_Lc0g1xE
E9YEUQR9NAU
E9bAwP7iK80
EA0LkCkvUeU
EAa3J_nDkoI
EBKNtjZAjXg
EC2mgUZyzoA
EDEg7SY2-VU
EDKaRM7jyKA
EDhYig0bEpA
EDlZAyhWxhk
EDvtwQLJzEg
EEnzhdQJUYA
EFVrAk61xjE
EFdlFoHI_0I
EGNlXtjYABw
EGr3KC55sfU
EGy1W24EPEI
EH4g3qbc_vo
EHR-YDwrrhM
EHzKIR3RuxE
EINpkcphsPQ
EJTPGyWqhqc
EJjnEau6aeI
EKKe7DBZVhI
EKLGgTwyNfU
EKZSwjVR594
EKvHQc3QEow
ELNooV0ymYk
EMCWvehKpd4
ENFNyNPYfZU
ENIQiqxFpBc
ENIUcjdPO54
ENJsWSCt_ac
ENKH97PYssg
ENg2ajvKYss
EOpzN8ZHqpU
EPvd-3712U8
EQoNfxToez0
EQrCdEF3vNE
EQvTEFCANTM
ER5eoDkjsrc
ERKx3Oa2omo
ER_96Mx-KEE
ES15mSuqHM8
ESSMQH6Y5OA
ESusD8HRLBI
ETzUpoqZIHY
ETzngG8N3AU
EU0c6qrrevA
EUqhLxFccbM
EV38zfiY6Vs
EV57jv7JKCs
EV5dhv0A2wU
EVSkf7l7EuI
EW08rD-GFh0
EWsVUf6ZFgw
EX0Ha42WQ24
EX1eFeaTiYM
EX9CdUAMpgE
EXIUYib9d8M
EXLVMGSDQbI
EYv2EoEFRbo
EZbgMfuh9C8
E_1gEtiGPNI
E_EmGO1XuHM
E_Hwhp74Rhc
Ea3DGInR2m0
EasTAsGWzVg
EbmgLiSVACU
Ec-BKdC8vOo
EdQ7Q9VoF44
EdYyuUUY-nc
EeIXVN1zUeM
EemKpQAL3RQ
Ef22yTJDUZI
Efoeqb6tC88
EgOyJJxuuP8
EgtB1aF3MIU
Eh0j5nHhS6I
Ehd3cgRBvl0
EhiOjcRzKlg
Ei54NnQ0FKs
Ei5mgFtUGns
EiI_3lN5mU0
EiR6cf8Towc
EiXl9g3TRvw
EiZJzWPTm0I
EjtjdJZ2x8w
EmTvdKkAUtE
EnwWxMZVBeg
EnwqpenGGcE
EoCeL4SPIcA
EoUpiipuP2M
EowIec7Y8HM
Eq4mVCd-yyo
EqEEndY0sT8
EqNzr56h1Ic
EqeVXI4WNHM
EqlsSqET1kk
ErHFQUhZ94I
Es8yvgc5kvY
EtZnPoYbRyA
EtzwLlkoAnM
EuwKjpUpkhs
EvLy_1_Y3tk
EvNKKyhLSpQ
EvvxBdNIUeQ
EwEbZI57P1o
EwKWzFv3Ul8
Ewithks6nD4
EyORbCPUAd4
EzE53aPGbrQ
Ez_-RwV9WVo
Ezp8F7XJHWE
F-OsMq7QKEQ
F-znJzic6YQ
F06QN7sH9VA
F0LLR7bs7Qo
F21S9Wpi0y8
F2mfEldxsPI
F2psxMnGdUw
F2tqV9u9vzY
F3KyoI26fKI
F5Nb6cIRZLU
F5iMsjwFLX8
F5uiFXECnVY
F63kWrYg6fY
F6ZhV09DgMA
F6lhYxV6gEY
F6rtQczAYco
F6zcGSY15Vw
F77xiSlCehI
F7BU1sXtul4
F7r7l1VG-Tw
F9BW57exRn8
FBWGRbHf7rU
FBWJYH8DZ1g
FBn1RlGfdzg
FCFYGpY-MM0
FDJ4D78pcbg
FE2jfTXAJHg
FEAXI5XeJ4M
FEEsj1puK9k
FEF6PxWOvsk
FEYN0jK1-pI
FGQIniksGlo
FGesqq22TCM
FH8TpU9xqQg
FI8xtVaI068
FICRd7Lp67s
FIYVnvHa2dc
FIiVE-mzmqY
FIt1RNiCO6U
FJ7AMaR9miI
FJIZPvE3O1A
FJo18AwLfuI
FK1s1-OJ5BE
FK6-tZ5D7xM
FKJjqEdfB9Y
FKraGDm2fUY
FNYDRzG7fuE
FNnmseBlvaY
FOkQszg1-j8
FP2arCfAfBY
FPNhCVZlbJs
FPPv1mkRpKw
FPh6EDv0Eew
FQFBygnIONU
FR8JH6IldsE
FRNTJmqMko8
FRW7SINSYco
FRlTh5HQORA
FSVDJoHZ3rM
FSpSrZQzzVs
FSyKEseXgWI
FTO0lS1Q9QI
FU5twilx7nw
FV5on4e9LeQ
FVSgVMVZZ-4
FWEqB0J6mgA
FWcXFU8Zj8U
FXSuEIMrPQk
FXZ2O1Lv-KE
FXgV9ySNusc
FXpJQXzoXwI
FYMn61HLw1k
FYaWb2x5Y_M
FZ2APP6-grU
FZBc1wM8a8M
FZXSc26Sajo
F_vLWkkOETI
F_ySQvjtAxQ
FaDtge_vkbg
FaF3v-ezbSk
FaeAurHnQJs
FbP9nUrtKto
Fc5t_5r_7IU
FcLeaD3UII4
FcRxdq7KGOQ
FdD0Wu032R4
Fdu5-aNJTzU
FehnQ_2SgsM
FeogTR_omiM
FfdpupKByiU
Ffhvwg2YXVA
Fh45mhVsZrU
FhUj7sF00VM
Fi3JtlGkzCI
Fk4pn8ZOy1w
FksgVpM_iXs
FlIG3TvQCBQ
FmqyKCQo7Tk
Fnf1lNU7C-A
FnrqBgot3jM
Fo4kitkFB3I
FoTD41xzF5Q
FogJFEEYuO0
Foy8cAMqnAo
Fpm-E5v6ddc
Fq1BirUwrLQ
FqGLqdk9Sr0
FqPozblg-MY
Frpq_A7Ky_Q
FuuR_SqwXm4
FvS7v6KM1ig
Fvi9A_tEmXQ
FvsIDLrS2rI
Fw8qsuZNzH4
FwA_UZkI-JM
FwMYoK1QKso
FwuPXchH2rA
Fx4l41R5nxY
FxkTSjctXdk
FyW7CUl9KDc
FycJ8X67xEU
FygpbbwsSGg
FyoZaqF2dsY
G-T_6hCdMQc
G-aTU0RXJww
G0fH6blRMHI
G0h9Sa_s18A
G1cNKc3PD74
G2JdRB3bdFM
G2VBRwXq1q4
G2WybA4Hf7Y
G2ZXpbMukEQ
G4CgOF4ccXk
G4VxHxwi6DY
G4j4is5Z2Yw
G4r9PpYQiL8
G5FVxAzlmfM
G6NR4z6K5HU
G6OoxGmJzuc
G6ReTLn9vLc
G7QiIkYfeME
G7WyEp8gHs0
G7c0CBLWVfs
G8s3SkAm-gM
G9C7uz3XOh0
G9zt6-fIq9I
GA88JI4AymY
GA_yxxeFYBU
GAmzwIkGFgE
GB9Rqsah2gs
GBGGh2Ie4d0
GBtcGO44e-A
GByZ0fYBd3k
GDXyGy5TjnI
GDcVdBAnBdU
GDppV18XDCs
GEId0GonOZM
GEeKOeGHddY
GEvQvwDEWgo
GFiizJ-jGVw
GGQngIp0YGI
GGS3NcmAZnw
GH8-URjRQpQ
GHDrDdu6vrU
GLshJ3gnGgA
GMoqg_s4Dl4
GO5ajwbFqVQ
GOA9XWEo7QI
GOWUw0-SEDE
GOYnrYee1Y0
GP53b__h4ew
GQBRWjHdir0
GQXUpB2NHvQ
GQf1vjfxuo8
GR2GA7chA_c
GRorRbPtRcA
GRuEOLcdWjo
GSc5zo4WjJs
GUK9aup5HOs
GVVOqaIdxp8
GVZUpOm3XUg
GW8ZPjGlk24
GWSZ1DKjNzY
GWZKz4F9hWM
GWa48XRnLh0
GYDGRAgp7cA
GZ1ogxruLJM
GZ6I3T1RAnQ
GZInN7p1D0M
GZOp27tWARg
GZx3U0dbASg
G_mUcQeXak8
Ga1Di84GcgM
GabN05XvXTg
GbrtpAd-fVE
GcjgWov7mTM
GdIkEngwGNU
GdlYMKScDj4
Gedy8LwQTaw
GfNB14D55gQ
Gg-GD5QfbB4
Gg6ju-lHCwU
Ghy5jasP6Ek
GiB9Mkgkrek
GiGLhXFBtRg
GiSpzFKI5_w
GiuuoYkQJXk
Gjv25aOuD00
Gk1mWXIpasE
GluohfOedQE
GmD7Czmol0k
Gn2pdkvdbGQ
Gn3mJOC1wK8
GnOf2f68Sao
Go3UvzbsSGo
GoAiLiPWB1U
GpBSbNoon1E
GpOxsRF1Cjc
Gq8_WC7y9iA
Gr6BT6Tl1jA
GrynkZB3E7M
Gst4ys6eusM
Gt7adTCc8qw
GtaoP0skPWc
GtokpL4f32s
GuFvSwriy1Q
GvWH9ZXy9gY
GvbrtnEYRpY
GvgJ2_7P9SA
GviCdNfeXw8
Gvp_2CL-uR8
GwjiR2_7A7Y
GwycEivqYYI
GypHy3gnG5E
GzyF0ZW6aEI
H-E5rlpCVu4
H-EDcke6n9E
H-HfmyUzPw8
H-YuW_uckz4
H-de6Tkxej8
H-v4oraDjuM
H-ykHosJW9c
H0ZgOGWUcJw
H0q9Fqb8YT4
H1H0xmjZMPA
H1xpE6i8-sk
H2hOwKszKRo
H2vGXCVo-K0
H3tg4bH5JuY
H4BstqvgBow
H4CkAid4_J4
H5WNQfDSWrE
H5ZJujqa0YQ
H5eIE7zdnvI
H5w55UbIZTw
H6ZNLD1AeM8
H6i50d_bTuo
H7nrVDV8ahc
H8HxEC67BrM
H9BWRYJNIv4
H9UEZdAnnt8
H9h-Xg7zjPU
HB48COey2O8
HB52UTcAv0g
HBi8xjMchZc
HCC96awA-FM
HDntI7zfBNs
HEH_oKNLgUU
HERb3x0aw6c
HEiO1n_zMLk
HEmwn5jmy2Y
HFdeHX_wA4k
HFhTV4vzqOI
HGg_WiaSr4U
HGoZfzz6dU0
HIQ5hnm61LQ
HIzG0J7He2c
HJV_HY0Sh0s
HJgjAZ7JkHQ
HKUJkMQsGkM
HL1wuw_k984
HLGCq2h4ihY
HLNSouzygw0
HN6FNS7lRhw
HNP0USRtkIw
HODIXLzIMIk
HOyNEU94xJQ
HP8ZTo2iDtw
HPRFmu7JsKU
HPRPaTqNnZk
HR5iEX3Sy1k
HRVrbJzXxdM
HSWheVsykiA
HSf9O1Domms
HTDop6eEsaA
HUT8eL1sGhk
HUdA6LdCRk8
HUn4XwV7o9I
HUnF0mZmMKc
HVvCbnrUxek
HWFtcIRhr5c
HWGW7MMxS2o
HXIj16mjfgk
HXg_a9oJ5nA
HY-8ydAbiik
H_Nm3qGE65s
Ha3vPJOX1LQ
HahjsBApxLE
HbIdp5DURJA
HbzvIrRdVY4
Hc9mcx739js
Hdbbx7DIweQ
HdqbCvqTb20
He4cjB2ectc
HeiYNlVM-TY
Hfihqi82M4A
HftghcUXaEg
Hfz1bwK5C4o
HgD6a4TVxLY
HgkjS_XL840
Hh3iY4tdkGI
Hhc96U_HvQE
HhwqS_d7Qp8
HiNrFT280_Y
HiY5UElqfhs
Himr2l8Rd18
HiphWQfB6J0
Hixy7TX-Nwo
HjC-eMiMDfo
HkBFunEh8iY
HkOOLINm32g
HkSBTdSzPb8
HkSXiHz9vUc
Hkwfibux88s
Hlal9ME2Aig
Hmwvj9X4GNY
HnDvUaVjQ1I
HnHCQ2X_meg
HnfBFeLunk4
Hnmm57B0JgQ
Hoyv3-BMAGc
HpdMJaKaXXc
HqiBo62O8bk
HqnARLhv-hM
Hqzakjo_dYg
Hrjr5f5pZ84
HsCepVa8jX4
Ht-YXje4R2g
Ht0FW7RwRmc
HtN86WyZ6zY
HtvikVD9aa0
HunTJkbVQ4s
Hur3v1hrX3U
HvDqbzu0i0E
HvYUKRMT0VI
HwSszh3L358
HxIKVdvkFkA
HyThzLRuqXo
HycjWQcAymQ
Hz3vkU3gTeI
HzmI7A578ss
Hzw6_vUPvgg
Hzz5p0qlObs
I01O0r8b-po
I0b5-7UuwQ8
I114S4KiOn8
I1CPivr1Rqs
I21hginkKk0
I2dbzp0zHuw
I3jyBUyjg48
I3kQJvR7ZIg
I3vIAzMcm4Y
I3yhRywRCaQ
I4iwhvDhvKE
I5WSC_iRtwE
I5eTOBsvUK8
I5qa8gkz7BM
I5xcZgyY4ag
I6LsWSXx8fg
I6TBBzIvgB8
I6hz8mhaRB0
I7FDx4DPapw
I8BLj7cRM7c
I8XdUy-wyyM
I9PiXAbjnMQ
I9S5CvSqb5A
I9eLKDbc8og
I9efKVtLCf4
IAJHoGeevSQ
IAbSeAk5RJU
IBURTAA42z4
ID-ny-NOdxg
IDQYakHRAG8
IDkhHTjlg0M
IE0HQoLrbX4
IEKU6tubTEw
IElkjzC9YhQ
IF-8VOiEOes
IFKnq9QM6_A
IFU7Go6Qg6E
IGs7IB48Fvg
IHEPNJJlGT4
IICR-w1jYcA
IJ-obdnR_j8
IJWDyPFXGyM
IJySBMtFlnQ
IKrRuDWEP68
IKsi-DQU2zo
IL3UCuXrUzE
ILAK1bSqccY
IMZ2D8Nz6sA
INFWXZ_tl4M
INqaHHZGt8w
INv2gdpfXPQ
IOzZVmgK3IM
IPJAi5zWu9U
IPxQQNyCxas
IQJ4DBkCnco
IQJav8cGDLo
IQlblcRgucY
IRTn0iNkAHI
IReD6c_njOY
IRmv-Z--3LA
ISPxJ6JXT8o
IShaLZ8CMXY
ITA1rW5UraU
ITBRCLusU1s
ITVQrzDSekU
ITc5DeU1zaw
ITsSBEkEo0c
ITtFw5PH-hs
IVlzp8g1McE
IW4Reburjpc
IWigvJcCAJ0
IXRMVcoqRRQ
IYFkXWlgC_w
IYS4Bd9F3LA
IYdiKeQ9xEI
IZ6EvH240iA
IZ7NEYnuovI
IZ8W-h764Cc
IZcbCnZsl5c
I_5Yjpi3eDM
I_DjmWS_9cg
I_pG2SH_s88
IbI-l7mbKO4
IcmAxkEImtI
Id6UovYjd-M
Idxeo49szW0
IeHlXGpfaeA
IePCHjMeFkE
IeWvK1daXTA
IelS2vg7JO8
IfybCoVN9G8
Ig7RSc-93Bs
IgYUR7aFY-c
Ih-NVgXuTnQ
Ih26fli0vAU
Ihws0d-WLzU
IiBC4ngwH6E
IiKKAw38ss0
Ij8AotZHfzU
IjMn7f6bbLA
IjcLW7Y7Ndk
IkmM4CPnqF0
Ikto_172Vak
IlFD0LzAZeo
ImTwySWxA4U
IngLJs6T1Qw
IniG1KkPS2c
InrLtU3k3Y8
Io9i1JkKgN4
IoPQtvXkde0
IpXL9HIkqUQ
Iq7a2vEsT-o
Iqws-qzyZwc
IrvEHVn-fks
ItA_hhRtUuw
ItW5CxLsLSo
IuBoeDihLUc
Iur13MNO0Ro
IuvsQjW1qa4
Iw9fEYIpPMA
Ix8Nne-a-KQ
IxmFLAPSx5I
IyoUWRAharQ
Iz6IVf8frjw
J-NC1M6obKo
J08-L2buigM
J0gXdEAaSiA
J1HAY8E3gms
J1V5Txop1kw
J1twbrHel3o
J2L-X2sUigs
J2Qz-7ZWDAE
J30zpvbmw7s
J33nVRyTeyU
J43CIbKpdWc
J7-GewgqWUQ
J8Va0T-_ptk
J92qYl6m_MI
J9BWNiOSGlc
JAXyLhvZ-Vg
JAdNNJynWM4
JBSDQLZtjFo
JBWdbzzYbtU
JBqYTuA_WgE
JC82Il2cjqA
JCdbCdwqXbc
JDUNQMj9Yk0
JEHejQphIYc
JFBdnJzBgcg
JFD2uFmonZw
JFesFhraX2M
JFlI4Vxtzxo
JGU74wbZMLg
JGeqb4VloPg
JHUju_Qkqbg
JJawhaMqaXg
JK-8XNIoAkI
JKvmAexeMgY
JLh0_ZvPVJo
JMqKtEC2bbY
JNL6f1xkie4
JNOWWJeZBTc
JNgONZ8Dq9I
JNm3M9cqWyc
JPQ8cfOsYxo
JPxTgtUx9sE
JQIwwJqF5D0
JQSC0lCPG24
JRxFsmvsmHY
JSFiOF7xGfE
JTg8gyQ37pM
JTpXK2mENH4
JU67TL2L1CA
JUGmviJC_pk
JUgrBkPteTg
JUouea9XoF8
JV2sKtbOKsg
JVDrlTdzxiI
JVXQvJvfuGw
JVbdSwK5i1c
JVcbDb3e-6w
JVlfQEhzLMM
JVrkLIcA2qw
JWfTckls59k
JWmCiZwoyMs
JX5Zvh6swmo
JXCiFbEMTZ4
JXVGPEOQCb8
JX_ZgrFf2j8
JYQqml4-4q4
JZ-v4_3Zf4c
JaScdH47PYg
JbLRFt_Z8nI
JbfVrwxuPxM
JcqCf762y9w
Jd53tcOqndI
JdNlpY7ImOg
JdWEdb90V1s
JeIwsn-EWZU
Jeh5vudjmLI
JfjkpZFMU_8
JfqLblHox3o
JfuisfEdnjk
JgYlogdtJDo
Jgliqx42_BA
Jhu1M53AF0E
JiE_kNk3ucI
Jj4hQK-GuXo
JjcX-akf4Cg
Jkr4FSrNEVY
JlOyb_RTejo
JlS5K1AxjT4
JmIXAN9qBUw
JmRMfFVw6NE
JmXYQj0_1Vk
Jn5XIY8eqME
Jni7E2RH43s
JnpqlXN9Whw
JoL2pO3O0rg
JoOfBpdaAiw
Jp25LHI9wII
Jpbm5YgciqI
Jqd76-epuNo
JqyxSUHgem0
JqzTKxFpzco
Jsiy4TxgIME
Jts_mdQmbUg
JtsyP0tnVRY
JuTvjQgpUMQ
JuWYLAtz3Y4
JvBHwVpBCwM
JvDpYlyKkNU
Jw38WchbD-4
JwO_25S_eWE
JxOMm24lSR4
JyArK4jw3XU
K-bA-k_9Rg0
K0GF4FT51qY
K0sjZ5nqQ7g
K10qnzCYH54
K1y6Tz_E7oA
K2b8iMPY11I
K2tIixiXGOM
K38zMmtjxEw
K3GV13uokbk
K4KDLWENXm0
K4VyHxglUts
K4YoQHjaziI
K4i2uVFoaxM
K4pocYXOmTQ
K5HPsKdgxsI
K5UbnilpzXA
K5XKjk0-hCo
K5ggNnKTmNM
K5rmfHlHy20
K5xnULMbtH0
K759mIqpvOU
K7QTjFdUIyk
K8p0F92gVUM
KABB4Kr7WhU
KBXec1ctCjg
KC6WY06twwc
KCGmUcleiNk
KCehC_3CBBY
KD46pC_KFWk
KDHuWxy53uM
KEdI0-xIUFc
KEhy6SwW__I
KEyCBPe_T5I
KFSBop9TZyI
KFgvOQtH0Z0
KFrhclyEpVM
KFzcwWTEDDI
KGSvigZQKZY
KGSwhRXMa3M
KGukNWo_j88
KH60uz5LNWk
KIs7-Fw03dM
KJ1cv2xKGPM
KKAD-OOOHxg
KL0i1RSnpfI
KMMAL3v0lA0
KMwzeYAtJDc
KNGa11O2uLE
KNklNvGof8o
KNr52iFk7n4
KOntbZIna1E
KPZ40sEoLRs
KPeS2gdizhQ
KQ7Y31QgX_w
KRFiAlo7t1E
KS6KEWaoOOE
KSrnZMAfwTM
KT32CsdEZEY
KURufM070oI
KUhdMbx5ges
KVRpXvrsSKM
KV_XLL4K2Fw
KWBa0yxfi7U
KWv5PaoHwPA
KXDOOmquZag
KXZ6w91DioU
KYoB2mjNdr0
KYz6HH9wZ8g
KZ8Vw_Nim8U
KZMRhWdzEPo
KZqg4L--YC0
K_K5AQeVGzM
K_OI9LA54AA
K_PiPfYxtao
K_fgnCJOI8I
K_na_j1Msfg
K_uaUQY6MVQ
Ka82QC4QvGA
KbFwLvCOBUI
KbW6OiuRa1Y
KblYjo1Ijws
KcFpkpHouPw
KcKOM7Degu0
KcqO1fX9b_I
KdBbnMAuMqw
KdfSUbEFums
Ke8k8CNxwog
Kf9KhwryQNE
Kf9KjCKmDcU
KffRJ3S3jHA
KgoXx_58QyQ
KgrLUQYgIJE
Kh8HKAxdEyw
Khzs4k2a-mw
KiVGac1aBt8
KibTbfkoPTs
KikKyl5n5y4
KjQ1KN5GgoE
Kjli0Gunkds
Kjlqcz5RiTw
Kk9IDameJXk
KkJ0wL9f2VY
KkaU2ur3Ymw
KkzUhuX7ZP0
KlKYvbigBqs
KnWEhXmJwdU
Ko12Tf-lulQ
KoYZErFpZ5Q
KouDAzYl_bc
Kpov3GS6tjM
Kq5hqFg17bg
KrkbbRxdDZ8
Kry9Bhp4PQg
Ksu1lo312BM
Kt7Dwr7BftE
KuSQHz9vAD8
KuUMUvwvML8
Kv-lyVmQ5ps
Kv2iHde7Xgw
Kv5y3t9jsi4
KvvFTPsZxU4
KwIQy8xBOsk
KwNe9x0eChs
KwR_ysrv3sg
Kwk62Xw6YHU
KxOp3s9ottg
KyAKEisg2PQ
KyHvVJWjW6Y
KyJs9H0vzTM
KyYC8XzKsHU
KzaPBzFFLRM
KzdbThwGNGI
Kze7cw30F60
KzpRivhr6HI
L-0LuSw2bTM
L-Uhyjt8t10
L-dXNWlRZDw
L0CmbneYETs
L1c0SP4W4ro
L3Ka3oRD8G8
L3ZQNd3AowY
L5ErlC0COxI
L5eBJjx2FP8
L677-Fl0joY
L6pH8O3B4ak
L70UJVjc-bc
L73_aw5so7Y
L7AX2RcbqCg
L7R1HjA8BQ4
L83jiEPYnAs
L87VpmRLAPg
L8ifD4I1o38
LDHg7Vgzses
LDjMDIuTWtM
LDlIq56e6IY
LDuJ1AD7n54
LDyMYyiAsQs
LE2uwd9V5vw
LEFE1km5ROY
LE_aQAur7nI
LG6g7gxupHg
LGnL17ESs3Q
LHwqEqOtrBg
LIFHYUGrYqw
LJqNdG6Y2cM
LKzpw_HUKNQ
LLBAHS1fd_I
LLKX_4DHE3I
LMC3jcNomNc
LMHxxvbzFqc
LNSB0N6esPU
LO7-3MpWijU
LOf8bfjiLow
LOiw5aBrm4Y
LOzMugtKmN4
LQlnISYU5kI
LQmAGFCJMqo
LRKMoqrMbGw
LRlVWC0FMQc
LRmEmbP-UOU
LRmwUsxNSL0
LS2Av3F-8iM
LSIgi9krswU
LSJuu4Qm2qQ
LSaaKau63Gg
LTH-WH97zbo
LTuGQy4rmmo
LU_6amWC6H8
LUoUb4hGMH8
LUtcigWSBsw
LVMLs2z1JYg
LVqv8PBR1is
LWtXthfG9_M
LXrPdFn7Gn4
LY5EBvlRCP4
LYWUHaWwY0c
LYdhi1mZFl0
LYrpdeXbvdk
LYseY0y2tgg
LZCE-4q5f9c
La8mBJSZfiI
LbBcuZukCAw
LbTH7MGMNjk
LcEqOzNov4E
Ld7Vxb5XV6A
LdbrNNheFg8
Ldp9_K3L4Q8
LeNa9s0rdj8
LeeqlXUHNuU
Lf-ClYC767k
Lh1TPIFH7iI
Lh7NMBPFVZw
LhMEqsL_M5o
Lhop0mfeJMQ
LhrGS4-Dd9I
Li5XGPiLLAY
LiOfeSsjrB8
LiPQuOFVHl4
LicLl3epJqg
Ll3QzXftlS0
LlKvubIqHc8
LldS1Z6Zih8
Llt-KkHugRQ
LmBViMOeYXg
Lm_Yn_MZU6k
Lmd_CDwBXFs
LmxGmUOiP2A
LnTrciBI-Hs
LoKEPEPaNm4
LoaBd-sPzkU
LoaagZPWvpM
LohXZt7QzCM
LpLnmuAyNWg
LpY8Qa3IP1w
LplRIAd66pc
LpryknYN2xg
Lq-zp5_OgSY
Lqy4DVE1tik
LqyA96oYtwE
LrS5_l-gk94
LrTn4cvsewk
Lru0vKmkzR8
LrxZMdQ6tiw
LsaUT-suCBg
LtGCHzKAf8w
LtpXvUCrgrM
LuOaEe89_HE
LvlpEPHPhpI
Lvr2YsxG10o
LwhJVURumAA
Ly86lwq_2gc
LyFzELsUgBU
LyIZEnGYCI8
LyVqwJkI5jg
LzYJVsvqS50
M-4GWomLbpc
M-aktLHDZEA
M-jQMTWBuzQ
M0UTy_s01pw
M0vf7idRTLA
M2P96TJMEaM
M3FuL9qKTBs
M3PTPN7NH8M
M4Q0kl5sH7I
M5uOIy-JTmo
M6lFqkqvUgo
M7IZClYqdEo
M7NVKImDqGg
M7PnxSQedkM
M8TOJrI6cJc
M8YVZbWX5i8
M9DL-AJNYe0
M9bisHkXbKc
MABWdzmZFIQ
MAS6mBRZZXA
MAtQe5zpNsw
MAu3e5GZo4k
MBitrG8RK5U
MC0tq6fNRwU
MC7l96tW8V8
MD5JUwAeg6c
MDFI8lWq33c
MDav5OMpCto
MEGyRgYJKEY
MEuPzvh0roM
MFAuLptYXFE
MFoXK57sw9k
MFrpe4Wm8-g
MHADYILlW1E
MHWmBggmIU0
MHgi8ZQCG0I
MHtTP6vc4RU
MIAmN5kgp3k
MILF-9GeMDQ
MJBjGnR6vlk
MKErxh58RME
MKnI3425EMI
MKt3X0SGrtw
MM0FTzvedH4
MMIxA7kHJ-g
MMv-027KEqU
MN4SWiEEqKo
MNUVuZu6heA
MNbat1lrJW4
MNeNHoCXoGU
MODnIkQvyz0
MOH33-jFOwo
MOoGlIpNLkM
MQtsRYPx3v0
MR9CrsF3D00
MRAIgJmRmag
MRFrQXDZim0
MRxomlM091w
MS7k0BVR_uM
MS7x2hDEhrw
MT1-bqKpal8
MT4akJsAmb0
MTzTqvzWzm8
MUQfl385Yug
MVm3PKsXl78
MZQxeQYQCUg
MZl6Mna0leQ
MZpULgKhaEU
M_5KYncYNyc
M_ADc9jkBig
MaMk6-f3T9k
MaabUHLIIXA
MamrTJ7V_Vg
MarqSlyz-lU
Mb5LgmITfK8
MbpmP1esh-Q
Mc1CocOLRDE
McINBOFCGH8
McOMtxI_Jzs
Mci8Cuik_Gw
Mcm0Q3wGhMo
MdIfefLcdoU
MeU-KzdCBps
MeVFZjT-ABM
Mep0foZMOCg
Mh3QXbVU6Eo
MhLfun2Vask
Mi6OJ4TAufY
Mioqyv_IW3E
MiyFReTAdCA
MjAcASWqZS4
MjXOYLefass
Mj_2fVKWa0k
MkFbisCyjFc
MkGXR8umLco
MkpbtCRwcCE
MmRgMAZyYN0
MnQ7Lizkpqk
Mnu16kCRW4U
MoInimE5DuA
MokI3Fi8jpc
Mp838qprwyY
Mp9II8MmuoA
MpRUEGD2-_c
Mpd83AuDTrU
MqAVc_XaIXQ
Mt4dpGFVsYc
Mt92Ozs7aJg
MtRXjXdXDow
MtwvLru62Qw
Muba9-W2FOQ
MufbvU4tGh8
MuhPEK5_kog
MwG6QD352yc
MwdwuDy0rRs
MwxMsaFFycg
Mx7KM-k2MMo
Mxblg8xKBoc
MxiqyE2uMCo
MxjCto0BYd4
MyvRxKM0xns
MyzGVbCHh5M
Mz2nDXElcoM
N06Jy-gQog8
N0CORqqtbTU
N0L00FZnhtg
N0Y8ia57C24
N0_HfmxdbCg
N1X0vf5PUz4
N21Wh4Jqftc
N2PpRnFqnqY
N30tN9158Kc
N44RZtJ4jj4
N4L3dDIixSU
N4kDzoQOngY
N4nrdf0yYfM
N5MAFQlnu18
N5kkwVoAtkc
N5xWYgeIWmU
N6IAzlugWw0
N7_K0yl0Egk
N8bTEEgskss
N8dIOmk_lHs
N8h45mDI80s
N8qKGrChGC4
N984XGLjQfs
N98MIIVn58M
N9VIsauE0RA
N9a2r01ToZk
NADPP4wlo1Q
NAVIp6QiUeg
NC6HXlrH53Y
NC7iWEQ9Kug
NCENjXTMp9I
NCF4m8BDs7w
NCwwfvPEVn8
ND-Bbp_q46s
NDeDnfuoDQM
NDnjXdDxEhk
NEaLgGi4Vh4
NEjIVR9kAFE
NEm1AupTkto
NF0lrkqXIkQ
NFDMXwwzyIM
NFcSRjLgDTk
NFmDz1dQyPU
NFzma7NsHtI
NG51xCPse5Y
NGpJPz44JYc
NGyCpI1zE6k
NH1_sO8QY3o
NIG3l8oWKYE
NIazpCER9oM
NIdqkwocNuE
NJRyxmommqQ
NJk_ZOUpvl0
NKG6DifB3OA
NLBp-Tq3TS4
NLg6hfoKKlE
NM8qTo361ic
NMZ5kJEviD0
NMb3bguJ7wY
NNhyZFHAzaA
NNpv-n_Hbvc
NO3AqAaAE6o
NO8r40tJQ1o
NOsnG2DkGKM
NPXTkj75-AM
NQSN00zL5gg
NQazgcu8c7s
NRB6s77nx2g
NRFPvLp3r3g
NRS2ZJVVzOI
NSCqNsAiHOM
NSSoMafbBqQ
NTUjMpfYWwE
NU1v-8VRirU
NUFbQUOLAXc
NUyYlRxMtcs
NV4_Xra0g8E
NVGBq_V-F6U
NVa8DZNBpaI
NVhA7avdTAw
NW9JfMvIsxw
NWJinKmWzx8
NXMgvrS8Gr8
NXO3KT8bne4
NYI0bJK64MY
NYd6wzYkQIM
NYq2078_xqc
NZINmtuTSu0
N_ZRcLheNv0
Na67UzhSYMg
Naf6_lRRdyM
NbTeg3Fe_Ys
NcADzGz3bSI
Ncg1HB5uVLc
Ncv6gt2Luew
NehkLV77ITk
Neon4dpvmUk
NfFRNgyQebE
NfU7cmajLAY
NfuKfbpkIrQ
NgPqyM3I_8o
NgYrsqoKXpM
Ngv0Be9NxAw
Ngyt8Q5tWkU
NhGQYjXMgsY
NhioAAdYDJM
Nhn-anmubYU
Nj0_IxXk5hU
NjJFJ7ge_qk
Nk2q-_jkJVs
NkGvw18zlGQ
NlzK79p3QDQ
Nm87hIuihjw
NnSJsYa1IK0
NnlAI4ZiUrQ
No1LKevjF6U
Nos-xOCpQqg
Nq0rp_e6tdE
Nq88IHw4Y9E
NqR_dtZu4Mo
NqbkvEK46xM
Nqts8zW8RxM
Nr-EB7BKKJM
NrIf451oN30
NrNG6OPijeY
NrVvu7cM8_o
NrlF8mMHfLE
NuAgmNaX58M
NuIDwPQLJmk
NuLlNAdrom4
NuccqpiUHrk
NvGBug8iORE
NvGTCzAfvr0
Nwh4MUie74E
Nx4Xk5S4HQA
NzIoHQfStoM
O-6q-siuMik
O08kMXpj6SA
O0S_OIx95Ro
O0uUVH8dRiU
O1-9f1g0OsI
O12yTz_8EOw
O1N2rENXq_Y
O1R4H3Ca82E
O23i38B2EmA
O2ifHv-3dZA
O2jO5AwTkT0
O3HxPDH-s7w
O3jvUZ8wvZs
O4Qnsubo2tg
O4dvuimcVBA
O64YFlX1_aI
O8pAsJBvfcA
O8vB1eInP_8
O9RPGJcAfJk
O9lL2KStW9s
O9zSHs1TWMM
OAh573i_qn8
OB8b8aDGLgE
OBVGQt1Eeug
OCNXS_m1HWU
OCPQaKhVC_0
OCwLwaAQlMA
ODJzxGj_zvU
ODNCH3gSKdA
OFBI_rNDZE0
OFNGpKGg9IQ
OFwskHrtYQ4
OGVJfcSckUs
OIRZd5mDu_o
OIkD1viOMWk
OIwp8m3S30c
OJ-wajo6oa4
OKO41aLl8l8
OKXyKt40WFE
OLO64d4Y1qI
OLzXqIqZZz0
OM3e-J3euXo
OMA2Mwo0aZg
ONsI-yIbsBg
OOiFJ2FxtDA
OOim0QPsJ9o
OP91XWBRI1w
OPG-9IFnJnI
OPpmp-kAuE4
OR9j5hog1mQ
ORTI4kk1okM
OS1g4PDdNdM
OSE3OiRGlgE
OSLITlRlEuQ
OSipkz8vDjE
OU9sWHk_dlw
OVMceVL_CEQ
OVODBZUJAYE
OWPVZoxNe-U
OYerdzZPSI0
OZtqz_xw0SQ
O_Oozju3RRI
O_eFNOz5WtY
O_yeKo6-qIg
OaJXJduRiIE
OanPzjf2EYY
Ob07lcFcx_A
ObGarwy5Jss
Obch1OP5QyA
ObridY7EHyk
Oc1XmBVyXMk
OcNt-36QKu8
OcavJJA8Uyg
Ocs3NUNhhPk
Oe1PKI_6-38
OeOMYx5-Kzg
OelluIKIkCY
Of8A37PGgpE
Of8ezQj1hRk
OfTTjQW0CBw
OfV3VNgjpvw
Ofnvrti6gh4
OfxiZdsqGeA
OgTpVth-aUk
Ogxpuq-qIW0
OgxsswJEZ7k
Oh4H3BJX1ZI
OhISsmqv4_8
OhRr26AfFBU
OhUkMQtBGmE
OhYOfTczCk4
OiNh2DswFt4
OizpJlBhZAI
OjF765iVuF8
Ojtwh8XDF8M
OjzfQDFf7Uk
OkFdDqW9xxM
Olntk2qhqGs
OmFgyJRj66I
OmLl6pkvV-I
On3c86V5A_E
Oo-sc0v0zBU
Oo2vGhVkvDo
OoTimXPT8ec
OoaKKd7T7Os
OpbYvr8yhqQ
OpyTJbzA7Fk
OqbkCYy37hI
OrRDNKNHtlg
OrRdBzRSaX8
Ordpoq2dHAk
OsPNBYmqxLo
Ot0FxL8Vl7I
OtCbbU7lQmo
OtaIhafsDFI
OtmjNuiTHp0
OtnQ9YEQ_tU
OuaBg3Hjqoc
OvMBNVi5bLY
OvRAIlok3fA
OwPSuHXmiPw
Ox_JaA6nX_Q
Oyiz3Td1KEI
OzH735zyTWs
OzTqWpAPnrw
OzhjlMnQ114
OzoEqs1f1S8
OzyH-1p9nAg
P03ljxjy8Nw
P0ZgqB44Do4
P0nMnPPdW_k
P0zrLZrlyko
P1DJxuG7U9A
P1qyjdh_sIw
P2IWGlR1SHs
P35LyN9g0oI
P3IlneCNm8A
P3QV9ktuYlQ
P3jCdsWJa38
P3zyEtO6viY
P4I-abHPa-I
P58tMgZ4v0A
P5OSVfL_BtA
P5y83-ZnQeo
P6DKlpS58NE
P6_sK8hRWCA
P6dcloxLv2Q
P7D4E2sQTq4
P7LKEkcNibo
PA-T6lMxCBI
PASSD2OcU0c
PASajlCGBTw
PAqzpZ-nMlg
PCPmpPV9KR0
PC_FoyewoIs
PDReqvXfkBA
PE8NNZG9IYw
PEFEnss--mU
PEG9OQCo2Ls
PEMkfgrifDw
PEYdn56pdcQ
PEeUTQ0Gri8
PElpJbRxJgc
PErhLkQcpZ8
PF6_y4zYVec
PFcGiMLwjeY
PG3vxLHo1Ws
PGr1rqZ_3xo
PH92iJRiUgg
PI6IV7K3DbM
PJC2UDCgZ_I
PJIL0kRHND0
PK4mJ2F9lvA
PK6HmIe2EAg
PK8aeeVx3io
PK_JXzYcme0
PKh5B9xyzSc
PL9UYj2awDc
PLDfl6daajo
PLjyj1FJqig
PLxHkjrVBgE
PMFJCEOWVmc
PNBJQ2OtS_4
PNUBDh-64ZM
PNXozoJWsWc
PNdktgaHBu4
PNolxY6rOKk
PP23clmV9Hw
PPOIlLhsT6s
PPvd4X3Wv5I
PQiXRrT_14o
PQsgXNggV7Q
PR-A3UAO7_0
PRx_R9iIWk4
PSDQdwL1T0M
PSl6IXUCNuw
PUsMyhds5S4
PUvUQMQ7xQk
PV5u5xskBKM
PVqWOehVTOg
PWcwhA2BwVk
PWiWkqHmum0
PXKHyT__B2k
PX_XSnVWlNc
PY5VKiG_IXE
PYd99ItlLEc
PZM6acXvsoQ
P_SELh0dPW0
Pb04ntcDJcQ
Pb8ic8vk4CM
Pb9V374iOas
PdHSs5_kx24
PdSzruR5OeE
PdTRPJlp2Xk
PdXDLNNXPik
PddbEVNMgTY
PemB4mY4Jfk
Pf-s9zNDSCk
PfL-gzDdOBo
PfSsLjnnS60
PfcVXHf0m6k
Pfi_chISQbg
PgDrR2wj_Jc
PhHWmehThg8
PhfbEr2btGQ
PiIJFRqrQYk
PiQxA9O7Rd8
PiuhTj0zCf4
Pj-dYWwdlDA
Pk4d9lY48GI
PlY3e_-9JUA
Pm9hS2US8k4
Pms4cBWwPSU
Pn24jP0YbTI
Pn5YEMwQb4Y
Pn9n-k1JIUo
PnGZz-GuKfw
PnqPan7AyJE
PomqUoIpPD8
PpJMTpTukzE
PpUWpxAb39w
PplggM0KtJ8
Ppuj5gw78Vc
PqyS66_mE24
PrN9QB8HDNM
Pra6r20geXU
PrnaeyTGOiM
PsNidCBr5II
PssLxfFqHoA
PszFmdiMUcs
Pt-Tn6L60-o
PtjdhADnJi4
PuRsXST9EZU
Pu_u-bwfaeI
Pud5ygp6H38
PupNgv49_WY
Pv0Re0YEEq0
PvSx8oJ7PrM
PvZaQZBJzGU
PvoigrzODdE
PwMqupyG4D0
PxafebH1u2k
PzDthFTzEa0
Pzglbt9_xCI
Q-BxnC-uWQo
Q-aGAX27SIo
Q0tTfe2lKIc
Q1Bn2taqRPQ
Q1vMNyIP4Us
Q35CH9B3tvc
Q3wfb0CPhIY
Q4I9ht7wHsk
Q4ZO05VQEqQ
Q4kxgMH46mY
Q59w-ACX30M
Q5gk9ljVuTE
Q5z0MSvTtRg
Q618DALi2eo
Q7HbtnOyKMg
Q7htxHDN8LE
Q8EtrFIHJuc
Q9t1LghwdGc
Q9vYvyvDzI8
QA2TBiIsdT0
QA81QUt5Xjs
QBiTspq2Wck
QCkn5bu8GgM
QD86addRZEw
QDvKqUc7Mj4
QE2uR6Z-NcU
QE9TzvPQOXM
QFDVhfYu8HU
QFcaUTd8DgY
QGfdhqbilY8
QGxgAHer3Ow
QHDNxu8ieKY
QI6x0KNxiCs
QIU1daMN8fw
QJZ6mBW8xTU
QKRYLUlGlWc
QKXeZFwFPS0
QL6qb1h65hg
QMv4kxATfzs
QNXy9NEKSzE
QOTjdgmNqlg
QOXBJ2X1_9k
QOtam19NQcQ
QOtyTZGWOmg
QPKMZHYBcTc
QQMZ1ljepWg
QQhkEGp-YQQ
QR2vxfwiHAU
QR9K8M4u8rk
QRFmMtXO7hY
QRN2QKHe-tM
QRrTMZkqn2w
QS1LMomm0Gk
QS4r_mqs-rY
QSC86jWqGKc
QSHMOWQUZ54
QTZ5Dn0t6M4
QTcSBB3uVP0
QU3zVec5I_M
QUem_2dkB9I
QUpWZu1fR2o
QV0jsTiobU4
QVxqgxVtKbs
QWLcNxQ3KvQ
QWX39H9kKvE
QWninXOAMXE
QWtZ9jpN_3k
QX2YLR09Q78
QXNg_u5Tv8Q
QXYbGZ3T3_k
QXv_mu9mn9Q
QY8vv7eVVJE
QYOieJuzDr4
QYoNHOjr7Rg
QackTJWqOjA
Qb7tbWuDc2U
Qbl-RZS2-4g
QbuKqvFrjt8
QcAr1552o84
Qcn8A5Ll7g4
Qf3RMGXR-h8
QfsK8ZyC_bE
Qgj2_4r3VBs
QgpjYgAAW7o
Qh-M3_L4xYk
Qh1B2xfbhgg
Qh8hO9j76R4
QhiVnFvshZg
QhuJn8YBtmg
QiluvhVryI0
QiwfF83NWNA
QkepM8Vv3kw
QlusUNM1ehA
Qm1TDobNrns
Qm_OS-8COwU
QmfoIvgIVlE
QmxMPPkZpME
QnWQezGy1Tc
QoKiCWCsSCo
Qod67l16LfQ
Qp87Z4m8R-w
Qq5-909rWgw
QqAPCIIdx-E
Qqanbd3gLhw
QrHsibKBVwI
QsDMlHW826U
QspmZf_yWyU
Qst1UVtq8pE
Qt-CWv6HEII
QtOY8O_8LPg
Qu7aVEUc-2w
QuZMXVJNLCo
Qv2pgv8ea-k
QvLS9pP65sA
QvrD-BmMU4A
QwOcCoHsZfM
Qwet4cIpnCM
Qwtz-QSDyOM
QwvJ6z49m-c
QxIUeYAQRy0
QxbJsg-Vdms
Qyi_J9jANlU
Qz5zFzvbib4
QzDO44oZWtE
R-2Uw10QgIo
R-6CAr_zEEk
R-NeYKSEqns
R-Qu3QWOEiA
R-aOMbm_hPg
R-rhSQzFJL0
R07V4NOwfsk
R0EQg9vgbQw
R0JY8oWsuOY
R13q7uHlwmY
R2EtXOoIU-E
R2JsjJyr0ck
R2yPeLJsPOo
R32xBmxXj2E
R3en76G8_W0
R443Db-wJ5o
R446VpTeOU8
R486L0M5cWk
R48KimqkYTA
R528WbVdC0I
R5CRZONOHCU
R6byhBey7eY
R6veKAhNWHE
R74Ly00UygU
R8YKuGJ0plI
R8qygu1RUOI
R948Tsyq4vA
R9kBwEtepKE
RAksvTJWgxo
RBUBIRtn0xQ
RBzOWe7P2WU
RCT5dIVhIWA
RDcf5L6o0mI
RDgF0F_9PwM
REiDXCN0lGU
RFesGHsuFZw
RFn-IGlayAg
RGMcswR8DnY
RGbA2IyJILY
RHe9X2HDEjA
RHfnCQCqohk
RI874OSJp1U
RK-tezfrjJs
RKBSX-6pKgY
RK_jAbffNmk
RLU87QEIOqA
RLyXTj2j_c4
RM644gFKo_g
RMf0F72I7dY
RNwD4z3EVDc
RNxwasijbAo
ROIfbUQrSY4
ROpbdO-gRUo
RPhaidW0dmY
RPiAT-Nm3JY
RQPC_rUvHas
RRYh4cqv6ZQ
RRk5qLd__Ro
RSx20wLxctc
RTcDi64pRhY
RTtHES2VY1c
RUVsEovktGU
RVv0Jgi3Pbw
RX0DY9eRp8g
RXMSlFtJlEs
RXeDxJfrqdw
RXgj09NXNWo
RXuipbyW2Wk
RYSN1CARHtE
RYz3d1meQQc
RZhL7LDPk8w
R_-V6usZJsc
R_5slDeVCQk
R_aqSL-q6_8
R_bgo8j6jxc
Ra5QQ2CmprQ
RaBI3lAACKg
RaNeCD8t01I
Rc2v8JdebwQ
RcLy8Cyxw2k
RcSadoSQhdA
Rcb7ZUTOQ1I
RcjZwZJO5qo
Rd4a1X3B61w
RdYA8ZpqdJE
RdehfQJ8i_0
ReEMqdZEEX0
ReahyukN0qg
RgfKNIkpFWc
Rgi1z9r5hOk
RgklPQ8rbkg
Rgr1vRjxzFg
Rh7eqv7y2xM
RhUdv0jjfcE
RhzXX5PbsuQ
Ri557hvwhcM
RjkTEyO5Zso
Rk-EtuESRm4
Rk8dCnKIfP4
RkIM0Mbc8YQ
RkJBZALhXRA
RkPrgZtwi3g
Rkm0dLTYUuw
Rl-1snoSWpo
Rm6UdfRs3gw
RmFDLCwePAo
RmHmtLQ-pqU
RnGu3xO2h74
RnHCOBDSSfA
RnJEqQdfkCM
RoEZkrDWqmc
RoGgxrCsCEQ
RoXmKYjpLGk
RomnHMWSLoE
RouNXdkC0do
RoxefQ_Qgm8
RpCkWhPqTQM
RpOHZc6cDIw
Rq56-OJR964
Rr7LhdSKMxY
Rr_1GQyiRYs
Rsi5mzEaCPw
RtXpRld8vb4
Rtje3kbC9lM
RttvubuBhAE
RuEJzPQ_N10
RuPMsK0mQC8
RvS5VTV8O88
RvtdJnYFNhc
RweAgQwLdMs
RwqqRBGIYHI
RxKZOhS72Cw
RygpFkLCSaM
RzEFGpe0rv4
S-9iY1OgbDE
S-XKGBesRzk
S-agS4YaxxU
S-dcMvJlMJs
S-mTwg73jCY
S0AJZjt0sEg
S0Fd2Tg2v7M
S0Ru5MOvfCU
S0uuK7SQcA8
S278zOWSsZM
S2PjhiAQMK8
S34NM0Po0eA
S3KMyYYGuPE
S3z4XqC_YSc
S4n-tQZnU6o
S4oOSgTj9C8
S5GLCJZaV1s
S5LEdJfCsHM
S5_5KyCVjrU
S65RR_pEyPw
S6BHQMk8C_A
S6TvRDwgQag
S7CLLRHe8ik
S7SnU8ujfwM
S9pTSmXmXH8
S9xdJgPWO-w
SBqnRja4CW4
SCBp0d6zR2I
SCM4A0rBeOQ
SE1ltVuE5yM
SE9kPohzgk4
SEtkn9S-WHY
SFL4stapeUs
SFRTTUtAjg4
SFWN-TkVFyI
SFdsY9Rdh6w
SFhd8kcjaOw
SG4gX-VGzog
SGC_d7O7_Eg
SGSLyp8mmMc
SHL_3JvfhXM
SIB4WDYF5DQ
SIT637hrMOo
SJUd5du0T08
SJVhtIGAkKs
SKe3ItfdzTY
SLyM_-sQwMM
SM6XZj5dPQQ
SMOJC8gBSqc
SMshimc16LM
SMvZkK02ipI
SNIW7MmCdhA
SON0BtLMUHw
SONskIMkYdU
SOQyiM6V3RQ
SP-YJe7Vldo
SPGRkexI_cs
SPMoNUAbV48
SPVqgkOZMAc
SQ523h4CTMM
SQUSh1LNjIo
SQmyTmO8OKw
SQzjzStU1RQ
SRPQ62dR6b4
SRn3WhhS6vs
SRwMfEmKx3A
SSNA9gaAOVc
SScIF54S1_8
SSnC00qwD1g
ST2P6Sn3cuo
STcsaKuW-24
STyoP3rCmb0
SUoqA9srY1Q
SUrlTlI-oxI
SWbis2zWIvo
SXMBkHlL2Dc
SXMhCO2vYcE
SX_DzTb95mM
SXbc4J1qWjE
SYkmadc2wOI
SZUDoEdjTzg
SZUipvwNx3w
S_OX3ByvBSc
S_YIUXy-WFM
Sa5eqaYwQ2Q
SaP1O0i1bdc
SauhB2fYQkM
Sbgha6LQLlY
SbpoyXTpC84
Sc0e6xrRJYY
Sc6zc8KR_NU
ScvuRb6vsz4
SdHwokUU8xI
SdbOrNLcC0I
Se-ekDNhCDk
SeQeYVJZ2gE
SfWrVNyP9E8
SfbjqVyQljk
SfgD7Sm08ns
Sfhj2OU1b3Q
SfxULALs_u8
SgKBBUFaGb4
SgKPw8v4ZI4
ShC3VoxxW3g
ShpI3gPgLBA
ShxyPUl7asE
ShzPtU7IOXs
Sify7Bp7BmI
SjN3_xCJamA
SjY5UytlTTs
SjunMcrXgE0
SkMNREAMNvc
SkMeY6RBJZY
SmnR4AZ-XM8
SnkUkc23YC0
Sp322oNOQLA
SpDIXJ2I2D4
SqcxYnNlI3Y
SrL8abwGKyA
St3MU5i3chc
SttbEmGj9uM
Su4DKLbK8mA
SuB1gkto9LU
SuNKcQj1JRE
Sv3Y0F0ASZ0
SvFfVtRT1UI
SvqjnP4wM4k
Svvr5uF_FZ8
SwB9Fq5VRZY
SwqOrUWzDY8
SxZUFA2SGX8
Sx_KqnkcJVA
SxxzfojT1Pw
SyFpQbnkg_c
Sy_7PkoTCtA
T-aCweuimis
T0CwhLHrE2k
T0IOrRETWhI
T0zpF_j7Mvo
T1p_tQZsPLg
T2RQxi76aig
T2tw08FJMVM
T3BMIaDUvck
T3H7YZ6-fto
T3nVKbxEQdo
T4JKO0OGjpQ
T4dk6woz4Do
T57pEhuo3Us
T5DGZIsfK-0
T7QKMp6AS90
T8O4AcTyjHc
T8U7hCmUdpo
T8rbpI4OZCc
T8sG4Sb3g7Y
T971zHhZ3S4
T9ACF4I4q0k
T9HHhUSOTZ0
T9QKj89ajko
T9byZBGtGuw
TASA6V5fGT8
TAhRoJB34nw
TBNCqRCsSvY
TC23wD34C7k
TCHYxfobGkg
TCOQzIONaz8
TD1zuENbEdk
TDHI-aieyfk
TDJ5nXWEkWM
TDoGrbpJJ14
TEB2z7ZlRAw
TEXSW-o8674
TEfyIsDRGCk
TErJ-Yr67BI
TG63zz1AFjc
TGgOCc5hoHA
THu1yyU350A
TI-j-fr6c4A
TINBeqCzLVk
TIs4t-5IOxk
TIwGXn4NalM
TJUm860AjNw
TJaHNxJk5-4
TJgBEI3drUc
TK-U1p9O6Nc
TKGcfbyFXsw
TKlpZ0UUJTQ
TLSYwkWCIzA
TMmxKZaCqe0
TNACKWquyys
TNX-Z6XR3gA
TNaQJjLAhkI
TNwGNHqwHxc
TOobWKx1xe0
TPov_v9mLWc
TQEg9dMIWFU
TQJQeTpH_lw
TQQXpFhACSU
TSTLLFJbaA4
TSd0uByBoTo
TStjgUmL1RQ
TTYDbGXgcCk
TUOQZjotyAQ
TUuABq95BBM
TV5kDqiJ1Os
TVtdqRNJmiw
TVxtlfUwIY0
TWRxsw9LElI
TWkYalFn8lo
TWv6f7rwjF4
TX69hjJpBFk
TXGhMDbbnzQ
TX_mx3qULpw
TXaWqy52dZY
TXrOpjG4dUs
TY0fkXOD3qU
TYbN--4KHIk
TYke_R9_ar8
TYrxaQ5m7m0
TZ-S9sc6HYM
TZ7d5kjAlQw
TZrKrNVhbjI
TaRPDFqEd-c
Tal_fgREll0
TbS7S7lb9Es
TbaltFbJ3wE
Tbpj-dNGrhc
Tbq-KZaXiL4
TcIDXqmt74A
Tczu_dvVuuk
TdBY-so0H0Q
TdLD2Zh-nUQ
TdVDqWOR3dU
TdW3LdN5SJw
TdZr_ucEhgo
TdhbEonaHrc
TdjVKkGVNLo
TeAzW_tY6m4
TeIgljoLIxA
TeiuG81mbII
Teo7hD0ADE0
Tevlz2S2Mzk
TgDk06Qayxw
TgKBc3Igx1I
Thvc2s9aUP4
TiORG0pHskE
TitrRpMUt0I
TjOlZr_2uW4
Tkb1OemB2KI
Tksh1zHEkIM
TlWvQvMB9eI
TlZVPfvTLXA
TlgRbkjj80I
TljVBB7gxbE
Tm98lnrlbMA
TmFET3F64pE
TmJn6Xlehgw
Tms0TgD_97g
Tmt4zrDK3dA
Tn9U8hLu9aI
TnhoIJIGnLs
To7qmiTRZQ8
Toss6Hzf5n0
Touv2APcBRw
Tp-SjgG11G8
Tp6CNr9X74A
TpIBLnRAslI
TpLlJ8-AnQM
TqAtt3g6Tkc
TqGCNNlx6pU
TqMxlzZiKg4
TqRReFvbpXA
Tq_BoPJsv-4
TqedL7WAT6M
Tqpcku0hrPU
TqsRlc02rtc
TqslX-bUTD8
Tqxu53deWCo
TrOS8OnM1u4
TrQTK-B4bzM
TrcCbdWwCBc
TsEhZRT16LU
TsoAA7zOyj8
TtRAY6Eyp4w
Tt_ATh5mCGw
Ttji2_wBSEo
Tu3O9tC3Eh8
TuDYc-8L2Bw
TuId1spuyoc
TuMV-Zb6A9s
TugWqiUjOU4
TvSKeTFsaj4
TvUCe6Bomy4
TwGYLQ-DNdc
TwqMtO2FLYk
Tx-AtZOJYfE
Tx7Cwn5pgQo
TxwE4_dXo8s
TyYlBXNETZE
TymkzM7J1PY
Tz2H8dMMwi0
TzUO8du5Lrg
U-fQxbUQuWM
U-k5N1WPk4g
U1KbM4ffiLg
U1MCv-msoY8
U1lQbh21y1k
U2-ACg2kbTA
U2FLQYvioeY
U2Nw5T44zvY
U2SQXHMqclc
U2W7HPyC0cM
U2ovEuEUxXQ
U39OqCEMjto
U3JxFFdKCKM
U3vK0RuwZMc
U3w9ppDv_MU
U44my48zgFE
U4IU-y9-J8Q
U4dtruMdQ7Y
U5L_aaQ6pYQ
U6RFAUmYU5o
U6Re4xT0o4w
U6U4HhR3Fqc
U6_8oIPFREY
U7HQ_G_N6vo
U7U3e0r_8y8
U8kmaUXaPJY
U9OfQd8poTQ
U9dGHwsewNk
U9dUybjsvNY
UA975j_qsTQ
UABFOI1sb7A
UAOJgqdsK9w
UAcRCt9pEDI
UAhbwYBAoe0
UBKKTfsYVQ4
UBctoCirje0
UDe6zeabyQM
UDyFevRLKb8
UEFBGewP2ik
UEe81kJtY8A
UEna8ZEy6k4
UFRAHIvCtzg
UFWAu8Ptth0
UG9hjtAXufg
UGKe6CNWbqw
UGiNOeuQRnE
UH0HuxtBhEM
UHF1HXdkrZQ
UJHONfWW9T0
UJQkqV2zGv0
UJ_etGNuIOg
UJxgcVaNTqY
UK-_qEDtvYo
UK2shgCXALo
UKHBWzoOKsY
UKM8BnpZr94
UKQ65tiIQ6o
UKYjhM_c_7s
ULN_6DXynCg
UMTeKCLvv9E
UNT8uh9io2o
UNZ171fDja4
UNgx_YSygyU
UNsf1X5I_n0
UORrFsnRCr8
UP9xy2eVj7s
UQVwgC7MAHM
UR4Zr0hE-As
URdTZ38JvOI
US9i6UpzDM8
UTQ6z7_dlSk
UTUuyCXFAs4
UTs4uZhu5t8
UUwmo5qaTuI
UUyAoEQtToI
UV5yj5A3QIM
UV6mzD2Yc98
UV8kgqk_DAY
UVbjMIRZW3A
UW8cH0Aa0_Y
UWTdCorvOWU
UXORCpvKYiI
UXQGzgPf1LE
UYShebe44Xs
UYh7Sj_yR8c
UZ3oEn5Q7U4
U_8GRLJplZg
U_v6qr18sOo
UaTWrOTh4qU
UbUdyE1_b9g
Uc2Tm4Lr7uI
UdHgWK13x5I
UdLYAqN0gNY
Udltkvm9HLc
Udwmq4s_5M4
UeG_EYd-0xw
UejW-WQpujs
UekR9J31a2o
UfMnag3FOaE
Ug8amZRFrZs
UgLfAb_aFt4
UgiRvl6iJzc
Ugwg2dHUB90
Ugx3udhJDZE
UhCXlgyZXMk
UhIwMAhZpCo
UhMM68fq9FA
UiLiMg_U7_I
Uiqro5TUyLA
UjfmOmPARyk
UjiLH7RE8_Y
UkXI-zPcDIM
UkfppuS0Plg
UlHo2cxKA84
Um92GZLCQ_Q
UmSe4rh__iU
UmU0L6j-48s
UmiZK6Hgm6c
UmiotSKSRvw
UnJmPywSSvg
UnPpFw3natI
UnX8RPB5vFM
UowW7ua4TK8
Upw1b0EohIM
Uq5Wzs96tiw
Uqf5c6Xcjr4
UquFdMg6Z_U
UqyN7-tRS00
UrfLAlk2b_8
UsJmBBtwzYY
UsMom3yNsX8
UsPmg_Ne1po
UtJNBjei0a8
Uteoh0PtWwI
Utm875JRi-o
UuMTSU9DcqQ
UvAOynxGfIU
UvDcEvDC4vg
UvtWf4TVawE
UwFlrPNf5ZE
UwWn84u6i8s
UyCwAFQt4v0
Uy_L8tnihDM
UyiDxjN8kcI
Uz0MtFlLD-k
UzXoxglkr98
Uz_oMfsPWsU
UzvOjuJZVJ0
V-5q6tKaRuM
V-BAdpvejTw
V-rko8jgJ9o
V0xounKGEXs
V1LloSp4PV4
V3-xCPDzQ1Q
V3FvaClh6LY
V3rak1OLkWo
V3tTnqznYwk
V41_kZuOE0w
V6Xynlqc_tc
V758Lz_MuEg
V7H1oUHXPkg
V7vCaxe3Rys
V8C15AfL6Gk
V8lIpRHjthk
VAk50-zIes8
VAxHMTJRhmY
VBRlnO1BbcU
VDRAtu15B7E
VDnIdNM4tWI
VEIf5TfceAw
VFt4OGOWK44
VGxGrEnWVsg
VIHldsSmASU
VILsYH84HJE
VINe0McmnYg
VJ2ZDLQk3IQ
VJ9VRUDQyK8
VJgVdzicv_I
VJuBX1p0Gys
VJyk81HmcZQ
VKq7wUoIIK8
VMEV__2wW3E
VO40SpSBjbc
VOzV4d0HKis
VP3nKDUw1jA
VPM84_yfx5Q
VPz4bCQDGgk
VQ-xQ9B-0ss
VQN6MvdJRx4
VQQrz1g_K4Q
VQf9aLWp3x4
VST_U297pH0
VSnaItss8Xc
VTdV9JaHiIA
VTlvg4wJ1X0
VUY_9-dl9Ro
VUg5v5PzGKo
VVBWn43woUY
VVcTxxT3IJU
VVr8snbaxZg
VW6UrPKPInA
VWAfEbgf1Po
VWO1m0S-a9Y
VWlFMfPVmkU
VX7K8iqoiRc
VXLSTd_dlKg
VXrn5HOQmHQ
VYbqG2NuOo8
VYgSXBjEA8I
VZOHWaw5dqM
VZmnLQ3CMbE
VafUJehX48w
VamMrPZ-8fc
VbKB4dRO2jc
VbNXh0GaLYo
VbgYvbtiirQ
Vc09LURoMQ8
Vc8mmZTrNtI
VdAl4QK4-0Q
VdBZSEF_FhU
VdLOP9teko4
VdTX7iqgVuQ
Ve6K10-Yx_M
Ve99biD1KtA
VejCw2NlE60
VeueBB5Abt4
VfpKzwrhmqQ
VgDe_D8ojxw
VgVJrSJxkDk
VgqsM-XdBD0
Vh70PyitQzo
VhH2nEDCd68
VhNkWdLGpmA
VhNouf_RdXs
VhokQhjl5t0
VhtFSSq3lXo
ViAmQivKif0
ViFLPsLTO1k
ViLt2WI0XSg
VidnbCEOGdg
ViqrHGae7FA
VjLEoo3hIoM
VjO9hWVlOBo
VjPE5JTGjXE
VjmFKle7xIw
VkYiaFPnptI
VkdXztTFsvM
VlZpo580bA8
VlaGxYjnoPY
VltFqtzwS6o
Vm7H0VTlIco
VmFX6AIzllE
VmfTXVG9S0U
VnTlKcIigyY
Vnga_psnCAo
Vov4feHxzuw
VpLKdKkpg68
VpVu25KhozQ
VpuN8vCQ--M
VqD-nf1YUks
VqKIDyLhYJ4
VrB3LaSD_uo
VrFbXxkl9JU
VrflZifKIuw
VsS7bo3JMqk
VtBRkjRua0I
VtI_wDEVVeY
Vtcmyr5IGYY
VuJEidLhY1E
VvuuRpJbbHE
VwzPJY5Zv7s
VxcqAIaO-cA
VyFs7fsWE6w
VzWxvDe8TUQ
W-5liMGKgHA
W-Nio466Ek4
W-itq-SYw0I
W0VWO4asgmk
W1nRQFgjzNg
W20SoZiJOHU
W233qRK6HPs
W254ewkkMck
W2NnNKtquaE
W2tiu8_ReGM
W3C07uH-b9o
W3flX500w5g
W3zji0qh658
W47YbukmGuU
W4JfDtfwOug
W581OBM9rAY
W6OAc7NKrSI
W6cabLzQyeU
W7DmsJKLoxc
W7H-VcaSSu8
W7dImsrVa0Y
W84lObmOp8M
W9B3VYdC5T8
W9MuBVpEc78
WAPZihVUmzE
WAoaBTWKLoI
WB7gPfsv6rQ
WBWV_uvgC6w
WC5VYKI807Q
WC7XExMNvF0
WDHW-VZK3YI
WDWV8aBgBAg
WF7L2waDwLw
WFuLVSz6n8M
WJNOtHFN-mM
WKKtH4blCjo
WKVIf2J2Ko0
WLKEVfLFau4
WLoBo-enxAw
WLvbz6m2Syw
WNhxkpmVQYw
WNuIhXo39_k
WPimvspI0_c
WPxnNjD_yoU
WR2R_wrdEVY
WR9qCSXJlyY
WRuatAcd2WY
WS-76fFFICY
WSpF5uvApLA
WT-gS-8p7KA
WTD8jg8fXoE
WU9g4CvZyR0
WUJwZYTfroI
WV6gftyM3SU
WVJXsM_KUiQ
WVdPekbXSfE
WWe7pZjc4s8
WWv0RUxDfbs
WX4T9NjYG94
WY6QG0mZ7uQ
WYSnf6qy4WA
WZPpbkVESVk
W_Q17tqw_7A
W_VhVHRal6o
W_gNAjWWvBg
WaWuLLuBaVo
WapSrovs7yM
Wauch76Oxz8
WbyODj_OiZU
We1OgfMotaM
WeVWv_OEJsY
WenwtcuqOj8
WevZMyikGV4
WffVdYETdng
Wfpb-fniSSk
WfqgFBGet7s
WfxBuwMGTts
WgW_KwtBvro
WhTpJxlJi2I
Wk0k2FLjM1c
WkiPVButdeg
Wkjz1LlX1CQ
WkspBxrzuZo
Wl4re38deh0
WlGuG_VZl5c
Wm0zq-NqEFs
WmTlioVfS78
WmdN_iPhxAI
WnAzZWxiGs4
WoZ7-wOy-0w
Woh4gwIFpic
Wp2nVIzBsE8
WqNc6My1aNU
WqnXhCEgW20
Wqxfm7EPcjo
WqzK3UAXaHs
WqzY3xibFL8
WrEcQsa-1ME
Wri26sPEBoI
WrsROtPSeuA
Ws03IbNrjfM
Ws3yB3QsKY4
Ws4Zq-gceSY
WsSMMeYh8jU
WsZj5Rb6do8
Wt3IrBqq6Uc
Wt5EMpUt-_g
WtKJrB5rOKs
Wu-dbmnwudk
Wu1KO07WPkk
Wu6T4MVfZYI
WvxKwRcHGHg
Wwk7__c7r50
WxTrxxW0qeM
Wz8grvnFDHM
WzQGeCzOTyk
X-VCk3WrGlM
X-_cJU-pFwQ
X07839HOgV4
X0gIJUXz6jc
X2jVap1YgwI
X2jbBgxKvwk
X36GTLhw3Gw
X3JqIZR1XcY
X3bqQI7-sCg
X3u1nAuIYEg
X4UTe1fZUzI
X4bl_VTyMa0
X51CaI4tfQg
X58FV7MwdbY
X6zD3SoN3iY
X7B_tH4O-_s
X7GT9JKoAbo
X8B4Fi7wadc
X9TFM-UxJLM
X9rTIwc1wRU
XA4hjLkyCBw
XAPhD7EDQUk
XAW9d3XU3qI
XArCfFaOhoo
XAzFGx3Ruig
XBI7DqttyOQ
XBarsXzUtuE
XBwvUa73B_0
XC1eb_uFlCU
XChok8XlF90
XD-FDGdWnR8
XDIBJyNnLOU
XDOH9Ul2OOM
XDjbNykJ28E
XEblO51pF5I
XEkafr12Wd8
XFI7GK4Nv-s
XFhntPxow0U
XFuFxgbnkaM
XFwQV-KCudw
XGWL9jfPHJ8
XGckntP3ynw
XGpEHj43kcc
XHBkQW_XuA4
XHHYA2Ug9lk
XHLgY7Z3cb8
XHVty6_XTJY
XHZOfk6xC-0
XHgmx9xT2dE
XIQ-KnsAsbg
XIfYK4tpl2Y
XIsPC-f2e2c
XJBwJjP2_hM
XJGLFZZqi9k
XKCeLA4UsXw
XKk9K5xTgDA
XLAA6ic_AmI
XLNAkLuokzY
XMElagkUBmY
XMJ72mtMn4Y
XMLd-O6PgVs
XMkUDyl1ZRo
XMwnJUprid8
XN48Ba9Ncr8
XNw0FsIlebE
XOAn5z8mkvI
XOIhNVeLfWs
XOs9vVmzE70
XPf8LMu7QSw
XPnlIEk7XrU
XQlaZuh7E8w
XR52dXLyz-M
XRM9o1Sq5hg
XR_B9AJe1u4
XRt1N0sJJQo
XTMbRDRaviM
XTWZ_M8d-4g
XTubp0aUTEA
XUOPGqKGbjk
XUvKjC21fYU
XVOU9c3crbc
XVWiAArXYpE
XWenUEW5MfE
XWlbx1WIWsk
XWq8bplP-_E
XYaZgRQdV3g
XZAGtQt-lQo
XZDGrbyz0v0
XZRQhkii0h0
X_3QAB3o4Vw
X_PnRFAKbkg
XaJQse2u5TQ
Xb05CaG7TsQ
XbCvGRjjzgg
Xc3oHzKXVh8
XcRX-mkjeiM
XcSZ5jeG5mA
XcUul3e7buw
XcbobQqv4j4
Xcel427Ezl0
XdsifNBa9kk
XdzcU5JbVcA
Xe6YlrCgkIo
XfR3JSkSkJM
Xg24JhQHVCM
Xg8_iSkJpAE
XhCSHu6dHb8
XhYQYVQq6K0
Xhc7Hens0f8
XiAoUDfrar0
XizVnQI2d9Q
XjCEumlJBno
XjoJ9UF2hqg
XkRD9lv_y44
XkhD_Rphlm0
Xl724v0CU7E
XmI80eJZAWM
XmPSkMFxo0c
XmkbAduMD_E
XnYUFgfbvm4
Xnu--929bo4
Xo0FVv9Ku48
Xo49w4DDEfQ
XoBlfbrdBpQ
XoEn1LfVoTo
Xp6V_lO1ZKA
XqQTXW7XfYA
Xqfcy1rqMbI
XrW1HYwY2mY
XsD7mqFDJs0
XstL_x4ucm4
Xt4sT0fV9Pw
XtAB9GOfLiM
XtJwkIacpi8
Xtcylk5r0g8
Xtw7MS-J8uk
Xu1lBwJw1OU
XuDGJ-LUnAU
XuwldEyWjH0
Xvsqv2oO2ac
Xw1CMTXQGPY
XwEGKNPLQfQ
XwtyQsCLnEE
Xx5-O8kDMvU
XxP6auFa44M
XxmS_7I6c7Y
Xy8NKUoyy98
XyDMsotfJhE
XyiQ2dwJHXE
Xz6rT9k8ftg
XzYNh2wpO0A
Y-GlfZg4_Lc
Y-w7SnQWwVA
Y0eWnOZpSpQ
Y0jFVNCVqsg
Y1CcSXmb1VY
Y1O9UNJ8MIU
Y1V5mZaMfTk
Y1yo382vvMw
Y2-tz27nKoQ
Y2ed-g8Lpdc
Y33LnxG2L80
Y3ATc9he254
Y3igqH4Yays
Y4-F3zk7pFc
Y4HzGldIAss
Y4k2c-Y7UkQ
Y4z2fS8FwfE
Y53_8WRrPzg
Y5BukhTmSHE
Y5cSGxdDHz4
Y650kaYNlJU
Y6JsEja15Vk
Y6wNiYcuCoE
Y7sqB1e4RBI
Y8p4cthWB8I
Y9cznjBl0Hk
Y9sP4V3bKh0
YA7ZrKcbteA
YB1XuQ1Pc5s
YB2ATNCMciY
YBEoLzMWCdM
YBErdKxFvUA
YBQUw0NhqgU
YBYu5aZPLeg
YCjc3uRTq7I
YE2peDF4Zqg
YEZMReBbkP0
YElHmwdbkzQ
YFV6QFVxxPc
YFqeMzfcyg4
YGIw-H0AtwU
YI30Ecfl4tc
YINCDCrJRwQ
YJBqGM29_64
YJdCw2fK-Og
YJgIGwTysk0
YKKd5p4a5Lo
YKQLZOq4HTA
YL10H_EcB-E
YLRypVr164g
YLbMvvwYCcg
YM2G4ATOcpw
YM4lE4q0fSk
YOT8ryWzwbY
YOYQys52sPs
YO_SwIKGMqQ
YOlP6xmw7zU
YPCPsZl6QNY
YPjtG5PA-iY
YQ74W9OKSdA
YQfWiDlFEcA
YQmqWRwDG_Q
YQtXHp5wXLE
YRBRarbMCyE
YRw8udexH4o
YS_3XRj74oo
YT6XwkcPcsw
YTRimTJ5nX4
YUEkOBvJSNg
YWyLVI_4bo0
YYEgq1bweN4
YZBStgZGyDY
YZD5ifHZILE
YZGSEcLlIH0
YZRzt_AsuVs
Ya_LTzdMHSU
Yadshgsx6FQ
Yaeze9u6Cv8
YahJQvY396o
YakL8PYQw58
YbNVUhW-HJM
YclQE2XtaLw
Yd2YBLQUCEc
YdBXHm3edL8
YdGZaqJZbGc
YdZqK60bxjs
Ye13MIPv6n0
Ye5hH6ku1L8
Yeie-aJT2eU
YelG0QcdDq0
YezsgIlcb68
YgWmHssKVvQ
YghRP8S2K-4
Yh4TXMVq9eg
Yhaa214UKvA
YjT3QYfoy4Q
YjWCDdNlXxc
YjXrkROJbBU
YlKE7jhFF5Y
Ym5u5IlYWcg
Yn81qh73wZ0
You0q4JJzS4
Yp0EhcVBxNU
YpfxiDktSoI
YpnGVDAEZ9c
Yq9W6B7XnmU
YsKgw5S7Plg
Ysk1ySejuCQ
YsqoF3hqdkg
YtIHBa54ce0
YtX6SGw7E3c
Yu00YJ3tAlo
Yu4eqwGFJK8
YvacYWgygaA
YvuW40fpptI
Yw3EoxC_GXU
YwNX9uWszQY
YwR_82jgJ_Q
Ywvw32DaxUk
YxXfltZZOdI
YxiSd6HW75M
Yxm-WMYEpHg
YyXlrRMFUJw
Yyfk0rwuZSE
YyjpeoxdUXc
Yz2OosyMTmY
Z-Xzp-WMv4E
Z08N7pqr_cw
Z0B1IyDeNLI
Z0WsfO-RI8Y
Z19-ObbmHJE
Z1zdkcwosD4
Z2bDnvDGQHQ
Z36dUduOk1Y
Z3SXp8jDbdU
Z3X6QqezqUg
Z3YVZzCEi_A
Z3db5itCIiQ
Z3qRkxzmYnU
Z5EnuVJawmY
Z5myJ8dg_rM
Z65mz__8DQ0
Z6vANdo1L68
Z7C4cz2HkeY
Z7C69xP08d8
Z7fM5fu7LAs
Z8j5RDOibV4
Z96vkuybvjE
Z9DuKef9jkw
Z9Jh-Q59xso
Z9b8nnvpim0
ZACf9EecFrY
ZAElYVh5DXU
ZASEsKwEvqE
ZA_D4O6l1lo
ZAkmBOCiNqU
ZBDiMLAQU-8
ZCnsO65rWX0
ZD8THEz18gc
ZDgYWaeuwbw
ZEYuSRHgmCg
ZE_M0_k4mG4
ZElOxG7_m3c
ZEml96_kyN4
ZFBwkvVa6NE
ZFN63oTeYzc
ZF_cZ-GX9PI
ZGIPntpFCOc
ZGJU7aqE3mY
ZGl2ExHwdak
ZHzKQkX3IxI
ZIUE3m5xqX4
ZIiZkmaehsU
ZIqW_sXymrM
ZJ39gHgz_Dk
ZJ6y8OVJRw8
ZJf9shWlMz0
ZK5xa3M9EHo
ZKKDTfHcsG0
ZKr--3HpP_A
ZMLFfTX615w
ZN2PfqZ4ihM
ZN48Ub3k8uE
ZN7YaSbY3-w
ZNtzWpU80-0
ZOYRb2sYrL0
ZQcf9xLABa0
ZQj0b949rDY
ZRLXDiiUv8Q
ZRRG386v6DI
ZS157czfx4E
ZS1OZj_oWao
ZSESJ8TeGSI
ZSsBh4Ybbj8
ZTKAn9YNbNY
ZTbTYEMvo10
ZUEjRYe7MRk
ZViHTo2dXOQ
ZWSoyUxAQW0
ZX-CHOZUDFY
ZX92IrP6OYA
ZYn8MhrwHr4
ZZ39o1rAZWY
Z_5f3kys52o
Z_85KXnBSYc
Z_DcXewHHA8
Z_GWBW_GVGA
Z_NHrwK6ALE
Z_VpwQ-yTa4
Za7G_eWKiF4
ZaLw1cunN3s
ZaqOUE3H1mE
Zbir-vpwX7Q
Zc_l4cCLUqo
ZeY1mgog2YQ
Zee_TGgEBsg
Zersl0Ji3P0
ZffZvSH285c
ZgFXL6SEUiI
ZgzpTx-s9Zo
ZhOojHeslhs
ZhROXmbUVKE
ZiMYRBtDB2M
ZiqHJwzv_HI
Zj-a_9cd5jc
ZjPs0V6tiR0
ZjeMdXV0QMg
Zjul_nJnh1c
ZkFihBrRMCM
Zkeq0j9CKcc
ZkyX3TmmMag
ZlhrXO1-osA
Zm0KaIw-35k
ZmUiwCWVhpA
ZmVOR6n_fzY
Zn-GbH2S0Dk
Zn2K8UIT8r4
ZoEnj-2McBs
Zoa485PqK_M
Zoh8XpfcF-c
ZotsK7MQOZk
ZouQdHSyelg
Zp5z0wa0kgo
Zplk5NcBt3c
ZqzAOZ9pP9Q
Zr1xLtSMMLo
Zr72qWNMk7E
ZrKw-SLzNrw
ZrMw7P6P2Gw
ZrNKHCCVfB8
ZrbbKMnPDUk
ZsjfUUJUq9s
ZsxMPW083mI
Zt1Esq-qOZM
ZtI94pI4Uzc
Zx2A9WAswCo
ZxtlcZ-d90o
Zxvc6iPKdec
Zy3Y3ZbJ2xs
ZyOhRgnFmIY
ZyYp1V84Xqc
Zyq6TmQVBxk
ZyyaE3DIxhc
ZzwuHS9ldbY
_-02ze7tf08
_-96fKZGQVs
_-a-yNubpk8
_-vZ_g7K6P0
_01wqwsb66E
_12_k6ciacU
_1U6uMmUJZU
_27P6HZzXJM
_2htRrOPiDE
_2smE5rC6ww
_3BnyEr5fG4
_3VKtPGbSzk
_3_6wjycJdk
_4qoTgnx1oQ
_5ei_I02huY
_60sKaoRmhU
_6kwhF6hoqQ
_7VHfuWV-Qg
_7aUxFzTG5w
_86K0yQ8BQY
_97OwCkjh3c
_9x2cqO7-Ig
_AP6rM49rOc
_Ao9_4chEX8
_BFaxpf35sY
_BLShUdXbN4
_Bk6XkV9O_0
_DKe8gHlnEQ
_DkttKctXFY
_DoO43_hihI
_E3gx_yQhHQ
_E9fG8BYcBo
_ETPMszULXc
_EYsykjsfiY
_Esc4JPE_FY
_G9JwTwjulA
_GiPxFvUUxs
_H009sTvYE0
_H4jllna_ec
_H64VpzpxR4
_HFTRQRpzFM
_HJljJuVHLw
_JXcMl8Hqjo
_JdgDBzQ0Us
_JpS8k1a9yE
_JrQF8Rkaio
_KqYIhx7B80
_Kw4hLGMkm4
_KyyVhlUDNU
_LDR1_Prveo
_LPh72gx6GE
_MCPV8CQzf8
_MIn3zFkEcc
_MllyJivas4
_NB5-Z0pOyc
_NWc3C3cTNA
_OiMiQGKvvc
_PC1JMBZKUQ
_Pq547nYFaE
_QKR8I5VE-w
_QTFeOvPcbY
_QqhuLixNEk
_RTF0DAHBBM
_SpE4hQ8D_o
_UAQJw_q4p4
_UrfHFEBIpU
_Ut-nQ535iE
_VuMqbtphr0
_WIfQbcY4x4
_WOr9-_HbAM
_X_QwpXsdOs
_YXF7WDpWpg
_ZAlj2gu0eM
_ZD3OCliBuY
_ZGHGDKWpp8
_ZJary7yZyU
__Uw1SXPW7s
__nkbr6DeTg
__zy-oOLPug
_auAZcmJF3M
_b-2rZpX5z4
_bBAiZhfH_4
_bBzcwnrLgs
_blookRQV38
_btQus9HV_I
_cooC3yG_p0
_dYkByQ9Kmg
_eAWDuLYVfg
_eEONOJHnEs
_etdZ9G8D4A
_fNNQfGGYr4
_ghnnjzwCTc
_hW1OzRlx50
_hrN4rVCOfI
_i8TVzaMZ8Q
_iVu3g_S05I
_ikwCBn8wLE
_irJM-um6HE
_jEe0Tkyn3w
_jRXtJz3CYc
_jiI0AV8Vr4
_k3aWF6_b4w
_kCT_lcM9ow
_ka1HZS-Egc
_kbd6troMgA
_l0Mfsu__gU
_lyyvZFiAjQ
_npwsLh0vws
_nsIQIpBsUA
_pRo2jlA-9I
_q25hz5xLdk
_qB9JCpr8Co
_qiFIMviIeM
_qpgzgkrB6A
_qrQKBB2jt8
_qzs1zozTBo
_rof2ExUzOU
_rtQGAX5wsQ
_sIuZHYrdWM
_sJXUM8W4LY
_sQ3dqhLsIw
_tk3nWC5OAA
_uCmDXKsWUM
_uDb0ZdGb8w
_uTAdf_AsfQ
_vK5KPycEvA
_vlXdx-CqM0
_wre2WRPiFI
_xuXwHhqNUg
_y17uHBwa_8
_y6zKNoWiKI
_y_Q3_B2Vh8
_yv3BrPt-cs
a-R8qpea6lc
a1Ye5RcWOqg
a1lVOO9Y080
a29qZSRDBdE
a2Ia_ZlUCaQ
a2L27dTOyHk
a2S0kuXO3gE
a2rd4Qy8yNI
a3NFAnHxpKw
a3acutLstF8
a4dML9Rf0k8
a5QnXi_lZII
a5YZ7-JRSUE
a5sFUXkxyGc
a5uNoOnEy_A
a601bUPEYUs
a6E5Sr9Ypcw
a6kwIBI3j98
a70-dYvDJZY
a7wYAtMjORQ
a9QtIfPIQl4
a9aUMpGs6c8
aAB75bP7rdk
aASUZqJCHHA
aAfBSJObd6Y
aAfMps_VyOY
aCA6ioTLw-Q
aD6l5bNnJgE
aDCXPdzyS0s
aD_yi5VjF78
aDi7dFWNrV0
aEP4C_kvcO4
aEvm-V7A5s8
aEy6xua3gl8
aGAzB633b4U
aGdO1Y6ciwc
aGwT2-RERXY
aHlOp5nYs28
aHzd-u35LuA
aINeMQH77jg
aIOYJ2Vlwy8
aIjzkiijGnA
aJc4_OFeqWk
aKAw-DyZa6g
aKRDvSZ-igA
aKhhYguY0DQ
aKpnaKROoYA
aMIyUsF75Pw
aNeCGxJVG7w
aNi1-zeEps8
aNkrawaaiZQ
aNqG4ChKShI
aOSlXuDO4UU
aPiZloqtlnc
aSTvToHuG3I
aSY8XPGChAU
aSokFEpoJFM
aT2UN7y1rhc
aTjNDKlz8G4
aVDiAGZmcPo
aVuCoUxt3vc
aW-TjPdJxCc
aXf3e8a1teo
aXm8y90pQ8Q
aYE26a5E1iU
aYT0Gm-v5T8
aZnRrYvG6ew
a_49iMi10kg
a_Wi-6SRBTc
a_Y9wBQ610o
a_mzIWvHx_Y
a_zReGTxdlQ
aaCRnT8o-Ng
aalANrz7bi8
abYAUqs_n6I
abuhkDhowyc
acQYX4nwhCk
acfjqWTwee0
adPgapI-h3g
aep6lwPqm6I
aeyFb2eVH1c
afRanGsRlOc
afWnU10ZNfg
agtjujKH8Vo
ah39bUxYDEg
ahPdiNQGXRA
ahdKdxsTj8E
ahib7LGDysQ
ahyWUV7AwKw
aiwy2fNF_ZQ
ajl1UdtYUCA
aklVb3Z5jx4
alqGXue7Ca8
anlOhNHlqwg
ao9cx8JlJIU
aoXUWSwiDzE
apCS_vP-ccg
apWQoMKVmW4
apkT6rVE8qo
aq_XL6FrmGs
aqef1Wx4D6w
aqsIWLqlDhE
ar9SeJpbPI8
arWBWBfNMB8
arY-EUZDNfk
as7xe8UQEr4
asVN55SS9T0
asyIsn59Lnc
at4T4n4JYNc
atI4QH2acuw
atogJ2qw9Ko
auOcNZFKfo0
auQU-9KNG74
aubZU0iWtgI
auywa7dydAk
av947KCWf2U
awGM1UAok_8
awzOvyMKeMA
axB6uhEx628
axG9HuqViDY
axGgnXyuiTg
ay1QGPg2R98
ay8838UZ4nM
ayMkrsbW3Vw
ayRpoJgph0E
az6i2qvI1E0
azBNsPa1WC4
b-7kCymoUpg
b-w0S0EBsfQ
b0MWwhxpIeU
b0U1NxbRU4w
b1QFKLZC11U
b1ZaBpRT5-8
b22tMEc6Kko
b269qpILOpk
b26JxSoZvic
b2C9I8HuCe4
b2YI3AIs6l0
b3RaBB7IDZc
b4ORXN7a0-w
b4vLXhf7vYk
b4w0xmuOiQo
b6VQv76BQDs
b6WtwQddAcY
b6_YVsuyUEM
b76wePnIBdU
b7JTVLc_aMk
b8q6i_XPyhk
b9B2FZ5cqbM
b9G5pWuxb1Y
b9H22F0Qbgw
bAU1MLRwh7c
bAUT_Pux73w
bAerID24QJ0
bBQVaRnHqLs
bBkUqkI2TSw
bC5Lahh4Aus
bCiNvTNwAQk
bCxMhncR7PU
bFXGztm89nI
bFjaZ_8pi3c
bFtjG45-Udk
bGALoCckICI
bGNMXfaNR5Q
bGSCMJmbMUI
bGXSvj-clXo
bGz1acC3Wew
bIFdW0NZ9W4
bIKmw0aTmYc
bIRwzhhBzEU
bIgFmeHQvL0
bJ4J6hxTcgI
bJ_09eoCmag
bJb4n19sFrs
bKzw0C-Sh7A
bLKTkM-w5ps
bLQBbA8yh7c
bLTfBvkrfsM
bNNrlzel4Gw
bNQY0z76M5A
bNsSaxCsIIg
bOKhHf58978
bOVQYIGtqXk
bOsNS3FsCPs
bOvSOSk8MBI
bP1pDUwV5hE
bPqB9a1uk_8
bPqMLKXoEac
bQ-KR3clFgs
bQ5vHcFlT78
bRRtp9XdDrY
bRZmfc1YFsQ
bRwJ-QCz9XU
bS6EmYzpou4
bSnELaceBdo
bT_0pn1lHiY
bTz_tx460EY
bVHuI_QpYIM
bVLql3nVt5M
bVNnQX5nEFg
bV_HSZ_W0nk
bVi7_6tqiQo
bVlwH1kfDeg
bWPQvxElpLY
bWTtHKSEcdI
bXu5QiE6Knc
bZ8YAHDTFJ8
bZEAkO9OSco
bZYTDst1MOo
b_cAxh44aNQ
bamcYQDzVTw
bb4bSCjlFAw
bba11I93w8o
bbeWLtarzrE
bcADF8WgLz4
bcCLKACsYJ0
beSsSAUf-oc
bfN7CzSa1MM
bfwKeMf2vgI
bfxhh7l-LQw
bgCVfwBI5sA
bh1UrCGWz1k
bhrmEy0wvD0
bhzh8VDykc4
biK6_fWLDRc
biL7ILa6P6A
bjVn4WGmNis
bjdOWH43-9s
bkZYILrmFRU
bl2DvFn8LjM
blbR5f2dq_g
bmjg7lq4m4o
bml74_PsfwA
boH4l1SgJbM
bohL918kXQk
bp29Cf4xCqU
br7tS1t2SFE
brccWoewXiI
bsDu8VQKwxA
btGaOTXxXs8
buyK1y4rV3E
bvcXEJbEzSs
bvmezdvui9Y
bxGnbVOtRYo
byjmR7JBXKc
bzL6w6sTwTM
bzseeIVEslA
c-VkOXIGTqU
c-_yrA-GUow
c-wtvEdEoVs
c02vjunQsJM
c0MR-vWiUPU
c30S6M8-Jvw
c38H6UKt3_I
c3FoTqLB9zg
c4fUaD4g4mc
c6-FJRda_Vc
c6ACItS5Byc
c7ByaI3T7Dc
c9WZchczdXY
cAAEMza4GvQ
cBi4a1iSaPk
cCMpin3Te4s
cD-iQLCg-ss
cDpBtkU2cf8
cEOxZWGp-8E
cEzN33gfgVs
cFNbX-2R78M
cHNT7_F8m1Y
cIvcxHVUUi8
cJa-C0yJ854
cJnNMT-F-BI
cK1egPBjJXE
cKAF1v5hJoE
cKOtT4WnZb4
cL3f0EhKRn0
cLP7INqs3JM
cLYa05dOy8E
cMNx17H3dRU
cMUWA7ZSPCU
cMjJSUsaWvc
cNFLqhU4MN0
cNlwi6lUCEM
cNm196bVE5A
cOD1TVBMzpw
cP-fdixB1Zc
cP8iQu57dQo
cPOjnyjii-4
cR-P-mvDPcw
cRboY08YG8g
cSTRd8WOpNE
cSf9Tnk19Iw
cSw5R-jdMiI
cTHqWtIz4lI
cTveNRjWQYo
cTyNpXB92bQ
cUKmbQjpu5A
cVEXO42UKd0
cVQ9mAN4jF0
cVqEfuJBVd8
cWn6g8Qqvs4
cY-iPEtvJAE
cYw4MFWsB6c
cYyfwJSvT-k
cZSsAKaklBM
cZTdBsAjPPk
c_8QQbVQKU0
c_N9G3N9Ubc
calylOyczhM
cbkTTluHaTw
cc8sUv2SuaY
ccDKr4TIWfk
ccS5Fy5yLjk
ccWUDlKC3dE
ccaCl1GKdJ0
ccrYD6iX_SY
ccyZpjKvJV8
cczABrLd_uA
cdRLBOnLTDk
cdY0b4ziR5U
ceDV0QBpcMA
ceM2u6IABWU
cePkWyXRvIQ
ceWyayKg3QY
ceZoaInLVpY
cf1-CwrDwrA
cfMgDwsVr6k
cfOcOgr0E7U
cfr-yZxTH8Y
cgZJU38j8-U
ch5tDNaeuxc
chWcaZSLmHE
chXMpDwjBDk
chdnDLbSbU8
chfz7QiwdOc
cjGERWYvzqk
ckBKDrKVIMU
ck_L-TD1t2Y
clL2jLXtX4I
clXSqjs1wgQ
cmi8EnJQA84
cn4S3QqEBRg
cnCQGKx6LhE
coDfeoi2zcQ
cppxO67e6eo
cqK3uRoPtk0
crNShYTL0Ss
cugQ4z4cJF8
cvA4VN1dpuY
cvB8b4AACyE
cvcgH3ohcNg
cvi4IJMZ13Q
cvjTBFs1Wqc
cw3mp8oNASk
cwClnv9Y1Y0
cwnke_pjX90
cyIEhL92wiw
cyifS1CLpvw
czIYvs9zj2g
czXPYCWUmvc
czY5nyvZ7cU
czfJKPN-HEo
d-2Lcp0QKfI
d-_eqgj5-K8
d1O54EQ1DSE
d1oNF88SAgg
d2STHFVHGAg
d2cnQ5ahHgE
d3109sV6izY
d3Qg71bZ4Rw
d3VMo1VWFvc
d4Sbl2GRmlQ
d4UQFgAdxUs
d4WE4SnhBDU
d59M7zZvvYs
d5UCZ9hO8X4
d5lcGCbV5cM
d6U6dwnHRWM
d6vdkYP2qz0
d7xbyNSxxrI
d8-LO6FCna0
d8De3xcVmnw
d8lP5tR2R3Q
d8qtbGMB2gI
d8vvVjfTbYY
d9hQk2Mmpcw
d9pO2z2qvXU
dA1u8RD49dU
dAvosUEUH6I
dBGeri4eFv4
dBOpC_-PDTA
dC1ojsMi1yU
dC7BtsV-ddc
dCQbfaQZtaY
dD71fFNwVJw
dD_9KBz3pN0
dEAk0BHBYCM
dEHZV7q5VV0
dEVGfxHF1yo
dFFRD7GAEUA
dFFzAP2OZ3E
dGjPguqHBXE
dHVLkFQCsmY
dHXzusNSF60
dHqwANL9IF4
dIE22eL6q90
dIGLhLMsy2U
dK_w1HzU3Ts
dKuk8PybYs4
dLokWU0JiAs
dMFWxLI3Khg
dNBNepJ_Ut8
dNnItWLuHH4
dNp7vErqlaA
dOr0NKyD31Q
dOxXl_6BDQc
dP6Op2jCcJc
dPqH4ysdbmk
dQCsA2cCdvA
dR_BFmDMRaI
dRvLVdQ8cw4
dTQdaX4V0cI
dT_-uESRLqw
dToPqCXHNDA
dTwZ5N126gw
dUHGP-N1w6I
dWY25vb1ZB0
dX0JyJRTXm4
dXB3cUGnaxQ
dXHqO955HxE
dZPOCU10TqY
dZnc3PtNaN4
da-9vUVr9tA
daCT_24RnIY
dam16G6cZ8k
dawGZs4TaTU
daxL1ZLrUzg
dbCub716oSg
dbEtcjNxGVQ
dbdVMThH1n8
dbedc5rrwhQ
dbxJ6LD0344
dc7l7Qqa8xk
de2aad2y03g
deKCm28TkRo
deXi6xMGrcU
dejocl4sYfw
dencuBNp_Ck
dfH148QsxiE
dfoXtodyiIA
dfvnCHqzK54
dgHksfBFbjk
dgZy7Uj8cAI
dh__n9FVKA0
dirBYVjDk7A
dj3tcEbWBDQ
dkN6eSd2AIA
dki2K3Z-1kI
dktGVfUWIv8
dl_9NC_J6yo
dlpmllTx5MY
dmN_s286dHc
dmcVzFbXMCU
dn9XjHz33O8
dnZ0fykw_w0
dnjK4DPqh0k
do1HDIdfQkU
dp3my9MnmOM
dpGmVV0-4jc
dpnFYrz2fCE
dptES2sb1oc
dqCTAHHza10
drhoIgAhlQM
dsFQ9kM1qDs
dstNU7It-Ro
dtQyiDMoub4
dvSa_tx04hw
dviyBH3pOk8
dvoHB9djouc
dw41PMWek6U
dwleadLC2Dw
dzMvqJMLy9c
dzSbmCxUyuo
e0lBUViss8E
e1Cd0XL5OEs
e1l1NMLuUuY
e23FYcmAG5k
e3W8o6M-7gg
e4CGX2LXMX0
e6sh8AXz41E
e7Nel0UoXR8
e7vA_S7abSY
e9MA-Dpt1_w
eA2AW5F4N_M
eB5NVPzBCzM
eBYbnYNl0rw
eBzQdDgBB_8
eCJ76hz7jPM
eCWwKrJyKxA
eCkGAum9C9E
eDv7dk9uNmM
eEUK_ThrHuQ
eEUvRrhmcxM
eElHlE4j-vw
eEwZeY51mT0
eF6zYNzlZKQ
eFXcsXnKkjw
eGRZKkmI_fo
eGo8C2Jshzs
eHsYuPEYXgE
eIfQ4GfSz3U
eJUGoAtF-7A
eJgtqs_Rwts
eJqBMPE1PLw
eJxSDYO82c4
eK8T3CcSvwE
eKw3Aq0vvbo
eKwJlJUM_d0
eL965_Lscb8
eLRMI2ZX5Qw
eLUmpX_h9sw
eLdhifUUMmk
eLyLbaXfJXo
eM7arWJJ3zk
eMl2z3ezlrQ
eN20tOlnyb8
ePh8iCbcXfA
eQXGpturk3A
eR8vEdJTvd0
eRImmzuExyg
eRbgHCaWQQE
eRzobkVm1Jg
eS-XNHsh4TQ
eS-_ZFzHjYA
eSjbEWb4Qp4
eTDaJ4ebK28
eTSVTTg_QZ4
eTWCARmrzJ0
eTwnt4G5xE4
eU41vG9z35M
eU7MCBQTvoY
eUF59jCFcyQ
eUJya1CJe8c
eUi6VS3qc9A
eVl5zs6Lqy0
eVme7kuGyuo
eWuAYoHysIo
eXJb76JUvko
eY1LuoSfiys
eYBlfxGIk28
eZZkhSl8lMA
eZuR5-Jng0o
e_6lyl3Lq-c
e_KEaTPcPKg
e_SpXIw_Qts
ea1HxED3UJ0
eaGBLBB375U
eb-GHXCqkhQ
ebEwF4kb6pI
ecD2zPOInf0
edMjF4Tcst8
edVnqL2Z59A
edwZDu94wNs
eejDYxFKGNs
efE8xuvUjAo
eg4r1ev0xYs
egCzfiaUYPA
egNq4tSfi1I
egjDLFX9VHg
eh_ATp0hbB0
eic0CC-1d9E
eidemLqiPyQ
ejIjaaocVvE
ek0zu14IP7g
ekDTjvF_CJw
ekg-Dh9hUq0
elJUghWSVh4
elcLysy7exM
elugjT_Np3M
emdHj6WodLw
enTtIDEtda8
enmHaVxLfAE
enr7JqvehJs
eo9dra_yIbc
eoJGBr-tJXo
eoYThjIAhOc
eoxbgUIYhHo
epQlOmZ0Kzs
epgwuzzDHsQ
eqEw_9_sLVk
eqKnx5Yk508
er1L9BB6UoE
erMopRd-MXg
erZe85NrsK0
ervHbKa7R5g
etl9KKf6se0
eu4qSv9Vex0
eu_GFuU7tLI
eubN8DwUh48
euyg3SwS2lU
euyhg6APq1k
evPP1FDePOY
evmDZkDvlNw
evmspMTTehA
ewEorPD4kdA
ewSw9tF9Z0E
ewu_7Dmj_18
ewzoWPBLG3g
ey4FTyYjiPw
ey_b3aPsRl8
eytyVWA5ZQs
ez1MIB8_2O0
ezN-CACtWG0
f-gCYOCFMYc
f-wz_ZzSDdg
f-xluUaAfwo
f0_8Umbbr2w
f15zA0PhSek
f1zhOtnCWM4
f21t7DRKlg8
f2BWsPVN7c4
f3TQEpL7dk4
f3YoxZKd130
f3ySpxX9oeM
f4drCCsnOt8
f592IgRzq2E
f5o5LpUcxVk
f5qr1lH6ViU
f6OnoxctvUk
f7cX-Ar2cEM
f8B2dBQn3_U
f8GK2oEN-uI
f8svAm237xM
f9j9pK8BkzU
fD52yzLF8DA
fD7MbnXbTls
fEpINE1fjgc
fFFgWl6t-6c
fFdOr8U4mnI
fGThIRpWEE4
fGok2nHOjnI
fI1t0dY5zoc
fI3U9T7LigY
fI6w2kL295Y
fJFKE8kyz7w
fJRJLUYZe9c
fL0W_boPHLs
fLKOBQ6cZHA
fLL8xxjhDPI
fMTLSOTAzWs
fMrz3L9bMsI
fNzM0lQHZsk
fOXo4p4WDKM
fP6X2TzQdjA
fPXQTEYjF-o
fQ1zZYWjvwc
fQUeje_oygM
fQt69_Q2CTw
fRRc-3sJuwU
fRTx45FJWto
fSu1LKnhM5Q
fTeO-V_VgEc
fToDs5nd_rE
fUDwPz9VmL0
fUWn_SJSLBk
fUgkIcx82xY
fUxSB3yYIbs
fVIZmOQBS5M
fVsxYtXOIXg
fW1u-OFbA1M
fW3snxnCPEY
fWan_T0enj4
fWi-i_mdUOI
fX0ZVflYqf0
fYQ3GRSu4JU
fYUwEAPejbY
fYXqj_UPsXg
fYzoiWIBjP8
fZO-JylMFqY
fZtUn_THXnk
f_BJC6UwDTE
f_DTiXZpb8M
f_Z1zsR9lFM
fa-VZ-SDxgY
faUh3bAxomM
faUvT7zfsyk
fa__960kzVE
fd1eLcFCxlE
fdzsrTpUe4w
fe1Hsqyetzk
feNWZEln6Nc
ff6SNrgUFt0
ffAiM67QomI
fh8gkPW_6g4
fiaPqgwJFo4
fif5ghe8JM0
fii9QEVJPas
fjJ0C7-N-xU
fjPvQoShHYc
fjjhAm5trSM
fm7QEiEk83o
fnuIT7EhAvs
fp9DZYmiSC4
fpjXtpg_isc
fpq0eICjuSI
fpt4WW3EUxY
fqQ6sslzyhY
fqYds-feWcw
fqnPabGV6A4
fqwR6RNPJgc
fr-8tjLoeDw
frBJEYvyd-8
frE1rjhH77Y
frgduiVfVno
fs12fX407GU
fs7fz3MLpC8
fsNifxT8KCY
fsTD_jqseBA
ftEVCrKfIVM
ftYKMNfFcI8
ftndEjAg6qs
fu9Xl9OIcBw
fuJxn3yG2gA
fuSOY9r1R6w
fucyI7Ouj2c
fvC0dm2wzIo
fvtv2uYjo_E
fwDWJZkrtUE
fx3TtExi9e8
fxlMABxU7zU
fxvsb373URw
fyJkXBvcA2Q
fyshrv6YDVY
fz7xNYIKuvI
fzCnQwyoU5A
g-SfwjbpA4U
g-Uxw0eKuJo
g-ljbR62EAQ
g1lC2OIMipA
g39owvSlC-g
g3LrOw1JMi8
g3MqSdO5Ubc
g4_8VAWLR80
g5-X-v9dcA4
g55YZj39D4A
g59s153t_6Q
g6nGcnVB8BM
g805f4HlV1Y
g8sxNa-E-H0
g8yk6zQDAek
g98OfN5cWy4
g9SGpnheXek
g9qWsEJakbQ
gAAzv_cvsG8
gAV9kwvoD6s
gAbadNuQEjI
gB7ya6386iA
gCNvBqTJTUA
gD2mjdGVIus
gD7A1LA4jO8
gDJtOIxDu78
gEE6yIObbmg
gEGKvx1wlFg
gF0aA-si89Y
gFdh_rE2XgU
gGXnILbrhsM
gH4IsIEYof0
gHMPEkoFVko
gHTH6PKfpMc
gHpl5UcgRkI
gHs3zuRek7o
gHzLHknEk1M
gIEQ32s35ZE
gIIOKMSKZ9s
gIQgnSfUB6E
gIvD4OYCbbA
gKywkLHV6Ko
gL3HxBQyeg0
gLE6y_NwmhQ
gLHUCUv1e5Y
gLWWXZTSoq4
gLYLGT-VrxE
gM15QCuHWMo
gM95HHI4gLk
gMKtGulgGH8
gMcs6RF_LrQ
gNFDONSjB7Q
gOjKzh8z33U
gPbN26bYyN8
gR8-vRg6Yp0
gRAwbGqnEqk
gRKZaojKeP0
gRlrZrDL5QI
gRntusF_tVI
gS6TfWUv97I
gS6s3MGZlRc
gSEYtAjuZ-Y
gTRa6OYhi1g
gU-5bjpAPmA
gUW2jit3uvo
gUbsSL2OiBg
gWMTTP58_J0
gWSDDopD9sk
gWaA8mVBZQk
gWq0WpgBthI
gWqYXa7r_V0
gWz08PB7b6E
gX9aKDeAOz4
gXeWLoQ3v4E
gXnHodHNusg
gY5TvlHg4Vk
gYv8sttBIqs
gZbJQm8pumk
gZzsYhyjIXA
g_dStt4st2I
g_ijRF_NMLk
gaMEzd_Vh80
gaMFyEravAs
gamEPRpt9jo
gbGghzo7yEM
gbIgkcIfg0E
gbpc_JBG1F0
gcJeg4SdIpU
gcnk8TnzsLc
gcq9KFpEuLc
gd8B-zrMSYk
gdE46YSedvE
gekeKya7Tv4
gfBcM3uvWfs
gfVY7cW7VLQ
gflKYcGG6hc
gg6vUnElXqo
ggggPEuFzOM
ggyuqAu-_sI
ghLhtqtp3ZQ
gh_3hch2YNM
ghgPq2wjQUQ
gi2TVpGUV6M
gi2Y-kbrjCw
giO5ACdU2LA
giw2ELZr-bE
gjKmQ501sAg
gjVUGs75eVs
gjrGd9TjjnY
gkQtRec2464
gkifo46--JA
gkyuLPzfDV0
glEP04Pzap8
gl_-E6iVAg4
glumochcaw0
gm87omItizk
gmr5QYeFJ4g
gnCL_0uA6Ds
gnku5AksWvU
gnyHsgTFXIY
gpIJcqY0weE
gplD1LV-lAA
gqHMd77FUGw
gqSgo6PUn40
grmmM_KhQ4U
gro5b3PZ-Bw
gs-OPF3KEGU
gs9O255gdEY
gsNgdVdAT1o
gspjhwSNMWs
gv9ogppphso
gvwKv6F69F0
gw-4wltP5tY
gwf5Xy5p_DI
gy8E0-wf4a0
gycYr6JJdzQ
gyqodNhM3EU
gzm-uhj06q8
gzmSKrwiG3g
h-31O7CaF2o
h-TPSylHrvE
h-_BDon5oes
h-qwno7n5F4
h0207xMD6b8
h05d7Mbd3UI
h0FFEBHBufo
h0SNEO25vIw
h0SURLIImqk
h1YFwjMp3Ag
h20xr3E5jMs
h2lARdo7Xko
h3VyfjLqRY8
h3lMANILkw0
h43MrQ5G_2k
h5BmWo5_sc8
h5dIVNjVjXg
h6HmHjkA034
h6mZLTpTHcU
h78GdGiRmpM
h8EYEJ32oQ8
h8GfMq4-K6g
h8kt1knmmrM
h9GbtVm5f7I
h9ZgZimXn2Q
hA5jddDYcyg
hA8VmhkKEJo
hAAIgNzBGg0
hANm5-51ywk
hAeC68RvwT4
hAy_bavEVCQ
hBpI9IfmMKg
hC6zx9WAiC4
hCUce36Ganc
hD3U65CcZ0Q
hD4ySbQYYyA
hDB3qG5aXcc
hDP6egLrsdM
hDk9Qx8Po3M
hFRQBhHdINM
hFjGQXcwYIk
hFvBZf-Jx28
hHteUIS0OFY
hI4v7v8AdfI
hIAdCTNi1S8
hIMYdNPIjZw
hIgnece9ins
hJ-_OoCHTks
hJ18CrKU3Zc
hJOqGkWElNs
hJkKADcQWj0
hJtaY-iZRvU
hKRada3AWII
hKkBlcnU9pw
hMguUHeYf0g
hNDlqAYRDyg
hNpcQEGw3S4
hPkh8kOldU4
hQ4UNu1P2kw
hSP_rmNHU_U
hScx0e9qyMw
hShqXKpI6KA
hTBQUibtnBk
hTJgK-wZMcE
hTSyVgBa1T0
hTTDI49LhjE
hUC5LPU_NMc
hV4pdjHCKuA
hWJLd6bRthI
hWhs2cIj7Cw
hXP1Gv9IMBo
hXg-6YgAARk
hYzN0w8FatU
hZ827mfh1Jo
hZvjH3Az87A
h_ZIMHgKTP0
h_fBMnB1i-0
h_naqJLvL6I
haS083Zbib4
hbJ2o9EUmJ0
hbsWxarO5d4
hcUxFwUjCxM
hc_s3U1HDjQ
hdKDVDjUHhs
hds9i_bYm48
he4kcTujy30
heKuwogLwnk
hg2HR9zJFq4
hg7jN32q9A0
hgtMWR3TFnY
hh3AkOGnnpE
hjbSbHr3Fhk
hjigR_rHKDI
hl58vTCqVIY
hl7g82m_BgA
hlFhHN67ICE
hlM7zdf7zwU
hm17lVaor0Q
hmj3_zbz2eg
hmtJV49AWio
hnEcvv1xhhk
hnQCJ0Pzh9k
hnVFThmLW5Q
ho87DN9wO70
hoRISaqp1Po
hoRsHNSrMpc
hoa1RBk4dTo
hopq0lq-qu4
hoyF8zn7Qlg
hp-HJvqNAfA
hp9T-7on2Ow
hpBBuaiIkrg
hpWdDmgsIRE
hq1bUM2tyg0
hrIPO8mQqtw
hrNeFsCBq_8
hr_mTd-oJ-M
hrg1hCzg3W0
hsPCte_PcVA
huDDaj0PjLU
huOnuYAyv6w
huZBkYgGrKo
husPzLE6sZc
hw5DE8HSZk0
hw5k98GV7po
hxEdXUB_IdQ
hxZ6uooEJOk
hxqo_DiL3pw
hy_bDS3aHO4
hypi8QPsFEk
hz4J5Wzxv_A
hzSef_HVqz4
hzh10qtOxpg
i-NNWI8Ccas
i-Rb4_n929k
i-sAB-Z2_bE
i05-okb1EJg
i0VS3eEGjiQ
i0W4KcxE-mI
i0sUJVxSXlk
i1CSuZdIu98
i1aNc26PsOI
i1dAnpSFbyI
i1i2_9wg6N8
i2ewIPvsWpo
i5RIEwI6Hcs
i5qQM7Mc2ho
i5uF5inpY7s
i63Ruo2jj1E
i65NIcnHS9Y
i6gz9VFyYks
i6lfVUp5RW8
i78cyClvaeg
i7iKLZQ-vCk
i7idZfS8t8w
i7lqWXKuhhQ
i7z7f-wnews
i8THsl3AYFI
i8Wtu-kdDC4
i8r7ZTUqB9w
i9FzFfv1rQg
i9j_VUMq5yg
iA7Thhnzc64
iAPYsOaq-VY
iATjsfAX8yc
iB-r7Kl3vok
iBWCZxyElIM
iBgOoaeLUcM
iC9hkhbIimA
iDQ1foxYf0o
iEpqcdaJNTQ
iF-Qhcg7tPU
iFpyKTuC7jY
iFy0oH-3Pn4
iHNa1fhV7IA
iHXdzfF7UEs
iHnzLETGz2I
iI5DShNjUlQ
iIBQm3me8cs
iI_2Piwn_og
iIfAqqlm6jE
iJr9PpY3PjM
iK0y39rjBgQ
iKy-d5_erhI
iLFcSfzrlMk
iMbAu2Oh7PA
iMqCSgqzmiQ
iNZZIb_-PA8
iNemmT1hnzA
iP7HnX5mr5c
iPQ6GB822x4
iPROoc_o0p8
iPwrDWQ7hPc
iQk1M3-WvZM
iRMLQC_4pqw
iTn3TTF0IXk
iTyBlnTK2ac
iU58AIjh3YA
iUQR0enP7RQ
iUzfsUOl3-A
iV-YqG70wbQ
iVAYOeGmNqo
iW3EP2FE5zc
iWgW2nD4wGQ
iX5UgArMyiI
iX7ivCww2ws
iYVi_YVOyvs
iZAtkS0F-Zo
i_Cs4eKfec0
iaGjqkRIUSk
ibeyn2QGjCM
id4e3FQDPzk
id_MB2RClG4
ie0waMJxnTs
ieC5LgoGJVg
iewvEGWARBY
ifyEocJ2Rog
igJdDN-DPgA
ihNZlp7iUHE
ii-KBKSODek
iiFWoXQPOJc
iiGYwCGNrl8
iimpwYBiKNg
iivtjjdSu9I
ijE1VeL0NYI
ijLc52LmFQg
ikFUv-gdNLQ
ikadoCpDNT8
il0EJrY64qE
ilWDSYnTEFs
ilsS0IDaQ5A
imlwmNO9xlY
imwtcmvk668
inXgVjz1BDQ
incKJchBCLo
inlMrf2d-k4
ioH0PUdUW3M
ioieTr41L24
iorZdz4dsBU
ios3QL9t9LQ
ipm5Bk10Fio
iptKZt4FHRo
iqeGTtyzQ1I
iql2eFZsV5Y
iqldLGr2aug
iqpDFKIREBo
ir-ISPDjGno
itHQGT-Zvbk
itQEwESWDKg
itoNb1lb5hY
itpI12TeNIg
iuaYuCreEPk
iulx0z1lz8M
ivg3dLTarbs
ivy1QmWUtQI
iw5eLJV0Sj4
iwamZ7r2tTE
ixFgd1lFe9g
ixRtSV3CXPA
iy-fhpbTH9E
iyQNk090FGM
iyrOGvbSS2U
izLIgjaQ3G4
j-G31l9tETk
j-KZgQdg0-g
j-iR7puLj6M
j0c2vmFGbtk
j21X53Rwqt4
j2eKaxU-8kA
j3-XYLnxJDY
j37Mx24JHC4
j3ty_c9Fulg
j511hg7Hlbg
j54aGQStW6I
j5c6pqAP2IA
j5xis6Hlnds
j7FOzKIDrg8
j7NxD8x3TOQ
j8LHrm3_brk
j8XLYFzTJzE
j8cKFzj5V6g
j9FDoYNxZlw
j9In_uGFQpQ
j9ZPMlVHJVs
j9iKQnnAsgI
j9kIACViG60
jABsbNBPXIk
jAOtWm_WZiE
jAVbApE7lJ8
jAfJcgPGqgI
jAfNg3ylZAI
jAjU3cR99p0
jBN69fm8_T0
jCKvxH5mXR4
jCP23_xNf1A
jCkhbKFZgLk
jCwRV1QL_Xs
jDIj0CUjGvM
jDNalKBb3aA
jE0YCSo4qO8
jEeJkkMXt6c
jFSenp9ueaI
jFazrvLodrA
jFd-6EPfnec
jFjI6y46QRk
jGIcbNV0dJs
jG_R8MyQ53U
jH5qflAe3C8
jHHPGhrcMOY
jHp4fnrEA6w
jJip-WyQtpk
jJyRrIZ595c
jKfojKK-8Zk
jKg5oFQXdJU
jKlgEvRFItE
jLFeqQxGtOc
jN03g05TSWM
jNESnky3RVg
jNUz0P5MG9M
jO4wOQQiVZg
jOZ98FDyl2E
jPofntFycKc
jQ-fS2lsslU
jQ15tkoXZoA
jQ2nD8ZGeEw
jQGUkJc7_04
jQN07Hvq6WI
jQQjbq0gMmE
jROzZfJbplU
jR_XZyhLSA8
jRnkxSfwIpU
jRrRqMJbHKc
jTCZfMMcHBo
jTIwEYeDCf8
jTbIw2iR8WU
jUUJSOM1ihU
jV30SdcyMVM
jVSUQmtTk7Y
jVvpQAIrJ-o
jWpiMu5LNdg
jXA-nMI4Nt4
jYOfMszfzAQ
jYR0RlMft8Y
jYfWFy0yxB4
jZUgNoj-oHY
jZnJLEyJtBU
j_Taf2Tgggo
j_XrGo15iBc
j__Kredt7vY
j_kI7OcaLKI
j_kSmmEpvQk
ja4WRZ4DrAw
jaizi_1IB5c
jaizoayO9yU
jb8mFpA1YI8
jb_RwR_Eso4
jciijU8Mj_Y
jdLRshqvNdY
jdP0bBU0rV8
jeDCQhJqD7o
jexMSlSDubM
jfIPQ5_71Mc
jfaSZhNFEOE
jgWqSjgMAtw
jgnNhL2jSXY
ji4ilvfmTEw
jiJdNWzETSk
jihKUWH4Hfc
jiycJ9M2L1o
jjmAGbcKEZY
jkmwAJMERrY
jlID_mIJXi4
jl_gQ-eL3xo
jlwcIRKCqek
jmO9KMdXxQU
jmbg-DKWuc4
joTuAvMQ9vE
joZ3TOTfPkg
jpKjXtywTlQ
jq6WFvMikBQ
jqMC4RBE4A0
jqpQPxWj8gE
jrFLb9ZoZH0
jroamh6SIo0
js5cP-rq0FI
jt0MRRfPT3g
jtPvDycHVQw
juM2ROSLWfw
jvYZNp5myXg
jvad-axh3ww
jvp0mtr1kFM
jxA8MffVmPs
jxf7XqvZWWg
jxkluy6a-EM
jxptCXHLxKQ
jyKMEANFNi0
jyLRpr2P0MQ
jzcB3faNdq0
jzn4rTPajT0
k00KEcYijo8
k1iHDu9GrJE
k29Hyub0wqM
k3Wd-9bZCgw
k3aKKasOmIw
k3qZCxL5TeE
k45QTFCHSVs
k4bqucu56Ig
k4uSZ6sonCU
k5EbijWu-Ss
k68CPfcehTE
k6KH4WmcgaU
k6jUaaQNY28
k8EfLFvUI5U
k9MEOgcc5KY
k9SwNST1eW0
k9cxYojKI1I
kAm9x3uWF9I
kBUC6iPijtw
kBVDSu7v8os
kCRMHGtDd9Y
kCWDf4jRKS8
kCkyk4YNUyY
kDZlMFkKhWA
kE95P0oXXSw
kEJRG-xuHi0
kEOgW5Rg0o8
kFElpYl7Te0
kGrk6V8tWDY
kGzXIbauGQk
kHQCDrWTDv8
kHfwtSGtB8I
kITJ6qH7jS0
kJ43GdU5Uzc
kJ57S0Z4Vp8
kJIqoTw_Og8
kJSOqlcFpJw
kK8tB7UHJa4
kLLsJXc1E1E
kMCP4njGAMw
kMCSbnqWFK8
kMHFY6ZrKbU
kNuBFpN7z18
kOQx3LtWHEQ
kOf8fU9iduA
kOlfa11Pdgk
kQF9pOqmS0U
kQRFfAlj9CE
kQkeayQke8A
kR9rO-6Y2Zk
kS4H-DOIhAE
kS5iU4v0QZk
kSYJxGqOcjA
kSx873lOgIc
kT4Mp9EdVqs
kWQzA37MqAk
kXULrUxGzmU
kY8FEq0teOs
kYWBbu-FXV0
kZO-XQdBwqk
kZkfZwTCed8
kZoFI_fcC74
kZzoVCmUyKg
k_wJsio68D4
k_xfNLqGtyQ
kaSIjIzAtYA
kaxfCiP9d0w
kbqO0YTUyAY
kc_HjPT4NKo
kdEQGfeC0SE
kdMep5GUOBw
kemwplAKWsY
kfTm72uWt9o
kfySynqWWos
kgsiYzcosDY
khDAji7dXw0
khDD_9g5YTM
ki4VK_dQlPs
kiFTOP3X3Ds
kiQ6MUQZHSs
kiaU0jX-kk0
kj3ZfOQGKdE
kjNgXVZ1aZ4
kkpVr5eoyVE
kkrF9X6Fycg
kl4n-EWwPyA
kmN1QEU_lf4
kmP97_diMVM
kmzBGnniH2w
knNLHsjIcl8
knT1VOUCozQ
ko-cYG3d6ec
koAFBScR41A
kofT_ctT-JY
komjMq5jm9k
kpCJyQ2usJ4
kpEJwpemL2Q
kpG7xySkivg
kpqSeXpiM6k
kpywdu1afas
kq0O3pxTYCY
kqU_ymV581c
kqqmJiJez6o
kqx3tLe8_kU
kr-L5V0U1Lk
kr6zA_78nys
ks33lMoxst0
ku4KOFQ-bB4
kul2ZmVIQZk
kvGsIo1TmsM
kw_4Loo1HR4
kwqNDIacqt0
kx6DfrYfWnQ
kxE7wipiMps
kyf_8_-rvQg
kyu-IQ-gBIg
kzYtx_AqzjM
l-6uEtTBH7g
l-HtxhClZ-0
l-QFT7XNeb4
l-h72j2-X0o
l1hJABkcuYI
l1xdKkIGxOc
l3NpQPdbK3k
l3OkPYhDi9w
l3hw0twZSCc
l3iXON1xEC4
l3yWmXbC36s
l43fgfJ376c
l4VCiJulLKw
l5MrtV7ZN88
l5VbdqRjTXc
l5xbFna_j0Q
l5zJvZKfMYE
l6FX_r_Tkls
l6T4RhlgkG0
l7h8A6SX5kY
l7p1X5pdDoc
l81swfmUaek
l9ft9jpriNA
l9j26EOvTYc
lA3sjWwu5-s
lBDT2w5Wl84
lBi9bwz08EY
lBscLuttQq0
lBtb30SjU2Q
lCK77MI7cT4
lCRGNykWqFI
lCsjJbZHhHU
lCvBp73ZJ-A
lCzQvQr8Utw
lDKjX5ouoic
lDXaju6JoQ0
lDY9JcFaRd4
lEA31vHiry4
lEGS5ECgFxE
lEhf75ma7Ww
lFQ4kMcODzU
lFb_lFD19WM
lG8tCeNzEjY
lGQw-W1PxBE
lGaQWIV8PZ4
lH6ptl4_LCE
lHdlHTsXbZg
lIHJcTf31NM
lJDjWZqhpVc
lJX8DxoPRfk
lJdb4_Fuxvw
lK5nCBCr9-A
lKpPyvRRvKs
lKq-10ysDb4
lLIo4kGRBEw
lLKrQTWPAI0
lLeIclx2lAU
lMhAOS4MFFE
lNfZQNWZklI
lOWXZFP8Vuc
lP1DGtZ8Wys
lPLm4pM4KXU
lPWfIq5DzqI
lPcahMeUYcU
lPfNgTrWKyE
lQ-dvt3V4yQ
lQn7fksaDq0
lR5Z0OnzE0g
lRMV6I_TM4U
lR_kUUPL8YY
lRoFaux2V_g
lSSFMVeFc2Q
lSoaMCNKfAg
lSwsAFgWqR8
lT3LRjtSbJc
lTNwCTDokrU
lUA1LYCoIAg
lUD7ti47IQc
lV2pRwGQVis
lV3LBiivTxw
lVadjWOjvV8
lVle8hJTZAk
lWDtFHDVqqk
lXShNH1G6Pk
lXkfZYlnwl4
lYLaaMObgkw
lZfXc4nHooo
l_Qj6aC6RV8
lb3TmicdsCU
lbQCx-AwPsY
lbhM1ILFgF8
lcXgSEF4iCM
ld8r6NGXRts
ldLdWj6DLTw
le-ttBDN_FM
leDYnoNSvD4
leudxqivIJI
lf4BBZK1Vzs
lfBDOQddTD0
lfZGtjSWcQs
lfeXuK8pbFw
lh2mp0aqSh8
lhLVC1QB_kQ
liRNTieIU_k
ljROszF_rqs
ljzn4SADuZc
lkP-E2LUnjA
lmm767eIsGU
ln43wOC3iC4
lng4ZgConCM
loAA3TCNAvU
lohMwoq3WFA
lpXCvX6ZenM
lq-2gX3NKCM
lqAKI6remoQ
lqXzyybVh6o
lqv9dXXjfWE
lrpB0kNvEs4
lsXcKgjg8Hs
lsn16U5DWD4
lsufpQEVHZ8
ltKaGC8jfd4
ltiO5cZg1A4
ltxqQbiI6-o
luSh3hz_b18
lumGHA9JGNY
lvAYFUIEpFI
lxTQrsUip9g
lxjmR4pYIVU
lxtlwnCV-HM
lyWaNZ1ERMw
lz8L-0SoMo0
lzKj-bLvrYQ
m-G3K2GPmEQ
m-pRnFIeoNA
m0Ehu0zohDQ
m0SFJt_0v28
m19E4fFcUx8
m1FhUjMMv30
m1PPujngqAw
m1ZTnl4CNQg
m28RAgUySGQ
m2mW2FQJgEE
m44llkkWI0g
m4eiYHL3PP8
m4mrd7sHCPM
m5Gojo9hkCg
m5Tf6vgoJtQ
m5oQzyO51q0
m5xu4r0szaA
m5z6pOsxF_8
m6ByHObCs6Y
m6c6dlmUT1c
m6lMGoZTJnc
m6oMgtGsAa4
m6uOqU91ypI
m6xURMj2ztk
m7qXvQvWlY4
m8yC7kR5Fuk
m9xVp6p7MTU
mAdUjImDx58
mCa0JXEwDEk
mDmRYfma9C0
mEEoERy2Ltk
mFI58RRCDbs
mFftY8Y_pyY
mG94FpywnZw
mGSn-qR6k-g
mGnm89Rfi98
mGvunan-I-Q
mHH0sSm2cK8
mHsDodBfOVk
mHvSYRUEWnE
mI84WDfhuYA
mIStB5X4U8M
mIx2Oj5y9Q8
mJ1P4A-KA8k
mKPeuVjPDo0
mKsKU0BAiRM
mKu0L46Qed4
mLCD0ez-yO0
mLE-SlOZToc
mLRYCaYVWFc
mMCcBsSAlF4
mNgW6SAQLhk
mPLCXCscqI8
mPQCHmOxGlY
mQTWzLpCcW0
mQyM-4YqHMM
mR2y_kohZIw
mS7t91U9Qqg
mSUboLc-pf4
mSVrqKZDRF4
mSzaJXR6MhA
mTNs7wjqgaQ
mUfp0KaXSj4
mV0RxDZG05A
mVlCXkht6hg
mW6Cwpfb5CI
mX91_3GQqLY
mXsn-YYUN4Y
m_Z3dWw7mVw
mbb3msmX2xs
mbc3_e5lWw0
mec-QpjQMXY
meibWcbGqt4
mekBhhFWC9c
mfX_yUvwJho
mfgCcFXUZRk
mgNtPOgFje0
mhE652KeyAA
mi9sMazNPxM
miaewHG2-X0
mkrTnwr_z2k
mkyPZjkdU2Q
mkyZ45KQYi4
mm0Y3ym-JUg
mmbm24Pz5xQ
mmg6wFPMdH8
mols6pMKrto
mpHMuaVW0DI
mqIkaCXbjCw
mqsIJucBn6c
mr9Tow8hpCg
mrCxwEZ_22o
msHjgIsYOkU
mt6Nq0dzFjo
mtBqK9dB-EA
mtL_plJXv3c
mtMNvnm71Z0
mu3HHCdYYtY
muC7HMIEYDU
muZmOiiukQE
muqyereWEh4
mv3dMJfR-D0
mv5zucjq60k
mvOkMYCygps
mvye6X_0upA
mwUyaeWxJhA
mx2M_ZKXM_c
mxVWyzzMOXM
mx_JUo_s-Ok
mxsYHiDVNlk
mxturY-33SU
myolF-h1kKI
mzOBlH32qdk
mzQQ9n-eoLs
mzULbezO6iA
mzatvUid9Pw
n-7xGKl2HX4
n-S63_goDFg
n-arbfLTCtI
n-iEqLhGfd4
n0DLSIOYBsQ
n17q8CBiMtQ
n1MbK-Qb7Mk
n30T7Uc6IOg
n34dqyVCXs4
n34jx1FIN8M
n3BtxJkEuUU
n3cKK0xBK64
n4EK92CSuBE
n5_1jFIiPgM
n5cKWjZqpIE
n68K_-ZzjuY
n6xCyzOP900
n8Ic2Oj-zvA
n9UvuzI2fq0
n9poHOKkF28
nBZ4PDBhSrY
nBw6KvU51BE
nC5UgHDjbcg
nCwRX7seya0
nDXFgexOM5c
nEWYKpTCX-U
nEqexIckVCM
nFSMu3bxXVA
nFmH5iiPuDY
nFsQA2Zvy1o
nGCW5teACC0
nH2-37rTA8U
nH6dfMMlcfI
nHi-3jP6Mvc
nIGAejpOaII
nJIRCDipw7o
nJLNlB-7Rhk
nJQsGaSfMLI
nL-NSia0HiA
nL6LMX8-bPY
nLY2bzRfQyo
nM-O8llUdwg
nMhJLn5ives
nMrJ6nbOQhQ
nOZTe8jU2g4
nOnd3SiYZqM
nQ7QSV4JRSs
nRJM4mY-Pq0
nTco9qQ2elM
nUlElr4LXz8
nV6bRozq5Po
nV8taxEW8-0
nW1rxuQft1o
nWEso_M7By4
nYFuxTXDj90
nZ90fsoVvmc
nZjMRq9tev8
nZrxs-U9d8o
nZu7IZLhJRI
n_UHN9t3cNg
n_ZyBwiV-Vs
naRUWPvsQbQ
naVFTNWVlQU
nabw6v93Xns
nb3m_Q7rfT4
nc9XHXlxSyM
ncW-JilPxjA
ndPq7gbin7A
neAFEvNsiqw
neZeuTgEoMA
nfqYCmt6RAc
ngOC4eUQl8Y
ngk8k04zKHY
nh3_IGxHA5A
nh78-VKSBUY
nhSSu0Nzs30
nhW3Ri4b_V8
ni0TL4pXG5w
njb6xYF0GZ0
nkjKPhleQ5E
nlUG4OKN1IY
nnl3x1wo25g
nognGA0mtcU
nok99JOhcjo
nopnFjMy3rQ
npMMbXm9sR0
npUtXLjTnxg
nqRPRwO79kg
nrOA1U5jH6Q
nrOg85VPQgw
ntxMOKXHlfo
nu87kfmwNfU
nv2kfBFkv4s
nwW5IMuRCaM
nw_ybC3PGsY
nxOi0EbNPtY
nxQ-5li9rbA
nxUP4lJ_hbU
nyZuite17Pc
nyf6mEKit2c
nzWKdLmk-hk
nziP-8PeZqY
o-D-8B_5ibU
o-TWOYoxjUo
o-ZbdYVGehI
o07enwTfSpU
o0K8bb9uJQ4
o0arqcKC7QE
o0azgDKAFNI
o1A7zKu_zlE
o1IFePaNENQ
o1Y0G8Z67iU
o1npPDCq-4M
o2XjXFvruIM
o2ZrX9MbIwU
o31cLUkS23E
o31t2ta-EtQ
o40Eeq3fEHs
o4pbAQgJYjI
o5-T52bh-eQ
o5QRdHH8aeQ
o5iot_ZsoV0
o6q9cU133EE
o6zzLAhEyqo
o7_zS7Bx2VA
o7_zmuBweHI
o8fYEZdTpEE
o920mj0NbhE
o9HzkYErzd8
o9NZu-lIQHM
oAQnDsmu41E
oBREri10ZHk
oC8bU0Tc_v8
oCajIGPK-WM
oDcPHWX2Nv0
oEgeUk_Ix2c
oFGkYA_diDA
oGAVi4xb7Sg
oGzwVYPxKjg
oHvLlS_Sc54
oIV1zM8qlpk
oIZV-ixRTcY
oIslHyWJHEY
oL9iF9Se6lc
oLh_sIESQnY
oLhohwfwf_U
oMVbQLsDLiM
oMWTMj78cwc
oNgo9bbDi7Q
oO3nWnJppqg
oORnGaJp1pk
oOTFGdjhqqM
oPZQu5mIiRQ
oPijG5Bfemg
oPqq3Ex6viM
oQhp3ndj28Y
oQpKtm5TtxU
oRKxmXwLvUU
oRLAJsbQYK8
oRWMtRqR6yc
oSZNQ1LZjHg
oT6LclcJ-I8
oTKVXJ7TcbA
oTbvYGH_Hiw
oThlns-qBaI
oUV_yL7FjYc
oUgDaEwMbiU
oVkzin26KJk
oXCD265cP3o
oXUJXsoCtDs
oXVAzyKswPw
oYQvxRrknZE
oYoQpDtBLac
oZxbLuJ1U5w
o_Vt7J08PE4
o_eNoF1DnZs
o_puKe_lTKk
o_urKmMdGK0
o_vMb655dFk
oa1SEjP9KAQ
oajrmwCALmc
oapNz_NNGh4
ob5U8zPbAX4
obZzOq_wSCg
obeGVTOZyfE
obts_JDS6_Q
oc9fJCAIRJs
ocAAkB32Hqs
ocOXYiborsw
od0pjs3gsto
od2ChzDRrBk
oda2K4IFBaE
oeGC4-aQd_Q
oeyBfrx5RJY
ogEddosP1G8
ogFLbvKru8A
ogg_ZxSeNQ0
oiDvNs15tkE
ojFuf9RYmzI
ojSkGvxFi4M
ojcp0GJKluM
ok2vtKnSZzY
okNqf2NGnpk
okXVhDMuGFg
okjt-OZY1JU
ol4bW-3qs_s
olrXr3J5xq4
omFelSZvaJc
omUfrXtHtN0
omvNINaRdxg
ondmopWLiEg
onmNaDrxwmo
oosYQHq2hwE
opEy6iN9kqc
oqAYqT70EBQ
oqAgaGeBOAU
oqBHBO8cqLI
oqCfqIcbE10
oqI4skjr6lQ
orI2m6IarJg
ory05j2jgBM
osIFa9zcI-w
otstXFxMkl4
ou9YMWlJgkE
ouAFk0Jy6TY
ouYZiIh8Ctc
oug9h9-komI
ourH3ueWNmA
outcfkh69U0
owKAHXf1y1A
owcmu4XxrHM
owtjJVqzrN8
oxSzkIftog8
p-b6k9jyIkE
p-n_YOtUnqU
p0jCw2sqZgs
p24UTvbKZog
p3AGlD6g8X8
p3fdeXgErns
p3pYuY4buIk
p46QWyHQE6M
p4DTormtEG0
p5SkpVqjWmg
p5e5mf_G3FI
p5mXv39n9GM
p5nomPfUF9k
p6l8-1kHUsA
p729tFmpOXg
p7TtcisPQN4
p7ycTWq6BFk
p8PSIpMkEvA
p8vIcmr_Pqo
p9hl-Spzk_Y
pANZpI9sOYg
pAgPfr7MkkU
pAjluTxSYgY
pAlq9fFwtus
pBAwbypjW9s
pCLGpRaJfJ8
pCpLtKdMjSE
pD2-H15ucNE
pDCcRU5OGmA
pDZIvyeqX1o
pEz_Wn35098
pFFoAGIEyJc
pGaDcOMdw48
pGhBfkBqok0
pGsicLglzY8
pIMfRbznxKA
pIO34mrW_Ro
pIfpHdGVwLU
pInFesXIfg8
pJ3Z04Vwf2Y
pJ8KwRztfF0
pJABplruJIU
pJQr77Vzwyk
pJU028t-7mg
pJzmiywagfY
pKvo0XWZtjo
pL4PXSXH-R8
pLCmwHsDYqo
pLijVYVDKlc
pMFv6liWK4M
pMZSDCm9tko
pMoA65Dj-zk
pPM72fPwIjw
pPnxPrhf6Ww
pPqPj8CAPvI
pQWwP7YYH6o
pQcnLGBi7WE
pQwoBOpVoWw
pRIELoITIHI
pRZzfoM-9lc
pRevFhvu8yc
pRuwcphjJeg
pSSqUF_mmtM
pT6tFia8eaY
pTL5ZPNwY0o
pUzHSQa6lko
pVPPDbZGd04
pWSq7CGh9tg
pWtt0AvU0KA
pXo0bG4iAyg
pYaIjA4CsKo
pZ43GbTechI
pZ6mMVEE89g
pZIaUx3UQoA
pZSREG1y5cg
pZ_2bATPi2I
p_61XhXdlxI
pa92UdJCaos
paNqHnR3-aM
paXRIINiYlQ
patZ8zoemVo
pb8vGcMlRmU
pbLiN8D9gAk
pbQJqmYdjbk
pbbHg_9zFbI
pc4r1Z2PwWo
pdXcf5ZWHf0
pdleRJd9YNY
pe8Dm_FUpdU
peQsBg9P4ms
peXbz0frV74
pf-4JrX7CeM
pfzJ-z5Ij48
pgRknobBvr0
pgfWkaySFGY
pi3WWQ0q6Lc
piIcRV2dx7E
pj1VvscsV0s
pkEiHZAtoro
pkGrXzakRFs
plzbnyvdaIQ
pmQjw8FdlaY
pnPWdDOR9XE
pnW1PNJlmWg
pnoShVR_XEc
pnwrNnZGVEw
po33g3yIRXA
po3DAsr6mDE
poGjjX_VNbM
polop-89aIA
pp08hpkTN-o
ppBJWf_Wdmc
pplnmRsNDuY
pqfCJCBBlXU
pr-u4LCFYEY
prLfVucoxpw
psyWUUkI-aw
pt-cjNaErxI
ptAw20kem90
ptT9BqtUtYY
pu4tn_Yl4_k
pvyqucC-0NU
pw9fPU4YqUA
pwYiULX656A
pwh1dK3vTkM
pwwNxWXf1eU
pxKLeIjzxAk
pxX07gUbIQQ
pxznZKskjyE
pyx-6vfCuW0
pzQY-9Nmtws
pzQnc_0eZA8
pzSyOTkAsY4
pzcEovb0GHU
q--2WP8wXtk
q0AkvTchhPI
q0oSKmC3Mfc
q19UnHEofOA
q20v5ZBsTk8
q2CSqC_waE8
q2TqEsD1t4U
q2zdiLn3gSE
q3WJVOsqu7s
q3qvkZxhchE
q5HmV3Czl6g
q5sG_CkkAs8
q6QLjNEyrAI
q7eF5Ci944U
q7lttowsC0Y
q87L9R9v274
q8SvZkpjy40
q8zEt9AKNxw
q9JGGVXdl9I
q9XCrpLPfGk
q9m5VZMYEyw
q9q84X3pezg
qAUnDB0LZL4
qAfETdORmcw
qAs50nzzrP4
qBYa_QOWuaE
qBfc57x_RSg
qCFS9sM3U4w
qCVTAyjZ24w
qDsLxwmW_Ms
qEB6y4DklNY
qF9Kz37Ksq0
qFFhdLlX220
qG3HnRccrQU
qGTYSAeLTOE
qGmJ4F3b5W8
qH4IQfDD1Nw
qHO1xH4ilZs
qHbw1_9HstU
qIAszZBV84s
qIBqvr5_QqQ
qIgL05zOx5U
qJG2TU4WrsE
qJMbAfbb_Ek
qJqGg3Xe4iE
qK_YVKAat1w
qKdOD23LYOw
qLLjD-g_9ms
qLYYHWYr8xI
qLhZdSNDQ0M
qMZnsj4ZO9g
qNKOi08NxHs
qNTSjJIJIPs
qO2cTx6DwCA
qOXkZfxAV90
qObcdZj8YTM
qOwCpnQsDLM
qPoLL0E2W8A
qPx7i1jwXX4
qQAhhithHa8
qQM-IGnxi6g
qRmlIfsbWQA
qS4stB9LfJA
qS4u9VJqPag
qSE1Z5F_vrU
qSFY7GKhSRs
qSPwUDmpnJ4
qSb78ptLZU0
qSkpZswoZTc
qSktOkaW6EA
qTMc5pmYHY4
qUAeDpmqWDQ
qUNGPqCPzMg
qV1ga8A9ots
qVPtT8CX1eM
qVn_Lfec-Ac
qW-Ce44ll0Q
qXykcBGNvbk
qYD5iwhLzm8
qYjiVWwefto
qZYxc6VcRGA
qZlBjnC3iro
q_BeHbK5N10
q_Q9C1Ooofc
qafPcWNUiM8
qb0QSP7Sfz4
qbMe4f2yvKs
qcMJ1pN36r4
qcz1Cm_-l50
qdFD-0OWBRo
qdYx4qk2UHU
qdf2CuMGdKs
qdmYAXjhWiw
qfQv8GzyjB4
qgsNNqmlLoA
qgxapLrA_NM
qhKJ1DG9kYY
qihoczo1Ujk
qk69pR91R00
qkfODKmZ-x4
qkh0SMozSBQ
qlWZJ21O63s
qmWJ3nLII1M
qnvgI8co7BI
qo2Omdf4UyA
qo5jU_V6JVo
qoDJwyyD_pg
qoMimDT7D8w
qpCoiTcRxAE
qpbaglogObM
qrVvpYt3Vl0
qs0hRHfnzTQ
qsL_5Y8uWPU
qtkivKA4h9w
qtsMgdZ98Yg
quBogKF8atM
qv7DM5Ph0vU
qvyboGryeA8
qyYSQDcSNlY
qyvwN-2PoXA
qzNokxFaAAg
qzsR7cChujg
qzvatDIDXwo
r-cL-YwbLh4
r0eFSS8CN-Q
r1R00l8Z5lg
r1ywppAJ1xs
r2PogGDl8_U
r2dnUvP1JgM
r382kfkqAF4
r3M68V9Joac
r3SEkdtpobo
r4bH66vYjss
r5L-riaIJjI
r5XXDSOh5Nk
r6hS_8nm1jM
r7Psg-4vvsA
r8KHIxscCkg
r8YAnRo7VDo
r9aTLTN16V4
rAof9Ld5sOg
rBaCDC52NOY
rCGHUXSd15s
rCNlG_j_gSM
rD25slnTqAE
rDLDGQMKT3M
rDPGYH3bjUU
rDb0G066k5w
rDj0WNzp-f8
rEK8Ue9KqYM
rEhDTYi85CY
rEiLOB4FulY
rElAJA9GyL4
rEtuPhl6930
rGaM6pwqhB0
rHNY01R2VSQ
rHonltF77zI
rI_sfYWvdyg
rK4sXm_MPWo
rL9MPL3wqsk
rLI88bU7Fuo
rLNM8zI4Q_M
rLdoKZ7w0xI
rMNJfR168_U
rMuj2MGeIAc
rOftmuhGLjY
rPLjSY00JlE
rPim-9WSg6g
rPoqpQcgNv4
rQAETXF-n_w
rQB1nbrhUK8
rQzMYkMZmks
rR4FfB-FZJw
rRTXKQpblEc
rRVUnuXHd5Q
rSadG6EtJmY
rU222pVq520
rUT0pa87m7E
rV6O3rGulaY
rVQ3G9epCjw
rX8ZBP3nXvI
rYG1D5lUE4I
rYsK3mI0Nto
r_MPl6c23cc
raP1ZWQSXjY
rai9hJOGJLE
rb-T5ppxJk0
rbt51hXmzig
rcBaqkGp7CA
rcLnMe1ELPA
rcRg_gO7-7E
rccqylTloMs
rco7DMcy-oE
re2d80cqhYw
rf8FX2sI3gU
rfZokAnD7QM
rfm0wQObxjk
rfyq32mHcYs
rg8gpzFLQ-E
rgqFXkLAc-4
rgvysb9emcQ
ri-0v6vqcKM
riNzjzALU3Y
riXcZT2ICjA
risbXl12QIk
rj7DweP8e58
rkeU8_4nzKo
rm3NjcSmFFo
rmH4W92eHVM
rmPqoWYlH-Q
rmYlCuiC5uY
rn_C25fPOVw
rndex9FCIdo
roHvNNFXr4k
roRR6A3TozM
roUGDG1rhPI
roap32sTgPk
rp7T4IItbtM
rpGGMSFO6Ks
rpI-X9Gn5a4
rpPbt8EOf00
rq3ZswJXWqE
rqq11Id_x5E
rrUW4z5IVcQ
rs1md3e4aYU
rsBALP8QNns
rse0I7rZ8jM
rtNuo7R3scY
ruAXk6RnkG8
rufFQZDDXCE
rwLrkC3-6i8
ry1hpm1GXVI
ry81_iSHt6E
ryJvNEHcuDg
rzDQ_ZIpi84
s-5_H3z-Cv0
s03qez-6JMA
s0VM7WKnPeA
s1QN7sSfBM8
s1RB-IgAHr8
s1UQQELPyrc
s2_NTiISZl4
s2wmcnZi6kE
s38l6nmTrvM
s3jvXHQlO-c
s4GUt8G4Wd8
s4OcGrPQqJ0
s4W7LKK22_Q
s4cLM0l1gd4
s5M0UqFv9jQ
s6NOa1KTCxQ
s6UYa2nwaDw
s8PKFcrrbNQ
s8_14yxp1lQ
s9HPNwXd9fk
s9PvbFG2yJA
s9i2aVKyxTY
s9ppnjgmiyk
s9t7rNhaBp8
sAhRvgX4tQk
sAo6LbCUAQo
sAw71J2kYJE
sBhEi4L91Sg
sBldw95xMD4
sBvRJUwXJPo
sCHiJVnyo4g
sCVyvfOLI6U
sDSTgKIQAzE
sDhVqIyp_y8
sF3Lh4XT4hg
sFFDgW5ublQ
sFlH7V7QDbQ
sG1ZAdYi13A
sG2FX1ikNKQ
sHbX58y5D4U
sI789G6FBb4
sII5w9fmB70
sIJj7Q77SVI
sJmLjUj_h68
sJo7D74PAak
sJyHYuPxG0Y
sKdYxymyvWw
sL6MC-lKOrw
sLw902V40L0
sMOZf4GN3oc
sMrmuoehZpY
sN-bhe6UfRs
sOluh1zX5tE
sPPjk4aXzmQ
sPTuCE5zd3s
sPd-SmL2Ui8
sPe6qoQFFD8
sPz5RrFus1Q
sQP5VRnCCUY
sQYpUJV8foY
sQcwHXgmR8M
sQfsql8BPy0
sRVGcYGjUk8
sSE6_fK3mu0
sSqxVMbml_k
sSyPAAyL8nQ
sT9IgHjjhiY
sTp4cI9VyCU
sTw0e-hwYAQ
sU5MCM3npXU
sV-KQ91Fnck
sVocg1vMriU
sWuXMjrv4aA
sXP7VhU1gYE
sYuUQHa2I88
sZMezOCZr40
sZRkERfzzn4
sZW1qoQl3ng
s_3msatl-NU
s_R8d3isJDA
s_w3EJ2Jzw0
sbbajrCSEeg
scN-1B6plos
scgd0gh6BFs
sd0BOnN6aNY
sdFT_8AJsy0
se7rSl-tHkg
sh-MP-dVhD4
shSrtFE2OoM
shWXeUn5BHk
sjG9Ns_8x6c
sjUhr0HkLUg
skDNVst7Glw
slIX9EDcHgE
slP8XZ6Nq40
slm6D2VEXYs
smLN8WKJjas
smtrrefmC40
snX4Wf7PGts
snw0BrCBQYQ
soIt2TwV6Xk
soNO1iflers
soUmhhuF08Y
sqRQSPwNE-4
ssY1dFl7d30
ssz6TElXEOM
st-rVFChzHA
st6D5OdFV9M
stfSnPaaK04
suRIY3ULrQo
su_LWo7wpYU
suwJmCrSDI8
sv8-y7N0Ryw
svUt84Touyc
sw2p2tUIFpc
swFohliPgmQ
sxbPwl_KRuA
sy132cgqaiU
szHMvVXxp-g
szLkF7isbI0
t-RXwwBjxsc
t1F15l7UfqE
t1ShvSU63LE
t2AeULH_Ijw
t2L3JFOqTEk
t32jFmpE-ec
t3cJYNdQLYg
t41aV0XkYPQ
t4jDcc8IIBM
t4xOkpP8FgE
t4zfiBw0hwM
t55cc2UVmXo
t5ry2rasWvI
t6XIi-Qp-Rs
t7NvlTgMsO8
t7OkENcBrxs
t8RMj6xCJIQ
t8m0NalQtEk
t96N4zaP-s8
t9_by0bbp48
tBRW-CyJE6k
tC1SfxRvtmM
tCV9VyIIaw0
tCrDyJsSFok
tD1e_BaOA4U
tDlzWNtRzS8
tEt-B8v4Wtk
tFhBAeZVTMw
tGuvxZkmvP4
tHFyaoIrV14
tHQOAvbyRL0
tHYis-DP0oU
tIEGPkZVUj8
tIpKfDc295M
tJBQZ3PUkPo
tJW_a6JeXD8
tJrSILRXOUc
tKDET9t8VTI
tLmDYzhv6Z0
tM1W4BfvdEQ
tMA17GzO0TY
tNZrKDq9Iqc
tNaKlG_GJGQ
tOX3RkH2guE
tOd2T72eJME
tOuCdKqO6-s
tP9bocr_C2I
tQcB9BLUoVI
tQhLQQcJZyo
tR-hzV5Tkxo
tRCEBtKLqEw
tRHLEWSUjrQ
tSAsSWTTnw8
tSHitjFIjd8
tSMuKcN-RKM
tSNtCg7o7bA
tUqyJgmGY7k
tV0NNJ6ndgk
tV8cMNYi4q4
tVDslyeLefU
tVcasOt55Lc
tW9TG22U3Go
tWNxdsWoAd4
tXlcE_K_C-Y
tYknkDjp-bQ
tYmMEqro8D4
tYv-Pchyu0Y
tZH6zvQ8Wl8
tZKzaF28sOk
t_EgAi574sM
t_hPrz7rs34
t_jfTOE44YQ
tbQ_7zvRoN4
tcQjJssEMgo
tckDZCRgbJA
tcm-v12m7hU
tdO4UOLW9d8
tdwFdzVqito
tedzsRH0Jas
tf4C8x8e7HQ
tfjQVtOyoaQ
tgS5kgkZNGw
th06SCNNZ60
thDrJvWNI8M
thf9DbMQAPU
tixLZtDnbTg
tj5AtYoKqvs
tj9oLZYA-AQ
tjQzJ7GY0GY
tk-SNvCPLCE
tlSJCG5DqzI
tm2LG5ScT1g
tmpa8Q240XY
tmt5fXhU7Rs
tn53EdOr6Rw
tnYQ_tQmYrM
tnkPY4UqJ44
tnoPnyvVjyc
tpHz0gZfVss
tpMsBi47k8Q
tpSxReO1JlA
tqTJZEglrvc
tqfU9mC2yFU
tqqVOWm9YsU
tqxQSSzuXX0
trdbaV4TaAo
tu1GPtfsQ7M
tuVd355R-OQ
tvO0358YUYM
tvXRaZbIjO8
tvj42WdKlH4
tvnOWIoeeaU
twMdew4Zs8Q
twT-WZChfZ8
tx2Niw7aJJ8
txrCIhujs0g
ty4Ohya4hdE
tyVCA_8MUV4
tygZ2A8rytQ
tzHczzUbSiU
tzQ7arA917E
tzR9jUCSniQ
tzqMoOk9NWc
u-FSLjbuv_s
u00I3MCrspU
u0ygl-QU6Qw
u1FZjRUC9MY
u1HhUB3NP8g
u1SAo2GiX8A
u1UKIljUWuc
u1eGSL6J6Fo
u28w46QrE0Q
u2hLYcmI5y4
u4ugaNo6v1Q
u5Irm0d7tJo
u5dPUHjagSI
u6O0YHyarlI
u6zDpUL5RkU
u7dhn-hBHzQ
u8JFdwmBvvQ
u8UKdNdpkh4
u9B-dV6r6rU
u9v_bakOIcU
uA3m8vbd2wc
uA6mcx4FMN8
uALqlsSf77A
uB5QDraFefs
uBVhtGL9y88
uC09taczvOo
uCBm8iDyg1s
uCLZyTliZj0
uCtXyhepAmQ
uE5rWxHbqfU
uEIoh8uWs1U
uERTaKMdcYg
uETL47DhlUo
uFZvWYPfOmw
uFfMl-wGOqA
uG2VpBYd-Hk
uGjR338bHPs
uH5qmnegzcY
uHHnwafYivk
uHaKyNplino
uHwKV2NzDno
uIjSx1c1HKQ
uIojjqSm0m4
uJwq67y5wAY
uLN8VIcvClo
uMcEgALdvgk
uMj46crbLaw
uMjyAp3cs3c
uNweU6I4Icw
uOX7SijjH9w
uPksX_O9ARo
uQs100shv-A
uTlh861MtYk
uVA1-m8SVvA
uWbZlJURkfA
uWj0GCvn_Oo
uX2w0b8Qlss
uXQqefD6sPA
uXTRmzXlorI
uXjQ8yc9Pdg
uXtxKxYl1Iw
uY2ZOsCnXIA
uYXhga17q1g
uYoX_Qyknao
ua4eMZTxpQ0
uaPm3Tpuxbc
uaef1AR4xP4
ualmyZiPs9w
ub5b_AcA28Y
ucAUriWEFo8
ucghWyc2_qs
ucqaqTR6EK8
udG9KhNMKJw
uf41Qj_1HQo
uftnBXB98l8
ufymsKi9S3U
uggD8mwglyc
uglmkcGWmx4
ugtUGhBSeE0
uhXLW4bU-pI
uhfURKmAxWw
uhxtUt_-GyM
uikYPJw0tnE
uj1Kqhs_xB0
uk7gS3cZVp4
ukPjc3Oyad4
ukYSvaRyE3c
ukcJ8I6fHnU
uktzcTg_N7U
ulrAE8LJlKY
ulyyusmpc9w
um2nlNVM_YM
umYWWMfxUCI
umvNQj-zmq4
umxmAFN_K3U
unSBFwK881s
uo4WZ4vbrqA
uoN_Ax3dfQo
upO6Mh862PI
uqyLOuAzbvo
ur7GBAQgiB0
urPVT1lymzU
usH9VUi2-Xg
utQi1ZhF__Q
uu0Cchc7T14
uu9eHX6Tu8Q
uuDQkhx6TAI
uudB5XiAYOw
uvNkvT6XgBo
uvgru6FcyxU
uwMYpTYsNZM
uwhV0TAPmWc
ux7EQ3ip2DU
uyXAb8jCKoU
uyy3CF9-cEI
uzOXGgAgmPs
uzkc-qNVoOk
uzvopM4PZLw
uzyd_mIJaoc
v-4QScXlN0o
v-H_7o7EMoU
v-k5L0BPOmc
v0kGEP-0Ttw
v13fraCiLEg
v1ucHH06AxM
v4Fq9LEspzw
v4HhzvSgUpU
v4IdaXvyE7U
v4MenooI1J0
v5Oz9kVptCY
v5SAMuRanGM
v5YT8GlSxoU
v5qQusbk-j0
v6Ct2OEmGNU
v6EDEr_20sc
v6L8--MlnKo
v7NGPg9fcPs
v7QuOr1PP7o
v7ZWTZ9NgU4
v7ZZ1ctT1k0
v8ODIMqbQ44
v8plb6V8BQo
v8sj8pHSFuE
v9Evg2tBdRk
v9NLtiVt3XY
v9aJBeNLBXQ
v9qWq-8rDkQ
vA-55wZtLeE
vA3o-lTreKM
vAaW15vwKUU
vAepSNDLZRM
vAlazPPFlyY
vB4FuGmfEGY
vBWuQnmiY3k
vBlR2xNAGmo
vC-cEWJxDRY
vC07D-guWj0
vCAFlt4pQSQ
vCkvVAvmJwY
vD1OROM3Lfo
vD2WJTIEVv0
vDaIKB19TvY
vDfd0bj3mo0
vDqOoI-4Z6M
vDwzmJpI4io
vEZea0EThus
vEon1weoA3o
vEsAtC9d_MQ
vFctYRhK2M0
vFfriC55fFw
vGwhsG-4j-0
vHYI93UV5Kg
vIdMgO-tfyE
vItRHYu-A88
vJd_oHdMzEM
vKMNRcctwL4
vKNpQ_KTXvE
vN0aL-_vIKM
vN3eI7IelSA
vO1Ur38PGCY
vOVPusp5-tg
vPYl4NM6DaM
vPkkCOlGND4
vPnKHpi8cYE
vQCkYm3v3aA
vRa6XxykfbY
vRw4ovZK1CQ
vS3bpx5ubBI
vShCnTY1-T0
vSijVSL3ChU
vSsK7Rfa3yA
vTYxY4IpmF8
vTjgaVmJ8fk
vU7MDe4ph5A
vUOiOi-XaoQ
vVTwzjvWySs
vVXbgbMp0oY
vWXMDIazHjA
vYix-RPhT64
vYnreB1duro
vZOk8NnjILg
vZmR_21Dwrg
v_94NsuBwDM
v_OfFmMRvOc
v_W-aaB1irs
v_htr780t2Y
va9qsz7Q6b0
vaOXkt7uuac
vb0xGhKoFQ0
vbAbCp9elFU
vbGwcvXgDlg
vcStzn55MG0
vcn2ruTOwFo
vcwvzUVLPw0
vdJn_ncXpv8
vdpyWeiHXmU
vfMx9-rJXuo
vfmLI150g4w
vgRhK16wC8Y
vh-pHVWyYMU
vh166DKxYiM
vh7SjS-t1wA
vhMl755vR5Q
vhfjEpQWWeE
viaPc8zDcRI
vinEPfrqfiU
vjGINFbV8Cs
vkIBypq8MTE
vkhYFml0w6c
vksy7e3hY8Q
vl1uMOYFyf4
vl9o9XEfXtw
vlNuXDePYoM
vlSEpdWf2hQ
vmS3cTaxKdA
vmay1kIOjdM
vniXioPlsLA
vnsrBHkYTq4
vny1qUaToHw
vqYlKvQhoWw
vqd0tosjnJk
vr0sTKbV7lI
vrGNXAGmfCM
vsgrWDLEzcQ
vspcKkcLuuA
vst006REeTQ
vt6WjF1O_08
vtStuLV-HvQ
vuC_4Y1zgZw
vvf-qiN9SWA
vwUV2IDLP8Q
vxQvL_WhBGU
vyENVkttVtw
vyFQDcILrk4
vyIMg4F5axw
vy_pvstdBhg
vzID7ds600c
w00eCt3i9KM
w0nqd_HXHPQ
w0vTAHIS5B4
w1NR5sjsChI
w23DzA68KPE
w2BN2AJ4fOI
w2M5CzTFYfI
w2QVg9mezcY
w2mbvtpQKrM
w3IKEa_GOYs
w49ddHSDGUA
w4feKuG-xM0
w56Vuf9tHfA
w5YltRetIQ0
w616LEmrHVE
w6O2Rxub6VE
w6R8rywmgek
w70af5Ou70M
w7NhLkQynS8
w7k1YEcAaaE
w8LS4fRQvMk
w9jEq6dmqPg
wB3QCk0MGuw
wBCowBiXV7A
wBDOCvHYckE
wCBlTX3quzs
wCHm5SdNO5U
wD15pD5pCt4
wDuCOxDxMzY
wGKXIq-gdok
wHPGFPIcILM
wHihAqfXvJ0
wHuY97vss18
wIPriEEti6o
wJ37GJyViU8
wKPyzrEVqaQ
wL76BRa1EQ0
wMm0UFU3hPg
wN6LPqhnO6M
wNOxlmgU9jk
wNYFJsC8TZE
wPA2FrET_Ac
wPZIa3SjPF0
wPhjCn9kq5M
wQ34EIfd-5A
wQXYtsyfbqg
wRBMmiNHQaE
wRBPzExOH2A
wRf6XiEZ_Y8
wRxzDOloS3o
wSiamij_i_k
wSqkieBUuo8
wT2cfxFnx_U
wT_ApV1s_io
wTkH288r84s
wToSIQJ2o_8
wTuMU2B6MF4
wUNWjd4bMmw
wUb7tWgv49U
wV59XWLmv0c
wV7e7IGQ0zc
wVMe8ZmCZo0
wWy8ONwhdLQ
wXQrhgpMI0o
wXtzBbU_cl8
wYAhlTHIBT4
wYGKRP0gD3I
wYrxKGt_bLg
wYuAwm-5-Bk
wZtNRT_-p7E
w_GZqhAR0I4
waWYIKAfkWw
waw8-hFq1cc
wbAxarp_Ug4
wbEEWmJFDVg
wbWL2wfvsM8
wbWz5vFk-Gw
wblW_M_HVQ8
wc3cDimF4a4
wd4cRAoBOiE
wdAgEzdkFZI
wdINk29ZSMA
wdQRY3Er7PE
wdRNFRsUeIA
we829K4NOq8
wgkRH5Uoavk
wgnJevkTEdw
wh0OS4MrN3E
wi1x3sYHU6I
wiVWafc3JBM
wiXhK7aEuGY
wjZb3zPuoeA
wjm5ZYZ4hj8
wl2iQAuQl7Y
wlB0x9W-qBU
wlhuoE56t3c
wluZFFkJ2io
wmQdFLdxLYc
wmw91D-0gVA
wnaLjLOAwkc
wo7DSaPP8hQ
woUQ9LLaees
woqq3Sls1d8
wqclfPKJEbA
wqnpSzEzq1w
wt6XqG59t5U
wtLTb_VaI-k
wtoydboI9G4
wtrrr15mbvQ
wwO6DjL_wFw
ww_yT9ckPWw
wwc5yi3c4gY
wwg052FC_Zw
wwjtuZ5vTvc
wx2gI8iwMCA
wxtltXz4zs0
wyTjyQMVvc4
wyU1zIKO97M
wyWy4PouQxQ
wyd0ozxbWkk
wz2QnEl699I
wzEVAd6ezZU
wznE1wlmhR0
wztjEa7893c
wzw9ll80Zbc
x-Dqe5U1TXA
x-GV2v0dRNE
x-N76NrMDNE
x09FpMmGB4A
x1z0hOyjapU
x34OTtDE5q8
x48CYVaD0xE
x5Bz0ManOuc
x5EJG_rAtkY
x6FFjiHPlSI
x6xtezhuCZ4
x7HPG3nqv7U
x7RYmTE3X-Y
x7Tj2vtkUCc
x7UHl3Umeeg
x8pEjhCc5ug
x9a73iHv06U
x9g82IA-IEU
x9lb_frpkH0
xAxgxUHzgaY
xBIbflTfxm8
xBseQOzMB7A
xC-fQ0KEzsM
xCIHAjsZCE0
xE1gdQZcR-o
xE43JrjCpjE
xEDnwEOOf7Y
xFBK9534NI8
xF_Z4QK0tsA
xF_hJaXUNfE
xGL5mbOvTmQ
xG_XJ2ywi6M
xGbrcOF8Z98
xGiILI906C4
xGkE0oHyNhk
xGmef7lFc5w
xHWKYFhhtJQ
xH_GllPuymc
xHgPtFUbAeU
xJf6pHqLzs0
xKH1Evwu150
xKJ3txXIuQk
xKNX8BUWR0g
xKhU3iMKRiw
xL96QwxwbG0
xL9ejqb53ms
xLYVo_k0_us
xM8szz4VB28
xMrQuCZBijg
xMsG9hvqzbY
xMz9WFvox9g
xN3UV5FsBkU
xO4n3LfmVag
xOWGLgEjp4Q
xO_1bYgoQvA
xOa-l_tXgWA
xOoMotHFOKk
xOxvyeSl0uA
xPUm5SUVzTE
xPb6HLM3xEQ
xQ9D4Jz95-A
xQAhN0qEbhU
xQUERO-_bT0
xR4AnXDBnsw
xR9r38mZjK4
xRGjQdHToNA
xRjfRVXXFxU
xRspb-iev-g
xRyXz_UZ14Q
xRzZuhWSlb8
xSc4oLA9e8o
xSeYS3V5di8
xSvvjdZjgl8
xTcwnhyPN5E
xTnNv7YplSo
xTuSNu3x1gs
xTwDmnEEb9E
xTxv9Wukjiw
xUDlKV8lJbM
xUjRwepN7dk
xUphhwyA3QM
xVWCfMe97ws
xVZA6NOQA7A
xWJ3HoQTpgY
xWWOHttrkWI
xWfWfekidjs
xXIG8ouHcsc
xYQR2LNZLeU
xZBbfLLfVV4
xZRRPOneU2c
x_5hDLe8UL0
x_aax6LSRtE
xatVrAh2U0E
xaz5ftvZCyI
xb8nBY4MDC8
xbyfeEW56Nc
xc-TSAQkqJ0
xdiBjypYFRQ
xeLeYS7GRvY
xeoVPSBP9WI
xf3vfczoCho
xfEZKZDiXqc
xfI10y04qV8
xgoqcc2-RS4
xheOq0XZ-so
xiIQQNufFuU
xioPD_ldZNY
xjCnmPvcmOo
xjh0L2Km_cs
xjkSE9cPqzo
xjkbR7Gjgjs
xkg7370cpjs
xks4cETlN58
xlJYYM5TWoA
xljS9fFv3EU
xmVBv7vk3Gg
xmgk8_l3lig
xmjy-0TxgI8
xmrhZ5ySaD0
xnLcxdM8OD8
xo4VpX2IIMk
xoC1fRavjUU
xoUppFlif04
xoXYirs2Mzw
xohcKRvDDQY
xp50_ixPOhY
xp6Zj24h8uA
xp6ibuI8UuQ
xp_feHfbIZU
xpoZBnXHg3E
xpzt0wqMT6Y
xqpYeiefZl8
xt9cwJ3bXjU
xuAiQOzIkWY
xvC-3h6OweQ
xvvI_QRYxBY
xvyQP-oezXc
xw6utjoyMi4
xwOTlMaerEQ
xx0Y2NPpoTk
xx9xNJlPOJo
xxAFh-qHPPA
xxF_mdoZom0
xxZenoBs2Pg
xyAuNHPsq-g
xzINev2Bd8s
y-1Gh4ewklY
y-HrWFO19QA
y-O_B-wWivQ
y19jYxzY8Y8
y2-uaPiyoxc
y2G03Lumhe0
y2RHWA7t0WM
y4C81qAa3pY
y55tzg_jW9I
y5yNi08cr6I
y6lIgVSvizk
y6tljCXVSdc
y7QLay8wrW8
y8y-gaNbe4U
y9MGpOGQVqQ
yA-NYmO8dDk
yAFphxolU5w
yAH3722GrP8
yAQSucmHrAk
yCUs43CYMoI
yDB-191sa2M
yDZcVKy52LM
yDwIfYjKEeo
yEAxG_D1HDw
yFPfO_eHJdY
yHo0CcDVHsk
yIQUhXa-n-M
yIzF_XGX4qk
yJzLYa-_Y1k
yK90u3DQIK0
yKiU7kzjTQw
yKrp0sO3PJg
yMc71el5Bic
yMgFHbjbAW8
yOP0R4GaoeY
yOgGhPIHnlA
yOqhKOicqhU
yPZ7In2tdOQ
yQsCMnz9wO8
yQtUyBrRBx4
yTGEMoaWDCQ
yTJawPRzCzI
yTXKCzrFh3c
yUDFir8oYl8
yUUPP70Fhpo
yUYDhmQsiXY
yUaI0JriZtY
yUpDRpkUhf4
yV4Xa8Xtmrc
yVWxxQ7SMOw
yVYJRT5hTSo
yVg6LyNgIT8
yWGeFDXgQvg
yWva9DtV0Rk
yX3JpmEgNHo
yXNe2s2KWT8
yXg5CYuCcU4
yYGf7xn7TyM
yYbzJs6vgv8
yZ-GufE_uyA
yZ4CbopnVBg
yZjydd_VR4U
yZqVJtDO7gc
yZtpr_curdc
yZw8z5BIwuQ
y_DweTAEYWk
yahEP620480
yb5DH9y-rB8
yb7lVnY_VCY
ybcmd6yLH3c
yc6w21xiKpo
ycBxbgjQns4
ye3rTjLCvAU
yeiroTpHFmg
yelhhzgzoYs
yfR36PMWegg
ygVpyyASavk
ygXkdSKXQoA
ygqvHLE3IKE
yh_lredn1MY
yiH6GoscimY
yia1GeEEVaM
yj4oS-27Q3k
yjU49bK1gkA
ynIq9IxbVso
ynkH6z3LDJM
yo-Gu-ELecg
yogD_-Op4Wc
yp60-oVxrT4
ypQPSH1qkI4
ypxHVqE26gI
yqdGJ-_0AGg
yrPrzY3rmQM
yrlLKwmb5dY
yro2jLBfyDQ
ysVcAYo7UPI
ysdY1iX_XCs
yueSfjh2ra4
yuqB-d5MjZA
yvW5l9W1hgE
yvddTWa9ptU
yvzyC4VBpUU
ywOr4OYqXOs
ywqg9PorTAw
z-HSsVARNnk
z-Kpw6-p8tk
z-Qi4w6Xkuc
z-SFzbp6Y08
z-SU7P-gIoQ
z-_cqpkacWY
z0-1gBy1ykE
z01WJ-HgoCY
z0Ry_3_qhDw
z0wg9ZPyL38
z1IC7DVQHo8
z1hz8-Kri1E
z1lwai-lIzY
z1yJPpGC3-o
z2AMnP4nn2E
z2E_GpucfeA
z3faK7OV3Ew
z45UEiPaE8c
z7FQ5qGaA50
z8BM6cHifPA
z8BoVhTkaBw
z8M4EciPpYI
z8cExx4RjRA
z8h7QgevqjM
z8vj8tUCkxY
z9LxdqYntlU
z9xKxciHgo8
zA0fvwtvgvA
zAkMhEqWFF0
zAx61CO5mDw
zC_dTaEY2AY
zESsg6RWYe8
zEd67cLFnuQ
zEyEC34MY1A
zFNnbxCZPBU
zFksanIexHI
zGTzWgSDFR0
zGhsN9NmJh8
zGk6exFyQl0
zGpbSGj_vfE
zH7ZT2tdqQ0
zHJpqliPTpc
zHS9ZVXw_Z0
zIcxrhyJs6M
zJcrMpm5Sug
zJtCmpH--70
zKIQYn1quh8
zKb3QRyIDnM
zKotuhQWIRg
zLHwRTNbcjI
zMFdb__sUpw
zM_p7tfWvLU
zNtbi4OJs9I
zNxEVaRbdus
zOrkcZ1dlHk
zOvUQWOzTlc
zPQftyPqEDs
zQMU-lsMb3U
zRgnVbh6psI
zRjLZROI7wc
zRuiDvz8p5o
zS6N5EqXpCY
zSVrr8K_CiI
zTK6XUF0HAs
zTLxxezKUT8
zTUnjPALX_U
zTzL_vpmdqc
zVLjWIftX_o
zVhQY173Yyo
zVqLlUpCnd0
zVsGtU8lIWs
zW2vRzO0678
zWcfVC-oCNw
zX49LocrXbg
zYX5a65LrXs
zYfcBj26d1U
zYltrrFpuRU
zZv70LK8TIw
z_KX8Xpxa-c
z_QeYCg4yJ8
z_hEVWSkQHo
za0QJRZ-yQ4
zaGUlwslGGg
zaHM74k9Z1w
zaUhcLRp-c8
zax0lYlOdiI
zbQFQ_nzbhI
zbZyiyzMUQ8
zc_p7Mw1A7U
zcnnZz2pCSg
zd3RyRk6wYI
zdvKhaQxvag
zedtd7XCiMI
zfqJRZyeGRE
zg-ddPbzcKM
zg3-miF4qeg
zh8XASZxo1Q
zhNP1LM479g
zid7J4EhZN8
zk3vlhz1b6k
zkJ1gOrYhEg
zlI8mx8Hc8o
zlJ20s5d9To
zlRKO21qEpQ
zlpURhgEGDk
zlq_jQYD1mA
zlqvSLvhIXE
zltgXTlUVLw
zm3TXDZrifU
zmBV87XA52Q
zmJC-gAvcOQ
zmXBbHDUgY4
znE4Nq9NJCQ
znR9tW4AiZI
znT4W6n3WkI
znmPfDfsir8
zntNi3-ybfQ
zopoN2i7ALQ
zpln5ExhkyI
zpnjkbJNp90
zqCokP2vDGo
zqGvUbvVQXg
zqRxV9ICn4I
zqduFg0s5Q4
zqwVKhQV_2w
zrqzG6xKa1A
zs5LM7dxyTo
zsI4g5XSlbw
zscrs94_pFc
zsnkK43UtfY
zvetEuVJ0bE
zw0waJCEc-w
zwD1A9159F4
zwDJ1wVr7Is
zwUnRQbWPJU
zxtoXMzRgYk
zxy4KAiSPIc
zxz0WNVnF38
zz4KbvF_X-0
