-0_c-gtL_rk
-1eOQKcFODQ
-5j1qKwpIO4
-5ptfinaviE
-6PZqdtuNlw
-AM-AxfnO8E
-CYKqFv4M78
-HcQgT-mzM4
-KaBnY6ZPyg
-N3d_Rndok4
-TGSCcjI7sk
-Uk6i05I29o
-V49946XXe0
-Vxkjboy0y8
-d0b4ySyk-E
-uklgYWj6Uc
-x4WSWwXKfM
00WcG8kMwEg
0E8T4s0QmFs
0P34if4JB6I
0YVLSW1fadc
0enNx9_s9A0
0h2vp8_j0Uo
0mxwutmplf0
0vHuYVDjzWM
11zmSpI5qlQ
1D3TWoNAyHY
1FiWoRmSAQk
1QURr5Jr-to
1XEV95nsdO4
1axWzwbFYKo
1cATTPM_yFE
1mKU08TZdpc
1qbofbr-HKw
26wTrqMT4IM
28jUlumSKNY
2Ad9YvU2T7o
2Tj1Hin-SnA
2cxbKCZN0xk
313ZMbkAaEs
33YzGgC3PTo
35z40rEWX94
3BbgVFhrmHA
3J3pHyRcx5U
3LcGooz36MY
3Nh1v3Dmvb8
3NwIXJeZ9Pc
3OK-y279k8I
3WEFPsdfCbY
3XHWk2xwAEY
3no8VmSc06c
3r4nUjtVWBs
3u5I5L8u5zw
45vRDaM96x0
4794CPk4RWk
47VORKO_L_s
4A3czwy_XBg
4DyFj23eIYI
4EXpe8qAk2c
4au4bZKyEfM
4l2iKEXjUgQ
4lOhFBepM8A
4pJls3NzVXI
4uma0iiSxiE
4zJnalmBwNw
4znUml91yRc
5-751oq5iqI
5BIcxCEoJoY
5GMWkUD_6xs
5HPZm73htJc
5Rc4HqUaOcc
5aPmXEDqlFM
5nxP8QWiDDA
5pJbfZlov3g
5rVvO2amyj8
69ok885vr7E
6AQyQjea9Os
6GjstJYa6NA
6IIKYnLLouY
6NQtAmP6Q0Q
6O0ZNwdUuwk
6TxoTxKB8g0
6qcgBiUkq7I
6sA34N1Vql8
6wHKelDRwDg
74UO6kN6vgc
79i1Z_BovR4
7Dnjfs3zwu8
7Drnm4nnnDA
7I7ZWINQFTQ
7IDapdckFRQ
7JWk7BjH4nA
7QMNbrygsFU
7S6kWgNEI5k
7UNj2VD_d8o
7akibYv_rfA
7jBbbUmdcnE
7jbEMD8XKp8
7piZyQ-o6L4
8CuAfHh4u6M
8Hm3Wn2Oe3E
8J_VJFblhVA
8Q3Hs88hHSo
8StSc02V27c
8XMEt1USDoE
8gGSNJVoPg4
8ldZ-yTuPlU
8s2dcqX0F-4
8xEg8_mXf6E
8yZzfHNDFEo
96Whii_kJS0
9CsboYIwiuI
9VGdC6ULW5I
9ZrdNJsNvIc
9c3cxLCey7U
9degPV19jYk
9giziolhcHc
9riu3KhRmgo
9sBKljMo52k
9v4ew2_AskA
9veHnp56_AY
A6ow07NkRq0
ABO65ZMykDo
AS7n1-IU2Jw
Ab3D4aGG1uc
AiJEdYgjPyo
ApgqhhQF2wA
AscnuECmVWA
AtrDD8atGkA
Avkx0SZwZcI
AwxhH348XZY
B7sBbxDBp9U
BICQYXWavq0
BKB90f0cyoA
BKgwuw21CPE
BR6DszcFH0k
BVnDIOLcXx8
BY7q5xtqfu4
BfqtLZU5Ch8
CAfRcDdX-3g
CG5DbMpvWQY
CKCmBLXN9uE
CLxKHJm60pQ
COq_7JxpYd0
CaWEm2lwxX0
CiShXk0ZPG4
CrFbQwseYPc
CrZBEll_wqk
D91GOTOePlA
DMual5257DU
DUt1zmvfyQs
DVy-trg2Vbc
E7mPEURFo8c
EDagZKDxyeg
EFLsJ3HX_7E
EH8Vqd6nrR4
ENWJkfHLCmY
EPBAfN6Yx0o
ElI2RhES-tk
Enp17O_C8aA
Eq1V3LV0UpE
EqFl3ltTl34
FCkvZ2NSM08
FHJ1DQs7dI4
FPrFAOdoDo4
FUS_jHzaUt4
FYhBI138Uk8
FaPb3_sP5ZA
FhndTEf2gzk
FmoEYOKIm_o
FphKXcxbMXg
Fu3e_wWAuK8
G-0R0nAaz00
G0WKw45AyYQ
G7GucQrfSQw
G83_zQPVkHE
GDxW2PRHdyQ
GXTaauQTUaU
GaAysxJFGhs
GhkHwVxeorg
GktNm32wENY
GsXZyNCd0jE
H1g35oMYX-8
HG7tn1pfHWg
HICXtkucGDc
HKdCvwD5hFA
HV7HT3E0jlg
H_MFRsX3Dds
HeGy9PTWiyQ
HmxGFeGOx6s
HwA_XHPoLaY
HzEYt_IjiIU
I2Fpr26YeVk
I44d0xcaRdA
I4q8-7SwefM
I9t9JvueRLg
IGrNi5WCPKI
IITY4zg4bJg
IOn21JrPnNc
IPfNzBMb08U
IQ8hMOWLo1w
I_6-Sxzr-HI
Iq94FffnlDg
IrsxV9OIyco
J2Cl4ivqv-w
JBLZ7da3j2M
JF6fC_7y1gY
JKa-aOVwnew
JKlEBmASmWk
JVQOFTHicpg
JV_WSmXqrmo
Jfemq93DIeA
JnnKK-gQ64w
JsR2I66dJeE
JuYNXZ0OS1M
Juq7DUJcoXo
Jz_-hjo6LUw
K6i5EQqpCVk
K7Hp1GK5aso
KC4rKjcwywg
KLcVI7Ze5jQ
KROGQW20Rn0
K_EFOdX4bkE
KdMgmlR-NvQ
KjSkJijaIog
KrnJI6RDk7M
KspObJQEyxs
KuRKHnga6XE
L2A0LXMnKAI
L3f-WoEc4Iw
L8UwwGZ-8E4
LI1lINqx2HQ
LLyqvV_s2zQ
LNxdVGBr4B8
LWuX8KSoagw
LXk5mVxqPd4
Lak7uWRpRag
Lbfab8p7-Jw
Le1nI65g-9Q
Lf3XmUUQma4
LgZnEPHMHgA
LsgE3ImPDxE
LsoCo7lOazk
M2ZhCyVGdeU
M9r7DTnzqBM
MFMYQjmmDUM
MNHqIQlrcAU
MNeFXFurDrg
MfZZvrHOZc4
MouvFehDz50
MptRRPX3Miw
N0yMrJplWI8
N2bJgxUzpXQ
NHWLtQsv4mk
NIGF299j02U
NTyxMGkTUrw
NtKm6-pwfNM
NuKq2q1_nEE
Nyn9kxMNvfs
Nzllj9dVMFY
O4D7tJa7Hl8
ODcXKVf0Qhs
OHjshDs-dOQ
OPaGVjNmF6g
OQJmEq1BeqQ
OW8q38b_VI0
OZMk7_UZ_iA
Oblj-GQOhP8
OcIaY1GJTPM
OdgzKhTNXek
OnW9YigcEX4
Oo0GtD4KW0s
Or-H3WOeQcM
OrL268DvLDA
OvHJhLy91QA
P8u6FotbWRs
PA5ybZhAlKE
PE4hrVcNxeY
PLfTXfzu4vU
PN0juqM2MqM
PNK4obNUvJA
POM-6ZRYUbc
PUFehE1wHSM
PWWz-uOsTl8
Poh_iHgHpYw
PpVgWlP3zkM
PwklwihMVnw
Q9ej4KLxWg8
QARpZljpEVA
QELiMdROTTQ
QU23MXtqcgE
Qg_TibQaOMs
Qj43UZe9FUA
QsZNE4AVNpY
R1ksrpxNKSE
R52BZUyYSWw
REy-VdKIimE
ROOEp_u5xBA
RrVQxNjKpXU
Rv1U2wJdLMM
S0g3FzAU0m0
SBNzeOjNOCI
SGfRxkt6T-4
SKijAKKhCww
SWRhmdIEwog
SWcxgozUoCA
SeKVEpqSAm0
SpYcof2z_8I
St28nuv0sCM
SyYHRjIEw28
T-oVD65lick
T2Fu2O8a7t0
T3xdAWs2Y-U
T5lJa5YX8P4
T7-LuyZxO7A
TDpMyBkEkJQ
TK5s_uWLqAM
TLzs4hAoVXw
TTOVAkKjzz0
Thiez5_kIm0
TkTA50Usqe0
TtbVKNSoA78
TuOcHtjvV3U
TxK9KFSAEk0
UAJ_9EqXVcE
UEhd4gFIerU
UHdguQ6oprM
UO4jOR97RcM
UOhJzLFxhwo
Uff37nHU4oM
UhcTHebHwrU
UhrU7ac9JTI
UlGYNAgwBL0
Uz0h9V-6Npg
V0RhYDH_oLA
VGHPNK__Jnc
VJfIsGzP_os
VSXeiPsDfnY
VaLoyI34Ts8
VhDFcH1fbno
VhYu8n-PWng
W52W1qOlRMQ
W8m-h0smizc
W8rpt8m3sTI
WDGwYY1pJ08
WDX3L_09jxc
WE6F7oRcFy0
WU6Ra84h2yw
Wf6cpawoymI
Wjm6vaPDnXE
WmKjQeCH1i0
WoaBqcsSa18
WpHty3oGNYQ
Wp_KTa0F5r4
WrdRNMLDh4Q
Wvi6qZK-iuY
X5NKhU0PX80
X7zXAcuwgxQ
XRNn_2iIq2Q
XT4GyiJE8mw
XTor4b1dZHA
XVn6_n0pvRI
Xa5NJFseGN8
Xd2O8lU2V7w
Y-C0DifkKhc
Y1lm9qs3hsc
Y4gX9FAneTY
Y8jFj-UScI4
Y9b6xe3Up4U
YEIuXIPJAts
YE_4YRLgZXE
YMll8cv-n74
YSxuelNAiGA
YWokNO0mL0Y
YXb5BjiaBng
YcriLQKdmX4
YmwQPaHQeqA
Yo6ouHp1ZDY
Yp2eFPlUoCU
YymMM-n3Ve4
Z-fExUSPhoU
Z9TeQA161y8
ZXvhJOBA6yc
ZvKcUl3fyCw
ZwW30JhhpHA
ZzPIJMLu71Y
_6n_YmhoJyo
_BiOVEFq_l8
_Bk6Xcn4gN0
_IyW--PDRyQ
_PHpOewd55w
_SIdEN0MbSI
_gNVuaOGqSw
_h5bbyHuVec
a0vncaxxcwg
a1LbwzuX29Y
a4-iCmDKYZ4
a6PCUDwaRzg
aEw21GtKtOw
aKtS8VTVBgg
aPgKuQpdX90
aR4POVSFAKY
aY6o0KglYt8
aYm4C-qG-dw
aic-ExOVnAs
akqZcE4-gCs
ayqawyumT5E
b80aAfRnW-s
bB3YMC5R2cM
bNXPEtnCIso
bPuPADqGpeE
bQqRtOlFEig
bhqtB5xzNFk
buGVIZ0Bl4M
c1JVyquRwiQ
c7DNkU4_9mE
cC_p9JLYrNM
cDYKrsodM0M
cMBbmy9iyzI
cOB1fxRV9xY
cW3mUG70sTY
cWqINwQ0_Ec
cXuCNnFpxZA
ccDLonzyO2M
cgLOhh_kc5A
cqz-76ybow8
dJ3Gswz8iN4
dPrwboLVNVs
dSM_4gSmNL0
daRT2hKmTxs
dl-KKq3O6-A
drLQeIpFHqA
e2OTyfZkExc
e8LNK95VWnw
eCbTbF4sLJY
eH3efRiKOrg
eSnX02rObDE
eXyvz5GWqHE
e_E7-DwghOY
e_LAAgNPtYs
eb8raApnKoM
evgLdjaprkE
exoVrRD3DLc
eznRYTs_4w8
f4lQxOdy2zY
fUN-SDa5xT0
f_VPfmzuxJ8
faI2jyd1HP8
fbA_dzpl9SM
fja37UmSM58
fqAfoKK0j60
fu8IwrmJfTU
fv5C2o3P9hc
fyAxCb1Zz_U
g1wyWILdG74
g3jaE9QtR4E
gDpwIs6GlFE
gMQOHJXDeVk
gdIViaCAmMU
ghTudsXdBgw
gi9l2w6i0H4
gjUKu27dCwU
gr6bpzq34Ws
gtNbh4vZ0H8
gtTjS5NXcvk
gvnbCmuIgU0
h4k2CuodrmA
h4m_ehTm7X8
h4uPkwp0NYQ
h7YXyh_7Bos
h9HOnxFuMAM
hAN7OhxYzzo
hKmeqpBi-FI
hSeLko-wgIw
hXFt6bqglBg
hYJBF1enSvg
hZbsrLX5PMo
haTGC4fhfwE
hdb6Myl0Pvk
hdwmRG_V_lM
hszcZiiiiaU
iFnZehiR9_g
iIuSK95C9Vg
iKtr4pMl2lQ
iRj3fkPnjBU
ibP3q2HUeyw
imfrYn8gkNE
inh68JHt4ds
ix5bdYJ7okg
ixxyRU92Jwg
j-vIkUiC5l0
j3gNtQUfHX4
j5YfVWr7lRE
j5imi1LuRh4
j8yzBco9L-o
jMQ96xSq7_I
jQbjAWwPV9Y
jRVRvXIG09Q
jRyCtWFaS9E
jZt87D56n0M
jfbGYTLz3Ds
jhC4r9HwDIs
jiUORHS64no
jiURJOXawC8
jkNSdG0KOwg
jv3mlMAeFlA
k1yJW8Cb8Eg
k6Sx0IGRFIM
k6teBuzKXQY
k8PNRJOykP8
kA5oxYNcRYs
kNsZ3Atvab8
kQ1cieqKxQs
kShi-F0i-_I
kiXGBwoy1eo
kqpNX7hkwXY
kxp4jU7IdJY
kym-fJbYRFI
l2R8m3YsnKY
l3YDrzmUvSc
lLB8oHCUZOU
lLv2Tfno7Kw
lMDvkgIHH6U
lOneI2r62ao
ljK9qYQ2d4I
llX9z8u4d5M
ln34NXDqn8o
lnIZCrESLTc
m63282XDiVw
mBJ2_9Cl9jk
mEN-pb6UO5g
mGZaxvNEJ6Y
mRuA3_nN6Uw
mUnPlwMYgmI
mXCybhKGeC4
m_45ULaShCE
m__3BHVokSU
mqoW05FffRM
n2Bw7eFBsiw
nAhEMrfQ6rk
nBJPqXUA7Wk
nUNgndLYv4I
ncgg2obKKbg
np4ujRz9A1c
nqbEPj1VP8U
nrcj_C-2ogg
o2OwMjkhXT8
o7DIc838rGY
o9w12TwfrTA
oAH7i4U1jw4
oD9hIj8Zyco
oKCvc_Mj7Ag
oWVtsGxQQ3M
oeE6nEEB5jU
ohdTuIhudLo
olAUlNNUmVY
ooXwphtveck
opot8Oyzqog
or3WHTecbYc
owFm-_-t3Iw
p1TJmlYCMz0
p24W7UMmwys
p63CTy-8jHM
p6T8mWWNsN4
pHm60sKky0A
pZGf0xIZpcI
pffv336fo7Y
pma9RHKAOIw
ppVHkQNAUF4
pqenhms45PA
pvKmm5JwoO4
q9ODn5usTAk
qG843vHCBuQ
qRoVf4SJnmM
qZGQnU5om-U
qbDLidAW-0c
qmjwY4a0AfY
qrFIEiFjqDg
qudo_ReLb-0
rBjIEffMq0g
rrQzIBn_Nls
s1qawQQ8ekg
s2K7MIQkffc
sAGREiyrfPE
sAbWb0rmFVk
sB_SB25RP5k
sD-NyAsndDw
sIHBVk2-9oo
sNBJGc1sMwo
sbc4hwHT34A
sdosu_k2p3Y
sgXjIAa65Pc
sxv1ulmFiF0
tJ0tX3zjQN0
tMPHfolsIVA
tPe6AMSnp2c
tXj7oozOzzk
texSaXPKOVo
tff84GqQwzg
tjza5Wd7kvU
trvnV_WWe1Q
tserBxUh8eo
tshQi_vpxE4
u5hds-g6MxE
u6Riomhsyks
uGGBEm5_-Zo
uOspLgCNLeU
uXP1HZk-10s
u_ls2GJ3nhM
ucLg0cgBN2M
uhCh0dEovaI
ukBds7tE-oY
uv2YYi8Aq2E
v5akgC1yEio
vFceIfVvEE4
vNxB8LGZ8vk
vQmTtfuOpb8
vU673gb-HHA
vXdGrNzCoN8
vXfnWMDaC0k
vm2d_337KqE
vqQZcr9jarc
vtL-Ami0Wvk
vvdnj0HKdxY
vzyj5Zl8chE
wJEzgms2z7Q
wTH9kEv1UJw
wXaXo2NRhYc
wiT3M8W4ZRw
wmA-FEqLp3I
wp2rzuCQfD8
wr3KY6Q9q5U
wuJ_j-Fmt3M
xD0jrX9uASE
xGkMdVmlmFA
xIiAogjaBX8
xcei288-ZZ0
xl3k7j0F2Vk
xnMwLblb23A
xqkvxzF6AlM
y3xl9KNjpLg
yDjWWyi2ZoY
yFJSg2cbSx8
yHcj5zshoAA
yXtPldyR2oM
yabut6Um_0o
yexOBWG5FAg
yh9H9ezt4Gk
yufVY7GleCA
yynwnVs1YC0
z3KRxXdnOwc
zOP42heuTKI
zRFSMYhxP4o
zVt6GLaAd2E
zXLQ8MwlyC4
zi8iOOyNFEc
zqNpGe2e-WU
zqpvku2NE30
