-1PXPPD3X8I
-4worXEzSjQ
-6k6KgdigMI
-6rRh4WbLr0
-DgqUxfYbBo
-JoWjmePyPE
-UsNUqEhPF0
-X2j5uKUmTU
-aQXGT6bkjE
-bfeqsZJr1A
-edOEg8Wjpo
-geVv_BkVBs
-iTcaOnsxtU
04oTKFuFTvE
0JTRLbEycYI
0LJWBMLDvd8
0MzXeBYBZ7g
0PSP4bWo57w
0Yx5rY9v1Nk
0a87xsD70M8
0puiE_iYInc
0rTuhhfPP9o
10ZbFoPVlnE
11T5w5fuyQE
12yH4gVoZKk
16zaFOmt2wM
1Hh9xqSO7Qo
1IZjA2EQ0HU
1_vmBhQsggM
1k9TzWuJ8yY
1q_xo2OIjkA
1sY7oBGAI-Q
24mIXDAGZJI
26hOacZTmHA
2EF_ZXV0I_Y
2JsrRfgZPlI
2MAz-nAMybQ
2NwoAcxkvwY
2U0O5kvBO2M
2Y0RovbMctk
2d1ZUNAIDxY
2uccYKAuWLk
3U-ENpcY36I
3iMFe_gHxo4
3vnZ1F7YW3M
3x8VwqXNaqE
41q4WJW6b7w
42xH6QYlqO0
49JR5Mcx1ng
4G-Ja4moNMo
4KqsRUiMa4I
4LFZTZVCC9A
4NqfKrxsJsM
4TiZ9uyAjRQ
4U-KXOmt2uE
4f8_EVnDSc8
4m0IxfRWoqE
4vKctBTYUuM
4xOLMg1g_ck
54myliv6888
5CiGngb7_xM
5D9Z1KgyImA
5W98411dLNM
5dZelf62pPE
5hPnyp468EQ
5nsr_Do1HcA
5tw3TROyFDI
5wxfGtyGtkg
68dHOtmXQs8
69Vy9NHkOrA
6B_gEnCTmCI
6CUnEJyGOWM
6DRalswmZkI
6IXvJZ4oJNE
7CWnTgs0tCM
7MSG816ynpo
7Ny2tWxp_Vc
7Y7uBk281Jo
7sgfiPRcNP0
7vOM75DZEbI
85ywdAEJQGE
8ELcV42ajI4
8LefunqV8f4
8Oe7-hVmLXA
8T7BSdiGU2Q
8WOlCkPhU_8
8Yu7v2TMG_A
8bzq7LsSbQc
8fXKlK4qxIw
8j_z4nVQ9SM
8yuR8e1eKFw
93WbXdkrqxA
9LSFCgiXA1c
9QKIwAfs7Rk
9Qt0emVvMlI
9UYkciylsXs
9eq9bc-mHiU
9lECTdH-f44
9yiRQdUqaq8
A5yl203da9Q
A9ph20sTD4A
AAmXn_0DwtM
AJdsog0Ewb0
APHpDUyQG1c
AcE9x1Z2YjU
AjG-fNaGZSs
Ao89MHEhsLA
Ar_H98PWDTw
Aw5zyAQb-Hg
B_j-pMSUWVU
C2sOOiK-x6E
CKf00g9JXsA
CVzEItJtr68
Cc_BLanM6NE
Cz-Gca7YXME
D6G1_b3gFBc
DDegaPVilyk
DGIFQlgBiss
DQ4UqbBlKRc
DVIogOWNS20
DW2I76OtzEo
DY5YrnJEkuY
DYtDSpGL8_0
Di6b8KKlz5g
Divw0dNfixw
E0S0RwJ_DeM
E85Mnikrbzs
EFDH_3MzXGc
ESwb8aJe_mg
ETd9IPa3vag
EUtdp0P6glw
Ed7CczPmt84
EdPnXBk0DJM
EjjSX6nLldk
EkhIDYpWVOg
EnnGFpOgt8g
Eo5ZiVAQNeA
F0LWwBd6r7E
FLh09Pu35RA
FSzy981I5h8
F_a8y1gLb4s
FbURtlwKK4k
FdbdJlQn4eI
FiLkC1v9gkE
Fks3oOYAW64
GGISaVhbDy4
GM_ttRPqGEQ
GQ3pdO5rF1M
GREZd2-0U44
GZyWyGugEZQ
GkM_aEnHnOY
GmLkALxcjvU
H29Nn5NxmQ0
HDgqzxU6lYA
HGqlz9IZ3e0
HMAOutvAJ8k
HNxe4EDiubE
Hcn_CrMLYkk
HiuoDlwhryk
Hz1c4SjlTkI
I-rDbHBI3-g
ItSlG1bCC2Q
J2nRr7VAK6k
J3uSRJi6Mhw
J7WJ8QrvjP4
JDIn9nI25SM
JQJKo0rvfjM
Jq70ON8lrOw
JxmZyqJI2Ow
Jy00M88spQE
K5_-8xiwKM8
KCOhoVmQXWc
KFpt5uDcMN8
KQ_yn2AWIvw
KVR8UuNyD8U
KZEiwjLQFzY
KdGA31kC6iA
KgO_1Rb_40c
KsMXDwInpLc
KtEC3zFOZtM
KxWCaD9zAgU
L0NHR8J8uCI
L2xS9b17gvM
L4Ddc_0se9c
L8ilIOBcDCI
LCUufn9vtrM
LF5m51L-mf4
LJ7AxPzoh5g
LKC1qZMTYBs
LMGEZ52YtTI
LO_NU9D-KNU
LWTI9TnowKs
LXDE1v8CXkM
L_s_fG8fmlk
Lcr13cz9pAc
LgGA8xtscI4
LnctTMdAwMg
LzvFviC500U
M-TKS28tSvo
M0PW-ar_48c
M3o1-tIDipE
MJDSENyKpLQ
MPYn3PIm6fQ
MU21Azq_8bM
MaYMOLq-JtE
MlThTbgsW8A
N4OaKqNl3q8
N6LV_Gvl4NU
NBrlYYdSUDU
NEwqoGUfAuY
NJp6tJZ_bc8
NY4plXMpk1c
NjQPItuJ4Sw
NswFcmIPqIY
Nt9nTR_qFXw
NxrvUvnvHTM
NxsdQVqu54I
O6Y7x8Q8zgw
OCmoUynaMJc
ORwaUssi1jg
O_NnckA4WcU
Ocyuwq2GghI
OmPLR9JbS-8
Oq-YmHf04wc
PB0JEGU5Ryk
PZ90AkGtv6Q
PZZs47l8Ez4
Pdtbf6vmTbM
PgTLvyxK2Tc
Pq9FiYiIk48
PyOzgeaB_XU
PyskPDDU9dg
PzQkbOn5AYw
Q-SllqtrXp4
Q8NrhNEJhqo
QGK5Fzp5kWI
QKZYOnX9p9U
QWBtb9ahTTE
QdetKyhEK7E
Qj9MHTbbrN8
Qu8asJWwNfg
R8HewELL_hc
REnhSTgilH0
RL9ImtTOiYk
RNmD7LjTBfQ
RVE6hykAy78
RYMZavWSndA
R_qEdP4Fnd0
Rj7EqMPLGo4
RozXQ7b8U0w
RthG3JLAMiI
Ryqjtnmcm08
SKkMSd9EoWE
SPkDxL2Pmys
SS8LzKlATJw
SThjEifdu-E
SWloSl48VoU
SbdbuEfupkQ
Sf6njcu0sA4
SoLTh8oCI7w
SyczmvvlWFc
T3BJX1vA1TY
TDzbgAP9HUk
THQWWQiSFvI
TIZLVFsqGfk
TfOi25awkpQ
TnpjjPdYwEU
Tp-R8BKBLuE
UAccn233IAA
UD42Cv-PJP4
UDZscdCsfnA
USHApwm9iKs
UVQbryXfgH8
UVV6xxTP2Hc
UZ7yf-s034c
UgLJkFgw5Ho
UjaExchpcLU
Uq1CxTipZpU
UvNlRC-kGDI
UztZoomKQMc
VFK4gyounu8
VKlh5keWi_M
VV07UO-6xas
VV_yZiDAPJE
V_Fu0sEZk0Y
V_hqOyAPSlQ
VxQl9nLlxOs
W14SbXm3N5Q
W3yH1TmahvI
WE79An4HfKw
WJCSbx5hlag
WJnBYX_xRXM
WLrwDagXvjw
WMBqDzi_DLU
WQvsl0jX3oU
WZIseBKCI5Y
Wc-4XXT9UbM
Wi3NbAwDUL0
WlCkd5373cQ
WlScyxVttyQ
WnSeHz_iPQU
WppK2_b4JRQ
WsOIcfUDnfU
XF3Ou5xyOeM
XN1yrrQF_5A
XTeLBTF-o_4
XY4NhyD2b3w
Xipu9m2Obzk
XnkJXxxB994
XrEgfgjlSbU
YA9meDkTRJA
YB2sA5D2MTE
YBN27QgbIFY
YJbZFHiYeI0
YKi2ZfunFnU
YPtonT_tSCo
YRBidPEP6JE
YUCwChipUpk
YUs_aHfWVRk
Yc3R_NWzBZE
Yi1GDf8AbPs
YoIBx9I2XQA
YuUOoZaLArI
YuVMvlsdvlc
Z-dDEgp_SyM
Z2dXLsapXYY
Z2yWmxhgtdE
Z6MSuKtcdLU
Z9gHnQT01pI
ZDUxE0C-c2w
ZarU-QghrUI
ZtKfOgJSd0s
Zv9dFa0S_p4
_38gRQjOJis
_Nh3wjg-Uvw
__piGqPsq6Y
_s4uPQGGG54
_tZGaFWtO9w
_wcCvoh22jk
_xorRlshRBA
_yp4-MQEC94
a7wcmvkdtAg
aCCrcKVuN0s
aLPMSlWC21E
aLxc-M3jyoQ
agQfLgMOeD4
agdF2WGhEuI
amDT0Z1IW20
annU6sJt2fo
aq7OtYURpNs
b4Xtaj-nwP8
bIBpoBLYAMo
bQK4GcgO-5M
bXIOteYKCGM
bYUSbEyvDM8
be08WB-udoE
bpkKWJMF090
bzXcXKAU6Ho
cBJa_ESqEJQ
cH3mUE0O20I
cMe-9SjxOwQ
cQ7_AZHxins
cUZ3s5usmcA
cjUP7KCTNh8
cmP_o_yZSN0
cp2_EgeKnBA
cso9Svw3xWI
d2kVHpQzpw0
dAqIl_Evmsw
dJ48lG0DQas
dNUeDKYP72Q
dTU2tmp9v-A
dY7WCDRlPY8
dYosqWPCIVo
dlVVg3_8d9M
dwQ4vTKVcXI
eCGYoACZStw
eHY2Pwx3ie0
eUmgk42V6vI
e_O00_nkSmU
enP8x59CJGE
erG2tIrA8kg
eug5AayqFuw
euhJXZuy7Rc
fGUE8o70FAk
fKTMp6P1PP0
fL42wVHrVB0
fP1BnEFXjR4
fYCQsUXeDpE
fuETOJfwAZ0
fzH8qucRhac
g5VM9Tc68KE
g6GkG5FVC3Y
gB_nbdAnyWA
gLMtXKuNrhU
gLeFwuE4TDs
gTYk1oXqK4I
gYwDZoDc3CM
gmCA044t3f8
h-iEdD9A3Qs
h6ZNIj4LUAU
hU2J4r-oK7U
hc9Ym8SZjUU
hcCGX4feFp0
hls9iGbq3k4
hvqqmHeXFQw
iKCPb5aDqzY
iKMnU1yE32Y
iSGjVzU5__k
iWF0PzKApuY
iZ1_rl28l1Q
ibLMSxA9Y9Y
j0yqtkoESxI
jKWnrMl_3B4
jNC2mzLn_GE
jQSFofWnDEo
jXsDfwJdUyE
jcKwJFDmv-Y
jnNhFCbneRM
jteTx1Mei78
jywovlLLYrU
k2EXjOSVs7w
k5AhL10Vt2M
k9NHc_ZQgmY
kXgBz-78-0A
kioBh-TgHzg
kwzMBPsTkLI
kylQkFMBllg
kzikwcCfOD0
l15a9dlemos
l3gFJFA1wSQ
lBSHQC1eBgQ
lCkkYSTLu_A
lM8VrTNfQvc
lMFH4hRK2sw
lNGVUjWmLkM
lWOdKW4Onxk
lbil5L7BK9Y
lfvquZVAOo4
ll5vZJgUFsY
lp4JBUdIEUE
m9-oGXJ2NZ0
mD0cw_9R_tI
mJR2bbFhK4g
mZfWMB1yBFA
n3ttFbnsn2Y
nB-1saNd7Gc
nIQ0hAF9aCY
nO7PvKmAtIs
nYeRYNX3UCg
nZzr9Xqe8dA
njzkOm3DQsU
nodTXzQ4RxY
o5ibzcovCx8
o9gCwKXGNaM
oOxunn5G-PM
oRotJHp30gY
ogbI4h7rjec
oipH1bTK_xw
oizhIemJ2gA
owmeqHZsoqo
pDE9_ZX69K4
pVyF1Kz_24w
q2N5kcYamE8
q3iDMHAO66w
q8wPHFbPEBc
q9Mwj4rFZDI
qFGrJmBA-2c
qNOV3CxZ9a0
qQddO_X_w7M
qRWi792z1Ow
qSQXsTEbN_8
qTybt_nMacQ
q_keHTaNHPg
qnnvTyexbAI
qoc3-7Cl16w
qqvVmnKhO8c
qvnlVuMJP9E
qxHF6WUlmZY
r8E6mDLHIq4
rNhkVtmwRYA
rR_kyDatIOo
riDuwx2m9sk
s4rY_OmFr98
s4zMCTouzKs
sBFoxLNImL0
sKhBaU_t4zg
sKnwDUicCYQ
sWdX6yPw26c
saalM_ixyQo
t-DucDLcN-M
t2zVk4BFFn0
t8AJ5I4ITpc
t9-JBIiyHIc
tJaKfvga-QI
tZEmOKZhgV8
teUgprjM-CY
tnDui6wX4T8
tpvWhjsgYAI
u-b8ywe-xN4
u4D4sTP6PMo
uEMT7dk_byo
uM3DWEF9HSs
uOhld1ynTTU
ueEl_QLT_s4
ufBYda37Zzg
ujl6ZviycY4
uqHZ9wj1rVo
usAOPwQD7y8
v4HvuJkdkz4
vJjLDZP2xKU
vT3wh8a0bRo
vUnyjslS85w
vVb_n7-pnyc
vdfElNfW8GM
veO72a9Dln0
w1ddZ8rXExY
wAqafkEMXr0
wDuCki8U9Bk
wLQtaOMLb4g
wMGPJNE9ejA
wTVAQS8d4Ow
wUBHah2dxJA
wYe2Vu54alM
wcs_aSiysYc
wg6r6rN3Tkc
wgLADIxxJsE
whclTYtU0Gs
wkRijXr-xJ8
wozsghEVAVQ
x8QKZvHMhxQ
xAfBTkXJLOM
xErxqNJJWjs
xGhgz3lxd-Y
xTCa7TK8ASw
xWTQUZFp-7o
xYC1oc6udMw
xwSh-W18-Vo
yX8qxQnPyz4
ycZcLIpalM0
yksTQNCTPP8
ylmOfYd9oVI
ymjG1Q2ReEI
ynTOXzWVMjo
ywMBsVqv-fQ
zKP9pcJ3tHY
zREbmF5Fsw4
zaRnFlaIDs4
ze-qNhYgRVA
zmi9-8TF6rk
zoCHzFShWWw
