-7vIOEOCnYg
-Ecm4N0NLYI
-ZPaLR0oTNo
0KBUBYoD0M0
1un3ETuq0oU
2FcHbktcD5g
2HPSbnq2JqU
2_Zk-qAgnUQ
2k1H7kGVL4g
303n3NuK9V4
341xFdsz504
3zscSsk8JQg
5FJMpWkyY8E
5S6rRSxeZcU
5eqPpc0nL6o
5z4Tl-g3OTY
6GeI8dGwTEY
6aVWhPSoRu0
6gQF9WNej9c
7j3OFBeXiW8
7qnSTxxxa-I
8BOeou1cn00
8Dn16AWUQcM
95w2OhtxSpA
ALze59az1j8
B-rx-J_6lww
BqU32COIppU
BwjgtKmKCBU
Ccm7gR_eODs
Cwx9AIncrVQ
DJWtZFooKaE
DND82qZFMEY
DcdItqUrGdg
EN5NAAfhrgc
EiBMsi70iLQ
FNKC9acSBR0
J4SUdqOntxQ
JPumThOPIjc
JYN-HUqW4Ao
LFN4cGpW4K0
LMA2wVYfdzc
LXnJGSY-aqs
MFSawk8oLTU
M__EnlgNh5w
NNf7f1Jr8qo
Nf1wsu-_crE
Nwvs-AI7wbQ
O6tAagHIh_Q
OABw1WXLGi4
QQ3_arsOTyo
RUdnvm7-Z2U
SAcanmnDCeI
T6GUHyRBgOQ
UK6oG1Piq-c
VQVdtm6_Cpo
WByrM_n50Jk
WJtl-tUMqmc
WUEAbSkb_eQ
XKbQuNF0zPo
Xge2QRN5tTk
Xlew4Gz8Ox8
XlqUbcD0-us
YWpWuUKr6so
_ERU1mX2I38
bP6aVvunbfU
c7-RR9BeXWw
d4bv2NaO9fQ
dL3NDTg7KUg
eeWPNHBX1H4
fPhkEUOgu3U
g8nn2Q7JYbE
gOkBReCvrS0
hK5IkfdPpFo
hMPne07Sa4s
hsBK8Llob1Q
jRCSuooF7iQ
ksvhwB5ZBD8
n_teJd4-GGw
ni2Qe3bn-DA
ouWqjWRTz0I
q69Umu3zDZI
qtg8Haxui6M
quDcUhD3EvY
rEA5AsDTwOk
rKqZjldCfyU
rzabhgLuhhg
s1_jPxIGnWA
tgMiV7yIk6U
uAocya1dCqU
uO20rm0i1Zo
vh8ipphQBxk
vsiVI3z16sQ
wzjkFz4b7Ho
x9e9T6pQY38
yZCTeX4H8OY
zLL6CoMjVxU
