-O5kNPlUV7w
0FH9cgRhQ-k
0FRVx_c9T0c
1-NxodiGPCU
16W7c0mb-rE
1AElONvi9WQ
1fQkVqno-uI
21eFwbb48sE
2XkV6IpV2Y0
3mnSDifDSxQ
4ClLMrfYmmw
4_aOIA-vyBo
4b33NTAuF5E
5TbUxGZtwGI
5iPH-br_eJQ
7TmcXYp8xu4
7_e0CA_nhaE
8HslUzw35mc
8PmM6SUn7Es
8nHBGFKLHZQ
9P6rdqiybaw
9tbxDgcv74c
AQPlREDW-Ro
B3QTAgHlwEg
BSypUV6QUNw
BtN-goy9VOY
CWu29PRCUvQ
DHyUYg8X31c
Da-2h2B4faU
E1KkQrFEl2I
EhAemz1v7dQ
F1Hq8eVOMHs
F3QpgXBtDeo
FaB41TtgS54
FfgT6zx4k3Q
G-WO-z-QuWI
GoJsr4IwCm4
GqA42M4RtxE
H6u0VBqNBQ8
HEYbgyL5n1g
Hug0rfFC_L8
IXxZRZxafEQ
J0ldO87Pprc
JGXi_9A__Vc
JQVmkDUkZT4
JXeJANDKwDc
JhHMJCUmq28
JtUAAXe_0VI
JyECrGp-Sw8
Jzfpyo-q-RM
KRvv0QdruMQ
KsF_hdjWJjo
LS-VPyLaJFM
LmpuerlbJu0
LxgMdjyw8uw
M7CkdB5z9PY
MBRqu0YOH14
MUWUHf-rzks
MjdpR-TY6QU
NMo3nZHVrZ4
NbuUW9i-mHs
NtQkz0aRDe8
Nv4Nk4AAgk8
NxvQPzrg2Wg
PKMQzkIiB0Y
PaErPyEnDvk
Pw0IZg7_4mo
QAa2O_8wBUQ
QImCld9YubE
QOCaacO8wus
QqsLTNkzvaY
QsBT5EQt348
RLykC1VN7NY
RS7IzU2VJIQ
RVMZxH1TIIQ
TnzcwTyr6cE
Tqt9hZcWhJM
UjtOGPJ0URM
Uti2niW2BRA
UuGrBhK2c7U
V9_PjdU3Mpo
VB_GWz25B3Q
VzPD009qTN4
WPPPFqsECz0
WSKi8HfcxEk
X9otDixAtFw
XFqn3uy238E
XxutY7ss1v4
YI3tsmFsrOg
YbgnlkJPga4
ZL4yYHdDSWs
ZW3aV7U-aik
_lNF3_30lUE
cR9uphgMZ8U
ck4RGeoHFko
cqECNYmM23A
czgOWmtGVGs
dFCbJmgeHmA
dGiQaabX3_o
dSu5sXmsur4
dqwpQarrDwk
e-P5IFTqB98
f7KSfjv4Oq0
f9uZ0REjIjo
fTTGALaRZoc
gLZJlf5rHVs
h4Uu5eyN6VU
h6fcK_fRYaI
hOfRN0KihOU
ijFm6DxNVyI
ipVxxxqwBQw
jAhjPd4uNFY
kP15q815Saw
kl39KHS07Xc
lXfEK8G8CUI
lheapd7bgLA
mZsaaturR6E
n3Xv_g3g-mA
oHHSSJDJ4oo
oakWgLqCwUc
ouAccsTzlGU
pP44EPBMb8A
pVbLlnmxIbY
p_8yK2kmxoo
qEfPBt9dU60
qNWWrDBRBqk
qPQQwqGWktE
qsN1LglrX9s
rcOFV4y5z8c
rhFK5_Nx9xY
rvskMHn0sqQ
sNhhvQGsMEc
sRv19gkZ4E0
t7tA3NNKF0Q
tlTKTTt47WE
uFk0mgljtns
udFxKZRyQt4
ulCdoCfw-bY
uqKGREZs6-w
uzkD5SeuwzM
v3y8AIEX_dU
wJUXLqNHCaI
wNDGgL73ihY
wbR-5mHI6bo
xAUJYP8tnRE
xRF7WIZV4lA
xZbcwi7SfZE
xaQJbozY_Is
xxFqPNPJuU8
y0opgc1WoS4
y8XvQNt26KI
yS1ibDImAYU
yWO-cvGETRQ
yiw6_JakZFc
zBkVCpbNnkU
zQGOcOUBi6s
