--fn1s6b7gk
-82fn8OUMmE
-a9Wuooa-hE
-cxxAOvJgeE
-lcqW5B6ZR0
-tlWjsaF1Og
-yGIGAaF8Oo
-yfCo4DUc_E
04NAuN3Bz34
0C5hnlCM-j0
0GnL1s98c0c
0LATo4EzTNM
0TS5KpODQJY
0VFEFNc8ugE
0YMbbfaEIJQ
0ZeXVkWpxPU
0cIgiPjfKYQ
0e1mFoWFGCQ
0hboAi3qBBo
0tsU6Y4FQnM
116MMaMZ0I8
13nMn-PP0Kc
14MB0C25YhI
1Fzdtfsf8VI
1T-ntajFIck
1Taz9VJ4zZo
1rnKDsR7mu4
2BDU1FD8EiE
2Glr6TuKV1s
2HoSiyuroGo
2L52sXSrzDg
2XmxCY6h5XI
2YzgGMPruxs
2gygSZYBuaA
2iJjBN-jHkA
2rV7ZczsDGY
2uNI24lNGAQ
2yIb9oh_oU0
32NoUIpzwrM
3E4bTPV4ZEM
3HLqmeZcCrg
3MfVv_ljeSE
3Ti_S_TdMsM
3YSuUmW13f0
3YTEh4B01Lo
3bjxhgc19ns
3e-wYL9-1zA
3pNpEMNsmqA
3qmhckbctEU
3rk3Gs0hr58
3s4CaRVuXWs
3sDHyHwhaiw
3y2FYAsXDDE
400uVibSTDs
42w99ycBMN4
462Kpofvoyw
495xvJ07AV8
49dl3ZJIm2c
4CVhfunqDeE
4MEWXAXuC8k
4OjLpngQeJE
4PUISXFHxJM
4RxF25H7MdA
4SfINmcZOW8
4fd-oVrfj48
4qekUouol84
518TuJmCmhs
5AWP8eaAMkA
5CndPGjrW74
5D02s35ogUw
5HPjcOddAGM
5VaZtlboz-A
5_TnJonh_io
5wMd-Yb4eic
61wrb_J0Zh8
68AcEe2pPxo
6JsV6h4xllM
6TOr-ErP3so
6mQEa6VtRwA
7-jiJJ29BzU
73JYVE4JByM
7KkpBIgVYAU
7Ojsc9RiQpo
7Sqh2G1pQjQ
7i7IGGjvV4A
7vDAAbmu_II
82HtglYkgzo
85xuZlr4mds
87qjCSL9rCs
8CM6m2WwzfY
8Mf7mCzZ4OU
8YU7ebcHOKw
8n2Qn0F_WQE
8n8Pbjc6ZBA
8w0wTHm0Rxw
9-Brw7ZTBLY
9551StmN1BI
97rioz92eDw
9bPoH63CKtA
9h_2YRNcurk
9oG9-NOZcMI
AHXj82EIb7E
ANocwZZntuE
AOs2snYvk-w
AZMiopFMAbA
AeqX8Uh3S1g
AfeVYXi5OFk
Aqh9fHmtkZ8
B4MCofA5IqM
BDu_3EEwPy8
BGzUEsDaURM
BO6x5EIxIb4
BTv5kF3bRYY
BpIVW3KaiLc
Brf9Lt4HHJk
C0kWjEYMAfc
C2eCpYDSyzw
CM9dmLGSa7s
CNVSoNh1QZQ
CZFJ9cAouMs
CaSGb3b3mhU
CuhDDhRObz8
CwW4eiFPR4I
CyRXg_DZkFM
D4i0x-phse4
D9ylU2t-9Hs
DCm5t-J8TyE
DH8DsEmQkuU
DSYOzj4yDCk
DT9Tl7nivUQ
D_c9Adxt5eM
DclsSFot7xI
Dcp4la1ORE8
DmUjQsuRtkA
Dn9vJ4F1y6o
DnbHhniGQzc
DtsodFeJ5pk
Due9VHYy2zI
DwMGw5WpwrY
E7Kt0O-o3U0
EOPq0Ktwakc
EX5p4-k5aaA
E_OSQ7Ixvww
EbARAdxuvNA
Ec-y47qolh4
EqJa9pM6WgU
ErKFQ8DMkPA
EzN455-Y_n8
F2tBOO5qPOM
F4ZWfhyRWr4
FA2zZzeIV78
FDXEGPzfXFE
FJhUh-6Uhqc
FL9klw3p32A
FLQlm-ISqc0
FO--cTZtiPc
FRI8FOvKWT4
FTPBMR_8Itc
FhLOKVbOl1s
Fk-SyzU0LKs
FzAff-Ix-oM
FzXSsnFNAj0
GDDS0VPsPh8
GHMXweR0RKk
GHqh1DfHA4g
GIhuCMxkQS4
GQGY_7h0o1s
GS-gJ3Dgzl8
GdUM8RzSoEA
GeWGK-1O7bc
Gfixa5IU-s8
GtNwV21s-7E
H0LNBLlkHww
H7ojygIbMYk
HXXoO0FwUKQ
HaB55BBESkQ
Hc9OJyLMLJs
HsYyy7ERFiQ
HxLFoZ48fXs
Ia_-Wja3ECM
IgvJEh1tsso
JHyTLALDgBU
JSCUcquGqWg
JTPuiOvgB_k
JVkPftiRRas
Jo5vsbWunGs
JqL0BJ4kdt8
JsjljxuSHD8
Jw7hs5iEgB4
K08zZt4UyJs
K38d8dSZ4lc
K40VGV30-ec
K48dkwJaH1Y
K5xMz0K2qns
K95ftk7hRV8
KMqMImWqMEA
K_gWnKaDjEc
KgOtzkwNKn0
KgcThhTI_EM
Kila_j0KaQE
Kit2Vej29Xc
KpWzMjlLflk
KvOLZA1sLWg
KxrA33-Ox-Q
KzquZF5_OHM
L7h49Q98OVs
LOVg3-aiCyU
LQyR_dVPImE
LRVpPksWbMw
LfmBEREPlCM
Lgd78PUXkPo
M9PJkfVtZnU
MHNZGq2YZR4
MKgv2OgYY1U
MdmDyA9vnjM
MeDLwCtbC2s
MkkEkNhWS_Q
MlJeYZGznvc
MmOZCT-RJAY
MrphJj7N28w
MvQKoYuXuV0
MxGU2yso6qg
N7K9iE1UO1A
N866wzWPlY0
NGeH2dnBIw8
NNCj5m-k-oE
NRZZp7Uig6M
NSPUgg1Omms
Nach6Y-1Xlg
NhHHXfujhdI
NkwGb_NCeQ0
Nl6Aa_3Ryyk
NuqQHKdlCFs
O094gkzL-7E
ONXVIop3H-8
OW-u7BUf6iw
OZ2BB3Fs1ls
OZFRxCpv104
Oe7U43S4xG0
OgGSddaFx9I
OhYJEptppiU
OoDc36rmDDI
Op_jdTXBL40
OqKIN40vtMo
OsJFClyfwbU
PD44b5zLTzY
PFLqFet1LVE
PTZVEajr38k
PZEHuOKFra8
PbMUO6uPyRY
Pdd14JJdwPA
Pxij_nd3BAA
Q7LxiyGlyGo
Q7chdR6xi4o
QEPFWgLwrFw
QOhd3SRBJhI
QhwQvIsqoMs
R239uv6XLEU
R3ycxy7DE98
RBz-Ih1OER0
RC8zkU_uSW4
RLCf88K85lg
RVRlSX_wjs0
R_ssReYdeWU
RdZaiH7TCdQ
Rs4yTNfOrho
S8g6_9NTZC8
SBFnXnv1F4s
SBL5etGU97Y
SGKX1yOJlfc
S_zM7iIExZM
Sgm3O0rloCQ
ShE4hSChV1k
SvKi7ChlRa0
T4kAqfqZEaI
THXHcBXZGD8
TRI59C3OzCc
TUOpdeCeIVM
T_xWinz_rIQ
TakYL07pHxc
Tb5RXu2SpTg
TcY_BZIMszg
TewRcvD7rGI
TgCpIzV9aFw
TmFXROm9yUM
TnddZUiG888
TpGTX6bBAzA
Tt9wstv9_GM
TxNepH4XfVY
U2yd5G_lp6g
U8z7bQBVufM
UBMfDW_e28I
UHBe0wHyS2E
USqSUsBoHh4
UaPL-7iw3IA
Ucm0TgVUtlg
Ul-kxG0hq_Q
UvW7DE7-VMA
V8YEKvO7E_w
VMEovViMOXY
VQTNB4ROSlI
VS9rmaJAMwM
VSvD09AaAXY
VnPrff5PFJA
Vu0npDs8RdQ
Vwbx6R0QcAU
WFRDp-haRuk
WPcock_HVKo
WQCpFwB92Z8
WQfw87g5u8o
WRb5LCBIip8
WUe4sXXTZ-s
WinHy3YATq0
Wkwy4uBlpyQ
X1xoeib9ajw
X4AYTkgiTo0
X6TDVrfXL1A
XMCTp2yruMc
XdswIyOdJSo
XjsH8Q4IkVM
XmHsduES9jw
XrW_3nbnYqg
XufgnX5oJsM
XxcK-Vjbdsg
Y0lOAyPsqew
Y1fsTaYkOio
Y58udAKfRtE
Yao6U-tCJAA
Yf4Swy9_pps
YsW6tPTmGz4
Z0Y5FynHXL4
Z2R4r6-INxE
Z5lcOMvAvIc
ZPpcgeqeydM
ZQkLVCuC5vI
ZTWxBitHsK0
ZWxm-xbln_I
ZiSsuTG6Axw
Zj00w7AG8zU
ZmekHg77-Us
Zo-pLX6uAmY
ZslWBaC0nJQ
_Hoi0PtC2i8
_NBZk5W6qEI
_SbURe-pjMg
_XQdEegNvsg
__vJCc9gCEA
a1vRzOffSYk
a6lT7ZUfHVE
aCH2lGqf0DY
aN1PGYUByuw
aNGQERDB1QQ
aSLlktIF7Ro
aaadCxQvny0
aavK3lIrVz8
aazf6n0Z41o
af7V9-sm2Ps
ao_9jNe9nc8
awTrMtVyjB0
b8On2x_Efb0
b8kBXaWZiz4
bCOp5CT4z_0
bhDdQhPVURc
bhganx831b4
bnQLE7Ii7ws
by79Mx--Y38
bzQYazKLkNc
c5umEduB5bc
c9IuEpuciFA
c9XYl-zgyYw
cAolX87x0Ic
cDb0xiYdKeg
cKZaGLhzXfk
cUlPwVVsNU0
cbo0KhIf3qU
cedde5hMQSw
cj5cxjHyb8U
ckA80P0uAfk
cn2OB9asrew
cnQS0H96Tpc
dBqxDvWT8RA
dCPvwIp-Chg
dFFuyOH3PuA
dG6KQ_wWBgU
dGpZJOOvFpk
dLxk4W1REZI
dX26sHN1brQ
dXHt4FkV5Mc
dYGjaYAljOQ
daHY7g_5-Zg
dfNOe5B0RTE
dkunJBxaBd4
dtYww_ZKUcE
dtZNoJPICdg
dxCSnF6mxAM
e0J7YOF6yGU
e6AT2O8DfLU
eFrOd46xODA
eLvxsfe4NME
elKQM4YpJ_Q
eqG9JmuUCuI
esGqTDAJ2JI
euotc3iTJ3M
f-64mCDiIq8
f-w3YhZuJeQ
f6ulvNCTeeY
f9dXf6TW2Qw
fDGsaqEFatE
fHBgPYuyICU
fIfSgSNZZrU
fKZhJJxbDD0
fKhIgua3Sz0
fPdMWpYJk1A
fUDG4yqwFUA
fa2DR6VQSkg
fgw1p1bqEZY
fheKQ7CjYbE
fmbq3qMO9LM
fpKVc6TmiTE
fpjPfc5L-dk
fsRvd7hWsZg
g-OZbQIcjVo
g2nmo8_YWxQ
g551dXaOXDo
gFkxl660azA
gGF3hacTdgY
gTkL6JPsGK4
gTx_W5fl8gY
gfjnY8l8FYI
ghaF55_jfe0
gl16zwT8pDo
glz-DjY4i-s
gmw837PnWYk
gniOWar19JI
grmzHNiFkSM
gwX_Zy_n-J8
h5sk8lVJOVo
h60xPvyIF3M
hAT-PjJK6zc
hStdHa3HgwQ
hW3OsOqJg1g
ha7ac9lOuLA
haW1oiGdyQ0
hrj1VsB54T4
hsKlh2ppO3Q
i4VAvR5YJdA
iIhQkW3MpMw
iL-0287WLFA
iX1fzThaeQc
iZtUi_9cKp0
if72Hhd3BYM
ip4N73fUD0U
it7J99Y8YQk
ixpXxfsXm24
j1XlRg6B7sE
jJi_JL1q9E8
jK-VgxiL-2M
jKuGk7dvods
jNO1cCXqD_E
jOKAcWQ5DPQ
jgQ0REJ3kvI
jhlQ5ISKfYg
jjye-ce9Fn4
jvNl9PNQexc
jzNc8Njf9Qs
k0EjH5pFk5w
k2nW45y2_8M
kFiAA5qjXIY
kHSMdcDUPuo
kHuZE9pheMY
kSsdUBkAUUc
kVO3cQhuiaM
kZ5FnTIJWBw
kqUzBkNw_Xg
krOGCbFzjLk
ksnkJ60YXyw
ktn09DiC3XI
kwwTbz39ALg
l3hJ4dOUv94
l6K7Agy3sx0
lAEDF2T4iGo
lEFaUEt-Z1k
lPonHh5N_lM
lR09P2hIL_k
lTKf5jjZgXM
lX4ZjFWHKOM
ljY1CcSQNKM
loQI1KqflSQ
lr-c5e_dKYM
lu5ZtclDteM
mF6kCQ1YwHQ
mQfU3h6E5mE
mRCogCI06Bs
mRRUnhIeA_E
mY5lDcInsKs
mbuV0TWAy7Y
mlkBNC5jgIw
mnSBRPVfEug
mnWTcjkM1Q4
mrQWIhigbaY
nJ9RaJsdO2s
nKjimJKj4p4
nLZhxkq6itM
nM16G0ae6T0
nQEz9ivR-oc
nfPz6pbrxKM
niPpnLpQoNk
nlFebO4wrp4
nlse-4pNCwQ
nnx5bh0-nOU
o331Zi1fcz0
o76J9KwR_DM
o9dEkE9OBeU
o9seJKXYmrk
oDdeUMbivhk
oM1VJ2rXN8M
oi7QFp-CVoA
omgPrF4WiPA
oohse-sPRtM
owNlSNNd7tw
p4H-cSRtqZw
p4nLEghsqCw
pAl7k5c-nxo
pI48RpWK4Ek
pJibmR4T0m4
pMN-JaN09s0
pQy4HURehDQ
pSqkeh1E1Jw
pbIXBM_OMPw
pc_kB8M5K-o
pl-KL7-7bl8
pm8DG0Zo7uk
pmq_4tItAXs
q6AOnyfvc6Q
q7PoLPkEQlY
qJ2YUUyLkDk
qM9wIgzEHNM
qVokbEkRF_A
qf-GCxOR2Cg
qijR9H70FDM
qktieeWXcjA
rFALiGb81RM
rJjS3YJjRMg
rST26W31EPs
rWYUJO325nA
rgWVJ3elFms
rjnZ_u-Iliw
rvGCL8u3mMg
s4WWVQo-dAE
sI5dvfSa1YA
sIeNczPalSQ
sNmG5FNISI4
sRKoZdKXmxM
sa24CuIzhs8
sfoinvElZMo
sgXCjxchbG8
spGWtnPfBz4
t-EOW4TYg-o
t18slmQfmBs
t50iFXV0Oe0
tYtn0XbU5Nk
t_nP-HOPKcY
tluWbBacoVo
tqvYgeqTmGM
tsB3KvmKqg8
tyn1RWTanm8
u8HP4nwr9Qs
uFI-E2S5slg
uH4dUYr4kA4
uKj50gvAcBM
uSTdUqgIdyk
ubAHQjaJpmY
ue6rkfYuYds
v-U4IOfmVvQ
v-W-ub5a2q4
v75DGvlpDA8
vJmi_gwziy4
vTu5Uu4EaAk
vUH0Qa3FGOA
vWKNi7eryzo
vYOKmahlwPw
vZPez_3RC84
v_AH6lr2VUQ
vcUxpyosOUw
vokJGFsvMcY
vufHGF_FRm4
vufjObfHH-c
w3zy5yE-jec
wE8A0odLSAA
wQX35sVXqqE
wZuk8oXBK9w
wk_cDQBNQE0
wtqIPqHeF0s
x-NHLkNF-7s
x-ltiLwsYhI
xBk4CdO_pyE
xDqGI0yGG84
xKZTyNwwXkY
xi2ZfDrAoGk
xkTbwZeozsE
xlk3pMEM6xs
xsjErPEQrBc
xuIvmZlDLsw
xvZgo1GJEKQ
xxyiwtb8X_Y
y4uLw8pJcu0
y60NCI74wZo
yEmgU9oX7ns
yEobhQwQyhQ
yG3UGF-52jo
yJJxmGcun_Y
yPD1PeGtm7A
yVN9LrrAoss
yW6nSD8gzhA
yY9Z6KRf3hg
yc_UnCf_Sd4
ye9jbEqtcpg
ymUBW6FSdFA
ytp8UcEgPCo
zCfrylhQFVA
zEAF5eNy0g4
zXy7hAveqtk
z_v2B-TE--w
za5RWYkpC4s
zb-mTRNtKEM
zbIFdRobaXA
zc7qLBfw0Hk
zds4OjSrLBo
zj_V0nXbxEU
zn4UsUz3yw8
zz3JqIVKXXg
