--Fk6ien3zc
-3aHoJEbVRw
-3uPS5FOugo
-582E2Yhgfw
-5vXXB4yWf4
-6mgzDBJBno
-7SARGr36T4
-82ynTEFunU
-844pxTi9BM
-8KNoCwYj8E
-97mR1WNHKc
-BK_E1qsglI
-DtziRCILOM
-E6n7ABKkRU
-EF-9eAPd_U
-FihEgVtwqk
-GQPrwPghZY
-I-3ergt2qA
-JTWWEXE-LM
-KnYf0GdcRc
-LNxt7MLWIs
-P4yDU4IecI
-PzhdaeiLIU
-Qe34lxPWrs
-Rc6I1zp0kk
-SAhwXn0am4
-TkGzUwPZCY
-URJINIm4yc
-UgZtAOGcn0
-V-vOXLyKGw
-VO4QrvbVnI
-WS3Ac0MQcg
-Z3JzL-iXSU
-Z79g_DSyoA
-ZXUIQPvmEs
-_IWeXp2j-s
-a97FeF3h9I
-c1oDDAAqV0
-ckWzk3bg-o
-dOT2R-i1ws
-dbQXTFKDDA
-eGP7YdUR6s
-fFDAYLuTWg
-fyAqZbozlA
-gaKcr_89H8
-iBH4Bsx3wM
-j7ONm3SW6M
-kIzCIaQxDo
-lTa1iGVs3U
-lbnZr1NoAc
-nfyt9gRVz4
-opOPX5m_Ps
-pAu2wjMLck
-qdJg3WCyUU
-qf1NzI1I7E
-qvyPUpLqbI
-sopaUk8Pv8
-tNEQiV6Uj0
-tSovkMfH5I
-ul1Hf0mzT4
-vVqeMJBMAI
-venqjKJMjY
-xdZP7Amd2k
-yUSyNOjEiI
0-MNg5DcSZo
01rVKtbqtnA
03kCwSLF8i4
04pdpzHqdWM
05LavXwYO6M
06hSJdPFsXs
08HpiHIRwJs
0BfxHDyT73g
0BliWxfls9A
0C5f77p5hZs
0ESOUzwUMfc
0EhcAzhauRM
0FcIQV5Wn9M
0Fysjw0IXBQ
0GItL9_DkKQ
0IFygJkcmBY
0ILgQu148yE
0J7gw0vB8EU
0JfjQCQDdmI
0K8Q84UMp5k
0L22jMUQ0rU
0NFRgZptWfY
0Ntr6QaM6Qw
0Oi6sBNRGaE
0QKSqpuKES8
0TNoYhoo_M8
0VOpX-M2RQE
0YXVl7GIRXQ
0YyCf0LF2sc
0_Epe7Mrrjg
0a0MWPYwNEI
0cCe1HkmuLc
0eYiYO4HSPc
0ekr6T4Aw2M
0ghXcrkApTg
0hqnEGCBXzA
0i1TXQAUlG0
0jsoPhGWhm0
0kOWaXy1Zfg
0lngjO5bV2Y
0myEpb4sV3o
0nGep9OhKjk
0n_QpgvQ9RE
0pehs9wPkC4
0sDzoIiD508
0sFzKLjzAg0
0sktcsNHD38
0t21wrwWzLk
0wCk0pe6h-g
0xZ21m15xUQ
0zomIO_oGmk
1-EnpufRSco
1-PuHOe0Qic
10I7_wgVhLo
10ZfC4N9UI4
11Q82TERoiI
15pWhLByTo8
17SdjAYhcdA
17ngZtwwgE8
18gnEZq1N_4
1BONTCTVDi8
1Bz-RLPTsZI
1Dg3Vxx1iIU
1DvlyNjfuzM
1I1Z5vcBc3I
1I4a-K5jc4E
1IWAsGg786I
1Jyz34BJN_c
1LR57O8EZuk
1MSokYjCiKk
1MU4lgo2-EQ
1MoEFjZP0k0
1N4_RnsWWU4
1NOU9pCDjbk
1TWWZpgMF0I
1Tdsr_5TpVY
1Ull4UkljgU
1VSbQ8-5z30
1_RiB9JMNCE
1aRhkplEXzM
1bfh3tJr2oQ
1c5SaERnxOA
1eY6TB-C9jc
1gfxP-954pA
1ggDt2v10oM
1gssk99EgKA
1hMvEL5XYUs
1j17DU0Qeig
1jurXjIX_eA
1k1DY_S0h7o
1k5GK52CZuU
1kDH6TZFhV8
1kDXxz1Usa4
1mx4x3GlMOI
1oH2f0lfwoQ
1pSmz97-q9I
1rkccG5Hv5I
1sp6OPnsp58
1tPowWHP-58
1tRkGt7nQhE
1u3bkg-z_yw
1v1mOUAb6BI
1vcerbiUO1A
1yENd3vAh-M
203gokoQp1I
20nvm8PMYP8
235Aq1rAovk
24ZjDGcP7kE
259VqsWFxDg
26Uv7lAmuR4
29V7sVlEI-c
29njZ9s_KrY
2A_bL146464
2Chfjf6N49M
2DJEnz9JGoo
2FdlMnAwi84
2Gtp0ky2D9g
2HkGrLJaZBQ
2HuUTL3dw6o
2JhQ0eL2aGo
2KQT-AQPmh8
2MMb-Kq8Md4
2P1Ssas_PI0
2Q_JYRDtQ-A
2RHAbpAO4ak
2RT1LWaa56A
2RvUCoKd9oU
2SopiHEqfRQ
2TV6wBezLfo
2WuVIE7YtkM
2ZT54lKbagg
2Z_dc2xgljk
2ZtL8JmFkHM
2_QrZa-SdDw
2_a9BPsF-G8
2af-fbEwtpY
2cPVGyIXRAo
2cmYcrENfgQ
2fklPuQUXrE
2gOE0r-weT0
2gWTXWFxtjw
2iDShfqJClI
2iY1dhxA4vA
2jLmS6fMqCc
2jjqR3kTpjg
2lBRt-abfv4
2mlzdXBC-us
2n2we9LYhDo
2nqLFUcqyKc
2qdzjmW_Qy0
2shfomeE800
2uMh7Dcu5ck
2vToYHANgGg
2vyarviWmX0
2xH2KNl753s
3-xp4V6ODIs
34NkjUWBJCw
35PT5kxBAyg
36LxkTO0UxE
36TF9nxOqmM
36cJfMrrEsI
36teDsrIW2A
38GFujprAsE
38gTi8l9YWw
39M2xD8LFyk
3AO2U16uoeI
3B0UXyCfTZQ
3Bo6tMbW9Gs
3FcjWTwIGeQ
3HDHpzOGakE
3HFMveogRcE
3JOjzAgrylY
3KUrza_EeUQ
3L5DqekCwuY
3LLRPzvY4a8
3OyCz9BwvXs
3Quoo-m1nN0
3RHzBIVDwtc
3Reayk4-1U0
3VlDIoxMGUQ
3YJkjnHVBfk
3_aZErlp8R4
3a2JBcIxmq8
3bBrrViQhSk
3bW9S6kXxHE
3dBIt3NVNRw
3dNafW31QGI
3dbLCiboszM
3f-LWhZnSo4
3fNZo3ubQTU
3hfS7xbWMuY
3jvK8t3opTw
3lGNg2ZYcWw
3nyIXTsZcfs
3o7xI_i_PN0
3ptIZkCbdrU
3pvaSW3XB0U
3qGJqaGdA3M
3t1RnXCGYaw
3tHjaJK5EXU
3wFlkdcnWpA
3wcr9a3XjZc
3xH1vBuDbBA
3y0ch8FqPLU
3yrqBG-7EVE
3z7TlxRA3RE
3zNB7KVFrsw
3zzwLjWwC7k
4-9zPy6YMVw
40H9ey2NBUU
436RanWpkPM
43JnO4teAHs
43s9Hb00Y98
46CpjdNfmgE
48ncDIBYHm4
49ToY9tblRs
4Ax6IrTHXcU
4BoPcgHsObo
4EIne5NTznM
4EQSwdYCzgM
4EYOwfjrnso
4Gx7lPLez9M
4HpfTxlZNEc
4Hvh-F1KyL4
4KlwNdINqeg
4LRi4hD7c-s
4LvvoQ3g7A0
4RpYw2-3hQQ
4SFjSQhNfGw
4Tn9LuxkUeg
4UIvmAaPWvk
4UU6OoDdI5U
4V2PhpyhJ2I
4WblecwQv8Y
4XkFY9IsACk
4b7I2cPUnfs
4bo9Mcm--iY
4c2HGmhu2rE
4cX-z-MyNrU
4cfG93Trq4A
4ePLxFg9hbY
4f2nEkCtvHA
4gsAvbq7Q58
4hGvSFzB76I
4in9j9gH4rU
4nmqi93TXSU
4oN6Z0FEs64
4pf38y5rFrE
4piJGDft3zs
4q7TjxANlw4
4qE9k0qsA2c
4r-ysYvyBPQ
4s17v3g9d-k
4uFrN4Y4kWg
4uzbDnuH2Ps
4vMkotd8T6U
4vhDLlD2S1s
4ya83O_jixM
4zJTrsKnb14
4zla9pdrhg4
5-xKSL32WPE
50Q4Xcta16w
52Eojn4cuXw
52GCI7rqV4A
53Eay2KFY-g
53Z6BkOktUc
54IVwc8GXm4
54OSbbtXrdI
54RrHztFjP8
54SYk9Qo5yo
59fEq9FTH_s
59jR3Vcq4R0
5ACthfuCk_o
5AHvfAN16S0
5Aw6WD-aHt0
5CGS-LXalGs
5DZgxS13PSk
5HCGF2FbarI
5HFOaXiVoYA
5HInaJxFxWs
5Jn1WLJTvQA
5Kvanxhr7gg
5McsjTIeEao
5MkbhDK8zsU
5Nmxj8HC_IE
5NtpTRjqXqg
5OSP5DNAozU
5Q9F7oFUaas
5QcVm_NEO50
5S3JgSAM_64
5UziQG0CG2o
5V0IXwCRRZQ
5WwHQ2kEjDA
5Wzj454R2Ic
5YPtWWTUbtM
5Z0rGS5Y5Lg
5dk949fD9PA
5fLxtVnqMT8
5grBUuwNwVU
5gwLoCoN_28
5h1XwbsC5jw
5hVrhgz5UEI
5it_v4lyqJs
5k8AaniANr0
5nLJ_wM8Aqw
5nraiok07qo
5pUeOfAIwBQ
5pbGjm4D12E
5q3wmES4cX0
5rtvAOGq-Ss
5siAT0jmw-Q
5wlWie7W6J4
5xu6PkymuBE
6-3bZ99wglM
60X4aW7Amv0
611ctV-HStQ
664blJHgKzs
6724c4oac0w
67MMJHAdpto
67W7fY6Y_oU
69NPEx3ZBBg
6BFfDmDHhdU
6C9dfyeWP7Q
6Db2XkL5yLI
6E7kHajrSdI
6EFrvhAvrZs
6FaxxkSHWAA
6KOwKgkEezE
6L-3BunIW38
6L-BogO6HwU
6LxmnMTO7jo
6M2BpTzMEw4
6PZ8EgNl45g
6R9RmQZbbdM
6Roj26-A8YY
6T_x3Teeq40
6TvzG6gaNJU
6VDwdTbvkRA
6VurajQa188
6X-Ws9vsTxo
6X_s4aCE6lA
6YQZUpiEMx8
6YxYIvkkzVY
6_SkzW1YYUA
6_oKf38nxng
6bvFd4jnF80
6dtkwoAli24
6emp_7EoAzM
6f3pczgjPC4
6h000wqumJg
6iSAiEiqDa8
6k7g9JhPxHA
6mHWmR4zwyw
6pjzu0Yz510
6tKUUNj4aCI
6uWd8G_ZnRk
6x-iV2kFufQ
6xZQhTa6kJc
6xemF3Y3eKA
6yNL2R3iqS0
6yzmamK8e5M
6zAv9jcBWJg
7-Jy-eZEfB4
7-Nipj0NsX0
7-i2ENzE3Og
709z-t7IiFw
74RdET79q40
76ExSpmO6Gw
76eF7lsMstQ
79dHpzYnbFg
7AH0hyY0k48
7CMWgXfHfLs
7Df2KrZP8-4
7DjVXFdcVpY
7E0y-PXxi3g
7F725OGBQ8g
7ICAwl6OM9k
7IFsmV48dDk
7IslDHXuHaI
7Jlc8OxWPZY
7M85Seuaiuw
7PAyNy-izEw
7PawjFKwmMg
7XRi1kczuq4
7Z6gCH2iv4Q
7b_xM9jOZxM
7c_kWFIoMJ8
7euZJa7uAkw
7hoQutwKl9g
7hqfZ5sPcGw
7iXnKVRnyHo
7kfiTp2WDk0
7lGkvo43YSc
7lLM-AG7ONE
7liO7x3ndac
7mVIlRvRlIk
7mZnm1zfo48
7pvGL6AvZPM
7pyRegEIV_I
7s4Tp6MNhHw
7tXrG_bPfRY
7u1_26QTdh0
7u9sAtwkgMA
7v5fEtr3RxE
7xLDJ90HQXA
7xV0k1Toq4M
7zrGc__AmhY
7zxATeDU6wo
8-NPaWwv_n4
8-R0w0Bwlm0
8-_CuPtzoDU
8-z3TGxHuLM
82X_hNfQUuw
82mK9zhdkas
84scxG_dEUU
86WiC0GQx1A
88pWicEbawg
891YNOgU5n4
8A-FD4cRpZo
8BcqU9VF8zI
8CStpNAMihI
8DGf6hHj3e8
8F77WfnlapU
8GIDOrdLieQ
8GdIFY3XV9w
8HbfxgVwAA8
8ITnQzkb-Uk
8IWj0mV2xeY
8Kh9HoCsmrw
8M8pip9A1og
8NJba0gAheI
8P_Y8CUcqks
8RKbnjlOV8I
8SZ1PErWyDs
8SvuN_VXeSE
8WZewCF9JNI
8XRy82BmOuI
8XT6w5lDcjY
8Zx04h24uBs
8_w9CSCCYiI
8c5Rrfabr9w
8d7uS5kio6A
8di-nLWs4T8
8exIynq_nHI
8f92iPYmiGY
8h0_yaSRwDM
8i_q8RgUJ6A
8jN6bf5rfrc
8k2UM-vPHb0
8kdLxyTtwPw
8kuIMJp8hQU
8l7bf2r4Iy0
8pPsZx2HkjE
8slWXWbwkk4
8tB9qx_6duM
8uV445xgt-E
8w4JCXIysdg
8wVXyT7gKxI
8xecD4kMvGU
8xhrQZY8TyM
8zIuby9nr-k
8zQkXRVTxxo
93HKoEYsyIU
93j_AWnLbh8
95h-l4EhOPg
96vBlHCaCnQ
9Bid7h8phVQ
9BmqNcjT1Jk
9EUFI2-aJpc
9Ef-1zSKpHo
9GKPprkqW6c
9HHGBaBGgSA
9IYQlg0HK6U
9Jojps8uxck
9Jt3UFX08jk
9NSQzoG-xdI
9NTGUa_ZUNU
9Q-GjFR72dE
9Se9Fqbh1-c
9V-1igqUoIg
9WSdxq-ET0Y
9WYWaYx_wVM
9WjYs9UaiJI
9Y6vSyLPQL0
9ZiyzcPs-mE
9b0hEdjyWYY
9bx-5pPE9WU
9c1pzZZmtOo
9eFskP1j6wY
9eH2kJWLQxM
9eIQP1z8H4g
9g9HocJOYyU
9gRWxGo29WI
9gYxpzEEl18
9gsbxH0Xwug
9jZtS4utojk
9kTIrB2GxNI
9kyyqJ9hqAU
9mFlW7QTv08
9pDkoO7g7BI
9qG-X8ZOsS4
9r_FB80YBgY
9sW0rj14Nec
9wpXTI2qjZQ
9zDisZEVQpg
A-6mBvCxdU4
A-UbLC9AfDI
A0Lf8eP41vs
A277x3w1myM
A31PGVA1bqU
A5RJoFRueZg
A6aAWXfmzOU
ABNMd6Vt8T8
ACGmCbyUTHA
ACg2PGT4yGw
ACkNqkmCr8o
ADdi63heLBY
ADwVL1S834c
AEQ47IE7D-E
AFCLrfeeAlw
AFN8CN6mqNI
AFlOBAkxuto
AI7AQfJb7Vk
AKiRo0AQSBQ
AMJZT3K1Nv0
AN2dPHX0oxA
AN9u4m_c4yc
APDrPn5OCEI
AQBCgEFwEvY
AUx36ASk36Y
AVNAd3ulBo4
AWJ5N1FdGOc
AWRpL4SlOqQ
AWv-WYkZ-Nw
AalvR1at2XE
AbB51E74u6k
Ad71m0xTeGY
AehoGSFwklM
AfjrpjqdQxI
Agfzt88DZeE
Ah99PZAAbCs
Aimi-zzD5Ks
AnXJkDkVcwU
AsWh-4KYlUM
Ax1zNapzzSo
Ax2kgvsPT4s
AxHPNqkRdYI
B-XV9PUgAUk
B1DrOeu8WXw
B2L8GDr_khw
B4scjz5kHSU
B5EiLm4TBl8
B6HryoK4_4g
B8BFR5ZGDRM
B8sUhYxdAH8
B99lQuCWjE0
BDJuT_OSu5U
BDd-5qCiL-A
BFTi8gWIiVY
BGohP_rqLIU
BHWvev4RZ6k
BIg-L9JDBBc
BJ5fRCrpiqQ
BKFNNEmZAe0
BRAnj2G4iC8
BRFGv8F-yng
BTDF6YergXY
BTDzwFUOeGY
BWJNEAwkntw
BY0ZtRNEQ-U
BZG-sT73Ty0
BZLyhScPOW8
B_ST6kihC2M
Ba4LqLMIfeI
BeyR_9zKErM
Bf17kuBNBC8
BfaFFWNT0VM
Bg3juOc3-Qg
BgymNImxgaU
Bixr23Gq7Dk
BkU9xg_GSTs
BlGuocVZoPI
BpQtW10-4_4
Bpzr53_b4ww
Brj7OaypNH8
Bs0VttVFufg
BsSPbfDOXyI
BsraaXQrih0
Bt-HEMUSf3A
Burge5lagdM
Buyo8joF3So
BvAuvD-eKEw
Bx3jHIKd6z8
BzztHQ4V1uk
C0-LrU5j-eM
C04l2-W-BTM
C1H9pyk2skk
C1TXRn2hNRQ
C3FcpJ9VOLs
C4SqzPJ1BzQ
C5TQvYNey2k
C6CojjP4Xgk
C6_Z77lGt8o
C80-S8BW_1g
C855Ft4htqo
C86rdTaLw_A
C8Q41WnZQKY
C9ZN2xiGbrE
CAMbVs7Pttc
CBt4CNHyAck
CDJZPmlUpJE
CDghV1asy4k
CE8XMMUGIgo
CF24ljlQTlA
CFqbP9VxETI
CIYmdVpQTNc
CPMhoI8UrP4
CQzdmFd5FB4
CRzJw8lHKW4
CV856uXQXnU
CWHMWJEZ3ZE
CX4bgnFMYR0
CZPTw45nzsU
C_KYGy1ZIY4
CbFDtpEK82s
CcCe1oNJdRw
CcQve2AZAgw
CdCloyriVEU
CdISdg_ErkM
CeKarck6AzE
Ceh64zW3K4c
CfRldhRbeig
Cgp_RZqNLqU
ChE_6ZZG3bw
CiFRwR1eZ7o
CipnC-3xTjk
Cj4dhHSJqDQ
ClpFVWr5BFk
Cm2DxhXulpQ
CmvUBgclt14
CnCnzWogARA
Co6gM2hPWCk
Coh_cE_nQH0
Ct8cfFSVUEM
Cv-nJ3q1LyU
Cvr0Fa_Se9g
CvrZXqpxUfI
Cwz5mbhjoys
Cy5GPS0jWLQ
D-fz-6ji65I
D-wmlyoXs5U
D0Zz_zFx6r8
D18GrKTAmog
D41VswPi0TM
D4ogVXVsNWM
D5YSnOUJNvs
D5umTqk7JZ4
D6DZ-qvJPa0
D9dI_LKRDLY
D9sPkp5o5ho
DAavLl25fMQ
DBpB_tGWLKo
DDyVUIU-rOw
DEFi2b_KM1A
DFY-4rGuG4A
DGyeG7B9YsA
DIUBjvY4PnQ
DKu5bi-Poj0
DLKD_O_i7mI
DMxXrKefz1A
DNQofmCUWm0
DPICpA5EQts
DPeRPwqQErg
DQBRkfea0b0
DSegHjM7Q9E
DTAcjJIl448
DUduYtQAV9I
DbhYAbgl8d4
Dc4o7Xd2EUw
DcGhySIF9ww
DcbIlSvc25Q
DectmGd890w
DfIJELkzHTA
Djcy40bTgP4
Dle7I3egWS0
Dm5foQWhsy4
DoXC-OE0VjM
Dr67KubOqIg
DtdQ5r7IxbA
Dtjj8mvJCjM
DuowgwBNEo8
DvA17otM4FE
DvZzaIcuC2s
DwrXeE7O08s
DxNs8fV8J6E
Dy9SeepjzBc
DyNbmgkyxJI
DyjEMwI7huU
E0_j2-pLunY
E0eG_b0DCQM
E3ZwM5MZdkg
E3oGxf_Nh7g
E5NPAb7En5M
E71JmVqazsY
E7PLet4tmME
E8pLlPOjpzs
E9pCYrR9gxE
EBsUIj_UBBE
EBtm-6QMHKU
ECXNZqBrsLI
EF2-vcp1Te0
EFuq6BBbU5Q
EGGf9yrnzlQ
EGtg_wlyt6M
EHF0EYZlQ0E
EHhI95qVBd4
EIfg9irWuog
EJYtuoVwh6I
EKQ94jOnNxE
EMeIOtgRaLU
EN92PF8YH7c
EOULGFMwaXg
EOz5UvtMwNQ
ESxCgFHX35o
E_3ZsMdhxbc
E_qYa0OKFok
EaNofiu6eWQ
EbhZTz6GPb4
EdaoTxpQbJk
EfAwCJ9bXIg
Eh7R_0pP_is
Eip_RlJmvB8
EjhaJBe2pTc
Elwv7Itr1qA
EmhZBOHf7xo
Enf0BlAN4CY
EnirxOIskFw
Eqy2vaGTrV0
ErP-2N109g4
Es26AEvO7xc
Esqzspsr-G4
EuWqDlXqMuE
EuYt_WA6W_M
EvdVONgdloY
EwYc95CPMsg
EyYlqDLK4WA
F0V4FpGnMlk
F0_vJh520hY
F1P6CIO6T5A
F1wh4nmtObg
F3eL_cCQMck
F4CQyPXehcU
F87Mrwj83M0
FBUzhZ4OWmg
FCOqymsneTQ
FDE7l2ijt1w
FDH8FHxCCK0
FF1xn6D8K9A
FGH5o-3fNRY
FIH9NsY4-pg
FIR-oNryLoY
FIseFqFv7Uc
FKUMlYd9ZWU
FNJO3SzMEdc
FNVTCxo3NW4
FOuCKQfybz8
FSW_CnwDd98
FSo2WYvDqvM
FT8IeAnreko
FTjRhktoC2k
FV0jVOzenXk
FV7Htnjl_sg
FV8pyBYRHTU
FZUHs80bB-A
FZVGo3JoAdo
FdlinX95R0k
FfARCvgqMaI
FgZWBj9Tw5Y
Fh08gnDqT8Q
FieAHp7665s
FjIYy4nlmBc
FkNmmrZaSBY
Fl3BhXD0Fq4
Fl8pGMjM9kM
FlJxTJ_6z2g
FlzBO-d7MNE
Fn4gzd2DNi0
Fo21HBc1Apw
Fpn8RsNmy80
Fq3_Y2zbyuo
FrAB9YwzUa4
FsgtVHg1WDU
FsoSv_X8dlw
FvKFpdE8J0A
FvSwkjfMyVM
Fw3QiKEWX08
FwrIN-VxnNs
FxZDqrAI-O8
Fxx9Y0zWZ74
G-Ne_RNAIwY
G-OIjbwDgYY
G3n4HHLam8g
G44dLQZpb-Q
G47pSvX-ZyE
G4he_uaHw_g
G5mWNBUBzoA
G6X1x8CRyBs
G80Jq6ZwnOY
G90kUWaAvfo
GAIt0NP6HbM
GBCVUAxGiwk
GDX8F3yxGEg
GF2WvVgsBh0
GHKzBfRIC1I
GHqQpgQ49K0
GImolaTbLQo
GLhyjVZp0cw
GOEyxr-7ms8
GPXGa4N_F_s
GPfW5b4SGNg
GRZqBH0DRYc
GSSBGWpAuME
GW5jbNdBdvA
GYWDydxNa_8
GYqTzxNsacw
GZ-FKeLH7YA
GZQCOkekvxo
G_-BBniFFCM
Gab9AbRULzs
Ge0ggAtmL54
Gf1wzhRnkrc
GfAchcTSx74
GfB2W8efzkM
Gg8UPciJkAA
Ggelz17cIWQ
Gh2o8SzKwHw
GiQZHEtTGAU
GjO-6lfU1Kc
GjUdWXxJpcs
GnEuSQ1GEKk
Golk7hgIYMQ
GpfFaPov7Qo
GtdzhVrVZQs
GuGIawc1IW4
GwmQMPdE7Ro
GwsJKog_OmE
GxVcO99nG7U
Gy4QHTgikbk
H0yU_UC9tnc
H1RzLNGxvbE
H1wVjLfcMUQ
H5tHO4gQYrU
H672wanP1HU
H6jJZqZS8lg
H8XQDlL8AD4
H9glI_V-MEU
H9jMs-Lcyhc
HAU6biWPwyY
HB35BXsGdVQ
HBCxcxUR3oU
HCRXbdLfhB8
HDmqxSVaGK8
HEMJr_mButE
HG2J0_RezHM
HH9j5I2WdJc
HJOK3fmo8tU
HJySFtVM1Sw
HKh_2eLMTv4
HKhgcfu0Ecc
HLy9ArzleDE
HMY03beH-ak
HNIf5NMiTVs
HNK3a9argxI
HNh1rHMWk8s
HPNi7FbFbdo
HQ7BSslEagY
HQglXr0YyGs
HT9YRGSSyNk
HUAEabZxMhk
HW8Nkw0U4Cs
HWeLe9Hz3eo
HWzWK2xSEnI
HX6gn0GGXBg
H_6OYrgWn7g
HaQahqJjbQQ
HbtbDid_I3Q
HfIlhdfvwzk
HfPHBiO62RE
HgrUzDgjZVA
HhG6Abirc8Y
Hhew1H5cYqU
HileumbF7pA
HlkH0M48m84
Hma7NIsyRC0
Hmnbo2W8gUg
HoIyVnOzI9E
HomxvrRu8eM
Hq5G2liColY
HrRSvfprlUE
HsZTFBrj4HE
HsryTAVR240
HtkRdwn6AK8
HuoxL0tDv-Y
HuqQZRKgrow
Hvbzm9Pl3xM
HyeIdqEAl3Y
HzMtcI-z8dM
I1fAxkjF1CA
I1q4Dq6IvYw
I2qWGEpzUVg
I6HdMd58TgA
I6IYCDhc2tc
I6sF-qIw-fg
I6w5AN_Wcak
I7yh3vqV3Uo
I8iU_FpcX-I
IA4V_Iei5NQ
IC7dvqCts48
ICTsbt1Rlhc
IGLXjZS78sw
IHH47nZ7FZU
IHQlRhKg570
IIXEOtN0byc
IIbIPBBcv-c
ILd4mAYWvtw
IN5iJ5TIn8g
ISSnxPk0Fn4
IUp6ndNkYWQ
IW0LRZ4SdZw
IWDkQS7Ud1A
IYBuJfnVmZw
IZP60CFNzkw
Ib8mYnw6EiY
IcRHQ22wFVQ
IdC9Izv8BnQ
IfOLldPB2uU
IgbGJ7e5VuI
IiUs8-3LcTo
ImOobKVlVsk
Iqot-l3iFz0
IsHAU2oAjII
ItorX_C_720
Iuqv2J-yZFg
IzPI3foB_tE
J-35uXfa4X0
J-G7htGqt0M
J0D_4JCiTs0
J1Zta48p7FY
J1cK9dej6lY
J27UfNhButc
J3XXeCrd8G8
J3ZDYR8ww1E
J6c-BHyVg0A
J8xHi9C9tZo
J9rGHnuUee0
JA6SaGfUsZM
JBlu1y0BF0E
JCHQb6Qki-4
JG1iey3CZWM
JHa4FjjCepo
JIuxR5HKyDY
JK2D2hMCsCU
JMH534ZSRJw
JNiY0RXxFZY
JPGJftw_OFg
JRXHxqMrOvs
JScMumYm6w8
JSqlAXb3g94
JT7NRZtkahk
JTcJGFIwUHc
JV3OqaRmBk4
JVlOy6JR9Lg
JZXNS7FnGs4
JZbHtN48X0M
J_G2wAyEBt0
J_Yfwqcx03c
J_n3wupU2dg
Jaho2mbaVGM
JandmQMtce0
Jd-tpZ1GM6s
Jdtffymyh6I
JhQTjS7qqco
JhtY7bDIeKI
JikoGevH9HU
JjqB0vZ_2qY
Jk59YpUc2dA
Jke71aVhR5k
Jkl1vMNvvHU
Jmi9aY2FPGI
Jr687rFRh4g
Js1mKATxq0Y
Js2qL3Mlfvo
Js8ypOPydsU
JsaXIzMVttY
JtQglRDrCXs
Ju1ycCb5k5o
Ju2WLQ7-i5Y
JuWiBA8-A3I
JvZbvT9jLRY
JvjD0hQ8ZR8
Jwmp6HcydTA
K0kGP8Q9RjI
K2T_aSkVzso
K2W2voe3Dck
K5xuIp-bqmU
K8ypDw5PpZU
K9hIqkkwS1c
KCi_V8Ljb2M
KJI96x9gXEY
KPUgR0DlYVg
KQ038pNm15Q
KQU-4EJfrkg
KQu3ybptmWI
KTah_KNWOUw
KUGtBzws-ic
KVZSJXapkQo
KW4kPqnJcTQ
KWnau3Y4zBk
KafMcg1OC50
KbTOUbQTHwM
KcKvEjQgKxs
KdOnOyQfdq8
KdtRCWUWJ_k
KeEADLL1ePI
KeueZbqFx0E
KgjPt8PCbKw
KhL9bDVQ9HI
KhiLVPpcOt8
KimfCXmF8FM
KjH88j63sKA
KoihlAl7ugQ
KpR7Ekb6k5o
KrCwCZTJGWU
KraHsCjY8_8
Kt4f_gcEnh4
Kv-FoHyCNg4
KwPkE7oDfX8
KwguwsXkINY
KxzqBtYoQWY
Kz7awvkWYYk
L0qtOkQvais
L1UAq6ORF5Y
L1cxuhHg0dw
L3Kq1tXhBYE
L3ZTJtfQScU
L3g0Jy6OrKE
L4-Kj3igUMM
L4Q1rTJMKxA
L4TCa8RvNvw
L6PRGn0G_Nw
L6bDpI-rLIE
L7cAgiyaPVA
L7vmt5DgkMU
L8PlB7DeSDA
L8U7qgD80GA
LA6mvxwecZ0
LDaA6ULFcdE
LG1e6c5mRz0
LHaTfXa9SVg
LLXX4QS9rNM
LMtagDfoBGk
LP5O2vj7x8w
LQipDd9yQtc
LTZ0wFMeGqM
LTmeI3X7b7U
LY7toBxR_fw
LY8iU9mbDiI
Lay97CdP0OU
LbGSGYwMe48
LcZdeStCKh0
LcjIjue4Scs
LdQ0FwsFWtM
LgZk8d9TdX4
LhJPbzaj9b0
LhtA4flluGU
Lhw_s2D8jCI
LkHdq0Abt3E
LmBu9rcq5gE
LnxehZpIZMU
LpVP75lNDM4
LppgxMwAC04
LqAyd67L-Gs
Lsz_5DrwtNg
LtbMps1PDFc
LuWB0_nstjE
Lv4Xz_pwul4
M-UNjaW1v4U
M-ZH3psUbfU
M-Zb4jljDOU
M0NC4-Px6rQ
M0YpIVIRpQs
M1YdAdy5M_g
M4uuFeKkNiI
M5cOtUmjASc
MAFhPQVmm-g
MArbUOK4haE
MBcoTHlD8r8
MCgBOIk2NUc
ME6KtNkRgPc
MEf9EtWXk8c
MHG1fMMtnXc
MHLEtoNXkU0
MILsVeep4UI
MIzcLKMCYb4
MJYiyYs9qWU
MKO2HMxHv5s
MKqiX1iT50g
ML_D0oScC9g
MNYit9J-75w
MNqcWULNehY
MOGEXQYSBK8
MOSYwVtg3Z4
MOY5ULf0xXk
MPrlwrrWPUM
MQBnfxQ8-Bw
MSzUJ_yJW04
MUtiDwAn5O4
MV-clo9Mph0
MVIv0cS3abw
MWLy3cTXtsk
MXxcqpoNJKk
MYCvaVqZebA
MZMSs2SLmSw
MbVHVy823FQ
McXTP0bMq1A
Megqqyhu-7Y
MfDNHlezT6M
MhUwBx62tt4
MhldkvdS_rM
MjBcqWFeCi4
MjwXDuuMW0s
Mk2ob8xTCSs
Mn0_i5AtbD8
Mp5oqJ89xDs
MpCUprl8SIM
MqYCjHhg2w0
MrMLwvihFQ8
MrR97tzhRgI
MrRLTxSZp74
Ms_69yoD-iw
MuvYTjcr9Gc
Mv0_NBzHspM
MyLUiE-XfQI
Myinx7A5FtA
Mz3CE1eRVFk
N-7VFyCFqv4
N-xsKfHcUFg
N18lCR-buqA
N1PSwo1_DX8
N5DcM4uJog8
N7PnUfQgn1E
N9w13-r6AhQ
NB7TcqWvNIk
NBIYl1A_Df8
NBgbUHeT92I
NCIGxxG4tkI
NCNXbAFbWn8
NDJsuvz6YD4
NDxHm2zVf6M
NEJPohE4Abw
NH548IwjAxk
NKEuDI2CxDg
NM04jgBDxAI
NMPqITbJ1dA
NNgdcn4Ux1k
NNgwr2dFNCA
NO3C_AluvZE
NPATmaprDRI
NPeiye3MvfQ
NPsAvuv7gyc
NRFdxLIPFRc
NSRJorveOgk
NSaeHhdXTY0
NUxLM5NO_rY
NYJ9OnQbnos
N_J8SX-3sxc
N_UzVrQCTsM
Naa0NMWolzc
NabmiY1IRQ8
NfnkSj97ono
NgTP8DV7_zs
NgfFf-qSOJs
NiQ2ZQ6gKgI
NiakKUzGIWU
NjNLLCIvBLg
NjYICpXJ03M
NlvgA7PVfRc
NmAHbLXpteI
Nmm-2UIWZLE
Nmtnv_D9k7M
NnCl6RFl7v0
NpqhfYYNsv8
Nrpk-pCdH00
Ns2NTLAdrYI
NtZKGlLgfQg
Nu7UNSioGro
NulxNymk7fo
NxX_CiyeYKQ
NzsmuxUIJLU
O0FW0TeB3tM
O0aKUU-ofLc
O1gtBk3Gb5M
O2zwzVm5Xe0
O5V6mqhJ4VI
O64Iiv3rOmE
O7qccfGr4IA
O7tECdjQ94A
OAcGsDgqHe0
OAzkNDFEm3o
OD2rS_pwoT0
OFlKoldkYqY
OGSd3WbDvSs
OHBbkXZ2TCA
OHPJbUsyNjk
OHQ7oPCWqTk
OIs8H-N-Isc
OIzqaZZHy4M
OJ_7vI6DbTw
OKSySl8QzIw
OKh0-fDcRa0
OKvQIocURlc
OMm5AGZ1NVw
ON5eIY2Cl3k
OOc9n0WVdNY
OQEbuEHv9nQ
OTOMkjhETME
OU5RRDQdqec
OWyVEzPmOd4
OXqaAYQJbo4
OYMhAsViCpY
OYUrtYjDpAo
O_KTP01XxBc
OaRFbFJuZ28
OaofKcfZe-c
Ob_fe2NKymA
ObwuwSGYBzs
OcNxKPWAiR0
OgIHMQUsVPw
OgWzAa7dRcY
OhCv0-Uggxo
OjHN2DSbn4g
OoCo5f8hnqI
OohanxCaif8
Opt-AkCznEY
OrdxVgGD1hE
OtivX0JQpgE
OyIUx2EHjVU
OzZFzunYkf4
P0X6KnL8F8g
P1Alev0DNIE
P2xXT_FU-QE
P2zuhQOILVA
P4oalFULYDc
P4zMtZyT_tU
P5mJPMBe-EA
P82AFoRRhfI
P9VCQiHSDsY
PAJ53UTRVK8
PBb8Sf2thnU
PD3qYxeabes
PDP3R3CWxkw
PGKcJ-YJIMI
PKF0eF89Fy8
PMOdqFuob-Y
PPiFYkDdR_E
PTBrKvTOtuk
PUZieWb4QkU
PV40d18JKQw
PWmPBp1aN1M
PYd-Q_CYmKA
PZvkRn0aRaw
P_Ql-cPaBBs
P_YvHIG4rB8
PbNySdyCeSk
PbmjiSxLBXk
PcG25n3e71s
PeZJQYsqmGM
Ph0Pw5MIIgA
PiIoLfHlQgM
Pif-1bTmQZc
PjP1A8XV16Y
PjymD5Kldd8
Pkeo4YAG5PE
PmUbfCrjx6g
Pnj36Gp31RA
PnrL_9V0QMs
Pq6R1lef0a4
Pr106cdgklU
Pu8K1ZyJPLo
PwBxHguEEcg
Pz0FDmiwEtE
PzTT4elEUQA
PzwJgOYrQS4
Q7VkYMNcPi8
Q8_f6KwBrs0
Q9uuDxMp_jU
QC3AjT5MSR4
QCQGMnkJJ9w
QDYhaDp6oq4
QFOERM-w370
QGEKJ52x8dA
QI2G3GSJeik
QJ3oTE55fjw
QJDvEnKhz3o
QLlwsKMDxA8
QMlGWf6B29s
QPX1Zya3ow4
QR8nREzH_AQ
QTXIf2qCCwg
QTromGe_WHM
QV3aldRF1Oo
QVMG0miHbdw
QX4p1yTAcV4
QXheg9TaOzM
QYJ0gYQiVaM
QYU-cr7bRvE
QcUcbrvnN4g
QcWSV45Sv7s
QcYHnHRnEjM
QiMJ679vhcc
QiR3WA08sWo
QjJB7QFVw14
QkQCMxdiatI
QkXondEmB-g
Ql6aJmKNzSI
QnFncEcD32k
QnW0qwfD0ew
Qo67gCukdDo
QoCMXxLQxjs
QpYkzToloo8
QqKVPoDhc-g
QqcpPqY3yPo
QsJXQ33U20I
QseLpm98MFs
QtDJ5Fxwh9Q
Qwv3SoKzYu4
QyjAJihYst8
Qz0eJA1TP3Y
QzT1EYIrpRc
QzxDIKbOp_4
R08YrYN4LXI
R1QPZG85I0c
R1SvC6sJAMI
R37bTwya4TQ
R48cWEOcZpk
R5cyNVDaqZo
R6zStewfuZs
R7CaxpbnNXg
R7kD2OKdVjo
R8cP2QLiaFI
R8tyLFFTOeQ
R8y-gGbcVQA
R9MjO1lzgnw
RC5yGM8fk8g
RCswhY3_PSQ
RG9pCpAxr2M
RHK1nNF-ORI
RHPJmXIVqJk
RIN0y_GXbY8
RKh6N-sMBkA
RL56Vi-6gS0
RLcsIEG8m2Y
RPHEWAYb8bc
RROiolDA9qY
RU6PKNF6Vhc
RUSIG9EqRrI
RUj4dTd2zO8
RXyaY79qbGM
RYSvCb14JjU
RYyvziG5ruo
RZ5WeRmS-zk
RZysJvnDCFo
Ra2GepxjUB8
Ra39wPbEBs8
RcgxJ6a9eMM
RhFEmEcnYzU
RhNQCEq67sc
RjojMqKmbSQ
RnAlfKfZjik
RoCgfMUyrNE
RoP4wpbfCgg
RoVnb_TlJ8A
Rog9JeZbzbg
RovP8U_SsIg
RpPGWN7wix8
RrDkIB-0ApA
RrMptmNYkSw
RsrGkhWMsKA
RtDD-uqlYrI
RtZPUGxTjuQ
RtZnyOE9uN0
RtrrwnqJLx0
RtxUh0eSWi8
RvtZKBLGJss
RyCNfbngB2g
RzIZIYLKK0Y
RznwbW_hdoM
S-TXNUt8Svw
S0HHfq9845w
S0ZWtsYyX8E
S0z_NlwBQfM
S1hpPjg7MiU
S1obYY0xWHw
S3sAtW-7JcM
S4JlgS3hkYE
S7N0DvIKOcc
SCoFeG1hCJA
SCrHSj6Wys0
SDRuk1Ydt7o
SEd6Qpe_PA8
SHHTTEBYASQ
SIV5x-AxELY
SIidgUD-piM
SJT_mJOdo5I
SJa1eKC0GZg
SKdj-qVeGLo
SLdVTVgPFls
SLhf_6wJVlg
SMOkqyehOxM
SMqL6u8D9GY
SO9LuDFp8k4
SPjaRQG5WaE
SQuhXLzn4Yc
SR5_T7VOSnU
SRwW8NUG3OA
SS3HygCi20Y
SSs1WBxAiDE
SUGt1ll1CZY
SWZYOdvxpoA
SWqIYDXyAkM
SX9oU3Fr2No
SYi55pGKK78
SYq724zHUTw
SZF0MFm9pqw
S_G9k05Fm2g
S_QQFEv_GEg
SbH6zj7R3FM
SclKeQdTdOM
Sd8dKTulNZo
Shr_d4PCfaw
Sklnbnky33A
Skt7VLm-3dU
SkuLbPFY8Ns
So7NHsDim0I
SqkpKoXjzoM
SqoDt6ew3HU
St8tFxR6wNg
T-fLETACDyY
T03GuJJmlsc
T20Ek3UtZXw
T3Ian1qjwTo
T3sxeTgT4qc
T6LDF0acdVA
T8tmfdmYChg
T9te1dcfXig
TB7Xmch9isU
TBX9gaBgknE
TCDILveYh64
TCgIi8HT-r4
TEekq0e76no
TGOsczCKidI
TGePiQD1oPQ
TIM4_88Pi64
TIti_pyKviY
TMs7uQPckNg
TMxAbNAVrzI
TOJHzZupwfE
TObycjfkfU4
TPPNPKlIubI
TQrWPNXER4c
TRH-6VUURKI
TUyn2pA-Hyc
TYEgrSD268A
TYO0FLvpsmc
T_CXp3t9Oys
T_jF31fo7Rs
TaRmhyauCFA
Tc9T8d0_kjs
TcNhxFAzVvs
Te1ar4n0l0o
TfB3c6lBvPg
TfaN5YsbN-Q
TgfYblF4PEI
ThiU6zH4R7E
ThlfA8Xsd8w
TjEKEmkX_NE
TjePSB6cvPQ
TmRdpw52Mww
TmiEkVdpk7s
ToGsJXnoXFA
ToR9rICFCLc
TrEd-we6BPw
TsaY9Pj3ZzQ
TshO9LirtLA
TuOcfbEUpfc
TuyjjAHNEkA
TwY9rCWTzBg
TxRP3MC43XM
TzkI9Y3493s
U-NSzG7bXN8
U0NrMV3CsZQ
U28eFK-wM2g
U61x1xEP5pQ
U6RAOpWJK_0
U7vN8AAuyOs
UBAeTRdaBFc
UBiG7eLCx-k
UChcE17vXUA
UEvhjNvV_9c
UHC31chT0mU
UHVPU2x3Rjk
UHX-ZxUglag
UJrrCGHJWc0
UL3zvcpuYUM
ULI9dH4VBs4
UMnt6xZ_zmg
UNbgIxL3PyM
UNrjYEF-7Lw
URasoa9bkK4
UTFFR61xVbs
UTmRfgVg8fs
UTqY2pe80zE
UU1aBFZGt2o
UUqv3kVZi7c
UZtxfSq1kgA
UbRlumFvgr4
UbZ1x1GTvWU
Uc2VT-oShv8
Uc35DjPXm0k
UcIeseXWw7Y
UcpmwBOVp44
UdclyOriA1I
UeWYyXigYoo
Ug6zNq4X6-I
UgGLx5cGxcE
Ugvw_81I0mg
UhtCm0JT-hk
UirSMtOGLMI
Ujp_Ql8LVtw
Ujtojb39VDA
UmOGwZTXlZM
UrxYjGQE9wo
UsVXG2i0ouo
UsZUkDtk5DY
UuC9OvrOStk
UuMOQAVpI2c
UukpRuk9LX8
Uuyul_yD1No
UwrDjszoTPk
Ux-PXNaAXiI
UyPMS3Gvdko
V0-OTv5_270
V3CN_BtwFG0
V3y_Qow7ncg
V4UrTa3jGz4
V7htDK1RlMc
V7o5SlBsS6c
VCSZ40euX_U
VF9qB82wj-Q
VG_97FttX7Y
VGvE6vUCP64
VJYAkKFH0NQ
VMrn05YSXeI
VOpdbmnTgzA
VOwIUT2UE-c
VTGN6cq22Zs
VUvKqPGfjBk
VVC7ROPr1jo
VV_kArap5TM
VVazLmlugZw
VWWQ-YOzfBw
VY6TzB_xH-k
VYAj7nSwbDY
VYNdfdCsMfM
VYz4nuMYAg0
VZJe3kflgzI
VZkPW5xbuiU
V_6l0fNtfK8
V_i3QdBXR5Y
VaLz-DWZZN8
VcCAON2oups
VdPtyqDhpqk
VgHPt14CaZE
Vh-ksLBiL4U
ViVAVyu1xmw
Vj8lIL7Dy4M
VjvC5h88-OA
VmfNdA8oqU0
VqWZ-8Qdd6w
VtdPKvsug8k
VuUG76i3tqg
VwBTLL7jUU0
VwjP7A47ZkA
VxCa_0r60y4
Vxl0slUhQdw
VyYT6WjmGTs
VyZaFtokehI
VymDqiQXRCM
W0BxBAJMOkE
W1_qZ9i3oyk
W2I11DZfaRI
W2SwaTOOXSU
W2fcJVtLspM
W3zRiuUBCGo
W4Fjey68ARU
W4Or8saWdxY
W4aMifXfEko
W5kr7X7EG4o
W6ZD4OMeCnw
W8a7mf210zg
W8f2sV-ty0U
W95nrD36S3M
W9Nmz7LbWtA
W9jcK0169hU
WAYvogYB0uc
WDFuFhmA_fo
WDkb2c3a5cI
WEE86-mWdCY
WGtapq2jv1A
WJExQSOjRN8
WL8ZicugotI
WLZhl_vdb7Q
WNdr-Ro2r8w
WOJ-Davd_r0
WObvXtwZlO0
WP0SnlsK01k
WP60TOi2N_M
WQxUEiqCn88
WSwmv90OhSw
WTgLNPnjnkY
WUX05c28wvc
W_cVQBfNZTI
WaVZtHebQf4
WbDzGF2nyGQ
WbKAjtPpRkI
Wdu67L9RMsw
WhBIKQ-nkzA
WjBlFyyyPQI
WjbeXCkHJ0w
Wk6y-PxMwSQ
WlL91z45dls
WlnHrGka24w
Wn9wscrUsmA
WpqSHqXbq-g
WqEqKk5Z-14
WsKXZkl0yCU
Wt-MrwIEDRM
WuVerFeu9ZM
WxqDCd6pIYk
WzHwDx5Vmq4
X-NiXmbGGWw
X4TmcKeNeTA
X4arX36FLOk
X4unlTtt8yI
X5GUx7Dlkn0
X6Vhx1O7itc
X7NYOzwGe7A
X9pJ9TphYAY
XBhv9P-1gMM
XBtJ9_388-8
XD4G1TVEOuQ
XGdYPU0bxXA
XGz9JorMiCk
XKgxirzSMLA
XRBvy69pihg
XRF67Vyq4U8
XRxTq17-7A8
XSfG1BD7Nqs
XSgUCMkt8us
XSmzv-cSrdY
XT7QLRepIv0
XTgim8jtQYo
XZ0tsG8KA3Y
XZjK3VQvl8M
X_-EGqBjQVo
X_Ot9F-0Chk
Xa0-fzPBhNE
XdkjMzYITbI
XeHYzxyH9_w
Xh9M_-MSo1E
Xk25_ZzF_EM
XkgoG8LPo04
XklQac5WLs4
XkyJNbvX9WA
XlvfHOrF26M
XlzNk_EpWmg
Xmd-ryTsz40
Xnig8WHNhAA
Xp18X_pHBM4
Xp9zyeZSwDA
XqvOS_w7MUo
XrgrHwVhdT8
Xt9YkzbLRF8
XtTld1x3uMI
XtVYZD6kYLo
Xu_3tc2I1vM
Xw1FLkYzNjw
XyYWQBunIiI
Y1-5YDxaYg4
Y1DdrnY-Qus
Y22fmAFdZqM
Y4oEsRGvXl4
Y6Yqr8Z7XAg
Y8OKtAkNMb8
YA0ggWBLmvo
YBAt_zwSFXs
YBD-HxD1gf0
YCvR0Bkgl1c
YEg6JS_m3Ik
YGNaRFEa8PI
YHnpagQnqZ0
YIiycF2vf8Q
YJ19SS1ezRk
YL1WidryyzM
YMFnF4vwk1k
YNjSlgaDyxU
YOJ8J8cCttQ
YOzyibq02Ic
YPi13RuOOdo
YQehg0uGBTY
YQfpc9wZEjE
YRZL7baq6u0
YRgoMPqz8VU
YTTxp3uGGKU
YUl9uawHIEw
YZXEWNw65w8
YZs6It_jh7o
Y_rPhvxaqi0
YaSuAowUAAw
YajIQIK9voY
YbBkGGMHeP8
YcIlDc96Azs
YcNC0MOruhA
Ycb2Zo_GTUo
YdpQxoFecxo
Ye62fKlMLTM
YeXpmAu4VDs
Yeyizkz7FUw
YfHu1RdEcl8
YjSb96Yn-88
Yl0Q4sAB13g
YloV7swWsc8
Yp6flPn7fHM
YqXBYLY5hf0
YrGuJ4Pkkuo
YsWEBX18QGM
YtKQmJlyC-M
Ytevf8Ejmwc
Yu-63n3eWfc
Yx1ieEDHfpA
YznYewsepNA
Z2JlxAz3Mvg
Z2blK9u6Xog
Z3dxyJcmYfw
Z3rLOkHbsKg
Z4C3uTt02as
Z5qi9vMwc7c
Z7QZfo5RWc8
Z7yJ8TpMnp4
ZAOO7h4UIMU
ZAYZWgGxKO4
ZBDjRc3U8Jo
ZFySnZMyepM
ZGlxpApvLf8
ZITBxzjN8SM
ZIfTpDWy_-s
ZIm2yamp-l0
ZLsweL0sXXA
ZM9JtWBGOck
ZNzYLYkO-yA
ZPpY0MjtltY
ZQOyIDp6Xg4
ZQQ65CeVy4s
ZTcBG9exFk8
ZXFNWGzUFFs
ZZeLeaNWNNE
Z_kzwSWYeFA
ZavTXKtNjVU
ZbJJ2tYkj_k
Zdi5tjW9Xlw
ZfK5hTGeq7E
Zg_yj0Hadfk
Zh671tVVPW8
ZjN5GPAVDnY
Zk_SWuv4j10
ZlljQbvkJu0
ZmUTz0FpIGI
ZoV_qA11p1s
Zq4x-Y1a7xA
ZqsnZX-p2qs
Zs71UJXCbqI
Zs_g4YkTYYM
ZtQRQBeSajo
Zw-FK9Z195c
ZyPirLvsguA
ZyiBb3LZFs8
ZyzMy8qL0hU
ZzQhdod5zGw
ZzSQT7w7RLk
ZzuU_Aivxzg
_0giZLblT_I
_1ZxAKL4rs0
_35WU5ahoCk
_4eSiGCdLVE
_7OZYN4Uxw8
_AAQE12cwh0
_AEEhCKL-PI
_AK0piYpBDw
_C-KxX_xM4g
_Dr30ri1wjA
_EpaA7seSSg
_EptHsfbsy4
_FBjocODLto
_FI_t8J6un0
_G7_GBNnzwU
_Htj7GSaZxU
_K1XH8iClfY
_LrBUIv_KKM
_Oflv3u0HEA
_Rdxlnh6Czw
_T1jiDvFR0k
_UXUDU1h1XQ
_VKnGq1_5d8
_WVeZllTp4c
_YCinoU5qYs
_Yn4alfsNVg
__diFFviqw0
_aLOXMy2Ha0
_ddGaEc16hU
_eJeNXXgVOc
_gsmR--P-Xk
_ify0d5xGv8
_lOKEJguvyY
_lUw9yiwwLE
_lWEJ2nNweI
_nEog8v-OMw
_nQFjyHPrDs
_ocel2wgxYs
_p7M4DI-yVE
_rtGsN2Fnmc
_smZTnNnU2A
_sz-RerAzw4
_t4SOqWC6jw
_v1BNlr2eA4
_vOqNhbGMtw
_wdDpc7NEmg
_xp2MXK59u8
_yliuxI8S2Y
a1s-epzlNuk
a3Q9xSBrgzY
a3wjE5GCBiw
a4Su69WA0KU
a4TIzwbNv3k
a5QiTsuGceU
a5U5qYSHI-c
a8Xgp7MbLHQ
a907uldureU
a9l_1dqi90w
aA1LOz9liag
aCEPniTjsBY
aChqmC74zfE
aDET4cksiD0
aDHWbgEufYU
aFOGvAHSSQA
aG0n5FXfpwI
aGqj7yLIsdw
aLxKAQfYPcY
aNjqrOvK5LU
aOoWfCIUJvM
aQb7oD6rJa8
aRjPBGeSK6A
aS8NbrKNJGc
aSYoWi5XosA
aTJvjUn9d5c
aW-iuYTFpGE
a_-MF_ZZteo
aaxPMeVasCg
acI0DukrUWo
acsUejBeOvc
ad1BHES-MqI
adYp_ukzYvY
aeEdbFriirM
ahbzFsIfnps
akHyRX17HXU
alVGZ2ao4sk
alcnAvoIWWc
alvnrhNzm5A
ap6YnLrHzFo
apA2ZtBTHpc
aqnDvhI6kg4
ar42e1w96oA
arXozoSZxEE
axenmlv4xm8
axzBCHaYEv8
azwNneUBkmI
b0K6QxYM7RE
b0Rda-KLwSM
b1eXAAIwktk
b38hDcy6l2U
b5opPHjUX5Y
b6iF8W5ngqY
b6xQpoVgN68
bAJfXiDi3gI
bARJ10lQPlE
bBlKAp1U5Sw
bCqFkD_ckgE
bDfqtxKEThI
bDiSFpPBuok
bDvOUK_yHPg
bEcmHgEI0PM
bF9xA7rKk2Q
bFWcjkPrD0g
bFrCVgifCpo
bH10x2r9kr8
bJUjtowbucg
bJWVgHF7aqo
bKg0q50oRt0
bL4fvtXNOV4
bO80GeDr1f8
bOsJtZ0CIu4
bPWeStYUN-A
bPtSMhnsdxU
bR-2gfP8ke8
bRuCZyu6kQ0
bRymHr1PPHw
bT5MhE771PA
bVMzw2ODHOI
bWrS8y16fUU
bX19pKW_FYs
bYHDK6DOWMQ
bb1cuYU09Ck
bbQMJvb2wbA
bbr4bozvNp4
bfnfPOv0V7U
bhYcsYO1yRY
biyTirl3R-A
biyi3qzcSv0
bjeTL_q1-8g
bjvMt0xaSUQ
bkfCz_zmU9g
bnH0xTHhJdo
bnZWWJsxC8E
bnsgsPjILyQ
boiW5qhrGH4
bqEsq5Fmh10
bqbkPhkULbM
bqmV9LTq-Rc
bsjOOqdzoKI
bt-SRowTfas
bu3q_pl-c3k
bz6w7H7O1x8
c0Q3SB_Zdoo
c1ARj4LpUHA
c2c5VVGJZwk
c3886AsPz1A
c4rHzFTaeck
c6Y2UWjeMAo
c7pVLwbu8pE
c80NsKtu42Y
cB9U9ef0uPw
cBUIoiHLq7A
cBVQwRDBDNE
cBYRW3MEIAg
cCTm3YC_yeY
cEG2ZwzVNL8
cEOF-3ssaDc
cF4DdHLPVc4
cFUT9wfR3_c
cGFKUc3eCDA
cGNOaG0Rd3A
cGfmJTMVA0o
cGz7keLN6qQ
cJYDk8tClz0
cLLsc4Hlo-8
cLcUdEahLms
cLiV3-Sqf54
cMAPgfOEo98
cMMiaCtOzV0
cNj_S74ZKlg
cPTlT97pcIY
cSx665cP8NE
cVKMHYZEqpo
cVhzVGxElqw
cY71YAiuhOA
cZFH4J6X4BY
c_CjM0-hxPc
c_WPqA09Cbo
c_XHocdgPHA
cbD1W_njOyg
cdlbaA3cR5U
cfh3yhXKc4A
cgLmuB3b4Dw
chaWlJCKLK0
ciGHq8RgQQw
cjFOfxhA7BM
ckBxCNibs-k
coFcFuCK-FQ
coR1gMl_6Os
coT5CmnzFFo
cota7YNdouQ
criA1fDkqR8
cuSmkRqP4rw
cvHkteWF5GM
cvXhPYuOPLs
cvlAJWQnt2M
cwdIZNwStJ4
czATCtBO2mQ
d-64KyrKelM
d2mNgJEdFck
d33gm4HuaRE
d4fzWE0dEI0
d4kHPl9HUcM
d5Uradgn29U
d5eAkm_uZzk
dDm2rArkkKo
dE8BYJ-4k7o
dE9A1Zg617U
dEU5tUaG3Yc
dEi_bQeUgqM
dFI66IckhPU
dFjp1ruWjao
dHBTgRXaAts
dHTA4NmSZao
dJ-cq44bxB0
dLHUIgyhjNE
dLj643dXWNU
dLyt7H7gyhI
dMFC9EECov4
dNEbRPqJ0U8
dPH2e4R9X2c
dPphJ5daxXc
dQ7njK_xPQs
dSC6aMScAZI
dUmxNUxXYrE
dVJHOfak0uc
dW4W6RcxOJQ
dYKxJCrLIsM
dYoapk51MR4
dZUBsvENhhU
dZmCEM37Afo
dbEINX0F48k
dbKlw2nCcwg
ddd8qDk3A0c
deIDOaR7eyk
devfB0ix8Yw
dg7oWB7ZTmY
dinfiuGqoQw
dj2cgfa0zUk
djYYead__-Q
djrGU3De1YM
dnCa_NOfu9w
dojhP_1W5tA
dqlR0Ry8YTo
drfQYvhLr20
ds0N0YptL2c
dsntOi3Rg-U
dt6E6ypvpmY
duAkilftb0k
dzwpMAkoq7U
e0CSzWp85Vs
e1CLFJkTB9Y
e1igjq-Nx-c
e3Q5GmLRySA
e4xf_heBeDg
e8bTMZ5kC-Q
e8oiVMHPHU8
e9C_cgL2150
eDhJy3-LvYU
eH8Gwp3JetY
eHn15-5omjY
eIv5NoZnGws
eLVvvWaJUVg
eOMeBkzoQ-w
eRHQ9Je89e8
eSSLnfiy4fc
eTdyycX-n74
eW7aMcN0D4k
eWfxtv8BCCo
eX3owy-eT9c
e_qCLevbqxw
efcp_Hy-g8Y
ehOEgY1mb1I
ejddZ752fuo
ekPZTqyE3yk
elB57YKB1nA
enCuUb4Z-RI
eo6mWGrPX10
epH28MnTZ9Q
euV-xu8MGB8
evddE_D0JNk
ewN6V3NK1h8
ewTvrqpBvB8
exGuY4WKxpk
f-XY2qzEkac
f1IpINeSwZ8
f1caJQxUH7A
f3kqqQSvLxQ
f5Hc5I439Nw
f5r0p4v-Gf8
f6bFpzinoEg
f6o9A-oGI1s
f8GMUNw7P-A
f8MF0ZMfI7Y
fAaLhEEOVZU
fAmue9H78Xg
fBKLxGzP7E0
fDYIqTi-Nug
fDhrYpjFMyc
fDjbLqG5tEw
fGJnLjVVosk
fL7SSHD7fE8
fNqE5tmx2oE
fQVwK2CsLHo
fVK8ocTyy2U
fVoU5JuURQk
fW1YSpbSamU
fWSRVPaKZ0k
fWshjsIrUSI
fZc4mFUXE64
fbEpLVdXHB0
ffNE6Qynyxs
ffnp1cuyn4I
figX6U2JF7o
fj0l5r0pe5E
fk2kMa1Ray4
fkKkDWhVjuI
fmsjJhHQ2FY
fo5QJEgkpW0
fqeg8XaZ49o
fs6hdsUbLlY
fseF8B1vJ8Q
fw6pSIFJdzU
fxQ_JsXLMJ0
fyCkmdda2Ao
g-GJvZr8fXc
g02D8Uu3GmE
g3GAQHW8wnY
g4M7stjzR1I
g68iAxRr0cY
g7u-vOIy2X0
g8mdNXtDX34
g9V2yz4y9YY
gA1ujwmPmiE
gCO795CY7vE
gEQVyxk1kjA
gFgjVBdeb9M
gFqkH6FYBIs
gGQBpTtsRVw
gH5kNCsBRiE
gK-dpKDlOVg
gKZPPYWTtvc
gN0QvvXf8g4
gNCmY7sPphc
gPi2zTtDpKs
gRsdI_4RNSA
gUG0iyVz_6Q
gXg0oi6JsiM
gZ08Tu4bITo
gZspJoP0OQQ
g_4tgRYljG8
g_DvPToqFYU
g_NZD8CEhlw
gb8UwhLvpTI
gb9NvCrZou4
gbyY2AQ_hdc
gcU4pRBN18M
gcdQsriRHHI
gk3JF0a0gQ8
gk58kcfLglQ
glDQRBRaxzE
gleCSDLVmUc
glz9lKobyZY
gm5Sls8hHQo
gnjW3d5BUps
go6HQjpIOGw
goAB8OlSswE
gp1m0ZFjHlw
gqdoGVBsauQ
gtSzA13h2B4
gx4H6ZlV_vE
gxPw_bNlh6Q
gxfE-zharpg
gxtVDEaYjHw
gyV-0IshzFY
h0pIaphA_F8
h1UbLbLRLj4
h2jEmXMXryg
h2zXgDwtQjc
h3Bu7ZhU2KU
h5w5XYvTAlU
h9HgrS3ZV-o
hA-KZm3dkCA
hABXmjIquz0
hCo2Woy09Yw
hCrnQywINhU
hDMrkrSEv2U
hFIAQYqrDzw
hFJcY7nrUfM
hFoItZlYARI
hGikyqXiXR0
hHt98WE5FxU
hJqGhQU2WBw
hKbkaQOUEZ8
hM10jjMvpSg
hMwpNVGpb7I
hNbGwAb3Mek
hO88hiApmUI
hQ7WWogLCgY
hQp1RrSp-HQ
hR045-G5sVM
hR87j8Elnak
hUE0Q7lv94k
hUaqY-jXUaU
hW3WIAe8LyE
hZzQmS0mRK0
hadQV3lr4M4
hbWr0knbqX8
hdh1YMkgKdQ
hfUEEhq5Muk
hh5CfUR8VNo
hh5Qf1Q6dQE
hj5QAIjDulQ
hl2GIxZCE68
hlnGhop_DP0
hmNLEk0XOuo
hngWC8LpMqE
hpBOroMW8lk
hqG7jflWpa0
hqPvxdGaH_8
hr2-QibuZlY
hrdxMUWYVag
hrf7vioA2MA
hsXMTS59WrE
hsahmcygcMk
htoVOuqkuZE
huAzmk0Hf2Q
hwBVzcGGGEs
hwnIevr7qng
hwpCrcO9rWE
hxKYtSHO1RY
hxf3323jvY8
hytqW_xrFYc
hzitjzYAzOk
i-UR562875A
i1W23nPWZEo
i1b0MKa5T44
i2PKYHGHFW0
i3YaD7u-r9o
i4YXwUKU-AA
i4abTuJTAyQ
i6caGcymCDo
i8S01vaCnXU
i9GobcnrQtY
i9hG8nn27eQ
iBZQHInvn9s
iBzX2zFCMjE
iEAIG_wIMSw
iFFkFpKYjfU
iG2zcIHDC1c
iJWkldQkoUA
iLca0YkeNbg
iPV3pCmNCQA
iT7IU9tplGU
iT9O2kIQrms
iTSwBnj_WLk
iTrtGo8bejo
iVdPuKjvThc
iWfag8wS6n0
iWh1ZwhS-d8
iX1W3KedAyo
iXjcyx1R8E4
iZiSy-bA4gU
ibDRy98CZSk
ifTrUw7Ayks
ijX0rrzQhXg
inAwREMliNI
ioHAyQSsph8
iojdaN9D9qw
iokVvwcut5o
ipRvjS7q1DI
is0D4V2WxcA
itS0cpYFJCs
itgq3lAZVP0
iuagK6uPRt0
iug8FAl0B1U
iuqDq26QYfY
iwy0QNu3w48
iyZpRABKav4
j-BVv0XW1H8
j0lXFUWZcYE
j4VOgCId-xw
j4ZV9-E0tJU
j58YE51Owjc
j6R6Yln3QNA
j92_6yurnek
jB9cs765_NI
jCt18Vo8Kf4
jEb0bCv4nqY
jF63je2jY_E
jFeQatKjMHE
jH0VCPrfeA4
jH_L5yadqaI
jIGV3IPmBdE
jJe8Lm3e0vc
jKVXKnRaIMc
jKxPms_96y0
jNKmK0gbsLo
jOQ3H5_8jIM
jRQAG77ifzE
jRahywWqYjo
jSy_snhzK4I
jTnuMmTY_Gw
jWmw_VleyPk
jaHgrD6kmNg
jaMgZ8D1Rn4
jcmbMWhGVOM
jfYKiCemkts
jf_yYJF-IhM
jgRdkqNyLMI
jgVVCZYqRjk
jhIVarkAXas
jhiAmSLOymc
jja_AAXg-U0
jk3ODvA-diY
jk6SMxnUhCg
jkBCyingDbk
jklWhOxJD9k
jlAYhS9kwVo
jm_0Z2JjKLM
jn8-_MZ56I8
jntOWPtqfbw
jouXjlN64j0
jpyhBhazfFk
jqJwEA6ikDc
jr24LtoD2p4
jtHginV1y_w
jtaQkshIFxU
juzWdkXJKUc
jvBWIyhJwZc
jvVOrm0xVlM
jw1H79kd-HM
jwY_OlUQgyY
jwgfFHtMdIY
jx5MiqKL13Y
jyDFNeRqvMI
jyo2lWp09q4
jz7bs1JHti0
jzmmCTJhB3M
k0QoRyDi7nE
k4yuTEj4O-4
k63UVNVHCSk
k7gB3PCsISs
k9sNBeB5T9Y
k9so1EdMu9M
kAO1RFLbCB4
kB1ET0958ns
kBNmtbhdKJs
kCWqO5l9U4o
kCaePogcDBc
kDa0e1Qh7vY
kDxZQw5IwR0
kEIvicUmegs
kGBxKEmGeS8
kGS1uivDy2I
kHSAcZ4q4cQ
kHb2_z06vwU
kHlAwnMLg2o
kIwnTCD0ULI
kJQ1SeSBcts
kMw3nMqoZmI
kNdg6VWcM4U
kP9taYqGB7E
kQlaQyy4bxw
kRaL7Pl4vD0
kS8DIYycJcg
kW4Qst-BCmc
kWP62HaRpPM
kYrU6qP39WI
kZLbb7yX4Go
k_P7lnegqVE
ka3n1_pJ5-k
ka8qrwaWLe4
kaGOV_csTog
kbmKNxFJnH0
kbyjUWJMAs0
kd8dVlZ6hwY
ke1nO7yCBJ4
kf2D25750AI
kgGwqJZkPdw
khJdzzYNEg4
kkVvHt9stIM
kkzGZ9M5fZk
klKTHQvhH7Y
kofYWOWkKZc
kosDthCjDB4
kqWnrF0HTck
krf2QXKHmcQ
ku0KGMabyYA
kuFRyOwkYuE
kuFpDqFWSQA
kujTj0qxru0
kwz-BkELyRg
kzmAhaiD7m4
l-aH6MfiHdA
l-sTw136zAs
l0LhRoGdoTM
l6Zxq5r5xZw
l6vXxJklRd0
l79VhLOuzPM
l7ZT8MuZkeI
l9sAU8wHKVQ
lBJCtX2-4BY
lCGlt7cB4kc
lDAJXC5Twn0
lDaCejOfCWw
lFw-3wynj-o
lH3IgyGlpzw
lHi4B6k9ZJE
lI6Pfh-wcU0
lJpX5y5w8tQ
lK87KhLoL2A
lKvfv3NtbNU
lLBbsif2Xt4
lLSNfUG5NUI
lM3OAGT0LDM
lMbvAANsv9Q
lMdEAWjT4A0
lNjnIHoSsMM
lOq7OVpbQq4
lOz3wDhGA3Y
lRba55HTK0Q
lSw49xkH-q4
lTUbGY5OtOs
lUx7y2zUpok
lVZfhSy74Cg
lV_55WVPbYM
lXdx0X2WHfY
lXvSXd61oK8
lawWxQvjhj8
lbOfXaAvNY4
ldtMjASkRJ0
lfO5deaBWCY
lff9SY5ssDY
lgytSUeaeZo
liQ1yFx2sX8
lnMoAgCrT5c
lnpLPOAylOk
loSOXY28mZg
loYoolGckfY
looT_Zw1qXc
lpWvz0dR3wc
lpdWyNLc8bY
lqZus-3mUY4
lrY_BPPUYRs
lrwnj4xxuS4
lvpeXCVS3vA
lvqHQMJsN3Q
lwMQMnQgkAM
lx6---xqA-Q
lxMaQhLt5aw
m-bG38ckQ3I
m-gVrZHD8V4
m0gl2a6Nb9k
m3VGg2kQWR4
m6hp6c_dT5s
m8k4El5lrdU
m90cqDpbipo
m9t7W71o8ZE
mCKHt7j3zWQ
mCU8VyCTTTs
mDmOck1krdM
mGjgab7fQu4
mJXot0B0DMo
mK7gPlrXFu0
mKbY8xOr2xQ
mKfT7v2GQ3o
mM30c22PTFI
mMdsGi77NeM
mMkPa6Nj9V0
mNfMdtLEV0s
mNiQjKM2u6E
mQSNYRibwXE
mSigAdrcLAU
mT01-iD2U9Q
mZ5bwPo8RSk
m_fv1i3eiYc
mboxVU5JDgo
mfW7pvlrzyM
mgYqgU9VoY0
miUvQI45Xw4
mjEwC5x0p0o
mmRzeD4_41M
mnQMrDM_8-A
mofeg5Focxs
mpRUnavb2_0
mrJ2FHfZcYg
msGKrclcsbc
mu6_95jHn7U
mvTQwA7Q9L4
myBZ7_H8arg
n0KsLSsOkyk
n1GBaNEQBGs
n2jLh51d3b0
n3JyPfu78sk
n49RZNKPrrI
n5MTfezXqYY
n5gfv-XMSYk
n5nNffwfRKE
n5uaeLJVRNg
n8TZ7ppfgDE
n8eI80DX-KU
nBP7IMLlajo
nBW0rzip2CM
nC9aCUtlILM
nEFG1iYOKxk
nEn_4N2DzS8
nGLDXWCrLCo
nH495dKUwDQ
nHbhMgdIuHA
nIALQHx4bnU
nIXMFGgafAo
nJfHHxgQvOA
nLyBPiJ_x40
nQKCL-K4Nb4
nQW2QEfKAs0
nQkjeukTCwI
nRHldRqUpXc
nRYnocZFuc4
nV2zVu_26rk
nVXSGXGMFdY
nViNwrEHhFo
nX-w9pLa-I4
nXZhLHSg7sE
nYEUljSI9dY
nYvCTnn6Nho
nacfBrMRljU
naoyR0rLsWc
nb6Pt8x0pyg
nbcMYZi1Ks0
nccmkIeWOF8
neWwJm8zd74
nghvb_JmVnE
nhRzLUJoyIU
nhtgVipcHcM
ni-rDrnn8G0
nkg30WAJmks
nmhwFPjDqIg
nmzvPK9oJj4
np7mIOaVIFU
nqu1A1Qayik
ntH2_mEdIGA
nw5YHu6mdpY
nz0J1NYq-lA
nz5uqGeif0Q
o-BjVW2BhrY
o0z0l_fa9zU
o17ukLa9IYM
o27uHelQv1A
o35E-dPXurg
o3jZXf6sSiw
o4wYnzsfq1U
o6-Ysg-dq3o
o7WtZhpWSFA
o8Cu0_A_rfg
o9jBUMLr6hY
oBBmVTYyi-s
oBavDrpN53U
oBrqimNPNCs
oC2nWeEhvcw
oDtHYbTfFmU
oERkWrlZi6w
oEyUSjcqm7Y
oIxT7zE3UTw
oLgp4YdqhLE
oMA7o8olHzY
oNao9UqMpMU
oOD35ej3C1o
oQGQandIHpY
oQmhdwSKlsA
oRBmNS8b58I
oRhtt2K-BnQ
oUxYlYfk_WA
oVgn5s13H6Y
oYCVNFW1qes
oa81samquNs
oaMrNJ14bkw
obNe5b2y2Ds
obidliosDIE
ocnlNmJT6Pw
odEXWoRkYvo
ogHRCvzMxyg
ohlsShN9ZBw
okYt9kz7cf8
okkeMteTreA
om6d2D2tP0U
omibmH4Ev7g
omw1iWOSX-c
onWW7NSz5nA
orY5aLMDU-I
os562WCVeYw
otAW1SxbFFE
ou_A-3WUzqw
oudbumINcig
ouvzpG_tUl8
owmJGhlUZQc
oyEf7vs0XdM
p-tjUrNpIdk
p1WJFoksRnM
p3R8rL9QFWc
p6pzQ4zch6g
p8uXM2pN0tY
pAdDaRHB5x8
pAqr4t0eh-c
pAujXbekWzE
pBhDbMRPru0
pBo6HS2FapQ
pGF2xK_Hntw
pGIq7RTKyI0
pIZenbN1Ljo
pLxj5QdM7ak
pOFKVGqYfUM
pRZCH4Z96IQ
pRZGQB3bXUU
pRsutB2NhLk
pTJpEAghLyE
pVkZgUFQWtk
pXkSq_gr_S0
pYT--wk7jz4
pZKS3eS44tA
pahsAQi19os
paj0Xsr1pUc
pcKmJpauKrQ
pcNRvneQTWc
pd0dv_e79s0
pg1_hX5z9jo
pgglELdahGI
pirQ1IcF8jw
pjRFzm9ZfSM
pkNqg6EC-Ns
pl4h3p42Aeo
pn1VYg_H05Q
po8aPOoQrw4
ptc_2GKp6VU
pv2F_GjAmIc
pywLCVhj5nY
q-ujpZVaC8A
q0BIwQywid4
q6NpoKXAwYA
q6l0L_Upkqs
q7Mj-w9WNks
q8eNPv6Bbgc
qAcOnO-yjz4
qC8AAepmYcc
qG9R7dKuE9Y
qGmy-qhqaQU
qIMf4vL3X3M
qJwHbEugKqg
qKv1ukPByBw
qNCDQfK2N54
qNEkzwd3faI
qPi4B2TJZgA
qQbblKeN71c
qRCSen_V8HM
qT2-7ZFK5V8
qTLP_JB_bqo
qUvVJxu_VxA
qVLMLar4dMQ
qVNmsBG2G4M
qVgN0VYigIo
qVusyPcqx7Q
qYQLHnAKqik
qYwJJvGo7n4
qcdCxT7jtns
qfVo0GylTic
qgTaoim9qu8
qhUysGnbVNg
qld_FJniyNQ
qnBsEfbIk3M
qqDoy0_O2Fw
qubC0ivfnr4
r0Yu7AzU30M
r2V29zzHelM
r32nvINI5zM
r4BRzVqpTxw
r5PQUD6GtAw
r5YM5hti3W4
rBPXKHBttsE
rCA3EIvheE0
rCaBCXmxt9M
rD9bn22I5DI
rI-WRghYRmE
rIhFNtEhnSc
rKQMCtgLwwg
rOA50U8vo3A
rPjsDoJTfC4
rRxRoOAQP28
rS3H6OqU1bs
rSMpShScwVs
rU-u2yjFncc
rUb1Xhi8Ybg
rV9ZZVOZNWI
rWJcLN2XuZY
rXHgFmIDg3s
rXJtnCDdZrM
rZfdtZ0dkbE
raQp465iuCE
rc3wq1sLjSc
rcGeY0OzWdQ
rcH-c7RN7vE
rdFkpQ_SuyM
rdSsCBJ6j9k
rhig-brES7I
rnHvF2KvYMc
rqKCo9pDI80
rr28KhwW2ko
rrI30jhYw0I
rs1Eyk6--8M
rszIyPnBvYc
rtwwx6h5mRY
ruUfqQPDdDs
rvc2dKpY64Y
rwugrDgmFKs
rxBJnrC3Quc
s-DUrBgKQcs
s-XMXonslk8
s-ihYB1BfVk
s0x2pSb5f-w
s1AiBi5gf1s
s1fQenHCzVU
s2topzLCVjQ
s4XsHCVaxv4
s55d5wMaS3E
s6C087xfn0c
s6DbBvNH6po
s8QTacPyLFw
s9BNITXDEl8
sBPuNo9lRqI
sDSA3MTvBDo
sFSSfP1tbmw
sFS_oa7vEQw
sHNC_wifJGM
sJWx8yakw2U
sLwDFevMtKQ
sM0d6NILk2w
sMnUa0Smftw
sMpi4JDWcCU
sQUcqjz1rII
sS2IKqBwVp0
sSXbsnpsjTg
sUk8606qdFg
sWuD-yliEUk
sXTC8yLOR6o
sYcBPkIE0UE
sZoH5jr4P9I
s_nAvKbhixs
s_nfIIpNC_0
sasSJ84mqio
sc3rnTdUsho
sdlGzVNDDEU
se1kFoOpx2w
sgQwpshwKV8
shDcAQ-qvfw
shOp09z7KqE
skjBPXnEMeo
slBXtj8Kx_8
slePTUZhqcw
slsnX-dldmY
snD4L5fp80U
spHUUgXvpUQ
spTG7QHr5-s
sq6kOR70W7Q
srrPkEBwH0Q
ss0xj40ml7I
sshit3NxesU
sw-GS_7u8tA
swOHwdDeczY
swZ_wvx1ApI
swqcc7I-slM
szozqGl97E0
t04o-JeP5uA
t0v7go-E1m8
t15zpFW_7UQ
t2UDPT5QaIs
t3zblNM_FUI
t4cIqvlWD9Y
t5CcNJx5qtM
t5DMJmOTc4o
tAj-YMquo9U
tB3qR1tEECE
tBK3ViMYW_4
tBgVg86q9iw
tCkr9BMRfu4
tDpoGf4AFJs
tE63fMrsZ7M
tG7TanZbXTk
tGIA71fKKBg
tI3xpTg8Fec
tI8_vIwX8NE
tKKcxwYmw4s
tLcnacs9Jrc
tNPt00Le7vk
tOiwKqyocI8
tOzchs0xvmE
tRWE10W1TE4
tRlVk2nkXzs
tS8NItSYerg
tTcvGVwsGaU
tUV7fTWGiBI
tUawK1EOiuI
tVC9F6A2x2g
tVhvYCxrr4E
tWr9BiDCb8Y
tZzqQupOq14
t_wZ8ITkqx8
ta5sVuNkHs4
tc4DW7L_4KU
tcqe5LjRalU
teKq54XHIh8
tgEwmB4GtyA
thnlEkcXr5w
tj1D9KAYV1E
tktKZPIgXjU
tnMe2o4PXpM
tnnhpMPmSSQ
toIoROXuqtY
tqasVlrVHEY
ts5Nh9hd59A
tt6AyL6VoY8
tuAmF5DaRJ8
tuVQ9kcmiVE
twKd6VuxogQ
twcvkzzpTWs
u-a0pQ0dkE0
u-aL5YlSIOw
u-k-bOytjMQ
u-pLa0ar6tk
u0Kx82m9pFg
u0d7Rk-4oL8
u12M9GHSeYU
u1ehopMEORA
u22-2CTErIQ
u3Mqvex6tIE
u4G6CU5Ekxw
u76Lcn3v54A
u9tTB3vSeZs
uCVxYiU0TIo
uChY7ejaKEs
uGkdpxbV0rM
uHbuzFM1Zq8
uHuFKyanwGc
uIvMo2ECnCQ
uMUM7XUmDd0
uNVXzs0HuTo
uNl18jVp6F0
uOVaMWuhxbE
uPATBAuuQoI
uR2bSJWf8Fc
uRirnDH8jiM
uTRYga9dNXA
uV2LFQ_0Rfg
uWEtSjYogYs
uX0OzHkQlXI
uX7T0SAU_LE
uY8QWIRV_Bk
uYCwe0XhDZ4
uYmwH3xUPx4
ub98C4OUD0E
ubfOR-Iv6qE
ubnTEvYFzzg
ubq3ayuG2EY
ued1tWdWs1E
ugoyfl8WhpY
uj4G_GaxIlE
ujz29rQvDvA
uk4dxLnbraY
uk8cENmTttA
ulR9-ZakyWw
ulUsNyPubYg
um7_-xWhO-o
uoCL_zAIvAU
ursjsd5T9A8
utjW6dUaIoI
uxBdigNo-I8
v0ON23Y4W68
v0Un1GqQtOI
v0jzIl9VHM0
v1O6fl2HN5g
v2m1JwwIK2U
v31vRWqWnho
v4mHJ2deEpQ
v4tgN_L7aoI
v8wpnA5_rW0
v99K90bVOpM
vA7DyKScw9w
vB492QIxJ0g
vBKUo0BbSxc
vCeNjokVaNI
vEjhBEyCbME
vF3tp1anuw8
vF6j3ymA2WY
vHs_UFH9UQY
vKRVpSINsvI
vKyG6njgiBg
vL_c_9EQj_0
vLi89e6d9Eg
vN7VKPNIN-Q
vPLTKdvSV_k
vS8lAigcCDM
vSWvCpNwK4w
vVhYuYbA4wI
vW-zc4UzczU
vWjEb7Z1k18
vZ2Gfm4LMD4
vZ7oDEHFjNE
vbE1OlPUofQ
vdE1eKhzKmQ
vecQbhs2bl0
vgB2KvuMD_0
vgGKUCPqtfs
vjS248d2es8
vkp8d5d5WsM
vpO-KVjlgig
vpVRQuBWctQ
vr_TjRxMmLE
vrnI6UXWW3A
vu0E2bqTZS4
vusEt0PhJO8
vvwOrYESc8s
vwxi_9zqsN4
vxAoSgMM_L8
vyH_Eb7o31E
vzICjZMKbNE
w0XwA0JXzK4
w1wBbNC9YaI
w36XtC8ahN0
w5O4IfcE3U4
w6nouLDfaxk
w78xkPnnKQk
w7H68CWZ8pg
w9Ll1zNhVzI
w9fr76mbfBU
wA7aB-oxjVc
wAXMdysIXSM
wAk46ziKuQA
wBFfozlC1VE
wCQoVB2qcjc
wGKL62fGj6U
wGbGjfOkG48
wOUGgAsZA4Q
wRNSXa5DWQU
wSDWK7vnCYI
wSbzA4uAOps
wUFZkcUKxl0
wXcLisPaoIE
wZm212_EW9g
wZoMpX23H9Y
wbZY4xUnhLs
wddCaOMdZts
weSvYycR780
welgy0HBogM
wfTThaAT2ug
wfgIU5XG2n8
wg3I-wPNA6U
wiR7XoKlkFQ
wjIin9tN7JA
wnQk3iibkkc
wp-vLWVhTsI
wrrOTlDA1aw
wvPvqBykhUs
wxicEOEK1u4
wyIn48UHMhE
x-bvsWGzbTY
x0yRhFHfxds
x52S3wvX54E
x9gnQuhi2jw
x9pw9rCVfUs
xAtjyif1FPo
xBCmLsf3OJE
xBSJLGTNt0M
xEQ3-0kcL8M
xFFBsNBW4vA
xGz8xBa9xCM
xIFTaCyCuQo
xItqp0_Z-Ys
xJ18zuB3gdk
xK6CXN9qwno
xKmA7CUFU1c
xOItnbkArxk
xQUpqErnsDs
xVxEaaS9JIQ
xX5KxuVDm3U
xXyENeQwCAQ
xZ8PlDFkXVM
xZUWlCCROdY
x_KKU8VWa9M
x_vTpBjoFaM
xatZ9PzZphM
xdMp7NF81wM
xdOK0L8-80k
xdc05p8SmOI
xgOEB488ONY
xgZZUN_naG0
xghTJRtk2XY
xhLfY4eGJGA
xhb892Hi71s
xhlnWwrMl6o
xixbqa3kSFo
xj4HjSFagFc
xjeq4g8nk8s
xlFlvr07dUU
xsIrge01mZk
xuJQnKLX7uo
xwff8yvi_2E
xxjgiMMIf0w
xxyAzwViLOg
xznfk-st-cw
y09jgvQBoUo
y1XbPl1XB44
y1e5YGL3_UU
y4EuZAWM-1Q
y4dK8dlgFQk
y5PRhoL2eqU
y5VADSaCo68
y7EQVTPDTnY
y7GTPImj8X8
y8jHlEpna78
y9a_iqFcGOU
yB5WGV4zlgw
yB6Z1kGguCw
yDGQPrUUuFg
yDTMWyMem2k
yEd_Q3oIXMU
yFSpTFE8iWo
yFoF-OuJUMA
yGMVGF1_y6c
yGpJcHjFQ80
yHUuyyuItjw
yJYjaxZAmcA
yKVs6g6_uII
yL5zh-MRpl8
yO6sQ5Opvk4
yPyR0915fiI
yQ2cfj8Pzss
ySY1Y8zLhlY
ySZYPWfMSmM
yUL8M8i3dpw
yWr5mrokX6E
yX47ocxERbw
yXNznvHlxCY
yX_9HoAum7Q
yYyG6VKPPx4
yYz0GroamHw
yZj5vNsQpDc
y_7JwBopt2A
ya9JaJfVT3Y
ybuSIcV_XBc
ycRwMezUex8
yd3oiGj5Wg4
yg_N0CeVPvE
ygw5OWjWMEQ
yiMlzXMr0KU
yiW_hEHKhfA
ykNcnrNvpTI
yl5noUlv1h8
ymZmSAqpVb8
ypOzmQlpDjI
yqV0J7UnQM0
yqsAK5-rrg4
yrCJYw2rS4g
yspJnRE5hYI
yuhrZVNhtYg
yulqhlU1bYg
yxR0lCqysuE
yzT4EwaHl0w
z1UwOFzr-4c
z1aWSGLJsJw
z1k-Md9WqFk
z4c9Hg-iLnk
z7_iF672BTs
z80OOS48BIQ
zBZ7BIkWj4M
zBtE5NxAmao
zE5yUGQJd14
zEyuuRM_e-U
zKXv883-TGA
zKaYwbvYrIg
zNZIEeALQqo
zQc3ev3VyXc
zRuMSzF5tmM
zSoB3iwYZVI
zU8KDLxHkWw
zUXmtsd9r48
zWKOb6d6S_U
zZLOL_9kp_U
zZOwvTzTdZk
z_JRsh422GE
za2zTPe-5rI
zajCyLyjmKE
zaumP-6s85Q
zc-MZWxSIRo
zgrhqa4jqCk
zl3OqJBlKqk
ztG7Wyz1CY4
ztfz5EdYxL0
zvrleanEYOw
zwUNJZ3SxzM
zyngq_V6uYw
zzacXmHTxLk
