-59zJzx64xA
-6INDaLcuJY
-EVqrDlAqYo
-GV_A9Js2nM
-I6plWpbbSQ
-RXyzNWOf_Y
-dvT6SWdWUk
-j0tc0Y1CIE
-jA2ABHBc6Y
-k-ztNsBM54
-t1_ffaFXao
-tDQ74I3Ovs
0-3kw5BEKB8
0Jd7fJgFkPU
0RTWSJAqTPg
0VH1Lim8gL8
0fLSf3NO0-s
0jspaMLxBig
0lAYQWM0aHk
0m3hGZvD-0s
0rd3TB_dIQo
11rsu_WwZTc
13CZPWmke6A
1CSeY10zbqo
1F77Jy7BJzQ
1L0TKZQcUtA
1PdBl7JlDT8
1YbcB6b4A2U
1bEtau-QUTo
1d9Dj9dT_pw
1k37OcjH7BM
1ltt_L8KGXY
1oC_Zigft3k
1soLVufJWLU
2A1FOi1plmQ
2BdBfsXbST8
2fI6bYnRgSc
2tUiLxtrLxk
2wq9x2QcZN0
386s-y1aRRo
3FIo6evmweo
3LWNY70Oj4A
3MoiMCWhGuw
3Z7WimACqG8
3jNSlGHC0O0
3pvpNKUPbIY
3qMemn__kK8
3t06ajvBtl0
3wMKoSRbGVs
3x1b_S6Qp2Q
4-SGpEInX_c
44tFKZhPyP0
4CTDdxfSXF0
4Ei7MQjRK0U
4Hx15WVxvII
4WGbCJQU6BU
4X2xYyIk5x0
4dC_nRYIDZU
4zrU54VIK6k
53YvP6gdD7U
5An1sNznblQ
5f-JlzBuUUU
5nnSSjer4j0
5oZV0Zhi-tk
5qjA8HPJl_0
5vH__7w346Q
5zOHSysMmH0
60KJz1BVTyU
6CTJMx64Vbw
6W0-rhAe2Uo
6X_GYIJFdcc
6ePR2TWYVkI
6z1JwZbX4dQ
7Grseeycor4
7KTbEn7PiaY
7ROelYvo8f0
7XzAsx-aRC4
7bLeQFhPwzk
7bO8rKtvDoE
7jFdxd1qX2g
7ottuFZYflg
7vtaNGn6KK8
80OvNaEgmmw
85F0FDsPHf8
8A-5gIW0-eI
8N_ljeGoLKA
8RVa0THWUWw
8U0XzOco7D0
8aVB5xgCllY
8bt6r6CIghw
8libSL9vc1U
8mixT5_U0hk
8rc0QljS_sM
8wYZjOzfTUk
94MBVD_tZeU
98HZanvAJ8Y
9EN_HoEk3KY
9GV4QmQWJGU
9HdmXFXp6yU
9LQffCdHHlQ
9OmE4jEVIfQ
9Tqm1gWQxTs
9Z06rY3uvGY
9mL26U3GGcc
A1outDf1Vjs
A22Ej6kb2wo
AB60_uUetJs
ABbDB6xri8o
AQUAPiHahVY
Ad89JYS-uZM
ApVFK3FjgMI
Aq9UPIXbtKI
AzdxbzHtjgs
B2tXN7ZnSfU
BCdV6BMMpOo
BIk1zUy8ehU
BOIxl0kJmV4
Bi7f1JSSlh8
BkhIenG0wgk
Bo8MY4JpiXE
ByZF8_-OJNI
CDiqA4SJNpA
CGAvsmokB4c
CLOAswsxudo
CWb2DGmyr74
CY_LEa9xQtg
CdiJGDNQAo8
CejJ2aVRUE8
ClxRHJPz8aQ
CwyOUS8TSl0
CycWAqivFu0
D6kNl5it9L4
DCjeM3Sei-s
DEqXNfs_HhY
DEu24V8vfb8
DG5j1HsWAOg
DKyzcbNr8WE
DUPZhVdRvQM
DbXjoXnIxQo
Dnj0rnlV2aA
DxREm3s1scA
E1AxVXt2Gv4
EE1R8FYUJm0
EYIKy_FM9x0
Ejec3ID_h0w
Er7Dy8rvqOc
EvSObcZBvfM
EwueqdgIvq4
F-H2yg5PT04
F0UjC6wfqmc
F1ka6a13S9I
FKCJWkPehdY
FKh8hjJNhWc
FUS6ceIvUnI
FruPG2M156w
Fx0G6DHMfXM
FxHvCbGfHvU
G1-wse8nsxY
G433fa01oMU
G4hL5Om4IJ4
G5RY_SUJih4
G5zCGY0tkq8
GExZrVvT2fw
GFB0o1QQyLw
GQ0IvUi1bds
GghbC3k0yRY
Gi8LUnhP5yU
Gk3WsaQZ8pA
Go7sw_plJwA
HGZ4E-qUd1A
HKBhP9JISF0
HPfPFM1wNmE
HVx9bwiMWGQ
HYsLTNXMl1Q
Hc4XvHTlW3s
HhY95m-WD_E
HrehEWYj16s
I51DuprOb0o
ICj8p5jPd3Y
IHg6ixt3CKc
IT__Nrr3PNI
IUHkhB366tE
Iau6W5pjy9Y
IbEUbykf9zw
IbHgcbo8uKc
IbQyOCkrddY
IiSKptK92S4
ImKkaeUx1MU
Iuven0crywo
Iy6he5RNXY0
Iy_oYCNhiUI
J21-7AsUcgM
J48bm21q8_A
J4cmDDvQMcw
J6XcP4JOHmk
J7z9V44SFSw
JB2-5Lzverk
JBSj5OP64LM
JBdMWnrI3fM
JNNfeqt9BAU
JTmxA2MvEqk
JVPjFDRlZf4
JcWMVzkzQ1U
K3W56e9j4UY
K78jqx9fx2I
KN2TTiGpDvM
KW8Vjs84Fxg
KWD6j5B_Lio
KZkYSSE8HHI
KZnGSVwIpeU
K_FUlo8BF9Y
KceRmxCnXDA
KdmDtqB46Jc
Kedt2or9xlo
Khf-N2f8T78
KllCrlfLuzs
KrdZ46MfNrM
KsZI5oXBC0k
Ktj050DxG7Q
L-RuvUkcyJI
L1sHcj3qDNc
L7MiE1zO5PI
LAyZ8IYfGxQ
LDTe8uFqbws
LDprUza7yT4
LLFBM-CON9E
LRYkH-fAVGE
LSX3qdy0dFg
LW59lMvxmY4
LfRHpEY62r0
LiNSPRKHyvo
Lks97-GLElk
LlZWqkCMdfk
LqGTFqPEXWs
Lt7cSpotGRA
Lz_WksheWqc
M1-v-dXIzho
M95m2EFb7IQ
MGW_Qcqr9eQ
MQ6pP65o7OM
MRcrJHxhWMY
Me96OWd44q0
MrIFte_rOh0
NERNE4UThHU
NOReE-3EBhI
NPMuw95ux2g
Nb2tebYAaOA
NbdRIVCBqNI
Np1zODg5cqc
NvsI8ijW8xU
NwzuibY5kUs
O5xeyoRL95U
O9upVbGSBFo
OE0GjS16jyU
OIEIr4wtVvU
OJQepiqSWvg
OPW1cDC_jT8
OSRDheEe0ik
OU8I1oJ9HhI
Oh7ys3GIaTM
OoC8oH0CLGc
OpSmCKe27WE
OrBuE15CvCo
Ow25mjFjSmg
P-2P3MSZrBM
P6prRXkI5HM
P7kX7BuHSFI
PUAdj3w3wO4
PbN3HzKkW4M
Pet94FF3qps
PgtedwKGhXs
Ph1TMC9qZYA
Pl3x4GINtBQ
PliUHKl5xA4
PosRteenGvQ
PtAIh9KSnjo
Q0nGo2-y0xY
Q24cpnHzx8I
Q4D_4CGWYNk
QDN6xvhAw94
QDzM8r3WgBw
QOE-YbDvAj8
QSPtSNqUCUw
QeWcprAJjqs
QeasxsO82LU
R5rNoV1Qy_Q
RFMA0fAS4e0
RFYvUJfnuPg
RL4j4KPwNGM
RQ6Xk3ZHso4
Rh7tHge2Ymw
RuSDbIcFgbo
RvhpncC5jZ8
S7gSD-LXT34
SAf0e4LEFtY
SGSOCuByo24
SGzMElJ11Cc
SLpMIlR1WGw
SOr1YYRljV8
STFcvzoxVw4
S_AFc_BXht4
ShxbqjnsB8c
TG6BuSjwP4o
TISMidxdZoc
TPXTmVdlyoc
TRdL6ZzWBS0
TUFC9V0sA_U
Tj6NOfdfa4o
TwSCDHqGAsg
U1toUkZw6VI
U417rM93tkM
U41dkEpj6NU
U5OD8MjYnOM
U6lJI-NSfBY
UOEpe17nPhE
UQAHz_JoGJ0
USnqkUAr_3w
U_6AYX42gkU
U_AREIyd0Fc
U_lKUK2MCsg
Udh22kuLebg
UfMyp1wFgxE
UgvwxbGlb08
Ui38ZzTymDY
UwwBG-MbniY
V-8cx-vQZZQ
V37eWVm-9BA
VHg9sfOzBbY
VPaBRjSrq2A
VZhYHUiBtjo
VguG_y05Xe8
Vrz8YDl9CeA
W7wJDJ56c88
WbLQqPw_n88
WgLo4gmEraU
Whtt2H5_isM
Wtbhb1DM30U
WvdR2QEdbt8
Ww6pfsWmkdY
WxfA1OSev4c
WzsivT_Ap1w
X0-SXS6zdEQ
X7JCyI8_lQw
X9z9LODEjo4
XDTOs8MgQfg
XHyASP49ses
XRpKisty1EU
XW0QZmtbjvs
XplFMDx9LlA
Y3VBCWIDEzk
YAaJ6j1DNeg
YAfwNEY826I
YBvcKtLKNAw
YIVf3P3zq7g
YJF01_ztxwY
YJWPowbCK_I
YPe5OP7Clv4
YT3pTu6R7OY
YUYagvESisE
Ygmg5WJwYTc
Ym_t0LvHg-g
YofMOh6_WKo
YwQN1_YofO4
YxKMiVqqBgU
Z1KwkpTUbkg
Z2GfE8pLyxc
Z6rxFNMGdn0
ZJoccjJ5KYw
ZK5r9OZ73Xg
ZPPAOakITeQ
ZQds2aGHwDA
ZR3xQ7ouPew
ZVbAOpYv7Sk
Z_LhPMhkEdw
ZecQ64l-gKM
Zsbb1Ze4T_M
ZyuN4Y9MXw0
_2ISnlT7j9A
_AGPbvCDBCk
_G6Sh7P-cK4
_L3gNaAVjQ4
_OCjqIgxwHw
_SpptYg_0Rs
_TTNGq9djU4
_TWgsvF4hBQ
_UOCD4nKseQ
_US4sEfQ6Rw
_VPxEcT_Adc
_hni6uuorKk
_oLA7jH23m4
_tg9F5_P3CY
_ySbzVXiwzQ
a-zEbokJAgY
a3Wpy6gE4So
a96PO823veM
aB8zcAttP1E
aJgZgisiUsY
aRdUqKtbgsY
aSyZvBrPAyk
aYwDs9LTN50
amCsM265Lw0
amXXYgu0eFY
anXep8kBOCg
ao3UoceiL2w
arrokG3wCdE
asAveTK0piw
azOmzumh0vQ
b2bE4zFTvnU
b7bStIQovcY
bCA54RIkpTo
bCtOFZoCvBE
bHPeGhbSVpw
bIrEM2FbOLU
bLv9MGsUt6g
bQa7hpUpMzM
belS2Ek4-ow
bfO4EkoGh40
bgNzUxyS-kQ
bmjamLZ3v8A
brslF-Cy3HU
bseWFCHATzU
bzn7YEvoUaU
c01BlUDIlK4
c9AbECvRt20
cC1HszE5Hcw
cC1LFC0KFSw
cMscNuSUy0I
cQ48rP_Rs4g
cYPz_kisGws
conRTnUBrms
cuD9uNFXnU8
d2bYwYxqJCM
d8nQ2dZBR48
dEv99vxKjVI
dWSbItd0HEA
dmVqpx4YOY4
dpqLy-3cHmc
e4Bet29PVPY
e77NkSjnyH4
eHZHlbdOp9s
eR99-PDZqTg
ehA0yvnd38k
epQxfSp-rdU
ew8U43IXTfk
ez773teNFYA
f2aOe-AATps
f3nF7sq1gKE
f8iTPmrh3Yk
fCLI6kxFFTE
fI2QMqSapBM
fIPxfzfOTxk
feRZv1-OLP0
fgGZMRJ15oY
fjIhFzTUB9I
g-sndkf7mCs
gFEE3w7F0ww
gIYoiRX-eF4
gU-mkuMU428
gaMz3JGuA5E
ghwaIiE3Nd8
grceJbuPUXI
h2SscdSVzE8
hGRNUw559SE
hIC9FQpxVwQ
hIYnMlkKe30
hXgqik6HXc0
hZenJc1fa70
hbtuHtrViPo
hhEwWghH_XM
hm9XvPWtZ6Q
hwYzrSF9unk
hy2G3PhGm-g
i0UyKsAEaNI
i3ZnDRrmFjg
i6rnzk8VU24
iLzO5x_1PNc
iMOD9TYRtr8
iNqqOLscOBY
iOCfIFBBpVY
ifX_JnBfxTY
igTPC0yFJgg
ilNPyQiEh2E
ipQBP1wRFNM
iqBh7G4uDR8
iw1obNGEt5E
iwcYp-XT7UI
j-jLkaGS-Jg
j4_VyRDOmN4
j7gM19hphRk
jAYTogd38m4
jdt4PPY09rQ
jhKZIq3SlYE
jshQHkAtZgY
k8Zomsf3uBI
kD5yc1LQrpQ
kEaX2DAjol8
kL6J3y9ZCRQ
kNqI-PWJsX4
kOfXwml6ce4
kSbMU5CbFM0
kpiY_LemaTc
kq0VO1FqE6I
krB0enBeSiE
ktuw6Ow4sd0
kxi-_TT_-Nc
kxvQ3Wyw2M4
l-NJrvyRo0c
l-mYLq6eZPY
l5Uw8qG7vZU
lEZPfmGCEk0
lLnp51A6azc
lNxJu0I6vvM
lVHRs3uTHNI
lVsZD2wF1vw
lYl4uFUBaRQ
llh-2pqSGrs
lsTRQNoj0q4
mDyBbGCiBUU
mKtsM2vv0DA
mQ7ECcjXazw
mRZE-SJShkE
mTzzvRBEGEM
maAJXNDjIcQ
mzcGvaZyyKs
n2RcVEftY48
nAMjv0NAESM
nDDJFvuFXdc
nFTQ7kHQWtc
nK9pzRevsHQ
nWTvXbQHwWs
nXwpiPybr0Q
naed4C4hfAg
ndMahzDCH1Y
ndwIZPBs8Y4
nhGwJLXzHs8
nkWmiNRPU-c
nre0QT9LN6w
nvBEXXnNaNQ
o2nG7-eXxko
o8nZaDw_mOs
oCkkjnpS2f8
oD54vJlG-S4
oFy2927b8jQ
oGk1v1jQITw
oIOGUYOPAsA
oJHb5a3ggzE
oYQh1ZNkC70
od2mXm6ZJEw
orMtwOz6Db0
orx9KG-GcaA
osEADxaIKIc
owGn_BS--Hs
oxRnBkI7r68
p5AtrKqQ3Fw
pDSEjaDCtOU
pEBI0vF45ic
pRorAkMc-q4
pRzelZlKl7E
pXEl0R1BX-g
pcF51qtpKHA
piHkfmeU7Wo
plcc6E-E1uU
pnWkj6Caelc
psxKoMh-Q8I
q0mokx-iiws
qdpxt7BecZE
qfKyNxfyWbo
qsQvdo2GEQ4
qwsft6tmvBA
qySBeiY8EqA
rIAZJNe7YtE
rIpUf-Vy2JA
rK6bchqeaN8
rKKtFR3koM4
rfKiTGj-zeQ
rnfAVasBkQc
rojCCjUC2GI
rvRwHKeNNAo
s0nw1Y88aw0
s3MuSOl1Rog
s78hvV3QLUE
sHaGQg0avLg
sRpupOIrGxc
sRxaMDDMWQQ
smK9dgdTl40
ssAGfhBInT0
t06rkOOUa7g
tApj7Q37P2k
tHldJ8-I1NE
tg_m_LxxRwM
tm7poMupE8k
tueAcSiiqYA
tyrPMVMb-Uw
u6aEYuemt0M
uKIk5AL16Bg
uPUEq8d73JI
uTCc2-1tbBQ
uTokXhkQ_b8
uTxRF5ag27A
uX5t8EivCaM
uYv8eFLe0Tg
uiNpESmPioQ
urdNsyZBqhQ
usDqSEKDVsA
uy1fX2vOAEE
uykM3NhJbso
v-9Mpe7NhkM
v2eul2PIFpY
vANfwm450dE
vG0D-kKTF1g
vGQ3q4dO_9s
vNOTDn3D_RI
vaFhEgLoUe0
vdW9XDBuxjU
vgUGv1977ws
vgks_1Gml7k
vlea7PtVXJ0
vx7DLImJ1Mw
w7gIClKZ85s
wKw1tpN7NVE
w_SNIwW6iX8
waYr2J15uUc
wh_IZNHH2S0
wiYMwmPPGto
wuJa1lnv_TQ
x0-zGdlpTeg
x02fjnpqiyA
xAfdSak2fs8
xF6x1ftN-H4
xZlt2tqHd80
xlMTWfkQqbY
xmahFBpHoHc
xoVibFYi1Gs
y0c1yrPDLN8
y3Umo_jd5AA
yCd3CzGSte8
yTWa-Z1UQwU
yjOV3xgydXE
ymcOLL2qEg8
yppge-XoWLM
yyFPYOa7bA0
yzMVEbs8Zz0
z70WdSCdl4A
zNdhgOk4-fE
zR11FLZ-O9M
zhZXZ35lF7s
ziQSpuST6Es
zij_FTbJHsk
zk2exSZlR1Y
zkudRy8b8JY
