-JvZdxXLufw
0RLuaxpHHy8
0gcMl-5Wky8
1BXyJ0opq6E
1fHAglap3d8
1hnxpACkyY8
1xLez1V6UOw
2L_Mq6AjIpE
2lKnLnb_m2k
3MIK2j9by-4
4_b8o5OETzs
4lXW8gk1ODE
4wx4xKglQ90
59eDS1DxziI
5IoPDw9wD_k
5ahgHDX8Dtk
6KHBciuTyZ4
6STT-PkMSp0
6k-J8gWZACo
6zPeu0MEiRI
7t1ggBXDf-o
7ugpV2qsSxo
9YgRow3l4vM
9afZr_nlni0
9lPCiwBsfrA
APcLnhXNUC8
BFN0jlita-4
BWuOgDXZsYU
CLTwwYzEbGs
CUSVuwdn4ug
CtfDv8QMqTw
D-RD5HhELV0
DIf1DsN01Qk
DMayEFUB1is
DtCTi6KuGgk
EQsJ8_MsAcQ
EkwxPyd4vT8
F7rAsJrwyeE
FDpRrElMplA
HD2zsL9CyOE
Hosfk151_tc
I4Mz9-jCd8A
IPAHbeMZrSA
IXN-QEGRIkw
JJlTIddTxyc
JpCWnaYTnLw
KPmWbr1yzd8
KnuuW9VIeaw
L180ujt6rQM
M3aJeaGN7pE
M4iturN-Zno
MMHdRiAuZsc
Nm9WVkdQFno
O18tSkD-yGo
OCzd2SFJioI
OMB2z60W8vs
OY2HRRUoB0E
OeSWg-BqGrk
Ogo4pnq3V2c
PVXO39EuUmE
QQTw7hW_LW4
REZP4w8HSDs
RNsg2sa5Sfg
RgPSSRNujy4
SFmMaSODv60
SrqQ4_2W0Vg
TkuJCPgHFiQ
ToIVmNChr10
U9M6RrcDX4U
UjdcJ7tga74
VSW4zrDL_2k
VwotxxCmCC0
Wf9UpCum6xc
XFtbKlFbYHI
XH9wpVFOO8g
XaceIWLmtVQ
Y8_Vzs-uh74
YUZjGvTqGSc
Yi3blZuwdD0
YzSN-Z1rFwU
YzhcfWwztek
ZhLTClnW4KE
ZhnarH5BSXo
Zz_I_xLpZj0
_Twzhbqrzkc
a0WxMgz-zHo
b0n0axvgYD4
b6DdTYw70QY
bETS9HabvZ4
bTkIs_AKlDg
dMUsa7a3Qro
dNXtHxLP5uQ
dTKJeJ2x5hQ
dU4M_0Am5Ps
dxDi-Zs0SsE
e6hdxf0bXv0
eOBBYFYPlKM
eiQbSRKFl2A
fvkkEDPr5fc
gBCuCc0QRUI
gKTg_Thdxrw
gMpYK_iypHE
g_CoKiMecXg
gkmkwyrP1Fg
h8phHpSykeo
h9poeI0GsY0
hZobv3v099Q
hkZ6vM_Eikk
i1bsoBx2H9Y
iBiJrdfooXc
iDYiupsGTvM
icDW9R69jCM
isr7WOWohgk
jEH8z57_Fo0
jPNJ-KPKzQ0
jRCXGamBGsg
jwDsnsAwjEk
k7ifso-9eGE
l2cUPzLHitE
lO7FhOmkzHY
lSfUnwMQWII
lx8fDH8j7Tw
mTex7u3p4d4
mlnPrT0lQ7E
nBkEl3KDiuQ
nGNy5C0aWVw
nRqx12GH014
n_6vrlQGFDQ
ov8rR-c8ca0
p1fP9bdXhGo
pDmEBiIG29Q
pFGpLoEm1hI
pUF41NK_ta0
pa6k_Tnc96E
pnMagg03WpQ
qCC-VrE1_Nk
qF683ACnsVs
qfTP68l0eEI
qkiaMVzhtNs
rD8eIkuC7O4
sYmF-Qam7j0
sfiR-PaGujg
sxl7_tnA21I
tUzmT_KFF-U
tYxnaTQ7sHk
tZwgCl8ym1U
uM4CDFW_ac8
ur1FD9rfuvE
vNsV7Kp8O1Q
vaO1up_U9GY
voEx44TPPeU
wOTBG9M-qEM
wXALfR1nzwI
w_NlwO_tJko
xDmlHzu40AA
xO9N3JNBSI0
xZLSVUu0Ag8
ySNvRcBWLb0
yT-t_xKK8ek
z-R1zRRFk3Q
z5R1nVadPWk
