-1u7-oJNY-U
-3MLNORNHEg
-5_EJjfCpko
-Dq3DM3sGWs
-F9oYOTHykY
-duTK0cxV0Q
-eNJzKW0aWQ
-eZ1j6doDtk
-jhDzM8Vo24
-v-LzyS8dcs
-z-kblyG04M
-zpvnxbILvM
08sMWWD52mQ
0AvAG0w3JD4
0CZvNkwJFXA
0JYtM7bDMCU
0aEwS1dNLas
0axVVvz9-G4
0ef0vmx0Bow
0iti4CCjin0
0jwjin4blDs
0sdwbQ6WnkA
0uf4D__mZOs
0yVOl6Tg4gU
12Ve2KY9sMM
1Qzu4_0cYHk
1VAP62Q87E0
1aTp3MbgUrU
1d0sNwiN-rM
1fmha9dtASA
1ibqKcVdNa4
1yxT2E8QUNE
29K7Czqvmd0
29TTUcQf4l4
2Ehn5V1RfAQ
2N1jqSoGIIk
2rfzijIeShc
35NJCtjF_w8
36IvotEdDJY
385ppBcHpxY
39j0qJJeVqE
3IxwQpSPFgw
3NNAEgdFyHY
3Oz0piahbt4
3V4LxRwLSk4
3cFA-hRwsro
3f3_wwhSBZk
3gRYgM6PkKg
4A95t8BJNtI
4CqtNQHJvGc
4OannfpZHek
4XlT1u602pA
4ZqVIFEIaHU
4vUDyGFj2GI
4z9C4Aya-jE
5EiABH0Wg3E
5QVBOpmpIpE
5RthupYOaH8
5WH87ErDhJM
5WrcsPMKun8
5lGezIO2rEg
5p6o4UfyNFg
5ubPwgSXiPg
5wdOWpqzBY8
65SKc2fyc_k
68jLnXKutac
6BB002IzVzI
6EuiA6_5aRw
6FDhUX0lhcA
6LuIC2w725c
6MFWIgR5vAI
6UAryc3N1lk
6V5Ggfp-3A4
6VlQCZ8NI4o
6h5Hho1s-lA
6mCvVl9J2Vg
74THdkT-F5A
79wxPF1Ix58
7Dcx8Uln-Rk
7EV1z7z_P2Q
7HzgjgAW-z0
7MnSFhd-2ck
7dXoXDfqfMo
7pIIuVWGJl0
7qUWXaOvGS0
7rspu819AKI
80OMQhScT9Y
829fj5Oo70Q
884h994FLEc
88OLUDKxYac
8BrGczSZQPs
8MF0t_YJ578
8PUEbtgohPY
8TscoSDGClI
8WEkqXqXFzs
8biurbfFOAo
8gLa1dthiII
8ki5sFifGwQ
8sRl4rGdOPA
8tw2xtc9e40
91123HP7Amw
9BnpltKZytU
9Jsn2xHPKUA
9KnQRWIRIWA
9ORD4RUlmCY
9QKZ5NrZUWU
9Wc-6KaeOe4
9bDE8QwGJrc
9hEgqkYFKD0
9kBJT5QVvJ4
9rt4NJZR0qs
9wBqTMejiSQ
A-Uk0C8W2M0
A0svFO0zc0c
A2tVaHwCc1Q
A49gZpZTju4
A87rEGADbhE
A8aE5375zv0
ADp0fTnDkNQ
AJ7qzBOuoPc
AbP93f19QBo
AmJbS0R_qkc
B-FkVvXcuZM
B2nco3I74AM
BR_v5xl4Jnw
BSaOjUytmf8
BZmfDT7U59w
B_9y6XOmQKE
BbddyrpGy9M
Bda6YuVuxWE
BdxDk80i2B0
Bn-pAmwLANQ
BpwjwaR_Wv0
Brm_2XcRmIk
C3RElwCQ7F4
C4qfYt1p_nI
C5oY3eVNeH8
CO8sN7uHobk
CgsFtO7Cphc
CjeX1-wAV00
CkUBAlPvlkE
CmRg_7oMHII
CsocQYQniOM
Cu8peMBN0fM
Cvexod8BSfo
CzVo8CbPv5k
D00C3ejk810
DGqATeX4mYM
DHLu7YM4mC8
DPHbktqEx90
DSPgsheiIaY
DrGid1BB3qU
DvqPSMmuGBU
DwgEDDG-qNw
DxMHSkg-sPw
E6_SpsZl118
E8_sSmzagpw
EDZGC9Zzoj0
EI6wEuGnY48
EKFdzewokFc
EQzotCa5Po4
ETiC-7RzUpk
EZii34D1BrE
EbOZmQMFDMw
EoWZf-w7ARY
EsjzgKzFTFs
EwwjU4HMqVo
ExHy-vE50Vw
F-wOFKXLmPU
F64E_3Eq1IY
F7OCrAS8yxw
F87SZLbNWcs
FFj5R4Pmeko
FFqvpdWE9os
FHqDcjE_1vs
FKQ3OAn35Hc
FRYlTF02A7g
F_1eolA2-NE
FastjtPsQwE
Fk-CWhsH6gQ
Fkjps8Tcooo
FuJtP--0veI
G9SFivp42C4
GHQDR4AnQNE
GTiYUoHChuU
H4MzHYhDb6Y
HAnl1XSj560
HKzEA_nybnc
HTeznjgS1sU
HX15mrMiMTU
HczPugIbv_0
HjwpLjDikaA
HlwlD3IYFLE
HtX7fGRKk7w
I4aJ_dRsrF8
IFVrVI4rZHM
IIJPDQydeZs
IKMLbTyR39E
IOWa5zlTKOs
ITqgU82ig_4
IWorREy3jrc
IXVvc5A1osE
IlxbQ0VauFQ
IwGEuAMukO8
IxbQAQsOess
JEb7S8131Ww
JHswQjkRGL8
JKT9i30MBBc
JMZjC1Z3KUM
JQAdvZkFzYk
JTGCiOtQPmk
JVPVc4ERi7s
Jc5LxYExD7Y
Jgfiqg5s6JQ
JtyJpgrgnac
K0OwIUysxis
K0rIm89bJ5A
KEEzAPGeUvs
KUzyDLFRCPY
KYHM5AiwNDI
KYpSPayX-lA
KYqvqScg_j8
L8iBKUJjw6E
L8lpljgQTe0
LW1nce0u9_Q
LYeYDP1D1aM
LdAFeRXP9B4
LfzeVYWqSZo
MHE1bPKr9L8
MKPeYj5GOII
MRP0GhQhAu0
MocF1quhG0g
MxPptm30EeQ
N3T--iX8hYY
NF7cz1T3lg4
NRnjM3SfNho
NZa52_GX7ac
NhisduKa2dk
NsekIauvMC0
O9XFLXOzAk4
O9ixrE17n9g
O9uENKf95gU
OLAngHtrJl8
OMxyLHJKGGc
O_TS4qAIF0c
Oy_PXu4YFOQ
P-g0hyzm9ZI
P1sWy1fUKlI
P4XNvQTpgIE
PATg-bpJEz4
PSYZxpQkHV0
PUReyunNXSA
PWHWPhkhpk4
P_z-vzkA0r4
PfGaI6GtTME
Pje1cxm8R0c
PkufZJNIfDU
Q6_JxEGEOVM
QHhvv4Wl7-Q
QLnCTbsWmC0
QNWpBBrhi0Q
QWMswklkPPk
QXzNZuZ9paY
QamdeO12-Qc
QcbV4skH7eo
QhrTx8JokzA
QisCwBYIeLE
QzRbFd2o_PE
R1EkV8An-mU
R92iB_Q3GuI
RQKdzzW-IDU
RdWxDm-gWU4
Rr2kI6jNjRs
RukeeoeX_sM
RvjOniKighI
S8LNTeqAqdU
SMHZcKQ5SBc
SNUfaBCyRmw
STA4eE00OnQ
STneDI9qehQ
SvUjy-SyG8c
SwxSqwkQCgw
T58a1JK68T0
T777MjfIHKw
THKVqvxO5BM
THgqwLhdOak
TI7TEyRr1Fc
TIDUEs1sQts
TMduq2dKGfo
TPLR9c3IWlI
TUqzenms9X0
TWoNmsifxWk
TZ5WLa7DzOQ
TjZCIdUf19s
TyME3gC6hbY
TyzknDzffZU
Tzi8hnkDV-0
U0bLtET9WuA
U6VEZ6_lC6g
UBaeaVMSo2w
UGD6lkl6NvI
UNjSkDc6U0Y
UXz2jPRLBzE
Ua_qR1xYrRg
UdxC8ax61Hc
V-EcS4zSaAs
V33Ehe5Cies
V6ddcHvdaHg
VFAtsuzO3vQ
VFpX6YZJXug
VVRYgX5GR9s
VWtk30OsXWs
Vf8uYfaMp58
VowRkuobzIU
VpPjmhEocec
W2cvN4sImQw
W4M9yCZw_Nk
WFODMWeEyYo
WIJbeudIokE
WhaUqaLhN8E
WjMjbe33k2c
WkPXpI_2uGU
XDjnuUCXZaQ
XNRuPrxVZoA
XPJs4u2_mZU
XTMHcsVrjfA
XUUe7YO26ns
XVdjIO1IykU
X_1PumHkGuk
XcrYa_KFKqU
XgGmVWYHR_Y
XuiQIPSkn6o
XzD3GzOsFT0
Y95MvPPr9OU
YCiG3RXNcL4
YKJgjQ8E6yM
YLin03uq4rA
YNYaeYaKW8E
Yv9IZDgADYs
Z-lj2GQ94Y0
ZQK32_s04zY
ZUZfkIyuJPw
ZYT3xM8IFGA
Z_8F_jazYjc
ZcZuGr_CRbU
Zgcu1lC2V-4
ZoA8tTnxQZw
Zq1FdDbBwvA
_DOeip1REzY
_KdnjkwJ0x0
_NYYiGacE3M
_Rt0eAPLDkM
_UFzZLvTGFs
_UOjn1yDqTU
_cFb2kWjQFU
_cvuHQr3LXo
_m2idOCr3rU
_nmwC_NjzqQ
_r9RxdHb3ug
_rhExEXgv0Y
_xOTU2xuTJc
a3mvX_P9Vw4
a828GJJj07E
aCkYLBtey8E
aESRy7rXoc8
aHplnW7zAMM
aJqeR4SGqo4
aKBKfARW7ZQ
aKwImd7S6nM
agRKXgkeOzs
aki3wwS0czs
argScUgcu3w
as-a0x80s0A
as2dCf4QKFQ
au4H8KB6Ltc
axNiuhdgbbM
az8h_CaF-Gg
b0ZIW8c6CMM
b5_8Q4X05ME
b8ZPggmVEHc
bK6ZhTCYi0w
bPpCBUl0fYI
bZZM4YYUCDw
bfTvfrLnXSE
bhBCyZLEUrg
bhFr-ov-9oA
bnnWnoErIBA
bySI70CUCGk
c9FUjIiWG2Y
cMJa3WpwN6g
cVzQyuaRZZ4
cXN6cgVJUKc
cjPHSeVMh4M
cqgsEZmzeLE
d-Crvt_WI9U
d6NmVtTMsbc
dIc6_Oi0mtE
dPiQAWIl96E
dXFuKDm6Jb8
dahWNkFEM4g
ddz9NDyFub8
dgNtCaHXmgQ
dhwnCGtLj4k
dkGwZ95RR6c
duPYp8qRyYA
e2Avof_D4Vs
e2R_BZA257Q
eAsY4c6wvuw
eI1fYUylAM4
eP8IAY3CuVc
eYX6wL_GNU8
ecvDOLEVXjw
ejtCw_nRFlc
eoir-VcjH-I
ewUIv5Bo2r8
f4-kdRE0mXo
fDYwYVPCorM
fSx7qAruOsQ
fV5616om0EQ
fYuiNF-q__A
fZwWcDLJ0BA
f_1Eupz-y5w
fdIJdQBhixo
g34RgrQbN6o
g7wlKOjYLLE
gEKd_SethrI
gIJvvCz_-Rw
gO4LauS9wG4
gS71Iqt8_5Y
gWrqjTzpnS0
gZbr9t3aD2s
g_AgSi7f6ps
gprQQSbEyCo
gvm5Rl5yA_k
hAQmXtC1jJw
hUoTNTziE6A
hVKeE1gv5VM
hYnWwjvuaIE
hZcz7uCVfrM
hcrx7YybGyw
hrmtHIf-HD0
hscizQkeWtQ
hxlunzojPcs
hyhT4iAZKEk
i3Db0Bk5YxA
i5pjXVeQv7o
i9VO7X0hn6U
i9w6GnHDZZQ
iB9LMQJ6-F8
iFirMvOIrC8
iJY0j1nxXSQ
iRiBlgHpYZk
iYBj55CWbiQ
ih0zPsg5hEM
ij-oAwU8Ek8
ixV6ihT3_OM
jDu_HN9lfX8
jFbl1rvbZaM
jHU1AudJxBg
jMOt5yAyXLc
jeFPBBqzPU8
jjPB0_BgrH8
jpHqFY2UYkc
jtd5mRWTj2Y
juwvn8Hc9gY
kE9gOJp-jfU
kL-Wrxk9V6o
kSwLn9f-a5U
kU_vwI33FyQ
kaZmXJAhOl4
kmOHnQkUHMQ
knsH75Yt2cg
lAYysuJY-so
lWohUZI58d4
lqUxML5NNmc
lvfXX1hZ_1Y
lxJPIe9hmGQ
mC71ELWnuDI
mK-Kq0a4f5Y
mNUp_9wxk1c
mT6xSO2o0-0
mVVjH1UOZ-U
mZZS59QnXec
meYm5SOqrvY
mio5xJLywQU
ml4mAXr476Y
mm8EgAo4xvo
mtj1UUp_p1U
mw0oyyhVhxs
mww65hIEWQE
n-8vobtsKZw
n-qBpqTpHEM
n54I8uyAQag
n5u4bcqGz7w
nDCLoZbIA1Q
nJ6ANpVFLDw
nNVHZbRcX2Q
nOxda4HLRak
nX6cwd4pCAE
nYIapmuqQZA
nZcvV5bHpwU
n_oB7yERLns
nci4LFML1vM
ns8zyjq-k8g
nu0lizDhFkM
oJsggnG6jyc
oSj4evkXQ8k
ojcaxKhcUmM
oke8jo9h9G8
ol82z5eBKqs
p1Y26M5BF4Y
p6KlDXmtg8w
p8I9yEizPbc
pBMZunCsh58
pBtacw55NYE
pFQkEfxkDtg
pUubjdNIMzM
pWtKxY-iIh4
piF1AzEBSn0
pnGt2-qxHxc
pqkvBrFqlMQ
pvIJDDJ52IU
pyEGXqsZ1f0
pzzQ9E-zg8U
q9asaGknSEA
qBzRqT4Wj5c
qKsluwu06jY
qNy_7bvpAaI
qS8fePzQMx8
qZqpYX3ADhU
qbnQhTf2uxs
qh-ay9TKZAI
qxyyUy40mIk
r5lWCA5ABug
r6FL_weX5xU
r6fejC5FS1I
rJOFTns4jls
rLnV-NvZmVg
rQ_ywcw-KHE
rSF8GqDBkPs
rSkbluV0qW4
rcLN6L94jv0
riYIznsQjVs
s3VMoA0a_Lg
s4S8vJYksUQ
sCxu_dSWm6E
sEjC26vffh0
sHQlqcSUbgM
sHVqJTwN1iQ
sHyOIGgDVr8
sa7DEDjSwSg
sazwqCUznCQ
snZvmXN322E
swG9Wjd7v6U
t97rq-Guxbg
tCM3wC1LNhE
teJUtq-vDbQ
tmqXGITNUr0
u0O7E3N-B5w
uCxd6Wgkv98
uEHcrTua9D8
uXZPywdfEi4
uYeNqQEw8JA
uadi0JgpO7k
ugDAgCHtNe8
uoiDHwc6oX4
upRyTEvAzV8
uyTMwxgl-PE
vR-swC39L4w
va_rTyVNn2w
vh1hjMb98B8
w-zPxyxPxKM
wBbZCDRG5VI
wD2i69QQo2o
wMMRX5M8x3Q
w_JamvmYBMQ
whdJc4XDiwo
wxKVDRr0efY
x3GN6rIx04Y
x8Kv5fzGeXc
xB5jbJEIwxM
xPTd4CaYq1g
xQnGyxTujPk
x_7WExkmlA0
x_9G_Y08ObA
xzYnAZkayRc
y6kgZvUrLbA
yBVGRbeFx4Q
yPSSfT9g5XQ
ybpy-oIjiB0
yg4IXQ6xmOc
ykLGCYos2xI
yqU31QnWsBo
ytexqihzw-U
yu8izuG6WkM
yvOfWAg0_dU
ywE-Lf7MRdI
yzjZXgvsHW4
z33EPSm26MU
zChXrH0glM4
zD1fspKcjzs
zE6N5cXaQhc
zTTsuGDUrtU
zdFvbbwG6R4
