-8JL0WnqZiI
0JT1-h77x9M
0lZRAShqft0
2VyIGtbhB-Y
30Mi9BmRY3c
3qYO4K0gtDo
3x2rsD_4BTk
4GzN4p_xWj4
4MJA8Wzp2XM
4WUyDJ9r5Tc
62tM3idkv9E
6OQlLrwJBVE
82QDj1PwuCM
8FV0FNy5iMg
8qij1m7XUhk
A1nJRoPGkRs
A6mC5U3Ph74
AOqbq708gFA
AZhkI7YJvl4
ArMLr80jUbw
BLySv47vwVc
BWnbqlqd6h4
C5wNfdWr4tk
C8VHyezOJD4
CBCnybig5qk
CEzHE4pmLTk
Ch3_j8aWTYU
CjBD0IiRqEE
DKgJPhvCDU8
Dc21ml8-_PI
DpzJygBwnMg
DrCjRDRW_Wg
E_UG3WnsW3o
Egr4v5A5eTc
EjRXz1xAdow
EnV0w9RxFho
Eoryx5JDb-k
EwQ9FpFHySg
FpJx4zGpsmI
GpQcm_jgjuw
GplVJXXe7tc
I0CXhmdHPfI
ImetvbMXgUA
InUvoPELO-0
JIL0hXRPdnY
JVjuUIxa77o
K1y36Atqi-Y
K2PrKZwy9ow
K3rVr_SfXo8
KZl3zdUAd-w
LMp0QFCjYH4
LVYmV5mK6QI
LZpqyKEgsiU
LbhuAl1sbak
M1hHeS3EcO0
MOLOmEQ89h8
MOcjrhPPT4w
NOV0OuYxB7g
ODpVoACT6ok
OdRM9chZHaY
P6cAYs-bijA
P9qmT8fpYSc
PE3MKEnbJ6s
PMjtbvqlqso
QAeJ35FGSIw
QDVTL4VhRkM
QcBYTA7uVXk
QrjH6uyASVs
QtCjQYosj_g
QyIGoErXpFI
R1wYycfGFjU
R8b-s6DkrWc
RA9n0Enu5Gw
RDgBSUD5nkA
R_l7glsLXC0
RnL71vnCMCY
RwvbO-40xvw
SLMz43ZZC3w
SSKy2k4icz0
SYk2RqiMExw
SjvabZqsk1U
TLXFx0w3vBU
T_g7FDFHbvA
UB2156VrugM
UTOcmJ0yoA4
V04zDVXMbuw
ViFg1BDpLjo
W1fw2qQ9Syo
WGCgNEhtAE4
WyibzMMsBhA
Yg1QzvwSskY
ZCq0ZVRWCPQ
ZZEsPUQ1gG4
Z_V-CqvsQU4
Zrh4rvq_z4g
ZufZvbhPpws
__jS-pjzb5k
_hFfDPM084w
_q6CNgpIKcM
assqpyCPaC8
b_wxaHwJ0aM
cXPuW6ZwcFE
d6qFPegEYV0
e2mDaH4wqYA
e6FjZCkLEUk
ePZc-71PT_4
fQCl2Y20DuQ
fU3XjGU0Vrs
fqOfOvwlz-g
gKMg-i5QRzk
ggoKUiEPKE0
hB-BxvUJTTM
hdZuQ36umEM
ihSlDvQwHdg
iiXisgizkxs
ij768iOGmjg
jqLlt3QQhcE
k9QAyP3bYmc
kDYVJ9vWeAg
kP33rGCwiI0
lN0QALDOa00
lUHc2mY3lKg
nJjutLZQl8s
nQ8rZFhy_QA
nT0lOlb5pe8
o0wg6N7SoW8
o2h7XsNQ1kI
p9RqUsbzO88
pAq8bjoDUHE
qDykQJpxqZk
q_Hc0jYKL3k
qjzblwFWDWk
qzckgFtxBqc
sWjYs7aILZ8
szDzKaf9AsI
tuolXSzTfIc
tvuhCwy3YBM
uI-ByPDmsQw
uKeMiAZ8Zu4
u_fETMORZJ8
ubzw64PQPqM
uv-59sSWUrg
v8B2_e04PCE
vYaVf6Cl4Y8
vhCF-dN6WYQ
vwKSe4_kvi8
vxWf-66lymg
whbKW7dZAgo
xBIEIKFMo6g
y034QnYq0F8
y6XfSQ_zQgQ
yGKEo2mKKTA
yUd-AiABUjQ
yZ9FAs6U--o
ydhr0QAyxYg
yjs8fdubRaM
zN6-Eka5jRA
zd_e9gtDExM
