-6wFwF132JY
-JFOdNgmQLU
-LhMi76Vgfw
-OX2WhQbCbE
0Fu9qP_UoEg
0ka9WBEijhk
16wtU87a6bU
1nkRXVeLrd4
1rfZK0cZ4Rc
25NnmCyjpm4
2GdgwhY1bc0
2Gw66jMmdHg
2Kg0q82mFzI
2xRn8CSRuGI
4-SWJvSXi8w
5t-pzmrV3VI
6I3G-k5fs9M
6eKV1Gz0f7Q
6tHLOAmzSnY
79lSqFzHBtc
7XydR_kpzlQ
88md-1jBUxk
8DQNqGbzkKk
8bbBiKoONuk
8smtJsOYPN0
993JFlmfNzc
99UpfzBkZEE
9Uf2PIHc0eU
9m96HPGUbBo
ARJqkuE_doI
AeWumFxclTg
BBcAzMXHix4
BCie_ZmUs9Q
BPDqNrtoiGM
BYDz5U9qw8U
BhC11LbpmK8
C7VOdLRfpFA
CFAvLaxjmu4
CtqoVsQoykw
DDs8P2BRAMA
DR-oi7AXGnY
DUfvyKa233A
EAANkoE95IE
Erj3Wrdr4jU
FdqjVcm1aGw
Fl3pUaePxWI
GyG0JQo4Vws
HLWgVpmo1e0
HMVxwcGlVZo
HUImaApCYvs
ISHmPXOS_Og
IVZxYW-Ffug
JUeUjn7p-9E
JonSQ3SWPsw
KBzdmvajVPs
L1H13MYLYPI
LBW4me2ACn4
LEaw3U6WboE
LuzJ1_j6LZ8
MJzQZpQ_vFY
Mf_w_s-QB70
MgJdyI3IJ40
MhdQXFSY7yg
N-4okOuS9bY
NR4h4ATIT1c
Nxld1sksOZI
O9P0tfKsVJo
OKBdnBopymo
OSNwibWB0dA
OlbVXVdzIgs
P18QCMefG54
P3AMeFlWqf4
PhVaQG5i0MI
Plz-D9OzWlM
Ppm2nqQAC54
PuyRyAP6OTA
Q3amYBVtuv0
QizsaErxoi8
Qq8PvS8g02M
RWdFlOhFZGQ
SWWjt7YPJIM
SZ2u0EvzXv8
S_3Ydotys_g
T9Rpz7WGIwQ
TFhynK0iZNE
T_mswN0BdRc
U0awGdJSLeg
U2LLZqQk2_M
U8DOWrEQxuU
V_Hwz06n0HM
VhqiEWCmCcg
Vmzg4OlKkzA
VsNynarfwkk
VsubgAppwvI
VwRBz23jDyc
W8ALm2M09qA
W8E7rxCdLi8
WhaeZs279BQ
X9RDzO5Nxfw
XtZAlhq4iQA
Y1Yz9hCxBUM
YoMafyPk7wM
ZU4QLjqoS6Y
_0Y7uzeKnnc
_HkpPIGUIEA
_df247vGef4
_r2mi3OTv0g
_z5A_k1D9fY
bPy0kr5xCvk
bUHs8KmJQpo
c6jtecHLNBQ
cdulZwfGO8A
ceLuqnK1AVQ
dGDF2tTq6xw
dROwTBoG8X0
dspA5-AWDbA
e97slOcFdO0
eEwM8bPR1Zg
eI1AG_PEQ6I
eL3FybpUt0s
el1dyKjNbAo
gMfjm4NWkYU
hGsC59DmxPI
hYgNN_YkwnM
hb4uce7Jxcw
hycMQgz_zcI
i5q7UbeUKaU
jNM7RUvE4xY
kse_htoXR_U
kt5y2tQC2rc
kwtgc2fsw2A
lCwRHU93RWQ
lIN-UDH_paE
lkKOt4SYYiY
m8Ywpg7vbU0
mLw-d37LyAw
mjr3LAZSN3k
mmk6aESKYWE
mo88g7xRbKQ
mr1tjwWTkzI
n4OX6QjeXYM
nYifjP84m10
nd3ImMRUk4Q
od4p17U7xOo
otRgmgRzTzg
p1zUlR6J_8s
p7il41rsUmU
pa_fHfJDNGc
phzO0tuwLhY
pzeJq9gsT6E
qU7iXtHTVtI
qef9tqgXwsQ
qljesLKKJZs
r4MzKEAxEUc
rgC71x30LI8
ryMRFeI3sAw
s5tl8B6u8Uc
sRYGtvzWafc
t6-7SmYf8eM
tIluqY-c9d4
tLQWJEgRf8Y
tY-9HSbCTYs
uG9Ughixo4o
ugTrTLFG7T0
uubqd3QG4rQ
wIvFBeoDYOE
x-4YBbI1FUE
xC5HtqR5ei8
xMqNqOyiGFM
xRGkr0LGZDA
xbIPC6K0D6o
xwSswRaBwlc
yYnMUcERov0
zdc7IwZuCkE
