-1ySIW5VLDQ
-9ZnNG3iqkY
-GAqIgSV-hY
-SH1Li8Moh0
-Uydq0hKaK0
-VK8ikWFXqU
-aj7eCp7eBk
0FJb62f74mU
0sOAdbA1UMI
2o29Fc5iX9I
2pHxi3NPyUY
3-EeHLZZ8Gk
32GcC5y1mRw
3ZB2La-oCVI
4AD1Go9E-Og
5QblPrPGtVA
5ZWaFXpP4t8
5b17ftCzQIc
69ssuLcxBtA
6cMPGL-DFI8
7dVkOn6zYQw
7lt-pK2NHrk
7y-tNt2W4Vg
88I7C93DODg
8bbLJPHPmsI
92t9XLMexCs
9AdUFo71_40
9PRmn9IBg5I
9l8QxS8KuPo
A9Deb9G2KsA
AJCJTO5Ocmg
APjWOqVPlSY
AkSMdcwDX0Y
AqkoTJdelEM
As-mUL3LRyg
B3QjSjhFi-0
BhreGGhsiNs
CsyHSlfRfNw
Cy7x0HQ9vYE
DIRLfg6gsQ8
DwmoSzrJstM
EIQBKvhoQAM
EVnO2OV3qC4
FXDTAOAlIR4
G4VbqqLSIMo
G8MnxTxxJ98
GWSEABDZ2C0
Gk-9Fd2mEnI
Gud4Vj25vtY
GvvXdrXcB30
H1o7u4B0DkM
HAL42w5uBGU
I0wsbXO1hKE
IFq3DO85hqI
ImVEQdUMNWo
J2xGBlT0cqY
JU55SQi53WM
JZWCKbh1tTE
JduPGFNwB7A
JuL3fSDEdCg
KWG1Yxoa_Os
KcUaEQFDzq8
KnCGMHNWVME
KqcJmK7AQ7M
KwV2datnyb0
KxkgE6uf6mI
LN2ZlDdaOA8
LdtK_oiyJAo
LegrEbpVukQ
Lf0YfMX_MFk
LfU2Qu4MzZk
Lse6sPRrAj8
LzAgPG2aCx4
MTwga6dch2s
Mp_w03mmn8w
N0cse4Nzvkw
NEfNtL2tXS0
NV_j7YQLkTc
NaexRw49H44
NoO7XKVmZC8
NrCQo72HzAc
O7yesO9w7yM
O828s4RIj5E
OGgjC2cand0
OMuqpbNxFSs
PXEJOkVBrIs
Px8Tb9Onk0A
Q1PM2CWTBuU
Q4xyM_h8338
QNx17rQ35Gg
QShsgceWr2o
QT-oawK3FLk
REcj-zaG4Lc
RSDOCAgHbNQ
Ry6M2esli3U
SpDqwygEqkU
StSobM33k-o
TPrl4k6CAYU
TfvGRqYNO60
UNVY4JvcoAc
Uj638eFIWg8
UuViyG19S7U
Vivu7J5ghwA
VjMX7QArwnw
Vm1nIrWJ6oU
VtXbTn6FwL8
WJ4oCO9UK7U
WhDQWRAAb-s
WnNNdVaWq2U
WzpII7AchZc
XYFubaS92rw
XtHn59KhDdg
YAZBg_0km-A
YfEkSzUgwqA
ZAgx1YcCD6Y
ZE2Nvz5xz0k
ZFBURQd9gY8
ZHhPbv-EvW4
Zrn20s23QwY
_b-dH-CqFXk
_geNZbgeyAY
aPeF8XqsD2Q
alrDNvV64Is
b-2GV0T5Zpc
b2Smhe07jCA
bONn4Dz9pmA
bfIqbOi9RCQ
c3pNunxlfNM
cSMhidDwdDw
ckD_GHfcse8
co7dEEVPoeg
dC5ouDBhhHI
dWHcIFc5q6A
dgoTpa-4v1c
dnMwVKp7upg
e5wNvZy-ECQ
fAZtxcd5_tA
fDsjPpmRXw0
fZUPLZWTfrM
faL9TwZFF5o
gLOZsTMuars
gWZ5cpxX3wc
hL-FM20fgKg
htw4FGFmJGo
i5kTdHT3yBg
isJ64h5st80
j9pX_eFGmic
jR0dWPJYEUs
jgbCXBJTpjs
k0tmhRmPBHY
kBRFeoKvpRU
kB_bhdEX8OE
kWykRcysu98
lMfSZHKiPHQ
lWeH4GzljFI
mTO0uueOTqg
mgTPaO4vZe0
n6EtjnfkWeM
n6SRpnfcPQ0
nK2alHTZpNk
o7WLiWXz2Bo
oPy-Tnj-AEY
ock9Gk_aqw4
oofL08FXoiU
osz4NXlHlRA
ozfGHONpdTA
pJ2difJaGQs
pdm-HWo5Flk
qBb_wDSgtcM
qf9OtlzWEW8
qkIkKFTbJGc
qkbPghLvyXk
quIfco4RLCg
rRtyusWHgT4
rm4nQIJ90GE
s6ym9B6I3UM
sF9hKl6iIfc
sX4fEcdWyCg
sbLfjb_CMN0
sdTQzJG19CY
t8C8-BB_7nw
t_ImiD3MfM4
tbrwxhGqtUE
vIX-hekIO38
vj-cK_KfjsI
vptYlSHEoAg
wPgmcHGKvwc
wcksfgMG9z8
wirnU9Q3RqU
wxSskSMr5wQ
xIazzFRNY-M
x_2plTtPpo8
xhS9ffDcLOk
xjaZ_M2fNgA
ySAXW-7WrDg
yZzJDGUxHvQ
ywUkKHPCbJE
z-2mLoXqM9A
zmrBCHSACSc
zrV8XhgK6TY
