-3aWw93ORiA
-CPOgEfsYoI
-huwApzquok
0FseKMWMCFM
0jOltJK2GRw
0xcBXPgZDJw
16NsL95Fo_o
1Mp4Cka2Khs
1sznIGFqqQA
22PaeAa57QU
2gQper32COQ
3BtgUfp1nfk
4-_ThOH0IOQ
4IcrvpKLvYc
4xTUH0edt4o
5-ehtoIyCJk
50rDjX0xAf8
5YvzSKB2q0Q
6fmAWjQE0y4
7RWBgvwE4_o
7b8fSVuMzKA
7o4JMqIe7A8
80md9JOnv9I
8UqWqoJ6qJo
8tfDnPTDumg
97nRjvC_KLA
9DrLw1gYjWA
9Jvibi3JFlE
9VPJZCmWg4E
9qiYtm-KKPk
9vkzt0JRjZc
BX0J9wnwuEk
BgIrLKRam2Q
BlQ3h7ZUAek
C7acjvQRQJA
D6bd4V-ixT4
D74VNQZcaxo
DE2ePzTBAhM
DVR3qAPokks
EWlZ0-AW5DI
EXiZ-g7usiI
F3dg6TiAHL4
FK4ESyzjkxI
FmBOWnMViXc
GBVFtHUihOE
GETlZ9XFxrE
GUJfA_12u3o
HltKHBPnJ9Y
ID3MbF5F4eo
IOqt9kchFvw
IuuTuUoCHAg
K7TVaNMlKKQ
K8VSVAbdEaA
Ka2WT_L_O-0
LLOnvu-YleY
LSDKjI4yjU8
LaulUT7cNuI
M4qnk40aBls
Mcv887rGU0Q
NAeoV57NVc4
OW5IuTuLcM4
P2UADyrq4fk
P6Y09x38sFg
P8quq7MCFtM
PCZr3tIC5yI
PYijS30-HzI
PaiVsuS5lO0
PbaMDayPcSM
PvyTilREOXE
Q6bRUXtjXmc
QBds0sRQ4O0
RFNBRKzbeVY
RUvTA83YziI
RjCZpwAaxDU
Ru4G8519OSs
Ry0WhnJIQKU
SK7-dkM8bvw
Sqk0Y8t9OYM
SuGJ0FShZjc
T6nCJtlZG4c
TWPNLYsD9x4
Tn8jJy2dhvg
TwbiT4vv-wY
U8Mvxl89R5g
UPjLw2zcyxY
V81ErLxvZww
WH_G6SFZGvA
WYjv5CVNIPk
YPV7VjhsKj4
Yf1LB89WnXs
Z-1WpRXey9g
Z1MPNzTB_uE
Zl2lpxsqNpQ
_LFUoD-hQUw
_OEmH323NKM
b225wGZV0lg
bN6OKjjEoP4
bZrDsqKvAkc
cq6ibN1mJHQ
cy-cj-4_v0A
cylXOTGChyc
d_uCoJarAJQ
dbEMri-XmN0
dd54ORI9nco
dh_Tq9neHMU
dqTaPIiXYM4
eli4G5Psfc8
fw1c9-yeX_Q
fxiHCBoNOnA
g44qsH-EYfU
gJkCV-U0M3w
gQXehesyZT0
gck6ryHjMCA
gtGImKWw_ss
gyU0H4XpThA
hLK6-3r2qOA
hUAKGMxStcs
hYh8tOQotnA
ht-jityOo8s
htHrz7iduHY
iK93noba_pg
iWM5KaIaTU8
iYt3YySt42c
iqfIuv_uju4
ivGb_r23UDM
jne-jhcHvFY
k2IVsZAlXBs
k4i3sBJ5hmI
kD3WJLGBNMI
kjchU7QalIU
kkYO8pzLvAI
la-WSg48y68
mBdomNtrMlI
mYmXXubWruo
mlpYU8towfo
mnr2lq1FdDM
mq6YtCrkcts
nVcvcbMme4U
npv5WOOTJ6o
oD4rf2iPqrI
om2v0HgCtDo
p5AHOxesie0
padjRCJ8GLU
pbhE5e6x-qo
pqC_3uMT_GM
qfs3NZX0_U4
qsBLuIsic0M
rEC_waXxogg
se1JFP6MGiU
t7t0UoCUmZQ
t8t1131hQ3w
tKIjetSgwII
tPB3NFHsObY
uLSu3umbRbc
uOBVQrbncvU
udke9lMLfLQ
vGNoCZSaYJc
vX18PMX-nS4
vh8xaglYujM
w2CNWyNGztk
w9T6XhFNhZI
wG9WRer9EMk
wHXWn7K0PSE
xAwNdTm2HW4
xFye1-47EFU
y3Qgs2N5z1Y
zgMHWFolli8
zpLBM2wttHI
zz8RIfY5IZU
