-KyJFpbS6N8
-dqOM7sVec0
-woNlmVcdjc
01E5otZCpqw
16S2lQn5xgs
1LGsCnyEp8c
1ZMFWqXilTE
1dQEfL2BfUM
1rgsSQ27564
38Cy_Qlh7VM
3ToRIUoXmIw
3fQ5wOSLPvI
3hZ_ZyzCO24
3p-lyt78cyA
3vDmWFTvzto
3yaHBdhIsCo
4PcpGxihPac
4T_sSSka9pA
4kSGkGKwp9U
50MU4Cz62so
55kqNg88JqI
5E8f64yj1Jk
6HN3G2lOAi0
6UuTd4pKHPo
6bwLtlA9eDM
783hwpJTjlo
7KlopLcNC1Y
7aNktszr2rA
7j5pUtRcNX4
7oY5WNAgb90
7zxancgfDVg
87S7R53R5Eg
8G3JBKgegGA
8LkTlZ_wEzU
9DtKLNQoDH8
9Tji1g0WrPw
9wUePyAqPuk
9yVOd9TXNks
A3nKAvIc8to
AcZ2OY5-TeM
B7pM4T4AKEc
BLEMy1B-rz8
BjCO_aFblHo
Bm9qKj1Q_OU
BpRHFhkHeVk
CHp639vhUJg
DgZPQMyzKiE
E7dq2KS97Lg
EbthMC6spAE
FPkANZ9HGWE
FZGcEcTwdno
FkPmiUFZyu8
GKiQs1dE0Tc
GL-XynwT8jw
GXRlGULqHxg
GfqD5WqChUY
Gksxu-yeWcU
GxY5fvjAbG0
HD0pFv3onC4
HF-wVFTR0fg
HFBXryZa9Ik
HU7d3jItjmw
In6gCrGeZfA
Iu2L7oA9QRg
JbiJqTBCQuw
JiQLHL10BYo
Jnxw35e-K98
LN-Fv4OlHj0
LSMo_Ns-FUc
M7Qm_UJML54
MajtZgQySJ4
MvC6kwU3zgA
NJ97KdTQFww
O3t2eB5J0Hg
OQouBWOU3mI
PCWg6KJgjeI
PNcjNy8y4v8
Pe0SmaBUZT0
Q1irNBh2qg8
QeAKX_0wZWY
R1lcb_7gj5k
REhlyvtiIhQ
RIZLJMOhQCE
RKO3bbr8jvw
ROmIrRtNdwQ
S0Tm-7DvR2c
SneZwjkOYIc
T21v0zQDtUw
T2nVElYOHYw
TUUKx-wVplM
TWqcSSa-HK0
TcfZCCm4eIo
TkQnsKk7Yh4
Tva0xq-eDvI
TxeAxTV2XyE
TzLXHViyW7I
U3dMdDGD71k
UJSvmMqK9ns
Ukk5TJL27pE
UrqejqX44U8
VMLej6hFN30
Vg22IhSNWSQ
WKRKrpz09Fk
WYYVpbGdmaU
XNrmFlipU9w
XX_jd28swh8
XhkwT466ykc
YgLYZPHXgXo
YhA0GVi_N4E
Z2yZwh_gCIU
Z9dp9I_V3Hg
ZAv5EKvRrco
ZHs2n0XTxlo
ZU05XZ4_jtk
ZjwLFZNCjDA
ZllwNlyTfLs
Zr7Uys7FfmY
Zs57jh7kHcI
_F2tvJSz3CE
_HGW1DQO1xQ
_Y18IvTtGv0
_aFo_BV-UzI
_st4diqjpis
_vGLo_VTVv8
a_kErty6kug
atHQpANmHCE
au18tOjWs2s
b-8zqZVQ5zY
b01S7EBQztk
bJvOqXdsEp8
bQpJShkaosc
bVCLiPYIqxo
bfFgnJoLiQE
cA2-iMz479o
cLJAXu5OD-c
cRzW0RlS5P8
cY4aCnfrqss
cygLzMjX140
d46Azg3Pm4c
dVs4-91xduY
dWcapC-kriY
dcVOItrZX6U
e7BkmF8CJpQ
eQzmLrSjmhg
eSXxAlcbMK4
eo__zgGzdmg
esWK3YF1-qc
ewFaGCLWmko
exdR6lhN4bk
g0H8GeO3rl4
g15-lvmIrcg
gAN9pBY7jHA
gRwD6UJ9SKI
geEVwslL-YY
h2dHqdvXsys
h2uOwtQbEHQ
hBweUnkfQ2E
hcfGViXv4YQ
hvEkXJXQMbs
i47zrx24dpY
iIlnL6rnWW0
iJguqh79aBo
iPblp2OAHJg
iqlMQcfshIQ
ivif214cQLE
j4CJ7h3mX4Q
jvIzIAgRWV0
kOzJcb1BLvM
kSY6oabKYmk
kavxsXhzD48
kffo3pxNO7c
kqGKMaCAao4
kxkrdLI6e6M
lGd_nAqyHAs
lT55_u8URU0
leVkYyhhMxI
lncVHzsc_QA
mA6MQHNM2yE
mJCWE2TG6vc
ma1rD2OP85c
mf-SJGPDQic
mlQ6WESy-ro
nK4erl_dqJE
nKNAZr0QJzs
nsqX7ij7c94
o5xxIciBSME
oCAmWM50hv8
p6hnC6QLvfo
pDF3SXTJdNM
pG4wW5yPDck
pOO1AX7_jXw
pT75YHqlD9k
pgeH-klR_SA
pij5lihbC6k
qG_P_1JnfXI
qRMP6rCT_bs
qTst1Lj8ufU
qgLoIasrz9Q
rKhfFBbVtFg
rLSm2RSpVKI
rXbKeHAoA84
r_9mLu1kMA8
sa-41DBGHfw
sp79Q8Scyi8
sy6TTHtpves
t9e82bFWtYU
tn2-PUq1Z84
uBUnmdd5-iA
uURbtP6oga0
ufdvYrTeTuU
v2soHxEN79c
vSDD8rgUiNc
vvZbCh5DUMU
w876zZZIb10
wBFutw3IWpA
wK7TiA9qmuU
wfeRW_j2pcE
wj_qRo9tbOQ
wkvvAQxxo_0
xXYhua4IwoE
xXirjnsJOlk
xbZNkMn3PvQ
xf0WjeE6eyM
xlf-CS5W-WQ
xz-i35HrXL4
y5NhHBjyJe4
yEEOuLMgM-M
yV5Wf5VGVy8
yd1T0kPeltg
z-8yfX1fqfw
z18LY6NME1s
z68CQkD7mz4
zN5VfiDX_9Q
