-0-yMdKZk5w
-0UOv6lOwmI
-0beFQnB5lY
-0wz7n-h71M
-1GHgadFmuA
-4YDUDhMcvM
-7-40nXd1YA
-DUc1otr9XE
-JtwROpSVWc
-KMEOaMCJss
-MjLl8SpZ6c
-Pwxr307O4w
-T7VXlB4qUI
-UZsmvdvweA
-W7Bek4jvos
-aZBIpZY_Fw
-cA7kwBSUaU
-j0rjlfmDx4
-qFWhXn2At0
-qIlCo9yqpY
-rLvRMf3w9w
-swFnrFptc4
-t1781OdVvQ
-u5mlYhhXHk
-vcYIOIRsBE
-wrTIWx_Z6k
-zjikObAJHk
0-d7Xv6UaB8
02y1t8XnIvY
05yDdVtGOIw
0AG7tsCshXI
0AWtBX02JKc
0BoJkW-I_dI
0CZXhNcZuEE
0GnAmUSvpAQ
0H-a52FoRQQ
0LYfDYtJcpo
0MMXqjMe1WQ
0P_7yjFIqpY
0QmCcYZMQoQ
0RoOD_GCsOc
0ScXgq3k4lY
0Tavw74AJZw
0UE6IU2mhU8
0VZ2Nbx8gHI
0X5bt8fy2tw
0ZcFKPwW8LQ
0_QWamRowc0
0cQ3sBXpNtw
0i4s5LgdmjQ
0jInNe4ZTBk
0kQWAqjFJS0
0vUka_0RGQQ
0yZatBxIqVk
0z6-TK07SF8
13OtvUxOcUU
14ZCBrP39I0
165sDaub-uM
1BN2HF1ZmFI
1EVE-XoHOhg
1Fwzw3X3EZ4
1JLUn2DFW4w
1JwpdIqpI_A
1Now4KeAiys
1WTzouXpwxg
1Yy3TLscV6g
1d0Zf9sXlHk
1eyFq3addMs
1if_93CvlNE
1iogEXKuYD0
1mFgMyqHZCE
1mhWzjgbLO0
1pY6IvkQm2Q
1ygQATx7_4g
1zLKbMAZNGI
1zTGntI3OJM
1zgxDFEifyI
2-1qlHIhWXE
2-B0HD1jcyY
2-a2YhHvYEo
25hk3z4COnU
26DIABx44Tw
27dZyLpY4xU
2Ckym053Pxs
2Cwaneq2w-4
2DVpSHeF6ZI
2FODvkKnr6k
2J5wTsYAh94
2JYiMZtIkCo
2JgPJpgnut4
2Lcy3XUDd_A
2MhREzn42bA
2OQVL3u4E1w
2PmJX59vvXQ
2RrKtrQ6w8k
2SybklT8k1k
2UGepY7Z8lE
2Vao8d50hzw
2YTYleNFaPE
2drmxfsLnJw
2fuowcxdrYc
2iabHMeHSGs
2jPdejek5QA
2kdqmzbqlVs
2m0Cm2kMOBU
2o7qYjuF9sE
2oKbs4jAf7M
2vwY1bN6bx8
2xZ8pLRTJUA
2zOySI2NGfo
33MnSMIctvk
33dztfqRu_k
35jJNyFuYKQ
37NE5IEIPLk
38h_mFMYc8Y
39M5IEIKa4o
3AnDR2ECutE
3CoGLnC-yyI
3DwDgIHWWio
3E_fT0aTsjI
3FmX8SBIeco
3GPEKKaSmZY
3HDm3kx3rhY
3KJSeeQcNYU
3NZCWPuTsy0
3Svs_hl897c
3Sy7RofBmrs
3TcqMOUzu_A
3UI23cmWRpA
3Yo2ohiqF4o
3_P3eM4FltM
3boMRfx6cjE
3f_REapPwio
3heFdpYAnsE
3ieIFdX-6Mo
3kKTFAEQgSY
3kgLo8vudXg
3mTh2joPPj8
3s0LTDhqe5A
3tXQMq967PY
3vktsbS_Tg4
3wj4ncIEDxw
3yperp-SFYM
446dbFQEFJU
47gxqBZUVAM
49_44FFKZ1M
4Hw0JZrLOLQ
4IBi7gN2THE
4KbiWJbMJTQ
4LYiAEV_XnA
4RlU1A_AJx4
4bDV_8G6fBM
4hZi5QaMBFc
4kHHN0cQS10
4nTf7iViYUI
4nfxx7abOOs
4t2jLOcbZh0
4u98XY52Rbk
4y2GHuFjH9U
50Z4yS5AvhM
52TdOMqqeyk
5BAvJbmTyZs
5D1ufBw0xEA
5Foc0I0CACY
5GyU4k3Lkes
5HK_l9NHBw4
5IPyv4KgTAA
5JuiCTz6Khw
5KNAl23NwME
5T1lvx5f2JQ
5UijUOy0MmE
5YEVQDr2f3Q
5ZTEJdAQwW8
5ct0Z2bQndM
5fKn0Dhj64w
5hAXVqrljbs
5iGy1xaCZAQ
5iQuATmEbVw
5jbSYpMnIPU
5pLCmLgjiJ8
5pZ9k64LG1s
5pvEw4R0vfY
5qhIMPid6dA
5teF-08EeAk
5yxjRgwYymg
6-BoUHnhQfI
61TQIcoRB_4
61bYZ9Y0Nrs
62xT_UEVxl8
64R2MYUt394
65xa8TG2G8o
6CJzU1oQWLg
6EZCBSsBxko
6GYHnhcH7Ns
6H4Y21Hg2L8
6M_y99jqTgk
6MuOrHm-rSw
6Ngw-g6aMmA
6OJ37PnnM3w
6QXzmvMWK1w
6UaUdWmTNGY
6V9AkCnvyVQ
6VcszNLRWPE
6chpmu-LMAs
6fK3jRTc4xw
6fcnG6-L4Cc
6gnPEbR7qrE
6kXgLm2tGoM
6l4mTzQ8iQo
6mw3Ev1CIt0
6nfkWFUWdfI
6pHsAgDgRHE
6pqKsA6FQVc
6t8Chcw_FpY
6ttOhztkVfc
6vnKLujMDTU
6wXRJL52ZD8
705yRfs6Dbs
70CN9XeDnf0
718bAMt_Qrk
76MLqlrxf5M
77_UeHKMB-I
78qOHrILufk
7AXrqIB2yVM
7A_MqggU6DI
7BiK0rNpFxg
7DBKS2qH51I
7DT6kyG7c-I
7FrHgiO2Jpo
7FyMj9kC1G4
7Gbl2AQMfxk
7H9AaiBLHCo
7KZIFgBX5jo
7LvSyuM6XSU
7MYzlgRQXBY
7MuQksaDZWI
7PxzSVhdj3s
7S--ETmeZhg
7SafV8n_saA
7afc9gTbVFI
7ecrESKwh_Y
7eu5ssbGVaI
7iXwR0mFHn8
7jx_vdvxWu0
7kOTDDxRZ48
7kUsKu_alBk
7knN2TXQPzw
7lN9_mQq2mQ
7mcCgipDB84
7ntlaDS9OIA
7p9i-pmF2jQ
7q6Co-nd0lM
7rI56NmD33Y
7t-ZivjczEs
7tAQ4CPNvY4
7tobXqP5NXo
7vUQYzZ_UZc
7wsEdxt1Ico
80WflPMzAcw
80yPDHB-YJY
810CHvSdXOo
81uxmIO_lps
820j10lEAec
82N4-Qa-hWs
853oWHsN2ho
862Pb9oDDAo
8AWqOBj_BqA
8AmamhLvymw
8BVoYKwTc4E
8EWeHJfea54
8HmQZxDTpe0
8IqXgZd-P98
8J3TQV-ngko
8Kr8j2YNE3Q
8MtRUu1rhtM
8QH5hBOoz08
8QnMmpfKWvo
8T9E2DBzAaI
8WSz2s-Gemc
8WzUYkzRgBE
8X_m6E3XEaw
8_lk2GoQcNc
8brYvhEg5Aw
8ctRjR_DWAg
8h5tAhXwma8
8jqs2XKe3Xg
8kjuzKitPRw
8m76G2K19X8
8mKlYrMg-w4
8miCh30GcGU
8pbWblLkHHk
8s00QLjolFg
8sXTfzaLmiQ
8u3-6KeOXbo
8vV1xaLCONw
8yyzNQfaQR8
909qosDbalU
94IZJCxKQV8
97Gh0LRdKu4
97VS9HaEwY8
99LZwZmSoNo
99NaRJQzXiM
9FqwhW0B3tY
9JAQh544RHE
9JPwVo9jiRY
9JaGmaiKRLA
9L-_W_Zh2bI
9LyBGKhr034
9PvIdb-tEKs
9W0H0qJPIPQ
9_JHsiQTTmg
9b-NCuZQ34w
9bRqe7eBqmw
9e3RkTXRQJg
9gARHWfXE40
9glQX8SPzyw
9ijh4nWgiMg
9r8LG_lCbac
9vd5qvW6uMw
9wKIOTJtLdQ
9zG9RuJb3QU
A0gsjrcAi9w
A14JSsALNUg
A1PTIxYrTVw
A2L0100_Yp4
A3zkedeWbYw
A51kP2EjuG0
AN-Wmg8ByVI
AN0-KpzJ_fU
AQ7x8odi-OU
AT7PQsbOnxE
ATDhYdHbvc0
AbsaUHdxGHg
AcEjkXB1VEk
Af_Hj0MDBBQ
Aim7rYokN2Q
Aj8ua1zQPSs
AjCebKn4iic
AmPSNhlU8jw
AmdnhR1Ie7g
AoxzqI9WaxE
AwDVv6pDBx8
AyF-EQVs9mU
B-aZrftUPlk
B-yhF7IScUE
B1wp2MQCsfQ
B4j3RP6qUKE
B7ohOMWLy7I
BC9Kk8Np9-Y
BCPwCAJYtAo
BHXNFOMw50o
BHi-a1n8t7M
BJYJksHREIc
BJwPc0MsbOQ
BMNX1cNEv_4
BMUPp_hNMlM
BOe8L69JpVI
BPvIa9NANlc
BQqh6yZaRNI
BSXn-lIs4Y0
BTfoAULV2bw
BX0OASFM4VE
BYHR0EYLWj8
BaPdGDBcY5A
Bb3_4PMC9Xk
Bc8sZbEEO8U
BeGaHNILGZo
BfhFDX_rt-4
BfqwRljSZio
BiCiphrgQcw
Bp9yejKb-QY
BroESGFxWM4
BtphytYuRlg
Bvv97sCcruY
C-Xep8pU_J0
C0Kx3imGLvU
C1sS1OehnGw
C7SNSWEV708
CAfQhqzZU98
CCfYQnOLHV0
CCw5PUvu-7s
CDpXhlJd6WQ
CGZmwsK58M8
CI6MV7ZTCbg
CKOh9EjyZH4
CKdOr976h3Y
CNuY4ymi4Fs
CQdv8ZTUYOE
CRTIrK3Kku8
CSn000wln-c
CSzyibRvkp0
CV0J3Bq3BIc
CVsUMzR04Bw
CXuFluhymJI
C_iXrDU-KdA
CdvtzyQq6tA
Cdvy14fdjj8
CfXzd8fgy6Q
CnORv97hCDM
Co2FtNFEVC0
CpR3rI_rjtg
Cq-OnVBw_k0
Cq5V9SgO1_A
CsplLiZHbj0
CthU2bsh6Fs
Cuaz6QaGdoE
CvG1isw7s2g
CyjOEFEO3I8
Cyl0xKfGSTA
CynWJbREA8g
Cznrcf5u-TY
D0zYJ1RQ-fs
D2EcvFfzu-o
D38W150h9a4
D40uHmTSPew
D5RDTPfsLAI
D8PtrVhkRwE
DDhzlkq9E54
DDpoRK3dlHQ
DGjIi9uPFa8
DKfiK-wCgFA
DLFEIrEa4js
DMNjH5MlQXc
DO5FBC8PEmc
DOxnswya_JU
DSp83eiQ-1w
DT0avi4Qy3E
DXUUqr3AFKs
DYY0QJhlXjc
DYaq2sWTWAA
DYdtWyluV8A
DZ9cN01ILXM
D_0vHst5670
Db_rO4RjqHE
Dc3yzYlQyVs
DcSuK7-ICGw
DdIHtymX_Fc
Dh7fgX1P6Uc
Dhzht_RLmGs
DibCYmZbPvQ
DlBKMaN4jEw
DmvaeHtmiMQ
Dn5UhUMCSz0
DvHJtez2IlY
DxcBVAp9-JI
Dzpb8aaktvg
Dzuz5s_Qk-A
E1cIgRy7hUE
E1qODP01XCY
E61qPSgW9uQ
EB-L3ffRa5I
EB_4iY91Ydw
EEJ7nUvXUYA
EFN6uHlypKQ
EGhEzTQlCjM
EINTw8RecjI
EIzazUv2gtI
EMu8K0l8ggA
ENr41ZJ8t9w
EP7xRieiZm0
EPT_PNucTWE
ERGr036yF7Y
ERQ9wN8uXWw
EZPsQUkRJgs
Edgq5q5Iq_Q
EeCX8Y0a278
EfNURrdgWTU
Ei_VSpemnMk
EoGojQE4p-8
ErYjVeiOEXs
EzJJo0whbJ4
F0evM-hBlcI
F4x8G9LDhMk
F75WbR2ZsNI
F7fl-0m-lyM
FTqLUEpWqEc
FVb6EdKDBfU
FWDF4uTlOto
FWo0MN_tY1E
FakCjoNnxik
FbEWtpSmJXg
FeMStkCW2LY
Fft5igeEIEM
FfvnMu0maM8
FgJD6ksdkWY
FkMqFTyYnns
Fl1NRju93Qs
FlOqJp_6D10
FmQygtqDLHs
G-QRXw_WzmM
G4_ULVw5L04
G5htMIBhdGk
G6vrmPQ50qs
GBitUateF44
GN_M3u7GWgo
GPQjkpViSH4
GREORahglL8
GVzKqr3Dss0
GXf9gNmgMSY
GZMrivD2Aok
Gb6wQtNjblk
Gb8ZbP6qAzE
Gd9-PcOPjgk
GdJCN7f9ttM
GfO-3Oir-qM
Gi6wDhqg9_w
Gj2iCJkp6Ko
GjnN1TpOIeU
GoXd_sESBBI
Gp_MsziYf4s
GrJ3ntd1FCU
GuMpEW8pKf4
GxN1yPguSd8
H--DnsJ62Mw
H-RMP0MUZ4E
H14cBj0qO6Y
H1B2ZRjfr8s
H1WYnJF1Pwo
H3EVCWsClF0
H65irEWSg9k
H65oSNmSLmc
H72s6Nx-FGc
H77PL7SlI1M
HAyYPe-zCcQ
HCAaonjgDEA
HD_RxbXKzQI
HFxBX-mT_Pw
HPzmR8MLYB4
HUHMZf3qwsQ
HVzBwSOcBaI
H_kOsnGzfYY
HflZiBzv3xc
HgH7cgHxsm0
Hj0r9vi7dmU
HkGcVnWtuXE
HmDxxoFslzs
HmU7ylnmn_M
HnG4ag3Nkes
Hp04bzD5bJI
HrELGOlaTSA
HtYsZZAT4yg
HuYfVG5YqWQ
HugGbf4V92Q
HyOCCCbxwMQ
I7vOQ3M_FJY
I8uf9HowrqY
IA6zm_kt5iM
IAxDaDw7TfM
ICFZ1wS8Fuc
IE8HIsIrq4o
IJXsgjKe9no
IKA8H_LolNM
ILAeVAgqFV4
ILzvM6KX-6s
IMC7H23-sMs
IM_4-XFeRyA
IN5TD4VRcSM
INiV-J_52FY
IORV_iKk1Ls
IWOIE2N8qvU
IWzkfBY982Y
IX9dd14GyKg
IZTLaE2QYss
Iapq84suC3c
IdZ43OuZXjQ
IhnKWwPcgN4
Io3uQ6Q4NlU
Io9Vzj3yhaI
IqoESUUdrA0
IsxWB4IDTrs
Ith2WetKXlg
IwQcnDT7xT0
IxI1iOi0t-c
Iz46th3HSMU
J2oNgZlbSKI
J30EGyQVIlk
J365hQpaWRw
J6JuA4qNU30
J8h16g1cVak
J9aoNAvjYZw
JIi8sV2uHko
JK6p94ddkJ8
JNUjx7LZoiU
JPyRL_mm5vo
JQk2hJs2ToA
JSs_bznLjPo
JTHWAQG6Gxw
JUmZ3NfiHDI
JV8khm4s9j4
JW79j81iLDI
JY0DGLrd9GY
JZQz0rkNajo
JeqT2NvTFSw
Jk_wbohmEe4
JkaxUblCGz0
JqKniwxDkVQ
Jr83bJsT6OA
JswPxrg2iJU
JxLzDjZ5HFI
JxPNLlvU0_w
Jy0kYsjvf7Y
K4PihmWMaSI
K6Gz3wyvTY4
KDItC7HNjM4
KEjZoGuO5JE
KMyUnyxVB9Q
KPVJgnCEqT0
KQwV4oUjIp4
KRAZAzc1m1U
KRQb74Cr9N0
KW_3aaoSOYg
KWxJXZ3S3-g
K_Ev_Es7onw
Kc4dbxQ-mEM
KcI_xfryMD0
Kcvb5jJK2M4
Ke-ilnaA-j0
Khr7dbuBjuE
Khyk6VEvJ18
KlXWoHS24Mk
KmrU6gMc1Lc
KmtAZKXb6kU
KuByY3fzjQA
L23I_XopoA0
L2X-1Ui3G48
L44wjEGibbM
L4CZM2HdVJc
L4Y79OEDAwE
L6P3nI6VnlY
L7CVZfCu1WE
L7iWXfZzEMc
L8tCoWmooRE
LC5MwTuEeeg
LCmYC2qeqM0
LCwwLxFRpC0
LEHpiFZlGcA
LFHj8e7mU_I
LFVhB54UqvQ
LFtRkDC7aHc
LH6v9_M4Vbc
LIU4xb61PHc
LKnQVCCX8vU
LMl93KgG72Y
LPebr-6x3s0
LR2Iq2VaZpM
LRDPo0CHrko
LV6Z_jW0vAA
LZWmRUxOj9g
LaL4Wao_x70
LcDQqGJG8pA
LcFtS9wpoF0
LhERIj0ddXI
LhklHFwmBYw
Lsj-xRafmgQ
LtdXK6yNFN0
M0O7lLe4SmA
M1UGGZnHyf8
M1kuAdVKvuE
M47YkrfjrXQ
M5anWrBFPmY
M8X6e-rinN0
MASNtyXYZI8
MCyjmEfdikI
MG6U7gduIwA
MJb-eUFqzP8
MKR33fJ_yPw
MLomtcM4-j4
MMJDf8IZ8qU
MNfGamlwy3Y
MNy0MG_iy0Y
MP-IfMYhSX0
MUY3GVByRUs
MYzFieit8dI
M_qJVOJ_5Gw
MbRamkuMUHI
Md1AK72ihM4
MfdchlFsiIs
MhrWhw08RBE
MjpyKUqDQ8M
MnRcytmJvow
Mnj-MXs1yVU
Mo6IF6qbYPE
Mo9ZuZ2joGU
MoTU5S_a4Fc
Mpw697MIamw
MunlAm7IGsE
Mva2nGveYss
MysGjRS9jFU
MzCb49dcR2E
N-sWlgFhUGo
N29w7aldHpM
N3cMM0YyxLw
N4wUUlS2RGA
N5BE2jbszzM
N5BKctcZxrM
ND-0_eSsSrA
NFNWNBWadrw
NHh24Y9LrY0
NQd7e7i4bM0
NQhe1TDn7VI
NUw3khVTVLo
N_tPZTzFTo8
NaB_ERMAZu4
Nc6loZU3kjQ
NfpXeLVzJIw
NiFuJV2GLkY
NivevPVqDS0
NkVomtJZ7uM
NmGk140utHU
Nne2blorXnE
NnjJmpzW5Aw
NqgNFGkOjBE
Nu4GgQ1LWiI
NueLjUNB-GM
Nutd-ofrzZQ
NvZVq23wAUw
NvwMflZqXxY
O2NiU4Pwkps
O48gSeQGMC8
O61K7NIlWIo
O67fpWFoz3w
O9-kJB8AVFA
OEY3Q43aE_c
OF9z_Yibuxk
OFAyhgY92P4
OH18cKTmwZ8
OLjaRjaGjRc
OMM-WGEyp7A
OOAemeB9CAw
OP4VYnQ5q3Q
OPCJrB5LQAo
OQs9ZtdZjY0
OVBjPpUlQrE
OXfgvcJ5T8E
OYfx2nFQodY
O_vyu06IHg4
ObA-jTtk4lE
OeyxR8WJiaI
OfWDTj5uLXQ
OfbA9a_CUxU
Ofy4lTvNu1o
Oh3dVuDoJeI
OiXEpminPms
OjdD6coa4Rs
OjljgkCQv5c
OlzdkZ3aVUk
Oo2CpyT4tH0
OqcP_wkcl2I
OsXyNcckpwM
OvNmgGQ1T5k
OzvFPhiwFrE
P-js-Eww1OI
P6ZxASdQkVU
P9rEPJ65UIw
P9vXNloQfTM
PDaUhWXPwyg
PDxISykYRc4
PE9qcIst6Hw
PG1gU7fjBUk
PHlJQCyqiaI
PHow1B32WZw
PHqyFhrb3uU
PKqujexw7Ds
PP4l--a81r0
PS4EGZJLNLs
PS4gsWDSn68
PSr9xuLhccc
P_zuK_pergw
Pa_PRDVpjSk
PbD0lGOpz04
PbWc46OejsQ
PblalSQSksU
PdgrEGFu44E
PfA2DRoKZxw
PhLSDnxLp-M
Pj0wz7zu3Ms
Pl4Lm9uDhk4
Poc55U2RPMw
PqFjjs_qNn4
PqSf_al90Z0
PrKeKMO29X0
PrwUz7gFIjk
Pv5CIN6ix4M
Pz0uJl-FzJc
Q-FoSNGGldg
Q166PYuQdc4
Q3EASLgzOcM
QEXV8Rif8Vc
QJqBE1eqj8M
QNNcl2mEHzQ
QOlnuN2PXbg
QP1PAEaszVM
QTIkUzkbzQk
QUXB8RJihuM
QY2w0qgQONs
QYGxiluqNEY
Q_X_WqC75Yc
QaB2TzbNCq8
QdG2mrnodcw
QdlKervJ0-Y
Qe9B8kzlFjM
Qfu7pEAtvHw
QnXRtbnmJ_Y
Qpdb9zo_1t8
QrPMlYSbkEQ
QwVLObz0MGs
Qxe8Yyuo0rY
QzBnWOa7GKs
QzQ2VsQjWV0
R1ZXOOLMJ8s
R2DU85qLfJQ
RA76b5Hhvxg
RCmNCkIUot8
RE-GwkeZQmI
RJJ5nP4r9zc
RK0zCsxBG3U
RN9G-g5PhJE
ROQrbWkV4HI
RRpGNnaDzeE
RS3aHkkfuEI
RUkKSYcWvxI
RV_ikl5tEU0
R_wIaGkiUBI
RaroEoKiq_0
RbIxYm3mKzI
RbYdjyxDNtQ
Rdj_fEEH5oU
RexcOKt3k9k
RiQ3GI0bnaM
RibAQHeDia8
RjWesfgV4po
RlfooqeZcdY
Rml2VihWbZw
RoRlXpi7NDs
Rod29FKKKk0
RqYkUKcEBR4
RshFjbjn-Vw
Ruyl8_PT_y8
S5GijgZTx5E
S5cjOh1BjaE
S5qJXYNNINo
S82RlFIvcPE
SB3xj2BKgHs
SC8Eg0odTfY
SDJEVKjASl0
SGZeMAYM_QI
SHMpKjbcMJA
SHYuROYNoPA
SKnj9pHV3eY
SLmfyh1Q0mo
SMGTRD8GzjU
SQJvjUsroA4
SRwdWBZK4bU
SWUBRto1WZQ
Saby6UVF2j8
ScKPEIg62eI
Sel3fjl6uyo
Sf34qI1hjKU
SgFDWK_sf9c
SnPdcA7SQeQ
SzYU3kgMPEw
T2K2AFv2ryU
T3mwUEoZdrI
T40AY8qvpa4
T5OhkFY1PQE
T6NyLN2uoF8
T9_0_kJzIa0
TDafvWkNnRg
TDnKp83IOPA
TEgrH93KLgY
TFJwUwnShnA
TFOYTE3RtCs
TFcloxAvc88
TG1NZFz_vEM
TJ0jBNa6JUQ
TJFVV2L8GKs
TJiY8duVgz0
TLcsrEQ0mhc
TP_sfhQoUIQ
TUGfraMJTZ0
TWnIIBEyDJE
TXBbLRRGxMc
TXStBe7Mh-U
TY3IAqm-gpE
TZ7gUXuUAfI
T_JbFba2i6s
TcilGWIzvdE
TeybRkJwVq0
TfHrp-zcRGY
Th6HuFO8ImE
TiGbpbcHA9s
TlW3JLtGV9A
TyrHAFN_F_k
TzAAtZx6xzk
U0-jiWeRr9g
U0Wm0TZkMs4
U58oFGixd5M
U8M_1eyrBtQ
U9-uAcpo9PE
UBvQ3KV2doM
UCLz92vUYJY
UGM3eyAnRbc
UJzGE00wncU
ULCIHP5dc44
USVpf_-o0_s
UVGxDAGFCNE
UVwYygnGkPE
UW8Zyt8SF_U
UWfgm20-LTM
UY-8G-EY2Ck
UilXYd2G3KQ
Uj7uyeaJjFQ
UjHdj-vhND4
Uk6wo9cE3hE
UkoboFsY9_g
UksT5I1lvJM
UqtFvSKhKmA
UyUuzCGblqc
V-yJZGQAl1U
V15RsZTMPA8
V2FG-KIgX2o
V2onC1_QOmU
VD8SZEngVik
VG_ctjJsBig
VHG00LIh0WU
VPJcztktXSw
VQfcZ9Ak2nU
VRyP5pvMAXM
VSfpA3AEKmY
VT-dwsOUv5s
VT4YtWdK01M
VYAFpdgH8oo
VbsTA-inEkc
VeabgdjjL8Y
ViNNMQEW9fU
VnvG08masio
VrwWCysKs24
VtHBrjgDjes
Vz8-MGVDs2M
W0XnmqOPwvs
W1AdGVHUHx8
W5T7AOBdgoQ
W8rChpLYf_Q
W9lXBUlgbvI
WGrmYHG1Kso
WHXxVmeGQUc
WI0h288usl0
WIIVh7H6nvI
WJyyJ7lexnM
WKFRRQcD7eU
WQnshKbalkE
WSGBP-Z4UXI
WT7gn6nhsAc
WTbSahFObkg
WYj-7IrjC4c
WZ3dgHqaw8U
WZczesrBFRA
WbV7MRBWlk8
WechPJGpqS8
WgFlpw7eD40
WgUt8epzB8A
WjFfli38Ioc
Wmw9WcFe9Mo
Ws1YIKsuTjQ
Wva0OyWVRsM
X3d5rT7FGLE
X4Hk1lOGWIA
X6Xebo1pngM
X8r6kdbOphc
X9zZl5nov68
XAwU3Lyn--U
XByiHpUvrj0
XDnKDYpvEgo
XEJqiucxyrs
XL29BUkM0jw
XLKBBaQLGo8
XPg_BE6EA94
XRX_BbE6L18
XRZvxqPO9sE
XRrIs22plz0
XSS9kYipRLk
XUg_lpDHN8o
XXuBwwZvruI
XY9X2Qv_BKk
X_cGV9JMgTc
X_xVKy58Yuw
XatqS7MCUGc
XcIuFTrLS6g
XccMANP-yOU
Xd8LZEaXszM
XgHdBTeloek
XijRv5g0QCA
XizJ6qB90Hs
XlT7UQm5pfY
XmtXC_n6X6Q
XoAWUjHjpAs
XqTPaRz8Nx8
Xva2FWNdcD0
Y-3Vr8Ut8d0
Y-I3DuUOsNw
Y-rRtM7sC5A
Y3jXdxCS05U
Y68Hzhnf2PI
YGUkiuXhAzE
YJserno8tyU
YLE85olJjp8
YPQL8RbwckU
YT9hPCuncug
YTqz2QYsSeY
YXYCZVHeLe8
Yi4YnwFT7Gk
Yjq-LSl98Lg
YoSmPkWmG4k
Yoywf8ONgqI
Yq4_YocuVeg
YqcOaxJCZr8
YtvkFv7igno
Yyglp6_yri4
Z-yY6RmF-iE
Z1mcQ6CzXo8
Z6koPaImHzY
Z9bw8MGkB-A
ZBD8X5zLG4U
ZBMUaSB2g8o
ZBzhdtoKgIU
ZGosoC7q_po
ZNjy2Q_25Lk
ZNu-G-rd4H4
ZOA_EvRvqJU
ZOGxOQxXjdo
ZOiPQ8nqB1s
ZPHc_cpEP1o
ZTI6T5M8Fj0
ZU9ZtlkSnnE
ZVjo86OEeFc
ZWGh7si0Y50
ZbKDFMW8hGE
ZcWsJoHNd4Q
ZfHBA6iFU0Y
ZfrO7za1MBY
ZoR7D0Y-6j4
Zt9v3f35l5Y
Zv29Sjt7LnA
ZvRISdKWPmA
ZvmnCX5TYa0
ZybYIJtbcu0
Zzuqv1GlMRg
_1DcpANmSQg
_3j0qmWU5jo
_3sCGmuACg4
_AwN3kIY7xY
_EonRi0yQOE
_InqQJRqGW4
_IubrZmB3tk
_LQoM8hJS6c
_R3LWM_Vt70
_RL3QI2Cqo4
_TFc9pprTLE
_U2m1x5pmKM
_X59ojaKfu4
_Z2PklRLoGQ
_ZdLIUCr14s
__yMsNEndac
_ak5dFt8Ar0
_hQ7gQNGT2Q
_hUsbE6xAEY
_mKnwFSWEoM
_mOAXaPVtD0
_nF7eVZkktQ
_oDHNhPxjsM
_oN7X_Bqojw
_ok_NoWMwyQ
_rE_4_CCEgc
_w3fkTysikg
_wGZc8ZjFY4
_xy6F5OfveU
_zxhK3Z-R0c
a0ejncDxgCc
a1pjMbHGjG0
a3_owZfYVR8
a6zq0mbXQBA
a9sajQMN23k
aAZac21Y9D8
aCPjfzq5kGs
aCv29JKmHNY
aETNYyrqNYE
aGGBGcjdjXA
aGm3Qo5Rcvs
aIptN-ixASI
aK-X2d0lJ_s
aLLKqCUfANE
aQO16k5Vdow
aSfX-nrg-lI
aT7XzkO_CmM
aViLtXEtgqs
aW_0MO-XKog
aYPUYVgwLWY
aZS2KbLAy5Y
acTdxsoa428
ae1-zXljvPU
aeC76ncf66w
afJXk-RgzoQ
af_HOjWHLAg
ahT2DV-WURo
ahVvjUuaMmQ
aiHZ_wU4ktQ
ajUnLM5OLCk
ao3UstU4RSc
apEH3cEW2AI
apV1Sy9L-s4
aseoiMxTOLM
atHBOUvgBI8
atheKbEFTxc
axYAgIVfox4
b-pq7MA2ko4
b01DL8DTUGM
b0bxFPc7re4
b1WHQTbJ7vE
b49QEQsNUj0
b6fHA9R2cKI
b7oXr10I-Ho
b7tp_AvS2aA
b8LqYHBgRgw
b9EkMc79ZSU
b9dScJxWVhQ
bEyyKwVORvo
bGiR5ZiEWkM
bKJOsy3Kf18
bSDKdjLlFxE
bSbF25mXDyM
bT6wtBJsgyU
bUN5uSu_VQM
bUzxiWLH60I
bV60Oj068zU
bWw9CvqoxEk
bXXTjaDsbMM
b_m3jC4hGn0
ba4_uGDHTvA
bbtcUPJ_N4U
bcgJwch5DnM
bdpYpulGCKc
bdqTyvvSmqo
bgKEoHNi3Uc
bi3csDVuLqQ
btSDddn1Vew
bxWPPrDpqr8
c-b2HXpbg7U
c078AVNTjM4
c1GjKA2MWUY
c2U6diYTnxA
c2r3sF9vAGs
c3aIdhWe8NE
c4LtoWQaLxk
cACeal74sSc
cB0fz5Q332k
cDTg62vsV4U
cEsiSNH2_yU
cH4mYC91omg
cKRKXB4e0OU
cTQ3Ko9ZKg8
cTW0fUlW42I
cT_Snaphq0Y
cTlHQiRNVl0
cWgurp4BfF0
cYNGDUIBUhE
cZ5AmFo4vbY
cgWHi1Be9eA
cjwzOcWbPLQ
cq2iTHoLrt0
crU9BxWUMms
crov8Fl88r0
ctBVhyZxXYY
cyslyHkAs1g
d-NCySETRIc
d0wOSGnqW6I
d1Fe3mInaTI
d1sv1wETAII
d3yTgcKhHqU
d431SqslxRI
d4p7YculjEw
d7CmEc2vnHU
dC63JhyigtY
dDLwGvw7OlY
dDNhtB7L8Lk
dFSkS2WeClo
dKOs-2bKOGc
dM0krSvAQuw
dMgElg_aEuI
dOHeXbbgoJk
dTCWOn5sYZA
dXDebmErur0
dbKZlSwAS3M
dfXRud1AIiw
dh3-6Q9v8hM
dhXRx_lva18
dj3CXY8rKuY
dkzmZJIvqE4
do99iDsfnJY
doFpACkiZ2Q
dpL5zS-PngE
dpLaoYw8xug
dv6DNPlYA88
dyqC0J6dO9U
dzMmVOFAMwc
dza61onWtPg
e0LJNn-GcnY
e0zDsvy_8UA
e3HuD9Ehb_0
e5N_Tq1EtRQ
e5bE-8n0_5Q
e9wZx_eSg4s
eGPI-oSed_M
eGgKfYDIMCc
eHsWYmnXk1o
eHwXuSsAsX4
eO7kJ0j4Qzw
eOqtBtWGl1Q
eOxPgaIrHuM
ePFl4iWzVow
eR2KSY1fipo
eYD5jnP6bTs
eaQDqhjyBng
eb2Ce6mj-iI
echLiKsNYr4
ej0Z8gk9uoA
ej42P9FTwZg
emN_vi1ZEfg
eoNO6yeKGis
eokeG5lVAWY
ep4bmXjneUM
ep8iKiQNSrY
epCvKyjH7g8
eth7JUKVwok
eyg8_HBfVB0
f2OGhJoypPw
f3gws4j6Vdk
f5LgiwUS7VE
f9OKL5no-S0
f9OVdmIxkso
fB8qvx0HOlI
fBXsqYci1ag
fDyqHSraeg4
fFWlCGgc-VE
fGeBs4VEkwg
fJOQZmGsywE
fKmulLDCoCg
fRj2NxkM84U
fWCIfdXAtiw
fXmAurh012s
fYyImx_KXm4
fZgo1Fb0itE
f_LpIydyVlk
faMfaNDWHe8
faZZuhct7YY
fc8_spETMBY
fhlWTEOH2so
fjVonI2oVeM
fmMYbcAif_I
fmjKsL_-rfw
foZPAgWbRwA
fsR1QviHkEQ
fuUZCoyoHo4
fv2o2-cevnE
fwUWlxAQj-o
fzmM0AB60QQ
g-MdiE7gfmY
g-_HKOcYBK8
g1BKgCXW92U
g1u5uN7PlD8
g28-Mh6TCDs
gC8wHu6qt9s
gEB7ai8A7LY
gENO66DUgaQ
gKkxO0Z7H0A
gL3KgfHnJwI
gMgg3v0fUOw
gPtPs22gtOA
gUjtViCsb8E
gVklNfuSdNg
gVpnxrcxff8
gWlQ7ePABMM
g_fzurF68d0
ga0iTWXCGa0
gdIeuLTXKJ4
gdWxGwiuhnU
genCiio8sGE
getvYflDK98
ghv3-lpFOcc
gl6to9XVpw8
glxULceEEjA
gmU2Hq8AsYY
gpv7ayf_tyE
gr-WvA7uFDQ
gthL5kV2BSk
gvOAuxFCGeU
gvxNaSIB_WI
gxv7bb5gfMU
gzlZJQ4yY9Y
h-45UCTtv0A
h03jLiWIXVI
h0VOc4QgRO4
h0aDL2QkGtg
h64qugj_iDg
h98p960B8Ac
h9MSHl40z-g
hA-lmaz4AM8
hBLS_OM6Puk
hBOlhdSYhv8
hCQ9y6ivpdQ
hFfmYait6IY
hIMJ0_S-x40
hLwcFvisQU8
hPAr3-4egRU
hPLRO1DevtQ
hY9h5o0G_OE
hYY_GOu79IE
hYZLxj1cyf0
hbdv_6Dx5uE
hdmm4m3ft3Y
hhZBDO0CKJo
hifvjuwsqK8
hjUfVekEIag
hr3wwPh5uKs
htqXL94Rza4
hu0O-q7Kf2k
hxYyB9QfeVU
hxaaAoI57fk
i-99BoYyUoI
i-IHKi-bCgA
i1UEj_6T1RE
i1cpN35-604
i1iNZ4XukhE
i2s-AUdFt3g
i6po8dWuvCI
i6qlPeS1kGY
i8ZVzjVzMCU
i8lp_eI78ZM
i9oV16vAt60
iD-cFgDDuqM
iDvPvqImb-4
iIMrFnl5NiA
iLMpJvzpGF8
iOZCBvKpAq8
iSYR-2myTIQ
iT1c9gH2b1I
iT5-nIVMiQs
iX8GxLP1FHo
iXdEeRBh9Zk
i_1VW_0i6vo
ibxKEqxARkE
icBX7hJjQxc
ieHh4U-QYwU
ieeZ0mviFKc
ieqemSsMxek
ifpdZsZRFyc
ihN7DR1Ce6g
ihSLe2lhe_I
ijKAtzQY1wc
ikUJQvIN-r0
iwYhA5YvdNc
j-67K-KwHbA
j3IgmCgeMNo
j6bsSANYz14
jASAxU0Uqk4
jDiYGjp5iFg
jFprsh-xeCA
jP9UR13KwMw
jY7pPrxB3Jk
jb8HQqqM1JM
jgwjJQ8PmsA
jidafAJX25k
jkJikElflkA
jn-xbOCZOiQ
joe2vkRdBjw
jpiVx2mQhKI
jrxBaaINseI
jse0MNOi6C8
jwI3iR28DgQ
jxyXAXxRhKs
k-3zSAJjFzc
k2NsSOVNC0U
k2yfp6oj2hw
k4vQugCOIY4
k5Fn99wmFCQ
k5TQidx2WkI
k81sIA71vgw
k8Nfw75QASU
k9QdgRTZ_7o
kB15UFO5ebA
kCQxxqdowOg
kFIbSnJ9tQM
kIxeyHx5cL8
kJ6x279y8GI
kK3c1zXnQgU
kM4OPbDIpwc
kOM4g4Y300I
kQ_97c-zydE
kQzP2ul6l4c
kTAYqsT05Dc
kX-QbcXyZug
kY3SuNvqQPw
kYYINJM3lPA
kfZJhAWLMC4
kfqujpo-pIs
kfsTk2AvY88
kgYzS98cPNI
khSO7qEKbvo
krfcq5pF8u8
ktr1a2p36Cw
kxIua1MXhgo
kxJR6AptQ_E
kxuPZOCFCd0
kz32KVRZtvQ
l1Y6OgGLuw8
l2tbRZn7tpY
l6Wg_Zn4jf0
l88tkhzVMa0
l8W1yvrPA-U
l9n3z81fZ_Y
lFlQHUN9duQ
lGV1tiSB3HU
lGcJL6TG5cA
lIhlwbDz510
lJ3_biTbeRM
lJHu-KCY9Fc
lKOn4saO-tU
lLTT8ogRf50
lLvzvgwaVWM
lNdtoQ_Z1pI
lQ2pUCc_OAQ
lTE5MAGpflw
lVNJ4qq7Trg
lWbOK7dh-PM
lXdSaVK-vzs
lXiSr8I39fM
lZ1fKYmF4qU
lc1GGHBNa2M
lci71HjGvaM
ldgpvlN8XL4
lfpYR-_MsJw
ljEykneFpSs
lnPxHu6Sx5s
lptctjAT-Mk
lsZ8hDutkeM
m18b2l5F4JI
m1Dhf4O4iEk
m36QeKOJ2Fc
m3hc85bitFQ
m6fseZL2uwM
mAEZYPCtp-w
mGAIq0ctWPo
mMbaQbNIJso
mOHUA-wOT6I
mRLt2xBpQbQ
mWPbC9Fp-yk
m_HeEjm-3CQ
m_he2unGuIw
m_k3tSHwQd0
ma8te7ywEio
mjLWuzGVyew
mkt2U9_Ha98
mn68KA5iMl4
moekzAxXe0o
mp8Xm02TmMc
mpApguBHmfw
ms8OdjWJRPY
n-h961dtoVM
n1UJgrNRcvI
n3tJEDhL9ho
n5kxMk9xjj0
n6b2il1O55U
n9Rs15Fjwo4
nD0Sa0gl5dg
nSgvWixY-ZQ
n_JcnamNVxA
nfN0pmDXaPk
nkf5PSXIn54
nonC9TyX9hM
nqS_nsAU5KY
nsSJ-T-eyGs
nz7F2K4-waw
o-PM1jnnXd4
o4KO4mN2_Fs
o4UDhZ-DxTU
o6bjjr51tGc
o7Ql4xmu9xk
o9J7BBLpncI
oAFgrAe5Gbo
oAMqmsvYrHM
oBMLbvA-MXg
oDhgHDF9J9I
oEGXQ0ZHEYo
oEMmj1wlMTc
oMzYiY5wcHU
oNDTOy5bU_4
oQ1XS3W4plU
oWS8Rc06E-s
oZ4FrgGILM8
ofYNrO77clY
ohb5k3_vQcE
oiWyH2XNGEg
olf9d8JvrA8
omUnQ5ej6dY
omn2PJEuOTw
op_cGQtFgYU
opbFoCP6C1Q
oqxAJKy0ii4
ord7gP151vk
osY929PCs2o
otf-9H4sOsc
oxBk0L5iB-I
p-XeH76o4xQ
p02P8HRtPFc
p1Q4cfiho-4
p2okvazaUZ0
p2rEfcevPgs
p8enKudcpK8
p8rWz9np3W4
pADsuuPd79E
pJrR29k4-UA
pN8xZ5WDonk
pNI-4fvuexQ
pN_XItALHmM
pPnijLVIX2o
pSpan26jFVU
pT4NYto3abM
pXHCBnT3d4k
pYu82eFgDhE
p_-_MPVg968
p_PJbmrX4uk
pclK4VjWzF8
pgEehnImErc
pitxxQYZcug
poOgMLWFcBQ
poUq9ypynKs
prchZUT26KM
ptQEfQi86bE
ptR22He6MQw
pwcr3cc0LZM
pyuqjHr5_9w
q07_k5VKuaQ
q0biQPyuthM
q0eIOW74XW0
q2FEblUV-o4
q4xwCvfNE-s
q57D6kF5B1k
q6hODbsUE7Y
q8EeDufrnKQ
q96aGwtnIOw
qAogGAv1TgE
qAtBbgtMnZ8
qDFDZE_9Mcw
qErl4he7eMw
qMRpelMtbes
qOCFaeaJVDQ
qOEUAXXhLqY
qQ8Htm4jAGc
qS2NtbEoIc8
qTr6yljr1DU
qU15uFAhwrI
qVJzQc9ELTE
qXE7MkPXicM
qXoRdSTrR-4
qXxKhYFAsPk
qYNCws-a6CQ
qZhb0Vl_BaM
qfSTiAw1rkM
qgTtyfgzGc0
qgkxy3HKeqw
qlRsOWkzFgM
qoS_gveqRqc
qsAIPE2f0QQ
qxgbdYaR_KQ
r-Bp2L4UHak
r7i_E6zm8lM
r9PeYPHdpNo
rFzvBYFrhOc
rG1ZjYaS3eM
rHmw87EpGIM
rJ-R28D6ITM
rLHxbemvpxY
rMPxve4p4Cg
rOEm2TXEF-E
rWd802tL3J4
rX40mBb8bkU
rYqWhxDwg0U
rZkMPRz_di0
rf6sFXLimQk
rjIooIOtg4I
rjeJDK-w8Qw
rm-FjYW24JY
rmC3ZhIHHi4
rnfLg_LSzZA
rontZbe_fG4
rq9MHCwiSCI
s0sZtjE2MXg
s2eBAFt3L_0
s6TB7KEqhRo
sCTLWlVxMgc
sCimThZW-Ew
sDp4AuNen0Y
sFzvJMmH9x0
sI5Vg-17t4s
sIME4sLR4-8
sIlqUjvStYE
sMPdsKvhCOo
sPTexRtYWjA
sQJZWgirUpE
sSotxonBgOQ
sY2TLiK27g4
saXM2VOBI0M
sbw7QB6nrTc
sciwL-Xd0oQ
sf8h-L7ohWM
sgZ7RKyDrLg
si-1aD0BAjg
si5irFBLe5s
slC_drCw1dA
slVa0LaGqW4
slmilObZl28
sluQQ4bCEUk
svVykTznk9Q
svp53UuEJHY
sxL4Fz1Ak7M
t058durlVWc
t3vCyOaW82Q
t7FwypV69qc
t9rYPlh18Uo
tAJVDe205tY
tBnarCTOiCY
tGtaHcqsSE8
tHC9ml-TOXg
tI1JGPhYBS8
tMSu3Gyz1jU
tOauOJg-fCQ
tPsLcrVlwt4
tXU_XmDiOlI
taB0MSEEC48
taMNuQDTUr4
tc9YvtGE16s
thDPriFPjRw
tk_CqGVfxEs
tlIqDt75eUM
tqGZKiOLsU8
trwq3CNCMkU
tw6gUC2csv4
twbGU2CqqQU
u3N2HqVyO5I
u3wPWCj2L6I
u7ZHi_dDSnQ
u8ZsUivELbs
uAgeCLYnwNg
uBAdQroiCb0
uBPn5oQNutI
uGJBHueplss
uIqAOGM_zZ0
uOnf4K9ACmE
uPq9slEpKOc
uS3Vp_quGCw
uU9-STqumDY
uWIRyU5fuzU
uZ0KNVU2fV0
uaBJc1XZ8nU
uaaC57tcci0
ueMwVGBwqRo
uftuhKxMxhY
um2Q9aUecy0
umpwOGbsk0Q
umtOGzti-XQ
uqK_1bZh83A
uqT0ayeR8Ps
useJWxOqbJI
uvgsDH_mjLQ
uvuMXRzkM8k
uwsmkWh0S5Y
v1INf4HA_AM
v4pi6hGbo8Y
v6OeLi0Dgio
v8ms7W5m42s
vAZWhFI9lLQ
vC_n_L1KGbo
vCqEECSDQ7M
vDqURqDla4E
vEGwdehu2pQ
vQ28PSesLYk
vW2BPQ15OSw
vZaIZgkCcXQ
vZxOEH6xFvk
v_0GJg_Jnlo
vc0fb3xhFHY
veUqfcyZ_Bo
vfh4s6U0M-A
vrZkGgoVSFk
vsVjVu31KL0
vt-IJkUbAxY
vupNkHJGBQ8
vv07HmXDu-w
w1Ww62eIwOI
w1fiM1NkpeM
wAJcykyq7DU
wBPBSroi_VE
wJqBNYvqF7I
wLVylQO77-I
wLbvqioTrxA
wOzM3c33TVg
wYU8-bueneo
wdGlR3nvgmc
wePNJGL7nDU
wfE6vwk8Sfs
wfTmT6C5DnM
wi1vTN6h4Nk
wjJq4Hy8FxM
wmjDeu4G3_0
wnJzmCMTD90
wp67TD8oE18
wqbZlAEUb5w
wrhL2V1gOZo
wsocJlmXYWw
wtJPe1ksS6E
wul2I13hIRo
ww06yGPM7Kc
wxIdKtrOtN8
wy7uzo_Vlu8
x0h2qlZNY2A
x41SMm-9-i4
x4Nrd68bhH0
x580mowu5Gs
x6CyqhYsLqo
x8uEMu0nHZ8
xAN1ThhTWsE
xCvjaaqqVzU
xD8X66rWiR0
xLTdy6PfotA
xLe24M_PB5E
xNq9YOfL0Zs
xPFSdMVWckE
xSEeiSTjOhQ
xT0GxjNfoek
xTLsFUk5fTk
xUGSbSBxoYI
xUyTRSlmXf4
xXBTImqyeU0
x_lfhljcpzo
x_s0XlkU8jI
xbcWvXn3vZo
xbi6OgQ8Suk
xdHwNt4GXfM
xe-BXRl-D50
xhRWPVveCUw
xoqJkSH-z0A
xppbyXSxPlo
xsODpM3Rwdg
xw1vQgVaYNQ
xxKnhO7Nq7I
xzCBBPf7g0Q
y07YNHYC2os
y2PRkNQbhOI
y77FqagG5EE
yADR4-lu2R4
yCgdWHwEnrg
yEYVA0YqYV0
yFT2iBA_5Zk
yFmy5lXoEfU
yGgbNCkJqSM
yL8HbbDje9E
yLUdlC1VmFY
ySlGTnmRHtk
yYDJvnDfB2w
yZRls7B7uzY
y_01QJYDavw
yef_HfQoBd8
yfys-2KA3oQ
ymqxQwMO0kc
yoqcbgbsb-A
yrXFZ2tRBhI
yw0rs2z1KXA
yw3wp_tJlqk
ywgO-mrX7Jw
yzNxLzFfR5w
z0q2WbXQWbw
z1tx8i6i85A
z7WccGNxKuU
z8QwwWnLboU
z9j6WcdU-ts
zEkYAzSpHnA
zGYOt0ZmifQ
zHwcvnyiolA
zNSI65vInMo
zOzQZfBd9AU
zTJbUVjS--M
zU9aZo8EdjI
zXeMyQnMemA
zYDjYKk8kf8
z_-_hIuE1YA
zcI6SFiK_yk
zeq1cBzgnzA
zfQXKVCudec
ziIwxPCeByU
ziNjNBaFWm8
zjRLhSTo7lk
zjauUcjAXh0
zmgYlYw7Uwk
zqEJGznRnkk
zqhfd79fbFs
zrWpbi_VlZ0
zwkSyrN0mvY
