-VpK3gkjQ6A
-sLV-UzASMg
09e-Sewe00Q
0jUh19MUOkY
0wI4HXBH9Yc
1K-vq936KjU
1NDI3sOQRIQ
1sYHfYYiyYw
2Qb-4wgpU8o
2Tl8z7LFO3c
3ChlJ1pdWlQ
3O2gr_H7eR8
3Tg5iwK9dKQ
3hTKc9DAN88
3rLbMVlOH_k
4XWTk8nv4dY
4syyPho0UEE
5asVUCGmmEE
5qcLLcuEzec
67WrchN0yvc
6GPMw5Uz2Js
7ancdfyShSM
8JUXtUeWUTQ
8Osr7YwocMw
CZhFtd1QZWc
Cejuvn0Q9J8
Cl8VMa8EBCA
CuorsbghT5M
EPRppNlfaX8
F3QsUx0x_4w
GA8BJiO2eXY
GTCoPIalS4U
H5vaaqzgLAw
HV5jcXT3USw
HoL9uH0XSAY
IprM5uCT_Ts
JLAaUvsKljc
LppctxCYBzM
O3433GJHzjc
O3C2V7y_yLs
OClNd0J3eiQ
ORHB9c8e7ok
QaBLRwTU7qY
R26_F7pecqo
RkE6cbNQBt0
Ru3oTgxTuJs
RuZKG77vANU
UGMA4D2ej1g
UJqhdAQnAbs
V-YfeU82uqY
WpK5dXw0WzI
X3FlrbaHN2o
Y1U4YkNkoG0
YR8PDn6YvyQ
Ys8-a0yD-MM
Z7YGCG2M6V4
ZEeoRgqj0Vc
Zyv4jGWEzxY
_ahqffbTc-g
atFLNzjyu9c
bCpYbSz1KqE
dnoJ_qQqAwg
gRAmIaSlm80
h67AHvHMtxY
i8bk6KY22NM
iKDtmV5xSv0
jGiqc3HSxEg
jONiGqWGK4g
l9qXqCaCRu4
lLQJiEpCLQE
lzJgrmYQAao
mNeJ8pZa_B8
mQgZjRf-xmY
nXEF1lcW-oQ
nZQC0TdscgE
ofBDXc749wE
oq5M7X3d7Uo
pAAsWGvkJ3g
pkXgSNm6Fes
q_QnMP39zog
r3SDLH6YD3o
sLEdi49XEhA
tTDLhAt6ets
u5JBlwlnJX0
vdXUjtE-ltA
xs6Y3oZwNf0
z96KzZ4Gpac
zHQm7lmVcuI
