-Djj6pfR9KU
-IjGexS1T8U
-O4mYiP2zPQ
-k3mVnRlQLU
-n-d1ApBTFw
-ruC5A9EzzE
-rwqnVsGFTU
00Qu1kgsGpM
09JslnY7W_k
0GzhWPj4-cw
0JOoTWO2L_4
0Oazb7IWzbA
0X9DYRLmTNY
0e5vzTsLh2s
0hlvhQZIOQw
0iMtlus-afo
0mXz-NP-raY
0r3cEKZiLmg
0zT16q3p24M
1EGDCh75SpQ
1GCf29FPM4k
1LoSV1sjZFI
1MtEUErz7Gg
1O69uBL22nY
1gBwexpG0IY
1kYGbMK1oA4
27qhUZbHKao
2BIx2x-Q2fE
2IZh-KIAQLE
2JM2oImb9Qg
2PF52knCy40
2dzS_LXvYA0
2g3sdzgSABM
2s4TqVAbfz4
2vnqSwWAn34
3BR8tK-LuB0
3Bv-QMaYlmo
3IMAUm2WY70
3K-12i0jclM
3P6DWAwwViU
3T7jMcstxY0
3WHBlPvK3Ek
3ZMnVd4ivKQ
3_VydFQmtZ8
4445Mbw8pYg
49KvZrioFB0
4EIkH9EEv78
4KHCuXN2F3I
4LQvjSf6SSw
4Lb-6rxZxx0
4UgZ5FqdYIQ
4aMtJ-V26Z4
4dUK1JqTSgU
4izjrtR8Ozg
4k1jegU4Wb4
4kWuxfVbIaU
4mEk7d8oRho
4sUKyPYNEVA
5JOAoiX1LHA
5Mf0JpTI_gg
5SfXqTENV_Q
5TkIe60y2GI
5kC5k5QBqcc
5mFpVDpKX70
5mGh0r3zC6Y
5qu3WETuf6c
5sKah3pJnHI
63ILZ9cZ2d4
6H6EP-AmMFM
6Lm9EHhbJAY
6R7cFk0Kihw
6X2D497is6Y
6_j2X6fgkaA
6_yU9eJ0NxA
6aDBGTWsydY
6aFcgATW9Mw
6ltrPVPEwfo
6ofIBoWGc7k
6z4qRhpBIyA
7DHE8RnsCQ8
7H4lDi79YY8
7c0CoXFApnM
7dcDuVyzb8Y
7dwgusHjA0Y
7lRgeTmxnlg
7u6kFlWZOWg
83ofi_L6eAo
8542XmS98Yo
87uo2TPrsl8
8GEebx72-qs
8IOaoK2MMoI
8Nzi1h2m7pE
8UUPlImm0dM
8UqCyepX3AI
8d49sEAU5Ws
8dHMpnfFdtc
8l-La9HEUIU
8t1TC-5OLdM
99Welatppzk
99stb2mzspI
9TAlEVDvXgw
9VVPBS_flOI
9p55Qgt7Ciw
9ptyprXFPX0
9xbJ3enqLnA
9yUZTTLpDtk
A25pxcYstHM
A8Tiba3h9Fw
AAsICMPwGPY
AEpQ8YxupfQ
AGX0cLbHaog
AOMQxLrCI7A
ASoz_NuIvP0
AYnJv68T3MM
AZRD5UkAm2Y
AeqK96UX3rA
AqcVsShxzw8
AuA2EAgAegE
AvFNCNOyZeE
AxJubaijQbI
AxxnziuL408
BBp0bEczCNg
BDEo5XpZcXo
BH1GMGDYndo
BO2yMdU0Rq4
BRRolKTlF6Q
BTyzE-NDga8
BYRTvoZ3Rho
BdEWCxt8C0M
BkOIw7vAZCQ
C-52AI_ojyQ
CCxs-tu8tOU
CMP9a2J4Bqw
CMUI6m8ZMwg
CN8hK3YFqhM
CROeIGfr3gs
CfoKor05k1I
Cn3ogzLzxuM
CwIAfkuXc5A
D046q2EbHGE
D1sPBCxlDQQ
D3tdW9l1690
D4_sNKoO-RA
D6tINlNluuY
D8ntDpBm6Ok
DK3njNP-Qz0
DRjFV_DETKQ
DRxAVA6gYMM
Dd81F6-Ar_0
DhPtIf-hpuU
DmfxIhmGPP4
DpwUVExX27E
E-d9mgo8FGk
E36qMxXGo3A
E8kUJL04ELA
EDauz38xV9w
EJRXWNWJOrQ
ELA8gNNMHoU
ERBVFcutl3M
ETrYE4MdoLQ
EeuLDnOupCI
FCczHiXPVcA
FFftmWSzgmk
FGC5TdIiT9U
FUD8h9JpEVQ
FlndIiQa20o
Fm0hOex4psA
Fmb3TCvlETk
FpyrF_Ci2TQ
FtNWzlfEQgY
G1m7goLCJDY
G2Blr0LycOI
G2_Q9FoD-oQ
G7zT9MljJ3Y
G9_l8QASobI
GAcUZ3my6E0
GItmC9lxeco
GXhzZAem7k0
G_uybVKBacI
Gq4REVI30Qc
GuigptwlVHo
GyN-qpVfOWA
GznQgTdEdI4
HJ_PP5rqLg0
HPfAnX5blO0
HX8bihEe3nA
HcqdqsQq-6M
HuKl3XuEmj4
HvMSRWTE2mI
I0peG_kRE-4
I3ZlhxaT_Ko
I7v2wAXFQpc
IKwkX35bcdw
IMItxzSZs0E
IMY2_yzDm9I
IN1fPtY9jYg
IQofiPqhJ_s
ItiFO5y36kw
JJQWtGm3eIs
JXtfKMH6X44
JbfhzlMk2eY
JmyLeESQWGw
JnEBO3OHaiA
JuuYFt8bahE
Jwtn5_d2YCs
K305Vu7hFg0
KNjPPFyEeLo
KZ1BVlURwfI
KboGyIilP6k
KbxRDVCVzq4
Km024eldY1A
Ku8BOBwD4hc
LBPj8E1JKaQ
LNS1fabDkeA
LVgBjRFSMYs
LZ7X_YOfJqY
Lihh_lMmcDw
LqKpkdRRLZw
Lsu2dIr_c8k
LzjaDKVC4iY
M-i9v9VfCrs
M-yAgyrzGdo
M0nRWcF1WJw
M7kEpw1tn50
M8xlOm2wPAA
MEyIppEOQTw
MXJ-zpJeY3E
Mfk_L4Nx2ZI
MfzNJE4CK_s
MlyTq-xVkQE
MmhNk-zRJcU
Muc5HQonSEo
MxiTG96QOxw
N7BABxMlOs0
N92w4e-hrA4
NFLb1IPlY_k
NGMRB4O922I
NHZt8eBKcRA
NPoj8lk9Fo4
NWBToaXK5T0
NajQEiKFom4
NgbK43jB4rQ
NjCIq58rZ8I
NoRjwZomUK0
Noo4lN-vSvw
Nu-lW-Ifyec
Nyo3TjKyu_c
O4ndIDcDSGc
OAss481FfAQ
OEMA6jhi5Qo
OFbbiAf8kUo
OKhacWQ2fCs
Obg7JPd6cmw
OeGSQggDkxI
Oev332D0K0I
OfEv5ZdSrhY
OuF-WB7mD6k
Oy-4mPro3w8
PCu_BNNI5x4
PEMIxDjSRTQ
PFkZGpN4wmM
PGuRmqpr6Oo
PLL0mo5rHhk
PQDvEJFdY1U
PeUbRXnbmms
PnW5IRvgvLY
PsGUEj4w9Cc
QAja2jp1VjE
QFeG9CeeH88
QJQ691PTKsA
QKHKD8bRAro
QSEKzFGpCQs
QTrM-UVcgBY
QV9k6dRQQe4
Qcv1IqHWAzg
QvvkJT8myeI
QzrRkhU248A
R4OvBB9KHMA
R9Plq-D1gEk
R9m2jck1f90
RGQe8waGJ4w
RR3zzQP3bII
Ra9I_-o2LHM
ReOQ300AcSU
RhuaPhahHbU
RkBl7WKzzRw
Rpjab--XQ0U
RxxDD2LWAyY
SDw2Pu0-H4g
SL2lYcggGpc
SUnAvL-ThMs
Sa9jLWKrX0c
SbZCECvoaTA
SxP30euw3-0
SyJlRUBoVp0
SzjdcPbjaR4
T0xKHwQH-4I
T46FTuHnbvY
TUErNWBOkUM
TkGawXjsltc
Tnu_Ws7Llo4
U33dsEcKgeQ
U6xJfP7-HCc
U7f8j3mVMbc
U9qU20VmvaU
UIjeCKPHbso
ULhRLGzoXQ0
UTCScjoPymA
UfEiJJGv4CE
UkZqFtYtqaI
UkmQNbvlK8s
Us-__MukH9I
V4V2bpZlqx8
VDD6FDhKCYA
VDYzSzDaHuM
VFRrzzb1dvU
VRzH4xB0GdM
VTdVPNvwULM
VTveQ1ndH1c
VZ25tZ9z6uI
VbtNy54ya9A
Vp3sgYKULp0
VpBmt11czaI
Vv9wpQIGZDw
W18FDEA1jRQ
W20aT14t8Pw
W9uVj9rf73E
WIibcLd_oYU
WJ12DYBuazY
WM1FFhaWj9w
WN58941sgtI
WUlaUalgxqI
WYijIV5JrKg
WYsP1PhoAZc
Waw11zhaKSk
Wim9WJeDTHQ
Wrj1Kl6CHIQ
X3HDnrehyDM
X3l0fPHZja8
XPIgR89jv3Q
XTeJ64KD5cg
XXjlR2OK1kM
XvDC-0aNw2k
Y2lXsxmBx7E
Y30VF3cSIYQ
YBbBbY4qvv4
YCXmUi56rao
YI1WqYKHi78
YJuHC7xXsGA
YQw124CtvO0
YVvfY_lFUZ8
Yajonhixy4g
Yexc19j3TjE
Z8lv2vy5vco
ZCVAGb1ee8A
ZDn_DDsBWws
ZM-i8t4pMK0
ZMkIiFs35HQ
ZNiRzZ66YN0
ZPv1UV0rD8U
ZREp1mAPKTM
ZWib5olGbQ0
ZbKYmfjMPVM
ZfKTD5lvToE
ZkVSRwFWjy0
_-M_3oV75Lw
_DpzAvb3Vk4
_MscGSN5J6o
_UtCli1SgjI
_Wv_qw3nQnI
_YysNM2JoFo
__UlMppZZgs
_gCKX6VMvmU
_pP_C7HEy3g
_qvp9a1x2UM
_s5RFgd59ao
a2ey9a70yY0
a9P9Ej1b31s
aCq04N9it8U
aIggWlKr41w
aKPkQCys86c
aOJOfh2_4PE
aOT_bG-vWyg
aQxCnmhqZko
aTSYARnB-3Y
ab_dY3dZFHM
abv4Fz7oNr0
acTrvMlpuxA
aiibxmqXV9M
akZ8JJ4gGLs
aqyyhhnGraw
azL5ehbw_24
bFNjA9LOPsg
bFfSfzjhfC8
bJDiZi9dqOg
bJOuzqu3MUQ
bN8PE3eljdA
bPZFQ6i759g
bRIL9kMJJSc
boSEI50qUKM
c4pgWd8V8HU
cE44nr4d3iY
cUCSSJwO3GU
cZkGeR9CWbk
ci3P5jf48cY
cjx23aMeBkQ
co5sOgZ3XcM
ctC33JAV4FI
d0vY0CKYhPY
d6c6uIyieoo
d7dg7gVDWyg
d8TRcZklX_Q
dDl7g_2x74Q
dHzUQnRjbuM
dNxyFtqcNss
dNy23tJMTzQ
dTWKKvlZB08
dXGhzY2p2ug
daro6K6mym8
dfhiVaJj9UY
djmec-Bweeg
dzerDfN2E7U
e4sF_Z5oJek
eAjMvpRMVDw
eYfpSAxGakI
eZUa5k_VIZg
ea7lJkEhytA
eaJtjJNrWf0
eeLpkCZkWfc
eeoBCS7IEqs
elvOZm0d4H0
emiMj8cCL5E
etMJxB-igrc
euAHY9hqRN4
ezdeBrPnzyc
f-Pe1ZMJEXk
f2Gne3UHKHs
fMJflV_GUpU
fQQ8IiTWHhg
fUSZBVYZdKY
fcVjitaM3LY
fdgZQWZgEqs
feUPkMGACtk
ffvojZONF_A
fiTwar7mFws
fjEB_wbemQA
fwD98HiQSJc
gVzu1_12FUc
gaVMrqzb91w
gi-TBlh44gY
gjVDqfUhXOY
h09XU8t8eUM
hHG8io5qIU8
hLGDJFGAmic
hP-DZMmQBng
hSsRcpIsunk
hiOMtBrH8pc
hwOCqA9Xw6A
i3D7XYQExt0
i9CdGc3e7-g
iFuR97YcSLM
iObpxBfOLv4
iW_LkYiuTKE
iwo7JReFTeg
izdZPx89ph4
j-dce6QmVAQ
j0o-pMIR8uk
j7jfHM-mMC4
jPcBU0Z2Hj8
jbiaz_aHHUQ
jsSeoGpiWsw
k6nLfCbAzgo
k8Rxep2Mkp8
kC6YObu61_w
kCSzjExvbTQ
kE3OuzlkUnU
kMBj2fp52tA
kOClr_bew38
kQZmZRE0cQY
kUBIJdGsD1A
kaMKInkV7Vs
kbKtFN71Lfs
kjSOSeRZVNg
ktPvjr1tiKk
kviwvLpnZSY
kw6l_uTakRA
kwrDX5qkwvA
l4bmZ1gRqCc
l7E-pBWuSIA
l7lP9y7Bb5g
l8ezziaEeNE
l9dXo5f3zDc
lCjspXB5F4A
lEvXcTYqtKU
lFQGSGsXbXE
lNuPy-r1GuQ
laAtv310pyk
lpj0E0a0mlU
lubGnk0UZt0
m0LVEvtjK4M
m3drS_8BpU0
m4Uth-EaTZ8
m5evLoL0xwg
m6rfpQXzXu0
mLQNvuZH3GU
mPn2AdMH7UQ
mTvKQYTV0Yw
mX0NB9IyYpU
mZBwsm6B280
mccoBBf0VDM
mceaM2_zQd8
mh3eMt09EAs
mhJY74Bw8mw
mlqAvhjxAjo
mqK63v2Jzks
mthPiiCS24A
n2Kp3toDJ9c
n3x8fIdsla4
n4gmYjyI3vo
n5bw-Y13pdY
n7GYYerlQWs
nBgQPSUTWVM
nUN4NDVIfVI
n_FsAwvxBI8
nd_Z_jZdzP4
niaeV_NHh-o
noDSyLzVz2g
o3QBgkQi_HA
o8c4uYnnNnc
oIkhgagvrjI
ovsYv-b-wWI
p-xa-3V5KO8
pAMgUB51XZA
pG8KorwT_Pg
pKwsPBeSiOc
pT52hREAf18
p_Hqdqe84Uc
pasyRUj7UwM
pbXg5EI5t4c
q6L06pyt9CA
q8Umr0BLMiU
q8n15q1v4Xo
qbkH_0TNdk0
qiNcEguuFSA
qu04xLNrk94
rKI7JINZh5Q
rXfKWIZQIo4
rudzYPHuewc
rwiEiGqgetU
sG_6nlMZ8f4
sGkwG8c0__E
sJVivjuMfWA
sPFWfAxIiwg
sToqbqP0tFk
seUU2bZtfgM
shEk8sz1oOw
siawhQBRC8I
sj8Sg8qnjOg
snHKEpCv0Hk
sxLdGjV-_yg
t2ZoU0LEM6E
tP-Ipsat90c
tY69D3PSmIk
tflf05x-WVI
tivvYl8ZRvA
tkC1HHuuk7c
tlpYjrbujG0
txajrEOTkuY
u17MdWjGA5I
u6Got0X41pY
u7Z9UnWOJNY
uAnCL3vhVIs
uCsD3ZGzMgE
u_xQ_C5RUfo
ua1K3Eo2PQc
uak-wvXJAvE
ud_frfkt1t0
ulg_AHBOIQU
umYvFdU54Po
un-pTKfC1dQ
ur-iLy4z3QE
uuMwz47LV_w
uvMGZb0Suyc
v5KWzOOhZrw
v678Em6qyzk
vA2cdHLKYB8
vF_-ob9vseM
vKlVNFOHJ9I
vNTSugyS038
vU-g6mC1F0g
vgZhrEs4tuk
vkMXdShDdtY
vn-0zSuAWpI
vv0bHK44Q1s
vzV50goW_WM
w-I6XTVZXww
wBU9N35ZHIw
wCyC-K_PnRY
wGkvyN6s9cY
wJGE4aEWc28
wKV0GYvR2X8
wPn4tgmU8ek
wTUSz-HSaBg
wVH4MS6v23U
wYDh5d9pfu8
wZ1E_CM7MqA
wo19Y4tw0l8
wtIhVwPruwY
wwh0KH-ICCw
wyl-V0mrEio
wymmCdLdPvM
x-DgL49CFlM
x4kyFKyCMv0
x6Ml4AEt0kk
xBkTIp6ajAg
xNx3JxRhnZE
xOCe5HUObD4
xOXsDfMMTjs
xPk3SZiFEvQ
xRpR1rmPbJE
xYAU75IS40A
xdiL-ADRTxQ
xgBGibfLD-U
xhj5er1k6GQ
xopM9BFjcNo
xu-RSUGBgpA
xyVl-tcB8pI
y12Tt3bOmKA
y5ARAxW2k_4
y8acoaakvPM
yDWPi1pZ0Po
yF2J39Xny4Q
yJ-HwrOpIps
yZOi9HH5ueU
yfr3BIk6KFc
ygqIfLHGTu4
yi-s-TTpLxY
yu_aqA7mw7E
z2x3SSBVGJU
z34XhE5oRwo
zDJKFcZ0Kkg
zTsRGQj6VT4
zk_Q9y_LNzg
zyG8Vlw5aAw
zzKGnuvX6IQ
