0JLzvRtHVL0
0qMxEt8GrqA
1XuUlRo2ab8
3WvpGBgmHM0
7KqyXF9f1dc
8BaNOlIfMLE
9ShGk-CYEoI
B9XGUpQZY38
BXvLTDokHPM
CDmLI4zlBH0
FRW3Nv0X1Uw
Fcl_W0l2gxE
FhngXhqdjOw
GIMuC9cQ1H4
J2Qrm9UB7qY
MkNbky2cPtI
MoGuH3JbMPw
NRUiD94aBwI
NcBe4hmcFGA
OAmUhGaSzGU
PHe0bXAIuk0
Q2TJjCILnmU
RKwa4AxSsfg
S7hNda9DVxo
SCCfk2a2O5o
SKXUeIk9QMg
Tfrrubw7pcE
URqYnvcB2c0
Um4jnbZakbA
X2ag_mfUgBU
XMvbd9mztaE
ZY-BzPDj868
_b51yIj6-Xk
aYqoicJOUuk
cePUx1W-AS4
dJMiVGlnLSc
dKz095P7LdU
eP8HgdHFMRQ
gQn1H-7Ibnk
hFk7CeuNgQU
https://www.youtube.com/playlist?list=PLykIL_1_MFWk38AEDdpP7505PMdTcsQcq
https://www.youtube.com/playlist?list=PLykIL_1_MFWkTx9B2iiwlUt2z7E0FXRYm
https://www.youtube.com/playlist?list=PLykIL_1_MFWkWDDgvdZ6L7rsvKCKl-39j
https://www.youtube.com/playlist?list=PLykIL_1_MFWkYsR0EyZHU_3zlUK8ZNoYH
https://www.youtube.com/playlist?list=PLykIL_1_MFWlMnsHknYc4HUeRvb3ak7MZ
https://www.youtube.com/playlist?list=PLykIL_1_MFWmS82OuK8CBCow_QHUJuBes
https://www.youtube.com/playlist?list=PLykIL_1_MFWn372SWnwHA8jFVSHdXTCPV
https://www.youtube.com/playlist?list=PLykIL_1_MFWnDnFu7GgeF5rBSPts-7wOS
iGYLaQEwvWE
jNYN_QcpAUU
jTE2E42mpHo
jZGFJ_iZoQQ
mMN17uBzCw4
mimgvjtixt0
nYY-1KxXnSg
npoNbXXS4oQ
pp5SFiVxq5U
qDhXzZoAsE8
rFV7wdEX-Mo
ryD8lfSEGio
s8jwBezj6zg
vKXk2Yhm58o
vKxxnFs9xp4
vcQ1ELhyQKE
w9HiSsJjbF8
xguam0TKMw8
zI9I6MaS5OE
zpZ3dxAcvDM
