-HMZNk6VlZ0
-MaF_TzD4Q8
0ef1rLO6DTU
0o-LoJRtxDc
0p9pH85SLIU
1cIl3m-fmnY
2lr3aA4vaBs
55RQCCtdlko
57xgSIV9PY0
5PMqf3Hj-Aw
5h5mbL5rco0
6icXRi5lGWE
6pwtOV5mUpo
8NJm4Jkp0jY
8sXWslDlZU0
978mMgGYs1M
BhK6u0bMqG0
Bo5qoaLsBOE
CDmXvPDMIFs
CGbv9cVwJL0
CKpx9hkQ3HM
DQEtg8pWT8E
EyGJ3JE9CgE
Gk2XNmIHVwo
GkUXscdLQQ0
HZ43XE89n8s
IhJvX4H7xkA
K5YsxsHXGHc
Kb9twGd25P0
LR5kfhrs4Cc
M9V4hhqyrKQ
MsZP7yxpeFg
OdizRUe84bg
OsvXeTEQxyg
T3ynwXrE0Xw
UaC-gLZ0Zvc
XIgDUfyrLAY
Y73ctxnP9gQ
Yw2YrTLSq5U
auLZ2WOKiqE
b_DcsVCtP5I
baIT6HaaYuQ
bg0SMY40q8Q
cX9JiQ8nEL4
cZTnmlJfHdg
fsC5Mhd7YUc
hJoWM9jf0gU
hOY51y9iqGQ
hTaqxOK8nGQ
jAw9WMkcCj0
jOQThICjLlw
kOupIEhYdY8
kz3206S2B6Q
lndTguV0u1g
mgqxywZMTjs
nqLEbrzVsk4
o8l6Yz9EHps
odLwUXKY0Js
ow86oKLKQ24
p1zg-c1nvwQ
p22UrUv9QdM
pNFna7zZbgE
pbZN8Pd8kac
pfjQtyLBBHw
r38VW3JwBAk
rEm-Ejg5xek
rp2k2oR5ZQ8
t7x6vt6xkAI
u1R3kRWh1ek
vgiSgjmRXuQ
wIwnb1ldYTI
x0wk98uMyys
yGvfqRfw1BE
ypRTLIo-IIc
zqmU4dW03aM
