--i77mVv01w
-1HHQJy0NJQ
-1xBhBwXeMw
-3GLqpNMGqk
-8nnkevLqmA
-9wDIlIdRJM
-A8r2aBVklg
-BezOTgMQSw
-HY6fQQJDBc
-JEm2nz5fAI
-Ja3RdyoGmM
-Jwxcbojbuc
-LDqFit6KK0
-Swnod7XG0c
-W9jPTOPdEU
-X4d1xFqgS0
-Z6MHrmWL14
-Z8O_hyOwOc
-ifxH817NRQ
-ixorZXz2H4
-oYObDna-BI
-pFosKRLFd8
-qX7A5fcT10
-r6ZDqF7HwA
-sL6JOHRnsA
-wGS0_NBA6Q
00aYQtOmVK0
02GSVFGt_Jc
02Pvx9-5oLY
034RZW_Q8Hc
03i3bE_903g
06S_qRhSfLU
0AAN3odh5zo
0Avg_gtDH8c
0CcR7bLNRn0
0F-hBh3prCE
0F5Vo3gKWFM
0HOEpZWdxQM
0HSLqiqhyl4
0Ljsh6kuuJo
0O2JpFOu6eA
0RH4JIgEgBw
0TLKb4_3itE
0VLif0oVou4
0VmW5TGEktg
0WTFxbyWX-o
0bMdkL3k1Vs
0cl3J5XLwG8
0fEqfE2Ix0Y
0hn1FlaZh8Q
0koWeLQUy8w
0nV6d3_UV9w
0oY3NU5s-GU
0q6HUzCvZrg
0sqMDJAc56I
0v0_XpWpoBU
0vgFAJZeuHk
0yIe7zUwoQE
0zupZo5QTbw
12A2Cj2muo4
17AlEqbNMAE
18ZujgO0rP4
19yaSSt08Ic
1DVTeH7tgno
1Ezn0tA4veg
1F9D_4EnAbI
1JF55UpHrJs
1Mzuyplto0c
1Nv_f1o3yt4
1ODkUnBUfwc
1QSBsYu_Pok
1Qc3ATeg4KI
1RXGS51Y_S8
1Tw6CIiKT_c
1UWjT0j_1l0
1bT86GbZKes
1cm36zee4qc
1drWvmarsWo
1ek1IN01hyE
1kcqhbDeMyM
1lCVawES2B8
1n_toc5lGqM
1o2RRbIIGCg
1qIkxmQIQ5I
1qhPdkUTh2c
1r3Unhm0AdE
1st3IXFtVEk
1vY0XkxGeBQ
1xEwxQVn6wE
1xeNOykmFMY
1xmoFoswg60
1y2NEUanqSI
24pHmBIvqx8
25snXottI_Y
2GxG1oCSW9g
2Hw7ebFbDao
2Sz77maDw-g
2UT2WSyzMAw
2ZcZSMvkGzM
2bCXKANNczE
2eK0Iwm8Zok
2eRKC0u-Pro
2jWcaUmspzE
2pTp_5DMd0Y
2vCnyjqaTeM
3-gdcEGa9ZE
3-lNZEJvvNA
3-m4sOmirk4
31Ixps_c-xg
31pS056b6Cs
37XUz4nGRPw
3CdYTanqWgw
3HCnPmXEbwQ
3LI4cNd8_ls
3NfG_xr1lKM
3Nvuf1ooZ5I
3UKZZHQlWes
3WFmtI9dDVc
3WZqGS8jY74
3fzO0sEcLRs
3hCclx3LjxA
3i17OnchZyU
3iYSW-3TUuo
3kQWkOc6U18
3map-XysxdY
3ntwWXKLnKQ
3oJgo2mm5A8
3p8rZrGd-E0
3r3iyEoNpTY
3s3o6qg7eT0
3skRQLdrhBA
42Lka94Y4Hg
43K9JfntT_Q
43S30mTBHFA
45JMMvyngWI
46fgABcc5IU
47mSqc-hItk
481TIrcjLaw
4E9TNaaRBlA
4ELgOkSRKLM
4FRqAZoJAbk
4FfiqD0efnw
4FhvCc2a9zw
4IHOepFUd6k
4IPm_DiNs24
4KgwgBNFJAo
4KsOemzyfbA
4NzG2_P02iw
4PD3vH3oZKQ
4QnTqtODiSg
4QqsUinjO5Y
4Rg_jWWEc10
4ULBvaQo_F8
4UfLxS1rrNk
4VjffJPnTiI
4_Slm9ICHls
4eNBe-jn_68
4ii2dCPQXdc
4lNfR16SJfE
4mBuPa51CWc
4o2NYTRoHro
4qBvhRv17kQ
4rY-oWphaYc
4voM6lJn8Jk
4x4UCX6Qpp8
4xQmvGMCNkU
4xzRXahe2pA
4yHbfybU07g
4zKhbiUAZAI
4zzDPaQEh2Q
535JHLs73KQ
53pmsq5cBlI
56ciaq-YqMI
572atKEUqRo
57QDM7BTKJM
57ZjhuJzIzE
590_bm1aW4w
5BzN1SqZRRo
5Ck2cL3EmEA
5EQuD6BPdyU
5GFY7hUAK3E
5GRLoDxmu3Y
5GWo1_OMp84
5J1BmR4wGUI
5LBEZEZtJ-s
5OZ838EonVY
5QzvrvRxr9w
5ReQ-a57cg8
5SpyfFONcyo
5Tjd52cj_cs
5UNcT9qhRVI
5UOD6iMKGR0
5adToLApR8A
5dKxRUxGbug
5dWG9r2k1QU
5eAnkZ3Z5Es
5fUuCuO7JFQ
5iAd2qmoreY
5jBdCfOS7B8
5lT741PC-aI
5mnLV1I7H_4
5nBlpUvOiWU
5qW1o4F_xmw
5rwZo1Dd_Wk
5ssvZQ2E1Tc
5xEvcsjNBLk
645VlywUQTs
68twH1i5SFY
69PDl8V1j2A
69XUU9XBms4
6B2Gsvw19UU
6Boax_uMkKY
6CkSUQ3VPMk
6EGFr40Q158
6GAWjmsf0_g
6JB53LE1V88
6Jy4_iq9lzs
6NnCG7VqPTA
6P9L6dNNC30
6RkABnVc3gM
6SI3QKLObQs
6Sk6E1T4iLs
6T7E1wU779Q
6VncpAtB35U
6WujYzI0qMs
6_oU2ZM_viI
6aYIuYE3wVo
6ak-YWknpsA
6ayTYjAqXn8
6cRgv627-6I
6gTgq96sy5Q
6iKy2YPA8LM
6jG-soRr5U0
6nvwDLDuILI
6oEwCWbNNr8
6qHc-dsG5DE
6qUAY18nRkQ
6teAmdWz-4M
6u7bQncOOwg
70sslOazhCE
72gRNG5uCoo
74bw3LQ6km4
74fCmrAUgFs
751ceQCYU4g
79rWqsYiQSQ
7ATu69WKPMo
7Cr00LTG9nY
7DSBIpkAEbA
7DSzMbENsL4
7Gj6BjBLjWw
7Meya4GUPHU
7Ovg5_SgiZk
7VrMRljqCec
7WnVTBVonGQ
7gPvV1Tfl5o
7nnOW6G0fjw
7pDSgrPxCZQ
7plHbDoqPs8
7q7dxBLy5yg
7qObnkXDaPw
7qV0KP0NJ4A
7s6pUI5aSUQ
7vkLWgx1tAE
7wtgfxICWVY
7yzbJ0IjIx4
7zhGfY_XliA
83nvuxI_Rng
88BGnfGukgs
89eDp7cW7yo
89tSi1LHW2s
8F0HQ1V3vPs
8Fp70wu5kDk
8IZWuvji-U0
8McAD6ik9hc
8Mqwk2WE3hg
8Qg88RiMa5Q
8XvnZCRjnL8
8aq_oz2dnZY
8c8CcyxEOEc
8ctR3spO9Y0
8dR6gh8er5Q
8jIar558Y9U
8jr7Od0ir5M
8lSg9brNsZs
8m_BRpiVARE
8oTtwp5OKGw
8pb3BZy4utc
8qfzjTCQEQg
8r5qAM7hDCM
8s9pqqFUmmw
8teVH4KF3eY
8vRIiDfDKIE
8xKzKqNz6jQ
9-6HxlHm-6M
9-ZzSH8bHjg
90GKwwZrpI0
91214PyG8yU
93xbbQMNWQE
94WJR1zJpZM
96N8Moa2JGU
97FQ9T1EGxA
97p-XbOkEzo
99aReUxlzR0
99viatjf-LY
9BPD2mdEog4
9C5J1TvVYsA
9Ds0d3rbqM4
9ERcyrP7R8o
9EjRuXGPGRg
9FtSJUFOnt4
9GS62P_bjPk
9IjtzB0fQcY
9NfbEy-7qNA
9O06HFP3Jzo
9P-6F8K4WIM
9QjHBiMWPYo
9SLVpFkmEYE
9VBdk5uU2tY
9WZh42icnGo
9YGappv_GZ0
9Yws7BFt5bY
9_Zf3IW6sYk
9_nmnAQTrxI
9c599w_OVoo
9dmWPaixDx4
9hs350SkWTk
9iBppxddfDc
9iugrPpX4-k
9kTQ5CJDt9g
9qNk36NmWio
9qijUsguLtY
9qv6k7heZf4
9rtSDCwJLz4
9u7bljI1NPs
9uj7nMAsDgI
9xp-ol4oxHw
9znr0Y5xRUs
A-kJoOoY46A
A1yNt0NZDu0
A2wDMd8Gn3c
A3YTWDqTXP0
A4DcILx5nS0
A59eUqBXjFA
A6gLejk5L7I
ACFqOqETH5g
AGx2xqeEz2E
AK9wYKHgwuY
AKAFcABa7BM
ALtUGVDE_9o
ANBQtO8uKKE
AS0rS5VWPGQ
AUBPHzsZSSs
AWP4w233AM4
AX1CAdc0GHs
AcJFbEDyZxo
AdNnXOgc0TE
AevHTQuymFA
Ah8M9qe-SAA
AiX88HvUvK4
AioFjSt4lPo
AjxcbXwLgTk
AkK9WJAfCG4
AlHkSognndA
Am3NZ6C0NsI
AmsnLybV410
AovHQLkqi5c
ArT0Le32EN0
AtPxKz0nfAw
AtiTE8kjaeM
Ax2W-1XWKak
AyyILzZyQMA
B3ApLlvSy2k
B4l5vYnWRTU
B6db119CgdE
BFdl-oT91Fk
BLPHAa4Gq3Q
BN1H8fXHL_Q
BOEA2PiQDBY
BQ2lTW7TZyU
BQNHHpf6-ow
BRnINTWDhlQ
BUdHQP4fh7I
BWFPXPgLh1w
BYnjqDkBouo
BZyEdFgSdW8
BeWam8vRbSI
BfYRscQOGjc
BgjsoMtI-iE
BlLiFlk0Vmg
Bq_o7JWFgUI
BtSt7GfrSzI
BtwPGAfbRNU
BxuP1CfEogI
BzCVFQeePJw
C-9I-u2S3ds
C1J38BUuIjk
C3vKxigR8lI
C4g9SIVSmpA
C6aL_JA68Uc
C8JhzlK687A
C9BBUYdxfeA
CBY9uV4tV1A
CDHw7aVWIqk
CDpdSp6hHRg
CE86kQIVc8w
CEIe1vPIgQc
CGYdRB3Z8E4
CHKpuOtvpJc
CKo6Jg7sGKk
CNPsWazcT_s
CO13okbh9zg
COv6eFry7nk
C_8qG7SzQX8
Cb8qvJI-XeQ
Cdh9e_IkWTw
ChsANtaVeiM
CnHn80iit_s
Cq6iyyf3j-c
CqD9ssxhDmU
Cs0w6ySB5d0
CsZ8ioo6-KY
CskEu59NJ-c
CvJH_O4QgO8
CwT1vWDNvEw
Cxt75pQIe5Q
CypUFaXqb5E
Cyuli8e2eiA
Czyw6UEbpAI
D2SGjgI-2mY
D5SOJjIq-bY
D61rafYw8M4
D9snBRdtqDQ
DB-vp2tZFJQ
DCFJhLjee84
DE5ydz3Vx1U
DN9udnLGvsI
DOAeFH_Fv90
DT2WtD7svz0
DTQ3GYJa5wE
DYcTE3KcMw0
DZmFkMbWpKY
DaIYIPxArq0
DboTxuVNJow
DcXxmLmxoJE
Dd8YvzxbGxo
Dg8ZKGAg_aI
Dj7g6HBHSIs
DkG7WIUV-SQ
DqlpbZCYli8
Drsi_Mno6iI
DsXFVnLIV3k
DseHkr75yW0
DugbB-KggE4
DxX3ykF-2Fw
DyZ_lowKYI8
Dzn1h1WU0XA
DzsxX91NKqs
E-UcnX-S5aA
E1k_42ZXnbg
E2NLSFU_aYg
E2mnCzJVga4
E3SjzVHD1UU
E4Smhjv_wgk
E5T6fBFS5Do
EAqQZtOtlTc
ECJVTk0xxa4
EDjujfQLtrI
EGcB9U-Pk0Y
EGweF86Zm6Q
EXr4budUY74
EYC2zlLgdVQ
EakqIjBGMJk
EcV7JN_wop4
EdLzm9sPC-o
Eg-CDLMv7Qw
EhsBPPxnt8Q
EjTGdnXMiWQ
El6QzGYIJs0
EmICLN7P7fE
En7DtDrbhaM
EndYn9WvbMc
EoJWFk15v1M
Es2EMjg1UaY
EtKvkW8CQP0
EtguSXLZNkA
EuDm3aY2U-A
F-5ikC-JsL0
F-eYWFtJ8IU
F4DOLAFFcJw
F9zf-hTo1RE
FB2aa8uFwZw
FDT16Gi1MYQ
FDsw8XTp_O8
FE8nlf1FUk4
FEKTjGwpK0Y
FG8P6x7SZEI
FH4-v6Z1AK0
FHp0VESHB1w
FJUrNoi0HA8
FKIJPqA1nVM
FLlj0DCa34M
FPrm15Tq_i4
FSbmYdyYn8o
FTKP26dIjNg
FURHLwyDZRk
FW9Z2vZ8pS0
FZF9WTAXjw4
F_zSLIiSUIA
FgZkFbH-t1E
FizU4oe9_Ec
Fj8vn1NK4dY
FlXgZNweOzk
FozYh-iKSVs
FuCoNt39azc
Fy9oGz-OBbo
G-R0-yBqLuY
G0GWi9e4py8
G1CEs7mH6rU
G1n5LcqohZM
G35XOBchGXU
G50DHuD7jK4
G77XZTAxrAs
G940ZR4urvE
G9udOC-hHbA
GCTQDi-sKt0
GCb-TnbK7FI
GDx0qrAtZpI
GIgsHXdXkck
GJCezL0elzk
GJw3wsZJF2M
GKWflmeZ6rM
GPp1G7jks4Y
GSErAtq69fc
GSX428asqgc
GStBUqRNkhg
GTqSZ3PCCGI
GVnHuifWKlk
GWhYVOaoNyg
GZmS8Ks2vD8
GaRvw1bEGu8
GfDG1ddQgTU
GfzI8UOwFKk
GjaUiBOrObw
GknIXIPTu8U
GlRHnBaP6b0
GmS5ZqA0RU8
GzbMVWBAtDE
H2WipkOm_88
H7d6_7FNCKU
H97NSSKqBfs
HBXpA2CtRvY
HCsqR8X4bjE
HENraOnZNWY
HGQtmGVfLqQ
HJF5J6qGbGM
HLlYH9qG25Y
HN9xmDh4YZk
HO8LF3DGaHw
HOcenef8qRY
HS2M5D7z31s
HT45O2K-ylI
HUHHdkqXz1M
HY1fJRKEGnY
HZH5AYslkoo
HZRGFiy03Ks
HdnveGG2zLw
Hf0Q9H8_SFk
HfdA5LrddKQ
HkIcwbDjkxc
HlRIEDRDkHk
HlaXWdaMDFc
Hlems56-PlE
Ho68r0RcoLM
HqB449GbJHI
HqlNHWfa5MA
Hxw1c7ecfRk
I15Y38ontAM
I2a5w0vyTas
I3OOMmLKR2w
I56i77H7qKw
I5BzDR4sHXk
I7WFzZVMNv0
ICZxrAklC7c
IDXrYwFgjXk
IDslNigHSkg
IGc-QeVHdyE
IJNBdLbPPEM
IJsn2h38JNs
IKTmAV0VS4k
IKVs_EnsfrQ
ILW0wsg7l8A
INxLKsgGN0I
IPOWmnDqAyc
IRjZ-hp7d8M
IUEq5AVyDMs
IUuJmEiv8FM
IW6eawsc3Es
IWu-0pnV-Ek
IX5avAf6-EA
IXgClMBDQQU
IXw52qyjeMY
IZk75aRoH2c
IcKXVgcMw2I
IdMU_P-jpts
IfgPft8OvZc
Ih10koIhBxE
IjRtH9h2nbs
ImCkQadg0ZI
Ipn3VkqNmWQ
Iq0hqWEakj4
Iq8pNM07T0M
Is68Yb1o6Zc
IsC5QrxsguY
J1evQH1-Zi8
J1wqSkBH6JQ
J4AArqSm_hI
J5bfyw09a0g
J9yk5wEDr3s
JC089boZkFw
JFHKMts6EHU
JOcELxFxxHA
JW-t3mJFSSY
JWUgxvwD9qM
JYzsmozJ54g
JcWgXY80zpE
JfWKaOV7edQ
JhjDBmYxmDk
JikbRho1F_Q
JmTCR2CRkL8
Jnw16KBwB-I
Jqanz8GEci0
JrYzpnFTZwY
JwEmjDIGeIA
JwWHkdgvUPU
Jx1wI95pnEU
JyiZO6iV6v0
K1ZNMjtZMiw
K4ttAElH80U
K6wx1aAs0Es
K7jVH6WNMsQ
K8Uo86tz2ss
K9a4bNqDDV0
KB8iUk7sbCs
KBvkcykf-tM
KDVGtAZY4Ao
KFCS4mynhvI
KG-5KDKcFsw
KGEj0OtOygk
KGrKvcE1plw
KI_Pb7OK7XI
KK3dgHs9Ky0
KOeM2TdaIfo
KS66lMAhNK0
KTdu2Dtpbhc
KZflnv7W8Og
K_Z7RhfcSPo
KbB-yHRd2zo
Kdn8b_nkr8Y
KpYtIGoKHDA
KpxMQTJhzDQ
KsDeMdn3T6M
KsctcUcFVvo
KuMIlJnlLJM
KxFL261kMKE
L-lJb3YLrRc
L0LwGUMfL_s
L0_fku9MiaI
L5KtOnPjhPc
L62CdX7JTlY
LCO4gFECqes
LCQZRC8OGIo
LI-eS7BQK5s
LIuiePZrVLg
LKKf6UM_lj0
LKrdbpagU1U
LLfK_bevUBw
LQRL5i1HCqY
LSib-fOBg4Y
LVU0gO8yGL4
LYHtPUuUiqE
LYJfWsUze2Y
LYPTs_n-bsk
L_6J8OYA9Rc
La3eZhib3qQ
Lbjg5Kb7vS8
Lc5M7H7Jm0M
LcFGuLjBXdA
LcIzUvb7JEY
LjBNqHzScy4
LjylmvBbzMg
Lk48mCghJls
LlQbzXvcn7U
Llj1VWw_W50
Lphlwh45noM
LqxsI0WOTZ8
LrpwTRajDzg
LucibOY4Stw
LwglxMBN1oI
Ly_V5kpNvEc
LzULOr3u4yM
M2oDugYKFgU
M38dZSWZOA8
MA3CTKdDrWc
MC6o0UtRLdw
MDF6yXE1uPY
MFoVY-Ivolg
MGqeuNSN0mE
MGwHoFkN0v8
MIHOa7dxr98
MIbY4N5RbZE
MJE8FeA923E
MJec_4gZE14
MLpFMzpo8dc
MP0ikl7MbRc
MQYcnnTqziE
MQ_sT1Q7WrE
MRLr9m5a6oQ
MTL5CFH9ecY
MTYRde4GLUk
MVRXnK9bgKs
MY6vyw1CGtw
MahcSpgobZQ
Mcfa_PDbYXE
Md9XL-pkrJc
MgGKjOiqQKA
MioCRPjtUjg
Ml409PIQb60
MmcAKLt74dQ
Mn1f0YfTQ_U
MnvEueFI7tA
Mu7bKnB2b4I
Mv0SahpmPYQ
N-0Adl-Pt7U
N18aFyB-5CY
N1B4VLEjJvo
N49MhTbtVFU
N5DsghKMTCs
N6D8IeWQusA
N6gvm2tFgYk
N75fATpVhqE
N9g-WCfdi5o
NBHqYjx0mA0
NCRtxfJT_Cw
NEaaMSXV1Cw
NHGhahtd60E
NJDc4RedHQE
NJyY8P65rYA
NNo7FuZUbkE
NPVU7GSzN8Y
NQHPXoc1bOY
NfeG_arNMnM
Nfu9B7MrpM0
NiHDnDISJ_Y
NlGlrZJUaiI
NmD6R1IPCko
Noz0JQTM68g
NwyR8xAyJKA
NxWMqGNDXfo
O2N08nexMpg
O2galuwPcKs
O3cEnfYnnXo
O3mUfmbnnwE
O449lrHYzgY
O4DFWQT0Bsg
O6nOZd1-wvE
O6zsdiH3xcY
O72iiBfinbs
O8N8fOVw6IM
O8QScB9-Q4s
OBcNqKSBCn0
OCkujJzffFw
ODLQNh2Kcj0
OEPgAB-6oRg
OEgZ8jv3cz8
OGl1keKAJiM
OJUMWjr6OtY
OKvMsqu-Jec
OLhs6kc1-tk
OM-7b7UyxkQ
OOEr1kHXRks
OSOpg4zKPaw
OT5XCq3GVHE
OUhwIebAo8M
OVFsYs_X37w
OW_WuRjt0zo
OXEYid54--E
OZVsLFSBwWg
OcBnb1K0ViY
OdfAjvkb9V0
OhIEApSP5Lk
Ol4yqsCWfcs
OuDor8k8tyU
OvM_xPsm44I
Owqwo92gwiw
OxY80g5xjKk
OzyEmxDjKQ4
P3PnW0hP8cQ
P4vnwgxwQyU
P5C_b7yWPqc
P5egAYYKSMc
P8IsBU0T_Dg
PBGZtF9hCAI
PBSBlAoDaJc
PCXCiSD3ajA
PDDfYHEmfzI
PGN2bwFwskg
PIAP7dMU8w8
PKT9VWJ4RpE
PP29O_f7yr4
PP6UzJnEDnU
PQqb1J4uips
PRd2CshaQ24
PVXM5Dp06GI
PWGk-lreojg
PfiFiULLJiQ
PgnVcnKfjd8
Phubbcv7ksg
Pi17szPPf-o
PjRQ9_iFyBw
PoDaGWAXPPM
PpX4tC7mA7Y
PsRVSDkf_rg
Pvu8Grs4pzQ
PwIjTrB-zC0
Px3HMCiFPX8
Px6aRIeBuj4
PxWkIaEvqmg
Pzh5GbKr9lY
Q-J56pawRXg
Q1LFru7poek
Q6_McsSfwj8
Q74ixWRYX0M
Q8C4WcrzdMQ
QAVRrmhTnlQ
QD2ghpGVai0
QG71PaZmi8E
QI6CiVomek0
QIgyQkN_M0E
QIqUeXMC1jc
QMjNLFeuAmE
QPvNnMlH2G0
QQTA-66WPPs
QXzn8wqZQfk
QcfrX5FW_fc
Qdm9a87VRmI
Qdu1D9C1oJY
Qe5QX1F1f3M
Qjn4KYHrQGw
QjzLxIzGCWQ
QrJcvb9NUPk
QtpBNQ5i25I
QvexLy90N40
QzJM5SYdLDo
R7NEWMGuFK4
R856KRIgtr0
RLqNemcUXNc
RMi1XlOy6Vs
RSmqeLi2kAA
RUc_IiWDjco
RVEZhBkRPR8
RWkMoaWyQbE
RcY9HVf6BXk
RjESYK8-L0Y
RjMtgXc4-MY
Rn9z5l3YnCg
RnTrAd3dfyM
RnYHDH8_7wg
RnoBwfqljbU
Ro9korHz5vI
RoDt_C4PNKg
Rp80zQd3vTU
Rq4NfwT4WEk
RtAEMu_rLEM
RzThtnHNa9g
S2zypSHmxzc
S5inH5xixpU
SCfjLzbULy4
SEGFGd6ZK8w
SEvbiF3VGq0
SFrHiBNCqGU
SGv3VJdJ7eE
SIqUDLwdoaQ
SLB_2ziEp94
SNCD4D5GPXo
SPRPVUWknTI
SSMyEXtAA-Q
SSgQ3ZE2TVc
STKINn8v4bE
SV-84rbWLWA
SVyIfFOVUFU
S_8n9_Vp8wY
Sg2QjSOvIug
ShxEXSOE-XQ
SoPeHKr-xbw
SqZVa5BQpVU
SqrSC5vT8_M
Ss6H4x_qcOk
SsaUlTTpS0M
SsavprIjwlI
StgB26nLXGU
Stjy4-UheYs
Sv8oFKrKU7Y
SvTovjcCxQ0
SveavwCPKfA
Sw-JcSRufWk
SwqMTI6CbJ0
T-LhLwiHzN0
T02KV8-fNLQ
T0IEQMgAkcM
T3K2GVM5_1Q
T9ew52VeJ68
TDsfW-Gd6Mo
THz-1F7ejIE
TOKRW94RoPI
TPMxxoRxyRI
TQ3XifNjhjs
TT3OcCcBJxE
TTM1bFcefgI
TTptjfE9H5A
TUyeagZ_NdI
TbCc1_O4QSY
TcAvC_isAmE
TcHgLj4kjX4
TcPFIriJaj4
Thy3Cb8nb60
TjJnHDAZJ0o
Tjgt65Vr1GM
TkSegptt_04
TlWVIB4EwUs
To9MsyhMmBc
Tp-OHkRnTvo
TqBba3maBOs
Tqedh5OzzGo
TrJx6YIYDW0
TsMpr6y4V-I
TvwrI4JxzHg
Tw0xYmv3THw
TzYdYWUwqpM
U-1LmyQJa1w
U1JJHQpP11I
U2wvthXljYA
U3VvVeFsico
U3pRKL2NlvQ
U4HttuvJ8dk
U4c7Cb24y0g
U4pi3i9zS4g
U7oKs0Di4iI
U9YaZZY2E4Q
UAFI2FUfInc
UAFKFVoZphs
UHoqr-zwIPw
UJqN-D7cGkU
UM3yFABQTIY
UPUiuPk3N4E
UQamXQgM8ds
UTCMEGGMPH4
UWdTdP-FwhU
UWvoZJRLtf8
UXATU6EbPbY
UY1AuNzRjRA
UYp9dKxVdZ0
UZQNTzER544
U_45c3oV63Q
UdXUvb63yHg
UfQN6ViEh-E
UiTe8PPLi5s
Ul3S_eoCgvk
UnjrKK7H4Uk
UojW13tLcHA
UtkkT2dZyLQ
Uv1ZWa0LV80
Uz-lfGsUgPs
V-A173qpYZI
V2smDCEaMuE
V3P2Om2hi0M
V5Xi_vyp2Bo
V6KigfetBpU
V6gLff3in7k
V8G1CFwSaig
V95wWErbwJQ
V9Mc3RU5ii0
VCc4Axba98Q
VE-9aT8GsrA
VEokSKQ6R-E
VEuPpZE90wI
VGlwjwWJQM4
VIaQ2n8eJTI
VLQ9ZmUwBIw
VOgzBKhT_jM
VRpK9V4sGMU
VWFxdjsP1hg
VYxyo7GgkjU
VaPpiA3ZbNs
Vaooy9yejqw
Vat3dfD_-Ck
VboSfJ3gCQU
Viezo146Tv8
VoP_o5xDRiY
VovuT0dLfp8
VqdO6HJTs9E
VtpcQEvAYMI
Vv_c1MN29xo
VxB_jfyhQxk
W0jlTrBBuDU
W3zyXQ4ay6A
W9sNum_gHyw
WGLOUeLTx5I
WI5DH46vMEM
WIJpVFiZ-2c
WInFSiRGmNQ
WIwAClYCsYo
WKo9R_Gw6SM
WLNQXYR00SI
WQD5UQhKAzQ
WSBrHrNF5lw
WUS60Qr0zn4
WUUddUkkRwc
WUWN3Ht7ekw
WV6-Dx1fyo0
WVMmPiyb0cw
WVq5-0SYeas
WWkDl04lGRY
WWuUTyMbA5I
WXIafl7CSdQ
WZsGwejXXXs
W_P5MGE7WLY
Wfl6SIloSs0
WgGOLKfBa7w
WjE9ZypH8M8
WkA_3SALbJs
WknQtiOCVWI
WlfUeMf_FGo
Wq8Ojoay_uI
WqRwDdjuVP4
WrYoPqCl1uY
WrodAx-CfQY
WwmUxKZQ9Qs
Wz5VUeRS4IU
X-r4V9K6bFw
X0Qvic16Y-A
X1mXVqNe5s8
X6K3J-ELjxQ
X9Ohphh-hTA
XAYIql9zCdg
XB6nMrio9BI
XCp4CXfnRIY
XDzrVHooAig
XEOzPPuX-Z0
XFUpCBkP0BQ
XICjBZwtuR0
XJ2g7xd74AI
XJ9EWPgWckY
XNIz1XF0rpM
XQEDxq6ggwY
XW2v3H_1nYw
XW3o86HYH80
XXpT71ItPv0
XZQhgHzV9_k
Xbt5VTyb2dA
Xd49L998UGM
XdWSKBRQJAU
XhO6U7tR65U
Xq1LisyGCRM
Xq4wEut261c
XrI6EakzV6k
XvM6TSyNoL8
XxfBW4iCyuQ
Xzc_JanzpBY
XziafiT_Ic4
Y-Ys23EZaa4
Y5As-iWBxRE
Y6vdG_wITSI
Y7435wKntKo
Y9niXc_PDMU
YA5TaUt4fdo
YJ5TXHccDLk
YJTrhMcV2KI
YM-MLPfr95I
YNvBFpKW3RI
YTC1UIPjWtk
YTTOs1-biPg
YTt-f5Ld6q8
YWagohrF1Pg
YY0KwefFAEg
YZbn9SaMPkQ
Y_yWQXHCSM8
YbEU_5C0_D4
YbYTOOPMkzo
YlBg5372cOc
Yo7BbMSyCys
YovStAUzpPY
Yq0H_ylXErg
YqjZTe_OrMM
YrNXDTDe-FA
YsIf1SpJ7_E
YuZuysxfE4s
YuhycHsyPPg
YwaIANIY0T8
YzHV8fBCSjc
Z-LGrWRiPog
Z-NYTikoQMM
Z-UHdFkScKA
Z0T1rOuLiaA
Z3uM4QEt_d4
Z4WrhybLGqk
Z4a3KRATb_w
Z5HDzg9V0nE
Z7Wj_NYVxuM
ZGNoK6k4RLc
ZJFVI9KWmVM
ZJlkC4tG0PA
ZLxdhnodNM0
ZQ2ioyTZ3Rs
ZS4NubTttjQ
ZSKMERbQz_4
ZT7GeGFl7sY
ZTfPgdWYxDk
ZVjPY1O1LFA
ZW2HJijNeZQ
ZWRVHbgvbQk
Zc5fapE6yqA
ZgYuQ04PPa0
Zh2V1J94BfQ
Zl8_xQnKFKc
ZlXAfZRfn7I
Zmnfm0tH6YA
Zp7U7hEZpTs
Zu5vI1Kv-Qg
Zvlle7vWVyA
ZyImj8sj4LA
_69jOGzWsKI
_EgkGtPBZG4
_HqfoFh4T7A
_I-2XuUzyiI
_KZY5iZb8WY
_LXV62vsYMI
_O2Dl8dhiv8
_QTauMFg5kc
_RjvSCZFemI
_Tsoqokg75E
_U9CxnEb2Ok
_Ul3T50Vy7s
_WkQCUgJ1UY
_X3-M-fi8PI
__JoAPDRydk
_a-DBhHdGN0
_bfHnwzD05M
_cgWUEfD5w8
_eiUm3I357o
_nw-1L4817o
_qLxbjZtmvw
_vIruaERbHw
a1U1AXCNO-k
a42jQXvD9OA
a4BpD8q3tq0
a4ON-Pc2NJY
aDbwaGxAtA8
aEULTQUHM-U
aEjeMtjdeWs
aEwPLJ7Cg34
aG5darClS6U
aG_vB-1AQ34
aKW1nTpx56I
aLKHTQJIkTA
aLit80LWqA4
aNR_X9bn2iA
aNl6z8LaFpM
aQ9eeveTMN4
aQXgK393v1E
aWhaC3hPPns
aX188A6mszU
aaJOvjJH_3U
abvCg-HOo0w
ad3rBKmCq4c
adNRJ6y1RjQ
adnvE2sCbPA
af72_ZqPCCg
ahseDc17p3w
ajrLPef--l8
alg2ktpeXBY
aloKGJzQZdM
amHzYHS18xk
ayq2-QCQl4s
b93HUWL1hF4
bBGPbTu80Ds
bCapKx39vr4
bEDRMsX5BEE
bGEbM9bEZ9s
bSrcinUVVXY
bStxoHzrD6s
b_ze9UqdH0w
bbOgM5jghb4
be7wceEnGU4
bg1oOu4QJeQ
bgrgbomq5Mg
bgvl_bZPIXE
biMJF9cjIKs
bl9gvKrr04w
bnuKYzVcOnQ
boA2qAXVdkE
brGGaomp7gg
bsuuBMfG0Ts
bt0lXAm7LHE
buePplnM9Ng
c3EeCJETTPo
c3UVYbfExEw
c62aE_ktW0k
cARBNOuBU0w
cBNfTl-LnmY
cCGAJtuMH94
cD7Z3g7-BHw
cFhSb2uYzT0
cIZIL9ZyNyc
cKK8w0TXz68
cLZNIJ5RnOI
cLtXOmzwOqA
cMoXf9ve9r0
cNN7ObBVpkQ
cPQsG9DWbH4
cXWckszRhkQ
cdZA4DDgnEA
cdiSDfh1pro
cfL9fg3qMXM
chgNpt_sJU8
ciAvCKJnu8Q
ctY9CM--6cI
cwRV79xOL4g
cxCK_zCjz_U
cyKICqPi1II
czZrk3TCcJk
d04BAxhgOh8
d0DHYIhnimM
d0RPLARmA80
d0u2SKxc-yI
d1Rbf4T9k0M
d9tPJVigWDg
dAnXs1Q8K1I
dEyhWKZVH9Q
dFGqvDxgLJw
dKeiaTqI8a4
dNPzHUUCGTA
dPDgw2aCCRM
dQqWAvcO5H4
dVuxMlCuzQc
dZXG4kGAGoI
daemIs507K0
dbTMpFV5qHg
ddnTDLNp0c4
di-G285C8SA
dk-8_ZZWTRc
dp0nSnpHaHM
dp7oV9L57xk
dq1oUPRLsoo
drQ79a2jEaw
du37CUoOW6I
dv-mnQhkD7M
dy11SEh6WqA
e13Fc62ro40
e13uBQNRI0Y
e2Ln5uRKnFE
eC2XZ5JXpOs
eEvPFkzPlHs
eH_2t4-t3mU
eHikUOxDU3g
eHlSYkri6NM
eHxUcQKTops
eRbTUjK33nE
eTBARoN4VVk
eUFByGggEtQ
eVNhcEqYSco
eW3NnC8esfM
eWEZiIOT43g
eauXNxaxLEo
ec0PyyxYsII
ecOmqZ-DnIg
edbE0cyz_2M
ei2RoIkK5U8
eoxs5KWcCew
evOIwBofbZI
ewrPFmoiep8
ezu_O2ratXM
f-pwFXti9Lc
f034SfU8_wg
f27Z7qcStlQ
f3rlbs8AVaQ
f6GyDX134pM
f77Eta6piqI
f7eV71-k5oU
fGAYnEy4F-o
fI6bMQg6WIs
fMxEXA80djU
fNFXDQH7SIU
fQ6G5H60Viw
fSQUOrOjneA
fVwMa0msNpw
fWBjC42w0Kg
fWVlTW2nLHk
fZhnjrfNza8
f__4fnWPc9Y
fd2Ov7MvrxQ
fmeZqEnwERo
fmxHIUeWdBo
fnp5sSIyQXY
fo2LxdgJ8TE
fyWHRTNScnE
fyec9a5etrs
fz1cSfOPaoo
fzBeJ8iTtVI
fznb3fg93J4
fzzrgXjd0UA
g0TVrg80mT0
g6Q7UA9WzT4
g8V0fCARtjs
gDa9SxRNYkA
gEpsD-zzwNU
gF4wJQQW8BU
gFTFqYkyCNc
gFeV9OuoL10
gG7XJu_pj2A
gLEMQIeq5Zg
gLJ_SdUPcJk
gObqEMYZcvs
gRKGt69fYDk
gRME2HKAhJU
gRtgUMPrsJs
gStNwgTTxFI
gUFYhEWZJbw
gWRsLrXtGVU
gXQcKGAE7no
gXqitGBKvq8
gaV0YGZKyGc
gb9CY-fWu14
gboz0rYWMZo
gc2iuPlrKf0
gdLYZjYz21Y
geBcT-dneQU
giY6TNDs6Us
gkVRfwIpsd0
gl01dx6wku8
gqx9S2Fr3gc
gsls7cVL86I
guVuV0MrBnw
gxL29fEGATY
gxuf0BGkWWw
gyZ2UPXg23g
gycQhjZo5Bw
gzBJ7SNppGc
h1wizb57TaE
h2R8EvW9_H8
h6_WXwhsqg8
h8NUpJ6-QHQ
h8gYC7pAwtg
hAVe-Y54qZk
hD9sdXC_syk
hDG7ixomGvA
hFN9H0De_lw
hFYtd6xIPyw
hHZzBOxT4aU
hHjeelNHS6I
hLMpgsSjapc
hLRWqO7QMjA
hMEoa5itIXc
hMFWtHP6jLk
hNp6X0NJ560
hP2IzEpldWA
hQ8sQc1TuGE
hQcrnF1Fz74
hSnosf1JGbg
hTUQPI5KE24
hUOAAtZwS0M
hYPRRt9lFrY
h_Q9VJkKU2w
hjIlN8AarWE
hnf8I7ZRVOU
hp1qZM2k86I
hrooJ_j9bSg
huh2ZufdI94
hvEm4vpy2_w
hvSuXGM8eQA
hw-xMbLfqoA
hwnQGswbSb4
hxo4u0Jkam8
iBfetJ0Z0MQ
iCaSNgT22JQ
iEcse7kWcuo
iIDzXgHbqfY
iKJB328ni1Y
iMN5X_u9HAA
iMeXub1-VVg
iR3VG0ZG9O8
iRNo9LJzyAw
iSufEqfd-4c
iTZtuds8huQ
iUoaUZCi6cY
iUw6zdcvzNU
ibo6ySPYWvE
ijxQVBP5MjE
iqOUHWDs7EA
itJ9xCuRNkI
itWwJmQv4OU
it_rHFhDcDA
ixj7Dg0ioi0
j3sMFQU5vJA
j4KqOm5TGxg
j6mzR47Wfas
jBR0cc3E0dc
jE7h38be4nw
jGaXQk1ZaYY
jH74w0Ca1iI
jKdzwBaT8To
jLcsjQqqA3g
jNX3mSE-5a8
jO5GAf0-cjo
jO7BxxGxNPA
jQjmf4pKmpw
jSJpVxC0dlM
jSw1Bk0SvLk
jTMQuvUhkCc
jUN-KhSTJB4
j_PetwhkCkg
jeSb40M2LDc
jevrldY8WZk
jfU21dsdbB8
jnDmEyR9a_s
jnECBxUQM9I
jzj3V33KQ4A
k-auka5yKaw
k3sjp_JqNyU
k8CY--YxEEA
kCRI-EJkJuU
kEKXWHuxsS8
kELCIeGCNW4
kEMCMWci3Vg
kHKj6xxx6ig
kI-dHqu-dUE
kJ6bKfmHsPI
kJeDJs9jNr4
kNucaDdyHW4
kPHWEFmrAY8
kQIeA1A4Lyw
kT-QL7fbo5A
kZ1bpos4-BQ
kZJySLYzEwc
kb-qdRzVcGI
kd8rwqC9Kno
kfM-c25u7Tc
kfS69Fyp7nM
kilPFE1yhxY
kkhLPO6yhjc
kplQMi7UJlo
kpqJcWOwWjE
krvtLg_wpBU
kxjNiIyNdOo
kxlaCETRwV0
l0neTrj5LaQ
l2BgNcFNOu8
l2YewY_lnAc
l4vvhBfg27c
l6V7z9Rl_EI
lIeU-DZpz5c
lIwiN3DhXFM
lMDZgHJyVFM
lMfc3Zs1PJM
lNwAGk_kyQM
lP6Ys0Euo98
lVh2Ip_JZdQ
lew1b0PlZcc
lf6qOaiYT3k
llG7IjUZk_0
llenNfNLz9Y
lqgKbOL8NOg
lsPd3yBK9As
lsT7qVBVS-o
ltg8AUxTVrI
luq0-pe9KjA
lvCPJQjELvI
lw769wyHB50
ly-8UrvCZ5Q
m-y2U92Bi8w
m1m8wF_KSSA
m3AI9DSUubc
m5yRSh-NRcM
m7ZVvroL3b8
mAMtgp3I6y8
mFxJGTR25z0
mOU8GpvZJf0
mPm1tKmmDc0
mQvoazNS2K0
mROMLhVNVGg
mSgHH9pDxTs
mV9XpoIY3Wk
mWYmwwMolyo
mXV2NbvNtcs
mYlan0AOM3g
mZ_KBb44vYs
m_lA4Gsbnv4
md_4_B4P28o
mjn87pVCK5Y
mkAF8yM_JXM
mmLFlBIcj7U
mmfNuMqc-P4
mp27BaGCZpI
mrjVLJ1YqJc
msdWtUTzQWY
mt59Ip5yEx4
mtJkV25gQAA
muk6TeikhL0
mvNCBNMm1Bs
mvSpRFL3-Kw
mz83TqpTKF8
n-exp_upoT8
n2dnhVOSAEI
n5KddL5pf-Q
n6Gtb4LIro0
n9B-nuhjtvo
nBKE1YG965U
nByMMlFkWw4
nCRRvKd8qXM
nGf9_KbJzdU
nKNaj-DhNss
nLxlPIpCr5M
nMHfqv3A_aY
nOBQKk1cG14
nRKEYfhBbas
nRPvlo1vj2M
nSzztfkhG7k
nTLe6UJKLMg
nTqgJkWDaGU
nUkBjT5XOXQ
nXUnLZvKKWg
nXz6oO4ykkQ
nYSE7X6d01Q
ngILI6IE-AA
niSHLwjnLn8
nj0tEmUyqVc
nlJN0oRiLkQ
nln42nJHZxM
noDbagaFSyA
npAFdz5dx-g
nskkHqi5xF0
nu8R8-pECrc
nunXI99KURA
nw1MWmbtpG0
nxfDsXMjHFI
o-fjQTGPMNk
o5YK7z52Qe4
o6mK6tNySkE
oBBYUFpmeHo
oGzFEZWTNMU
oHVJkytfJjw
oI9gwJkL9lU
oLlNrq04eS4
oM2YpS4w-qY
oN145azi0wE
oTmYSmSi8Co
oZH6ubdJmds
oZWbhwzLsLY
o_-ZpZ8aX5o
oaOqiofPWmc
oaiMhgsiTEY
oiOAYQJhnsU
ol6vVD5zpT4
onbA8oAahKE
oonmtYZNnf8
oshkz9gvNtw
otm5mT-x6LA
owwG9cgJFPE
oxk-ddlt5Ig
oy2X_ZvaGnY
ozSa01ApXYg
pBvX2vs5doE
pEFeLaRGN8o
pEO4CZucxH8
pHzQOG3Cht4
pI-3V6R1s6o
pKeEz-JiMt4
pMN_DWOZqZc
pMhS-7YDtJ0
pSlJtrJHikc
pUSsND--KbE
pUxfecdtioQ
pZ5w4Iy9b0k
pbTbL3zrfDA
pbda2fK0lCA
pgFfflnOAP4
ph2MLCLWLTQ
pjQy5pskhfM
pkKqNSyCChg
pkQJaDMt4VI
plwvngIDpwc
ppGymhpol8g
pps_ixoecFM
pt8TKYGBucI
pvhtV3nRAI8
px8BS60veD8
pyVFWxlcV44
q1E2QT5LLOA
q1qRNVmIK68
q2L1b9N6-o0
q40BwjBOBfA
q7CESqQZ_Qs
q910LELXMx8
qAVcpFK9Lug
qBzA0qcnx58
qDpXDUMk090
qK4g7ttkX8M
qNvSFka6Fx0
qP6525HpO4E
qPTuzXFa-GU
qRp0-AajGeo
qX3Z1HkyPTo
qa_l7JBVikU
qbRCFph08cY
qcVfCQMqNsc
qkvfRAdkZ8k
qkxWYINYu9M
qmY_vt4hNqA
qnc45VZZFJU
qtZlya7XTLs
qwERBlL3AtI
qwTKot5eDHs
r-D4BBuBaDc
r12v-4902nc
r5N34EG0g8o
r73JBXquLRw
rAScW8Yfttw
rBr3pr4VesU
rCMXnshzx9c
rCXAggcSvCs
rEhs4aEsNRQ
rJVMez4wYEg
rK98t_-AH5U
rLHpEAPBvDk
rLKPe-hyVC0
rLQoD6kBDCk
rM7PPwLUB5Y
rMhX3h6msSY
rN3k4WRjJlM
rNaghhpDAW8
rQVXw7rem98
rRQQvsuf5mY
rRurVjzWqxM
rSX0wjZvF3g
rZAePjtxub0
rZUYVMqM6Y8
rZYSAVOLk-U
r_dSHNNFz7Y
rbRW6cs5tXc
rbTuiuh6uag
rdj7vbhxwzc
ri56GXP6SDY
rp8rxFLK3d8
rq1FX6C0iAw
rq4c_hgVKRk
rrnhiKScrJM
rsZ9_P9w3i0
rtFcIZvZZRI
rz4YHoV306E
s-7xgDvlSBA
s02y533qUe8
s7nSqJlB5_w
sBt3JoFx-rg
sCBtN9Dx_DA
sCDlGHcrTpY
sCt0az4OtJY
sGHG6n8bZ2k
sHmdE83ZyTI
sI8tBWg6rfk
sLOOCPJATOE
sNGehpratXs
sRhwUzQPh9o
sW8gtMDf4yk
sWfS9NLh5mI
scUzxHwbNsg
sdCuzM21EcE
seUBX8TDE6s
sjFQX0BFlcU
sl7LPsXXzm0
smMAN6g6N-0
snbo-R-mPh8
soNc-1OgTzw
sueA3nw1sks
swTWliOO2KE
swdOdmPEnHQ
t0wCiGeeme4
t2_j298dTdI
t3TcLTQuSE4
t3U8gOHx3VU
t5938EczC3E
t7TUYBSatCc
tAhUUdfqItU
tBwI5ol0sW8
tDAKINoKnqU
tDpErG_gZj8
tGiK7-xZumM
tHQVQQDVcMU
tJH9123hQwM
tJqok83Fx6c
tPbMiSB2GxE
tSPboini8OU
tXOBWvAbKZs
tZsGv-yhVHg
tdTEbAlIjN0
tdz8ZBxbOvg
tfQ7VXdxvVk
tgUjyFwRcmY
tkpo7RqLmaA
tmORq-hhNyY
tnnm2m3egAo
tpGv2Bt9eTA
tpJW-s54V5o
tpOQR49vRrg
tqGzDzXpcZE
tqWEXeqtqBs
twWB_Kt6LQo
u0ESnA3Uvts
u1sHg3zmA0Q
u4gYH8NpBPc
u56radOC3HU
u6aB7DCwM_Q
u6g94aaJu_M
uAljoJ-PJ3c
uCmvHEOHcd8
uD0QEUwdrOA
uDFQplx8kfU
uE4oJtbszKM
uG4c46mlCXA
uGtjWUxTxi0
uMfPams7UVU
uNUbdl1xOVU
uOTCxkwlHpc
uSfFiVaDRC4
uSwjnlLbYaU
uUtowp4xZj0
u_WH8N40tvI
uc2rOh9ub1M
udxpczi84bU
uho7MD6AKJs
uhqGzVOMjio
ujPU3iXYcYI
umHQnGd9nf4
unjE_NHq3Rc
upeke8xJCAI
upoZ7qbUhe0
us1bvMJQoiI
uwNNhEsnulo
uwuhSTwMTho
uzbz3wL2A1A
v004MVxpPkg
v0esVat82AA
v1SIGtQw06g
v4ZUl_ODsQE
v5dXt8QO6AA
v6sSkS_r_iA
v8GqMYdX2_Y
vAFJ3bKTYtU
vBttcDQ8wBE
vDCWoR_2od4
vETa_3iqiXk
vEe-h61H7Yc
vHULXUGxEGU
vMvfCMJauI4
vPDp0W3g108
vRunfu-d0GY
vSq9INadNhk
vSt-JDQPLfg
vTUgVUsh8Q8
vXrP6g0EyNE
vYtu1OPNlpI
v_3a4PR9OxA
v_MwauQNzOk
vcm8ymAnneU
vkScai3JlDk
vmKuOmQjUI4
vphcv7F3vjM
vqQ-brAT2mI
vrzNMWGeAl0
vscUIUzWr6s
vujrlWH_Awk
vuxfb9cimPs
w0lB5isIT9M
w4W0lJU8n-c
w7tvjMsHBjw
w8PBFGKzR6Q
w9YI-3Ryp5o
w9pE79Pc44s
wEh80AGctZo
wGeihfaHFjs
wItEqH09GCQ
wNNlk09N4dE
wQ-8szlJkBs
wRvablzyqsU
wVK-wStQY4Q
wVm5Vo4xg0Q
w_49wK0YOQc
w__udiTn8-M
wc4t82bpTZA
wcLUO10l794
wdfECG1buQ4
wgX5OMs163M
wglfdFd4ccY
whwLmhGXjGA
whwcnrS4AX0
wiNsZ9nm_B4
wjep6R5MNps
wkPDyI7OpiA
wlgyMHMhW5Y
wnx1Y0kNFL8
woZTBeK1zjU
wrXYk09hx5M
wrgZwIdMgCU
wruGODt2-nw
ws5Z5IFWUYo
wu6-XE826ns
wvGDDNdsRzQ
wwlIk9e5a-g
x3Tfd7Uh38o
x3p_g3k7QkE
x5rQov_Dhr0
x7sxUc406hM
xAjINx4vwZk
xDlLzoZD-P4
xFKEyoKVyqA
xHZko3vxv74
xI8lTCjxiSk
xJL1n_FLkf8
xKAQ1lx80vU
xNiFGJfqUmg
xQhh_feCcwk
xX4Rk_4nuYM
xYUGLZ1Yphk
xZgCGk_9aWo
xbNi3Zhtjfo
xdyymdhNO_0
xgkJtrqsyYU
xjDArg9DocQ
xkq_lTtGpDQ
xlZkS3rctts
xsfxRpn8BZE
xxO37yYEs0c
xxge7oCBAY0
y-Vcl0p16wU
y-iPVv1HNYQ
y-wFh-nFIWo
y0roGe-tx8U
y3E-6GRYxhI
y44X2e3OeRg
y6jG1v4t9cE
y7J10LKexIE
y88GTpfgjpc
y8zc6tgNnzk
yAijTr_ieSs
yEeGvS0gU5I
yF9IcrZTq6E
yRALkBSqvLc
yRmoKeJmLQ8
ySFCcu5Cyt8
yVy2OILxZOg
yYkrB2BLpkI
yYn9eWNRm00
ycAjodPObcI
ycCU5Jc7tCs
yeCCOWqci8s
yfFLYihvwq4
yfH_vBgu4yU
yifTQ6k7D0k
yldZ6igDT3w
ytv5ZGLz778
yvf3HrceR6Y
yx8ZKSWwbaQ
z0rdkPenNJI
z1GteCuSPZY
z4ILXCFxfFA
z5XTtp2R1Mg
z88DzEfhGnA
z9jvxxJhcSM
zACT2J0fvpU
zC8l7wOfal0
zDKllVOxN1w
zExCuEyAbKM
zHn_qhSBzVo
zJkrskQ02j0
zMrFO4WStIw
zN86GVSMdBI
zNoI9fr8GIA
zSkwpP3f-bY
zTMUcFI9IXo
zb_iym22Ntc
zejEnzHezFM
zevyAPdypoE
zh8k92SkZb4
zkD1WoL6voU
znHy5hgV1BE
zsJEQ7q2c6g
zyInb7E6FDM
zzgUwgAIgnw
