2HmVTVZw_0I
3O9VSG3tqew
3mPLo5GnqPo
42TqwJU-fTs
4KOHUSJ8c1I
4qeghFulS3c
5Rs2PFz-BpE
5owXNciM90M
6u_7OLaqock
6xXdI29n0P4
7KHF5aNORXY
8IZDT9461FE
8LQFMO6FrqY
8lCB3pJHTIQ
9xYoCPeErWY
BOy6EAAQTwU
Bb90Kod7agY
CTQTCr7wiW0
CcxONUIjl9s
CugoxJfIJ7M
EE1W1NJfd1U
GnQ0rH_uD3o
HRPG5tttiWk
HsE9aJblB5M
I2B3NQZ6-OI
I8HDmauORUk
Ki2CyyEuxHQ
M9clqW57AQo
MLTC22zl3Ww
NDFf5d9chvY
OY60gR93Ods
OZ8X8YgSVDc
Q8kR2bAnqtE
RmEY88jfPMc
RrSPtis88do
SDAznbpMSOk
TAHbZgI0bEs
U93NR-t9ZH4
VR19h_X0B9w
WTDEkgYbmk0
XYmwwfZh_ZQ
XalMgqFVFpo
XibF3ln8d2g
YcDAejx03a0
Yny2Idi-Q1o
Yweof1irybE
ciFinWu4UcU
dWmxnIq3UzY
dh2I1ViNKaY
etsjKLgJNDw
fPfrLd7CEwg
gAJ1z6HBbIk
hBRYUvfdk9k
ji00rdI4K6g
jiz7uOdWsxQ
jnk41BXuXF0
k6lIx41uAJE
l9JpEP7CgLM
lhJJsnUORhk
m4D_h-CAhhI
n8TlIsT8cJA
nCgUfQS1-Fw
oMRQCrw_JMk
oVjxOjeIyHA
p7bKpqBYjrU
pi9-yBNRRxI
t418o_hRUa0
tG22UtqdjBE
upwAwL7apfQ
vRnkcH-WtzM
vtqk92FbM28
wfzPwkC0ov0
wiu3Ctsji68
xMcT5m-LZrw
zd2KUOflLng
ztHk8aWE-s0
