-0p0-VEtWbU
-74UG9J0Kz8
-Egqa9LzTsg
-GTpzolkdI4
-GcGhQbSQqY
-GtHoQ7Sw0c
-GwFOWxVr4w
-KFvug_maWU
-OoT2OZWCOI
-RW-SCpI_1c
-Sx0P6XHvE4
-Toujzk3ysk
-ZHuwA-VkYg
-aVXmdMROAc
-bF9-Cmri9M
-fK8hBSpWw4
-gWKNgmMMjE
-spudb4lzHo
-tjgXQDyqno
-vYVDPbL_EA
-y3pbOv1t8I
-ygeC-oeIO4
0-2uSG1xUEg
00gZrPGdGrc
017F892wjl0
01TMQYZ8JxA
05Q1Bzg5zTY
08VEVCENu9c
08jIOtSRvbk
0GOFk5N_Fxo
0IwBRK9u31w
0L41nue6Iq0
0OBYaeTy41s
0Oomk5-tma8
0QEHUCF3Qsc
0TFjyq-LiRE
0Y5U2zkRW9g
0ZXJfgA5dyk
0chpGbYXgPE
0ibPm9qeARs
0kWaKhrpa28
0pabbzNjZ2s
0tSUHPpkluI
1-5fxxZS8uo
1-jo99_GKZQ
13SiKjxP2XA
15sAArKkw-Q
191kow6kLUM
1PCq9YdnTU4
1PXiINporpk
1PdtLOj1qEk
1Tv7-sIRwMg
1XbAqreF6i4
1XqnMiVw8Xw
1Y8gX6NsDAw
1_2v7tTadFM
1cKEs7bqQ4I
1ceWYM5xPaY
1exGc2fEEqI
1fpamoGSI5o
1m24eRQS4ng
1wlZKbf_v58
21ajfOl05PI
22MbdaWZThQ
28I5WyLp15o
2DH4v6FnbvM
2EYj-oMq7Vc
2FwQBJIBuCg
2IbdTnID7sU
2JnJP2KmPvs
2TIeal0Wgnc
2TbEl3M340Y
2XPqfeGUyEs
2_BBg-7T5g8
2_YHhcu0WgI
2bbDJ28mL_U
2e3XVAhdcp4
2fkwSCEN8r4
2gfTLr78S4w
2hKQ2t0YoUA
2i4cbBFGOyE
31YZv35H0SQ
35T9jC_MASQ
36zf98NRMlw
39RjC3rKFqw
3BJjBnmIaWQ
3CbutG9gOME
3D3won8bcnc
3Hu6nL8teDE
3JIZxwUY3oA
3JS2I344Q_I
3RYb72FPzzc
3T9J6EIwjTE
3Wni0j3hIm8
3Xa1L01ZNaY
3XorMeVgEqQ
3ZJGtWZ3CMw
3cDLflyQ8TA
3ejUYZWViq0
3gvTDOzuQXI
3hRMRTmp-Uo
3nAo5KTFq74
3p5kzwd7mZo
3p8uc9nWxzc
3pbCddmE_OQ
40HdWRZSlAc
4417xGlly24
46SFNfz2B-M
47NWmhalMD8
4AK-vrk9R-s
4DEMzqnU2wg
4EkcPAl-Nxo
4GjXC5FCXuk
4JcJyYMOrgE
4K5nQwF4EJA
4LGsrCSVpmI
4Lc5_FgwSGI
4O2kPL_7f4g
4STJL0JK5iw
4T_TvXoEhJo
4Vpyy2VqFY8
4XF7J5iSw_E
4Xi9gqgHjH0
4Z8RkdXw9q8
4ZEboApMtdM
4_owNtaLpX4
4aiXQpCxn1s
4e5J_RoSB-Q
4lcGBERIcuU
4lxiJda-vPs
4sZupyqXrcI
4yxj3oTTo0g
5-EJAIXdGp8
50vs0cDuWQQ
5EFRVNhFFJg
5H1bu7ltCZs
5I4a4xpw8C0
5I_dmhnfG7k
5IyOHWRq8TQ
5JIIZUUQpeo
5KQPc_iFTko
5LdSH52KhLo
5PDkVWn213g
5SVNSXdDbGg
5Ti1IbajExY
5a2lMbEswmA
5ch7U_MWEFU
5hgjHXMKHVs
5i-dli-KF9U
5tLpj0aYkVg
5wkSThizEsI
60JPl6G791E
62Z8AWorDE0
64gHNGOQhJc
66aSzJAOrgw
66dTtqLFDtE
6AHGpNBwWe4
6AkvhYPM4Xw
6AmZbbb0p-0
6D79c4RKXyo
6DYABkzg1jA
6H7sWTNKFwE
6IwdIxhAkBc
6L90wjavdWY
6R5G7pUXIXs
6RARDVcljeU
6VP_SN8HBL8
6ZxzTLcsEEo
6hLBmMXmC2k
6hPx-jCx0_M
6jrXImjxYpI
6ptvL0KU8Ls
6souUJkJdaA
6tCHo_AaeAs
6y9YCuLaQjY
706cuQTbPHk
70N2iQhMBeM
7138iW-Jmf4
73tPqP_1kt8
7D2hQiSY9mA
7Fd8k342MSM
7G9XoYwz_as
7I_vVxtVClc
7NUH_9HYRvk
7NuSUcIn6t8
7OSDM4ZtrDs
7UTbB7r_Qxg
7UTjTpgFhmg
7bhsxsSCWI4
7cR4fXcsu9w
7dfAd0IglrA
7dg84bLXBP8
7geQSG-mSeg
7hBnwPycFUQ
7hvK6wvdEms
7nIV8IIHbng
7sFYMEBs3lg
7v7P-igWDN4
7x-fV2DlRf8
84VYmzvIQaY
8KyLuGbjXPU
8LiV9S8gix0
8MzVZE-Mk0U
8NaJdHZSPqM
8O3modrtQMM
8OxUKCV2kQY
8_QBe-fGjjs
8_eeavqZ8V8
8t1tZ8t5Bho
8uzqN6jyC5o
8wLCmDtCDAM
9-aXKj5JGzI
93_wivA_4H4
95COWFDYU9o
965RuG22-Aw
97b8NUg8wDs
9C7nZRVqBIU
9JdQR7rWVCw
9LJNODGbvFg
9Q02NxMzCyI
9TbeXyAe-cY
9UPgURkDoY4
9UbNquQo37g
9_1og8uKgQI
9_vDJi7NyC0
9cYBmZ9BSYg
9d27LLmm720
9m-DmMlBSQ8
9nV8gBVm7vo
9oEaK_ZR5zw
9ocgcdfJ12A
9psUk4hObGc
AAC1S2Wx8N0
ABc0mF-brJ4
ALXKkWn-8gk
ASZi2Vzau_w
ATpiV1-c9TE
AW9NikHAHKw
AXC8AbUafVg
A_DF8TkyQGg
AeBH1w4y0FY
AgEBOKuZKXM
AgTWeTLTJGQ
AmCHIZEDWvo
Ar31H4nGTR8
AwgelKafmO0
AxTW2G25zQk
AznrsPlHExQ
B-HDsmJbm_E
B4I-vit_LvU
B7tNpc7-g_4
BCo9LXwlu-M
BDfwHo4ELbA
BGqo55_wfG0
BRTjmDA5CHc
BUOY8wY60W4
BUiJIOVS55g
BVFYeaGpddg
BVwFmdipfZg
Bh-ofUYTDPA
Bhc72Wto0ro
BmGmIY8znf4
BtNbMD96xgY
BulllKJvsOE
Bx1Xye7isD8
C0Cn_7wOOZo
C7axlcY3PU0
CBBBS-wx3kY
CFn04RRqazc
CIP72KXab4A
CKA-w5b5uuk
CKnUbT4_uTA
CL6O2HSBBYw
CMcpz87EahU
CRpgl01brpo
CTl4u8-KNbw
CUJhxQy4yyU
CWarpTWk_jg
CeiW-6zFRTs
CguMTbZ6wGM
ChX-2vALWVs
D0NGYjBTeiY
D37W90aBoLo
D38INfcIMro
D3mbQckX0SU
D4n9MvLeIuA
D7IZ_ayAUT0
D9JbZBf_BnM
DCnbMNo9xcE
DDHCm7N8YyQ
DDw4S8_l55w
DFeDFva6tcg
DTSGSCODLM8
DZrzVCBrWr8
Dag6L7tnCEo
Dd8-32MD07s
DdFFAJysYKw
DigpZl-wQQw
Dm4TAdiEFn0
DoNs_-221tc
DpVOgYhriMk
DuEv3s1eReQ
DupU32j4AcU
E0k2om_grNY
E0x2Y1sr-TM
E1NuoGlcyY8
E1cXUOekKLg
E2Whazi1nWQ
E6lCPvwiIqo
E9naq57YKlY
EDFD4J7qI5I
EFNeulNdfRI
EI1Y_rRPy40
EQHfhIQvNmo
EQsqxSKetKM
EUyySKZFsCw
EYBtvMiOcmk
Ebh2HOO-_4E
EhF3YdStoXA
EhpssaoZo5s
EnzksPo5c78
EpRdFwkkqn4
EqIaFlRLAPE
EqT70k0UHGc
EwIwZI3ntOo
EyX5J-ZPKLo
EzBYxqtJSqc
F0EHda-2dEY
F0yftawR0GM
F2kPnhQjGIM
F3wfufPfzy8
F9c3WniRoz8
FDW7PViQts0
FDskPqkqBaM
FGOooFqtmsA
FIvdKfUWTAA
FLR_pNn_5Zg
FNlmHRS-ldg
FNrk0ektwP0
FPRepwEKDmY
FUCPmwUlZM4
FVK7oH4olDI
FVVM4jrGlzk
FVoi-KV6D90
FWGv3OatJQ0
FbMX4WbuF2I
Fbe1mkrF0gU
FdW5OkizEto
Fe5tGtVpWLU
Fh6QW_uZouY
Fhcn0do3aHM
FicbIfRFSvw
FjiYv9fCuvA
FjmVS6FJg8k
FmqDhRo-f8Q
FnaIz82xpQk
Fuqs3ed2UZI
Fyg4Cex6i1g
Fz5UiZ4DzCM
FzRuvvVS65Y
FzqH1Hgfdzg
G-SWFBgiJEw
G-oMU-iZRFY
G30TPYghrXs
G5fOiDG9RZk
G72UpPdYk5M
GABD8jYA9lI
GAHDFqalOsA
GAq2W-gM7-A
GECUXsGL2qc
GHoGgQVMCus
GJIUrjBs4tA
GKgdzY5_UQ8
GMeu-57iTvg
GPyA5EwLmE8
GQwX2SRb6bk
GUfFiy3yW88
GVIHH5jbsoY
Gd3fFj_RaoE
GhkHpbk0WOA
GlbOmDLqcw4
GmvGSGkczz4
GnPQTUD5f8o
GoHffNj5Rv4
Gpp2SfaUYXI
Grfw8AHfLd8
GvgdPAEu8vA
GxTDIyNX7X4
H1n9UxDaqec
H4BWjaLqVqE
H6z9ngWGmnc
HB8cJIg2aFU
HIQeZmJDMww
HLe1E4MXH4o
HMUchWL50fw
HPz5bF5ElHM
HSM3SREWvog
HVxbEMQvpdw
HXFEkaLrid8
HXlCHwaUPg4
HZIbipRpjJ4
H_5-69mFb-g
HaJpYjO136o
HcVCyzEtceA
Hdv9W-xcgeQ
Hem8RG0tsUw
HggNLz5fLFA
Ht9QbUfNnAU
HywVUPWBBZY
HzFURZOPR1g
I-QM0UcCH_I
I8LxraECD5E
I8YXy1HE0K4
I8bihhjH3nI
IGxKyU2qZJU
II5dmzTK0Ns
IJX4-3819R0
IONGOZ3WLwo
IPZAYgovau0
IS_6tKPhR5o
ITiQCx01K1s
IW3qS4rKK0k
IYOuNi9iyY4
Icp7ArX6jv8
Id6GTO1mIDk
IhyVERHs0-k
IlRgQ0YK24I
IobiMSvmmi0
IvHuXESX3H0
IwlB8udp0bs
J14xjajEAHY
J1n-ldRjbnE
J2R9n3q6KuI
J4uABj30AWs
J5_EbZlLPfw
J99ciap-Fio
JA5T7aBUi1A
JDFrNQAjDYA
JFWv42U1l4A
JKfLZ0uLoyg
JPz8CtSv9uM
JUCdSF-VMcM
JXMtFUW31XA
JZtS6FXduDI
JaC1-U8LIY0
JcaBwppe0Jw
JgWVX_BrVYo
JhiXD7HmJYQ
Jp6977O-wpQ
JpfwoKBntq4
JsC2g9Pwwnk
Jt2pw6Y_XiQ
JtPQQjj01kM
Ju1ZFuvjzYc
JwaNEYxx2qw
JyZ1k7GAvYg
K1BR9Y6XxQ0
K1D8J73YPZg
K22sKkyRgQE
K8RjFZGDSLk
KAU9Htejxcg
KBGi62AywDw
KBct9gW1mOo
KDqoTDM7tio
KHL_hLaK6M4
KIq5E9VNAlQ
KOQR0tyGL1I
KXqtW3cjUo4
K_RwKigTPcA
Kb1zNucnVmA
KbXG5N01D1E
KfKRsJW-h2E
KfKSC24D4_E
KpszPr1VMio
KrA16UcUiNY
KtHai64Rlpk
Kul-Le-jVM0
Kx-E54P_pOY
Kxbht2rR-As
L0ssn3P45uI
L2vo39VrnqU
L4Tu4MKeOx8
L5DZlZE4pqQ
L8KC_XVERpg
LBf3agQjAw4
LDIKu_S6kP8
LDmLVr6AUHs
LForXq19MC8
LR1oNIOIJQQ
LST9HzKkFfo
LV7eVvph69Y
LYG9wuF_6pg
Lbj7w_UzIvs
Lfh6PNv5r1o
Lhb9tz9JGZY
LrDykFE6opo
Lze-rMYLf2E
M0iNEEJxGp0
M1aw1yczeas
M1ehDZUCnIY
M6phMonavhw
MAZerjArMbc
MEJFD5m4mfU
MFSUij_0RKI
MIVIQl-z5ew
MPwcK6QaeOE
MQ9g6WRvJws
MSL-mPvUxBU
MSPmK_wI5uk
MU3QEbq7PCQ
MVBiKXTdda4
MXFLiU0qy0o
MaabW8dlFi8
McfDyp-0xFY
Mh6dTVfHNVI
MjR4GKf76-s
MkuxWzKQ8XQ
MlAw7qYLk5w
Mq3imkj60Nc
MtDOqNlgoOE
MtIJqWU5iGE
MvPPu9c9k50
N-3JYd8sOTo
N03xercZVuk
N1MZRowhMtc
N1OBnGuJw6k
N1UpynPIJwg
N3Q5lvUrLsw
N6ONnXi94EI
N6mpYJLwylw
N7IF3jV9Dqc
N8a78lMXmAE
N97qSmHsV00
NCc3fHUOhGw
NDf_vh2_tNE
NELgksUcgDE
NTo7DRBXBiA
NU0AzQemcYU
NYw6uVF6NhE
N_k9k9k61CY
Na986tyWmb4
NiDFzm5IJlg
Njjs8fBHhqY
Nqb6SFCYUUY
NqxOZvgTLXE
Nv9ABFgjoMA
O1sF5GXbWf4
O3cyBSA3mss
O4D24TMygW4
O56hRtW0sdY
O8-IB5tsZBg
OCBJSmWY6nE
OTTeAGfVHsE
OXzBOt44SYI
O_0lxMYaCPo
O_qXl6CBxyE
OaPOXvw28_M
OauVgFSUp5c
OdJOLMgY4p0
Oe8YY1oAI3g
OiippC-FPLs
On3iQj8xw-0
Onec_hd30dQ
OtXniAZL4jE
Oui0l4ibhSA
OvJbmoYZOak
Ovzj3fzS43U
P-q9r3d63nA
P2F02fJMeuY
P2QXMGYluzo
P2Ye0_PuDkg
P52FYJhQAhQ
PEwqkcjYsWs
PFQn0zv3FtE
PHb4YMxnrZY
PIZ4aqJpSAU
PObqVwmO9pU
PQDrJ78BfTg
PTeTwrsk2m8
PVIRH7j3f5Y
PWHJbAcMa0Y
PYHcJNKHsrQ
PYU0GGC5n4U
Pbhy6BvgQAA
PcLijL7nLb0
PkCMYCa7Bro
PkufrRbad9Y
PqTo90sTrVg
PrF16RJl7yA
PrlajO3klxw
Ptiy_ZNAxcc
PvWnwOWm5o4
Q0bbPQXQ6eM
Q4MV2DqANDU
QA9ak5rKmOY
QAFDRqzLu_8
QCB8VsDFQ7U
QCSp72aRaJs
QDxX72Yo3bE
QIRpjQdCpJM
QPM9ePVc-As
QQWCQaPcdAc
QTq-GlWxP5c
QUAtHdTTH2w
QXtlVEO3rjQ
QZdCkD38EJM
Q_mZRoBndGc
Qdopusp2K1Q
QgSaomupZig
QhJIt4uv9x4
Qjvsm3WCIIM
Qn5qCrIEn5Y
Qp3gy_CLXho
QsTjVjGoxF8
Qsc9bpx6Amc
QwXo7SUy__c
QwZwFyValiw
QxaL88g3V28
Qy2z2QQQKUU
Qz1y37vnThQ
R0-J1bmA90E
R1-nv4pnPUw
R1elBgwBu2g
R5KOfcpNEd4
R6O1aORKqxI
R8Vtdel4ZmY
RBDOaTe6QIE
RCb3CaLpfmk
REsy5OGYXmg
RGLh6KcqVf8
RIhJjFDewGs
RO95D6qX7Ww
RPzkmI5IJAg
RQDzh3oQJKk
RTGBJMDcras
RWYEJBJjMxs
RYSLyvbR_1w
RYTUJ6st2Aw
RZAsi-0pi6Q
Rb644DZxHZE
Rh_XIz9XJDw
Rl9RK2AnXOk
RlILOdeEvS8
Rqg2tSXZ6_Q
RthRU3wFDdY
RxghpYXYgS0
S3aQYfmBV_A
S4LMxMLTCps
S62mzkMrVFM
SA1bsM2rZVU
SAsExSNfNXQ
SBfutCdO_sg
SBoFM_XX22U
SGcdPakoytg
SJ9OdRbXho4
SJW2YVArI9M
SKN4VyeApeU
SKd5-shjN9U
SNYZYxLSgPQ
SOiWLbjexco
SPBtCIGpl5M
STwSMAeuze8
SVhNgoWx6xg
SbqeXg1D19g
SbwxqxCzx7U
ScAynzKaUZ4
ScRVa-H86iY
Se6yZD_suh4
SgrZAPUvKyA
SjVrlNS6yRA
Sk0QGMjh1hY
SrOCUVJnyZE
SxeaVEsauo8
Syc6CpF3GZw
SzrrjMZqMJs
Szwtm2MYwzo
T0q2ZR4nBuE
T2oabokKkiI
T8iB8AvXDlM
TBSkrCJnc3M
TBsObYAb-Pw
TGN7GDhZoxs
TJ-_qTStsus
TM-6zHDndd4
TW-qllEKK1k
TYYRZII62Vw
T_SJHqvzOXM
TaYiYhTBg30
TeVC6ChJRFA
TgQAAhW1MLY
TqfqZCZxIOo
Ts5-21_XY5A
TtXRfYX3In8
U-9ry71e0fU
U-MwaC9Euv4
U0QGZSY35sI
U1s-TqzhwEk
U4eXm5PIIjQ
U9MX37aA6lM
UIjxnKp0Ay0
UL67FQ_uGBg
UOEe_2QdUVs
UQl2oHhwsac
UR7O21aU820
URynJJ2Y760
USrz31PsJFY
UXcBel2jef0
UYpPInrIzg8
UZs9UJum0Eo
Ub3b9p3LTws
UcvIQJ-QurQ
UduYdQeblsM
UgInmHHO0m4
UnMAKX13yNM
UqPude-Zgeg
UqZ20i7Uqlk
UqkiexoRWiA
UrbUtZu9-84
UwjS_f35ibw
Uz1MJLC50Z4
V-rEYKXfSeY
V83hrRvtdg4
V9455IrIRlU
VF_nw-4nwwQ
VM-vp2D5EAA
VTf48vDXBww
VXaUz8nmFH8
Va16p2HN0qg
Vc-gAD95NYY
Vft65rz24R0
VglGf1X1Vwg
VmLf1aJWMAo
Vop5WFEbT3g
VvZxNE52inQ
W2E-TiRzY4g
W2tkKdo1myY
W34ueQvL938
W5PEFLHShbo
W6DSHfUofyY
W6k2LnADlpU
WAUUgxQPwM0
WB4sGX0R5ak
WEfZmVN_01Y
WG9ibKS9c6g
WGp-omDD3V0
WL_SGxCEiwI
WLykQLZ38Po
WN-j1thjovs
WQyVyTwQCzw
WRNNumxv3Z8
WS0b63_wZFQ
WTObp0o1SHM
WTQ_ipjs_Ks
WVOX9IK45-k
WYWVRa7CK8g
WYbteM7KLhI
Wcg-vMGXeVA
WeSTJoSt58A
WfApzxaj2K4
Wi5DxeZuvTI
Wi8H-gBDKnQ
WiYudywr_tQ
WkQeZGUJZig
WqVCvbtfkho
WuRPGt6xk2o
Wy360Cs-nfc
X-rEUFbHQ5M
X0B7u7v3F18
X1CmKuyhmQE
X3OwLV_8FS8
X5GVonrw3KA
XAP4bB9bTMQ
XDMRJIDRA3o
XFCtBlYBrb8
XKkJXoSQ7L4
XTZeKYo7M80
XTn8TX2iamU
XU3Onx8nd5A
XV18wx-xGaE
XVPDuW0wQ5I
XZeE3gD6KG8
XjkzzUPEnoQ
Xm_x-44wCIE
Xo4PLqjsHSs
XsakfTClFM8
Xtd4tds-I0U
XyCNxugvs6s
Xze1DtXUQeU
Y040L6fMtGI
Y1WCklA3sko
Y33PftA7vOs
Y3vsGlAvr04
Y3xbFAmD6U4
Y5G7petRM-4
Y8NsBdATmFQ
YCssTngUwE4
YEivG_2dQIY
YF7_Kt5V3eY
YIbXJsgKU3Q
YIuuHK3sL7o
YLAsvHlNPyg
YMFYM5GOyL0
YQfMQVpZOYY
YXG8jfry-Jc
YfJq1K20YZg
YhDzjQjq1Yg
YmAHprv_sj8
Yt07dSZCxww
YtN5Gsq928w
YuKHD-TIees
YuhRTuK7ydw
Yv0P1-gpEFc
YwVe6XEKbps
YxvPtWAymGU
YzLZlaIvUyE
YzRr3hNtd3w
Z0saoqIprD0
Z4NYkmcij2A
Z4xE1tNXyiI
ZEw5xe4Ip0I
ZGpATMO-6_o
ZI-aPMJtzH0
ZMGWLLDSA3c
ZNJyDyCocGQ
ZPqG6T65A4A
ZQ7uEHSvU7A
ZWYFv2_l-Jg
ZZ7c_6xghX8
Zeuezrqd7u0
ZfIo4B6XIiE
ZfIz1YbKj0I
ZfN_VZlcSa0
ZfXEb23rmGo
ZhLWkQ331og
ZijOBSy-oaU
ZjkHXP-7o8Y
ZkFUU-xJM6I
ZonFfoiS_9Y
ZrvlM-w-4Vg
ZvSQ3Cc8Umg
ZxEmwdd97j4
Zy1ByJDGm-g
_3NHdyYLjRs
_3prbwiJw3g
_6CtStbaYU0
_9say1jGFFQ
_GRqmOHy9wI
_GgQI2pT3eg
_Hwv2ku5ohg
_IUqr6Tfgqg
_Il3LMYBC0g
_LcsdmA4hnk
_MO1K25j3qw
_Op3SLTYVEI
_VUEDJ14e7c
_Wc53P6itxI
_ZSlokkddz0
_Z_mkjzRcAs
_ZxyGyHFF28
_fVyTEYN9W0
_ln5vkbnBfQ
_sMMJBJ1EGY
_x5SeXNabd8
_zkykRESHf4
aAqDLCRJgFw
aGit-XltUB4
aQ8on8s0Hfk
aTwESLI16VE
aUZJ00Ef9R8
aUbiGXEyqN8
aZRYfMa1wEk
a_Rp0DEuco0
aaG26VX4Swo
aeqAif6w5r4
ahpp27WAT2M
ak_nGfUz9zA
alnOJxnBkj4
am3vQ7OtYLM
anUlV6umjqM
arIH19fGP84
arfPt03Eyf8
auQc8dM1p84
avlP_vC4lFU
awcgL5LxEHk
b1-4OZt7k38
b1RmllmxDtM
b2F3MOBTWiM
b3NaC11tCzk
b52ZeJhZWhc
b8oDDUIEj28
bA-0FP3JcJs
bA5rxBIzIGA
bECbNkzlRTI
bKT4s7mVKzI
bLIbDaqPXG8
bLs35CRmDJg
bMb4vRxDQpY
bQ9PgrkHlgM
bRQAvgZ3zr8
bV7VuPtveVs
bVJ5PEvBsYU
bVu-sju1WV8
bX79-NOTWIA
bZ1mGVu5584
b_8gs040sOs
b_E1ThyvooE
ben7-5Cn_Ng
bfOpomzGhw4
bi5OPJ98laE
boF0Bg1o-r8
bradg9qlceI
btSuRMYhZxM
bxW_kh7_ZXI
c5jkYN_wG7c
c7IIImB3OCI
cD1e0BNNifk
cE0_JhLsgPQ
cHjXy7iYNNo
cJWtN33aJHc
cLNb4Hyvpl0
cMClCjwkZjY
cN4cK5Nt2Sc
cOSuHu8tMAI
cPrttbfiKXE
cSj2SmQqNc8
cWMmRmEpUmE
cYFA_MvWBnk
cYURKu796yw
cYuaZ_1SYaE
c_KCPVJrMW4
cgE-BPmeK3I
clcyM1H7Rak
cmBE3n09F8o
cqKtRbEM2WM
cqulV8vGgDg
crkMrmV4Oew
ctA3i8UwG3M
cv5vFT9FmkM
cx7VnKMZew4
cyOhdpeOoI0
d1hWJ2MdBp0
d2p0WNtnIjU
d3wWia09UC8
d4pT2kO_Nsc
d5tkJPuhUGM
d79X7Udaa2c
dDh4cNtY4gs
dEfDwc2G2_8
dPimd9W0jnE
dW6C1UaQKhI
dWQAhwxdigE
dXU_x84MP30
dZFdPyBN21Q
d_eFcqK9IE0
daGpKWra5Ec
db9T5Bct3F0
dkg-MX2hiuA
dp5_SNx9-pI
dpjcNKgHYCc
du3nCcTq6N8
dvc0VwKNo5I
dwgsbZ1MsAE
dyL8_QLu3Lo
dyxf3d6FZQI
dz7voLMOTzg
dzMyQ-IitCM
e-63oAcaZG8
e4cDUNF1pjY
e8oouXLEefs
eFBVLmWXBdI
eHfxcts8dfI
eQwkVgl6eHw
eZDRkJIJ37g
eaChH0xuq1g
edgbFyyJt4k
eeUMJ43bgi8
efbm3JS0J04
egVlN-kBjZg
eiY6lYb2TpU
em5l8Rwp9rY
epAOsfBK3zo
eqjAwQBBbDA
ertArCkol4A
evrF5Qn-8Rw
ewL1iGuHBA4
ewt23QAoa5E
ey4dxMx7-s4
f1qjK1EfQiY
f6iEOe_8HPk
f7BpMQcahNg
f8KmDshQMQc
fB9KVYAdYwg
fBBvk6kS1Pk
fBaoljTnYro
fBw8YmS2ab0
fD-cm0cX0pk
fGO9LhTMb_c
fHZMj5PXyBE
fIoYSBhEIh4
fL9tniQP2xY
fNqXaeHXIQE
fOWCnMwBJL0
fOivdfoMCyQ
fQ1D9KtHrt4
faxTf1zAIkw
fbEMSEF9uQY
fbnOdnJQ_iE
fcwuShIJzFY
fedt_dutoIo
fhN-Hrwux04
fjYkDS5tce4
fmytN9sSLuQ
fnTJ7EbcMuQ
fp_a7hvfERQ
fpenHhvo65Y
fqpBz3znjQc
frhd2NARtxE
fuPk2pL12vs
fwTUswv6Nc0
g-ZPTgaqFLg
g1OkVqk5-3k
g5xEtxhmZ-o
g7OH3ae7Wtg
gBa7wPPBGAo
gDWdcTJSQfA
gDbQHsrHPY4
gE3R9ao5fxs
gPtsp7DXVhI
gRB8ee7yGwo
gRWbAjy-P4E
gTRgf0M8xUk
gcpzcyX1ILE
gd67zNKw3Cc
gfIlI65orRY
gfyxfmmF49I
ggZuDMTzLPo
glFS5xo-B3g
glIk2M1SzLM
glz-Pm6HUG0
gmXTUSP9a9M
gnwiYdFaRfk
grGE0htjo7E
gs3A6bsFduI
gur0m-ZUie8
gvfDAIyn9oI
h33N42nmxcc
h5hAJFPAaIg
h6sZ4whQfZs
h8JKZgwqH3g
hDBOpEBjgDI
hDRxbQlpqmo
hHckThS8RUc
hJ8hMXJ-of8
hOwFmijQp9o
hXCyl_WZGrc
hXMnxygtqIo
hYF3atS_L5A
hbhKEHPZiQA
hdCRdBYx3Ww
hdhyioTtMnM
heynpDBmTfw
hizEB8dkJX8
hmm_IqFbrHY
hoJrcu47N_w
hqDBz4M9Jkg
hrCIDHGjPU0
hsaB-D8NnVc
hw0KN4V0N0s
hxjwLdZjzFw
hzuPTwVsdPM
i18MGcfdVTA
iBBIAPbZf90
iEZ6mSGLlL0
iFInqL5cV28
iFe8dAT9jRs
iGY_dEo0NtA
iHl9YyB-AbY
iKRKQaeODnc
iUBcqSqbcKo
iVfrQ0hBYPc
ieA0dXOGEp4
iisAQFI7A10
ikiZvUGkLjo
inJXUHC0llY
inq8obFEi08
ipNQdZ9EDdQ
ipu0ifyC-Xc
iqjiUS2jfWQ
ivLZu_7WUFU
ivz4OaYpMpc
iyUKQ3-YzZc
j1t0wE2avOs
j4aMiEPju7A
j68Vhxe0ess
j81kdst6PbA
jAP5gbgWom0
jBknm3HgBVU
jDriPJYn2mY
jN-XebMTvYY
jWc2SvkQSoQ
jZJqV2-I-8k
jcsKMie6M94
jh0gdESRQOs
jjLf0LGZsWc
jlnJeKliZ9Q
jnb9k4DfzMw
joxYLYD5eoQ
jpSoMuVri4A
jrfbWtMgyk8
k09OH847gmk
k1t3p8AI57Q
k1wXHx2DsSU
k4AkeklMQ9k
k8TZ1yNK3SU
kIuQb4EIMXE
kJQhf44lqb8
kTcNXM7g8-0
kTugHjzWYFo
kWgj7tS_d8k
kfcMQ-ncHEg
kllPUCjKHI4
kmkSZvF9WYE
koCDggcbH80
kwdzo2FWS_E
kyGS3cqEZWc
kzWF_Gh3jrE
l-IV6kKWr1Q
l6PT3RqJhe0
l9g60j8iJz0
lImHh7fqrQo
lOeONoNoUb0
lTeD19M9F9g
lTpkix7pgSA
lU8C0M6zB1I
lZvaTrClzio
l_U9Cpn9xoQ
l_xFE_OyGdE
lbPW4T7K0z0
le-6Fo4bVog
le1exdN2PHw
liR2JCybA90
llWPTH5azYM
llX1Sel5uys
lpwCTzyE3hQ
luhSVN5mgNY
m1gr9-ICu3k
m2ERInnLmGk
m9AwjZWboIk
mHrLx3jGH_c
mIN27sjt7IM
mI_Fe665FCo
mMb7He9_geE
mSVVbfint4k
mTbfxNoRDBU
mXdzAZvid0E
maL6-l3DdHk
mcppSGs6tTA
mgKnKBdpnKc
mhC3L1ZKxHU
mnN7_zHxomg
mrGFEW2Hb2g
mrjprAozu4U
mv19Qy1CRWY
mz3QyNVDPBY
n-_2u-mdwrA
n1au4_uwrFU
n2w6qOc8wx8
n9uFE3SEWfs
nAzjs7mkCCk
nBsI_wdhodU
nLUO2vTJ3Yw
nNrCvnERtbI
nO0azZM1yaY
nUbRzGAhaf4
nWgSVk2slFk
nahJUVcpn74
nb1ekLK7FPw
nbLhq-uC0jA
ndJXe1u5fbs
neeRvXp5gnY
nit-Fr9qJtM
nlOrNMeRJjM
nmuRR6CECA0
nnV2Ulu9HnE
nw5Q6y2fTI8
nz-3yqiUth0
nzEklhnkOx4
o3AgKeOS7fY
oBSTLei8Lyc
oBqyHmDatuA
oCUDU-mQKlE
oEsP4_1ImUI
oLD2xzAX8Aw
oR__dGpWBvY
oW2P9LiQejk
oXLE-Om3SKs
ob7EWtaUL_o
od_4Yonrw-o
ohRiNE8GcHU
olbWOdundjY
omCC-b1LD1g
opknm1hYwv4
oqbGhRO3n8o
or4vncEcuBo
oy-F2IgwDkU
p0igDZxFb-g
p0xdVvMC3aI
p1QbmCpW2TQ
p2h0sc46hPM
p4AJQBT52rk
p5vCnRSz2Zk
p9j-OKo1jtE
pAkyBS8uwPQ
pFqUJbdy268
pFxgK-MVsu0
pLYaTrVN2q8
pMbCUug8Xis
pNL_CeXtZSk
pVzsJTTk-Bg
pXjk4VSXxjg
pYZNKkxOpTc
pYxtOgNZsqE
pbgkycSkYdA
pc4frbbjHxQ
pijV1oCAN-s
plLxyw5KCoQ
pmZNcGCCdGg
pqc9lNItuTg
puqFgTVZYGo
pvjgG2jadlI
q-eBPC91Mc8
q4vMliBSRY0
q8f35thMXro
qCj6YNIpqmA
qFRt4qJMV_U
qJFX-6xrhdI
qOmhM6do24w
qOvX576h3oc
qU0SCD6rHD0
qe1Ms4D0NlI
qoylWzJ5oKY
qpt4MjM9pXQ
qss5LjZDLcc
quRy2Lv79Us
qx42wOus8_Q
qx_g88kQek8
qyVVM0-_lF8
r0IWfxM8w8s
r0cgD13ei4E
r1QthkJVqDI
rD5AvBA11e0
rEPdW8WH2Do
rFB5oKXZkjc
rFOK7f6QTyQ
rJCwUwziRvY
rK6uiTURLfA
rMHPH96Z3ic
rPUEbTxLpas
rQBIBjbpzoQ
rSISa8sKqAI
rT33ciKcJ20
rVKUD1KVqME
rYViiMCaFjA
r_ehr58MMGU
rbMLKw6fU1I
rd1gpjkjcfc
rdmZwfXk2G0
rgHTmsGl49E
rqqeRL8qS-4
rr9T06iU16U
rsqZYNK3nnU
rwA8VT1wW-s
rwXMzjzEU7Y
s0oeeXjyHiw
s3ZKcOVaS3A
sC-Zyz4D9pQ
sCnV4nOJ2zU
sMFgCSwAOzs
sQOAtztz8fc
sR2lbXlIJ3c
sVavyvMoe8o
sfRQFy1JIPc
siNAv-w7RzM
skJ_-iVl3ow
smpIaiLiVg0
sn_puUVJAYw
sq6wPdvJZQc
ssSecquxZ0U
stcHGVnKpvA
stynTirw8JI
swcJzacZkWU
t2Yn2DXi9Q8
t33pow_AK4E
t4UgUTyP6qQ
tBPD_do0Oig
tBVlI0yOpSA
tD5n8AUHNHg
tEiC2TFawPM
tHVKTAOI4DU
tI1UBoWc7gw
tJdnSklDpHM
tKW3vKpPrlw
tLLzVw70nSs
tLcZF4nWm_c
tPSK7inXesA
tUmfTK1R8yk
tV3cm2v8t10
tVJJp1Z1n34
tW0GowO_MaM
tXaJnT5_tiM
tbWNXam34wI
tlhI2JOMGZM
tnFsqkaD3AY
tqwmKymwSyo
trTaGWJrQMU
tu-FlJ-Qhhk
tuiJWXOUqUQ
ty9nKYq-qqI
u66-mPow2TA
uBp18wJFPKk
uFkup5mVoFs
uHCe7Muy7MU
uTOevc_zzy4
uZy5g276JDk
ucuRbXfMA60
ugLbotr1RuQ
uhxeyH2jJ9c
ukKhq1y4SYE
upIExc4a27M
uuT_QyDD9AA
uz02qTi2pyc
v-bDYC9QAZY
v7ODeW4qaDg
vDaQOy7ML38
vEcuStqcFwE
vIsZ-noMvNM
vL24CIOS1VQ
vZI77nNHRUo
vdQVpAFnLng
veO5F2SL2-U
veaAtEYKooE
vgk4358L3Nw
vhrNlttddTg
vktLlm7qABc
vlIRNpOip70
vln9D81eO60
vuTc3JWw-vo
w4HqG0wW5E0
w4cwd68vMNg
w6GPX0InNgE
w6vHtjZKUss
w7dczqNdq-U
wAJUZRZBdlM
wDqA7veCWns
wEJ9Z8nbd80
wHeRGzjvGMI
wHu6YjPlXv4
wI21JyzgBYo
wIWxEz8mtGc
wKSOY1ej_U4
wLkP2ABShHQ
wNcAzrQbE7U
wPi2QcQVCuY
wS44eoXBrk4
wTvwO0HIrU0
wbrGcF8anjU
wcB-zvsRslY
wfLUoApVC-k
wiUduy3kwoo
wpi0AgkeMUI
wwnJ0QXjzb4
wwu5RK_yVTM
wyVpN8WoRy0
wykJ7nOWU8c
wzUd8YrFJCk
x0Lc5b8Flto
x8AvAFrWvsI
x8ecDTC-jRo
xBbgY7MYBUA
xDHJADECk7s
xHlv4o31FeA
xHuK-VxBW3k
xIxl2msHuKs
xJlLZHQEkdg
xKaXmiPzBrU
xP13QTOI9z4
xSGhhmFvtiE
xSSExfcD2cM
xWylGU3skCs
xXH5agV7skw
xbOp8zEt91U
xnwhYVE6_BM
xqlqR-NzOQg
xsrmu-_UR_A
y4X3OSd6HzY
y4iYBbmnVpc
y6E9bWRw7cg
y7rtZolEkyI
y97LQwI5-Gs
yGmQSXhmxi8
yIMW1C-yy8k
yLejxZ0JxEA
yPECVrBlQ-w
yPp0BZsy3Vs
yWNv97yq4Fc
ybH66U72xd0
ymsKaLvaIGg
ytQXasWZe5Q
yy6zSxjKrDA
z29lKdC_0xE
z6lq6j32-Bs
zF_1hVYGaJw
zP19uLs1Rvc
zPdVVe7OgqY
zRlm4o6he74
zRt0hs4VHMM
zSld4sqO0Ck
zVZROBj5ILw
zWEX2fxDseE
zX099yxeOdI
zgOIu8S6xVk
zhTbtqOJA08
zpDDpv52X5A
zqvptdztIl0
ztjiDyAftCM
zzbxOM4roCY
