-AO9gPYpjos
-BNeVUis-2k
-DGTqhBzjAY
-Zd7-atmEug
-c-uzM8h_vA
-fSYl7hFVA0
0KKYYHwlCEc
0gPs4CmFZOM
10CjSmXkoNY
18nFdiRHM9k
1C0eF10nXL0
1EKa_1iMJFk
1OhuekxdQDI
1X7iYStsOkg
1ehQzHH_JQ4
2B_3PVrbc7o
2TScw-m-LHs
2rsO_ENYJuI
2vXgT_ywZhM
2vdlzOCKmU0
3FRhMSUXMvc
3IRsTIHcuA8
3Tn4ocd6OZ8
3b66oazOeW4
3hyE0iLUy_Y
3rzBcL7vgqk
4Nb-8whjA8Y
4SUzRvtYN0k
4UCRMlQb9tY
4VwOz4pfA5o
4kbab--F2Ls
4onFoBIO0G0
4yzTwYOhjrg
56kmtqTSx30
5CGxLLiHO10
5UfBzBz6jdo
5frysztDr34
5hfbQ3u4sMY
5lW-asg24dM
6cDek6Hmpx0
6lW4sDO5g08
6n31NPUxNCA
6uk6K2-0DoI
6w7GGPWo8t0
6yCP14yIJ2o
77rpXgMLxLY
7O7liUZJcWE
7OgDt73c5Dk
7RxsIekVfnE
7Vkp_Nz5Je0
7fBlrA9ZKwM
7nuZKVl9DkY
7vHIM75jpRk
8C0rNzvZyMs
8eZGn76vMoA
9IZ66TQhEmg
9LaXZkQ1Epg
9MKoT-vfWZk
9hzPiMlKyhE
9ovRIq_ujSo
9udcHtvMj4s
A0IPEy2pIH0
AE8etTQfyK4
AI4Al4jYxNc
AQ0N-txZCuk
AW9MOOoAfew
AdVuedGqx0M
AjEQLqGs-RA
AlF519w6Vc4
Avoqe1TXHag
B0ijbsRl-vM
BQmeEWX2bvw
BVV42vWM98w
BVy-lnJ6GZw
BYAydPJ1eRA
BfG8nmddDa4
BkGqbXriWd8
C4Fxhb7K9O4
COAaY5riAdM
ChOhShU8y8o
ClUNbP3Y3T0
Cp3LoZmjLqQ
D2ayIeA4v6o
DCPutQB4Qf8
DMV-lH9x4fQ
DQYVzDlnrYA
DSGy2hUgYRc
DjRCLRnRd7w
Du9sayeufPQ
DumPT0dVFyM
EASxb2pIloQ
EJt6kieT1ls
EKVu0jCTWbo
ETwwpWIF_xo
ElTCiClHkPA
EnDOA640ojo
EnkguBagFiE
EtHTY9kkGYo
FPZngXeij2I
FUw3VJrAx-M
FerUmoZzlxg
FlsWqlqSij0
FnHPvMN5PLw
G3wk0NjQPdU
Geov-9TNSfY
Gt0Pfa6YFX8
Gyc0gKBqEKY
H0iKQVckBnY
HQxz4sIJOF8
H_uB8v0JrPQ
HbJCWlMg4gQ
Hx8_fWYpMBU
I0UxktEYto4
I2NrS_Szo4c
IDAJi557Des
IF2107MwcBo
IFZewEG3VVg
IGMLmtTOEbE
IKdjHqt68Rs
IQ9qFK1zimw
ITHV4N2npuE
Idbqz_YcGC0
Iks-pKz7bMY
IlG1cdgsl5g
IyyJ4UdSWS0
J2bqCKHV-3c
JJCZtkr-Z4k
JMynX5Q4A4Q
JNGXr2TqhPI
J_7RzMrJrrc
J_RLXslQtLo
JbajtSore8Y
Jd_2QWITEnQ
JeQlt1ER1fo
KC_t0xpsus0
KJNbmKEGt4k
KUZFHAg2TBA
KfY-EFNnBTs
Km1_kLYFC7U
KwWI1EJuYaM
KxUq7DRsScM
L7H6xQCS9IE
L7vhh1cfBO8
LDWrIEpHSYY
LLk2q6PPr6A
LPMvBTzr7-Q
LPYCGxeihpY
L_KG5YgvqIg
L_nlo_7HsXU
LngOPo2piOI
M8QnW_LySs0
MGm-sgXYtOA
MKkyGb-LjTs
MMHcyZnI1Ug
MSTUuwL42XA
MYLKu04ISAY
MZA1vLCE0ss
MdZH9BvG6dA
MtYwhKNvyx0
NAD14ZjYJm8
NGcSu_o0GiQ
NNJ15tqkWkU
NT0Drn_ElPQ
NTewVeSA1O0
NVFGNwltIFE
NVTSlxkjxUs
NbMbXwZZJ3U
NtLqMoNvMPU
O2mvl7QZ2Ls
O6bAvSIovcI
OASbyMKR3v8
OAk04fN9X9A
OF53q72Yv8w
OIFNWXJGmJk
OWZU0i3gSmM
OX-g6Q312No
Oa9mwiwAcYM
OiQZ8nBzMf8
OlPsQJHWEDA
OoJEJX_AFGE
P8Ixt02NbvA
P9CPbivT0Ko
PEG5KWvMRI0
PS2-BMjzT-Q
P_aa8UKuvNY
PmWSJicX0Q8
PylbPSvZ9bY
QK5U_iB-wcU
QV4OHroRZo8
QaKzlIvHEHE
Qh5nI3SryMA
Qiht1UDYui4
QnM-OAeKGhk
QoA0nE9f3p4
R0Bevyh1tK0
RGPcrAmvTIw
RK2gCUvTYAs
RLeKvkngEiQ
RSyYrOSl2RQ
RaYp9zyCvhU
RgXKkuf6qDM
RkAAeVBLfl8
RqdMi52DOaU
Rz3GvR7hQ0w
SHyitReTiBs
SXQHQgAmX5Q
Sl8u_2ANnKU
So5KCQr7Fv0
TA7Ji62_AdU
TPNsmGC_Wek
TSHeitD0-Eo
TysXywx5RHY
UHIpLsq24eU
UZPxMhzjXbM
UfOPic8oqWA
Ujz7pV9_bWc
UmA978QBzLU
UnXWINDpcyA
Uuu24_HH_J4
UuurXyZxKZc
UwYVlvHwCMc
V9EIyDlOFIw
Vdyn3MwYjXI
VuC8Y05LIE4
W1AvDpc0it4
W3CRw0GTsB0
W4Z3gtUgPJ0
WMtSy5ElJCM
WND01pGNzjw
WdZtPEK0TzI
WucZcIVUMlE
WyVS-LJXjP8
X0ZETK5MR8o
XACXR93RsdI
XGD8iQ9PcDQ
XZ-VIn8f9Rc
XZqfZPb2WSU
XbJwJQN9PY4
YAoGdvfEjTo
YToqgLYkGw0
YlLQ4GZsBkQ
Yo6iTjm0jfE
Yxinsa1bwCU
Z38QeQosu7o
Z70Gne-8bps
ZNtqh2A59-g
ZO-wUJo9tmg
ZTa932KlrAM
ZX7CIllQvuE
ZYYQYopMweQ
Zn6RmrNLwF8
Ztjms5pZfZQ
ZuaFaAmYFVg
ZwIvneM4cIA
_ARnKSPN8m8
_AhoRQ1DbEM
_E0Ow0AbMaM
_Fx0cw9thmk
_G0IPiacA8M
_YMjwUaMTho
__TNQ52NYtk
_cM0PT2Huvw
_dkjHxbPvLo
_fWfFgp3CbQ
_npa62tLBfY
_vbyik-E6HI
_y_yWgA-ftU
aJv2vX4jVPQ
aQwUMy31NbQ
aX-GUmEMCRs
aatd5rT6HLY
ab9oTmFGBZo
adh7MKTzdc0
akYLQak-cFs
b1YrfKBK9tw
b8q-8Bk1zMg
bG4eTQORnno
bGehuaqukQI
bW8to82AK4Q
bntps2eMsjs
bo-04n0MmB8
bwy-6Esxjs8
c6Gqt7MpwNU
cEg3HIP_Xok
cGan5d0HytE
cUXAUpQmUIs
cVMlceEm_xA
csbIog4RlDM
d5BZfRpa9fE
d7wcM3edERg
dAbUOnSb-JU
dJ5JThEENBI
dX4nwSMJWdA
dlSEeiZtqIY
doa6XjYTHD4
dr_Mf7jhGl0
dtUeAdImS5E
dz7VtZj3L1A
e5MGrdrCfek
eKVrftZr8X0
eVYniL_iKbE
eWynySuyAcI
ejm2D6vjGt8
f6EC3OvRmVo
fHvDiai7dJo
fT6zb3mZWTQ
fUg8cY34oTI
fUlw3dAJlJU
fW72jQp1N-M
fWUuTU_g7Kc
fhUU1NAPuTQ
fwloWM7_iK0
g3tt-_9BkBE
gGSN_BCs_dY
gHMF8RagEWg
gJZoaXu7huE
gJpE-eq6ukY
gasDq2KL7vo
gbZ0CDzI5Xg
gdq5a_nD8gc
gqoG9KrPPvs
gw0oS3SRR2I
h8kBB9wDBC8
hEy-Pc0J-Yg
hK5sYoIv9kE
hNLJbQeUCQ4
hg_xQFvCwU0
hniM9dn8puw
hwQ2c05smeY
hxcaXeJMXds
i3U0bAQu99A
i4TkDdvjtQE
iJnbg2rpHm0
iM-mUKSGH8I
irftOLrlpyU
j9Pd55P40cY
jIMQHaTxhFE
jaUn2bF15Lg
jiKt-cqIHW8
jlfRUa-RNvo
jum9Ho1-l_s
jvxcs_c-B8U
k1rg2f7GuPQ
kS1CsBuNaPk
kTsYhEaCxhM
kaHwf3PCHjA
kmnVHg5gfm4
kpw2AFWa01E
ktzlp5uecs0
ku_XUZqiScE
kw3-M3c8xN0
kxsOZbuym8U
l5IoSC7Zb8o
l9N-I3BLr34
lDFRgRgJo3U
lPCXcqywmVw
lmuqqsh6DOQ
lu2v4Vz-qo8
m3bEIlSL_Sk
mBPA_1H7xSo
mBbRRds7IDg
mFqCpcgkk_4
mcHlj4HVnS8
mg0MX85C6FI
my5gCjt3-8o
n64fX97Yr_E
nHQ74siVmTk
nKWdNLawXtc
nR8Q67_j6t0
nV9Pk12K-Gk
n__21FDsW-k
n_niLoMT9iA
ndmAY28QYXM
nid-OQ9uWcc
no3VVbfhZPc
o-wx-5NTx3g
o9HGWlTNaOQ
oHiyXg1TxFM
oVqYpXfFQdY
oW95LmbObs0
omIJBA7iyF4
ooKmCbojC_Q
osXQu9-8tU8
otslWEgyaWU
p2NO0ZuSKT0
p2wIEHbfr24
pBOygG0JJos
pM5PoIGKcao
pSgNEaGKCPk
pXReVQgcecc
qA3v-TDcfD8
qF6g2O7uAFY
qF8sd8-NAWM
qHynTygk9Hs
qOJtoGVR6_E
qQ-yT-r6kuQ
qYONsi_uVh4
r2TSWn0KsR8
rPMnEUPlz6Y
rR3ezrs6lv0
rrGW0MNs7Mk
s9IXkMuKOmQ
sJ3XU_g5UHE
sdwSX5TVwR0
sqtAqu1Ytno
ssZJ_bjGHrE
suOHiefq-dg
svD8z6_mXlw
swtFyMZYHZE
t7vNp5kmbHE
tB-dy6mlpRU
tZ9gdeg-z3E
tcNLyvsI9oQ
tfNbngeDbmU
tkJl8nTTNLE
u0UA_4uLEfI
u2IzJBycdmY
u5n9-DHRz84
u6jEeAFk8Xk
u9lLyh6HTUA
u9sbbjRYFGk
uEowytRfbw4
uGpU2IKL96o
uUHwqNFX0R8
u_kGL_BQ06g
udRDlG-P1cA
uh15XS5ADf0
uhbWjJg3gz8
ukHwjBy4Z40
uuLSfZBaUNM
uvLmcZwwhrc
uwzYudqnH3c
vAJ7Au2gf-I
vCVbRAGc4kk
vJf53GegykA
vhCaFtaeib8
vlW7787cl8E
vnQ9PM02tH0
w78VVpstnAk
wAvrU10FFBU
wGQJc35Rs5g
wS4wgzWfk-Q
wWU3eKJclOM
wWX3JrZtzhM
wn9_B4KPLiA
x0NQj0bWuvE
x8otttZ6rEc
xKSuUKAKy6w
xhIwf2ULJEc
xiZWvnHVCt4
xjjpe5b1p_Y
xmtSxcFG2Rg
xrDVgZm1TKU
xt7Djsadu10
xucgFua3_Co
y6WN1XhOrmc
yI4DSRx9FH0
yIeYMEszafM
yiqFagiuxuI
yxgLi8JciY8
z87t3DxxgWs
z9rWeaCCTsI
zOHM57g419g
zOaHZWUVUjg
zRh4699OzS0
zX6zynJJI1w
zcP-CSkFj_E
zrVSM0JwXk0
