2PoGX5NC-m8
2YrtNf0Y17g
2f4x2VU7NoQ
68ANa4YBn3A
7PYXnsa1PNI
8MAwWbIXL1I
BbvlFeRduzA
ClQuI8ds_dg
DbCoJQTPgsE
EA93tg-wXK4
EcBak2ndnRU
F2YGxdFVai8
FMXS8fKT9QY
GEOr-j7o6n4
GFdmihEceIk
Gi62CFJ6f9E
IuvOtVaI6qY
P6WzjQaG9iM
PfNYbH5QMOI
QY0WgGCG6zQ
R-IIi-LZZaw
RT3z15EXQQI
S7Fu-v490-c
SxCOUoRY69A
UbXeskHuAA0
VIvt4w5wm5o
Yph8ezNXicM
azcWbKx3vP4
biAlYbl4bwc
bquPMDnjSu4
cQyaSKK61sw
g46i7N-JgIQ
hE3Y2QUpKl0
ifijIbP3nBM
j3IqFytMo20
jjOf6OkLg3I
lAEm6__rLFQ
mR5DZro7ejg
mtT0zYDwJAM
nRRcf30hmNs
neUaSTSKFZc
oC8DzpQAzT4
q4-I6U15iCA
t0JUXLdP_ig
teBlfBocWGE
tpDWxhWDO0I
tzwZYpcu-g4
vcYqnvE64OQ
w-RXf6yuIS0
wNgAz3HPobQ
weX_HBl4GhQ
yZvBPuUX2XM
zHzeTn-Y-4I
