-07hGSvcDJw
-0_s_f7DqmA
-0gN9kmuOJU
-2RVw2_QyxQ
-3ZBYQeI7OY
-3ugH-MluZQ
-492TkbO8L4
-4LbMB4PP8E
-5AhdA6x7T8
-7P3bRkDM7Y
-7Tc0oafIi4
-8H3VuPU5V0
-9mib2FjTnM
-A1zZVYsrJo
-BaZ55lOkKI
-BeFTPOew9o
-CNLVrjNV58
-DIplarrw_Y
-FVHpUw085w
-Fw1L3gj1kE
-GOmCSMpQNI
-IFuClcDz7I
-LSPxYD2PUE
-NYN1YTTdbI
-NsJbIX1MUE
-QTNqhuFsmI
-RBlAryD0sY
-Rq4HXx2CCQ
-Rr-hD5MxSc
-WEFr1dwqys
-XoOdUjpzG4
-YbAlUEyMpo
-ZFiv_zGMF8
-ZVS-bFOmuk
-_7vZSb0ciQ
-aATNQpswpg
-aFYaN8TJ2Y
-asP_ZuELmE
-bBg9r8a5JU
-cH8WaUSECA
-cgVcM4sdcg
-d6NTGFve4Q
-eCwdnypBV0
-f9Wj-vp8E8
-fbztYNE52Q
-fs_bReQDy0
-g-WsvJsdIQ
-gkd9EWpzNM
-hb-mj5Y3x0
-iLSy4yXtV4
-iQxHUYjD1k
-jkqqpMb5wY
-lLSFA-smNA
-oWJ0vWQyfE
-qWil3ur0Ig
-v35LfGtzHk
-wREyJKttqQ
-wxZdB9mPuE
-xcqnDytqFU
-z7UEq74lI4
-zfNxTHQGAs
0-NAdImSsTo
00hLW1nBq5Q
03eMfSV0yEk
044hSj004lQ
049NnoR1LGE
04sB5OvgfhY
04wqFxooGHE
05tnmWajLR4
08luagTWxto
09JqE4jUAvU
0AiDSTCxGnw
0Fa5D3__t5g
0FnP-iAiVfY
0FqedYNMPVg
0GkyWrCskNY
0GuURR9Y8B8
0IikR1g_zsA
0J8iTGkRjAw
0K3vN3Li-GY
0KMCe3Jx2XU
0LGy324E1Y8
0LMCMQ02r5Y
0LvL8CJ4_N8
0MXdW3ore9E
0Oqns-q53mU
0RUWVUBNjog
0SNcKK_hqjY
0VjSF8WiXN8
0VmxOrglUiw
0W-rYki7kz0
0ZTkbWuXFG4
0_OePK8kQMA
0_Ufp2aWhRA
0a1h2gw-9T8
0aH5YvP9ioE
0aOpxpqUkWg
0agNZlqvJUs
0avGcGFEcPQ
0c3wsCq3lho
0caREtu77xk
0fqm85Dc4EE
0g9qZUzPH9c
0iDS29H3XmM
0itMM2q7onM
0lnhxU01B_4
0mkR38rjEwo
0nzZls29mGI
0oBK6BHsVms
0pIdVQ6U4ek
0pWqTfnKbH8
0pa2-APXkiU
0q2PS-43_EQ
0qgW-gKeOS0
0qoZTToZoRs
0qsEEBbNGB8
0saFg21rbY8
0un1OeyXxRU
0vXM1iZ6lDA
0wYoo3HRFvU
0xEzgGu23eA
0xx33WARaWA
0ymsKVMOdGg
1-1I66GX2wY
10pID_r_FqQ
13Y4QR_-Upc
15nuJdAUW0s
16Q2VqM0-mc
18FTAcQVQso
18zYSUq3gY8
1CIQYp0zwU4
1EkPFUmkdzo
1FH-heexTPE
1FV_sn8cZwg
1FuQtg8IjA4
1GOVVvfXP70
1Ixse575p70
1Jf02GTkveA
1KW4seYuxrI
1KlHfiBmnBg
1LyYIF6f_p4
1M8E4b7JbPE
1MIr_bAzVDM
1Mf0oFRxArk
1MsQKtWh-C4
1Nt0HVMv3b8
1PWRp8dQCEQ
1Phbj4TCIeI
1SEPs-l14cU
1SVJJRMQB9E
1SXtnoOy_Ec
1TCBa-en-fw
1Th3LR0IkN0
1VBpb6jRxBc
1YBrPjaRR8A
1YIcsfEzgMs
1Z4pfhxrz94
1a1g0RWy2H4
1a5ZUtcX57k
1b17sDsjAfY
1b6Tz8ZnMrw
1bjNwYJxpS0
1dP8bHGM5LU
1drGZPL6Teg
1gC0aRFLyAc
1gMeVnuuh1U
1h7xk2DtbOo
1hxxhi3FR94
1i8SYnppXSg
1kUZsSBs7fw
1l7frbLWSZg
1luv3WpSmwM
1mXEN2bz8pc
1n-Cvq_2c20
1n6yLPNj_Pk
1nPwb1iujkk
1oVXLOXZcp8
1p5ymkP5dA0
1pyNzeue6zk
1rw7di03UKI
1sUeG4Sr2MY
1wtuc5jeYBM
1xC_P9JKhhY
1xbKGW2c_wk
1zKOHngxXgE
20bcUsEPPTI
20mAEoDbSlM
222GUVQL4P0
22_xD2kh8-E
25ulTgi9YKs
26n3eBWVdQ8
272uiQwbfPY
29njm4pRMn0
2AUUcofxrcE
2B1b1m24f-E
2B_g9nejAaI
2CZTKMGJzEY
2DTQas93GPE
2DwMbkS4cec
2IwoYpA03vk
2KPe1SKdxDI
2KfFD0o67T4
2L6cWUF6Pr4
2NIirzuOB-Y
2NZ-3gCGiL0
2O5XlDuJeVw
2Sf3bDGm3wc
2SsDrXKazaA
2TNhQBcV-HE
2U_1IA432nY
2VlWSEr33MM
2WxcHxN9nQs
2Z9eCfrD-nM
2ZJLPlOc3rs
2ae7mw0Tjjw
2bNWpx2V54E
2bNrTJ5_7co
2bflcK6vYRs
2fixq7GpsOk
2gVeIYTJMAs
2hCzQ_Rk9rI
2iFf9V_GQpw
2jGo_-XihEw
2lor0bn4jig
2mzBgoCbpJM
2naxR4UzuL4
2oSUpAFgXtk
2oepWykxzVs
2onP98uKRxU
2pG6GCZRILY
2pg7JQs1GQQ
2q_NQD-aU78
2rmcNM8rLhI
2rtAqiYAH8k
2sXsUKnUqro
2uIR70V5Zqo
2w-lfrLripM
2yOqbJJt7q4
2zDcV7ofh2c
2z_-Mjnctsk
3-BUZsiu5_Y
30pa6J3dzj4
30zK694hy_M
31L5JqDJptU
32TVlYpq4AI
33sw2Mt8a6M
37YLHQUpWrI
37rzaSQbhrE
39riQrfBOr8
3CUQv2AVOwg
3CeJsLqjDSo
3ETgUXY8iho
3E_sF_2F_2M
3FNWd0HjLzY
3HAVAcz8Jm0
3I1GPUWXhs0
3IxoWi8DYTs
3LAVhDOa6Yc
3LIcK58xwFU
3LQczIDqhfM
3LY_UfsN_Bo
3LoMTP2di4w
3MDx9Yv5SgI
3NcIyslqy3E
3NvzqZPdEGQ
3QERrRicf-4
3QEetMDTaZM
3QMH5_MeCsg
3QTmHXsHxvM
3QxwOX2gKfs
3RDSUco06Qk
3SHgWrEtbSQ
3Sh8Z6CEW8E
3SzZnyyWpIA
3T6IJB9UjUk
3TJWclfJMNA
3U9axmzhKs4
3UBFV9SfBZA
3V5rVj4KwWk
3WD82x1YBlg
3WVT4-X30j4
3_nz1RRSoYI
3btHYIyH764
3e8Nw7hC1wY
3eIXuNhW9HE
3fhEWK_ZQGg
3fn3ayYjyPA
3fuPTTPivo4
3g6imkRr2Ws
3gQ68TzzTXs
3g_4kKzOVAw
3jFlhybJEW0
3lXVfm25aic
3mOZNmVdKy8
3ouQH7m-8Po
3qyGhuXOQg0
3r9_wxKpEGA
3sxPk-0x_Cs
3tk8FckFQN8
3uIolvqowHs
3vXb-5tVnnE
3veccmMIw2w
3wWxsZJqyJA
3xwjqqxRnj8
3yLvs5x7rQ4
3yQ--LPgtOY
3ywCJjzAjuI
40ThnEQNw8w
40dNHeaZowk
41MzRWuzOYU
42C_a1xmtQQ
432VtltHVaA
43BEeib2Sng
43hPlHBQUtA
44J7vTQDVlQ
45TwZiGQn8o
49TYI56VuCY
4BHwDfeGp-U
4DF35t5u71Q
4EzzT19CVLQ
4GujRJ4-6Ek
4I2-e0EE6GQ
4INpaLppj7Q
4J-Zmdvv-YY
4JAlrd42h9I
4MdspBoCATs
4NXJQo0iBcs
4NnCL_zpna0
4OrQnNJYtJg
4PRtIuPGMh0
4RPjMjw68UQ
4RmHdDDQZxQ
4RrCa6_77PE
4SLsID0P8AI
4SNjAcQO-xc
4TXojAdSzdc
4Un5D2Hr6W8
4WI-9blxXGg
4XjBgcG-4t8
4_G0vWE7OkY
4_ighjI9cOQ
4bRyo_MnwT8
4b_8Or7m4MQ
4dH8jqK4qz4
4fxQL5evIfg
4gItrnnQf3A
4gyib2SeJmQ
4i6AX0gHRCw
4lLD4k3upes
4lYnVKWMtSI
4otQwJQhFCg
4r66tEawmUM
4sV9N4qTOYY
4vJ3uy_okhU
4wEen18HMbU
4wMg32rJ9AQ
4yAWe67yYik
4yEfcXRqtL4
50wgTcCCcRE
51vnCWXXLGc
53IhS5LJ-gg
54Yf-9_s5S4
56yZ6exdfW0
58-A0uUGqso
58TpnIysQzo
58xxuJLkyJw
5A7CNhQ87wc
5Ao5hTBwKfU
5AtJdurWjaQ
5C9cTUIVy5s
5DN8hzpFpA0
5EkHOpriTYc
5H-3lAy4IT0
5IxHlUePq1M
5MpBpm5toPA
5NAvU5L2H8A
5NNic8LScI8
5Nng1SWWmwk
5OLHEHiE26U
5Ozmj9kPHss
5P8CSC0w6Is
5Pt_1oo2OMk
5Qumxie5k-Y
5WRfUsB66xg
5ZK1sHoynx4
5b8bDR8HOvU
5bFY6yNOLyY
5d8OIACng4w
5dfu8OU6deE
5eOSDHh6sfo
5hYk-W-szaA
5i5jsyFp9Jc
5iELWZ2_rXc
5j-P_tHGSKw
5jpVW8MWfUM
5lJ0QLAlqyE
5mC6sTtOeko
5mXVYR4wbOU
5oBu1tte6-g
5rxBJGFh4ZQ
5uGN0fV8Ux0
5usp_mKUNNg
5xBKmQ15HlE
5y-4GQM2bws
5yZgEaBMJ5g
5z_w60TFSjA
5zkUfRUSbbw
6-oubZNnOp0
60EA6XctVSo
63VwMc39W2E
64uHuGHDZ-I
65NdXdGuhNA
65uTBtJGYss
66ENtXrNP2w
67b5VcJCPTY
688C_anO9VY
69TK-VSUaek
69f0-u8iNX0
6ALb-MCEzY0
6Aos9rYULeA
6BgS9fIH-LI
6DRcR38FK0M
6EJ9jTI5DdM
6F44kwaM3w8
6GqAdx_dUYQ
6HU97OpNb_Q
6IBDe-f_PCc
6IQb2b-nyMw
6JE5YogXGs4
6JzLhBtrtZg
6K9lm2XMyDY
6Kg7Z9fbU2A
6L4yA-mGtAI
6L9Ak-jLfPU
6LCmGU6WXP0
6M7GCtQi_YY
6NFv0dwgQC4
6Nl5TmTS25k
6QQ5sw-SgNw
6SUm5HgRbo4
6SuFi9dijPI
6TKhaW8HFTs
6WbK94fXSss
6WslYQIYqCI
6Xdeg-PZOMg
6ZGmJklWhso
6_YGDpdD-rg
6_qqtRHkaRY
6aj8UKCoYUs
6cBtwcrRKUQ
6dJD4DgqUqg
6dKuFmztegk
6dMtuxZ2uQk
6dh6NGk6-ck
6eTEliqupAQ
6fDlJT1rCP0
6h6o8bL-D04
6hFk0MpFUy8
6hQERROxJIA
6i7uTfRWYr4
6iICvilI2iI
6lJCL7qSZVY
6lc0MlP0RFk
6pSZy-zz3B0
6q0xVtIxnMg
6rN7l0uFrS8
6sGdqQqYFT8
6uGhN2B0Oag
6uNy-oRxelQ
6vhuF0KEoD0
6woj5LXtGAM
6yvzdZT4-qc
7-PMguN0fug
74kbc19r8QA
76D5W685X3Q
76wa26vft1o
77cbtm7Akag
78y0_NJX2p0
795MKetAph8
79hgEzlXNSg
79tBnO3tCCc
7B2S8X7rabo
7D-Z2R6wOoU
7DaZ-JHiLE4
7EYY0JCuAlY
7FiIXMV10GA
7HcgSgSfzUY
7Hd5VH8tNm4
7IRZDlqNbH0
7KFTpb66Stw
7KXgJtIDH8A
7LaPq3LFvkc
7N_oy1KPdGg
7OGAiz5p_L4
7Os546xj_Nk
7RnposC955A
7RyJB2y-4dk
7SAPnlZWcHA
7SeT_Np4fIg
7UqAo9Tgzns
7YOaprPDgXM
7YjOOjy_-Ik
7cHesisKeVo
7cQDWoELoqs
7cwGhL6DY18
7cxZODq129E
7hJGuzguxvQ
7hPMsHzLwes
7j0-rNAHDSY
7jLy8u_bypU
7kKparD85tE
7l6aHFFvWtk
7lAQRE6gFeY
7mEOtVXveec
7mxMBNLnYME
7nkExtqp8yA
7nuDXSFEO2k
7oJNIQ8w5qM
7p8RY2i-i5c
7riLMwk1xyA
7tA4VL6c0eg
7tSHqa0vraU
7tr4_mSAyAU
7uju9dslYyg
7uqvbJybpfk
7usFwliGaSY
7vJCGdjbFN8
7w0tfvo54Tc
7wg7ywDPMjk
7wo-9B_1dQo
7x33uscH71w
7xUZoisAt-8
7y8yDAeZAuE
7yCBeZTVG2M
7yN0TEuA938
7ynJj21O1tA
7zK-PkJaeNs
8-26gheSKPs
8-842E2QU4g
8-N1IxGvK2Y
81QOqffxCiw
82bH2ljWaM8
83mXnZVgfUg
84ZnRhM_IDY
84nSyP5yPow
857zDiFMYJw
85Gz1oVb-pM
85R8TsTTrEg
86Kh3RvR9hE
87VHy1dHs_U
87W9Fs7nhIA
88heszoTyDc
88vgpgphGWg
89E1e7lR0VA
8BZx6uxP0Pc
8FooODtNLbg
8GCWCQKQVJU
8HpzpiECQPI
8KDfuRhdCPs
8KTu7KNRWHI
8KYqy42DpDY
8KyzmllwIQk
8L9E5UVjMxs
8LTJFNvkoSw
8Lom3VEhiKw
8NVqK0GHFaY
8OVWry5O0eM
8QUEU0ftNHw
8QeXCaSteKY
8Qt_0cVl7uw
8Qv7x2y4Q0s
8RX34V3EaEs
8T9UhTQ522o
8TCn_p678uE
8TNQ3F3Z2OM
8VPiYSw1ZjM
8WNbDr9oFS0
8W_D1eie7VA
8at-6c64A20
8cmSwztF-V0
8dRjdO3SWCM
8dspgqujwX0
8eM9feTcOnM
8fAj6EUvIDs
8g0_qfHXZZI
8g32mujop6I
8hjcvBUxSHo
8i4ozZFvff4
8ieeJ7Kc-CM
8jIak9c7Djs
8kkRNCUxNmA
8lxY4ey2Agw
8pBeHnO_YMc
8phqQEVdmog
8q7Jan-u_L8
8u8_gJfpHjU
8uMWZz5p1ro
8urwmLapkMg
8vlEKrN_Mw8
91NTEOzong4
92aE_4T4OIY
933qPETFafU
934oWpjFV-E
93p0K0pG608
9486vhG6NeU
94tw4mMDMFk
975qJrHtHEI
9Aev-Asmq6k
9BGYF5Kq_bg
9DeKqZ97XeA
9FJoDhoMe98
9GAFz7qt5RE
9GmmG1xix_o
9HQrbrtcTJU
9Ju4jKhuhbQ
9NK77D8F4kU
9R8ktUgzaQg
9St3OWYAqAQ
9UV35OLO6yE
9UXCV2SdEnI
9VtoJmJOvhA
9W1Lwpp-xf0
9XVaO5jwLIk
9Zc4eJu1sh8
9Zg5HFI3mFs
9a23LuhieU4
9cDlfY5syJo
9cJZ1s4xjCk
9eERimsi9cc
9fx499KkZto
9j3U6VG407c
9kwwlYcfBLI
9mA-UqFPLNQ
9nHsoUz2iW0
9o97K_x9cXc
9p1JKTEWInM
9pPv8BmgSbQ
9plMfZhVgXA
9qaSckqcgw8
9quJ8iZbHY8
9rF0JppXCCQ
9s0icaqYYz0
9tiLDtvFrKU
9v7bIejlxwo
9vDMpR2d0lE
9wpe8-09N6E
9yRoqpomMgY
9yuhDu27EnQ
A0SDZtieEdo
A4q89-gqb48
A7bcr4KBiGA
A8ppOFLpSYM
A9H8B1qs1gg
ABLILf01J8o
ABvzik1ivYY
ACyjOTGbisc
ADN8E01gPm4
ADeqCR7SJdY
AEckxqZ4jw8
AEpoVlLU-zA
AFVp0gWQ9a8
AFX3F4LBu7k
AGBowHQ0gU8
AGrjO3i48p8
AJ2d93kVdXg
AJ9iSl8Yprk
AK8HVoU_V4M
AMz-ABu8I2s
AO9feXwcHmw
AODrZBSueRs
AOYOZ_UafbE
APdNoozDe_g
AQTxJwA5FEA
AS-BP8YbIAo
AWwmnTGXIWA
AX14Lt1Z8e4
AX4tJfEi87Y
AXnDBN_Gc0Q
AYSHs0SzZkQ
AYnUIgAoP98
AZ9LvmzvNZo
AaHGxBes5uU
AaM-fyLB3gk
AaS16XdBdps
AcF7tXfnrRk
AdiwIMRwPSk
AduW4spYQPs
AeSUxqqDGLw
AfN02fD6Yg0
Ag5qeCzEZYA
Ai3lU404ySI
Ai9fUc2gB6U
AiruNRz-3lQ
AjoQ6hsVXYo
AkGiU5YQRcc
Aoc9y5mDGWM
AqMbfkEbMdA
AsJxp-lhsYs
At46a0fCbB4
AtItayItxb8
AtTqpp9XYC0
Auk0PzRewgI
AvCL4NMr5Jk
AvYtWWNJ1ok
Aw2SUgLtxW8
AwGqNVmuYIY
AwN5vsr-4DM
B1676o_AGqc
B1HknS0JAZc
B1Y16K0sKkA
B1bGKlE15k4
B1dwMiQHzkQ
B4BxNTnENGU
B5UPe6GvuDs
B6qUh1L9DEQ
BA_MugknKoo
BBrFYCIyrNY
BFGIGu6xwZo
BFH-Qiosioc
BGjkuHrgIFA
BH4D1iBXOdw
BH6s7i_sc3I
BHCJ9VQz9cU
BHqEHV2MMT8
BJhDTzF-8jU
BLYT5X7rt-A
BMDDC4LdHqw
BOKak19NRcc
BOlxlNs_WHI
BQDXfbhJxC4
BQwdrtwvMIM
BRmT4pnzD9I
BS9oyjL0gxM
BXPF73Xba58
BXS5Mk96FkE
BXSfKgFtmHE
BYJKbPpfIPY
BYQm8cy1tVw
BZa_4pvvXZ0
BZuq0-XtiSo
BbHnzS3vYbU
Bf7TdqvnrBc
Bf7uX4PfeZ4
BfcYNpderU0
Bgs2Vrr6OAY
BhT67geFjtw
BnPeGmtjkNo
BnUZIs2v0W4
BoNq6nwMiQw
BrctTuDS3v4
BrhLZV4bGlI
BvfE2JLVAOs
Bx-lgipCa6Q
Bz-V5wms0pk
BziEbsci4F0
C-SQbOGp1SE
C1FTP_2Zd_c
C2I-ayQEvB0
C6RPEcUdH4k
C8EIvYVgY0E
C8_OCmDF4YY
CAjcKs4Ewuw
CCAUeQHcvYQ
CEQ4CK177sM
CEdMUlZxkPM
CErPCehtQ94
CFrdBAQkiig
CHgLeyOs_rE
CHmnT5gfBYU
CI7GP50v7vk
CIZvMlDyS9M
CKNLGn-OXcI
CL2zORmSuB8
CN1duTQST1w
CQ2eSUvVU6E
CQU-AWslwZM
CVCvoxMjEMA
CVQiALqGggc
CXebmtn6OYk
CYS6Yn-GE_s
CYqwTXWQbvk
CZ1wgEH-U2g
Cb-2bJZ3cug
Cb1dUsC74JM
CbRkqqawcTo
Cc1UlXk-Cas
CcEM83t4T7Q
CdrLOJXQka8
CeJBdm5Q5rI
CetK4PO2eN4
Cg2Bsf_Qvg0
CgiTSpP3Z_Q
CgsEoMhbgTQ
ChCCys6MzxU
Chb3y804adM
ChdsnXjySJs
CiE7NRg3IBU
CiLvNmZoKRQ
CiNAYVO2ujY
CjFl7PDgC-U
CkF7HVyMx0w
Cn1k2ZxqXoc
CoKuMJgrGoQ
Cp20I__qdQM
CpFZnqL4T4c
Cppc9S-8Q3o
CprohVlhSSA
CpzLILRWl4s
Cs4V658-DKc
CtJ3ovdY8uo
Cusa0fXb7Pg
CxKvd8A1-Ms
CxgGITlrowA
CyZxdC9hxSk
D-RJ_A-VtsA
D10Fk4T6I6I
D2Ga2_zgi_E
D2ryFrVT0WM
D5QQvx-UKKc
D5qbCh-qZGw
D5xtOlfyyEQ
D6KbvakS7Lc
D6vHc-lGQBI
D94nYwMrAPY
D9HT1Feb-b4
D9KXWjUEGpY
D9aaoQIr9Ns
DAaemd4LS2g
DBn7EmPrSqk
DCZj1GVPIBo
DE4qVrOkEsY
DFWILs1r_yI
DG_qpNkor_o
DHhVC2fV9PU
DIBSbTn1loo
DJ4x9JT3bDw
DJda6tf5v00
DOEHfLpLO9w
DP9uUT3Kd-w
DQAYqr2fYMQ
DQajJoSCHSc
DQfGBsjPKWw
DR5QTzxx80Q
DRMwhq0kjbE
DRXVVIEyN5o
DRduk4_Gkoo
DRjMiZfuTyQ
DU4uAv3f4k0
DUySe33UNo8
DWC3FN7x_1I
DaLyNTpgpns
Dakdox0e0gU
DbDlVL-N_os
Dc2Nwv-2nI4
DcIhhaQNcd4
DcS2fUHYUyw
DchCK1vncAE
Dd05J-4LyB8
De4GVQO2roI
DeCfow6wkq0
DeF_tpOdcTQ
DeFt_wUslmg
Dfjp4ZUPC1c
DgOpjlaKkro
DgSAGWllPtI
Di9Z_DJcyEw
DiRp_L1_Eis
DiUufnpwJPU
Dk43z81T2EI
DlAgXQTxBRs
DmZpYamI8Ks
DnPH5aFPYg0
DoyJgm8NlDw
Dps9Cc28ZEs
DrDa8aDX8-M
Ds1bDI_W7aU
Du05lffVnUo
DugE4TYzBIw
Dxwzp6mdr08
E0a64IVyQwk
E4yuQi_MeuI
E5qbFtZ0C5k
E75bhEaoOug
E8uB2uiRf74
E9Hc_BC0sSQ
ECi3zqLOC4g
ECzsj5uzX2g
ED2pD3PlicQ
EFUZIxxF-2M
EIOkzdJW9cc
EJXFL1nVYiY
EJmjt9GGhA8
EMIrclu8Lco
ER8ol6tkBC0
ERzn9gy7fj0
ES1STzZwb5c
EUJN0cE5dY8
EVOxW1ENxP8
EWozFMgz-nc
EeZU63UzidY
EgA36D47qTc
Ej3g8ftLDbU
EjJ-pgvvGhM
El-I9SdgvyY
Emf40pUxN4I
Emo6aQnxbuQ
EnZRfCP_NLI
EnySpXXtstY
EpXtK-Erym8
ErykW1kBp40
Et-7l2PcCI8
Eu0_6osTN4U
EuUtHnsEHvY
EyRwdDRBs3Q
EyaFAw6nLlM
EzIavqJyhcE
F-gmOjYg6sA
F01Gf0yBNgI
F0ck542sa6s
F1HKvmEKo_w
F2MkdD1B77E
F4-ohstWj5w
F82Z9soV518
FADebwW5dAo
FBKAIcqdF9U
FCHwqJrocWU
FCR3V7yaW0A
FEQ0CANhXEs
FJ9EXyQOvB4
FKC3a7l0uSE
FKx8RcIzGxw
FLMCtCeG0TE
FM3YyMgMzws
FM788waxVys
FMfcrCH1DUY
FNoGIo4yjkM
FOFPE6x4W9U
FPDlRpDL2_w
FPZ1Jw9pVck
FPje0AnhIDY
FSugEcdbzl8
FXA93vhHdIM
FXKy5OeQEnI
FZ9GV1lpdyE
F_PjbuciFvY
FaDu8VZDBtg
FapBaaiRVbc
FaxA5w1oh48
Fb6BPbkv2Y8
Fcqfnanq-H8
Fe53Vv8G-UY
Fg9ZxkM-hOg
FgaL26GJ3HU
FhvOl_GEsbk
FjGTNmeqgOU
FjYk06tERyE
Fjcatic9Ga4
Fk4TjItDkxk
FlMmvy3H4Ak
Fl_CcbXfhO4
FmJNc3M-ViQ
FnPtAYXAvrc
Fnw7GO1E6e4
FoBGKTxgTEs
FoQ8G6J0IIM
Fp9Rs1n8pmI
Fq5PYvD5R5o
Fr5olWN-RQg
FsS8LuTyfRk
Ft0EFGlNKsc
FvtspcpeqdY
FwN2Qf34qGc
Fwc0j8P_DKs
FyyHgGJv6sE
Fz1JEU81-Js
FzJgbVvEsL4
FzWORo3BtiA
G-8_CS1Shw8
G1h_S7SEOvI
G2YyrJTC27M
G3x3vf4tKDA
G4oLwsIbUg0
G70WiAFmu4Q
G7YrY9UisY4
G8cgOXnnibo
G8e6OKxFF3k
G8ud0iI5qUo
G90rbZgQh88
GA-w-JVabKA
GAg0hrnKgPM
GAh7H_WYnLU
GBflinkp6K8
GBqvtTIdeYo
GCKEJpCWAn0
GDAxM53ZWg4
GFGFrJICW6k
GG93Cak7M8o
GILmnTxPqGg
GIQx0UFTjPA
GOf7yUi9xKg
GOgadVEuyIQ
GP7PtDsduKQ
GQ-iqd-PasM
GSOYiagBA3g
GSad7R9XSBc
GVkK4NOLyiA
GWkAwsRQ0mk
GY8RtkgjcdI
G_8ahxWbe8I
GboNk1bhxXE
Gc25k_jKwhY
GcBRgw_9TiU
GcGRwjlkQJ0
Gcot4xcf0EQ
Ge0WbBAkrf0
GhFAwBzVwMk
Ghs5zNkv4SU
Gi7CtoOfYqE
GizEY_zyCTA
GlMFAt0NpQo
GmfiVal1PaM
GnrplR_nLu4
Go7F_-vrxBw
GobowA_mmM4
GpVATnLEe3w
GpVta5QgkpA
GqK-KTzkTH0
Gqc-SQav3Cw
GsUQXoejhjs
GwIclvYIfho
GxnKLJ9ajAs
Gxnt1mrP0pY
GypgXL6L-ag
H-hQ5bLqxX8
H1OsHX-KstU
H21xlPZplc8
H3EFszv3Gxs
H4PQpk9-Ka8
H4gvDRA4A_0
H60if27Ecwo
H7OVcPIR5fk
H8N9uGBCp6E
H8rRbXn49G8
HAsviaQsia4
HBjFHwau3xA
HBr0RZz6emU
HCBTC6QQi18
HDpADeX8UQY
HE951MnHXkk
HEI2oF09L1U
HG4wJ7y5jvQ
HL3DqSnJ1J0
HLpsws9OB9Q
HLtVwV81hPs
HOhoy6_tKNo
HOmcnKhWdfA
HRUL0s7-3YA
HTtc1LEtUrg
HU_tQKQ6bo0
HUa1_jJ7f5I
HVnrmRCAwig
HWJiaXfud-A
HWhPeQIHofQ
HWisEBfGx_k
HZIlT5SiBes
H_Oc0M5iEeQ
Hbw4ViFoYss
HcctngKuPm4
He6h9_XNBt0
Hew4_j71r_g
Hf0tFXTqg4o
HfoacsUjfrQ
HfxuEDaYwkM
HhPl4dPYmMs
Hi3Yt_0dxz4
HjXJSFbpc9w
HjrqygBX4fg
Hm1dXnPh9qw
Hr185M35pl0
HrdsXPnxNGc
HrnmgpSSVC8
HtJ183e-1HQ
HtZOkpg_WSw
HtzVDvVYRaU
HviX715YLnc
I-eBn7drGRc
I3VWlRE6WyI
I4Y77iTh2XY
I5N3iSswHnQ
I6Ul7Q9hF6w
I6r9VZzj8mU
I7A_zvTwtgs
I7N78DYEIZA
I7lJghJQVEk
IAIs7QcDjQ4
IAPz1AA5uhU
IBb4L1xSMro
IEiPQqyezgw
IGBUcbBvF4A
IHn9SaXEjdQ
IIP8tWJm7gc
IIYQoojg5Kw
IIwe_60O68I
ILjVkGdTyEU
IQm4q90LhxU
IT4NrbugO2s
ITccCa-kLGI
IWXB242dKVk
IX4RkJgcLvw
IXUcpuE-twE
IY8BdqeUOUg
I_-mhU2pDwg
I_J6JPsC0yM
I_Rw0_NT5O0
I_nv5oN2XMs
IbTLDyXBk9Y
IdS3dauKdkQ
IeNWAIMxR8w
IeeXKlAHhjk
IfeNyioIQFg
Ihi_Xt_pGDQ
Ii8HUeXUi2Q
ImVodjQJcmc
In4mqwlNa1g
Inp3CjMBlyI
Io42hop-GVs
Io729C5zsMg
IphP-LQLDFw
IsKIOUiHrOs
IsOrqSnhc0o
IsYB-Qc5Bcc
IsnSYnXumBg
Iu8qfAVvKi0
IvZONIWnU9g
IvZaZqI-PNA
Iw3rsUIC3RU
IxNtfbUhjsg
IxT3PMlU0PY
IycO5n2jaC4
Iyhuhw2hOQo
J-bPJPTK04w
J-c-_QLCzc0
J-ms3tumfzI
J1BUMB1nmPw
J3-cpa_N0I0
J5NvYGVT5Dk
J5SfymsuoZ0
J7xkr73Yoxg
JBbPLfgKpb0
JBqQJ5LB-0c
JGR0lmIJE7I
JHIcEi1eM5E
JKoq1Yoi07o
JMnuAGBNJ1g
JMp1K9L4FpA
JMuZhzuxARE
JNB-DDR6gIc
JNh0Yb8oSHU
JPhWLeb8hvU
JQkRJgWbVvw
JR8_vnUXcGk
JRqD4et1mhw
JSKkmwtEKvA
JT-nxsnoE-Y
JTlddweqUkk
JVrSzk8NMjQ
JW23-MUZl5Y
JW56ZzGk10E
JXdgPzHeMVU
JXgOLPwM6Ck
JYJRSA79slQ
JYmi0mcnVQ4
J_gtorTKAjw
JacfGVSCRzQ
Jb4NukzDej4
JccYZIt3sn0
JdgRcLtSmFk
JeR_nZ_Rac4
Jf20YGtf9LA
JfcY5csRppo
JgxNcs9CTj8
JjT0Ske6EdI
Jjc3VUPV1l0
Jk-OU9amuF8
JoxkqSiQNEo
JqLq-L-Bxsc
JquZpoHyPiQ
JsjHyHcSNAo
JuLYgClRe-Q
JwXG6ZwjQ1A
Jy9KjsA85ug
JyAxyoQ_zkM
K0BuWZabWd0
K0Ccvhi2T7g
K0hp9tJDabA
K0ncFZltiac
K10SiGgSNmI
K13ARmpM-uo
K2LCJooqqFk
K4g-MO0BnPg
K5UrsXMsjKU
K5p7CovRnqE
K6_HD-RcKwE
K85Lt0YIuZM
K8yIKde9Bm4
K9MD8rMmaz8
KBN4JsVI-wc
KFOWoUdwsjo
KG3GKqVLpo8
KGp0UsLCabk
KIRaT9YVkj4
KIUMfy2gRyU
KIcqwvZs4jk
KJDtllFi1r0
KLPgcFjgp00
KNHv2LBht5A
KO0wHTF_deQ
KPjgYgjSqeA
KPpaSJRVeuQ
KQhieTFvArw
KQpYMUPvBWM
KQvKTzg_aIk
KTVcItwtS9Q
KTYILIaxttk
KVLnv_wpn4k
KVWPCzGaJK4
KVvXZzgVzkM
KWKaVi5_gHY
KZVNvSZfjAo
K_IXU6lNMdQ
K_RFQvl-qMI
KbGIfUBfONg
KdMMa7s98uo
KeGZ_i7lKXU
KhqslboBUug
KiKT3slu0CQ
Kl6u2pqiW6w
KlbzMTpnBc4
KldnVpImotw
KouFOw9a-f8
KpHjZ6JQ8_g
Kq7129BnWJs
KqoSaoeHGPQ
Ks_aHSTlb8A
KsdzlXMyeCo
KtMKcFLP4k8
KtOh1kf2wCM
KvowPRyWatE
KvrrGal0D6M
KwU-Z81OxPA
KygB16xXWK4
L1ikg_EYot0
L1tpNoa9T0Y
L42hMGTmLIo
L5qNEntuFHo
L6eP5jZS81U
L7iyh5QpuGQ
L8MSVXpg7HA
L8PFgtpP3Fs
L8T1TuMrpuQ
L9f36iGECiU
L9mRlAXYA7w
LBOXvXArmZU
LDLc-TcBXWQ
LDr8wgaOyys
LDs_hdLm-AI
LE7iZfQmd2k
LElgHO4pWr4
LFWR9_w6eZU
LGSYFXKm4Wk
LHjwZ0qVKMs
LHvVTunPYJ8
LI5mW8yJ4oU
LJ26aKp9rcE
LJJONV97p2o
LK45CZv94_k
LKudRIvOG7k
LPJhhXj6aQM
LPOFsCTOnqY
LPzfTPqAHis
LSI_Z62rYE0
LSZfgEDbMEs
LWsI0zuoM7c
LXcAYuAbixg
LXtK_8HeKL8
LZ0ZQxaM1PI
LZXqbJjQ9yM
L_AFKQonkZg
Lavibmw-dXE
Le4G0ikMiG8
LgRkwZxsjWA
Lgb7BsGEGJE
LibOBUVDfMA
LjLD4d5SVfg
Lk0vhaKdHI4
Llv_C9Cd0Yg
Lm4m6BLLC0o
LmbFsbFkRUU
Lmx0ImVTZc4
LpH17pzPVBY
LpSdJEk9kUI
LpfP8CkeaVY
LsfL3Qm7y2o
Lvi3O2HknCQ
LwYr2Rm8AgQ
Lxr1xYOM-H4
LxyUSuQotvk
LxzQZnUrnEw
LzvVKh7C3gs
M-4qtV8wnDY
M0cYd1ENDIU
M0z2xlX6jPA
M2Jx7H_Pyhk
M3VVxjrSFQ0
M4GmnJBM0dc
M5uBSmgYw3E
M6iRBdhbq1Y
M7Jgxq-HXME
M7pm5d3_SgI
M8wCBjVRuv4
M9-i_aXN9X4
MAvj78PpEB8
MBDy11ZPzfM
MBhFtYBePW4
MC3Fkf0jU80
MCdZs61FUXs
MDEYJdHcTQM
MEXv9ueeOZU
MF3HgD5210M
MFFpZGOeklk
MFQDfxDySLg
MFtqgqCzYFY
MHTa3aDczCk
MIIviWooLmc
MJ65zb7oBn8
MJB6YLLUIKM
MJHZGEYKW7A
MKL2qZ1Vfa4
MMznymhKLjc
MODrp6oTn3k
MPCKzO1Z-F8
MPF3CLPWLpk
MP_xJhqgWTE
MR-L8j1w5iA
MTB0ZC4px2A
MVYJWTmTm8s
MVp3pcdwh0o
MVv2F95FAO0
MX637ZOQYLs
M_GUVRd9oes
McBabXUltnY
Me6vc1ljrl0
MeWIDLk8oLI
MgtyCTKTbKI
MjIWDN3QorQ
Mk88HRjghwY
MmwmTXd5gyY
MnmU5M-rwdw
Mp0RgxMGImM
MpO5AbkGQVU
MqkoOfccX2g
Mtf1FBMvwRU
Mw4GDC9_DsE
Mw8U3Lyy6Vg
MwotjLrddTA
MxPDvEASxbU
MyhkjkPA98E
Mykblt5CKuc
N0kbHQnrlLQ
N1XfJP63NIc
N3Xjie9RQWQ
N4-1cueuBuo
N5Sd1krR7wE
N7CsneGFVjk
N8CBPfAFkKU
NA09T6UiMao
NACEqIHiDqo
NBk6zJMJd-w
NBvaIXMt2Rw
NCmVakxe6g8
NDLXnxAcLKk
NDQyuxVlNCA
NEknWf4B8kM
NEmoLU0Sdvs
NFxMcqUBKGI
NH1WQOUCMt8
NHG2oRdygU4
NIIy3vZ5Dsc
NN-D0N0CdQM
NN0wPXVjEBM
NOyxoxAo6Zk
NPGonw725LU
NRFFHM_YzKM
NTICiqBbRGg
NTVJE6suH-Q
NTanVehal_4
NYA1GjSAHIQ
NZSPR4_1BoQ
N_N6KEyNAs4
Na9g-RzSLuY
Nal6yiBy_1g
Nb-e9Q73Xqs
NbEn4l_r2FA
NfbTXrLULGc
Ngd_EyLFabo
NgzTlz-GV3k
NiJ3e4O0IcY
NiZZbGG4QtI
NikyydzMVuo
NinJEZQhD5o
Nj6Im1MVh_o
NjeDt9tvvNU
NkAA76YaRdY
NlW3_GcS2bg
NmY0arbKqbU
NnlrN9KAInk
NpUWVh3GAh8
NtMLfg8q_-o
Nuj-1bSBYNM
NvV_iBl96x0
NwF9s8qX7D8
NxYJGbDQp94
NxxOheTW4is
Nzqthp1u-b0
O-2bjIU6uvc
O1WQWcY4L4o
O2I4LOjFUR0
O7SvE73HJTE
O8ONYSBGiBM
O9D_pB9V9kg
O9XTJFj_9wg
O9q0AWFtxvw
O9tAEBrmr8U
OAIOqsG5c90
OAvPlQdt_ho
OD9kK02BEME
OFMjSLJRPlM
OGehkS76Q24
OHAGqxxQYZs
OHGDqTcz2EU
OHU7p93OTqU
OHUnrrAIdGo
OHe4GWWlNVU
OJ1ZXPgA3-s
OJgixKQeiKQ
OKEw2U_pHJ4
OKZ0pFa-Xl0
OKdk86qRIQA
OKgmQk1Xt44
OL7_jI_aRIc
OLgsti0h9Bo
ONeOQCOYVZg
OSLS__f9r_U
OSzAo5QjHsI
OWZ7fhbgvD8
OXuiLPC4_1A
OYl_c2mLBMw
OZ_raTf_kFs
OZrW7WqgYS4
O_RZllT8YFA
OaFrtTYz1tA
Oc611Dm3S2g
Oc6ePHTsqn0
OcMz29x7Xho
Oem1cw1hm_o
Oeq0KkKI-08
Of0lQ8DOSaA
OgsC34HgTes
Ohf79-nlekc
OiTccwTPRyo
Oil32HpLOwo
Ojj2pBEo6es
Olc4yiIh5xE
OlmO9HL02to
OmNPSOHsVhA
OmtVL7NxnhM
OnLhMtRPh8Y
OnZ9CLlXWpk
Onhiwz6NB0M
OoFZHW1EOEs
OpKUoBzklHI
OpYIV6bpnHQ
OrVjr2AltEM
OsYGSR_RHLk
OuLVlcg1Dp4
OvLhay02xXw
Ovhxki2mibU
Owapd6MobJ8
OzskUgwPCEg
P2R13HSXNVA
P3IAWrUVn2A
P6dnVC41tg4
P70xI2UaSxo
P8aC7TqjhKM
P8xoIcha_xM
PAgfd7IK1Eo
PCxlEv86LtU
PDbH468HAUI
PDhxOXzzCek
PEL9acB3ujM
PEjlg3bKNb8
PF0NqRJ6mgo
PF1wWxnpEm4
PGfM6EovBQU
PGtqOW2O_Bw
PI91yBuu-pw
PKC-mA3GS8A
PLUu9hXOpLQ
POme_KYZjqg
PPaZ82C4x1I
PQ3Fx_Zm-48
PQ_JEFMwrac
PRkggkCbKAw
PRndzvC1UDY
PSRj5JXnNNg
P_NMuAGjAaw
P_n1NYicfpE
Pce2ncWepDY
PiKQa7ZRq6w
PjlYTJ7m1Us
PjsW848Mmac
PmYcHfiyZwc
PmrA0yiPmto
PqAcCu_WAYY
PqQJvshsjv4
PrrazR7dLLk
Pu4b77EMTj0
Pv2te8LLZfk
PvcDi7TFJXQ
Pw2cdPNVimY
PwSU_bV1RNc
PwvI9i-1nf0
PyI8Jc_3OA0
PzWl1XAEQlg
PzupT0BaFQU
Pzx80oCor5o
Q1gCVw7XLR4
Q2UotfJFZMI
Q2YAaV7OBsA
Q2_hCDRDvgY
Q5q6OYuk6sA
Q6PSJE3GQfY
Q7z-MajRuk4
Q8aEcBFjKgs
Q9A6otfYJm8
Q9Ho7aZIoEw
QBApWhSu47Y
QBn1IcLJ2C8
QC4vwfvmMzY
QCE0nw5SRBk
QCN-GXvmAIs
QDdafAjbP3M
QDwRpkVawxI
QEVZ3DBYGcI
QEelw0SZRxY
QF7hByZT2DE
QFIT1kRjqHE
QGUVx-Jcgvk
QGofHYsQUgg
QHSByM3mRGE
QIuUlU8WyD0
QK5aD17RUE8
QKFTXelxbPA
QKI9572UCvE
QMDTr-Po4UA
QMyrANiFfxc
QMzhqcZ-RLQ
QNsHSC9PLAQ
QO8ejRrH978
QP3Y0Pw0ans
QPd-r5Rq53A
QPwmpYCYj3c
QSAVnq40JdY
QV6y92rT3Qs
QVPueKsJgPU
QVf-lsvkkfU
Q_hBrSmuRBA
QbB_9y1pSwM
QbmGcckFzTg
QeWh9uMzmY4
QgP1fQoslHs
QiPnCifbJ_s
QjDuuWhdSiE
QjujABPg_5c
QlHn6Uw4tZ8
QllCBdeys_U
QloJXlCOS28
QnxdVThWCog
Qo9gU4ZNaFg
QozUI4jf4PQ
QpmTi1uIuGI
Qrboxq5KoBQ
QtSW5YSht_I
QtUb5pULoEc
Qu1HEwprohU
Qv-iq5JuO8M
QxIBDVv4VSA
Qxsgy6dsZjE
QyLy_dbBF3M
QzPu_TEYC28
QzvKuQLcWtg
R09CUYKymoI
R2ex6B0HSpA
R2lVfKZ9Jkg
R3fIF32CKHg
R3sT1d_npnQ
R4M_L8fyZfU
R624bdY36Gg
R79tA9fVtDM
R7CCirWtW-k
R7ipPfaUX_s
R7q8UCn2UaI
RA3MuXtVK2w
RCfaOs-Iub4
RE5XutM9D7c
RF4EIQa-5Uc
RH-XfLLok_s
RHErpucdLzo
RHO9-qcUWUs
RHXrKaFRcc0
RI2skuShNxg
RK8LUbVet-Q
RKrvW2UEx9k
RMjMhSgrRh0
ROG6gZVVAi4
RP0NeSGRy1M
RP22IpP3jDk
RPBTZvLsGVM
RPhmSE5baao
RR0TGddqXOY
RUVt9DgCFqQ
RVGaiv3mnGo
RX_BSTsnbR4
RY5OFyrpCAU
RYV-DysDWiQ
RYvbT-6DkTg
RdIqs3J8icw
Reale3Bs0co
Rf096-0V-Xk
RhM6M7K0CAI
RhmIU6flOA4
RhuqBrFl2xc
Rj1v0b7FROA
Rk42cKwRsio
Rl9CGsSKlWw
RoaMzZtO86A
RroM2nz8cQw
RsCx1074EZQ
Rvh5P-z5ER0
RwqrGD32L1I
RyAYhV7JJN4
RyEiU4_GBOM
RyTwhRsTI7E
Rya-LkSufvM
S-GLmt94RYE
S13wBbv6Wmg
S1n6KVlx-P0
S3JP-cUqL4I
S3XzMsBtNvs
S4jMugqMmAs
S5nF4qI5zk4
S7OOMrRSmPc
S8fEZJuBMkI
S8hihF8sdk0
SAwS1aKUWP4
SCDqDCm8s98
SDDsep5tGBY
SDoen9GCGZQ
SESeTJUjrRo
SEbGmTJ95DU
SEc8qGcvXT8
SFnGL5lfiJc
SHCmhFOEkBs
SHJP7iJCcJE
SHJV_N0R9DM
SHOEE750YYE
SILH2MCFlmM
SILvZfZXe08
SIMl1imTVA4
SJcMRn91s0Q
SK1XLkOQu8E
SKANvfaJsug
SKyKFPog91o
SL9qWWZxo8E
SLaUCWvSBPQ
SLaYmDgI6lE
SNm-22tiTdI
SPEkp49fRrw
SPkh_2lY664
SRXUQmPohQU
SRobphq-vm0
SRvcTK6d-OY
SU3Lde48PVo
SVDEWoSq72c
SW9jvvbKX4A
SXCMzqIhLGU
SXpXgELqqCU
SYVy1fpmMsE
SZ_7L_Bmcfo
Sa9ip9koUCA
Sb4rOrqFWaA
SbVzlfh-Bi4
ScPUGfNmaIA
SeDqfgt3HQY
SgN6eDvg4N8
SiDhj1Vq-uQ
SiZiXPsq7RU
Sicu7915Dfs
Sj0iTikq7Ks
SmGMYLqwkpE
SmOGPY70zac
Smaz4VKProg
SnfXodrmDuQ
SuE_NR85950
SupsCOivvoE
SvCTuceXd1k
SwDQ71GRZdQ
SwvKqbMRR5I
SxbAGgr4iRY
Sxwz4VTfjWY
SyQt5MMK7Ag
Syf8IJRcMNY
T--Wvr2Hl60
T-8KYhQAuhM
T-vuW7DaW2M
T6_Do6bmDv0
T6szHjoj00U
T9jn6ShtnPA
TB-8Ml8UtYU
TBAGkBnNrjg
TD5YZnbhP5Y
TFXGmIWxFJk
TG7qZgb76Uw
TG9jKsFZK1A
TGZJcEwajVE
TGvAsnMjTR8
THuB1jUVyQc
TIN57ESamw0
TJ8XyDC7hmw
TJKp26M7R4g
TJ_2EJfHWGg
TJr1L87vfHA
TQh82xfUIsM
TQjuNuznH1o
TQyCJeeo1pc
TRmdrxw6RFw
TTPJmWwG2Og
TVUPXIf2blo
TV_cJu5Fl5U
TXvpCcxEcSA
TZl5fZXtPAY
T_KFG89T7Rs
T_gy8lyj2hM
TacBmQEloVM
TasnJMAAxoU
TbKg4889T1w
Tbj-mBIBGNg
Tc4cbZthLpc
TeSispi-zYU
Tew6MoqLNcI
Tey0iqQYWcg
TgWCVr4x_bE
Ti6L7R_w7J4
TjLFLWJfx7k
Tl_Sa0tb30c
Tlm-g7C8oBI
TlydMJ1k5KM
TmXemx18kBc
TmtPmIZNd7g
Trrwo3vDOsw
Ts4lGhxR5Y8
TsIcZGopce0
Tu48n13ovs4
Tu_oyTM2_1E
TvIbkJFz_dg
TvipCjxqGiM
Tvw4cJmky8c
TwLLpz1ZM_c
TwZhaPm6Hpk
Ty50rjr7pnc
TyBqjBu2NHw
U-dIiAPvBJs
U-rp3p6X5mE
U0I5EGQMQDE
U0wJpkQKyoo
U15QgTKHMJ8
U1ZtnzL0DQw
U34zEjldSO0
U3agGxvwFuU
U4ategmtOJM
U5fEKVU10qI
U65UhihhlI4
U6tavzr2fjM
U7gZLTKWlJ4
U7noYIPLTA4
U8dIK4If0Ao
U9k3zWn_wNc
UBxLCztXYcg
UDco8gUoxac
UFBLG_WdNP4
UFYDKwmw9Mk
UGXx_CMe2B0
UHXRlymzd_s
UHnPMBKF3Gk
UIEljVyyktI
UK5c3bsHT2A
UKCYquxtvUY
UKxz_UcMOLY
ULmpUWGwgY8
UOLxsSoFlBU
UPc00apQr6k
UPrUw9Sgs-0
UQpho68wL3I
UTFWZ9zQKXU
UWc80B88Sg8
UWcEkXYRiDQ
UX1f6ygw2j0
UXiVD08CaJw
UYHtSrYmPW0
U_x3l44nnjo
Ub4T81ldd0g
UbD3bZnlc6w
UbZ4OfPMZOQ
Uckog-_2mZU
UdeemNQIack
Ue0oY5BZ7vI
UeqKkahhA0g
Uh57rsw5EHk
UhnB8mA94qQ
UiQ3hz7VilQ
Uit7i7zByrU
Uj-7xYjMqS8
UjKCl8AqiLk
UlJB4xojntk
UnrMMktlpJo
UsyCJgyX6mQ
Uu46f5L3aas
UxFDzKQkfOA
Uy3Go9osDhU
UyCnYH3azrY
UzTF7qn5sjw
V0RpXFXn6q0
V0tg2psbSuQ
V10XJRdS6T0
V1BlWKDblCc
V1Tu9hPgLII
V1tGCXVN7_U
V5Dt3SQxtRk
VALXkMj02kY
VBUQpnZv46U
VC6cFTMiwVc
VCX4yxuWFII
VE5au7xCQGM
VFgpIL8hCDU
VGh6OBrRMpQ
VHvcD2plRMY
VLa0fxjLsI0
VMSimBCBFqw
VQsZJqZhdn0
VREmqRr6OD8
VRdA58RZqKs
VRdeyeshz_I
VRqwUQIODn8
VSZjJoKm6uw
VTQO_dmaDLs
VTSXjAYisqI
VW4hWA3v3_I
VWRkUiYTTO8
VYFn0qInvVk
V_dNTnb_JJU
VaanG_u8EJA
Vgtiagv6OOw
ViVyQLiWT8o
Viu8TwJwBgs
VjVJEAhy1fk
Vjl7b8bLTlU
VkQiynwXKZ8
VkzTUvHUsTM
Vl8cRquM9uE
VpGKMirXfeg
VpMT0LBSJC0
VqjGSoYfH4Q
Vrg5x-5yh6c
VtLHoUrrMt0
Vvlbw4Mcsa0
VxIMuLPRvXU
VzF0GKtD6K0
W-1D1QU1YsQ
W-A2blo_qUI
W3EOzONCcO0
W3SXmXo1RX0
W3xz1vkQ6x4
W4kzPQKI5tA
W8X2HkLoXuQ
W99_-4HFW4Q
W9lnyIllLMQ
WA_1hEWy5IE
WAwDizrEkOQ
WB2Frmn5gXw
WBwDrFzEcBw
WCEGDVKfLeg
WCIcTR8BX_w
WClJ6nHYF_E
WElF_O3a3mc
WFmnZ0ngVis
WFo9nkMZlAs
WGdywyQlo2E
WGmgW5D3rVk
WJ6pI-UivH4
WK6EznkZNwA
WKZkEyU2vrk
WMA_FHxLwRA
WMXZ41-rjDM
WPFcWlOUqug
WPKoO2krlEg
WQDDKIBXNEc
WQx9g7Fbszg
WRJ6In_U0lw
WRNSztedLk0
WTJ72TWw4g4
WVUNFu2TuGM
WVZB-cExJ1Y
WViCSDC1JyA
WVod3aAsEyE
WVxVG2gcSNM
WVxjiaLeoro
WWovc0cfwsE
WYJ2jY4LdaY
WYhjbFAoYfA
WYtTqZH0em4
WZRCzE987Bw
Wb2KibP68rM
Wd8BPY_fgGQ
WeGFVvDLVIw
WemLifZqpI4
WgGekTYoKEc
WgXSEphgOjU
Wj7Do6bWIB0
WljySK5GZ0o
WlnAtCf-Sds
Wmej7qtbKYY
WnY4GXl3g4o
Wqc7E1GaF68
WrMUsqmh8ZQ
WryOyNNlLbc
WuVuOfrHQJs
Wutd_L3ZOOY
WvKT4by0uYw
WwURmCNavI4
WwteAQMQ2yY
Wx5fGdVwhRg
WxAfCIYklbQ
Wz5XlVbuf6U
WzHngvQ4-IU
Wzjl7JfO05k
X-1QxYxaoZ0
X-F_FZ5IHzE
X-Ty623wf00
X0tARcGoRqg
X3CnoiAr0WM
X3mysLrTLNo
X54r_xxm_FQ
X6e2Rfw9G2c
X7Nyq6k6UM8
X7RP0-lre_c
X7jNLQWbi14
X7wDE4aIbMY
X8UQrAGGpxY
X8okNYC8gBE
X9ORFFe7Dxg
X9qo42sqnp8
XBDCXih6n1k
XB_BrYyE-ig
XB_pRHSAk_4
XCMtzkHGrmY
XDWIyNO0BPU
XE2jEz5ppOU
XETFf3k6xUU
XEjw-LcprYg
XFEL1kjsPVY
XGZPO8q8FdQ
XI5wz3nQXV8
XI6SlQhXS6s
XJo83bF6IwY
XLVkmtj_rUs
XMU0Q-amRa8
XOB8LXIbo00
XODEC3PY3AI
XPjjuG3s_no
XQKvb2ua-nE
XQdplZlfS0w
XQr71jcjHzM
XQxRHd7AYSM
XRQa2PkXWAw
XRyevkAGW-0
XTNCEJyb-9U
XUDDpRl0eGU
XUX3_ih5DxQ
XVVGpVTGSnI
XZtdcNEK6Sw
XdsBzcwOSVE
Xe8EaqiBjAU
XetqRa2T89M
XfUuTgzRrjk
XhEtEgaI8Q8
Xhbg_uRORjU
XhjQKqB5jpE
Xk9rI4Ql42o
XoBhsMNf24o
XpQR6zI_-xU
XpZfWeavXYg
XpaUmdL0NHE
XqKwv4D4Bzo
Xqmqnliqxqg
XrIZ4jIxyek
XtNnxK5Rx9A
Xtty2zk3n9o
XtyLL1dTrXY
Xuc58KPP4ic
XwWHDdORAhU
Xy55Jnmmy8I
XyjohMzvmUo
XzMt4X15ec8
XzpnmbjmG_M
Y-c3WDEIQvw
Y0uLesT5hEw
Y0wlm3ctl8s
Y4B4j7wnlNY
Y5oQf5s-5iM
Y6fEV6pIbNY
Y7a1t9C6hAk
YC3jVnRHelw
YCK8a6VQD70
YEHmz_-JsKY
YFTvVkxGq7M
YFvDbGYILtM
YGRmVbB1x1o
YGny2YvDg-k
YI5CQL_u9Bc
YJ1tE5xMZek
YJJFA8mYnKc
YK1qD-KT5bk
YKV_WDXDIHc
YM-nPmOdUF4
YNGa-eg5xX0
YOa2cxgM_wc
YOdVQSUC1og
YRedayzOJWI
YRkLn74YGh8
YSkfol0mYD4
YSz2Gt0yq6c
YT4M1u1c3ok
YTV7R1tgrzw
YThVu1CA7fM
YVBxUIDoy5Q
YVCDQ4wtAGA
YVY6GtV4nsQ
YWv34wMq0WE
YXNsXcmeXYY
YYSrVeQwcc4
YZDGMtHY6oA
YZllQYVGBZU
Yb1eopV8i1g
YbwTBF_ktD4
YefbwKlX30w
YenAqSPI8aE
YezT87PSv6o
Yg6Lfib9-Vw
YhUuxAEHXDY
Yi4BvIdj5wg
YiSb-Me0K7A
Ykzlf4bN7no
Ylsuq79GNk0
Ym8KgIfeMtE
Yn6_SZ_lDYc
YoUoKZuhL8U
Yp1xo2nJ7VE
YpfJB2lgvfI
YqJw_n16Xug
YqwIgI1qoLU
Yr6kd4I2Hb8
YrBGO8XmIWA
YvIpN_4Pr48
YxHagmH068g
YxQA1IXpad4
Z1I0mNgrFVY
Z4YMiKXHbvA
Z4xClN3d71M
Z7CzwC9rzH0
ZB3rNB-S_Es
ZDCCMDd-lF0
ZDjRylErFd4
ZErA4hESpfY
ZLkThClYdoM
ZM8VZBJ5XXM
ZNopHYL5Jnw
ZOcKlitjoLQ
ZPIl83qnjSE
ZPjLDh10HWY
ZQvhsu1rnco
ZSDI0bjol6o
ZUGJf2Bxa1Q
ZVgCQfCgS5c
ZZuMhVuF41s
Z_4JzzdZMkQ
ZajHGsuuHDY
ZdpWbOJ4OIg
Zfe4WinGoms
Zg0suUo32h4
Zh2vaIgfCVY
ZiQVJdwX64Q
Ziuya_KCL44
Zje-iRUnohY
Zk49pICUocw
Zle6ac3JfGk
Znh8yshNBJU
ZoZbCorRJkE
ZoaLgbniSpw
ZowlRI7YNYs
ZpE7G7-YMM0
ZpeRfZlzVVQ
Zpn2cx9W8uc
ZqnLCLu5lZw
Zs2uAPk4e7Q
ZsCt9sG6oig
ZtTtKVzeX5M
ZuQ9Ho0Cp9U
ZuSWmfpEs9E
ZxaOQCiu08o
Zxg7iuXZC6Y
ZyB6HaWIdjg
ZzGQAZGegYg
ZzjuwAHApR0
_0vhFCYsz2Y
_1kd2GXRtyY
_2Yo2o-e0p0
_30U1KGe_iU
_4rvuUYE5DY
_5AsA5CizFc
_5ETackmQKA
_5zlIKfFpgY
_6GL-ObV6NE
_73GhAHXrHo
_7MFJHAX2xU
_7Y0rwKlXDo
_9V6-dLapNM
_B39II74Pkc
_BXTqtC9eVA
_Bj2W9qK2eA
_C7862BMcFU
_Eyt3BN_Mpk
_FY_Tq7MMDI
_FnolE7vPJw
_Gn2WsqEaCY
_I-0yq8QNPg
_JD3ebdB49c
_JO3IuUNAHA
_Mx9U1YvSUs
_NHq5MIaToU
_NkMlfw9ncQ
_P76Bv9Ozzk
_PEhI1ATIFQ
_PuPX_xNPhY
_PzDpxbxAOs
_QvnbP1CerE
_RqnOC6wQyY
_SE4lLEo2Rs
_SWWWUCDS5I
_SvgVk_6FNY
_VX591v1nI8
_WenQOgDCAs
_YiZS8KWkv4
__6_gwLcOJs
_dloiRSQSEg
_fNiiFNo3jI
_g1xMZhGOuc
_gDPgS552FQ
_g_6RSNsGdA
_h6aOYXr_eY
_hLduETgkXg
_hhHXRBwZI0
_iFqNHt46kw
_ijunCGyTmI
_k4TVMTUqD4
_n4H5aYV8T4
_oVSKGu_2bs
_ohgtJA_1i8
_ppLiCwTfEY
_q3t62v8nEI
_qXxH6teons
_qx_0hJPQfs
_rGM0mqln8I
_sqNpCRRoCY
_tPf2H3nU2k
_uHYdvwPTn8
_uXvptTT-DY
_vGo11GaK-c
_vx3ARatNwc
_wEF496Q7IA
_yBEWdANhww
_yz5RjDrbLk
_zPx2hXoHlw
_z_Z5NY_rUM
a-0A2IM3It0
a-5GasBjpQU
a0SjTiHtnXo
a0xJ_aUx_nc
a170Xx35uRc
a1RPwy-4JtE
a1gaTyAyFbA
a2dQlIyQg5g
a3eri71f50E
a4q6yVkBRTM
a523g-UKZCA
a5FWA_O2USs
a5aTEIg-RZE
a5zNbr5yb5E
a6kDECRPVyU
a76iWy26GFA
a79ZB8Evg-s
a7MNMGJoOVs
a8qQt_z-tTo
a9EL-6gRd1I
aAA_Zs-s9_o
aBBG_tnDz_o
aBY8XCHlRAY
aElntkvt_L0
aGQR_jsDPZg
aH2BuGDZ29A
aIT9aKHURCc
aJiSMJvf2-E
aKBnh_aseBE
aKcw6E9lDOI
aLLzdRHqdKU
aLppVwVnna8
aMXEmdJN1co
aOSQ3qWEgFU
aOSQ6kQzMVg
aPmQ1tNctjk
aRACBdwKYEY
aRT08raa6rg
aRipYS2Q0mI
aSJf7DggP8Q
aTt4dCJPpyo
aVNMuDS-Gag
aWP5e5Nyz5I
aX4EkEmWTcs
aXEse9IIjwI
aXdsH17ZAnA
abf8SLzLbeI
acR6TmLBE9I
aeKYpIsP04k
aejigEdBPnM
af5bd4Cr_RY
afQRe0fM_DE
ahKe1szdtR0
ahiQIz6nlHw
akeZxVypr4Y
amK0I1j1WUs
amahDOudv_Q
anEh4vdvatU
auPcx5DYaW4
avim5UeKJ1g
awz8mqQGyf8
axShAK927BM
azX0FQyfUYc
b-3nHGnoZBY
b-TzvVgte-s
b0i5lcLbwQY
b1c36v07RpU
b3OGBEOgfVU
b3gFTkprHpc
b70JGZtull8
b7ld6In6BgI
b8bWNknC6ro
b90FuKSSV7w
bAGAtM9C8kI
bBplllRHB-U
bEH0o8lkQDk
bEePcboA03g
bEvI81jGVu0
bFNXPUPRlIo
bG8f8P4lHAo
bGeotJ71L-8
bH65c0DeF4o
bJtfOjqy07Y
bJvf3Cwy-YE
bKW01Luq7C8
bLX0ZmXLyU4
bLmjG5DXbG0
bLt5pulP-wA
bMPV1D6WZo0
bNBG9v8K1Tw
bNMm0sc4JDs
bPNN2Av7lo0
bQDRQWGpJgc
bT1iy4dLgxE
bUrhDMK3wag
bVjWO5sL0GA
bW922ESiv00
bWoe1K5HW-8
bYr1lpaZ0nk
bZ6A714b8f4
bZ7Ug_pgt94
bajTxTziNd0
bb0GGI_mwbU
bbvDQmvSn6c
bd8gN6Fx9pI
bdRAm45zQl8
bfJwv0w98pQ
bfZOHd1fwp0
bgZmD75CtcY
bgx2FW5ZFOU
bhBs4WsCxM4
bhyvi-FE8-U
biHyzc2IByE
bjOQdWxBkpE
bjmjHMNouPE
bk_11Kel4NU
bleCycA9ALA
blrLKYhIW14
bo_GNhjg1Nw
bpR1W-XiKSo
bqREimOEC3A
bqwcbRyB_jE
bs3wQL8Bric
bsfuJguCK4Y
bsxHQ3efdYI
buhjdnpQJQw
bzKBjx2DfOk
c-1I_yByuXw
c0kUI7l9y9s
c2QkqG2E4Ro
c3MmPUSV0Iw
c4A9Ui3JlZs
c4MK7b0cRoI
c4g7m0FNjN8
c5VNsXoELZI
c7Rrcf29Ugg
c8dxKDBc4VE
cAN13GxVwks
cBbaiyPmUxM
cBguCpHj6Dg
cEkgfD5a6ck
cFcHt5swF48
cFzaRQ_4WsY
cG3GV4fxNYA
cHwo41sVopw
cL5D7KcOGJA
cMX86OpJ4CY
cP8GV5wQMZA
cQezeaUN1fE
cUBKWSiQF-s
cUQZZmvznto
cUaOWowF_XQ
cW6vF4FBc68
cXt3onnBjoQ
cZo_OUqQXY8
c_TzBC05zlE
cecETdzB-Eg
cf4_w2mr5ck
cgNkcrOGZR0
ci41H-wZZyY
cjNh4bXLfpg
cl10cLOcJRo
cmqZ1MHwByI
cnqsCIFJT1Q
coAeRV0rhZ8
coAm5xiO61E
cojRCE_JrUs
copre7HD7LI
cp3_8jT6a3Q
cqgWlBXLPjc
csPnnvPXKDs
csR0TbphAOQ
ctKj9NcKmA8
cuqN4Fkq8Pw
cxC1FCPaUAY
cxUNJtMUzq8
d-k9djChUKc
d1ASZSc0FfE
d1_QOGYn3pU
d4bGR6qmlg4
d6lB0WhzReQ
d718FWFvpOQ
d81wqs81tLY
dAfk8N86K0E
dAgDNgdIluE
dAhxiY2qktE
dCUWnJgRIY0
dCfLFufvWBo
dDEQnyFxGQw
dFaZ9f1Hx3o
dGUlc9ZIVWk
dIJvTxZ989c
dJ8qkuqDH7M
dKwspy18KG8
dLNl4hQfXRQ
dLRC_ljqwz8
dNgXqOLM7CE
dOap_5zc7cA
dQ7dA1glZnI
dQum_ll_2Ko
dSQc9NW50yk
dSXYLsnf0Z8
dURUzKxYIcE
dUg9fz1rDYc
dV8-DYAOiwY
dW46gjUY1T8
dX3C3RoeS_w
dXOzgd1j-qs
dXrGSfqLOV4
dYx71LTYPlo
dZ-PCMOf1WQ
dZn15OFBF1A
d_tQn0Ldxoo
da5yeTPOEag
dbskaqtKHKg
deEbYp2WbP0
deJjEPir1qo
dfAonuDjpDY
dgMAD3FwhHQ
di4JLdhgy3k
dkABhW-Xzf8
dkmB2Wq_hK4
dlAhcoX5cto
dlptk0S--Xc
dovGIVF3bmE
dsvvD2eM1-k
du3PwgeKBRM
dvHsvDvTUs4
dvdN6SyY_k4
dw6EZ9mI8oA
dxARL3ZItbQ
dxUuueHFfFs
dykH6Im8svc
dyt64bfMsJY
e-3NTGrJBL8
e0-6eTbNUAI
e13sQA7P__g
e3oKzoXOCMk
e4vUr5DgsEM
e5joC8apjE4
e6d2qjTWqxA
e6tdY0Hz2Jw
e7HAlxCsFE8
e7RuBLOKVww
eABswigJmRw
eAWakjdqGsc
eB7mAi69CoM
eBKMD7P4tTc
eDfhjIOmKyc
eDjFEvgS5mY
eDn5iVnSopA
eER6DrU68ms
eEWn_yD9C4Y
eFCWZR3iylk
eJT7lS_htYU
eLVnWGP3KRg
eM82L0n3Q7A
eMi5C9uziBs
eMuxRk2ITxI
eReAJ0pLNYw
eTx5bxQExHo
eU_E184ev18
eVQ3WNyHx6Q
eXXVNGciwso
e_Pj0BlMggs
ebyub1Czkyo
ee1EHA8C8c0
eeY0tO1vO9M
eehnOOUEI3s
eiQM6ZB6Bl8
enR0ntHVjG8
eoE9Kg95f6o
eoJIl0miXys
eq7Cyw6TOj0
erYpiJ0uFCw
et-wnSnQvEM
etUPzsu2lo8
etX5PcSScXI
euHLHydA1E4
euOkcrDKGtQ
exiS4QCflYI
eyWwSMK77vE
eypHceTpWvY
ez2BdhFsDnE
f-upZeumV7g
f0waNu2Syic
f46ymbyHJS0
f4qCYtkZMnU
f6Y9KkzSiSw
f7fm2CIBPng
f9KsHs9PfLs
fALMvy2pMXo
fBK6H2mWcaI
fBkS8odkhpI
fC6Ll1_xUjk
fC6tXadEW3o
fCC-wy87UIY
fCCcm4CDeBE
fFf7MWWW4BU
fGYu-hcLG4A
fGmC3u2PAvw
fJD750Z3b00
fMKfVsmaMiQ
fNgVUizcTb4
fOrkp5quNFM
fQBlKOXxgQc
fQq0mxOVRWI
fRJUGtlU66E
fRc25L7KeBU
fSW1pjA9W-o
fT2MVoS2kus
fTLYfJafToE
fTxKCZqWzms
fVWBv1DYdAI
fWiVqKpgxAo
fYPAirJ1gBs
f_X3_6hudXQ
fcbpd2GV7zc
fdKerOzTvQU
fdOwp3FDFxQ
fdo99N_kag4
ffQywUc5KM8
fh5YI4huZrE
fhZgBzkeoMg
fi7gEbv71wE
fisWrVHGQOE
fmPiZJ-Kp80
fnhd51o5sXU
fnmn71UpEm0
fnwqg_csoMo
fpRG2kwX25U
fr3PtIuPlQY
fsI1X7YlFAk
fuXlfgk9XKg
fw-VLkHfpP4
fwCvJ5SSDqU
fwX36IZ6kBg
g-RxfwlvPCg
g-ShCPrbxR8
g-qbVrJr0wY
g0EHEyvuadg
g1Uh3S-pPaA
g1XtqMs4bsw
g1gWIfVajlM
g2XnQYpbCXM
g3Ol4RU0LrA
g4LrC27zyuY
g4ckdur5sIY
g4n-YVGN8Fg
g6vEp8IXumM
g7oevckYWDI
g8vrZfz5yik
g94miRC4APs
gAC9Q93IZj4
gBJWKc55q0g
gFkECMhAiqY
gJpR6wMzB-A
gNntQAqu7Tk
gOMcbYRoL9Q
gQ26BYYKU-I
gQBKv3dG02U
gQo58yV3PS8
gRG7W1pXKLA
gUaee8NKnGs
gUmx_BUSjYw
gUrHkPzLGeQ
gVBmBBHPDfw
gXagidvJbOQ
gYBZ2y4lpPQ
gYOOlfjePUA
gZVD-sX57mM
gZaMKW9YoOk
g_QWxl9ooyc
g_e-kZpm7dE
gaRMPe_grgA
gbjOFua5fDM
gcRP2SuE8j8
gdOBBi11piI
gdk6_k0VJYA
gfKIILqArNQ
gh3wniAA5Rs
ghnQU5NFVHY
gilVZ0ESvRg
gj_qO-PI5o4
gjh2SgQS2mA
gkLPfNlyCto
gkoTq6do8zQ
gm9mYRF-BVY
gqz7qhjbyJY
grF4bvaxXxk
grUGeZDZ7EQ
gr_Hhoz8QqM
gsWQs2BumS0
gtxpykGUtEc
guTIeGqf0O4
gvmMqCuySs4
gwjn4lrt9BY
gyTPJho5iyg
gzDUlZ4pJUk
h0bK-r5ew24
h16VCEPJ6t0
h1BItpKadqU
h2yzrDKPqAg
h36lrqemUU4
h4AL-rnfWJk
h4z4ogG0u04
h556rpuU0q4
h5rgIprtFsE
h6Sc26btVSk
h6xQpPpyO6s
h7AUqyfCXxo
h80Mu4N6oYI
h8MR7ugcgiY
h9JbmPTA8mg
hC6mBnm-33Y
hCN2e74HPfA
hHdZW7QVALU
hHtYx08fVaQ
hIFLNRIiqxU
hIzkuLiHxa8
hL7OUkOnsd4
hLjM5nXtPao
hMriRyXAHac
hN3kPUJ82WU
hOBvrxcEgAc
hSNkAXer9dc
hT0jgh4WeT8
hTH6W7A3oeU
hUnkpvzUkqo
harh9x28svU
hbYR_RU4QBw
hchSCqC0lqc
heR4-14JiVI
hf3znh3aWe4
hfnLOkWvkOM
hh3DnMUxUsE
hjoPX7_sqYY
hjsPMDtaZQE
hk1iEGGUBwc
hk68OxlAeII
hkoV6_DgbOM
hl4CwCCmr2w
hmNcOD6joCg
hmlKbs7VKwo
hq-ToD2bOG8
hqKtdkX6JDE
hsAQ320FcYA
hsRe-FeZd2Y
hsXwSWYIiU0
hu1y_r-was8
hvJzzng21W4
hxL3AmNJ1Jc
hxWgTaAjrFM
hxX_ZPL18Pk
i0CIQ-TUKr4
i2GrTPnDieA
i4Fmx7FxFRo
i6MNU85zRGM
i8CGXBiLXQI
i8utGkZPcao
iA6kfMibSRY
iB01nAcaC1w
iCh3mnnJdbc
iD8d7CGMSB0
iDInc25Irms
iDV5G0cMIWk
iDqDApaZAx4
iFCFwkqjDOc
iG1oKv8EKgo
iGnwFsXzqe0
iItvLDvZkqc
iJVP8SUydA8
iKbn9LLvXWw
iL8FFzeeWNg
iOBI1bACxDo
iOkPNkpDZrc
iP8qkw8x7Z8
iPXs92PeG7w
iQPGWwA83oE
iR3ialHP2FU
iV1Sl9nQ4ic
iWdxifXX2yw
iY-q40Qn5wE
iYauiAc64Nw
iZUzmr196w0
ia-NryuCzoA
iawZp2yuqbY
ibekC88wh_8
icJcMIv2q50
ie8-J7r8oz8
ieZo72tqXi0
ielj1EUk2MM
igWHrlgRbVQ
igbvT-IYWwQ
iiBW9_IWmNs
iiRQgx9BBgY
iivDL02VUYg
ijleBScNchw
ijrx8r5Nunk
ijzCGaSCpqQ
ikBQRU03ON0
ikOei4Gl3Tw
ilf1bztljwA
imh2KWhd8ww
ioP-GV5HqxE
ipR0Rn9S_-k
ipXv2Zmqxyo
ir_kewCvIRI
isKcmItjMdc
isx7BQPpm04
itEkIkGkhnc
iu2g_xxg0fk
iwUpd3RXNWs
ixKH94bh6Ok
ixciJQ7bmto
ixxk4kj-ZWU
iyAqvyQEBPI
izvWFTeg6sE
j-jO5-O6oik
j2Ki7Q2O4RA
j2g7W93b9bk
j3bQ2ef7j6s
j3mEXiE4izU
j3vh-uDFrjQ
j4VxG5StDGk
j54PaG6dDTc
j5UCyJGJeFI
j5epUqfDJiA
j7-_ku8sOIo
jAFs0BSkDDw
jEdXV2MyVac
jFI0nON4QDg
jFP8Rx23p38
jGszftOvHYQ
jIC5sBoHklI
jLBdQSK4FNQ
jLFMzPpy1aU
jND6s5Pb7H8
jNVM0PxUMeA
jOlGXGY_hPE
jP7-km-YHMA
jP9e6SgE52Q
jS9foIR-Ljk
jVVwC2nn68Y
jWjcxFRl6L4
jX-d5gZCG2Q
jXJqZi0Ph2U
jYPEnyVCmRg
jcVZHbXfR9E
jdSZ82QTmJ8
jdwmaYEC4z4
jdxPZ1S6fzY
jeekmEspiz0
jfhH9pLbf2o
jgKgV04rYpQ
jghodmI6wbQ
jhbwbntRsFQ
jixUpY0LNWw
jkwp0GkUFrw
jnFv0JzKVWk
jnvNNtwwRGY
jo9NKnu-dhU
jox_MXoOygE
jpie-C6iWX8
jr3Sb8whSXA
jsrGBVuTiio
jvq5jHHa3gg
jwA-nefVsoE
jwlvaY7tNsQ
jx3BsEVixHk
jx8GlgO-Da0
jy8k1PzeSfE
jyfdYw2KCfc
k-TWz0tAVoY
k-bDuJoYvbs
k-qIdEYwln4
k0MQFvGWH7A
k3r4xCLG7s4
k53wEtY-vQ8
k580FveaZU0
k5cIEEfQ--c
k6j3bf_a7vk
k7-Ii-sciz8
k7EPqwaoVqA
k7jTHbUHiZY
k9-xA1LUfA8
k9HL9u7Fr54
kCwshI23uO4
kDslsnsS_WA
kIYjMiiy4lY
kJmUYKpYmPM
kK1K7F_7TDA
kKFIfVO5ZL0
kLZngl2YnVw
kLhKF2tj0xk
kMwSXpkB_ss
kOi7_dOzNjQ
kPNaE_P44DY
kPeGYn_qOcE
kQHasf8aFa8
kT-5o8Jj9K4
kT2RzL8PTGE
kTXjxIxWEmo
kVPYCcfDvk0
kXN6YjN_6ec
kZ0Ki_i-hHw
kZx0CGLvCic
k_g5Wyb57xQ
kaWMMApzC9E
kcJyA-FBeiM
kc_uCGLNa30
kcnN2HTotZs
kcpU1VYn6pc
kdwGlJFU6JM
ke2S2uGANU0
kgLWoV5h440
kh-bvTN-rcA
khEg3C9DfIU
kiUov2R1Tro
kik83WlVzek
kjV0UefKXw8
kjdfKOlF69I
kmPf2mwFK2Y
kmZSqQVQePQ
knkUdOlgLVk
koIYAnRaaCk
ksZGi19qmoY
kskBp5dKznc
ktxqGubVyzQ
kuP_4qF73Fw
kzUzHYh1SRI
kzmjbgEh5eQ
kzzdn2Hvly0
l-hs3FxrEBc
l0h22cbQ0Bo
l1BShE1rCB8
l2CHth9h79s
l3bh27UUPZI
l5Wj9dNVUwc
l5eMScTxcBc
l6nTqxk6iYY
l7-J16e0TMI
l9_cIEQfyjg
l9iX9Zpmrqc
lA2LaqHpK50
lB9JHRH5Bjc
lDZin5ShKxA
lE1O2RQprX8
lEKwdDwnE90
lEdGAZYwu-8
lEv1kXC_Ckw
lFc3gi9GE-Q
lG3w0XpoO08
lHdWEbKn4nQ
lJ2x0FIxkhk
lJ_48dR4M0s
lKOtqPZZpYg
lKlGD_7nUoA
lLT8uUn0giE
lN11Xwb-bfg
lNO9KCloLRE
lNT_GWgpCh0
lOHy2FtvpkM
lOq1Cjh_kxU
lQK6zIiEsOA
lQwxkm9Jkwk
lRGBUet8E8s
lRj12y1d2_0
lRjqlxJw49A
lTVlPLn5RUo
lUaaQobrztk
lUdcJBdUOJQ
lWIi2LxTcsA
lXRx33-i1Ck
lYl3xTvYJe4
lZgqC9JxXfg
laL8CPgpdFE
lbzCy4Bghis
lc1KTNqYglU
ldtUSliHbsI
ldtkHy7uiws
le_xbXnTUf0
lfv-LcRK8Lc
lfxBtWOFpAE
lhdlKgSAFFA
liwWMTjyyhc
lkD1CwqPQLE
lkEj9e0A2yA
lkH7db2y-fA
lkJJLhwmXuY
lm_N7K5IXf0
lq_owOCb_UE
lvHP5_NOjuA
lwQs6merJ5A
lwlmhKxPd7Q
lz1oOmkk6Vc
m-vRe1lmSJA
m3Ova9ucsHk
m4LIHI9hQF0
m5deJ677eqA
m7mVe7IpQBc
m8TjfkWamPM
m8YKj0WoHS0
mATeu-gE5mI
mBvdTAEYytY
mCRqzl7gY1A
mE9eAF6KYak
mENR2QGXmJQ
mEQ3C-2BxNs
mEp38vyptvU
mFeTcZhTW5k
mGLhpKiNw2c
mGnvMYZPyXs
mH5YIGs8ePw
mJghjMltETU
mK2s9DnFptI
mK4Hodx_3_k
mLefX5StHHY
mLn1XCxXKhs
mLquUYUrpQE
mMJR0tAIVa8
mNF-fFM6Atw
mODQ9viNskc
mOOYXZZ1WRA
mPCsd5zX8eY
mPJAYSVISJA
mPx6Lv7TME0
mVdvbBDCiH0
mXS0Cm9hUP4
mZiVF7mepVs
m_75fcvxIBg
maJOeakXwS0
mbr61fNg0cI
mcDXST1TXpg
mfEmc37QHC8
mffIUqIt10I
mgJ74aL6fvM
mgjk24XFHZ0
mhdFtkOfqt4
miLFeNwQ5n4
mil_VtU_bAU
mjqgNBa5gxQ
mjuEdY76uFg
mnML0bzHEDw
mnXTsvt5ZF0
moF1CwJzyGg
modTb-d66Oc
mooZ0rex4yQ
mrjYc-V-ZaY
mtRNjkG7AYI
myH6ZxeMVIY
n--N8D_4BFg
n0AggaOY1WA
n2BVIddmHSk
n2FxpdfoNWk
n3Q8En3zVb4
n3o1hAwKA2c
n3xRhi01JVM
n48h6DLVNn8
n4t5OkQQUZY
n4td5JRQtCo
n51UOdihltA
n6DgbEn0Qlk
n8XxkotWVkY
n9o13xkPK-A
nAO0bRLiOgY
nBZab7j871Q
nC6xaxZ64c4
nCKuApJfBZs
nDQQSHfLYVI
nE8Amhz4zA4
nEKbbT803D4
nFVeGLEWoiY
nFhnP4jXPzw
nGFmYjrjAcM
nG_wzXy1MaQ
nIjwq7k5iLg
nJEfJOT_o34
nJMw_rZExx0
nKOkIp2ZJWw
nL9Fgrd53js
nLE-CeEvAPw
nOs2fG_Hc_A
nSnUlw662E0
nUXLjvZo8PM
nVEgF8_BCho
nVSox7C1wDg
nXtEu1frCbQ
nYBxS5Dv0Ss
nYlH2vvT8Hg
nYwj2hb7zBY
nZJWW4mTThM
nZZqZoyGA_k
n_4TP4UVh-0
n_5ZyL5CWmk
nc09LfsCRB8
neA8kF6qmgo
nf-KPop7q-s
ngaG1UXongA
nhAJl5zldeE
nhgmqBMTRh4
niQ2okXzI8M
nicksYxYRdY
njgxWbFmEmA
nkhPEbFY5BM
nklyRGfqHnY
nnxMczo-_vI
np7AeR8KH_8
nqiAfhKb7dU
nrS8cj8BpKw
nriI7of_K5Y
nrztcei54vg
nsxkIR15Enc
nthCMlPI1_8
nuEQFyZARlU
nuGUMDG4VCA
nur8WHHqACo
nwLGI_6xmwY
nz2WjZugnc4
o-yQ3TUnEos
o2OA-I6g9fU
o2dFk3FatSc
o365UnRLGEs
o5xK2xJSqm4
o7u2MMIWSA8
o89wewF03n4
o99-4nSJUPY
o9pa_mkHy0Q
oBSImxEOaOw
oDUGV7FSohk
oEUxjGuy3Rk
oIFWYGeMmPU
oJ2gYkpDTMY
oJhC8aXsrqY
oJqHIdZbLUI
oJtgUqbDtkM
oKI9bhGv0Jc
oM0OUON9rTs
oMKD9dzzpf8
oMOEKyxzLyw
oMrPIiT9iNs
oNYeLCujvh0
oNufRD0fYzE
oOB6OHjkToc
oOO8yFLReZw
oOgch8gXvDQ
oP-TREaaBnM
oPM6r4OwHYY
oPrlTiNl2Ug
oQQkBdNOROc
oQgJO_bMZcQ
oROtzRSH8m4
oRXD85tpTtA
oSpcaPSss_Y
oTgUJzUP27M
oTzQcjP8wWI
oWDPxirOPJk
oWPhTgdLOY8
oWn92QwdcwQ
oXTbjCTXY88
oXu-8BLSs5U
oYreVRVwCIA
oZXy5at93Ds
o_M24bEiC_c
o_pumEs8wkQ
o_vUCEt7BUw
oa9eLSJfEZI
ocoCZPD-ius
odBak5lK6kM
odl_qyWi6MQ
oeV_CDIOtpQ
of84XseF8fA
ofaD3nj42rs
ofel03l6dZk
ofm887mwa2w
ogeOmRxuxm0
ogjHyr7q6UQ
ohEIRQRvhBE
ojXOIAux_b4
ojyDUaZtoJ4
okwHgWH-Q8E
olCQzEwdDYk
olR_apq5zrQ
omQQc8Kzl4M
oneY18SStp8
opHtDVsN6Kc
op_TO7VFNaM
oss1kuxKoQM
otiSPKCfE1U
otzoJ4wRGfk
ouV6fFmDq74
owUND1V8yE0
owmDVIpB-Is
owpth1StiKY
oxVCLdXFvRI
oxw0IjYB7HE
oyIuysINNRk
oyWe1jNAr84
p-Yb7dJEHaM
p-aBTKPsnkk
p-oQO219LTQ
p1AxAYG5QnI
p1t83SColnk
p2yTzsLMMBU
p5sn-435KFg
p5zbOaJ-LWI
p69y8bTajDs
p6AuqjhnQT4
p6poAT_jXAI
p7T0igqE80I
pB8BX4sdEW4
pCN_eKP7gJM
pCrA-EfmKWA
pFLtK18AoTs
pG0812jb0SI
pG0tsAvTaJU
pGSNU0Ig3bg
pGz8miqQNbI
pH1G58bDRoE
pHBHoXrbXhg
pHinYFj9n2w
pMAtJ_gKV0I
pMvZD75QOEY
pNlUJLTHGgg
pNph-7eCU4Q
pNr6xaYpvco
pOgYkbtXwYE
pPS5S5TS_rE
pQwiqODbOdU
pRhrW_Q2TVM
pSnI2YOWejE
pUR_AWN3jx8
pXs2vJVbwak
pY0p6vNl0uw
pY1JDw6nRy8
p_2kShf91tQ
p_PzHPKfKaI
pcCsXObTTWo
pcUoWeLLxfA
pcypV0hxlg8
peB7K5q7JnY
pegMPpJCzBA
pfVEnthJIAo
pfYZKQ69LGs
pfZNuH7VZ-E
pfopqfM0J6k
ph-4VIrGXcM
phRA6tGF598
phZ_fAGlBVo
pijFQYc2H5w
plSpV4nesNM
pmByUlYjiqA
ppRMHpNviM8
psNE9ZzjjAM
psx7oVEVrT8
pvdwY33378c
pw3mvvAqI38
px0rMM4QeKU
pxFnCQocF4E
q02-l73GSlA
q26IJ7WNnxc
q3X1LW2FNwo
q3sDkRVH314
q7kkP5en4Qo
q9N-kzFmXio
qAj9LKlrAHs
qCkdHnay3I0
qE0L7427VbU
qFOJl6GuikA
qG4QUxx42ug
qH4osIP1SDo
qH6bGMsF8OM
qJlz2MQtmMM
qMBYGwwrLPc
qMSU9dKt7Gg
qOVAOW8-iaU
qP_jVuPc3QU
qPt83jI92Yk
qRM7hX2_-v8
qRbHA8WiYu0
qTE4WHvT59c
qUglVgGwy00
qWiEQ8SSzXE
qZZUrezhSUI
qZiCfggfqWQ
qa7HqxKLGeg
qaY2nPlNtBk
qbLZAqvMIj4
qbcc_AU8XQs
qbtzfPU6Fx4
qc0ftfw026s
qdf1zrfYu7c
qdz6F0169-8
qeQ_szmbb7k
qejc9ISNMBU
qfy86Wm1Waw
qgqWSMIWdno
qind4CK2QnU
qiuMhrHv-S0
qj3pa8KwI6k
qjAdMKt4mts
qjZiy6FqqyE
qk4ZtBS9ge4
qnEKCgVNY2I
qoHQJnNRHHc
qqCEG1_7ZQo
qqDwcR3RRD4
qqOXqUm1r9E
qrPKfhmXRfk
qs3abylRw5w
qsCadsZ0JLE
qujS-6E_YYU
qxE6auUH82g
qzRMrsO5eSM
qzk-xTWergM
r-z_kymqdKQ
r4dpYt-L4T8
r4oocFg3RPE
r7AmM0_AmIE
r822m8cV47k
r9jpgsG9M9U
rBeMf7UQoU0
rEb9Pk_95_4
rF3YEEi0_ig
rFRuAvjpJKY
rHDViM8G4qQ
rI4OWTJckPM
rITwfPywoWg
rIqlCW-5vUA
rJTUOD-cPaE
rJs0FoxxPg8
rLAA7LPvVa0
rLKrDAPKRrQ
rMrYPQfHieA
rNdoQPTbQgI
rPMBMQ24-LQ
rPfhj7zmTM4
rQVvQjG_rK4
rS-7atg3zzA
rS07V_tWYzY
rSoB2F8eFXg
rY_XisxbUxA
rZY14Giex-8
rZZMloc6NtA
raS8CQ9KOM0
rb-B8WrWpuc
ree5h8teoYU
rezIOQT7VaU
rf3DFHxHLKk
rgACBk-4dAs
rgUQBYOWaOE
rgsUNMSCnqg
rlVla4TMkVI
rnm7yXtx6yw
rp953Id8JJw
rp_s6bQXGYs
rralrrI2SrU
rsOiD3cRznM
rsivQmOweYs
rsw7hnbfq3E
ru_53S3HbyM
rwL6OaqEiDw
rwzCLPwDZNA
rxdOPapZKi0
s-05v2_6Ruw
s09-QGxfi2c
s1Pa13x1ILE
s1c6CP4P-_E
s2FNHkonOCY
s2eLO-kGdPw
s49XovewHMA
s4H-kqifm9U
s5R095281e0
s5XvHjoNJ9U
s6K1Vu_SkDk
s6bRao2oDAA
s6uDTC8rEd0
s7rN1LoqqHw
sAUyCuRlDeg
sAeKjJlM8Qs
sBsmHlHakbI
sDLDXaM15C8
sEK9svLPYgY
sFk02YaYpbE
sI6F5lu37IQ
sIo7BXokiuo
sJH6Ftx0OAA
sK3xdaJbP9s
sLnF2vJKPT4
sMb0Xds-UIA
sMsgiCC2ynU
sMutN5SkWfw
sRL700ItgFY
sVRg7DLNqqI
sWoYZaijxYk
sXCJ0i5JFGY
sYAdkQQZWTg
sYFJis3Jwkc
sZ0hfLsO4yU
sZyHXCSpd9U
s_9ILJERbFs
s_OFPTweLmo
sbIJjjfn7e8
sc9Nnwjq--8
sckkhRaZ-oM
sd0bx_1tw00
seClbVvgQfM
seeHgc9cjNk
sfS8OZ9RQ1w
sfvVkbbZubg
sjUOjLC9JYQ
skhVopS_2qk
skrpnZtSrFE
smTv5RZVj9w
soq-qKuvx4A
spMs5VbXirQ
spyv1HZDS0U
sq5z-ROew8Q
sr4DYN0xRPU
srV8j2yqavE
srgHBgtwpDU
ssmo6QxcAIU
stIE1fWTGLM
stPEiiPFbs4
sxZODyRqdd4
szH2XW0GW-Y
szIJ-PuzGAM
t-D07HwAoxo
t-f3Kj2LG5M
t-gSUfH8YJ4
t0IkOJF0ZIg
t0cyByLum8Y
t2OqpwmBrYQ
t39PWoLKDsY
t7LBh43Od8Q
t7hFXvlpwyo
tAnKHPKNaF4
tCwOIM3lbTQ
tDNoTyuuL7g
tEgTbQKorsI
tGqaixsLGt8
tIyoZiM3pGw
tOFFZZWyH2k
tRuo-oEulns
tSGord47FeA
tSXD9LU2q8U
tTbqZHxHxrg
tVHhS7qw-D4
tVXJwANyfV8
t_kWuigOpTM
tb2znz0PpPk
tc62U2mPyOA
tcuA5Vbfxlk
tfoT-8BQp1Y
tiZmjwKwPLg
tjnZ6sBEGZk
tl4YNFtgfrU
tlBX8SyvqLM
tlhERxB2lhY
tm4bLKkzYs8
tmRC9LunQFQ
tqUOuk7Cirs
trtywO1VfLI
tsqhaNHqvY0
tvT_MhOwgLE
tvdKgCU29Xg
tvi323Ugq4I
txSRxZyFRi8
tySL8qEVwhU
tyeP3nBhcWM
u1w7OrlnJLY
u3_NXVjSTdA
u4SFwemsIqY
u5r62kJIjLg
u7rZ97vCby0
uCRIi-Y-TYQ
uD1XO4pcts8
uD90gLePbu0
uFF-Ig_flRU
uGBxFuXMF9A
uHQHldx7fYw
uJ8YrdG65Do
uKOz0cPOtWY
uM4lwGbdnd8
uMizRWy9ML8
uMuacYr1lIs
uMychLrRNGg
uNSL_Vy78qE
uPHkaJML-sk
uQxNl41fo2A
uRoB_N6Q_Ag
uSxMYrADMdw
uTI4u3BceX0
uVGKrrucJbo
uXr8h3NPNRM
uZG45kwcfKs
uZIUXpNSx44
uZ_GdQ5Bfhk
ubG_mxfLU7Y
ubQs4oepEEo
ubVBDhfz9VU
udISZvq2GYI
ueht7DBP5dc
uj_9tuKJcLk
ulJuHiPm_fM
umZMRvrFGGw
uqFFtALv1gM
urVXHYcnZT8
urpD5cAhTTo
usSu6ViyATM
uuBiB_jzngQ
uwJASFn98nk
uwxxZ0fnz04
v-_HCcRkXg4
v-ye3af6jpw
v3XPmRIbono
v66TXY_YRT0
v6QMZWoOROk
v6wBxojib3Q
v7aW2qDrTkk
v7jlsKTUZz4
vAd15Bf3HX0
vBgsWz1rCqU
vBtHoIdaIOs
vCB1ZOCOewg
vDyk2BpUJlw
vE_VmtKgREM
vFPTgejFwPY
vI05-Cr3H7I
vIYmf-QqUlA
vItUs_pgVS8
vJbcD02eEV4
vKanzIGU-jg
vLv8DPTXyj8
vPskyzP4juA
vQo7m1fWT1M
vS_yagozyy4
vTvfE49omwQ
vU4EFt3vZAE
vWM7IVD-yuM
vWxE7vripjU
vXQsZlTzJqM
vYgxMqL4mcA
v_44EnyPVMw
vdcs89rEo8A
vfkVFX-ET6w
vh9BF2vevN8
vhToJM3cbs0
vhffbuMB-_A
vhqhibvvosI
viFeQLP7Rzo
vj0ZYFQjCuQ
vjIj3qo6CKQ
vj_U-XX56yE
vlFwfC80a4k
vlcHMJ4wXCk
vmLb5Lo8qLo
vmQ5w25pYow
vnlcZwbnngQ
vojdcsMrxYc
vqHIL31H-uA
vsPtbjPVLr4
vt1EOZBrVXU
vtTQ2YH-s7k
vuOHPOcHaC0
vwWBljzMe9Y
vx8SDqbYETY
vysbrt3pJoA
vzT-Z4BMGyc
vzVyhPFMkqU
w2M3lmQ37Yw
w4-Cu_Z_reo
w4ZPESOD4I8
w5CYesnej_U
w7a2wGaez1g
w7vPhGUy0WA
w8H61CUj7aI
w8jatfyrnkI
w9ZpnC_f2vc
wASAyQ8RsaM
wB6FLjpDYnk
wDq3YTyhmvY
wG9eWdUNhe4
wGZiIRk84-c
wH1rgtXkjCM
wJgQeuLyY_c
wKO46TLTWwI
wKb8pDrkqHE
wMXIcsn9bNU
wMXn99n-_dk
wNuwCBWgJeY
wR3rALzwog4
wRgeONUbnew
wTDy92HpHYo
wTjb_9LhFPw
wTuJ2EAeDs0
wTz-sKhpzfs
wUZAyFpMQxw
wV4gL0ti6fw
wV_xG8RUZr0
wachMSJKriE
wb0FH0eLsr0
wc6aOIm73U4
wdveZn3IH-w
wfBUmXjjAwg
wfMXBjqllNU
wfd9e5m2j3w
wfx6GiMnrng
wgEI2rYt5tM
wgWjLF-PH-Y
wgjl9pVt50I
whOqQdq4ixk
wi1hnwo0vdw
wjDsPjGrgkU
wl0AWZg6dZ0
wlcTogMFZaY
wm-WWcwcYNY
wmsfvkmq09s
woRyelmBnLY
wqHRnvgQs7A
wr8NITBd5dw
wrXJ5huTUYs
wsDqE3TVvjM
wuJCiqo1Cgg
wwiS7NWdfWE
wyWamomek4A
wyeWVmLJEh0
wyyKE__biMc
wzXjiyP2N1U
x-A0CPIYyEI
x58NB4jgvvI
x5BQbcJHiqs
x5_oB09_FAg
x6rWHMDhHmw
x83U8I_CJrs
x9pntqWLzkA
x9rWxFveZfA
xAGoiwuyAWo
xCgxgb_ROQg
xILIILA6V_c
xIPFdBxFzPI
xJwsNh4-WqY
xKiSGnw_nxI
xLedotwufls
xMxXqMpRdW0
xNfQGBLopRo
xPNqHhkHwdo
xPYqDqj0O-o
xPj-zFUAMoI
xQUY1V-OqV4
xSXXoOxmV58
xUcHrN2U7UA
xVDfj1k8F30
xVHt5uERd0Q
xVI_RDcuvAY
xWeli0Q1lO0
xaQAYklcA5k
xbbjALs6nDA
xcYk_t_m6_Q
xcaDYM8xxSA
xe540X1B_AM
xe75EPT6pig
xedQLc13MAk
xgkIDip_6NA
xgv0TnbU-ks
xh4sO1ICS_Q
xjQ8gcYOM3Y
xlvg4fHBpFM
xmAhVZFYZEY
xp4qCc9KVVg
xrdxmrUUuUw
xs87f5Wu5yI
xtFbFFj62-k
xvyKLv1j3YA
xw-R9k0k0Ok
xwGS1IsEBd0
xxDXmwwgijw
xyFhlnuirRs
xybZsWojHzE
xyfegCuepMY
y2CLr0nb2Os
y2OyurbqFrs
y7olrz01-TM
y8wj49-JwXU
yA0NKIOIhcE
yAISAu893GE
yAakkdExKf8
yB7BmQ92kME
yB_wLKVdFnY
yCdyHYxojgA
yDYVvNMqh_M
yG7zRx-ZpKg
yI_ji_3ZT8c
yJIExta-4ZM
yK5wuzf1cqw
yLW_qst9veM
yNDecqnLVug
yQAoF1vAacE
yUCtuYPvAWA
yUGVbWJpg-A
yUctGcqm5Ak
yUjKFV7K7gQ
yW7gKtm-jnM
yZOAVtLu2oY
yblWXFnbNQ4
ycWOE5tZA0U
yd2p64XQBhs
ydS6nCgc0QI
yh2ipdagHd8
yjnaUMAPevI
yp2lfuyzkBo
ypSQzMMarQ4
ypY_BfYA4Fo
yqHJ1Be3rwQ
yqRFp6xW-gM
yrKL8fyOEtI
yrdgbB_dhg0
ys6GbAJML0U
ysWHTIeMODY
yswDaUfio7Y
yt70ZErBwNQ
yu3ZudAOcuo
ywW7xQPTnyM
yx2OAOxcSzw
yxeoeub-lT4
yxz6jIxpyxg
yyc5W4mmbCo
yzOTLvEDh5Y
yzggYV56dm4
z-7b2anNAk8
z-ntSyAXmTA
z-qG1e7K-1U
z25jZizLH-c
z7n8GMhquO0
z9TyQK2J2Q0
zBL9DlbFL74
zBdP-mO6Dsc
zDVnebrrQMU
zEiiJ-TFGH0
zEo_KaKiALQ
zIYFWyfUdwA
zIiIcjfA2-I
zK8BdSowLkI
zP5kxEbWLvI
zQjzgmuBHz0
zSEMM7unzA4
zUXYompnJeg
zUdumRq-ifU
zVm5Psh6Xdo
zYjINAihoiM
zZoEb30tdY4
zaYo1qZfneA
zaj_gDNFyfw
zajkYfAAa38
zbKrk3S1PpE
zdP4TSYmkUo
zeUqApWQilM
zf9vaqXrYvM
zg8J72evaKk
zgJxowAynO4
zgozhd1iYEQ
zgpiYnGndg4
zhAAFSy5Jx4
ziCLlmz0ATo
zki2tn0L63U
zp-MSDXuv-4
zq5PDhJr3bA
zqpl6yHz5lA
ztVj69bwLiI
ztoiN6EZuMI
zv0jtgbtQ28
zwUnhNZ06Lo
zwmiWLebwTo
zxWtqODsCQs
