-EJEtQtg8Iw
-Jj5MTtfJfQ
-SFKNbsKFn0
-VscpKT7tXE
-cwC7XAaP4E
-dPTvFAFfP0
-iinHslrXfA
-itpCz-udvs
-lFUSoj3L8U
-pDaH7J9fXk
0G7hCnKAY5I
0VKvqscv8Fo
0VM74BHb_s4
0X7IzEDJzKs
0kjg2Sak9Kg
0syEUcMwUOw
17n0zgBiBos
1CmUwO71vYo
1DTal-DHwCY
1L4d6XiAcbs
1MxYWwouFPM
1co3nSWLZ4g
1fMeCEPjt3w
1hRMH1jGPG0
1oo5TR7h_7Y
20zAyy3MrOg
21iw4zEvUHM
23frOX6lKdw
23p3dusMNRk
24kPupnFygY
26h2-mO12QU
2CaTDfmKyQw
2OeJdvl3fig
2aO3vfvvAAQ
2s4qtfc2Xvk
366_xfP_PtI
3AsVx9kSDKA
3HEzVwRtqdU
3IDr7E4nK1g
3OaClHThLbc
3cbHPqZMvHU
3prCWdw49DM
3qASlzmER_Q
3t6T5U8cd04
3u5O9Upr1bU
3wK191uv6GA
3yq0-7mFyc0
42nRLQFpDlk
499R500kHOs
4E-m3Jv_l2U
4RfZMhWFiL8
4_z7UE2NxBA
4oDR9XRNShI
4qNeX1Wj1Qw
4rbSYwJJTTU
4xFJIRljFB4
5-n_pPbAYbg
52fDb-6NW3g
56-_rl5P6C8
5L7IPkgM-e0
5ZnGPOeRrWc
5fuSHfhRiIE
5jP7e1Dh2GM
5nzRLhuRkYo
5pPd3P0Ysd0
5qnYS8vN7Gk
5ra40OLu578
5s132fQQ43U
60vOrJsGYu0
6g2TIwJnKQg
6m7uaiGZxyo
6nBs_yRqg4w
6wnFLhRVlvI
73Pqv2mGXl4
79btUCykdgo
7B2yDuitwTY
7GIXL5QeR2s
7JzcEvxYsK8
7LWQl2Xi0iY
7LvLrV5M7Kk
7PpMtcOYeh0
7QUKp9OEgJE
7SqVRt629JM
7X-3DF_CbU0
7_orCzU1G9M
7dzUQq7re0k
7p6wsjIyg-c
83rZra83GFA
84P8YwR9wlE
865pfvHNg_A
86OBdhR_H3I
8BYdU0yCPDg
8_iK1z00JtY
8bEM6qgjx1A
8meC2IzQqFw
8nAwyC-ouDA
8unDYitFwao
8ywW_zQr1bw
96BWsatKRnM
96sjkKFKJzk
9FCYGbOWk4w
9GuwEevDf_g
9TA86wFjRqU
9_WMl5MLv-A
9iFuSle2QkI
9jOr0Oo3ip8
9n8gNyIOZDM
9ocKfdDwZdo
9s0V62Q5__g
9zHx8Fk2LA0
AAJojRJXIV8
AYydc43FGBU
Acj-31wMa5I
AjRS5prlAjc
AlOhZmhxQBY
AxN1v6bRRVk
B2kDteHiftg
BBJAbsRbYT4
BD7AY_g2JVA
BDPTwvuXTHs
BHS1U585YY8
BQjzkcD4tN8
BSouiXNlyq0
BYoOmMoI7iw
BfX9Q871P2Q
BhRhTmhbACw
CG45ExZoLqs
COC8vH_19HA
CWs3LilbsWU
CcLqCIA9UM4
CcuZD0A7RwM
CjF8QlgnR5A
CjL_dQ5HAAg
ClDmjQo8nVQ
CnfNY3rCUso
Cy44uHkL7nE
CzaYAd3CX00
DIw85xM7lLs
DL5zGV6Ppsc
DMmZJcB_ZqQ
DU8knsqA0ck
DdwnqnFzqHY
DecsOHer8VQ
DfJC-0s8qIo
DiCRx1_Ovok
DqNOxoJ1OW0
E2H_rcRkzDE
E6lz8MB3Ids
EDD360PgDRg
EDYVqJ9zV-Y
EGjbK5LVNVs
ENvznT2kbKI
EUJRHO8cygQ
EXAddOhCYBI
EZ34J6MCKtw
EajLVkEpXeE
Egmph_LCrZo
EhqW-eZ9Vtg
FAu1aRAtoGA
FEdc-t7YsY8
FWwbMnXQ7bo
FbHtx0j59VU
FgzQ7ufUbmk
Fh7acREmkGs
FmpLZyRRTXw
Fq-Danyaguc
FqOUejbG4jg
G55kLhv2d_4
G58MKqgakj8
GDa0cYBz2f8
GJcJKD0lxNM
GK8bFcvGD5A
GfBDBi48Jrg
GpfF1xUqbOE
Guhue8d5BIE
H1XKLU8GaMo
H1bK19bg7eA
H774EC8fRdk
H9GkuuuIddM
HDsm90ImOG4
HO7ECuUtswc
HORlczVNKag
HfLsXiXo0No
HlcNFMFC_uY
HmPiS7oMXck
HsJ2Xf0zNZo
I7oio1x_mSI
IEvWkYF6ppA
IGUcxmUpS0A
IK_bDxzEp9U
IO43bSIlwXQ
IQma22qepho
IR3DGMcUQXI
IXA80HAxf4s
IeKJ_Y43Qa0
Im7IMcoCDms
IpuVnqYIgbo
IuNj_rqx04o
IvQ0Agcarr0
IwJOkCHO6ow
J8jgewzvzyY
JGLRdAPPnMI
JdE2BXJXhtQ
JjDvIm0uX7Y
JkqBWJslHLw
Jm30q_eNrc4
Jp-DDF_AStY
JrmUWxx28Ss
Jw1q8osg9Is
JyBkxHOM59I
K1VfdXmqjN8
K4Ms8xERCTU
K5hmA7SQh9A
KKTLumXHmbI
KQjud8VCTYc
KW4JneGFuk8
KZCzIPPSxqY
KcRbw2j8yBw
KhBBLRjVkB4
KjypYAIiwDQ
KoBfqvSZN7c
Kxtk5qai8o4
L7ckj1RtQSU
LAodUZHiizg
LJ8vLc_4G18
L_E1PEMxdFI
LaOBcF6N7e4
LcQxACfZQKA
LgrU-BijfHs
Ll-kvXIpKyM
LloGdmvpjK0
Lm50mtea3ZM
LmSfKAPMm2A
LmTGmLyT-FY
LrjpspP6cMw
M0VAC6JDSnU
M2OeZGHLdyM
M672sEfGZhg
M6uuLyKUgSM
MG22iFL-VgE
MP6MVLWuNZQ
MZdnHg3cnYs
MeSv7Ntop68
MfNt44pFo9o
Mle1rbpCbI0
Mu4TFOi6r9o
MvrcAJkMxlw
MwaYfAUq6Uo
ND4ZDNud5i4
NSv74YaK5g8
NUsvqZFKJsc
NhOVDDiSvMM
O5_XH5dfbY0
O8Q52NI2C0A
O9vO_CVNXlg
OGWFXlw6gzM
OHOtHk-3TY8
OIrD_rgQ_Ns
OVwi3YdBvsA
OXXKE4sN-4Y
OsgljjQE6J4
OyC-4gSmJ8k
P4bN7lnQY5k
P5kps44T7cE
PITJoxhL0hs
PMpCwU0viRg
PYQeRQ4U7fI
PcvH1eOjOVs
PfoVN6lUQQg
Pgjh9SSrh1g
Pk06djCTXQY
PoVOspzNoW8
PyEpvVVw4JM
QHgNoSYlhYs
QRl9nf5H0tk
QRnKhz19cNM
QWt9-7jtofo
QXQMc0jsl2E
Q_7HjxeWO-s
QaOCQCQGkEE
QcAZTO11T_o
QhvbAz-dG9w
Qk6ItwpgB4A
QtbmhBVHkEQ
QwC1549HnNI
R-Lacu0VG3Y
R48hNOw_Uao
RJ8_XChCtBU
ROl1CbjJS0g
RPx5apFPlTo
RR8dqCCZ_IY
RRIYy1p7qbI
RYt0bY7IUVU
RdPyYzzXc0k
RiKRzcQGDcw
RnJl2O7hnrg
RuDDZ1tRPxw
RxEeNYMG6LQ
Ry4bGwT_ax0
S0naKdTCh5M
SAjNLo5Ui-E
SC_CsRDAFok
SFptFIiRsCg
STw1hhSYRWM
SaKZcjVT6L8
ScNlMiso464
SeXp91RTt5A
SpuwD3oY1fo
Stsi5ZY6Ggk
T4VwsPdPNa4
T4wc6DXCzps
T6MiSdYjPrQ
Tbbb1veGAx4
TjPMxIfgtIg
Tm6b08a3hWA
TnJdVFoZxZc
Tvh2Xql6baU
Tz4s1Svx85k
UtpgzumBi_M
VKidGcO7yPo
VOEFhQMx8L4
VUEWZ2NV81M
VZg9P9-Avxc
VlNuwkoerdA
Vlb4mfQv6-s
Vnkr1z-LVmM
VomcTBLJFeY
VpxxZrtsqw4
VtEIrSa4IFs
Vu4mfza1mz8
W1ZQ4JBv3-Y
W6rW4TfgztI
WFOic_MQIkE
WYRNBZOKp_M
WbQrRTnKuXo
WiQJKmUqALg
WvH3VN5Xr6s
X2VQsP-LWZo
X3tL5xz7L-E
XD-0Yp61aKE
XDTk_MbJOmY
XDtI7UoOvZ0
XRciHfhLzrA
XXFVpwecixY
Xdr4FfIn-DM
XefFRvawaYI
Xfzi1TSlods
XtgJjLKxoxk
Y7EKcpUFkKM
YBPMlmdSaRE
YKuoPBbh58Y
YPxO20413M4
YTjACd1ybYM
Yby_tfowj_o
YdL7e_ubk7o
YfMU680YSkg
YuevcEEChww
Yw7803jYosE
Yx8EmMuMjgM
YxtcqSKQQN4
Z8h2gDI2kh0
ZAm99g0Rvk0
ZAzpVEWOl1s
ZBem-tZZ2QE
ZC2dfDS8g0Q
Zd4_RQVCzEI
ZeQQkwt3l60
Zsb34OCurG0
ZsloYrBhGQI
ZtMfiWDQHT8
_5c2tlLVYic
_8h1HBDJ__c
_CVpnxVXQKs
_F_PqlU-Y2w
_NYfFUrNFUk
_Unr3Eu8Rpc
_cTDlOfl3B8
_eU0TfHvNzI
_pVhkgYUgo0
_sQQkLUGPmw
_uuMpVf2R8E
_vGUHNV5Fa8
a80mWMPLRPs
a8nMMipZ3-o
a9x-VVPdQ9Q
aEoOg2xoQEU
aOBqb817gJE
ac1SPpmDNBE
agn3HYSb8O8
aio4bTCpFFA
ani9dWmdW_w
asi-3MOEbw4
axLApAE93pY
b25g7NtxIGQ
bLcJRD7mA2c
bNuGCB7U7FA
b_hQD_mOhik
bahTTQG2SvY
bf6HRQWnBSk
blyUdESHr-g
bm8e9oF9zQY
cIMWYeP7O1w
cSyKxeTan80
cTcn2Qzj3gY
cej9wzg2gWA
cg3UmOQhc_I
chzOe4MF8pc
cjMg2sxu6DM
cuBj-xEhZHs
cv0raBImPvA
dMN_wQ6Zyy0
dOjRfJhjAHg
dT_pZo8BDeU
dVtIIjm4lSQ
dYOYW9OEotk
dfg_1grXG_E
dkKKsZPeDr4
dl94_b-trxA
dvsH1lctDlY
dwfa0_AS49s
eO2CJmaoBX8
eQkSt050pl8
el0mUT22ZP0
epw0eHpC8zs
etJvMq-QWlY
euTsgTBHFwY
f4RGU2jXQiE
fAGfJ4YjVus
fAfVoezkGaE
fAkatc0Djfc
fLA9Vark-TI
fRHAmBR-CXg
fRlrKI0ob7A
fSH3jwUJwmk
f_CHnpiRCGM
fgQn1uF_-v4
fjqpU1gtkXU
fmpVU9XN7nc
frB8zM1GckY
frxdBTSQouA
ft7-lwZKvTA
g3mcDafBBaA
g4BiI0JsnR8
g9owdmL2UWQ
gFK_LqvlBjk
gMnk6zwtBvs
gXUq6o6ZJ88
gbrkC-qS7hE
ghGnxzhgC3g
ghvm597pDpI
gmXBO5qpnCI
gp2U4LJRneo
gt5KxxmIUfE
gup4Cc0Ube0
gxSOzfjcPHU
h-WWI_QpS2Y
h8T5GxUhZsc
hBW8x8O9be4
hEonHrgZAmM
hF359rblLBM
hFvC7zoFWH8
hHM_rhdkjzs
hRILA3MmhYY
hSopfxG9pEk
hfen-64sLn0
hh-TA3rjp50
hkfAZObOsuc
hsiSH_LKo2c
ht3O0IQW7Mo
htOwje51JjQ
i-jQnZelI2U
i0FJbnfP3FU
i208a7FaM6Q
i5nM75d2FDM
i7QQlIToc6U
iByhv_iFPW8
iCDhqO_6RYM
iIDWXNlVUaA
iJnw9_u_t30
iMjukbIkQZQ
iWjXfWOjMxU
iamy_3IQ_ng
icXbEiUg9i0
ijixQdQ92Qk
irqemriyS6U
isrFRo-tpYI
izgplXcWjSc
j2jjLccRJSw
j33DOxIkOp0
jC6AGYwoZiA
jTOoEb4I024
jmUF9oKxVG8
k-ZRKR5YuaY
k5gcdhtJArE
k6uODhvkRh8
k7liQjcfqlU
kJkVegBsNyE
kLxkcndmqUE
kNLAFnxCvak
kPdK_HXtveU
kRH3jAqx8Wk
kUlA3cBhApw
kVcAr4-_ak8
kY6HCmYR_bw
kmkLn86C11c
krCl4d3N5dk
kvWrLXwJzck
kzEcoH0O920
kzUL17bJ1nE
l-_1F1_JTfA
l0D20Pp0WAc
l7BMQAoB8IM
lEIGjXbtQwY
lVyMORhBJho
l_xjVodMnWg
lsd42dDaUuM
lucQsR8GfUI
lxM0Aq7-UD8
m6L29aoGzCA
mEgNjfDp2jg
mI-J4QExImQ
mIWPdYKuDI4
mJ4xiBVDvnA
mJSgzZMLLB8
mS7AXFcvkS4
m_o_qm9gD_4
max3Nt2pm2A
maz1ScDyaJs
mh-KCsL6Dew
milbLnhFQbE
mkktE_fs4NA
moMWKs_40VA
mv3CvdaK7XE
n1GJWXxaW24
n2AaoxljfFE
n6hgnoKNXGc
n7ut7WltNm4
nQF9HYGx8Vg
nTVsqc2CCGo
nX83JsAyxs8
nccHbWGz33g
nfRtmNOHNIM
nioUpRfCZJY
njUzTe5xRH0
njqng3OMkIE
nm28YnSrA0o
o7f6g5RXiyM
o8NleUljzm4
o9_TArqcZ74
oHHBLSSctoc
oKLIUxMUiRM
o_BrYb_b9_g
oa3RXRZ_xS8
odUtqDz4lEk
ogF8p7GVFg4
p40gaCou2Qs
pNmoXMVTKDg
pRAfz6E_jSs
pWZEwSQlL88
pXRuKEz7TaU
p_0wnVKGAyY
pnWynN_tPTQ
pq4rhzTS2f8
pvXtPWG2Hss
pzXH5nZUnV0
q1ib8nKsaeU
qMiZA6BdalA
qRgTTV9ycGE
qUXzm0l1Qk0
qbgwKTrpWXM
qnxX8p_72Nw
qo-xMoksL-k
qtJZRENV7Lw
r0ZXcfrUzGo
r5VSivQe760
rBhaXP2FNeg
rG4IfgXJgHI
rJNCbMrJT0M
rZc6D8QI5OE
ray8LsGvvgQ
rb-uByeb9Dc
rfqE5CSwtGg
s0M8xpCCopQ
s29QIKG5hus
s9CXk-ZFrYI
sPtPhfThicg
scYkjf2Fmmc
sdoqnYtR974
sgVW8ofetkI
si--hfzh1Xo
tAmdXW0lDoM
tHOCWCOyzrE
tOIEMn-PKSI
tVJRS4oZ5ak
tbFzzueUcVs
thDYZ3tzUN8
tulpfDTr5Gw
tv42E_0PnAs
twt2YPXprgo
u0C7VHX_f44
u4iAvpPaJwg
uS_eny8IRRY
uSiO2VgVB0Y
uT-UGTQd6zQ
uijfSbkVziw
v0JNUB4qgIU
v2vCAOU6_dQ
vEV2JdhPXuU
vHEmlxieTb8
vINkcP0Ec-E
vLTa5H9783E
vhavXzL_r9s
vi3A4S2q3pE
voTupbgcqQg
vsL-JNCjAK0
vtFv83z84cw
w-J-mUfoyLI
w2dUYYNRit8
w5KRawOXy4U
wGYX9mkGLF8
wPKpRgar1pE
wSaTMKnS0o4
wT0Bq5MqeMQ
w_wRuAIEsO8
wgF5si5dyWw
wgXyBDq05SU
wlc6uujLtng
wv9P9e7i82E
ww7Ell3JvDY
wzKJN5QxdPc
x35b45Rercw
xJ0m_0v6fQk
xK3gkLMZdIo
xN_s5e2ErEw
xZ0dFCiB6lg
xZFNRIbnBr4
xiDkmBSKJoU
xtnNjzjV5lo
xuMgVPQ1E80
y4MSwNGkWsY
yTou2yoxfAg
yX_ZIvS4Rqw
yYKk7-5QnC0
yvFMGJqXab0
yvSmPqqZB3Q
yyWIkMVsO5M
yzuigniit0c
z6oqPB07X3o
z9yF0ZQUQqo
zDbdblvTcyI
zF7U0rcwb4o
zVnnKKKvqjc
zct3VQs4mJ8
zhZs9MK8D0M
zpEA37Mw33k
zsAQoxJdnMI
