-0e6qziKNh4
-D_XrRo0h20
-IMBpCKAwDU
-PSZstL8n-k
-Qqxi2Zt1t0
-ejpI3YWGh8
-hUPRcY46Fc
-lg91eM8c7U
-sVijc6jEg0
-vtZ74bbgGY
0KYp6nbzBiA
0PJUAasL_TY
0RowYSwWtRc
0ej3SwsjIrY
0j7C_KQp8qM
0mhdOWtPACU
0nzPieYM6p0
0xXhX5qdbnU
0y2wephQCWQ
11sxQaNLODg
1OZykwGoWKY
1PNwTySJrE0
1V83Cu1Os4Y
1Wlxf2ttwe4
1s0dO_h7q7Q
1sVrc-9nMGU
1wOUnNYSwYA
22F85FOAyik
2Gc21pw_BO8
2V3MFaHlVg0
2ZhJSwQV9HI
2jEUM65FcR0
2lKF1wVYt4g
2ncTCM7t79o
2odmEvEq3sE
2sGuYr_AVWE
3220i1GUO3c
37JfKKkeXwc
39simmxVQ3k
3EDbUUytENU
3Hkz4Z94Lrk
3I5OAiPinVI
3Ip1N8z2XLU
3Q19v4gnda8
3TPj1-luA84
3VAQ5pC7w_A
3mCgHK-X6lE
3o9rsq3TYQk
3pbXy9vyahQ
3xTcMtdE8z4
42GeoCVaZQg
45C-pYMuCKg
49GiKyLD_aI
4DX8JQ3U5Ew
4JsTc-0DyOA
4LvrlO3CN3o
4Ph8RHIrP0Y
4QlcKuxDGrs
4TEpGC7zhK8
4ZZg8bw0Qqs
4cMfwl3PT6k
4etqLwd3YEc
4sTZxGnPp14
4uWaLesjUVY
5-VdPeoVCAI
54h1I9ykq8k
56IIlZQQfa8
5AZFGntdI2U
5JXX-aeHus4
5_3dsEhCwZw
5e1IMfSehV8
5gmENT680Vo
5j61sC2AtQ4
5m_mlM1St3Q
5oZWLKSDVBk
5zIRqDeYU_0
6Brs6lWBvSE
6E1sLpXkgKE
6gLHDCLT2Gc
6kgw6j9n_2o
6mFmF6vxFwY
6sQBE5ObgCk
6uz_-_FE3UU
70S2gsmBrk8
72Od82At4eM
72klsnboN4A
73o7blAxUWk
77QiAjiQggk
79zHbBuFHmw
7AEDUteTegw
7Ffrno7m4dk
7Nk6mz3OQXo
7WUC3kks__Q
7dJ6mkzRiQg
7fCttwpVyjE
7jcdCLcgftA
7n6xuQuP2x4
7vJjLpS1o9g
88iVJhoCkOo
8A8__BCFWuk
8HvWfOOPEmw
8KP1F6ByDRU
8P4Q0W9Pgx0
8TXJtz1B5kU
8U5qL4-Kf7w
8UFhdMo_WZo
8WOtmL2SS14
8aI_zdqFzO0
8bgYzjzhjFg
8doWxAHdn40
8hWNTWKWj6w
8ihCTQelRkw
8nXGxL9f_BI
8uPHW5IRtKE
8vdo8sX19_I
8vevgtEKc7c
8yh5uLcyisg
93vqcBLWK-8
97BAEBuxVHo
9Bh4syWYZIQ
9CNAhZk3Euc
9KtSQphEeKc
9X-Cl9CMVzg
9pzEXlpa5fo
9we30CHoA2Q
ABhe6UTM4Ok
AEZ0ujx5uGM
AKIeY7LKxzo
AQ8oQYhcK0A
ATWx3icH9PM
AbOz860gRbw
Adi2w2d0kKs
Ag6LSb87OUw
AjW8gemhrc8
Ajv6iZRlkzc
AkY89q9XYNA
AsxxQFVlV4M
Av0dTk9KzlY
BGtNZwd3brg
BVqVD1Q8Dvw
BeFBjF7fRc8
Bf26YRx-Mds
BuR5ect-B34
BvVjFqgdEiI
C64-7nzY3D0
CB07Loj3K4Q
CDohWwEXQ68
CGwlbnV-ma4
CHZm0c_Baf0
CJEn7Tan9do
CJHe1gV0KX4
CK905ivFQ_A
CKmfti3obhA
CQUWLdSWLRU
CZeXaM5HfP4
C_x_3h1I1ys
CdYh9AHPlNk
Cf17JqTXp4Y
CfNryS2G9GM
ClieF_kBQGk
CmxhFgpIacI
Czr0cjxpkuk
D2wuXlLdLQI
D4xZVAZmYa4
DARsPEgYCmQ
DAmpPKAG-Pg
DCPCQrxBUOU
DOVyXKVp_kI
DPdyU3jY8wQ
DT-riAY1RI0
DTqCwTjgvJM
DUf0bfaK4V4
DVOkWRo87DM
DX6YR85EB-g
DfTacaRymlQ
Dh3lfEoEuXM
Di7Ir7AeTjY
Dq3UlgKjbZ8
Dzwoi16rPZ8
E0BxWvJ2Fz8
E0z9xunWKo4
E96nGbzKL2Y
EAajgExSgUo
EC9aIth1ah4
ELxdXGYL6XA
ETx_fjM5pms
EZ_kQ14YCx8
EeD0VxHV9e8
EjAWpsNUSAQ
EqyIGfDBP4E
EuWt1-j4GoI
F25EwtCo2dU
F93o2ESbTfY
FC9uIGWTJ_g
FI3qRzj2hDM
FbqJeZ355E0
Fgns700ce5o
FoaT8m6CY7M
FshYiLZIJss
GB5BSzPsLsw
GCRNHdGXTi4
GJGFhAXqmLI
GP817hX9DAU
GWR7QZXyPLs
GY1h1iv5T04
GaJSexH8LMY
Gfhi9ae3IH4
Gkibj2cDeUs
Gp5dtmOGIzE
Gu2jQydaiVs
GyY7Knz5_BY
H59GcPgXXv4
H6levpUVYZw
HPi6unqMbYA
Hb8Sh9Mcz9I
Hc_W_SSo7GE
HvuxNR4iI1A
I1xaOsxrJPo
I3VFjIMDv9o
IG3H8OoCNHU
IHmakdOYdbo
ILLmAEcWadg
IMFVo0X9HPE
IO9kBIZY8tg
IUBi82oIspI
IWnlPYu3ovQ
IfbhoIeDgSU
IiVKwpWXDic
Ion4gBbXYsU
IrYTD1xZVSs
IujQzSQtaTU
IvMZfK4UOmk
IydJa1LuCwI
J7NYMjexVEA
J7NtPkZmy-U
JA9mPtDe03g
JB3kZXyuDWQ
JLiyTEPnU2U
JQlxGDNc2c8
JU4mn_AJumI
JZUO3l4U-aY
Jd3CN00DUwY
Jg-5Rk0j-F8
JlZzHQ_Fqv8
JolmeIINMGI
JrS0igctMi0
K220SUWJ73w
K9fuSVaszyg
KSjDAP2pWwk
KUlh8e7NQbw
KWLgfP2ndes
KYK7Zc7IIkk
KZAZIejpaFw
KgbIUunpmnU
KiUWdS2yYFM
KnHtxknPVvg
KuYqgrhirqc
KvnrLTchn3o
L3QGiPpXaC0
LDYDMqJSD90
LESPHl8rOvI
LH0kVd2NvCs
LHqrbLbxXYo
LP9S55xcAgE
LSACXadbSBA
LW4xwiVTkZw
L_QR-LSNTsE
LeLSyU_iI9o
Li4jZbl9kDw
LkkkeGNpZTA
LmCZNJW8kdE
Lt2vGlC4uRc
LtY6w1bi1So
Lxg38I0P7z4
LyE9AZTBZhU
M11AqFVKPdM
M17d3JqYuVs
M9FwORStM4w
MK-GqoRQ68Y
MSEhdenBtgs
MXYV6wNdZm8
MemQOa503lo
Mi5URSLUzDM
N-Ie-K-361Q
N85zNlqthOw
NAGprHaKAZo
NM-N76qWMtQ
NMLLlFc7CX4
NTdYSB5MRng
NUdwEEnE_cM
NXAsnhmeEM8
NXD0fgaZxpk
NbiNn3g5ZOg
Nd49n8YDIlg
Nd8chIichhU
NrByayWusc8
Nu3a6rn2HZM
NvrhBF4RHlo
O3ty9XvwkDA
O5_fZyETVEE
O6nNllouHpw
OA7U99atypQ
OBybywdPa8U
OEzNjSOwF04
OWWTPMS9jB4
OXLer_o3NEY
OZOvrBA9IgU
OavY1onkRxA
OgfYkmzsgPs
OnKYvcxqBDk
Oq2njw2jDIY
Os4rFx1XxCU
Osa0NsCZRJs
Oswl1N1uLZU
PKPB6pasxGU
PTNeklFgta4
PVNlPUcPlB0
PWHhYmgDi_w
PX8LQoyB9XM
PXFaeKRF2uU
PZpbWwRolco
PkDcVk6VAzM
PkKxV9ZAdeI
PpVOLeTE41s
PsQSEp-01tQ
PuKJmkkHqRg
PyQ73xv9yuQ
PykNq9wFL3s
Q-Xc490Bltw
Q8hqdzm3Yqc
QBM_dCg362o
QCaZ5C79IDc
QFqyCKNhE6U
QGF0IYPEyVg
QGWOSz6D4vM
Q_KdrtsmYoE
Qgz0xQRlOCk
Qh4_WLdsZ-o
QidRAZfSE-g
QixTsqn7RBE
QmQti4PgTn0
QsPKIPvzB3Q
Qy1uli6hJl0
R5pG_Nm-iec
R9mn2vZ9d5U
RH6YrhIwq7Q
RHgghCyWSac
RJDj62jJMjM
RKh5Ehn5pRk
RcUNHDlDBms
Rd4ShfXdUTA
RfBr6US0ueQ
RgtxjgxdvDg
Rod7nmKSWF0
RsEGEHjAa40
RuyWypv6bFI
Rx-5dCXx1SI
SC9K5FCHmK0
SLMWzQQv90s
SQZhqANWqD0
SWceBh08pL8
SfQlKAeiUNk
St-3olRazTI
T3fOf5YZI-Q
T4w1h6NBF6s
T7gAOnxyWzw
TF-OthkH844
TJC1qRtUktI
TUkBZIoTRaU
TYGITwVG71A
ThcRuA7_4eM
Thg_x0alcAI
Tt1lxHFalws
TtBdZTwnoY8
Tu6DDu92334
TuvJVd_6160
U18JGbtCxCE
U2GBYG5RwEI
U2z6497RJFY
U47imdWAG0g
UAF-xo_e_lo
UGENbme5vdY
UPsY9ExoEs4
UQ4ovG61OPE
URXC7DBqCY8
UT1FXXww2o4
Um3l7FGqNq8
UoDlxQ7YDzc
V-ukH6PXKNI
V9L303lxLgA
VDcSmI0C8fE
VGsnGIRw0HY
VIM1Wmycslg
VJCX0xgQFBE
VPo4iOZRkls
VUoKIrbQu0E
VXZWk8-sAfs
VaGSX5N0ns0
VbZqeMTT7Ig
VelCkIFje04
Vi38IqxkW68
Vl-OqJ0Yh30
VoqmhI24wiQ
Vv9Kj3XIAbU
VwiHf2T9bLU
VyQsRH8yluo
W6uumT4xe8Y
WWcee0fMB5s
WbgmsStBkzY
WglKuzDM8nw
WsPx1mAJC7I
X5CvLQ9fULs
XHZvxQqZZwg
XL197o99WiM
XSdax2HUDjk
XZBeXDXjoN0
Xa12BKgnySA
XfsrDVeyUC0
Y964d5YQL-c
Y9LRmhFczo0
YJ4FEkU0QCc
YJKLuM1m09k
YMqI5j9v08E
YNPcFujBh60
YTY9LhSNyMI
Ya3iRSBPqKo
YfW7SCBbxUk
Yr5W9UtA_B4
YtYnpvIp1QM
YuRjeUkNf9o
Z0tpXKoXbLo
Z1CjrBfbqsY
Z4OCZWWoWls
Z5CIBg3qDDM
Z7otVPd63v0
Z83l347rh6E
Z8A3PZIkuyQ
ZDfpyDbPkn8
ZRZGRfK-L-U
ZZdZ5NdNBkw
ZgCnG1k14QE
ZkGmDYgCiY4
ZtCgrQfblAo
ZxpA74XBGWY
Zzg0i2ckgzc
_8wLaD5T6LQ
_9ZjgeSKkeQ
_9jA7biC0v4
_B7MdDcxDps
_CNE82QsmK8
_HOG51DoFew
_Hb2k03srs0
_ImO-SSwAy8
_JB4bRya7dA
_KfklILeNZg
_SVf4YUmQKE
_SuoBCUACn4
_T8yPf4YJVg
_TN-MGRWrOw
_WcOp7eqs44
_Yyjm5XeF-8
_bxa6DzsDZ4
_c1Rj5t-mxs
_dyulQDRzqM
_mCOH9dVyhg
a0W4l-tPlMg
a18nB64qlbU
a8mL3ZEHyQ8
a8zOAEXygVA
aE3x3k_QpD4
aFoH8IxhYlE
aFzVqVbpjSg
aKBa8R6BQ7c
aTSGxkqXAe4
aUtppnlsHtI
adtKx-15b6U
ahmYTRMi1r8
al7SIGBVgWo
anDIlMVgNwk
aq58eozOje4
arIagVHkoE8
b-1VeMbJW1s
b1BTLzUxEjM
bG6w-4CHifE
bZJUI2_t5nk
bZvAI_RVXHs
bbNfV2zoodU
bhq_gxsCtrE
btuu_hDU7B4
bu9ZoS_qVYc
c-QlGJkQ7vY
c0-hp59FUIs
c9gTFpvDzTU
cAJQbSLlonI
cD8An-iKwpY
cDuUf-mWY7Q
cLJ-ms1ka40
cPjFgtle0ho
cQhSyAZ-geg
cRw3R9xPzq0
cpy6XWMz0Jo
czC-OB_X6c4
d167NrioW7c
d8t27M66ESA
dAfiLE9xpVc
dBr7Bjh8wcg
dDMtbjQzFQA
dEbLeuUIaHI
dHoiJgvEe80
dJKrPuohvYA
dTX5CD41zy0
d_HRyija0M0
ddCCENY0IgM
ddmyMveokjg
dhO1oGkTMc0
dm1iHi-38kk
eLMfRZGagfE
eNFkOk_2P0E
eS3Dtum93i4
eSeICPqsD78
eSoyqFcK22k
eVRHOZVLXqM
eXUVTHkPOjA
e_OBpZptZXE
e_uIOKfv710
ejfRIdqS-Nk
evATWAIEhko
f0cYdij5YbE
f7_3kauRbmk
f8sNPuYpH5g
f9d2xR1pOxs
fDg67kUPAcc
fJyHeUaSMVw
ff1FtRGfZaM
fk5I62PPMH4
fkktH4I8vKY
fntuLDek-6g
foe6PCm7fDI
foeFfWCauFc
g0ZpUVuztps
g6MZAYO1lwQ
gB_-LabED68
gBoD6d7Gi_0
gI5SKn2Bajw
gIaMApSzD6M
gY-V5JSjh5M
gfBPHcFdH2o
gg0mAihbm58
gmJEZ90MWag
gqT0d_HYQf4
gqnuWh1-hGU
grmMBbHcu_Q
h19abrLvAos
h1YXXWj2E4w
h8UbjP5X36k
h9ray9dJd5k
hGDBP89DdAE
hH0u515ucrY
hLR5M_vk68g
hNDCdIQlY8M
hO3Ulc4Mbus
hOz7a2oEgrQ
hYQQrN4S7RI
hjTdbWblhxw
hkVc5uNE5Gw
hl20GmqhfE0
i7BOTMb5Znw
i9On9h3CjWw
iB8Xh8XuaKg
iPgehtHEGqc
iSzpuYpiXQ4
iUMpm3tYsVE
iVct2DqpDic
iWjLbiAM2Ro
i_NVPVRSCD0
ianST_B1_CA
inUP8TJL-ps
iqis1VPpPro
itjWa3f6bsM
j17GrnKUgMo
jNa7PaLNVVU
jTTaXDSXPhQ
jUTAa5FSL3k
jkbOI9MwqJw
k5y47sgd5l4
kPH1TFgv6m8
k_LfohzPZ1g
kaTC9JQUDAw
kciSo9P90IY
kqXDgs2mm5s
kwQZ2dpaTwY
l9LaSSh399E
lG75ijMfSPM
lKHmfkh7nJk
lN1Na4TRNi8
lNFksHids_o
lNJ5tibNKyg
lOCHsipaBKg
lOrH0Gbt8YM
lQ6eLoLfn-c
lQG3Bc7bui4
lTjCGTBd59Y
lvdtRh9bfrE
lwICwIPbigQ
lz3Qu1-VGjE
m0K6Co8hxBk
m2CfmAbTLeY
m529oUfKZ-8
mFZT3ypoOPA
mRvkPvGLy_Y
mRyJSds19Ys
mV80Wlc4UV0
m_bboLNi550
mau78aG-rd0
mb_qE_KGvko
mbj1W1mZI9o
mh_hSkw9n_Y
mkAC6AaXFsM
mnPugPBzU0k
msSipEt5VAc
msXZAkfKhNw
msdgAJ7tCX8
mvbkWAMqevk
mwLDhTRX18A
n2ELNtowIYQ
n3MAOIBOWgE
nBfkDicEHJY
nBkQQ6czRJI
nCSh3ZtQ-dY
nOzEx3OpKe8
nPOawky2eNk
nPhmQnDOmN8
nQ3TKGes99I
nQVnkMHb8Ng
nU94go_hKfY
niOTt-I8qFA
nj_VPpEKKpU
nlbEKIAzVns
nqF3AtEkFEU
nwIK3lA1Y-k
o04ZUWZYTjQ
o7LdnBsxiwI
oIgkZGMbjqM
oP9UZTm769I
obiCl_1rhkg
p1nrzEYZ5rY
p3s_WB2Mcrk
p4K0CRAPXGI
pBiWf---QaM
pOf7WWzkxvU
pWuqgHfNhIY
pgpy6wLVdEE
ph6R0yY2WzI
ppIMJtQL5lg
pwslsbHW4Qg
pzw60hcXGD4
q-XHWifmAFA
qBX2xYWHyro
qBrW0dcHTK4
qJhzVDK4XVU
qPVt0bZtNAM
qPl8EoUGY-k
qVsu49f-Vf0
qWoQNJWF5k0
qX79SH1QmOY
q_eYcNmIIH0
qj7RN8sDYKo
qysBZZjqTJM
qz9FW7_3Z_g
r3X__rx2NwY
r6CQgIfn43I
rD9_mdGQfT0
rHsPnb-41Vs
rRlbqDqmVXY
rWj-50qYmDM
r_K2SmZNc3E
raeZ6d9cAcE
rbtjcs3Ep04
rlPk5y9Bvqg
rn09xgZL-NE
rnaSSpQeXtM
rqhF-fPJ2_E
rtKjlYEAbRQ
s3THfWFSqN0
s3UZ-mWpaIk
s3uVl_0QYHQ
s7M-lrMTFLs
sCREM26yMbU
sF9YfDqScxM
sFTfkuae8lM
sIoqhaBC8Lc
sJVPz6WxYUw
sU-mSOgbfLU
sUz6mAkaMLs
sV6etkvNZ8I
sjWcZeKJElk
skYep7dU_YM
t1VoPs_BlsE
t3_ckDsM8ds
t3oQ50kPMbA
t6uPPA-WXME
tD9HkbQP9uc
tHdSZnoDREE
tTznUvZLatk
tUmlnjzSBqc
tYzhbicMtbc
tdXb_4EkYtU
tdalsuscyHg
teRFP3FshDE
tjzzH2xikNA
tm6hpqFtxEk
tq6COdZOE6U
tw2Qq6BVIno
twpBYFjQUow
u-fbBRAxJNk
u3s7gY8Sy7Q
u7mfZiBtAF4
uA_ziq_k3jw
uK8BbgTZAvs
uK_2OKilFM8
uNRBZ6ARQp4
urSj5X7SduA
uvDhYR3BRAw
v1s1WxZH8lc
v5-M-WrKFkQ
vAS3kahu76k
vIKjezrZe8c
vPKJ4PEhZ8U
vR1yTC_vlzw
vqdaViE8odM
vsxZgP2wuvM
vxkzo9m8TBs
w5xlQsY-s1U
w9BtWUDjCg4
wBc-Oa-snm4
wCDcEwdjlK8
wIHKeYozeHU
wWY1hIwqItw
weR_GqGxkOY
wgH6cZ4bEmU
whbbaF1nT4A
wmOYygFK2Hc
wnjyviXKmrI
wo_cdFClTOk
x3hQUiz-Fn4
xC0KIQTRBSw
xFzo1fpmMqU
xMMm_GKZsnU
xfOdAEpP-9w
xiQ_9vwMZu8
xoc7es5fZgc
xzKgxn9N268
y5r1DHb9nOY
y8Q5IDIkUzY
y980cynzwr8
yDwy8juWqdw
yYDo6DgM6p0
yZa17tYe0TQ
yaiE82gobYg
yfAk8KlFhyY
yh0ppDd5gdo
yjub5qBcSK8
yk4MuirLxYs
ynMnrbq--WU
ytT2MdR1W7g
yv0cYwrYhtk
yvIHu_rREcI
yzafumkqmCc
z1BvJgW4p_0
z7yFkEYbC6k
zGZJeNKTMQY
zMi6bjVfERE
zP-3pky5s-A
zTM-tKcuTaM
za_Ar-4rBG4
zw8e8GIg8fY
zygGq0tV0hg
