-8bwZPIzuug
-C037vk0Ivk
-O9K3TdejJs
-OSnaYVEEqk
-aFlVEjCda4
-hkzOQXndjQ
-jxe36YOWfk
-mOM5pZ8XCg
-n2IB7tVTOM
04sFxbqf6Sk
088CV44dgAk
0Jjr21lFLCY
0MRP3bdqVbo
0dU5lWhonyQ
0m5CtIknAg4
0pZPP_AsJE8
0q_B5X7PBHA
0yBzxC9eoog
1Hgm3AhsAJw
1XAgqAk1i08
1_6_6TAuoGc
1apjnIW17LA
1m8bhY68u6M
2IvdSIBSVok
2O35APudZnM
2X7SabQBCJw
2_6R0fhGtHQ
32gghECiJfI
3HHHP1uEY1I
3P7_sOEgx5A
3iXKKQ5iUi8
3kADPJLKuNY
3osUJ7GGrYQ
4DQv80biYbs
4QE3TUQpp5g
4kXrUXDZKuM
4nx6uBc_LMM
4ro8sPOgCBg
4rzk13utRtM
4uInE0P4Io0
51ibkvVYFbU
55TJpkSA7h8
5GKv2RZh9JA
5T65OK3bIBw
5bEimiIZ9dA
5eSqA4c0a4k
6PpZQihAqFM
6_YiPdSFlNs
6lgCU6vyGR0
6yGnEPGvwFU
76XksCCSPyM
76hDlTlW-Yk
79zfe_2PhEU
7AmhOWLnCEI
7KqGA02rwvg
7YBvKATG6OQ
7ckOCxpBeDg
7i4b1j6px9U
7kLdsHyp6Yo
7sd5fkVuXNw
7vS2i8tKL3M
7yrZYBE81H8
82AKPBELbhw
88-O-6BDncg
8O71bQWg8ys
8R0fJIlYBBQ
8mPpPF1dTxk
8srCshjp0ww
8ssM2O0qkRk
939ffBru7_w
9BpZuc9F1sI
9cEdwIeLd1A
9o13G_hqg6U
9pn6S65eTa4
A-rDtvVRLJA
A0_uj_Fglys
A7Qa589M8u8
ADDyoZ8r_W8
AF5HMbznZHs
AM_Dhssz6AM
AV2b6rp3_9o
Ab3nSeTc6I4
Ad8RHRo9R-M
AfWNZlbt8eY
Ai9x8DsPum4
Aoaec1Npjoc
AuELkcg5A_c
Ay9vh3TIUPM
AzjjAqu1ycU
B4OQREcRRhc
BZsJ4QcoIko
BkZI-IzwPnY
Bpl2HwT3Z-U
BwktcpF-rjY
BycbC9DUnDw
CJBs38IxLog
CJdT6QcSbQ0
CbBgcs9NYLE
CbpglkBbmus
CmTovo7kyIM
CogHulTLH2g
CopkhM7uIds
D7nMThqedNM
DAujdmMmxkg
DKGfu9H47nE
DTwobpgbyy4
DiF9K-hh-80
DjTkwpEyiyo
DjpRgi-73bU
DpV4k3Edr-I
DxkukU3HsI8
E-TAkR87I10
EBwIFpY4aYQ
EDWTuyNp04E
EMsqYvWgnsg
ENwFfFK95UQ
EOHfDAzpt_M
EP97oqa9JJo
Ed9OJSGwH7I
EyOZkCocudc
F576tDLa10E
F94IY408Q4E
FQ0fgz3Q9P0
FQtcK-3OKPo
FZi6geVtPGM
Fj2wBq6e4HE
FsN_aG-bA50
Fu3AGteE210
GAPHmFjkcu4
GBJeZzA6f6s
GP_hhOt6X5M
GSR1Dg9Q4qI
GdWAzZe7lMk
GgdG7gK4eXk
H0msk-ZokMw
HKBOoeq7ebg
HNeNhjGPuSg
HRz-Tr553cc
HV3sTDULyXc
HedZXw_hAbs
HggraXbyaR0
HmwrOVSdTaQ
Hq2kS95J7Xw
HuuQR03XpLs
I1gZV6e7Jug
I6UmEfovdOo
IMG0u0_cKNc
IW9hz1kZP2I
Ii5m8Ta1iBY
InvnD77Apyc
Ioob2BXASvc
IpVbS9JRopE
IptX_piCKNs
IqVDsGTz4eQ
JBf0Ut7jPPk
JCqR6UIv8uA
JE6a_ebBaos
JIfeR_nqVUA
JJJ8-xLduf8
JJMtl3AjCHI
JMCewml44m4
JTc5F_7PROM
Jec6ZKuYgxU
JyVMWum0pR0
KB94KvskOlU
KCWEedgFNCk
KJqDRCyEX4o
KKYJf2DL1FM
KKbrLSlouyI
KcT0menNM8w
KtF_It9lm9A
L5h6tBbdP6U
LK8lFuTszQk
LcpHJWc7WoA
LjSoA2KbmHA
LpDjGFp_Kls
MBZ1sKnI3HY
MEXCDsztoik
MGC-azPzJsk
MKAHNoni0KI
MPcYuHOyWh4
M_DK-rGg67M
MboxdG2EZA0
MykREVGjiHA
NIn7opOQWGQ
NLiUealszi8
NMF4sDAYIB0
NbeJHTxkT0s
NsfHL--GhXo
NxpbZyZxl7I
O17fNzujDqo
OF3ZmpGBb5w
OFI1bV8KPlk
OMfDNsTAN4w
OOJqHPfG7pA
OfhXntNZY6E
OzAdTdKRchk
P--qDfzG96U
P6ArAcEUpn4
PCYpk_5l3-Q
PGtRgPr-jH4
PKNUyxAyJVw
POm0EdJopZc
PPKXzF5xc-g
PasInUf8rG4
Pdlp90_oaPY
PeUl0Z5bTdo
PjIiZf0z940
PqfhXlt2EE0
Q-gSx4KUMKI
Q1JeRQnpkM0
Q8oCHPmDVBc
QJMTk8sBfFE
QsUWjnmyYCI
R3_8L1RyLHY
RFePohz1-4Q
RQJeMLygrj0
RRPOMg5XWv0
Rc5j-bPiF9E
Rga0hOwCcnU
RutcZPyvVWo
RvFsAZpUiM0
RyLHLQmgpTk
SHKQn2ZZAk4
SLfilbuJjxM
SVEYLoIzESE
T9U1qfs_-Dc
TJopmhp0VdE
TYACvmm5zAE
TccBS8Tve44
TiQGyKLj2Ds
Tk2Hy7UGRk0
Tmd4tEDDF1s
UBHylQFplHg
UCGR2YzYyyA
UDBzqZp7slM
UT7HdGFBP-s
UVZETo7JNg4
UW1J5J-tzKw
V17T_5jRE2M
VAlE-UESTOA
VHhAzur64HA
VICz4PiA3sI
VbiRNT_gWUQ
VlEF5KwxJ3U
VmQMGmpv8O0
Vm_zY2IC78c
VuuCKsZ7IIw
WFkGPT0gKiM
WNb-sWPD8OU
WOVJ9XgYvac
WQ9zqq8ere0
WWFnOlMKpxk
WjyNyf0g29o
WrAcq6ZZykI
WxX-dSLtbF8
X3bn6pmpLEw
XCRVunxpfYU
XKC30lBYJ4U
XenN83-Ts08
XhgvWTP3zuU
XjfbXU5nFS0
Xmbl7GcGxwI
XuEfAi0gThY
Y2oR_Cnooic
Y9qWS8hlUS4
YIKRMK9idFY
YPzp-p-na88
YVLyqtl1n8Y
YWMeyk7A3l8
Yf6sNOFt07c
YmlirEA_AZc
Z9rUYd_AjC4
ZHTLLUKYLkc
ZMThW10wQa0
Zq2acSdeYq4
ZtTjVkA0QOo
ZyXrtODhJEA
ZzqB3vZWZB8
_1V0rDSTC9I
_3TFqzTz7fo
_8Avz2FCyHI
_F7tyZzPdcQ
_GvtrZs_bOE
_SUvR0WE2aA
_aX3DuFRi9Y
_kZVbE_coSA
a5W2pDT-jGI
aXW9cDN0IpY
abChGZoqjDQ
acqCo48Rylo
apmSXL43Xao
aukTxMq-VwU
awT_0gbrMLI
bAr2PIjQ6G0
bVE0AktmNDY
bYLfycxAiz4
bnrUV5pSB6I
bq5wEc7sTbI
bzQcHrUyCmg
cD1wKMSOqD8
cDCEGMjbNug
cJGfNu7fwRA
cNw3qsZ55JE
civyA2P3Cs4
dNMs7ZZSYkg
d_ey_a_yN6Q
dazqiq5eoTo
dbcGzlmNIgE
dekUMmiWdks
dySSo44lwkg
eAIep4ZNo-s
eFTT0O8OqNY
eInSVKgZxOU
eQeWxwHo1pE
f32yKVnPx9Y
fEvnhKmpC-E
fRB98GpELD4
fWoariWwNWg
f_KxrvKkSRc
ffF7A2AfPRw
fh9Ad7jAhK0
g3vzKz5FcsI
gA-KRIeE3Qk
gNnisoAYZDU
gXC19jjQFCk
gY5CLjmfhvo
gYgfDoiOrag
gey-oGUFiJo
h3zjQDwhyQw
h7Y3jVrZyRU
hFei1BMFXw0
hGxf4ljRn2E
hP8vYKW8EIQ
i3EnP1HQVWI
i9FgBcAT3Do
i9X1oqWqjIA
ifhY_AHbSRA
ilyLX9f4hY8
ip50WYp5uZA
j4F_tqAzEYQ
j_qHv5hM_UI
jjwxGJXp7eQ
jzFY1KDoaeU
k5-CusBbSO4
kO9W9DtMFik
kPfeV9BQk3g
kT-oQXt-iJA
kiCdMJbTAZM
kkvslrfaCLY
klP_GyOyjn4
lCK0KwykvHk
lGwoOihpBOY
lKVh7CuPUQk
lXICEE2du0Q
lyEGwdiHY4w
mJVlwuWvhFk
mN1J-Jeh_AA
mN7lSZUSyJs
mPMfccAb5yI
mPcHTEAW6rw
magUVxKOz4A
mqlg1Egw7Ig
nDWQpWOXOII
nEbYV-W2FeI
nJiYyXTqLbs
nQfjrQTXwvY
nv-tvuZNuoQ
nw9OAwGeBPY
nxs5wye0JXs
ny3dw-81N7A
oCiwgBUNvzQ
oJtQth3bl5M
oQK3ppTvBSs
oZBxIWiRhtM
o_eNSfkzhqM
olu4BLfulDg
owMlmhvik_0
oyM_AXN_QNI
p-20BrxIb80
pHuHclylwpc
pIOuLANgjtk
pVSKn451kEI
pmTx4XyulUc
q1wuty3MARs
q8rrewfLDuU
qV1Z3opHiBg
qpKUq-8uzzk
qqK1u75Eh0c
r5Nvom5e9vQ
r6vE1BdDkVw
rA07D_rwOW8
rBRpaJMQTiE
rIeHF1IFdss
roioNwVYu4Y
rx1l51qxGbQ
rxgKkhaxVwI
s2wUJzfN5_0
sGBMhSEDNZA
sHClRbs2Phk
sLMZwwhSZQg
sLaf1dV5AyE
sZQs02wRac0
snmgvIikuas
srDsF8h5JPE
t4OVAxMyH6g
tJ-sRmTlo2Q
tQmTcgotBsI
tb3wFkWtgRk
tgXXa7mfyto
tt40EK8kUmo
u62RWygtCYM
u8FgJvLLtXY
u8rYWQ4-u1E
uAY2rEsTP7o
uK_iZZ4Bx2o
uMR5nvvA3W8
uZ6IcL9JDwo
ul91T90Cinw
v7SBKPO-nkg
vJvlCrmgT8w
vM3IEob2QME
vNmafzHqslc
vPUdQ9v4AaQ
vrPBYS5zzF8
vzqBDW5k7Xk
w0K6UBzGQ7E
w9C6xJM1MUE
wGJpGSCBzZ8
wJtaOzW-Fqo
wNoz_HQBmA0
wTLAfT4w1zQ
wcc8ijALlgA
wkVFOpy-wvI
woh01kAbrTY
wpXePqm6S5E
x-DNaDlSqBQ
x2-UKndgfTI
x4PgKHIladE
x4Q3M36F2Tw
xBwUwidej_w
xGkwu3TxuoE
xmiyV7G4K2k
xq0scBg5XF4
xqs626gtTjU
y8zv1E3JGRE
yMJikwzfpAU
yZ28rktKyvo
yv0o7qmnIU8
z-JlDYcBSk4
z5ExSVP4Mco
zMay77wjlZ8
zdofbRjXHkQ
zj4zvXpQW1Y
zjjL9yaFrFc
zkO5XQb6nBE
zr1vtjclNko
zrHMGy_zJzo
ztDVRwgfj_M
zuqlUDnxWhA
