-R7FJfhIxPg
-Z9qdCcn4b8
-hzl0BNucLg
-mhWbO8s734
-rPhkpZkN4w
0DNnapDxf9M
0LM9h2FzM64
0SY_Fdn5-Is
0SzdrTiAS24
0TA195QzGTM
0TmIwqXqSwo
0VEevzN48kQ
0XI4xsJh980
1ACDLPKCSZ0
1AqyQ2PUTWY
1KJwar6Fw0g
1PCSsMV2eU0
1R6fWyD3OII
1Vxr8nmylwE
1bAgy_HqQx4
1dX9uLx_jgs
1dcN14uoXcQ
1hw-yJPFUes
1i7wFLF0UJE
20E1TNiUzfc
25JOClOONWI
27x_-xEk4Hg
2ASCSiu1t3Q
2AtsTF2-szs
2PW2Wo3SpAo
2VTUMqK66aA
2m7dRmPckKw
2p624MDdDw4
2wcV1hQy9Ks
31PrHiPRdcE
38YFAH1SSig
3Br_mh1lt20
3DQBnSctns0
3FMZbIoPn2w
3HFQGpsP5fE
3I4Sh9Mtl30
3XfoWqzHJPg
3cftya9AY9o
3flrBctaSIc
3rBO_wrjDYs
3s3cmGjxPVc
3xuEpQFIoe4
3yG7KSYORe8
3yxIQtRPRBI
41fALZbG5Wk
43rMtthrvwc
49GgtlHrtj4
4FpzjPdNXBM
4IgQbTlmRRo
4U78XktMO30
4emBVWQmGos
4fM6-9IS0lQ
4iDXvrI_Jtk
4t0VlkQq9jw
4yQ9sOEUhVE
55SEVOMvMZg
5AwFr5lmhcw
5C6hbf5rgjE
5RF4DlXA_Uo
5bYcoXq1SSQ
5eRws-wBlMA
5jSY-BRfgFI
5p4CwkCdqtQ
5u398_KICc4
5z4y2oW3UH0
5zvNvwLimP8
67LLoVnwUgw
6Kemrc120Mg
6WdDXN4wMnE
6Wkme8F-5IM
6aeoW-3Eels
6yfWdb-JOA8
72GutY73PS8
73oO91rbTbo
76TZuctqE-s
7HxKZPS5Pk8
7SG4Mk8QWSM
7TObtjkXucg
7Vj9_nJdqkw
7ZWGX7HFf7g
7ZnQ_I2I6mc
7_JxvdDeDG8
7gbEzVhgs_Y
7iwL8k_KC6Y
7kXP6bNnPjU
7wizhrx4NRw
7za-EZTFTTU
84DxmBUb10o
86kEK7J53q8
8a1IPn-n6WQ
91-AaSV6fLk
931x6458QVM
98C7IDuT2TE
98h_CPZLrJU
99xEUFP5U8g
9RCjpm928s0
9hWSv2iw7pA
9hZQkUzO6Dc
9hiIVu7r0sQ
9ltkcfb8Gms
9s0NYJrubGY
A-LxawLuWiM
A3UtMkmmdc4
A3XzGGDxozw
A5t5rk_psV8
A8JrwTW3wvc
A8ut8b3k0Ls
AFBLuwYnPP8
AGnaCsKDNPA
AIpbdGejy0o
AMHY7j2B71Y
ARCoKoy_BRE
AS0JT65EMRM
AX3YPF0Dd60
AXGYrCNIJNE
AcUpVsEAsds
AgwvKaUMtnw
AiK-Ial3zh0
AjRZrThfh4o
AkJ1yFTyYIc
AnC7di8ZX5g
AnQJZodK-Gg
B2Y7bkEa0fE
B7GTkOHzHNk
B9m4H_UFe00
BCG-7e1atzc
BHYaK6oizl8
BK-tjvntRMg
BVwCSzLH7V4
B_XrjkTQREw
BcH7MxDvZk4
C6A55cgZnWQ
CEe7KDsbTsw
CM6JmH_rstA
CTf0LCH4Ss8
CYEc67SjXW4
CbN9ClXggf8
CbWKfKfAve8
CfjztuvDEbY
CxfDvURFiHI
CySGFnRpFo0
D064xTRjfzU
D6F--VeKfD4
DB-H1xXIA0Q
DClPQCsvAzw
DGe9pHho91g
DGnT840c3cE
DNQniT5CoFM
DQQZhtbP_7A
D_axj8f5DeU
Dg1V20qvZRo
Dh87GXVlmXM
DhoW6T_N968
DsqugG7vwNQ
DvaMch4ZtaM
E0Z2w1RQwes
E41qJyCltPM
E7p5GT8hIkk
EV0Wl9XN7v4
EeNL4ivnO5o
EjAeBPbV7mg
EqpLgDm-zVA
ErJPF1fVYYM
EsYShFEj8eU
F-KeaW5Mzlc
F4ZZ2CJ9kfo
F5PDz4mi9gA
F9D9qbzIW40
FCezXjabBUo
FFnRDgRBfYc
FL8BnWPwPSI
FQWJuYqxT-o
FZqSGb_3fSs
FaZ3zQv7fGQ
FceRASaT9DM
FwsGNF877Xs
G4SWiEvhtks
G7i3tTXePlM
GBpfYC5iwxg
GOi6SoEZVjc
GPnnACkwAfc
GR_4T7le4Dg
GhTR2GcA94c
GinfVdtWI3k
GpSpIsLluqs
GrBCVpHpwDQ
Gw0dWyeJiC0
GxIN-nkhUQA
H7SEz80f2gQ
Hf9oCtng4z0
HhNjoWZ21q4
Ho6-Jls_jgw
Ht0L5I3Jm60
HwC5IYw5uAE
Hz-zrx5GAiY
I9BRpXAceYM
IDfZziejihQ
Ibou9NVHLWM
IdRsH4kdhHM
IeoDhZuAuM8
IfBe7kCnvxw
IjgPlg1duYw
IkfNsOgC2HU
IorUT9JZmjg
IyBrTGN_sHE
Iz1Bbwjzx20
J4JYhWaONbU
J8D8E8Zeusw
JAV5nupjaws
JNfZ5qk_Pk8
JUp9nLQXco0
J_RJSffV0ac
Jhsdn6s4KZE
JoMMBD6gQks
JuEjsD3JSFM
Jvodjrj6Ix8
K2w22FvdLyY
K2xtjQKJ5O0
K7m9bxmcwQc
KCDSVDMfOho
KMv7UULG2eY
KT0a2v4TM6Q
KUbc8YYwOxk
KbROjOOcm68
KdQ5I2I7akU
KjHAv24BUHg
KlAYUPgw6Dw
Kys-9Dl6HUQ
L0tvYmlUn0s
L9aqGp86Ivc
LA5VtG1Iz4U
LDuGlw8CxL0
LfF4WmEMAJE
LgH4v7PfeJE
Ltn0vedO_zE
LzZsp_A4uWg
M0Rj3hkkPf0
M9M5qTsnWe4
MGDlh1SzW3I
MTjTBUd6dTI
MgJTNM0PMVQ
MjHkp3bu7Zg
Ml7blaQieOw
MoQiZAQcniM
Muk_HVDKaTc
N3HVkMNXx8I
NNx0CJL2rfI
NSWIrpJnmC8
NY2hVIBUsmU
NoALiNpEiJA
O2jM5_S-kNY
O4ii0_llWnU
OCUwI9xsR8M
ONijRKbky4k
OdhA1dIsw58
Oo8TaPVsn9Y
OonBlYt3ekE
Opq0YATsKX8
P8hVIyO6ci8
PCAb7dbMW-I
PHqdT0B2B68
PNZCPM-u_bg
PTWsr8UuSnc
PYar0dkZ6v8
Pd2271JaMeg
Pem_J_dxyUE
PfC5EFGp5-Q
PsAwL3pDpjc
PxOfcjxinGE
Q-WW-LRr0RY
Q3uu6USwza0
Q4Nat_uxO4I
Q5s70ldtVGM
Q9lc0-ncwDY
QFYqjp3E3G8
QbokKW8ad7Q
QdWdxO2U7rU
QezxvYMb3O0
Qjny6XmEftM
Qn0-wXUfH2E
QwUaTrVh9pU
QxAGpDlrlLs
R6k6Kxa_lck
RCTKY8xgrRo
RJe3SVHc4wU
RYjMmCNwDiM
RZWB_xt0chY
Ray25_quOzQ
Rhu4_cSGWCk
Ruk5OAzD1eU
Rxa5XwP87HQ
S02HupIkwdM
S8IiUkJslbU
SEOGTsbLVfM
SGEz_DMpM_0
SJSHFcxJ5Xc
SSf6khrkgqY
STEwadYbFhM
STqGOuVN1x0
SmGO0KFN6NY
SrettxMekAA
Svymc0PkbxM
Swxi4dlkoB4
T4vyhOz3XD4
T6yMHYfvmxk
T8muGLtsne8
TUMIk-O1ITA
TWFYHKFwQVY
Tc9kRzG8G1w
Ti2Amlk2WGk
TsuQ0HD6_Bk
TxH6p7NqAo8
U0qCEK6Hg2k
U6XBINKjjEg
UMK_T24fptc
UT8U5kpMeqc
UTwyOrz76Xs
UoN313TsUCY
UqkNsmQnXq0
Usr_jGAt8BY
Uzd8A4HmJ_8
V03-ezOV0hI
VJrFyAYRwDQ
VNfqLKJAyQQ
VQ5qO72QRxI
Vrpcf_1bQqo
Vxhy77ihZj8
W5sP2zlaK94
WEuAH8YPxjU
WFHFrLQYjFU
Wgob2gcCs3A
Wj_CHBIWh_Y
WshrROiPlD0
WtH2YiLjhQM
Ww0nC6NOM38
X0qWuH_8CL0
X25gR2ICvbg
XT-E1uXPQms
XT1246ui-_E
X_WgsPyw90o
X_laL3Nucec
Xc2wRvR5BHU
XgxJSem6m9Y
XnNK9ZS8y-Q
Y-N_nkSiZ7o
Y3PSuqbMihI
YLDqup6Bcco
YQpe3GOsixc
YQttwPV9FDw
YRscHMTOmJU
YXZCffIVUDo
YX_K7fRrs28
Yh27ObxlpYw
YiBknjYFFqY
YkIv5E9P18E
YkvK3fS7CuI
YuCs3SuKxKs
YyCOxyECtc8
Z53ms70zDgk
Z7tFrKqA7TA
Z9DByP5QvZk
ZZVIUBwvGP8
ZuPFtQzxjsA
_GQ-eZtvuNY
_IDqPCnBBQA
_O8REX5QeHo
_VcQA_0MGPc
_W0UJD_i3Mo
_ZBxkcP2ris
_f_bkebZeHg
_naNBAW80kk
a0QH_dFmw7M
a8rqnl7w5vs
aDNosgf94Xc
aLOYEVjl70Y
aPbc5rRWSX0
amDDoD_Ns6E
anLRc5rNG0k
asOuniA_XmQ
atmK2mtPWkQ
ayEmMz8gnA8
azumXwStahM
b2FlaV1LBZ0
b4WqCJXboF8
b6AdjzJhWYQ
b7oG1nzz_qw
bAJdHQj1Xls
bCvGKW8H7HE
bFm5NMVip9c
bYDkp_idevc
bYGY4yjwJRE
bypnzuF9f4w
c1miJxP2FiI
cFy3uJYctZs
cHCzmRPMusQ
cHo-ZJdxH_c
cKKMHtAEsZE
cQ6j-0mTsUE
cRQ8TyH6nIo
cUkpbDtPDm8
cga-pv7qwNU
codkYGXLnZI
cw6upzQ5aj0
cyd6cSiAUKw
d01_mJMRidk
dAUaIc8PoYc
d_oGDlbAjnI
dd1Lf7iVQ9Q
dvEJypvU4Vw
dzArVsC9k2A
e0qbuy2UYOU
e37B3ftEqkU
e9krifazZA0
eCtbc21MkFk
eEszNmVFFm4
eIl89lQSmeI
eLuu07XfT0w
eS3Bff3a8RA
eXTbTJLOyFM
e_HHGFHBGpc
f8XsZcoEQ4I
fLh_oT-ktKA
fPUiL-xWmos
fWanN9lWGfY
fZr7nP68duQ
fcP9POi8xfA
fqPbA7_APOg
fsuiVQlJ8tw
fwx0Fe4HKpw
fyK3jZRo8UQ
fyQmkqyE_oI
gEDiwH2143I
gHi6byML_Rk
gJ-p-oI0XJQ
gdgDI52DpEo
gitZRP9eMy4
gkCxJzTEDGo
gkuL4AYlExE
glGR_L1uNSU
gr4jLuqrzbw
gsd_Q4hYhpo
h5l8uNXBjAo
h6BfWJnW8Z0
hEl5NPJF3ic
hKae84YMacU
hRNSzDGT0jk
hUSiw22bdXo
hbHMonmEGwI
hfuqCG-A8r4
hjYUuoFD2vo
hnuhaiomQ1I
ho1VmvuChFU
hwwWF0dpEM8
i0Y3I6nyqSY
i16LZJLnydQ
i7wHI419Quc
iCvxvQD2t3g
iHP2s1WSNSs
iL5sKNbRDBI
i_QPDGe50BU
iconbMq1lPk
ipN0-Ll3kOk
iqK-DdZxfK0
is5gj4dkgNE
ixD-Ej95fFU
iyBOKPhy3YM
j34bPoRfTiA
jFVJADoADyM
jJ-uRJ9hU2s
jQdgMGmjG1U
jQv5_DZ_l-4
jRZ7SU6SPQg
jUfG09DmDZQ
jWEM6ohctwU
jXOIDhPlP-U
jd4ic7UY-Pw
jjtntkEgq0M
jpXDDcmsANo
juiAYTnENjU
k5GgQc_fq-c
k8bFDjSHsPk
kAFDS1fRHZY
kDZpYPL9CV8
kDbHMDIYKzw
kKcxuil3scM
kMXmdcNDi6I
kZJiL0L-8Zw
kexqswDEFTM
kftyeaSMNYg
kmJ8NmsitEA
lM8nf0RIWq4
lUOIf5qw8_I
lUvWQoKYWnk
leYlKVbNi1U
ljBrL14IKKI
lmGJvIpMQjo
lwI0tGzr4S8
m0L7LR8EueQ
mA_WQlp0oZE
mIK6l5vNT8o
mOQNWbGv2L8
mpIIUqEB-g4
mrxhPx3bZIw
msCDJgdailM
mvdW7qtQXpg
nBIRF3PTVrA
nEqrCqJyIpQ
nFkUSNQ-hgM
nHDDKoMDGR0
nNB-hoKwa0A
nNn4W7fTTjs
nP95olTnDz4
nQXIbalvaIY
nUHM2sPPvCs
nbKgqJjppDM
niHnMMlZ4ZU
noT4Nl--rgI
ntKSzLFE0f8
nvQS_i3qdG4
oBejqj1sNQA
oIkslGU8pDE
oLU2gA7D00c
oLeKFDfCrTg
oRiTNy8G_dw
oSCLq7oFLD4
oT2jj1GpnDM
oTnZfnIkSJg
oUuqiKJfNN4
olZJIFPmPRY
onCfmB2-DBk
oq1qQlfos7k
osmABTATFUo
ovR5VGaIij4
pX-fPMl1YMw
pY_FScr5824
pfEW3hrFtEY
ppu9VeRTz_w
q7TQBt_kZjQ
qCqszmbwKQA
qF4ooU1Chv8
qLcxnFVwQf0
qQW5j28ElUY
qQrK5ta3ElA
qSeu4KyeaYc
qUiGEWpxqeg
qXXS5G7ymDI
qdrcRGxDxHQ
qf2uA_oRcHc
qiRwyLbPv5w
qxaG_KxTauY
r3OxbwtYKlA
r4ruAPrUUns
rEauOcX7UV8
rEesKvk6ER4
rVLJYjcyjjs
rZ2gdfLguys
rZ3kCcKCqCc
r_flzIOJR8I
rhKJ1Mr61u4
sEY2dZ9Xaow
sXVMGYS9Xxs
sgZIJdDQjCw
soNvOyv1ytY
sz5DzjbFpj4
t0_sUKE76jE
t2fW4NxrNmk
tAORgSQaqzE
tEb8JMOxjSs
tK_zJOe6pb0
tWRddy-vaE0
tZaikfQpOYY
tkHPeuW3M7M
tlzf4d5SlhM
tmikZE92C-Q
tssqxOkarFc
tt656a4ybRM
txPvulerOW4
uJycST2OCxs
uOkPBGwH0lM
uT3yVlzbtbI
uWfzTnc95xU
u_sXtw40FyE
uk7YCjluA7o
ukZo3mhNGis
uxkIgwXuK08
v6kqaS3P_YM
v9XPrNbPioo
vEbur-39BRg
vEo5YUdEhg0
vNWQI6IQULc
vW9FF6PRyBY
vhv3mm_bf04
vnJshoUfZF0
vp24hTzT_aw
vqX-kNmHsBw
w43A3j4ozYk
w5ogV0H8U-w
w80z_moI8BU
wGeAkdEKcI8
wItHza3m364
wU58f_s_iv8
wV5RBDLE4NI
wf2WQjJOifg
wg-NGpBGj1s
wh5ME1seLZE
whtIwHg_QTM
wnH-iRwC0Zg
wzCFxkOIjl8
x1hsex6eZes
x9_WkkxjNYY
xCSyJyKNZNM
xDAKzDvuHwM
xGGNc4UWi4M
xJoTkU2mhWY
xUHGzPQhsaQ
xUWwVGNu38c
xX1FghTiqw4
xXt84KX2i50
xpIErmNID04
y0I_seXXwKU
y7ex_a3UijQ
y8L9EWV8TM8
y8ZQIzVn2jw
yDJArJ40FGc
yGoRKiuXCkw
yJMXzoivWTw
yRz1YlTc7zk
yXr-z0K-vhI
yZ3eVdDFl18
yceQievcaEM
ywfBSnXklfk
yybsSqcB7mE
zFgw8BjKZ6U
zOYYsxXHXIA
zP0oZO8Ebz0
zQFV7DZz7vo
zUQYrwYXCxs
zf7thcOEqHY
zhuMuiYDNmk
zi3Z4-o0pvA
zkw484g_YRE
zoB-UB6T2fM
zxMhYmAvGFk
zzLwku4fxGE
