-0CISG1GEDo
-GxC0FXmbYA
-VAUbMEqbUo
-nx4rPGu0Bc
-sQnjxucocY
-t1G2MIOIAY
-z9qTKbvnM0
0HqXX3h_iiU
0TjUmLG1Piw
0frpsN2Qnyw
0qcNiHBvMWM
0tVrwmb85_4
1CbuslOlHxs
1D-uHZgoqo4
1HGJRw4Y49k
1JdO9UQfexw
1Rc6FhohNQo
1YtI2yZqtpk
1dVAjJtWHJs
1ofpYDZqU38
1r0DVCJfN10
2-bvEI8QUvE
25ycxcrep6Y
2JiIL_486Zo
2MnD6eGqpVU
2ODx_ZlKLro
2Qi9Cjj4EGk
2SAZWBFM-Mw
2fczgMw8Gho
2gYrQP6PAdA
2jItoUjEhhg
2kjNMPmb0s4
2ot7GKuEqas
2sY1Rkrotg4
30WqnUThMXs
3LmnBZO10ZI
3P4KYgdfXj4
3Poj3QwCHpM
3Y7q3ZxRvIA
3lzaX2ZPAdY
42vVHvk-oKA
49Io7j8Qu6k
4ADYrzsySKA
4B-KnwrUUgE
4JyxzSySY0M
4Nmh5mc7zsI
4QwLacbjrwM
4d5i6RXpVdk
4mkeIhQCmj8
5L64r1XzHts
5S_IgvTQtO8
5U5cBlX9t9c
5VB5nczVrg4
5_JC_cvzshU
5_bd15xkhhY
5dKlyTRWvv0
5mjPU6BrK74
6-F_xrO-ucg
64Dndm4WsZc
6HRLrygqWNE
6I4M_HITg20
6ShplcNsNb0
6VM5zKbLJ_s
6dHoLU-lWR0
6dTGxVNRmDg
6k-Z1L7clAQ
6m-7c5X7JMk
6xdSTD5M0wA
70EeAOZvYow
79MvZdbInOc
7NBOatOsfO8
7ZEiaXLfY6g
7cxEj14KIjg
7nBo3jtiDmg
7pTfQDfyctM
7rqSBZ3klZY
7zOdTX3Tsp0
8D7NUVWz_oQ
8IrUeYzpWvE
8SwRUvV_z2o
8hyrRujtcMQ
8v93A-lR5l4
9LBVNKUXPwI
9PDgDLrjhOQ
9QcrV4qTI2E
9RhXLuEWM_A
9SsJvV_aOeM
9cqjmB_rUbo
9mjio87WBNc
9o9L1abWTX4
9q68tgPJgBY
9wssNHwivQQ
AKjqE5nRRi0
AR8Auf16hsU
AX4JrqSpbtQ
AcuIFKWBF64
AeuQ6-Zu-zw
Ag7nXwMT2BE
AgXRmI2pSKo
AsL5G4vLc7s
AyhuZxAVPxg
B9AxvOFNRnk
BUoFo1l2T_I
Bd2bJ_BlKEc
BtrGDsnRh0c
Bz6xGN_qs3o
BzwV4nP_YCs
C5eLiuO_wtc
C675HP9r_ws
C73tIq-Nz0E
CUN0CAjbejU
CYQkii6TzYQ
Cb2WkftgV5k
CfFdGD5Cfi0
Chr2ynTC1D4
Ck27gUFCBh8
CwFPBCFz46Y
D7-egKdS0-0
DDS-3H3eOfg
DIO6svlHJBs
DNEUXCzVjqo
DU0Y9bEwfCs
D_-l-f7EE18
D_xQUUFXqhY
DoxbRouodsc
E-FB5Yd4goU
E2rtQFAibEA
E_Y0swRJiAQ
E_pVsZATHS4
EaDei09HtZQ
EuGWfQ9-8nM
Ewk5eDWp_7o
F-_6OAKSFQs
F2QXPRqY3G8
F4BEuuebsTg
F5Xos9dksqY
FALqpn4kwtU
FL9nDigYjPg
FWYHkdNLSo4
FnM6Yn4_fMU
FvS13lrQyp0
G0b85VCZfLk
GDfAwoVRjOs
GPm_sSdtpQ8
GYNoy7Bd-kM
GkBVSjoYYL0
GkMZ8M_C858
GkXnc1JxrQM
GoO7MAlz4C4
GxneUVJLuxE
H3IaGelZcFo
H6slQ_SV82Y
HQRXRjtcPVc
HRKDf34UOVY
HSri0uHIcAc
HUy_KmAc8VU
HVHqPS_UELs
HfB1rFIsKmI
Hn96E-KioKU
HnwkBdeb6U4
HuMLQYiMV8U
Hvkr7cG3k0c
HwmDQkJFlSE
Hy_YD4rJxso
Hzj7BFg8n_0
I-36sZD3HcI
I0PIQO1oSHc
I84DuJF4W5s
IG9Dlgrt-iM
IKpflQVO9YQ
IP2UfgysZeQ
ISa-oob2_5s
Ij_-8A5Tb8Q
Ip6DMJEGApE
Is7_e-DX4xo
IyzXEA17GLc
Iz9jMgGCSvM
J4Zr2UIvKbw
JBEAVsK-NH4
JIRZTbssT_s
JJSMFHQEGK0
JTB5T5aldNo
JeZSr1omRM8
Jjy07HwTjYU
JnpnbSGEZc8
JoPdRsC7epk
KAMZaL-o1U4
KPw1t8jnEe8
KUuXrh33hto
KaA7kjw34kU
KqYt6MM1Xfg
L0WxXrE4gmQ
L7h1po55Z5c
L7n7XzpZEg0
LAIEj-syjYk
LEmfmq3PxlM
LFaTLCqBi4A
LUn7E0I-iwY
LYmrZmTxi_A
L_-bSah8u_A
Lddlr12n-b0
LidvLJxgenQ
LjS3tUNmLII
LwNCgaJiYtc
M0VRdauITmA
M5Vrar4w_CU
M8pQ7t2Dyp0
MFaYRbXWBTA
MGfARQOU1PA
MSFAqsNviNc
MYfxMcIhTl0
MguNb6VYLGw
MilW2x6N084
MmDz0H9touE
My53PCbCVIg
MyHaQ095uj4
N9xHUP0pMSE
NGtXTQ2sogA
NKdqkwb64eU
NXAX8MMm6sM
NichJo65sq8
NjUraPR56Vo
NojHqxiwtw4
NwKdcsQC0tY
ORI7EpwjR4Q
OUcKIq-zusU
OYwSAoFecew
OjPX3iKRk0E
P8lFcp4GjaI
PCEOvsk7aO8
PJCYygQaFnU
PhQksV8fbKw
PoLYTxLMUqw
Q1_V-JkZvnw
Q3nDfku5ibA
QBYh1fElvkE
QIk7u4dh-Hc
QjqzvqO5NC4
Qy0t8DB1OOw
R4CZvftHvwQ
RDpBJkApi0I
RE3XR3WZjF8
RTZf4X8fvNc
RbTNlpBHaQQ
RdWHRPW2Ngo
RipJc20LWrM
Rk_QDQQpwq4
Rvuu4yN-dAc
Rzsrf1Shp44
S1NzSHATV9w
S1u-SQFO-eM
SD5cZQIxyqc
SMoHH1jTCXA
SXaARHtEylo
SesioiutImE
Sge40EG3u0Y
SkelBHAIfKk
SkrCmBij3nc
StKu4McKkbs
T2ynOVuDLjU
T4NlZQb1-aQ
T81xMy21Sw8
T8FB8anPHD4
TZmy-HseMCE
TuQsnGEzA3A
U2vh5PYlSVc
UAMyN2HXE_A
UR17xlfGAe4
UTQodaiU8us
UYQG6M9ih9E
UZz_cyelUys
Uh-PpZAwQLA
UmVKRrrhMW8
UsrAq8G62VA
UtOSvXdJEzc
VT3RodUh7PU
VUfotq1OuCg
V_aHTeHVB58
Vdjc3oXE3Pk
Vf8YWtm26mw
VhNVbJnAsFI
ViBaYl9GCcE
Vjsn8TvWpR4
VyDDWV21M_c
W1ycx7K1PgI
W4vH4NjokQk
W82b70xbN_I
WIp4kupq8uY
WKjt-OcmLjI
X5qL2jW9KTI
X61-sfF4RUM
XHEgjhm9KRc
XJ_HuIKJ5Js
XL-NtsIaCUY
X_nSvzrVFCo
XmYTg1dWFdA
Xno9DMVvoKo
XwVEInBNNVA
Y5WC4XmtK30
YBajh7gSAlE
YHP1PAuikhE
YJ_TUrC-8js
YKkZRMW-moA
YOVncS7SeTc
YWLhikrDj0g
YbDQlshlVL0
YdM2y3pEZ5I
Yf_qB3wYtuM
YocDz0OPu5s
Yth4Den-00U
Z708Sg7DOZo
ZC4C63f-Ig8
ZCuqECjmaFc
Z_iGe7TfsRE
ZbVcG8_0bzY
ZgGrXuEggP0
Zq8GkqLPP7A
ZsqeBWjFY_U
ZuMoD0qdBDw
ZvF_Sk9mRhg
_IDeMG1Jb5M
_Rp_6Qn8JG4
_aLhm1O-LPw
_jw0Zo2wIjA
_xCpF3omJSY
a-9Ye3690M0
a4xc1applA4
a7jLTXVxJdE
a8dtR5szemE
aB_tAn_K6SU
aFpYeGi0MUk
aRcSqa0f7AI
aTO7lnaepl0
aYAmNAnJFBU
ayvt9bFc_IY
b7JXjkX3a7E
bEw2XIOa_pM
bG0wXQ59MuU
bJ189jvW0Mc
bax5I-NR8c8
blvBxi0J18c
bo5Gr5tZyJ8
bvlgLYA7QQI
bxrx3EKbcQI
bzDWLJeZH3k
c8WAE_YTx4Q
c8sbJT4cS2c
cIG8XGuYjUw
cd_ygIcykwo
cln2Nxse1NM
cnSM5XgAnMQ
coWxlTutpwM
cszDK2WzVfE
dOeFOVNCQcg
dPaPD-lcmRs
dTpKABK_l4A
dW748afPhUE
dWReHkP-IVs
dXSW_mBEfcc
dYY6ay-Tr24
deANqW78pTM
dfQMOwKUXlw
dfs2cIPOKfU
dh7UGPZeCfg
djCpMcYi0xc
dt107fx7dZs
dubVG1ye1p0
e-WLyv6UBGg
e4lSZr6jTeg
e7JbMWvPhGY
eJnQTCB0rMk
eQ8bxVEGtak
eRWk3fo1IhE
eWxPITglOaU
edCQ4i0JXD0
eszlPqp5mOg
f46xG0fHIME
fEv1RVo2AMU
fGQn_12dtcA
fPYIuQSLo08
fiTnuHTME_U
fkrC3qvdsNU
fz4zjxvBKIo
gBOxwQosQAU
gCSQvbaQ2bs
gN7jv6mqVhQ
gNp9qZWnXvo
gQh8ZSNrzfk
gi6GiBA9vJ8
hJ-gvs_pNlM
hJcOp227AAE
hMJwQ47W8ZU
hSM5UDQnOLY
he59EGkjYCw
hfsA57I2PDE
hmlV1cx9ZHk
i0YBJ8GcxHo
i3L8wsopkmM
i99xsxSf_Ho
iGBdgKpTCvY
iIP3UAGNYDk
iIp6TfyM3hw
iSyCXH45MPk
iSyyP3lUUq0
iY7cJr2XvxA
ib9dqarkI7E
icaYMUOYXQ0
iggHpvPHQHM
ihRKHza-bDY
ioSPtXFNA64
ivIh-2bli8I
iwSTob1q0TA
j2EYLNMFs7Q
j74b9qOg6fc
jGEqsSOrluU
jHBYk-MlJ3Y
jJPP1vZwb1g
jUlffiuvILM
jdEq9sL-dPw
jlU8D116s4g
jvqcsQv_b_k
k1t9LsgrRNc
k2eON5edmi4
kf7o50FyAew
l8bJTUfEmR0
lAS1siNyAAU
lCzfxZ9BVHI
lH2tYqiTZSI
lKtR0Tu4_vY
lMJ6YeDO_ZI
lUAe361qW9I
lb6tB8QZHnE
lcrefRFXBmU
ldKo5IEleik
lhVNq89b110
loSb0SQrZIc
lr6OR_VYwwE
m-h1Vf5q7cg
m0dFuSgYDgA
mKrDxSrBtb4
mQdiyT4PabU
mTKXcGpoe3w
mU12C8CSZac
mV5tWVawsxA
maCBLmTNsTw
mt1TtVlfZuU
myxfhw5-QXU
n1xudHLbc4M
n9Jca76OUPs
nPA4O08nqMc
nQHrgadyTpc
nYVVghrieaQ
nZg0uHsGyrE
ni4S296U7ac
ns2KqZJB2ik
ns4R-cL7x98
nuZSaEUfKpc
nwd-BNIrVyI
o1LMRYSGJmg
o4rk2POQc9E
o58OJb6VEP0
o6JXQm5pcDI
oCUUUvmVLcc
oPjHtzYcQfo
oTgagevKLOM
opT21bH0rlI
p2cubbE9CUA
p4qr3HqFdV8
p89FxhtLuvw
pB-pQX7JOc4
pOZDFtGnLsA
pnw282bsjAE
ppNEOxOYgqE
pt89izjsozc
ptWWkLfLNV0
pwO8jd0bH1A
qB3EYuLvQWs
qDgQ64o5N4E
qeLDd3a37TM
qiMBHmYv4jE
qzHRIxpk5so
qzrw53stoxk
r1E9VplELHc
r3jHNCFuPEY
rF95MJL63Rs
rHts0_D6S8s
rXiTI_UrYcY
rcWHb7ZlEHI
rwNFWYPRoHA
rz8eHSFe7hI
s3j-aMcz-qU
s4PJzf9bhT0
s6E_RW6rIh4
sBERW3J6acA
sC33P-Sjq4s
sE2gNTADP-o
sFOoeXcwkDo
sGjoEKYDsZA
sRu4hBBJkFY
sVB_JuztAVc
scmL3fUL2-4
sie7TkrV8DA
sxfIxYY1NDs
t10AKdr8bDA
t1r-r18PuY4
t70rmr8bDjY
tHfJd29cV_A
tJlDuBxWV8I
tPjNBpbcuFo
tiA3aet5gmY
tsoloQAxjVE
u7NFQUNDLks
u8UV86NBifI
uF5-J9VN9jw
uPGoDMkfqHk
uUWo2ujzLxM
uUlrPsMvewQ
uUnktxaZksA
uoqdpZ-orQE
upIZdKsyKtM
uqLNdzezO9I
utDhhXJUiC8
uxLAfneAZy4
v3_EM0Ac1Zc
v3cVJu9ozUQ
vJfLQ92Vrfw
vPIrPnVkM8M
vVloMqJEsME
v_ozA3UiFZ8
vg10q1cquMg
vjAIGr-wboY
vlLKOLCi8Gs
vooG9j8mbfo
vr1uIFX72Mg
vsQlx-4SUhQ
vycaCWt2Gl4
wDwhPZCOqa0
wKF2LhetCYA
wMAOajAJVcw
wPvAKdz4D_A
wSdrid-S8S0
wYlmQJCvQew
w_nvVghDM1Q
wf-kDCC1FAQ
wwew0TsRT4U
wx-UQyeBdXc
x0v7x6JdM-I
x300889BA6o
x7zz2-k8QP8
xAaiuM7iy74
xGOmsrDRdGc
xfEz3dmczc8
xkydspOJp1I
xryXzF3s-Y0
xuU_U2-C7MQ
xyBRQUGg4b0
y1ChbCrB5Ok
y2PtbOlz_3c
y7_wd_FLvu0
y86n7M0m07k
yB0kOmIW_7U
yD-4TjMvReM
yETioZqlW2s
yEVSl-6rf2I
yTy5wue7veQ
yY7MVdqykWw
y_54lCipo50
ybk6WETGc5w
yjWYdDaTYAE
yt9E7FU46Dk
yvEeuiGW3Tk
z2o2YQ7mOSY
z_fZi1PyEu0
zdk55D3COV8
zfHF9HjT0Go
zjlonXpNx-Q
zsSOA9YsFDc
zwZYNNqyYj4
zz5-jMW1qiU
