-0SKDXwHKkA
-5fiTBrM3x4
-D-OBZaInt4
-OkPKen3ems
-_Gv9C56heM
-cD66O01E4E
-cXZthWX_a8
02uOm5Kl5ls
03vIkZR2hNY
0EP5cNoNuXo
0OOmSyaoAt0
0UZb07imNLU
0Uqf71muwWc
0gEz2eE048M
0jRppd6c5J8
0mgXNgD3JFU
1Az0L_HiGvA
1YR05T347U0
1_0cw6OrBeY
1ddvKDLeZQo
1l9gqTzAbXI
1loJTy6bOu8
1tBQ7HbFJm0
2PdiUoKa9Nw
2gEkcL9o6BY
2jK8YP9E3eM
2uWps9LczH8
2var6ewNEuc
33xy_jpJCwY
3IF0hQnxFDI
3bbJeMBHq0g
46h44d3yrZQ
47oJYhwJsJE
4Xx9omV7k3U
4lFZjFYpL60
55M1cq62m2c
5BPC9fWqkDw
5EEh9JKzPxM
5S23sqSnBAw
5W7tXQJwAfU
5r6vyZ2bykg
66anxw_EuyQ
6LfFc27r6UY
6_bWFHGaPWg
6oPNjQDOqkU
6qGbkFhxYhs
6x52290in9w
75p6_pQ3jBo
77yXhAibQp4
7NCs7YiFRBU
7VxcTXud-Tg
8DGgvE6hLAU
8Nt1or4tHD4
8Qrj2LZAM-w
8U4O8XB14tg
8XpyKV8449I
8k6dKfmOufI
8w1BHjOv7VM
9FrsYjkKhBI
9Qk4owQ6NHM
9T8Jk9w9Msw
9VFGuupXwng
9udJqqF_0Pc
A25LHlMK_v8
A8RfvwwdPZQ
ASUUN0W4_JY
ASZWediSfTU
ATVbnilxIrs
AcRCgyComEw
AhrnIHZwqCE
AlmVKJelaAk
C0fGk1d4oIc
CH880_VrxxU
CVnJRfCSSEQ
CXnTZw_2fAI
CiHN0ZWE5bk
CrxqTtiWxs4
Cxqjyl74iu4
D-Q0wEIG3E0
D1yb1adU2vI
D4NAE5-qo-8
DGpwkWhnWAI
DHLdy_truEA
DoypFpi5d4Y
DsBACIstuTI
Dv22e62S4-0
DwJbHrdj3EU
E2hHbgAAnjc
EIstpPXKWng
EIyQcGyRXwg
ETt_l0MiXAo
Ehw8PTA4QkE
EoqBp2nW5rg
EsNjHaKwN5E
F44MeeHKBb0
FAdxd2Iv-UA
FgOvuutEXZk
G6ZBkpWqrzg
GOgsn5NECWw
GUBdltrsPZs
GV5_VUT0cUQ
GX8NMY7Qtxk
Gq-atYZFKPQ
GyLeBMdI_HU
HKvc5yDhy_4
HppSNAPYvN8
I55e6chHUs0
IAZkpyFEbLg
IJYDcXZMe9c
IRcmqZkGOK4
Ibtz92evxnk
IsEDigUHsOQ
JHhoHmiiXdc
JIGI-eXK0tg
JZ1Hgzi2ElQ
Jf6cdU4a930
K4sOfGKEaxs
KETtEHX3pwo
KHeNLFGlWLA
KM2TkM0hzW8
KRRnMS1sm6Y
KUvHzFm29cg
KYr6Yjol3xM
KlBG_A4Djp4
KsepwggEjms
LXUdRGw8UP4
Lub4EIO7hX8
LwE99t-kg7E
LwZel_emm3Y
LwcrRjCRraA
M0PY-vgLHCQ
M8K5w6qHoa4
MADzbn_EDdo
Mgyp94TZdqQ
Ms6Y-Vhkekw
NSlu8d9vooA
Nod54HFkH0o
Nt4jzVUEJjo
Nu3Y_jyeTyY
O4eXU8VHM2g
O7mEBpJVJbA
OEZ0XqM5LAg
OSQRTTuHLP8
OVjbelWgGkw
OW5wB8rJ8Zc
OXDbc7QfTXU
Oba_RxdESSs
Omr0JNyDBI0
OnnnJlXvwN8
OvN-prp1N78
OzR4eXIz_uA
P0TNJrTlbBQ
PF22LM8AbII
PLey7TTGXTw
PNpa6z2YXXE
Q8ccXzM3x8A
QSIuTxnBuJk
QUaObDCHVIA
QqIkKxhjW4U
R30ratQanWw
R6_dZhE-4bk
RDr6bSB6Vlg
RXTGInIbD_Q
Rd7nLOEsqj8
RjGlBn-0TSc
RznZ_e6aDHc
S7E-EIjA2EM
SRGf0Mq2Zwg
ScAeYKWf3qU
TSxWstqs0Po
TapxuW7k_Us
ThP51oPttS0
Tz2D1aahd5A
Tza4NIgrHJg
UBmBMmuUBMk
UV0wtX9AXq4
UXo6WvHRs_I
UmxpUFxHlGg
V--pS7Is4P8
V6ZPpC_lyYw
VB55RwvoPi4
VZiWKmhuaZE
V_ImRvMIiuU
VjZyOTES6iQ
VvcdO3hY5RU
VwGyqJMPmvE
VxZfHQrEc7c
W7VcLCwnpt4
WepOorvo2I4
Wk5mdMSvjvY
WlSLIW0gZtk
X8Dhp83DiDk
XE5PNbsUERE
XEfKq-pQBcc
XJY24_n7nb8
XQHw7qQrpf0
XRdh8gmVR90
XT_iZ7QEit8
XjXLJMUrNBo
Xzn2ecB4Hzs
YI9Zz2HRlhQ
YO3eDYzFp8Y
YbzblfdgwXY
YfLvuH41sg8
YoQcg39Krvk
Z0DAKaR16cY
ZacggH9wB7Y
Zbj8pMfK9Ek
ZmAcRx9dvhQ
ZrIh8fZ1pDI
_DjHR4PWYOs
_NMqPT6oKJ8
_XgcPso9VHg
_Y8HgmOoLCM
_ezhdhHNku0
_gaCAFcW6OY
_hcp5NT0AyI
_zSgrN_jRaA
a8UQy3iaBfU
aJ6KRrEda-Y
aJM5Bkdzspk
aKR0ADUhjNE
aSUlCB0gNK8
aTBvPxQIFts
av8aDFFtSs0
bHVkR3s9KX0
bHqkl51KzmM
bJv55ebJbhs
bNox3jUG31Y
bUMXc6fi7yk
basLNz6frO8
c-0-zH4Ip7w
c1d4SrbhjlU
c3p3VMNpWGw
cPEwkMHRjZU
cbzx_QautiA
cezltcn9Mv0
cmBljeC79Ls
cqI261zNsCc
d2HiLFflKYs
dTReFclu_PU
dTg_WNsrOj4
dgoA_jmGIcA
doTHPDMhWGM
drnq_6ffTbo
dt8nAusGr0g
eA3SDiyMiWU
eFS5Maa3bGY
et44NAT5l4U
f-maIyowcmo
f3FGMJ6TNF0
f83AwpY9zhc
fMlGs4X67q8
fW0W4a5uziM
fch483sIoMA
fg1B4ZLTzPo
fk8JlXWtBNc
fmpV36u9wJU
fytJ0ZsbIoQ
g5NBgU0qeqs
gGvyeuDT2Do
gRF9hM_eFPU
gcsaK3QYsdo
glHr9yrV2AI
glOWZoFnB8w
gs3mtZPySeM
gzvPH6A5CmQ
hIgZG7A1fqc
hUFOuoD3aHw
hqPtMqw6CSo
hri1IsxKw3E
hsEB65Q4kHI
iTKv5LUfITc
iyxy1sZfDTA
izy4a5erom8
jcJC0a1n1B0
jdRf3hXt4XA
ji-i6XCkgC0
jlJNsRZ4WxI
k1oh3lXR5PE
kBzn4o4z5Bk
kGsbBw1I0Rg
kOnoYQchHFw
kWSYuskD-zM
kYjN0BODpGw
lPwzY_PwlNA
lVefgfmFg9o
lav6R7PpmgI
m7C9TjdziPE
m7ri4sqFzII
mEN7DTdHbAU
mHwHM5KjSVE
md1CKUQp04Q
mf_143gkKSQ
mgL_qH70KAU
mkiCPMjpysc
mxpVbU5FH0s
n9MhSc2YyKw
nILOHp79njQ
nJsFsjSWYx0
nacPIOb68Ws
nbEOGtf4hv8
nhNPKHbg_64
nhhdkYFmd7A
nxaI3wHVA4Q
pCrntRaolIA
pXYlOC6u9w8
pw6JIB3pM2o
q702wxf_OPw
qI5q6OqSo4s
qJ0m13iJw0k
qNBTygWcy0s
qgamfo86FQo
quoySiCVFfw
rOdRbUQzajo
rXN9n1eLZes
rZU8Y9DIBtI
rflupY5Aa-Q
rtHSXCayfHY
sS9KUlrytac
sVYUqMRolaA
sWDi-Xk3rgw
s_NN8pZxTP8
sy5NY-Dqdys
t9HprfJ3gYE
tWWyAklkYqM
tax2rXsJ4IY
tpLCu145-Zk
tvsC7pktQwE
u1Lz8pm2npQ
u5uTAt_A8BY
u65EA7J15VI
u8xx-cfzAeA
uNTativ_vDU
uc9P5yb3Xtc
v0QQtxwta38
vGH6-BcKCME
vKS3-npxgls
vSgPRj207uE
v_M_iItYidQ
vbajL8kvue0
vjnFDoXSMBs
vr0HiIed-8Q
vv1134PLylU
w3Nu1pSg1So
w3TDO1AA1Sw
wIgd9C7NgcA
wLlA1w4OZWQ
wRzF8LxUtXI
wYSUchAnQfo
w_DenvIA9gQ
waKx4RVl_u0
x1tjBrzJzB8
xBe-5KSFXEs
xG3-_tgDE0k
xMNbDLHdZnY
xYmv83KghGg
xoUNyGUCzqs
yE2QFJIBrko
yLTrD9LYQTs
yTeBUpR17Rw
yYZhNBYYmLk
yn5pHqENfJA
yqCc2iavDNE
yzPPnP9FQeI
z20Ni9FQ5YA
zNWPzFczmLY
zPgtPF0kduA
zTNQOShuvoQ
zY-PBkxAE0Y
znOcCSgPLTk
zpz1NewULzo
zwdo-2gOTyM
