-DgXkG341Ss
-EqAAgHQoqs
-FhFcatKw4U
-VW3UIsjSQ8
-mOr0eANb0Q
-pF_H7MSKw4
1VKZHYfOqCc
1miAMHLwYDo
1tzi3SlNCCQ
2Fg-v7Wf9OA
2nhWIC2yy-o
3-zLDNISLfg
3AXTQIcuZ0I
3db_5ey_ldU
3mVfYXQ9VrU
5IXWzbNeRg8
5cDHpnhXhp0
5jLO8P8WNnc
76dVlyRTFFY
7BacDVJspsM
7lzwYJpTY-w
8TfcbcV0DMM
8YFuT6Jwhyk
98wHdzn42tQ
9GBcl9mYZVM
9IxJZDg2aQo
AlCtEh2xtNg
AmWfEyKPB8E
AxkFtlQvi4Q
B3Va1u1TBPk
B9oxVtiUmnA
BJ51nN0Tug4
BOqLz1kLDvc
B_XhGwpGXdo
DOm8J53Q3sw
Dv44mUcGDgY
EOsXZewRw5M
FILp0RNDbHw
FtsC5BfF5XA
H1hNTfSsHXg
Ima_bKbI0_Q
KIzCrcS-JGs
KJ6VbimTdZg
LnVcmtb-WOo
NMHffhlnvWo
NQCJfYF5bkg
N_yZ6r3uXL4
O52clgMC_hg
P2BW8Y1u11k
PoqkrSrun5I
QLmIVZ2cf4I
QfZC_jVvrHo
QiHqs8vBcNA
Qqag4MVsNEQ
RKUgJsADRaU
ReBsVylSmBM
SdlNHJnrbVY
SmSwiVUEvuc
UEdiZSnoLg8
ViRkPvsHkLw
VkZjcAgVKvE
VpLETas_GAY
Vv85e6KES2Y
WKBm8UEqsCc
WWeHlW75OFQ
XUDe94w-AZo
Y3ArOXI0I7k
YZ0NkMsOR5Y
YqlAG2IdPp8
ZJnYsFcjL8Q
ZkPTSWFvxd8
Ztqn4O-t2DA
ZwR52t6Obxg
_6JzcRpfYZc
a5w6sU1C41Q
aQMXvNSsW90
aYdviK9617g
bOynIFmnwOU
c6TgdaDyJB0
c6xtrxql9X4
cIAxcElFOIQ
cWsTrYtBXHE
crHT7rFm9b8
csU41xqH9pQ
eaZ1m0qBktA
ebv-ZHu9S7Y
fC20Cra1O0E
gS8qvk8VefU
h8RBHLELx1c
iNzkTgXpHig
ibio-u1s210
iw8m4fgBYIE
jUYBVgIclgY
jyCMf7R0AQU
l0KbBnty6Jc
l13BuMHIqXk
lEr_k2NDZ2k
lIRIlUyzpxE
lMkMP9QQcng
lWFvk4M3hcI
l_b9IU74v-E
ligKLzm0pXA
lrqoCT_A7g8
mHzu3Lo_I8A
mPYpD2md_BY
nBAZW4-pF7E
ooAe-6eyXg4
pFSm1yom-20
pgYkuQnYEfo
pvIcQrTGIiA
q4nY9YE7DOw
qRuhGRnMPMI
qZDTn4Dk54U
qZKo_mYodsU
q_L7Tw35rhQ
qe3pzfpydtU
qiQbGuUfXqo
r-RuFrRQr3U
rBehVVGdp0g
rDLag-Nkgdg
rIyBoXGgYfY
rQwzcgfgjxk
rYB9bwuNt08
raPftrZg-Kg
ruZkdHH-6jw
s34ZfeO6HjA
tFhR1I_VGtA
tM1nZaD8Bh4
utuDTYf3OyY
vRAm153cK4E
vr-AMkxpufs
vyA0DvXjm_Y
w-95gKl94go
wsQ7PdKcGcY
xFTI6jokrS4
xZDjV_5LhOI
xbvHAr6Ydt4
xfxcCSlax60
y8su95fFEpE
zAFVeEQ2RQU
