-4xqKwTcq5A
-9CjK1ZRqxA
-AtACj3eYeY
-EYp59RmTp0
-IJpNkiczo4
-Pds7aZGLLI
-VbsfLKgZaw
-Z6FQXZcgKY
-d_YPd_vPIA
-eHogJgvlMQ
-eg5LvAwZlM
-mBPEpWSp9Y
-vogycooR0g
006FyoNQIPI
03nveZ1_1dk
05rjgeY6wSU
06cXaDwvAfQ
08WIBFQKwQ0
0JeXPw3ZcPg
0LBHFLh68BY
0Q1Nt0RYeE0
0WL1Jsd9XqI
0llZm4jwWR0
0lrsX9dxkk4
0s1p6HA6tgQ
0uaI9tNpdwo
0z_oHKkSnwk
12uP2umUqfw
13CBmUrTk1c
15B0se78gd8
18tpGe0QKEk
1E9l5i6ZzLc
1EQr-CHfkGo
1M3r5m8lE1A
1NiNG2WZ288
1f79fpB3hnI
1g2NCWivcYo
1k_pUnSIFJ8
1lKxLYuDEjY
1qiSLNlkX08
1rmOx8ckDGs
1rzBLRp9b34
1s_hOQeq6sQ
1uCyblaFL3A
2-xl5KTlHiw
21z3JfId60c
23VaDoaF_BY
23qqwPhb5ww
24KF4Us-yas
24RlHuBRss0
28Rbii20e2M
2CVXTwy2SvI
2DFQYbNKAyY
2DfGSeylQ5o
2FXife-z2gE
2FjCZfvjKXo
2GDekxFOSQQ
2GZKHZc4M2I
2MP9_yYjigM
2RcnYN_UxVo
2UYilyBbEY4
2VowRc_Nx2k
2W9i3nrvuqc
2X9lYwW_gbg
2Z_Tlrjdyj8
2_gQZzmm7Pc
2hdHbYSBxAw
2qJVFn_PPsc
2r2Nfel8-sE
2rlLpopPSuE
2wb361_imEo
2zQu8omeO1s
344uBKnckgY
36XJ8akXdFM
3Cdge1V9U9Q
3EKyf01-ZUo
3S_bIkU2GQs
3Ti2Z5xPtDU
3ZtkMmVDNEo
3cyn9C-cCas
3j7juCPg92s
3pzuqYlyfh0
3vGZ1AQEptg
4-xG-Zopn6w
41eSn__ZfUk
42wn3DWgc60
4ErVQmOK_yE
4NLcmLew5SQ
4NR8Xq3Txq4
4OZDCSfb2SY
4Pb1F_XD2yc
4UwiOC7WRr0
4WMv_35oPrg
4dAzMH0ShL8
4fHSMp4wwPY
4hQlQ_uYSbo
4hmieUDTOwk
4mGjyOUap6Q
4nSt-E5c00o
4whoJFInlns
5-U2q0mOB9c
50wjUlOXWDI
528eT64iUeM
597xMzkrLsI
5M-_2opDzH0
5M2-fEoBCfI
5Sv-p3nStfQ
5Tx4sKCHs8s
5WtQeej59JM
5fmasrNpfc4
5hhiz1XJ5kw
5vglOG-XBpY
5zyroDmCnW8
65AJoLukt8k
68RVQaAHOwQ
6Bn_LgJwkVI
6HrkPcY9Teg
6JO6aA0NRJ0
6MqaGJ6lzpQ
6RxaoEaDETQ
6aKGmRpLZko
6iGs-sIDRCw
6iy_gkjRwnA
6kyTuQRo_nw
6rzQ86co6hs
6t5Y3MymE6U
6vU4WLE4lO8
6wKNjj2uur4
71XdAZ2IbXQ
77monsjD4eY
77zJ3G8LtVE
78vvYdzFziY
7A38ky_Xl0Y
7CZbONkxjls
7ECoqQfGahw
7Fsr9Je5r4w
7KOIq-3kXKk
7OVXQIKRypk
7SqtxRKl5Yw
7WprHpcoTPM
7Xm8R2z_a7Q
7_aM5LRMWro
7kBwGx4hT6I
7v-vAFzh1t4
7xdFhH2PNt0
804IsefSYLk
86euGIHul3w
88t-kD-Wz0c
8Bb1OVZKs9g
8KHatTI96-c
8MSG2Ml8IoU
8NLTKTHlW5k
8R0al7pZWLA
8UshKwmQCQs
8VKxwmZWMzw
8WY1J47-jMg
8XBBNdR1ruY
8aqf_SyNbXk
8gBTqcdQ2Cw
8iTkrWRV-Rs
8lkkrGLUrWU
8oFwMlkMQGo
8t29m6w6kMo
8wJhZj6JYYk
92bTuO6TdjA
96WvgtAUfaw
97Em3BwuEHI
9AP0CP-YU8U
9Kg-S2X1Pi4
9OY3L-LhAd0
9Of2t0LeKp4
9P5ImgfQCzE
9VxpxCZLhbs
9WHymNyMFrI
9YbmDj3cAaI
9b4V8nv2jLI
9bGjcHWhmFI
9cTt1m7xg7w
9gKE7rYlmzg
9tHJUr-kbIk
9xaY0-lPqjY
9zICefTsDKI
9zicM3rIp7w
A0YSvxlACFA
A1TBak0j1Pw
A9OazeMnbxE
AA_Y9X88dZQ
AAmsizec7Zc
ABOsyOtI4bU
AD9Ul6pKatc
ANSTTdBirvw
ANpgEnkRKJ0
ARhaq8YRPk0
AU5HSiVY9x8
AVocYEyiNhU
A_ZDy7aH7mU
AatcbU6e_b8
AeRC80WRQlY
Alz0tOOFcJY
Amk8hOOWpGk
ArfLN_VZr5A
ArjLkPyGYTA
AshwWN7ngG0
AwsgYmOp8WI
B25oJ87zIZA
BaCvbHzc5qI
BbCD5D9DCQA
Bec99jsOuKQ
Bnpm3a2qoIc
BuVm-CjH2DM
Bxd9dcJvBFE
Bys43mitgFw
BzDVlBwXKPY
BzDi4AvwIoA
BzLcmIc39B8
C2sATOZpyzs
C3hDLFXP3Hk
C42Zj9iU770
C81AhvRbmuM
CGwDrZwq1LE
CH2qMKUTM3k
CM-d7AKYxVg
CR5unyzNwzI
CUNjYleaKMs
CZdg_bXSL30
CaoElP1FO1c
CmhOx9S6BFU
Cq8kWAG3iL4
CvNIi_HKw_k
CwmB5OiuZo8
CxHMRZSlFUg
CzvbrN9nGWU
D-63pBs0OlE
D3mMSsYSD2Q
D5NQzFNkZAk
DA-9FNN2khQ
DKkvD3LBNWk
DOFybthCNaE
DesS74LbYQo
DgDBN0CN1ls
DhpvdcyiyN4
Dhwnzcsle0A
DiXGR_YqBqc
Dio0Tb_dyd0
DjU-Q29LG3A
DtPWgDJYH5Y
DwK1aNpOKn4
Dwge7oB71Pg
Dwiww1OlaSs
DxlnkmcCm_Y
Dy2E4_EtpDE
Dy3bvGfbXdo
E3FODMwOxrM
E660YklRDDY
EGcND9zj15g
EGsU65GZatQ
EHKIkUHSScY
EI0XN01SNY4
EJtAFpdG1xw
ELbl87SzyV8
EQ2gQZrsmas
EWAhbn6Bauc
E_yOrljpJ30
EbLbC99Y-vE
EfMEJ5GSaxg
Efs2oPO1f1w
EggulMS9Aaw
EjUO8lIMVVU
ElEhl5BgCDM
EocALB6YMik
ErS6f4OVmHg
Et3L8pMniVk
ExOdxH8luok
EydoveTv044
F3-av5MHuQ8
F5RcnNcN1OE
F9ti1FsJqMY
FCFCphDOqZY
FD4kkPbHFx4
FHpvxXjO4Fc
FJ40fSRpvhA
FRPvA8idp80
FYE2bpQkbFg
FeS7Aoznmuo
FgGW-ivQ8z4
Fk1boRdyMjw
FmO2pps1bmM
Fpce97x0wzo
Fu6UqgeRL40
Fx5ZqjkVgxc
Fz4jlReYXzE
G8L-XN7gSak
GA3nTrbPgVU
GBk3v0or3jo
GHkL6iQFjwg
GJSCQG5waUk
GQ1wWlN-0Ko
GRoP_JwCi2I
GTiFEvD7g0E
GW5PSU5ap5c
GdqWjVT6bfk
Gf45csChhZo
GhwT_9lHz9M
Gir-x3toi1k
Gl4sV4aXgKQ
Gm6A4rSRnLY
GnHs0_iNUMI
GpqzbZ4WTps
GqlfOenKYW4
GssatwDnAkg
GyKH3EzSSZw
H1vAk-XZesI
H4hpimzG5x0
HJv03cGb48w
HMwKIVhbX8o
HNtvYU1VSNs
HRzhNcOUyhk
HSWApU2vmRk
HUgcxcYuqpo
H_bckweZrok
Hc5cPHj6HEA
HlcXSl3J7rw
HmaVNBNpT4o
HoxowGBfCtQ
HuRwznkg0HM
I-e85B6jAuU
I-lmyozZHrg
I1t5bSu3Avs
IC4mY-SY7rQ
ILzJRIb0N7A
IOeKwaYLMMk
ISv1fDImxWg
IYQD70_hXxI
IdkGWSAzfAg
IeY8amQB7pU
Im4xasXEbb0
InUQWTrY7jo
IocFRqO9jVs
IsrFaQhV3BE
ItUUmukrKM0
IxYQb6XeEKQ
J3YeJbmfPls
J6N9Esq3hK0
JB8EqJTU3XY
JBGa8nHblBA
JEWO2iWGmX4
JEz8IXWOdi8
JGNItBkI_Io
JQ4PR-xybCA
JSXLcDDW8Q4
JWa1y0yu_uk
JZUz_S8EGxE
Jdy9l4nk764
Jmkl_HLuaqg
JvgIk0--VIk
JxZX88qo81w
K351viNVATg
K9GdZuOK_P0
KBkwVVpuM3k
KCU9LRgoZ3k
KEMYzgEzaco
KFYC2nIvyC8
KKvo7htbbH4
KXX7j6Dhtio
KXrrdhFv0iI
Kb4pDUwdKKs
KcUszTLIioA
Ki8QmVmOnLs
Kv_-MM05Vsc
KwXAKFzwvHs
KwoOI3Xy4Y0
Ky5crQ92hso
L5TpQzmpoZ8
LAEp4t-iDlo
LAZu1VEZuxw
LBJxL30WhWU
LD28IA69VY4
LFpJvnF16j8
LHFQoINtrII
LL19xfUS1nQ
LOvaexC3FLA
LWoXclXeSkA
LX6kgBp2KfQ
L_N-TB0-K4E
LbHtpCybSEo
LgAS3ir5rSk
LozRynpk2Cw
Lt6qyhTm25I
Lu5Ozxq-Gpg
Lv32YPqwUMg
LvNGjlAlV7c
M2_GxX55DcU
M4KpFZML_QY
MAhhhwQQf7g
MCaueoOZExA
MEOiZMb3AhU
MF0yEar8Akw
MU5kcLLYKPI
M_YtyKFC_xE
Ma-XJc_CqPI
MbndAaZjRzg
MefwUztJmDY
MjsQTx9g578
Ms-CQxEYqzA
N05CaN8YZ8c
N0ujotp6maU
N61FkUrw-VM
NNhcXFhXwOw
NPeyMoSWQsI
NV-5v4_JNu0
Ndex3cCAbBM
NfnoiQ8GRho
Nnaz_0R4Ez8
NpkMe8tZWis
Ns7aqBeJ7nY
NsjnZg7FY_g
NtQ5zE9YDFo
O19F4W1uVVQ
O3yIFoyIVGs
O7HA-Y6jz10
OL-8Rj6GUlM
OT0tfC4NDYM
OdjAothoiJ0
OjqoJLEgS_Q
OlSjjAadEqg
OmfHYMYOUFQ
OvF-y8QG7XM
Oy0Th7b4J_w
Oz_pGLziQcE
PEDGunXfgpA
PIdYkEiwIUE
PUZWj6wJIh8
PW5SQSKTMmU
PalmH3fRfHg
Pc1ILXwtN9Q
PdTopXI0TTs
PhiUlY3g1Bo
PmiyeOKRrEs
PnM0SPoJKVA
PuNjwuCUAIc
Pv0hlUXoy7k
PvuZuwc-Dgg
QISSUCPs2fY
QIwUwX0WWVU
QK_M31LKThU
QPYO-nydmmE
QWMdc3jn9nM
QaNWGsOF6NA
Qc9wCG1ErdQ
QkR5vVdpEew
QskrfTk82B8
QtS2IvtJM7k
R8a3r9POVRA
R9kQuy90OGM
RCak7iEBl7c
RFMHqvSQS8Y
RHlJDpYB8po
RJDhyBhgxVg
RJWWnIWOS_k
RNiNCua9Dko
RVd4BTBwR8k
RcCkY3JWFCg
RctYHwkK5rA
RjMxJux_sJE
RjaqpNEoKO8
RjwnDF2dRgI
RoMctnWtmR8
Roxp4GR23Sk
Rq5C9YBaNdw
RtBOUK-cRJw
RtIhVM5VSks
S1hjIMyRtv4
S72aEizKuFE
SAlkRyc3nic
SCVQg1H1tXw
SDaznEV5JN0
SFQI7VIk6kU
SL4cQcSAMJk
SOGlOkm2Lic
SXd1TTz2UG8
SbadZrnT9bs
SjRSFsKjkYY
SozWG_WAWl0
Sp8yR8aaF1I
SuJ4Rng5BBg
SuuUvkjY-qI
T7pDjSwQTyQ
T8UZ4_7HKg0
T8W7Ikmmef0
T8fAdLJwabg
TFDYJPlt6mU
TG4SYGCpaPY
TJbvmnecVOU
TTfrD5JjAO0
Taf5g5mk3Hw
Td4FA_vrwKM
Tf7-HTN2HOg
Ti0yrx2HkDw
TmdfSiQI_Xg
Tmh-mOrO70k
Tpf8y1labZA
Tr3R_77US1M
Tv07H3DNVCk
Tvbozlg4VtE
TxSOFHe6qgo
UBroafT9I2U
UC9mKTUZ01Q
UCjWRhyACFI
UKaokBZeN74
UcVPIOCpygo
UiUZ0w93lh0
UmZKBRA2X8o
UpSarX8jsuk
UpiVPJkGZ5k
Uqwy0dPRVOw
Us5E8A_X75k
UtquSQ72FK8
UvyDmSWZL3U
UxETRXYKb8g
V-Z98n33kNI
V0zTvCLdhDM
V45IvJF06HA
V513f-Wvxtw
V60rO4LWGoc
V8a1c4IxPf0
VBHkYEVUanM
VBJ0jz50Ivw
VDD1Vx5klfc
VELjSmSpt7w
VH4OLQkWbHI
VJa4GQ9XTH4
VLQdIg5p5iY
VOSoB8npGYM
VTtMIZLwq5M
VVrIBtQBGbk
VanOWgNihqo
VbJIHJEhS_s
Vi5eoAbZldQ
VqVFBUKa9Cs
VwooWH2ltAw
VyXk-o3cznA
W02HJ8j3vAk
W0xqf5dG9ms
W2n8vEwIbrg
W5Hm_qWYfrI
W6OW6vJ7Dnk
W9OnD2RvjFk
WGLE9WwAhrU
WJnD76PlPKM
WKGOoWSI17E
WN6Sb4SrK4c
WOIT2sAQ75A
WU-XLrWSWr8
WXVuoJSZ8l0
WZsIfjZNQao
WaBXcfg825g
WgWwL2NeMs0
Wkglp5ElCDc
WmzLhiUkhEo
WnglgfaetRI
WpgDPwo64lo
Wq0spzLifI4
X0mzS6nqzvQ
X16bVfqD8Is
X48sGCBlTc8
X5M1J3Zah6k
X7bAS7nr9EE
X7ycWdu7wHo
XLGH9ETep9s
XLOaBb8cyYo
XSJ3o3EpRlU
XaTSt493_GA
Xc8_MlmF0rc
XigXQoF2eLs
Xj1CtGvv-DE
Y0Bpv0TTrDM
Y6sGJLoLTQM
Y8uyhwd7j4w
YGazM0u3Mzc
YMYJi82sftU
YOpJ4Xkpk48
YQJIb0tWmJc
YQNBJg-vNSk
YWLgzpTmqh8
YXU9GWtlZVI
Y_QTvYTEnSY
YiTI6tMdjBQ
YkzXF2WlVzY
YlKmbw2L-Rg
YlQeXrENAw8
YnRDh6zi4qc
Yr0PEvSjJjU
Yrdm-d7eKJk
YxeTSfmGPYw
YzUPK1_tWQ4
Yzwrpf754yA
Z0bXXUPoFk4
Z13oXX-oVRQ
Z2k4Alkk30s
ZGapVkSD6wE
ZHTeNQA5INA
ZHrY2t3tmiQ
ZJrtba6FDSA
ZJxHOtdJVgk
ZLG_BPgxDLs
ZTL_Wyw9awk
ZVVXFj1TIoA
ZWC4iv6cW0o
Z_UY_0a02uI
ZbFztZQRz50
ZxS3OcQWhAY
_8hnUhnNggw
_8yHigpdGXs
_GsKZMMVyeE
_LC1DUD6RmE
_PEYyx2RShs
_RxUHd4roeo
_S7mvEPQITo
_TWUnMnIT4w
_V83ckq5jb0
_XuaiWV_W-4
_aEXKCmHy7w
_hJkvVILGKk
_ic7K009UI4
_lNRRrxF7RM
_n3Q8ydFDpY
_p4Ln53Kk_Y
_tcV2r4s7SE
_u5ivA_5zyw
_wRjHg0FgDU
a9hcdHwNPcI
aCLPFg4X9qg
aDBJJWUp4YY
aEbpGkO3w9k
aEs69FgrGBU
aFFyAx6qyFQ
aIUHcGurKTI
aM23yPwZzPk
aMLzOHuf_JU
aQ_9aihHCT0
aR2_D6ieGWc
aSfA8GWx9Ew
abRB2bGlKYU
ackOMHhbCII
aoykZkbprpg
b-5V5D1u4Uw
b-99_w2kMmY
b0twUppY6Z4
b3KzHU-aLz8
b6Xhxuf2xuw
bCsHLUs8mZE
bFWh7A7ELYk
bFlIlPzv_00
bLW_gr7sQgY
bN0g-tVYoQc
bPwhoJ57jFQ
bQMpC9yovz0
bRserItYTE0
bTWv28Zxi8w
bTsr-Pt_Na8
bX3qvhf3S6E
bbjnO0xBjxA
bcjpKRgFoZQ
bdCZNAX-Q0E
bm7s1hR-XHs
btlzXgKOfAc
buD2Cs4hRHM
buFRu1m88gk
bwzISQzmM1c
c3UkQDel3j0
c6SPVpZ3jA4
cCzO1G34Zbo
cDW1Itu2JXQ
cKKcy21nr7g
cX1c8Er-R_Y
cYkrXBvUtIw
cahaPj3pAjw
cfczGu0xnf0
cgVi9ssOVbQ
chyc8a_KKcU
ciN_iIgDm4A
cryNE4XBwT0
cxCsNedsEpU
dGUzYwRum30
dHP4Hz987DM
dJFZsakdOto
dL3pGut7K3Y
dMH2qIoe_yE
dNzs62LveLs
dPPdYWpYd4c
dVHTwtH6JP0
d_oB7rDHI4A
dfqTx_AXM3w
dicMbhc2w04
dkTiPz7SdhI
dsKsvvAivyY
dugsFZ6SGrI
dvVw1TETiWs
dxxxEShMvag
dyk9rRnn3g0
e1xqrtwVia0
e2ODL_1Vbvs
e3Ao34bKxSM
e4qtEQsUIAQ
eAkXVNtlMT8
eGXYLnQV_0k
eIH7j0TTPUg
eIJxEMSqm-I
eIPyVad0THM
eKjLQkuMj6k
eL3CSujvfSY
eMhcMBeJnYs
eMzcA01K2u8
eNAikdDEFEE
eNJzvK8AFv4
ePVhE89F4CY
eQnUuSBtwb8
eT5RrTZKbso
eURD--blEUg
eVUYJs8aEb0
eWyJu3lkT5c
ec0lVvF6xDI
ecFns0SOtQs
eda9IU4XZtw
eex2tmTXxcY
ek9mNP_6ihE
ep5g9m69txI
euk9UaTj1Eo
ewxL2jonO68
ezarCHZajNg
f5zItfk5TPA
f7rEVUTvykw
fBNrfqEKTqw
fHmIb-yEb6s
fRltyi0huVE
fSGZIU1nCM8
fSOchfPG-7U
fTtYK6Ll8rM
fbLLDX3KA1Q
fbqF5nAEu9M
fcHByuxpuU4
fcrGzewbKzY
ffPu5R9zhys
fjh6lpDfHP0
fjuHCCp7bxw
fk862takh04
fkkQjl53op4
foN5ULb_3qo
fq7FOMOxR5c
fr0wkf2u_Ck
fvetzM-17-o
fwqqAr8_gsE
g3kavLBYAA0
g4078UJeNVg
g6igTJXcqvo
gDaQ4kPhT-w
gJpjWPZLQWE
gNT3pcZN0XY
gPN7kNW4Zsw
gWUSbcgc-Ts
giTZP3lAnxs
gjDwzgH5T-w
gk-cIyLcfN0
gkrvGsYHpq4
gqOCaoR4eDQ
gybgyVrLRDQ
hA50FoqW-MY
hBEjFfWq_yc
hC6NNeGslHw
hFdTTtMn5SU
hGD-CZIwFs0
hMGhs6-4kFk
hNnGX_h6Bc4
hPvLoXfenmA
hQ-SkM9josE
hSyxc6YdZYA
hTCqjpXiUN0
hW_R4mRx2oA
hbTSAx6RuHI
hh9ZewaoTo0
i3UpHh-0TLQ
i74WKXFxuek
i9PyMdoAeQA
iMlCq2A19IM
iYqd9XOOiLg
ic8rdifH7E4
ieWm7wv5xaU
igGSmPasVS8
iiIhGDPqMlI
ikhhimZ04hA
il4VRmlilGk
ipNX8Eg_FiA
iqXVN8_GHhE
izsxWtiI5SY
j016DHtTZCA
j3QoJXdqMXk
j3linmeXJdw
j6FnB2GSJOM
jTGO6eunjCc
jcJHrp5eNRI
jg-9bVn7V4A
ju3DLEtUfno
k4vdIcrWgXE
k55_UpE_cmQ
kChtHEemJ2s
kH3K2H4PFfY
kHn54F5Pdb4
kLP_Z5nyYzo
kP9ey8WDjmk
kQwn1Eo0kH8
kVQtytoPU5U
ke6HfzDGs9Y
khNvDx2-0UA
khRbRllJp98
kiL03oAt-9k
kiieGokiFIg
kqGfJtrJFD0
kqx1jZOJwgY
kxYgZMNcNOA
l-9YcgL3Q8o
l-ck6xzyFdc
l02Qgbaf0kw
l2tofJ3y0e0
l4aAIF-iW9U
l6Ub6p8y9XQ
l85yoD3Oo5o
l9K1ddUsqAw
l9Z1uTX7z58
lBLQX55CipM
lErHNd16pfE
lFXGUtP1a2M
lKUIA4Bp6pI
lLWvKupHx6o
lMF2SrngCc8
lMF8PwT2YTE
lQTPnbpsAIc
l_sM_lvFUlo
le79aKbZfLk
liSb__ULWjw
ljGezHvkYhk
llC-BtLkvo4
lmzF9P5UExI
lpS3_y7P1Eo
lpra2tmEaEA
lxtM_c9Mc1A
lzDqKrWKZAw
m2YyjotbIls
mAF_aF68Gdg
mARtrZPl7ow
mAnRYvr-zTI
mDa22JczYPs
mEhilwpYWLk
mGIPtX2Bqk0
mMIeBqvJnsQ
mOptI41XuC0
mZCU9nkn6TI
mhvfI6FgumE
ms-KswXXYRY
muqXemFH5JU
mysbsbKD6d8
mziAfHmh_8M
n0ApqA1s9f0
n5pmU91T8pc
nFGgiqQghOQ
nHkX8D1Kc3k
nKCOYh4NuVs
nV6Sq5DH2V0
nWwKePTgECA
nZIiHAtOntA
ngguwqBFvJc
nkGiFpJC9LM
o-8C55X3juQ
o2hLryMLDYg
o3x4Op7s62w
oHhwU9zGBOo
oHi0DIP2Vac
oIC7VMYK9AA
oJjLRv4YyHs
oLy4RRKVhJg
oNGNNXXUgIs
oPquN8vyQm4
oQRknF5eRXg
oTS6KDD_GUc
o_QhT-qqpYI
ogkee9_DpDU
omKtJug5gQg
op0n4JCDwBc
osHR6rQ-mys
otwAnKpzpxU
p0iDZFJ3CrY
p56Qie7dhkU
p6CtF-NyUKw
p8wsvEggFrg
p9SqcbHZv7U
pCvNlMsOOKc
pIcYZm6WKR0
pLCFRY4bL20
pNBBRR5iEZs
pNHy_s4bJlo
pdZ6rEpfjzM
po9z-gCN3-A
porZEE9fZws
psB98WPOYDs
puvxjr1XpAc
px-Ug66qv_I
q8MF4cdhgYI
qCIS2prGpis
qCORFVj-5as
qGGmbUy-mW8
qIeOOz12wG0
qVj7GVTATkw
qdcaBLUsgGQ
qfn8AdE3xKc
qlX24T5WEHk
qsB0RYldSl0
qx7Ik2a9dpg
qx8PrExFUd8
qyLmzO2Wrpo
qzlvAcnRCcs
r0y9k17Ygbw
r9H_QCXPSlQ
rAJ3bM8gv4k
rBja902kiNM
rKtVcZK36pk
rSqHWzQ8nZw
reS2DeLjHp4
rnJa1o-q0o8
rrjpEYm3x9I
rt9OoLSavKM
rzMfzRYrq08
rzeaEbK6Q2g
s1fXG-8YDh4
sByHDzfK1uA
sCuKUfCcGsI
sFPUywIbiOc
sIzhBIK_m04
sUM1dhtq27Q
sVfgrW-AZoQ
sWf5vCECrhs
sYv0k86hp4A
sboa3ESq-Uo
sj2XDiiajbc
suzmO1lQCZg
svfF5vXMJGo
szhhvLipOnw
t32C_6JotbA
t7fKYUfkQBM
tGhQdBizQGg
tHJutLGcIO0
tJNREd-GZP4
tKGsY0okuWc
tMiyY5oxJ7s
tZrY1TovZ8s
tcfWYrJTmmk
tlg9bF97tUU
tnsrCmG4vZ0
trNpXHAsQtU
tuhbJMxZNO8
txjoETIepVA
uAhWaY3mYlI
uFM61Hg8AmQ
uHSMLBBYpqI
uI4S0mIg8DY
uIjCIxEz_Qw
uOA-uI-_1sc
uPQTMCDvXqw
uSpJfGbeyoI
uWsFENEfQaE
uZMwOKeuJqk
ubmeeu1Y0eg
ucixW90yIII
udgCK4fo2NQ
ugDDxevMW4A
ujulLx9YDuE
ukScqAsqY6c
uoRzwx1iyUc
utsluflkPPo
uuFQRBUyE6g
uyUI4tC7RCY
v0b2lmbOHX0
v1tcktsXVvU
v2AVifplXfg
v6yLtKdCjr8
vD0FOo1Ldsg
vIqbtmiGlWE
vO0Wj7jLwPo
vS_kXRWp30Q
vURIstmCUwk
vX8lveq4-tk
vYHukjDHgQo
vYr1vXAXFL4
vffJ63TnXhw
vl6zFq50BLw
vlB1jHKVc-8
vlDIXOBJ9qo
vqnROeZ3O9c
vtSk-Ca9mUk
vv3W1KGEAEY
vwJPaIUrFAM
vzbTZPshHKM
w3p2KjfqTpo
w7RMt6MHY00
wBc0da3zXPg
wKcMKHkxDdI
wV4IzumUk6k
wbEFvcL-Gys
wbx6248CnGw
wmx5BpETE_Q
wnuzlkwXZdQ
wocQ2fhzF84
wpqLt5o90Gs
wqkpeb9kzIA
wr4ncEgkp-k
wrLY-Ay1OEE
wv4bywjxYyo
wvzFPWrA1PE
wzSXIzpI-kw
x-5-N7oiL3M
x06ncDzgWw4
x0i_jTwfgXc
x3ldwCm7pHo
x4IRFPf-l_Y
xExb5SsdD6k
xGY0NEODVk8
xKe26KN1RbM
xRDD2HPCiKs
xVpVGxAB75Y
xizoAWkadvk
xmQlU-Bs88k
xsi5sJwAEu8
xzHnwEnDHtU
y5h55xB7Z_Q
y9dIgRpuzq4
yBrn4e714WQ
yCwC-I00Tyc
yH1HnWF13BU
yNzY56z681Y
yQWZvb-ND_k
yW7hJnd3800
yZmZDFpQsIY
yfCfmXDW4A8
yjPbeZbWNws
ylB5OME5Mcs
yrzYb2IZdmo
yxqQjkHV_qk
z-SKBgnSn68
z5kbuwWkO8s
zHzww7Zub_A
zJDmcWh5EoI
zSFw3SVKqq4
zVqagN3qtKU
zZDC1ige_oc
zZKE7G9HzB8
zZcqkJO7udU
zeZFmW6r3IM
zgYw1KSewvg
zjcpy8mFnAY
zmLRJNZ4vss
znO_joUBISM
zpUFEWGLwxw
zqRJVNPmhwQ
zyGQtyDQIxM
