-Ar1gegWj7c
-E9RvnIKzaM
-n4Z68QNqEs
-wKT-nCDpu0
003H0WJVXaQ
0F-S_jMEtTI
0R7BHf3wNFE
0Wg-tEn7UYg
0e0ZdrSWXLM
1caTMQq-tNs
1ieGDfyjUlE
1jRAY8IRmX4
1oqu91Im43o
1y4RXXINpxE
2CBGJDvho8I
2CiWnTCLxCI
2DfkGYQdzvY
2TjW3_X8DhQ
2VKkB6Hd5EA
2WKSL7NLtiI
2cl6vWfb5K0
2qQAXD6TCkA
2rmRJcZ8cS8
2wSMsRrFeOg
2yaSWYjHZUw
3H1FQhCHP6U
3SZPYDkQe3k
3iOiUnFi3U4
3l4odcSGBA0
435iZ0Qxa9o
45yBQ1gnQZY
46Nel0ovMfM
4CA20OxDA0E
4OgLUuky5jk
4k8Oevz29V0
4nQCNFkthSI
4zrFvFbl2jA
54GgjpF8cwE
55eIKOib4Aw
55tAXZ9IMeM
5DyoYv_czPw
5K_7kqM1tR0
5VyvM-mJ6bw
5XR4wufqQDY
5Xd02VVUCMs
5eq7I1W-DZ0
5iH-yi06OJM
5sDud0bioRQ
65xTiBmLagQ
6DjBgvw92E4
6I968Fisd7s
6ORjSeUZy58
6TtDj51CGbQ
73uOD4-HmEU
7E4k9CkPiso
7H9GTQt2H1Y
7YgBO9syEqQ
7yDbPXbi30k
81GoCUQ6apg
8DssbCV8aZY
8Rh5tVEiEq4
8saNzVGPzPc
8zGirVlgmBo
90HKiwWIDF0
A70tH_7wcSE
AT6HTLMtG00
Ab4_pJ-aVCQ
AeNgWNPynDQ
Ap5ZNUiaHJs
ArfcH8_DP-c
BEhcG9P-tXw
BhNVjWYMM2c
C0K-_h1gQMo
C1BS9augE8U
C1iyhTWGz6M
C56X1KcuB-E
CWQ9kL_VKAY
C_RaBouoFSU
CeidDUtoX5c
CyE-avNgabY
DLTJgLSOIbE
DMMlUor3wck
DTUSGK__HI0
DaB6x8ivIB0
DnPwGp98dlQ
E9nLutBa864
Er7jnUFlO3g
EzbK_u15B9A
FDZ-BPteYbE
FNoyaiY8OuQ
FzH0v0tRAl8
GOq9wCwXCBs
GPVSQ_vNEPA
GiG5V2pPkaY
GqCRt_BB4RY
GwvrHWtbFl0
H2hrCWKRAYE
H60iK2xAOMs
HL_yCfz55e8
HNg2wehHI9o
HrlkWTNmxBk
HwT-9w3DDjc
I-_x328BRb0
IIXTMST5_-E
IMem08sTnbw
IdRCW1UJW2Q
IoDYO7IjEW0
J1cBUXUEku4
JEdQplPVbIE
JRsgKgrP1ag
JTFx-HDopR8
JcgKKzbDv0k
JnSxK9Q8JbE
K1X14gsh7v4
KCMCivOHczk
KIU4zVhXZx0
KMkrINTaPxg
KOigPiKPq64
LF9yA67mHSI
LHhAjQmMSTc
LMIOOR6LBY8
LwcpS2ULFyQ
M-KuLtW6CgY
MODuWqtvDrY
MOUT1-tASSk
MRwkbRIRtjU
MUpJjVqNVUI
NEYcHdl0w38
NMBpEtEluDQ
NWnMXursTVg
OAQRsCiLVrE
Ow5VOMSGwrA
P8_6HECOSSM
PEfoIkEHnxU
PIPDvCElt2k
PJ-I-EgVkno
PjTCZfOP2pU
PsKUAJnXlyA
Q--4TJB9ARI
QBLwDYGKnlY
QUPJRI-cwkI
QYrzroPKDmM
Qj_0Q6TRerw
RV8orwrY8lY
S88I6nYOD3Y
SS5Awm8xtsU
SU5PRsSvo2E
SaIM266gJH4
SfTtxhstDQg
Sgdn9q7-zl0
Sq2r0NNKOZo
SwlZuOuhsfw
TL-gSQ1Vj9Y
TLrgUzHY98o
TMujkyYkPSw
TUOdedOaDkQ
Tdlfg-zmzwM
TlBcJQ-QRPo
ULnN3_ha_OY
UOZYA65cCYA
UQMnz0c7dOU
UuvyQx58kSw
VBtxYtiE42g
VEVc1HF4JB4
VLh-EZYlfOA
VuPBXQe7QKM
W6BMVEHgr94
WMf96hubL4k
We4ATxA2tB4
We4nz7jQwpw
WxkAr92lXb0
X0z3caRdZTg
X4Z4Tpgbh_I
XLycibP0wJc
XSS2ZLEkGr4
XYJrlHu0Okk
XgkCny7F0Ws
XvNXkpeNkkc
Y1r8UKQHWsQ
Y7taw7pvdbs
Y8q0DOXMeeU
YIQSea5DE2A
YMbq0GDTz9o
YT_Bvy1CcTY
YUvP-iQEY8Y
ZWQP9XPB7zU
ZXWxJ3aKucM
ZXZnr1TfPkU
ZYnk4layQqs
Zkr9IK7KfRg
Zn_FOiNpe5c
ZozqMOu7sT0
_EluZHJSvOE
_QXqFOp_uz4
_dUCCK7E_yw
_jWWqOO-sOo
a07qjvFhNIg
aIH2R-kAcZ0
aKliRtn6WxY
aYLVq8s0yEU
afrCXtD-eXY
arjkc28-0gw
ax_ncpVrC9c
bOx40SHUZ08
bd5C8HUM9cs
bllV3opeMNM
btaFIJosHdo
bw4geO7lmYM
c78RTk_kyU4
cQ67tvZhJWU
cXYk2-kYnoQ
cZvnql1fPeo
ccweVxV773c
cmiJlJdYCcM
cp7lCuL8Xas
cuFjFK9lpqU
dJ0LGYN9y7s
dNgNLv5pnjQ
dbxB_GK4VT8
diDDWf04DH4
dsZHK6GLfhU
dtDpSR1P8w4
eDrt3oY-Kus
eKQOonMb2jc
eg9luiM8yGQ
emzDj4KiARI
f1k62AVfEG8
f8wPvKjH8jg
fD_WiJRlEpI
fN9IUWm4e6s
fqGkNsUN2Kc
gEuD4gEcrQI
gZNeC2eXt3Y
h5QnNnaTrOU
h5dWKRQi-yg
h5dY9PXmbVI
h61PK5ze_U4
hE5W4sEY884
ho1sKoNrFSo
hpgk-P3BYB4
hvc5EIldzSc
hwDWE7Bis2Y
iGjGo4pxvpM
iKjfASDZInA
ip8ylMgtgW0
j38OAU-FANE
j9EYTmV19nU
jIt2zZAuGFU
jJVHXb2Edjk
jOCbn1DS7Nw
jUUy09hZHak
jimyYpvV-YA
jtZCM1ArR3A
k0kbBsNk1Cs
k3vEI1BjnU0
k4SLgS56scY
k5EYQVyMxIs
kCJRVU0anns
kQI7YK7dP14
kSrB8w5tesM
kTSmT_jWEzs
kTvz0_2NzuE
knVrea18S0I
lKPZ6owFBgg
lNK1cS87skE
lbmlTYjxX30
lfAp5hJlSqE
lmN5Aqv8CJc
m8m2r6AGZPw
mFwHAz6vKzc
mJ_BuyCpz6Y
nDJ3ZDJs3gw
nP5D4LDo6qA
nW0q3g9bW2I
nyEvHUISEGE
oJ2HxEuuKoY
ogQKCjkp39k
okx_-DhMnp0
pDguoXS2EwE
pKmeLoDHjxo
pqpr68d6kdw
pxAC7ZZAgE4
q5hN6jXtat0
q9BG7ETxFb8
qCSkznt0a9w
qjTK3_o97GY
r59jvXBfOSM
sFyMmbIu5u0
sJ9G7KRLoLA
sVRrvi-LqSk
sjIcnsP7Cas
tCYulCvpEV4
tJOa6WQx8Bs
tVMWYvp5_yM
tWHHIqyUYp8
tt1jBou_CIE
uNON3R50k5A
uNVO4_Hi6T0
uahapZ3mhVQ
v1JGFMNZQ8E
vNZZpqFJZGk
vY_NkM3NszU
vf1RmGb7F7I
vo7DQaZ1CsM
vozfA8065Qw
vxsqnv0nvKQ
vytAsBnD0o4
w-B4XMLDqYk
w4hltgbXToU
w9C12CpUqzA
wLMZPvKpZ-U
wUoHi37hT7U
wZhPzvonn70
wpdwHIRJujw
wy1e7ywJsVI
x-EoyM0tKm0
x8A2A4sZOkM
xLvr710Wuss
xSJ-LSYnkrQ
xYH5qMbRZfk
x_ueNg2RXGU
xcfNX1IonuI
xqQBOiFr8jM
yINtmYM9oAM
yPQSRJ6ouI8
z1CF1VD-c3w
z8S3JvsPJaQ
zViUBaEu6zU
zYYTBdV7OZo
zZnaTBWGumI
zflkc0I7avY
zn2iM4XGvOo
zxuEk-Xkn1c
