-KgkSFmJDMg
-PHIA862HtA
-SjNgBIcLnM
-Y_uGEIlJSg
-i3z5djxwEc
-iBXshDYfdE
0RNq9giJ2MU
0Y9npoyNfGI
0cFQBgrPIus
0jzPCAWm9SQ
0kcOPNWdHCg
0uow7Nqgx8M
1A_V4Hd2YhI
1pQhBje0QTo
1ujMtoEJB1Q
2065tZPQ8dw
2MIilUYoLuM
2bsrooGux8M
337_woJAh6I
3Pebg6bB-bI
3Ryelt5Vtt0
3SbU-WQoOEU
3ylz32VfmiA
4OJrkF7lDGo
4Yz8h8wn5DU
4ZGoFbO9Vhw
4mwiKBJbzwc
50gk1RKCcPo
543WIG8SOng
5D79ed4QKM8
5Q2HujKLPeY
5ybhA0k2qaE
60HUa9lZKVs
61ozyO3meeE
69HFlLNgZVM
6PojX_fNBYo
6dfsGuXfplU
6gMl-8TgGD8
7FAFSxLbmWM
7inMJAw5x-I
8566iifm1wg
89MzdDyRdfA
8Y_mCu9gCeM
8kiOhPKS6ZE
9fU75MQ2Kck
9jYlB6VA8no
A1vzMO542xY
ABnHHb5aLY0
AFPm6Ua9Ig8
AFch5AHEuXA
AWTipoxg65M
AhlgMZcDdPY
BDi7qqOeTvw
BMGRzDLIUlk
BMnZesPVUFA
Bw1p7RDoVQY
C8sdM07Hags
CAIDlC4iWAc
CPkxnTgFfpg
CRYfFJFl5PM
CfTha-eFI9E
CrdMenB_WgY
D-VOHll6JAg
DPXNr-Nr9DI
DWo6X0YPIog
DfXPA06tsSM
DsZ7U9tPu3o
E7LwHospKcc
E9jot5u_ChI
EBy7OVwrPRs
EZg4eh-d7Ak
Ebafi0nxGJ8
Ef8och64Wxs
Emz8d1xON4c
Eoeu149R8M0
F1StijzRpL4
F8svf7rU5UM
FSWPikM8_TY
FhpYhb11tkQ
FltOQ1YGWG8
G6Lfy2HHM5o
GFTDWr_FQT8
GZ_UGLYGwpM
GcshtB2qFPc
Gj3HyYINtDI
GtYz41wuenE
GvN6Z_Jf99U
HCRznSS97Ls
HQl6T2QHIfU
HYPCTI9dDAk
HbacZm3uAt0
Hgh53TNlo1A
HifvpfWAazE
I1zEVXzjRMQ
IaqRoWKx9KI
Isc_-IyM1-E
IyVP6Edqyj4
JjWtGD31XDU
JptOIvtJWuM
KHTQQuTw9DM
L24yJBrkLMU
LBMCB7taRwE
LZdN5zIDUlA
LiFOH_kjJ1c
M-eS-7PevtA
MdSbERK6cFM
MgItxXT9BkY
N1GHNjQN9eA
N4st8VRC5vQ
NIw-MX5hl2U
NaTxybGXeCE
Nnw5ehm8OkI
NqGylJ66aeg
O-v0zGGvf98
ORV927sYamk
OVDohH-Zncw
Ol1QmM8kga8
OmA7s-mv_6k
P8NhcRgBqmw
PLCNWJLCICk
PbMPka4a_4g
PqbeOf3FvS0
QEdR3s2yoRI
R9-JhnUIpNo
RLjqtmXeEkA
R_CUQHOwzkI
RdUoV0_uNoQ
S7cuk8PXcg4
S7tHj1Zir1I
SAQC7PldliU
SJmh017Emiw
SUgKyMLVD6c
SoU7mpwdDOw
T5Vsh20aCec
TMVEAY3AO44
Uez21Yc-sRQ
UfhL_2HjJKM
Un8F5yUpCXs
VABPDnH28jA
VRwCDsFZD7c
VT2gyBpVh3s
Vk2XskkV5cI
Vx6cNkM6JfY
VxSfgzbCTWY
W40BB97pj-w
WPQrq0dsjl0
WSVLCUuqwIk
WzystJs8W5Y
X3GXk0l-uqs
XI2UPgGF2Vs
XJmaA-mDFgI
XNhtEFMkwGI
XVWDbhuh_Cc
XXiAZ28WGjc
YW43msk0e0k
Za6Jk7qRyRg
ZkY3feqOMZo
Zwx_G9gqseU
_5qlOIyVhm8
_67jpuefSL0
_KuK-Cs39IA
_R06GfUKY2o
_aCAzoJheb0
_gwt4ZjoBpI
_rXv1ffIZpU
bDRCX2i2PlU
bVaBOlP-Sj8
bdCYtaQ4_Vc
bfwcIer93HI
bpSkyTa_tIc
c9BpZ4mMxjw
cducoPANGIM
cpyVoaQKYuY
cwJOAOoc3jM
czqhqhh2Z-s
d0DZWIVCCP4
d4uW_VLU6SA
dDtoxhD2oiM
dSpFb7dCS1w
dgU5E1UTF00
dsz-BrQsm2c
e-6Pi0YpWH8
eJaFFaNOVgE
eMQmJ0AVWyo
eNSpS-TvfjQ
ezcYb-pzYrw
f1qczpDjCso
fJHnIrK_eQs
fT2CkQep6Fg
fWYwQUp39pw
fYwN9fKMxLs
fqUr9SZfPFg
gFHZ7YE-YMc
gJgISIt5QFY
gb0is4ClpvI
hOCWLga_voY
hr3yToUdU3k
iWnYsDL0bw4
iw7nb5j8Nbk
j1Dsc2PFAX4
j577gJI_yqw
j8f7xCmF8Wg
jCH13gYDmYA
jI-nm8-Gxoc
jO-TkQ9UTxY
jQVTRxu-erw
jg7zBCeJx4s
joaeYkIvCYE
jt71Vhu_3AY
k5zMv4-ziYc
k9_eor9937k
kD6ZFE5rMqs
kMJJdMpA-KM
kPYMDqO6_KY
kRZUI30OoWw
kSt2rtn4EiA
kbSS7hxKnDc
lEJyKVBEVr8
lL85Vvy3uM8
lTc_iKsT_fA
lxGlkCQ411o
lxIUSL3gWv0
m0WDAAkdQUw
mdlHcf1gqBM
mi_7DbBYNV4
mstjksxG41E
n2rg-ghTCNo
nYybmnB1PoQ
n_-mFXY4D-g
nnkCoeXAvXY
ntT288mgdck
oGB2hcCjJTs
oed5GDSho3w
ous0FFkuAc0
ozKnRvKMbyY
pKqqH7u9VY0
pwUbcO2pLMY
px20IfBtj2I
qL4vc-KnF6M
qgIBwG61rDg
qmYYOMRZl_o
rHVuhXLSkg0
rK9SAWqcN08
rcaAvf-3YjM
s9djUvCERc8
sR25655cVLw
sSZ8Fr7JWIc
t4-DjAaNB8o
tBn33_8_P2E
tXE9VrHWTPw
tcIcsd8eP20
u02NWrALMd0
uEkLHCL4hmA
uGCKqxHRtWM
v6lqO6y5dWA
vCP08v8f2to
vMuQCIfXvXA
vRv4f-kNEPE
vfkCaOeXeu4
wQYktfiz39I
wjZH26-vRWM
wvkIZsFCzus
xHjGWGk8J3c
xS8gdE348aY
yCwXhnqWlm4
yOkWxuK-iP4
yeMhWvW1w24
ypdpHWnK7CM
z2fQRuFR0CI
ziywbKQkBsk
zlEsm6x_w9s
zme-WUUHkik
