-CL8ujAg63g
-MKCFMuWCuM
-SLYmxTxGIU
0-quJ2dFqFk
00vPU9ixPxI
0LhAN4DviLY
0qguEtYqDMc
11UdlIBXcds
1M641qrMK0Y
1WK7G9JDHiA
2DWh8GQ5Msg
2SoOUJSuUJA
2bVAZgpxKMI
2btyHaJpW50
2l7nvL6co8g
3rkMpM9yBu4
3wpr3cjbkCM
48I1PEKBCkQ
4Lz0ujnANu8
4grkHf2B5dM
4ms0ysurmAc
5TXTw4Rr7U8
5TrMD1_87U8
5VZREQSCo7A
5bemgqTfxdw
5f9kaBXGhHk
66SVYLnmN4I
6L98fUtnxAg
6U-zgXAZALY
6XFoyKh8QuY
6w3Sl8giKYY
749l7GvDVVA
7JF32hW00UM
7aJgjcjv8wg
7l-qaDJdvNQ
7p7xrRtkJTs
7pncqOn6nvQ
9J0ywStv3wU
9MrXRaCgDUE
9NfWBEaUQeQ
9UQ00soTrRo
9VHlOeA_-ok
9fc_XT2pxYM
9oM21URRORM
9rRAuF27o7A
9uAj4xaNo24
A2z-XSAEINc
AJ_9ZOelYts
ARH-YbYV3KE
AfGUZjQFA5E
B4bL1xK8Xnk
B6Oc_Rurj4Y
BKOHRY35cOk
BZQoR8xWueU
BfHJdh4arYI
BfY7ys4Novw
BiCZintWI9U
Bq7_AniZW3Q
Bv3AdrAwjDo
ByOgZUkcxhg
Bzfwa-PWzVE
CCtpdW4gLUE
Cu2nK82TFuk
DT1FHDy8eGE
DVSlaY2VSoY
DZkf-HBVGfQ
DbldbQaVFqo
DtzjXWj51fA
Dz7DvYxzs-Y
ED-2_j0Jfx8
EIRJaqhP5SA
Ea0AkLLjEH0
EmuDP4y2lTg
En0ZoMvja6g
FH5m-uE--JI
FJX5A9HWE70
FihdkRYboiE
G8upOhyYRnI
GBmunY5BECY
H4DZVw9Wy18
HAQeQf0OWmw
HyPZCrvIeOg
Ie9uZOEhk7s
IesQaFjLx40
If6nv9R_gG0
JORp0vKMYO8
JW1FaYVrzUk
KEdwyPUu1PU
KFjw0BD9Vq0
KVRGtAcb6uU
K_65nVh2zss
KtUNvTQtxbo
Ld-bI4YQ5vI
M4q50ptQX-I
M84-ea2GjqM
ME6OTsgEQdc
MErXkmbUmL0
MN6aZZlSfhk
NJTH9LE5ciM
O9ZQg0st5UY
OPDcOZiXXqk
OVzQiEm-TuQ
OXSzlINDowE
P-jhNp1gito
P1GAwB1eWcc
P84ePOK_Oyw
P_3Cyx0_1oo
PvyYC5hWEaQ
QAmh6f5zEbI
QGJMxwXAhrw
RJlzOQLDHBE
Rg3n9XwD1gA
RtUTLSvdm90
S6hHtQqzMy0
SH0aIqYM8Ys
Sts533U247E
Sv6EFUI19dw
T3dWHwssQoM
TfG199e5en0
TizE8EJeauE
TwUa_fYGfiQ
U3A-TKzjyAM
UxnD_4SB4kA
V5au39gvfj4
VKiimmcqTJo
VNt21ONfH0c
Vvc3QXkgrGI
W-G5Z3HDH-s
WASINVBSzI8
WgY70IvSnEI
WmDg4thUhg4
WrUZnzIVHlc
WzrFBZ7v0Q4
XFmPy1Si41o
XRU-6g8f2vY
Xkpt5Dnxq9M
YJKL26jND80
YTrvz8j-Xfo
YWYZqdonj3U
Y_kQpb516mM
YmOO01fNjhU
_3_eKpr0nAM
_Cy3Fpb9Nt4
_ppW-pyvpYw
a2eo61jr8dw
aI8x5F40Kag
aUegxGknsyw
as9OlJMzxfU
bGSN7miuIFw
bHdYjD4uQy4
c1EW42jlTZw
cLBAMiTtgCA
cbbzdzQrVms
dDV8jVrZHR0
dVp7ZJHCe0I
dxELdgSNowE
eDPPVQl5AVs
eTuFfWQFD5I
eVFdXiZRbRU
elM9u4GXdr0
f1XRo-gUNtg
fENR7HbZaR0
fHYgkqmi6c4
fVR3d3-0ewA
fmAipRmxM-I
fxclumtDrSY
g0WYWZOKt7A
gOnb0jDVh-Q
gPeII-M58iU
gViUnBV7DIs
gcAzoyC22l0
ghpgJKDJy7E
gikyxwrk1Pk
h9gj7i0fgsQ
hSxXiCp3uBc
hslnb-0ocEc
ipk5KluRFU4
jUBv7H_hsFg
jcAqb8p1P8I
k0wK8UraBhc
k374h2l1hkE
kNDrFYACtQs
kQ5gcITSzMI
kePh5UISoOY
kfYKtIEWDgM
kq7OKPd9juI
lBdWbAuGCNE
lZUV7xG4Txk
lj2P4qL5f3s
ltIi7OKbiiA
luDALyYRAYo
m9ka0G2T4-Q
mLCWDw3rtCE
meueHIUownE
mnNHoISQqzs
n3tnspBIeIc
nFXHT4I2xHg
nRW89_o_bj0
nT3Q4ZrM1_U
p_DceoD963w
pctvQMfiymA
pns5CkaODlc
pv6tM0LRm3A
q9f-WlEnIgg
qIvqsklNE0Y
qQzF-bc48eY
qtE_5WhBfKA
rKrAvKl3g0E
rLFof0295Rw
rMnsoghDPcU
rUFWU0dz5Lw
s9pLoAbFk3w
sshikk-x4Ds
tOCk-go-05o
tOgpprNMVFw
tTtJ9mQvAE8
thmqg_mDb90
usaIVM1iGi0
vC39WxHC3vY
viVXb5BvlUk
vjq8cTiLXwo
wYzn9-uIM0U
wnVTtAGxngA
wpRieZ7bAZQ
wtsF5sXl1Uk
x8kCcEQZps8
xR03yY776Ew
xZ3O38LJwv4
xphw_bHlHyk
yYjlPJeV3eU
z18VyUslxy8
zGRet_089Jo
zNHH_SFCJtE
zwe9WBsDmb4
