-5BPHMcFEb0
-5aTF8tSDds
-A4xvQjl-oU
-J7-WWvNtJw
-i9BHHy2j5w
02mYjg9gmJA
08aKObD5B94
0KdANGQFFxo
0O44aYSZZEk
0Ov-2pz_cjI
0VMMA2Ukicc
0Y05ylWBjGU
0lXp5SMFpAo
0lgmjVIQZnA
14z-dGqKlYg
1HS-5RIAJG0
1QnGTSASgRs
1SZ9NGLHLdQ
1lqkCn_zGts
1otMOBjtWsM
2Uhxp4si3VQ
2X5d6MNfJJ4
2opWcaTziIE
2z0xsmlq7Ws
35ar_s9xbAE
37ULK_lDz4Y
3Bc680I6X0A
3PYVGylvfbI
3Y2dwPr7Ph4
3dC-PT3eULM
3iXgIgJCiJA
3lGheocbrEg
3n07vtgRmBo
3omruy6IbIA
3viKwxZDI-w
4-QHdWOGO94
40CNgc-izWE
483Azw9rOuI
4Hd8_NB2aBM
4KXhWUDC-qk
4__F1jwTHFI
4l4L_MSNH8g
4rSwjN5Yptg
52UKHS7QBEI
52XZhYeZFN8
5AfSXX4WDAM
5BU0Q46-BL8
5fX0wmKySCE
5imc0DTSDl0
5orn0Lk3kI4
5qftztZdeE8
61k6AF7MEJ0
6EMF1aopsP4
6XHeJJt3C9o
6c2qp2PixC0
6o55lojwBO8
6oEIGWxLOtU
6xPJkCSCiV8
71rdc0Z3xzk
72fNEjDMMOA
7GcSGkcKmk4
7JwWyLm299o
7WMDpvpoQBU
84lDl8iPuZg
8BHq5mlOQnY
8QqnHu1wqVs
8e1-V6YA21w
8lXlzSMTKhQ
8tj39RH0LZw
8uMXYWPUyOo
91778dfxfyQ
94FNaFHcbNo
9DC5W7NPGz4
9E2yWxxQ9c4
9LrIFZm8RY4
A4OMyaU33sQ
ABsp3UajKn0
AVEKDcehe1E
AeqT27vPLYw
AmVI4WL_qmU
BEjsTRHdqE4
BaFqhw4Orew
Bh_lZhthJaw
BhpNmkAo__A
Bnf6reib_gU
Bt6W7dFK_sw
BuylGVixCBU
Bx80MlqznrY
C3V5vaTKqqs
C4JrP_2m3PI
CCI6b03Czpw
CEZU425IHC4
CKyNQ6MQl_w
COHbWJWwaBU
CaplXWM3sdI
CgUMCF7cJ8A
Ci0_cG9sFoo
CnDLrt-5OYI
CrBTLkB-aT8
DPN4Ypjdtrk
DVhuhpndgFo
DWcqtKzK10I
DYeMC5Jjqtg
D_nkIJpUwdA
DvJe1x2FknM
DwkyQ53YRrI
E5AnR6oY7Nc
EFoLla-I0xs
ERtNb7vchPQ
EVrJtGQyuRs
EXDuYPpt4cA
EYF6VnE6rZo
E_74u03SfTQ
Ea55uKlIfEk
EaJkEJ5bnPU
EabYPzS72eo
EqFQMOkviYQ
Evu6JcNoShA
ExdY5bivbOc
F-bLa76g0nA
F0R4sa4aL8M
F1zB5BUd4jo
FAbBGMyKKSg
FVRJddqDcZo
Fai342ZH4E4
FhO8qXpfZ0k
Fj3n87kvrl4
FqP9QFKPeKc
FwUJCmXbHag
G9K2Yv7_NXA
GHOpP1W84L0
GJplzhhvWvw
GKD0oyzGesU
GLwx7p_l2vE
GPJn33c6RYI
GSLLc8B7wuI
GWqduwfTV-k
GYudG6lZFtA
GiTWfET4NTg
H-Jakt69cBA
H9Ogq5OOpoo
HATZ4PxsmXw
HCXVWXjxDks
HQpnE45w730
HX2mVfRv7kw
HZWRivqSmfY
HezkEW0HEmM
HfUO1b631kA
Hjm21g5HAdQ
HruVBOWNARo
I2mIi11el3A
I2ujB30b0sU
IC6NrHrmVr0
II_3HYl8CEc
INnl_Tb8BGU
IfnqNidkiCo
Ikd4rR7CZks
IrxrFJXcHz8
JAZAO75r2zE
JF84hbLVBU4
JQTZreImhII
JUf6NWpSfU8
JgQ3eif33Wk
JmPjMzBtR5g
JxIgu5qHjqw
K-xdoqKhyOQ
KGPQWrTWyTg
KWeU1iCeHWA
KZxRvfo8vnY
L3iG4xoLpJE
L4x4RyZJG6Q
L8xfhDUP094
LUfCro6Lc40
LUu0j17LzFU
LcXbcSWal2A
M2ZEXrtl4nQ
Mr4GOM8bbMg
MtFTsEA7gYg
MxbbfX1ZU8s
MzSlyBIqiKo
N1URBeIXVI8
N1Z6XjTVUHQ
N2mwB-vjM_s
NE433wws8UA
NGRHMxwRK4w
NGW4x28-qno
NGvxGpj50Xg
N_R-ULnZ4pU
N_hrvOFgpJc
Ng42UweCnLI
NmC0c0A1RXM
NwMNPlzgb9g
O-TkisQTcd4
OGlUTaU4PXs
OPBPiPK5P44
OTWHTPG7bUc
Oo21BtQBZsQ
P-C3-1_YdFs
P2YyIuGIi4U
PBor2zI7qNU
PEkyoDkZkKE
PUMAlVGDdxU
PnrwqINtmyQ
Po-EeswBnII
Q0RCPOpzX0E
Q4JDW1osDJ0
QcV6co09V-4
QgAVUYlDKAs
Qr9RucjU12k
R34kALOyEa4
R4ot9ZE-ebI
RDt9hH2nygg
RZ8MDg3tISw
RdLwPCEaRtA
RiXCssdNzEA
Rzdx2HqkpTI
S97jBJmIkjM
SJnsPJEI7gw
SPdHKTLbuqk
SPhfgqgGGmI
SU4z2uV3uNo
SWJkI1lHd9g
S_W4O2rfmaw
S_voP-Fl4tQ
S_zJUL0XbEo
SvM24bn0Cxk
T1oTKyzu_2w
TVrMpVG1GBo
TXMspoVV3Pk
Tp0XZ1lxsyY
Txfjz2IXbqg
U1-gKFjfD28
U7WImDvUmEk
UBEoyL5-FSw
UK6CMidQco4
UXbyHA4778I
UYO8d4ezw58
UmkU_tU3yQM
V-sY23pLvfE
V5EUsIzw39Y
V6xBFr9QRw0
VIeSjAD_jkg
VIqSH95OTwU
VNXsCPsOgAc
VT1FEaZ3vcU
VhQIceYphlA
Vos_hG3Q_Gs
Vq7k_b4nhJE
Vs-lW2bwVLA
VzWwLR__WaA
W2NDG0W9LaY
WV51wBqco8U
W_Syv8l4Hpc
WiX-Fzj61U4
WlZdoZmRtgA
WoxXC-y-OCU
WyTRWeUqtsU
X08xdqFr56Q
X5Nip5OAIcU
XCX1ZT8aifQ
XD8XN0CakC8
XkLy0T3Ya_s
Xp8_0nIkNYo
XtO3mK_xtiU
Xx9w0p9uyJw
XxMMcSB3gDw
YEud33zwWCA
Yrhuc26nn6c
Z5IKq9ajoOU
ZExPS9gyvKY
ZFVxFZ9zFZQ
ZJehYf7ni6A
ZWJ-Tzl-rcc
ZZ63kn_lzxA
Zb62GFsYWzo
Zdk9iUITMUU
ZeDBdZuuBAw
Zk0I5XIlo5o
ZnU9MB7dYCM
ZoLPImnVyIw
Zw35Q0NpCwo
ZyI1N8brYUk
_J1Y0TCIrhA
_Y6ZvIvkk1w
_a0T0XAR4vc
a-doWuviyMY
aA9D6gTP2Xc
aGVqh7g3W_U
aMU6kolKwiU
aOgG7ytrD1s
anduMzM1jNk
ay4VKxg1vz0
b4tkQw1_ehY
bJ_Scu5n0Fw
bkQFlH_wbe8
budB2pFY_1s
c2YEy0c_Abw
c5d1Pwwk17U
c8YIu_VItEg
cMbAd1X2pko
cRAChqPsFHw
ci5WtXWC8aM
ciFyomTqW-c
cpmgjkVty2A
cy24pxIeY1o
dC5BWmtvO4c
dDXcS30Lk2Q
dFkDoTAyKIU
dHlr4Bt9Kns
dS22ElqqAkI
dcqABvZksa0
dl76audeZV0
dtjmBof1b10
e2bRg1--p9U
eCU_YSfmAPk
eZMbL8ecRYo
eZReGzYToeY
f1-vvqejJJA
f28dv1xcLq4
fCMQ5t1-IG8
fGNOdwrJ4H0
fQWE63-ksi8
fWPlz7hU4Co
fi8cokuQaYg
fpP64NxFsEA
fvk_4_V841Q
g85RGGp8sFI
g9WqZK2kU6o
gAFob-r6_30
gMtArfaqveM
gWya2-q_L5g
ge485dOoFCw
h-e0_j1PQ4U
h7xzzlvsv-M
hFAZwniL3FM
hQC82PsyS6k
heATf-CppP4
hyuZLS-Wg24
i5E12JjxfHY
i6ZRxj6ZtTQ
iQ2boO_hx8I
iegnNLjl2jc
ilfT6S56DR4
iqeLaN-6rJE
is7B8LejQYY
itopW2UjVMA
ivrciwg91u8
j2LRURh7ASw
jCRY2va3as0
jIEacgRaWqY
jPTL6SxcDnc
jWCEh78OyB8
jeeQHie8kmc
k-eMt3P_cB4
k9zEkPX05mE
kH5Sd1qgs3Y
kIWMmnw03kc
kS-_JoQ6vsI
kT1FoCdmvmk
k_5Sc94l6sI
kf3g1afirB8
kiByxnAtgo0
kuMZXXZxNRY
l0yP_qJz-HI
lETTxS_GBkA
lN3UBYS1Pm0
lYKYg26zHFc
li5kAsA9Q3Y
ljCU5Ur8W0c
llSiKob-bZY
lpQNikDyGHY
m3qdJEvRHfE
mLWO_qGNgSo
mUxfKBgor-w
mUyQg30UZ4M
meqihkbleDI
mkvnpac5QlU
n0MHHLCTx40
n0lOVwq7kNY
nBiyokQlSS4
nFtktmlg1CU
nNPCGcfcBbA
nRwE6XAnzKE
nYXUL00cHTo
nbO80ZS9N9s
ncFaTaxO1Lo
ndfSLsTMI-c
nh7vI_1UwJo
nhlX4P3Ua-A
njo4ooNnhE0
nmZ_cizkpNc
npB6eE5EgUs
nsdelCqY7iw
o2iEB8dhgBE
oDIydQiY3rg
oPvmWBXJjlw
oWbeC3Q4Frg
oupHONsXsZc
oxYDQXpRHLo
oyZpYbPv_qU
ozY--kudvF0
p6XDwF8pZmk
p8IlPgmijFY
pHjkPCADfs4
pRz5E9LDeq4
pU8KwYfhJaM
pXzosc-BPYE
pZEu4divDcI
p_3ZUjR6UXw
per46BrKwiw
pgQBvJvWDCM
pmplCqoKAMk
pv-WEWW2LVI
pwgNct3AD9g
q3bXkCE_QdE
qAf1NhbCzoM
qBa5esQ9sq0
qScU2DuphI0
qTBjHZOVZSA
qYiw4L7Azdg
qaat-pSOfUs
qi2SMhNB12E
qi3sl5pa3N0
qjPdb85_TJU
qo_OZRvT3rw
qop37VSfkxg
rC44x6EDegU
rIDYtHAwR5M
rJtvq6mUoc0
rNPEN2gKXS4
rONro7upD3s
raEui2ZWIJQ
ruGjDW2djkI
sIG8__0p4eg
sSVESj4SF4Y
sYMP3NmNFHc
s_wssxwuWto
sibvLSmxLhU
skWNPd8PzRU
sw6gQqiWPjo
t1i6rEEk8vg
t4I9ox_BQRQ
tI6KHNVJnoU
tKuUsSIL3OI
tL7M9Y1jKLU
tV44IjjJPD0
tlAey3I28d0
tojr3tzfhVs
twB6i8nbZUY
uARN4B2Ztic
uC9WYKkxqGg
uE5f8M000zQ
uW_G58UxxU0
uWh8ZUSWiwg
ud6Q-KU2ups
uvSwVMqTOV0
v49E8FVT2-A
vTPrrKKy-4k
veHI3A5fEOM
vfhJrYsoA8c
voRRRcqoe5M
vp4Eal21-Og
vsyDxvMMMYA
vw-9lwyWLrE
vyeVDu90x00
w7oQquuESVY
w7scdqZ7Mq8
wGbQ67yncOM
wMQ8Ou6DEVA
wT23H1-u_fQ
wTfw_rUVaog
w_Ey7nbKkHY
waVFu54xK58
wgIxSjonHWY
wgMY0IZ6_kE
xCBWgyRvt2w
xHWQFvOKeXU
xOXr8tUGWIo
xRubaohESNU
xTyi4ZPRaKw
xV6vLWIeaYk
xZfaJ4P004Q
xgw5uEz6vAA
xih5uoTFZ2w
xlw2oIdqh3U
xniXH94FPy4
xo857yKyyM0
xtsxK8FsCBM
y2WkE7fpijQ
y2xLfWGq7rw
yGzq2BDElDM
yJTmNqbQk1I
yN1TwdI1K7s
ySJZ4vVXuYA
ygtWBhIQkv8
yiTb4h3QHc0
yq34yS0lF-M
yq3w2UWbr_k
yySvTho9HJo
z-ePDYrVEBw
z-q89xRXADs
zISJWoPr87M
zXJwEgmgrig
zZFff4k7dPU
zu2OwbQAwcg
zvzWPMgBFMg
