-0v7mTvJ8M4
-2Dj9M71JAc
-3casC77XSc
-3y6_7_5PcQ
-7ORAKULel4
-A-Tv5bIqNI
-BR9P4E7liU
-Bn6Gel7yEs
-BvcToPZCLI
-E5K2pGB08Y
-E97Kgi0sR4
-FOCpMAww28
-GhVGZVcME8
-H1tUMRJoeo
-Hmn5Gmn2dw
-Ht4qiDRZE8
-I3e6Mkfp7M
-IlDkCEvsYw
-KKSUR5SBLc
-MTRxRO5SRA
-Qe8cR4Jl10
-RkhAP0_ms4
-SpQiR5BKag
-T3k6s7bev8
-UV3xm9pZ0g
-XbrhfGNLOY
-YpticqS9-8
-Z-ul0GzzM4
-Z-vyLHi2us
-akXMtIhPIo
-aouBn7IKIo
-bdf1NnDZ8M
-cvI1jKxlTM
-dtwId4MO-E
-eBUcBfkVCo
-ew0bn8mGAA
-guHd9Zrbn4
-hFk6FDrZBc
-hRUwrRSSWE
-hY9QSdaReY
-j2XrT0QN5A
-jNlpGLpelg
-kHm6YiboHA
-mQJYte4T2Q
-mhe7COLiR0
-moW9jvvMr4
-mwF-znI4x0
-nKdufEaL8k
-tzZB6RbXsY
-uR-iqh1x1Q
-vZXgApsPCQ
-vo01ldlTQc
-vqV-gHa2FE
-wJo5aKBwq0
-yOXsK5-SFY
-yshHFseMyI
0-FkPxSc_M4
01Br0FbRZrg
01qATwnoD_E
04SEzifEsGg
05jJodDVJRQ
0652vE9Q3VQ
06jexFtDCXI
06wDth_nvEg
08ZWROqoTZo
08z_xW-szwM
0B543Zkqq88
0BF2Np5J6jY
0Bvq8Vo8F8U
0CVn-Rdnexw
0DHywidLX6A
0FQXicAGy5U
0Fi83BHQsMA
0G2U0R0hOCU
0HEXx3-P8kk
0He5yz8CwuU
0ITHly-bhJE
0ITuQcoLXeE
0IclmsaP-CU
0JGarsZE1rk
0K5OO2ybueM
0MD4Ymjyc2I
0MM-psvqiG8
0NV1KdWRHck
0PAy1zBtTbw
0Pl44w0iYc4
0QVXdEOiCw8
0R9zjn9BBvA
0SkdP36wiAU
0VJqrlH9cdI
0Y8-IzP01lw
0YNeyBANrTI
0ZfSOArXbGQ
0ZhL7P7w3as
0_UTgoPUTLQ
0af00UcTO-c
0bRocfcPhHU
0d6iSvF1UmA
0f4wtD8eXNk
0g0S34XE2b8
0g2WE1qXiKM
0gMCZFHv9v8
0gks6ceq4eQ
0iIh5YYDR2o
0jNhhrgczsc
0kSjaP1Xi1U
0nI65jgHG9o
0rAngiiXBAc
0snNB1yS3IE
0txtVkBUdSQ
0ygtX2nyexo
0ztdofPc8Rw
0zvrGiPkVcs
1-_pzQqo7c0
10MvdLL2EpY
12OAr0lt4bk
13rqtiAPISY
13zN4-MVM9g
16cM-RFid9U
16p9YRF0l-g
176adlNeRy8
17D5SrgBE6g
18r6nchs91E
18uDutylDa4
18zvlz5CxPE
19Hj93IgbeQ
19KkFCQz8WQ
1ALfKWG2nmw
1APOxsp1VFw
1AT5klu_yAQ
1BS-XUntiLg
1BXYSGepx7Q
1G0MzlfMPuM
1GjinnLB86A
1H0tQZSd-vU
1K5SycZjGhI
1L6l-FiV4xo
1LX6rCIZaIU
1LecJKz9o8w
1Mwki3RIybU
1N39Z0ODeME
1NiB2ZAS-tk
1PNX6M_dVsk
1QX7aoxSTAQ
1Rr-pZoftho
1S9RVl1d-l4
1Totz8aa2Gg
1TzlzuW1uGA
1U2qMRGihGg
1US4jjWtua8
1VOlXwhp00Y
1X7fZoDs9KU
1XL8I9-IqRY
1XvLEhZIAVk
1Zh045t0xcE
1_oa8m5Oq00
1bXAkbCyjpo
1bnzVjOJ6NM
1cQbMP3I5Sk
1fZ4XOnnh1c
1fZ915L1w7I
1g-1_Y3fvUg
1gAQ82IHyZ8
1k89OTpDvIU
1mLQFm3wEfw
1o9NEtA2IEQ
1oDuK08hrrE
1oNlTrLIjU4
1pky-86YSrI
1pq5jnM1C-A
1qq7lDL-bzY
1tN2W607Qbk
1tcqfWki-hw
1w3NXBXdY5c
1x0PA0Rnjho
1yVdhRyTxaM
1zUPeXmZ6SI
2-Ev4rU27HY
20adDr7Felw
21hgbMa_sVc
22O6a87-GcQ
23Uuehgmd14
25s8BCsSWuk
27WucvXpbd4
27lMmdmy-b8
28sa2zGgmwE
295sVZZf9CI
2BOTS9GAjc4
2BVSEnJte84
2Brajdazp1o
2Euof4PnjDk
2FSE3TNFkJQ
2G0wQfUl9EU
2GhJ6CTDEoM
2HgL5OFip-0
2IFa0tqHrwE
2JUQo-PnY2g
2K-P7Hv_Zwg
2KMk1lJGPlk
2L4B-Vpvx1A
2LC4YFenynI
2LRwvU6gEbA
2LlcUwVcc3o
2MYsx6WArKY
2NENlXsW4pM
2NWpMqD8Qyk
2OUFCyKr-t0
2Oe6HUgrRlQ
2RD0OZCyJCk
2U-tOghblfE
2UZKME9WP9M
2UxGrde1NDA
2VBkDNzeRZM
2XiDdnDCD34
2XkZhn5Ypzo
2ZviHInGBJQ
2_0aEezKvBE
2_lBiFZ85d0
2aKYl_2KLI8
2alYW5xz26E
2cU56SWXHFw
2cYDyMnL4M8
2ch5FJAqLMk
2dLU6bqZe5U
2g8BeujckJY
2hCUq6ScWME
2ix8JEqCJ1s
2j00U6lUC-c
2ju61VPdTzw
2lJvr5UL2pQ
2m9kC1yRnLQ
2od4mp91q9w
2r_qTWYOIog
2t13Rq4oc7A
2tBuvxXxlS4
2tCcoSRZqVY
2vE-elqTGlQ
2wdkxdiOFJA
2wseM6wWd74
2wu28tI9VkM
3-RQ6i0_qRw
3-UcGCnJ14c
3-mhddgkaJc
30kPKxGuHLA
360bU-vBJOI
36zrJfAFcuc
38OUCtzkT4Q
39rIebbXshA
3A1LvXRnpVg
3B24RaqA33k
3BDF7cD2M6g
3B_1itqCKHo
3BgPFIKCaOQ
3ELnyoso6vI
3EvQGpQtX8o
3F2jACWwKdU
3GBrJiSMFu0
3GVO-MfIl1Q
3GXlvP4kLHg
3LzX36s_hcs
3NdSVi38RM8
3OgsRa7VDtI
3P-2dcS19fk
3PmqknYmY9Q
3QZp6smeSQA
3SQUXasUQOA
3UdTys0yd90
3VTsIju1dLI
3Va3oY8pfSI
3XDdhbrg2kw
3Y2Or0LlO6g
3YcZ3Zqk0a8
3Z6x5t5A9so
3_AZ5R2SC88
3aYWvujaT6M
3bj-ba3P_cU
3boKz0Exros
3dy4SGkSD8M
3gSSNHO1dDs
3hRxS_As6-s
3iD4HwJ-67Q
3j1CSYZrV-Q
3jWsc0cG0wI
3l2QopJbDBs
3lH47D9b1OY
3lVNA4aF1lg
3lYN_lXU9PA
3lxyi_3CGrk
3m6dV7Xo3Vc
3n_EitPb7BU
3nsoN-LS8RQ
3o655tLnik0
3oeIrWcQgJE
3p3-vl9VFYU
3qF26MbYgOA
3qRtDnsnSwk
3r1IPsldbBg
3u_QlcGCHUU
3vJ4-UH38dQ
3vfuCPFb8wk
3w6Ztmpm910
3wxBTEo8-T8
3y5f2l5yM4c
3yfFwDq4R5M
3yfz8yTXKXI
3z1cCT2NP4k
3zJHwOwirjA
3zqZPujAPuc
40riCqvRoMs
415VX3QX4cU
43DuLcBFxoY
46w99bZ3W_M
48x_00Iy0ac
4AYE3w5TWHs
4BaJ8zS49v4
4CGFPbFqdJ4
4EUAMe2ixCI
4E_1AB1rsSw
4ErEBkj_3PY
4INdeZ5HYpw
4KmKoj4RSZw
4OXhOXULEbA
4Q2aznfmcYU
4R3gFN8sUa8
4YS3gGpnPe8
4ZB29iq_Zd8
4c1lqFXHvqI
4cJ08wOqloc
4c_xYLwOx-g
4fhS8LF5nAo
4jBB5iibKy0
4lrd5Kf0C2I
4mNgNV533nk
4n8qT0vQbWk
4nCJRrNTlus
4q1_iQkppSs
4q1dgn_C0AU
4rttG3xyHcw
4sZdcB6bjI8
4tQee2_JgUo
4tSI_LPD8Vo
4v4XxlfVk3o
4vYUfKGtJA8
4xJ1rSq4nZ4
4xKC0ldOn0E
4xKgo0_HGRM
4zLmWpMDY8Q
501FEzbB1JI
50yxXTAHrfc
51k3UASQE5E
51z7WRDjOjM
54ST8bwOVyc
54p5EF78lhw
55yGmKc6WfE
56XQd6fcWu8
57eeP31s-Rs
59-Rn1_kWAA
5APf07w4J2c
5C6UELitWkw
5CSDIcUsIJk
5ErKrSyUpEo
5FCPLlF6P4g
5HL1BEC024g
5J6jAC6XxAI
5K4kCUBFcO8
5KdOPY1Iqiw
5Knz100ldLM
5LRhKegPCRY
5M3Dow20KlM
5MuIMqhT8DM
5ODzO7Lz_pw
5P04stEjJ9E
5QTjSH1KGlY
5RAJvzV9j-o
5UGC2nLnaes
5UH7uTpTa44
5WI6ZqCUNk0
5XD2kNopsUs
5XnR-w682bw
5YL3LT1ZvOM
5Yj3nGv0kn8
5YkNkscBEp0
5aH2Ppjpcho
5aLiFw8C_EA
5aeEJotxI-U
5ax1iSHp-ro
5b5BDoddOLA
5bXiuSrZUKg
5bwV80fTLlQ
5cWkKwGUt3g
5dVcn8NjbwY
5foou7mIA0w
5g8V23poB9Q
5ghYJlahAWQ
5hJCxSiH4ts
5ifMRNag2XU
5kY_hDxnYx0
5l4cA8zSreQ
5n-APFrlXDs
5nM21P8lJ2I
5nys6iebjHw
5qaktKVL_zM
5qzy1fHYQNg
5riPKdpuoiI
5tUn_uoYKoE
5tal0NkWW1E
5tn8zo4ykMI
5u9YWWcgheY
5w5BhwLzoqg
5zWmdHmJMd0
6-eYu0fCtU8
6-tqiaPoS2U
60OVlfAUPJg
60P7717-XOQ
60e6u_1TEIs
61hRq0D8Zcs
62cNtvx6P8E
64-bHvDcgQQ
640BQNxB5mc
641aB1Dv1DY
64fDIZiV-SM
66-mr600NjU
66ko_cWSHBU
67P_B-wbUIc
694XUHVuGQo
6Af6b_wyiwI
6C_-VdaXgCQ
6ElobAhlQo0
6F8wFkScnME
6G3UIrqiFLw
6GEMkvT0DEk
6Gw5dK48MtI
6LmPq7D-ds0
6Lp-NMaU0r8
6Ly7Btx0Stg
6MgDcFlTgVM
6ORDQFh0Byw
6OaIdwUdSxE
6R3HaHOhZks
6S3KTtcO5YI
6SZHUHkMYr4
6TyIY6u31gk
6UbpxCQTv34
6UeaxsubJ70
6UiU99_tE7I
6V6p1tgHfm0
6Vy0ncmUvUw
6W2dsnhC18Q
6Waurx8e-1o
6We_1bXRBOk
6Wl0yjC459k
6X-8TA4RBog
6YvyjLMfWJs
6c0VtOdibcI
6cL5Nud8d7w
6d6oq0zGGmw
6diqpGKOvic
6gSwRHScq6M
6iM6M_7wBMc
6ibCtsHgz3Y
6k8YBJ5sgko
6kH-uYwt0qs
6liIKYeUzaY
6nm8D0CkLZ4
6oLsJUH1cfU
6oTCEkUAwSI
6pSMgmL7vF0
6pSoGKc-U7w
6qqqVwM6bMM
6ra1MIKlYB0
6ul2TSvUDog
6wNif5SlN08
6weGCM3sWKc
6zVS8HIPUng
7-onVz1D_uc
73rUjrow5pI
762c6pFpoqg
77HUdJ7Tij0
796LfXwzIUk
7CIq4mtiamY
7E9a24Nw6Cg
7EFiwkbMDQA
7ErKuXByRto
7G4WI4oTC5A
7H0qAqXR-fw
7HD3lrb6VtM
7JVTirBEfho
7JsNH7A4qM0
7LE4MoJ-2po
7LN4L5EMmmc
7LPJrzZaoZg
7Lc_dlVrg5M
7MHOk7qVhYs
7NJhq163t78
7O6TTFgHVIk
7O7BMa9XGXE
7OMLSs8t1ng
7Q25-S7jzgs
7Q59suYxIec
7SfRgg9botI
7SfhKi24z-M
7UOEk-YkxdU
7Xmr87nsl74
7Y2sj_G4Njg
7YoLMG2qja4
7ZymFMmpOa0
7_RGn75JcZ8
7_XAMm_TBJk
7a5NyUITbyk
7eL6AhWxW70
7fx0QcHyrFk
7g0O003kufA
7gXq1ml6B1E
7gkdzkVbuVA
7gouSXt2zE4
7hQ0rgVfsP8
7jx0dTYUO5E
7kkRkhAXZGg
7n36qV4Lk94
7n9IOH0NvyY
7nZqiPLCvM4
7oQY0uC52jY
7p1nCRQCiUM
7pMhqyteR5g
7pVPmmwSeJQ
7qT3RpaBlJo
7qWvVcBZzRg
7s0CpRfyYp8
7shXEFuxHAA
7sqeoYOQ4qg
7uN4I1wEOXE
7uRPPaYuu44
7vDKuAEMDns
7vXsynj1QkQ
7zT7iKmfrCU
81Ub0SMxZQo
81qHa3gJB3E
82EHVVftQAw
83R0ZaRKF90
85LGttCxmqk
85hbMtegrLc
86AGPVir1g4
86x-u-tz0MA
87AEeLpodnE
87qLWFZManA
87ro2-kT7kQ
88d-58tWhGs
8COaMKbNrX0
8D0pwe4vaQo
8DDgHq9ewOo
8Dv2Hdf5TRg
8E9Fx71e7zw
8GAWPb92q3A
8GQZuzIdeQQ
8HfoKd873HY
8IGZ_M0OOmA
8K9Gg164Bsw
8KkKuTCFvzI
8NNazV_75B4
8NSQYO2es3U
8NkTDzWAX3w
8OnsjVdEuRk
8Sl28fkrozE
8T_jwq9ph8k
8UNCvk9YXOo
8UPHFjHvGvY
8UhqkX2VAmo
8VcE5KWpc5A
8VwTZFY-fvw
8W51H1croBw
8XQ1onjXJK0
8Y9ppbU0864
8Z24LCysq3A
8_cEKbzbC98
8_zk2DpgLCs
8agz9FcDcPk
8atXMqZ_w0M
8bj0GR34XWc
8cwW_S29faQ
8fE29CHJMCg
8i-pNVj5KMw
8iYpxRXlboQ
8itpqSocRT4
8jPQjjsBbIc
8k_XH-ajLo0
8kjN1PnEGhA
8lXYZ6s3Dfk
8mPpe8AL21A
8meWY0W40OA
8nbeD1mwCdo
8nt3edWLgIg
8oVT8jg1R6s
8olL43PKJKw
8pHzROP1D-w
8q7D4EmbSCw
8rZzHkpyPkc
8rzlrItooG4
8sQ2p89P0Us
8sheoGMsy3Q
8tEuaj4h8dw
8uOIa3Ag_WY
8vNIrPeRGlM
8v_GrrQs8ow
8w-OZFBcwZc
8woKcr7u-YQ
8yqAD0MX3Zk
9-5SMpg7Q0k
9-qHrhrTktc
90AU6D8qEhc
90mj79GqWhc
93hbqLBp_HI
949yOxz_x80
95ovIJ3dsNk
96HHmILhyrE
9A7_xCrgX1U
9AgCr2tTvng
9B0PaSznWJE
9B5Z-7ELMO8
9CqVYUOjHLw
9E3a0H-Xc_g
9EBkS2kE7uk
9EVEmZ2c_es
9EglK8Mk18o
9Eobo04R7-Y
9F8-jp_6Uqg
9FBxfd7DL3E
9H38oQBw2HU
9ICjwQ_lJ8Y
9IPHZ2rN-Hs
9IRv3TOjE1I
9IgOVOPLTYI
9JKy6ZfmBn0
9KACXV-cW-4
9KvZy09vaNg
9NZCWeBNPeE
9Q2hew8759w
9RMx31GnNXY
9RTkZaX1cH0
9Ruc0Jfno2w
9TPFLHvn024
9UiK4llJOXc
9VF7kffCgJU
9X68dm92HVI
9XFeW9dgyIs
9Y9ppMqXwkQ
9YekkGz1E2k
9ZwNaaJxw40
9_H9wtQi7mg
9alL95G293s
9bbX13SfsBw
9h2dF-IsH0I
9jRkACywckE
9jZHw7Wf0v0
9kBKQS7J7xI
9kxL9Cf46VM
9mAg3_A6ye8
9o8rd3Hx1NI
9qd36_QPxSY
9uOMectkCCs
9vpqilhW9uI
9w0PL2_-oAE
9y7YEmyz-Do
9yEl0-bCA9M
9zC2Bc22QfA
9zcSdv3j7zs
A-OvJjAw2Jo
A-QpKiU-NHo
A2DzsgJSwcc
A3L6OZdnVWE
A6GLw12jywo
ABHdTi1If0c
ACohrH64YKs
AE0gO5w-aok
AEKy1AS75Zs
AFRmGkdXkxA
AGKZhNK_pHw
AHV_BxlNzmM
AI7M-JTC6_w
AIfwFLDXFyQ
AJg9SXIcPiM
ALTvG9MIR64
AMVgX8cXsHA
AO4In7d6X-c
AOEQ9GteWbg
AQa3kUJPEko
ARb2UfDgSHQ
AS0K0XOMNwA
AWEpeW7Ojzs
AWPrOvzzqZk
AX4ewS-YIbA
AYzA2uyd9_s
A_u2WFTfbcg
A_xXC37CDSw
Aa2JfigaNcs
AegIbt2j0sU
AgMOJC5R4F8
AgR5Q_3HPvs
AhUhpfKeLus
AkUcaludrcI
AnIyzhRX9IM
AoAbPIbGLUo
ApGeDdIaxo8
AsSd2nmoKNA
Ascql_RoeBU
Axh07mJ9Ag4
AyWtIwwEgS0
B0cphH1jkQI
B12syeJflbQ
B1fkNcmDrlM
B43f89Y9f-A
B4a0NvLTebw
B4xOFsygwr4
B5MkpzMAOZM
B5pFS8XD_MM
B67LTsGENPQ
B6lBtiQZSho
B6rIUxHZ9f4
B8Z2G7d2kzs
B8kyrIQCFXQ
B8ofWFx525s
B8rmi95pYL0
B905LapVP7I
B9bDZ5-zPtY
BDC2hZn9h1A
BEsJI6Nxo4Q
BFZtNN6eNvQ
BGNN7hK1rfA
BGRy5VU-LfI
BHY0FxzoKZE
BImnT7lcLDE
BIvezCVcsYs
BLnOPA7oMxY
BNHGY0PB1UU
BOba_zGoZq8
BPeFy4iyzn0
BPsSKKL8N0s
BQZKs75RMqM
BQj2Z_GPsY8
BRETz2F-heQ
BRRNeBKwvNM
BS-LyKorcq8
BTB_HPL2r88
BUmOKfllAEo
BXcFEhl7ynM
BXlnrFpCu0c
BZoKfap4g4w
B_tjKYvEziI
Bb7kz1THJPU
Bc2wVyl8RLI
BcOey28XXIw
BcgDvEdGEXg
BdDkF0Lw-ag
BdHK_r9RXTc
Bg7hbA6IwBM
BhMKmovNjvc
BkzGqD_xbGY
BltRufe5kkI
Bo8YN3oB0Cw
BoRUrWcdkQ4
BoRXbjGJrI0
BpxVIwCbBK0
Br1AIvMrvAE
BrnZMrjsf6w
Bs2Fv3YiSFM
Bs86giWcjLA
BvpmZktlBFs
BwOd20Mv0hM
BxFvxKa-mWo
ByEoeBYUwOo
BzVmRVKvKa0
BzeTjn0R2VY
Bzfb4ZdNQFM
C-VacaaN75o
C-bcjsXkG1Q
C0byYFXjRJM
C0dmOPDLKhY
C2p42GASnUo
C44r6knuJtU
C4pHP-pgwlI
C6mNITMY7e0
C6yUKhotEf0
C74amJRp730
CBSkV8sgUQ0
CD7iYdtrJfY
CDV0i660brM
CDdpQSLr7YE
CDnwc3NAx-c
CDsNZJTWw0w
CEN4XNth61o
CGksAjzI0go
CH4TZteceas
CIZAZYsKM84
CIesJyZUWTY
CIlgTBmiov0
CL-SiaFuLo4
CLWRclarri0
CPVjktgYKo4
CQ5dRyyHwfM
CR_LBcZg_84
CS01Hmjv1pQ
CTEhgUmSrro
CVPl8jRaAqM
CVa_IZVzUoc
CVdPhUPO5YU
CX_Krxq5eUI
CXvUdCdKTJY
CXy1byguvJY
CY_Oj59WlL0
CZNrOzgNWf4
C_SBGTJgBGo
C_WItyb1g50
C_eFjLZqXt8
CbVflDOWCbU
Cb_6PPBJJB8
CbnQtb9LUY4
Cd0JH1AreDw
CdZJ0SMbh10
CdxVbUja_pY
CeOadxT7kPA
Cetg4gu0oQQ
CfqO1U6lfDs
CgNx9Bgac1I
Cgxsv1riJhI
CiLn-GrcuEs
CijsvAGU6-c
Cj04JUBXe2E
CjB6DQGalU0
ClfBxWPkBKU
Cm1Ij-jRhpQ
CoQuaDKV3xk
CpkXmtJOH84
Cprp_EjVtwA
CpzjPnDW1G4
Cqj0sgrNL10
Cr1usGUSuL4
CsECS5qsGLs
CsjV1gjBMbQ
CstD6O95L-o
CtvIX4s1bTU
CuQHSKLXu2c
Cvl2tHwuvzk
CxEqV8WtfOo
Cxf_SRCcaGo
CyElHdaqkjo
CyGWML6cI_k
Cz6pXdA4fxQ
D-_Az5nZBBM
D03n5dAmBSE
D089t_F9yUU
D0f0mXRlYKk
D1JZkmkStK8
D1xT2tevnIs
D3LFVlI5ir8
D3azoUEEy3E
D492MbAfBJc
D4vjGSiRGKY
D55ctBYF3AY
D6uELr0j05g
D8S_LLnV3W8
D9Ihs241zeg
D9ZNpt6FVTY
D9xJl4S6NsM
DAk-9LvYU1Q
DBBA2LAsepU
DCIL2nvU4x8
DCLoio-8d48
DDaldVHUedI
DESCcjSQSKY
DFjIi2hxxf0
DGvPfD1Dd1U
DJGreSgaOTc
DJMhz7JlPvA
DL0_gcP15Ts
DM1_DV_Fhc4
DOa5ijO5Ba4
DOgsYATbV-s
DOisAG9yoNk
DOvbl3ZPPV4
DRmW03Rd8xM
DTIjvPLkJgo
DTcJmIbn5nw
DTepA-WV_oE
DUd8XA-5HEk
DUg9GvRHQk0
DYpmewVFACM
DZEzUC4QW54
DZT6YpCsapg
Dar8P3r7GYA
Depn_GsxSqo
DeyzUysMLy0
Dh5sPiuaO9Y
DhnBn_c9f8Q
Dig_QFPPPtE
Diuv3XZQXyc
DjcZrtcBZi4
DjeIpjhAqsM
Dn1nYrnsmr4
DokhOtMp75A
Doqr0HdMXOI
DqbM1ZrpTQg
Ds_rzoyyfF0
DsrxbqFo41k
Dtbn9zBfJSs
DudfBIxw6do
Dvhu2OK7ffg
DvuINJTMG8g
DzNN_4rcIjs
E0KLmBMSjDk
E0k4IQ8fDCY
E0oPnS7rUwE
E11cDEr272Y
E22icGCvGXk
E3cK8IL0JCE
E4FrxvHJlKw
E5X6Qy772YU
E616tdjsrZ0
E6VpcV23mi8
E7oq6J8HvKw
EBK-a94IFHY
EEjyPqyFe_s
EF692dBzWAs
EG6QA47rMNg
EGjxI_5MPUY
EHNP7KqLrW4
EHTmxmuhZ10
EHxR9kBVVV4
EKBpF2bzpNs
EL9TBKSdHXU
ELgvDMTKyBE
EOMvzRZpIOI
ER0G2S9r7aE
ER15KmrB8h8
ERSZb2wHFDw
EU15c9hnftE
EV3OmxrowWE
EXo3qA9V3eI
EYgoqiX15Rw
EZKDkSY1GBM
EZ_f3Fc0ZRA
EZeVtfQ7bpI
EZwxKPv1CwA
E_NiCniw0JE
E_fB_s_TC5k
E_lb3D7Ay-M
EaY_6muHSSI
EfeiKPSBKfg
Efv5IeMlo4Y
EgFJ1lu2kR8
Eg_ToU7m1MI
EhM56Fk2aFk
Ei5oOEoGlIM
EiTrl0W1QrM
EjSuaeVfE9I
EkIpeO1r0NI
ElJxUVJ8blw
ErexJkoDhGI
Erm4vP1vTn8
EszGIvRdgTE
EtZQT3avFaY
EtzumV-GwOQ
EuOv0rbPt-A
Euegk8-WjoQ
Eup2J0oAq9Y
EvGkSEuWtaI
Ew2z_sYABE0
EzZzZ_qpZ4w
F0ofeD8VKMA
F17_KiAZOxg
F1U26PLiXjM
F23ak31YnTI
F2XPF6rQ6fs
F2hc2FLOdhI
F3OhcpK-UBc
F3mzS32SH2Q
F5h6ynoq8uM
F6NU0DMjv0Y
F6Qo8IDsVNg
F73O3_im0Wo
F7oT1gXo5eA
F89eycANUrQ
F8bM8K7W_R8
FATQ0Yf0Fhc
FD5ZKi-moMU
FD6CqD1kV8s
FDhlOovaGrI
FETryXMpDl8
FFG2rilqT2g
FIrgjCNcDBI
FJJe8PXEUhk
FJspeMI5ICc
FJxUN-kNXNs
FKxaL8Iau8Q
FMJgZ4s2E3w
FMkJVXi7Rp8
FOZ6KnVPvIU
FPhHHtn8On8
FPhZGD-6kVQ
FQDBfcfFMik
FQDniBcyntc
FQEEMpzPZlY
FQdQhV1yjfc
FQfWKSdIreM
FV-c2FnPnDE
FV8n_E_6Tpc
FVUkKKc3Vvk
FW3198J83RQ
FWltKRx06i0
FWuix2tbk9Q
F_NEIwDiCSw
FaSF1gPBKrA
FauPVZxDXxk
FawSxPJsloQ
Fb3yp4uJhq0
FbcHBqUchiE
Fc1yN6uxZfQ
FcN3BW4vR7M
FcecqQkyKoM
Fcm-mAwPkxg
FcoJt2KLC9k
Fg_JcKSHUtQ
FhP0AfZdRZ4
FiZqn6fV-4Y
Fivy99RtMfM
FjvjSlpJoqo
Fkd9TWUtFm0
FktsFcooIG8
FmpIMt95ndU
FqrLUtIFVjs
FrxDrpi1XNU
Ftow7dSpaiY
Fu1C-oBdsMM
Fu1Zi1PYqos
Fu_kBW_KSms
FvAl7Sjddok
FwFkb1x7FJQ
Fxt_MZKMdes
G2XBIkHW954
G2Y6Am46eVU
G6CVj5IQkzk
G7PydoX_WNQ
G83MDe_-QNc
G88JZ1DIdg8
G8RxjxdUulE
G8gJJuCdP_A
G8w4UQL6aI0
G8yKFVPOD6o
G9-urSR19SI
G9UEBLcJIRc
GAMR5RD_LJo
GB4s5b9NL3I
GB6fO0Tylvs
GFivy8eFFBo
GFpciGYBELo
GGScU5ESei4
GIBoCJeB3HQ
GIbz9ms9Z9k
GIrfNWed1Mk
GMynksvCcUI
GOCUH7TxHRI
GOW0IKO_zfM
GQDQ9rUx-6g
GROCkg810R0
GRfudKFLAmI
GS1xL1qcBa4
GSf6nij-SdA
GX9woZi0HUY
GZGY0wPAnus
GZadCj8O1-0
G_0UMcx7YlM
GcJxRqTs5nk
GfF2e0vyGM4
Gg5M3J_FHXY
GhpFTQfiqCs
GigYWy2UmOY
Gj8IA6xOpSk
GlUS6KE67Vs
Gmai4zkKNcM
Gn2W3X_pGh4
GpxV10eD538
GqGksNRYu8s
GqnJFm1C-3c
GtXyGFMBWBs
Gv7Y0W0xmYQ
GvGAIGbnX7E
Gz8RlHf3Czs
GzOQLDwUAC8
H03o2WCBoDU
H0_yKBitO8M
H14bBuluwB8
H2QxFM9y0tY
H3TF-hI7zKc
H3ddtbeduoo
H4iRPytrnJo
H682jmofwZs
H6kBP9b3I90
H8rDS6Wto5g
H9ZOpQzjukY
HA7GwKXfJB0
HALd9FY5-VQ
HCgv_HNoJrY
HD4bpztESWw
HDjM5lw8OYo
HF9G9M0cR0E
HHwXlcHcTHc
HI7zfpitZpo
HLEgiR1Fsds
HLuv7lsvWco
HMYVH-hBGWg
HNMQ_w7hXTA
HNOnvp5t7Do
HQzXqjT0w3k
HR9956gDpUY
HSdXqmnNCp0
HSercnrqeN4
HTdY_3wyKMs
HUM2rCIUdeI
HW2SSoYteIs
HWsehvUkI-c
HX17MXvwYHo
HXbsVbFAczg
HY71088saG4
HYzrdn7YLCM
HZCeqs-fR60
H_8y0WLm78U
H_pqhMO3ZSY
H_xc8dvKDu4
HaHeAdJNa70
HbQZ7jAvgoI
HbUeAdVXOVc
Hc6yi_FtoNo
HdwOlk6HIVc
HfMhU6qjVVM
Hf_zXx09IB8
Hg9STIrY0No
Hh09xlzxRmE
HiA41B9LbJI
His41jX5tVc
HiwJ0hNl1Fw
Hj9oB4zpHww
HpiZTvlWx2g
HqekWf-JC-A
Ht2fzax9wV0
Ht6TTA8z3MI
Hu6s9GVgWkw
HuWMO3M1HVQ
Hui5YH-D6Go
HvIvAI4ygyg
Hx9mkvBBXXw
HxMGItCnINE
Hy4yby7ZAd0
HzAtOyw6ACw
I-jk9ni4XWk
I1cGiNnJZgU
I23D7REnuSk
I3BJVaioX_k
I4PU2JlhO80
I5g9-4fx60A
I64CQp6z0Pk
I6M54p8VQFA
I6xuJu7gLe0
I7QwxbImhZI
I9tB6Q5bmcQ
IBf9pXOmpFw
IDS-ieLCmS4
IDkSDPgrtjs
IESYMFtLIis
IFjD3NMv6Kw
IFpK-MqBD5E
IGJt7QmtUOk
IGadg8xHVPI
IHBGLHgIWJM
IHyR7p6_hn0
IL2lb9fmIV8
IN88mI8zpSg
IOABs1cOqDo
IOrmS8vJDQw
IPBCxlx_SVk
IQkj4CF_ha4
IRVdiHu1VCc
IRxgDMSp9Gs
IS_upr6ayqw
IThAD5yKrgE
IU3V6zNER4g
IW8mHxAkOtA
IWdzrZdRa38
IWjzT2l5C34
IXZkhs45Vzg
IYDqtxvKDW4
IZ2N3tF4W_k
IZjPnaifVIM
I_4IK8CiLg8
IaMnRrrQx48
IcaDZK1Njb0
Id2rZS59xSE
Ie9cACQnqew
IeajljTsrOc
IessjPY9gwI
IfOqyuxb5S0
IfSkBBgF4a0
IfbOyw3CT6A
IfjI0tVUpbc
IgKWPdJWuBQ
IjbTiRbeNpM
ImQrUjlyHUg
Inde9XTRdb8
IoRjz8iTVoo
Ip2-Qa50uBI
IqcuV11xp0U
Ir7wCAQINqw
Irx0tC92fdE
Is1YUQVYkvY
ItGGGN4jeYE
IuQZ21spTRg
Iv3Ud7_hv9g
IwPOPL-ieD0
IwidCkCmWg4
Ixjxvzb2-Fw
IyrcWMvu9ek
IyuiVTsIctg
IzPcu0-ETTU
J-FzHIQ7SOs
J-I2eScPkEw
J-KfKxCaDVA
J-LQxBbQPTY
J-brae31GE0
J3pGKt7fE-M
J4VzuWmN8zY
J4r9pgx_95E
J5jwEyDaR-0
J6--CMhcCfQ
J6ZzmqDMhi0
J6oMG7u9HGE
J6tgYBMXR6s
J8FyHI00ELY
JCL4lsW6CUY
JFQLvbVJVMg
JHk9YVjhk7c
JI-HzvXk5bk
JJZ8z_nTCZQ
JJyeKiT8g4g
JKS7HWy2TRU
JKsHhXwqDqM
JL1_j2tdeuk
JNJlhtNpuiU
JNcLKbJs3xk
JNt1k3ohkbs
JP0w9lZoLwU
JQ0iMulicgg
JTN9Nx8VYtk
JVbl-IaklIo
JWRqI2ZRHWQ
J_Sc7hYKstI
J_uTsrxfYWQ
JaF-fq2Zn7I
Jc2F3-nawnI
Jc9RdbHEFa0
JcJ3MfJNm6g
Ji0EWJd-GZQ
Ji4sq73W7BM
JlbwchclCBo
Jm2dWbNsnZI
JnfBXjWm7hc
JoGCaI1HzYo
JoUZ929qoLk
JqcDzptviFw
JrJJxn-gCdo
JrRRvqgYgT0
JrjjOGI6YB4
Juc_yvEkJuc
JvZZU_WapH8
K5wCfYujRdE
K7g6DmvWLms
K926HAKRFvw
KAQ11iNknoU
KCr8s57hdzY
KCxbl5QgFZw
KDBcoRLkut8
KElS5nZD5yc
KGPjwFw6JaQ
KHuwaKrHuR0
KIh2-S2jXls
KJPpJhQxaLw
KJW3sucsJGs
KKHCy3f_6Og
KM4Xe6Dlp0Y
KNXOVpN8Wgg
KN_RifMS-vM
KNsnZDEk7pY
KOIsqRgJ3XM
KPNn880KWfU
KPPxXeoIzRY
KQ9FfzMKBNc
KQ_sO9V0tyw
KR8SwPmCFd4
KVVW5eGiETI
KVhWqwnZ1eM
KVjkFq-7Y6A
KWkIgCnUWvY
Ka70-Hb1wFE
Kab-mpU-YVM
Kc0Kthyo0hU
Kc6hkHGHQQc
Klta3uf4uzw
Kn5JRgz3W0o
KnCqR2yUXoU
KoyG945wlyg
KpnxojCPyQs
Kqm9AEvJgxU
KrjE6ndwH74
Ks-_Mh1QhMc
KuWXfjyGhk0
Kv0Xz0lMKDQ
KvHL0dHj3RM
Kv_z5asgn7Y
KvvjDOtS2sw
KxDwieKpawg
KxLMjn4WPBY
Kxg0_EpOcWs
KyVSuI6JyOs
KyamsZXXF2w
KzGjEkp772s
KzIp4IzDPG0
L-dPxGLesE4
L-q-tSHo9Ho
L0qnh0m50vQ
L1VT0asH5Ck
L375-rWJVmU
L3QkaS249Bc
L4N1q4RNi9I
L5rE-Ur9pSI
L7X17aash2s
L7vXZ1BnTBI
L8YJtvHGeUU
L9_c1j9VRwE
LC5n91vKDZg
LFJ9WAHowcg
LH8MPbFoRjw
LHHlPnfOtRo
LHmz_s981-g
LI8ix9IghkY
LIckScLypGA
LIy2oVJtJsA
LJhklPJz9U8
LMrzdk_YnYY
LN2shXeJNz8
LN820hIQ17Q
LNOtiRB3uyk
LPrS7-kx9Y0
LQMLFryA_7k
LQq3NSoQH48
LRTTPs-AujA
LS3wMC2BpxU
LTO_dZUvbJA
LT_x9s67yWA
LV-RvzXGH2Y
LVFVaWCV1TE
LW0SMk-HJ3M
LWULB9Aoopc
LY5hMMjiN6k
LYCKzpXEW6E
LZAi7DlVN2g
LZXUR4z2P9w
LbIXYEW9CSQ
LcNvkhS4UYg
LeBKBFAPwNc
Let7s6_PgEU
LfcKh-ZeY20
LguEk06Wb-U
Lh9lDWPMWrM
LhszKevcH30
Li4-1yyrsTI
LjAsM1vAhW0
LjQM8PzCEY0
Ln5Ts0bGguk
LnQcCgS7aPQ
LoXAAEy6YQU
LpROaNue9GM
LsAN-TEJfN0
Lu1UamHgIbI
LujWrkYsl64
Lv-TjM4YVzE
LvNWW_thRC4
Lz9CQ2zKt3M
M-8k8GEGZPM
M0-b-z5Le10
M0yhHKWUa0g
M1o3FS0awtk
M1pr683SYFk
M4so_Z9a_u0
M4vqr3_ROIk
M5PiTCwoQRo
M6TMSQWI9m4
M7K-nq0xkWY
MB5IX-np5fE
MB7nbvD8rQk
MBZyRlxVd-E
MByKyFt7hZI
MD23gIlr52Y
MEDgtjpycYg
MEHU2gp1wtg
MEfH6-nJ--E
MElm2v5eFf0
MG5-xZLTuVs
MIA_1xQc7x8
MIGtyaVb2Xc
MJK-dMlATmM
MLU7qcMYKO8
MLvwTlbj1Y8
MMzNxiB7NRc
MNhCvM5pjfs
MNhiHf84P9c
MNuOmTQdFjA
MO0L_LY2hRA
MQrhPhan5Gw
MS7x_TJfGcE
MVnH8ou3Kd4
M_4x6G0zzeg
M_X0uwAG2Jc
Mb8x6vLcggc
MbBHVL4hT90
MbhNaj88uL4
McxUiTl61nY
MeKJK4uetL8
MehKgIcoj6o
MgOVOCUuScE
MgnnQ2CN6yY
Mh3_wYHdeVs
MiI7q_4p17M
MkRJG510CKo
MkS-u32xfGc
Mkelhs_OVMc
MlLWTeApqIM
Mlt6kaNjoeI
Mm-_QZ_tf0s
MnT1xgZgkpk
Mo2Ai7ESNL8
Mp3Msfw90BE
MpYrJs0rX84
MqtffzWvzOQ
Mr8nvXvl-y8
MsLuQM5V3FA
Mt0PiXLvYlU
MtSE4rglxbY
MvXZzKZ3JYQ
Myp1sZBxTR8
N0JtOnCnqaA
N0vRIqeoefs
N39x_WTPix0
N3SQlrmV1cE
N4tP-OCG6jU
N4wFyRGilp4
N6LxuFpDIYM
N6wjC0sxD2o
N7wF2AdVy2Q
N8Votwxx8a0
N9HF8mMe2pU
NA7krbsdXFA
NAYkF04IZHI
NAkkckxE9i8
NCJTV5KaJJc
NCPzji_-2Oo
NDQ1Mi5I4rg
NEjZt0y6OOw
NFDmsNCGcvc
NGRnJ-zhSOk
NHopJHSlVo4
NHwjcQDtcCo
NI915VTjCHE
NJerBBTy074
NL0uxDscjdo
NMVgg6zuiB0
NMr3ShT_Kl4
NO5-IQNmZN4
NO_XHEBJXOY
NP8xt8o4_5Q
NPX5RwjNzl0
NPu2j3JVmnw
NQvMQEB0j_A
NRXCxJGQ4KY
NUFEBioLPf8
NWQ8y3TksrQ
NWUFjb8w9Ps
NWvXyobH9fg
NX0Plqw73K0
NXfYNdapq3Q
NYKcOFQCeno
NZsp_EdO2Xk
NaoSp4NpkGg
NcmxEPOQQzg
NdFJOcaVDYU
NgDGlcxYrhQ
NgYE75gkzkM
NgbqXsA62Qs
Nh-TVcNFtVI
NhYnouvrG_8
Nhx1_yXMwCg
NiKtZgImdlY
NiMgOklgeos
NjwvaF3P_5Q
NkYk36wpk-4
NlYJQ0psZYA
NmV5UIdIsQI
NnWhFyFGt74
NoCOagL69_s
NqOjj1FCcVY
Ntg1Gpgjk-A
NuBtcUGqgMc
Nx02V8GBKUs
O0JDDyqtSVY
O13KwsyDqeE
O16Pfv6nd7M
O2OQxHNVLNY
O3a9AYu5SUQ
O4F40SsEFyY
O4g60zB4Un4
O6GimGZz6a8
O6Vayv9FCLM
O6jrLgvCUNs
O8e8Ttfz-pY
O97OSp3yUDg
OAK1UIb-Fio
OAXPl_jRvps
ODLg_00f9BE
OEydHbngSz0
OF2N6a3t6uY
OFSNR8t5KdY
OI_OhvOumT0
OIlSXRC-B-I
OIpgrZ8yS-Q
OLHh9E5ilZ4
OM6XIICm_qo
OMDVTZ-ycaY
ON4iy8hq2hM
ONM4JupBz_E
ONXYcN-7k1Y
ONs9FCY74p0
OP7ENrKYA20
OPA-rQyKeLY
OPfVCUGxyHs
OPzfxvJ9cq8
OQSMr-3GGvQ
OQuwz64qsBM
ORW5MNCv_LU
ORYKKNoRcDc
ORthzIOEf30
OT9poH_D2Iw
OV_N_eFTaso
OWiiA9hXbY8
OWq7ToR2U8Q
OYfoGTIG7pY
O_MQr4lHm0c
Oa82WNk0mis
OaGEM-Rms48
OcMQ1-P6RdM
OeGpf1MyM2M
OfCLTQhW9GQ
OfMgKdhkaog
Ogce5D2XMZ0
OhCzX0iLnOc
OhYvDS7q_V8
Oj8eFu72_fc
Ok6LbV6bqaE
OkKhI6-t40w
OlLFK8oSNEM
OmczrIUzL7A
OqUaEJLfrLo
OrAo8oBBFIo
OrB9JBEk1ds
OsFEV35tWsg
OsbV1_tA1oU
OtIyx687ytk
OtVlE9eJaDI
OwgWkUIm9Gc
Ox4YJsGm8mY
OyPGDBOqPFs
OzA6jRYjVQs
P-lBlZ3hqKc
P0uG8YF_NiM
P0uu6_Dm2CI
P1sbSJK1LiI
P2AUat93a8Q
P2y3Uspr8Bg
P4h2zgJhC7E
P5Mpo4JQZhw
P65XdTlk4vA
P7vnspDNx7g
P8GCjrDWWUM
P9-fJI0iZv4
P9B8PmUR64U
PB2OegI6wvI
PB7xs7UpIfY
PCWIGN3181U
PFFbXhEcYTM
PGdID_ICFII
PI5V1-IFvlI
PJLT0cAPNfs
PK8PR22-c_U
PKIvop5hJ90
PKbet4RdSo4
PLXsUgL_wpc
PLZV9Aj0e1Q
PLk8Pm_XBJE
PNLwMSvPurc
POHYyP4EbzE
POTosC2q6Hs
PUW89NpDYJw
PVXQUItNEDQ
PVfd6fg7QsM
PX61e3sAj5k
PXB3-yVGHcI
PXHczjOg06w
PXMJobWlXks
PY9DcIMGxMs
PYHd7rpOTe8
PYJ22-YYNW8
PY_kd46RfVE
PYjWLqE_cfE
PZr142ka96k
P_6vDLq64gE
P_Z5MhlprRE
PaItY5i9i0k
PaxNc5-qn6s
PbgB2TaYhio
PcDftBVDSlc
PdcqEjmuxjA
PdxPCeWw75k
PeZ-U0pj9LI
Peu7eeGtmQ4
PfWGiu0jGv0
PgCmT0qkfQM
Pgq_CODucg0
PhVP1tNeGyY
PktUzdnBqWI
Pl8OlkkwRpc
PlPena9gobI
PlytMrKfOFA
PmY1Dr2iQ_Q
PrJAX-iQ-O4
PrK0CifulU0
PrUA8L40Dic
PrZwUTdFmis
PsihkFWDt3Y
PtBKP4fVAvI
PtqS0siIeKY
PveLQRApahs
PveqmDnqZw4
Pw6R5n9SRng
PxQcnxSbivQ
PzJLO-OsEJo
Pzd7ReqiQnE
PzyAP4zLb6w
Q-sK-s_TzN0
Q1ZeXnmDZMQ
Q6SY2nz5PJs
Q6U69HbAF9Y
Q80MfH7xPPE
Q9XD8yRPxc8
Q9cje57YDRU
QAAxKRFP2Mw
QBDShp6U7tU
QCFSrb6B5nw
QE8kNh52EeU
QGn8F4j6pH8
QHIocNOHd7A
QISHX5UKky0
QKHk_UiQboA
QL_pN4JtJKc
QMcwDmHiUZ8
QOSPNVunyFQ
QPC5_P2_Fu8
QPiaadMporw
QPmUAfuqM08
QVgq4b9Tag8
Qao76IPXW-E
Qb-D6PTcmfs
Qd5rAVHT6Vw
QeAGu40vZzI
QeIrdqU0o9s
Qewckuxa9hw
QgKCrGvShZs
Qhomjw2P-V0
QijH4UAqGD8
QleRgTBMX88
QlyorcJ28UA
Qm02X0aE8uU
Qn2NR901NMY
QoT0-2vu9m4
QoTSdOkjEVs
QoyBYYpal1Y
QpmsftF2We4
Qprd1VNNNec
QqABUDCiIVI
Qs9m8obl0AY
QtnBMSSk9Ok
QuI-7J59_Yw
QuR969uMICM
QuxF2IpOG3U
QxkxcsrveLw
Qy5A8dVYU3k
Qzmt2wQMhYo
R1vskiVDwl4
R2kOgSVF2Uk
R4Y5wGJJ4oU
R5PHGMRoZMA
R5bn9EvOQVg
R6X_IhgJLzA
R84vqXjXWJc
R9XKRR7aKHI
R9g3Q-qvtss
RAR4cz9wkUk
RAoo--SeUIk
RCXGpEmFbOw
RD07GkmM2fc
RDIy58g9n2k
RD_SLJG7oi8
RE4ce4mexrU
RF6qTlgtHU0
RG5QP2EVUVY
RHTTIg7HY80
RJEJl6SKM4s
RKK7wGAYP6k
RKmxL8VYy0M
RLz3AYVIqes
ROXUPr8Wqds
ROgFmb3oTLo
RPicL1AWrs8
RPjqPHCMJHU
RQ8N2Diiimo
RRymi-lFHpE
RTIY66IPjdY
RUYmYE7ZJ_E
RUwS1uAdUcI
RWiI7AkDX-o
RYsTv-ap3XQ
RZgkjEdMbSw
R_-XnRVZ42U
R_U9GUlSOC4
Ra-lxoAUP5c
Rai3pwH3XrU
RbNqU2K0qzo
RcGyVTAoXEU
Rcm3rPz_Q94
RfobLjsj230
RgqtrlixYR4
Rhcrbcg8HBw
RiJzJ771vDw
RiM5a-vaNkg
RjquHTj4HlY
Rjre6diN35A
RjwUn-aA0VY
Rk5C149J9C0
RkTE1LZ_tLk
Rl2LwnaUA-k
RlBTxuWCuL8
RlQ3C_VanaU
RlQEoJaLQRA
RmXiItk49Gw
RovaUZY3e8k
Rp_HEnOWEso
RplnSVTzvnU
RszqjNDCBX0
RtFFT4zjyTM
Ruf6OdDRJSs
Rv-tDrv__mc
Rw9s0ivfn3w
RxyQNEVOElU
RzBUAY1wuw4
RzP_kIXsuvA
S-3qnZrVy9o
S1kEWTjweIA
S2H_8IfxzT4
S4eye-hqQqQ
S4rBC2lRmY0
S6BLFdBfgfU
S6ufvYWTqQ0
S8DwxjDrNNM
S9ry1M7JlyE
SCtdx0Xe1GA
SDLbFowy3A0
SEr-Lcue5P4
SF242mxtZN8
SF9qq6vQ3Pg
SFW0TEFKCxk
SFnMTHhKdkw
SGG97dDfZ7E
SGTMSV8QUrs
SG_vqlb1pOQ
SHY4KH4PK7Y
SJMm4RAwVLo
SM_hPk4rmMM
SMnKboI4fvY
SN7wO06Yz1E
SNJQGT0EiZY
SO7pX6ojJQ0
SQB9zNWw9MA
SS8T-f2srSw
SSZG5aPkZyM
SU8JYKGekXo
SWvJxasiSZ8
SXKNA_vfHWs
SYwvyjIDk80
Sa27SUR0Mlo
ScJVrV6bk1g
SciUx65Q94U
Sd7lvPpDDUg
Sddb0Khx0yA
Se8kcnU-uZw
Sek29hwUjZE
Sf8j5LFv3nI
SfROjZlyg7o
SgOTaXhbqPQ
SiDMd-b-R2g
Sigx5bMlzJU
SjSHVDfXHQ4
SjsG-NgmleA
SkB4gG8ke7Q
Sktdq5z1N-4
Sm5xF-UYgdg
Sp7ZjH2IHJ8
SpTGUT-Fvf4
SsqlpgMKjyU
Stt4iGMiHiI
SuWH0ETXTfE
Sv5QitqbxJw
Swj-8DrVT2M
SxwLfSlkJDI
Syi9bqfFIdY
T00TZkOMLZc
T3vZbEJXCAE
T49IjKho5y8
TDaFwnOiKVE
TFgtI7nt6Q4
TGZMSmcuiXM
TLZ6W-Nqv1I
TO-_kVIkY6A
TQ2f4sJVXAI
TQPN1O03z8I
TRajLqEaWhQ
TS6lFDVR-3g
TSDOXxlT0U0
TSMzKg6fwJ8
TST0CsV8LHI
TSomH3iGgYY
TUIzmzgOheg
TUgBd-yK7-4
TUxwiVFgghE
TV5JBCBcCO0
TV841ZtGfj0
TVNHd8ZODio
TVfmUfr8VPA
TVtgb153S6I
TYFH0D-jyqc
TZNOrZIdct8
T_cetimMBL8
Ta8KBJ4BTNg
Td2hfdXQ5x8
TdBAHexVYzc
TdQ1eaZH-J8
TdZTvzMPa6s
TeGr86rq06c
Tf49RWv4vBY
TfKpvpxdNz8
TgxLl-jBAjY
TlapbFzl_ZU
Tmk7nAvpMXQ
TppG2Wcl3bY
Tq000rAZBMc
TrofjEAetVs
TrwaDlrXB6w
Tu01sNfs5SQ
TvW4yugCPZo
TvcNw4F0Y4Y
TxwGZppT2WA
TzN-uIVkfjg
U2Dd4k63-zM
U4gR_cd6xOc
U5-yBjKKicA
U51MSK6nSQE
U5kIdtMJGc8
U6FvJ6jMGHU
U6MhV5Rn63M
U6PoUg7jXsA
U7y4GlmwPLQ
U9cGdRNMdQQ
UAinLaT42xY
UAj1hsXp18c
UAq4yBdSYZs
UB2iYzKeej8
UCKfvxnljYY
UDvw9vWSgt4
UGHzKaAOOcA
UG_X_7g63rY
UHkEbemburs
UJz69v_7258
UK8ccWSZkic
UL95OYBRbOc
ULNPLFrTirQ
UMhLBPPtlrY
UMn2q35HBeQ
UNbP7O6jasw
UQzvNIIMayo
UR-uWwvpn5c
UROCz70tlMY
US76l775sLU
USnf5kbsMlg
UU0MX8epDro
UUfUAJD3qrU
UUp39T3fPAo
UWKvpFZJwcE
UWothcLpazU
UZmXwOgNq7c
U_ob8SBXF_E
Ubbmje44gLg
UcnYqyQyHd8
UdyRmdv-KiY
UeGLnUqNI0s
UfM7t_oqNDw
UfWh3OHYbEM
UhXiHJ8vfuk
Uieh3RfkCng
Uintr2QX-TU
UmvOgW6iV2s
Un2yBgIAxYs
UoBUXOOdLXY
UoMpbL_Fsig
UoX-YihV_ew
UpkAqPEcMyE
Uq1idqpX9-A
Uq3MCf_6HtI
Uq6XgrYBugo
Urk3xn7l3AM
Uroa2-MpiuE
Us70DN2XSfM
UtBsl3j0YRQ
UuRxRGR3VpM
UuskKfv2zxI
Uwl012o8P7I
UxLRv0FEndM
UxQDG6WQT5s
UyyjU8fzEYU
V-TGxJI4JwA
V-WkUKP1l3c
V-bjOJzB7LY
V1ItvwxBENg
V1yW5IsnSjo
V48M5j-6zdE
V4sSabKqyMU
V74AxCqOTvg
V84b-WIlNA0
V8APZmk82xc
VAJ-5J21Rd0
VC0taBVUF2o
VDX3RgokKxU
VEP7_BeXH64
VHMYl70ibHQ
VIgzTLDyObo
VJoQj00RZHg
VLDwh4ivNf4
VLe84OkwKOA
VM6HZqQKhok
VM7HQ_zbdIw
VMXdSkW6hns
VO6XEQIsCoM
VP_fpvI3Y1k
VQRjouwKDlU
VSUWNy_-pLI
VSWBcizzpKM
VT3XyORCFDA
VTygRN3BqwM
VU44eEKtcmQ
VWMXxbNXFEA
VYU25aJpg5o
V_LurJfOSiA
Va_8GmU9cmQ
VasJyDmMafA
VbF2KPn3TrU
VbeekjZP-CI
VdqnAhNrqPU
VekRvcbL4yk
VfAiNX7jn9A
VhAD0dMslB8
ViZBwbzOcC8
VlHiEN1zTKI
Vld1zXGtZGg
VmLMMNhxZMU
Vn6elsrKz70
VnR5H7YSk1k
VqtEppZmjfw
Vrui-OctNEk
VvQ_G24Zwek
Vvndzh78nf0
Vvvb6mvu7Ls
VxE_itIllxE
VxGMqKCcN6A
Vyn_xLrtZaY
VzyjDR_AWzE
W1KIgMXPR28
W2y7osVtIX8
W59CV66z9lQ
W5vka0MRzXs
W5ySOqtxhbw
W7_Zhcd1Vlk
W7raJeMpyM0
WAuDCOl9qrk
WBqnzn77MEE
WCFcBd9kxTs
WCGuG0uT6ks
WDaa6wBrDLo
WF6-De4U-vE
WFCvkkDSfIU
WHjKnNbYiOs
WHtmgv7eiZk
WJo98LfIfEA
WKlIyta-lu4
WMF-Z74C1QE
WMahpWvAPWo
WNDWYW4yWEM
WNTk29zXl4A
WQ2PFoHptK8
WQR0gx0QBZ4
WRS9Gek4V5Q
WSY-GFkyTV0
WSteyxgQqRc
WT7VMrxTPPA
WTFi99e4RXU
WYRqN1F_DxI
WZWRhLW7Y8w
Wai4ub90stQ
WbuIl6phdco
WfD_FRPjQTo
WfTZ5iIUn4s
WfjzkO6_DEI
Wgt8QUHQjw8
WhGG__boRxU
WhpAYw9kCt8
WjBwhwe5-cc
WlFsUeYzezk
WpldYJ3sSIo
WtvsqRmvWUo
WvfydcUeXls
WvvuLDX7iIk
WxPGJhyFIZk
WyOSqjIABe0
WyprXhvGVYk
X-85KAYKOT4
X-HE4Hfa-OY
X-ywH1Vj8_U
X1DlJpPqDFo
X1dm_mBo81o
X2et2KO8gcY
X31eYIhoMNQ
X41iulkRqZU
X4LOF6ftJVU
X65jxnKiJpM
X6Zo53M0lcY
X6laJ2rzgh4
X7ui-iAp8Pc
X9FFzWUInyA
X9NFPZGyDPg
XAcARiiK5uY
XBJQENjZJaA
XDBWEKBq0_w
XE_FPEFpHt4
XFnGhrC_3Gs
XI5frPV58tY
XKc9MJDeqj0
XNNuwvbR6aA
XNbaR54Gpj4
XO1Me-MY-Q0
XOySX6sE_8s
XPDHY-jOQYA
XQJhRDbsDzI
XRWTyUVh0BQ
XTf9Sdrq1zg
XVXmYD0UPRQ
XXllBMHeKJE
XXm4gx0EdlU
XY6aAPhs0tE
XYNUpQrZISc
XY_lzonfE3I
XZ3nEK1qSkA
XZ4vxGOGNOM
XZ65W5ZxapA
XZBZ5aBEUrs
XZfKdlIRqYk
XZiNVGA78kA
Xb1Wq4NA290
XcIwN_uZy3c
Xe2nlti47kA
Xe8fIjxicoo
XewnyUJgyA4
XgRlrBl-7Yg
XguYZXUChhY
Xgyh0juINNI
XheAMrS8Q1c
XiDAztWWAuM
XiEQmcZi8cM
Xi_PD5aZT7Q
Xj-ncWb4N-I
XkEys3PeseA
XkiXXP_hycA
XleLQUcOVsc
XmLTSkD28AE
XowcxCYbug0
Xv2gHiX9Bqw
Xy4iSaJOQQA
XyCY6mjWOPc
XyTcINLKq4c
XzNLfw5lS4A
XzZJuEDQ1a0
Y-SBzQnFx7A
Y0UB6g8Rsyw
Y0vRupFPw90
Y350oOiunf4
Y4xCpqVa-6I
Y6bbMQXQ180
Y8u42OjH0ss
Y96w6AFVi0o
YA87VEeoZLI
YATYsgi3e5A
YD5PFdghryc
YDvbDiJZpy0
YFC5CwZVCEw
YKACzIrog24
YPLGuwXomYQ
YR-sgN4QqW8
YRXJtWAhFTI
YSZhrxOkBZI
YUUP2MMz7PU
YVvn8dpSAt0
YW1-7OFolJg
YWZmqpQi2y4
YXWKuK-Qsu4
YX_OxBfsvbk
YXn-eNPzlo8
YY1ERM-NIBY
YYtr9us2pGw
Y_9vd4HWlVA
Y_p8qwDHtfA
Yagdvqn2YMU
Yd9cf_vLviI
YeJhVtJKJU8
YgAuFqEs6yk
YguB-keZ4Tk
Yh2-Z5Ov5AQ
YhG1Bgbsj2w
YhvfOlPYifY
YiXd_9DFCOQ
YkYdxjaqt58
YlmZkY1uqXM
YmVZ8zXJO48
YmpFd8Ikjtc
Yn1snjEtk54
Yn9fTc_WMbo
YnAVjkuQz-Y
YpKbO6O3O3M
YqO7VXW3ko8
YrZTho_o_is
YraU52j3y8s
YrtANPtnhyg
YsA_JTeHJ6A
YsXg3J1x4OY
YsYHqfk0X2A
Ysxz5Ug70G0
YtdE662eY_M
YvyeI-Axb70
YyBk55G7Keo
YyXRYgjQXX0
YzGjO5aHShQ
Z0sHRaEhiAQ
Z1R1z9ipFnM
Z3HJCQJ2Lmo
Z41BTeAU7DI
Z4PwHD7XKj0
Z5TUpNZqjM8
Z7CtKDNf2RI
Z7NUaAGmg44
Z7v8x69AtwY
ZB50BfYlsDc
ZBWwREYWzbU
ZCRC5_0kfiw
ZHOyfyGwpes
ZIVSJYazE9s
ZJNESMhIxQ0
ZJPdJuhI03U
ZK7ih4V0erc
ZL-6MeYBeUs
ZLiUelSu7s8
ZMGZQZRIsJE
ZQElzjCsl9o
ZR4LdnFGzPk
ZSEO3dpAs5w
ZSJzPB4qrxU
ZWfCi9WxK1E
ZX8MBBohX3s
ZZodG-sPrRE
ZcrnN-A2c60
Zd71719_G8Y
ZdDjexbxVzM
Zd_Lbg9jroU
Zfneete-ZHY
ZivM_83PBU0
Zj2QoLhfwew
ZjeZ8r7yWOk
ZkdJGcffe9I
ZkwqZfvbdFw
ZkyBw6UYybo
ZlSzEw0vmQ0
ZmSF9gVz9pg
ZnC_UBmeRxw
Znc6TJAAXFU
ZnepHUYFqgg
Zo62S0ulqhA
ZpT0cw9bmiw
Zq7QPnqLoUk
ZrSvWuqLui8
ZrdgSp-OVpM
Zu1kaPLt66E
ZuCtZJGcEMU
Zw7zA-RV5yE
ZwmUdFtYbzE
Zwwanld4T1w
Zx8uYIfUvh4
ZzugJPASNB8
_0J10j46-qQ
_1VpOweDio8
_2Js_g7M60M
_2PhFnwj608
_2b-vOVZ0gI
_2u_eHHzRto
_6uKZWnJLCM
_7J1JVCxWJM
_7LX4FW7TEI
_7_XH1CBzGw
_7rS_d1fiUc
_7t6Ry4PlTo
_8vLkIj_Lsk
_9lz7hYDvRM
_B1JmOerYmY
_B9A3J70IPQ
_DOOJx7AZfM
_GMVTJ9ZKVc
_GsDC-uy_is
_H4C-08GkKo
_HuySYU0Tk8
_Il70mlj38o
_IlPme5LUtE
_K095wuE_eE
_KErn-uHGyM
_KpRZNOSwBg
_L052IOoX0Y
_Lk5nU8FrXo
_MBiP3G2Pzc
_P68Vkp-h7c
_QwRsVyk7us
_V9RI7J6NeI
_VVAu8QsTu8
_Wiw-BLX_3k
_X0mgOOSpLU
_XJ20tt5nPQ
_ZW-8-NCKMw
__zRf_JTNW4
_bm98rrVZzE
_bphPa7Wp4c
_jHmjs2270A
_jaWs87t5UM
_k0ywFgMpFk
_lZ55gHabAA
_liyBrL0LqY
_ltDJynTduY
_lyP_2p5MJc
_m8YaW6JBZQ
_mLeSPk3ddE
_mq-HqRnngc
_nSHsb5xKPo
_pQ1BCdSTTI
_p_GKCr8rq8
_qCWAsd2GP8
_qgSz1UmcBM
_ryJK294Psw
_tewedUBhAo
_vBggxCNNno
_vCIktrORFU
_vS_b7cJn2A
_wMTKRixZIE
_waBFUg_oT8
_x1qkuvUxuI
_xJXZBCOWMY
_xMWqUe8FdU
a-_FuwTkFhI
a17Z5Sk2XJY
a3zPgyvCiJI
a4ZBzM3L6ws
a63t8r70QN0
a6Qvzp516gY
a7B39MLVeIc
a7cDt5r2pGY
a7t61U6BBcs
a7whovUoYu4
a8AtVBQ8MBE
a8nDJaH-fVE
aCIukWXmlV4
aG-ZeDqG8Zk
aGiIIGjlHg0
aI8KiPiVLyY
aIFFFGf1ZRE
aINZwmb5X3A
aISXCw0Pi94
aJgXcVkZNG8
aL00a3sfnYM
aMkNASF9lwE
aQsOmGflf1o
aR5N2Jl8k14
aRcD31sA2a0
aSCsNcqY1mk
aSL-iIskEFU
aSNrKS-sCE0
aSyAwuQPMRo
aT6vIq6_1OE
aTfwA1TaH3Q
aUBawr1hUwo
aUFp8HVxx7I
aUYSDEYdmzw
aVOJA8qI7oo
a_1UEAGCo30
a_avBsX60-s
ac0E6deG4AU
acikxzM6GaY
adJnm7Yopdo
aeVt_WlH1qY
afev0ZjAhUA
ag-Oyn8vIPE
ag33QJmknXM
agTZLKFUKEY
aiIxdFBA0Sw
ajGgd9Ld-Wc
akOe5-UsQ2o
akiQuyhXR8o
amSqQ5XNaGE
aoGJP02CtPA
aolOWJTLGGA
ap-ZC21bk18
apbSsILLh28
apiScBmE6rA
arj7oStGLkU
atKSMfx4E3I
atn22-bmTPU
auFybcF4o6w
auSFX0o3uFU
audakxABYUc
aupPrDnhrKA
avuhY7D71sQ
awADEuv5vWY
ay8OMOsf6AQ
b-HkNXW4nmU
b-iGZPtWXzE
b0_VSkoZvaE
b0vDWqp6J7Y
b28brIs1OmM
b2Jv8vC-m3g
b2M-SeKey4o
b4UFlldZuKk
b4k-KPELNcc
b4qVI780Jgw
b5Jy8WvQXPA
b5QCM1_gVGA
b5ZESpOAolU
b64qvG2Jgro
b694exl_oZo
b6YTQJVzwlI
b8z6HfSq7l8
b98Iw_AeGQg
b9jb9UjCpik
bArH8r8jJ4g
bCGlWQnzDVE
bCucggordMM
bEdvQjTGYP8
bEol611ADM8
bG2QKbpjDqo
bGQijadRjXo
bGUVQaBdxKw
bGV5-DJ5_QU
bHLgTUV0XWI
bHgfcA6Vy24
bIw5ZLITSfo
bJ7rCIq9Lc0
bJ8Kq1wucsk
bJkv9b9o9lo
bKQA6I4BA7o
bL7vK0pOvKI
bLAw7yF0YBc
bLGTrz1Zolk
bNOiwgrZbPE
bNmRr-BYnxA
bNpx7gpSqbY
bPfn01Ndc1g
bR3-RILrQl0
bSidnKdH5_4
bTE0MRRXNzs
bTsRTZ9hflk
bUjrtRQ64ek
bUqur6hZvKg
bUytVW_0C2Q
bVV2Zk88beY
bW941OpsnMM
bWA1gvA5lxU
bXQAgzfwuNQ
bYi6GMv5Erw
bZsn1_DARRs
b_6-iVz1R0o
bdEF9WEiO5g
bdLEBN6JKPY
bf7BXwVeyWw
bfAzi6D5FpM
bfGQpe6FQcw
bhHJ4DRZNZM
bjhvoNlTn60
bkeBjP_9ZR4
bmFhWr693is
bnvnBwP9sTo
bo4HiVetBd0
bp9KBrH8H04
bpi6us7wQfE
bqQJv4bvrPI
btQHSDrLlok
buH_vs7LFzw
buRLc2eWGPQ
buhMdC7MO0U
bvAEJ8G9l9U
byAogVoMViE
bzlYyhh3X0w
c-4flnuxNV4
c-KnaYZJg48
c-rWtqConY8
c-sxBTNF2U8
c0H1zU2ytxA
c0KYU2j0TM4
c0Z7KeNCi7g
c0bsKc4tiuY
c2QuXJPY9Wc
c2tOp7OxyQ8
c64Aia4XE1Y
c64M1tZyWPM
c6mhFgAjqwA
c73Q8oQmwzo
c8WMM_PUOj0
c8re1U9rCo4
c9V6OKlY80k
cAGFKYNrQgY
cC0KxNeLp1E
cDNEjS4la10
cFwbA6Zi7w4
cGxybNBWy1U
cHKs2aVxOmQ
cHRZ6OrSvvI
cI9vSC1eQ18
cJg_tPB0Nu0
cK74vhqzeeQ
cM6JpalAtq0
cMXFiYhm79g
cObfUxZWn9s
cRYzjqchNKo
cSohjlYQI2A
cTIUiN6inIQ
cUee1I69nFs
cWC_zDdF74s
cWpRxyqDgpM
cXQrbxD9_Ng
cXbXNV9-ZAg
cZ7LzE3u7Bw
cZe3zcNoIKk
c_iN_QubRs0
caGlzR9F2zI
cb-ts8fUhB8
ccIt-qRQBoI
cdnkbxVmR70
cecPAcEYId0
cenxg8j-Rc0
cf3zxHuSM2Y
cfR6tiSW-AM
cfzkBGgxXGE
cgxZ4H3gJ8c
chXsLtHqfdM
cheqkrcHkrI
ciDjhKKxOaY
cixIwyYkCEo
ckHvKsZ1V7Q
cmlRinjYKfM
cmpu58yv8-g
cnQFvrWDYsU
coHWLitlm-U
cplaWsiu7Yg
cpsRAk5HpK4
crjU5hu2fag
cuWVnNtz6po
czLeGETRMAA
d-8n24ZwZcQ
d0LQCXCiW8g
d0a0eXJ5TJM
d21Eyvhk9Z4
d38LKbYfWrs
d3B541KM3q4
d3syTrElgcg
d3xlb6_0OEs
d4Cy16uOdLM
d5s3Z0iesRM
d6K-sePuFAo
d6NKdnZvdoo
d6wG_sAdP0U
dB7gsp_zDZc
dBxvZwJZgdM
dCXCzbyvIR0
dDClQv1SeeE
dDZoGcQVjJg
dE1DuBesGYM
dIh8KBOOkYU
dJEwC4wCM70
dJgiYBdD2VA
dKNu5ZnWhb4
dKmHLAKQ5PI
dKob6b8QzkU
dKq34EVggjI
dMYvWg7JF3I
dO1LxQEoGLc
dOt4NkcmIUg
dQYfflJ4V5Q
dQijrruP9c4
dQmaMOxwaQI
dTwXeZ4GkzI
dWObti8KNc4
dWZP8cUEB7Y
dXqPaHQp4Xw
dY7iATJVCso
dY9f9bFctUE
dYNc3P4j-t4
dZtnOnqcDN4
dawoG9iwOjE
dcKat_U-Cww
dcwuBo4PvE0
dd1IeIHA0S8
ddw1_3ZVjTE
ddxHlkIuHqg
deG_LTcAjaM
dgJsm8gDLK0
dk60sYrU2RU
dkLcwHmnPV4
dkS_CgVZ8Ts
dkmpRQdJslI
dm4fvbrMLPw
domH58hRzx4
drZ9OTsaGQA
druJDI6hiiY
dsJWs6Z6eNs
dsMCVMVTdn0
dsmgvrcH94U
dv3E6ESTp30
dvJSK4viVMs
dvYYYlgVAao
dvxmn_6o8g0
dwU8eavPInw
dx1HM5ZSs-Y
dySwrhMQdX4
dzWRHi-Bmuk
e-5wqwp64MM
e-BZigXlphY
e-txR1WSPBs
e3NA-aKpgFk
e5bRX5U1a_4
e9hocuNjMqU
eAKzT6_ES8w
eAnHjuTQF3M
eD9F5HdyKqU
eGUKiFwlN2Q
eHrcRqu_Es4
eIRtcspIH4U
eIho2S0ZahI
eIs5CKzckq0
eJ89At9Xxws
eJCTAXb_BWs
eJ_0x197H30
eKkI6-HeWXo
eLz9TvxGoKs
eM2VWspRpfk
eMVWSUeeg8A
eNAHVnkll5M
eR22lqzdIHU
eSn6GP0UhKM
eSwg04B81YM
eVFYhbHpfqU
eXndL3TNCmo
eXp5QSfXLQU
eYyN_6GmzWI
eZ5MM28abKo
eZj5n8ScTkI
eZp-H9g_jeY
e_44G-kE8lE
eaCrsBtiYA4
ecGXP4G3Zs0
eeVCz-9SUc8
eemOZfsrKdg
ejQsLQvfnX4
ekUh9AW1hKg
emW1TQ290ec
emn28FrJ6CI
eneJXqmh3g0
eosckjQ4mJ0
epUmQP6VuDs
eqDgt12m26c
eqsXc_aefKI
erCAp_Bd0AQ
es4w3WUcrN0
esBPJQihKyg
esD6aaIjhek
evfgbVjb688
evw0h1kg-j4
ewNTwBbLUhM
ez7HOFKTtH0
ezVk1ahRF78
f-Oupk_4VVo
f-mQIWnO3Ag
f-yWJoJltoo
f09lQ8Q1iKE
f0jETLKTW7w
f4xu7w6Vf0U
f52LJJFBCLc
f6CILJA110Y
f7MghGrscVA
f8c3TzQtD4k
f9618uQlZmc
fAIJAezZg1A
fAJ18o5mw70
fB8UTheTR7s
fC9da6eqaqg
fCKNScHMBGE
fCpKG1QJC14
fD27hWT4ix0
fFJeTy1_8Ng
fHfhorJnAEI
fIICVeGW4RY
fIqABIcKIvs
fKyljukBE70
fLJsdqxnZb0
fO2htapfNhA
fOk6HQaNpdE
fQ_9-Qx5Hz4
fSErHToV8IU
fT_XvLzNd0o
fTsFVO6OhO8
fTznEIZRkLg
fVLJU45-nLY
fVhggGSjXVg
fWInyaMWBY8
fWqKalpYgLo
fXIeFJCqsPs
fXYckRgsdjI
fYUaWgVF2XA
fZ8eyWBQmfU
f_f5wNw-2c0
fbAj9JfCXng
fc3c3OrpKSI
fddYApFEWfY
fh5KLfd9Km8
fhCY_8avhWM
fi8CYv9Dcr0
fiK5-oAaeUs
fjbWr3ODbAo
fjkTrdunJzA
fkFkm_ymego
fkPI-Y2Vg5k
flb_S5JJC4k
fm_0sTNcDIo
fn_9f5x0f1Q
folTvNDL08A
frrZbq2LpwI
fscaRh2OtXk
ft24bHtNJwY
fu-IhoOsjkU
fua_rUk0zk0
fumsXEuiLyk
fvKC5ACxXYA
fw01_q0cxM8
fwvbx80QidM
fxbCHn6gE3U
g-ONUFFt2qM
g-Uvy6pvLA4
g-ycQufrgK4
g0Q5YeZ4YOA
g2J6YOiLNr4
g2m97gPI70I
g3vSYbT1Aco
g3zrprEu_0Q
g4IAa8wZlqU
g4xGbbDACDw
g7F9XCdeOtw
g80SezdX9WY
g9M3HIjHuq0
gAHI34ivbgs
gCPH4p-Zp1Q
gIbIewxHQrk
gJjLdnycuyU
gJzSWacrkKo
gK8Yk3mEEb8
gN2DWyJTUnY
gOu9Rwl-yxw
gQ-0oR3C1UM
gQ-cZRmHfs4
gQliI_WGaGk
gR4UlNoOrlc
gVLu99Ja2mA
gVfgkFaswn4
gWPFJgLAzu4
gWmRkYsLzB4
gZCgWmose3c
g_3iLapiTCw
g_CSsL3it9Y
gbDraZi7F_4
gdg4mU-wuhI
ge3--1hOm1s
gi6rMXu_veE
gjq2BoAF0JA
gmG5ADvPN98
gmj-azFbpkA
gmn7tjSNyAA
gnbVwu04oiA
gnuFrtTNUTc
go_QOzc79Uc
gpE_W50OTUc
grtGI7QpPdw
gtpTd3ywwiE
guXxy8LH2QM
gu_PQBmk-6c
gv1ApCmctVQ
gvrgD0mAFoU
gwPoM7lGYHw
gyPoqFcvt9w
gypAjPp6eps
gzcw_02ZB1o
gzthxdm7XNs
h-TIRIxhq6E
h-Xm4ufnoxY
h1Yg1rURKR0
h27g5iT0tck
h2KQoHMCwlw
h4MhbkWJzKk
h4mmeN8gv9o
h5cZITQDTrE
h7u6N-cSWtY
h8cF5QPPmWU
h9SKyrHRhDo
h9deGh8_tEc
hB6ZbC53tVc
hCop3IGZH2o
hDLI_Et8hBs
hFgPtuzgw4o
hH-RcJjt-YI
hHOX3dlhhZ0
hItQZfVU6-g
hJnEQCMA5Sg
hK8kk_3WA7w
hLltkC-G5dY
hPgY45xsGsU
hPsUXhXgWmI
hQigUH0vZSE
hQltlSDNmd0
hSSmmlridUM
hU-aTB-heU0
hU446HDtGv8
hVRN1rKq2v8
hVimVzgtD6w
hVsnkRoYfX0
hZ-5swhJHUk
h_lhfnTO7pI
haKh9mCk3xk
hbkB_jNG-zE
hdvYezsK70A
heY_8JJHBIE
hfDkDzZ9GsU
hfznpykprP0
hgWie9dnssU
hha0NsYXS5c
hiIcwt88o94
hiWgbXibGSE
hn8N8p9P5gw
hoF4FHCbHwU
hokUdXYRe2Q
hs-YuHv0vUk
hupHAPF1fHY
hv-tFIuhD8E
hv88_R-XDDw
hvHViFc0ekw
hxnHdLQIX3o
hxsnKwmW0dk
hz2ONnzRANs
i-icXZ2tMRM
i0h7N1ukZ4A
i2l9v_seHCc
i5vZkaUk528
i63jTStjZSQ
iB4MS1hsWXU
iBErp8qvWZg
iBa9EoEbb38
iCXfJVCg1LA
iCermULRk-I
iCvmsMzlF7o
iE7YRHxwoDs
iE9HMudybyc
iEy-xTbcr2A
iF5-aDJOr6U
iFTWM7HV2UI
iFfcwfiLfn0
iFkCMeEhs0Y
iG9CE55wbtY
iGlyjfFquxw
iHWIZsIBj3Q
iIiAAhUeR6Y
iIwbuS526PI
iKorq7dE4gM
iMFJef3xnmg
iNDXvJjSniI
iNEGiPXhiAY
iNPsDky1z94
iP9QF_lBOyA
iPE2_iCCo0w
iPxg6bRgPhE
iQsnObyii4Q
iRsCUJxIrVM
iU1bhHeCkoU
iUbfRzxNy20
iWHq2m_Hwhw
iWaZEXBbQL0
iXHil1TPxvA
iYwAMccbhYs
i_1_J-T-XYQ
i_C7jcJEo5U
i_wtaoHCw3k
iazvFYCU4YU
iclWth_VvBs
idfv7Lw4Y_s
ieSV8-isy3M
ihR9SX7dgRo
ihoR9B7p-1Q
ik9x-eu49_c
imhUmLtlZpw
ioMpOr7Yx98
ipfqKyxm5Hc
iqEHuB-T2qQ
iqKYtA3pK1c
ir5yzW0yIk0
is3F6ZtcSso
itLUXZnLRn8
iu9u5yzUlb0
iueVZJVEmEs
ivfJJh9y1UI
iw7nPE2jioU
iwUkbi4_wWo
ixBgCWLVvE8
iyfdWsa1zns
izddjAp_N4I
j-6zwv31qjg
j-Mys_05D78
j-S03JfgHEA
j-SqQDPGW2k
j3YjeARuilI
j4LSwZ05laQ
j6K0iQg_p1w
j7RsRnYlz7I
j7fRIGphgtk
j81saupKVpo
j97WsAz3CDY
j9f4kv2sJCk
jATCr-gQvPA
jAemh_JxgOk
jAw8t2g-eVU
jKM0jlPW8x0
jKl0tb3VmfQ
jLQymiwTrW8
jLd0AqSxIyk
jM9Q3xP2iBo
jMBdQW2LLxw
jMVAgCPYYHY
jNgkEGs1l4A
jOsX_HnJtHU
jPf0LjZAS14
jQ95xlZeHo8
jT8G44XPYW8
jTVWtrMleI0
jUIfiLplNqQ
jVcaTtJmRNs
jZxLsDkvkVQ
j_GzkjHtFiA
j_JxWI0_F9Q
jbHpF7Ey_ck
jc_-Y9rDN2g
jcp5vvxtEaU
jdpIKXLLYYM
jeOumyTMCI8
jfqwHT3u1-8
jggHw5PdQV0
jguSkEMwrcc
jiDQDLnEXdA
jiUKpX09zo4
jk6Y3f2c4-I
jlhtTKPkg5M
jltYcaQ24q4
jmQWOPDqxWA
jn0Ygp7pMbA
jr5mTwfFh00
jsyuyQ1bel0
jtVIDBs60S8
jxKUDXrtDFI
jxMvDpIeu9U
jyYjI7zQlaA
jzfV2xVsUKc
jzrcRcEBrmA
k-duWafgHsY
k0Fx6igxRv8
k0GQSJrpVhM
k12j-E1LsUU
k1oPVp63eNk
k2hQL9Zrokk
k3cCNC7pqdo
k3clwllhdlg
k3zZVQPaKKQ
k4N2SxUZwiU
k4vzhweOefs
k5tCYg9s0HU
k6qTwqiHnAM
k7i9uYruO3k
k7sKMj85hDw
k8OgHJ4WXR0
k9dz4ydxmtM
k9fmJ5xQ_mc
kBBmVezBUkg
kEKzl6fub2w
kFMZrEABdw4
kK_UjBmHqQw
kLIfeGflNp8
kLmzxmRcUTo
kMTCNOlozTA
kQa11RMCeSI
kSR8G8mfp84
kTS1jJgXsfw
kTqgiF4HmgQ
kTz52RW_bD0
kU0ei9ApmsY
kUwLGyd7ir4
kWyQNCOow7A
kXGuWtR5ulg
kZP8Kqr_bcw
kZhmuc3L-YI
kZkQBmKf1qg
k_GFq12w5WU
ka8L1YMR88U
kaU7IPlg9PA
kcEIsbO0ivA
kcoUlel8qbw
kcwBH_Uevxo
kdAs3UVgIGg
kdqUhTnAgJU
kefDIEb3xyQ
khkJkR-ipfw
kiUnJ1d8vvw
klBwPWL69P8
klXVQsbhFsE
klm0ghWoEhQ
klroP1mToFA
kmIZeEu-3CY
kmNejqbx1M0
kmbui1xF8DE
kn-5H9p24oo
knJWF4km3y0
kqVGiB98cnc
ktD119xbBtY
ktOeFgmdIAo
kuCPvKW4k5w
kuT7zWZEwl0
kv_uyUTx5Po
kvdHqS3ryw0
kwYxHPXIaao
kxGOuqsoteA
kyaiTGmwxnU
l--QYXCecew
l13ezJ9rsAQ
l1fodZNF1GI
l2_0V1DeDa4
l3QbzvT6vko
l3uttHEZnTY
l4gJCBK0Tfc
l5ZJ6bK1EIc
l5vZHuAtDZA
lA-zdh_bQBo
lAzQWtkPzbI
lB3GWXStnzA
lDB_1iyJ1iQ
lDq9-QxvsNU
lEjegKJwI0M
lFG1b1-EsW8
lHXXsEtE3b4
lJGtXuCmZBM
lJUrQKY_A5g
lLGhrEHOjfs
lMkHYE9-R0A
lPtPG2lAmm4
lQflBowgVB4
lR_WNPGVENU
lSPxeA6Z_m4
lUKhMUZnLuw
lUO0xDSJQVI
lV3trdyDdHE
lVLzrrANpnc
lVQ3KUTHDe0
lWaZzww6Tlc
lWnr-99DNeE
lXQ4HSMp1OA
lXYu8YRWOUo
lY0H1E8DLtk
lZhT0t4D0m4
laxxj3hQWZA
ldKtWp7jlHI
ldq6wKtQzU8
lfBpsV1Hwqs
lh4d1fjzfNA
lhP52caGW6s
lhoCdZFoktQ
lmyZMtPVodo
lq_BVyou38s
lr-mXnUoUXM
ltelQ3iKybU
luoKOkTxOtU
lw3YTbubyjI
lwVYaY39YbQ
lwcvhh4pLjE
lxYFURQ7Ehw
lyR-K2CZIHQ
lyu7v7nWzfo
lzDBrMisLm0
lz_kIDxbzGA
m-vyBpWueu4
m048uAa8L3k
m19jit19v9w
m3iB1RzgBVA
m5HQamrXlSY
m6X1i8khmt8
m7hdIIneypE
m9bTgNjYTS0
m9jnEfTscYI
mAAxykQH0Wo
mAEqvn7B2Qg
mAnFBEokfrw
mAp6X0zZfx0
mArrNRWQEso
mAvSoNUgMno
mCHC99MqVfE
mCZCok_u37w
mGbMwP8MDjg
mIgDl0mde2c
mJ0X5itK96o
mJxA8eIWQUc
mKe3QKcta-8
mLufqwmPl1A
mLzTo-y8Ef0
mMEPV-NTeZs
mPhuj-W8kyE
mSHBma0Ithk
mT4Qbp89nIQ
mWA2uL8zXPI
mWfCqsFP05A
mbbMLOZjUYI
mc0vhSseGk4
mclzytQQMGI
mf5otGNbkuc
mfv_hOFT1S4
mgcjr1yz7ow
mguvTfAw4wk
mhEYvrFOP88
mjDjbJJlqZ0
mjUsobGWhs8
mk3K_Vrve-E
mkd_XHXhCcw
mlrB6npbwVQ
mnRlB3G9fDU
moLzH50AVMk
mqX2BmiEDnQ
mqovAg11q-c
mt4o-R9wzrs
mw2z9lV3W1g
mwoLhdHRt_0
mxNpNuogqsY
myqyrT81aYM
n0urFzhWTZ4
n3ZbjsS4TCc
n3kNlFMXslo
n3qA8DNc2Ss
n3voAR06sNI
n4EhJ898r-k
n4QRIKCebSI
n5FnSNCAWjY
n5QmIQsw-Lg
n77BfxnVlyc
n8Y8FK8gonc
n8eyF4UWG38
n8yhaFd_GpM
n9Z_pccScW0
nA-J0510Pxs
nAHvKC_k5VE
nAMrtHC2Ev0
nCg2NcGYu34
nCwwVjPNloY
nE-k6_teXg4
nFEgRt2EH1g
nF_dHdNOgSA
nG3vB2Cu_jM
nItwVO9stX8
nJd_2mJ4u-I
nKZ-GjSaqgo
nLB8A--QdHc
nLecuOcB3dA
nLeeTVmVrtA
nLjchFPvcQo
nO69Njad-ec
nOHbn8Q1fBM
nQo1NgQ-Yf0
nTFEUsudhfs
nUdsTizSxSI
nZ-VjUKAsao
nbW4XWkJC6w
nbYA5pPzfCw
nbYQ7kdt0U4
nbpdcNwrpwc
ngFXRh3ahm8
ni4FV5zL6lM
nisSeC81u2M
njVQC8OwX5c
nm75Fz6D5nA
nn5k4snG3rA
nncPtxLCPrE
nncY-MA1Iu8
npNYP2vzaPo
nq0_zGzSc8g
nrbiIWD_CxI
nuXJFbJNltg
nvkgqt-hkEg
nw52e0dfCaA
nwfSENkvJXY
nx3GuO41Jyg
nyLYQYHGbvI
nz0cAjXVepg
nzj7Wg4DAbs
o-W_KgZhG_A
o08ykAqLOxk
o0I0Poe3qlg
o1Z4F4e2Bw4
o2DDU4g0PRo
o2WyXD7IaN0
o3VwYIazybI
o3oDpCb7VqI
o4DD3dgfvS0
o4Nno6POrwE
o4R1dGMxhLw
o8NPllzkFhE
o8sv3pbCJTs
o9DNWK6WfQw
oBdzOIzwtng
oD06XPtmLZY
oD8Ggp0YsWM
oDNgnrt_D8w
oDtolKlL7jE
oE-RjpaCHvo
oEIYHTlbeLA
oEZrAGdZ1i8
oGlsUYGMYks
oH-pbEqdJTQ
oHDq1PcYkT4
oIGBBPspTKM
oIZDtqWX6Fk
oIbpxHBmvYY
oIzinzHQcWg
oKtALHe3Y9Q
oMBVxhO57JE
oNBvC25bxQU
oQ7vlPpUHN8
oQeok_5j2So
oTxvic-NnAM
oXbhTHaMwTw
oXeAWdHP0uY
oYp5XuGYqqY
o_U-_akINwQ
o_XVt5rdpFY
ofsncCF9O_U
ogCIqaCe2zI
ogeGJS0GEF4
okQXrB7y_Aw
ol1b5mMeP7s
on0B0iCovOo
onLPDegxXx8
onaiTOLPeUs
ooAIIeo4AJQ
ooIxHVXgLbc
ooUqOwh-2LE
opdCfb8cCFw
orumugzJpt0
os69gEFXUW4
ovKqmRyOGcg
ovV7v2XYJAI
oxVzNcGP7M8
oy25A7vnigg
oyjIqtEVVB0
p-JeKjsRiVI
p1gVCOFXGZk
p5IuRLOer6E
p8ReF00JP5w
p9CzNIVsUEA
pANJjkU0Whw
pFDoCLf96Kg
pG5X31CDg_g
pGJjScfG8h4
pGlZi2SwETc
pLqjQ55tz-U
pMUv6UWkuWw
pMYYx_im5QI
pPgd7Hj3ABQ
pR83Woy0zDs
pTZM9X3JfTk
pVeq-0dIqpk
pXoHC2D15hM
pY5UdMh6WJg
pZni9Kx9Jfw
p_p-Ex5KR4g
pa-YuxyRDuw
pb--rJGgVIo
pcF6IRpe-Og
pcSlowAhvUk
peLzj80-7VY
pg5WtBjox-Y
pgmiPXAwiLg
phgjouv0BUA
phu4Z6QEXJE
pj-WqrFZZmg
pj_h_SAeI5c
pk35J2u8KqY
pkMIsc_nhQo
pkZtRzc9rFQ
plmL343TOy4
pmfjaSH2EDY
pmvJQ_JChiw
pnKhVpgcmFc
pnv5iKB2hl4
potB0voQzNg
ppZ2WIlRvR8
ppfONdsOkWI
ppjXgm4t9ko
pqTkuaAykBw
prUWMuG0cfY
psN1DORYYV0
ptIecdCZ3dg
pvBlSFVmoaw
pxEcvU0Vp_M
pxeJxyCiOJo
pxr2GRJ6tjc
py1RrSdVt5A
pyFcr2WcOyo
pzH92njLrTE
pzLQtHyIbJM
pzN4WGPC4kc
q-GXV4Fd1oA
q1sk47FLAmg
q2gO4DKVpa8
q43uXdOKPD8
q49LtMyXK7Q
q5gfclBZ2xY
qAC-5hTK-4c
qAo9fA7c2VE
qBHIT9yEPh4
qCrVpRBBSvY
qErZ2AQDMB4
qGIBN2gEIeU
qG_YmIPFO68
qH4GAXXH29s
qHU8G6icwsY
qKJv4S5peJQ
qKmuMQT5E6Y
qMppKiqMpAk
qNTf3Zu-oZk
qNXRjtHShX4
qNvDRuGK84I
qQ-PUXPVlos
qRJJR6bGyL4
qWNae7vYK6s
qWwEoD68gwQ
qXvDLPu5vh0
qYUmI5kGsYk
qYvXk_bqlBk
qZjr2CIEflc
qaIghx4QRN4
qaf-jNLjedo
qlty0OPcU6k
qlzjohcBkmg
qp0HIF3SfI4
qpfq3xCdAu4
qrNDkRHAA4E
qsJYrwzfd6w
qtcWebAYmKY
qty0NjF3pdQ
qu47T7kUPVQ
qu7ZpWecIS8
quDwQ7W9eKc
quJdL9ggETI
qx6KK-eT4qw
qxmEpmCtM3o
qxxdOCsKpT4
qxz68bDIHCw
qzR62JJCMBQ
r-YXvkWLy-g
r3wyCxHtGd0
r6nSmSTKHGc
r6pItuOoGxc
r8Ff1Xj_-eM
r92jUj7gNRw
r9LCwI5iErE
r9LelXa3U_I
r9Zz4hYuGdw
r9b-DF7Q4xs
rAA8mMQi0is
rAZPIxYvBAE
rBKV4rOgSJU
rCplocVemjo
rD1Rn6vai5Q
rDiGYuQicpA
rEg-ZNB3qyI
rFAdlU2ETjU
rFpDK2KhAgw
rG6xlKzFFrI
rGaj2VImQec
rGfhahVBIQw
rHbjwH2Blfg
rJ33ixP9QG0
rJmwZhy9Suk
rN7VcY1f-1Q
rNgqQNovWTc
rP7nmdDA1Fg
rQy4gPjUY-s
rRepnhXq33s
rSQNi5sAwuc
rS_Ssisz2_M
rTJpJlVkRTA
rThUrXYaneo
rToBZSrxjgM
rUO8bdrXghs
rVNb53lkBuc
rWhLSORCwW0
rXZrrBxFex0
rXepkIWPhFQ
rXkOPv3wVZw
rYwTA5RA9eU
rZCxdbqMc2Q
r_San-YZDT4
r_qYQXRVP0k
r_xV-M0KPo0
raCIUeGUr3s
ramBFRt1Uzk
rcBu29r6nJM
rfA1ThekjGM
rfi3w9Bzwik
rftagV38YKY
rhNxDp8e7p8
rj3_n1-XV8c
rjECbQ1r-k0
rmfzwwrCrrU
roXTB6pQn28
rokPqHc9iD0
rpJx5VLQMxk
rpOwTspdwkI
rrkrvAUbU9Y
rsuB-6-n-MM
rtcrqLWZr_0
rufeS-lZJg8
ruvWiXowiZ8
rvkMauaHxBw
rx1cyKs3ysg
rzbtSeVZeEE
s0H1jxF5TWQ
s0YjL9rZyR0
s2cixaL9H3U
s4smjT1qwZU
s6rJLXq1Re0
s7QPgarhiWg
sAQfzHBpRsc
sBQv41YbdCk
sCjfVrmkdDQ
sEOSCziWuP8
sFIDCtRX_-o
sFNmulAb4wM
sGpSLgytOx0
sHJZRPWXQ9s
sHdYaMyR5-8
sJCBM9ajA5s
sLFqwXqe4Yk
sLiM2-izFl4
sLo97Bu8Fo0
sNQfoYm3WI0
sNV4yIyXXX0
sPQViNNOAkw
sR6P5Qdvlnk
sRT61YB0hSQ
sRoqDVgFgSw
sSOBk0v0viM
sTA9egEBPts
sUOBLX55h4s
sVtIuDKFO1c
sW9sr2_Z5kk
sWqkKYwvTNw
sY0Pf_pfqCI
sYUjyH8Y0No
sYy-LEdYr8A
sa0RUmGTCYY
sa1iS1MqUy4
scITIoJvMJ0
seD2MuBTNuI
sf3adAPotrM
sfIpMJwRFk8
shG0ezBeeJc
slbfAfEvnQ0
slzuVj5YEms
snHS-UcG--E
sod-eJBf9Y0
srhCnPUmJDI
ss-utCZ5Ok8
ssR-RguvjHo
stUl_OapUso
stngBN4hp14
su4c2wwDteU
sucza6EOIf0
swB7Ivct8d8
sxnlvwprf_c
syjEN3peCJw
syqScVtnKuU
sz77x05rySc
szt7f5NmE9E
t-K6bn9sc50
t0Cr64zCc38
t0kACis_dJE
t0pwKzTRG5E
t1Z_oufuQg4
t2gbcVaZ448
t4kyRyKyOpo
t6XLYx4se-Q
t6eFzt6kFGE
t7Xr3AsBEK4
t8R_GKS-M2Y
t9c7aheZxls
tAReayFqUEY
tFX1nQLZUVM
tFX68SJs2-0
tFfYh9THuGo
tFpANOqSdi8
tH5iEf9oxaI
tIhk2EswC_U
tJ8sXl_HrjM
tMSU6k5-WXg
tOurql_a-4g
tPBFVIxnbDw
tPgQsv2KPwc
tRqJysI-yiw
tS2aI-c3Q8A
tSciinXdGhI
tT8icNhydtg
tTufiinVoIc
tUAepQYyMY4
tWmJcR-x_hc
tYclUdcsdeo
tZYkjaKNr_o
t__NoFstCmQ
ta2Wvy9F_gA
tb-WdVA4_bo
tbicAmaXYtM
tbvUCrS5_5I
td1PbsV6B80
td5Ld3nURAI
teV6Oa6mVPE
tg_CwQwYNjc
th3KE_H27bs
th3nnEpITz0
ti_i-M3pk5M
tijEl8I38mo
tiwVMrTLUWg
tjkrKA1cVdU
tkIg-SxPzTA
tl-3r8Gid90
tlWuP7wESZw
tpH2fhwCzSM
tpKWHSsBpnE
troxvPRmZm8
ts5MKtXNpMQ
tsgvhP07BC8
tt2xKhTHZQs
ttDM6ZtLUL4
ttcJMNlKif4
tuvxXnQrRv8
twG4mr6Jov0
twWkGt33X_k
txxOrXPNzpo
tz9-N_mRI04
tzJYY2p0QIc
u-D-zEToJQ4
u08T3A7slkE
u0VHC1-DO_8
u1K6hnm09xs
u1_dYypojbE
u2V0vOFexY4
u2bQSKvZ2qI
u3BZDx2dnSE
u4L130DkdOw
u70RZtCJ_rI
u7SWcQaoaRQ
u8bsCiq6hvM
u9Lu85L111Y
uAU-1lSDTW8
uAXG0tb1Zxw
uDt1MhAQcLs
uEHu8LIZUKI
uEOK3fk45Rg
uFt-q8HgYpI
uH0aihGWB8U
uJKDipbCzdc
uJfGby1C3C4
uJr4wGcLNsA
uKByBgqxOw4
uL5XUwfkxZw
uNYMw9O2bu4
uOvK8roYVUU
uPE0G00XFV0
uQGYr9bnktw
uRQEC7DiPtI
uSD6RlqHwOk
uSUOdu_5MPc
uTL9tm7S1Io
uTbA-mxo858
uTfaua3X0RU
uU2L5nTSHtc
uVAaZVz9pDs
uWfLwKH_Eko
uX-0gEOdAuU
uXJ9_gWkEX0
uXZVfNJ_EXY
uXl-mKZ7aSc
uXrCeiQxWyc
uYaF8p_TNSU
uYyvbgINZkQ
uaB6Bdgp3WU
uarlIjkHlAs
udhOs50aXts
ue2ZEmTJ_Xo
ue40_irEXgk
ueOqYebVhtc
uebxlIrosiM
ufJ7sOtuFd0
ufUkAQOQaXU
uhRhtFFhNzQ
uk7gKixqVNU
ukS4UjCauUs
ulYR5bpu68E
ultonpeO0ZA
um5gMZcZWm0
unNRCSj0igI
uo7w3g24DWo
uoQYtNbSXAM
up4hFj-jcTY
uq-6T6TAu74
uq83lU6nuS8
uqc56GMOYWY
urOCG-MlB9g
urntcMUJR9M
utV1sdjr4PY
utiLrnvawQQ
uuatZO76MgQ
uv5-hIif7BQ
uwKS1lT_YZU
ux1GxExRUUY
uyMtsyzXWd4
uyvcUVNOqeQ
uzKBGtf0i0M
v19OlWvdUSg
v22SdEMzxO4
v3-ZTqj2_kw
v3o-F94S4FI
v4ly_-IIFCQ
v5c3FE_qRnI
v6mknkg7MEc
v84pD2g3gSk
v9EKV2nSU8w
v9d65u3LfKs
vC1uxXvPG0Q
vEli4dfAXrM
vGHVVcj8V0E
vGX3FA_rQq4
vI3vEdhMnNY
vJ66jv8ICjc
vMKNUylmanQ
vMQlj9TZQfE
vNDhu2uqfdo
vNpmq6Ok-QQ
vO5Rio_skIU
vPn94XAUBoo
vQILP19qABk
vR4RGzUpOQw
vTBp0Z5GPeI
vUQLN4o63SY
vVx39Jv6PFM
vW99KFD-Bk8
vWJwa7lntTs
vXDJ-nAykKE
vXPJVwwEmiM
vXVCf5VTHrw
vXlJEcrinwg
vY2l2xfDBcE
vZCGSP3A0Fo
vbLEf4HR74E
vc-n852sv3E
vc8Ks6KOySg
vcxwcWuq7KQ
vgGmnHHlIXo
vhVWzkbAW4I
vhhgI4tSMwc
vjXJ4f-OW0U
vkA4CkczvqI
vlj9aPKB9m0
vpTHi7O66pI
vpjVgF5JDq8
vqqWw3xkMzA
vs41JrnGaxc
vvhiN_qq6oo
vw5HJhIlJp4
vwTDeT4v7RM
vygS-FKXms4
w1CqXHlAzkc
w1R4F9s_oow
w1oKe8OaPbk
w2itwFJCgFQ
w4OPtFCs_fw
w4RLfVxTGH4
w7yXjle9XAk
w8lH8tNlAXc
w8mToWb9NC8
wAIP6fI0NAI
wAdwurHhv-I
wBRqxBvBWQE
wD2rhRUYUyA
wD3-6JIUF7M
wG4RnDNWtJo
wGGmzeCT8gU
wGMLhaa98GI
wIkvIKeRNoY
wJttdkKo4nM
wJxSRo564Dc
wKlMcLTqRLs
wLF7ocNYpR8
wMMmvb2OlIQ
wMt0K-AbpCU
wOiKRVH0nQ8
wOsQKjNoHmw
wPFA8n7goio
wQJC2MMB8nA
wRG5_-9eE4w
wVGjQSnLg4Y
wX78iKhInsc
wY7Tn-JW9No
wYC-HKl4RPU
wYb3Wimn01s
wZ2TF8-PGQ4
waO8KKtVgaQ
waRC-CQnoeY
waVUm5bhLbg
wcCZ-icYX9c
wcZFIy2mfyE
weWl6PqAdHY
wfW3aZCFfLA
whjLZogf9e0
wiUS82JBu80
wjW-v0IPT_M
wk5_W0EFYTc
wkJRYEe9nUs
wlR1ojoiue0
wmE8dQcZgB4
wmMrZyVANUo
wtl5UrrgU8c
wvIyVZf3qZU
wvJTbegktKc
ww4kNxYE0c4
ww9ClmCWBr0
wxCtIdI3xL0
wxStlzunxCw
wybp16nlroo
wzjVT07bcYA
wzkFoetp-_M
x-ewvCNguug
x1177phymxY
x1Efv_wF5LE
x2sT9KoII_M
x4lA-M3zbdU
x4m6j7rSyzY
x672EKnKLtA
x6fIseKzzH0
x72uoP2a55I
x7I5BWW-0c8
x95nwilkaio
xAXUq-Qc8DI
xBIVlM435Zg
xDH0BfsPVS8
xDKth-qS8Jk
xEtXItg9hEE
xF-CX9mAHPo
xF7cHmyEJ-c
xGXt3GUJ-9w
xHHb7R3kx40
xHsXfmHaBUo
xJ9qRH2XLUQ
xJM_CQN8-ns
xMj_P_6H69g
xP3-W546HYs
xP4w2DMscGw
xPK2Ch90xWo
xPTmHKlH7s4
xQZxGCPjpqM
xRL2vVAa47I
xRb7_ffl2D0
xTkKSJSqU-I
xTra-yePY_A
xYemnKEKx0c
xeFl0RE31x0
xf8zep5BADs
xg5uD-D1QvY
xgBnYr0_FRk
xgW-0egOWVg
xgYtUKFzHf8
xiwIvp7aKRk
xjBIsp8mS-c
xjvTIP7pV20
xjxyEwjG2Es
xkFTZcUPjBg
xlLXXdU0FBk
xlUPlxSpDRo
xlggecnjOY0
xmKULRGBeG8
xn5gw0q3Tqw
xnQB9Y77PXE
xnZjtR9z1qA
xnfEBUI_YTE
xo3twNN-CTg
xoHBiHFV9SA
xossR6eHv3I
xpnFeyMGUs8
xqzLm0Xua8g
xsEJ6GeAGb0
xsU10fX0aC0
xuAAPsiD768
xukDIWFMU9Y
xv4_L5zlYaA
xvG3ftEv5rM
xw_720iQDss
xxXa9pxwzoY
xxhen1IlQ_E
xyf_0SMAsFA
xzT6iH2CX4k
xzWFrHHTrs8
y-Gk_Ddhr0M
y1GqNN2Xe7g
y1KIVZw7Jxk
y1yK36RMyRE
y2yka9lyvMA
y3emv9DIEkE
y3jYVe1RGaU
y4vurv9usYA
y4yeroE4Ar4
y5nbWUOc9tY
y66YKWz_sf0
y6FT80ZoVJY
y6MC4iXhT6I
y7l5QHRY_AI
y7rrJAC84FA
y8ohTeRKVqs
y8zWH3T5RCA
y9ALB39wRKo
y9KeyKVuLHU
y9Trdafp83U
y9wzax_PtIo
yBFC-RtfTfg
yBdyFKqwKy0
yCm9Ng0bbEQ
yDYCf4ONh5M
yEF_Dicq3c4
yF4MgSh7VO4
yFVXsjVdvmY
yIs_zfHF8Cg
yJX1Te0jey0
yKQnL9Mmgng
yL4VLsdxrN0
yLfCCcVDUiU
yMWlkJAqKYU
yNhu0MG_2MA
yPGwA7t6bpI
yQqthbvYE8M
ySRvKzZsDqw
yTR4sAD_4qM
yVwAodrjZMY
yWRmWnPNkqU
yXZqYFDFgT8
yXh1p2oBbPI
y_EjCSz1aBo
y_TKjfgjiQs
ydKcaIE6O1k
yeVU2Ff4ffc
yeVz0rtXCmw
yfLp_vueUxY
yg8SBuTuoKk
ygHwQXIlKJI
ygRNoieAnzI
ygmlKMQ8kc4
ygxh6KR4BPk
yhHePLaMP_k
yhMi0tkYyT8
yhyzTTaMN7E
yioZhHe1i5M
yjYrxcGSWX4
yjtCDgjxRAw
ykLj-Hc28o4
ylOlZz7s52Q
ylS-6UK9FhQ
yq3TQoMjXTw
yqc9zX04DXs
yrcaHGqTqHk
yrxYhv2O3wU
ysRvYxznrq4
ysblroPCgCw
yue6t5UmP4o
yuu6o4AQwNI
yuy9yQlFZAU
yyVMZHjaY40
yyemG7V5ynQ
yzOcvINn8Iw
yzm4gpAKrBk
z0HsPBKfhoI
z1KJAXM3xYA
z1r1ugmDxjk
z3d_UsYgt1c
z3kdIL_EbQU
z42lVW3z1_w
z5L_vPkorBU
z5lZ9wciZQM
z7_LwuuPsAE
z9jXW9r1xr8
z9sa2ZAqHl0
zA6_pcEz8Ls
zAFcV7zuUDA
zAvNlh2Z0GI
zDcaoTVy4fA
zELJMIQawys
zG21nyJNB_A
zGEDHMF4rLI
zHbkOWz6AAg
zHmKnMKzoeI
zHuH8P_Vqc0
zI0_fSD6GPY
zIT1f3CrZag
zIwLWfaAg-8
zL2FOrx41N0
zLNXIXingyU
zMGE3mbS9NY
zMWYQRKuc5M
zO-aCQ6xH-8
zORUUqJd81M
zP3LaAYzA3Q
zQNfa5xt9Uw
zRvDWVfib2c
zU-5GcqzHNM
zWxFhFZJDks
zY0U0O6VsOA
zY2ksORCLbs
zZEfiiCFEKQ
z_VdcDJAlWQ
z_XchYY3bnU
zaTH7LnyCdE
zaZBgqfEa1E
zamvnyBB-SU
zawpbVpu5nY
zbHe4RpgV80
zbOvPUO_UWw
zcMj4Az1MwE
zd-dqUuvLk4
zeBLHx-OzLE
zfAgyT4hy8Q
zfbigT9I0Qg
ziGD7vQOwl8
zjPtuhEJQb4
zjcX8tr7Eo4
zjrFw3MASGc
zjyKc1d_uRE
zkQL7UJYDIY
zmDENxTPn8Q
znwzw7kkmEo
zpjxElfNpks
zpn6MCmoK0g
zqLYcJ6Ib3c
zsLz0mRmEG0
ztivogVTp7s
zuAj2F54bdo
zuYzOn0U2PY
zvwQXwJyaj0
zw9NXY3xOOI
zwjLQgNd7XM
zwpiI18TBdE
