-84HQCzqyrw
-CcSeUOfntY
-SBAEsSPIy8
-e8ciZ4N7I4
-rZBz9UFZy8
-xXveCu5FMQ
097FbS_3Wcg
0IQlCiTkZ7w
0qbEuWjQZ9o
0rEPq0wJFg8
11Tc_ewg1Bs
1D2WmDHWOGM
1U_4ayaqYDE
1UphfjaLKag
1YGnH4RuWws
1gWXOUDs6Vs
1ow3lfDcdfE
1uG7GJFhbts
1zhXrDUNslg
26xoeMZZC0k
2IvwlOU7Jwg
2T3406ktKcI
2V7DoAeA5zw
2Wdrd57ZV90
2g1z_o87ysk
35LI-GTUXng
3Hu908xg4IU
3OOwaBSwd5M
3SC9ccvYG4E
3_i_byEs9mA
3j64s_0rPkw
4Ej7LSZUcss
4Gco9cdhvBw
4ISjtNhF6mU
4kn2-LTR2UE
50HZmeyh1qs
5AQ9lVk7IX8
5KhUfi8DvIM
5MW57-4WEzA
5bW5vuskZ-Q
5doeOueqIYU
5gdNd9w1jE8
5qgWTlsxCR0
6TI4bo85PEo
6VwYqnfB0tw
6YPB9AwYSc4
6iA6jxfkJF4
6v4nZ0QqwlE
7HQcoB_V6lE
7MF4GqOmBa4
7dV9kcFeyrk
7vGcuPVfEH8
8Nh0N3fob_Q
8uR8UPapQIU
9WV1F1GIxzY
9fPJh6KoPVI
9omhHYrms70
9yujsS8SxaQ
ATjmvdRPeW4
Ae_d2y2Ph-Y
B4OrPkNYBUI
B9IHLgqnJJE
BHs0Kf6_bwU
BOpdzTcsaUk
BYfePEhxZ-U
Bhd1HxOnluI
Br7prcaZ7_A
C2icMEQKIH8
C9YSiYy28MM
CAUdRjTW4CQ
CHZOn-mGmrs
CJT2MHTLmSQ
CnO4YTFVjAw
CsRnz56gWww
CzNO41z58UE
DZK-8CMYeCM
E109lUUY-JI
EJCSfXaCrhc
ELjl7tFXYx0
EwlbzJwVGBo
F6sC0BVGOas
F_EzVEsm_Do
FfUSeA9TeUc
FhItQOk1JD8
G6ZBn_GunNI
GDBFP50f9HY
GDNNDA_Zqn0
GkKvHp1tDR4
H4mP2OyXpvA
HcLX65vwe5Q
Hn2aLiqaaBg
IXOpxBlVxk4
IcIzza5Aoq8
Ii9Phrdrdlw
IkrujyPIk_Y
InpXLie3Hfk
IwwfKZNkUHk
JFH-XwoH2SY
JI3rmZ32qg0
JTjBWqMRK6U
JYLVg0jmOmE
K6IL-b2tbuA
K8ANmR4dXk0
KP9UKbBTYdc
KfTV3OTHuj4
Khb8i4qjTMI
Kp8Ka1VJ-_8
L7NYjHp7fNw
LBgRCa6trkg
LPidkSlWa-s
LVCMZHV88-c
M3LA5VV9e5s
MEqPOHVvk44
MK9wLQ7syiY
MN3PGk-UX_8
MVymTi0DA9s
MbO-3TtNi_k
Mbe2Gop6avE
Mri2zY6SUAM
NCnaA3mGAV8
Nruvayi79CM
Oidobbe5EiU
OxKKaWJ2JIQ
P3OprKTvc-s
PTmS0pDEbEI
QJ79l5l3R-M
QK-EqGitz18
QS8OSJnf9X4
QTCU_iRM5AM
QWkGon1Qusk
Qz3jLhAZITc
RDBgFjHLhJY
RyMcPBothDg
S1hQPbCtwYI
SWpnAnnd2Aw
Sd5vzIOL4GI
SgPc1sPwsj0
SoBz_bsfP_k
SvOpBASuVx0
SxsELV-aYw8
TL419A-92tg
TOgo779CThg
TkAxCC3IHH4
TpHeaAikZSE
U0IMkmF0I7k
UGTPgHp6U7c
Ucq2Ur5UOdk
UggvkaE5NYA
Um0CefyXqeY
UnSPuxup3aY
Ux8HRRfCVrA
V3cSOYGy1Jg
VC69pFMLCBQ
VDEphCvKeRE
VDPXeJ3unsU
VU77rid1tdY
V_fy19w4PRs
Vtd0Ii8AMNs
VwBxcM6z_uY
W5eH5LQADrc
W7YQiZbHX4Y
WB7ELxiEKCI
WY1zmMxT3yg
WY6DY_y1HzY
WsJwoiXfDUw
X6pBCvCiH9U
XL6sPU_4ks0
Xh7IWiIAWnY
Y-lj1co-kLs
Y5kjY55fdsE
YDNuc9otwQM
YJuq5X8bnJU
YjZzW5ZoZhw
YsHkLTK3BOo
Z0U4_Dex-E8
Z3hyGSZMP6M
ZY7y9qWA4is
ZpSgo7mT2Yo
_2DTuBChqUY
_8tLnCw0PW4
_F_KATn_CAU
__AGzLD12OE
_lrM8H9WTHc
_q_-knLd0JI
a-_YNcRNuk0
a12shkXA2G0
a5mVR9nejEQ
aBIyZbYWESk
aEuUyV-Bc1E
aKrpxqd5vC4
awg4wP7pI-E
bHN9qZVXQXw
bcQvU8NJoGg
boMWqkJeOnY
by2wSds7aq4
cHhAualLYgo
cLXfj_azq3Q
cMMj5qYqM68
cVXw5vw0UK8
cYHHhLi0b3Y
clK1xfUHahY
d0GYfBH_Smw
dJe8tDacc7Q
daKYdvTQ3JY
doQXrjLMuuk
drdRWvMXvgE
dtTA42-RuBY
dzvzg1VlJwY
e5eWRXnUYNg
ePxbbxC2gmw
eQTnujvYe3c
eeQHQAmLNsY
efRIfXxV7iU
eiYq1ZtUWy0
evrYF5Kflac
exuuIzq3QJ4
f5fO6tn9dgc
fAbnHT2os5E
fQAQ7aSmP58
fjPCZVxh-sw
fzjT5yZ5wxg
g-85kKFs3M4
g-BkSgIuYic
g0BnBho2g94
g19SF6FtKBg
g612ZOn5pjM
gCQQTgcs8ZA
gElHVFkHN48
gPODiPY0ziI
gmPaL6m4rss
hCPc-3XMsdA
hQ5mEmV6Tco
hgsgdLbWFyA
hjTkqem1Uds
iO9j4CA0Gpo
iVZbN09pmSA
iiDVXg19fgg
iylaq35pUqw
j83zwfn-fTI
jFTNd-hkYi0
jLsZEnuOOYo
jMJqw3zzPHo
jSVSyfdhNR4
jc2DZkFEdts
jkyhQwfhCjQ
jl0uwedID4Q
jnzP_-yiS-0
kTTGoujOO2g
km1G3Dh-NU8
l1H8FFrxAG8
lAd4RgLXstg
lqqIQ35b_Fo
mCxRCat0vKM
mM7AdEjpoUg
mljufdm94Q0
mpbtMlCS_dk
nBe_Pqq_fTs
njshEtG6nwk
o8AuuPmjaIU
oTF6EuswfFo
oh8oJVltxek
owdSgKoHR74
pDR6pZ9b0gU
pztTqsLxlUk
q73Ia0QtQeU
qkIIz8t9IjU
qrmZPqjsL_g
r2WrzeshVuk
rVnnIDQktGU
rfkOdDjQshk
rvGV7OAVFdc
ryk4C-AEu7Q
sGEzVZ4YGLE
sRn0OXyCZW8
sZE6oTH98tw
soDw7Ksz8qg
sq7OSbgRSGQ
sw3rJ1nTQf4
sxW8T2hJ9vA
t4O1xmMk_pI
tAAwD1_DI7E
tDO0p4_RlBw
uKmTTU1IivE
uWjy73LUshA
uaPI2LjQwms
uu5fZ2e0eTg
vJRHrqvub30
vQTkhm-XlLI
vT8Sim4KruM
vZvA0ml4Sgc
vbnuIUgUVXA
vvHv8pEeUuM
wBiZlP-oCHI
wYBPN63ubVg
wkgZPMUbC5M
wlt9aIf9uyI
wwiIVeW7sRo
x9xx_u75i2E
x9yQDQ_jun8
xSc_6adpse4
yEsY-ScG3Zc
yKfMGEHPprY
yhG1o9wmJ6k
zk0N1yNAD7k
zvpY9mg850A
