-yFxjOV2AwU
02IJWnxlKLE
0Ah_8vcvWW0
0BqmU6M145c
0GbtXxEi3bQ
0o2LX-quNZk
0o_ag-HpPCs
0qjMI6q7-nw
0uJ9WMYCm5Q
17wbA5Dzx34
1mIZfAp8x2g
1y5xyKeKNAE
2Fh9TwkYBQg
2PL2uaDQW-w
2UwAbTvysDI
34wz_WgVTUg
3MwRaZ2FsQ4
3hJQoOp6AjA
40BzojjwZjA
42idba92Fec
4nTwuS3jgtY
53tWZ-rt7v8
5FHRIEfHgcY
5drS7NRWbsY
5pELiscmG04
5rGB2B8Er5o
5zlIT6vu0vc
62LtTSZqS28
63DkI_Cs-D4
6F0oM_PmoS4
6jwAJPiu7BQ
6ktlT2MqmF8
73D3xD6joNw
7AjlfZ0J6uE
7QLjtITKdMY
7u1L7cHGAws
8427SVL_B_0
8ZDwUK6piLw
8kX4FMrlyJ4
8zbFyTEsDl4
92KXYPNMov8
96eb1_X6DpU
9F-nqX_VUUA
9VZznslww98
9e9zKL2K-1E
AJgCu-yE1y4
ASXzw3fuOx0
Apykw3LZTHs
Aw-eSu9ewcE
BJRiPne2XPg
BR-Dl2oO5uQ
BZJ-hcztPHQ
BZffpbknPIc
Brzv7IsPz6Y
C23c_ZLCM5Y
CFMN8lPejxo
CcU6_fff_5w
CfPNzrc7na0
CgPQ_lfWDqQ
CjChDfQUiVo
D2ajSFJMwOQ
DWEPv5f_3kM
DgjRRm1Vias
DmWeGPnxqs8
Dx5gcP9uJFk
E0bfxakZkJg
E8T7g1CEXMc
E8a-jQjmzXM
EGhinYgSFUE
EKKMfgqz7-g
F41kbvHaSHM
FGFJkQ3QCqM
FQxlnlREdGc
FRlYaNny-aw
FiNkWRKFl-8
FzXyqwBd09o
G-yIowhMl4g
GceOksC3LdQ
Gp2AMkdXM90
HS1hLq8xkGg
HhjLxbP0xgE
I1zRN07Wlow
I2Y_rUGXhb4
I86k4ZuGJc0
IUMZx-2_oCM
IYmeLs8sRxM
Igxw7hyoNZE
J796m4fs1ug
JU5VR5fl-Mw
Jdz0_VoDAhg
JpJ_vI5nQ_M
K8imn4u0oS4
KCwBxIMSthI
KGS0l-v8CzM
KI3YLLqJ9EM
KPdBD4LVE4I
Ka5HkJlczNM
KsGFCg72zoA
KvdDv2DQv_g
KwkZhFT61mk
LE5wmfKbMpc
LLIRGi1LRRQ
M8DMuOx8qCo
MGB1itmP_Fg
MJ1SXUMebow
MTJOVUL5Czk
MZaSdpCPWgk
M_IXFaNl-V0
Mo7BuzpXRPg
MoqmIOSqxhU
Mzz0dvTZNzE
N2XB3FTZwbU
NSJB3slZ5tI
NdMYY2SsVfY
NilxTxJmFJI
Nyi96iHD25s
O4BSFZbf3G0
O6uVrfsU3uI
OO1UQYXwQRU
OOjDjRl9wX0
OTSRmA3G2jU
OUy803ADalI
ObtqcHxneGs
OdJuBWBVNJc
OsA0sGxX5VM
PHd_hPK6fsQ
POrhaJYHbyM
PTxb9AD5vHc
PV5T1lp9L8k
PZgRbOT5_xM
PkCTpBaj-AA
PlTQHfuuR1c
QGrKRnmlek0
QIvwP-nw5zA
QJJAt_oJh9s
QOT8qn0Ag0w
Qhp-nV5C-OQ
RTcvW0U-cZE
RVNL41zlrlg
RhOpIR6mYyQ
RwHbWUXz98I
SUSgrYlphno
SipM0pbCjT0
T-6B-lJC6go
Tv5wGKyKJL8
U-kf_QcIHOk
U13XP5C0JWM
U1XXOLGfGBk
UzfurkR8BmQ
V-lQNXHVk4o
VpDuC2rHr1I
VvKXIkBTgOE
W2aZ3aohBiw
WBFouPqpiNk
WCudJUXY0Wk
WStMMv_EOeU
Xa_QE9hPWok
XxvGcW_7ElI
Y6kI4gcOOhk
YSy7J76sqUc
Z5F_bAJUmHw
ZTXbgQnH-M4
ZWayw7gz-oE
ZcCG7gtMGnY
_EcxxSQlt-w
_gs1UGLliiA
_zTiCwiGpJY
aPL8O28NwLk
aaI2dNUQamo
afRE2HD3sGQ
ayMPr-Khe0U
b3FGh9jk2p0
bFDL3nVQCKA
bnaWJz0VytI
bphOgC1gM7A
bqQUSQPTHQQ
cBBasVNcuds
cCDEAyKZerY
cEKkaFR4bQ4
ci_pyJZ6flQ
cpnhfUcewko
cu6pJVNMrcM
cuHa48dqL84
d29728NDWMQ
d34mULspqx4
d3l_GQesETs
dDZVkb01z9c
dEnq08l76_o
dNL84meajO8
dYRnvrWcz8w
dgBazadD6I8
dm8JR9Wkz5Q
eLQDp1ixiNM
eQXcdcQMMOM
eSg_BCR6mo0
ebXZYyXfA5A
edgDQjYPs5c
ezjVAFedy_w
fNm1a3sohis
fQv0w0vDL9U
fmlsvlhRANI
fz4s4BjzrzY
gK92Pq-c3fc
gMqPiLfe6IY
gvs6D7Xd7Ds
gy92S8CWycs
h0Upc7fqP2E
hCz8mwJIAcQ
hLyo_GPCmBo
hM0G1Z2nKG4
hM3z7NXncN0
iGs-8usJVaM
imXIHD1DljE
iv5p4zaKGNE
jSk5pOvCa9I
je2Q360Ltxc
jiTbVSS09aE
kAJNkxyoklQ
kRcito0ClwM
l0Rzsi-QXUE
l6cylurf768
lDcxSgOo9rw
lIqsy3jzmuU
lQ4w937qaUo
lV0Grkxxbw8
lYi5TK0MrGc
laMFdjGAg7g
luxoeimWMnc
m63o769XWAI
m6DBFsdtdyE
mPX2K82Phjo
mQzE4rIFjoM
mUlj3agnE84
mZ06whuh3sk
mn4selA-TME
ncCsnx_NjlA
ngs5nm0c4OU
nl46rPclRYs
nq94PP2SfYY
o61qoSCohpI
oCuPVRmtvOk
osWnHR-1rNc
oxzdNeXXRrw
p23Nckyikmk
pQUnyhizVGY
pQgkDlc6xOk
pTqpTPCPTTA
peQpLLn783k
pmb3ye_MLTk
q29ldpMPEkU
q3n5YmfbUCw
q7fgJE975EA
qAPygN6RPEQ
qS0TzLv33M0
qUZJRQ0iyTo
qs-6-sEDAf8
r0qJm6L-MKU
r2g5DTDDs4I
r9Q2pvTpvN0
rBZncQfzLs0
rCaegJsJr2w
rEdqh8y6-X8
rMAuGG9BPFI
rMyMTQ-Z6y4
rT8TTIvFifI
rX2MYh3xc0c
rq7u-x0W6_c
s8p4Q2RTews
sFrzev11vd4
sIo-uvMGpzg
sKv-z_qFo1k
sLZ05xuzPQM
scrjpvIr6Wg
sqrFhGG1imc
t53muLLMH9A
tCLkHSLx_QY
tNbOKNYN9J4
te2MC__NQAM
tfQXjON8-9I
tyTWYmlFyZg
u7ja5frotXA
uDCQ2y1B-aQ
uHc4086gn9M
uLhqyFSZCTE
uT8-z0Q1R1w
uhX0bml4PYQ
up79eJDN0RQ
urUJ20xwTHU
v6uwFOVzDbo
vFBxRKAh_rw
vZb7szZq_nY
vd_kNQ8OfX8
vv2d1vcz9PA
wLHGiimD1jE
wTRjodtd9to
web6sBktVvs
wwFVjb3Yw1w
wyj_Y3zkOTQ
xKMd_IgxrCs
xMmQXJA23Tc
xTqDoxcmq-U
xh8pbxoCBJI
xlnd2f8P19o
xzFK_n1AbLU
yD4YmKUOSgc
yHVjq6pKZaA
yWkp6pGeDoM
ypCALdC1zX0
z-73oAKnNO4
zEtGQ_OlmdA
zPzn4szyl0Y
zRu4AaC4cag
zdL8E1-o3tA
zja97MzJC_E
zzzAURCTPfc
