-Gpv_ggcChE
-SmyoVG5Fwo
-brW5HhIWlc
-iIw8XZ92Wg
-qGlSDA4w6M
-rUUyS4aBMc
0AiutGr5eQk
0H0_b7iob3I
0ITi9Jc0J-o
0JZ-D0O-BV0
0N25jX2kS5A
0RlupWm5Iao
0ZTGcJPAH9g
0rGcR8iQdsg
10NBxQiAQdk
186Zh5-Kjik
1GMUB2uKAmw
1OeoOKlIzgk
1rTMfayZatI
2Ah9-4RG5jk
2TBV1hlzQCc
2flPdsk9uz4
2qJg3WaHVnw
3-IMsSOtXDg
38UAeMH0xtU
3BnuL2oPL90
3MayldDJHDc
3NUx4xWkM9o
3R2dXjuNK5s
3_rxH1XRCoY
3tgaTLW4GL0
41rPFNY_CAY
4AEI2qhA6ao
4Ef_mtsBivE
4GiPAJp_eS8
4OWCUVUuN3k
4Rrt0Lm176I
4aDHHjc4PZA
5LTTTErAoWI
5Q8KK5kI6UY
5ciozjv31GU
5lqauJ7dIkc
5n6HnImC0Zc
5t6CN028XqM
6IAczFEZgvk
6Vhu9qDkkws
6p9BQHz9S_U
6qoybx52FKA
6s2yw-pm82k
76UGh1fAM4c
7EefLHPtFEY
7JwlOjMI420
7ZMOtT51M6I
7ueGcKAoYzY
7v4JNg3sD9A
7z66hiJAqmo
86FDipB7cQI
88hYVdN0cRo
8Jd6oRNGJZs
8LlvxBi58ac
8PfxSkp3qZ8
8S8IEH20E3I
8V2-D1oT8Pg
8cc6ejLiDZA
8jO9W_9pZI8
8kE_XmgAO0M
8uMHQpFz42c
93kY7pXf1k4
96jiMkdcaPk
9DKCWZ_Oe9g
9HTiFbGyYZ0
9XwVfQVO1x0
9ojIGBlg6NQ
A1bSpMwciBc
AEW6HbxbbNQ
AL7GE8Ajqhc
AuRVHhSbDA0
Ayfo1CfaMAc
Az7Wkvmy5DM
B-wMTei3m_w
B3Oplt-7AQE
B4xEOv25dtE
BFZtajhTC5U
BMOqHMrqj84
BNU3b2TSp_0
BNvq7OnB3v0
BO_VXXSM8BA
BV0NcT0FprY
BXZbcJAWZOc
BakZpcj_Yek
BnL3BqalJFI
Bw8VIZGhfgI
CJVUK8SF2g0
CcE_gqKJD6U
Cdl1rKSDa9M
CrA9RXYu9eg
Cv_MBWKcSa8
CzppHnJud38
D3m3Okj3JMA
DHJz6JgEfnU
DPAw37BR-MY
DT7brEoqhsc
DdmCuc-SZok
DfGSHfZvImo
DmiYFvJ2DBY
DyDVQPwk6fY
ENlRqLbHjXE
EXvGfhMVuXA
Ef0YKI93g9s
Ejv7e4gf7cQ
EnXIlR_wqQI
Eom185Y9ooM
EqvPpvP-xRs
F5R4GrcXL9w
F8OUM7d7rLM
FUoRrjw-pog
FjQ9k2ZKZB4
FnHES8O7ToQ
FvFLNvQ93bQ
Fyc-a4YAV7o
FzUC8-5K794
G0ctAe7bGzs
G6ibarpspSo
GABa2tg3q9A
GEeXLjHztJo
GXMO6YPFw6A
GdNtV7hXNFc
Gi5LiLIKlDw
Gj2iek8J5z0
GnvBgIyp0lU
Gssol4R3yMg
GufLdwuXCGM
GwkKnuSifew
H6p9k4ihryI
HCv4mSs2LMA
HHuJTdHOnNQ
HIlCjWJz8L8
HLHkrY04AV8
HOqQ8ZcSlLY
HdHWAuQRG7E
HfMcFNZ_ZsY
HuHkMom9oy0
IR8NZdRlhmI
IRq0C_R30-Q
IWwt4QuVzI0
Ib8XaRKCAfo
IlQHEja8LQQ
Iq_-7DJC-go
IteUnJzILfQ
J1hAI-f4wQE
JIJy9JEn7QU
JLQtOWt4Jzs
JineKRMWyUE
JmRDa2LUQZc
JuBQFmsGOzI
JxowVaeoxfY
KEpt80Z2dHE
KUuRD4bxnu0
KW5sdQlCfks
Kbjg9a4W7ok
KfLYXrMoxT0
Kp5N_d3JS6Y
KrHDqW3bkC0
KzG-mJgj-E4
LOv5E8HqMbw
LQzQUtrZ124
LjrC5AiaOlI
LoxY0wvvH2k
M624T3PTggU
M7EEfa-5lOk
MBZAxvr1MI0
MR_My-gNrJY
MXBNo5UleuY
Mg2OOsQPURs
MryLqgEC5as
MscX1bVZ5ug
MypoFv20qbg
N3NpVmGR0t4
N8mNUgzFD0s
NQ4c1DBXM4I
NWHGmHXEtIE
N_zG_jRX26A
No518Nja3UQ
Npv46QHBvxY
Ny1_Ig7A27k
O0hWWfcfEHg
O1uZKg5tP_c
O2GUVHoWKYk
OQM4NK8kQ3E
O_k2aP4WLIE
OzsRXHo_yRE
P0-3Qy7O9iY
PUuxPIqj99I
Pw-5FbiOJ70
Q2AAI2gPVNo
QEgEDta6Y7Y
QGeSLm5uLO0
QHDV3x7maig
QIiaeY76VY8
QIjvkZ2EWbY
QQ5RffztBuk
Qac6OFDHdTs
QcTYNhE78oQ
QkcPx24axhM
RFD6a87bEms
RPEUF-EzYdI
RRGGyg9Y2kQ
Rb8MPAmhEqc
ReABq1LUKT8
RptrNJFFJJw
RuHEXDKQouM
Rz52KbTZr4k
S4BtjwKzeUg
SA5mq2FhOUw
SC3ZxFEWs-Q
SLYaCka5NYs
SdimvnNIzd4
ShaVeTdSrF8
SkGM2WSBVvQ
Sn1tQqjN0uU
SokeGlx0ti4
Spm3wNnkRpU
T7F6qnc-KDA
T8EMKkDUa5E
T8LExOf_fRI
TI7glQwG7Yo
Tg9fEn7FkCE
Tp1B22zazzo
Ttyhi6AoJ1I
Txvz97tzDfM
TyYkhp7Vo9o
U0yrrdi1iXU
U1bmT0NZr5U
UDUMIL_vfi8
UUF3Ql796FQ
UV6m1eNKE9s
U_ZOzqR4uCI
UjIABnVC08U
Ujt0ovqyqwk
UkuMJPY9IXA
UlomtPUfYBE
UvNVHzDItyY
V-UcVihtK9M
V051J79GllE
V3ifabHKTjM
V4PDldKA_sM
VDfjsMXlcek
VSDX0DZh-08
VYKQbXLC3pQ
VpO8mvurHi8
WS6fZIJcM2s
WZrjDfSzEmM
WdexjTLH2So
WeJOLvctznU
WtBMFWuwv1E
X1VeRikew48
X6UxTLhDSds
XGpeOCA-DVo
XhVgYT1p7vo
Xie7oY0QnG8
XrxYHxFs-9Y
XuvJgMgInXI
Y8Ib1vWiZ_Q
YFydlMqz3gk
YV01EUWed7Y
YVDNM8Zi3Sw
Yaps3NM1Z-o
YeHUifdppM4
YgVJRyUaLGg
YzFEGGnMsik
ZGqems2m7rE
ZVNY10G0RGo
ZctB1qDfVxQ
ZmF64w13ZU8
ZtGLHip7yk4
_GDViK2w2wY
_JKi5DVmf4c
_XzVaoWbSxk
_Y9hriLylIo
__0dZsY57tI
_dR0qnjVM-s
_zW3DLLlXQs
a42sH58WaT0
aM0nmbCdZDE
aXl3WH3Mu_Q
aktRfAe1Uns
am16zmvq8Eo
aqvZUREOEhQ
asABL_YtD6k
aswYuhbOUWc
at1G0CEHHws
avG_-gZPe78
axWdicKaBpE
azhfQ09Qca0
bHUu1fDonzM
bP8Ae1hWNxA
bW2AU-OXrmk
bdSnmxhFJ0I
bo8xD3y_NIA
boYoLbnWRzk
bs6tCFAW9Xw
bvVXVDUoD24
c59ngPmuQc0
cACtJz6PM28
cS4JKQcV0JU
caYjV4vJFhY
cekNkd34rew
cgUyGHbQ9kc
chpEm5bbqSE
cqVwuJHS5zY
cv8UGck_t4k
d7KGYXxg_zo
dERTvmQ630g
dEpZle9c11s
dHQq9T3j6no
dRK5_y8RcxM
dWWM-E5xeFc
dtkKP_cOuCI
e1NWex7KAwk
e1i-irvlqL4
eBMAELb12NQ
eSZU_tuXinE
eclStFntWGE
eq0937cBPJ8
esbm4nL5G-A
f-sXfhoTBro
fAEWbeqfSC4
fHYAD9SgyZY
fivycaInrBM
fn1qM1nPjtg
fsGe6YUzs-M
fsqz_Zaf1sw
g0-5uXFtyKA
gfJqhWkTbjU
gruCn2CKuGo
hEHFjA_d4W0
hIMswuHvjyY
h_oJEi-tGHo
hcmMtNqEm4o
hmRlmBz8ryk
htNc9zFPdQs
iCGlW9EgNkQ
iGqWsB9RV_o
iHwBh1_a73Y
ikFbzsTH6rc
ileKy3jWpbk
j-efzGbT95w
jEXWS4WDoE0
jbyjCanSEVw
jd4N1qm8HVo
jfnp9eZS1Po
jgjnuHeTVsM
jmr964mze4Y
joP26cWP9x0
jp0ecSsFRZI
jtGVYnv91ps
kGNrLiBL09U
kURU67G98O8
kmRaAS8Kdss
lEHcnhzvhSU
lISI_mRw4y4
lPqzTBmGV-s
lWeIQd0_C_s
lcag_slhDWo
lfpZvtGXj_Y
lg4GX8C_grY
lprNGTkGl0s
m1IpJSlCuyg
mAf-YuGPYMo
mIImEq4SUy8
mNmd1UzKM-E
mWXes8auzk4
mn69UGy5jlg
mrWC-H3R8zQ
mxV5VpB5RXQ
n4zgMVCyqHo
n5ImJ2row6E
n8TVpObgR9M
nG1GDX3KQfo
nIyPBz3zO0g
nUwQSxW4wY8
nWMU5rYbLCg
nfeY0ikzxTU
o1T7TuP0Ad0
o5FiW2kAAJ8
oAAHkEshdY8
oTOjIYeoYjQ
oZtlwxgGKv8
ou-UBba5qRI
p5PXrLFkXJg
p8pDyLguQhk
p9rK4cvNsOA
pKoAIMLaus8
pMhR_cJP6go
pNILn33kAq8
p_5rEkoDPOU
phI82EetT_w
pijn84KmtXg
pt6K1FtCXW8
puMr2MzVD9g
pueNWLKqqBc
pxRQm7nbOfc
q8E7Ew8HFnk
qNgzkDwVESY
q_YGopw-AVE
q_p5lsB4c08
qhuwrmV2lpA
qljtMH3m1Zg
qnL8-4l8dFM
qzydxPgPKzs
rBBXWC75Y1c
rTD4f26422w
rTNN7-Wwpzs
r_xRX1TsZ0I
roz1YeJjvUY
s4qyqbfZc_8
s9Sbg2A8Go0
sA8YpN0veM8
sBu6Wk29_X8
sKTAYd-fQOA
s_yVADJq-Jw
scSaA0S4qeg
shAxjSfsdKw
stJdtMbtiOU
sxqeOAWjUqk
tECz6Mv4XBQ
tODZqbbe5Hk
tWfFx2Pa6zU
tYGRI7nFHG8
tYOnym3ZINU
te4yVda5mhI
tkuW0bocGXo
tmvFSTunGSo
tpSaoxLkyK0
uLfrt7Atldo
uW6YZf90vAY
uepupmG50Xo
uh4HX21-HZI
uh6SHTHCnt0
ukIIHkff2Ks
urITvqQleUE
vAeFBH3Pbg0
vQQ4TQO8iPY
v_caorxTE2w
vt3BKHAr_4o
vuwbdv-OmG8
w3SVorXyxkw
w40R3zBk6x4
wF3r_vuMxT8
wHQPdDnjGJs
wK2e8ZKhIm8
wPm9k6ul9EI
wSOm7lEZ5W0
wU9VDomLo6Q
wZzULdU0_Yo
w_TcthrhrbM
wbJFlz-NMqw
wh4XQQhIOiQ
x8Q8iAQJsnw
xIQtuggCOdw
xMkXAvpYOkM
xODyqQ95zV0
xSnRhUbVzHA
xTXaodr4B_Q
xViVnhPAhBs
xdMNoDieOFs
xkr4VaMO2sk
xzbeuvrbN00
y2CzWUGvmd4
y2dT7fUIuUY
yOfyjuvwa-s
yellEkdVtY8
zFFnibwxOxU
zJxBUyfpFL8
zNjMY2FRLvE
zcowUpBqim8
zryxFb8Cigk
zvJ8pw0fgP0
zzJV750f80k
