-c8Qf5VkrSo
0eHW2GiR49g
1m9ZL2KaD3U
2aACB98Qebg
31m74BZPgdk
3PUnqu8yTAw
3ltc21PfR9M
4DUp-qEnUIc
4H7TgcmfUPY
5Yq_5iNIyxY
6Z8aQhV_aD4
73fkQDE__CA
7BKbY378Pbo
7R2rtddCH-Q
7troxUZgMC4
8gS03QBhAoQ
AEZriEhxOL4
AirSh0fXIoo
BGDqhO0eHys
BNlmAa-xH-s
BSpg95uj8ns
CnWxn5y3jf0
CwEku7NgQ6U
Cwvrv3iK-9E
DGzn6VrBgQc
DeG2Aalqp2A
DmckNYgQ2F0
EAMEGxo2d4k
Fi2I6ryIiGI
FztexjWiLS0
G9KQTW2M6o4
GShkWQfKWyg
HJtMEE6Bwq4
H_3fuzpOw0M
HnNa3mNN-_E
HoFBAN92doc
HyBaoHYtlgg
IK1n7AVMslE
IwcCVp4ICWY
JCkB-bQFIqs
JECUsw1Rex8
JEVDRExR0ms
JRwvXoEEHR8
JVG6KTrAmk4
JgIzH-uYxVU
Jie98531rH0
K8Hh0wokAVI
KL3VrBGMteA
KL7GA7Co2h4
KNpsy9NcGak
KP9l84uhTWY
LNGE4EkAdkc
M7eKte2G1sM
MNQeRqLC-Vk
MOPRTV7Hn4I
MUwpt6S9Oi8
Mk6DoR3iu34
OJk-w8lWmyk
OYYjlWR_kTs
Og7jH3Z68HU
POtEk7AiCL8
PZi_9eGSuQk
PuJXvxo3ckE
Q6oa0fJTqDk
QWrEYfAh4qs
QvYZrpui8sg
RlgD2u_u-6s
RmeXe0qR-Mc
RmwX_xWJbDo
RyEL8k5r4ZA
ST4daVDApfI
ST7x04cwDgQ
SYedMoYqEhM
V8_ae9a2AWY
VLUScVallmY
VdIUJqcR0WI
W-Ov2cUaYQY
WG2iDmSAX-A
WHvYMRQElCU
WTXHIgZmRhU
Wmkxx2ToAQs
XU2Q48onA8g
XXLYv3Foh8w
Y0UyhhBFl9A
ZfGNa8yI_VI
Zz77RLiZo_M
_AwXhA_gncc
aX3fBMXYUTc
aXSD--Ox3ew
aq8PAM5Sa0s
bEMBiqNjC8k
bMYoaoDEXYc
c6WhDRJt240
cAFAjYq_68I
cDR1iKM78oY
cTRDpSWJRYg
cn0voTJFQG8
cnX1PNvlWGg
cws1zUbhaSI
dK6zvEps_z8
dwCNUK2z4Es
eC2fWjs0Vt4
evWwKXmXOc0
fCdD9zdn44I
gM6U7g9Lu4E
gjnfVTcfsUs
goC0LZCyx7s
gzgOSsNDW_4
h0Fg2IA_LK0
hH_4nWCQyNc
hMIuVX1Lmc4
i0kxLDRkEcY
iEDx_GOX7wU
ihxQxGFZh5I
j1YiEsDRmnE
jAWOKVTFgBc
jhBtZvi7ipI
jlD0f53_230
klOyqbP4cn0
kxBkTpBmoBY
lsoVrCbzYX4
lwczLCUdWJc
lxn6TWWRE_U
m4GXIflw4Gc
m5NO6HqRFN4
mZGdpCFhKpk
mbdT6s4_x-E
n4_K2n3EiDs
nay5IWan-AI
o87MSiFt8iw
pVWdXTgU1t0
qyT24Jr_PUg
rKT9X6Hhnxo
sJN2qUqmWTM
sMC2yopdJvo
slfLeKqE3Bg
udByfb6DFbY
v9EL8V-6la4
vH-BdtatR88
vHC-Ca95l5M
vWk2Juwe1Tc
w50wIpdNWC4
w6hCIwU5ThY
wcvRGhZc_p0
xDg6pu7HWz4
xudnj-bEUfo
y22YVo20-M0
yWnb6fCvkg8
yct9-q1JIJU
zGWuMKoJ-rM
zMwQDarWbCw
