-tH_9cAh-5Y
-wNcIG796cI
-wy9MSKKuMA
0FmrJp8EgaI
0lHbU4C77m0
1YWB-ybZKPw
1YcIMQrL06E
2DDvAIDEO2Y
2TM5-lLm8dQ
2kR9_DC2Jk0
35t7X4OL6_8
3JfB0TNV2NE
4h4RNmemzB0
4zEYfzjKiK8
5zg4-UcSgzE
6w2Yh_Mk_cM
7K2Xje3UwHU
7blZjnrxDo0
7lm_L-ZJGpo
8J7tEJXSwMI
8XhYt49Ayjo
9YsMybmBdaY
AFZeAJZhvuk
Ai8pq0C4CgA
BSe_BeNk5cA
C1rQQ_YpgcI
C4sXQvWcoeA
CgTGqQGxCTM
DSDTTT_O5Pw
FsvhRb19fHc
Fz8W_1nPopk
FzOrrXkfvos
H1NYrn_qZII
HUAyBKQt3lI
I4sXVVdf6jg
IUxYC5uIfq4
IzpEFVVSrBI
J76-IxN7pVI
Jb-nGcWs4cM
Jd1QSzqOvIE
Ktra_1MCHFs
L4kSCd8yt00
Lp9S0AUYjbo
MK6VC_JxtE4
MMesU5SRRBg
N8NS7BX_Y-w
NJHLbxASdEc
NJnSsdI7B5I
NaBM9yz86RU
PCkrCZCCCpg
QBE3WcIAmYM
QjKNz980Bu4
QkCVrNoqcBU
QowXUHYEzT8
RKqpfFd778I
TxaiUbGnElU
UidUHRMIPyo
Ujquk-kK6jU
UmhjvTP7OA4
V-SD_zV9S2c
VEUeZWMhTQ0
VFAkgNpAVSo
VkKV4X8-Axs
VnBUOjxmn1g
WaEdfmg3x4E
WenM6wk_rdk
Wguk2Kg189Q
XSeOBrF8J6M
XbN0HAaFCOo
XnJByIkcUS0
YI3ZkgApIN8
YQO5WaWAfuI
Z1Uf0hCTGjI
ZM0HeQnVW8o
ZqVrbdQDIXQ
_1MIAMxixag
_m6pdrmFNmk
aH0brVYsiT0
axy8ERDptMw
c2eUEsXaBcM
cC6CXIQKqQ8
ciL6FxkoLsw
dBIq0KArHFE
eLxcaKiZsDs
eXcKOqviLE0
fXejMFkF8V8
g1wUW9qMdfY
gQX8mVLm6D8
gYpPh1jTjmk
hI838LW73Ro
hXZjRgrzsX0
hfgCCRHFaOM
hs8gk-aU-e8
iOc4Yj1txCA
iq3Vz4zsn9M
kgAHGF6ZXk8
l3Wu0uhY3b0
m7dh3U3Ex0w
mJ_NPQYD8bw
n6BsmS68uAo
nP8zyTbjOtY
opc7arkQEIs
oxkLGc7cnNI
p6SkfMIREHA
q8SdQ9DInR4
qyjQ3qtvjBw
smhkOicFXXc
tFjctSeva3M
tVmd_r7G5Mk
u5AnzLg1HxY
uGKOGXWLVlU
uJFM7LEzXmY
uJgQQNZ108w
vZUiUXKqVQA
vkN3OL63BiI
wzXKwe1-w7Q
xuNB19dmI9s
zSNlOrN_t-A
