-GnPv91DRFk
-JGYLjIE7y0
-MpqkiITMJE
-U59UgukO20
-V9ui810_fU
-ZTztFUbuOs
-aZrIvGK1lQ
-ei0TAPtzGA
-jp_84DZfY4
-t8fmJ3xXHM
-tUXr48_mm0
-xQdyafclDA
02fqVUrswi0
06u60RofCHk
09IuR2bF8QY
0RopTWl2HJw
0RwDvpCYL2M
0YFqAR_0c-c
0aTREUHI9MU
0wHEiFMLVr4
0yXQYkIVa4U
13IT5qweXSY
18gLuhrTsBg
1EdLNe6cPjI
1Z5iGOomfMo
1Z8evL8JCMw
1f2kkymRT34
1gfwtOE5IBY
1jBn4mGfm28
1klqwAcyMn4
214yqEeFoRM
23oGl9erETM
24LZrWL-rhc
2GhfVFWtb4A
2L1DLz6Sb7Y
2M56GPnQS6k
2Uv1I90Y3c8
2fCN-bZwPiA
2pr39ha4jp0
312g8CJC0pU
3JA1wXElUMA
3QP_kZFu09s
3tKctSwflXM
3tiG5aLZ5ec
41JrHOtmawE
4CwmJMkD8sQ
4IuudQjXfI0
4TWHRcIBUCc
5FVwXntZvT0
5FwMeyXuPTE
5O5NM5LSIL0
5Xi8g_e9Z8I
5YL7cCLWy10
5kFLunihBFs
5leRxQygZFw
5mz60JuDk-I
5s-yBDB-q98
5vlBDRBtOQE
6HEKYMjv3aA
6Lh90vEHHvc
6MiMhkyrUK8
6_3jDtMjaW4
6fXDDixZ3ZY
6o7svVuKtHI
79qjb2u0M8k
7qbFvZSVnSE
7s6SHfeFL3g
7sos_LNwNM0
7zKmpHHRB3Y
80mh_xMxTHo
82YAH6oU1qY
8Es9HcSK1O0
8NSE0P5d0Uw
8ZBhr1zV3_E
8j_x2j8JH_4
8mNhvkU1xhM
8nDBgg-ZSmQ
8pPBIb1IxSY
8r2rfUsJG8I
9585goa9VVE
97liWw8ElOo
9EoliIMOXmc
9MsOxm2VN8o
9ls-c3Zlw5c
9xSW24Rlk40
A8kYq1eGhSM
A9RG6GBDGhk
AGZ1f1KFyuQ
AI5d1g_zFw0
APcEvC_-19M
AT7cKEwGufg
AWWUJX517g8
AWlBWGCC9Vg
AbIPbNSb9AY
AeUBNAAU3Vk
AgrGQwx5nv0
AiuFgu7-G5g
Al3DG9aMDk0
Ass_8e44Z3Q
AztgOWQ-tBw
B4bs_cNldfY
BEUm7n-zfQw
BP0ksZXII9w
BXxdZ7Hhvrk
BZIE-TlZK-k
B_0azBpnL3A
BpMituQb-Qs
BswHvX9N2o4
C8V7sovYRVk
CFVQr68vL8E
CQLox6RTd_U
CdO8Vd7cPoQ
ChNjISN25Gs
CneoEWLKwEo
Cs1HqdHdlnw
D-HdZvv50l4
D1kMThk7pj0
D5JWu9-6PIY
D8hJyjlyavU
DBSJi5xlSRA
DEA6nczZivk
DQrCDK76yI0
DZuFUWfy4Kw
DahD6FRcXJM
Dciau2arHY0
Dfw9tFZd_PI
Dj_wDF3B3zI
DnYsLSKFalQ
DxjAGuNbENQ
EGKhyXXRnY4
EGR1cTiMlyo
ENWGxNJzioA
EO3TZrO6nvY
EQnUYPTDp8A
EX-K4-3VbnY
EXMDtRZiBio
E_AcAinqkyk
Ec1nLJcy0cg
EcFIDeSJKVg
EkPJZFEXJ3A
EnkGclP8tWY
EoUCMbKV-AU
Esz39ITc_RE
EyWhHy2i5pw
F7v701Dkb7c
FCOnZvJoKIg
FFAZLQA-pq8
FRbiTIUc8Gk
FSoBcHZ9O8o
FT5dmuuqmUY
FdcsfyRUcX0
FepoTbXEgqY
FfNiwr1FyLA
FhG0sqynBDM
G9iQZykeywE
GAE2ppPHCm4
GBof1CBha78
G_qocHdOYpY
Gj53eM3sCT0
Gm-1DvUwefw
GrE4RuPy5ss
Gx3vAgzm8qE
Gz1GID588i0
HA_dNqP-BBU
HHk3D76i7pE
HJ7-Vf12sHU
HKCuB3jeaE8
HMoSoIb8SVY
HNK8CTgI1Cs
HRI9BTWeqXo
HW-b5wfrazE
H_ZuZUS53Iw
Hc6wT6BlTsk
Hg-kfiHAibM
HgSdmCR5eW4
HjLWIHl4Ag0
HpNeiIm4tqQ
Hw85glSu_fQ
I0kBDYrR9R8
I2wf5T9RJio
I9pQNA9c7HM
IEt3WafVJLs
IIj6B49NEOU
ITfmq24gvc8
IZF8MRPzNwc
IePmX49QGIM
IqFncRqu-DY
J2FBHQXlkQU
J9_mpzY_H2Y
JJJhow4GzEU
JNOjdog7HBc
JP_aGR7NyXA
JR074XsTeBU
Jh_9Q1M4oKo
Jhq6RyOGVU4
Jr-U_Z8OWk4
JrnWQfjbn0s
K3GvDivLpBc
K6J_sPs1tT8
K7MaW7KVteQ
KDEq2o9N_cg
KF9xOR9AIg0
KFGxNMjRr7w
KR2arnbVTa0
Kd7Mk1LpMQA
KdhyzIw1hjs
KfeCYPWyj7s
KvmskNdf-vE
LAzQ_yw34tY
LCQb_nitGWA
LIiBy4EhJcQ
LX3KtfwaDX4
LhnMuc8EpD4
LolAI0HYSRo
LtkDV9Z_3WI
LvNfinUMCNg
M-1E_OyMmKQ
M5cvp6IFsGs
MDKpcvf7TvQ
M_egXiXaXyU
Mjbdyrn432k
MlBCi_v1ssc
Mx-TlUm6PnI
MxYLqBLpDAI
N4wCo7CjLLg
N5ET3VnhwQE
N5vdR9MeXOY
NH2dqSkm-Kg
NTF_m9M9LgQ
NUi69OLl53Y
NYMJ58t3CxM
NZGY17YAwRU
Nal7ptTcwnw
Nh4T6HryTAM
No_a628OAb0
Nybjn1wguJ0
O2sQTswQIAY
O4-a9WJrOlM
OAL0bgUi_Mw
OHwrJC9xA3k
OPJxeeDvlyc
Od5TqD5cHig
Og8Xv6QBmDg
OlD4q4rBR-Y
OsrEaQa1aC8
P-9bXtYAU8Q
PC4JSEI5kh0
PEbdjn6hdwk
PGx8vfPE6cc
PHKpSEZSK9A
PJLHAi9nDq4
PMrSqH4NdV0
PNod9DLEZQw
PX0utzzhtN0
PkAPk3QdW4c
Pp8yspWArQo
PwAHaOfcLgM
Q-LD8ZgxVxI
Q-ipoV9i_4M
QKZbynBe8a8
QKtYad4jOkk
QPCijceN8YM
QR6J8p40hGA
Qb9p2MvlpFw
Qg4oOm5xUQI
R09S7qhHapc
R7WrpfYRMzs
RHhUVfxYEJg
RcfIO07zL9k
Re_rC3ncYIo
RjuRokXkOjA
RmC_6855qao
RvdqSaLsOBQ
Rwhjmi1Fflc
S0Gnl3Kjj2Q
S1o24hvcNNs
S2kxC2B4DUU
S3nu1mLLuVA
SB-rOgGe6No
SBbrcU4JZSs
SCgeNrbAVaE
SSqCfCXvbZI
STxNPSoZVWQ
SWXl1Eu0-Bk
SatPY6NYuFw
SfKZV0oaPdk
SjTSuYFogQk
SxcBOjCQPV8
T6IUBZlumjY
TAQJnIVY7eA
TT_qnH6tPgg
TaFkQUy2BaY
TdjDKDdHTZo
TkN2psTsXNQ
ToeblKnyo_E
U7-lwa8oTec
UL_cLruWTe4
UMw3nEXTGBM
UchZH_IrpQA
Ug7kLcGZEOI
Uyj3aQk3OM8
VEc4kaj1au4
Vb-Kd_fVS7Q
Vcu_-7XzeM4
VenBmzekoag
VhF437NiA4k
Vn-vyWkc6w4
VttpMdF9gtg
Vvu01B_vIcQ
W1CYHFaF5W8
W30QjEObjs4
WCJlg2Pgd1o
WDsOmNqFGNo
WFR9yUKqwNs
WGzP0x8cYqQ
WI4pLS3hDMI
WNCJliaTumE
WOUYjqQ1UrE
WU2JV0Rq1b4
WmxCmSxhNwA
WxJ3dde0CEI
WxOWrvaE2ZM
X237Z8gBhfA
X3dRS4X3CPg
X5DoZE_x99A
X9arwkSjbuQ
XMV6xL5bCgo
XbgHHzvToB4
XitDuLCByCU
XpYvYPP4N48
XqiArTrO1CA
XrY9_MlIu4Q
Y4K0bjdrA4o
YC5_34tWuak
YCY1jPtofFY
YN5Ww8qq4sc
YRANnvPK3Cw
YTT05N3TrKs
YawXIT8xSU0
YbO3oP7m_ZA
ZK3ar-NscHM
ZOubFq-SX2c
ZQZjgHjiFXY
ZbffzAe5Oug
ZdDoxrAu3eM
Zg1UTMdALl4
Zp0AthDfqFU
_0rNFPmSzi4
_3SpmX1M3xw
_54BDVneCkE
_B7GvMmPRAE
_BX3E6x5h6Q
_TuLmmKJuxc
_ZiMNBVs0so
_cEK_ILy41s
_hY8UvLSt2A
_hz4NZXS0xA
_iVO1YBDj8A
_kzcXjJuv2A
_nvYcXkzqVM
_rK74B1PO2M
_sCSkvb_Cak
_silZfywXdQ
a-ZlkqUSKI4
a7xXlzB5RGs
aBxNpdNTUOA
aD7xpa6_DbM
aIkcsxR9wtA
aPoWvvwNiZ0
a_QpIke-dRU
abSGPKsif0E
atMI4bydTh4
au9TzSucooU
aw09Rf7JCP0
azKkta8V98g
b24ni1BgB10
b5xo3ET9KTE
bPwEKL9CPcE
bV5huEsUMkE
bgZ-zv1r53M
bi3mU4_DUro
bwRg0dNyF_4
cCb8IigsbDQ
cCcflpSra5c
cE8pu3CnU0g
cMlRoW7YWiQ
cRnDZ0SgyIc
cTs9JRAuqE4
cY-1bioni6s
cYRVUJ2lJMM
ccm8V1t7bPc
cfN3Re7kh_4
cg93YkFU8Yw
ckhKeimOAI8
cl7QHwTgfdo
cm2FJns1Qzc
cww3eJUqs7g
dElzI_-H8E4
dTfKl3fMLmU
ddqszJ7p448
dnMYBb4FTYI
dnxf3GWilI4
dsBW0pOCwJE
dyvkaUbBWh8
e7PMqBQb5rE
eESc3WUWcoY
eFWo4quDmMM
eOuTFdNNDpk
eS1bu93mBhY
eSBjs9ZRV4Q
eYk_bbBnv10
eZ8PvwQ8DHk
ef7DlTQgzJ0
ewQFSHlgNbc
fDM0nmn21RI
fMJc4UW-KB8
fQSGU3fy6Tg
fVDuGy30kQc
fbQG4zG4jwI
fd6QdLvmgDw
fjs74SBJrbo
fnnpKH6WQgI
fr9zS2KfvRA
fs0yn_5GVFE
ftjqvb1Ba6Y
fxmu89tbldY
gHNFICy-VMc
gMM0CDwCKjA
gR7ss7NlWCs
gWCdD7HiwPk
gd_1mVvF0CI
ghHcgh7zANQ
glJfzd4JmLw
gu4ZE1hlfEg
gzr9-tEv6MY
h-D0t8nr2jc
h0flo1JL75Y
h5aJRY9bU14
hMuz5i3ql5Y
hRMxzXREqsA
hUJ9D3_Ioh0
hbDWF3BLr14
hflddcfRn2c
hji1WsQHFiU
hkRgtc5OAa4
hq91--p_FKw
htl656O6Frw
hvJsZX1pLjU
hwQp-aoMllY
i2GztKHgwcs
iBhnNCklAR8
iFTRDtZcPZI
iPkmY6I5FEM
iaHWfUVdiME
icvINLmFmRc
iipTOkA_SDU
iwMXNakX07w
jJbJoQcQ3WE
jLXPjHllA1A
jRV1MT_6tUE
jS2dArZeLrA
jT6yOdrVSkk
jYjECg21HJE
jhh_2LOBwIc
jnjlNHektdw
kCmP7UkqBhI
kI8818-sjOY
kLnpaeO1GRg
kZTS-9ty2QY
k_YEBGiveYg
kaBuBMdkFcI
ksusKdaO_NM
kyrIGMrM9ik
l2Cx8aJjv0Q
l7SKLymvCsQ
lEaePD2C01Y
lb7VPLUqP_U
lgiU20iGbFs
ljyI2i6irkw
lul7wB4ibPQ
m-mqe6SO1HE
m3ugUYPAL2M
mDK_hQAKDAg
mDuJrJvYheo
maQBnZxCTMk
mbJVU2q8A4E
mgyL6OBh6uE
mrUbV23W-bA
mvGKpz8W3d8
mxNchuZuMq8
my1Kx_YjPws
n5Gn1PKPAyk
nKA5XCCnPlc
nNtmih-fPlE
nPIJvW32JI8
nRAizPWF1Ls
nTTNeCCXCUo
nZ6boq9FUc8
nZiPqwSV9AY
neQgthR2FEE
nhoegVmv1zo
nt4NOEY0eBg
nyeDyfkZeYY
oU1CVc1yGz0
oWTkEgvdxL8
odVXkVUviIk
ofErJyNTmGc
oso-_gFwN20
p74HOdPTBi8
pFMVQJhsRcM
pFUdvw0iN3M
pOrKT_iJXTA
pQaTt74bnn4
pU5-9jUCQRI
pUWPCEg8aus
pXLEQtjIU0c
p_DjM-CsAfM
pe7Bw4zd3yQ
pkPPpjj891g
pulBIURqDMY
q1fx-PjBWJk
q90pEFEO4GM
qBrSC9f443c
qHMUXWxxCWM
qJYSc_6PPx4
qVZ5Lp2sEwQ
qYbnBrQhtZI
qfaEgiOfhuE
qh9jb9a5drM
qiFr63lAlXw
qoXP9Ec8_L8
r634zncZOz0
r7mSROjGPY4
rCgvhsaVCGA
rI6SjC_mVuo
rLFBmIzFtoA
rQGI2Ej10D8
rUm1W6BpowU
rUp8HLRqMJY
rW4YCQfn0JE
rgh-qjDbrKo
rqp9UZY2g7Q
s-jI1EQ5r1c
sEMqvd4P5yU
sM6euOr2fmQ
sNtRya26py0
sRKGkRm1POQ
sXsN5CStZnU
scY8Hn5W0n8
shtws7afx0c
si5pJeVqQGg
sw-2434vMN4
sz_ToBCuY4U
tAz5upc36IM
tMGrHkoN5mg
tQQWp7RuXL0
tcbpmulqUrU
tdh1ch9BPXA
tfQ9Nc_QU1Y
tlVp7xYHc8w
tmxp_I7XmlA
tw_U6L4eKlE
txF-CaT4S4A
u431RdjnGAY
u9WSoTlqkQg
uIpQx0etJN8
uJsgF7Rsd18
uO41-Y5_8Ww
uU-6MTzimnQ
uU1c74azNxI
uWZjeFoNZQY
umhfdC-YdUc
vZqUyaNAvqU
vcACS7WPd0k
vylV_oOmv4Y
w1lcHnC6Dis
w8QsdYRNhx4
wFl9Eb3SYwQ
wFsFE8eFhYA
wHEm_gSqam4
wHPBVsBuoNs
wN61HAxRjiQ
wOEK9x8hDQw
wOnFjW_X5K4
wZrt0nIBRJE
waSebjgozFU
weOI-D3m8nk
wrWPLuCf5JQ
wsXMgn9q-ys
x-vYuDYm4Ao
x0vWL8v7Sbo
x6lmWpvfC5k
xHpVWNGikt4
xJJqka5RuGY
xXZF8g2FRno
xeSIgeHYSv0
yG5WiTq_iZs
yGJc8d5HHoU
yI0gtvNvTKw
yRhvV9cpCwI
yTnA4lqLCoQ
yWRr1hkUhdI
yc182b3X7ns
yqEB1kPRjAU
ywi69102KL8
z9yYhqR6be8
zDdp4qL4IbU
zEGFlJn_U9A
zHwT3ZXDal4
zIC1jYZKBBQ
zU2maBAR6Mw
zUZT3wXmFNg
zWbuJkfg5Xg
zie16cCZZKA
zvO5fuU1eZk
