-1Fwtq3jW54
-1YvC4tuSmQ
-2lDimAehCg
-5ArJ8P_MoI
-5DkQqKZNO0
-6koBrlyjX8
-CE6t24mPBc
-F2VLDC242w
-F88TLQH2qo
-I_2wlMI2YE
-IvKQIQ9Fyk
-MaFAryVMug
-SBezSiJGfM
-UoyFkpeRl0
-V0DaSRF-YQ
-X0qXIW43wg
-XHYavwZDYI
-Y7oaNM4u4k
-aCVA2DXMKM
-bpmVuxcy8k
-fahPJiM7Q8
-gDXKCkPe68
-hWzduNqlmA
-hlrKLjLY9c
-hq5LNDDHzo
-iSCS2ISrAU
-jOzVeTJKYc
-lNvbpmPyQs
-m3iqEwF6L8
-r8Uf3o88Zo
-sy8fg9-8wU
-vqZpazODWk
0-YF3cszc3c
0-f9YyH1vzM
00SCJStKfnc
00v7aZ4EE74
02HDL67Pe_8
04XfnzZArT0
04XqKG9t8ns
06FD4eG7980
0DkhIywNmys
0EEDMfjASiM
0FkcFbp8EA0
0HDJARvvo7w
0IEyZKl-eu0
0IugeZbp494
0JwtC7RJnGM
0MS0DL_n-tU
0OzYe8TFhJE
0SAtpW0urUU
0SkyFEy_gJo
0ZClaktRbPg
0ZZCz8PWzC8
0dc85uN9ujk
0e-8RqPbfIM
0h8zY4lm0-8
0hmaXdNz9uk
0nvqPHWFopw
0nwxzI9kQrM
0pzx9j0R-eY
0qZxSKOupEw
0qlwxu3Hcso
0tA7JlM0kqQ
0tIhR6wo6DE
0tQMgqe4SeE
0tYsfSIXivY
0vBrmhd5EFo
0yomesF9OTk
1--JWOOoJZc
10MQY33cYCg
15hRZQSXUmA
19NLa84n0eo
1BiAwFEujdw
1Cu1NbkgFvQ
1DgEOLjfvnE
1EAvrkFdqxE
1Gv11cGQB6I
1IDb6nKUWyw
1L-hgp9_vO4
1NUAcHRq0K4
1NpNfvfTT6E
1Psq53ymHQE
1PucQ15GWEs
1PyPJde4veU
1R5hptnTBNY
1RwwhJZCTzs
1U3084gx4t8
1VvNEfuHhoY
1_KWkrHJbV8
1cTnm6oSnOU
1fWv43tak5Q
1hzohTf--aw
1j3VXxHpwlY
1okSr-io9nQ
1r7KQ6JuiQA
1rHCwj59iMg
1sh5KGndNTc
1uriuzej9V8
1w0TPB5AulM
1z6bIWl-eBA
20PYkxoGTos
2333_Q5eBFw
24XdW3Q2fB4
24eBNfn-4Fc
29q9wPU7ySk
2AIhIKY70bs
2A_eRglvKvk
2CC3Ny_KT1M
2D1nl23DfmQ
2Eh3FtFpzZA
2IIsc_sTICo
2KctsMptvIY
2Kq1FkpnwCU
2Lb83sFnsqU
2RmHpbLwOFQ
2XjKhAVadcE
2XkKvtWUMOU
2YZHpJKIEok
2ZTNCLteKOk
2aglZj9LSY8
2aujntZyQAA
2e_d8MZ4rzk
2f8BlJxBHcM
2fedj2sICVQ
2g_8ZB_gD6I
2glfA-_He18
2i4X8XD7bZo
2kB9jIyJz1g
2kHUA-Zma1U
2kwp8VnCrsM
2uHuQmxVLf4
2w61elChIaA
2wFYMhD6tV0
2yz9QcyI6Yk
3-G_iEbuhxU
321bkwjoM9A
34E8yuktuog
36Oj2t6lZuo
37KJlIwDoZU
37nDQgfAzSA
37zJRTsIfgc
3DTsF72bmK4
3HcWL2TGYSs
3Kc0xuVMtEI
3QJbgMD9lZ8
3QMahXaXvqs
3UJMh0WuAb8
3UTpytHimL8
3UnQfTIeE5g
3W2igauGjU8
3_OLYTk_sPQ
3bULY24kG5g
3dr-ad9dGh4
3gr_CJI9frk
3kd1261HE3k
3ljTSrhNy5A
3lurzTgtVG8
3mjVelnbf28
3nEDAnNFcuM
3o5xCQH06Jo
3ocyILFPX0U
3onikZYyrgQ
3s8kIPmKkCg
3sYihkK3Jbo
3tO1gGLkIMQ
3uJnylLe1PE
3uqo4q0V3gc
3wEUzZyEcyc
3wK8eADpKKQ
3wRqurb5kjQ
3wc2YXDpiDM
41cdwlG6UHQ
42f1x9qBulU
44Cvc-c4bzA
46IWKgsTcrw
47MuTDHMD94
49an9H_dts8
49tuffvFZpo
4BJihh5SH6A
4CS7_wkxMoA
4C__P2qgsjM
4D-8DJUzamQ
4EToPHB4Jzw
4H8FGgKhhog
4Hh2eAK6Nnc
4ID1-BuW-3c
4M-uGSPr8dk
4OBgOmLopm0
4UzxYuELZcE
4_muX376QYU
4_sO-DgIOBY
4afRFjZzlrA
4bt_4CisRKw
4cRfL5R2l7o
4iRniiLPxG4
4jJ1W_1gvCk
4mKRM2QHtp0
4vhLwten9_E
4wHjEG7mZns
4wdJ3t6QNwg
53fZLhj6TBU
58DGBVuakLs
58QKYRQUe4g
58rokQlsRTU
5A1W_731UKQ
5AUbECaBKRk
5AnfDu7CqH0
5C_1NN4KMO4
5DkNBFshjB8
5E3PA9J5qcI
5FelM1X9eyQ
5FpXc6x1FP0
5GGYOFS6U3s
5HBeD2T7p9E
5IMIBvcFqq8
5INKoMJyOf0
5IeHOjtKi4Y
5KFVzYaM6Sk
5KUdaPeqyD4
5KwpWvaJf-U
5Njp3ggzIn8
5O5bm-O7t74
5O658zicB8M
5OvEtbH1WAc
5P1VksW5ETE
5RdHkbBNpE4
5Stgj_DF1e8
5VEKcDRkZEg
5bPSlUvkJj8
5daRD8Bh07s
5g8sj7pEZeY
5kDMJvKtGRQ
5nqVTWrbj9U
5ryOv8O6H0s
5xAVo29KOIQ
642DtkOwQCY
66NrpZo92D8
66Sg4Pq17cw
67A1Df94m4Q
68BWgpj9T5k
68SkOBc20HE
6DpEcmBhxMM
6F3y8_UUnvw
6KauxZ8IaeA
6M3Iya0mRQw
6MQbTAzqF0g
6MplFBIvaL0
6N68miPEe9U
6O5WNTW8Z1A
6OGGKGCIBHE
6P6g5mHvIHM
6RdS4uL2rvQ
6VA18TqnKGQ
6VkESVtFkF8
6WWH6Av9y2E
6XVAPvCmmrQ
6ZVC_i5zZYk
6_DTyowC1wM
6a2Fq9I1dak
6c3QdId1aaQ
6ckg1028Lik
6ddVpNikXUo
6ddtv00PKV8
6e1rwImZ754
6fqbKzG7ynA
6gTwQ5TZCjA
6gsogxwkBss
6hpbW2h8SdQ
6kILYWbKSKM
6lM20BMUD1M
6lUgMRsn0KQ
6nDDNYAFThc
6nLFIBoBVq8
6qsuSq1JBDA
6s6zsZhY9Ow
6uOZK7Yx1QA
718WHLZA6_c
71ooo7UppBM
76X7PhKT3I4
76emxTx5IQU
7828dsvkX5c
79nU653N7iM
7ATInFps8Eo
7BrSNadmLU0
7C1S1_htg24
7DUyc8XaNws
7HQr0e9bCDw
7IKoSxmehHI
7IY1PeficdE
7J6UnYhRZWk
7JbXVLREygo
7Jgh-ehN8iQ
7K8j55V3Lvw
7PGEa-w9pjo
7QJBh7PyFFo
7Rx4ND9qPfQ
7TnjIjsj3HQ
7WlO5bQfdA0
7YvoZjFXjjc
7aHdJXV_dIk
7b81BDY3FL4
7bOEu6P_NFY
7dFz4sJ5RPs
7duHx7E_vEA
7hb139T9fyQ
7jTCbr5t8iQ
7jsab8aiixA
7kGg5UazgkA
7kKMnBbV0tM
7k_SvLUIOsM
7kcDICWTk9k
7l4bhLXJebo
7n5jaJcDvRY
7nYz2Mi50bE
7ofWjTXiGcA
7ooxX2cwSOI
7q8wADEQ2HA
7r31jKsFrdA
7sIMhk_RL5Q
7tbV1gDQtbo
7wCjNN6U_ec
7yyX0rpqcTM
8-JPhG12vzk
80l_1l88YIU
82TwKtQtHmY
83g5udjMeAQ
84XNCOJP5CE
85JKknzehlE
863sFtszZ8Y
86wSndZwAVQ
87R4_lDxjSU
89NCntwMjws
89qMtcZaHDY
8AVb_5dyVgk
8GRSy1M2yBY
8GXeJXCP9T0
8IxDWpgGH3I
8PjSsF54k-w
8Q7pF2GiOkw
8T1dAd-kKng
8VI0EXsrdyM
8djfZWmzSQA
8djjPofl0bw
8hPZLAEPtrY
8hohvXCsqFo
8jZiMDVQjpA
8jj7NyrneWU
8mN9CNKxkpo
8qHjTaP2FEQ
8qP5i4p7uJI
8tzIc_hqz8Q
8w2lNpixqOc
8yIDqfIVRvg
8z765Lt-ip0
9-J-Rj9tMhA
930L1csCThE
94MsJSv42tM
95DR7ufeiYo
97F9-OViLNE
98TpY2FGvv0
9DLDOM3EiN8
9DViQxF2ENE
9EMTqmw66B0
9HO8xPVINuE
9IRPSr-Kods
9IiHMFLHphg
9JX1U2RL8zQ
9KS2-o4OPPo
9MdbURARYgI
9QgF-t5qwQI
9Qqtvl1Qo68
9RlmmS4cPwk
9Ww8GD8vhmQ
9ZYrP7CF4fU
9_9bfqv-jt0
9f7JIyOrgwY
9jOklUtuinE
9kIfMojqALo
9kciQGgMTTg
9n-PW3XhZ0E
9oMSFWQEcmU
9pL15T-6CtU
9qXgA0q8lt0
9tat-XkK6OM
9vQ1oZtrww8
9wncO5AYgw8
A0Mr9Wobn40
A1d2ceKuQmY
A5WqPnsWGcg
A6yzkYHrxqQ
A7fMFZhzlLE
A9cyaSRbKJU
ACoXABwqHg4
AEhz5yFNgRg
AFYpGwKrcIo
AIkY0pB5TVI
AIp8ElF8kjo
AM_Mo5rc5HM
AN61QVOQEbw
ANcGLMO3wv8
ANjv524Hh2Y
AQI8AiiDn20
AQQyIEV0iP8
AQflVi8cMvU
AS7WOMHAn0s
ATtFEqSGtn4
AUZQj5rl9rM
AZcx20azpp4
AbyKhl4N6G4
AcTzpqlWWpk
Agf1W5Sylgo
AidJ-1-LEIk
AjObaTnEKU8
Ajr0KukHKsE
AkoruRqE7bs
AmKJLCg_7cE
Ao897iGgieQ
AoGWfRc3wfk
AqehwY1MQvg
Ar2mqdUhVPA
Av_pn1Uw9jA
AyhTeiA5n0U
B3aZEVoig2M
B4FKFYDKw5U
B7BXWkT0jFM
B7cv7GJCG60
BBFK-t2Hx3o
BBL2YHv_Rd0
BDTXORW8oXw
BKSGe_KDN3A
BMA9ipAWsbU
BOddXs4uzxc
BPxa71S_f70
BRs1oRcmCAE
BSZb18EAYYQ
BSvDQfxuDyA
BVLfbY1MBKw
Bg1OrOsaJfE
BlgnzzONXpw
BloemgiMiCA
Bq-G6QMUC4M
Br4XyByO8rk
BtpFP8JTb0s
BtqoIaiHRI0
BuwtkDXwL-I
ByZQKKCqiOs
BymRk8DdZ1o
BziBc47uDjg
BzsOj2sqfL0
C35VpHXfSzI
C6yBwm1JRlQ
C8ub7Howuv8
CABGAxfsHUE
CEiGQczRyOY
CF4fOBjEB6k
CFXlEEGt7us
CFXt3oD4wT0
CFhfItXvHJQ
CFlSSd9obXE
CIFWGhdgO6w
CJC8eiOur4I
CPpck1OjHvM
CQAwnN81tq4
CSJZFHaolH4
CSvElfxDnsQ
CTqcz9iBiVA
CVX6_CTPTr8
CVgE-F1TTJ0
CY64A0UW4EY
CZ02-y73MxE
CZMcZ4I5G5k
C_eszsAF3Fw
Cl9ZwF--nPo
Cm161gQp53A
CpP7X6d6uGo
CrHW9fyUs34
CsSGC_OpFvA
CspPyyVAqhE
CtaQ7OljVwI
CxON6zc4R0o
CxdeN1Cu3JA
CysuT9mHZ34
D-N42LHdaSU
D1WND0LDc5g
D2qs0vYlHdM
D3q1HLGdjVE
D4MEtDvKPGU
D7FKNNKK2aw
DAUNtFs3hMI
DDoDwK9bW08
DE6w7WDPkF4
DF_PqpV3uE4
DJbWwfqMSpU
DL0auwO0bWE
DLOeTHSyVog
DM2lK_ZjnNs
DMQVMRrIQng
DNV4kN0-dbk
DR_P3J8tx0Q
DUKKfVyf1gg
DV-q2NC0Dlo
DV4BDOecG5o
DcNPsLe9Shs
DdI8ut16F-c
DeUwex_mvoo
Djtf75xF5SA
DkWxkvSzcuw
DmStBM5LT5A
DoDldTHHPLE
DqjzaVyMPIM
DrITjJGoWZY
DusJt_WJkno
DutaWo1LqA8
Dx3h58TqCJ0
DxITb545aS0
DxuykdrDIVg
DylJgANDOhk
E0j7zyDe8Ts
E7wLoYp40cI
E9T1v4HYlDs
E9c7nNQRkXc
EDnzJTs7BWc
EEO3D-aiVB4
EFCeXH2JTuM
EGMJG7SARCc
EIrt842VwMY
EJneyjfy7U4
ELYqjWuLqp8
EPOeKnI31ys
EQSrZITJ1SU
ESQ3zuf5hDQ
ESSnmuLIKGg
EUbs2glo3yU
EVjJyV0Anms
EXaQKxfyBks
EXdI3uZtYCQ
E_1ir6opAYY
EdKo9IzWwFM
EgmdrONopKg
Eh3bIOPxAwo
Ek2gcbdP7Is
EmS1UdI46zk
EpZ29eJRkHg
EpxzXwSCunI
EqVnU6Xki2o
ErVT16M8GBk
Es-D4MuaTVA
EtbYh9Erf40
EtpMXyDJyX0
Ev-8RsKFPHs
EwxUiEFx-8c
ExXt_Kva5eo
ExrIg9-61Bw
F-QKA9cFD3I
F-zfC-coWWQ
F1qZLzQHet8
F2KQm6IaXXw
F92Scdk8vag
F99YQaRfSZE
FAQTGRbgSS8
FAaMeUQXm3o
FAjAHBhXrPk
FC8s8wXZtcA
FC9Aa2Bimxo
FCNfGlQMP2Y
FCweX1QQ7x4
FE7DJwNJibc
FGIk7aTa-yg
FJBzjALaL-M
FKfiIoaqU60
FOTwrdcY1PU
FQoK_pCvB1A
FUkjiAOafxo
FWMNDgOPTBY
FXM_70CYZug
FYKsUvO7Dlw
FYuZd2dxGUo
FZZ7CIcradE
FZmpgi3ynXw
FZqq1yp6P0E
FataIfEyPGE
Fg96Poy0bHg
FkihOPMSeFU
FoaBirApUQM
FqK3MG4iQ0k
FravnY6GwTg
Fs7-rQ9dZDw
FszBbfxDn4o
Fxc5aDIipmo
FxsnC1YSa8A
FyQDoIhEI4s
FyUWkcb7BM4
G0RTtVR1ptE
G2tGNXXX6Yw
G4711DwQN5M
G5eCEDMMApc
G5uwuhWQU4Y
GADH1B64tq8
GADXMTETmQQ
GB47ICC0xrU
GBO6KbL7j-Q
GCtalKyLZJg
GDkizNlweSc
GE7iLxK7bVQ
GF9jkPuykAs
GGW54iEhNy8
GIdUUF9WgqY
GIp7KP3G-_4
GLAkF_T9Xgc
GNqA4qnZp5U
GPWs20ZOI3I
GQ1L5h7hHsM
GR9x4VZnB2U
GRCm6D1YJno
GRYmzUCvPCc
GSGH0u7ScwM
GSHhbGL-BlY
GUMHSDzLBy4
GUSGNAX6eBM
GXH1N-HCEV8
GZwq9mZI6-k
GcRSHsGy5sw
Gg-bag9E4Ac
GilzbcZOcHU
GkJeDO3qI-Y
GkXBVSFjA6E
GlePyeoHuOA
GmkDvWvnjc4
Go08r1S-pDE
GqD0rhajhr0
GrCkRDfcLYI
GtTv2TSXct0
GvjwNdBH9HY
GxmGyJrvDi4
Gys5cKJGr74
Gzkf_nSmwoQ
H-B_rQr2XeY
H-iJvZHFwO8
H2f83iQkJ-U
H3-ZwpqSdQ0
H5g1hGER9M0
H7Ybu0YfBBA
H9PyUhYwh5Q
HEuQJXoB_ww
HGKWdJ34C44
HK5Yl-c5Kfw
HQmo7YIMbFw
HVqaezji7Lk
HWrxEcZOUmY
HXrQKf-3ffA
HZXmdTGJK0c
HaWLz58GeEw
HaZggUPXQ7k
HdxqA0ltmw0
HjKo37Moc4I
Hk8xIs0ADMg
HnfUQPppUvM
HqAwVN2WyUU
HweBxlK9TDk
HzjmtV4C8qg
HzzAABkowQM
I6I2QfXpigk
I701kdmy3Hs
I8_EcfooK1k
I8b9qr-KzI8
I9r_3G8PN8w
IC5YqKub-v4
IEm0FTc3ppk
IEsw1hGp0vg
IFh6PvOgVjA
IJY0im49ueA
IKOv68AOmV4
INHKjO1rJao
IO8RCGMlmys
ISdwhkDd-UM
IT2kuSo4kVU
IXPHoyzTjSk
IXaCb644YlQ
IZV5ykzaGe8
IaigYVVjOts
IbaCWRQRhA0
Ichrr6aWaBo
IhcfVnlnF6M
Ijb8XwuUCOE
Ikn72oU3H6I
IoaxG9nW-X8
Ip2ataWOoxU
IrtNe65gMT0
Is6O-tVzyXQ
ItPWUem8O7A
Ix1dSydbb3c
Ixnqzbe45zU
Iy61Ykg9hOw
J0ZrC08S51A
J1xOsCDSqRo
J1zuRSlckD8
J3nKFVsdhHE
J66pifSoWLc
J9GK1hdwm5k
JCERyLTMVT0
JCgggWZsfcU
JDTIP_7XvFs
JDt66E6AeM8
JEW9QrY1vf4
JFUzyByWrCg
JFwpS9qVtGs
JIRYd0E1nCI
JLtMD2p3dXM
JNC-vwnHQ54
JNnEJLcIYDM
JQcliCwkfgY
JTmv7SJwfG0
JVzZK2mLGi4
JWCjkFqXgSU
JZ97zd0vOOI
Ja7MKUiuZII
Jbz1HOvrP7s
JgYDOTGSQOw
JhF14KmuJhs
JiYy4xYtdfE
JmspeRa6bi8
JqOR88d3RPA
JqjoEkOg-Bo
JrWfrVO5u7A
Jwv2dLQUMFM
Jx2Y2_bPkws
JxiXE3BKu10
Jxy-VQ1KmPw
K-44oY9l_KM
K-emxzJSxkA
K2C15yrpW4k
K3-_FSblQJw
K4g_71yLKX4
K79OY-CUqBk
K8PC6IfqbWc
KBNiskfjY_Y
KDKQkx1NiiU
KE3pw1jKhG0
KI5OTc3xG-0
KJ97Kq1RZgU
KJRRo0sNZms
KOnlXNlpgQw
KPojbs0xUis
KQE9a8PTZtQ
KUYb-V4GYZc
KVnpk2UQLQs
KY63Cf5DDFo
KZ4SxXx9bkc
Kbp2KmPfqN4
KdqndvO9hnc
Kfu8IFFtbXk
Ki-nBVpXTmM
KpMFI76CSiA
KqNqYoDc5to
KqgU7YvfKtc
KrX5dff0RJ8
Ksm-mTvCTWw
Kt62ssnkfsQ
KvnvOWTEmME
KwcaBpf-plc
KxeorYf9-W0
KyvctLHhB_E
Kz1NiKz-FiY
KzYGjni_x-w
L0DoXHtroDw
L0KQKGAA3Zs
L17KcfoMLW8
L4S56goJmbo
L8r7E6DDofU
LFMBVO1Pipo
LFTn1-huNmE
LJB5VASaPvM
LJyDsqDFtrE
LKHVO2ZNRzI
LL0CZAAS_xE
LLUk76UfWhI
LOwCN5h4hKY
LR2I0dvfkYQ
LRfOYSiVgAY
LVOAOWcAwQM
LXhoIgGfHeA
L_I9eGnYgvo
LdFXOvVab2o
LfSKMCEufCY
LhiJOAOvM6o
Li3mKmFIszA
LkSHVwYeqi0
LmzIwcrJJtw
Ln2h3gzI-tU
Lnl8ZXC3QMM
Lnv57zRRQaw
LpksMjvEsPg
LprcotuXvmw
Lpt-hBtrgaQ
LtvmIY25p6A
LuZbZD0vHCM
LuuidNItdLc
LwpoyagJ_3Q
LxHEvJHMUVs
LzQfAWI1zQE
M0Eu_FqcJrQ
M0dW9AmjfXo
M0q7CGZvqrY
M2-csFbqLDI
M3qcVIRdtYI
M56AVvXS5iE
M7cggaNFk00
M9BQmGWvhl0
MBBXD-O9nGU
MBECSl16SRU
MCWGayBZNGY
MIsbyv5T7-Q
MJbq6gMqgaI
MME1bmg09OU
MN_Jnrmwys4
MP5SF1aYKdo
MSJUyG7gbBc
MVAh2HunpHc
MYxaT3AT-cI
MZfYr_W30MU
M_3bTcKgVUo
MarHeBQdnyI
MasrXmEn1Zo
McD4DIXNlPI
Mcgalo5yo7o
MhQmarbCH5o
MmOfUKwxwys
MmpK5uS1xpE
Mukl1pWxRmU
MutuEJh0snE
MvQ3m1fy9og
N5hr2Uek1o0
N8BdBI63CWA
N8Cmeav-YX0
N8x-Btmmdts
NAjsSJfDuLo
NB61uqPQJYQ
NCPLCuF7aMk
NCmCApfTqA8
NDCbBLF1XH8
NECqzUjAqZg
NEjLnhHayRM
NG8KI6SLW54
NGmVN5Vb6nk
NHGF3Cie18o
NHM_VGcFtBE
NK2excNryYc
NKzjBZkoXJg
NLN9LaDFd2Q
NLRe-9BQpLE
NMGBQcEzHuA
NNW5v-fL2BM
NOEbBV0Qaic
NOjorpzsQWI
NUy15o9e-kY
NX-ZWORdU1E
NYejQ6I1btE
NcrFp3OQI4s
NdCIa_VXHyE
NeJJbDJQIq0
Nev8Z5aWVHM
NfKherztGfE
Nf_zfy-NmnU
Ngmj2bNwWcU
NhgYvkbySAE
NjvSl7exTWg
Nk7IfYlgqGs
NrB28374Ggo
Nsg4qDte5_E
NtWoITs-7aY
Nwlm7DxIstw
NyXRc6TNBBA
Nyey_wtjxSk
O1PkjNjTGCc
O2R-ihxoX1g
O4XjtN3PwiU
O7-XDrjWkS4
O7BhyqxlWSo
O80dP_UTzt8
OBsrP1P68Vo
OBvIvlYh07Q
OEmHelZG0bs
OLFd7YXnURM
ONDs4ddoOxg
ONGGLiU03aY
OONeVVZkfdE
OSFaZenZiPg
OUiyu-mW5a8
OVu9Mg03ggA
OXkEd1-nps0
OYyMZGIMEm8
O_2wsw7dS1U
Od38r6ZqfEQ
OdjPHj16b-g
Oglks9am3uM
OgpBtDgbBvs
Ok1rlzt8I9k
OkSoCBeYUPw
OodNAJCOaos
OpaGUnxvxcg
Oplcx8w0ua4
OtX31hraY5s
OvPlQSgiInQ
P-hSvq3GoaE
P4aQNfHTKBs
P71SeirnwBI
P8HqIAJk4uw
P8YAmU-qmWo
PCDSFvSs7Zw
PEO2v_6it84
PGHVUvioenI
PGvbb9HRFno
PIdhyqjWLYc
PIgIgJrZkiA
PJY98RKW-tA
PMCDmQH5XlM
PNiHopn0DBw
PPAaWaiEu_g
PRmjkrIbmxo
PUTSl8_3nWs
PUwcKauSqzg
PVOOMB-wvAM
PWSkOGunOO4
PZArFapucM0
P_8XYB7V4tQ
PaPZDWOjw14
PfEAIJmbM8w
PfRKsxxE-kc
PfXCu0dXtbI
PfYzAoF3lx4
PiFu1kRHX0c
Pil30AZ0bEE
PlAvP1OtU14
Plg9jMo_Q1E
Pm-ThTebKZw
PubUI1J0z8s
Pw9mbmIfkow
PyeiQ-DUGPk
Q-fQiScqnAg
Q05c6jNDMTo
Q2mqnB1weRY
Q5cvVZQ24tg
QBSdFgUbUuo
QCgcGL_jDNI
QCvi4yGvN1s
QFGVCVsAvYg
QFK9zh2yHO4
QHYqxryn-Uc
QIFp53CiSqw
QJEwOUu-NH0
QJsqPJysgzk
QOBpzVksZmI
QOfLu_ahA8s
QPoMOTh50I8
QT3aQ5vN_Zg
QUYZwZ6Whl0
QU_CK-9XQhg
QV_O7Hp-MHk
QYepmFsi5jE
QahX0Zj-1n0
QbLo2BWAGhw
QhGeafEV4d8
QhQkxM5deH4
QhaWaSk-Ktw
QiORIGkb9YI
QikKap3pL1Q
QjVdEq6moQM
QkihR33dA3k
QliRRx8OUiw
Qs8JC7D_pik
Qw1hXqESm_E
QzEp7wCZMNM
R21BLUdFADM
R3X6zpgym-E
R3u_jeFs4CI
R4-LV77dL80
R4ASdQEFRQI
R4ljDE5561g
R5ImSTorMDE
RAVqzRW_3LE
RBoNZxnvMbo
RCZGHRqKcFo
RG1ZA8YVnCw
RLc7aM4AaWc
RMQEyA12BMY
RMUYqIgkIgM
RQHFwe7TC-k
RR0tQbXcgCs
RRDbI66Rb_s
RUKq4-aVKFo
RW33gSuFEWE
RWguQ9QD-00
RZk39K5T-5M
RZpqoTHFH70
R_GPZbE96M4
R_KTkj0q4gw
RcY3NebITH0
RdcZ6m9R6go
RehcBlHw3O0
Rg-Y1LSsJNk
RhQ_-B26CE0
RiURAJgO6Js
RjYigSfeNjA
Rkdb752aU-8
Rlz1IaecGTw
RmGPPInWZVE
Ro07c0OLgew
RsA_-qfW7Cg
Rsw-iPrW7Kg
RtQ_7YecSq8
RtwU9YvJiIw
Ruu4XYBp2aY
RvUggVnjEh0
Rxf7sBZFcnA
RzyonlYQTdc
S2ogRTKM0yE
S6OSyTWkovM
S8cGroBii80
SE4HRBX9kOA
SFs-AzzHtt8
SI9Pjubl6Rg
SL03qt9XGVc
SOjPGXmgwDs
SPj9560hVt0
SSlc9qIdF-0
SYBYbHtRs8k
SYThZoDye38
SZiRip7z-ms
SZsx-UA__DI
S_YjZSNSQ7c
SaH8X8qtuYw
SbaOCo5B1vA
ScYRfns8oM0
Sdj-zpcaqeE
SeKTpY3FvA0
SejjZ85Is6U
SguO-edJGAM
SjJrcVnHWpQ
SkLSvyzZ5uM
SnL8pkorNj4
Snk6mGGKH4M
SpL6TJgPYPI
SqQyRSco2MQ
Sqhm1EU2Bcw
Sr5oDO87eYk
SrA2Xm1ExfE
SrKBqQg1FkE
SswqRaqf4rc
St0R04Ufbpc
SuO2TssFusY
Sx-bANmIdxY
Sz_Zuj3moJk
T-LePlqxB-s
T1BiAMgItH8
T2EIGHDxEA0
T6T4TAbT1Bc
T6gOCH_1BDc
T845GEeRQTI
T8k__wnvogI
TADWl5_1GGU
TBUO1zoz1UU
THayY9rNMHA
TIB41klwRHM
TIvETd8EI4w
TM2TclUVBiQ
TOGkctlZNko
TOjb1gZC8dA
TP9jzZUMYTU
TQ1tLYpq9CY
TQhXypf8Yfs
TRH3RK3ekEQ
TWV_8uP_NJE
TY28CS8mg8o
TZ-lAjInPB0
TcZmKbJhukg
TdNRYs4VMbs
TgzQxabTZhw
TnFNc2uIjJc
Tqm7-zN5s8k
Tqm8s9rH74w
Ts7dTQhg0RY
TsK8DBJ6bI8
Tv8Skh7nc5Y
Txk8GSB2_V0
Tz_WxH4YfbQ
U-w_yWD5DHY
U2iwZ6nRsDk
U4vUdePdicQ
U5hIuqoxB4M
UBG5ENubuz4
UEV1JQSOVXs
UEkvwtzLLtw
UGxGgwPokn4
UHeWl77jVTE
UJ3F6gfdyhU
UKtIYSw5VRM
UKzMXETUHW0
UO0i3L7u58E
UOw5teKKK5g
UUOzY1eP84I
UUVgBseLPaw
UY6H_er4VpY
UYgPbU-IT3M
UaG5E8y60jM
UbPkfUgCt1M
Ug1R1-8Th0w
UgxZUZNFi0U
UhXrWg3aChE
UjCx3C5L-zA
UmxtwxSRT-U
UnSBwOCHjHA
UqKiAMLbEdM
UtluWxUoBPk
UuLdkdXOn7M
UwI7PSveeeg
Uws8TzTwPes
UxgxHNqRenY
UxxbPu3kKKs
UyUfx0HvHBs
UzZgt_pC440
V1-kBsyZ5yE
V1LQb4yfFCs
V5XxsalLilk
V7Vs6knf6JQ
V8zRY3nUgdg
VASB9kXrPN4
VBeADfikAb8
VCIUizr_Ho0
VDIql37tdQA
VEDrTmwlYD0
VEaEXbbYVXc
VFcSvRgi2i0
VH1YAPcydGo
VHGsCgwKbYg
VQm7P_byBWE
VQyf6AKdnJA
VS5gX2HkdaU
VS7lHaSCkPA
VTKQpy86IH4
VTyNL1qXgRY
VUKu_zODapQ
VViVIHL6JS0
VVlkavFb-aU
VX1Dst3GnSs
VXBRonwTbqM
VXLufQWlRB0
VXrquPy3xlk
VXuOP49n_3w
VZS957JdEck
V_4NbyaDjk0
VcNDG74QjH0
VcWg_6geo4U
Vcq17aGVBa4
Vct9CyAp4LE
Vg5Tcx3TJF8
VjZ5H9ySFuE
VmOTs36HFPw
VmRDHdUv-VU
VmZwwIzgQnU
VnUGHtvVeKE
VpBfrM8qK7s
VpM8vaWJMKI
VuiebyHTFYM
VwSJkNbAc_4
VwU7CS1bXEo
VxyRBiJTa_k
Vy8GjAvqcY4
W15rL4xnC1o
W4eEyUraOHY
W5uXMxx6d6I
W73I6S7gAbk
W85zIKpCr8M
W8esSx33WqQ
WBBHNgAX2g0
WBIL0rgeTnY
WBwkT6CxATs
WCWBOGcgcww
WDPi17NBU-8
WF7IGMh6HyA
WJEKPlv0ZuI
WJXHFNw3fSw
WJwKaP4mPK4
WLppDx_ncIs
WMaAFW6eVUY
WOlcllAVNNg
WQe3OEK7Wgw
WSjxktsyb6I
WTU4Yejdl-I
WWycD6X8q8s
WXWT6ey6cE0
WY7Du8cjTwI
W_CoBCTmbD0
WeKvUy5R_m4
WfEC2IXs2Uw
WfdoBekt2Aw
Whd7oQQNPm8
WiDpyxZiwe8
WjoXDB3N_CI
WlzPHPiQzlA
Wns-w7UIHu4
Wo3xRL3bBFE
Wp2V8MoYpHY
WrB9pVjFQio
WsYx838mjos
Wse4oKggpA8
WsvZRQIZXOg
Wu8QVh-CUaY
Wv8iEPt4QFc
Wvn97q8M12E
WxCa5xwdGGw
WxqyC3wqzG4
X09h2dK62xg
X0c4mrrJ2YY
X1icuoH44AU
XASIZLg1Qkk
XC-lwLakPic
XGJ3E2SO_sw
XImLUmatms4
XKGYmUtMrXw
XO-3zmorEtw
XPJ-2SrAzo8
XPrE3TcCYjo
XRtn-brmErw
XUVrPrG-rDU
XV-JBGdYK78
XaDgWZS_C1o
Xb-cnZ14OBM
Xbv1sOj3APw
Xc6FeN2BtTA
Xho_0lQWSTE
XkNNOG1sx1o
XkSsf-j672s
XkgmOsBhjdw
XmZ1JuhzNfg
XqPceNG97qY
Xst4lA6_vJo
Xtw4TNHkhCM
XvC209C2HWw
XvJdPbA9Z2w
XvSwJ20ta5M
XvbZ0j_-aMI
XxFFAx3H9NU
XzZATsJSW7M
Y4po4yItBtA
Y57NsQ0mXG4
Y7O2vnTQq4U
Y8QNrpuZ-T0
YEVUKH2LwRA
YGY5Z58PRMs
YGeEzXSWQGM
YL9zBLoumG4
YLL35z6bn2s
YLcI0jSI0Bg
YQkd11u-8cY
YSGOK6aSaiY
YVYx9UBbv90
YZBB0fwM-W8
Y_lX5ngnySg
YaLSHX0oCQ4
YcQCGHo39Yc
YcbSCclNx3w
Yed2yX8uKS8
YedFrpkxqjI
Yfb9yn1U3co
Yfiu1vSNf_A
YoH_Tefu948
YpBh_hyCVNM
Yr-dO1Oc234
Yr9uXtpr5V4
YrBF6v0oQt0
YvLcwAUfZl4
YxrcfRrNwnw
YykcrQrxKY8
YzCMatpnf6M
Yzf1ESZYjxg
Z-0JAICz8EE
Z0FjVXOTc1Y
Z18G7yy8K9I
Z1lhbrkKVq8
Z2_OJWthxbA
Z2ts4ggatxU
Z4Cpq8WsDeI
Z7xdc8u7KwU
ZC4GqEkMPUg
ZC9xovEd52w
ZCTtsBmu0J0
ZFL3LYOrRb0
ZFjp_E4XwCQ
ZG6xAmTK-kk
ZGFaLDSmzZo
ZGxWx4Nhz_c
ZIZHeussoNk
ZIxYRevHUt8
ZKSVztdYwAY
ZKvkDS3sQJo
ZMJsy2JOWsI
ZW0lAvcMvgM
ZWOZ9R2XbSg
ZWjTUKoQq9A
ZZmDdJvIIlw
ZZw_NlvKaC0
ZbMGfwyuS7E
ZcwNYQUHHn4
ZfEiUB7raf4
Zhckop7kyX8
ZhcwLYSsuTk
ZhgSd-ZMniQ
ZkbCg4R750E
ZogkPWc458k
Zq35R-s3Uds
ZqBVXr0s23g
Zqu6XE-iKlw
ZrUGVC-Ppoc
ZtwDRi5toyQ
Zv-_zFnewPc
ZwMVWYlri18
Zxt8P1mwcYs
ZyHGnlRMh1k
ZzNuwjErYlE
_5EtmS2a5CY
_9aXgyRSvG8
_CHlxAAiwRE
_DFiB4do7_c
_E-6Dhg3XCE
_FUgRu3_TJM
_FrMtWSivwI
_LJ46FY5nZc
_MFKwdL5dRw
_PC9D2iHRZQ
_QTbMSvJBgA
_Rfdg1_wVPs
_SD2SwyBl3I
_SI49TvLbzg
_Sj-U1GvU9c
_U4Ypzj2Mdw
_VXum8lM0X0
_W14Nmek9Yw
_W3LOixummM
_h61kM5ZAJk
_j0YS2TM8QI
_kEaV6VLVso
_lDEdpV8VIA
_mYKyx6euQQ
_p1zL80WK0k
_pd6yO-jBRo
_smU8pQUz7w
_v7moUOAfqI
_vZUZR4ILqM
_w1LVq1UMOQ
_w6Jg_g-R8M
_wSjX_yLOBE
_yuQBXh1jfg
a-M3kW8_ScU
a3nKy-SmC-Y
a5_G7WZq8Po
a5yI8VB2--A
a7rWiotE5Zw
a9LkqIe_Gm8
aCaEu_t2gmg
aCtkvyPp0fc
aKAp3q6Bv8w
aLB1h-qIS8c
aLubLPhiI6Q
aPvBrHasoB4
aQ8ECIkeGVA
aQDccOMdLoo
aR9AWRM7DTI
aSAISPypE1o
aS_z6Mp3Pec
aV5YaMnJvOY
aWIwqrHArzs
aZIKpjOeqAI
aZOVA4CheqU
a_frIHQVNy8
aaCCgecCb68
abIJ1VjYTSI
ah8oBltD740
ahAUxLdEIhs
ajfF0-8VwD0
amPjpcjVGbk
anfPXUrmqPY
aoZMQv3xJq0
aq7t8AhjmsE
aqdGsFzykLM
at2odhSNjiA
auYFcH3eOPA
av99SbpsNto
awKid8KaVxE
axEEs4N9EZ4
ayP8y9Rodxg
ayQlz5EhFts
azq8ud8oiLY
azsap4g393I
b0GOmdvcWa8
b2w0JLAf5rY
b7mJxurFql8
bBvwIahRkOw
bCyTIVhuhLM
bEXVmwxcLDY
bF-XZWgpDx0
bGxjdp-ru08
bJZgomnZTsU
bKSFOXmJhm8
bOY5swA3nYU
bSGuZ1jJuu8
bT8LmVC1xJo
bZURNYonZiA
bcqdDSysAt0
bd8jDqRrrmY
bj4pBELyDwo
bp6tX03I_Fg
bpBtnNr0HcU
bqCS8nMk6cU
btjCMFNRFk8
bwJ9qyPdqFM
bxM1mwZCRK4
bxWBSfLI3ro
c-ga-YqqxZQ
c0SEqVH7pkU
c318gjszqV4
c3lyiQwRB-s
c6fFKveBFL8
c7HSYdKoXQs
cALFSAs8s3c
cEfPtStiaP0
cGvsONUqLgg
cJOSvvdy27I
cKSPZ-iR5GE
cKvGoi-RmSA
cLYqt5Ff_Co
cLj4Vqomop8
cOMOjnWaqSk
cTkxxGlR93A
cUiGf8ShiCA
cXqW1E3hKVI
cZpH0re__gM
c_IlhM2tjkg
ca9157HaZCc
cdxxMYwxnM8
cfkSrENSXqU
cg602odzyVU
ciUpDwlBT7I
cjOdab7M9xY
ckmAKPdcgJg
cmEjZQcPq6Y
cnFyS4VZFts
coQPznLYvfc
cp9FM_1lHDs
cqKMyPeB5yQ
crWZ-eIOaBE
ctBIBwZMamc
ctyuU_VrvLM
cxzZZ82lnOg
czA8UWPXUD8
cza8o3VKeZI
czqUGo_UP2A
d0neu4UnelE
d2a3DdB9OM0
d8b1m4-_8qQ
d9Z3I_m6row
dE2q45tMbXg
dFPQdiHjLU0
dL7plMOJKXk
dPIOn3yINYo
dPLfRZkJdbE
dQuhzleYY-g
dS9717xjQGk
dUdSzFxFad8
dZvXr82UZgg
dbUcowJIo-8
dd5UbxIowII
de7lmghzx1c
dixJ8GLFKJU
djTAp7uOCL8
dnL54gMlV74
doVdwrDMZb0
dpLuyin0HO8
dq2h10mLDjg
dr_KsWizEuA
dsGhf1irmKI
dt8RjC8SQm0
duthqLhyyew
dxNs3rLev1c
dzEwjwMZjOs
e3Wa5T4dBYI
e3oAg9kMlsE
e5cozkEq4AI
eIe2gCOh5Yw
eJJ3_Rx4600
eRVAOdWE_8E
eVAmU4bOQVI
eVd-BwSh9jU
eYdrKy4kZ4c
ebK3s31GSCo
ef2ezO5LP1Y
eiBuYdTmVGY
eieqgdWpwUM
ejS2gDR-2nw
elsoxQRbvgw
ep-eaIXJExE
erZgjJt4OF0
es4xqJ0SbjU
es7YKEzsDbk
esb6o-Kf0vo
eu-0Zxa3bAY
evZMEyc7scY
evlBGxg-WKk
ewroxj_tLCw
f0RfZ7L45wA
f15j0727kkY
f2L57d5u_xs
f3CrkTsfSDY
f5EzvKni8TQ
f7C-MJf4YQw
f83lFeNmZVw
fFQvgVdIZXQ
fFTJ38R-pII
fG3muPTTP4k
fHVyTGpFX2c
fNsFv4VIT30
fOkQ8oI1kN0
fOvg0sQHaxY
fRDtGeRJzss
fRi1CgDrMCU
fSM8Zqpe_Lc
fSNP1YmWrYU
fSOs-AAUa2A
fTDSv9lLJDU
fVIkjEHaBbM
fVR6Kz_tiV4
f_rgBGcXtk0
f_x7YmOv6uk
fbEi0pCdSrw
fc17eIfn-RY
fcIQqJ7Adu4
fcPNaUpCsnA
fdAjU-HmDXM
fhn6oWpHveg
fkA5fHjPXHk
fl2Nrx71_2E
fpM7CyEuXuQ
fqNs05sghfY
frgwNeInS_k
fwHEq5NBctw
fxZ0i5kFsK0
fyKt0Slgod4
fz9fl6o-0w4
g-7QrHjBjqA
g2i8IJOpwho
g2os1usEKR0
g3XQe2j4pds
g7_OcADA-1M
g8NKExbquMY
gATnhZ1I7Tk
gBEGsWh0VDQ
gHALsxppyOY
gHTAEOejFUk
gHVQSSz_4dg
gL_kS5C-6zE
gLoebPUz5MY
gMVXHbThV2Y
gN4rtIrOQrw
gNBbQDD1B3Y
gROh27BM3os
gRpYImtIAuE
gYVKljFm3MU
gaedqxjorF0
gcQd_LS943I
gcsIJRg8P2g
ge8NCGK7KKY
geFQi46MMLk
get50HnnUyI
gizRCOkC2os
gjKePvBO0io
gsSXS6g8OMk
gsr0ZEhYrco
guFXQbcWgUQ
guKyCQN8NZU
gwFf4eNWNP0
gwXWq3A4OsY
gwaJTGrPmDI
gzibJfvEmaU
h-CzzgMIZs0
h0ivwzDEwbM
h2S0qApMong
h4l_1qKGLPM
h5_aIws6Dos
h6k3O2h5sv0
h87t6ccbdCU
h8X3JlY2r4M
hBmSS8fDmek
hFm5ENnbPms
hHYuHk8coyE
hI0HpTeqlIk
hKD0FO2zdIY
hKTbX__RP9o
hOeSHI7DDhM
hR65tUnNT-Q
hVpQJFdusgg
h_iGhCeiCl0
hg3SAFqv5m8
hkAudQ75x80
ho84zmh-2uo
hoxEcD4PCco
hpaPDOJLlEA
hpnmbd549jk
hqtE2FOyW4c
htmWC4csg9A
hvlvagAC6lQ
hxzXJvd6E1A
hy-1DQmUisk
i1ZzRvy1s6Y
i1jwC9SPnuk
i1sUe0I4OP8
i2mFboz09G8
i4QS1RcVFHk
i4nr8tgQ7hY
i4ufZ1YRx64
i5EghNzXlck
i5_jQ0vDCoQ
i5fqQJfWNVk
i6ErIM03AG4
i6Z_slzqK3A
i7tQKSeBLyA
i9hl6kQM3LM
iAiwUvIkmq4
iBXL52OVVTU
iD03gy0HKYo
iEGwtFrEJSs
iH3vTdDuijI
iIVVLCmR5lk
iIX-IIPU1dI
iJM0KrPEYpk
iLqM94aivyA
iMX_C1EOb7Q
iPXtgOnL3h0
iPaDoPOIl4s
iUeQL3Zp8tk
iWntb7QERAo
iXDI8JLB4eU
iXy1JYI5-7g
iZsIK4gsDpI
ieZHNsaavW4
igRJTKNBX5k
ijy4WzcpTQI
ikTtBpIo6OE
ioXvn3dGhYw
iqKaYwbw114
iqU_78I-TmQ
isBtK1CoWAg
isHdBexP0z4
isqFv4DxnXo
ivzQhF4kIXo
iyHmSIVeJsw
j2OyFTm2ycg
j4tRYwP4Sug
j5tvBO-ZIIs
j6Yd-AGHHcU
j9blOHgPvm4
j9wMPvozYaM
jEXnrGeZKC8
jHAKWl9dJKw
jI9L-lI_hh4
jJHnezOy8yw
jMIOjd5jg2I
jNSuZ3OI3lA
jPiijnoZHVk
jPvpFoF5gJc
jQWh1D4ntsU
jTy0Eygt6-w
jV-9ew2eql4
jVLNB3d-2cA
jWnHHPdlX1s
jYIVcmrbTBk
jbhwRJGE2_A
jcJHBUJ08Qo
jf6JSy-s_9g
jfqpxlKirUc
jgEBk93Jzv8
jh0OhamEEjg
jiSy7kwnlPM
jigJV_eidsA
jlnpwZp5Odw
jmrWJ5p523Y
jq_D718J6EY
jqn3nIny51A
jyp6dD91l40
jzR9kwtqEDQ
k0Ol0tQImJs
k1LYUUHjrHE
k2uBPpx41_I
k4_ZuMxj4QQ
k5P6aPlSw3w
k5oikxuhbd0
k6R8Dr0ytZ0
k7Vf05hqsUM
k7ZkAvwvPXc
k9ih3dJHi_U
kBQmOrmN20k
kDv5k2y7wc0
kFb-rnintE0
kFsRD7wY3LQ
kMun5FW2D5Y
kN3jMOZSOKY
kQtrhOd6Gng
kT9WQ3T4fMA
kUMjoRFfAME
kW45Qwi9fjs
kZYcWTpH8aQ
kZj-IFWUlts
kc6mkIYp-sA
kcSfnwamsfg
kcWr2rmm9Sk
ke1ivYVVqfA
kevDxjqnK1I
kev_j5KykoQ
kfAMbY6yf54
kgQpZboLNtM
ki8dDQlrxUg
kjhU23uCW9M
kkyuZtIICu8
klBmGE5jWzc
kpR9VmYyd_w
krI7W-qHIrw
ksSQ_JYK0Qk
ksZnY5K5VWg
ku34let9i5A
kyJLu3Mv8Hk
l28GN3dUheQ
l3aeq2yY9yA
l9zuoRdFj4w
lBZsCOpynRY
lGa73_L4EX0
lGbcJOGNvR4
lGt4iOQU-oI
lHJQs4kfxqw
lJ6SEl7jIfo
lMWwjSreVg8
lPGZJsJG7QE
lQgkYIbbPGI
lT2DYPmv4ew
lVb4f2Veru4
lWagyOLljQs
lWsdW61VBnM
l_VzabGyKXA
laFK_IvGObg
lcJ1XaH7Aeg
lco8fhsIens
lf0u-lQWrvg
li2Dm5Mj2VY
liU-LjQxLEU
ljniZLz-0QM
ll6Ob4369vI
llCLlNPUom0
lmV4vGeoIXQ
lnXhYtGAX94
lvM40zXLlqA
lvNo1dXJpas
lxPJ6rJTvUc
lxTytvUrQ4c
ly1SBho91yA
lzHzV4sHtRs
m0SMWZt9kAE
m1YMoE2sOhI
m28BgapAicw
m368TBhQXps
m3EBb9N3tLE
m6I-Q1QoCvU
m6QzRIl78cI
m7_oWf02eRw
m8N5F1iUNSM
m8uW0U4rRC4
mABRULNFUgc
mGXUTHBRAug
mJKhms8ZSY0
mJe56dGyVbI
mK6e3FYplJM
mPNEtgmpTNI
mQ5Gv-X6Ih0
mQLrlwTp7UI
mQeHPc1xRak
mRqGLIsHMXk
mRvzXlfDy8A
mV8qksSoDRo
mVFJyVQqGsg
mXSq3lIgKYc
mXzRIWImiUU
mYLipl6ZGSg
m_hYIo52atw
mafMSIoH1kg
mdl18XrSjW0
mfv0wR2WY8E
mhmH-T4irk0
mjLaeZ1lv68
mjYA4QGhhUI
mmIAh689Gp4
mmtM_ptnnPE
mpiN_bRsVWE
mu3_aZLY8Qc
muLAYEoGQZY
mwKUAzB_TjM
mwhOazaiR8c
mwke7-e4gmo
myofpg8xOFQ
n0AlyFVnde4
n3PGctGxfK8
n4kVSYsU4YM
n6WYinQk_Yw
nAU-tTKTLFY
nEH-XnPpqxw
nF4AoSj2Iss
nFUkh7W8s6k
nGCugkmi7Vc
nIis3LP8D8M
nJFb9YYj9eE
nJZTuJbi1QI
nNk9NiARQ2Y
nZTi-K0tySg
nZgVchXskTY
nbQE7UDGRQ0
nbwMV7o7Was
ncnXXRx0DqE
niGkk7w386g
nsE_YHlBEyw
nt98yUTcQG0
nuCw8eMYKeE
nvzBSVZvM8c
nwp7JxP1ICA
nxmgNsjmVrY
o0Le6A6ooh8
o2YTUd62odo
o4BWXeOjehY
o5SZF69F2W4
o5dOJV-7IcU
o6HDPOzv6gM
o9hCOzbcGJI
o9kb5iXwuMI
oCd5TYDcwOo
oEM_BkqOZ9I
oHRM7fE4sRc
oIDvtkEiOJM
oJBJ4lgOvSw
oKlk_Z_JYg8
oMeXtjyk488
oQSaXWm0vSQ
oTgY0HxvjkU
oXOr69LqYjQ
oXzYdhZ29w8
oZBI6Ry57qg
oZg_9dtfe4w
ogKND-9yCDw
ogKsE67VYgk
okQJqDYqiYg
omdVVmPTN3Y
ommxLieqzJM
oqXXdG3rKMY
otcgNJ3lsPs
ouY3l7yQsWY
p-28iR1C7Rk
p069pjKCuIw
p2QE_u08S9c
p3AEuGtjruE
pCxcFZ0NvG4
pECx6SKxiFw
pEX0ap8OIjk
pGjSmToOfks
pJk0nHvAYAY
pKBmYcxA4NM
pLuyVOQ-rqE
pMgwAo7_jvg
pMq90m7Jo3s
pZivAVbEGX4
p_HktQXwv0E
pc-BGfDQmyQ
pd3OpBPYq8I
petB1DFa-tU
phHkSdS4v_A
pi1p-B06RqI
pkYvrpgVhgk
pl0p1RtitFE
plnbRGY88BA
pmDKK8taUlo
ppzRA-CS2YI
pqiiNnt4rS4
ps4Gas57IHI
pwWYqkW1vLk
pyiYu3NBlgA
pz0DNE92acQ
pzD_HUsEXPY
q00GcTUxpBA
q09FmOte-6Q
q4ykyu5yDOg
q6lVewteREY
q7Hq85CC4i8
q8KI34XOHeA
qA-V9l7WP9o
qCesfWQRUqk
qEpgiA233K8
qEyk4SlOks4
qFz2x6n7iFE
qHjm_6A6TJw
qHnkxKsGVhM
qIiNYxE1vsM
qJ61JtyD8pQ
qJe5xzv5HjA
qLAPlRjZz6M
qLOyFxv4lTo
qMZ-o2nTbX4
qPUnONGWqzU
qQke5vQ8j10
qY9TrkouqYY
qYp0zb-3nOg
qaQPPzHuGfE
qdW2wISnSRk
qeUBzRH8lhg
qhKj3SRHtVg
qk3ksm8h_4I
qoD0b8Aswig
qoEIWO_Winw
qrixOjjhjAw
qsvsT7nOKvQ
qv-M8QrkRno
qwZUrVyTPJ8
qwbKGIAkYQ8
qxT7_6dpigI
qyG8yDAfRkU
r0SJb8x5L84
r0X7PodqDSE
r2vR9rzM4oA
r36xddDfVyc
r7dv9V6Sx9w
r86p-T9_Xbs
r9n6NcX_d88
rAfnOBqv-TE
rH4c-J3kU88
rHyTn6ZbZm8
rJ5ghZgfYB8
rKBTaC28mVc
rLRBxeaXlLc
rLsNlsWG88Y
rMlm-jyBQwU
rNyZrei5iPQ
rOIXFzaPD6k
rSK7sL54Z9o
rTd294Y59BQ
rWZSYb566Mg
rWfB4-Wr4Oo
rXYhTblAUJI
rbl-rFjp_3M
rcPRP-8mHi0
rf9s1cWE8OU
rgB4apjy__c
rgs6jMc3PQQ
rhbypEQj-hM
ri6-Bg65fVI
rlCuaCeSpmo
ruXAB0ktS3Y
rvq6ULRKGCQ
rzpRXCgFEV4
s2oxelY7Gqc
s7nxU3QadIA
sA0cJ90T9Po
sC1J9ZWBWDM
sCiBMkepeko
sCmQ_9EHcDw
sEb2Gb8NIfU
sFL0fMSoVwU
sLJ_85ky4e0
sLdMp96YTKo
sM0T7AvnBTo
sM3bJqSoGWQ
sM864FvY3GY
sMp3FQ0kL1I
sOUy5TBWcYI
sR31i6wjBRk
sSr6hQ4fxOw
sUTOT1HTlNw
sVZivTZ6bn4
sY0mIVfF_K8
sYLyD955DGA
sZ6sD2PjQIs
s_rLdABEgRw
sag8EIgWh-w
sdHoK4dw3j0
seIc5p38Gxo
seoEco4JuIA
sfjp7DeDdkE
si8mddc8VVs
skAgmKRYlRA
sl8IzIdvoDU
snTHwt761KM
sopQZOJNn4c
sqA6XdD0Qkc
srA-2ooJy-0
srKfk1CQ460
ssSvnoUQPQU
stmxlOTiQu8
suPEni1CCYs
suSorCKw3og
suZnqz8F6k4
syVv7jhmmg8
sz6K5n9wMAo
t0FhBzUg0GI
t0KP8rio1Lc
t31zdV-0q7U
t4kU5BwA_Mw
t5-Oyeu09vU
t8Jluny2f2k
t8ObP1vMZek
tARuO0ilbzw
tA_hiELsQTo
tAkC1I7Kkhw
tCHRZMEChmg
tEm_ZridttY
tJlMDTKLqPg
tKBrEGKarzI
tMR52UdtFMg
tPOJjnOPDgU
tSnK_Jxy7f0
tUYKPgZU1M4
tVxixbOXRxE
tW4frZE4pfI
tWXjY959BF0
tWxB-T-KgFk
taRnZOTaMLA
tcSGy2BPTsA
tchUtv5pgBM
teByg0iMs6w
teq1P0JJa3E
tfI6I0ekTI4
tj6qLHWP8e0
tlhtEq0OYfQ
tpMLY4yORWs
trhfhLWlSCY
tuT1K0jISmI
tyYbiuFI2KM
tzxvWbX-1S0
u1cqddPsI9U
u6w1_UfqqXk
u8XgP_NN63E
u8l2UpTvDz0
u8th0U6QkYE
u9B3E0ptsi4
uD-SQ8tVpc4
uDesPx7GSbM
uEhR_yPDJls
uJ7YqUZ1Fsc
uMHRPLAYqYY
uNDZl25LCuI
uNIO1njd25w
uO2PMVc_wwU
uREGtIG_qJs
uWtoR5_-EbU
ub8TnAQXGqQ
ubnmGwLrohA
ud50s61mU6E
udHht_wwG9Y
uf2muETDKo0
uhCH3CAryN8
uj5pnSAt1uw
uk-FB1Zrbio
umHdFbEgqME
uoWggnwPc74
ur5IL6L_6ps
urtYixhSr_8
usnpwA3JHQQ
ux7nmx37BBI
uxsWkIP_qig
v2Sb2mft66E
v2j951w3FZU
v4in7s2RWUg
v4kPB3V2qqM
v6dSXQr3q4I
v7uBWVaQR68
v9Wv8Dk7y54
v9fZjRmljdw
vAi47KcI7r8
vBKWKuzhXjg
vC3GnAINztU
vCt5XGsfR34
vEJPzZ706XI
vGh-XfDvpFg
vHC-9TjoT64
vHpDNSNFS6Q
vI1RQ-aoSAM
vJYDOxO7HVU
vJgnxSikhNk
vKmWYxqjHak
vSEkoYhcKKQ
vTDwtHhR5qA
vUnWFsc5WBU
vWigVedkfUo
vbe6s5bvfzg
vebdvAx214E
verleko_sBg
vgvcY_dgnaQ
vhaIjNb-1h8
vhyGFah7BjM
vi3KgNGdMXg
vjCR8a6Wq8w
vjTazL0tBts
vkvnNCxT9BM
vlS5jamJrd8
vlqcxhHwYXA
vmujZj7K9x8
vn3IRnBmpzA
vrA9TQ9odaE
vvSMAi6e0_s
vwRXDU38j0A
vyh3WLTO82E
vzAOcb3uUtQ
w0P74lpnCw4
w3hoEfGZngQ
w4gFbXFEU5s
w7p1su328u0
w8DZGIM41wE
wABBSh2a3u8
wALDhbQJoLY
wD4VA8PgRPw
wD4to-ojj-o
wF3nnzfiML8
wFKgmeR1oLQ
wHBUIh6pYa4
wHz05SLVQWE
wIxcbf-OTnM
wLghJbeboFs
wM3IDqlyclk
wSGah6w0AR0
wZ-6HU-cxA8
wZ9jMsTJQwc
waULrsMWGRs
wbKowIZvPdc
wc2io88Sznw
wcWP91VUbWo
wcYfjCpaydE
we3UBXHfGRY
wj4bNkavZug
wnd4RmpvBpE
wofWGD5TUxo
wpV4NnAmV6Y
wsL010BViWQ
wtOlMjoVTUI
wu4U2WPA4tk
wwiacjp-hvY
wzZo6-gHq8M
wz_SnKl-2mg
x-6XzQAdRjE
x0f4r3GaGVY
x7Z4g7GPo94
xA3wZO7jOkk
xCIpoz0yThw
xF_GPly0NYk
xNNADvsy75A
xPNSVAxvrd8
xRaCULQzqIM
xSs7KpaOgSs
xU0rnoTFLWI
xXwFCKPVaeU
xYA4OX4oj94
xZSUS8yyvtw
xg-oP8aKBd4
xh4zOFGcO1o
xi0mPf5bmBU
xiXu5wRCXjc
xkGKxsGCTUU
xlaLjlQd0rA
xo3fBSZ7Gng
xoknI8d3gJU
xp8rXU8Pmgc
xpFWwn-fJZc
xq-M4JA3fIU
xstzg3U4Vqo
xuBviLFZ7pw
xvHwkmQSth8
xvLf-Lk5V9A
xya2-y8-eM8
y2b7Kg-hEFk
y5kR7gpXcZA
y6dGo6tSzB0
y9xdPE_dXvI
yAOp0erYb3c
yDE9B55n_ak
yGpKAXNY12o
yOfH7clKzM8
yPRNzPS9ht8
yQqHh3BlWlQ
yU3tv8Vgjik
yWMnxyIhCDw
yX2-UxEfsKQ
ycRBezbGz1c
yfSqE--MyRA
yh4O05-uL94
yjEWb-e6944
yjnTEr13UZE
ylfeoNvjboU
yoUP29bIhV8
yqzmYV7KNd4
yxCcblykFpY
z0lbyYflza0
z2LXH9Wi1QM
z333v3w6R-Q
z4X0O9ltaS4
z4i8okpM_3M
z7OSbdLy4MA
zA0oUfA8Zxk
zB0P_6eT298
zBv1fpuQq9U
zDq49QzVvUM
zR-HEypqUEs
zYfphMSX-Lk
zZqriPM7Z7I
zanN_ruFwSI
zaploUhEDFg
ze3xV93VhP4
zf2IX5aHHb4
zfPAd_vbeNM
zhiUYMQXQiM
zi7WqCf1DIM
ziIp_xvgAIY
zluuD218sFc
zn5m5KmhR88
zo1OAIc3MgU
zq57vd1w88M
zr3GpmWQtxM
zru3I5FloPQ
ztjYEfGBIsw
zuggogqWUd8
zv6bttDn684
zy-i0aGlKKM
zyXaoS1g6oI
zzxmCsslPUI
