-0B1Du2bN08
-2ngmVwXteE
-7y7bEQ-LtE
-BnAW4NyOak
-HKnbdVnz68
-TXVhxm5oAU
-U1MZTuFdmk
-V-f8iOJ1ZM
-_K2sOxOfmQ
-akBek9CMqE
-akF0Fc5NvQ
-bDNtZ5rirQ
-e6-I-m78ZM
-htGtj9QW3Q
-mMpNNfX3gY
-xXw_C6qubo
-yX3mt6qWBQ
-yuh7yugOII
05Q87GM948o
0GS1ZIUFCvQ
0JNqCYjkCZo
0LHmzBTHfEU
0W1ytZh_d3Y
0iHm7wJXgGE
0mCKqYmyvq8
0nIKv9lIvr4
0vckgSQ0yNg
15GF3UZtRpo
1FUByGlt6K0
1Ldggo0nZaw
1OgEhvj0kD8
1QKZIq4MY9s
1VDsqklolRY
1XA_qbZmQ10
1Zbej9is0lU
1kzaXNPf7rQ
1lK3nakbpsE
1mrHejAUhEU
1xYI10ovlFI
1yFs3lQTjfk
21U-jwOurEM
222VtNqloRI
24vh6tigraE
2ChWV-Xm0hA
2GUcwXLiI5U
2MpfgU2LSs4
2NsVeZ8vKHs
2TK62SbndI8
2UJCsZQFkKE
2_-uJ4nF-dA
2b5fn5JhFhk
2csEj6ywpeE
2voNdhpfbm0
2xTzwLulRAA
30FYlkOAwIE
31c48XUtwVg
387jjawba4k
3BDtbuKvAWM
3BdOHdnnOgs
3HjncAoS8do
3LH4f6heEGM
3SZya1A5ykU
3bfcOqD6ggk
3m01n0pJbCQ
3nzhuYjGo6E
3whTipzMkoc
44plqOOsEmQ
4ACE-JEZnx0
4H2uY32JmtQ
4HFFr0-ybg0
4MVRziflvBg
4OXX81ZKEM0
4SG4PtO3Z30
4ecLtPEXI_o
4fJgMHMQC0k
4fh5oDcD5BU
4hU2JJYXA_k
4kngnWF8O80
53AaBBcuh-Q
53I--0Tps1s
58VEmkWPOak
58qgchvI05o
5D9HkoHScdY
5Jqf5NR9KZE
5RFXvYeTW_A
5RxzgenxUfM
5Sc5Qb6vX1I
5x70-9tZl2g
6-eUdBjHOjE
60kfErIlQWY
693bgCQ3gF8
6IFh3cDus_E
6LXXQ0fC4C0
6P6RxRkzqD4
6PiN-6TiUoc
6W8wwmsOS5A
6c-lInHKUEU
6e5jCVjAGE4
6mFOxQXhUR4
6xXqrgDP8CA
76RhTFQWlmY
7BrE96GSIO4
7C9haPmWEAk
7F28H4zIYzI
7FqnaDLtWlI
7HES3bPNAsA
7Hf0CexrvoA
7N9fqMeDwyc
7ax7mGKHR_A
7hT-KVPbRv4
7kc0OZ2zpMo
7lui9qZ6cDs
7p-AwpKdm80
84JvGZ-Rjew
8Aniua_A4hA
8HzW5rzPUy8
8PCwOWQsXvE
8aUk6oi_AmM
8oFlPIY6ddk
8qCHRYMe66g
8rWv5jw5WdA
8vCw2dl40os
8ycY2g25tUk
90ytnXBdYmQ
94u_I8qwxyw
9AGru922LDc
9APAPdzYMPo
9C7pCfnxkmg
9CUI4i_hqtU
9FPIwA61rq4
9Gl8pwY2kW8
9SOkrSGplIM
9n3QsegLU3U
9t5jmgnQBss
9t82nbsoiqE
A5hVne3FxRI
AApKAc8FaqI
AFKkDQm49io
AILLyaOYvLE
AJGdzxnq_NQ
AWF4Xxn1I0I
AfH-pR2tSak
AjZEaIPZwNc
AtGsdADUJP4
B53Dh10NTpY
B7KaNnFij2Q
B8w0-RS-WAA
BC0cYeiKEMQ
BGkHo1jZzFA
Ba4qcSg-90s
BgxQykqgKlc
Bo1dsMrnBVo
BspWjWVCPZc
CEKyKFz4tuI
CGzh44ClBDE
CP3_gEwJU3E
CQV24fdlq4Y
CaHdrhBN3VY
Cds1dD6zTMo
CjxD9kz3PSc
Ck8RvyFpDsA
Co8v5-0znf0
CpIZjKpvM0U
CvdQCBkhSCU
DFkCJ-oOp2U
DHKWFzhdYUw
DHpvO3vSxQY
DQEnGH0jLZo
DaCQdrfA77o
DaineVZ2MD8
Ddwy21hDKWQ
DgUFOvZsXWM
Dj3P4hZdyCQ
DlQaP4c_Jxk
DwQ4_dcXuqI
DzBf3_Ro3nU
E0bCz2mOZ4o
E3crK1XNJCE
E7U_EYJKqFw
EBa2enOoHDM
EFi3GyTDL8Q
EJRi2vlxnGA
ERT2WFgQnfI
EYNToLHz-QU
EaxqaJr_WeA
EeeUfUnX68I
EhoEIXtzTm0
EydN6Ds6V5k
F7skTxR735o
FJ8IqdhpNik
FOOmWWmP1dg
FYQaNsF18_E
Fb30HMEnq0Y
FbLOxttcpY4
FoZDGt2VFVk
Fq9DlnTkro8
G0kC6ZQ3O3A
G4t6u8NVxNs
G5iSpp05yQM
GJLFvG8fd9c
GKkWtts1ROU
GLyH5wnZZN8
GenTQ6mXwt4
GlQrWqyuSeY
GmdoB_JXjws
GoTeGW2csPk
Gxek4fDqaTI
H9LLziPNzk8
HDDqa0ZF41E
HOX0ZjPx6jk
HP1S-O7EVU4
HXx0gW5a1QU
H_tP1xKzMso
HcohgR8ce_M
HwTkBkb94Rc
Hy43KSejkhQ
HzK1ejXMOHo
I1aEXnTJ4z4
I3qzoH2cPMM
I5pJtpkAMPQ
IFKxji-jnHI
IKRMaeTr3NI
IQBXSNUQK9U
IbaoN7dfT9k
IcJ7Iw-hBxA
Ie9Y0wKiVy8
IluiY5QOxNs
IyHP-4Jed9o
J98aF22ErZc
JJzU9hDjiRk
JTrlaH9hQn8
Jc7aIgRyDXs
JeNQVJ781ig
JeahffPMR5c
Jm8iBm9bW78
Jx9KSlxReAs
JyNkUqkJGtA
KMpzJVC7taE
KU1gVP2xHD0
KW1mg2moTXA
KXriGVf00mk
KgOoQ9BXJvk
KzchHqEEh1I
L77mghfe6KY
LDVEJ73WZbE
LOQUkC-5L1o
La7VhaPGVG8
LaG0GhW6k48
LbrmCJQBNM0
Ldemyx0SClE
LnhO_cShT3Q
LsgGYxdYnU0
Lu9E6gBz_PQ
LwKL2cLAsSU
LyqG1TaGzgQ
M75q4PVc92U
M7U-bWFiBT0
M7ptGzZZVO4
MCJGiIMz9Vg
MDZT67wh8jc
MLfKo6hDtAc
MMCUDkjqXPE
MO-LA0mfrZ4
MOcL5qFNIvM
MQgeoxk2Km8
MT0oP1tKjmw
MWC62YU7Xww
MYMpGqD1_04
MbFp4loDyMk
MdIV57k2ILM
MqOEBZLt1g0
N0sRlXM6rWk
N1b_gqNPLf8
N4Y_4uUb1yw
NGH8Rt_SNy8
NQ2gAJfxE5U
NYNFRoNH_ac
NYjGfMBfg1A
NZjC945qdXM
Nbzj4rEX39g
NdZQ0jzHABA
NhLfJ8lR9s4
NoIazzHlYug
NpMeuZQjcms
Nt1dnZnJTKY
NxGQv7vkqXs
O1tvhTLyz_E
O2Xq0vNweeE
O4KmflXnM8Y
O8BodhyWqAY
OAL1-vzMvmA
OFZpo9IyjqA
OFpf4zn4fYU
OZKX_82kCiw
Og6HaH38Udc
OrDfe3UE9Lg
P0XOE4fO_mQ
P2NJ77uQzls
P7UHqTtwks8
P9V0MHWXbuc
P9n3u3AOZ3o
PD2VAyZm8kk
PDDHAR03mbs
PDQOJ0_dXeM
PHILv7o-iaM
PK-aGp9B2Xk
PjPHPPuoJ60
Ppj6aaAru8Y
Pvr_Zq6YOb0
Px_gR0o2HKw
PzMyzsz5A48
Q8ewn2X5ejc
QJTWWoV4IRw
QKdRS1cqNPA
QNMxrIbfxdU
QSy-GDfHhzg
QTeulwg9dec
QXx1XN3gdNg
Qf6NEhi7A4Q
Qj4K_Q2PkVo
QoRt2c68TDU
QpUF9I1X1bM
QvOv7u3yWo8
QvtzEU96j70
R60bxdrQpGE
R7MD5qZkdqo
RAB_Z8YlCXU
RD_V1J7fzAI
RIYNdumL9_M
RWhvpIOruqo
RaWeevfpvow
Rc_9f56TFkk
RiMDyHK_4xc
Ru02yr8oioQ
RvOvBZgqfQo
RzZw7kh7WIE
S3UNPOG3ZJ4
SBYcN4ypm0U
SEJ08s_hqjY
SM9ODUUUWCs
SW8rTKmaSg4
S_xaMGYsxkc
Sda_RGv9I5c
So6f4fTMWY4
SttHFzPYs44
Syce6V0qrec
TBqcTHQPBkI
TEXqWmQS4IY
TEcc91X_nG4
TEvQDzkOLgU
TLptx8Ab38A
TOY3lVV3V2k
TOhgS8SJ9rc
TfNQKFkeEUg
ThXuK3Z4fxo
TiPNQvDSP8Q
TjLyg1wemag
To_v1NX7JK8
TumreHjYgnU
Tx7SwwyqWDI
UDoXb1_CbQU
UHPC_F-YzH8
UI-LmJD2zQc
UOGd30eFuqI
USdEn0RMN68
UYgH7sS_OeQ
UZBmzgWYquk
UaUtDUJv6t8
UcpCjz3FSFU
UeYCIM_54nc
UjtWUWZxocA
UtdJZI3FKqI
Uz00FDL2JPw
V8l1tjiBFJM
VKMZjqhhXnU
VRVhwUxEEY0
V_THCmjoBfQ
VaBE0D3SAlM
VgBf3Ilha_k
VhnQhVHwEoM
VqozBJgPaXQ
VzHf3iv8TJM
VzrEn-gQgMI
W3R7Ks4tu08
W3qR0Lbypf4
W6nsrjAxO3Y
W8i_HUHDQnU
WAiTVeR4mE8
WMGiZ_x_EdA
WUVi-XgcQdE
WZcaRgfTCO0
WbLFwdLQnzo
WjSb01aBEc4
Wk1ATw4nR0U
Wklksfr33PE
Wrt20rYlfqQ
X11CeZTLm7o
X6bVnwzHDxM
XEYhF3o_Fk8
Xg6FD3dZn8c
XituIZX36Bk
Xk34LILbo9E
XndsyYUjMv8
XvSoOMz7BfY
Y0l_DWjMXqU
Y1R9pfz2l4I
Y2y6wJkN2bA
Y32E9J0Tgrw
Y5GsO1Td1To
Y9hJV4cYgK4
Y9m02A-g8Xg
YBoAdQjJqEc
YGldukuRrD4
YOLKQPCr7cQ
YSLOZLsmbOY
YT6xiMUSPm8
YTttUigXulk
Yiugv1G5mOc
YtLWVCATRP4
Yu1U1K3UpTk
Yw6AWaZS6IY
YzK6al4biRw
Z12vwx4gsEg
ZAHuchtQSFs
ZKoowV2i--U
ZOqMzAlunGo
ZTewDI8mlzE
Z_iQgsHMqxw
ZcVd2r2xpL0
ZmUAVXteZR8
Zte2qrqLNfc
Zv6Q5lA7R6w
ZwOIJK0EeGs
Zx3F73po4YE
Zy-4FfIh760
_3Q79vo_rm4
_ACWtpTRHG4
_Iv3CbcyzVc
_MJcJw6K6Ks
_RX9YqyGcP4
_g-9cpsMmAI
_nZect0kPS8
_ooJQ7P-USM
_turgG8fDGU
_uc1sMvStwk
_xg7b8Acg0E
a-4VnHWj15o
a-bTa_sq7qs
a3_bA7vaPsw
aEMoLwU0r0I
aI1bgUvoghs
aI9dlCSxFqU
a__OGBWfO-0
achpi5VIr_Y
anj9JFi-vqE
aorNJU6sdGo
b4LR9H74xhM
b55XRDn99b4
b8npmtsfsTU
bAaB5a4kwSU
bBHO9IFa6Mo
bSGg_wSjS6c
bSnOMNLPw-c
c-QOlTD0YHo
c1ihZHdfXSA
cHlZwWi-u0w
cTc34AQ0Yb4
cY5hQiPKHSk
cYajKl0mEvI
cclL3RTG1aU
cfkkfxT1VKI
chsQgUkLoys
clHN2ZBkGJI
covKk3tvFXQ
d0b2PFm9fqA
d5gwfZFbE3M
dDegzecqfw8
dGe6N_FNB4g
dHVwA2UdA_o
dWn-GwtxYXw
dXy1NCMGBCw
dZGh-hzzJQo
dk-XSuatRgU
dkbm3wMv0pQ
dkfuzHYrWos
dpT5g9bpAb8
dtoQNDSLKMM
e60tjucPsyw
e7Jctm-PoSA
e9nUK-YnjwM
eAMYYd_lEAs
eD9aT_Yz6Us
eZNi-WA92n0
ek5LoSGgzPo
ekKNjtckby0
etn5Kq8BXTQ
eyyZgpTqwPU
f0i7ZKz6joI
f1rxEhOwA7o
f24oHDw74_Y
fHTnW31PMnw
fI9rVMzE1cM
fKt0WZDN3Og
fSEPAyTbOW8
fSS1BGOS7rM
f_BRyS93ucg
ffSU58yXNkA
fheG3qofDIk
fsqQ-OW_SvI
ftjwnjR0apY
fty-6eA3IaM
fvv-dlGZVno
fyQDVFkOqT4
fyQrBtZBPw8
g0iHekVJEc4
g2rKAbAah3k
g4Tu_48xQ0o
g7TQBfR7iwc
gCnhdNEwVoA
gWj43LhEcU0
gWt6DW8I4Ao
g_xAuN-82MQ
ga41qFrDc74
gdM43KoWYuQ
gep0qzReIUY
ggZrxb83fCk
ghO_v8-dxqo
gjIE5PmjHLQ
glrA9_VBAlc
gpgor5hdD8s
gtlHeTl2ldI
h-agrL1gS4c
h31P1Wa4_KI
hC3ckLqsL5M
hJTpmYsWQSo
hOR-6sMVvtA
hUYM26JKXYQ
hW2bhaBQVvg
heSCfD_laVg
hebgT2-boMI
hgGtLJ8DEaY
hospEKxvv_U
ht1q0uArgZY
hugUIvOzoSk
hyFMB1xfePw
hzicGhxQ2z8
i2xZB3LnXQ4
i33pSXdSRLY
i6YiYEAbkug
iBRMmeoKFFM
iFWTncsB7t4
iOaLAaUi-f0
iR1CM8aacPM
iUug51MwxYc
iVgRWXFpCq8
iYkyB3L2z7c
iheSCgJ1aE8
imxJ0PyHx2g
iy4IDvXoU5A
j16eVLDt2HI
jKQeUxLhQwo
jLPivmc24h4
j_h3L88CW6I
jjoJybkcMLk
jju6TK_vQRY
jnCjpvaJSVI
jvsTVlwek-g
k0VSksn66vo
kIugeE6CLzs
kOEw2Zrbwg4
kSFHoiW6_5M
kZPmiwheI3A
kk4ceVITwQY
kpAAy7tWMb0
kpGznkVXdjE
kyoI1W99h30
l1W1Zn0qTcc
l9sOaWOPLOU
lHJZPuHVu2s
lMSbhRjH9KI
lRiLSG_GO0Y
lU0WGuGQVWg
lZPx7NZpreY
lq9uO95-AvA
ltY4DETRVAk
m1OmcxHxYfY
m9yfB0Vh7n0
mCLEAsn_LXw
mGejd6RQanc
mMriw3BIK5k
mNj7UrsKTOk
m_-sqPBrFik
mcvEmk-wfXs
mwSJtrGBQhk
n0f7p13hZDg
n4qc5jiUB8A
n9uqjWGkCcE
nDWNzxwdCQg
nF-xWJT4UuE
nafM5aUClbA
nfumnuxecV0
nfw_ICIrJYA
nrgLChe9UMI
nxaQeEthAb4
nyZGrxHKftg
o7S9Dffb_Rc
oIv9PH6j54Q
oLSElOA60aM
oQCho9Gbqfs
oSqGm-qD7xs
oWUiT2StwqU
oXFXCeWthHs
oaqXRDkyflw
oezoYBR6YF0
oiKwKUXJ1zU
oposgBEi-1s
outbbAq6q34
p3hMiAZPF1o
p6L0s4XG18M
p8W89jB1MQ0
pH3zQrW9wI8
pZISQReapbg
pgmLq4hi8_U
plZotBHOoKQ
q-NuWlmq0-U
qDXOLX8TqmU
qTb0lSIEoaE
qYWsvtL16_k
qZXUhKGbOZo
qjz5a8X9LjU
qnxOXnisxQs
qpHXbvJnSrE
qrcV4xDTLh0
qu0-8Yc8q5Q
qvBnMPkYPhc
r0tMVN_9-x4
rEKkZUjf7TE
rJaOct6arYk
rPf1yFdClNY
rdp6_g2P0vg
rdqCvG3OrDU
reslb8Pu3Rk
ribNw1wV_3c
ryFxkPXIfi0
s7afJxw4-Xk
sGeyE1jViRE
sRgNNF9b3Jc
sZO0W5RsZks
sfDfSOiBXPQ
shrG1AKbSzg
srO7mbscgWg
t2-QWS159eo
t5T2t8_FCgg
t7oZE80yajE
tBeIwiW8FBw
tDRRRGQkxDg
tJ_ERQ7ZlGs
tNzGep6sZLU
tSlL1UPrCOU
tWPEaunIYvs
tWyiC3HX_RY
tYktnB7j81o
taeeEiDV1Jo
tbzq5PdoZ6c
tcwtIpNWshQ
tjhbXkrslos
tnQtZfiNs8w
toBRfyVK89Y
txzvUEZ0buk
u1zYuuL-hWg
u2MSstaWgH0
u2vALNRw8nk
uKIqmcA5jrI
uMbHR8oHmCs
uTwMrY6jMos
uU5ZzLiS1eM
u_g6m82snh0
ucIjWBvhECg
udhGb-KOw9w
uf1RyQArnSU
ut0u0dd6szg
uuABDOqF0tY
uzErw9O6gRI
vOvtLIVpOqY
vRPHjckYDlE
v_y-lcmgfiY
vfHtA1b4ijg
vtR8JTlKUPw
w7fahx9qHmk
w8dg25vvUHA
wMJjf-PrJf8
wPLtQ7k9rh8
wo1NaZ5FnvA
wvIegh8QzmE
wyF8HC5cJ3I
x5w4hdqrTNg
xHzX7JbXK5c
xN1e9o1NQ44
xUKGSAyrAF0
x_RwSHakdM8
x_ypquYcNl4
xcyfVLMWqFI
xldX3wtXflQ
xtETcTaQxFs
yEKFyaptW4U
yPfxBHBZRnE
yPqTCKtbBBA
yUTqD-4k1MM
yY1zxn9vUNM
yYlLZ8iLWBg
ydJxn2upUlU
yhtzN4PRAJg
yjp9HjUhDeE
yqRkTvCLQPE
z04d7FE3tMU
z4EPNDsLWxA
z4GtxFHNWD4
zKJmJ59ySd8
zLYV2DBKDHs
zRDqfwLQHbM
zYRbHUqPyxg
zeImjKC0idU
znsAuePGhFI
