-4mfn4UmrXg
-6WEnBv9LF8
-AIVRTFfnDY
-Fj1e-l_T_o
-ZcD_76mrJU
-bhFsKlvg8U
-djPpqvLsgE
-eQ5gM__xWs
-p3ET5tVFqg
04NafEbsGaM
053yc3RUZEo
08iHWOmI4pc
0FY7AirdVxk
0NFDqebms9U
0Q2jU51-fuM
0VwY-8XLdUE
0Z3a2qDzv1E
0_u--wZBqWQ
0g44YloRvzA
0kPPH3t2u0Q
0n9yTzKhANA
0uRsKc7zSUQ
0vOl8_rhXGc
0w_DRajaHV0
0yU56KVhFY4
1-x51mV2j7M
10o6ZNGwAyM
112KqlDhhNQ
159gwtGcoLo
161ymT28zwE
16baOmVAOW4
1KBUKHcbki4
1NcE_DWxoFk
1W62dhdkKNc
1XQ3D4TyLqQ
1Yd8DZ-8u3I
1_RfV_0yzI0
1asNrmAa7UM
1ihLXVtTcMo
1kBegCnT0SY
1oE8XuUKUM4
1p4vvPo3lg8
1pjoB6eMgjg
1tooD0xRg-0
1ugibDpxqPI
22g40YmjY8s
2AWYvh5tizE
2FHg1VhVFrk
2f7G0tnxNhM
2i3DwKWbKbs
2na9QsPdc5Q
2npWd3CLnlA
2pVmr79HUHs
2tXBb-yz4dg
2w9Aj3Uc8q0
31lY_cj6hvE
31vLPjsFpeM
32nU6_qQh9U
3ARSpnfXLnk
3AszqOT0Dsk
3J4xTMwpex0
3LLNfOevag8
3RaFL1BoPhM
3V73Ua4UPZE
3aOtyulnzKM
3bCfb66xhEM
3kbcE3lJ8AA
3oRgcotCPtg
3u5dPV97Et0
4-JC_C0ShiU
4B94Bo7aVYA
4GjO2dXxIrw
4H4vvmUUCEA
4Jsh8zDCknE
4Kn8xCxj2VI
4Ll19FofPZ4
4RQKinUJvhs
4TH1QS582SA
4YtulcOixLc
4Z9lD5jhsoo
4cYuWLZI5kw
4dcBu4mYtT4
4fjWlB75XQo
4hreaYATKu8
4lCE626ruYc
4lLncfBYBGY
4uhtCABeazI
5-jLxFwkKnI
52UYlWkB-0I
52q0fbstQ34
54fUncsQc9A
57RHpyKwVaA
5EmAa33WOhc
5EpyfBDQ6ls
5G_GAkGI5Gg
5MmDtQU36bg
5RRtSB-hWww
5S1FRm4RTXA
5UGfQN5Elw4
5UftUGTSMXQ
5WsgyWCyzOg
5Y4yTfxlQZ4
5YWYHZw8OSA
5ZoqojpVwCU
5_lEHIN5Z0o
5cP1oBs10OQ
5kDHtCPFapA
5kG0mHnykWA
5mwk8XGrZKg
5rml_kKwjCs
5uK5vwe1z4s
5uvrEW2Yu-M
5wxxnT0qV-c
61sSSxqZ600
64Alr9uzFcE
69Q_UeU5OQs
6GAT1vZZK4M
6GDG--FLAPs
6N6qnxUxqPg
6PU9384EDCA
6REvrnOX6i0
6VxuAuODhqw
6XVQujqqjNs
6ZT0Bk15a7s
6fJJK_gH_nM
6gitPEdH9Dk
6m_aqcS-8sI
6o229QU-_B8
6rXBZkdtpZU
7-C-ko-C3vM
7-HIk5wIYNI
708xDP84-g8
70fsRG7OeBE
73_wdzFIT0o
75EqmBcuDkY
75ko6BuFGA8
765PJ2yUerI
76MVusi8YLg
7GFiRQoiJG8
7H057w-i4Ng
7HFvlINfZjA
7JQFoKIoFas
7No1T6oMoYA
7_7oAeRzzgg
7bvjZMqWn1w
7bwUQZDWqsI
7qy4RCNBfP8
7vMKnIons0c
82UgNjayQFA
83FrWWm08UE
886pfmQ3DAQ
8ATfwlkrWdw
8I1jxa_15Mw
8UbNglumSlg
8Uy4TQsaY2A
8aKASqzV41M
8hCuJlcd2xE
8k8ZoomsLvw
8qmsVswcXk0
8xuGqz5PXQM
9-mvALWoB-0
91ENqRCeZrI
91TsjHfyWcI
91hLW_9KKR8
91kjGDZFXKk
91sRTZe3dEs
92qdsxo5dyw
93HIPdbf_V4
94dWXIIXFFU
98p0iq8WB5Q
9DcfP-yNeVM
9GiN74FRBPM
9GoVTQcFuik
9J1tFSC99Hk
9MUc-qYipc4
9O8sB2b0qeM
9ODOF-P8hrw
9PXc99lrUNU
9Slh7RpdyWA
9VYJNCO3oAM
9pT5rBsyiAI
9sW0OmzcmL0
9vDPvOZrWQg
9wUJhFUV14M
9yAj5IWN-7Y
A0nk4ik-p10
A7Ax49Q_Ll4
A95Q6ZpH04w
AEKRmxL1jpA
AI0uiDHLOoI
AI5rdKnaGx4
ALchoCz4xMM
ARQTnOONZjY
ARZ31Y_3lX8
ASop0zsdm20
Ak581D2ggNQ
AoAV5s4HpkE
AsfzB7MOaMs
AyF_1eWUjnk
BFShx7Nxo-w
BH_smA4qUa4
BKlu8tLDYSo
BLAoCian4BU
BUzNZtd5yd0
BVZVgst8Mjg
BmBJnQr8ZL4
Bnh6MMzPR9M
C-jfBxigL7k
C0g3SCU5Cso
C4In9rRk810
C8migsWEI-s
CCIeHc8LdnE
CCjoe-qExwY
CRfmxfpPUqI
CSYwxX4D0U4
CUvuGnxCsGA
CVG-sLMunJE
CYCQuGUrPRs
CaQ_kYGjXcU
CbSlKvlLC0s
Chopc4-_auc
CiGR3Gg8-es
Cnal8kyJzoY
Cp3iGHtemlI
CqjujYBDZvM
CsL1JyNQsqA
D-14cfwIlVY
D-vD9NUBQMM
D4qIcEvxQ2I
DEDDcjrkq_o
DGgUAnZ2QiI
DIXjanhGHT4
DIfvZKettls
DMv-O5woCq0
DUf_kjcKvU4
DX6EZr5HVSQ
D_2lr-WXYnY
D_VXsKGOzV8
DeQQ9cAoqio
DfVU8t_T7iQ
DiWJg9MzC7s
DpCd5kLcDus
DqhSVXTpQjc
DuF68sbVF-s
DwkbKsm5WEI
DyfbznA0FzU
E1-gWRfnJ6g
E1L9ofINcq8
E3wo4vtjKTg
EGUVX85ywDI
EGh4GL2VjPM
EMqJ5qPY1T0
EOTsBrhCA2s
ESKzUEOw-nQ
EWc3gb_UUDc
EX-xsNPPN_Q
EdOrR31YzjA
EdnUb-u1nAs
EdnluMVSkvI
EeVdOSevpXM
EjFqSOyxQs0
EnQi0cy9rDk
EnvpT5r_3wU
Eo3Y2DwNCEs
Ez21jSUEouc
F1cCiyDPtJ0
F4iAfouqW6M
F7FvFkKQ2Pg
F97oO7F8xDM
F9cMlMbdecE
FLm-wgFRf5Y
FXXQlb1G8JI
FXh28z-R_Ac
Fe625BvRlFk
FfVkoLs3C04
Fk78pLfGAdI
FmOKYcFNxl0
FmkI4j89UEg
Fpo4-N3p4UY
FqhdxZWlW-E
Fs5MSl2PJb8
Fu-IgrpHeW4
FvAb5SRks2o
FwplPZkI6_k
FybgIOflRBw
G7q6aV3hSh8
G9OT1cnzpxg
G9oU4eBLHuI
GBHN3nhb6Xs
GEY_fw3yJP0
GGky6HltsFA
GJQUo_4Nxcc
GK5xe31tah8
GMJcXQMY_Ys
GNywzm2oDrI
GR9cSguMXvs
GZ9-ty_J0qk
GgAKgknI5EI
Ggaf-VcGm84
Go-DCgo3rv0
GutDxAFLYUI
GzlWKqULZWA
Gzps6uShnCA
H2AK7cqyvwQ
H2qpQhqNcmk
H5FmsZWlrZQ
H7qa8RnuUm4
H80xWJzklXA
HCR8iTpGG8E
HEWsY7iJDuQ
HMxJT88P7Ew
HOkm_VetLnQ
HRf_26PQXtU
HRf_p5EYEsU
HbIllcZrodo
HdhfopsaKwc
HfDcsNyCKHg
HlXKGZRCyF8
Hp7KmTjPqVg
Hsck4-l5Z7o
HtLZpfxsGUk
HuBZlujwU9U
HuFBRvac0HU
HwqcJ1z9fbk
Hx_ofqEwKSA
ICAv2QycXfY
IEIPtZaP63U
IJ3NoIWL1ug
IK9ecUvRTZM
IRBr336V1Gw
IV8u8INDeg4
IVzXe3FH63g
IajpdEsDdlY
IbCQgVTt8U8
IfYN65hmr6k
Ii845pDRC2c
ImDQfOtj-Cg
Iqb1f0Ggoh8
J0IgcPLPOuU
J49GxdQaeK0
JD3RuN3Sa64
JDYoEfANNio
JFgQigCPw1M
JHk8CPeyCPs
JIsuTPUYi0g
JKcoM3uJ6_A
JKlS-9rgbDg
JMWSJNzuEbM
JQaSMx1ySTg
JU8wnJC5NbY
JW5kx2Zs4lQ
JWI1MSvX2Y4
JZsYifKaWrU
Jb8sMA8biRQ
Jf9aHS3Yweo
JlTYGihFd2A
Jl_p5r9wiHQ
JpNf8sHJTD8
K4jbH95HFpo
K4mZUmOyaE8
K6NzLWSRN4Q
KC_pXH46Fd8
KDwd9NR0fIM
KE4geNJshRk
KF-23SrnSdE
KFNzMn4_0Ho
KVZ2DsfhCvs
KapYrfXbVvc
Kb1-iQ7jqzo
Kgh0SxGIsso
KmenSidDlys
Kr6Wwdp_KGs
L0e6Pegliog
L3ha1ngmgUM
L61vUBYtOVc
L8h-s4iWELw
LBYc6_qm6pg
LHTplsX0-Do
LHcqH8s5IeY
LJguTUzs2Yo
LNI_hJWZDSM
LR71NptCpkE
LWe1nnoqtl0
LahR1iJU7mQ
LhT4Ppfhxvs
LiRC9KbvASo
LnCUucKBiec
LtK3RNW5sMo
M1ppihDbBkU
M2b-MQGHkxA
M3F2hv4dpa0
M9Ash3r09oU
MB0skHTlbMA
MBakzZVHdjo
MCn-s7E6Q-I
MIE48vwUDcw
MQ9EWMtDxbA
MR4VWBDG60s
MSUMFncHur0
MVDJaXULlsQ
MWJB8B7l4Ow
MXE1ZJ0FXHY
Mg9Ds5aRqJk
N2yC45YT6KE
N3bfflmGOoA
ND3IhIj4KzU
NDF1vdDd0Ik
NGdClOVH0as
NIe84_0PzXw
NSjEqM7USgA
NTBY15cxUQI
Nc4HTFnigCc
Nd250Ah5b0A
Nd_YUSqkO68
NeHAMoN7U_s
NhsfBMtFdNM
Nj8G3-taTQE
NkuSqnRFuQM
Nw3bQdooc0E
O0AnXftKXb0
O5O_yYZU4IY
OAD6gU4ddTw
OBYyrCRo_WE
OCJclrZ2AQY
OKRAM_qBXzA
OU3HVJ6fySE
OW5wfWxsUWU
OZUcryffGGI
OZWb9l08DBc
OZlKjeeaovw
Od-7vLPzCxo
P493Jw2iBfI
P928MUs12CE
PADTa6GQPys
PCNHe859coQ
PDKT-qhw_Ec
PF_JnSlH3HU
PT6hwWSFFPo
PTtd1SMZ0cw
PVtQZpITdSg
PWpWvCpQ-hM
PYX49gkinJ8
PZw_AeiJFUw
P_FquRct1I8
PecAgvYjWnY
PfemXYlrhXk
PlQEr0ruVLM
PnYLvOgM7eE
Ps2kR-1eut4
Q7uSAtjUVmQ
QDo9GUZsakw
QJoj4CmF5Tw
QNNy1iVzEI4
QNtwmUdG-mM
QRZ4KMtqXzc
QRlolAOoJBA
QWMDEqigdts
QcWyAFvoVls
Qck_CVCX6EU
QeNW5UDIz7s
QeTrKpVrDSA
QiRxFGwxw4Q
Qk5cM_4weNA
Qme1O7K3mpU
QpNcV9OKWtw
QrX02WjE2-0
Qx622mMToDM
R1c87uDjdrA
RA-uN6Hrq0w
RCGcikEO-5A
RIUX63brMd4
RLVHhobY4YE
RLjyQbqgOaU
RMqAUqizXMw
RMxo3iOa52k
RNjr4WEY1ao
RTAnyLqEBWI
RbKe34eWO-8
Rb_NQiLghl4
RbotTkI7SFw
Rd-QY3sS3eM
RlQ1U6QGI1o
Rlsvr1Gqiw8
RpFBRhhcDLM
Rr8TKU65sbc
RuYIjt0rkUU
RxFTpLiX7Ww
S035-0IQp1o
S5gJQDssNKE
S8DTYYTsI-U
SBL1TlLPf9M
SC_3Lvh5jYc
SDy0UzL1sNg
SLlHW31sqIA
SNeKqA_2GO4
SOI4glMQuCo
SOvx6B7sh48
SQIlnyYtZUY
SRmU8MbxKjI
STa8z_6e67k
SUedNAiCuL8
Sa4yi4lAj74
Se7K6nVC_Hk
SjHZePed9hI
SjfUUOGe3cw
SlAJNH7mAAQ
SmnLbyEPPcE
StYJG49NRJA
SzH75Xm49X4
T3nM0SokNo0
T5nU8F5rQdA
T6SKOhc9ziw
T6xq2Gch0ag
TCHAe5SxJsY
TG40pDn29kc
TVwvFNVOR8k
Ta2CAz3R-jI
TfgOcZ-NJ0I
ThVq21htCcQ
ThoLZFquUlU
TpwQCn8NDUM
TsfneYvEaBs
U0csdWXmiwU
U3Y4bTXhrkA
U3uPfCvdNfs
U5tUeb-31MM
U7ZjQPUfoBc
UB2nSwakGlE
UHtDl6DhuVw
UQRHDfZM27E
URbz0v1wcZk
UU3WzFkPvFY
UXCATcgbQ44
UXp33AbZTdQ
UZujClDIZiM
UiPh2O-YwN4
UkwDbUyWgBk
UqXwoxII1c4
Uz3zkeheg7A
UzYSVIN-x4k
Uzx0iwZflJ0
V-jnBJaOQqM
V6bgD7n7RA0
V82Lj1NuJww
VBBVafS1LAw
VEAhKnric54
VH6rHDLQehM
VPXsByVpzVE
VSMKOvZnk-0
VUsLsbsFDYo
VVaqgCO9T44
V_Ss7F9xlEQ
V_UnzEAB6eA
VcGv1hF1xEE
VjxdIu3wRmU
VnNdhQDjw2Y
Vo9ie3yrOYU
VzL4aSxrw68
VzwUxRnUfnI
W1kw_pc6-E4
WF_NPAl9h6M
WLd-sT2iKzU
WPZLaY6OUe8
WQn_6_Kvj2s
WRLYuQcfDy0
WS3dN9gU80I
WWJFP6eRFGI
WbXF_QcBVp4
Wg8geDt3mjg
WgfwqC5nQvk
WhjlKGjzR4s
WmbMb74z9TY
Wy3d7-aw2J0
WzgHoHelDcI
X06yKvqMutE
X5IwmMU2cOk
X7JLNM6986I
X99uXcQxQFw
XJKLLJHKhqY
XLoWaQ1jblA
XQxJXuS1N8s
XS9WDnfQOT4
XTinlRhM50Y
XXn0JZJsP0E
XZEmmzq7nnI
XgCKR_GnxCw
XjMKjVX51Qc
Xrt7Q8kc_2w
Y-y76uD21gk
Y1-uvLjGWTc
Y2LceDOQttg
Y74phe0BoaQ
Y7dRb7Ko97s
YE3kSaXxnQE
YEFs4CTq8Rg
YIRGCNqG5Q8
YKgZAlMOBns
YQJg9ZMrZhw
Y_DzIM9WNCI
Yb3ababkd-4
YiM21ofjHAA
YmpRzWMqXuo
YujKPgbya3Q
Z7ZZzuUVyhM
Z88SjOwgjqQ
Z9hSo4Suplo
ZBiHBbGyVSg
ZC4XscZWvNE
ZG1YPEXDlsg
ZJBi-XEw3wc
ZM9pptsENWA
ZXZDBBfu8UI
ZZVFFK_gQhM
ZdrYaHs3e9Y
Ze6rsDhMUeQ
ZihYeA7NmLM
ZjJfXdgWRR4
ZvGtq36CD8U
ZwlBYzZWp1o
ZzA3IZ-ZDZc
_8SBRIaUEjM
_8fd6-DrT5o
_8gBn2FAsuY
_Kx-JxcDTTE
_PRshc8ymIc
_ZhdqJ9fXzU
_Zmfm6VtHRc
_h45l5yoNyk
_nID5wAA5RE
_oLaxNTlfKg
_oPDy8HRX3Y
_pu5t5y-x6A
_r9_re7H2Qc
_vQNvOO59mo
_xCmLYGd2pk
_ztQzlITNnI
a5vDdXEDz6k
a8IJ7b8J7A0
aB836j0eNjs
aCzGdR4mdbA
aDH1gi_qlog
aIqeJW1-d94
aLVsTIm8mso
aQ1Z7bm6-Is
aQsPLNby7OQ
aRHNCFzKw_s
aT2vgebntQg
a_DZoyAMxqI
aebp_kQgDSQ
agC3fRre7TA
ak1Xjh39Wyg
aqLTOP-trjA
areLuJWF9c0
atccxTFA0M4
b2093E1mWsc
b3TljnvtNos
b86RNSQefOk
bFf6Ob6W7i4
bHYv46SusCY
bSRwwTysEsY
bU9opttNs44
bVOe7q8m5io
bZiBM8HRbZ0
b_GAk355DSo
baEEtqH6hI0
bbEZCF3hfqg
bbrVUfAXZU0
beDqSOg-az4
bf8ZQkmHpX0
bo1J6kqWYvw
boRx7CDyqOk
bszlr9CNIE4
burAVuXgM3g
bvMzEyZsZnQ
bylI_P3RbGc
cDa3XpIWORY
cLfzwsD3c5s
cNyqgXCLL9E
cTp2qDGCLl0
cWB4CwflcoM
cXXQlkgPn4A
cXkRK_EvFtE
cboEgsAHeM8
ccrJrM3t5Sw
cfVky6DtAgo
cmjeyPQ5Wbg
cnl5BdcUBUo
cpCljDD7rKM
ct-VmKp2klM
cyOFXnLRyq4
d-OwCuMP0DU
d0t7rRnSlms
d9algiG0-FQ
dHHu2YyhikA
dTi_wSedeuM
dVfUhubyLmY
dXfY2jT2Pwg
dbeOVGivFGA
de0cjtqrYGw
dh0xoDduaPw
dkTj8y_KYWI
dppPJFKFtfg
dqJj2_BQCPk
dqa304rCTiw
dxL3ZTri8iY
e-j7WiW6Lqw
e5GzU7SV1Ig
e7uSwYE-mVU
eDpLOMo6e7Q
eKZcilDrJVk
eOZkOaoiles
ePWakctsFMI
ePsXScreOUU
eQpaI-CtwMw
eULrwY6XIOc
eYYPsfMoJP4
e_M42-I2pI0
e_bhlB_7p6E
e_xX-Ax_tt4
eaKleqNGPZM
egOzuWFCnRU
ema2XW3esT4
enLWWzPTTno
er_ZHuNH6L0
euJRptDzMoI
ew5PJbn06zk
f0EHWUxpFSY
f0LdmPjg-p0
f2yvO866TjA
fAdN-uCktTo
fJ10b2ouJVU
fJAFI7c1FOA
fJHJkMVikLE
fK87FCtX_9A
fS5u_8V9v6g
fShu9fmiyEA
fgM-CM-K50g
flaAQPm_gmg
fqpJcURn2y8
g-x0rUvtohQ
g2Ly_L8lGrw
g2tfDI8CSEY
g4xmjv0H2qM
g5qzKQcDBYM
g8BqOUNjbN4
gCYveIKaROM
gQePtHuFN40
g_PkSuS9gJg
gbl_eqvxbOo
giJj6cegcmk
gkQ9Ntl2Ikg
gpCQJd01oL8
gtAOLkUMlOU
h-UmspjMvj4
h8dDECKX6ZY
hDNt1xzwtRs
hM6V9nriAQo
hMycPpPZM6M
hRBkv0rnpmQ
hTdZ87E3moQ
h_DVcJIUfBg
hiEv_xbo1W4
hmGSn3YzQOY
hpAeRqia68o
hpPo_uKtbjI
hpXcDA0S--o
ht9vmAZrdVA
htRFWLtrwkM
huI-y_I5QBI
i18qNXRQ-Z0
i38JbuEqsfM
i3HusehOm7c
i8HpZEmPaVE
iB3gPik7Ul0
iFO9ZmcmeTQ
iOPmoNAPeJA
iOnDX4fbuug
iRD1i8v98ZI
iX4Knbhwi7I
i_qcyU2JiEI
idskYej9Xbw
ii-nsa-7Zes
ijIvq7xr5QM
imxRWKf8YjY
iooSujLTFsI
iqmNWwuTDSI
iulCq6dsMXc
ivWM3o6hxOY
ixOsL9qUTd4
j3iJ23C04xk
j43tZJMneR0
jALJACtuDJo
jCGjOZPcvsM
jKxg1RAbWhE
jL3Rr4tlUmc
jRnUqTeEjio
jUbNPoBp6FM
jXmlWKUirGs
jY-f5ROOANQ
jrDI8xMDaFY
jzcHoduomEE
k-iN49d41JM
k2CQT8tvwKY
k4g5iX3evDI
k6PzQtBr4-k
k7z4UD3x2eg
k8QLFhbfcRo
kJoXqW4IQVI
kKj_x3MvKxo
kN3HvhnrxqI
kQNFxU_NS9Q
kRuifqa2ABo
ki3K5VIyXVU
kogWTbq_Sq0
ksZMdLkuXWk
kttw9sSQQ9c
kvUjCCM9ij4
kz-fjmLof0w
l4CToRPOm-w
l7pmcqNHEBg
lFROh3_NiS8
lI4awPMlWwg
lIUynOoumZk
lQHzwKUYbiU
lZqONscOyyI
l_ufrYRrl5s
ld3gFs4E69E
ledwjEx3BvI
lhLRBbIcAe4
livTyL8kjvQ
lktVsPgFXLg
lmGXqtAM3t8
lp6bMIxVgvQ
lv0MIceGk-w
lx8Nn--5sYY
m4abX8AtbzI
m4m67JsuNsA
m9pioVOsIJE
mAS685gM06s
mCf82Y6WXW0
mDwI8gTPtiM
mEcLBjKAitE
mH3j8iYasHM
mLyuC9DVID0
mNUAlyv1dj0
mTM93QqBzFw
mdGYriqw-iM
mdr6tg4XmBg
moz-CmXO9Qg
mrmshlHcaZ0
mwVAR273Drs
n8NYTBSu7pY
nD9v4k-KHMg
nE9R6VmXwG0
nEMFpd6Q_n0
nMwW8axYLsk
nNBlUIhflJk
nRrYswAEG-4
nS-yAeOkczM
nUEK-s9v4Go
nW3P8Mmn9lw
nesZenQD4wE
ng5WcR58Yqg
nguO3z9ScvI
nnKdGNisUCg
nsq6QIVNIOE
nwNrCNSc3zg
nzvaqv3ECMg
o0jnGzsBdMU
oDasLJiBqlo
oDqplfVkULc
oG1hwySjbHs
oPaG-kI4bHQ
oTvMhUR2_SQ
o_8jwXnkCu8
o_bUYwbIzBQ
oiBFvpI0WFQ
osVYiVXOkt8
oveRO73AfpE
oxrDu_vEFXE
ozsBXLu3bl0
p-pqzPeAwvs
p0OlhQMKNs4
p2ixibUxnVM
p79IDiWeLas
p7ncag3d50k
pFLvG3d_T6Q
pFPDnEjZ2n8
pHwAI7-8ySg
pIu6zwmKsto
pV0f__BrpwE
pd9RfhsncH4
phYL5r22S-k
ppG869Wcapk
q0u70scMXeI
q5Q-lUYl9l0
q6OtjdVk8Do
q82DiqbsPwc
qB6nbKuLSEM
qG4kdpR3cuk
qKPvV2R6UV8
qLJmmJntYnQ
qLW4wKeg3uo
qMSBvlTsqhk
qQSsYIiecOI
qWvU5qbg2vM
qc7xAq29J7Y
qh8JnOb_0hw
qhTzOlby1sc
qhoh4sDL0OA
qlGSfyCff4M
qo4O5p8L_mE
r3zlJmquEUw
r6RvXoF9AaI
rDo7ZtJNRgo
rG41TIyKfGA
rH2H2bQEfrI
rHMNmEBdT8s
rMF5nnNVPSc
rN0tfSgySi4
rO5Vt5OUEB8
rVy4eGjsFsM
rW-FtunILns
rZYhLNnqCjc
r_uKl_3TpCc
rj3wG7EHrBc
rkLrV6lxJg8
rn19GyEL1NI
rtSSjyO1q6I
ryJqKB1T7yQ
s-pwigIlemk
s5b5YrOnfHA
sGgke7kiRC8
sKhzjf10sIc
sL3zugnJ80g
sPm-LdeGfuI
sSRej2wWVl4
sSgR6iSD9JI
sUfx79XGO4U
sUslFssANoE
scAVf2V_HPA
sel-bxtb7LY
seylbLpb284
sfFxIho1pxA
sg-qwEwirrc
sj12UC_2Rug
slF259U-Vns
smRzkMw6RsU
sq-kqyVxCBw
sqmeraVZHvI
sr28v8N-pGg
sr2orUNFoks
svYw5hMl6bU
tDo5Pmoro6Q
tIYHCCTd9Y4
tIcITzqMXEA
tOuNBLxUNU4
tQDGyZ22uOo
tRCxNJZ8cdM
tgVzgeTsI0k
tilColch4BI
tkb27IHHw1U
tp8lE6ayxxU
tpLGVOOUdPk
tpkMCxXeJ5s
txBuNoqaUhs
txcMhES29cw
ty-6o1RdVqI
u0O8u0T9g6M
u4IOwADhZz8
uGBklSQ3VxQ
uRhgCMEn4K8
uUyaCbQ1lYI
uXZib0D9mgw
ubf6WhJ1gLk
uiXd2E5lKwU
ul965eTlM18
umGbuGHLQi4
uoXDCrNjbhs
uqMlE4ihL50
usEWr17ZK6s
uuNxbTS0Eg4
uxy5iWVKf_U
uyEWZUYCUUs
uywGzMs0fD0
v7Zgk7MTioU
vB4onHJoRWM
vC8wOpR1KPA
vCVRsSGkz7k
vFPyVMQ95MA
vFbEuWwgBIc
vGbTnBDUMXY
vK-obxqyvFg
vK0f6Ae8tBQ
vPYV9ZhZkgo
vS0EKKudzW8
vSLk5NeG9r4
vZClo_q9ON8
vbLCQ4WC0Sg
vbqdTVuhQbM
voiTgNiEzJM
vyhRc3NBeQ8
w6pWfQeVFJQ
wKO7IK3ym30
wTuEm46tR6k
wUG8S_ygA8Q
wVCLyCLrVuw
wdu6vFc3-1U
wemSwVbkGI0
wi9FvvTza2s
wlSzttGjH-k
wnYkp5WuBwM
wqbAWYtLEIE
wtAyNbLfGys
wxi4NOy5oHE
wyELrW9zGK8
x0hrBLxq8g4
x2LBgY6By0I
x5dwrHgIJf0
x6fypHAo6kU
x6tfFehxf6M
xA8-L3aBV6g
xBa8gRnKfcA
xIrCo-AhwSU
xJN2L9cy-f8
xOnA9TQI2aQ
xQQraoNKFRA
xRhFPrvUjTY
xXIh2ExlsvA
xYs90edWdoA
xmX0vc7I-UU
xsuvsTioRI0
xsw1rQH2oBs
xtCIEdepLbo
xvdm5JVMsH4
y-xphW3vUqE
y1-sUNxN8Eo
y40CDxfcu2U
y60s3qAy-w0
yAjHqjidC3Y
yBKFgmzNcXk
yFSDNCX3Aeg
yQKyrGZtcso
yQhWRFDQJ2Q
ySi5QaM1AbQ
yWT9WRdutK0
yhSk7ZOlSnk
ylNPKEbpoHI
ywIvCG6rBF8
z6-Nnv37Zm8
z7gbNX0ioKQ
z8GZykH_i-0
z9vWk0VjwsM
zAsdT-Dz--0
zBMW9lq5mVM
zJwhlU2vLWU
zMo30bK3gCE
zP-C88GJKyU
zR3zmOiqHc8
zUOXMQpQGN8
zZDUqn4azR8
zc3j25jVgrY
zhLuvjtwaMc
zu37XNPQqjA
zvhNSn8ITHU
zyKaON3qhWA
