-0rBFx7PIJs
-1suPM8XxEM
-1wqhIv7Lpg
-1yDgEI8GZ4
-2HYrj7TMdM
-2puIvaN_XY
-36OpRtBEQc
-4n95Tc_OBI
-5TLOEhB11E
-6jHkGtFdmU
-6yGSWIDPnQ
-7BV4fkykV8
-7lHggjifA8
-7uDvvaKeVY
-8eGTZWBbFg
-8wampEUVFQ
-9-OPR4ZTJI
-98R38enqnA
-9A1J7FLbW0
-ASars4VXpU
-CMlPY7eNJ4
-Cpu-hnXexE
-D_3fzjRELM
-FeIQFbfy1k
-GTtwOnhFxk
-HYYF8bKBmg
-I2DgbylWzE
-IBN5n_380w
-JNsQ4LwuZU
-Jdxqkzh1tA
-NqF8ppqOyo
-Nqkji14lho
-OLQYVOW7Y8
-OYRutHQutw
-OuXy_h8Qb4
-PQmBUucaG4
-PsoJ-paXUo
-PvoPL8JDH4
-Q9iSclKgWM
-SASeMMRQCU
-ULLNIlylC4
-WeXM-r9WlE
-X2zTUjTUo8
-XvFpQbild4
-YOMnpoMsGs
-Zo-cQ9hGyE
-alWzUojUrw
-amXm-4v9gE
-dANtmIHmH0
-eCP1Vx_Y1Y
-fSw9sepzNM
-gIwo53OIZs
-hK2W5K3Tt0
-k8GKW57A1I
-kBdIGTWCT8
-kKB1lpcuGE
-kU-g15Vve4
-kugYExsLQg
-ltjxRPj_34
-mBliP8ACdc
-nHCDhpBgHE
-nhPeZNeJ7Y
-oDPApReAdA
-oyDCyhbQm0
-pljxBniIB4
-qXfrbJaQcs
-rWkiLgNwzE
-rrpvXn0vT8
-sBHiO48Jr4
-tAK8rn_Dsg
-tP5FK-oy0g
-uK0S5KP-Ac
-vwazmWIm2I
-wb66RcBZ2I
-xG6S8voQnA
-y0enTZJiTA
-y8MnEyF-uM
-ypEtXUH2p8
-yz0Mzxb4cg
0-19lgWCT-o
0-LRYOVTKUM
0-OiULUif_8
01RygQZtpwo
036hkIRFCTw
03sRdQBDWF4
050IVsxb9kk
06dYx1rxfZc
07X_B1Zg0_4
07k7sBDAjRM
07kxDu8SoUI
07lh4Q_R-10
0A5IRwNiBt4
0BdBCdw_Gh0
0CL5sN6qHg0
0C_cmfDl5NU
0EnB6vU3NB4
0FtidT0rQHo
0HCXsF0p3vU
0HnmPPkodwY
0IL9oLD-hdE
0IXkrzYSLGo
0IbBP7JzZTc
0JHuHxwhKmc
0JUw1agDjoA
0KOZepXPjNQ
0KwXVjBaPKc
0LKpvj66zf0
0LcQfC7G_jY
0MsjxhzcuSI
0NlIR14o_Rw
0OHF_sypx6o
0PCvtILnVZ0
0PMbF3chooo
0QDRJfJ5Jww
0UTjkG_J4uw
0VY0Uh3XWHc
0VavLIcQnEU
0VcZM2vZaPA
0XI3WxyBouI
0YvAjwTOUjo
0a-RbJKTQqo
0a_YdHuQYDk
0bG7ECVmo3U
0bH_N_aSLuk
0djeUYALXe0
0egvmBswxHM
0fErhiKUDhE
0fLfZXrj90c
0ffgaM0hBME
0flx34qUwS0
0iFnR81p-GQ
0jC2g8nqtiE
0jTnf2Xtdv0
0kqsbE4EAk0
0kwk3xYlxnY
0lGvINjsONY
0m3NVS5_Ysc
0nkG1vX3M4g
0oJMlX-NOFY
0oju9VxH_y4
0p6vXthlIPw
0q-aCuBb8lA
0rYVx6hAzKY
0sDckGhH_aE
0tXwwCB3XOU
0u-zBcu2hAA
0u8H-5O5HLo
0wECQWCJbVw
0wZ1PdqMwVA
0wi6b3wWwnw
0wmOmcZC2wY
0xMtf_fgdC8
0ys36eGbtLc
0zGEiLL9N4w
0zdLftAw1B4
0zjXu_vWSaQ
1-oq48he-BM
10Lv7qjNjC0
10OPA0V9WX8
10vV8_SsW9o
14A7iFdmoE4
14n5LkBRvBs
15X5ZGyJBqc
18Qg4nt8S2U
19e6-UsVSrw
1Bja8B4O-3g
1CpDEK0su00
1DHwdRvXmnU
1DpyYRV3GHw
1FrO7o1thGg
1H3dzpNXpUQ
1HYbFpweQNc
1JPqirvOIYA
1JdCYPSQAg4
1JwYbRRjxxk
1KO2kpcO0fo
1LSRnJGotBY
1LXK3YJgIIU
1M6L7CTA6Q0
1MQV_wYtZYM
1NhzK3WJVlE
1NngL45ulu4
1OUH7KoUX3c
1PsUkFEO4zI
1Qa1cHP6Pzo
1ShndwHIQCI
1V6BUsYjlXA
1VkDYTQPq7A
1Vlm5T06WGI
1W9ELreP8HU
1WxGtqLSX2I
1XYix_HrSNs
1XcQhzojti4
1XmN9pnMv1Y
1YLzC4GGRf8
1Z7eBchHQqU
1ZwgcpQ3CBA
1_Ebi-eglg8
1bF7aOtmFQo
1bg-OboIAEg
1bjQBrQ8GGk
1d-dM9Ph7JI
1daEJbDwCQY
1e5aQv9AJGk
1eRQboVhg7c
1erUe8pQyr8
1hNILWi1nEg
1hSUMpfUQEU
1iLAAS_vT4s
1iOQNE2pqmc
1j4QhLLAjMk
1j6EFp85gwQ
1j8U8ZG6NCU
1jXCop6rMv8
1kHzwPd75zY
1kiRG4EeRd0
1liYvgX799Y
1ll6keAdcLo
1lulomjM3M0
1o3PRzhUPe4
1oXZsngT_eg
1pAA3gqUgIk
1r7rmiQzWNQ
1r9Et1Dii5o
1rr26qzdbRY
1sLVyEBb0XY
1soiOam_sJs
1t83qoA1Aq0
1uMZ0hHa8-4
1uxUf11lfhc
1vDvS2x2HZk
1wYoaRdjgoM
1woahju876c
1wyRBCgJK98
2-JNjUT7caU
21U-XOIozs8
21vtCJMCTTQ
21wp9dYH6xw
22zzEZUXPvE
23z7cQ_73ws
24-qJbTacCs
2509bTUG9kI
25EMbn1ECpI
26PUyoec2DI
26fxS1DjkA4
283dPIPULO4
298l1dI8BCI
2B3zSs64qDM
2BzGxRJ7AbY
2E1YAGjqfbM
2ES3LEdQIfo
2EeXk86LDHI
2FgXCWyzRIA
2Fu3uh1Fj20
2HcDUyysv0Q
2IV_hxO4CEQ
2JijllzxumU
2JzkSv5aMl4
2KeXYIHBQ9Y
2Kl7ilS07Z0
2MfNSQso49I
2PPzAurJogM
2PVId8ytDGk
2Sn9JfJFm4I
2UmIOqo3QpM
2VPplAteGAI
2WVgjo67DIU
2Wt__4gD8tc
2YKQ9My2YTo
2ZYBPO8vuyY
2_41HOymHrs
2_FARgXrRYM
2ahFE4ke_2g
2bMV6Hbq2bM
2bfLpneU5ok
2cXrIHdQcVI
2didgaIVoJI
2e1ojM9i8tE
2e2YzmKLvZc
2eEJe1mbDHs
2eUMweVhvFw
2hOhInSKZDo
2iGw3Yac-uQ
2ieXku_xk3o
2ifBOucd-AI
2isCvvTVKIQ
2lRSGUcRFKk
2n6c4-fHRxE
2oBZztG9IFE
2oV-Yr5r6Dk
2qWS40EFp_k
2qg8u9R7TTk
2rby5dXJ31M
2s3rhI8caW4
2vBKkhv9rsk
2vUW6dNWoiw
2vYKOaF-6_s
2vZoOlcmIuo
2xb-aRePYt0
2xe5_ZgX_Bo
2xyxx0rmEDY
2zGuWzOVsB0
2zzA1XMJwZc
30aYKCpPUCA
30ksNyvbmk0
30sT01gz5sQ
312G5HgIRCw
314GfZPRlSA
31IJ732Qt9g
31IaLTIqfqg
31fb_lthgmQ
32LlcJeH4dc
32l1ht1wlLI
33C0aH98rls
33wz5xbGOS8
35_9Ui0sPz8
35a1NjuQVbE
36-4Owrz3pk
36Ew2LiXvP0
36yMlws-Ops
379e6PVFJmE
37XEDVh9iGc
38to1QjP-q4
3944pR9nyuk
39mmB5QMsZc
39mmtEQrr2k
3AIjAXx6dRs
3AYNGbDhkyc
3BfvKyQSN3A
3Bp1ezI2TAg
3C9lMJVuTG4
3CYKImb5JSo
3CzX1SxfoUI
3Doj52kj0SE
3E1Ruis_Pxs
3EbmBlKD7Fo
3FWfLgAIgtI
3FulfKPl-zA
3G4bhZJLkzY
3Gs_5_0gJgU
3H1ldOocrp0
3JLn4HHSkMQ
3JtkK_3VF4M
3K55d7gPW88
3KL401P84q4
3Lgmz_fNt-A
3MUqDdyvwME
3MVSorxqxKM
3Nd7Bv-_hHs
3NzgMqIbZc8
3O49xFG7KY4
3OXp0dNBQdc
3OcSekgPMjI
3OlRAcXTqGw
3P7iDVAHojY
3PonjgJ5klU
3QDVltag2xA
3QTrTe1SAw8
3Rllzolatv0
3U4AUvrlp_0
3UHCOQf-BGc
3VD0BfyspkY
3VT5VBqmsGs
3WBN_B4piQ8
3WRztWOEP3I
3X1jx75zwI0
3X56rECPcxw
3YMJSi8LWF8
3Z-sGXijars
3ZcQWPaJsKI
3ZkdgwQHgDo
3Zzj5X3yXJs
3_DRXyxUY8M
3_R9Wi_ROys
3_RX4gT20EM
3aJt-9OtXhE
3aZ5a5qYK14
3b8l_g5HqtA
3c0ZJayTcRI
3d6-XRTnnBg
3dngy9XHDEo
3e0qqfNsE48
3e3_8YtJFto
3eYzWCgnL58
3esN3jLpsi0
3fL2m7Z0QBw
3gD76JaeHNM
3hPE_aRbpss
3im2FpBChuw
3jsQ-EdQYVU
3k0ObI4OBbY
3kdF1r9aGe8
3lp_zCrq5xk
3m3-lMdIlJw
3mGLLBJblKc
3mIpjRPyRa4
3mhDU8LvnBw
3ny_NRFFeHQ
3oJz5uihZjw
3qZ9CMbtDQA
3qd43xTLfx8
3r9M6PVgSh8
3rL8YptgFow
3rapBMAnwqQ
3s54CLBWMNA
3solmFYiRlw
3tAv9UBJUBQ
3tdZDLO3Wu4
3thHu76hbOc
3tyHfqFG99k
3uZEyhSCGJw
3xRDDRUSYzg
3yG7PlJeFoA
3z8HxCU_KWI
4-TIxmmEmNQ
4-Ywhj6Mvjk
404iE5GSLGA
40DCiwxdg9g
40DU2UxzA8w
40U5SOsdrzk
40erazcrIqs
40yAi3jolr4
41Kf0qe-HpY
41ny4DrGTzo
43Clyu-Cd0U
43r6kMR_8e8
43ySBAebyaQ
469fIF0y4P0
472Dta7hNn4
47sMwDiRhl0
48jkgTgzZUI
48lH8m10gWA
4BiXJLbqNR0
4CG5zeiMJE4
4CLJB0Rr5Ro
4CiEk3iehCE
4Cq0rkkx--Y
4DFJFAc_KKc
4DYVKXPPp98
4Eh8QLcB1UQ
4F4GBloXNsg
4FS81JmfzpU
4GchQ5eq0cs
4IU25lJazGE
4IwoxV6nG1Q
4KkBMIeSHx4
4L6gIMbrZWs
4M97_i03bnI
4MUKArspkI0
4Ncx5Y2gxUY
4OKrZn8tUQY
4ONL5HIClao
4ORMUn8wl7E
4QI5fl6U76A
4RE2shZUTXM
4RTDmHlXxzQ
4SL6l7z8kk0
4TkofSy0O1E
4UBliszBlq0
4UJ1dsm7ePQ
4WQv4WbBQ3A
4WhoKzl7OCk
4Wm73AaQhx4
4XWAJhDmPdQ
4XXSrApWPU0
4XrKr4q2CWM
4YPGb88x3RM
4Z0aRrOFN0o
4ZKaj4wqi4I
4aQgFjxcisg
4arm3_KFWBE
4c8RH0ZjftM
4cCHU-Jk3_o
4cZy8DbKCuA
4coK284I_So
4cptLN-b1Cg
4d7v4mY02hI
4dRH_mJcrec
4dm-foqgS1s
4fZAX06w5mg
4g6VrfE1420
4hO_78-p6Cc
4ibt_QBdemM
4j4rB0sB598
4k8LOTVw-Rc
4kLu0Vr4Xjw
4kj-tSxxRZY
4lzxOMRlrXc
4meo1tkyJak
4mlkFCAllWk
4n_X2j-N-jA
4na1MJvTeEc
4ndvqkPAsYg
4qKQ7ghp9nY
4r2-IpEYtv4
4tCgIu2yr7M
4tCmIgebY4o
4tU02L9p2lA
4tZNaNPuTm0
4v1rvluquH0
4vvHbsWEhq4
4xwqHNyxxGo
4y_PrB4PxX0
4zAgYIhbdcc
4ziiizVVviU
5-f-83WQ2GI
50ymQykGdc8
516RsYPatcQ
52qrzX0cavk
53V-JsixaqQ
53zdQC0QYTk
54sygp_Ri2g
55NcQ5KwlG0
55ZomL4ij-U
58vZoTvkgIA
59Ob6UAC7tc
59_FCoOkRYU
5AOktyF5bcU
5EMM9iEsTqs
5EiDsC7_mKU
5GMLpXqse5Q
5GX5fE38SI4
5H_jSr9mzGY
5Hm7TrtbH_A
5HxViE0T_fE
5Ib7_XgbhYs
5JJZykOgsUs
5JwUdNZi2x0
5K67-lsq0po
5KH1BlSYfZg
5Koj2YjZFRI
5LNpMXlelHA
5LOQtenswTQ
5LotRpC9_MA
5MJ1O4fsoEE
5MVUN0yGF80
5NWab4Tvs98
5NnwhnSss7A
5NyAsTB44sA
5QUgvuC65V4
5QeSLH7t8Sw
5Sp_oGzdg_k
5TNIgmVM6ZQ
5TssVYVSjG8
5UM9Rtx7XCc
5VgrOUuklHk
5XxBXPEsoVY
5Y3VFUENseY
5YWxucdbltE
5Yfpb6gPAIY
5YkWJK9hl-4
5_5xXEVnmeM
5_NrD8kG_2M
5_dsjWpzKI0
5_oYZAzwoIo
5a2um_IurK4
5cMzRasSKkU
5cnBP89EOdc
5cwfAgNsI3U
5d9NYDJEQPI
5eVT_WHcSX0
5f_bEwKyOO4
5gb7VVu9cyI
5hNtwVfWtdI
5iMbAMFJWWs
5jgePyZeAzs
5kVEDt4Cnco
5lMh7-zsp1k
5lbTU5m59Ns
5oeecVYDQeY
5of4d9RhqIQ
5ok0mnWd4Ek
5pD6juCszjs
5pgvMD62D8w
5puOlQgmXNc
5t0gzbGq8Us
5tBmLXix4Ys
5tnCwdNjxSY
5vDpEtgXLjk
5vKmouAMX8I
5vls0mtezgc
5weViMabYRQ
5x5I17RMZ4E
5ysHnb3iIKk
5z9vrOy9UaE
6-kM21X5jZc
618hWYcR8aI
619Acb83YNY
61aFT0FSIvg
63y6xASkrII
64qyEdvG_2M
668yR8btkGg
66BNWkh1XT4
66QMmIDudz0
66VpZFJTt1k
694BUBczoSE
69yuiXkaqZY
6BA9a6ZBGDw
6C1LLBwHBug
6DGXYgaNMOg
6DH1lmwEfNo
6DoGbBQ1Eao
6ES9wzGyYMU
6EnjW19163I
6F-H72LSDXo
6FGkHDNSu3w
6Fzc0br1-bk
6GODcjsT3uU
6Gbvjy6prsc
6Gf-SPK6GfE
6Gu6I7XmMe8
6IPZHxhMPIs
6IXAYDev3WA
6IouzVjzTy0
6JQ1JU_uPng
6JZLQChHS-w
6Jk5eIb5JF0
6KC6ssvfWk8
6LOSWe_a560
6MN7dUUKNKI
6N7Ui8OJ47M
6N9P7c4Jnfw
6NEALkxgg6k
6NGbE8o5OpY
6NhKH91nvJg
6OdpF11AiHI
6P0VXTHvTmw
6PdXv-wEu9M
6PnFWOvkkXI
6QHV8dkAOq4
6QkItSOCcKI
6Qz4taVE6OQ
6RP-5t_YBgU
6RhqU6JwhRM
6SN9e2vrLeI
6SRorZx3NYo
6SinIlZAlzw
6SkWxqoN8J8
6T-EqxI9Pco
6TMePk4LXMA
6Tpht5rnJQA
6U3KOKJEALA
6UJnMcMT2_I
6V8kCp02Dm0
6WOjrCxAvlI
6WvRtPa6xEY
6X6T-QkYgKA
6XoEjTe5xnc
6YxgE3j_Wq4
6Z39rk4e2eE
6ZSaAUqrE2w
6ZW4Knc4kvA
6ZZFvjJeAog
6ZsGLS0J6Mw
6Zxl1p5Wwf4
6_BKjRdKkts
6_cmp-fClBo
6b6TxX94Zlg
6bHwq4gH3PQ
6bzzhWv6mDA
6cFPfwfClQw
6ckM_MBziPc
6cvOR6uphyc
6dJE5aEbLJs
6dP6vkH_GWU
6eOJ8PKe9sk
6gsGMoAV90s
6h0Axyj_LKs
6hiB1tvVXxo
6hne5Ebiu6o
6iA6J9Y-NQc
6iNQD-tGiXw
6iNe8qukxCg
6iUJAPR5KAA
6jbdO_j1TSE
6kUpb8MIs4I
6kX8SuFFTvU
6lBetZicQXc
6lJx5TPcuHs
6m3ePQV6p9U
6nIWR4aOiqg
6nvAxeb8VW8
6oIvzjg3nJ0
6ogqc_7SBHg
6p4yyJ_U5zY
6qnzafKJUp4
6sQxQPTBtWM
6uBodNjxSZI
6w1CoGmYyMg
6wujyRa7_SA
6yHPw6WEPvw
6yKcxYQx08I
6zpSe-mH4PQ
7-E0azCkNr4
7-pC95qYbYw
70zbq_UdOr4
71IxW-rBsWw
71cQsMBVnpI
72P0a-JI5Kw
749ZtyYTXNE
74jPFfw3zCk
74tpRpuluC0
75uqMLPPAVs
768YD1znrJo
77dUtpQNGj8
79FVr9o_bsQ
7BE8ZqPic2s
7E8RW5VcpZg
7FBo467hLzQ
7FcA8L5PXQ0
7FuNefNNe_Q
7FxWLUfq-4I
7GHMoLzPRRA
7H3iN_IsB9U
7J-sAhmN_K0
7JpGjoLpfrw
7K53fkiue20
7LwbbIDDpl0
7M4xzj4Ho0I
7MLYjtqgCeM
7OsrVpuS4CY
7PJ9WD7Lki0
7PMftYPpqZs
7PcAyClA3sc
7Qb1h8eJFoQ
7RiU9JShq44
7S1LOVXqCCg
7SpgXN2e-Uw
7SuZJzoXTIQ
7UfNvtelDZg
7Uh0pCRyi3M
7V8V1IfC75g
7WSW7x_DM58
7Yt_VatCwUA
7ZUgqorIxCQ
7Zi3xQypDH0
7_yvhOOQE8o
7a1tF9TdRoQ
7bL0Qy_mUKs
7c7KoanpuU4
7c7jvNmlzrs
7edyghaN6C4
7fw9FYQseQE
7fwNPoh8rD4
7gHioszyYGg
7gyDjaeNv9g
7h2_XkaIlqo
7hD5aAMlsuI
7hZrLmkI46M
7i7yioXObAE
7jEIiUyfKt8
7jVwD6P2loI
7jliDZyyO6w
7jp9pAQj_5g
7ld4cZFAfMw
7ldH7mTUe9M
7mIrUnKbobY
7m_zjbB40NA
7n654eU_YrQ
7n7iG9w2BsI
7n95LyDSCNg
7npxTQDx6Io
7o4umOb_Loc
7oYXsUtCo9k
7qLS1S2IQF4
7qU5UOCeqho
7qkYu8w8oik
7r1n6hgua3w
7sNJqwEFXP8
7v2YS8k9l2c
7v7QcaYeoRM
7wjuCgtL0yA
7xc-k0Z7wtA
7xjAMfFTr3s
7yBZFUvL1k4
7zBDpUOIdSE
7zYO_xhtd6k
8-77MR9whcQ
8-mM4RDo_pI
808SCuReAik
80fLEd6JulE
81Zi6TbjSdQ
81wf00lACZA
82Ef8xFs3WQ
82Orh3ZS3JE
83O0NzD_czM
83SJhz02KJc
85D0p35zFBI
85LSMkiMuwg
88CpAgIw0Vk
88bCYyLAx3A
88kgpETSfcw
89Ub_bXAaX0
8A9tPLG1hdg
8BZG9JcGKwE
8CDOkGylBRo
8CERx3ttCNQ
8CFpF7A3s-0
8CopHE_5dP4
8DUHXilLDck
8F0mH84w6e4
8FAIPbX1-qA
8G0BCgjtL18
8GTrcB5_dXk
8HvGMa262l0
8IYUNoFaYIw
8Ixoq4v1G7Q
8Iy5d8aZHL4
8JEc5HyLO5Y
8K-BnC7t6U0
8KJrP0SK_n4
8LBLIBirxzo
8N65ofxFw_E
8NbndPEakyI
8O_ST-aZX5k
8PQA9l0Gpgs
8QsIIP5kQIU
8SX2_y-IDqE
8VELqbHZ7Vk
8VwkCFgusZQ
8Y3bv6gVDXo
8ZnpazFTXiA
8ZsBalSl2U8
8ahlRx63sgw
8akW9uuM-NI
8cG6dyEj5PU
8cSYtBCUY2s
8cTXT0bdJ6w
8d2cBebTh5A
8eQsDzDSE18
8fOw_q8slyQ
8gCTWZcdcfI
8gewbPFVZgo
8gg1WRAW5mw
8gu7ZsOH3x0
8iIobWHuDtU
8iVKD9iz5sQ
8jpfY75G2H0
8kuUEpycuBs
8lViJ1ejCfc
8lpDTozpCXs
8mULLgwGNvU
8n5Lkt3jeSU
8n6O82_VCuo
8ngYNWengHA
8qAaKm4uEXs
8sA0bkeHDMA
8uCcnHxNVeo
8x0FoEnFOi8
8xNmALK61Sc
8xOgCeLzvxg
8yjDo-Etd18
8yvdeY7UyTk
8zREi-deOiA
9-Fn00BjYt0
90-XRx5JPLA
92V6njqYLT0
93odU0b3fkg
94Tu2XSX8X8
94qzJWe12Js
95BthbbXX_o
95YqodJdpu0
95_UdiEjRw8
95uVV-wH9X8
95v2jzOM9F4
95y6rPYu-0k
968_YJ8a9yQ
97aj5pj3dzA
99eCPQzvUMY
99vVvznj0P8
9ApPH6JOlj8
9B4U-HNdCUA
9BFg7V_m5tk
9BGliEIakjA
9CULFuEXLUA
9Czp15cN0h8
9DaAH0BP6_Q
9E06SuvsGpw
9E7kfp7glNU
9EUC5pZy6Ko
9F1C3ImsM6c
9Fly8S0FgGg
9G7cIoXmf5E
9GlrXrNGFWk
9I0WTVsIGxc
9IYP5xUoSBE
9JDaVTrBQwE
9L977ieQy0U
9LBo0RYBePc
9Mhut46mvTQ
9N7Hglpze1A
9Nu2scO1rek
9P9d32v3ACo
9PA_p4qlP3o
9Q8glkyz2yc
9QCqN1Emys4
9Q_zWi4hsjg
9QbwphRMZnA
9R4U8TxIxG0
9SjMznT3imI
9T8yzVlEB7M
9VUCBIUMcEk
9VXnMAygXCs
9W68uqkEBiU
9W9e1CdYGQU
9WGAniOC34M
9WQYbrzU-FA
9WfAHbirpb4
9XG7wIRuFeI
9ZXcaL8wbi8
9_cLCIxHarc
9aHCheDH-jY
9aZ2HGtj80s
9c64GGJKzxE
9cL9qFVlZ2M
9dGclfc75hA
9dUSqDilJ_s
9dsWqQfKfC4
9epH-VP6MIo
9f_cJeBL8PI
9fycTuejdrs
9gNJyqfPOkE
9gNjBhQfpB0
9gjTGpnP6tE
9hnjFI7nJig
9id6Fp5ZPdk
9j04xsEkYZA
9jIiACWZFtM
9jjESkV_kC4
9l9lpp0BjPw
9m6UYLZ6YCo
9mpzK9P8VGk
9nlU6zzO-ec
9nyM9w6GRhc
9oRv5LSnZf8
9ofhfT4mx7s
9ol3qzUL5fM
9qDMu-pPyxU
9rqXQSWiTV0
9rvJs-j5LkI
9sQd_0HEE7w
9suUjQQE8ps
9t25XKBVo3k
9tHCTvhn2Es
9tVwMUM6KvY
9tpZ2fUs3C4
9u8pJrdnNhE
9v-4sNS1WhU
9v-zB3-_QUM
9vUkKl0CZKI
9vXkrvj6LcA
9wcugFrsauE
9xB4AVY6t_8
9yX6PYVTjAA
9ydRllMLpLQ
9zDyEOuc2Bc
A-Bh__i_aak
A00v3iIjzTA
A0YdPQI_sXo
A1AdISKLqFE
A24rY7o68W0
A2RZmPT9yZs
A2mA7NMk9vk
A5Ftykdy6H0
A6DjPlEciWA
A7pOesJnBHw
A8XqmuJi-jk
A8rkzrfMGBw
AASRV6DQecg
AAk5b3JJeIc
ABjm8_KjQcc
AGUbpPadhH8
AHcTYFO1zOQ
AIfwBvsCDns
AJgTZUjCWtY
AKOxeGwvshY
AKpU300D0tI
ALU-4q68RM4
AMcZWsQwX2A
ANyEBu4OBN0
AR0K5LGtIVI
AVJfK95w9mM
AVZGOU-KvFY
AW0-m-l378I
AYKy5kQ0PSU
AZpTFbY8bHs
A_7NiygGtjw
A_IFcgg0TmQ
A_J6tJx2l5s
Ab55g13XuQw
Abz9qgi9FKg
Afexl5G8cS8
AgCAFWPAbX0
AhibHZl8cPM
AhlIElkTGaI
Aj6RwOdwKqc
AjOB812X4w0
AjeJH6vwpNY
AkkHngV8M28
AktmjFHZG20
AkvIrpx1chg
Ams1KMHLc_w
An2B5SpBYNM
Aoep3Qvl128
Aon22dYY6N8
AptlVaO2MAs
AqOTYOHJNV4
ArX2sj7GOZQ
AsQRiqzOoS0
AsZ-If0_RGo
Auy7gggxq7c
AwHPIuRUvLM
AxAeTqKeCIw
AxWAntJOPoI
AzNkh5qIqLc
AzRAyFuoAoU
Azc-oeBSnho
B-7zBiBpuOM
B0YV8cjSdw0
B0ft-tskWkc
B2rF-oeUlH8
B3Jt6jb46XQ
B3UpLiTOWMY
B4XF86vzhrM
B5myHB4367w
B6C8-HqLrKo
B6GymgpC3dM
B86NAm2qXRg
B8TE2GviqkA
B9FTzBrNST8
B9UiYlOpG24
B9wcQDf9vuQ
BAKPHn9vhpQ
BCjoDS86ZYs
BD4wd9VjNVk
BD5PN8CRCPQ
BEA2MV7Ki3o
BEBubFOAe2w
BEOySPFpmuA
BF1ECwjZEQY
BFhc9FLwin0
BFqupL_o34U
BGmuiOYHQ0M
BGouC3uiUCg
BIWLs8472xg
BIxLmpfVgso
BJlXDlMiTfk
BL0JiY8WJKQ
BLGSkLfTuG8
BN4q4rxXVSU
BOrcOJSoNFU
BRyt2ajqUSM
BS097Uo4nAg
BSUkl4hShe4
BTYro__bbUM
BU5wy1TkIz0
BUtnwy_8I5Q
BV1LsHOaWJI
BVXQ0JurkgU
BX6JwXb_Mhw
BaJB7YEmZ9Q
BbxP24ZYLEs
Bc1EVz9ApV0
Bc2anRSQz9M
BcK-jaDk_is
BcrXhQCWxiA
BdY7Jr7-0AA
BdbRGIvag0U
BeqJZBg5f6Q
BfEJNsoq1IE
BfNIjQ-MJDo
BfS7TBx9_XY
BfpiNqkq0A4
BgGSBxLSldI
BgjESuO_VwI
BgmWKbSTCFI
BhcJzbGaIrQ
BhtpOodl3yU
BjBDp-bAWHU
BjRa6zYDM-Y
BnGGPkINf1w
BneIWjbMjG0
BoG_CNYkklw
BpKgUSIFCl8
BqsOYzNN65w
BrbLTaCjH00
BrhGlOzYs0g
BsIG5FzNc9c
Bti3eR3VFb4
BuDOjE5eZfU
Bvn_HqdNP7w
BwfZToi3PFc
Bwl4jyl1hLs
BzGuU_2Y1rA
BzLau5q6Lr4
C-OlFFmg_Bc
C0Q-9n49zOo
C0Vq1FLdTa4
C1H8NG9fLAc
C1buN-KAJ7M
C2OHQLy1c88
C32_hZkCGjA
C3V_vyinuZc
C4Fy9deDhQo
C5L0d5acS1w
C6nHoAyZ44E
C6xZfI3DSPk
C7GFwqMxPtM
C7mVTdISh_s
C9-BLK6p3j0
C9g_IXRVohg
C9oxVjlkM2Y
CAbCUVhYRcs
CBEzdrt_d40
CC9rzOiFOOQ
CCT5YcqKaCY
CDRa3UfRS6Q
CEIulTmz33g
CE_i85hmMbI
CF2XlAMuL-w
CFJBKWUWDh4
CFLu7w-k00w
CFnm4ZjbanQ
CG4SPhWCNVw
CIY4Pxoj3n0
CIp6VjhmtMU
CKWPs_VIjeM
CKYgc66TRkI
CKga-vXrL_U
CL_EAqqWz50
CLkbitGFtjw
CLlUzqmnk-0
CMfIgsoWGdk
CNIAA_laPDA
COAS1S4RXNE
CPEIpuMw9kk
CPacALnn01Y
CPv0ubyVaIM
CQ02jeJul00
CRigNT3540Q
CSStOy3SzQI
CT8c63MbJo4
CUeStuq9gDk
CYD02cm1Dio
Ca4HiLoOAKo
CbXZHnwvH0I
CdFlmqu3Kak
CdMDIBwtO8Q
CddhYTP8Kpk
CeUt4waIASI
Cgge5EHa0oY
Ch2gIedrDGc
ChDmBEhxDJY
ChxwvzpiQ8g
CidJP8Va-MM
Cj3Byt-ywas
Cl-pTOhj0Rg
Cl12IfJLc7k
Cla7pc3fkLE
Cn3W7QYaWGg
Cnf_QBYvVOc
CoDI4VXQH6A
CoUd386FJKA
CodCjMrYB1Y
CprtaFdSdoc
Cq-VLujBN4U
CrWe-cYfPBo
CrZ0dsZzin8
CrdNWEDKwPw
CsKz3l971HM
Ct5ceFavS_A
Cu50LftGp5Q
CuOw2-uojZE
Cv7Hjq62M_U
CvNHnvlUGzM
Cw4Cc_Q_Rgs
CwOMy0WjaaU
CwYSHSDgBrc
CxCL2lOLj3o
D3CJJMu8e4c
D3bGvbH-cqM
D4MOFr90ICA
D4iGFeQ3A2I
D4zojJFa0KM
D5WjuiZLaD8
D5b7PGPcUbI
D79BkG5jlDY
D7lLvl1H2ks
D7mp2eDNT9k
D93tigh86Fw
D9aU6Jp7JNg
DBsdsBgXYhA
DC0DRYz7gkU
DCqFPiJL55s
DCqN0cpEdSM
DFqVIqmGOrs
DGeA6IXZtJM
DGjtLw1PT3Y
DI5bwgoxU0c
DIsJm4rHSHw
DIyXeHDup4s
DJ2VgUDunQU
DLYfrrqU3rU
DNqrQLblOE0
DOmIa3sGTFQ
DQQ9BEXnUn0
DQkulCF4hwY
DRXLGdsFdQI
DRlk2dMmJDI
DRvcRPWcI6M
DTKky9BRpSk
DTXq2GYngCc
DTnBpSRjqTQ
DTzFLWT3d8U
DVrtHznhSFk
DW7XoolfZXU
DXNiyw1V_eE
DXWdPVGjri0
DYzOcONVPuI
D_1kuyrMJsI
Db5jeaj9ELo
DcShvYcZzw0
Deo07VAKg_k
DfGQHT7wQTc
DfVB73q8EMY
Dfpg62r3jhA
Dhw-Z0Y-Ktc
DihrPj5ZNRQ
DjOUryv48Rc
DjR_Lnuobes
DjydiHO6vfg
Dk8Bw6BGmJ0
DkACM-vq614
DkqlRjFJ9mM
DkrB02P8uuQ
DkzHph6l0Uk
Dlqs2pEXEGk
Do3VeFRiqu0
DoMQXclBO5Q
DpMz1_Up2Do
Dpk4cHQFZLY
Dpma8DC-bn8
Dpwah3xAN-0
DqMJjpRSqOk
DrX5cB7_R9k
DsHTVBd6b0o
Dt1YTUAthEg
Dtsh_DacG60
Dugqz3pfcuI
DurgrMcGbhk
Dw-mDyVSqM0
Dx2sGr_uGTc
DxjXpVpyQmA
Dyex_fLzT2E
E0dhjiqMpyA
E1DHpCTLzUQ
E2j50Fwp2Oo
E379L-oktSI
E3cQ_zZ3ozA
E4PM9_iVbyQ
E4a6wnrsf8Q
E4d2Ak8gca8
E6G80RIb_i8
E7SX1OlUgzc
E7_FmmCvMLM
EA6uUIH9FHA
EAZXS6DK_DA
EBCZgK3UfOg
EBFHkGHlLMk
ECO59GyC72U
ED9QqD8XFX8
EEEHlazwtRI
EF_79ivvBC8
EFjIy7OTOQE
EFyNp4WvZeY
EG3Om_2t0b0
EIJkwmcW3rU
EIhGBsZyo9w
EIxCbMd8luI
EJiasgxCfyk
EK0x_pVavuU
EKsxqIt4uz0
EL2qEnlIfoU
EMUOh1YdKQI
EMdo505Ekco
EMhX5wH6TP4
EMrh4BqSgPg
ENBoUX6cZN4
ENK7h6Mbhm0
EOBdv1ESloA
EOxlVoS_630
EPgGDFO35xE
ERM-L_6fGCA
ERTpuozMTx0
ESDHH0aBq_Y
ESe2eJljqVQ
EVJiPb073rU
EVqr6eoLKTs
EY6jSGntIFc
EYBbN66Povc
EYMCuZnxKqo
EYzIc1NtE3g
E_94RZsilkk
E_XvrezLpbM
E_iSeoTEa7E
EcCkyU2nUVY
EcCuKr4D9Hc
EcN0OA5QU6Q
Ee0ZLKAaHaY
Ee410SNrORE
Eev8hYM7n1M
Ef70TZ2qxMM
EfSlVzMHEWA
EflFqInbXJs
EhB89yyrzUo
EhBzfUKbddA
Ei7QLnd8egs
EiEoI2SKhBc
EiKmYZnqiQY
EiPwbvirDpE
Eiz2WoRBg5Y
Ej-hCrPROPI
EjASzDMCQYY
EktPTmTp3hU
ElT-mNIBInI
EmFnlGw1GOo
Eo48QRNvO-U
EpUDkop6QxQ
Eq7HOA5dZyw
Er2J4PyoXO0
EsFzAgyOTco
EsuyAvDDsKY
Eu4egnHra-A
EuAodgUrrbE
Euye_dzPIyA
EvY7GTu86Dk
Ew5QnnhqpAs
EwTTOQBnYCc
EwzzpgYc90g
F1JZRhO65cc
F3GiW6BtBkw
F3qjug9N5BQ
F4LrMQkQlwg
F4p0Da_cbzQ
F5IzhF7Lv78
F5NNHxpj1Hw
F5rdHhTvgDI
F5wpGN1kt-w
F6OaiHTShIs
F6_gTq8jXKw
F6xwyex5_W0
F7R5Aso3fGA
F8j_-T8KTqs
F92oSzR4cCA
F9kY3aiIzTY
FAAwcPtvU9g
FC4cS3n-R8U
FCDNhwZzg4k
FD0sVaK83wU
FDdN4t-foRA
FE26lZPYcJA
FES_V2q_fyE
FEy2MqBfYc8
FFDsdloOH-4
FFMTVO7lpZY
FHonBXpfSKY
FI3keHatBTA
FJW77ZEIRoE
FJ_pqt3WUjM
FJk-bnZlvLo
FKABURcdJpY
FLCsgT_SX6A
FLJFwlquX7A
FM2itqYVfxI
FRd5aD72E0o
FSHlzm9rIy4
FUgifFJRXrc
FW6FMQpFinc
FW81TAArj2g
FXedCHa0zPg
FXisAIMWlPI
FXo2l79GGwA
FY603qDaNaM
FYhHYfQsPCQ
FYqZKgT9mbo
FYx99PENL2k
FZ_JrL1L46c
F_cBiC537r8
FbTtSi7pIuE
FcE8cf8dQEM
FdhrFoN-M3Y
FdnhKJG6bYk
FeIMNDvYFaM
FguWkAoVsFk
Fit-S8Jm5wQ
FjQK7jF30jE
FjZYbt01mww
Fjf0qJQa6KM
Fk5ddjLl5rw
FkHDAKYy9PE
FoPqKM8hHaA
FozgzLU9VwY
Fp6gmJq6nS8
FpIge39h9jo
FpUzdak8EvA
Fq1-NSUfhso
FqGEPJ6Gvew
FqWm-xJ8ccY
FqckpAwJxyE
FrKG88QstUQ
FrmbADG-V0I
Fs-2HzURNcg
Fsx9ooYtPLA
FtHG9GnaijA
FtOArnETQXU
Ftx7dSW--Rs
FuAbZPcnX8k
FuUHXDtVeR4
Fur7Wl_7K5c
FurxQsMineg
FvfdYdLTM8w
Fx64Otp6SOo
Fy4MZos7ro4
FyZa43WIEW4
G13Iu2b5lJo
G1flPINasAQ
G23lMjSPYSg
G3ZuTtKn-_w
G3sFh4KYEuU
G3vGVnNfuXY
G5p8LzwXjEo
G6bjCp9GQsM
G6cZvdmSPQU
G6heVsEd2JA
G7QNyafWmbs
G7QU0D_Xhyw
G7SIoiLhDtE
G7Wkuxbj5xM
G8EzadQP2O8
G8ZpB2Uh_Yg
G97JoIR78jc
G9BQyp8Eavk
G9zIBqta_1w
GAxX-E1PGgY
GBTdN18MHHw
GDEImLLBkJQ
GE6oIoHo90Q
GE7e00ca8lA
GEStpkRT6a0
GFysr6zoxrw
GGg5yn487gA
GGqK-8qHKQM
GIgYUN55zGg
GLDWYYtoBuw
GNI5e0C9sDA
GNl1G5flDhQ
GNuUsSWK03w
GO4VmA-P4kI
GOPtNmixMUc
GP36UfHOT1k
GQmO_4N66Rg
GS1Uah0569Y
GX076RE2dME
GYueYcw8-IE
G_gIUJTUvHo
G_iXtNK5ZXA
GagxgmcnBW0
Gai1MQD8Efc
GbK0mD2LDeA
GcSlWDRZYos
GcXuabCM26o
Gd0ueIxrt04
GeAH2dLyXrg
GeLh2z74pZk
Gh7rgBiy1MQ
GhN9R2EL5zQ
GhTGbXWulgU
Gj6GjzONAD4
GjSmU63EDtI
Gm5oajM3qqE
GmSK4YFBdLM
Gmt7CqOclKw
Go3nztHp1fg
GopjQ3jyU5c
Gpe5Ac888gc
GqZ3ql7siMs
GqjxKh-7Q7I
GqpTIOJNh3w
GrWaBfUii6c
GrrwZ7aPahc
GsZYWm0qBoI
GstwdGbF96Y
Gt6wZ0k3gG4
GtQ_4dESsHY
GtTu1nEueNc
GtdO5YSovRE
Gu8DNVjCfFg
Guxu7ecjI30
GvFqtmn59bk
GvOdO4A_YPM
GvZRtvQuHuE
GvtNrz7Dkzg
Gvu5Ot08XzY
GwN8b4a-eT4
Gx4_EFjv-NU
Gxi5WKaAiPc
GxoAHXFDiAc
GyT3qvzfppo
GysFlh3cJcA
Gzdy37SYQXg
H-aNhxZqYgs
H1s2weYYR40
H2ZB6JN1u6A
H2Zd0-0XLBU
H2fEKVn7kzM
H2yH10biexg
H3IsMFrULHc
H4GtWK9XVgQ
H4oyEdAH4hE
H5AITu2SvcU
H5vdWJeU4Ng
H6Z6DiQrQuA
H6cZMza1bYo
H6echYOL5Sc
H7DJKc9mXVQ
H7QAmspNUYw
H7hDIJIMvgo
H7r4M38rObI
H94xPaztTbU
H9fPPgboIZQ
HAdnUYu78I4
HBNE4KqISQo
HC8MSMYQjOc
HCRmj6wx0Ik
HCZkMvXaTWk
HDF_lIAaY-I
HDHziuppoM0
HDv49bkV4Po
HE4XB3bYd_0
HEcrCXNCbG8
HGLV_JgtTVI
HGgpW-2eC-4
HHQxXUYNc0Q
HHw8o73m1ro
HIIAxPV-XFI
HIXDD6nk_ak
HIgQjjUJGSo
HIkflgnuPpE
HJ27hG0_jng
HLSI7yZmMsk
HLjvkCfUOdM
HMQomUe-eXY
HO-3CkHH3FQ
HP1cDnLnNPg
HPWQ_zlKeyU
HQyjnRYx2Q0
HTJ53jFKF6g
HTNzDRJq0p0
HUg3H8Ik5Dw
HVEID48jWbU
HVvyeROMyfc
HWI8EnYNe34
HXL4nYGtQMc
HYgU2tDTB-M
HYyW8qILLPE
HZ4pJXTGTT4
HZS2saoEXKQ
H_G8hI752PQ
H_ZJ6eoejsc
HaSpxFbaPR8
HcTA68L-zE0
HdapkTEv6Kg
HebnYlBKIws
Hf8Ss7Zssq0
HfRn92vl-H0
Hfbt6E63deQ
HgPfdZ8amMU
Hh9Ior8GLFo
HhIyEEdz73Q
HhhxTEg7DZU
HjV-bvF_o3c
Hk33RTkfvlg
Hk666DKNw5o
Hko5xpf8cZA
HlAzER93ocQ
HluaVxWOCuY
Ho8ft7B0-4c
HoO7ix5yR8I
HoUIg18uxno
HodnlGYrdZM
HofYZgvDW2k
HssYVoux4QI
Htwjl1jWyjc
HwYRgx8lQHU
HxOpSJcQXs8
HyVeoWUCLXA
HyZef8EEYwU
HzMhBjJzChs
HzYBrOOs6_s
HzrwgmOmG9w
I-ADn40G8Oc
I-fZcIc_O4w
I0HUMArFH_w
I19AOqA1-os
I1RIv87g4wU
I1suxev_yHQ
I20rJDgbf4o
I2IiGrRmXjA
I3ZAmdtdveM
I5sqIBaEQyk
I7QYcQUAyYU
I7XnnsCt6us
I8IfjaSmf9A
I8Pi_tmu0IU
I9qTeHb7bUo
IDaf-w_Cde4
IEE_QlWLQzU
IEH9bREoiG4
IGsXqMfALkE
IHJFOzfqicE
IHgMVf37VL0
IJ9HIN_CqS4
IK1Rz5aPiiA
IK2vPF5TVGo
IK3f-zlMuK8
IKpZR2NcFvc
ILf5cL9RnYE
ILjNSmIPfXg
ILx5fmTun44
IM6_CD78rm4
IMkXhYE__M8
IMsI-FpDVqs
IMxciOsAoPY
IND9ZMGWjnE
INVQ3wFRs3Q
IOKH6KB6A6Q
IP5GUMi2J9E
IQuBpjgJ9K8
ISpQRoGLXrk
ITpXrISPKo8
IU__X8vrpsI
IUgTRVISRjg
IWZrLm3SZUw
IWyaCsUTdHs
IX1hEdwQOWw
IX3HjQB99ag
IX5E1L8lob8
IYc7qQAOZCo
IYpY-FkWTXQ
IZ3olX-QIH4
IZ8QTSmRH2s
IZI8xlh5_f4
Ic9aw_zd2v4
IdCh1ETfKAs
IdUMgkU89HA
IeEswM1xEEc
IiB3jbFhd-0
IiZ4PQvma-s
IjA-RF0EPWE
IjP0KGxzffg
Ijzs9fYeM3A
Ik0b0ohkWgA
IkJQ5qNsAtc
Ilgyb6dARVQ
Iljk6dw9SHE
InChJK9NhDs
Io9P5xAd0js
IpMc-aksHro
Ipu8xFbscoY
Iqnb8u567Jo
IrFwOpTo8O0
IsQsx583Ec4
IsR5B4x1AkI
IsVqOe07cdY
It5bGm-RBVs
ItNFDRJp1Xw
ItthjrJ6kqE
IvCj9tWblho
IvyMK7soQMI
IyAxwhKCCAM
J0Ckl5NJvDI
J0syags9uu8
J1px_-lLiSQ
J1xXFaTovq0
J260dvQ_nWY
J4JLrR5Ic9U
J4m0zwmP9Q0
J7SW7kb2rpo
J81vOKKkuTs
J8oRcCdw4EA
J9JDJCGEiBo
J9i5fpdPZTo
JBpUAuVFk58
JCDkl15j2jY
JD83zT2FPdk
JDWIxWpzviI
JE1ia30dWNk
JE5cAgmxoTs
JEHXFpiO4kw
JEX-chkua0s
JEzp3oFuYDE
JGeRQSyQYNw
JJ8_8RM27Io
JL8qyM0GnxU
JN3WR-0fOAs
JO5VaWVfs4k
JObJtYOhV7U
JOh0PVUFhIw
JPPlM5kdS8M
JSCRFM-Rhag
JSKpBpuY5ok
JTIJINcogj4
JUCnnWjNzSw
JUk9WCD-QtA
JUxA05h6rvY
JVTvQ3EsA9U
JVtxt6g33vA
JWKUCqCLs34
JWVfmp6n0kM
JXBpnc58nTw
JXhRf_7XZ8Q
JZPPOkiWW5g
J_6rZ1xxawM
J_I2xauPIYU
Jcc0rqjqCv4
Je50aHBbI94
JeBxFsSNRww
JewciE7Dp5U
Jey_qutbclY
JfStu0Ox08A
Ji6g3OWRDdc
JjNNFqXX4tE
JjR8ui46ziI
JjWT-GRRIa4
JjaWPvOQrKI
JkTteUjmZUw
Jln5XZfUA9o
JnuBV6Xl8s0
Jp35bA5sIyw
JpySSBcKxHY
Jqc20TXL5b0
JrnRo-dOVGw
JrwUzkVYbbA
JsLOlEbBVfs
JsTyabPW_eU
JssHzGjGO-g
Ju2qBx1cu_8
JuAxStX2zOw
JvQ4kSGcFEM
JvjS6VcH7Gs
Jx1Y4m_uOI4
Jy4GmqMT3LM
JyDPhvtCdyI
JyGbzR3H-yQ
JykQkatJrFE
Jz_IrHF0Kvo
JzpPOPgXqNc
Jzu36NV_XB4
K0vOyDHG85s
K1mrinh2hys
K1usdOW4RyI
K2a8Boq_95A
K3MMm5xlu4M
K3YoXBBVmgM
K426fr86exg
K5NfpdrAIko
K8Mr-4_vwZQ
K8yHPiycD-I
KA0IUaoXSew
KAddSLV0row
KAgHGfoolzY
KAlqNuQ5wyU
KBt64TsGXFc
KCTH_uvhMVk
KECq5uJaeqo
KEE_R6pgWkU
KEYQ5_HuRZ8
KF3J-XRafx0
KFVYiyW8-_k
KFxCzzlgNlI
KHI2Zf9014s
KHKj7cu_duY
KHRAb9ge9zA
KHom67aCmk4
KIyQfWQJvD8
KJQDch6C4MM
KJRsJCkJUiw
KKItF0-RXJ8
KLIBSLe5HPg
KNeMhpQa-RI
KOKn8fVwOrE
KOKuJkDrSTI
KOeBBDLY-2I
KQ3SEnprC0o
KRerWI0dWOc
KS56RfCvB4M
KT4jkVGLMSM
KT6aZQD80nc
KTBTuC9QXds
KTqX_-P06kg
KUkG85r653E
KXO77tdbTgU
KXZnxed3E30
KYYbHfTilmA
KZNw9OmE0KQ
K_JFuDk9DqI
K_trMGvZGPI
Kb1KydrMIeI
KbPwAMJPLUU
KcFdnvN8s8E
Kd5wK1TZCfk
KeBOC2UEMUw
KeJ8NTszd_U
KeeXgFYDELM
KepYoASoduU
Kh8_urgZ3Ys
Ki2Gfv_USAk
KiIA8VtrU6E
KiJn2wumvF8
KjSnP5v5TEY
KjuURQo8VRc
KjvVtVb580A
Kk0z-ybvBE4
Kk3i5KUgBpU
KkZWWrzFIOw
Kkr3DUvh26s
KlzfUJFcDxw
KmX_9F1GCzU
Kmtva4RiXuQ
KnvQdhl360w
KokUBSDVvDI
Kp_k9PNu2XU
Kq7oDLAGtYc
KqffKNae1HI
Kqm4ANu7syk
KqxBpqsUZco
KsBOSghff70
Ksm89JD1X50
KtEG-R8pm6U
Ktuw3J_SI7Y
KtzgnO93Ve0
KuqBugC34Ak
KvxZM_djApM
Kw-Gzpyz7Bo
KxA9NT4mmQc
KyAR1NBilR4
KzV2gYJG5oU
L-BXdyPAj1E
L-v8CiD_lzU
L09YnMSSseA
L0AM_vBDieA
L2qiWgXP4tk
L3SXtT-d9pQ
L3tkn2pZ34M
L43Uq3le08Q
L45DOCS-Vag
L4_tA_-M8lI
L566cwDhLxE
L7FE0Cfn0dg
L7lOCIY0MIY
L85ZUe96lNw
L8gwTvAVfh4
L9gbLlaw_-I
LALWlBh4Of4
LAd7TsiULd8
LAgXh9UgspU
LAqJjvrGTuY
LBBsvlpa3gw
LC5OzK_OjOk
LCZXfzYAq1Y
LCfjF8Flel8
LCnmJ88ohpY
LDECB2tD2V0
LEoEky9aR7M
LITZD9yjAcU
LJL5mdpcIa4
LJqUE4eDPXU
LKgU5sRgFg4
LLffZtKL9RQ
LN0OYZbU9AU
LNWS96xmzgQ
LNqzwcAU8q8
LOBZoNhDCW0
LOXlMROHAzU
LOpS1VFyjU4
LPrMWR0auQg
LQnJISq-_EI
LS0KL7V_Pyw
LSil95-6epY
LSx1jraKAZk
LVkYoVm_IWE
LVsZBNvTKAY
LWWGE1Tu748
LY799tltVag
LYsVYVtcVy4
LYxpiAaAMp4
LZTwHA4aVJQ
L_S8ybAI0PA
L_eBfVzsj6Q
LbB4mZI2xyg
LdTDv5d0blY
LeADrNEZ3sk
LevJTSwUupo
Lfo9S0DfToY
LiojMLm6KK0
LjJIGv88jT4
LmG-uXC2LaA
LmVI4a1t-z0
LmgE2dL7xrY
Lmx_Y08QOgQ
LnlK12_AKHE
LnmGbRstqNI
Lpk-O9A5dNM
Lr296a0s85w
Lrv1f6DxOrU
LsYawGo4-hs
Lt9lx2TZeN0
LtWnvjlDNPI
LtpUKxg_evk
Lu2XZ7ALnUw
LuDzGH50HnY
Lub47Wc4Tl8
Lv2L6MtbgY0
LwXTzUEeo0I
LzEzK2D24-g
M-nH4qCjizc
M1BMSqIq4ow
M2TStZda2gU
M2mfgFP6X5Q
M3B0WQuB_eU
M45zga2cK4Q
M6smbyZq5y0
M7pypTCNUiU
M8Rdits47mw
M8W9znnk1SE
M9s9id8GSGQ
MAEJMBLzfuA
MBsWqosRSeA
MFSxacGqgMI
MFkBoXhl5SU
MGBcJAFR7u4
MGMt82is4qw
MHyul3xbF4c
MIUK29yyvZk
MIm4lIWj4kg
MJGm9Y3w36A
MJukxAAVDUo
MKHGMHSKWd0
MKebsjDDZrE
MKyq5iKKLJI
MLnoh870wtA
MMD0fQoohsQ
MMRVZ-G8W-Q
MMxk203yZbY
MNjwVcHFtB4
MOa2IodUAU8
MPuOSmwUxiU
MQkJpJzZkn0
MQqavXlyK64
MRNZEtvBjAw
MSlAmCCKIJM
MSuH0dx7YoU
MTQzPEXfybc
MTYLHLf-GeQ
MUBDBq2IDA0
MUV1IPaHYfU
MUYgbZk1WYw
MVxok7qud8M
MW4MMhIkuDg
MXV9FP-iOjQ
MXaUbWCKXBM
MYgE8nwyhDM
MYng56t1zu0
MZ9lQSASME4
M_TkVyr9ICQ
M__oC5R0Pjc
M_pilXlKGh0
MahcSFgcHRE
MbmHr5WwajY
Mc568KnuhmY
McMP5Xiq7Bg
MdSyen1fC9U
MdsUwijbi3w
MdvqhO8Kn9E
Mf8eIknO3a8
MgInipC-Tk8
MgZiXrmMvrQ
MhHWWtTM1EY
MiUl0k2jRyk
MiutKLoMYPo
MjE366m3uBc
MjTf1DDNps8
MjlJJL9pndw
MjuT1a5PuYg
MjzM5WpWk4E
MkODYkOKWz4
Ml3QhjqXJi4
MmKH1vgHcr8
MmLI36e6NSw
MmXt49lNQYk
Mn3q3IKgrhU
Mn9LjSbzS7o
MpcXOV_K0Oo
MqEiIwrGWyk
MqsISUM_nqg
Mree0trw3m4
Ms85A5TVBqk
MsG8IK0-dpk
MsTBz2T9g1o
Mt1LkEdfkp0
Mt2OuZprfg4
MtDUUjK0jPE
MuUJLEf3ENY
MuVfdql-LPg
MvlB8H7ldNc
MvmhI0a21aA
Mw3J4RoTfC8
MwsRWnhP1lk
MwywZB4ouZw
MxSs9rn0kcw
MxW-FnGqs2E
MyqAC7kBDw8
MzBXMa81G6A
MzNMQlU4Yp0
MzrwkU78mlw
MzsTS2zmtAU
N-v5aC-4tRg
N1BrMZIPdo8
N2FJq6ZxvR0
N2d7aHxgWGQ
N3V6i2yC4CU
N4HCPBbKmcU
N4rZQLkQ5D4
N4rhd1Se4Do
N62LoIxMJdY
N6QmIRNrY74
N6ss-iEogJA
N7J5kDMJTAo
N93n_BbN-mA
N98v0DesHi4
NAanaaI0CJ4
NAiqDn2tg4A
NCFE0Wuy7xM
NCy5AMWJfec
NDocD0tOMmE
NEIPGIKzagY
NHNnKpNnXXU
NHrAFeaO5tc
NL5IgPeyDHg
NLfXXJeMsxo
NNgFqRhvtc0
NRH2We8jmzs
NSVrhyEAQnQ
NSc3mdV8Nyk
NSgXqQlOEfI
NStm2Df0XWY
NUybw1rwi4M
NYDn7ka9Xv4
NYr-7U0QeVc
N_47r6UKnoE
N_nnjOjz5pc
NaUXWOE5l24
NaZu4UXea_A
Nazy_rOMW_8
NbIVSqIfI5I
NbSsezB8lu0
Nbg-dx0U80c
NcHcz_AyzfY
NcIsJiyLGCw
NcUUJdK78F8
NdE3iX41YtE
NdcyzaW4yAc
NdkSSLAfsYM
NdvGi5EFH5g
NekG3XKY9k0
NfFQW6waHIU
NgTxc4y68go
NgkqpUV-sqU
NizVDzMhcGE
Njr_ryTaPR4
NkGR2CosDCQ
Nl2UZJER-r8
NlSlOJr0bHI
NmED23ApXBQ
Nmd-Fv6-vuI
NnFHi8OruFI
NomDu6l1oEE
Np7dfS586oI
NpKZTVehzbE
Np_JLNqzqBo
Nr2-ez5E9Tw
NrwSlrr1fMo
NsEPBh1XIig
Nsub4mI7pSw
NtiJeRDlRJE
NvZJb_ydvUk
NxrcHcYBNe4
NyiOQAD7S_A
NzF4qZ398J8
NzvcY3lUk6U
O0MuRlUDA5Y
O0R1qrrq0to
O2KmDOeH0Lw
O3NLIZvFEsc
O3bLzv9L7JA
O43SgwLjJAo
O4vujAjDoe0
O53P9LONd8c
O55D0kEuR_I
O5nNSBZUd3U
O6Azona-QHA
O6HjWvkrJZk
O6LI6AHINwo
O6YC3KP4HDM
O6po4HP6-wU
O7V5Cwc0njM
O7ZlT4iIUUw
O7cJcKsG0-Q
O8_fkrDjwzM
O8bPmpShcDc
O8vy2BHeulI
O9MyaWvLiZU
OB60F9UeC3A
OD71lLbuJno
ODqDtx7vpok
OEXWwrY1EZ4
OG0i3H9F0dw
OGAFypg_E8U
OGzwkwTifrI
OILkF8zSnwY
OJ9xyw3iHnk
OJXCSKXg8g8
OJlzaYzr9NA
OKp0nanspk4
OLxhyu9fnC4
OMGp2CEbggM
ON_PqCakiqM
ONm_r0J0L6U
OO25TrVo_dU
OOzAQj1Qx1E
OPJqDFugTq8
OPTuClYVDdY
ORcn0UEmISM
OTGEnmkH_5M
OTj_R-c1KiY
OVR6kdJme-c
OW9KuCQiIDc
OW9VV6dzVlg
OXB-IPWlyrA
OZO0EBoO1Rc
OZO4fmY7ink
O_7RsSUJY9Q
O_TbMwTpcuE
O_ZwmsZBXhY
OaGXJ4gpPoA
OagLVyIkKYw
OatZCPw2HHk
Oav8a-SBVic
ObW66aT5_Xo
ObXifGEFDPw
OdGUOhf92-M
OfKKQVYIKSE
OgDu6BSct4Y
OgNEycmEGJY
Oh53ZpQBP9w
Oh_ly8jCpTA
Ohl8uZZeNGk
Oi1YdnzfVzw
OiLTO0hgdkc
OiiBtWbcB08
Ok0C_p9Uzzs
Okc_0BORtZc
OkxXZKeOWpM
OlnCd80U-9U
OmSMxonZP2U
OmsDcpFeR3g
OqAi61YrkBc
OqSKZ8-lfAo
OqT1My8PO2E
Or6bzqqBaFA
OrRPFGemO4s
OrZEZQTvIaY
OrjdUTp_PDM
OsJhgn3nPd0
OsMdRJA_pW8
OtM_XoBMTjs
Ou22kB-F70U
OuzzqA50uk4
OvG0Z2aDoOM
Ow_OBnhiD04
Oyhy_jNhYyo
OymGGEEhlVA
OzmhWlymySI
OzqQruPO1W4
P02yuRBqj8s
P3i1F3Ys9bk
P4xoK_g3KNE
P5-SaA3b6Hs
P69JX89yafM
P6PSWb3HWo4
P7OQDWfaqPE
P7xsLgIgGhk
P8Icn4xMOB8
P8z4wWzLChE
P9JVQUiJYsk
P9KJKAKE7wM
P9cTZyz6jCs
PBzbCbM9ziE
PCaL8prHQyE
PCv1-OcuKgE
PD2EP1TiDrc
PDQwFpQGkyI
PDRFO3Ie5pY
PG-J4yup7tE
PG9W_LbvraY
PHqM56G-FwM
PI1mxRwycdU
PIWTaDDbOqM
PJ0TlFYpAXY
PJfDghWI3mA
PJg0wU5iBhY
PKOvmA3GWGI
PKYLBlN7sXs
PM4D9uXj10E
PM8eWCw68b8
PMsNk-Qcbb0
PNI96_W1Pig
PNPFQ0zTeSE
PNdUz_SZTFM
POGvOkqL7dk
PP2z8EuDZbk
PQPvUmHxZSI
PR3bnsm3hD4
PRG3CaebjwM
PSiLlx6nIRg
PT1VPhPuP-0
PTTGCHYBbCw
PUJjUxyIwbA
PV5i7-ZjYcA
PVAdk_rRJE0
PVL1EKUKExA
PVMnNM03Cxg
PW4XyfgRGUU
PXCv2Re8osg
PXwTYmt_Et8
PYcqXaFtZpQ
PYfQoV8Dczc
PZ5lpy4jMKk
P_HnIZYH-Kc
P_OPSYwZveM
Pbk7NU0Mxx4
PcUdJq_o-2Y
PcV8obBh6IM
PczPG3QCs-w
PddoLJON2rw
Pdgjwy6LSfw
PgDbHZpJuCc
PhacmQHnSBE
PhqqCk2jBWU
Phzn2zryv64
PlF8ZZAdC84
PlL00V7TDxo
PlqCFDKx1GA
PoUsw7_TZmw
PoWGibNhtiw
PobfeGCzIdM
PoxAOqYvo2Q
Pp1qChzO7NY
PpHksut_R_8
Pp_dmogn5io
PqRlUV4TCO0
Pr7dUGYX50I
PriGXAW5BUY
PsWYC41yaiA
PsbQYwbPaGM
Ptbn3cSSRn8
PuV4816M8_4
PwqGlXNpXWE
Pwy2KcvjxMA
PxWUjj8vae4
PxdfbFIEbTs
Py74DaNUaBA
PyGvazNyeDI
PyZcWYKTk1k
Pye3ZJ-QKZ4
PygoKC6gL8Y
PzLHPXFT5I4
Pzh9isw06TI
Q-34OU0tzbc
Q-CpnkNvefU
Q-bThOFgKqg
Q-uYdqigon4
Q1K7sGzvReg
Q2XBtyLvzzU
Q3Y1uGZA2g0
Q3wQHRvRJHU
Q4EW4_M-zwQ
Q4VLqpMMqZo
Q4X7qg1wXWI
Q53ykiZY53k
Q57Yqxz8Ctg
Q5jlY8_WmEE
Q72UkUM0mvY
Q75dIK0fvg0
Q78ws4YCqN4
Q7K6QM2XmDk
Q7WioUPqAzI
Q7p7EtSEshQ
Q8VIwV9tFZw
Q9PvPrYWwNc
Q9hx3Rs_SNU
Q9zj2BZM9fs
QADvjdNhhLc
QAwcVOaA4oc
QBoFPSNGQTY
QC7qID-vWUw
QDHfyslRBkw
QDqN3jS6wiw
QE01GymJ2zc
QEMvYt-jbME
QFoEWmsCb34
QIBwPJmG9YY
QIQvkHeMgy0
QJ3lYTEjbPU
QKYCvAz_Dvc
QM34IAJPirs
QMd09p61L9c
QMwZ1swB_IA
QOJELnFpG4A
QQmQH7pWz5M
QQumcZWKPRM
QRkf4ldO0JE
QS3xCw2iO2U
QTe5HLDKFso
QU1F37qCsmg
QUNd_v2FbbQ
QVAlvg8HfB4
QVbDaIP5Xi0
QW06gHZKFro
QW3liS4RbF8
QXvniqf0K7Q
QYC33WXgMuQ
QYktRpDZzJA
Q_pMGvLGSBg
QaPgA9mGhTk
QapQdtE5Ans
Qb2gLFzDqjU
QbCRRRGMx6s
Qc-gE2k6TTM
QcNfhOwJ_tY
QdGChteXuuI
Qdgzqj89hI8
QdlzS6_c9j0
QeBi8mJoSt8
QfJMXHBUJuw
QfSAP8kylkk
Qgo8iRwSaSg
QhIY0PAE9kU
QhdOcjS_UW0
QhuUzwE1CFY
QhySfmWR_-I
QjcISy8IyQ4
Qk_NA_ef8G0
QmHZw8BYdpg
QnfCq9IX7oE
Qo3a-KVr0uw
QoAQABgudVs
QopGBk2UivI
Qq2sMGP2rmk
QqbYgUuLGQY
QqfRU9PUTgQ
Qsfz0ZU5zrk
Qt7BOQr_AtY
Qv2xlsHY5vQ
Qy-Obv4iCBc
QyPj8omWPmo
Qyo0plIWOFU
QzKuAWsNz0Y
QzMk1Ut3PdY
R-z0VuP76UY
R1Z2dY-Gmd0
R26rx8Jbi5U
R2kA-LyCgYM
R2uEe9NtdhM
R5GLVxNuXhA
R5VbwPh42HM
R5xOhCotjDI
R7Kgf2WM_N4
R85uL0AyKVs
R8OJd15jB10
R8oE2ksghjQ
RB93eBF5nHU
RDeF89AVElg
RDgRl_o07ow
RE15B4feXfU
REVSRj1Ndvc
RFAYJoG4fok
RFSj_R9Z4qA
RGh3o-cIvWU
RGvxeTiDn2Y
RHznZRROqH0
RItHMQfblKs
RJP51Bh2DaQ
RJZ-yN5XGew
RJyLS6w3Cno
RK6tth8_Xrg
RKqEHjbKt4Y
RLffipn6_ts
RLy4N0b5Bj4
RMuIhVv6f3M
RNPk4FJwgbU
RNr364sSTac
ROBJriTGWUc
RQz5ZV10hH0
RRhH8x4I6L0
RSJjJTmV9Ug
RT6I7kIVwEc
RVgZGjKlKkE
RVo83sWRI8E
RWjaqu6cmb0
RWo4ecZpLOY
RXMydg1yIqM
RZH71igHIAg
RZIJNlPEWa8
RZdSOVolKso
R_gTaVxQ2aA
R_xINHfP0ik
RaOWVEd3elk
Rb1KXR2JLx4
RbH_2gI5cwo
RcghgZ3IR3c
RcvG0dX6C1g
Rd9tC6yMFjc
RdFCtGmWGw0
ReZfLgv8wKk
Rfcoo0hLEOI
RgZagMlr3gI
RkViQM_Ogog
Rl1VkMjMN1E
RloUUjkNTFk
RlzzfJDPN3s
Rnwk7rbUv98
RqrDykhka1M
RrB9FqkiAAo
RrjlqyhRFiA
Rs4zqj08ZwU
RtDdN7iIkf4
RuWle06WBRo
RvS6anSs1e8
RwYHVsqJ1Uw
RwdrYDXn_0c
Rx-HB2VrdbA
RzDd1pcR3uI
RzOimk5iRmc
RzYUtZG0lDI
RzvZc4xsso4
S05EE3H7RcA
S19s7RwpKSM
S1TKL_MWNzQ
S1_hR1KGZms
S2JnuVm_Zyw
S3bjTFy2uJg
S3dInORRVwk
S3s5KNKCIgk
S4e7TzeVth4
S5MKp-Gy8yI
S5iUqXv2dDw
S6YLdEVbkR8
S6vby9WHcPA
S7A5WNfGWic
S7PjX3VsJOY
S86If2L_Bqw
S9_Ql8fZQsc
SACT4Bo_aOg
SAijlUSdmiU
SBCUlf8jIHM
SCHFZFVboTo
SDiqhig10VQ
SEHOEGfQohY
SEIXuvWlFKA
SEgJlCpRZGg
SFUDmDj7LSs
SHyDxstqczM
SJJ428qYtj0
SJUck3FJNoY
SJdoG3GaiG8
SJs5zESJlGk
SK1AaaO9hoc
SKDpwDEw8fM
SKOogSknA-Y
SK_trvSKYDg
SKfU-N6f3aw
SLJ8UFxfUl4
SLVLA2CtTn4
SLmLMHfPTDc
SMQvORRhRuo
SMvpXvi8u4s
SNLW10haEUU
SNbfSK29kJA
SP1T64Tu3A8
SPa0_eniDeo
SPcJyygb2wM
SPsKMnsQwLg
SQ4PfhmYB4M
SRAsnParE5w
SS8ugOXcxiQ
SSOmx6SFSnY
STFBm4iOcsI
STWQZiaytBs
STXAjtBzcIk
SUcC2SrKIgw
SVtnzFdbFnM
SX0zM1YL2to
SXEb8vJJv_k
SY4jRSKSYI0
SZz_HWv9JrU
SaHbqEItPIU
Sb2OhAwMkZI
SbkHjhS6OhQ
ScJ2V9GaMYk
Sd7iTqC--TQ
SdusEU5tWro
Sdzg7UGZNuE
SfSIsODXA7k
SfT6hK1R870
SfizH2ruyIc
ShOAc1gqgMo
Sj0vSqd1h-Y
SkvqoXK394w
Skw7MMYvtb8
SkwR2QpLxHU
SlfbY9YWsic
Sm1Ytj9MIn8
So_0sUtEGco
SooBFPNLbQc
Sr43f28mU0U
Ss1C9cUtikQ
SsuUV7sZQVU
St0ASjvKtuM
SuAQmmZHjr8
SuBxSWQ6A3c
SuKOajBtsWs
SvAH5WLXDm8
SvY8DApS0U4
SvdSR5Nyxq4
SwhN7tSDR8c
SxzNg6JOhxE
Sy3b20FuKK0
Syl2E2wiA4I
T11fzRRD7IY
T1Eep9nNKfQ
T1I_QgVeygY
T1LkPvmDuRU
T1cgS1PatCc
T2dA6RX35NQ
T4_ilSrNJFY
T4cX1kGsW2o
T4mp8enCCnY
T5XiXxdsAYU
T5wZ1Q2sc5c
T6Ul0Xp9fWk
T77zPXIvYYQ
T7DScijt_4Q
T7YkPMHsiSo
T7hq9EJs1a4
T8OWu_z48gA
T8xOUJEuzzc
TAQYqcDp-40
TAysbn7l8Ow
TBVc9RGmnl4
TES86EhBl5Y
TFA0UY5zNls
TFsuzBjmyLs
THua7HgFuvY
TIHHS2YIa8k
TIfw9_wgwd8
TIznFg8mVd8
TJkhqd0y9N0
TJmaPZcYYDg
TM36CzHAEkk
TN7yE52qZq0
TP2uVMn-IuQ
TPLG9jOhduo
TPcXoI1hFFY
TPh27m6BjkQ
TPkLzTdnCX0
TQKgPN-dJ0g
TQY3lyz_324
TQdSPfHWtLg
TRQT7ISwmfg
TR_ekEfJc6A
TSIhw7sQU2w
TSq_xqc3UIs
TT4q_vm846s
TUnQq_cSE1k
TX7GYbUVgAw
TYxkeSLr3fU
TZiJhS2xiDM
T_NDNjaSb1o
T_rYd_88Tkk
TbfEFAqmgvs
TbfTCY2MmKE
Tbgc2667jPo
TbkdxmRNTa4
TdTH-kFiZXY
TeLjsOvAqwQ
Tf4VjiCrir0
TfNB33r7-k0
TfYT3Q7LDWE
TizyJfaVvsk
TkDRkHlDUiM
Tl0l-ItDy3s
TlTO4abYBNo
Tm1YwTWjEiY
TnNpU3bXNiM
To-jr6U9d9w
Tom_PeRvgiI
Tp-7Vz00Dvc
Tp5NfDH6boY
TpY98kzrgIE
TqLESOnpkd8
TqzsAHCyVWo
Trw1dNbazSA
TsSQkCw9Wt0
TsTIP0ahRog
Tso4YOMgjqo
Tt85r0ieLXg
Tx7mE_Sgzp0
Ty0qj9jFx_g
Ty2SyPfEH58
TyfKBJJs7J0
Tz_TA2YRcsI
TzmyiJtvR-k
U-5udesED7E
U-nW2difixs
U0ChEas1_CU
U1JUKgtmIqk
U2-lkg_SvC0
U2aa3CR_HH4
U2f5fHpm_Ng
U2jHCvLQ078
U5JF2w8hGKA
U6OEg4GeQ5Q
U6kf6M3RZkA
UA-vNBSC8zI
UAiaUm0DxbY
UBsKoA-97d0
UCw4Q6uTIwM
UDrPJyb81iQ
UEFCRC9mlUM
UEMYJLiQlno
UEsiNjLP8W8
UEzrLLMPPbo
UFQTcTzzkBY
UGLPXio0UVA
UGUFkVKLcIc
UIIYoW4RwYc
UJ_hmPpZ0sg
UJu3yQTU59c
UKCnvQMgRdE
ULBfCflvNls
ULEGasKPslQ
UOyZ8GWvIJo
UPugt0Y3m_8
UQ7pMuVOAwc
UQJbBYwhQWQ
UQtYOCeprLQ
UQtlS40IIcw
URGMr3jBk_w
UUwQhezN6Tw
UV9nrb5yaTo
UVisYZ74M0c
UVqo8P588gM
UWAJyg1_mQU
UWC2KGvwySo
UWFbJQB0N3w
UWJ5QH_SuJY
UWJkkxK-qxs
UWX-_PchxcQ
UX3jpd9vpAo
UXKTDuZNLck
UXcTJITQdc8
UZgB6kjW98g
Ua8CEVTa3yw
UaaMWmB1R8A
UbxTbxRwYFk
Uc8xBYSDhZw
UcETHIx3PEw
UcpAOwAPq98
UfWCLqbfCeQ
Ufg1v1CV7zk
Uftt9qwUo1U
UgzjQk_j1Yg
Uh_rSDdzubg
UhoBKnXcVwM
Ui98W9eAobQ
UiCjwNeySco
UiJxSyqyaQw
UiUabZmHCRg
Uiugm-ObfHM
UjDAt9AFAIQ
UkB-injHTUU
UkjjMBa1H0g
UldSrBRzifw
UlghMhGoKcQ
Umy2le0AdyQ
Un0H6oy10nw
Up7ujKMiyFE
UpXnPEnhAzk
Ur6h0lWWtzg
UsRjwadBWpM
UsXJOAwuOUE
Usvx95CfoJ4
UvIsDqlEjxc
UvToNOXPG1I
UvneO2860-4
UwKndkmaOtc
UwP5Mnutu0M
UxBoH6h2_ik
UyR_cRqRLKY
Uz3Ae0EWEGA
UzZXVSguK4o
V-jf0GvIHP8
V27ufsJtpwU
V5ajgQXrVWA
V5gP1r_tYY4
V5sz3zBgf-0
V6Y8s-fVa-E
V8I6BslgNKc
V8eJ135Z640
V95hr-pLQZQ
V9UErrx7luM
VBIo3KokHSE
VBTMWG8hXxA
VC8tu-Vj-jA
VCZxCuGRbyo
VCeYHkUp4sY
VCqFGwMBxqw
VDp7DafIgHE
VDrLRg5mDEw
VE6fXxMUHME
VEZ-bse6Zmk
VFoBmL29suM
VGClTrgxZQU
VH7X8se8RN8
VHC59Qbpr6w
VHY-aEHhgrc
VHdXWJwcpVI
VI32kMuZa9c
VIHqxgmVWXA
VIzaPq8r7v8
VJR0_njpl5Y
VK2Z9Z8aXow
VK3zykqJw3w
VLF0939dwgs
VOiPZZCly1o
VP6iUUn1wpU
VRYIE8wdyUo
VRpLnxAKOwU
VT76XoyNNYY
VTca_PYRvw0
VTgvsnZIWXo
VUHWRX14Qd8
VUX8XzH84Bc
VV61yk_aGLE
VVU32NHUg1E
VXssMMhIMTg
VXtaGrZ1oFw
VYy1X9JlNOw
VZ_Bhx5bD4o
VZll4FFVNtw
V_g4awFPLkU
VaJ81Jzhplk
VaTuFbGq4eQ
VbM94FTNrbI
Vd3_MDw6Fx4
VepP1SaDsbk
Vf6xMn7i05o
VfGQG7oH-CY
VfmvepXB8KM
VgRSZtKG47E
VgllkHU3EEc
VgznPGPel64
ViKptCjU7AQ
VieSNa3PD1g
VjDOhHRjbm8
VjZbi2gJDYg
VjgWbcpVZVw
Vk8dWyoaHRc
VkzD_1ZMOUI
VnDs3gohjlM
VnHtd_ZW_dU
VnYvnvKie-s
VoALjwrw1Ek
Vp9K7-9oYAg
VptTMo_91PI
Vq6WiS5UL4M
VqaApXbTGb4
Vqbl0qVMXs0
Vqkj8UKRghc
VrfB13Gsvzw
Vrq2cuR4jkM
VtGBgnUKG6o
VtooSjp0u9o
VvZqYRxvH6g
Vv_pLi9SvHk
VvmVRxdqOqo
VwEG6FF2-PE
VzhYXv7sNwQ
W-234njVxLY
W-4mL9WxO_0
W-G1ecrqNhM
W-kaGjeqpYs
W-rayXIckgE
W0FOza_yDLU
W0I-sPAxFsg
W0LtJC8Hk0c
W1Ch7nY2kAQ
W1yPZgvUHE4
W2MuygfboSE
W2_AKsGoIvI
W2d3IJ8uZhk
W2lxvz57sxw
W3oIJu_Z3nA
W4SEc4lu0ME
W5T6Is4avwg
W5Ur-YTJUTk
W5Zm44heHfA
W6KXTrXOFlM
W8uV23_T8BU
W9Ghh1f-Igc
WAMky4er5D8
WAcXTlWjor4
WB8aA54K6mo
WBHRQPC351M
WBoY469mEkM
WC-UOfO_ugQ
WC6u3xTQVBI
WDJRadl4bL0
WDQBipWNRoc
WDsar5zGi5w
WFCkgpQpuIU
WFYgswzoLRQ
WGSMwnwnsPY
WHGQoCA40g0
WIEkV5GV1EI
WIYlVG6gKGg
WIZ4bYL0nFM
WIcvtsf6VcM
WJU_3L4gTYM
WKA-jQbNqc8
WKVINB4IsjY
WKnootiQfzI
WNIzA5cr8jQ
WNOaw_qsK1M
WNazCFqT_xw
WONgEPQ_abY
WP4rahmwyfQ
WPFITjjYjLQ
WQ01j-yi3XI
WRWru3ovNIc
WRouyoNdvfA
WS8zSILwD0w
WT0OF3rTEbs
WTIkFoTlUaQ
WU1-UuJ8eQE
WU6ZP1D5kOQ
WUF4sO41-fk
WUuBrcVpSqs
WV1HxOf9h7k
WWI-AOarF64
WX-esULjZtA
WXcI1aZU_5k
WYd27MnAQkQ
WZ7VT9YCSuQ
WbTXHe4xFOE
WcADk5m-f0U
WdDhgP5hIdc
WdyoNH6f1rg
WeHb_-eAGLA
We_5fxfXmiw
WefMKj-5R8g
WegVwHXo2rs
WexoH47w_bQ
Wfoxx4yUG_Q
WgADAkziX08
WijlDukSmY4
WimZM3SDT_4
Wiulm1Foixw
WjGGDRmmjYg
WkpEV6d0rFE
Wl2tTr81Y1M
WlTXXWhzXCM
WmVW1USrw2A
Wn9dLXLr6N8
WnATaKCZrzc
WnXOqyh0mJU
WobcagmJSYo
WohNlOW45wY
WqAVAZRZaPo
Wr6YmwPi928
WrA3FJo4pIA
WrwL9wsTWks
WtF9nMxpSuo
WtVEPLbXlpQ
Wtc2V9MKks8
WuChxHvTOaw
Wuptc4rYUPM
Wuz-EzJ2gr4
WvHNY18AVXc
WxyIgYa6iFg
WyGTZWhiDLs
X-MSKFP_zeY
X-SIBqzgJu4
X-bE_lC-gjM
X183rimjl1Q
X18K33hPtbk
X33FVGT_D4E
X3fWbx6BR4I
X4WswDbcjdQ
X4f7ZtyoQsI
X502ir5Bhds
X57GS0xMYbg
X6i8b0lkbZA
X7r9o8sLkes
X7rJynw4wNg
X9CIf5eWUR8
XAb2P0c_jDE
XBPTJM62n70
XCIh-yJLsxM
XCT7Qbc9lRA
XDF3i910l2Q
XD_lGIc_yXA
XEXufoTnWPA
XExrYUv-PgQ
XFBDs3YFp44
XGX5gR58IHE
XHC43geh7Rw
XH__gVNZSkI
XJ8cy_ie46c
XJnOf7ktUac
XKmb72JYGS0
XLBxDPFmGPA
XM5zA54NGMA
XOBRgxRjPeA
XPCk5SiTKIo
XPN5Ybo9Owk
XPZAsC-B61c
XPkVihUcb8c
XRwOENGkWb8
XTFLhonTiUY
XThjwTZEHrY
XUYQVHqcJfo
XVWXy_-UtR0
XVbenIjWT_o
XW8ucT_A5Kw
XWR10-8j-Jo
XWTkNM5xCyc
XZ1ePNwqTEw
XZeL3n-7Yvg
X_QkCVgWY7s
XaHleWu6ry4
Xd64fi72J6o
XdbwQQALmCM
XeeBh_aYJ6g
XgGS3qZpgxw
Xhbp9aFAgww
XhiJ9X01DFk
XhpEY5Vii5w
Xj4uo1mogR0
XkVQ2iehRms
Xoejz2WYkYY
Xog2Zu7AkR0
XqGYH1eSAUM
Xr88yggU19k
XrCacvBl-Kc
XrqFVxtgfck
XsEA9D-CVPw
XsRE-m4GJv0
Xt4N2Cr1hbc
XvLpN-k-aGI
Xvh5CKOY9Uw
XwlFOxRSYAk
XwsTW485yq4
Xwuf-cp2chc
Xx4tgnHajyY
XxfdU-Vwrww
Xzxf_8igCDU
Y-k1UexuYsk
Y0EAeye39IY
Y0cibIa1N38
Y1bxDVG3ADo
Y1mw5XyZXiU
Y3Kx1ApoACk
Y3WPsyG8x5s
Y40CfJwOofY
Y58MXZAnNxI
Y5MqfCVd7uY
Y6GjUq3AAoU
Y6XP8HXaspA
Y79eak7vaOs
Y7MTRsuOc9s
Y9jjCCelv7A
YAPvr61SoDA
YB49KKwUKNY
YD4GPJO8wV4
YDC1H3Pphrg
YD_TwyTrIkI
YDe1cmlQ1As
YE_HKC_s7dE
YEvF-sHfBDc
YF7M5V5sbZ8
YHqygaaBdls
YIIPyo5Odxc
YMUIddpurzo
YM_OWESQ4QU
YN7hIp0LNGU
YPINI0Kh4zM
YQ_3Odxe5nw
YRznUVprF6c
YSv0Pjv7IXQ
YTYq-DM6cws
YUjM25GjSOU
YVPgTy9rOiA
YXGFZuUpX6E
YYU5_lhr5vo
YZ6Vc6d841w
Y_cCMhdhrPs
Y_k_QlEmgsc
YaCx2gooVl0
YaNTrpYRBkc
YaQ8x0-M2gs
Ya_CJv8Ho9k
YbRfXr38GQ8
YdKsPOvEZUM
YelMwNJVCgk
YfZ2-JQpCBI
YiobwnFxz90
YjIMidyLWBw
YjN1RdJon8E
YjfGHHaLRTg
YjluKR8hmKo
YkcQH1aAKSg
Yln84KFxP9Q
YltaSvp91fU
YmeMh5pmiWQ
YnMVeqoG_M4
YphbBe03rX0
Ypv1S8lBabw
Yqjs9M-kndM
YrELI5uRVW0
Yr_YuzOkERs
YrtaL8o6dcc
YsMPkT8VEJA
YsP4SiDOoBA
YsgZVzFbfsg
Yu1S_5JtKsA
YuFDVC5Bvk4
Yui12HuS20I
YvqX3uP4Hlo
YwC-pP8oZNU
YxfPXpXyKlc
YyObEJ9obVs
Yzfe5-nnkpw
Yzl7WdpGWSA
Z07Yy_4mdAc
Z0bHapBDv-o
Z1V97xhm6wo
Z1z3lc1lTko
Z3OlmUNR6OU
Z3nLywz_PgY
Z3zuhrk555E
Z4AUYRaEXvw
Z4hwzMP4Q_Q
Z5aLIg91czU
Z5cbz593oNs
Z7m3rDVHtTk
Z8J03qf8q6I
Z8psaKPTqUg
Z9DKlRTcNH4
ZAR4M5OKA6E
ZB8LmrGq7NU
ZC--maoH_sI
ZCAQRGIzcO4
ZCVWgocQdns
ZD-kiv32Ovc
ZDsVQKxXIUw
ZEaVHzUfbdY
ZFMiq5zDkJw
ZGEH_iKHLjs
ZGzTV9SBWnQ
ZH9CN5AcQn4
ZHVtNCy-DwI
ZICvmsQdDNM
ZKwbs7zVRqY
ZOHrB0lh3tU
ZOKcmq5rkPU
ZOYWmxfAFL0
ZOsppdxkR68
ZPnYgkUEsuY
ZPudu5eleu8
ZQakbDmcGAk
ZR-N9MH5v8w
ZRTM7fm3w-w
ZRfIMmc-EyM
ZT4-8UjF6c4
ZUD-x-DRxYs
ZVWZM9aJ6BU
ZVq5PbZRB08
ZX95_4hdOAA
ZXSk_qcZVYc
ZY23lin-eYg
ZYKoDucwFIk
ZZNm2ToBsiY
ZZP0MiI2lRc
Z_PdLqNWXCo
ZbAgFHfesDo
ZdMCEO9K-0Y
Ze3-BtQEb6w
ZeQcHAHx0e0
Zf7xtpbH3G0
ZgEXUAfUcZo
ZgQnmZ9YZNw
ZgZG0_s286g
ZgsnEpaUnOc
ZiT8CeEdIzc
ZkkC273iFj0
ZklrmM00vC0
ZlbYU17lBZc
Zm-jc3ZSr74
ZoA8h-kwzno
ZoDc318Q4AU
ZooGtBMyofg
Zoxlt366i0E
ZpF7eF1HO9Y
Zrt2gHhAlTI
Zs5F0axmRBQ
Zs8x9t7Zc9E
ZsLvT0_FZhM
ZsTZ7lGr3J8
ZscGmuyLv50
ZstEEfMJkkA
ZtiNVOEg0eI
ZuA6T1DJ_lw
ZuZ0zkCXpJY
ZubVZtJnZas
ZvXoeqpE900
ZvZB7vpjxos
Zwb6g-RAasc
ZwvLMFCHaeU
ZxG-bn_6ykg
ZxPCn2BlBp4
ZzP2MlWjk9k
_-coAGwkAcM
_17LWdezm1s
_1JFvcRRs4c
_2KMgWCJ7ak
_2pxjdeqx7k
_4tWXlA6ndI
_5V1e8Yi_a0
_5exjw33zys
_5j0lYOY3UM
_6ij2l4oL7M
_723_COoX6A
_AZsmNL-k7A
_AdeE87etek
_AkayZUFkqo
_AlcJJyaalg
_CFPOgzF7tM
_Dfqa8efCIo
_EUk2jkWUuc
_FMT5vGt1QE
_GREOa6MdUA
_GmNTcchUQ0
_HR6XlH4WeI
_IEmgk2i-P8
_Ibi1IfjuY0
_JnjNqU9Log
_JvLA1aD064
_NL3372F254
_NhcMaY9JZA
_O0MrVKGcWo
_Q4aX1gjfZ0
_RpOwk8qzhk
_S41b0EHvZw
_TP0jfulOF4
_TntrznbEdM
_UzdN1Hyc5w
_VTmEoNMI7c
_VXh-5B2HI0
_Va_G9BRswU
_XB26AtYq6g
_YC9OmvofCg
_YWubbI1yvM
_YepPUImwkg
_YzuHpIYI5A
_ZAfy0e3oF4
_ZsoCO3rkK0
__G31fTPlz0
__oh9ZdN21U
_b9ctKhBq_U
_bEZuwbfyLk
_bEmYCTzUv0
_bGThxtON18
_bo8nOJ3nUA
_c-WtWSnRzU
_cZkqtBP1lw
_ce-wVXGk-w
_dS7CREC1PA
_g65xDbY1Rs
_gOSKIaY2FY
_gXmTsUKziE
_giuJHQi13M
_hEYAcIyy-U
_i02GpDcax8
_iYDF4CFEfE
_ipmaYUFvGo
_j3WQLpnGzw
_jvnY6962do
_mxE2EuIrRY
_nRJPDNMrpI
_nkUHilLa5k
_ntOEAs9I4k
_nxHkRLc9nM
_oB82Q1fAuQ
_oG6mQ5rjFI
_o_JUR2KZKw
_oeNTTDdj5w
_oxPAEvgz5I
_p5rcLLltTk
_r2gSRQmmdc
_rBnGd-sGuE
_sdHkymiclc
_uARS9TtAKM
_ur0UyyBMIo
_wR5PY-kNb4
_xx4sUT2Hs0
a-2Z52r9NcI
a-F8GqCB9uU
a-Iw6tu7_uQ
a0TnjzKJNHg
a1home-5XRM
a1p_G3XdtGU
a3AguWeh5r0
a3YcOO14xiQ
a52cAYRvFhQ
a6Xs3K4VySc
a6eQ_lLg5r4
a7g--r7PWFM
a8aefUdIlOY
a93I2t7MFSo
aAABSbY3zU0
aBiOQQzXlWQ
aC4X65h9P_Y
aCGMnJLufOI
aCHO5YIJsDc
aDAP4a4qVbg
aDxH7ajVwZs
aFDBVm_APw8
aFayzgT4nws
aGYeNt9qGuI
aHCSCPGoBNE
aHD1ZF_EZno
aHLPcacgRxM
aHoeZ3pzaIY
aJ8KaWjJRNU
aKPDbGdmBrM
aL7c4uv3cO8
aLeNzNNygZ0
aMMeuS_IieQ
aMiUIu76zGE
aNDRBKl_wBY
aNgHYxUBKVU
aNsU1U9veBA
aNxDfhdpLhs
aOGmAE2-Ksw
aO_xlT_iAnM
aPyPpWfHHbs
aSGbQAHK8SI
aT2haaX-kXw
aTGMz_9aOQ8
aU-zZmy4ezw
aUXLmVwIrDw
aUns_vSEE2Y
aXwBLYqfGNI
aY2Jx9qAod8
aYBowQmBcF0
aZ7baN9V6GQ
aZdU44tNUgI
a_1NmpZVHck
a_8ssdlFSOE
a_SfngWkrLQ
ab98f6Pt6gw
abOIuuQgj7c
abTGy1yP33I
abZAVJNHKMs
acx-p9RGi_k
adymrC-lvY4
ae-SAXb5yMU
af3MwTyCmA4
afgaBIFz72U
afoWVi3LOqo
afwr4e4qo8g
aggnYnZiELI
agxhmqqzz4Q
aiONK2wcatM
aiTKSpMvCpc
ajIUjFEqTGc
ajXUaZ5bvls
akCC7n8FMwA
akhjaytDFH4
amNPaKzjsR0
anP_nGAVwA4
anSAGb3-cwk
ann-bMTHqaw
aoTZ5KEV33Q
apYPfnFqy9Y
ape8u0Gkt7g
apgum2C6Nus
apixsHs1UII
apt8uKIMjus
apxqVKgG23c
aqF8JdmRt8g
aso1dRBs2GU
atP_gDI1OpI
auKM2cj4FMM
av1VRzgti8k
azz6KDYqKjw
b-0QXdq2Kek
b0tGU_6Q3Nk
b22KJHOYqbI
b4h4Oqu22GU
b6IF4T0j4GA
b78vxgEg-_A
b7VyoYXfmVs
b7l7juRKUh8
b7tRnXR4IN8
b8K8wTK944o
b9GpA-vopnc
bA0sQA2-OB4
bAFwn-kXMT4
bAeExont01E
bAuYdvYWNok
bB-2TmOVx0g
bBhpUbgQD38
bByJ4u_KqEA
bCMO9TsfIR8
bCdcXIxe5sE
bClWLKOGP9o
bDmHiCVGmZU
bEd4Zb7hhiA
bEq2Or8QFQk
bFLx4D2CM4s
bGRcMsfjHkE
bH5mDliA4tk
bHAZLv4dfEc
bHVijTzGaAU
bIFnSkHMe88
bIUl-Ub08XM
bJ8v-LzlaOM
bJaYzkVwmxw
bKIsW_Zje2w
bKeLRyaHVqs
bKsSfghuSQw
bLJHJOFjg9U
bLT2cCZWTHg
bMT-EVPSXFw
bMf0Y1AEFNY
bNDLO17ibgM
bNuZCBD8s3w
bQUA1_Nm3Nc
bR4YXWwK9-A
bUp_M4YyTIE
bVwGY6Qco6Q
bWLg46klkfE
bWsj6kVm9-8
bXVrPiUGqSk
bXcP_CnhvUs
bYRq0_pe3mk
bZ1AY_Ocrag
bZ_XRaq_wM8
bZdsJ84otzI
b_18w7jZajY
baDXV8rpu8U
bagHFDS2HtI
bbI_qraNSJM
beDjJvd9Ytc
beUaH42PQcE
behNvRe-UTo
bhm5kDZ5kwo
bij9CWyEIJ8
blkgl67-zwQ
bmYWQireSx4
bnecn6wkano
boEAcGp_e5M
bsu1MCfYv4A
buuh0QH5Pjw
bw8ZvFb4LZY
bwlzNw7Jb44
bxoHYW7JDTA
byBW7afzAy8
c-CM_C1T3AA
c-H1XjSQX-g
c-cjcX1di74
c-eYJ81kdYI
c-zRtlUNlpk
c038e_5KY_U
c0R5IA3WEW4
c0WUw0-EnhQ
c1Slj6m7t2c
c4VkK0eqCQo
c4gYUQBNqgE
c4lnaZJKGvU
c54BnytDvPU
c59BKI4JFJA
c5WYGu2NIOc
c5stmPCVrmM
c6ONWMfxhJs
c92L92K3OZU
c9EQalwfAhI
c9tytTICzqo
c9w_MSCsJew
cAHg-UFuO9g
cB1BCJR1ozA
cDPZ00PWvUY
cDUWAw7sIYk
cDlUgdoTM1E
cEOyklomItU
cEfNCPxSRq0
cFgOB1AIXZA
cFlw4_eomTY
cJqYEuT1C2o
cLNXzlZCX-M
cNgZZ9Fh3T4
cNzEUMsyX7k
cPozIqh6GTQ
cR6aHSG55rI
cRjjvcxuy6s
cSNSe-lH6aQ
cTQwM2KpfB8
cTjlgKJ32Kw
cU7H6c080pw
cVCSGRy5sp0
cWGlWhsfCT4
cY7k7HgDRc0
cYg_f_TtJ5o
caA5rdGAFe0
caHBB276Czc
cbf9ZGogwvg
cc90I-Yj0eg
cdnP3gCMfYk
cfCCCU9rPIk
cg_tu6Ojf8c
cgu1cpuwie8
chz3coHuSPc
ciB83It0q7w
citvXLyx_o4
cj_PYIUQon8
cjbZaGWdhwo
clpoct7P4QY
cnTjbjgA8-U
cnjXuJvjahw
coJ1RGVGy_w
cpoMbSMn4F8
cqHPNnq_53M
cqsfIF-_ftk
crlHWiDELCQ
cscLT-Z8V74
ct-mBZSR_NI
cuC6xhTRkk8
culHBFUDmJE
cvAouzv7JW0
cvJIDjoYOpw
cw5TRTVWx_o
cwtamRwNvDU
cx4t8YEdKhA
cxOgBOTOLJk
cxlU8UolPhE
cy_pk-Djxzs
cz93rlfW5KI
czjme4D6Wzk
d-JsB8xKbC4
d-OjPcO1v3o
d0frFuKoECM
d1emB904D0U
d2syqYI2zbw
d5exEi7dnqY
d69JfVqhcb8
d6E2TBNDZwY
d6r2IH_rZWQ
d6v3KmJ-iWA
d7bBgri3aYg
d7tshuaQynA
d8v_QKmD1P0
dAJIRz8vhYY
dBUWdCkM9Nc
dCXSJemY2-4
dEXrDSGb3ZY
dEemHZYuMZ4
dFnvs1quNOg
dGh9BO33TJA
dGifho70TKg
dH6c9RwmsQ8
dHAicuY3lZ0
dHSJRzRSDlU
dIMgajM39VE
dIYFYXzLXHY
dJmdFKlCq7E
dKG-yo7lQmQ
dL0rUXFhT3A
dMfO_-XYXh0
dNxMZ2flZyA
dQ-mPLHXASQ
dQRbUDmy9uY
dRpstI7TIRE
dTwz0DGsDuY
dUPzEr7Gc30
dUWQtm_7YcE
dUpleIH4wQI
dYdxFCjyi4E
dZcBmb7OxaI
da5gXgBCn5g
db8zqWn4l18
dc7Udrd_52A
dcXhJUsj30M
ddw1E7bM4CM
delNVaOH4-A
dfoaB6y5l1Q
diNvcU_xWMk
diVP3VRhovo
djGJ49rQbks
djw_DSBm-cE
dkvTRKcsjVk
dnVcoblDHJE
do-EfRD9z-Q
dprtEAG_QIw
dq1zSgi46h8
dqLh4ZoMeR4
dqeFiB98ptg
drQWYEVkHKg
dtLBWLaodac
dthfRscaXZ0
dty3A4dZeN4
du_Rq2Szn_8
dw3DeiP7BPA
dwRe4Zl5nzg
dwU5qrpvuVs
dxB1RFvO-vA
dxIinwgpYv8
dxdtNZ6ZLjI
dyRMU-rFP6I
dywvlQ9r1Bg
e1CQQSWv19U
e1Ht-xqqT0M
e1tKKaqFhwQ
e29BWNg2g9c
e2Xet_nvimQ
e3DNYgO1xRc
e51bUB8A-hc
e5GXzQqBgKY
e5o3ja0yzGQ
e874AUNCJo0
e9Ggy36h27k
e9dO41BDCAE
e9zClvapuIM
eAK759rR_Rw
eAlceiBQALY
eB3CHfza9hw
eBP85K2eTuI
eBQ5i_KPvqs
eBQdWoCSyBM
eBSOkzytwYI
eBfDVv0FdiY
eE23Rief0d0
eFGZ7agyAUk
eFmMwfiH-s0
eGNSRTcWcNY
eGfOSJ40HnI
eH5lvuxvdCk
eHDhmolt58Q
eHGsOhXD8xU
eIA2p6n-JJo
eJ-ECtDQcbw
eJ6k1iGxqd8
eKOavnyfI08
eKq-iGkCSpo
eL9Z9-upEeE
eNHluiLxbO4
eO6_k-1Uyv4
eOPKOCkcLMI
eQ1Ac2Ubpj4
eQ56p7tDrro
eQx_qW6jWcI
eRf3-IWRwZQ
eTaBYF7JCgA
eTfWRNPSJXE
eUxBVExXeRU
eV3ue9IMwv0
eW0HarXv21U
eWh07D4zGZo
eXNXpVk8Ckk
eY_76TX1uo0
eYjm5wUqZl8
eYpe2MadzGM
e_7Davy-jio
eaFiECFd--o
ebLwhUGnpTE
ecM1uhNp030
ed6df7fSy5s
edm0rLyVILY
eeOts0V9M3Q
eemYsXUcTJ8
efEbQ-CcS-4
efYW5LuJTpU
efgEQzGaugQ
efleBj6Kfis
efqjAg5Ll94
eg3jLLts1ss
egOa2IK3LXs
egu8-9shUyo
ehIiXoGkxs0
ehJd0A49x_0
eiFfCnXCmpI
eixQzP1Stpg
ejLyP1fMgs4
elKhjgkP9F4
el_VzfVr3aA
eldHZ3E3q0k
elhaa4nJs4E
emFLqO5ovxk
ep-YdZUoKjI
eq2nO0ojFAs
erizKFnTTc0
es8jNl04gBE
evMSJ317VUM
ewcpmJt-yLI
exMBc5WDQcM
exTVHgZlTZ0
exjInAw5r7A
eyh3IFMKsEg
eyjMYPqR_I0
eymS_ADjrGo
eyxlebSCEQQ
ezdXBQgN1jQ
ezyrrdiSpps
f0pYRLqWIPU
f1ESb3PaKaM
f20azbapamM
f3aFKNEBhP0
f4jdRgfy1BQ
f59m6lAEkrk
f5bcQ5OK9Jg
f6iXPNwh2yg
f79SzFOkwMA
f7fL5SioFnA
f8dZ8ShCLiU
f997EcfGmT4
f9vQE9rrPZs
fB1X2nTeIMU
fBj0vmB0pp4
fC1PSBIuFo0
fDdRs5UwPDM
fEXookeA2Ok
fGTi7H4EJgk
fGqcGwZi27M
fIAD9vAM0Lo
fIF3WGmKc1c
fIuHwwg7krk
fIuN-_J_Sfc
fJ0KZ-wBOB4
fJ4MoCswMKE
fJtmDyYsP5k
fL2WXguxyIM
fLRRikwjGZ4
fLwNpKT9FhM
fMCHAGl_zng
fNApSMSHbZ4
fOWAZT7RltA
fS0PAN80hzw
fS3W-y7IAQo
fSBwlBdpKSg
fTDmPPN8u1M
fTEwUdSV0A8
fTLuVdBFoic
fTSboBRzh9E
fVRosptffbk
fVToMS2Q3XQ
fW5WjMxX7Lo
fYvE6fygZoI
fZ0nUkfi_2E
fZhl0dfx5RM
fa4qr2M6XfM
fb2zL7D-7BE
fbd0AYBvo4E
fcJplEZmZ9w
fd-ARbtROgk
fd6wYCdLlcU
fdNu8ps3l0E
fdd6QklEKo0
feDtC_CzNtc
ffbgfFNu49w
ffh7dwoKnpU
fhAJaS2vXmg
fhDQ7IMyU_8
fif8pOcbC_0
fmJcwkFYANk
fmPfSLbXMBE
fnIsRncCXJw
fnvffY5a3F0
fo-DOJO4gCE
fo4ReFfDRF8
fo7YhXswJnY
foTkWwrrpEA
fovLZMK5SKo
fpaStqkuNvk
fqCZ8c-wkDM
fqfiAaF8JrU
fqr51IQ0n2Q
fqre8JVl0XE
frSZGLaXTUM
fs2cZlnSgMU
fsaiPxDJTE4
fue5SLbQg_c
fuyWBvfmGZY
fvMI_zc7noE
fvxPq5CISqM
fw5ayhSHkgw
fxvapMme9l8
fyzLrBERzQc
fz-CsLehceo
fzK0VflI_jc
fzcDS8Jb1do
g-wZls10_a0
g-xsK2eOAvQ
g3GgP2WLb4Y
g4d8UoB-BWM
g5GF_6Tw0fQ
g5VWEv8oPcs
g6wXezeanzQ
g8teIOoVz0c
g8vo2rFpzn0
g93jM2VJ7uI
g96-OmpF1Bs
g9m1fljCtds
gAKvimH8eyA
gAPxk1-C7p4
gAxzMtjsSZM
gB3uvFA8-_c
gC-A3rA-l_U
gC_GKSTQYZc
gD9jFljk1VU
gEAACcEQozI
gEIpO3HAC-Y
gF3mh5mBv7o
gF4cA_0VA3c
gFXvuWIEoXc
gFjfqVr9sPI
gGIKQ_Q0nYY
gGdsydH93dA
gHbQY6KGEkc
gI1W9e9Vn5M
gJTQKyaK_0Q
gJWA-HmkCdM
gK9lEAo04ZA
gKAkAUiQrT0
gKQFO_waT18
gKe4tF3dleE
gLUePX0ZXgs
gLeI4lUvccw
gLnDQ8Cgs0c
gONK46-ufWA
gPBG-P63yF4
gPKbzxg_-D8
gPfusWHhrfk
gPuL8j6wCpg
gQgHy5PSj6c
gRc6TKxB_lo
gSL7cSGKOXY
gT5fPqmKgyI
gT7_N8ItGZA
gTVCJ7uVY1Q
gU8O6-FT6ts
gUKp6BE7Wc0
gUScBCM5wEY
gVMUr7Pcm0w
gVOuabAs6Lw
gW_m-ZgvZ88
gWaOyD95ReA
g_MJOwDcGrA
gaF66xfGegA
gb435MwJLOk
gcrU4Y7tQ5M
gdr7pwP3Du4
ge0ew818USo
geSHN2ZtxMk
gejJE3MlYpc
gfdw0RMttPg
ggOsLdbsG4A
ggYZgze2h38
ggcME_huTxM
gh9-NJz_2dU
ghkdsOFpcfw
gjeY4rIbqGc
gjiGwEMr0PU
gk1xGPivWkQ
gkcQSTWKu30
gkzetOFhJUA
glAJTI0ddx4
glBxqB5bVsE
gm9VhP_OwyI
gnQIL363EoU
gng0Go32V2I
gnz5eCShP5g
go4tK_jiEBE
gonjQzhAm8o
gp6qMAcAyiw
gpCG_TOijHY
gsqWbeQOXMY
gtBLWPKNjEM
gtxrIcahCZo
gu3nBWAfua8
guChxbty3xk
guI4UsUZpBg
guRGhiTElSo
gvf9yV2PN70
gy-ciqR961s
gyBos8Ebvrw
gyJNzqmlwME
gybxpUKLXF8
gygfFFqtVHc
gzeajw0DSXU
h-6ihcEltJQ
h-XA4Fqtah8
h-pj4CP8tc8
h00v5qsas1c
h0RS2_8U8c0
h0_NbhBB0QE
h19doMVpMOU
h1UhvfPv6BI
h5TGPpl-lkY
h5tUVGHPxEg
h7mmISljHFA
h8AxH5EZ_y0
h8G-eLWLylY
h8rh_4zctKY
h9Bgq3r2Tnk
hA4A0Os7GnY
hAUzhF9g5lU
hAbAlNupHFM
hBBYDSzeqlo
hC_AmXWn_20
hD0U_umURVE
hEm9KtWzYsQ
hH4TNqZhqc4
hHfaZ8wb6dY
hILoBtYgmKA
hJDeMuzoowM
hJcyqTd014A
hJqLWJ2h2jM
hJrr_COryKY
hLjnWgYC8sY
hLlTwCa2UBo
hMe3aqan2jc
hNydWOkItIs
hPZJA2Gwn1w
hPkqmqOnYCU
hQGg_HOW_uI
hR8ul1CIKVo
hRfh9IMebb0
hRsmXVlxJsU
hRt9GmSCisQ
hSEuJHHGDD0
hSctmK25e-g
hUb-5r1MZrc
hVF5qG79Jtw
hVKAVfxNRlM
hW0gLED8Ux0
hWUJ8nB8BTo
hXlOmmkDhV8
hYHY3vNOeoo
hYhMOKiUOUU
h_XLSnWBYNI
h_zQWCoyKZY
haBdZ852fdk
hahcEx3XXkQ
hay-76j0MlA
hc6dCSGxbDw
hcr6ew9WrM8
hdinXLeofXM
hdsvoTR5sVM
heH0Gg9CowM
hfwEqDDI0X0
hfwqYl99yek
hg3fi485Zk8
hgRdaQJ7oHU
hgtondzh5l8
hh1ktATSUU8
hh6_Idcjq-I
hhsgh-yiqeo
hiwnscYuT7M
hj_YKTcSAAQ
hjwq2fDsmy8
hkQFACJoOJo
hlAwgZ7AsHw
hnK5Bp--nPQ
ho5XhqgoMEs
hpLJcgaAGks
hpgmpY_f49g
hqUEPp2K8R4
hqbZiJvS9Mc
hqbmp12flZc
hrJypK2695E
hrbae2JWsFM
hrpIFpXvrKE
hsiuroxYdGM
htmiUmdIKm0
hynK3Bse5Ng
hz3aDdtO3tQ
i-1rmkiGG5I
i-Y061sCf8U
i0iRHk7SUKo
i22Os3sGVls
i28Nd4DK1Lg
i2dB_4x2iOE
i2iWc7AAwD0
i4CHPPeo8Xg
i5kovn3L9GU
i6e-aJGz8_g
i79TQ9BpG_g
i7XjlmB1bgQ
i7ee4-Uw7qg
i8_WvKwXGjA
i9PC49FiB_E
iAUsV2Po0uA
iCQi1Oam2bA
iCUGmXu-WAA
iCxLRhC66B4
iDutzu3PDT8
iEd00reasIA
iFMBtG-nX04
iG-gg02-AuI
iGtbJC3HeJY
iHIYvp4OAZg
iHeFY-ZHFjI
iI3chI5rUrY
iIlHZ5bgeXg
iJJWR9hNm30
iJTOs4YTruE
iJVs02w7ZQg
iLCBukq1YCg
iM545-RNfMc
iMWUg52X-EU
iNgrCrYMtfQ
iOB_2dI0zCE
iP4pAaObSIU
iP9-H3RO8vw
iPeEETThlzo
iRcBpZEyW0E
iRtFDvGORQk
iRws9m7u7ug
iUynWpE7lM4
iUypjOwGv9E
iV-kiXYNWzU
iVyjkyslOrw
iXvvcpld-b0
iY9b7ZTrrmg
iYBqse1O2jM
iZCvgyTHomg
i_h9NHbP6kE
ieP6fwhg-ac
ieiPspXbOBE
if4aiQwIgVA
ifRqjZUHbr8
if_pta3She8
ifcqwN457GQ
iga9taiKUPU
ihVI6yhLX-c
ihaVtGHNf20
ii1Zigq69Eg
ikMGabkqQKQ
il15Oexw0gc
ilnr5YdpG_Q
ilv_RVldg98
inMQp1vzaNs
ip9vb2jQNww
ipx_JdCkdUU
iq0tyx32pwg
iqMjKfbP_8c
irD4BZQ0-SU
irvQHygqYGA
isNIdvXaNbM
iu46VSS5v-g
iv7UVs5q1NM
ivFcon5l2E0
ivrnf5jvHqY
iwEKjiVfsOA
iwq-EimLQmw
iwrie1lETrY
ixnt0Qht420
ixoPnpcxTWw
iy_ibhp7X1Y
iyaUVRkUBzg
j-2bs3FdO1c
j-3-9gSkyjU
j-5RDdkfNcc
j0tmFq8-NWc
j1_RVcwREzc
j2H_wjDWXiI
j2T54kOeKbY
j2sRyHbcvAM
j3NNJxYb9Sg
j3kaxKhxSiU
j4asmSL9LO8
j5--RhjQR6c
j50azB92xqA
j7FHkGuDLVg
j7e-089JOLM
j8wu6BakNm0
j8ysWBnQn2I
jA8Jsq8RAxE
jAAaANquuqI
jBGS6Qgl0hM
jCMbCCCh9lQ
jCaQ3KWd70A
jDjD1CjrGDU
jE8OPOYapE0
jF8lpH5wji0
jFiFYuVVURE
jGMZCH5-MhU
jH-t5YvlRjE
jHXP3SyrzMw
jHYytTami8I
jHpRTfYCxPk
jHvVoRqc1F8
jI9q1vYWQ0k
jIPnZYEmm6c
jIb3ITsp5-U
jImyTdlyQQE
jKmQk0dWy00
jNFGZy9Vkpc
jOCc0IuaxpI
jOW7uPwu_IE
jOdX8owLXv0
jPfhL8mkW8o
jPjM2jlZpK0
jPspcVofymQ
jSQv5Es-NiM
jUkADR3aZSs
jV346L4Efdw
jWcwdfcwtts
jXM_AHUJUqE
jXTOrj0VscM
jZPpudUMGUU
jZZRVNiR1rU
j_7PaNh6j8I
j_a1-bMpy9A
jaiCt4ItFHc
jd327VDDiO4
jdCif_Dttu8
je8D1oKA96U
jf_HUwpNrdQ
jg1MOiOStFM
jixZJFCPeHw
jj93Vj6qPPY
jjCFtE-bORA
jjSfLiokHhA
jkszN4Q8HGE
jkyPq8ocH9g
jlOo9MGINjk
jlmGgcizGco
jm6nrD4fBCA
jn5CT7_KMzA
jnlLmbWZy0s
jq0knSV4aO8
jqBeJrQRMes
jrdbIx96q0c
jrnbew8wpRQ
jsQ9hZnKR_Q
juRG5UqfXOM
junOr384JOQ
juq6QYa54SY
jvLsrjXy3X0
jvoLIXN6bdo
jvyIsE8_hi0
jw13Foic3S8
jwwXQ8QlcD8
jxvU0YEDMzY
jxxfE_6jbHE
jyFIGuzz5qk
jyaI2s9KEx4
jzpF6cvfKVQ
k-NxSN4gUUI
k-neG1cD-Oc
k0z9lTT320c
k2Y010Gemeo
k3291ar1tpY
k3WdH5HcXHs
k4DfMplzPM0
k63RI7LhJRg
k6Vtci1tIJo
k8Q47cBA6nM
k9ovv3NjfFs
kA3JJlacg4E
kAIxZEaNQuQ
kA_ZGcYRPXo
kBS2oO70C-A
kBVV7QFrz1o
kBjDE5TWlT4
kBnu6-813Yc
kDWcpZJ99Dk
kEBE8OVjiXU
kEVkx_z1Ohc
kEXMZ_tWv9g
kEsVuYRbNws
kFc56ri3_uo
kFyt2me8kYk
kGX01jxRe7A
kGpOty5c_Yk
kHCuvYrmMLI
kHLLXN_xl0I
kINy46x_AHU
kIoixYOkkqk
kJGy74dII1Y
kL5T77B9u7I
kLmQXlfJ8os
kLq8eLOuD_Y
kMnQw7WPVqo
kMweO8PSmts
kNE9NIgZAck
kNIm5FAhcQo
kOe9Ie-LdHE
kOypPxQCi-E
kPK0nwgtu_Y
kRMT36UXJdU
kT4jVxLLjj0
kVNFnTtX5lc
kVmc-pOn868
kWLcFps0hUI
kWlTjZ9Fx1Y
kXDwC_xJXa0
kXzzVhTnCKE
kYZcOVps7AI
kZh1lUZLqb8
kZrr7Z4K2Yw
k_U4HU0jJ9w
kaDWFJTCgr8
kb5a6726AF8
kbftLWeaRMQ
kby1Dn0C4sk
kdYEJraRiYI
kdbH4ZIlc4A
kf3GXmihQig
kft1PznAvjQ
kg9gCL9w5LI
kgGcK3VlTE0
khEe5hShgbM
ki2z0KhJLlA
kl0OTS4b2Og
kl54zl6KcDc
kmNC7kPkHXw
kmW3L-4Wems
kmZmwmDUacU
knAAyebdffc
koNKtXTNWIQ
koUxrQ87sDQ
kpuObMkfWkA
kq-CWFxvHTQ
krrDsv2pb9c
ks5BeOZgThg
ksZbq2JXAvc
ktUuf0X9wfU
kutKj3yCJPQ
kwAW9UoxyKA
kwtd3-fifcY
kwvcbGbDy9I
kx4c7hywtrg
kx7RpsMxumc
kxRX8zGQBV8
kxXUuqKUA9Q
kz8okb5rk-g
kzvBoEreSgo
l-6HOHryqUc
l-DRkIr__SI
l-DUSXzi5_A
l-ut9xJJwpc
l0E6h3CLk_g
l0eQHoVEoLg
l0hV2BI0N4s
l1Nasr9gUrM
l1q-M1aG7Ug
l3OjQ-poQSo
l3eWkkyxvOg
l3mCZeL2AwI
l4E-fbnOOGI
l4jUr4vATD0
l5sdPYveXeU
l6u_i7wLKtY
l8ztHHg4JQ4
l9Fur0K4Y0U
lBXx4V8plaE
lC1eqkKMESM
lCh-dDz5VrU
lEaCwd6vzfM
lFjNCpmZBrI
lG5lxuRT1GY
lGLkI9HwcUE
lGTgbxCtsdc
lGkCWfsUShc
lGlDM9xSbZA
lHTPWKXX3F4
lIw3hIi3GtQ
lJbmtz3qa4w
lKjT9WnVAhw
lLhjmecg3WQ
lMJOapypt0A
lMW_lwoeyaA
lM_TjbnPWQg
lMhwlQGuUsE
lOxdTHCPy9U
lRX9_WhsFcw
lS8oggZdCFE
lSFXkDWulnU
lTYSdgg4Tzw
lUhcL61YC6g
lVcyUCuCPx0
lWPH7cGjMZk
lWc2g1f3q3E
lYZQPTdacW8
l_5GUSLLJHM
la4y4om_ubw
laRFGx6xq94
lajox7PdS2g
ldCp_WC8_0o
lej2NeJ1sL8
lhPZxBs8P0Y
lhTUPk8JRP8
li3dlTvPGZM
liDg9x1o44E
ljuE48DtLiw
lkDIIk-il4U
lk_N25famo8
lkwGEuV90cg
llHgSgRUMhQ
llX47NWC8LY
lnHITq7hHsM
lolKWla6d_4
lp_e27LJdCY
lqPTsNOpt5Y
ls8loKaMG5s
lsApq0Ds4Gg
ls_MUkmhc08
lsyGrGOyD9U
lt5UOVkDnt4
lt7Z9BKlTHw
ltbKVMKYKpw
lu80vFDgetY
lvuZKpgvKbI
lw6_n5JOTSM
ly7gMIqIiTQ
ly9ZvAPLLX8
lz_2u9gGXpk
lzu3beorMaE
lzxETL-FPdI
m0CO4FUs0Uk
m0JD4IryYSc
m16WLr4TvIU
m1gyXhzD2Bs
m286n9L8BgY
m38Bt8xaZFE
m3YCpEKAmnE
m45CyyfFwQM
m4jdcgjEK20
m63VmdipwCw
m6ETbjLqIps
m6Hn4mVCmPc
m6YGZwdez_c
m8V1egAvwtw
m8qiOh-vgEc
m9CyEbqBVzs
mA7Db2_SZGw
mAEnJY2S_D0
mAhdmn1esZw
mBVk2y1_5jM
mBfeHeRAs-k
mBnuVFr5y7U
mEOEou3IKtE
mEPKsGmMv0U
mF7Ezybvg98
mG1ChNGvaSk
mGQTe-sT2fY
mGnLkPhzxOI
mH4voiVbCN8
mHS7e0FdoNI
mHkXjEOQ7aU
mIIMRfzziwk
mKpGNRAXMO8
mL-fuosQRPs
mL64hHO9MqU
mMZEWuikm9w
mMf6BT9JI7o
mNKQUfwKVJ8
mNqiYMC_OnI
mOXmmKNSCus
mPHFwo3wuvs
mPRTp6XrScM
mPeNXGMFU5I
mS4bMJSBR_0
mT_GlkIYeCc
mU3hNPAsCHI
mUwNjhf1uw8
mVB_17Y3utc
mVyt_GdgKOk
mWE3thODM_8
mXVK6mJYewA
mXoZYuyrVyk
mZFWvT-i_9Y
m_4HmiN_Sss
m_I0Kl1rwAc
m_o5Zu9s8pU
m_s0lqhjLyc
ma9FGGjoXoI
maKoD6mj06A
maKrUt3CNPE
mancbzxAnts
md-3L_Ftr5M
mdahTKiLhRQ
mdhhThGzGEg
mdyGo3HXWEU
mf9qjpJ0HZk
mfTYarI2rvk
mg5HUmFwQXE
mgRm3laeACE
mgaWQQA75Ek
mgjqzcCTsYk
miuAl3iAMXE
mjaUlpkD8yI
mjxPqZ2enY8
mllmoeq2HYA
mlyzEOziOfs
mm5PAoxFUrY
mmRN7fAiZA8
mnq9Rc1Aa0g
ms2tA8nXBlo
msVwy03c4v4
msYY-LI4jJ0
mslS413Pfb0
msn4PjG1Okg
mu7Lni6SrUw
mufqesKtn1Q
mujt2donjSI
mvFhkcgNpaM
mweABnWl6yk
mxRhPoMMiO0
my1dxCFkkf8
myHAE_NDT-A
mzncmjLOUFA
n-FFqQc8B3c
n-SkAgUiAqk
n1C1vs3mZY0
n26RKqW1dUo
n2HT9-pq75o
n2jMXtebUAY
n2l005PHqqE
n2oktRO_p6M
n35Wuus72U0
n3fKWFTGz00
n7Lh7NSmQvY
n7gKz7P6n2Y
n8lpLgWrHGQ
n93K_emXggo
nDzPqxw-QNY
nE6_ylo8E9U
nEa1PuB8nL4
nEfZz_dyUqo
nGU_v_vLjuQ
nHNcILjomx8
nHnu3svqegM
nIIemjOnUcM
nIUcIiLHxXA
nJbW-Mh8C70
nK1OTK3t1Tc
nKLQwxX3-X0
nKQsX91qKtY
nKfmNu9_Mes
nKqK5Wt3uLA
nMIY5w1cdx8
nMq5hC5iO5g
nMr6sTAduXM
nODaFJzyAJU
nP-jrN3du3U
nQAan_sN5RM
nRXtrTifZK4
nRrhnP9cnTM
nSESPJa0qPA
nSpBHlVMytQ
nTAJYOrRiog
nTi6jac6jFg
nUQDaIsCH6E
nVw0EXlyczY
nW5021tKWHk
nX1wHloExy8
nXEKLANxrZs
nYhYYUYnDg8
nZqFMPHZXHY
nd4XK841COE
nddlfsdDmeU
newjdo8nFfM
nf60ZIa2b4M
nfsZgCsk-OY
nhhWBjGpJQc
nj8rLmzxERk
njQYGyFH3-I
nk2BV47iv5U
nkezgoPulXA
nkxCooHQfeY
nmb2_qtvGF8
nmwkMP8KlNI
nn417VUv4r8
nnCaL8iul50
nnhDd2WLyOQ
noIZsGTTNes
noSOTSyQLEM
np5i5oWfqAo
nrp8MzwJX60
ntN75aqQc_4
ntyVVV_9xaY
nuBvw9-5fxY
nwX4nOTFEcM
nw_55wmt9Ss
nwc0QVSFYU0
nwq5WRp8XVY
nx880a1bWHY
nywjG_N3kss
nzoOCbgO8CI
o-OY4ax8bCI
o-cfQWOhnag
o-rmNMxf4kw
o0CZ1v5U_y8
o0UeEVk7gfs
o0jGs59dxl0
o0ltKgN58H8
o0nfc12VQ8s
o1lf2z7rEgc
o23pUvMhl_M
o2Ywi9oEWXA
o2hW7-YfxL8
o3dluIzItD4
o4ArKOoLdJE
o5-uPkbtOOg
o57MRLYPvXI
o5kRDVJw6yc
o6VNi5hJpiU
o80ohHUWu2M
o8UGTmLN8So
o94Dc8pe0Ns
oAK82wWyobw
oAQyqVzYLc4
oAqOhQX0F9Y
oAv_-YfUAHU
oBJwDdSfBSs
oBWwPrWTW0U
oBc2wfWiw7g
oBgbodBereE
oCpnHItyDh0
oE6-wleX0ug
oFlyE2fqteQ
oFqxnW7reW0
oGUcGALTG9g
oJV56gC0mlk
oJzoQvq9_I0
oK8TpJKAgzc
oKT_LmICCaI
oL9QGajlhnY
oNMMSPAx-I8
oOQE3dwjARU
oOW0ldRtbs4
oQoJiew559c
oQt6Q8t-SnU
oRRH6ZnZl9k
oR_1S--oqfU
oRla6UYCt4M
oRpS5NQDoU0
oSlhnRsaoOY
oSpeVDl7LdI
oUOmy7x7i5U
oUR_4eQ8WYw
oVLsp-i1td4
oWs-e2OGACY
oX8qxqC0HSE
oXdH2dp2jto
oXhOCQ6y8ZM
oZOFwF9B2dk
oZkFTkRKCCY
oZv-q4cdlN4
o_8ebac0ZWc
o_ZYSz9yRus
o_edqiEbEfg
oaSv4AjmQzY
oae7yO5lO5c
oafk54TlZ-k
ob3HmGKTeVw
obEqbmLtiL0
od-LT1UPP5Q
oehFVffWCAc
oh7m_1iww78
oiNGFoxrYoE
ojDgRljkKFA
ojY4g68r8oE
okrEeuA1fcE
olZE7A0zRg0
onNWz9EdHdA
oo8gGYKSDic
ooQZkCnTSt4
oocp95_nLss
orJKh-tj4mI
oriEt5pdRRs
osbJ4Vwv5RY
ovFUn1jXvzo
ovR_IL-BMQA
ow9-ff65xtY
owi0sqW107Y
oxgHvxGCBmU
oy_mN5C_GmA
p0GJl-bn0bM
p2ERL8IA8Ic
p2JlWaWe3Yo
p2NyWpJ-4NU
p2zleDvCrXM
p3EKp3R14MQ
p3Jcg1NcRb4
p3e9HoVdoN4
p4BXXv4reyU
p4J8Be1wm24
p5SuT6RJxjE
p8Q-ISIKw18
p926fGTTpZ0
p9WoMpKW6LE
pB06zBlzOS8
pCDf6zubMYU
pCF-baqTYdk
pD2v0OCigrY
pEcQeoayo8I
pEqEHXqECss
pHe8V1HNiJU
pI4VMV9S28k
pI9xzx9It2E
pIKOoEM5gB4
pJKnAnUd_gk
pJV8A_C4xqU
pJp_Ff2rf50
pLW0GxyHEoU
pLXHudtkhNk
pLYTEN5y-4M
pMBhIpATHSk
pMGCt7Uwiec
pMhhDp6OGbI
pMr7eVZWUyM
pNDBAL7ywvs
pPIHJr2Dr0U
pQuUdXB_IaU
pS-cZ-yct-M
pSJVUgsNYZM
pSi9in50V00
pUO_HNrLDKI
pW59wklwoUQ
pWQW0axzztQ
pWgtIS8msMQ
pWvb0uM7f3U
pXIimVQsKm0
pXR44f18AFU
pZN3BQ7ftAg
pZN8xNTzVds
pZt98UNfBec
pZuhoSGa7QY
p_YmCuXukwI
paInRrrWoGI
pb81Z8x9IVs
pbzztfHo2oE
pcsoMBpPbug
pdM2Kj4yvD0
pdYU5BOBnTU
pfR6tcuWYYo
pi6QC2ib4a0
piCQfiVdlW8
pjVKIdyTr4c
pkpyXpCwr-g
pkvC7d06Wsw
plhayUm4liA
pnZo4mV4OAE
ppjMHzV0Uy8
prKmKzLDIzg
ptEdsMZuH-A
puHWr9k0A6c
pureQnTxWXw
pvFT0pcXPf4
pxF6UAtinJw
pxTAyS1ZOBc
pxft_9yIrTE
pxh5LLSeOC0
pxibRHNJPMQ
pyEmSSUQz08
q-oiIWrzlJA
q-vIi0PLwKE
q0B_9SazDq4
q29gXgpJT8Y
q2NjV2bMQu4
q2OeCFm1ASU
q2rDmpD7bB4
q3OvEwO2KY8
q3fxreoV23c
q3nP38VQ-dM
q4WmvsNuPdE
q5YoYd_JMvk
q6AlpgpNvFc
q6D1SQ637U4
q6rkN54QcbQ
q7-Kf7PFVsI
q7ZWZ60saeg
q8MriXWWQPI
q9ETXYFlddU
q9Lhns_lXcg
qDCIBnilCzQ
qD_LOfgY1cA
qDkwYtIHkBI
qEpcWdM8rtU
qFuLW7Cld8U
qHGbsOcSm_Q
qIKcWdspZ9k
qLdGlGurMB0
qPmlW0KZXkY
qQuaE7-tzww
qR-onnF-VLE
qSLNHqUOBY8
qTglEAD-y3c
qUO-66aZMMQ
qUV5SsnAnMM
qVJtYTXiLPs
qVRr81UOmyU
qXTVwN7n7d0
qYC6oEPMb8U
qYZDJCmqPxE
qYzadTy07OI
qZ-qonaaw6Q
qZMsCEQ9K2M
qZnntkSBoa0
qaK3J4sJqV0
qb-TWbYil0g
qbbPoVAItwc
qdIsZfCy_UA
qe8msolXczQ
qerUCxo1KHU
qfBTm1uZS8k
qh8lkRpr3Wc
qhXFnUWSDwM
qizDr26Uj2Q
qk7nMSq_iC4
qkLMkmzzzOY
qlNYiC5tjgU
qlSxHsyocJc
qlX_sszoa6Y
qmDmNn50cLY
qmvzD1PyxYY
qof77nhQtdM
qpEnq008inA
qqW7FsOGcd0
qqcz-c3WtcY
qqorKVW3wL8
qt0QLWaXjSY
quBC9oFimQI
qwVCXmvZ9XE
qx3GWR8pZiY
qxLdPw18TRo
qzNACKHVmrE
qzdGESBpdvk
r-BxfxlmUHs
r-Dqe2bT7KE
r1NJzEYARlM
r27I8vcXuTo
r2GeOmvNMDg
r31W_AWTxHk
r43J02-rcNI
r4rQgFkPoo0
r5bQsMnya6M
r5ynwvmK1tY
r65XTx2lxFM
r6YUBEHADx0
r7CHjS3IP1o
r8B-Com5Z2k
r8ayCA12saw
r974dYRHFbs
rAu6SPrtRdc
rC097x9aNwA
rDP8lcqIk-4
rDVLSPuyHYA
rH-0FpxvbbQ
rJ5VJfcEdjY
rJvLeOALNto
rK2Z2soeo6c
rK48U2WQ70Q
rMcqyXNN7Ko
rMk7CKwJ8OM
rN52qQHrB3M
rNHMbr3g3Lg
rNORf-ds6ko
rN_Ho-ak5bg
rNpqPx7esNg
rOMYVonDtYo
rP51bujri-A
rPYfb3ivO2E
rPmYbrNvoGE
rQ1r1vmrb8k
rQewcZJMxyc
rRRcY5BEsV8
rSTYXXxkyKE
rTKIyiW4BoE
rU6P51Q03fs
rUD1RcPLdC0
rUJByc2M3_I
rWEZ-ScCgfM
rWVow8lMmpY
rWd1WIVCXPU
rWo52yrdHPY
rXd9O_PLLLs
rY9KOaWKsNs
rYYF-E1cLMM
rZ0lFwlbqh4
rZXzJ0hp8R8
rZg-A-nHAxg
r_Xy_1Sm_7M
raQIOlgHzBk
rc7CAZfqHjc
rcPho4yhD-k
rcVVGg4Xhg8
rdmBIpbj6L8
reAltgzylmM
reERZz6Vhhc
reRbo5-H2vI
rf1sxm_CkA8
rf90idUUpVc
rfAlldVXhBA
rgUknjywZNs
rh0qTvR68qs
rh6qxpP8nxE
rhD6XBleDPQ
rh_CM2N94Yo
ri33pVT7g9k
rigYZ3xVL0k
rjfPP_AZ6FI
rlRo4M5Nllo
rm8JyC170Mk
rm8v5ViCVt0
rm93rGYmv4Y
rmbzpwNiowA
roQFmoXoTbc
rpRaz_GzrgA
rqnFQQXXZhw
rqxcnTGs3Nc
rrBLkfWg_MI
rrIQ9Ab3CPM
rrblIe9iLcQ
rs0AgW_g8ks
rtRNlEhH0Cs
ru5g2_UxAaw
rv578yZF8uo
rv7GKE429KQ
rvO8wbDurVE
rvQWmNutZtY
rwfBXhZ2CZk
rxVeWO9K5oo
ry2OnV_WyaQ
ryIO5PiwMl8
rzPIc9nL4LM
rzmOYU5Wpdk
s-OoTx03Y1w
s0j-qCdMzBM
s1EvavyAOmU
s1r7xFz14rk
s2LzKERD85o
s2Y4brKgARw
s2gWwkeShws
s2hzguJmzVI
s31MgYO6sLg
s55z-tQiQus
s5MLGUB_3yg
s6Sn7_yCc2U
s715I7RlyLA
s78bKhtlFDo
sA0pr0yMLRc
sBl6N-nGB5Y
sCvYEJYtcQs
sCwEPKvytes
sDZLtMqf4oM
sDxQVFaQZcc
sE6jXDXghdQ
sEKVhCQCK_A
sERn1rgMAkQ
sEcHNeNRjRk
sFP2Ldfvaek
sG06KseIHP8
sGEYvaN6puA
sGNAONMQamU
sKSg8SQzbdQ
sKiRnO-0lLA
sM0IPhxsROA
sMHvD7bY_kw
sO9okfSrruw
sOAmP8V9PTo
sPsLzz6CbpM
sQT-s79hj1A
sS8indzZ-rw
sSgaQ5mvxuY
sUJe_CrEZac
sUqRyeMQi1w
sVKAJwukEYg
sWqyGoOt8d0
sXVJSu0KSQ8
sYn_m3SMOAU
sZhYAX9CxJ0
s_w3BlKXvE8
sa5H36uBETY
saGijjoMUdA
saxGhOb3kn0
sc5psUOc6lM
sd2SV9s5zq8
sdBgaJ5gJ0o
seH4O29bT-0
secgYYIPkNI
sgEwr_9hLHo
sgT5ExcZxVI
shI5WuhmCCs
shhzNBXDy6Q
siabQp-YZF8
sj8UcxUTtGs
sjDJaBkwAik
sl5kHynkWmQ
sl9-l08P6p8
slEtDJJ7mKc
sm_AlMWfwrA
spqH0MNr7Z0
ss9KhgfCnck
su83jc6aziE
suGY0qzhLhU
svJm28Qcc5k
svbeU6HnwW0
svcSFPQNyTM
svuRdMOkJF4
swKB0dFlxa8
swWvrUSFsH4
sxLROHKkbPI
szCi1AIqAjU
sztG7XgHa2s
t-DNGoxKXfc
t-XJikTvSx4
t-sEV_7EUBs
t1NaDucAXIg
t2D3CUEY48c
t4n3OmLO9Q8
t4sETtQjS5w
t4sXP0Y7C1Y
t5GycRRFaJg
t5TvUF0T2nY
t5m-7ITGtCQ
t6GpFBjI4mg
t6ifUz1r1KM
t7QuNoQ8mBc
t7aq6vQXTbc
t8esUGaJRyk
t8zjJ_GHM0U
t99wdXBvYJI
t9Beapw1qnM
t9totoe_-Mo
tABjc5MEGh0
tBGjsal9AzI
tCA0oZwvfEI
tCb2__atz_g
tEsz8abJc2I
tFe0a0w_d_A
tG1vCJX-kBE
tGHWFMZYtdo
tH1aUy0RMLA
tHRkdHFZtRI
tIllMtV8Bvo
tKJ_WgxFRPU
tKWNyI36Wfw
tLYGUGSrjdk
tLgcfo5zyq0
tLnI0hUYYeE
tMZRIGzIvqo
tMbck_uJZHw
tMtR7WFLBUA
tNwIBFsPwX4
tOCcIHFoLkk
tOnDiuL2JmQ
tP6eY5bQbr0
tPFG411KYQA
tPiMqZQeBC0
tQG0DHC9VcE
tQRoE2bqsCI
tQeoaJ7cdq4
tQhNZ8qJgoQ
tRlfvhX2ud0
tRrgAjd72Qw
tRy4G4fH9OI
tS_rqvLXKJU
tSeFhIof_R8
tTFrGrtqxXI
tVzcWmgkhuY
tW1ukeD9yZI
tWJYbc8zTe8
tYB_TBvyYCQ
t_duG97ZvFo
tbB1TWpmeHs
tbWmyr9M9kI
tbkJTBsTuPY
tbxCufFSHeM
tcC9C4NT7s4
tcIZZAu29rA
tczN4ELtlbc
tdxoDi0Jabs
tf-Z85x7tdo
tf6Lhyw9H0I
tfTuvSXfpuM
tfm6yt3b1Cw
tgaFEpfa6_I
th4P2V8P2Sc
tiPz13rSwNM
tiSQJHxlygA
tj92OX8fpLY
tjEMCT1v5Mc
tjYnFFekf1w
tkL560to-TM
tl7wn1XDu6s
tmXv0iC9F5o
tmte2KnkKvk
tmx59_gT4ag
tnBuXfnXAKI
tpkVU4PwPiE
tqsAwf1hevw
trnMqNWp_DE
ts5DeaGOz3I
tsFSufrruxU
tsY_uCHvEAE
ttIBq6XngG8
tu-GNIa25wc
tuRajDhUWJw
tvDWyLyBT7k
tw1bfsdDdlU
tw2WUeC9ieI
twJ8Tb84Nnc
tyWv8HfM9HM
tywy5U9zA5Y
tzmadVRKFT8
u-Xbq8xR0kA
u0J5WgPEb50
u0LAucACQ4k
u0ZFofspWBY
u0kWE1P6zTA
u1zMyr8ld18
u29eIc4YKO4
u3u7ECNpSaY
u47pBpNyPrU
u4YCRi4iSmc
u55nPj9jc-o
u5cP18zzdcI
u5gm6IdNReM
u6Uj3BzjEhA
u6ZVmSqd-CE
u7Dzwn9sItU
u7h1dH-ccoQ
u7qjo-9n0-E
u7vXN80cPTU
u81hfDTHIZc
u824N8eVAnc
u8HxXw1kM5o
u8JaSXGEUl4
u8ttxDPU2Wk
u9bWC8HDayo
uA9EOi3iffk
uC4k0RZdJPw
uCcnPAn9MBY
uDNCex9Jcro
uDNzYEl9zLQ
uDqYxgrbDvs
uE6_NuZ3kWo
uEUDp-Q54oU
uHOs8X9tZrQ
uHoc_dwv-PE
uI0lR9uOdZU
uIZU_imiOGw
uInrICHxv4Y
uKLXxWu4sZM
uKQzTzCxPgE
uKW5QBy6ugY
uLAXkuplxio
uNyRh3OdZvY
uQ8MIyUqR2c
uQPq4gxXh00
uRfqI1hSsWM
uSqP00tBXFU
uVDK49bBCFk
uVQjp19-B6E
uWA96rQ5uHU
uWEmS3viRTY
uYhav1TAXRw
u_tMvsXAopE
ua4fCiJU4j0
uag_E8_META
ucBfqPBDMFc
ucHxg8ukhDg
ud69pVPh7ZM
udFCPzdUVhc
udPK5XXjUgw
udbicZ-UkJc
uggSmPDo-Zw
uiq9UtsDl7I
ukA0Q7mTKE4
ul_iBsccVXA
um1uEAK4LyE
um4Bpbz-Muw
umW9Ez2Dr0U
un-7eGRlh-c
unIHWb0Nf9U
unSQ7_D1_No
unZQXvDFHOg
uorzBvbHGNI
upkzDz7bnZg
ur9bJeyZ1Ec
usT8fr_RXhs
usd18epr0tA
utt9RVC5B9I
uuQg2Nk2DBo
uvTbrg09N74
ux4FU_Q9jRg
uxi-Ev1G6v0
uyJQSkPM4Wk
v-HsLbYkKIY
v-i6YQO79x8
v0EPc3IDTPo
v0pMVcDuMIU
v3KyGuxOASI
v3j4CdyFQ-A
v44pW3feGsQ
v4PeM240TMk
v4XejWPfB18
v4kfjI1-ZKE
v5Pfddd9qz8
v5ijwdQoTrk
v5nHR7Xsgxg
v6dQgM7Q9oU
vCI8XFFg0kE
vCPTibioFME
vD8WnxZB0lc
vD95TG5oxcY
vDJFbD2qWgg
vDmKQewP4O0
vEiuxoPDi_U
vFYFgrIvsUo
vGYeZJqjSy8
vGxcAtekm8g
vH1HBlcFD2s
vHNEcPmO4Pw
vHQVaVGEejE
vIBAR5lE21w
vJVDmMLeQMk
vMLG218RzbA
vMLxNmUdG7E
vMajyqk5qWA
vNTt2xrewv0
vOLJTn0KuKY
vOoDQerjvgU
vP6zdJWFRdQ
vPWRzN0mFaM
vQ2rmzZnCEA
vQmGFw1r8oU
vRTVutq1Sp8
vRcGR3hRFxc
vRx97Y4gxfg
vSjxqr_Lfes
vTG7n1tVAB0
vUKXoVxk61o
vVYrrILLNXs
vXFl8pn89mc
vXpGUtvfm5Q
vY2pC9DKZkw
vYEH-tfWZVU
vZWy9eg5s_Q
vZYJYqa2ybI
vZqznyrftmA
vZyu4QkCB-Y
v_1ijhz2cx4
v_CdrqzbRnA
va0cVdPhWV0
vaPe0CM-4ns
vapY0KWvIP4
vbiQG9dAvqE
vbwBtLYrMEo
vdNKsRMm9Z0
ve0N2t9JQKI
vfU5CwdkSUk
vfzuRthQL5E
vhG6abrb5bI
vhHHttNq43g
vi8KTEf34Xg
viQZjp_rTz0
vjCE47iL0vU
vjuK0SNaHrk
vl0IU9RElv4
vlFQQWhnHeU
vmAqDWkpe5U
vmlGpOxZnfU
vmwiMn_BiU8
vndRwL6A8PM
vodjDUzsw_o
vouLINqRxxc
vqHpSl5BGkM
vqIrVAOpW1w
vs3OOczklKU
vs7bCB3PJmQ
vsNDwR1uLuo
vtTMbacz8p0
vvjw3GAtcXE
vwoPYliCtTE
vwuUhAjWjyY
vxccZEA0ASU
vy3GlgtETZM
vz-rdaE2uUw
vzgnmQi8QII
vzy4vQVidHk
vzzhA6q72Mw
w03PuJ0Hr0U
w0MXl-jVyCw
w0RyKwni2W8
w263M841z58
w2S1mLYV5JI
w2kF2_V0KW4
w39ICeoSMdU
w3dNlzbNIbA
w3f05rxFkaQ
w3giOCGC9Wg
w4LrQi2E0Qk
w4vQOvpKJ5w
w5Qg0h_bPrQ
w6GJ34yz3Os
w6Xzb3RQKPE
w8MEUfr6zQA
w8NpHV07kNw
w93FOeOsxsU
wAa0yIoFXUE
wAdsXTYDPqE
wBFWSWlKu3Y
wDkt4y_cgII
wDnHPmaWy9Y
wE4HlxJZtrM
wEDyMzxJmxo
wEN3LToRH18
wGXkMGrJqgs
wG_kVvN0OGQ
wH3tcdAV2wk
wH7K3sBeKaQ
wHIEljBgdyA
wHl-LhfKS4Y
wIvsCNuzIXk
wKGqF-t8dP8
wKxCQ8gbHs0
wM7cb1d_om4
wMNeHd8YQJA
wN90UBaMrls
wNAOXWEoCNE
wNYf6tjNznI
wNdPk-NbS4k
wNmhyXHCk9A
wOI-8KN3ChY
wPRIdvjsaLU
wPTCWYD0RD0
wQvIUSUornk
wRJbJlYHYMs
wRaQgtn4B78
wRroZkarK78
wSRJedlDdoQ
wTB8aIza_DI
wTKwBufR7UA
wTnfA1niIto
wUNkXhHf_Mo
wUeb5gkdpwQ
wVFu0Yr7tGY
wVvTYuIxjAA
wWMgtIDLMgI
wWnbwEsv9OE
wY-6_ZfH4_w
wYQP4gVMPVs
wZbaQyrRxzM
wa-YHFVmA6A
wa6vUH9fNL0
waWFEmrokQc
wbS5ZX-r_io
wcCjF3oWNik
wcRY8qp6woM
wd-uixlj_kQ
wd5G_DYeeSc
weULElbM3w4
webYLmK706s
wf6ZGuV5a3M
wffh9vauYU4
wghqBKxl4dY
whhFvps9hfM
wiB0noIaFBk
wj9e23swV-Q
wjAwaouukVw
wjdD0MHe5q8
wjpiIvlrlR0
wjt1boBW5E8
wkJp8IkvFmI
wkdtp0qx4Kk
wkoMZio3NRE
wkrwYnzTFzE
wm6L-bxH2Wc
wms4HAIq9zk
wnpXhTczYak
wq-XLy6ikF0
ws7-JKeR2v4
wsRggitv5S8
wsivwyQYbqk
wu36voTbusg
wuZxeWTbTL4
wu_dNYtR96g
wuzGzOjVd4g
wyGwBT5RsY4
wzFcC5XUK0E
wzTz0_FYpic
wzoOlNyTe9g
x-WaLCToxcw
x-WauKZXztU
x-sEOWn6YMs
x0CP9Tp2b0A
x1gwm2G3CLs
x3HAKCVhUxM
x42FjGaU0uM
x42kxlj7cyw
x4H77tuywrM
x4NhmB-yTMk
x5_BNBl1MbA
x7F0oP5gM3o
x7J1zkUPEog
x7oLxBZeBSM
x8J8xtM48L0
x8mK5ezL96o
x8xqDFvS-L4
x9ZV8JUEVR8
x9ueaxf75SU
x9zI4WHTuA0
xA-ogt686I0
xBd2U_Wn9DI
xC7KtRSxlFs
xCSZQ5mxFTE
xC_DDFmyWBA
xCqTKZcpzqA
xDI0DhUFKdw
xDImPsQ72PM
xDjnv2XeQHY
xFr12AmAbeM
xGxk4ybFPn0
xIgAfeZGQJk
xJ3POmOmk0A
xKDbcU4Bbro
xKbu8B_ncGU
xLUxf_-dcoc
xLokQ7RkhFw
xM8xsVLsWrQ
xMscF-qM0yE
xN75fxR3CRE
xNejpeTph3c
xNrj-GS1YvY
xQD27dC9cyg
xQnluBXcsIc
xSZF0AqBsfY
xS_E1ZcYOaU
xT9DMvujPDM
xTCYM6tUseo
xTcLnCNmzYs
xU3l7Ylx1CU
xUFUtrJ81so
xVq7XdDZ8A8
xY7SPqEAXl4
xYIHK9juoSs
xYxI2rXqTnk
xZEeMjcuVh0
x_YLYOJfi5g
xaqAJa84yl0
xf5vlkE9UOU
xh2rZxqKJfg
xhZRjjzkRi8
xhm9AZp5vec
xhnrW6rKqMs
xi143fOUS64
xiiwtSSxU28
xkTzye5uc54
xkuEj45pd_M
xlDmScfBFyk
xob--CGoUVQ
xofBLlNU3vg
xpewXlEmHpI
xs8U7p3pqW8
xtYVt9N9WN4
xuy0RECeoTQ
xv3YfoN1owo
xvLPJBUXhM4
xvmzhkigADM
xvsWDMJ9us0
xwvuPnT-Z7c
xxt9v--mmGs
xxxjNsT5fU8
xy9TcqgpIJk
xzyQHUsP008
y0Yrc5p-zqU
y1em_i2l-FI
y2MmQfrFgGI
y2XHUaqyW8o
y2hWTKCAbSE
y32aMkL_C4Y
y3qhC5vghSc
y3uaZEhBQ1Q
y4ouYqxM04I
y7AzBVCfueo
y7IqDxGkc0E
y8jt5jKzYE0
y91_PRSlDBI
y9Ft283US7Q
y9Vmc4ZHngE
yApbNnGc02Q
yBY0H0-Qh5k
yBommpU0g2s
yCBm3fZ4HXc
yCzs8cI192I
yDK6OospXOM
yE0_VRRkih8
yEroU_S2UDc
yF0C-MkJLeM
yFKNx8iDSSM
yGJTuV_DKxU
yGzZNA-2hTM
yH8oGOz70bY
yHfX5TNTBlk
yHgKI-CXWVA
yHqby6IiQ0U
yID8ZxJ4QLU
yIU26qZQQk0
yIetdmD9T8c
yIsrSRwzCUg
yJE2SuPgjew
yKe5wSGDBXs
yL9HbP-xIdY
yLFOirwF2TY
yLHJrIkwOgo
yLVXWr_JIyg
yLm-inNf3iM
yLwy5ghBoD0
yNbji-Flk5o
yPWi3yTqzWY
yPfz3eJzFh4
yPmURSmaAHg
yR__ztraQck
yRd2KzEXDUo
ySMgWKB8Ssc
ySZYzNC9iuE
yS_wP94VTHM
yUiGhIpGNsk
yVcS9pTHIxg
yWR5tZQWO3Q
yWTAqf3XL5Q
yWYvNDiZUOs
yWgGtqodRf4
yWrDRkLpXHA
yXZULv1p1kI
yXibriqJ85k
yYPGSB5_zCo
yYU8I8XuYPU
yYX38b3vmcU
yYtdS88Vg8k
yZ4_PIw4wss
yZ7kcCL9mzQ
yZqmfFfGZKk
yZsPrbjGVHc
yajrpkLKaeM
ybwmu7NsGuo
ycS5g48lDfc
ycexpJUgJYA
yd6d_tyAung
ydiJlFHZKU0
yfRCTQ9-WUA
yfh9JuK_pzs
yfzOO5Ne-Ro
yhCpqMMSwnQ
yi3FKO2AtII
yiiDQqTWDPw
ykWBTAe1ySs
yl6qq9orykw
yl8NUZ_IoCg
ylJpmw4qtgQ
ymjUWiR_i9M
ynJ68zjm5pE
ynWylNwpbWM
yo9AsXq_crI
yoGufr2WjrA
yov6UVig-6Q
yp_Vt6G5ZFo
yqNV9vnjUTk
yqP_qkRKuA8
yqq8vVdQGto
yrBbWZuALgQ
yrCP3IEKVLE
ysIdv7Nfb_s
ytG1UqEqu-g
yueFqxZLIRQ
yuhxv9JiKlw
yujqOw2YXNU
yvNJeDsFPMc
yw9e9tqDc0I
yweRegfuw4g
yxGlbiLhVMk
yyOFGb8OPF0
yyWV1t_4lG4
yygIbssThEU
yz-QTyzCjgs
yzyYK0GiEUI
z-Al-vxSs80
z-DPzqE561I
z-LOxQaVQs4
z-iypKuypTU
z-obkQY2m58
z1Ad10VlO5Q
z1oPQiJ1Hsc
z2Bq7gcB35M
z2vhZ4A7ll8
z4AdqXeXlUE
z4qW9mp5bIc
z52UR7Bw3Cg
z614O5WkInI
z8TGd_3ufzc
z9EvwxHG3wA
z9Sh_AsY7Ec
zA6eAtsWy4o
zAWOcjB48Rg
zBEV5REQ8gw
zBTG71hkpkA
zB_BQVM8ewQ
zCKq85Gvroc
zCk-8wDo5OE
zCxmH4GO9qs
zEKwpuktOZY
zEVpBI8nWtY
zF9g7sK2IiQ
zFyvpmbsV7c
zGDRQWUnbjo
zHSiQElBL7M
zJFbtUTd4T0
zKCTKViuIYs
zLVtz6_W2kg
zM-rYFwEoZc
zMZ1yc8dNI8
zN4N708e1Hg
zO8C1p8fqzM
zOPG-25nLp4
zP6TA9zMx_M
zPVDzW8VFUs
zPglL3TKUT8
zQwsiw6Hq4g
zR64-Ea_r5U
zRhCg24oDGA
zS77vRf4P-E
zSNaai-mNT0
zSVHECr3x_U
zT-JuD-_ttg
zT9rhwsMw0Q
zTK31LoZC98
zTnJ-ybP7kk
zV6ho7wp3cA
zVILh9GTjOI
zWOAAPEeCXI
zWXvu3jSR6k
zW_1EWAgUTY
zXI-M8LYuUQ
zXLzQIX_iV4
zYaatDP4yAw
zYpr0okD_Ug
zYvHngKUbdQ
zZ7ufG7gswc
zZYf_NSyX-0
z_iiz3zxplI
zaVoDmMYGZY
zadOMaRdvkk
zadSD9Yd11k
zcOcpx9I8F0
zdixUGcB3LA
ze-StnFokiE
zeQJd5q42Xw
zelU3gHBm80
zgGmt4FoZ7E
zgQ0iaDJ-qs
zgkabQzJRYo
zhTUP_7sUxA
zhvf9DAD3mo
ziMYT4UFZcE
zj6WJASK7U4
zkI6ybmCuo4
zkbsd74Vo9g
zm0lFoQEMOU
zmt7j7UKGh8
znJBwOBFjPw
znR2JFxz9kM
zp5TLdvQtQI
zps7W11G_uk
zqBjNMpyXDs
zsGE_21BnFs
zsWN0QCKjkc
zt00izzsKZ4
ztRzE7yyc3g
zu5to80dVq8
zuI-a1WhWvo
zvS2WZZG7Z4
zvhSwr5N5xk
zvpg1OvMxGE
zvs5WsfEjMY
zyxcYlOc1nc
zzD3e9O91Q0
