-1a0ox4Fyfg
-UT02WNSkGc
-_4StYegYJQ
-d6stk0eP4o
-kHtLxqI5-c
-p0Xuu-gQ3s
-urSI6lL_jw
0EQSBJ1jbUg
0SLVoWOEXrg
0ZxYv_XGH1Q
0_M2WeaYJ6A
0ep3nPHxroI
0nULv1wssAI
1-RvKcfvUQE
1R-Qj7psSjg
1hoszKlj-gg
1lSa23Q1R-Y
2FaMaAPULHU
2Fuuep0pxWc
2QR9zPVgceU
2YJEdvRwbQc
2bBEh07b8g4
2sz-F4vLGcc
2u8M759yIQg
3CRcLpc66aQ
3Xn7pdUVxlc
3nSxOpWZo7c
4CZh4_2oTyQ
4HCWFwtbe0Q
4MMbuIs9asA
4T3n1iZw_6s
4k4V2sDpSF4
4n9mQ0gIHH8
51pWfzNU8fw
52YruMwWNgk
533W8ECgHBQ
54yVAtPeW0I
57KhrAKIQOE
5C0uoaq9Uag
5LKuC8bTatw
5n9jusqvI30
5naMPdvtdEU
62Gx-KVD1kQ
6E_7QdxI5Ak
6IFRgafUeQ4
6O-Nget3LQM
6PQ8cUIFRLg
6dP6vkH_GWU
6htXC8TIqrg
6tZ973l_IAw
6tqRFSLcFqY
77MZKkIRLT4
77V-iA57yZA
7PuyuaM67CY
7jL1bj0BOSY
7ojxazyw9uk
7pIpWFRuS_k
7upTENa49vE
7zos4Pi_wpk
8-6Q2jEG_Wo
84-QT-SP9Rw
8A9lCuYITHM
8cT_cAHfSPc
8sYX-QHOlGk
8wa8tRpEgc0
97CeG5038Q8
9GkhYX3P8M0
9I2eFgwRzoo
9K9_hhDyvcQ
9T9Z9WNy09M
9dymY9669B0
9l1FOv_7Hqk
9unfc4iJ8jw
A-MZPLFHNIo
ACBfyYHcHOs
A_uSUcMypO0
Ae2NVULEE20
AiF9-XOYFpU
AoA0WFtHXsU
BpthWn77SAs
ByCdf7X-Uzo
CNg2u5AJgMM
Cuw5PXp8b8E
DA1x9zysQkk
DAuRVODTeKU
DM951pS35Lk
Da9uxjSDCTc
Dkyjz7SArBg
DuegqM5EdI8
E-bh-I6A8DU
EKazbabommE
EdaJJzG-bCg
Er8Wgl_MtTA
FFJe-nn1xso
FU28fmkIVDc
FkrIGzDsB_E
G-CBhkk0h4Y
G1hgcS2RZfQ
G8SkzG1NdVc
GIYmgNoGdPo
GM46WW2k6-o
GR2uErmYCAU
GYcQhSiqz0c
GZFFmAUsbrI
HD2TPuBGyFo
IZSpj81LwIo
IjtbsNUkeqM
Ik0ebplDzx8
Itf1XYlCQZs
IyoJYJRdtSU
IzhrwHbWLU4
J2AaNjPN8y4
J3GYo3j_3vk
J3VQlpVmOoA
J8-C9jq3SdY
JHFMG_3LV-k
K6y1iOAw72w
KPhtdXgdtCQ
Ke2_KUo7lJo
KjSnP5v5TEY
KlckJRQufHM
KllFprEhvig
L9c8V12zIgc
LbLyhxKITbU
Lx2nbB9UyXs
LygaEasW33w
M-EAUr6dL34
MNPfY1g4uCc
MUIGf6m87F4
MUTnENGw2BY
MYu5LsYe3ik
MtQt8-50iVo
N0O-oKHkByI
N45s1lXxY5w
NFCaG-iyiBQ
Nxzx1dYbKAs
O188sog8_2I
O4V81_VojaU
OUYXJbLRi9s
Or6bzqqBaFA
Ou7IPhf1MC4
PLAb_MPTwdk
PSjiFGP1kQc
PrDKSq6ysaE
PzY-LecU-NE
QDAOkxv7Ubo
QOi3VjIQd8w
QSisMUbxxnQ
QXHUIZDKvIE
QXiwjx7fwOA
QZNQuvKGoh8
Qq8C8kusQiI
Qs_Mu0R3aNc
QtHPtmir3zA
QyD3ZG1Hc_E
RAtqXTZIUtM
RctFjG7SZg8
ReepTTKlSq4
Rf0PIop8OWg
RpEXvk9IVBY
Rw85qTXGmIA
RzUjiEHpYPI
S09oI4Dwrgc
SCgNi3b8LvI
SGYaQZHSk1s
SJGdLnpA4Gw
SRaHCg4PyB0
SeyCVuezALk
Ske8bxKPs9Y
SuehGLi8wRY
Syi2kj1LxAc
T1PmVgzc6zA
T1vcT6kRPrM
TCJojb9JboI
THpEO1Bbs7E
TowzKPGD51M
TpYqQn4bbeA
Tsl00csXi3U
UBsKoA-97d0
UfC1zRkaZhg
Uj-peWztMlw
V5kiiJYJzbI
VAftKKKnkwA
VSHEi-wgYCE
VbeKtpvX7Es
VlEj7hbV_Og
VufbS-b1r5M
W58tn7-agOE
WLcNdO-xdQk
W_wwgA5yLPQ
W_xGE-6uNJ4
X4-b_Vf-MvE
XTP5e-Rd2Ho
Xeuwprqj5ws
XmYMZoGPNa4
Y7saoSTEEls
YPw9TsUbRz4
Ya6oI0TOdwc
Yeu7K_5IXAQ
Yu1S_5JtKsA
Z0wmUktENGU
Z5bSK8L1Q_g
ZFJfcxBhTMs
ZHB2PieQvac
ZO2taZTn_so
ZTISwL27tZc
ZVHrjZZVqmM
ZcrCNUgBMM8
ZzZJE_GYLJA
_2HGUoU_TKg
_AyalDf-FrM
_lZQ5JObLdc
a8qIuWt6opI
aF1TNP7WWn8
aPKmpvoYhds
aTxT9UEQuVw
aX_a8pVZ3_U
aZRdMMiXUyM
a_SOxYqrePg
b4bfbg0mExs
bH3uV5BmHtg
bTP9S5j4ypA
bfQ160puO_g
bfdCL5hZSXg
byaWbyYIoSc
cPZJXS0qub4
cT-WP2zBSLE
cf38gFrhSnQ
ciOyTAR0MEY
dA7Uise8hXc
dHSJRzRSDlU
dSN3d1b4dsg
dmBUHB3qHxo
eAK759rR_Rw
ead12hr_ksI
ekSnRJTNgcM
f38QISj7JPs
fdrDtaFoycs
fmLO4DvbNl4
fnGfYz8HioM
frjgtVKjVss
fvZiTJfvZ90
gWMvbzbT0Qs
gezLxG8-9yc
gpPHwoy_YtQ
h-L6vka6LzQ
h55JZug_m2A
h_V__yc3SxA
hjEv0nVhu6Y
i6IQwZwjpiY
iBW7uMV961c
iJ4ACv_hE9U
iPYPdipGLrQ
iawe_kUYG5M
ijJckeKbGU8
j3SxjFhoprk
jRwF4VE-fAc
jSHLaOMUkx8
jft3P27P5fw
k9IoMumGPcU
kHkGl9PbXKo
kMRmOZUUz4c
kWY9NRYwF-Y
kXhWchkzeG8
kaNOkNKAYV8
kwGdUlRU7Ig
kzV_4JTE5q8
l3_oiUqR1OU
lIiEpjUrV6A
lIlJM69O2Gs
le4fFKR0vjE
lfdBRx44lwc
lr-_O2lo6JE
mEay63JLr0c
mU2CGL_-uK4
mgdXEJSYnQ0
mwhqPb5kPqs
n24JXNKHdlQ
n69GrnWAIbo
nWr2eHWoQKE
nXtDEarL0Fs
ndYf6uJ-yX8
nimxThDDKaM
noNIlm0kFsM
o-Hh1h6gl6I
o0jGs59dxl0
o9XO7023tT8
oAXC3WlslBI
oYG6E5chXIM
odmSwRRDwxM
ooBgloXzX08
owDPSLcrBP4
p0B7bV86HvM
pPwKaus3VEk
pu-wFwJ2jJ0
qBgfXPdgPE4
qCAlU1GQL0M
qPPmqZc-4Tg
qb_N2q3s6zE
qg5Vz3DKCYE
quybqAdUgQA
r1efdVyzBGA
rdCYt69MwXU
re8tqe7kw0w
rgcTl5Mpg9g
rtgGr8Ro670
sIM9UNm9UNQ
sVeM9ur_B3U
sjg1LDhdHBA
syIrt2GENrw
t3dj8Xq8v0c
tNxr_tY2AA0
tklRdsZOUh8
tyMGvRVd5O8
u4YbtSFpn4o
uKmxgpaFW0Q
uVu6rOiKfHo
u_qLLH_hYYI
uyfG83_wZg0
v5k2O9bMExQ
v8PRJaAEkTQ
vN3YtBdyvn0
vcylVl7i4vw
vouLINqRxxc
wFtBV3t03eU
wGbNF-dk8Zo
wHIEljBgdyA
wJ-Xulreffo
wcKTOV86E0A
wib3VLGsu8o
wkKVpiw0dY8
x-RSvw-GRJc
x49SNArQj2M
x4HUEyiBBgA
x9rmE771618
xJNtvAGIvPU
xSk6tR4yZpU
xkkouiqWVDE
y0mK_I9nWfc
yJDI9v7riF8
ySP0rb93c3Y
yelqXmc9Np0
yfZ5ssdSxw8
yqMCTSnJ6Y4
z5XuCGX6Svc
z7CQTgb33yQ
zIJOg4rOtkU
zexIPms1x9o
zvgPmP1sZbg
