-122SRX3sbI
-A7VrTxuZIE
-BdbiZcNBXg
-C_7OuhXh50
-Egxm5QuW9o
-FkvBA3U5lg
-HL3PPNrUhU
-LWZkL5Xsno
-M8Hl5MUr8w
-TxzW4eklEU
-Ybpr7SJgD0
-d3Km0qi7Co
-kArjCybqpc
-kfUE41-JFw
-sT1f1Se_9g
-yU7YRR17Hc
00SLmJuJ1Ig
03263_ieRZk
0Tk82hEHNnY
0_63BBa0JPs
0hAa9BIGNpU
0hdDVysvOsY
0lXX3dJUAGY
0waMV_4Fc9s
0yhVV0oBPdg
1D-vyjQIUDc
1E_UtG0nDq4
1JCJVaK48RM
1MolmoFuXu4
1RhQ_ajeOiA
1SuHkY2wAQA
1TX6advvbDA
1XgMZ1YgyoE
1la648Kt2rA
1tkiDsLR1i8
236eHGCSPvI
24L7r7SoK_Y
24Lof8bnLMs
2Fvtgt736lo
2K57-24FnIM
2MOP03V7hrI
2QH50U91oJ0
2S_c1gCXjNE
2Xzh1BjCA5Q
2YjSiJn2mD8
2aNhD6owCn0
2fG9-W-OwCs
2s9ACDMcpjA
350qUmbcAZU
37zF36oq0jE
3H9tp_XR0j8
3KjDfVbYJQg
3LM0nE81mIE
3QetfnYgjRE
3Rw5i8ZkrNg
3U1OCK4xA0w
3VJI0ecVO6c
3Yh63x6-8po
3bQsZxDQgzU
3cfDGX7gB5M
3hrPJrG2aHM
3nb4nYqNXyM
3ov8LxC1raI
3uehdorj5_k
41wMbLb9M2Q
43e51vkffQE
4D0fLisyjBY
4Qk7fJACO70
4RCFLobfqcw
4RJCWeRS_Jg
4RaS46syJYs
4YGnPgtWhsw
4_k8CFmmIi8
4bOer-y_VNE
4fNUWdy5Mj0
4ihuh6AKyY8
4lTbWQ8zD3w
5-JQ17X6VNg
591zwrqsDVM
5Cd2SM3zAa4
5DTIzzf6ncg
5Gqe1navZYA
5ITyd1Pzek0
5OnhOXq7m4w
5QmJofRAB9M
5jADnNpx3R4
5jraZdnk9Mk
5lKfPnIvf3Q
5lN6ttV2SXo
5motuzyLXIk
5n6gbpCqA5g
5sfuvKgkjs4
5u45-x0-zoY
6Cf8Jak-OF8
6Gv1CqAQVow
6IUj6jyoTl0
6QcbsedsGdA
6VGfrDGY8sc
6Y4fE1tmy6Y
6_7w5SyndH4
6fIC1sMNvgo
6uLL418S1GQ
771jjzt1vI0
78LxbUuUdr8
7JFFRPaEg04
7KdGuG3E9JE
7U8bhJHlrVI
7jZdXWGKc7M
7jnlu4_QMfQ
7kaKYer6x5A
7lECIsRif10
81KfDXTTtXE
82aa881dpr0
84Ly_9Lv4p4
88q8XDJKZVs
8CEvFA7laik
8Qjy-ydl9QE
8RMScghsI6o
8Su5VtKeXU8
8_PQJNo2wME
8da1nXckEy4
8egCkIdwdf4
8eq_tjJDzvE
8gtSNjnjPOk
8hYTPl7MkiA
8lz-qrVUecE
90-2Dg2CJdw
96D1S64yaCo
9BSXKgZKrts
9POZtEhdmIY
9TRv0cXUVQw
9Tn6vjaYIgI
9f9fiNhXyuk
9hru-MCygDQ
9i4jb5XBX5s
9jI9mavbbDw
9kfeWpLry3U
9mLdo4uMJUU
9p5KWIhmFaE
9sVrUTRjjVc
9s_O0nVeSUw
9vbIO3TpLXY
9vdN15--hro
A02Ucd6monY
AH1FN_y8IP8
AOXl0Ll_t9s
AOYidTTOb2U
AaKsJpD6oT8
AcniOW0wc5k
ApccemGnh78
AtCR6P5rsXU
Aw1oLtuJOXQ
B4gXsobd_ao
B96o5Hbvb88
BBJTeNTZtGU
BESJqphtp2U
BSSqhe7mT2Y
BTzW1ol5vkc
BY6bGhcnDDs
Bb2mVGE63YU
BdHKQ2hTn40
BmGcG3fgPqU
BmcM6InBjM4
BqyChjVdM3E
Br1sGrA7XTU
Brpk26Oq4aE
BvzG_p_sdOQ
CAjWUrwvxs4
CB9GhE2Jk98
CCl8yd9HgCE
CHm2gTkNQxc
CL--1Z_g4DE
CL_IoZqyb1I
CMGtCBEe1NM
CO9BvJTpR2c
CPfbwp9PUb0
D2pZKTUvht4
D8Gc6_S6i0k
D9JCwkx558o
DFfHGGhCxCM
DI9UK9r7CQY
DPeVVGCmwx0
DPiSFGrHCbE
DfEY0mBHCQ4
Dkx7SpG_uug
Ds_hg40utKY
DuXxcOIU5eI
Dv6zYbapE6E
DwtBYjKWeDk
E26EM-hR8pg
E56P55i3HHQ
E5SSLfH1iw0
E7qhI2Hz6pM
EAlTqDv5-6A
EBUTQkaSSTY
EGOgNthAO6g
EHpWVasGZ5Y
EJJs0OALuW8
EOkdFMw0pmk
EPjhpXTpHjs
ERhTJaPaoxU
ES1SefbIx0c
EUN0gceRiIU
EYncNbM9HMs
Ebt0X5ybm9Y
Eparlp-8uVo
EtXi4mCmD5E
Ez0Z8QjzB0U
F164UeMGltE
FFFAytPASD0
FTBEb-W6Xgo
FUaz2h8Wz5c
FX751crlmEE
FikUMyk4olw
Fs4uHfZh3S4
G1TpQ_W2KQ4
G63yt0bJmZs
GFKzE52XRmw
GJvoFf2wCBU
GRwWt-cFKNY
GScIO3KkpZ4
GocIobQ9MLs
H0tnHr2dqTs
H2fVjXoYmxM
H5JGE3lhuNo
H91JDqeR_jg
HC3uUGCJpqs
HIdflecvQG8
HKviVOv-XGU
HNdMHuwvF_M
HPFnfQVWvf4
HS52H_CqZLE
HU3iSW6WTo8
HUt6fRWURhI
HY-E7l_Gfe4
HYWiIWpcCIM
HZoUlMrWuCU
HndV87XpkWg
HrZJxRoh_zU
Hy4QjmKzF1c
I08u0eKvwUY
I4I-nwdBjuw
IBsOu44Tj2E
ICppFQ6Tabw
IKTd98LzAp8
IMmiKzd8iuE
IQpQVOPokhk
IWQYZ63eJtg
IarVaYlhWtQ
IeLGP2dsjME
IgUlowmSeHo
Iipn6yM43sM
IkIR93Cpy3U
IwdPTDLi7I4
J6LtABooE2c
JCTzbc76WXY
JJL9S0J8-4k
JJPIqEu73Ak
JK-dmKLFGnw
JK7mGE3_Awg
JOOXWLLNfmw
JPVkqVHCTVs
JeEXki3IVAc
JkSGP3Sk14U
JmSFWklVtv0
JpenjeR6BXE
JsGY_dzVZyo
K96AeGqKVbs
KWjYaZQb_rk
K_WDqtmobf4
KcUkgR4Op00
Kg_47J6sy3A
KrpDJSrbta4
KxfmZC6aNzY
L0PKWTta7lU
L9RysEe8SUs
LA3JnqjM_iM
LAzKGkTIKpg
LDcm6twPEJA
LGinimRIl04
LIYiThAyY8s
LgUCyWhJf6s
LiMNSJtk1js
Lr6DYLBkyG0
LsHyE4s3YuM
LtU5hzfHvd0
M-qvqQRnunI
MIKPLrQaIa4
MMmSdxZpseY
MOdOYyDm4xY
MPR3o6Hnf2g
MSE6ZIaEFHM
MTMJygaGCBE
MU0do-agdHE
MVAPn4jIG4E
MgotDFs6cdE
MhriuHqRfJE
Mn4AE44npek
N1fSziIcP5k
N3zqpAleU5g
N9dB9BZWDBU
NDNmC11vGYk
NEhSbUwHqFI
NH6HBmuJ7A4
NU8v-f7KzRQ
NZthaua46l0
NhyfBi-Ad4c
NnCLoLhDkRs
NvZi7ZV-SWI
NwPdAZPnk7k
O1poLVn7hbs
O3G3uj_ihtA
O3npvris_TA
OGEr6P3MDpk
OI1pufK0zOg
OIF5QtnPA3A
ONfVTtsmQ0c
OPsMVn431lc
OYoIVCHVwKI
Ob14PcHtazQ
OfsTJnpRxeg
OhVamhT4Q3s
OhX8D18VncU
OiRWBI0JTYQ
OxuZiqY5ypU
P1rCc6JCwdU
P8b4mZvrui4
P9Q9l7CHx3Q
PJsJ96yyVk8
PRhQMf5HMHU
PTXWVKhcXRI
PWJrLkV8Ggg
PWLu5bVCY8A
PaZ1EmPOE_k
PafEBhLPtGM
Ph0Sr0Oj2o8
Pi-8FtqVMas
PwHCMXu6MM8
Q4EHaTszVUo
Q57uokrSgsY
Q6sogPTjJXs
Q8HvZvqwtpw
Q9yKaI0vLJs
QAJJ35DVlTs
QJN3Xd8EV80
QQmqMZ-1v7c
QSCXyYuT2rE
QSamfnvVLcw
QX_cp1K514E
Qbz7DC94G2U
QiNFoJqOJhs
QjLHwdpswlE
QmHLYhxYVjA
Qttya5Fg7zM
R290WXpZm8g
R7YmA_-8zZo
RZFAGBZ-zxI
RbtflLkVv4E
Roh7D027spA
RpQzu22zq7M
RpXLpfMWrlY
Rpb0LEc1HZA
Rzr3AOtFA8o
S22xeq8xxFQ
S98BMNoAPc4
S9ZgNW7VaFc
SCFcfHEDs4M
SHsCkinrCPE
SWlUKJIMge4
SX3C3GnvKVI
SawYdOz1Wa8
Sk530wri0NM
SpgOcWZHEcY
SrK5NAgw_g4
Su7S3hsnxuQ
T8KDFrF3SdM
TBPo3InAsSY
TPMrWGUfkl8
TX6W5OfN7iY
T_LSTPnVs70
TaUkjl-VHig
TeM-O-kgXD4
ThyY7efQJP0
Tk61yzNQ1tU
TzlHdvoh0wQ
U6n3Hz3jDik
UCMqR8k-32E
UFf1VtgzRno
UMAELCrJxt0
UOn9HVQdOGc
USlJm-2qT2w
UewdiBh_52U
UfNQ9a4yNDA
UhWFddWz1Nk
UhXsqv8b7mE
UoLWYhwROBI
UqJdmbglOtw
V-avtiJzWks
VDKOY0ZTDPI
VETWXw7MIms
VPXIzJcfAMk
VdVAGwbpgKU
Vf7-7zL67Pg
VfImCA22DmA
VgGDwYYfayI
VrC_MSG9zSU
VuNAQIfv3Lk
VvTzaNUDVms
W82s0_NyMKQ
W9X7u-MeJz0
WLAtXWaz76o
WMeKvO71wD0
WODx5T5OKkE
WPXbaJC2hLo
WRaaqN2Atxw
WXTU5jiAFUE
WY08aXxor20
Wb-6fhfAn2I
WfdzXmpAJrs
WhiItOzlhu4
WlckdvjK0Io
WmGaR_mcWu0
WoYjIDwbzLY
X39SWuXTvS0
X5JdX_iQ2Hk
X75Roe_davA
X7hKC01e-NQ
XASQo5uEsjc
XENTaHpbb74
XFTXKqRujxk
XJA870rOMNs
XK8lZO39T-0
XV7oZjkeiEY
XVdVTQW-5KQ
XX__3Fk0YXk
XgUF5WalyDk
XjrROc1Sqok
XoLpXoMgNdk
XvB6AWN3m3s
Xw0GAInXkhA
XwVJJYfEV1g
Y-Unq3R--M0
Y7OPc65HdIA
Y9zThcMJzQU
YEH9yvhwfVg
YEfjjor2Ew0
YLxKQxu0nng
YNXUkfNFZ0Q
YOaJe68C-bU
YSZky8dk7OE
YasZxwYzlSI
Yh_hRS15n_8
Yk3QsGzAjKI
YqI3aEeO5kk
Z2RpqgH0jow
Z4rRjGhN-gs
Z7pH0pdM7Qo
Z8hwwGsPRvE
ZBXZojt6dpM
ZRfXMGHgG90
ZaZkvvB367I
ZbPt66TYsFM
ZpE-XL0u5yI
ZpdaKbtGyMk
ZporFnmDS8I
_8ZbwsrtE9U
_RO0YjXM51c
_ad-L29tTnc
_dvYAGFc7PA
_uYpwehCoYc
_zn7uD3o1uQ
a8vjiJ59ztM
aCYXF4W-05w
aEzMwNBjkAU
aGdyVSdkejg
aGedUxTAfBk
aJJ7YpW--dQ
aQAXMyAnWuk
aaExiKsvt9A
aqM4eq1Y1pw
axXn_Vn2vYo
aymvX-OrlS0
b197XOd9S7U
b3ebIebpttk
b99oGua6V20
bEFOF7j7XU0
bI9eAbr3Bjo
bTDGdKaMDhQ
bY3As3lKMno
bZiWZJgJT7I
bbPx6QYdNek
bjAyarZgtIs
bvXF850K9Sc
bw-_iPIcGIU
bxiKqA-u8y4
c1H92b_uLdU
c5-LfK2i2J4
cKnSMCjzmco
cWuglG7LZD0
caUVnq-O1Z8
cbwB8-keSUI
coiCkmcKjX8
cqsE5GpyLdg
csIW4W_DYX4
d-K5btaxEFY
d079McwlBRE
d1W7wqXD_b0
dFb7Hxva5rg
dH1SvGMY4Qs
dHX85pHsVLk
dIuaW9YWqEU
dLme6kE5XaU
dQS9g9JFI08
dRk7B0AGyQQ
dTfyrfnwouE
dcbjWGj3jBk
ddKwb3Wzz0w
ddhQtshhieM
dh0MM1TFrXA
dh43cVtfMYs
dm2rdO7hAfI
du035tg-SwY
e-WCz951EBc
e0iAJA5nGfU
e4t4PliUmdI
e9EgUvfgojY
eCj2DW2qvYQ
eDNhdg7R0H4
eDpy5gERS8k
eEqpFkIpl4g
ehIiWha1oU8
ejJRhn53X2M
eqhUHyVpAwE
es1KtHW45nI
ewc3ziZ8ReI
f4d6UcRCQDc
f55QO2isoKM
f8RPUJhULLE
fEa-cd2nWS0
fI1OeMmwYjU
fJweTjq6qYk
fK2IJ43ppd0
fKe600qHEAg
fNy5umFAnDo
fOWm1Fcdde0
fhdsaep40fU
g-i6QMvIAA0
g4LyzhkDNBM
g55ikrnKcdk
g8pti-Swh_E
g94_RpvNKSs
gGuZVuUBeiQ
gIUjpXAcH64
gKDnxtTCDv8
gaDPUqL1x4E
gaii2uvHkpI
ge071m9bGeY
ghyamhuKpd8
go87azXN5Ms
gugnXTN6-D4
hApfiEbFSf0
hBAxUBeVfsk
hK6mdoxXrIc
hLE-5ElGlPM
hP68dxc7vyE
hRpDzJrC1OA
hUE9dvMSoDM
hnQwaVnv-FA
hnWJpAMpEvo
hu9L5zQ4g0Q
iEg5_MaxFPo
iH3xXrk9JrQ
iIxUV0cEBP0
iQ4K9jkYPNk
iTt2ttP6Ngs
iUdhJ_S_z3w
iV8I9lQC90A
ip97YDkvbtY
j0wBQA3fOcg
j6wpHzE-tfk
jFCFqjovH3s
jJ6K_f7oSdg
jQOfbObFOCw
jXcCEv72oQ8
j_4FkpUIh_Q
jcgW8pNQvo0
jgvTSe7icKU
jltM5qYn25w
jxiYsgyn1yU
k-J9BVBjK3o
k-k23Lk9njY
k1eHm0PNnjo
k3VuFlhPZc4
k6USqt3HztA
kWcDXAGRQEA
kXh3z3M8hBM
kbpY-2nOYRI
kix2L1j2cDc
kjDcM4ZXtfY
kofy5PSMuUQ
kp4FLeY6F9g
kqwPR0da0FI
ku9gabtzmX8
kvXU3vzHq8E
kwwAJSI-dgo
kzoLlL4mHlE
l4IeNGE2qX8
lJjILQu2xM8
laTdRxRcDCQ
lbJv4AiDatg
lbdYg_z_SAE
ldj0RX3CqXA
ldmPgQZ52Ec
lshzZhHAYIs
mIYdx6lDDhg
mQaqXK7z9LM
mTAE5m3ZO2E
mW0gj3n4D1Q
maxiipwly0M
mg6jyXyK3kU
mgsErxFEPSE
mlGj8T-L_os
mq7zUs8l9I8
mrKOBmeG5zY
nD3UiG49Q4w
nXwpn90Gdec
nYiHToiki28
nZYzzn6W2qc
nZr-nD-z2So
ni-Gqp9-Has
npNc5P_66tQ
nsgAsw4XGvU
nu8d3iW2yxM
nxYQhuiTSNQ
oBLzSKtMuJY
oEl_VxFAjIw
oGNg0FlSQAk
oLq1ktogxn4
oRoBlYT31lw
oVzEtg5Qil4
oXfY-fTZn1s
ohrQCzZsgIw
okdsAZUTJ94
oltjYiXvMnY
oocunV4JX4w
osd9AKRCFRM
otxYSGjMAnk
ox8XlcUppbo
oxx564hMBUI
p5zLY3Wi8Uk
p8pzhYC7prA
p9Urng_hGF8
pDd5bfyfIEM
pFeDOqgoE-k
pGsE9pDSHGs
pICXY_6p45o
pJhUs1L_RQo
pLj4iwa0__8
pMUP48stXDc
pPsGxluHJgk
pQ33gAyhg2c
pRbV8Pjlsow
pVEeXjPiw54
petg12b36UA
pmVEwOogUKo
pp0PUY7cpGY
pssTJP2hYtU
pvgfucVF5cU
q0zmfNx7OM4
q28W7N6Th58
q54VyCpXDH8
q57MLYpWJmQ
q5nFEn_MXng
q8uM9_tbfCI
q8vlLU6yEXY
qDC9Lor98vc
qFAj22RyHw0
qFnNgTSkHPM
qI-4-hA4NtY
qN3DDXegxxc
qOibW5LXt3w
qP3ohgOM3w0
qVvxjGPq8BY
qZ3AsDIMm9s
q_xJpVlry14
qb0LIvuyaOU
qgNxLiuwFDY
qqIHTeBfmCE
qtAeINU3FKM
rAAIl_-IM3s
rBRDaQTuBO8
rD1qKMgTnAE
rUOvFGh0l4Y
rUtBj2PY0gQ
rZTqF5oYUqo
rdAvKzX7Llg
rgQvqi6aYD8
rluUMpndKbo
rzCmnUxAWrY
s-NiJzwdN0Y
s5tjjHoXoEI
s9-23v6v2J4
sPOuIyEJnbE
sURfvZQ04MI
sVDLAblwRQo
sc-6ChAKBV4
shanIOl7MyE
sidOV94enHQ
sn0bDD4gXrE
srnSa8QHtzM
sswopsUW1mQ
steu0fYGqhQ
t93LeMFaLFE
tAsH_LXT9P0
tMjF_100onI
tOtpV28f5Ew
tTbT91tzOpw
tUhGRh4vdb8
tYfQSyDuriA
tZj7gt85AP0
tgBIPZSwi20
tilBs32zN7I
tlSXFw8bmrQ
tmeHLIonl1E
tz7zxh9Bfow
u3oFQ7koC30
u4XEL-3tG0g
uTuDks4ogs0
uWM2E9oHlhA
ua5SGn9VEsk
ujhn1JdOSB4
uquRzrcwA18
v1E0xsiYMr0
v2HeNz1ROhY
v80Nd8w1uts
v9Cev81hnWk
v9OdeEzon_0
vOj5KLcymgA
vRk7VFLH-aE
vSYPwX4NPg4
vT-ZgA6qcKw
vUONE8UaETM
vWlQXXNgwc0
vWy3C38U7Lw
vbB6_qjRF9Q
veriqDHLXsw
vlzHNY2SWps
vqCOss4hqnE
w1Sj6rOdo_E
wC9S_fFMnaU
wCEJHxd7KTw
wFUxiIjp-Nk
wHedpg7buow
wMOM34XEi2k
wb_cnk7Bm8k
wkwylCdoGPU
wpnQg5FWCXI
wwTQfsArkOs
x40l1ov8hfA
xFQLPURE8Ok
xHa5tWKkvd4
xMigomn8KLM
xXPLbcsDOJQ
xYX74Ddbzs0
x_DgOoKrkDA
xgEZYKKZqRA
xtKhYhZwTCw
xum35-XplNY
xv5TwMVkd0Q
xw2OEKAHIhM
xxrmOHJQRSs
y6K12BahFJ0
y7KQT1Yqf6A
yCQfi9Wejio
yO0v_JqxFmQ
yP88kT6ZvwA
y_pGong8-68
y_sopRiMkN4
yg6i7nppkAw
ylMnFrXxEGo
ynQZBhzY7YQ
ytKCcYxUU04
yu7n0XzqtfA
z2tlif59E1E
z2zkUSC-Zm4
z3Nj6jEIFmY
z7ECzduUWx0
z9W0GQvONKc
zNEpojtXotE
zOmvDkM4qNg
zQEC9diyl-Y
zcUI1Hk0GRU
zjYKSUU7Chg
zn7Q0m_o-Xs
zuKV2DI9-Jg
zvrCG5ePcME
