-qfK2Vym5QQ
05x9gaNGWAM
096OB3HuY28
0Ixl-CPzpOs
0kHRQIvUQyA
1D43hO71qLs
1RruVDGoyOw
1kvsD7lM6R8
2CPOOnM7wHE
2HNy2M_BCq0
2IwqgVG75z4
2SjiWb42d18
2v4FM-PmRVg
3GyoUSJXqXY
3L60em9qIWg
4WCy4X2H78w
53FctudH1H8
5N4o1WO_QBs
62UCBe1hJdQ
65I0LY3bqmA
6ZQbHxt0zT0
6qzb9TNsJbw
7Qf0eCdF30g
7utBg-r5ds8
88tKbJIYz50
8SscVoUnXrU
8YQNnAaKE6k
A0ApcpzjyD4
ADgoY3CN-jg
BI5s_HOH2UI
C2bxpwWeX8M
CFySY1bjPA8
CPoek0ifkLA
D2Xe-paWJ8c
DA2gpmodeKg
DB4-K2QQiCA
DLZgvIb_TDo
DfBHIb9i3JU
Dx1gJBFprpw
E3NtW-P2ATg
E9B2GKGlxEQ
EVH31dSGZMo
EhtoES9JOGQ
F0w8R93mnV8
GgnSvn6ASX4
HLFo947Fwto
HTEBYlUrHdg
IlWqYjE7q8U
J0A0ttsjE7Q
KmG4xOvAX9g
L3oHYVSOfKQ
L5dfL8LFET8
LFxWWZx_WMc
LzPOqbgSEdM
N3yG5lBBWCU
N7LzeLnt9iE
NPw3RD8D0_I
ORm4uZFNzwY
OpGRb_rdyc8
P-I62jwKfbM
PMcfqe9_GpE
QQ2rC99OudM
RRWT3WkSD2A
RT-nalhqDxo
RwrBRFj4gI4
S6Q4G8-11zc
SPi9KDceCPs
SVGuh04QUT0
TDpQnzBbxcA
TJdzGsNSuzk
TlFkR5dF44c
UHhWkbPtdGE
UvVWq5oj_9k
VJCjtExVYRg
Vskuu4KRRXU
Vy9_hD8ILF8
WDnQparduUY
WN8EUi22UWo
XDBEh8aq0E4
XOobmGbL-5A
Xakg51k3PdQ
YRpSObJr3sk
Z7kWJg08ClU
ZR4d-vyxVeo
ZScB0B4y01Q
Zwgv6IkRWIQ
aDOs4osT7m0
aUFnnnQOSJQ
aYHe23YtxVw
b3JGDw6HvS8
b9KB1Bmh2QI
bHs8_Zvaqno
bqy39uKDQ1Y
cESOmXgp9Mg
cWxk7BOVJ8w
cu3UwnVSAQ4
d9O3KMB-f7E
dgt7X6TXADk
duoUtxnBNL4
e0JQcEd46e4
flwF4Vm4kWQ
gGdYnm06EdU
gZAmDG4FSvI
gZgu8TXMVqw
gouY7QFCS_I
hEegm1eR1kA
hMBbVFar6YI
iC1u5Rdwd6U
icN01aL4TDc
j5lyit8y3E4
jOa2AE49YpI
jWphopRY_KU
kcmhGlmMZVA
l11BVmwtVzk
lHGjGImDUbA
lNFwYUdsMpk
n13i_Zdwaeo
nGcN7s9LzLU
nJHid-wEAJE
o7w9gF9HNYk
oh243nvR4h8
pQZyEJV2aLk
py43fwg3P80
qPcPj8QsTbc
qdzVYoWuAWY
r3bKzrFJGOs
rVuur6QgTCQ
s7beppk4OeM
syD1kw1fmzo
tJKQSI_Am9c
tK8ID2sEIE8
taVZ2n8JV3A
ujAYNfjWQXk
vI4s84e-Yho
wurn-K4ZlzY
xGxk6DqEGTE
xQi4KxOvJwI
xpu0GywUTe0
yQA4J5GurHo
ylqQ_uj-_4I
ymE6vrK7Rts
zR8aYtU0Pm8
zhdMon6Lb5Y
zp0aW-fRfFQ
