-X96F0Vezac
-c4fayby4DE
-lAkj8PxkF4
-q7gt0t-100
-trbRAivL9U
06p5PStBIrk
08gbklxvXtw
0EaRoZiAtV0
0Kb4fUhwyAY
0MAvZsZON-I
0W85v7UjJ-Y
0_1qN2QBZDA
0c-uEAm1cGk
0mfS7NqGNDU
13qeb1_g210
14ObDSHNRy4
19COhT9SOGw
1LnS6pQWoiI
1PLCT0yGg40
1gybDW-lvwU
1jAUduje55k
1n9dgor-pKQ
1rGII68Z4hc
1tFKqpioKHM
24YOExPkxL4
29ws5byaevo
2KjouTxoDNQ
2MquicwgsuU
2NIbnMx5cZU
2SSnoUa0RJs
2bi2P-3rVEk
2g5vDPAo_pA
2n_qFNatrHg
2x2i4_D4BUU
3-62kb4Sep8
3H_PeeNZqAg
3bFFKUt5Kn8
3leEABlqqgQ
3ta8lKUrugs
40P2Xk_cK18
43OoIf2H53Q
478yLFWpmh0
4BMHWxMX7tM
4CTHb5LnsuQ
4G1K3YCMcQE
4RbHLeK0QE0
4huaKfYz1xc
4icAG2YKiGY
4qB249r9E2M
4t-AYNt9uX4
5F8ngoG5WjA
5JbSmBLzh4E
5gS2q7fvQy0
5j3Od3oOhdo
5kIUS6ih9I8
6CmgEedlx0c
6IZh21Ri_AM
6LpboCXfWpE
6VisacKzXwk
6VpaRGK1Q3U
6badBK5Q-4M
6dO-MiDu6Ig
6k4-HWJSfto
8GvAqSeUlCA
8Xa-EEYAK8g
8lwvL49GGZo
8wHJpuwqedE
9Ij-dQZqPQw
9KHZPT4S6N0
9XHtckTtAvM
9bSkErN7sZM
9csvbMK0fxQ
9e9UpFDf_pY
9mntL7atEHg
9reAYCVSNmM
AACDqlpXLRg
AIHYInl-rmw
ANcRULf61qk
AUsZuNBymP0
AV0lX2deH8I
AbOBLHPTgUI
Ae4OMzMr3bk
Ajl1E21BwXc
AumPva-aK8M
AxYJl1OPV18
B8xruaHNIsg
BJ-6hdYGJKs
BR7P8kc1kfY
BRQcYPatkV4
BS_kYEejI88
BfqDrFsn6XQ
BxQHqw4T6QU
C256R1GRjmc
C4KC7embu4M
CAD9OjOppgI
CFRT5W77rQ0
CRICiygCxcQ
C_Kz8Pw-j-g
D4GBHfhCxgM
D8noAwqkUQM
DAEoh3zNmSE
DOM1MBqAeXQ
DTlgJ_t28lY
DnQBY1KMZnI
DoCRmpv0K6o
DukMwCPhd3Y
E159f4GbJXM
E9nDCKMvR7U
EFchEQlo30k
EV8_uzTXOpM
EZT9ENuiCvQ
EihOPRGmJL0
FA3tpP58Whc
FDzf2VBBpPU
FSDzLbNuPZo
FSHXHKtkgdo
FTYVvkShc7s
Fk6TqcGB59c
G0mncEl4nVU
GGaW5BACANc
GLHG4OoV7BE
GLRIg21mJBo
GM4suo0mK-U
GiIpzWRJmcM
Gih6FcUgiiM
H4mXDvuTEgU
H6hGX2Tc2Ak
HBmeYZkIvNY
HIWtWOA5mAw
HNq0jUhVuq4
I-Q0R4U4SgI
I7oRX5l3mrk
IJi5Z5G__Ws
IQEY62oUVqs
J5yP2nYl43I
J8YqX80Y3FQ
JIP4UE3Y34g
JRZpV7q608E
JTgzUsXq5wU
JeqS_7mhcY0
JfyRiuvCTpA
Jl8SGiUwmX4
JrgKtTYI7t0
K4bcQAaTGJI
KFA2nORvk_M
KGZ0stJ1Cxg
KNMmP9cG_uo
KSbMa9drY74
KWNPovxBVs0
KZXf0A42hTQ
KbJLHOicLCc
KipS92_sIJU
KpG0EJKU7qs
KqG-sLpJ0xk
KzW35eGZp50
L0Ab4DzDEL8
LJsQabc5iAE
LKNbyYUo8Lk
LxK2K6uxS5w
M9EbD0mB_UM
MBL3_fmAWEg
MF_uGuxibVg
MOM-IGcZ9X0
MomwVi1QIjk
MqMxISTHf-I
Mr7uQh5K3p4
MukjxrVBhsY
MzjF9IapZQg
N-HIodvmojk
N3YM6zRldNg
NEvhSL2_Vhg
NHRUbvnLsQY
NI2WWI__zLY
NPuaXx3VW3s
NQQf2E4RKDM
NSBd8AoBn8w
NTCHftTISDw
NTaO8Vc_LP0
NUwBMT7Yky4
N_U_ycMOsSg
NdkaZfvmNHk
NjUtqEcGOJw
Nqm0FZ72MTo
NvYlt6SPdTE
O0SBkTcEKrw
O4rFG2wyEZw
O8NeUoZCcsY
OEWP31PK4cY
OSs82_OIIqw
Owd1LDgiJpY
PQNruKmv748
PwdEwZcFwCM
QDBFCOUTEnI
QIkvE57Tk8g
QY8YRLiAcG0
QjVPXN4sDII
R2k1_0Txx7Q
RDaYxJeUw1w
RP6wkhc9uOY
RRA58dpJlGU
RhTq5oPWMh4
RxHGmN-9fLg
S40H6eClxyc
SVtWe3pmvYk
SrRfpImPkk0
StHBlP3jNuk
T1H-iCfYo1A
T5blmKUeG8s
T88-qmYwDI4
TheZJ0PSLCM
Tv4aPe1CLZk
U5t-S9qyjbw
U6jmWR5UgqM
UAFLoPefW4Y
UVzHiK6eH7I
UWPZU2v3c1g
UYxTDrOZLKQ
Ud9kgk-xBG4
UdHJ0pvSch0
V2UPIKoEIaM
VEjdfNMaawA
VGAEhz54HfM
VH7YEY0GWZk
VJeomWvdqt8
VQljeqzppjs
VV-MzT_4hhE
VV201_LMsKc
Vc_2_YhO-x0
VhUhPSaTM-g
Vm2btfs8lO4
W9NXkZoPrJM
WA-y-6nJDvI
WJJXgV9PPWY
WMxVsQasyEU
WNbv_LbBPXc
WRYQSc9W4ws
Ww4Alp6sOlY
Wx_VBep03is
XRhZLPvdCZA
XqJe5YZlIzQ
YDNsPH_t_-0
YLfXzZykMIA
YLlkYJYWdCU
YbaDcRZhqP8
YfIC05IcxuY
Yh0mHnN52pc
Ymzt4WrdVQc
Yqm19o9rOOU
Yt68DWCG_s0
Z3x1cOMMKtQ
ZJV1SXNQJ2A
Zci-54NbeMo
ZmGgsVAHLFM
Zmf3Q6NCCCc
ZqGYa5Np3q8
_HBqxtuZLF4
_uoJN9_lcFk
_xOXZuBmzh4
a6HyVf7FWIY
a90gChoF3p4
aGBJljdLROA
aYCwk4_OICE
bKTpmozj_Uo
bUH-yAr6fuM
bVDvo9AWZQM
b_2KV9qsRrg
bjjkosgOLvA
bkfUkJdL-4E
bsM8g12wZRs
c6dk5WD0mFI
cBxprMkdPXo
cCjQaoA5-DA
cFiOaXUMS_Y
cK97fA3HXrY
cW3C8VaWrFc
cnhXNxIbG3w
cnp7x_SSZ5Y
d7HfBIprhMo
d7K7GktkfYk
dCQ0n0i3SZI
dENzGq08pzs
dNeU6g6lPNI
daHousBVci0
dgeBdg76JHQ
dq9pno8RfyE
drLpL1_yPwE
dt7ZZZ0aZTA
dtTI5jQMWpU
e0hz9ycS4tc
eGg7hAxijzw
eJNoau1JMeU
eMDFr8G3bFI
eNT_DzCGBFA
ePuoGgO0XOs
eTGX0zt4Msk
eX71OEa1vVc
eaC8si8WezY
ed-gwYb4jXA
ejdQFo0eQH0
f4ttV8NP3Cs
fB-WsWe40GY
fFuzRY8y6bE
fOtaT5TQ0lE
fOyi0qC6JN8
fVem3lSilvM
fWZEO8AjhMc
fhzabGPc2l4
fjLebLpB-TU
fosCP7f7QvA
fvMXuyVqXhE
g-beX68qdLc
g3e4P6WlDjk
gQYSx2kPPso
h2k0tUI1lxE
h3rE9B9dD9U
h5qKtsez_lA
hRQCrcw1Mw0
hZjkAp1-hZ4
hdljlFuOldU
hiTvGYyQ8Pg
hxTD_CL7aAM
i-YzVniknRo
i2t9g893oCQ
iLAyBVBxq5c
iQIQLj11Bmo
iTIPP5dUvGI
iaVpiErzr2w
iqOM0lptGgs
ixdNpY1d3Io
j0ztndE2If0
jEmQxgoLscc
jKU77rEVyDI
jOOK7igXRwk
jTBw_3uxlh0
jXVV3NYeAu0
jibxR_83Qi8
jjz6PG9-yTM
k-42IZWfZ-Q
k0H4Ap-dXkM
k0J8wLNCR-4
k4ec3Q6zKeQ
kZev8De_nT8
kcgMOauUtiA
keydE8ojZrM
lTYwDXQvfSE
lUNG6xokJjQ
lYuhEcmPC7g
lxbx_8F_OPs
m8lFwgCypZc
mIIKLfLQebE
mSHX4kcH65Q
mYqsaOwem0s
mj_GMYLoz3M
mzJnQ--pcvk
nBSElh4K0d8
nXojsjnx0F8
n__QvxXosu8
novI0fJN93g
nsvEWlbTCGE
o-Iodcbg_9Y
o8S0vKJdi08
oCdCYFtDN4o
oKAQJEgH6MM
oclGDXtu-eQ
of3Qr30467U
ohZikI1RuDw
onOvedbXljU
ouM5qWosXXE
p0oIaFCGAHU
p0rJ4OhQ4gE
p3TiL7zbsvk
pVt2bMAfjso
p_Q6GMhou9Q
piyV5iiys9M
pvdG_Cl50Qw
q4SBn2bSgxw
qDJs7JRJs18
qJGdAgx2quc
qLTTXkNHAJI
qcxa3RVr4YE
qgadK3w8h_Y
qi_zseaaYPg
qqK86DFrjEY
rEqDLFcymsE
rKIyTTso8og
rbFAeGcjsoM
rqkwuKGxK7k
rwbhbyWCR2U
rxxAg67KUnE
s26lFYR5hJg
sHg11LAlgCQ
sVQqb1mO-I8
sXD5_KjRGL0
senPgcFlqjk
shT46njguq8
sjjX6Z_D-oo
sqHw7IkPzi4
tFc7PWnu1tc
tZUQm4vOwE0
teKZ0TN8exE
twDCPHdEYgs
tzeuR_vaE2Y
u3n-2b5LjWw
uCHN8I2p6X4
uFD8pcVZNww
uHxZ1IM2-Yc
uK-Y19eVSjI
uOlYDQBAbow
uQZ3rI1Z5J8
v-uWLhnLeiY
v55UMiX1Ox4
vDQtNXNIN70
vHg6KTaJ7r8
vLO8TkGIeyw
vMl-g-GJ1Ac
vcqs86k0OlQ
vrXFbdXyuhQ
vuIP2TdlnlU
wC-lhRfZSRU
wCb3-lndI0M
wPeG990YoGU
wY0nvA2_5z4
wgRxbK98jo8
wnlpo5n7x5Q
wpM-JUcfFhg
wvEetrgCxh0
x-3R5rJUUvE
x3rvj2FA198
xGg2q8YJHJs
xP3Wqdn2mj8
xVjOxPl9bj0
xzEg8c5Ajt0
y5hX8X8w0A0
yGb8AiEUZ2Q
ygcf8gO8TGk
z1yTKCeBcFo
zKg2T0SRsZo
zRe5bWw0FZI
zhOCOFSPAcU
zvftAanJHd8
