-5fYV2jkcnQ
-AyE1Wpgo3Q
-Vynhniw7SY
-hZgyXjEPbE
-ojdYo7KjYw
0-pL2J0ZB8g
0TxX5Ik2hD8
0h_x13xHjVs
0nwZb1fjvQQ
0oAV8q8kxy8
0zq9vQFodmM
10mO9_eC3lw
1EEjgv7eYbM
1KA9z4J0d4E
2DBeFqc6c8Y
2U2vly9EmBg
2nrncgGzOAQ
2shitOcCGqQ
2zwZsjlJ-G4
35bEzW5yW9w
3LUCZ62Vjy4
4LHzUkfQ8oE
4LOmW3MxkUs
4piKdGrSxf8
5a8NcM6Ecpc
5aYnDI1MDk8
6nSLOtRTF5k
6o1D5ycOnwE
7A1aBe0C1jc
7ltYZvsyo4g
8EZiUcUFzlQ
8mf1Q4Q3tgc
9IUVbwPFwKI
A2W_JYuC5nY
A7eER-rnvu8
A9pCjn3OoHE
AvwjpDmpDQ0
Ax7AsVFpheI
BJxm4DdZ3NM
C2Y-XGcBwWc
C4vNPEEwsmc
CC5-nQGhz_c
ClgxTOHCu3I
CoVTAAQ41Eg
CwXKoC9gPfo
CxjrEqHZo-Y
D2uvlj5ITsw
DNZjd5K4aAw
DWQfvS1oSak
DoTBob1_IvI
E3dj792ZJ_w
E7_EIfN8RmE
E9OSuNtA1Wc
ERki-aeqnDo
EWpud4wu2rk
EbwarsgncKM
EvoytnBLPXY
G8naqgpQx3I
GkcEIJBopME
Gm3kM56ahK8
HjstKwikAR4
HqwM6ark-a8
I4XdXRPHhqM
I7HVy6pbM10
IXojoV9fngY
I_Df_mx8Hxo
I_IFTN2Toak
Ijqsas0u7SE
IllgR6kOieI
IpeL1prh2SY
IzC88H2s2e8
J8dr_lpUsV0
KA8_V8ZqQ7M
KKuNjPxc7Jc
Ka8Dm6oPZak
KzJjlg3wvew
LK1SU7zpGJM
LMyVoa_BMDA
LWug9K7oT2g
M6g-sR-lRCU
MGp77CmhhLw
M_DJNcFNWEQ
Md73IokSZIk
Mm674DfbXO8
MmpumYejLBE
NWT7hgBalzw
NcJb0PmfR-w
O1jnrUJOVCk
OsUwnafwdTc
P3li2eF-BFc
P5pJKTiVMDc
PJB-AXb1pvo
PWTdiAYQ2Cs
QIdKJm-SQ8U
QPSmKSoc6LY
QWJ1U1OynK0
QfxbNxFh2Y4
Qmmj0OWVcR8
RJ-G9DFbcLA
RQd28DTVX98
RjncNitwzRc
RoObJcYpwZE
T2BIk_eQlNs
TICK-Dv9GBY
TYsflotpyG4
TfnrXvTwarQ
Tu8rdm35Peg
TxXuo9ukVxU
UMR4n9-FG_U
UU61RiBwxmU
UUANcjQ8peQ
UVfR9u1TGW0
UVn2KcdPYjY
UnTz7Bgt_co
Vwu2LYT_qwQ
WqNVw23JRRo
Ws6qmXDJgwU
WttrWqdfOPM
XFsuRxospbU
XdKfgee3_14
XoPWAzPzPjE
Xs9KfeE_HQM
Y0p_BasJLKE
Y6EO4HPG740
YDOWMgnWppA
ZFSH6yvcOAY
ZTArakssrRQ
ZVDKExQCcvY
_-ouYVi62Aw
_2-3uY0IAro
_JVwyW4zxQ4
_LDnCm9Iz2s
_nYdyHJbqmk
a5FgSswz3k4
aCWbdMpu0pE
a_-cMXwGykc
alKB6PgzG5c
bMaAUIZCVUc
bNHdQHnCdN0
bVquLXTq4bQ
bjUGcWRoWuM
cTqRE4F6qJ4
coYhMGfFA80
dBbKtOvfTiE
dFEY7IohCHc
dTO0JVfMfjc
dXNyF7lv_Wc
dYqRNY4XZGY
dksVlYR2Fr4
dwVDDxxeVRA
e3Heip-2jYQ
eURuh9aS3eo
epqz_PuSC6U
f2Tsx48djdU
fRrdz54oH8g
fW3ZT8wBWAU
fY116KLE4I0
fcnYMqWXFjc
fkfRcRZT0C0
gBVFxYg-61g
gnoG0P2KZ0w
gzSruVyV4O4
h36cpwlslHk
hQaVQci7KiY
i-pGHEISg_Q
iLXnII1kFzc
iUYUTZNZW-o
ii7rffG0EwU
j1R0HCnpHzw
j4Ph02gzqmY
j8vGMX-g3EA
jGNcQa3ioqA
jceP3JKtLY0
jiczBAqku1I
kQjyjWOG_58
kh8bySuvuxE
klEFaIZuiYk
ksCnA_L4U6E
lFK9BiitUtk
lSNrc9eMjUE
lSgZwJVSyTc
laxvZZb9uhU
lk-qYSOTw7A
mL7Qwcpb-SA
m_FBBau9k40
mjdAMVZIQU8
nAZvUnWbS8c
nGih0bGyLoc
nPLJ0441bOE
nXJgVcJwWwU
nYGL9eN9U6s
nf1t-pp4eiM
nqLdxK32fc8
oPYgLsTYxPE
ocSq6v0Mmt0
ot7A2irPpQA
p3wVOwgieTQ
p4M6_uSGSMU
pmvK8T9PyWc
qbMr6sPIjsw
qgZAajQV3nM
qq9Ctm6EGlc
r6Wm7k9xUes
rC0jAICfNwc
rIPfH_tnNKc
rRDYP95lhjc
rucb_e0RrpY
s7q3hGdqP3s
sAhIBRTdblQ
sL5ZV3_sY_E
u03ST3ho9OU
uSSDrFHNQvE
uYN9euMvd_U
udWXjzeJ3QQ
uek661F6hCo
up21mvokyQ4
upOlpeJKVKA
v1IgfeYSM5U
v1mtxcl3_IY
vhnlq0M8g5s
vp6fGbjuJIY
vwLpzbw_Kpk
w3pZfYGLtSE
wHuSZI1Sb5A
wMTlJSs_kdM
wkvsgit5v8U
x0dTbsfWFIQ
xlxJjlFTSvA
xt9CzCDRORI
yrB0b3ocKg0
z4gR17YF8rE
z52DEYh9cAw
z5lo0uNQL7I
zf3gNdjJl2s
zlQSHQXdQn4
