-831R10CSbU
07eoOjQIebs
0l09II7xx3o
0mot778I9Ik
18PWI3spLsk
1ePVIvW57mE
1wd86xIDvVE
2MnnZU7ALvU
2eT8eiUbVLk
2hBA2kwfd2A
2xFm-44XSRM
37Wigae0BYU
38J7yHP-3Ew
3Cf402pZG3E
3Dtl_H05KAA
3FkQLnC01-g
3GiwEPpencM
3KgrJIE74Og
3jQlAK5ncr8
43YES0N6dXM
4IQtQD3hFYo
4X6CgIJd2Hc
4XlPdfACSdc
4fsEtia-Yz8
4hflFy9g-SU
4w2PISo7-5U
4zYLlK0PJ5o
52wBnHq1AXM
5OhKJwYgmzI
5QLxjtKGA-Y
5XHK4pLxhx4
5q9I10wkRoM
5rfiiSO_OLU
6Iz-lODuUWM
6m0uldlMhYM
6xgUNeNyays
7CAExKpXxuk
7DZoAUmVw_s
7eCxJJWR1WQ
7gW47Ei92ko
7v8MG2zqt9M
7zgj-E5Hl4s
85d-Nv4_oTA
94cswkM8nvI
9AlANWXtUAs
9UBBrRc-c3o
9YA0oXuNbHM
9gmZ_POdJ-4
9iDXisi0jX0
9kvyX6GKKu8
A3TibQ4xhA0
AdJXHjo6iyA
B7-hkVzozH4
B7TmpEeQFcU
BDyRp5upDmw
BE3KwTdidBo
BHyIGhLN91M
BJaYNDS9eG8
BWNGUpy6_bI
C6T_5O6aUyY
CAvGwsReIVU
CE-wEX_fY5c
DD0vJFjcozs
DJVEIkIexGs
DSphAeTvees
DVKa6cR0h6E
D_eh39dJq3M
Dt2tcU87-NE
E4Ai4ofHHgY
E8PeFZhnBE0
Eaus0BbnFTg
EqpE9CQGZLg
EuSKwt7-FAQ
FBwMQ7lgk0M
FEac9rYg36Q
FaYbCnXcPyI
FltedYt94u4
FtMmSxwmdiI
G88PMu0wFhE
GCEJe8l0-sU
GDeMralCaiY
GcRfmkZJObM
GfK56bBH5VM
Gps8Q153NBg
GsQ2AJEFeEY
HDcNT2JMYJw
HDwv5SmDV1I
HGyF1spb8GY
HJWIrLDhjY4
HNSZ9RE-Yo4
HcpXhAkKY4s
Hfhfu5J9wlc
IJsMcY5N1Zk
IeQpTj1dg6I
IhFO8Z4RMy0
JL-2o7J3tY4
JcHs_Tkf_cI
JlmmYstNQD0
JuygrgleIvU
JzI9Od4MJ8s
JzT8_8lKhSs
K2vvGBUQlGY
K2wBx5Il3NU
KAxlI-CYXHA
KHE5LI8R21Q
KOaBkOppcLk
KRJsfgOYgDU
KWa3r2HohpU
KfZ248qkbFo
KyLCbXDRE0w
KzpeH2K5bXA
L3X4P0KD_CE
L4LjwjpG50w
L7qMz4xTkr8
LIz3JYTEjSo
LL0YySSHYd8
LMw4DPP_fvo
LilQKqvh7j8
LoX5H6I3cYs
Lqu9TMPfG6M
MWU65lSSQOc
MZGHKxlmqBc
N22tV7NzNCU
N6j3V1tH96o
N8EG8dNpf28
NNWyTdnX-wU
Nd2EKFDuT7M
NeBBtSErTuk
NfeB_bLwaac
NjkUVBT1W6A
NpiCUtiNZOc
NuvhXJuS3g8
NvUv-0vNw8Q
Nz4MDr1juLA
O4laFUOpxC0
O6Nv7zMZ78M
OETJyGANkig
OMs1oq9K6c8
O_9x9Edn7r4
OeWDIW5i0Dg
OqRFtKz6NQE
Ov35fuoyN3I
POqxVtmAcd0
PXPenhv3MuQ
Pddjd847Tvs
Pky_tVvyzfM
PmSab0sfE0o
PuSkNiWmYgU
PyNdW9xnfcY
Q8-HLqtsEAQ
QNhr5BtgcBI
QQyEDKHIXvY
QX2ZBbhFPh8
QiW_kduicPc
QpM63n9jBSc
R7Tu4oDIAT8
SbqU2tgh2hM
T7kTrsaBtCU
THkAIuzPoA8
Ta6kNvQOiLs
TzsO0VvuQj4
UBSKnVMn1Rc
UTDIDdyfn6c
UUyZZD8OBak
UqEbDRbVZU8
V0tUDvQI5Qg
VKC-Nt9Euic
VYUb4IWaTp8
VfSQFUwf3cY
WrF9KF4ozms
X-KOoVV1YKo
X1cVkE3cO0Y
XT7JNKDrnL4
XTSdIvBg-AI
XWWxznGwSzg
XiZpefg_IjU
YWWFYuCRKJo
YxcroyKF2_0
Z-0tiTWKBbQ
ZKEKsI59IQY
ZN3l9KjM1KE
Zdhmex9-sRE
Ztgi5Y7BltQ
ZvYRNGT4QSA
Zzc_qaU1JE4
_-e1sY7hoZE
_5tMj2QWwhI
_A_DxDXNTNQ
_MLsXIbaC_A
_X-0jiWMLE8
_bpBm5GdpuI
_brihbvLuYE
_h23Qsl0Xbw
_q3pnKkSWCw
_yi2nKBrhaU
a53V729Y42E
aS7tW5ZbbF0
aWZwxmsVlyk
ak2ti5d-jDw
av3tam84V-w
b0i_3f0IIIY
b53sgMrcpYE
b5SVnsP2LBw
bEZiJ-QxPJo
bL0pjKyIG30
bL8n93qsfkA
bOmRAL6mg7c
ba5D8GJ5Ajc
bkOxQuAaFUo
buVsZEZ8cW4
c1b-f2m3D9w
cSVgkUJ22iw
cT1vYlpZKII
chmhEzC8WfU
e8ULCwLXFJM
eHVsYmMPDvQ
enFjzMvFErc
ezvG5rB3bJE
fYVVhMEbuGA
frgObldGZeE
gMrLZxURBLA
gNFJNcly9kI
h9Rta53voxk
hGv1dreaBIg
hIY2LvA554Q
hMQgwFNT-s4
hSX52pHz4ao
hTDUsBsyTdw
hV3ELYlf6HQ
hdpbuTlcalE
hfPrVghoGC4
hqd2ybl-LbI
i4ipxYa00IA
iYmYLQCbTcg
iaC-5f0WI3U
inRalowiqFQ
ixyLUXe1qCE
jNYw6mUzgIk
jgke58SRsy8
jj3PEE4VTZY
jkttaylkkys
jrDWnMQE3G8
jvwoal3V0EI
k5Vt91j3Hv0
kPhMFHCVacE
kQ5FYf1xsIg
lOok_vKvpE4
lUM-Tls0Tvw
lWxdm-hKQE0
lcUCdEjG2D4
lhkWFoShbWg
lhrK8lrIrrk
lrlcSOd58sg
m8Dh7qh8zj8
mHzT5JRMQCg
mZ4zIq0oRLw
mvg4t-DMtzU
mzr4GfcWA_k
n5-t5LpYQ0U
nEMk7dArf54
nGZMFA-yTHs
nHgZTNktn3o
nJHBL8rhy44
nc2Sf_vcfI0
nuWZxlwfa3c
nvI3cZw6lXQ
oLbyECFEuaI
o_JiLuedt7M
ofqa0Xtm3hQ
oizHDe87zkk
p-EQuhDT3Mw
p-UM3BNdaTo
pcM_6k3Xd_Y
pue9tFpjRYk
qbg67_sawZg
qfUSkJSrvY4
qlM1-QRZyzU
qtgpefJVvpU
rT2dhfQ9yFo
rX-m83qDCUc
rdNHPUE52DE
rfb1vhU0CzM
riDSUjSdixA
rjTV_tRFxAQ
s3V13kpF0e0
s7QD2wMsiqA
sWCU2qSlMdU
scXFgRLYCR0
seJkLviWIQ0
svckDT1-WWs
t10mke9whWg
t88FJw6KF6s
t901sdsVnFo
tK6_WlqVIas
tSpbhO8avOk
tzCPpV2eJ2k
uQBuJ87XKvg
uXF1vQM09vU
ua8mSHBQivc
ubK0Z_oNjVc
urAt7wJ2QEs
v4MEJ19m2pg
vXqN_21H0S8
vebQ1y3Mpzw
vwEOD1hZElU
w-2LVBV3W8U
w7s0ZbYB1vc
w8Qa0TqXX5c
wYkydf6RlwM
wZZy9bSPPNs
wm6TWBmWYKU
wqaWogV8a2A
wvAkall7vfo
xSAmXuxG4Cw
y07Np6Kh9Iw
y2o-c6zfv1g
y3RM30NHhIA
y45B-ollfDA
yBzkLRTC4nw
yXbiA3aDoks
yXgFY_E7zuk
yhazLHa6W14
zGdU5i7LGfo
zHZzdYmYC-0
zR7Z23XWeJg
zVYaEC_CgtQ
zxuMY_tLS9A
