-CJ_aEF-c3s
-mTCnsRRapw
02eE03ga2Wc
0lpuATfsWZo
17Z1VY5ljsU
1fo8DBgZ_kU
291YEXFol1o
2GKqcF9YnDA
32HQaJ5jIik
3BkAXEl2WBE
3Cpf0Me_d9s
3hbqNWFso0Y
4JDZOVeop1A
4eLHjPJktOg
4h01NHcxsiI
5o7au_I65gs
6Hf_sUHLsu0
7G5zQJStBgw
7V8J9YTnr20
7rrBnloT7QQ
81EchC5rEfY
ARu1P9Baa0k
Ad79WfetPwY
AgbgRarg6AM
AiQ7dnll-wI
AmUO_Cgf5ro
BavGGYZBu4o
BjPpibKIe1k
BxeH7G5JU_M
Ci1BG9iYwMk
DkYLzySHsio
DynLIEe92Y4
EDaN6Lv7c_0
EQs-RwsT-e4
EXHIlIjTzLo
EmcqC3sbdFk
EoEE7YoKxhY
G3hyB-XtrH8
G8lFJVtkACM
GH15w__1lew
GSIhOACDJwg
GTsORjoWm98
GTzy0TD7krs
GfV5cneb-Xk
HjMS3OYPHXI
IMYTAXFa1AI
Ivs0T45cUFM
IwkIxbBPo1U
IzbIAxDrf90
J1R_QE8zZ3E
JW-eYNx7PWI
KoSiB6wZirw
KqEwMBZ_ROA
KvL-qcq5ie0
M6Zzg_iGIo0
MIaEh4ZjW9g
N3FrRza1XUU
NbYK2cfPeUE
Nw4Nm47PoDY
OC29tMqk1ks
Ov1sWWfSjLY
OwZW39-uPI0
PNTpcGwHS-c
PWcwaBtWD0Q
Q9uR9TxxXTw
ROnVFMKV8po
ROpshhHvUpQ
RghZbbEVWV0
RiEZQ8WAUw0
S23jQcdJ77Y
S6_YI87LTbE
SZlYwJpaCE8
TFM8mzQSetY
TIaYwtIE4FY
TvMnWzSoiMc
UHQBvy3hyjQ
UMmP2x6o_LI
UNiMRIPcxOQ
Ui8mvxU6wA0
UrjUyTy7q8w
V-1ItQ7qKoA
V-Kucykq01o
V1XWwswNa5I
V7IF_YIHS0s
W-ISVwXWkHw
Wop9VNzXHSo
X80-4kCaitk
XNIA-YWIuus
Xe6ooyYNTa4
XmbW4h1Qk7U
Xxo0aqtnGSw
Y-gCwfques8
YCc0xa3XWQk
YQB4ly4ZrPQ
YSiC_EQvWYs
YgZ3cfTd760
YjQXQTzxD_E
YktAM7ahXBk
Ylyn6NHWII8
YvjbSm26HnE
ZwYjPGUfWVA
_AIUHEJARmY
_PMs7_zQJrQ
a31vUsZIY9w
a88jlxHfe_o
aO0k9VLmbJA
aOfER7zpGpY
b1UWINHHSpI
bDzZuclL3ko
bnNZGTJS31o
cNJL0cIUCbY
cwvJ0Pv0ut4
cyQBvxclbN8
d0K4htpXINA
divyHymk63w
eJ4iIPXSwS0
eV-TuVfAW4s
f6ZcUnbYVA8
f9WF_uy6m7Q
fHX0oS1PUH0
fZL4b7sZRkk
g7dzX-m7_wE
gQCOgNmVFxY
gyW63dspgWw
hzO6DXNrpCA
i6H1dcS8jo8
i6dWy6kNR0M
iC-1-tFFqYg
iD0ZTxlUUU4
iJplRvt-n0c
iM9sGwRYHto
ifAQApb-a1Y
j1OJgwmw5KE
lAjn188EKLQ
ladAwckMUsU
lwwGhdC2U-w
nV470B5xk0U
nZoI8gocT14
neCh2VUENkY
nqaicu1z2-0
nuBOfbOKCus
o9kP8xeLavM
oED_KdgIUp4
oLRKccdQTBQ
oyHbw0vIVwI
q-N_L4psvvo
q29FrgyOmok
qg6uOPyLnDA
qqe5pn-lLPo
rf_a9opxxng
sQf4MgzLi1M
t58LPzZql-8
tCxF2SwUqyU
tIz8Ls1G-9M
tJWtrIyNK8s
tXhIVtifQpc
tcmvhy3YBNc
u0MBj8eBa2Y
uiizV1BXLjs
w-vQq6ymZiA
wOJNbYrQIaI
wW_swiZ30a8
wb_xXNnVehE
xM6O3oidqWg
xjHPHPWZtDM
y0fuPWDf4yA
yMJWsQFNr8U
zDVXP2h5caA
zKTB7L4-eCU
zQPlMXAogUY
