--aJi7_WuRc
-2TxUa8V4FU
-6-NftujwR4
-LKG7xYW1Ko
-LX5s1hEyF4
-P6WuWWhYG4
-X9Hb66GvSU
-XkTI9-gxRM
-_pj7LBpaS8
-_wiwzQZ9zk
-d63StDqs-M
-dtSFhbSRf4
-i3m5G59GDQ
-jBZOfPTLL8
-mZj6pTevX4
-wgNnumqCQc
0175EK8TUdk
08qxBXDOr48
0A8LIrgAesQ
0CwQASqqcOc
0F8BMyzccRo
0IjDRkY7I3E
0Jl2m_3__ws
0RufRtBtGtU
0VJHUTkdyxI
0ViBQljiQ5E
0XQ0A92jshg
0XxZUy1E08o
0aHiMoZfGBg
0bDooyKVMZ8
0fI2tmHxyiY
0g_DILR8aO4
0myDEXqupXM
0yHcRYFduj4
112-6piISdU
120YmU1P_ug
12J0Pv4Nxhg
143Ic7bs2Cs
14dmBJ2JFqA
15NtvYZUU_I
15vVsChH1z4
16zq4TnRzo8
19GlcbbtHUk
1A_YlIoYvkE
1E9qyuOF3Dw
1JT1-_e3Av8
1JwBY_5CDg0
1NUNGlAKW64
1NXp07DDK2Q
1PztU7OxXRY
1Rd03UYeQp8
1SDUTYAlK_k
1SiGjfbF0vo
1cMMUFMKGg0
1g27m3PWlzk
1hMRSZLxViQ
1ir3G6nCRGI
1kQGbYXHhCo
1oZY9tO5CdU
1p-GORiTitE
1q8Jz5mLmFY
1qWseckyCa0
1xui-pKRoSc
20WZiaJuwn4
21FXNSETTYY
21RBc5iNkxc
23z9qjoo9DA
283GUezx7I8
28mp6V1yAWQ
29uyhHyDByg
2A_jPGlG_UA
2HdhVbyvEBM
2I08NR4M-CI
2IzD3aRoBOA
2Qp9CRplGLQ
2YkCAV4Yojs
2ZS7vyMMHPQ
2_XqhaYez8g
2cip-QOLquk
2ebc0OYaZHI
2iEEcI_RMjM
2l3vb7OfAFQ
2nnioWvyqHQ
2oRzLprOkD0
2sFUVocfoDs
2sFe7SEyj9I
3-o6PjvGz14
38vN7eA6PR8
3AcqAlXD0ek
3DHRa0OgvBU
3Ev6MQaOqms
3HiovLN5Yhw
3Lapegffy3U
3QnK2l2ZmR4
3Sbzrp6Pxjs
3VOctOVgWbo
3W6ej5bfH2M
3WZu0DVX8yQ
3ZzpRFa2wuk
3cKH5EKHkJU
3hNDaTMYw9E
3pfMp7VnilM
3qR9qurTc6Q
3s8n5cLJFMc
3v7DvR7mzog
3w-jV9yRAJY
40hVcMheMJU
42U6nLoMNvk
43AFqOZzcrU
4GM_CriD1Dw
4I_85euZHVc
4Ke6de5ugcY
4MDOQTMVdCw
4NAnT0qrSnc
4OqXG2HusJc
4ZVp8XJTxOw
4bOvQA2wMy0
4eSxu5rT9K4
4g547RUbC2w
4iORuByyRmA
4o6Jf9W3Xr0
4rZx6vMCZtM
4s0ySkaEw-Y
4tmhP619Gpo
4uERlZ3EanA
4vnVpi3JxBM
4wWa9EUMm7A
4x5wlJhVU9M
50HKlEkO2ek
51JqJP2hGoo
533T8Copcxs
55Vn_vyGK64
57v5j6Eu0p8
593KYknq2Fs
59Sr9Oc6UqY
59c1SXkgwLA
5T0DK2yS4Z0
5Ud4rH1Dyi0
5VjxVrDoO-Y
5Za5MPhNiEo
5_MuqmbJR2s
5_lb3oxfOy0
5cCwMh5T7Do
5d9Nz_AAMY8
5g-HH3qRMek
5hhrarWW-QE
5lJGmOJBHnM
5n6liZyS0Ow
5tFrdP0fik4
5tRmInqoFRk
5wCO_WS5IbU
62vWxxnwJAY
64vblY5t6lo
65WAlmZPCZI
6A1KUxIWTCk
6BzMz-prJpo
6EJcKXBMRE4
6HQg2sMNhYk
6J2NW98XNmI
6Ls9J986HQk
6S62QnGE5vc
6S7DzVI9SIA
6SptYxmHihM
6Ux1ehlk3zE
6_jhJ9k62nc
6bSxioe6wDs
6hSPhP5zSpY
6ihY9Ft5U1Y
6kZwej4t6yk
6q1adQX-qh0
6z_YWekvCdk
6zsKRVVcyCk
73kXJ88X-wg
75rKWLI1hSU
76--3hyfEEE
76-VBSLc3Bg
76uxR4B4vm0
78ZCIx6zaOs
7AMoHMtBnLQ
7AtkDz14NlA
7AwziOGqcAw
7BAx_U9aw_w
7JQKugg-siM
7Ovo7gl5hxk
7QA6AqGdCsU
7SJ_koWmyjA
7UnjmmLiYr0
7WURbCgDVpI
7WddjfecVl0
7ZSoy-LryPE
7Z_OlPibNcU
7Zousytnv6w
7bzqqQxcreo
7ckOpUSxSWo
7e-aJA_za1U
7ihua8HEO2E
7k2k_gDM8xo
7kh6fRfd4Oc
7o0QnBVd2hQ
7uJcn2zr1Ek
7weSVhrm0J8
86dX_0BAxWQ
8EptBVWMgYE
8ODOus5Nr7A
8OUv_UFgIws
8T6v5h26dpw
8VojZS6mUiA
8WN5EPU3EME
8Wv2ftMGeF8
8bxDbT9hmmE
8d0qhYDPOao
8fY0ZOaUXtw
8h4BMm8oGkw
8hV1skhFYZI
8j9Tv8WjDeo
8kncSv01wAU
8nfzSsGhcUQ
8rntjBvRXRU
8vgT1xlN9Tk
8xgAFGVbIK4
8xnuSR4a38g
8z5Ae2qfeks
94bYVMFXbHc
9A-_2KiUJdw
9AI0XxTDkw0
9FDgyXIlHwE
9FdstFG0MWc
9HXMX3Z2uxc
9MwlJA1SGW4
9ODVdA_wbas
9OPvaSZbTrY
9P57BpMzpMk
9QwI-bkxlxc
9Sgi6PW1X_Y
9T-LRCybai0
9VGmDfZDyvc
9eC4S-o9lrI
9fMpZ7sLGGs
9hnY8KZQ8Gg
9iHeOJOiKF8
9m8CJ1A3xuA
9qIfXvzXGKc
9u-tOIDymOM
A1DXPPUYn4o
A1JNIaTHlWk
A3FNsymxrxg
A5oxTLqQA6M
A6HaqcFoUmA
A8bzELcBJ3o
AA5lh1aru8g
ABHQvIEvnMs
ACJmSmIOd4w
ADXo2zsB0lI
AFnng5lAXow
ANvC-8ZIHbM
AUnVAvdbuVw
A_wl1FWkHt4
AdjhCMveB6M
AiTkUteqrYE
AnNMr08dkUI
AoOPP7zRdkg
ArsPoiZ848U
ArtcI0grCe8
Av-jbmBPEgw
B-FmEewpFXc
B0_ko6ur3PY
B2Eex0zdniY
B7SDc_z1LHU
B7vdTmPxgwI
BB18wKy5JrY
BC8lqPYrXys
BH4EbAigWSc
BIaFTTkJUw0
BM3H-URnmJ0
BM9J-yXEAbs
BOTDrhDoCRM
BPdKjlsVFCk
BTDPBJFVo7E
BZS7jD7CYTg
BbKRo9DZ7j8
BlWEssJc_4M
Bmh6fTQ18GA
Bmv2XBJ1Rhg
BomsweK2_70
Bpv7ekYO98c
Br6NFgukXnE
BuZxI5uDnSA
BvS6iMkPM-g
Bzh0qOnogMI
C2tBb1qgDxA
C88oDkOwiz8
C8_iKCYH55M
C8lp46xIrwc
CIJ0iqPOV9E
CJsn13YX2fQ
CKZjwjdd23U
CLo-JroHVs4
CMXdr1Ni2rY
CN_8KbQX_hc
CPBtzr6oxNs
CRQu1gtolWM
CU-Hvw19Stc
CUmlTYZvewA
CV9Q2JZIcHQ
CY2cdo3aWBQ
CZbRCIN7Rkk
CeIUVuELCrU
CkwoTBaWklM
CrmnYXXqDc4
CxVf5_67EUI
D1joJKopHl8
D9lpo1RXBxk
DHYKxQ9IOI0
DJK1ehVjQEw
DM3HHz5flBs
DMiMsnUrTJA
DP79yxeG33U
DPGW2vXuzu0
DRPkkl06vqc
DSlPh9i5gPU
DVPNNXhidwg
DWGuZPTIbn4
Dd9_zmFKBf8
Ddm_XqWWXfg
DfqAy05XCyA
DfvZ2Z2ARGg
DgJeN9ms-VA
Dhh-FJ1G5GU
DjpZV-cIm-I
DmurMD_LSC8
Do1FEfOuLho
DoFEkx80Oas
DrX6cooF63s
DvNftusAibg
DwWZkPumuUA
E-LRxZAfL3Y
E0ugCpeFhPQ
E2hU-NMYB-U
E4DezishF6w
E5ENomD1Z_0
E9RxD8YQubI
EBXzfScjJUg
EDVv8wrKpaU
EH0Px1gixM8
EPQQuqYUaf0
EQW6qevPlCM
EQkqBeJzoH0
EUvSjTpqZaI
EWngRjJZk0k
EgPptbYKSp0
Ejc61bckm4A
EkgMQDdufZA
ElPlSIP2ACA
Et0gYTkMgUg
EtA8onINk1o
EuLjbP6_GUc
F2BJOA6C0Nw
F2DudlmNepo
F57BWhkzFV8
F6VyO00FLiw
FADrH5jIHTs
FFfLNqt22KA
FICRZUdb2Sw
FL9xAf7ec7A
FM9QWwzLQKA
FPARkS31esM
FQtN8uVK30s
FYBZ3-zyTZY
FZpQcXuMrTw
FesezCGM36w
FgvATdNQeOc
FjQf1BvgezI
FjqDHe5hr-k
FljTxF8Ghis
FnqTUeeL-cc
FtBfPQymvdE
Fy7lNcXV96Q
Fz2Zk01wleQ
G2H0UdN92Fs
G3kx83BLUZY
G9CpLmi8yME
G9mGL9s8kgc
GEa9Y3cti-A
GNM0BmhJ67E
GPRe0DpYSxg
GQ3jVf3P_7o
GSCpGHnnb4U
GUB_cBoe2xQ
GWfKsFp6_z0
GasKwK4aW-0
Gb9zlR6NZZs
GcBk8RaIbX0
GcJ8OjdieKk
GdqgQmmah4U
GhbjzxIgC2k
GiTEi_TCcu4
GkFxwuWbf_8
GkLo4bYyMi4
Gp0VHhE8Wcs
Gq70CMzKsTE
GsI4ddl7u6o
GyRXfWEnqHc
H7cmce3wKoE
H8Z0_SYeg-Y
H9_gQVljxU8
HAY504gNAf8
HEA9_nZXZ0c
HEJV_oJL-pA
HGbErAxzeBk
HJAfr2Bty3I
HYk5pEnsdv0
HagzSkkxmqI
HbUw5s-xxXw
HbaCALrhlxI
HhU5eMLKkyE
Hlo5lWk8gnE
HpM7sStA5e0
Hqs4Mn1N1rk
HsTf-XiEXQo
HvEKz4CQq2w
HvI_egcspFo
Hx4J9R8Uvl4
Hx8sYItDkVk
I18DjOERGVw
I4N1CJJogE0
IBjKKB-H8K0
IGDiPCfB7Gs
IJkvOUK5e2k
IKJ_opIUS4w
IMGSCpwL6cA
INU2Jma3LGo
IYbKlyztoOE
I_hAKIt96Og
Ia-9jlV-gEg
IaQgUeWMZ7s
IbrM6PF6r8s
IgE_S0eDWNA
Ih5NNf614h8
IirbyjRQj1I
Ij9Fqys9Tl8
ImQ5wHlxc9w
Ip1rPpMbOqM
Ivu8HzwMkrs
Iwvc1d7DXTU
Ixz-wh1m1iY
J02f-PyC1ok
J7mljc4kzSs
J94WdQukEts
J9fCt_RYW5M
JGgsuJfw8t4
JLEAVMA_Ul8
JNd7ETojUO4
JQgaBVpLNMA
JYKtnV72VJM
JZamb4rAtm4
J_pNNOHnibw
JardJtBjhKg
JavlibhEfgA
JbqrwGvYr4U
JcfoT8fDA-k
Jd2YLyD3LJ8
Jl7cr9jaB0k
JrZml_nRzas
Jxt_I_l6gIY
JyagyNd9aB4
K-pVYgw3Bi0
K47b4jf8k3Q
K4b2Cnckhig
K4hQy19-nEc
K4pViUMoaTc
KBrknGYZRMg
KEIEA6iIY3I
KFCUWoRrujg
KIRfvYlAv_g
KMYbCPiH6bo
KQCxdw5H8DE
KUpbOQkBO8A
KXNz4zmO8Cg
KcA30B72M80
Khn7rCxTT74
KhwTQx496Cs
Ki7od5Wwhag
KkEl1zCQpiM
KkN69W4lXdQ
KpdSfhDOszQ
Kr7HKateObw
KwtogFs7j-k
L-fmiYdmHaw
L0MMqMR-SKw
L0iDADXjIMI
L2torg_t0J4
L8YF9i7k2dc
LAqud_0jSWE
LJh8SravVSE
LLIGo5zHoLk
LOrIldJdRbg
LVDLRyeKne4
LW3JbmtbfRU
LYIsDjzqo-g
LiZ8MCSEcVQ
LjDzfBnD18M
LqtXWoXrPko
LxfrNmK1BaM
M2eiNeXBpLE
M7R-7NsW1ow
MA4s9MKpWl8
MDX6XY2uLSw
MEivMBHb4zQ
MFwu6tGi4w8
MIEqNKdv0Jo
MIcy_qfKN_E
MPKflPj_8Bw
MQ5sbT3QzJc
MSboX7-tvlg
MTD8MDjHHJU
MUxDnD-kVqw
M_vUPS2yXUU
Ma5KWQi5-mc
Mb8OZOnM2Fo
Mbb5Qni7DYk
MeJNRLnLcXk
Meo0t09gwi8
Mf4Q-slREUI
MgF5M1BoKlQ
MgyA9KKAUNI
MhUsxPd7oq8
MkKjPWsqXmw
MoySSN6qCQs
MvkIpJiA3hg
MyQo1Pa8--w
N-wxJ3X9R5Y
N0PuX2mzlZk
N3OTynSZh7g
N7RXEA46mNA
NGldrzQe4jo
NTicAwls-cA
NUImxf4rZEE
NZu20L5fM-M
Np0sSED25mY
Nq0ewD572Rc
Nqc32hbL0aY
Nsm1YSsX80g
NssElFJuFuM
NvP1YVbrZvo
Nw19cjlc2QM
NxgK4PvFmTk
Nz0Zu8x-38w
Nz6D4B3gd18
O2Sybo5lY3Y
OABBvoGGYX4
OCPvYX2kb6Y
OCag-QswweY
OFhKGNsv3os
OH8G16DTp8Q
OJS247bmGUA
OMZ_ImFSmtc
OORgGf-v45U
OPAXD04mCLQ
OPFAXDwyYbI
OQHVaWFTyto
OUVlGvRlre4
OV3tto12jC8
OWd24h6a24M
Oem9c8zTjeI
OfMWyYd4_9k
OfNzVf_EGwM
OiP7L0MZHok
OjsB63IWM1Q
Oljj-GJ5BU4
OmQPjFMfbrU
Osov4mILOPA
Ovi-QEVasu0
Ovy6dTAdaKA
Ow9AcD6HupE
OwBd6XReft8
P-b_MBAX9tc
P0CKJfT3zv0
P2YZC_uzcrA
P3_SrkV1LJo
P4NxOQWg4qw
P7BPn-IUCEg
PBboE3915_E
PCUgSemFaJA
PCktYst-ORs
PDZrkWaoyt4
PFGD9_jc6BM
PGWeBvtP5u4
PGmDDfwoWk8
PJMPaBztqTI
PQzRzRrSwT8
PV7SjudfZ9k
PVF4lCHwZ-c
PYgI2Fn3-vA
PejD7Kjw_i0
PjKIFIdPy3U
PjNlMVET1ZM
Pk86LRp9xAE
PseFn4v8Lk0
PstXxgYdVbA
Pv0ayPmUtGs
Pv2HzDsc244
Q4B5IO687nU
Q6gU0tvdqVY
QCH4FOtU1Bk
QOL0DpifhN4
QOjKQ8IlhDQ
QWTKrCUUMtY
QWzG4uHaEqg
QXqUEQRMLWY
QcOaCVVRk48
QdPg9cy1yxY
QdjNZi9acpQ
Qg_CxOTLzCQ
Qk6-T5_my6o
QkN4Ot4hMys
QmVjzN2-59I
QqYpDtRbjfM
QuuePJucPBY
QxesIvHinRw
R-TbLDtGPjw
R19cdTYt-CI
R31mnLejp6E
R5_Itaxq7_I
R79eKAhRn3I
RC9CYxTv9Lg
RJYjBDQ39cc
RKXJWAFy32k
RMe3zKGSJUU
ROMXt_n7vaI
RTonINm3JsA
RbfpNYwSG98
RbyiriKqYFU
Rd10v7T3HAk
ReGzubCPKPU
RhgkaxXw1wU
RiQKshWhRv4
RiyuWX32zLI
Rn-AyoSMIaY
Rnouu8iM98g
RoVfGylxhuU
RoY8vaAucvE
RpQEeH14rDQ
RqE755lKQj8
Rr8NL4RorI8
Rrjo0f7UD5I
RubFCpfVcI4
RywjLY_2JVs
S16opEW3Hrw
S3PG_AcIk0s
S6ICChJYeSY
S7m5DrM70nc
S9EeesdZi9Q
SETErq3exIQ
SJXcVGNH8Kc
SKp8mGOwWSg
SNQKv60XWXw
SNbMIx26jpo
SOVymmtcnXI
STIGFhFbU3Y
SYQA5WzOzeQ
S_dm7V8Us5s
Sdv4ChZ7XLA
SeyC87y_BS8
ShNQ7iWS1xA
SjzPGPY0nWo
Skq-ih2239I
SptaNU7inqs
Sq2M68QRwUU
SqBJJDGCSQA
SsaAFb7yx-o
SuIsUl3IPP8
SumqhsRaoF8
SveXLLTbLPc
Sz5f9rQs5ck
T-cSRuLFiYA
T-wDkdtNnHg
T4n4RbJCQFk
T8-Yzb6geOU
TAoZVhWrrLg
TFuzCY1W8JI
TIP-HkeJRCo
TQC089mHHQI
TRJRZ5eCPok
TUbNTpW2690
TVTTz8kZV3o
TX6sS2adY9M
TXhJfm5RTy8
TYsx6lZiE3c
T_sPdgJfhaM
TcegVWezsIc
TczsPGZ9yUI
Tf06Wx0lNqg
Tf8PjbSPIFM
Thlxu97kElE
Tklbp3WDXRA
TlHaD7YE1MM
Tn06M3QVrgE
TpGLcTpCgck
TzkATqF1JB8
U-PFdsJUq-A
U0M6igHoOYc
U4h6pUnnd0I
UAovihzV73A
UDXQaokCmZQ
UJAHex_FGps
UL7IuIvPDik
UPY_99qwKHw
UThQgSdPBwc
UUmShCoqXGg
UVKxkuYSLgg
UXSp-edNrNE
U_W7TuAYtIs
UeS6h4U7AuU
UedhF93WgAo
UfOAK1OawdI
Ugtg517_LfQ
UisffgsSy_w
UkV33LrNAE8
UmcnD_71_Hk
UpMHCEMBMj0
UqNSI74EB0U
Uw0FAyj9udE
UxYyewt3BIo
V1GUkf-RwEo
V5tIHpYBgSw
V9ZxWhkq-1w
VA3TWzOJSVA
VD4WosFI7zQ
VHAFudHRjZk
VLKYRbhclKQ
VNBg5T2lvTM
VOkFh8UeGZI
VRqBtXR2hqc
VVZ-uj3W0lY
VWsjwGsldag
V_y6F0JcHs4
VbOVAVO-xmE
VbgOtncnvqg
VdLElruoR7Y
Ve13wEE1jUc
VePyLGkZD2U
VrHSnsqg96w
VtfVcxuTFLM
VxjR1fDGEfk
W0H5Bx0p7mM
W2NSDqacdhI
WB1ODy6KtY8
WCTKcE973zo
WCfW2EaJncQ
WDji8jK-coM
WLYRQ4cGntw
WMgtuLgDktg
WNNwilfE6XY
WObGg3oqdU8
WQGPHfPoM6c
WR32FwxNCz4
WSAR2ZS7X6s
W_5v7zwAhNE
WbYEBGxVzqs
WgYVvRpu0DQ
WhQnH9lVgjs
WjAk8UtLO_4
WjzG8F-7Q6o
Wkvco5_zq6w
Wzgq4iBOMqw
X0N4zNx94iM
XBPxX_Irdgo
XBqNzdolpRU
XD4JF3eV0D8
XHvipNdKKDU
XMYSnUCKWHU
XODRys_8-v8
XQQaanR1QbM
XRrcz8Nv77U
XVTDDcV59YI
XX0yX0z8Bmk
XXBxzx8DbTE
Xaq41WiMf_M
XilUi6Am010
Xjz7yIsCSjI
Xk6OIKwGpe0
XmYsha0Vn2o
Xnll1ng2_bk
Xsv4Df5etcg
XsvUAHyyEME
Y46uhVX7vSE
Y98I5B8kE1k
YJAFbRRaex4
YMKjmn5sTE0
YN1OrdDkI2Q
YOrhlmeMITU
YQ9wvLMDgZM
YQMvsewW7qA
YT4VmwXUJeg
YVUh8IVDaV8
YVbtdc7IqVw
YXQ7tsUb1Qs
YXTjC16nR04
YmCRAgbdUUE
YrcsMKyg-Kg
YsBSRayqPgk
YwtbiSSdBo8
YyOoKrHKUHM
Z3ZocGla3z4
Z7KcRKtYLg0
Z9TuT_CIX80
Z9Xcweg0i3g
ZC582mpO8zE
ZFMc15Tm9ME
ZFbqXW61YTM
ZLnUPKUuTXI
ZVv74i4uC-w
Z_e9r7D4nRk
ZbdBWY3qZ0o
Zdw1b-hGlSg
ZfhKFwpnsuA
ZfmegorrKMw
Zg6SXusvzr4
ZgASxdWdZbA
ZgHup2kehJY
Zt3CipPu-cg
ZyD3u0wg2YA
_6-zmyvajj4
_988hgasJgs
_9mBuJHHTRo
_J1mhva5ap0
_MTXhvXG3ZU
_QCmhMYdUR8
_QsYKlyRzKg
_R_KPbNYumc
_YcM0isU-N0
__F3dIFDQ90
_a6NVo3YFwk
_pjI_hm9UPc
_spFXikEPzI
_yC8_w-_ptM
_yFME_5u3k8
a2-ohEcx2J8
a4W0Onl7X-Y
a7pce88fhvQ
a7sLPTE09vI
a8xJ6_pashw
aAk5UO4r1ls
aCF6XB8wHdU
aOYZpqa9Y4k
aP_IiCukFuU
aQ32XIedlh8
aRsEIrnHIwg
aST54oHa90w
aS_SixspgcY
aVmd3wiCES8
aX-tPxTODNs
aZ7G_MfPTuo
aay7PzN0Jis
ac5sVtEcpOs
acj0XpwDvTY
aeNqty8Rwvo
al7eOq6jjO8
anwq-DyirU8
apTTCHL_Cpc
au4IwjjavCI
auoM_MKBIUw
awoJA0Ot0YA
azzz0pKAzCc
b9wuhGGiOwg
bCJ8wEABXhI
bD8GKOOiAqo
bHdb10mqDbQ
bHpxFKKilXk
bMalsMuyNKA
bNZQzZtTfRQ
bPIokUTsuZo
bQ0cEtQmhqg
bWmKZ59gWJw
bXGmH5MfsgI
bc4tt9dZk-c
bcIGgUUKFeg
bddRrv2WJUs
bgDY-C7ej0Q
bgnMvSUj4Rc
blBfmtFb5u8
bqrOBbtYc58
brERppkzxso
bs9124e4V5Q
buZMQe42SC4
byS9c7IFKhA
c-Iy4QeYCfI
c0nVEvwRJ4g
c1dUBg3J9bI
c2g9rJ8-zc0
c3AiD4DdoRU
c7aDCDd_WEg
cAsOsSmRX6E
cDwNVpxSWyA
cIbM9qjXtSU
cIyHETqv0xE
cRB4iNC1z-8
cTAntdHvbYw
cTDKFut1NqI
cWA7hjqA-1E
cWjHMYJOSaA
cXbZvR8awMU
caxBxBLmK68
cb2oPFleZTg
ccflinozNo4
cgV5VoUOKBs
cglhnfbbSdg
cjLkxP4LldQ
cjQxDCdxQnM
cjrNbs66nu0
cnY4cFoLSm8
cofzRSzPpuM
cq5CKu6SIeU
crbSM-wuXqs
crv5mf3G1AQ
csTtjx1beyE
cv4u2_7t7AQ
d-pu5CrGLrw
d1s4O6US9fw
d7hkeTrqvYA
d9503yrVBrQ
dHQZ7x6O39s
dJMC1aLCn2o
dOB9YT6FKXg
dOgeNGhCx4w
dP4UPxN7eJA
dQw5Sl0iOOA
dSiFhjbcTWw
dZbu_Qe-tdg
dZjILUHvjZY
djhZjuCHe7M
dsQt82YRxYs
dz0Y92LL1YA
e-bvpWUpSKc
e86QLnUlu8U
eA7nAc1vysk
eENHO3Y5wN0
eI3dP9MLN5U
eTOxyR2P_JY
eZjMMLflsZU
ebphrFRDPcc
ecxf1AyOx_I
edXuXrYXdgU
efwTwY6rsag
egewKciE7YI
eyLRuSxyVn0
f0IaDSogRkc
f0t77CD04-Y
f4ccSfBUD30
f68TwvMD0zw
fCtCoH4BZLA
fHHwgrJUIZU
fSo19XgswL4
f_kbsWXzG_o
fd-q6t3DDLE
fmYBWmDFvuU
fqndAfwaivM
frOM2RZAjs0
fxwOhOrVsic
fztZOY-1w2k
g-GRzoOcMRo
g-HgXlX4vCw
g4xyIvz0kWs
g5qd_YyvLgg
gCAOxFcJx7E
gEeIxJpfC5c
gG_uwexE3ps
gRic1HVC2CM
gVvAcE9cHOo
g_7uGYVVFfY
gbmR_22NDjg
gc_rWeXn4lA
ghSmLJaMtyc
gop9gvgO9kc
gsv3zzYe2RM
gyU7TXKQNhE
h3GcaEM-__c
hD0oOltBHsk
hDYKsHyhjwc
hDruSQlv68s
hEXHXtjJ-hY
hExr4Xj4_Jo
hLelIWMpiWE
hUfgKCPie28
hXM9rXQKU3Y
hYwocx1IwaQ
hd7P14GJQ2E
heHhSgII2M8
hfsY8RLrJ48
hiZOtskHbmM
htiMRs3ezfk
huLf6hTLa2c
hv02etI1veA
hw2dGrnpiLo
hwHTVpgncaE
hxUl9_4xUAM
hyA0PmmkSA8
i03bWAkHgXI
i3KiTZjIiFs
iCsExTV_OJg
iKMEpG_OkEU
iLipiqqjzDk
iMk4TkNlnVs
iMrTb7onbms
iNQXPDAa0EU
iXmAMc9ZqEE
iYU_lH2ibZc
iZ8cvesWXy8
iaI1Nq-oTtY
ibNBKx_xt5Q
ijYTbyMWFGo
ik-w9h8Bu94
in4J50kSjb0
j-5VzkM7L-A
j0fPsd2b2KI
j1MntiNqWn0
j35bNyT0XHQ
j4Ei2lldXTw
j57AzsQFORQ
j6t0IIv-jE8
jDVFcYCTeWQ
jDVcIRUojwM
jExIPruwgIg
jF4sJ85ihWo
jH0Cu6hf4Xc
jJU_PERWGyE
jKcrSIm-zTw
jRDpsLGQ9W8
jTGpMRj7jvU
jXUAM4hG4nQ
jcJkzT4c8jM
jjcSGz8LbS4
jpLKtC2Fob8
jpuoCr-I61E
jtd0pSlCO9w
jx9mjtw1bGE
k3SiIoUgcK8
kBxUIzPmUEM
kHeQ4QA0QiA
kHv50D7ZW30
kHwxAJPK1lc
kI2UUOh0v0g
kIaXjFNKnK4
kJt0E6u83xk
kL0FetyoBUs
kN_d-Np0pyg
kOjqMDno3JQ
kP9hcVVa9LA
kTGFjMiO5S4
kUo86cP9xwM
kVAabCa6tgs
kd4O1MyT5lA
khOZ_EtkhOY
khP6kx1oFVY
kkbbeWggqsQ
kkfbt3EHmoU
klpDzPmI6n4
kps5gYACk7A
ktKJwj-oh9w
kyQ6kZnHfgU
l25_6yz2yC4
lIA4Bsz1hjM
lJQQTlscshQ
lJWX-Pm8jPo
lLiNqGX2ai4
lNoZVpCYoeU
lO5PyuGT2KQ
lW2vaIk5Jy0
lWLhPtLkPL4
lZ-rPg5Muhw
laLE3excOSg
laxK-rR63xk
lbZybk1xv0o
lbwj2Z9wgQk
lcxWgRQOWpM
leyX4pDQ3q8
lnKL3WtgEfE
loqZisOvwPY
m1AAS0JHmQI
m66kV4A2qck
m7Y55pVy5V0
m9NzgGIi3xc
mBMJKW93tjk
mDOwxFW80IM
mJ65XaOVFBE
mJUtzryc-j8
mMJ3KQQLWKs
mMfBtTdqFyk
mMorxueQ9MI
mQiil6g6XXo
mZuPHEC8s-Q
mbkhEvlxHj8
mbpd-n2VnGo
mdtMRtu2INU
mghYpjrSCkI
mhrmU2Hqtnk
miyLMsXwToE
mkJDp1BRBKQ
mlJQnhazgkE
mlWOufpg9ko
mw74ZXxM0WU
mwefYLGxkJc
mx56P0H8DHE
mxeQrOVZd74
n4uBRhcGeVM
n52TIpnK3TE
n9UtOWNVOO4
n9wk510NpVk
nEfWaC1LL2Y
nI7xaW9vuQo
nIPIXlRD08o
nJ8HALDA8Rw
nK-zkIRPzag
nM2YnfcDu0U
nV5zIvvGemY
nX9NkfYB4J0
nXE2NT-i9ls
ndgmi_Cr75g
noYSOJ7mq9M
nsP6Bl0Qqxo
nuBa6W5bzwA
nvGQFEE5vPQ
o74E6fh3J-s
o7I3WOoV4nw
o7seut2gzKM
oA8LUAcaJwE
oAMySozm-nk
oBkziIHyePw
oCr0kW_dT8U
oGfcNELF2Nk
oPucTBdUL_4
oYH9qiOIhJI
oYyvIUeJv5c
o_2SED8l6fI
obw6p-fvtf8
ocMnliOlF8I
ogKPorsp-FY
ogOpz871KgI
ogpENAw28fw
okDb0du6qQU
oqMfB5kxqV0
ovgJVtQ0ef0
p245TNY0uvc
p2H-I6RKgnA
p3Rb2hPpVds
p64jc1Gpghw
p8kNI9YYJ-s
p9iUfDaRpnM
pG67DJbwerY
pJznOUi69hs
pLByHwd9dXw
pPgJ0Mwoui8
pQEVBm4g1HQ
plORq5bzFdg
poe3m6bxbDU
ps-pneKJa5o
py6N2gRI6jk
q-4ern1jElM
q-rZuaWVxWs
q184NQEvltY
q1kpkV-lBsc
q2EgPJs9FUM
q6F20etDL3o
q7qLTjtge8U
q8cGUL2kS0c
q8vHGFZ5Tk8
qFANjcBlogI
qFDLovDBJGQ
qFWhFFQK9Jo
qIMv1IbbgZs
qITD_5nxueU
qL181srGQyI
qMM7LZ-O7YY
qNQjf_b9oos
qOufcr6q4Yo
qRIBiQJxC_8
qSveHPwbNWo
qUJdFm4Cqt4
qWUW2a_CAzM
qYItJc6VKAQ
qfD4DvyJPec
qg9UM1HkJdc
qgSWKkPt4R8
qio9MFw-oow
qpaYcbn4BV4
qudK8drQYs0
qvVrf8k7i8w
qwnecudVPtA
qxgGf6IeYHU
r-dsUnRxR6g
r60x9FCh8LM
r69dTxdbfgQ
rAzzo0SWa1w
rB1dOvfRRK0
rD9pz5C-Hjk
rEu2if8ldjI
rGiGP437BKs
rKl0v3NhOXk
rKtVDwtu4x0
rMiYBP3awn8
rT2aXkpuf-A
rTranMSgrU4
rUEZkRy6D_M
rW5jNyuN2FU
rWPq_VjNVKY
rZSTxA3MCnU
r_9Ey35Ko-s
rbtmjLZgV5Q
rjNoucTTEyk
rjbz-u7d0Qk
rnlKCy8uTZs
rpYFb54PpdM
rqVKQzU_e0Y
rsRvYrpEeQY
rtHwxdBaEoA
rvfXNWOFgEQ
rwrxicTNnVc
ryItXRR3FF0
rykpzN9jRo8
s1NCiU7Ld3A
s2nWXFuWse0
s8iYQNev6Do
sA4yHOTQHjo
sA7hoBpcfyo
sHj3sA5qh3E
sQ_7RK5v8hk
sSAtXnau4Go
sWupGu99eGg
sdsnrZD9psY
selLigz_6_c
si83yMT5v3g
srOScygnJHk
sv-D4cGWuYE
swUEiNIbROc
sxjp_OT5ZS8
sziaz7qrAuU
t-A1mMg1AtM
t1QAa711UmM
t2xp0opvaqo
t526iex8h3s
t6yIX2ftrSw
tA6homKKXWA
tBfWhbn_mtE
tFECpaC7aa8
tFbmUOh3mZQ
tHGyhX8fikw
tIsMSz1OzVY
tM4X2r5Wc3o
tSubotm6iQI
tTeTLTZrqp8
tVaOl7J9jcE
tWx4HGcxNmU
tY5FwimXc80
t_AiQhDMP_E
taj6JXJevOA
tbZR0UKcVQA
tccWM-7xMYU
tixfshAxZ1U
tjOGk4a0r2w
tlv3KwT0SUI
ts0miaQMya8
u1Ez9Tte5dw
u2kla6YMFD0
u3JwJQyKbx4
u76D-nq_knQ
u7ok8C7nH1A
uCN56-n-s3E
uKs-nPK-58U
uMbyO7spbFk
uQPT1RAFLac
uQXJA-n32d8
u_Bk4knViqg
uaynLKRS3b4
ugI5tc7STbI
uh-mWy1UaW0
ujRImk5UUEo
ukzYtGLK4Y8
up63rY2HDNA
upEc4jKu-UE
ur1kvNhxWPQ
uvtlwi7L_yQ
uxiKlSjJCNI
uyb_ofdNp40
v1dph3AJ-ck
v8T-dHKWSMc
vCkgOegnWhU
vET03PS2TdA
vGSjkACBj1s
vLsLGLaL698
vM1b_sn8Fmg
vMOdnfqFYDE
vQTIJXO8MGA
vW4J6vSjOlA
vWWN1mMvZDI
vZYQU8kIFUQ
vavDyJiPonI
vd_BfWB2Ntc
vfQGQWEl3YA
vfYhOHblWck
vhKpUbEm3rg
vknnqNU11QE
vkzqgVQg7gI
vo680GzJi68
vp4jc5BbVDw
vrIsemMLXfs
vtPNIrmdnQg
w4NWqr6s2rk
wAX1ezwOx5M
wDDkEhVrNg8
wFd6ADM4qrg
wFtEcE0pcJc
wHCt5klznbo
wKzlF_Emt7U
wM7A5bwj-dA
wMomogh-YNA
wPS0beuYGSc
wit0J5lcDI4
wkSgyYRDLhM
wnDQzy2GhmE
wrnF_pJxH3Q
wu7rCjgQ-o4
wwVDc3U1IUY
wwxPd65eeDw
x2j9-SQ29Ek
x4UxUSDaHrs
xCvkOBVlPrM
xMly39_5X0I
xPYGrOKxJ7M
xXCrkHseHN4
xZspv3YRTcA
x_kcqp8jfGg
xd88lxcGmYU
xeKQBsCvnf0
xfefmg5WegQ
xhfW-D1yrtA
xiuuKQroPHc
xjres8DnCNw
xmDUBViNI2c
xmos2aHUfpE
xnQaSHgwUvc
xrw5z1G63RY
xvhdVetWrDc
xwJQXfMsNlY
xy2lj8wTZ-M
y7TQnfNS9kI
yCUR82n96Gk
yIrJliWy7UQ
yLLEC9rTWdw
yMbpjkVbdkc
yR3BgLvmi0A
yWXW6oJktJo
yj6Rk_YOhS0
yldok6lllIU
ypx4HQdRrVI
yq68u5AL-ls
ytzz5ESFx_Y
yxDcw_Dxj5M
z0j1kiWXW2I
z2wz0TfJzuY
z3BFgutkFTI
z6DEZJp-tts
z7wRChewL1A
zA97Ja9n3qg
zBVI4geafMo
zBqLbMIIr84
zCq14tiwxbo
zEXp1ELZRmg
zL9cm_1PCnI
zSdRwy8x2Ms
zVPcZxOPU94
zWBwgdfBYWc
zYsPTBq2aEw
zg8npDrrC1Y
zlTuyYGdTQU
zrdkvlY9Occ
ztJ0s-lb52M
ztVsY1ZVs0c
zxWrMh7LS3U
zyLqB8dwO3A
zzwNCL4rPRg
