09ghjqqSON8
0YpHWH5bQLU
0dkN-aIaRfk
2tZmwO3zDSc
4WFnTBx868A
4YZLr3shhRA
65BYzVU32H0
6cjcPM3oiLQ
7CHucZ44nJg
FMSH0VUlYVc
HDcNFm0zOCE
JpDe52QAjEw
KTEjU2Edqb8
KWZMm-8an7I
Kq3RSSivv-A
LPQ78s1sepc
NSZcxXqf5w8
NUSBBxTZiAY
P-Y2A-eQf1o
PYJ1XTqyivY
Pp7fyyHy2Dw
Q4pDL5EZ_4E
QlP23qnjei8
SLdi2317_qo
VApBhzhwz6Q
VQmJqozvi-8
YHhXTs5NDSQ
Zm_VIYrtI9U
_B_suP9CxrY
_C3FmPmg-AQ
_hFa65vnvPA
_wiA6jx392Y
a9eQba__VbM
bH5psKznIkw
bI6O2ZumKl0
bR9QNyX7zkc
dGBThCGXKC4
eqxbjU2_36s
g994KZNXTLM
gl0nmlKrjvE
j9wjOnyl3-4
js2hu8u7s-c
kAlyqr2s8NY
kvexPB0z0n8
lgc64nthMU8
mXqZP4Uk86U
mqFvqYxxEFI
nIFAhCBNPJs
pexb5OyEJ6k
qWyXWHvrzIE
rHPE_GxmlKs
rPJ3-zL8MIk
rvlw-cB5QOk
vdOraDG7qqw
wuOBiEQ0yO4
xDhW4uKdw9s
yNQJUi1oq3I
yjzbieI_4sk
yzkrikr9qW0
ztrhotjfW7Y
