-e_IfN6LFvM
-iK1hOCrgiA
05m5ON7XfWA
07Byc9W8S3M
0SP2cXoeOxY
0lxM6vLie2Y
13WGf0w0p1c
1Rnj--DIghc
1Zyy-I3RSws
1es4Q_GE8Ec
1oYNUFcxN2E
1obfEwgOWUw
1qtCwD3aS9A
2EKRrbFTdTA
2J1Ro-XCF2A
2Os0M-qpTw0
2Sq8pk7sMr0
2bO_q9s0DBA
2nUkIhSXyKE
2s_e-80Ffno
2vz8zf3svgo
3GKV4Ax83XI
3WZhWorYT5I
3azC4ofu1qc
3fJsaw7ql_I
3owlsNOwUh0
4gx8mab7qWw
5CL8nGQIbmk
5Kp_z5JJeeg
5ST6oPWqhf8
5UIs2ScUiXk
5VGbYAZGHhg
5fy3GdTxqj8
5vgGjYc5ILM
6Ro6FlHe5eQ
6T3QTi7z1d0
6cshLexLogE
6q71Qcouzfg
7216LGCCAC8
74D3cPDplEw
76J66qzJS5A
7_rXFonwedE
7hXxDOouy88
7k9nXdLs8Ys
8HDQs1H32LI
8IMngobiQRY
8XyYKG5QM8M
8hVViV1fFHg
8qO_PJAzIIo
8xX5yeH6yqQ
9Zg9adP_svA
9aUFf0rsNwY
9b53GmKAcZU
9lsD52c3TNo
9zgNxwHkWlk
A94Hg6yWd-s
AEe-jSs17KY
AiVqwKsu8Wg
AwPBt5aBIiw
B1t3zLEk2xw
B6fne0PXIZM
BS0qoRyapUI
BYcgcUmVJ60
BjMXxO7cW9o
Bx9AaEGb998
BylkaePobuo
CAbcHMOwobg
CWgObGTYZrY
CbaglrJcSFo
Ce12VKaPd9g
CwzXi6niHW8
Cz5ZgLgJG_0
D9qG5dA_gcg
DCfpP9kSi2I
DI3VqTkbuRA
DIGbNQy5Hb4
Dg8AtqfPaAY
Dig2oQc3YdQ
Djq7lFYjbhE
DmRgnDrhE9o
E2cSExQXk5U
E3QGj73b_ug
E8ebTX-npDc
EB79lWl10I0
EKTp0_gnbxs
ENKxP0i-E9I
EO3lMjbO5ic
EOx-3pZ0e6M
E_wdVwLYfE8
ElUwMUO3ttU
EmKpSa0hvOc
EumKBS7iQek
F1F1c3osIDg
FPZkNwhshiU
Fi1xlDffnJA
G1X97qC4Ues
G4-fIsVnzZE
G632a6M2hC0
G8fvBBANtFg
GDvjHg_TogY
GKWBheiCX6I
GPWA9AS31Ns
GQjutVj7sFk
GSxGDNxUJS4
GWY1Do1ZRSM
GYkMgWWvMpU
Ga85RhwH5Sc
GePTPzN_Nzs
GjvwK5i6BJU
GmznmPS67Rc
GvS9dGOCC2k
HBmx2taAues
Hl6Lc7orWKg
I2kZ62KnRpg
I7GleuLQ0DQ
IFXwHdxbVBU
IT7DTn9PKLw
IqZWApreqoM
ItDq3dYAW7I
J1H8MNv2_fE
J4HeVj1AC8Y
JHjHGxLCxh0
JN5mZYWTWr4
JUu2qmOXYnI
Jdu_5tXed60
JekxrU-Cqj0
K1SqfmGytz0
KN1DPWxThHE
KrIviZD7b8A
L4Uzl4MoiBo
LK0wMprGMWg
LR9idu9wrNY
LSHvye5tsbQ
LYSwAy8Xk-E
LlHIgyQUIAE
LnZ-0U9soDM
Lo263eZdEns
Lzw-BLdxiBM
M3Z-VBKfbc8
MDInEHUwn5k
MHijDY9SSsI
MOUwi1WHCFA
MYWYhPVwJBY
MYjS_b_j0Sw
Mh9NaZ6hh4M
MnliQ_O3758
Mv5fXVnlCwo
N2-HqLZJIhU
NHmoSyIPrMU
NJ5j6tWPNOg
N_zOkljLqS4
Na_il32IMyE
Nn-_8IniOVk
NuyKSo2LNsE
O-MGpbOgk4E
OFupIF5l3vo
OHQ2lrAjKQk
OK1EYErsldE
OeqzbalS9v8
OfTZfJoUb84
PJ2f1rdjqj8
PLWenCAf7EM
PN9WKzVLQIY
Q3yY_3LDe5o
QJRCmQDD3nI
QlcUIacXtbU
RDYw3m0IAEY
RGhb7mIbU3Q
RIgzwKFz_o8
RM9wG1GWJ9Y
RME_ura87io
RYagGAgHfQ0
RZhLGiyEijw
RfSGmmDI3Fs
RiazRBXRZ-8
Rt1oIzmrdrE
Rw9tEQpYBHM
S5ygEwWA1jo
SMteLTYr3P4
SZZ98CfrAkQ
SdNTwbfh7Zw
SfE9E28OCk0
T9684_2tbo8
TNSP2iX1I0U
T_K0sis46To
TdBEyJWi8hI
Tkxbzt9kSO0
TnERbgD3Ttg
Tsdgyi1PRhc
TuLzpOlq-yU
TxMqQe3-sM8
U1jN0Dizn9M
U4bpcFK4h7I
U87XLxJ8qrs
UHCh1VhyfPY
UM_WytlR520
US_HUVTqjj4
UZ4pQKWK6rk
UZ5Gk5JIoZM
Ugh3bzScknM
UlNFR8fMHSk
UwArnuoKS_c
Uzo_QTwHrzs
V6nKm_26dxI
VNaDrKQvEyg
VSTRrozl-cM
VT0b3mZTr_c
VWe7IVgHkd4
WWrD6pgRcao
WfGj13vREPA
WmQ8i880CpE
Wxo9t_Vg1Fs
X3u3WpeI4-s
X5cgJLjl2og
X7mqrOEGeMk
XBIS_KEVl0w
XDYETXBlz94
XEhw66fV5qc
XcHvksQhU4A
XfJaJxYsAuU
XqYXzOSmcss
Y3JjXTyNA4M
YATgznFWKHI
YHCZt8LeQzI
YXlHW5QgI6c
YwXd1a48gl0
Z0OuB2BUwYA
Z1F4RLwLd9E
Z8NarTCoVF0
ZNoTgRwFfuw
ZgF0BDZyG3A
Zl1FmLNevw0
ZquX479zf7E
ZvVeMD_BM4Q
_H3KLWiltrM
_mvliimx-oY
_stT1AeExAY
_vveM22MHkE
a-gXvOjvMhE
a0GzLRzLygE
aEs1uOzt3KM
aQUtMnLEqHs
aa99PmM3-ss
abm7AM9l0YQ
acJmAsurhrg
axQAVCKkFoU
b9_kSpB_W1s
bEcR2iYibns
bJoGMRjt22w
bZBux4QFXac
bZh-CEgHaH4
bdWZkH5XGZc
bf9Pz470Xcc
bg9oNJCTOlA
bgiyW-l8TEY
bihdCkIfA2Q
bk1DRGTXMwo
bvhesHaJyEg
bwjVTuRUr-s
c0foJUJ2W8g
cLbPDDayuW0
cMglJieKR54
cRAfPrQJkaY
cWvtXoCiWXY
ccGp4y5DdHg
dKCcOpCZktk
dPIH4As6sRw
dSLs5G4SPP4
dWyxSQpqkWE
daa4DW13Yn0
diFk1Jx-zMs
e4lqR0p15Cg
eCe2fTCBpkc
eXsV3u1uajw
eyVTPcy6r0A
fK67t43D9vE
fYOQm6j9YcI
fYy3LxdyrOM
fo2OcIn3RKc
g7E4os06SAA
g8ibKa5KRPc
gGWlb3KEkts
gNTO8Vjolqs
gYWl8NMM_v4
gjO1qlGCkGA
gpXJTREgYUY
h1UuRKjMp6k
h3cxokLKmI4
h8eFoeF_8-o
hR__YfEmq_0
h_P0xxVGGOU
iLPN4jk7uaE
iSHqq6k2VUU
iW3Q3p_Hh9w
is1rMGR32xQ
jTm_hsV00xA
jWkIevWQ1OQ
jXcjmCVvaHM
jdgg0uDhrOs
jkk4Lbpf3KE
jskeZMDsDhM
k0ptaKZV2IU
kMNQIiGplpE
kOdXRH5vroI
kjzqYFe3LKY
klBfHCPgVkA
ktya6_AmuBk
kuGimWnORIM
l9TwDJkP-C8
lSnAkxo7SRI
lU9y7zL0dIQ
lYLyM4yKofk
m7OnNhEziYE
mGxctCDTA6s
mWy1FgnikSI
mbsf7Stwddo
mc75qZhPd1E
mk6wZSVntNM
mzIvmhW9R6o
nOYa75pP1aM
nXR7SfW7ndM
niGoOr6vmho
niZV53SBzjc
nlewivY7T78
nrQ40R0z4Ec
o1myVtbbl2E
o1xawF2fi9w
oejmWLrZk0c
oelxAGQo-Js
os1sCioyYp4
oxV0QZAmUJE
p-O7q_n15Bo
p7b-DMHNSuc
pCJtkArgJq8
pF3UcEEUPPw
pIIJZ0KdDSo
pN31-zypyOU
p_XmG2Idj2w
pfANf1I4sUQ
q3SBA6ptQls
qABkU1VKqgA
qanqNZYBS0I
qhjhDWqOiKE
qiejYWhZVGs
rXLnE9DmH1M
rY8pCRSBd_o
raooYdCh7vY
rzaZFArMz5s
s3S7_-vxzdk
s92haFhhYTE
sDzSIuW6uiM
sF40SmEn_zg
sKK0UtZI0FU
sRNKjdrvvR8
sUBk2FR8HKI
skggewNV5c0
spMjUKib-58
sqyziIEYFpE
syH4k_kO0P8
sz_-wRlkkdU
t0y5vFcKxqA
tAoQfdAQUKY
tE76s1G8Z9Y
tYbrWOfhtKY
t_Yv1tPB7cI
taA-xVYtQWI
talc0x7RaC4
tbZlWugqZHk
tdzqYWmH08o
tqRzsubdqtc
uBDjF6MJFQw
uBHRSQfAsIg
uFQxPeY1d1A
uLxe8X2QBrk
uU7y3M0Y0Js
uUsNYnXx_sI
uXVVJSIWrCI
udPhYK3nRRE
ufernGpmNkY
vUmP8Tli-Mc
vYa5tnrbLpg
vcE8VMe7r8Y
vj9Ss5AVSr4
vou96yLuWXw
vvX4ysq69XQ
w5kAnECELxU
w9IxIBdE1P0
wAmvndmXuL8
wY-sTDIM6LY
wZf4nq-vPj0
weCYVYvCwJQ
whnC0yZk5Ok
wpKSQpaf0Ys
x5RIeVoD44A
xGvNKlrWJAA
xMrTehSWfVA
xNjNOzJmbmE
xOUTu30SYsI
xVrSZ9zIDnQ
xcSA9Wkg-x0
xw_D3sAWWdg
y4qFVuXEe-8
yBjRXWl_FpM
yDNYQcsTYDQ
yFpHUzNomlc
yyVKZH_tD-Q
zC-KiDoH00w
zChUVv843g8
zG68rWTnbp8
zXVJVgThuQM
zjiqHD1cqEg
zvgs0ie0IYs
zzlsaQs9Em8
