-KGdUoJS0V4
-QAlJArFMYo
-pYv51042uE
-qTINs4Sq8A
0-8P382wPIw
01eyTLfFJqQ
0B7NnUrcSAM
0kEX7bYK4LI
19grvNeniR0
1uo3Q816hQA
2QEVbQH1ZRg
2lyjBIjwhDs
2wu4AGjqxh4
33zAdhrhdJA
3JWXFLsAhII
3Qm19wInDRM
3qEL0j_50pM
40Ymyzwc9_M
4Wv5615ppOY
4XdPodNwSGU
4_Erfykp6uc
4gzBhTL4oAs
5kvcALPPZoI
5nw6jiX2p7k
6kqcc6pI9_E
6yAldJm1QCU
6yZbc6B2pWM
75rnC3ZrmhY
7OjLZGFeya8
9fKn9Dkq04w
9oQlsa3xdH8
9xfCvy3J_x8
CO3senO4JZ0
CiMDkD_7MLE
DMAC8Pc0QDA
DXx66EJYbmo
DtkpLLPnuKE
EOc7XtqH5OE
FAp30mf1pYY
FQd4YAuSqlY
FTilTcdVAb8
GQvvgqOG_pw
GV0MnMBRyRo
G__u00COqcM
H7GJj8zGe-Y
HJxdlxlJMwg
HV4oH7mmi5U
H_X7eXo7GEs
HdSiFo30SWA
I6ib9uXwmIk
IAMQixA9nXM
IvPxCuIspWs
JHWbDXDeZ6Y
JJP1TFJ9BQI
JPckeBH8FLE
Je3cSYX5vy4
Ju4OMkY5Haw
KGmcvq3Dm-I
KTkatIhsZwM
KaCT-8ksheA
KoYFE7dXdAk
Kqw9d__nk3s
Lf4PJkTOlU4
M2EJChRdxL0
M39WSgG__2g
MPoI9qFwKNY
Mq1A7lBaS_c
NPbsVJ6fYIk
NpoxYebcQfg
O7RtAcoGZV0
OkF3ievVsXI
PJu71y9kMFQ
QC-g6uT7_1I
QZoAUuv3kjQ
Qsuh5ysJEgw
Rfxj5Bq00s0
Rxkj-GJBVHg
TW2qhwZewSw
T_k1zoJlZSg
UDxRad4yZjM
Uq2phUz8Hk0
UuyTcA-EVRQ
UyQpxzbL_BM
V2tFU_-K1gk
VCib26wS11Q
VOBElxhCg2w
VOqUZnc6eLI
VXMM6FFt-HY
Vhp-pEsVoSk
Vr5ljOGTMgk
WJR06CgqbZo
WLUJjb2juaY
WQlP6NifzXw
WS03neElSIY
Wkw21YfvpBk
Xc1nVcwOrZo
Xjy1VqoiGn0
XniTZ1krqrU
YHQt2wOzusw
YnSUrHO8INw
Yu3BFrcHOAE
ZPnDcMbFXaM
ZVpDSz8BRBk
ZYtALkrxHl4
ZdXRnLHL65k
_-5RZBKBl_A
_B-T7YPkLRE
_PaQmnq_nAc
_bxVzKoqB00
_zy1IowqaDE
aN2I8PPgRck
aRdWsmcJmeY
bQy-O_kF7GI
c9DJkLQ2_-E
ct4NZGnElNs
dLKfcjjJmJs
drIt0EIIteA
duVRGq0DpLI
fH9Nz0OJkoc
fQDNKP8L0Es
ftSObsSNeBw
g49NhIXFbkI
g6c2nmFsvkA
gSqaJbChsaA
gjV3tBVRN2E
gkoaHFMjYJg
gxQGgEcAwDs
hIjuE76znbk
hSbHRB7wmTk
hY0lOXVcFwA
hYnLzXK4o7c
iONMEIQNDbw
iUOKgjMY8so
j8_R-30OefQ
jnIRVJ4kuZc
jvZ_tWbEVWk
k4bFGRny_L0
kcs_0KJqIH8
kfpeq4kak3g
lHALIV_DoKg
lUmGKNSN8UE
lUs7N2uHaes
lWyFC5NS6lI
lZ3CX-FzzIY
lkMfEpTqk3Q
m4b3cjo8Rf0
mBCUeZVuyxQ
mEfq--HJ7vo
mF66Qt0OPQU
mdzkV5meLY0
n9MNGdqsHKE
nYwFukDm8CU
oPIUkfoRpYQ
ogEFXtH6V3o
oxKLPT9WOSQ
p8TPegZwSD8
p8mTOatKEVQ
pAjfmMjmYFQ
pKGrUe685Pk
pMgQb6Epmrg
q81yDzD85lI
qSJxTOjawOg
qu-pSBEnMt4
r8JLpQaHo_Y
svpffpu8M9E
ukVV4eMPRUg
vCSZQj8yvD4
vcPMkEHJ928
w47WliyNTd0
wkIfNcBmeJ0
wnNEAQkADFM
xP3Mla0ECiE
xWV1uGxeU_k
xZnaCel6LdU
xbDX9SDqmvw
z29TgpiOZTM
