-FbRbTWf5JM
-nNiTn0_41g
-v3R678Pvj8
-yrZpTHBEss
0cq_SgBd0-c
0tNFEXImX0o
0xJx-0YF5vs
1BuTR5nXS8I
1RHsAUyFCAM
1T4XMNN4bNM
1YRxK-hWg7c
1cgy5SRIr2c
1kGnCB5qpOw
1oUqQRHcOlo
1sl5KJ69qiA
273f0aNKuy0
2eUDExCeayw
2lR7s1Y6Zig
3BqHn0u8xFM
3Hmw-W2zVZg
3KVSyQ8J3o4
3_7KYoO5qHk
3pAnRKD4raY
3teflb1QNN4
3x8Eo2TuKHI
4Gs2ZIwkXSQ
4I5Q3UXkGd0
4QLtftU7xtQ
4R1WPK3u8II
4VB7xyZdR8s
4ZJWv6t-PfY
4e_kz79tjb8
4fuHzC9aTik
5Dgkc3ret2w
5e65WRAA3T0
5qJbsMb4RPg
631u-hRSLYA
69HCbzffHAc
69Nlu9W1X2s
6F7quI-MbzY
6LyCC6jjcx8
6SI-8yZSUPU
6e1ydLyZYe8
6n8L0I-CmtQ
6rSVf6KruKc
6zvspznTdIM
77tnUHpMQ1E
7GGzc3x9WJU
7c9f9sr6BPg
7k85eD_tQZo
7tmVwvlPgGc
7uiv6tKtoKg
7wupvHtEbEU
8pxH-wqtV2M
8yozX45QCqk
93M3La8n8mw
9MgctssX5vY
9SSv3ASZ-tk
9UTGuXvpzbU
9Vmwsg8Eabo
9m3dQC6IfwY
9rIy0xY99a0
ACUuFg9Y9dY
AIdIu8SQtOI
APv4QrCdI_g
Af3ZG47oT7I
AgbeGFYluEA
B4hWxI5_5eo
BR-eMMCp7tg
BTOODPf-iuc
Bgc2-3ozo00
BhtgINeaJWg
ByQyW7wj5eQ
C6eOcd06kdk
C7VxAOHeF4o
CK4oWbidhyQ
CPBJgpK0Ulc
CSf8i8bHIns
CqPONswzchQ
DAcjV60RnRw
DS7Si3EJ9gE
DU3OdTLuHf0
Dd7dQh8u4Hc
DkzQxw16G9w
Do1lm9IevYE
E-QQgIX6xr4
E4HGfagANiQ
EqWaWyvuClc
F3WMSWJ64Eg
F981CD-8YEg
FJB7gbjiJKw
FqsIQk0pT0M
G3JJLB25eO0
G5s4-Kak49o
G8xqKbqqWDg
GAPqEAWW9lc
GDcJqVAhNbE
GDrBIKOR01c
GJ4Qp2xeRds
GRy43ljtqXE
GUCcObwIsOs
GXDKhCWUY8k
GYlMID6G4Gc
GeYK9JdPVMw
Gg-dGBo2D1U
Gp_pB9UCnIQ
HFW70hUGRsk
HLufirFnBFM
HiS1-l2xadg
Hu73WFkxL6A
I1CIvcNwnf0
I31pi-6NgqM
I9LbG3Y0_9M
IGK2KprU-To
IJhgZBn-LHg
Iw8idyw_N6Q
J2I2vQQwiyE
J51ncHP_BrY
JMpuxLIgjPs
JTvcpdfGUtQ
JVwYB0PY37k
Jbxl2ZkBf_M
Jf7Uo6nqaIg
K0-GxoJ_Pcg
K93zcgFsynk
KB24FakYVmc
KND_bBDE8RQ
KOFqBrwld3c
KUddy8RGwns
KdVaAP4mh08
Kob0wwKtyC8
Ks8WH3xUo_E
L4-F_UakaA8
L45Q1_psDqk
L4AJmvzImbM
L6S5amkCoyc
LD0x7ho_IYc
LHbOv-9yx78
LX07w8_uNtk
Lx4YuW3bagE
MBRi7Bz8LZk
MVpkeBYZOrE
NT-fgaYKhVg
NXNGvDdkXZE
O-621MyYKKo
O2jkV4BsN6U
O9ak89FwYeI
OC8_Sjlvxic
OUdXMoY6fLY
OYx1wPSXkUw
ObiqJzfyACM
OpYF-R8IE8k
P2_R9TGQAYM
P85Fj8m6v84
PEikGKDVsCc
PJF-cbTC4Cg
P_O3eeVGYik
PgulkcPkBdk
PnvPY_d0njs
Pxb5lSPLy9c
QBK3QpQVnaw
QCxXWKRgRvk
QDCcuCHOIyY
QdeFU_vRBT4
Qig68IuPrbk
Qja4z1HGDQo
Qvx5Ekhddaw
Qwd25JV-jnU
R3unPcJDbCc
R4sYp1FPw-0
RQlrSvnG3dg
S7sK-SqNoMo
SBxHJI9syC8
SCognYXKTI4
SHZAaGidUbg
SLSviqKGxSA
STsjV5_ZqWw
SXV2lc0qqnM
SmHLmwzG6q4
SrU9YDoXE88
TAJ2thKBWXM
TXTGvFaqIXE
Tpyyr9e169Q
U3lWVLuc6CE
U6VBV4QUMu0
UIcGn4RcvlU
UNmaARtB4Ws
U_nHZ3YGT3w
UaA-ZeuEcQ0
UaOeE8AJD9Q
V9R6zFpf9Gw
VH6DaZ7pVQo
VNqNnUJVcVs
VYqQ-aShpBc
VeMNvRYstxQ
VhVtK7UhKbI
VmBDBfBhGII
VuFSLaQapbU
VztSdwYPFCE
WVt_LIbIN7M
WY0j1cZtnp0
Wa1eWChj-o4
WaUzu-iksi8
X8pcznnWbkY
XHGKIzCcVa0
Xc4xYacTu-E
XeF_gkwryFM
XjLF4-XUH_A
XjQoend23TM
XxWtPMv4dMA
Y2gTSjoEExc
Y45aema4iyM
YBi6gUbsz-E
YMTLkDrcr28
YXoYccEo1XM
Ya2D1ao_n2s
YaTsPvyTCLQ
YxwmC8B5wgg
Z0zConOPZ8Y
Z73FefuxtlM
ZD037VSAG2I
ZXBu2Htnie4
ZbdMMI6ty0o
Zt9rvaijpPY
_6nSOgsI_vo
_ASn9eJNL64
_ArVh3Cj9rw
_JmfyoB2jSQ
_Oc9tKkH7WE
_QPcclYWOr4
_UTZDR1Go24
_WHRWLnVm_M
_di83KPJY3s
_tTwjDRa110
a-EC76gHQPQ
aBL-DhdeAYc
aHtjhCxRIa4
aNX2XCcy514
aNgE_hf41NY
a_dA5vZbYs0
atI-JPGcF-k
ayYSOAbbmWc
b0cakXwiZ8s
b2ng8HuPLTk
b2nqtiam25g
bA32J-dmtC4
buSaywCF6E8
c1v4ToZQfkE
cFd2c5txIvo
cOi2nyiWFmY
cVvAhPlwi7k
coGfGmOeLjE
csInNn6pfT4
ct2Ysl9IvfY
dWcdBOYy_bU
dacojrlGM7Q
ddV6jyDeCKA
dvKeCcxD3rQ
e1-qBvAU0tY
e5jDspIC4hY
eEFsnP3nUR4
eXazUguoWXs
eYGP6HHYH3M
egEraZP9yXQ
eiAx2kqmUpQ
evQsOFQju08
eyjLSzq9SBo
f8WsO__XcI0
fCn8zs912OE
fXW-QjBsruE
fbyIYXEu-nQ
ffUnNaQTfZE
gCBlAAtJA54
gIAsT2uDGxE
gKmLpZakyxM
gLpUe2vVEdE
gVF92BfeL9c
gWoPI-VoFV0
ghy-FMZSJR0
gqKUC1jZ6Cc
hP9zimdPXtk
hYf6av21x5c
hglseVMaoq4
ho8KVOe_y08
hup_8uDXJx8
im7DzMr8Ygs
iqKdEhx-dD4
isEwaLUiLP4
its69TzX6Iw
ixQbCXLUUj8
j4NjpN10P4Q
jGIbUK4nw00
jHbyQ_AQP8c
jLSELiIvSqk
jTL_sJycQAA
jdA1VRmgcWY
jiJg1wGfzWo
k9muFAEq_-c
kXBvaj5eFgk
kXLr_bIlz4A
kdrTQlClb08
kiQRPRkouAM
ktkjUjcZid0
kwuwJURHgX4
lCUMNEGiZxY
lD08CuUi_Ek
lcz2xzyDyTE
lmI7NnMqwLQ
mF7PXstubvs
mQ0hS7l9ckY
m_icISNqoS8
mjy5eokIm3U
mxhxL1LzKww
n4PehVqiyIQ
nKi7CzP9Dxs
nMfa45kh9i8
nNBTLbw1_2Q
nZmmBAFJBhw
nb0YoRMXIY0
nid0tHZxBA0
nt6ab7BTlgE
o268qbb_0BM
o7tpBXOLV1E
oThh3_Srxtc
oatPso4yXPY
ok4wZONsvSk
p-VDVI1GMZk
p5SoWdLO8Kw
p7THJoRYA2c
pPXxhgdtcXs
pe8HjeI62J0
qWAF9PgDg2c
qXXZLoq2zFc
qYmv5lPGdcs
qZXpgf8N6hs
qjfaoe847qQ
qnJHn8_ER9g
qs0QujceVEI
rA5qnZUXcqo
rJnrkMSDBls
rYXdsOEWBj0
rdHRX7iIAQs
rltpH6ck2Kc
s86-Z-CbaHA
sAGEOKAG0zw
sCAjHCyfjPU
sHCHEykUxP4
sLN27wguj2Q
scWj1BMRHUA
sd-Ti6QFeaU
skvnj67YGmw
suwg7-y70FQ
t1g0uoBlQ68
tAj0B0g2F34
tKUwqyggk4U
u1zHOpQ1xek
uMEcl7AlFl4
vhVHxojwFgU
vm60AJRhd1E
w-CK8VxMz9g
w2tKg3E53DM
w8I25H3bnNw
wcPzTr-BbAA
wgopoQYzeTY
xKg9Vl_Wg5U
xLptmqmMWtU
xPp9rvLvdxI
xR1sLdupUDs
xWCsRKbXJYE
xn7ZaT3AgoU
xna-kdXZQHQ
xwuyBTTuUrQ
y3x9hz1cGWE
yBs5yrDyGqc
yE8rkG9Dw4s
yNLdblFQqsw
yS-dq_vU9OU
ySjk2_4kDQE
yZlOw3rsPBM
yhg4jkloYQ4
yqawBo6uJUI
z4RLbtgaWbQ
zD68reVP0Ek
zHL9GP_B30E
zN5LdqhaFuw
zRP82omMX0g
zRxI0DaQrag
zo1Hd3tozKs
zwX95UaKCRg
