-6jT2Z80oH4
-Bo4G0nbWjw
-EEMit5sr5s
-F5BrN8LE6Q
-KbuuQGvAcM
-NXNcSV891k
-Pm7yQjz4sU
-ZMmvCCnOZ4
-_6IP5m5kmE
-e2mBJ0O3Rw
-iqrtHHmTM4
-tpVvgDqlrQ
-y13SpjMgGE
0-jIIaKxwMM
02Ixe4yXWdY
04XLy3g9s0A
05LRfAD5tqk
08A6oi6TSuM
0BiLc9fvbCk
0K46hqmgzAc
0LcTkB97dmQ
0PyUwmQDnn0
0l0NzRWbrw0
0lDSUJynqAQ
0pSJLmypqZU
0w2l5-FTD-0
0xTUPrb-O2Y
1-pZacehAyg
11UD9gLNlHs
134q-Be_iUo
16s56-tLOYA
1JcDKNblGTs
1LdeBY9uNUg
1XUk_6_K_fk
1XfR7qTWbuQ
1bktnE9QQWg
1k0L2Aby4zU
1s8nQgBOm-A
22FGC3E5qHw
22ezD5l2SQU
22kIqsgUqzo
24xm9OUxoNE
28QUkxheyCc
28gUmv0qgig
2FyjYsgvFM4
2IPZzv8tuJ8
2M5cavBR5Zc
2M_pSq63oLo
2TUza5C2uJ8
2feEc5wg__0
2iRJb15W-14
30j6WfQMlCw
32LkVjOSEkE
345ae13DWC8
3DtdYHWqmqk
3Ghc7M50Uxw
3S74xTvBIF4
3SEfFauRHEw
3TOi4PqpTh4
3VSqZ0Jrsy4
3W_YgX6tepI
3aTMZtRZFzM
3iohDV8TK9c
3jkw5DWRLyI
3mWFFYtEBdA
4ARfDC_OcUE
4GmGO__75NY
4PuV8AccRYA
4VzfOFsbtP4
4_SJW4NcYoU
4lBtq3iQz-M
4nTksfcc8FA
4v7de1JBlTw
52Tx2X9vNH4
572myXhqNI8
5IyGQIgfgBc
5JBMvUMJuyQ
5MW37FcZI_A
5Q3ft8OsFaM
5RYxdKzG8js
5S5DdjWwUPI
5TEHBgDIR7M
5WWiukEh34M
5ZQ2BS-56Lk
5blyttARt6s
5ca2_QnbRto
5dMns0A3ECo
5w6AdJNSzGs
5xYpY-06O_A
63USsum61-A
6QOLIpCiSCo
6WIEQDp-ZhQ
6_Yi3nV_zKs
6bVQPbXC6Vs
6fAgihenxcU
6q823BhTxhs
6v2FQgkPMEg
6vIogSJ7kTo
6x5g7_OoGaM
6xqvFsJHoHc
72yUP4-X-qU
766V-KZvmP0
7LyQAWLHs2A
7Ss5vZyduWc
7_sVAcX-ueE
7cOdjLi5iFk
7jqnPh4dOdo
7leF_6u4ohI
7nePHlbtSis
7prYpS2CF70
7qDlfXbPuxI
7sQCmgCmN7U
7sXViFRWSbY
7t1aG9PGKsk
7tDtJTsWJU8
7xA4Nzl1-sw
7yCTpDPEHtI
82mR1qwuCiY
84HcFg8CXA8
84xlZYBb8Zw
85yyD-lm4MA
8EYjWyxLfTg
8NTP53a-3FI
8Oup4enKLPo
8SgtXNftOEM
8U6UpHGhBWk
8VzSqYooxmw
8_GnMFc4IWc
8dHmLdjcOoc
8fFJOzXxB54
8pQzWiKBnZY
8qvR6xMKoUw
992h8z9Pk9Y
9MCUAwmclIY
9VYgI79nFtw
9W6KWsiTucc
9_xQ-Oawwlo
9deelqL37cY
9sL0DcrHbh4
9w-5wJYVmcw
A26cvA8cQaE
AM5CD0ijK5U
APTFI_nZtHg
AdS7DafhvzQ
B4TUfDjZgAY
BABLs7NN_d8
BEnOzPcleRw
BKvMD307rGM
BWVIQKKhWWM
Ba22s5U2FxI
Badwh-33OGk
BmMExWMClyQ
Bq1gBGp4k3Q
Bq_Ljlwy5C0
Bsc2RLpe7zE
C1VWwODNpA0
C58UtcgEtlE
C9YjpjCZKc4
CM0HSRfpJEc
CQBE_eWqE-8
CS3bBO05fpU
CSgkeyqRvIY
CVef_2-i20I
CWtJN8wH6fM
CcRd38ztM8M
Ce45DoDXqdg
CeD0bP6m6ZM
Cg7aGjIlfEU
Co9X5ktK4cI
CpI0Uf-rSVA
D8Fm97KdiT8
DBAHdc_-bHA
DHho8Pa0O6I
DHxvxY6DlCs
DVDAmYuTZZ4
DYqAATriiAE
DmTpybKsPTw
DqHctQwqgQ0
DyurFEAIxRA
Dz8ihhswEyk
E4dVBSSG7hs
E9lXjAkymN4
EFmPZv7LIdo
EIxYCC2J4V4
ENcKItJ9Ejw
EWXdTwFHETA
EZV_1cSSD-c
Ehzzm4rjJj8
EmLZFpfwOLc
Er-kziAGXlw
F-clYzqPTE4
F3JPsgTmIrA
F5CaBa3tHKs
F6jR4mQtarE
FHN8yAnez3w
FVMxv8l5ukw
FbBcbUob76U
FmHtd5bcQH4
FmMmgW3R3UI
FunLWH9SkYQ
FzrUvqc1JXI
G6CN9pR2mZE
GA-m0IjYPn4
GAwav3sZcGw
GFXq1vE1feY
GFy1jWgZMUM
GKdXDynqFhs
GPVoIoj4saY
GcSTjxe0G74
Gexw7tlfiSE
GnzWgcVMdq0
GwswgdpT0NA
GzL4D47GURc
HAdWf7vE3zA
HFjCBstBnj8
HG0SiYr_y_g
HTWort9SnGE
HUfiXExMEe8
HX483CVCBbw
HY9jmBWIV_U
HeGfGnoIEcw
HeR2Ghwzn8k
HhjLaZrmL2w
HsQmtG1fnqc
HtR2kn6Luds
Hvqtzt8O_fw
I86aU7GXLb8
ICyMaJKbujk
IE-bE0ycQaM
IE44PzFW6bU
ILQ5X97Ak18
ILQAXiugkPE
IUrIohyTrfQ
IVNOUvAgSd4
IgVrCPZ2VHA
Iko-XX1mPUg
IlFF8wdbixw
IyC_DTFdIdI
J05oJgz0htM
J2Rq12Sqee4
J2y-L1zWlPg
J6PRCm8MpXA
J8Iu2r41bj8
JCHWa5gukVo
JIjgBRVpy4E
JJo1RZ4A_dI
JN3kc26J40s
JXAJUtoamAQ
Jcz1G5b33KQ
JhNs1eETL60
JrVT03zUscI
JrrrqiCyjhA
K7H84RGls78
KA_jcxIRsyA
KJ4OnRYyBZI
KSQhjhoEvLs
KVgwwG9zPrI
KWGkmqa-fbA
KZd4KbV0Gg8
K_2331JPs8g
Kf0hjVZdyr8
KhZo6uAo_Ms
KmKeb5-AmEc
KobS4zOrIyM
KryMvlY3fJw
Kt6LfTtPPGU
KtoefCOBcgg
LAATySw3Zmk
LEo81a2w07Q
LEoIs5sv9Go
LOqUM0ppODc
LT_juYlHLTw
LXkO4HdQXdo
Ld7P-y1_Ec8
LgU3bU39csE
LjimNc1_Nfk
Lrr8v4DL-W8
LydzWx2ScT8
M99LbLkJL54
ME3sjezuckE
MHKiq7N1Pv8
MJb7-8wqyJY
MQ5TRdXOtno
MSJM4dD7EUQ
MX6pOfBX2Kc
Mb4B5pqc6SE
MfAq8IRUmTA
MkhoKeJlqwA
MwK7vq5rNN4
MzGRkXrfMyM
N3KLklzM4Rc
N9SK7WmSbz8
NGBX9Cdnvso
NYPJ-Dl9ClE
NYoS8S82KJw
NZ8oLtHq58g
Nd82bIfix_0
NetajkScug0
Nh0plHHtZ28
Nr7jhyCoRQ8
NtBrn5C-_5E
Nvr1Yzoi_N0
O5Z6yX8F_oA
O6_DruR3f-s
OTQwTrYjJWM
OUev8EUAIXE
OdczmQsM4D8
Oe5KsattH3I
OlM1bCXw5K8
OlgMWMb_Dgk
Or4VUYi8Uys
Or8VK-pJBkI
OwQwkFH1BW0
PGiNo3KnYU8
PJYWANz2-fA
PSMXZPjJwAw
PUXWcHDwwuw
PYOhYBejev4
PZ-ebqcJo_s
Pcau276KN0I
Ph-MJ0A_jkU
PmjgNbRN2rA
PtBwc86Qpjw
Q0ru7qF2mew
Q47Hmj_dNKs
Q4Xys-IRMr0
Q9-Ubw9s92g
QCjIy4h88e4
QHdRFUJuptU
QKPkzxavyy8
Q_EKjr4G1qA
QjW-7EQEb_Q
QmXR46TrbA8
QmcrSTinqpo
QniWayRs7pw
QotF5I9KOWM
QwFDal_HH60
QyDuk-eAFAI
QzgP9Y4LNlk
R3GEGYEocUg
R5pYI0vjI6k
RAOK40pyhxM
RGTUoM95tJw
RHKtnBeBHcU
RIwfVjM94m4
RNFbU-LRIgg
RQG4bxZ0AIg
R_zJx0RRxCk
RbwFsOS-Zfo
Rm-x4maMAks
RpQ4P_koNrw
RtWSfQ5hTxI
RxMYlJd4eK8
S98_QDlSNxg
S9UO-baoheY
SEy9go401EQ
SIhwVysyi6I
SJ5W6Ku_qy4
SKQA1y0SEyM
SYYdyLcAALk
SoHiZ3G5q8Q
SuO-y-VVxss
SvfCrHwlfrY
SxjbKraZmGQ
T-RxHQDnl_U
TBxoJMlJExc
TEyt3i8g9WU
TH4xi_hClw4
TLU3dDgwK4Y
TM1_rnoyxv4
TMavGifBOEI
TWh7e5fXRZA
TnuAcACv2-E
TqLSqmg8HSU
TvNBQ6pI0BQ
TvegCAmk8UQ
TyLTrejawx4
Tz_wyBzS_SI
U4d12lDHR0Y
UGoCI7akGcw
UIHiQrnRRvQ
UJwkj82BJjo
UOY_bxvRcVA
UPFRS2u8GPk
USAKOFHDgMg
UTAIowkZus0
UTiYcJKzbVM
UUXta868e3I
UbIN5ZQac4U
Ukrpho_8Dx4
UnwrooAPyo8
UqStQ6csTCE
UqjJD1Ij44M
Ut82bMaHwiM
Uw_bweN_90E
UxXCX0fr7pE
Uyh4JP1ELpY
V-xeAepotMc
V0l3UCUqnn4
VC34ov4iFRo
VCMQmTWUyjo
V_DWYbq8oJU
V_EdWuqNF7o
Ve1ERi5zFA8
VoSfu6cW8zY
VwcfkzxNre4
VxfehiO8dSA
W882C-l5s_s
W8nVkpEajYQ
WHg82Z6CKy4
WOgatB4daq8
WPs0SwuXSEw
WZI8WnR2x90
W_NgqNdgyDw
W_mxyHXgB-A
Wa6-zSmjft0
Wd-RbXOktTs
WdvhO8Vye4A
WgrxxdVBEGc
WhT7XIZh7vM
WjFbwUpqTr0
Wm8KKZxiUsg
WqJd8slanIo
XD80MGgqd7U
XEGEe-_B2CA
XIv98IBiZeI
XNxLNQxeXco
XVCdmIyMEzk
XVXrDX9zwfM
XXh4KfQrlwE
XYD1AopG1sw
Xe7y-Lb4fvE
Xhb4gc_r0uU
XkHCMuHXlFU
Xv4r7OI66c0
Xx4DOM_u6m0
Y0W_zufRz8A
Y6iutoPU4fY
Y81BlyTUwNg
YGaZNW5YipE
YIXy2Kit4z4
YV3UdG_89hk
YWvHqmM_mVA
YnjwWZEaRCc
Z4jIoYLhjJE
Z61d2C4KXgM
ZA8rFyQkalU
ZCppA7rh8Nc
ZGZ7YBPSrfs
ZT0jMIM6MtM
ZZmqbtB80UQ
Ze3DNE3uknI
ZeXv1mBa5oc
ZeoshaEfi3g
Zjwh4nSPEs0
ZyFzysA8cew
_-HhCwYD7rc
_4RlOtRHRKM
_7jXnNTQsuY
_B6SQVcnhXQ
_JiFJxOhDig
_O4B7yHpB2o
_QoE-OoSAtw
_W36OD4tKd8
_iiZj62GFvs
_js2KKecBQY
_nafqX-0aVE
_xKfJHirP14
_xV3z7fjgRA
a-zZkuGAVQY
a6hjdIIWCSc
aANrphYROMc
aCTbRhz6PEw
aCu5hN-08WM
aGREN6-MRfA
aIpSq-5VHfY
aLMYq4SSl40
ae4OigBcEiU
alL3IYf9y0U
an7FRVPPpW8
aopJ1wLXjK0
au7eZtOhU20
ayQa-lLLMKc
azLFh4BRQ6Y
b3xGyyja0z0
bBZmO6dcmnY
bD0XEE8CaVg
bH9Hi7IQKFg
bJXGt26f8ZI
bM6gEUNyEqA
bQbv8r7i7L0
bR8r7ZqWvRk
bRDoZOF1Dgk
bSxJHt_TTN8
bchn-5ImNq8
bdV2agMRl1w
bplpblQVfqc
btGhOYcbrP0
cAPXQtT766Q
cBdoxMvjj18
cDtLuzX_eF4
cJKrBZQS4lo
cS7Z6JXZNrs
cYd0rcE7Kks
cZRSJ2WsfEU
cd5_4haz4do
ck_EM4w5OH4
cuAVpJzU2XE
czDVJbKwtjY
d3dNyavyMOo
d4tkGLGVkus
d8sGaRqA4P8
dA1LH_Jwmro
dDmHtmoB0QY
dLn8g8TVrNE
dPwp-r6Mcng
dRy9aR6Mvac
dVr3m9S0cEk
dZj_vpmzWx4
dasw-xE9WCU
dju0pevlcJM
dpe5rd5bsx8
dtMWRa2ekEM
dxqYDrELD_E
e0Kmo1_J4PM
e2Si67zozpI
e8r97r42wEo
eOT-zxWi-94
eP9iL8Ymht8
eScw0rAgpbc
ehchYzwEc2I
epld84Mydoc
erCiaINsRFU
es6Sv4tSx3g
f0z8PXpibII
fCK6BiHy8Yk
fKejN9m0RYE
fNOJjR1Znds
fSN2B0FBAyI
fVc6S15TFK8
famew-ptRP8
fdCDQIyXGnw
flPBfUiIX1g
fmaidlUG_Ec
fuFgLsh_3Bg
fuoRCh34z1Q
g0FCgcOgQpQ
g0KHGE5nxLE
g7YRJBYaeV8
gHOvNIWfcY8
gJgSa2rPjwM
gKZDWgk1ds0
gR7-6MY3nek
gRLsUFvL9wo
gU0LTiFjenk
gVdTjsXiK_E
gX1JhbYrj5A
gXsH9f-zW7g
gYvKt0CT9bc
ghyUIOibp3A
go5tG_kSC5M
gsM_CAEURKo
gsN6UyrNt7A
gwPvSNA_nIg
h0sEU6zuNVo
h1PZd6rA_eU
h1qDMje8BiQ
h66CvBSHvJs
hEszgpxhkic
hHxg21Ay_xw
hQGDx1Z-B-0
hYQKhLsblrk
haB7jBqXbOI
hczr8mDhSFo
hkjaJtkgawg
hwEQQgfvJ1g
hzCvY0ENrhk
i5hkUWRg3O0
i93SKYp7HBs
iBNUr5VARKk
iKnEJXOz6nY
iKtk_sj3Ul0
iQ1A722NEEw
iZAOzHObHxk
ib-iAgzO0ts
ilfwbiPzylA
ios7saRWbWo
ipMwrcvukpU
irPporjkIUU
j1Nk5si3pS4
j1o866U-QRA
j1zXN9JMRt4
jC0Jz52dJPs
jDiFY5jo4k8
jGzsub7gh2g
jIDLZZv7pFQ
jOQ1shrpz9w
jVHnVcZ6YMQ
jYlZyO62V7A
ja6jLWbbOik
jdhFFjDnSG8
jeN2ynwny6A
jpUnahi8Dqk
jpaHRQl6wG0
jwXILLVA5IM
jxtggVlNlPE
k7Y_vNDprCQ
k9kv3Z1LEdk
kCYgmbRsmuo
kIelwY5ZBxU
kLkfCX2hzsQ
kTXpsM3Ep78
kW1mKbsPV2c
kXipowEHeeU
kjt2y2pXiYo
kp6-bgvlRhg
kvrAFFVVE9E
kw4AGt07thY
kypk9na_wbM
l4XvkQDotoc
l714SCNHBME
lEhyAOunq28
lR_jTU_dlAE
lZnQ8ecVqQI
lapTMtRtJZE
lgxaEbowblo
lh62g5ULsbM
lu6tRYODpQM
lwe5KTdzSHg
m1AcXj8g_H0
mKIgg-0ilao
mM-5DhIhYmQ
mS7THWFEOYc
mSIg4e0eI-Y
mUOVtPTKM-M
mUYqKvrFWd0
mYtMMcbQOm8
mdYl4GmPxfA
mpUGfvl27RM
ms9eSJYr4o8
n36WoXqQbjg
nBpjDvXiLEs
nDjx4oB7UOg
nFFLnO6e0Es
nH6axxup_dc
nKy9anN-kD4
nNKRgwHJumM
nP61lImC7wA
nTKqjnSxfIU
narmiVrsIGE
nbIxmY0pyVo
neCpeC5xJYc
nhwGgy19yYs
nvn7tSZJS1s
o6dRNaiXmWw
o8JGsBDY1xI
o9XskWtgPmQ
oH_OK6OGr80
oHkptcypDQA
oRAtGDKeyYM
oSHXOlnmNXI
oYR7Zegfh08
o_wkmO7wTFQ
oeZxTb6LqPU
okj9kixf7PU
ol6SNy5FKQE
onFCmkhxN4A
oo50stwmgQ8
orHzEgiMa7E
p-VcXK_AFjI
p0Y4-hgJtDU
p3-8iCqQr4U
p7s7GOFLFi4
pAdBa86gS5w
pDboOMWYcXc
pOus637PXu4
pRZKGLIc9DA
pVeZYgUHU7g
pW9TGpaHx4k
pY3Dg0NY0pc
pYFSaFihrUE
pZEB5bnMSJI
pgzdrAROqV8
pvjuiZJQxvM
q0XgD2RY2Pc
q2kDvrs2VEs
q2qh3cmC-No
q2xk3Z5061U
qBaY0U_Waas
qYELziXtdI0
qbK60GnWnYo
qbPEvNOEQqI
qg4YB-gSYs8
qis_rfb7fnU
qnRPHmrPQjU
qq5Mn2N0bQI
qspy2qYqGEo
r4XJfGpIxzI
r5_W3q_x2mA
r5q3crfRuLY
rD_gmEw6ZyI
rM-4ocneCEc
rQCRN5StxqE
rU063xLAXWc
rZnuWQ0IPYQ
rdt85jgRHt0
riXYBfpwCek
rtJArBxv6QQ
rwU44ED8gqM
s13ID1hKAkA
s2Eh1EnJVzM
sLP9L-qJqcI
sVZox2mRzvo
saLcKOmPVlg
sed2zxS5PXU
sjIanNRAhqk
sl6e5F8I2bQ
sv1kw08ghN4
sxcmGNbwVrw
t-iKKrSpruw
t0tA-z0P7Fs
t3C-NTmOK-w
t5sF8GEvj5E
t6Enng4xZUs
t8IkPT6NlBk
tBxzUlpvwSU
tCJgYMFhiCM
tHELVEpWUJQ
tXbkwi-nwB4
tfbv5hqiLl0
tjDI8Z2L0_s
tlEPaui_Poo
trJd1MF5nlo
trUUpSAQFwE
tsFoxunFCT0
tsU9nKT5RRA
tww_a58ge0U
u4N45v8f7cY
u4gobiTvFg0
uFW4basIxQg
uGyYuXol0RE
uLowCXFLGBQ
uPNPGoIXtyA
uSsCtaZEPz4
uay_SwCmNUg
ugOYmEmTlmA
ukKxi8P6IL0
un22TbazpbU
uvQKkYv0wog
v2aShVTMMNc
v3uXy1hGVAo
v5Z23sfv45Q
vCDCIjRpOgY
vHQO4glvPUk
va2iJ5W3wrQ
vihEAWWhQVo
vkCy5qdI-44
vu4bBNb-aV0
w2eJ13ci-5g
wINzOWHzEAQ
wIpBCFytMYI
wNtxsdAOzG0
wQA-TFvBO6Y
wWbL7Mv2MFw
wZ4toWWcHtw
w_pyf3m_BB0
whIJRZB_dfc
wlBtmqJam6A
wlEJZwevXqg
wmLbR6cogH0
woaKYa9X2Ic
wse9SbJ0qOI
x0pCJvytAec
x3igCCTSCcI
x3jQJT0tr4o
xCxTSpI1K34
xGpzc2vOZgY
xIpeS3ncJrw
xJ7T5JnSNNQ
xLP8nXAcRwA
xVnFkjGr6lI
xiwWyCHdc7g
xklNdnkOYFw
xmx1kaEnkIE
xvLdP8AD-6c
xzWdwp1HdBc
y-fVTsgoZ1I
y1oSKBZiAxw
yEvQLl_AQNM
yF4KXBeeqBI
yFvFK5qrdA4
yNlK8tBXFYw
yXIS-c9HsXc
yXnPgHEDD1o
ycwuFmskijM
ydXi-KiMv7o
yf3P00prALY
z2nBk9wQGtE
z7TLl5DEol4
z7_YTlKaGqs
z9POD3GM4IU
zC0a-HYCvsM
zPco8ocqelg
zWdmz_GXHxw
zXE5gySKNAo
zbTs2lwDW9Y
zfSTsSijGpU
zm-ZJrsiRvU
zo26uXcZBho
zsEJNb_dBcw
zxFHw0p50Xg
