-R5useo_Dp4
-T4VUZmohAo
-niSWm3z0gg
065E3I1i3qs
0D9dxzUBhJk
0i9zcAYO8YE
1mJSkvqICY8
2BSxJbh6h-4
2FAWAbGDxGA
2MdMLahvLXo
2x_s45-i02Y
33jXB3s9_V4
34sp-R3f1Qg
35qtBe6F-iw
3nYgs69Q9FQ
3neYiI0FACg
4EqStqxCvfU
4W2bk7pdVaU
4mRDeCrV50g
55iCw5pEZoo
55jxbM-L8fM
5ZIXdO3-fM0
5dh_urcHuEE
68YnuTp58Do
6QYjq89TJTU
6gOLUgx3HmU
6tUZsxjkXBc
7MHT5xTkL2g
8-G7D_sy7qE
8h1xWtZ_mI0
8qp_NMCejsI
9ApvXwuPmu8
AF8RrjbLFUo
AUtContAUf4
AhwwbLHcTxk
B3wDiaQYeso
BFcsYtjhD08
BLFyQguYuss
BYtln-SPBhQ
CCTlS9_07us
CRQvp3XPH_s
CsOUWhtM8kM
CwaTLsdyOa8
DS5k_zwoqow
EDHXxI_P1Pg
FKcJtIyCOKs
FQ861HxS7Ec
FQQtgbJ0oU8
GgTxq0F7mAY
GtCEAR6Sb3Y
GvGpP41a1rc
H1lnMEypWBk
HImglSXvIxs
Hco0ykb6ycw
IX1phCK4Xm4
IslktQxDEy4
JAsK_WZdJqQ
JIgyFqS0UMw
JMT0B4U0Qkw
JsrFQs2L-U8
K0nCvYboRhE
K90M-SSUD30
MAScJvxCy2Y
MI-KEvdbmI4
Ml1bk9wDXVo
MoUPSbAwOtE
N-uX2pexJqk
N85ft9WUlVQ
N9nJ5SD-fEw
NQ8UZ3ycjNc
Nd3ewUP2wXs
NpDlMCxtVx8
OcI_nSDxtus
Ouw8m2CsGtA
POp5wV_TJZk
PZ9DL01pNSU
PicSOFlCkfs
Q2D8pp9lzgQ
Q4RC4B8A2xk
QIJZN4N8bnQ
QLygJXWwNX0
REmcIf8ZsyQ
RSmr5KgxLWU
RZyDMb8nGKM
RdhMbIlY23Y
RhNF_EbRgHo
RhcjylrhRas
RtRkhL_yeu8
SbpKNH8m0k8
SvEZFeQgDMk
T3jWafZ-K6A
TBoPC2I-WsI
TJKHj7R9Vd0
TLufxsT1ppg
Ta7_yS9kzGM
TbHiF4DbQkA
TkgQQaVgqMw
TzPi59sGPcM
UdpYZ0499Hg
Ue1NPsUTp4E
VFCTsrm8ELk
VFGMc7h2o3w
VlKfihm2MN4
WIjREbbFjNE
X9hLocsrFwY
Y5j_-T1GcN0
Y7quDwVOG8k
YCQgLm9Pt2c
Yg9HgJO3-qU
YgcOQyrxq4E
Yz2vq_69hwU
Z02n2NjVM68
ZC7eLCDw79c
ZaNvoO7TTqU
ZnGqzNTsnKA
ZtlNqNi4hVs
_TiqIhiboCQ
aC7SZoKaZog
aq2tvs1w_d8
b8vpZJd6-J0
bDv5xbHoezk
bK4ummJPY-k
bQRDgd4SCTo
bTGDEfJHSkk
b_C8KQfqIYQ
cB_pkYQzoiU
ca9iKm56-Gg
dReyRDezmmw
dsS4PB-3JUg
eSAeSZ2H1wo
eiaObYCU6Co
en3WUlcAGwE
fma_r8MzH_o
g2NMd5ToH4I
gTKbH9Yeojo
gaJo0hFqzu8
h5Ver1Mn3fY
hLXPHYgo3MY
hZsIwDXaN0E
i2azTHF8wBI
i7fx04bVZ7E
iNcWquqfE3s
jOU_McZxxks
jdoMpig8BNU
jyquvOxXUeg
kRU3RFZWY8I
kak4e-L2hi8
l1WL2VJOn2A
m7GESv6Zahg
mELZfdtRTTE
mKIk9iVzgic
mcThVGWmqys
msJUm83chXk
msrl597rKKM
mzMUZBicINk
o5jF8RLmou4
o9HHKnZGGHs
oNuJ70BD9NM
pCQxia-3Xv8
qcTanBKnvOo
qdzD3vXSwyY
rCaBR2Pd0FY
rUqBuoClGUU
rf1Ye87GhZU
rvLXOhrnxsU
sK9BwikZ_II
sYYMUwhBVjo
ssKXu-HfaLU
swyDUSB-xEM
tvVsZSSgOa8
u2KWZK3PirU
u7iiTxqjZqI
uhhII_l-yP0
uoZwUL6-nA4
vUrOXBFrzkU
vWTX5PAZBhM
veRnaYn_kx4
vgZG1noeVU4
w7nwryHuM4E
wCZr8mUsJ2s
wSpaHtUCC24
wUNAXGSWVv4
wVsF4GCMD60
we02QOQr4Qc
wp2w5vaFsCw
x5jf8LO1RZo
xMBGwIPJjsY
xZrvsbdcMt0
xlsWwC8y0pQ
zCZIypYc1zk
zKMH0GmZBw4
zzypV7aZZIc
