-9OUyo8NFZg
-RdOwhmqP5s
-qgreAUpPwM
1SMmc9gQmHQ
2SUvWfNJSsM
3d6DsjIBzJ4
3s7h2MHQtxc
4PDoT7jtxmw
5PcpBw5Hbwo
84hEmGHw3J8
8GPy_UMV-08
8idr1WZ1A7Q
9vKqVkMQHKk
Agbh95KyWxY
AmgkSdhK4K8
BLkz5LGWihw
BaM7OCEm3G0
CfW845LNObM
Cld0p3a43fU
D__UaR5MQao
EK32jo7i5LQ
F3Qixy-r_rQ
F_0yfvm0UoU
FnJqaIESC2s
GNcFjFmqEc8
HEfHFsfGXjs
HZGCoVF3YvM
IAEASE5GjdI
IHZwWFHWa-w
Ilg3gGewQ5U
Ip3X9LOh2dk
Iq1a_KJTWJ8
IxNb1WG_Ido
K8P8uFahAgc
Kas0tIxDvrg
LqbZpur38nw
LyGKycYT2v0
M64HUIJFTZM
MBnnXbOM5S4
MHXO86wKeDY
MzRCDLre1b4
NaL_Cb42WyY
O85OWBJ2ayo
OkmNXy7er84
P2LTAUO1TdA
PFDu9oVAE-g
QJYmyhnaaek
Qe6o9j4IjTo
QvuQH4_05LI
R7p-nPg8t_g
RU0wScIj36o
S0_qX4VJhMQ
S9JGmA5_unY
TgKwz5Ikpc8
ToIXSwZ1pJU
U_85TaXbeIo
VcgJro0sTiM
VvCytJvd4H0
WUvTyaaNkzM
X8jsijhllIA
XFDM1ip5HdU
XkY2DOUCWMU
YG15m2VwSjA
ZA4JkHKZM50
ZxYOEwM6Wbk
_UoTTq651dE
aircAruvnKk
b3NxrZOu_CE
b7FxPsqfkOY
bBC-nXj3Ng4
bcPTiiiYDs8
bdMfjfT0lKk
brU5yLm9DZM
cEvgcoyZvB4
cyW5z-M2yzw
d-o3eB9sfls
d4EgbgTm0Bg
e50Bj7jn9IQ
elQVZLLiod4
eu6i7WJeinw
fNk_zzaMoSs
fRed0Xmc2Wg
gB9n2gHsHN4
gxAaO2rsdIs
jBsC34PxzoM
jsYwFizhncE
k7RM-ot2NWY
kYB8IZa5AuE
kfF40MiS7zA
kjBOesZCoqc
lG4VkPoG3ko
liL66CApESk
ltLUadnCyi0
ly4S0oi3Yz8
m2MIpDrF7Es
mH0oCDa74tE
mvmuCPvRoWQ
ojjzXyQCzso
pQa_tWZmlGs
p_di4Zn4wz4
ppWPuXsnf1Q
pq9LcwC7CoY
qb40J4N1fa4
r6sGWTCMz2k
rB83DpBJQsE
rHLEWRxRGiM
rfG8ce4nNh0
sD0NjbwqlYw
sULa9Lc4pck
spUNpyF58BY
tIeHLnjs5U8
uQhTuRlWMxw
v0YEaeIClKY
v68zYyaEmEA
v8VSDg_WQlA
wTJI_WuZSwE
yBw67Fb31Cs
yuVqxCSsE7c
zLzLxVeqdQg
zjMuIxRvygQ
zwAD6dRSVyI
