-0WDROZ_snM
-0WQCs2JsFY
-2iJG0FVGaY
-4p_qLYjUDc
-9lhH72KlKY
-A9FsUOcDYw
-AlmhhnfJ-E
-EdJzB0O23U
-GoYLIc8oNo
-IvDnvtJ93s
-O3MZDAZMYk
-T_pGKlggP8
-WpDN2k7vbU
-XUmf_RPF8k
-ZJeOJGazgE
-dD-EaZ29hs
-mxPPmQs2G8
-nn_0y8jI10
-npTuvzflh4
-thLNvxFUu4
-vPFP-2Mkl8
024ValVz1-8
02cFoST40K8
04DOp1F9Od4
04zfAyPD9Tk
09V_JAGTs2E
0AsAjHPupKQ
0HJPilemNns
0I4BNqfVLFI
0IsQqJ7pwhw
0gpraHLQ0L0
0r9HPRJUaFo
0wA4CMo9_EU
0wh9UzLbIMY
0wjqnkrvYz4
0zbHNUbADgM
14wIbWGyaKg
16oLi1kvLHs
18s7jJEJeOc
19Av0Lxml-I
1B9p691U_Ms
1CZZfDe8ocU
1DoveeFXptY
1EL4VpScnxE
1EyRscXrehw
1Gun2lRb5Gw
1W79T2ibd5Y
1WNT5RCENfo
1YNV-NYxDDo
1_hHxra0Lf4
1gL8u0gmWdg
1i7Q6_ZnhUc
1iWSokC29vQ
1meg-Dl_Urw
1pBxxuxvCjU
1sLjWlWvCsc
243TCc5qP-g
25RovROJUnw
26hois9cs-o
2BIOINFSbMg
2BdFg5JT9lg
2DzaOnOyCqE
2KTK2qD4-gs
2PU6JX4S7zI
2YDI2GUmmFI
2ZPpgIwcAN4
2aPjsb-kIks
2p4YunDAzsk
2sZsBf-oUj8
2ypYniQa7_o
35ZMoH8T-gc
3D1WeSCSkPQ
3HLRwcVqgFE
3Nv9muOkb6k
3WIDa5-bPDs
3Ya3Cm7xmwY
3cJ1jojScRk
3fNEkYJIXhc
3gkm7oafWxs
3nG1p7sDygM
3vPOlGRH6zk
3xvxV5QsENo
44ahlcq7QwI
480JL_WuMt0
4IRPxCMAIfA
4Qs5mqa4ioU
4Se0_w0ISYk
4W06d_kcafE
4WRmFp8jZjc
4WuZozUZuHM
4ZXagCR9urg
4anAwXYqLG8
4ba0G8FQt5M
4dv53Ft4s9c
4dwZ-WIJCSo
4ev8zWpKhzI
4opL0dLJMGA
4pQ2byAoIX0
4zveh5TzB6U
53EJcv2chLo
56spBAgOYfg
57fth5EZl8E
5CljHnVQWUQ
5HP6k43T0yM
5LUkHss6CAw
5M4oChbmaMM
5Td8KBUG034
5WyOtacc8Xs
5ZEloUxx0FM
5g3NUT8QGGg
5lO2wDOGIWI
5mcyUUf20Ng
5nmpokoRaZI
5s7sJBQd6es
5tvUTk7Jvic
5vU6shMFiPA
61ji5L3GMeI
65YYMLQ1jkU
69E5xmF8j-o
6FRURtW5qXI
6Qx5ZAbfqjo
6evp7YLDJrg
6qd2RZsRNUE
6rQROhVeIQE
6xZeJS4_2J8
7-C0KGA7xb4
726eZyVtC0Y
77FCJvaYsOM
7CCMT1l1tFQ
7HxIWpuH1Wc
7KhFO-qCVyg
7MbXsRS-ZLg
7cEfxhsn3Bg
7k5NFcZIvMY
7nnAYB1mb9E
7vUs5yOuv-o
82-hJk5WryU
8CSJkKYfRak
8LZ5Lxrs0E0
8MaH8wJ60eI
8QOWx0Gkt-o
8QlZbg5B1vk
8S_Vlq3jLZ0
8aGhZQkoFbQ
8aYVH2j0kAU
8b6BrAdFUz4
8hM7WBY7dDw
8hYf-r-chFo
8n4jCTbvYwI
8skJbjEh9SY
8tQDL2vC1KI
8wyJ_c2P6CM
90NsjKvz9Ns
94pPWsBUwmM
98z0XjYWX0o
99QyAz3Wfqc
9HfWmdp9_I0
9Q4L9XQ7qdo
9SHOfZI_SsM
9SgDOtfuYhc
9UsnX5X_DF0
9jWwO7McMbU
9n7qdcCbsu4
9oGQucDOaoY
9pT-q0SSYow
AGtDAO_a9Mk
ANtSWq-zI0s
ARophKqA4E0
A_3BfONFRUc
AeUCN2lPqL8
AoUI8so8vpU
Axpi1_OVSdo
B1IUxzOdmyc
B9igDWV5ZUg
BA0YfniVqv0
BBWMIxXqr-E
BEdFcnI-ppk
BJR5SF4cI_Y
BPcjN_1qsdA
BPmuR4mAQaw
BR3Pq2N-72o
BRbcoXq_x2M
BTCsSwCpGP8
BY0-AI1Sxy0
BalUlHBwwlM
BhMf-DFEdOA
Bmm4-2SJ8qQ
Bpu_WQXONlM
BwwgmB73Hzw
Bys_QWm5rDE
C1D94jWy8uE
C1Hld-ONeFA
C5fa1LZYodQ
C9im1tkit0E
CL8_nlqTcw0
CLfT1fH-38A
CNNUCECrjso
CPP9ew4Co0M
CPTNEPvSMZs
CatholRh8bo
CfdmzVos1Fs
CjzZif7z9SE
CzxQn78uO6c
D-h3bhzauKo
D2o005ucV30
D9iFalfG9H8
DDmYimoMGgU
DN4yLZB1vUQ
DOocsQj4M9o
DQk9TqO5ets
DRz5T3kcygM
DWZj56qUNfs
De4Wiemg-h8
DgVS-zXgMTk
Dl_XMd_1F6E
Dt0lGtPB-6s
EAaweXzUVh4
EEF2DlOUkag
EcG5ll_6fJk
EeYvFl7li9E
EgdTjvFmxAg
EjJVf2s60s8
EndmLEaKPw8
F2cL4EOAztk
F4G2i4eS7x0
F9EQ8p5Jw9Q
FDsPUNlANkQ
FEs2jgZBaQA
FF8Hsu5MQTg
FHNrw7aiKOE
FQek3WAjpBM
FX8ORsF1tdM
Fg7niTmNNLg
Fh0VYI-_uPg
Fjc_cwPDbNY
Frwe3x8HfwE
FvPXMUuUCS4
G11vj2XiAtg
G5hu1x9z5V8
G6ZHhDPgmfk
G6yLniGWhSE
G7PBTOdAqrU
G96ie93tn5Q
G9Vkpe55Gu8
GJ7zLofY1V8
GKTSvI8qw_M
GNO_CYUjMK8
GOdmPaBJqwA
GP7U6LW2zDY
GPce5lNUhtc
GRexIOtGhBU
GW0rj4sNH2w
G_56cutmrBc
G_nh6JnE2_4
Gfm6kepLop0
GhRE3rML9t4
GiQuSiZOGww
GlmWtL9tEUA
GsvAdTyXN8o
GxKLgs8Vgsc
H4FzW9oFObs
H52HezWtmm4
H8IaDYrv-3E
HXhGlgtjcHE
HaD5z2KqcGk
Hj5q8uyqGYc
HkRrJvvnlvU
HktWin_LPf4
HmStJQzclHc
HnaLLoCXS2M
HxHBAU0cTHU
HzjwmFv_MWk
I4ugdJRCj9Q
I8HIDRYlTb4
IE9_sUgeTkU
IXIkTrq3Rgg
IZONih1l4As
Iak7dspvrZ8
IgP6BFLyQuw
IkPom7OttHM
IpfZ8Nj3uiE
J-g9ZJha8FE
JCATu2WkOq8
JDtc1xdZ-a0
JF-e12S2ZAY
JNjnv-Gcpnw
JRSW4gdzEcg
JUTTqausxTQ
JWqHioGOELs
Jk4tEMBJleE
JlRHyg60vvI
JmdeVG71ESA
JrjbX-KX6wQ
Ju8x3z1LuCg
Jxe7AXgbYqY
JybbgAz3meQ
K7C7iUYntNs
K8spO4hHMhg
KJP1E-Y-xyo
KKM71-YeJp8
KSVYCV66sQQ
KTluXQkVo4g
KU2tKJIjNIU
KfDuDfXsZCs
KkV4alDBVhk
KlozcD5pmPw
Kphwg2IsJfA
KpkTLmLTvAI
KxRX_HRGRo4
L41IrT-WnNE
LEKTaOKeTuY
LFUnn-8IAjQ
LT3OD6V6mtA
LVamMYljS4Q
LXgmD6kGkmI
LY65F2e4B5w
LY6y3HbDVmg
Lby6fk5gC4k
LgtJ2njvUjk
Lj4xPkrTPKs
LqOcx-CtN0w
LqR7t2-U0WA
Lr-cARL3JXc
LrkXWj9zxsU
Ls27mCiYsQo
Lv29oYa7ENg
M1F81V-NhP0
M3BM9TB-8yA
M5gUJntx-CY
M5glN6XjDv8
M5jb2eEWr0A
MBndZddVQdw
MNk5Jxj8Znw
MO8hZlgK5zc
MRxw0hG8DTM
MT4D_DioYC8
Maqk1w2_zc4
MdcD1rNkNLE
Mjqf2kkFLy8
Mju-k0yxLnk
Mnc8ck_DuaE
MowRVWn02HM
MptY6ff4tOQ
MqHDDtVYJRI
MuaXdbD6Yzc
N2u44-zZYdo
NBrM7YVznzk
NG31UChnNfc
NG5uDXCOr8s
NGxVLnJKhP8
NL0nb8A8FDM
NLtL-EEclRc
NTJUFQmHbvc
NdKAUXAvt8E
Ng-4XmZ1c6I
NiOW-swy2Ys
NjMOSg5Pe44
NkVes0UMe9Y
NpC1GbPw-fk
NpKLt_YO3o8
Ntjo00m-Be8
NxxDE5EEItY
O3MYg3Tp36s
O83-d0t0Ldw
ONlLvZWXv1Y
OSEXpsVcTxI
OTQuAP7OebI
OZ7rc0_Ps68
Ody93kpAjAY
Ovd41HYGcfA
Oxz23A9_Mc4
Oz-87M6O3HY
P-J9Eg7hJwE
P16xxzdqze8
P2yB_iEJXyI
P3pIKlMB7HM
P8Cy2_ZHWI8
PA139CERNbc
PJHCpzAmr0w
PLnwGHhpLfM
PN8Eg1K9xjE
PTgqSpclwvE
PU94cgLuw9I
Pl8ei4cug8k
PoXDa8Mi4YU
PqDw0ZPYIq8
PtD-WKSC6ak
PvabBs_utr8
Q0iBoqhUVck
Q6gYFO4iGlk
QAha1prc_pU
QFZ-pwErSl4
QFnXa2nud10
QHs55-5FzgA
QPCXsG_iMlc
QX0eauXBKwc
QYnJUrvzlLk
QaSbL4sRff8
Qg75x08Mtcs
QkfXZ2IFIck
R6TXuXV1bbY
R9deOzRwgow
RCdGIrgSaBQ
RCgD4SLwC18
RHq6bEgeZD4
RObdwvLLVvM
RTxtiLp1C8Y
RdKT70ktaeo
RiU5OzMZ7z8
RqTxtOXcv8Y
Rschzf9R1cs
Ru8pmAyZARI
S2iI52SfoKE
S3H5dRmF82k
S7M2Dj-_fwU
SHIci8-6_gs
SV-cgdobtTA
SeAbvjM5Fhw
SeV_Pqw5egU
SgOh46SWId0
SiFwRtCnxv4
SkTfzSR72hY
Skafzq6lHlY
SmE4OwHztCc
SmZ9XcTpMS4
Sq4havIoQOo
SrNQS8J67zc
StN9QKnhhHc
TElh0ne0Cxw
TGGajVx0Sn8
TJxxzKoaLNE
TKv_cUZd9sM
Tpzqu4EGFjc
Tqxo269aORM
TtsvMRxmfGA
U0_IrPqvwn4
UJHOzE28pKg
UKCoRKzRqN4
UKa20yPzGbU
UM-RhglTyKA
UMwunYQGvhs
UUl0BZgjm3o
UaoOBAh5exo
UcPCAYpgB7k
UpVj5azI-iI
UqSQbS7rltU
UqTlToUYK1E
Uy062kp-LM4
V-flI7ui52M
V0dKzbhtHpQ
V2Q13hzTGmA
VE0kjwvuw7c
VGcqkF2XDgA
VHbnuNng0M8
VLobYS2ILpg
VNpn0GCegYo
VUWZAaXiL8M
VYjBp4z4XjY
Vk9bPDaZELQ
VxxTkhSTJbA
WGE3-aBR4i8
WRnf0n2FSz4
WRuQQ9bwgGM
WjP7TEKB7Uo
WktC6vc4WQs
Wkw4TOBEKUY
WmVH85G59Lk
Wo0qiGPSV-s
Ww0jTafmd_w
Ww57lUS9dF4
X11xeeUg1Tk
X1Cc1vrvjdY
X2ZlDrx6dAw
X41IwSyU-BM
X7njm67K6QA
X8xxz-YeWtk
XAqSLcNI9Ac
XNfpnCLbRmc
XRT20j-6kTo
XTvWOQSWS48
XV3zUI5WiOM
XWHcKl1jEeE
XZmvHVVj0Ns
X_uTCnaRe94
XcS-LdEBUkE
XePfzVs852s
Xi3sxygtDc4
XnDGJrvEzJg
Xvdnewmdokc
XyVQfqmx2CI
Y4ZTRztwLrg
YAhfsPyv7bw
YDZYi7a_7Sg
YHVKME6vYjY
YOHBZactXus
YTlgMXqsuhM
YXdTfLqnIf8
YhqpB58-wiQ
Yn9RHDPwSic
YpT-GpcHf2g
YpqKrVcth34
YuezRMnwyeI
Z-nXRZkge2U
Z1q71gFeRqM
ZDk95ocba3c
ZGPOQOLv1p0
ZMZMMuXRFcE
ZMmYKzHXL7M
ZNWNhUPrqB4
ZRtzk0371tk
ZWPMzJfJHnc
ZZmUwXEiPm4
ZbMj_ab29Js
Zpxlr1MuPYA
ZqTD1DGYczc
Zqzwkiii2NE
ZsBAkSxwU5c
Zyoztl_7l7g
_0ij8vY2gzE
_5X2aB_mNp4
_98SE8WUvLk
_ACizzhxVqY
_A_FdbTkp9c
_DidZqns8eY
_H1s9wBOqp8
_MD1WQclOJM
_OhAWT76bQg
_VHNTC67NR8
_Z_R-cd9Nfg
_aUKRh74JRY
_deWuTbHb5I
_iToM2KC0QE
_uD2pijcSi4
_wQevZxH7Gs
_yt89v0S1MA
a8zYmRmtss0
aGIJWWKLzF8
aHVdJ0QT5rM
aIFaAkHFLxA
aIyhhHTmsXE
aMblC9C68sE
aOPgTWVtX78
aQBYAkaABkU
aQSz4KnSFvk
aRaQe9n1lPk
aVuor-VAWTI
aWoeK2SFSpI
afAc75d02U0
ani_MOZt5_c
b4y9-JZkgKI
b9HGzJIcfDE
bHSrSi70s0o
bHaH1Trqa-4
bM5Wfmh9i5k
bN71Voq5x1U
bac0dGQbUto
be6UGdUbcjY
biJXpv-6XVY
bmUrsHQ1CfI
bqmT0_w6_qc
c5GlZp6L9P4
c6mqdsfWdmE
c9kkqSgxqxQ
cCOL7MC4Pl0
cCeqH6m_K20
cRTko6m6U4A
cYGOv2ToZjY
cZTp2MaxcJg
c_hmwFwvO0U
ceiUozUFF3Y
cl1wzzjmheI
cnwOfaE5GEk
cqtBpCqgOgM
cybhV88KLfI
cznVISavm-k
d0pOgY8__JM
d1HM-9reFAE
d2CMwgm2pXk
d3SP_wi23i0
d9PuOyth0Pg
dAqKa3waNx8
dH1w90_i5fs
dLmLNlLlHkM
dPWRaN2PXZw
dcoWYgR7LA8
dle9t_DlTI4
dmrUxCe0R9U
dpxq4QWVhc0
e-5obm1G_FY
e3hkjeM_DUQ
e6wrCr7bzSg
e7wwuZnnM9k
e9httij2RG0
eG9YOF3c358
eIUCPpWBrIU
eVnUDTtOLE0
eWIwQFqjVxU
eipW64BGoOE
el9fhSbby5E
exDMZjnlFGY
fAoSidif1gs
fQHH6aSpYV0
fSN3LVbXTkg
fWc3Zu6A3Ws
f_9nDBtSInI
facKhfPmeAs
fkovQKMH7e4
fq2IFFK08Ik
fuXuirjR5NM
fuxJmw2shnU
g3jwd0kAIDU
gBH8Lr9KvCo
gChULw-uEjY
gE9xn-KOp1I
gHol4xu3ZP8
gJA5sdyCWNQ
gKebfQH8aXU
gmQ1kcj8Q2k
go5VCfJMJhw
guC2guiPGRc
h-QPx0sMvLQ
h3GEagIG47U
hAZWYtTP4Tw
hI9roqOKKO8
hJ_Ng5IhENs
hZg0Ks_IHjQ
h_M_uscOKJM
hj355PRbwSQ
hlJWcIBaiUY
hqotCdm6Cx4
hr135pFCLU8
hx1fqAXXViA
i2ezuw_RV78
i2iCyulbnus
i5wqXlr3TLk
i7mrZ_JsA8A
i8iylI6JDmc
iGPzwotXgfk
iOQRhZHkbTg
iSxNCYcPAFk
iYW7vKCqN6g
ic1TjKv_H2o
icrY_LURPY4
imzedQr2tTc
ioh7aqrBcs0
iqcO-5_KkJ4
isrOs-ieMGI
itnavS5CenU
iz3xX5vWyUs
j9TrSkLZa5A
jO1TNGNTwpc
jUTE7lmrS70
jUfaJ1hsfqQ
jVfVsKXdYK0
jX8bMHTD5WA
j_EfPW4G-L0
jae837XA82Q
jg6XDY5imZY
jhdJHBD9Fts
k44lq8ImleE
kTuAQen5iTA
kZOJCVvyF-4
kbGYPm9uYfk
kdgrpc0Udlw
kuHfMw8j4xk
kxHRATfvnlw
l1A1ImFkNvA
l95VFLj3e2w
lCn-XCASn98
lHRuIA7cyU0
lJ1kY-CSpBk
lTCukb6Zn3g
lTWGoL1N-Kc
ld3X8PTOgQQ
ldW7zVmqu5g
ldx4ZFxMEeo
lejV59XtPAE
lf7L8X6ZBu8
lil4YCCXRYc
lm4jEcnWeKI
loh8MarYBfw
lsaG-EJcu88
ltMCrW9JCEE
luREBZqrOw4
luppEiB4Peg
m0R4joKAPuE
m1LxOLAFHSo
m9cTaYI95Zc
mFo6eyEsDoA
mGENRKrdoGY
mJoS_pLbiWc
mSQh0gcDXkc
mVjpwia1YN4
mfOh-J-9BY0
mik7AwHOVcA
mj-U9FlbAl0
mk6s20Kbbow
mmke4w4gc6c
mpgK0dE_Tyk
mqICUajF8Mo
mrxsD0mCpZ4
mz4N3U5f2tg
n1ibVVoMpEM
n4Av-ClXCYU
n8dv_3Pojo4
n9Fe68xgKUw
nARgq17LmBM
nBPpJKvuNXM
nC5q5JxLjnY
nKEPRk1OAXU
nLF0n9SACd4
nN-Uu6yhweo
nPl0zlAI3MY
nRMJMRdquJA
nUAZxpE9s9w
ne6YvKWbQYg
nkQaW0hFjcA
nuboC-FLwGM
nx0yboEhUNc
nyB9GTZlKUw
o1rzsna263c
o3MNdxQFUe8
oCPT3L33848
oGobLmA_WVQ
oUVT1HXlnls
oWwJA1QLItA
oXZaqHWq6cM
obkdza-dPco
osQbwqq7ZR4
otQkIbgPKrU
ov2R3vEn14k
p-iiEDtpy6I
p6rybcXZOD0
pDPVDVzXTYE
pEVGAn2qNtU
pF0pSwbZV9Y
pHJRELG31dE
pKtG4dO-9Tw
pOqX-TdyvXU
pPwZsi-sajk
pRos7NvtwFU
pSMljRkpP64
pj4U_W0OFoE
q20W5dWHTas
q6F-2t4mv6U
qDTpLKJ6e4M
qGK541P2xII
qGyqzN0bjhc
qNmOUzxGg0Y
qZ04VKj9o7s
qaLcnzs1hcI
qbKWsbJ76-s
qqt6YxAZoOc
qvkI44LLDWM
qx40CRwwkS8
qyexqwG6fGI
rDq1AN1kSn4
rJTzA6ohHQA
rJ_WvfF3FN8
rKuNbEwoQfQ
rLgBqT_e6Yo
rNoMgCn4E-U
rOB6fVQVvsw
rP1q6oIVco4
rQCbXNEot5s
rSx5RxuaZfc
rWZXn_Krg38
rYqh5LYfw0Y
rZ_8xTX1LU4
r_uYX1x_NTM
raJcug_vW0c
rka9y6yJyX4
rw8Q9ZLDkEs
rwFiFWI23Rw
rwyZc1keSew
s-l99ZzR77k
s0A0hL7nJXw
s9-BqS32cF8
sClk6aB_CPk
sMUj1LXDrBI
sRPOyYILD3E
sS5EByZm1EI
sijmNe9Yp5Q
skml8SjOtKg
skxeCo7xJx8
slA06pbTRi4
sloddfX9jLE
sltPORiz1Ks
szJjsduHBQQ
t0m5rrKKMOA
t0s97w0GuF4
t7WraVE8rY8
t8F12gZJ4AQ
tGTLPWM-JcE
tJ49bTJ6fbs
tLUwq9NQExA
tLe5yhqTo8E
tNylHHf2uJk
tTZ3pWoDkjc
tXssxJgIHbs
tcbcERdxjIc
tfn3dsIQUzY
tia6iP85Zuk
tjnk1zjsWUY
tmQuGgtq5SI
tteIQBPPxqc
u-5_x_YnVN0
u1kqx6AenYw
u6cjYhKslD4
u6twcglDFNc
u8X7zL7RuwA
uAT7MJnHnMs
uIBYN6w9cBc
uKN8Vyl_fBc
uNVP5jDOVAY
uNVlQ1yPsto
uQwM7VUgLK0
ue-Z_HxS3cc
ulilqtlRzqc
uo-UOvq3-0Y
urohq-WcGWY
uwQsU0PwtaE
uwgBz748t-g
v02PMZherEI
v0TFmdO4ZP0
v2Au9Rlj6XM
v34CEyqVEuM
vBHt61yDO9U
vJvgXPCVo30
vLBBq6oizEI
vOy8Qaml5yY
vR_fuZDwlZI
vUcAg5uWaEE
vf4RLWPwvyE
vgWonzhZIww
vji_6ofE5Wg
vkZHEvZz6EU
vvZRYUBFX-8
vvqfmskTIjE
vxOj7CaWiPU
vypCsVm5z28
vzOy_ldZNXQ
w-CSrRquNGI
w9HeWBH_kvg
wGIRqPvtJ1E
wHu-_So_Pjc
wLx5OGxOYUc
wNunEYxZLPE
wQ-jn1KYUkQ
wjpix0VCeoE
wkFggFuIveY
wqmMqB91zdI
wvmllSN2RLA
wz7Znu6tqFw
x-ffpAkviM0
x19Qp9LoRJs
x3k_5Mi66sY
x3zXlPkzhgw
x7cQ3mrcKaY
x8GoI01eVuk
x8mmAu7ZR9Y
x8sKpJwq6lY
xBa0_b-5XDw
xEvXhHxTTD8
xJHeHCZtmAU
xLL7Fo_em2E
xSIt6h_yjH0
xTJyi49piH4
xW0I2YnFggo
xYjWlrNN1Qw
xZrfXATxJ38
xbIPyBoitCA
xbpnqbM6cRk
xdEJeJ-qJLc
xiX8jf2NajQ
xzBloghQhO4
y2PRfNsY28w
yAVPyWqNuTU
yD2lMmmjB2E
yJB5k8B0MTQ
yO-ypk8HOfg
yWMlLhx3foI
yde3oKsWltw
yf4m9LdO1zI
yhF7OmuIILc
ylF7ZR-b7Rk
yqZYAM2es9Q
yuk7n43xU4g
z1_QpUkX2Gg
z3vwYKqEsBs
z8hG-3Ak_b4
zKLkHbcjwsc
zNk28iHdoFk
zWEU8kNKi3Q
zbotfayCIn0
zcSbOl8DYXM
zeKNXaM2fsA
zi0w7J7MCrk
zi6L0ZqrKfA
znwWYR1mzzw
zpD2R2iXiiU
zvG97aOfAJM
zz_o7A0HET8
