-0lmXRsqNHc
-2vEMTstMMQ
-45yDnN6JEo
-BcZs47Vpjw
-DilVrv_Rsk
-MuwdL624ws
-i1E_s8dVQk
-iY8dWWyR2o
-sWcF_mhu40
-viZWnZ2Vso
-z_2NnlFN90
0-dIIZEthV0
04gPW0J5H3A
05nFO_qq2_s
0Eufisysp4M
0PWWjShuIJc
0Syr_m59ldQ
0WAD8MMg2AA
0WB9CDGZz-0
0hCQof38Vr4
0km-bJrE-Ys
0mQb8NWEaD4
0xhkJIuJmFo
0y37NcU3hbg
0ydlMbHxvOM
1-4nXGtZZlY
112ighcGG7E
11_0K2vyhX4
1MhO2ElTV9s
1UXo1OeBP20
1XW_16X6eWc
1aRyOut0Rpw
1mUXsh3tmQ0
1nQOoqnxs3I
1nWi0b9susk
1skNwcf-9Qc
1wdWR_da0Wg
1yNcV9bDniw
26OpQIlrIZo
2I3dKHRmSUE
2KjqqQhsbSY
2XBQE1oPecE
2XLWBuO6TII
2ZLO1bj9P1k
2_FRufWMo9s
2eH_GXpaR9k
2hoHQ4kj1Qg
2l84rm8y-lA
2w3OQA97c0s
3-WKfGBcAsM
3AJ5LZe3aH4
3BHJ8fJTe1M
3CE4HDVKr4c
3HK5S5hxjwc
3NZptV27tXw
3WXumfAnVYA
3cF5EAnZvC8
3fyjh9uMmmk
3pchSEffN_g
3w5q-JuZ6LE
3x-YIAyySFg
4-RgusbzNic
4JU8LrNQ4gA
4Q4TZsh4FLo
4Sxni2-yvtg
4T3L24KZteM
4Vp5dRK8Nro
4aAtsOS-lRk
4bTCKLgkyW4
4bt7sPZRUEM
4c6qJmj14wM
4gtPHRaw9BI
4huxkQHGXVE
4iLzEbWs0Tc
4pJeM0OHvRg
4w-v7BJtfDI
50ADJt0ggsk
57Qf_zKGZoc
5FSwasqzDbU
5O__h2vigBY
5XzLyM5kzgg
5ZZpmzdFg_Y
5fRzrTYSNos
5ktEtRXRMhk
5pDHxs0zyvQ
5tvNaDvYDvQ
5vs9EqQ45bU
5xTtORRueME
5ylWdZrQIvY
678hAWN4pec
6A4U_rBJ1UA
6OEqM6xnmpE
6QMlUp_2NTM
6Qz-HmVmkKQ
6UATOS54GRQ
6VoTHCT2wpE
6ZROYH8PFFM
6_bvggSPlqs
6e-6-PiJOyk
6hxMlEbp_8A
6s521FUaNZM
6yzdO5tS8VA
73dPv_6aXWc
73vJUJBa9Bo
77_dmS14gIA
7Dir__gZ8Tc
7GLUCOZcs54
7OhRcGEvHE4
7QpBfujW6qg
7SAA390gV3U
7SkMwys1AGU
7VaHfusyUiY
7XUZZ172e-s
7Y_2crCcpP0
7ZSDlSu1j0c
7_ONJs3RUdM
7dX8LqktkSw
7eKBz84_GXs
7j95IHE3Vwk
7mUMqlq0hPM
7wta6_EIxjw
8-c8WLBcEoY
88-PmMtQ8nw
8FZYiQKrrsw
8J_raaSC_Ek
8c2lCCE5D2U
8i8cmU-rQOQ
8sb6Pn3Xzu8
8u2XlVMJyEg
8vsAnrJStY0
8z2LKyunT0I
8z5kh1WSa-Y
94oqrkkWLyM
97k4f_ZrySw
9Ds4lUbY5Ik
9IpquC7Pvd8
9Qw-t4TWX3Y
9TD2qfTDpVs
9Vc4HxKErUE
9dvkkH2XgX0
9iXlwyBDf5E
9j8hHQj1tIA
9pAFsPE5-bg
9qIh9v8jetI
ADDkp47ZGs8
AFiLJ5ytJME
AICLHG8fx5c
ARkIy4IZGmc
ASw-GAohKuM
AW19yY-vxcY
A_hApH6yfGU
AhC5Znnh988
ApDnEuUOzS8
B0Ro9m1TChs
B4TymuvahTw
B7EEC5VuC3A
BBMZMo9fmnk
BMZFkk4zLAM
BRVEBEu9eWw
BV_KuPdntyA
BdMmQ7Z5Dc4
Bg9C_Sbybi8
Bgg7_0rBUOA
BrMwYQC1Nyo
C-9zmn-KmmU
CAr6NX0FW5o
CCnwYyLE2Uc
CF3Q1-PxmLg
CG8cC_qVzQs
CWUjwXAHi5w
CoO4cY7CXF0
Cw6A-LVrQhg
Cx_thXzwLSU
CyMx5s5P59U
D2220sZOmh0
D2as5mZY_as
D6uysIoE4A0
D7qTVtR0Z7Y
DDFoQV_KVHU
DE6mU6D4yc0
DOiMUeEVKIY
DOlzrxMEUO8
DScwZPsAb6k
DVOwRKjjyU0
DbIOWzZLG6w
DkkjjUJ1-zs
Ds4pzsUZYkM
DsQ9CsnUMBI
Du_oJZ1khSo
E1AItWvrtyY
E1bEatRjnUM
EFte7Ab1o-4
ELA0dTgemeU
ETdRaIeEClE
EVAH-c4b2Ew
EVSjmXQaDvI
EcVu4GvutfI
Ee-7dDE6a_k
Ees4cW_oAC0
Ek8_17xOjak
EsXYMHlrXBs
F-4hifnnSWg
FQWARqYsnUU
FSxA4g3UWjY
FUcEt3fUv3s
FWmks3qKtVg
FaX_IDguj9k
FcgYSJKKbyo
Fgd4-Db0KC8
Fh6ibAWcO44
FhQ9CTr61ps
Fi7t1Cd57wQ
FjTW9z8i3Ak
Fq3YuiGthzg
FrJoq19xMPk
FvsMj4lGksQ
G5Nn06-C_nU
G6z-QQzQS4M
GDJIaavOTDg
GHVjnP_-r-Q
GJHry9s0M-g
GLIN6_mp58I
Gdj0AiKJomk
H6JuHII5tPI
H7SRAc_JOhM
HC4dGwr7WfI
HEbpTH61x-o
HFFAwnah1p8
HH6bcFRpl6k
HKLMYWPq7z8
HLH3rFJKp64
HZsvNJfnf04
HcJDYkm4jZA
HfsK9cqdkMs
HnYPVlb275A
HnZEmorpCww
HoiXsUTj9Wo
HpbAQ0PlC_g
Hq1IIgFIazE
HsAcMlEDlDc
I0NeDtJ8cyE
ICtX-tI5_1w
IE1f8cYECFA
ILlTokGE4q8
I_L5AVxnQNc
IaFQg1JJqZQ
Ia_uaidHO6I
IbZpw5aJFAI
IcBNwiM6sjI
IcVW5QUEnLg
IgvdXW6Xu8U
IiCHXQ5Za9o
J-vVsfZw2Ik
J1zH0QCJorA
J68yAE1p2eA
J9znyCPqKAU
JHhJIbPr7-I
JMrh1NeVh3U
JN2fVzZPq1c
J_erTqnYOxc
Jk_80q4l5g4
Jkrqp62zvSk
Jp72Szoae_I
Jr5_BGKUwL0
JrVcv142Av4
K0BtHnDHXCs
K2zoyeinD6M
K57YL6GUWzw
K5aIJbW52Fo
KFftiT0gncc
KJcBXdouKN0
KbXXdFSqg6M
Kg2N8-XPFg8
KgNC4vRBHYk
KjdicpodeFI
KkiAmqNLqjQ
KmzozYvBtig
Kyd9BePNGXs
L0DssVwFKXo
L0Kra5UOFGY
L4DMGHfmPnc
L8T-iwnRmuc
LB2ude_pF7A
LBVVrTH5l1o
LJNUBqd3vag
LPuyVzd72fo
LXkGtw-Wnig
L_0ZhwVC-oA
Lb2-ZwyOETA
LcBBOSa3T6g
LuY08mFEc_k
LxScN6eM7K4
M-By4XCPo30
M1DKJJ3wnyY
M26xOQQhzFw
M9O7PBloCLA
MASSwVj4aGM
MDIauHoUXdg
MFJ3wM9WzJU
MHcdZ-8SPqs
MLQRI_ZB83w
MM2kpe6Uccg
MPp24S2ohnk
MSgyoq36KCg
MlomlCEgP5M
Mu2IK-8Z8aY
MvtDeuoJINw
MyK09bXY1Ws
Myyz9gz2jwo
N5C-2_c-kNs
N8uffnwYs9Q
NEaxp8zG-YY
NHnmY1S3iUk
NPk5JJpKusI
NSkQpSpLN50
NVpk3Izxq-g
NZVLyucHVJo
NcuNOijv2wI
NgMqt2SGBlY
Nj6BA5svj_4
NxVmdDivO1s
OCMvVhRSHX4
OCWqOCI8uPM
ODcJP0Ug2eI
ONuAQ1TdpGo
OO0dJYsyGB8
OWPpNLh5ae0
OchNZd54IFk
Of71lMlSNsA
OmJt1E6eJI4
Oml_rUMAslg
Ot5da2yqdnY
OtdkedWF954
OxI1KPnsmds
P4DJ8Ah5SN0
P4wcLkTy3jk
P64e3AI5Q6s
PAGjERNxSfQ
PBGIg2zzpbk
PBiP_dMHPnM
PGNjGqfCbpw
PI0c3YUlx5g
PIXpCJPGnl8
PIml-_P459o
PJcLJ0y3aM4
PLNN6ZL9VFQ
PNKdE7OLTGw
POTnC34CsjE
PVFVh9G5vTc
PYmHspoUOkU
PdlQBUWYQB0
PgCYy4BvUOI
Pi5FinF-lfc
PryWWf_Db2I
PvcuyXYfBGI
Q-enYas1WrY
Q6UcrkSh1Qo
QDR8huvjuUc
QIxFQdJT_D4
QJWrKRaYkLo
QK-iSllg62g
QTZT6V8-aa4
QXLm00BJOB0
QZJIS9ds5mc
QgNeGLu6f2E
Qm4DPTK-xNU
Qq-JxNB01y8
Qz9WBkQdiuw
R-hi8Ij5EMw
R7aZEbx5ki0
R7n3CzgXUXM
R8Fx0-rao2U
RFE-0DslEM4
RKOXw3_Ks1M
RKyasITPPlo
RVTZdOvqsVM
RXihI2t6Nl0
RcMMKB217qo
RdHS7uVVKYE
RdsdLTO5mPk
RfgMwDjktOc
RrR4nkSqdBM
RtGWaD1IXYo
RuFGWjAtjvA
RyYr1qWkw3g
S3pG2yexj4U
S4QqTlJx1gU
S6ApGDGMJ5I
SFs9vv_YdNw
SG2UKFbrbRA
SH8VYuNZ37U
SHMIiaZQknI
SLFCJ7jMZcU
SMHtDJ_PS2o
SUJp89XOEoM
SygpMhS05sU
Sz5dyRz0svc
T6XCXeaRoTI
TARh002Bnzk
TCwZmi9vBI8
TDIjCQJy1HA
TI2tJOGA6lA
TOx0gmHtj60
TOxki5XMX8c
TPstrvIom08
TRmnvfdN574
TbjWyKpnbcw
ThW_ctXrOT4
TkDZMNwcmg4
TlHPK4u9JQo
Tp8XUvF7MGc
U9QxaFPihMc
UCQc2FXDQ7A
UET0z8wNm58
UFQsQe_tw4w
UFnaZlUUiaQ
UNbMU4qI6_o
UOzbF9kjUOM
UPel2rw1WQU
UQRWU09cluY
UUCBLZomf38
Udsuz5Sucas
UgDQkDHNdB8
UnL8Xxkn0Bw
UoMG41KQmzQ
Uv0ephEgkW0
V-tY3JFSeaQ
V0ftuLV1bus
V5w8CL4jhr8
VC2STwEaIN4
VKfdyO86Md8
VNz7BzSh6kg
VRRvDD0hcxE
VaX516RofPo
Vl1kDQMDVWw
VpH4sxajagE
Vv4dUGOGSAo
VwwZx5t5MIc
W3uZ9GwSdDA
WC89O0y3wr8
WF0iYMreq94
WKtd4X3_ti0
WOugPsOZw1A
WOz_6Zi4H7M
WXcnVqmXG3E
WYHiucyXTSU
WbBrnlT7Ckw
WdhUzCPgpa0
WeoYApkg6ek
WgBKYc1mYK0
WlNHCVPAih8
WpBL3TggDI8
X45Endan3AQ
XFclr4yCZu0
XGFHjQTrzCU
XGPXFYUYkR4
XZwnf71Ab0U
Xa4Kx54ms1U
XpYOE9id4bU
Xsjs0qlYKqw
Xz2DCxnYbOk
Y1uPdjVdXu8
YAN6XomWukQ
YIO54GZ90N4
Yc1ltDUQVgw
YgAwCTx65rM
YkLfzuUuWQo
Ymis565TYls
YrCSn8TvX3k
Ys1rveSkGrY
Z3VRRcEsd20
Z6KJUVPlMrI
Z6PyC9GOaeE
Z8-UX7kcdBc
ZOHFL9nWeRo
ZOYrlvZQI_0
ZQyT-vrKvVQ
ZWzK9BnlCjg
ZZoKas3qQFY
ZgItmBZJsd0
ZjfhMUaWnnU
ZmwamY3hllY
ZpXDY7hGSi0
ZtXslEiaizQ
ZyDmp6t6lgw
_-gawt0NKrQ
_2_nXHUbRDk
_DxZCp97kN8
_QfBYtAZMLc
_RMxk72FHBU
_a6ljEtnuU8
_aoY15vbA4g
_d0AHfVXuMU
_ehWK1uo5yY
_q-aI_rwaaw
_tXCC1JkKO4
_yYpuq5Cxl4
a4IcsBV2UDk
a6OBaq2bHkM
a9RvSeqLfeM
a9Uz4rvad8k
aBYwPZikyMY
aBaxQYeFC3o
aGYKz9qYr_Q
aOTqfwH8O60
aXk7i1TDDVg
aYIHjw8j2mw
a_AUBQQrTXw
aafHhssT4zU
aak6_rOlYRU
abClJOG7sVI
ai5yzS3GEMo
aif7HQRuOWQ
aoG6jH7J2CA
b--y1GvqeGY
b-J11JDm_XY
b-bpRBQ9lDg
b4NCSrHwZVE
bUXvNlRHWMg
bbAqpnaWw0k
bc_xdH8O2_k
bebu5cnwYHE
brS0ovhaCzg
bvOyhBlxeCs
cCHrLFNP730
cK8-D7YLGeI
cKCaMeKmLF4
cKDeDJmlS9I
cLBgLeG-iYg
cTejdjnf-jI
cUXM9t6-Phc
cZjCikQrRAI
ckvYEqnCoKM
cn6gRB3BnQk
cosijiVk9pk
cs8-X4SilmY
cyhKkhxwVKs
d52CH7vmkco
dZJsB6q7a4I
db-SUEKONWg
e37Gw29rJPE
e4PGox512ic
eGQDI5oUy10
eKhqLjuBfC8
eUt9knTLRFw
eZTmOTbCbgY
ekiEGb73GTs
euKGs2VukRA
ewXBZlLPaWk
f-OGcQJU0eE
f2sTz0SaSr0
fIYjE6isDWg
fUCayAYSWfo
fUHY5VNHqkw
fV-tOifFz6E
fVXyeSK43h0
faRKfFeopFE
fah9wGvO4dc
fk8iSeFqyqA
fkLzWId_ldQ
fqPdPPXg-Mk
fsssyE7EP8s
ftu8skSu580
fv6QI51Hh4o
gFQHZqNc-hs
gFY1l9RGyBM
gKAIjvuHO04
gOTEzfwjfDk
gOxaeGsl93U
gP2S5-3JbYY
gQvGmXx1NAQ
gS9u3zyjda0
gUy-f3935N8
ga-UZMsV9SY
gbE_0RmYRm0
geXMkWQDbaA
gh7-DCiQ7Y4
giXd4RJ0TXc
gkyj-6DhJUo
golKhbWIBXg
gqztA4E8j8g
gru3RLcHfoQ
gw1sfeUp-xM
gxsMpu54erA
gz7ud062Bcw
h1UotffAHCA
h1rfN8yUN_w
hKDxBNZrYX4
hSPPQCP6Pw0
hb3owNNHtdg
hhVTe4Hw5ug
hk2pkIUZ_vo
hl4H3b9i4r4
ho_K93dWask
htfEhQCN8FE
iaRLjs8kZco
ibsFh_z0MGY
il7q7esaqVE
irUWRff7kf4
j1MCg2TZL9k
j5-o8trQAi0
jAsomnEvQbo
jNhqnoaA2Dw
jTfv8MeXYB4
jakJ0uCMYmg
jcvOJxWpdxI
jtcxb9yyzpk
jwRQOh5__nM
k04r_N0ZsEc
k0k1nEsttDg
kDQNdSP2pUU
kEkgSEkDAog
kFNSodM_U9c
kFbVDRtJtys
kH34wr9jI1E
kHuk9LG0UFo
kJDNc0EK6u8
kMRs7RzIgTI
kNOdItSnUVU
kP3yoXSZUJE
kQn4xRaYHtY
kRaeDfotEyY
kT8HRYSwSt8
kz3eQQkJeZc
l4gy_4CIsGM
l5oWA5MJWRY
l75LnaLQ4Og
lBxfqUFe19A
lCzInmLA76Q
lNbafD4DPWU
lPBq3eO7PIQ
laxf5pCr4w8
lbJRrMXeUv8
lbwNqgreiKk
ljRC6rwwVH4
lt1JONia4aI
ltIPjH_lF4I
luSheRDyOsQ
lvFoOXDTGqI
lvPrY0DOGeQ
m8FEiQxAzw0
mE4SMriNLjg
mF1cXlM-Shg
mGTqjsX0hkc
meIoo4DykqI
mfkRhDxpjDw
mihHjeGdAWs
mj9TjwAosm8
mpoa_BTxja8
muFmbieRVJU
mx_dj0yA-70
n-3eG9T32zg
n2pGKQG2NeI
n68GrHNaM-8
nFqHBlark9o
nJefnGYhQO0
nLhDXv8A-44
nRNeREJ143w
nSkB8LC5Ztc
nXS3qhYVNfA
n_dWhBAn7Ns
nki9AM79V8s
oA6J97cimn0
oBjPiV9LDgs
oKFe7sjvZK8
oUj-rKDO5qc
oddA7mL2EBg
oevuhX16Ybk
ol0ZgE3EWjA
olnf3t_kN10
otuOGpqHdkI
ovgO2b09C8w
owu6dAidhyM
oyQAwqYVBvo
ozt_R9GU3Pk
p3pLibhzJiM
pBjBTbW1jGI
pBt6DsvN8AY
pDeyslG8UX4
pF5FA2MIpoI
pG3XF8Jh5h0
pQVeDMF6OI8
pQkuYaUDObU
pUUXK50WqQY
pee_LHQh-Ic
pfudxa3HShc
pgngw9KLO70
pitJ8WqMBuI
po76UOxyW5M
po882lKnQK4
proqjPfn334
pu7WNHn_bHY
pw5EZwvczZM
pyh-6USPTDg
q3qPFMpR8UE
q44wKJP22pU
q6bkq-S8I-o
q7Gwf-qcwQM
q9yhhCuBCMU
qFWJ7bjVk4Q
qVVPO8iKmCA
qe95KZl6L5Y
qivpH45Q7Do
qjmDFsYyVSQ
qkBmhXLND3Q
qliWPdZEU70
qm-LjDhJaFE
qpL_rSLFlRc
qwO2GKoULT8
qyBIMkA8fSs
qyNha3NIHuQ
r1YVQz2qH4A
r1ifAmmosMU
r2_zR5VXiBA
r4NYEYkl150
rBUjKlR5kr0
rBwQ8NflHvU
rM9v_gRaf0g
rQqfgulM1Xk
rURae8aqjjQ
rVIJsPgsuoY
rVJXZJAy0Dw
rkuhYBPNPvA
rtbPcOVvCy8
rv7ZJ0FjFGM
s0bY90kQC78
s7YTC7ULFbM
s87pUTNfsss
s8GPn8kk4iU
sJyam0ueTi4
sMr0x2PlBoQ
sRhJaHf6AA0
sZTOIuQmCpc
sdHhqjCMrEs
sjGhgvzwLwg
skXEPxIzR3w
snKVwP1h8Es
srShBeuKAbQ
swC3Ehyf4jo
sz7pvLafMFA
t-OU59BW7vo
t4KO_mVqRTo
tPkj5I8THAo
tXNIMmh6MUs
taGH4SfYcCc
tdqb9MlzeFI
te0a-qr5rO0
tiZkEL6CBpc
tk4JQUkH1zc
tkIMdjeArzU
tkrkV4iQ1Fk
tnIseuOoReM
toG2fkx7Eq8
tq5k-NBTEHQ
tspdFEKtn8A
twFLkoEqoXU
uAWRuI54ffQ
uF-1t40NCAY
uFDe0fTIwZc
uQMXU49l59U
uTXLFtZbFyc
uhRhWNy9LdA
uqCbtwLETZg
useO1pp2-wc
uuvkNKnNg8A
v1Mu9pA2F0Y
v2U6C0MoI_Y
vI9Et-tPk0A
vMZb6iMQVPc
vOPE5NNtUGU
vPCkVkd6TVo
vXQcA2kGABA
vadE345VnVM
vg2H67r3oiY
vibxomX6pYs
vnBaQfLPV0k
vpfQJh-8MWs
vr7DoOL89Qw
vumBcNC6XGs
w0EchHEvB_s
w0ux3Gnjw8s
w6fL8C35Xzw
wIy_hj1O-8M
wLcwrj0KOQQ
wSYizzcBpJ8
wVEI4a7FTGo
wafilsVfXWI
wbVY7F6YJP0
wi4M1sYoLus
wkwpYSbmLmY
wl4_Z_bjECs
wsg0NSpkorc
wvHRGumVXW8
x30Y2neNjp4
x87ejgZTtJM
x89eZK4ecO8
xBrPzNitzr8
xHvs7iEYy7E
xRX8Mu4VoHU
xT48_lAJrV0
xfXnsnJPM-c
xkuXk6s-6Vg
xqj_P-C84_A
xrLh8khsMCg
xtKbd3EtSlM
y5FOrnOWs04
yAXcVZ6ukPY
yQls9Ve9UEE
yaQhjH9Vjtk
yfJGmrUsWpM
yfTNEzw0zaM
yimyVGylUeA
ytT3SM34J0M
z0nM9dBLRGM
z499nEh4yi8
zH_yaDIj1sg
zKZyQRa46uw
zP_QDeT1OaY
zTRheqTXtUs
zx3kljwYGLs
