--awXf5PHaI
-4erlJRpKso
-62J5CMuaDk
-6Swg-Vrhjg
-9PJvIetPjA
-E9sijB0ibs
-F3dx8QsBhk
-FMyPOubsls
-GZvD4nuseE
-KyBMGpARps
-OZl9acwlNI
-Oy5fx6Fv3o
-PWJwSvtt4c
-bAAhnAL8DY
-fpk1m8ui9Q
-fyB-UB3M8M
-g3uplV9UXk
-iQ_IQ7C7uI
-lQRyjynjv8
-p9wFtKjhio
-qlnXODB7jA
-tLC8PzdbQ0
-tmGg8KqdoE
0-uZ4s_huKc
05sdPC9NmNQ
07S9tXw-0RY
0CE7Fbu4VOg
0GzA6B-NaQs
0Ix7YTVZK6w
0LWc-5Ld_4s
0PTB8GLJVgw
0Xj0kg5LJC8
0_v1YrJc9Do
0boHIQr778M
0eAp0yJO7zQ
0hpRjqJbyQ0
0kAdqEC9c30
0ki0So0STq4
0qo9Q9s2_f4
0yV0SttjqYk
0zarXH1rirM
1-7SyOTi5UM
1-JJ8quvNgA
10rhUbJRn7k
119KVx1ojII
11TtHpIGCpQ
11j7PqRouUI
14sfW04ohjs
16hn3KAFVMI
1Ds1-CxeZTM
1IKIllbifWo
1OYwfmRLEJM
1UmjkPcsUSY
1b0GvP2dxgg
1eHE5c9UzEU
1i8i-WIbulI
1kvgqeV4S0w
1rEZSheCbxA
1sBDWSl9q8o
1s_r9Yo9VU0
1yf_xVb_aO4
23WvNtn7hmg
2R4FdpU76xQ
2T9_dOoEcbo
2VkbBBa0tg8
2Wl_YdREEd0
2ZtQI5hoW1Y
2dXGQbBiN3o
2dqHVnVpGzk
2mCGAxS26Ow
2no8xgAAb9M
2oY0T4I7G8c
2pqj0lAGXL8
2uGwT02VWaI
2x4vKzwdejQ
2zlTki7ISUU
3-N1y_DERss
3-WFzDEwQiE
30PfRn27HY4
38PTphcFeFU
38R-OOVfz7A
3ADEZzgA9gM
3BIvQYEZ0tE
3Dn2_8Sb6KM
3HffBysgeXw
3KtdDR4A0aQ
3LPC3InziyY
3QGki8t9agY
3Ubz_E_KUnA
3V-ZQpPY2lo
3Xh05sBbwSE
3dvjEtGimH8
3h5oqmmrOHQ
3iEqbEJTfY0
3jzdKPHeVfE
3ktLKfX5oIs
3vtlCiPg7sA
3wwIMEUSqd8
41_wUlnMakw
41q_cuqVLSE
4HDAY92I2fE
4HePYKAV24A
4J6UkfrCTnA
4KHgTxTzG7s
4KR_8HYs2zI
4NzqlKfSni4
4RcQraATeTc
4XXPPZjgGsA
4am8Dsn5eMY
4bJ2pwO_qjI
4d2uzLbxVTQ
4k2ofgGvGy4
4oLY5M32dN0
4pnHp15z7a8
4q7skS1cLRM
50WHgQWkCmQ
51jBZG9PxOY
52UDNz_WaLM
53Fni6JOMIM
56N5wwu7BzE
5BBz1XmacHk
5Bc9Cul_Yh8
5HY8aF32zyQ
5I6LZNIMxzM
5JTkiO4hY3E
5Mmzbip2Xx0
5UPNWHAsS7o
5dgqR147MTk
5f9Xgqa0Zlk
5i6u89G1aFM
5oe4Nrn9yKg
5sIrmm0okYU
5tO3ZkUZCgE
5u1u5dHjiWA
5wm0AWvpzvI
5zimPRn7lIA
5zpUGJnXgdY
6-f6NT1Azko
6Bqn8gKfw10
6EXCnY2SNOo
6FSYe2XFIyw
6JKTvGOZna0
6JNFWPqXn0Y
6KhLmF56FRc
6hMPiFFvsBM
6jVI7_c6C74
6jXWyYNYQ5M
6ph6ZvdojA8
6xXL5Pr3qbk
73gEyAfTcoM
75JRTjJ-sbQ
75yRDlRAku0
77EAzS6u1Y0
796ORym87AA
7J-_vFhybjY
7Oyy6sdEFkU
7QN-qiOVtB4
7XpY2OjJnik
7d5UpglORpA
7ja09ZUgSyw
7kr7Bkhb7L0
7oQIOwTSpeY
7slGeZoqP88
7u2_Ca4Jstk
7vdC7uAsx3Y
7vnC2r0O5GQ
7w638l6hrr4
7xBT7uhFmD0
7xE7_AleMbc
7ym0kNwzs_o
7yxJoaShbVs
8-KRM9_SIlA
81_cYYEeiIQ
83C65kL-rWs
86jFYQzBE1k
88LP5khKnJ4
89k20pee6Xc
8NkaAQ0sd3c
8PSTbt10s98
8QSEHBROexs
8ZqxLR8fNeA
8cM_Gmjr9d0
8lUDBZPbvqE
8nJfdRJz-DI
8p8qGjW5n98
8pj0DrI5BK4
8qA3-qMITow
8rQd-Opopbo
8vFVpMa5qWY
93_YnqgvYAo
93t1hHqYmUY
9ArmzDw3iFQ
9F7gQCpIZZk
9Jj_WC9Sot0
9NwZJU0MmZo
9OcQSbOXNsE
9Qqz16n3BZo
9RUYHJmzZTM
9_LXTGoHTE8
9_rRbPS6V8c
9cyU-CYhc-g
9jwYhn2ichE
9l6_a5hVnCM
9sbOwfQCJQA
9yuLbkJGVZM
A-3SI5LQBAI
A1L_3SW6ybI
A6gxQDZZzio
A6wfQyJMTMs
A93yF9m6J98
ACBDVtn3k4M
APTKcbi5Ryc
AS77B3gC9KQ
AVcxfRBO4-M
AVoLSjEmUzs
AW9pKJSM_eo
AgfUGm4Y4jY
AhFTkhaC7tc
Apavg-efd3g
Aw2y3QjOGoY
AxDJLpKmoGs
AxVHeLckXqU
B8cMtERsYQ8
BDEy3mUoi94
BHSXdSn0Bqc
BMbw3DBw9Lg
BNuYvMU7eOA
BOG0-Edsre4
BQ85bNEh34Y
BQud9EHVGog
BVs1Td3le1M
BWIpiB2lcKw
BYkDx-2rN7g
BfTi9RXyg_s
Bz83KRypZZs
C-SxLGf7gF0
C1TnA4UO3fY
C1rRq74rrDo
C2pwqpvpxtg
CFchYRzBJng
CLpI9PA0ETs
CNAFdRRHi-A
COTyG1haNak
CWR0Q3HotZo
Cd-BvNgAHpw
ChiBO1HLkPg
CjcfPLSSEmg
ClkVm2_73dc
CpDpJyBtG6Y
CrR0FJB77tU
D-xuirATipQ
D43pOq3p5l8
D495mFyzxAE
D7UI6no_2Gg
DAmOvYzUyvM
DCSF035PEPA
DIrEbEiem6I
DP1vhmrGxhw
Dcb6KWUdF8w
DfkhqnIsiGU
DjzEcx4PCu8
DtI8PJ8UC6k
DuE3fwXPJ8I
E1_OMptllHA
E3Wg9CqOXuk
EOv0yRK3jk8
EPe-BDz1pas
ESRVxT0Z2uw
EV9T-Y8gA78
EVuSlsPeES4
EWuAzgHQCGc
EXhrsrObZSQ
EaAomgaM1yY
Eaxdks3HcgY
EgMnw31rJQM
EjdgjnhVe3o
EqdG1y0OxAg
EwkOP_YQOYQ
Ewz_mJTd6FE
EyxC8k90M9w
F-01u06dmTI
F3Y9gAOdEuo
FFnMvLEk1Cw
FFsggyXkUZM
FHJoeEgcNVI
FItbL9vKAbM
FKAOlzf1cmo
FLWA9y1JVpQ
FU67O_lxgpM
FZlRX1EVnSw
F_R7lzoLfIA
FdRO_Km7k-4
FmBLdn9bihg
Fqw_GkFV-RA
Ftws1uIiZA4
FuN20PlgziY
FvNQ4qG9IV0
FzCsGmTXKm8
G-3dE7EVWWQ
G-vihX72ZPI
G70d_2bvv8M
G7o8vmsFJCg
G7tB4-tMypQ
G9J_lj2WIGU
GCYlAy3KKRo
GF0UaX6GsNg
GKQUeS8iGDM
GLs4nbcHON8
GdgH3GCMifY
GgQeL4wQQW8
Gm7nl9sx2_A
GtpIIyQ1U5U
H-xDPCZ3icM
H3okfkAQaZY
H3wXgHaMAL0
H6fAVKu8o5A
H876RAeKT4Y
HJcHNuawJ2g
HMzYBSL_P1M
HRGnIEeIJd0
HTz71dU4_Ko
HV596HVzBPE
HeRjO27pK-g
HiVToGQ-Ubc
HjhE6pTaccQ
Hs4iIj7xAqo
Huu8lcVMemU
Hxqt2Mtu11M
I5IYEpcU-MM
I6Rf6MUCZiA
I9mJwQasAV0
IHb_LPc0MTQ
IIZd_2pKJ7o
IMr1l18vDFk
IPZRrnsaQR8
IZdxMhQMH4k
IaxvVwIdEl4
IcSxzrnSa7s
IdFIouRN9oo
IjgqwT7Ih_w
ImRFpYrWvRM
Ixrn4MkULJE
J-c_qgT6mic
J6iPfkgS83w
J7_c5dm9Z6Q
J8zxHBYoH1E
JAGTosVhTl0
JE696Mb2zeo
JHhDVOsYoss
JN1H4Ga3U1Q
JN8rWRhcqcM
JO3EypJMsns
JQqH0xvBeZY
JSHNo7R42CM
JSi5zYdXLLk
JX3moQE8xAc
JbhsyLCpx5k
JiU45uEaUgI
JvP_IaIPVZg
JyYiedkiyio
K0fdqRvgpgQ
K1zV9yeW5G8
K3LfjwEDtJk
K3RcZY2j120
K4thlViQl-E
K7P53xUMRPY
K98-jv2kloY
KBsNFuHv26Y
KFLjcX163WI
KSkB8GSA_-I
KdOGY7dUzA8
KfQWhYo_hi4
KfiWBkDe_ro
KpGjxzX86g8
KwmRtWDUoZk
KxE4wS9h3rg
KyIn3BlxQQo
L17md19TrH0
L991OJpGzDc
LHh-yhS24vM
LPRuv0kM-Vw
LSXgRb74Ay0
LZqTwZBE3Dw
LbzyRDN8_mA
LeSQHnZSIDA
LecuDMsobkQ
LfIO8JMRv5A
LjzsuEeRIes
Lkj9prpDwIM
Ll20BBv4xmY
LvOQVSdt71Q
LyInq8QPgWc
M5wgffQN_14
M7_qTRo1Slc
MBeojrJKj3k
MNf6e82kzXI
MNgn4HEZ-w0
MVYb4zl-ufU
McI1Dk69HZw
Mp6K7Wd8UVE
MpG5AiNP7jQ
MpImSD0kWbo
MpXC91oE2X8
MrZPyXNNzeo
MvFi_3OQMPM
MvMwjOAzqiQ
N4C-LuQxrHA
N53BQ4h-4bs
N6AJMs-8gHc
N9AKBpVbXC0
N9vy8IVoH5k
N9zKEO1PyXo
NFvrAqztrzI
NKdsqcm2cDU
NNfvoLEIYe0
NQlRPpqOZFQ
NWdp0TtWhBM
NhuX_POuT5A
NiVxJ0DBoc4
NsY7JUg6l8s
NyXF7BcVPdo
NyssfCle1nk
O-vsEts68BQ
O5BDIxvF8zA
O67ahF0tsYI
OEIqDLhkHDs
OI6g7zdM6As
OKMfb6MuTfk
OMkhi6O90PQ
OPe7dg412s8
OPjmYwvSht0
ORl5Jh-0xNY
OVH7zTC234Q
O_GxlgqnCGs
OdIpU8pbYMI
OeqOiu3IIjc
Oi6095i3l9o
OmDDC1ba4qU
Ow6nzdpe_L0
P5MEA_m3qi0
P9hNI_yrCVI
PDK9SOlEHf8
PE87fc-8Jxs
PF53AQw413w
PFy0wrJ8GEs
PGgIXNjNcck
PL7uEI5e-qE
PRIgAhELBnU
PV9rc9k1Egw
PVu-1yDeAtk
PVzeNJ7PgT0
PX4286XZBpY
Pb95UwiwifY
PbnRa3Uu1C8
Pe5CtH0fXG4
PewC1A-M9fg
PiP4XLpi9ps
PqyyyKID_AU
PryyioYqZNo
Py3-9FyzxJ0
Q2osADFCiuc
Q4myIOIiJn8
Q58rtxf9F9c
QC_KqSRsVRI
QFoSkQUFzbY
QFzLXECVDJU
QGI9MgMOGfY
QGzjOUxT6TM
QIuU8dz2gLc
QLYENq1CSMM
QMYPCCCUAAU
QPurSRrl3Eg
QT5i1f6TlC0
QYafzHUzJms
Q_Qle-PSNEc
Qat5t8dqDfs
Qbbel-crhAw
Qc4W5q-sI68
QenA4HY84_A
QfP1Deu9Pl0
Qfu96xWa-ko
QmFlzKxkJZU
Qw-PnTnxN7Y
R2p0tmZymeg
RHOadEHbUSs
RIQkI3LhpAY
RKsLM2s9Ssk
RNDFBGLnzT0
RPNL4b3Odsw
RY3DMF5vKG8
RZ6_b8MvV3c
R_HMQS5nmvw
RaAc7ai8b6g
RdCVxYP5gDY
ReCQ1IloKb8
RhQaNjWdAMI
RhY6uWssSXo
RkLwDbiJ08c
RmjpBR52LM4
Rsx3hh5XFzg
RtK-oTKtdcE
Rxlm6ywmTrQ
S611_TtCzm8
S6WgbfMhh6k
S7yUzp87cz0
SClZKRnM27I
SE_8CMBe8eU
SGdS3hQC3Z8
SHBdE1aivfQ
SIZDHLk1-AI
SJ4ok6xXPZ0
SJWMTnAjrn8
SSjUrp9e4mU
SWb88TnvUWQ
Sb78iI0qnpc
SgCU3HZV9DY
SgaSNnanQNc
SnB7ZSeLF0c
Sp79RjLskOc
Sqyk4-zhz6k
Ss3SeOX5ItQ
StUmLi_ueok
T-Z_eA7xbLE
T1vNuG1UmZY
T4fxtryLKR8
TBc68ZFibug
TITnMiu3Qlg
TWfzG0qmb00
T_1_fcsrtc0
TcQXj33pPh4
TcmtjONPHLE
TfbolGWCvIU
Tg4QFp0b1RY
TkXKCWaFVl0
Ts-iUfSnfcg
TuI6_jmXV0Y
TwXofhtteGU
U0wtPw4uLMU
U8XpMErq2sM
UE18Hwgs3EA
UIH1KTrRnDE
UJI7xGkLkY8
UJQiiI6yhqg
ULxeaR1JI5I
UMUY52dsVKg
UNlporMPIr4
URVJzyI4grc
UTqGVXRFpl4
UUPDab8xiNE
UWxssdUFuio
U_j-2wXu56U
Uan0O3WNwdE
UcPHyYplU6o
UdJCJkzhXOA
UjCUdHLyiH0
UjnQpQ9wkpQ
UmoMqH5eNY4
UpgaDXvz5YU
V6i4Van-_ms
V6iwYBCH6Zc
V7vezjcItAU
VGrWC3Tqess
VPCxmKObD1E
Va-zvJmGHSo
Vao3p337BiU
VblzOBNZcxs
Vjvv2_5YZaw
VkWgZcMFL1o
Vn2shUg0ihk
VqYSx2BxHZA
VtAm7-POO00
VutaHmuH2bs
Vx5dIec-0RU
VyceAyP62Sc
W54oykRBP2c
W9ObOgPyxSQ
WF44nFh5PW4
WF46Er3-sMM
WFydzgaC-0Y
WG9niX3ujXI
WJCO_PdHopE
WJdzWXE5Ttw
WL2O67OwoVI
WLMRYOvWJfo
WPvNSUTZMXw
W_IHL7yK_90
W_bJ52Xpwx8
Wb0cYR_gZoU
WfgdGM8mwA4
WgXaWtqbsAo
WiohpoaoyHU
WkijX2Cl8Yg
Wx1MI99nD70
Wz34fgQhbfI
X-YHxWr7MTI
X26b-iA2mtQ
X2HMgWRqni4
X3l-NCzlZLo
XAYh_hb3JF8
XBgVijiL6Og
XCzMYay0lOI
XFUTlkV3iZ0
XJZ3vMKA6IA
XLefNoxykuM
XLwKBENkrFo
XU5w3lYh-J8
XUcsi3XkKgU
XXn2L_72Nak
Xe9bun85Arg
XeREqCqK6dc
XiLRBxwcpY4
XoKLB8MUBiw
XypT4ftrQpo
Y0T5TnY0ehI
Y1zAoQHDih8
Y7d_ZLYjKPE
YMTo9xQTYTs
Yak18IONWfA
YbrpNaW9TyU
Yd2tTiIuyGA
YduH2Q0ZDtw
YgfH25jYhkA
YhfbWpLVRog
Yi3bKU1ouYs
Ymx0zyYaEhw
Yn1NUOrddIs
YrwCEctCqrI
Yv49jANr_XI
YwoyhGJNWdk
Yy4Lrahuqzg
Z0WMPfsbqVo
Z2MyvY1tpOs
Z3Jp3a1xxcE
Z3iCrIbnaIc
Z4ar1q4TsH8
Z9YQaIiQsQo
ZHQEPZB2GdE
ZKAVoEJF6oY
ZOCnFzkz-aE
ZSupQgOB4EY
ZVr83VGqhvs
ZXUtrw28YMk
ZYOjYkIUnck
ZaA8oKMelGg
ZbtAK25blTY
ZdBt_UVl2HA
Zkyvpt3_9Uw
ZlNZ_xiMtvA
Zn2MQknQpro
Zt5_4A9Rrjo
Zv340rswK8o
ZxltF-ipmc0
Zz8ivcAnggs
_-7yIorLZ6k
_0RpAfa7Y-Q
_0bHgcwKSHo
_6JtpL0KzHE
_6baSGmxWgw
_9ImGC6DZ-o
_DCK0ENwKwA
_JcFi-3ZauM
_QxmMRwIK7I
_R4-k8fOgAQ
_T2OvUMosMQ
_UHjVFxVrmQ
__m2MJ4frLc
__vzfoNBjr4
_dIUissCxE4
_eCtbDzrWpc
_f7753Dgqig
_fv4Pd8lOzA
_iytZ9O-cO8
_j72HJEn9oY
_oEIHP3Eeqg
_oI6IF9IYIA
_qDQjWe5LxM
_vInYxE44tg
_y6SVkgPD0Y
a0ZdY5tGLAM
a2D32bfcrjw
a3S9EIA7Ilo
a3Wux7Oco9k
aEiauQtCCBM
aHw9dKghcrw
aIZOaU5LF5M
aW4Bb8emFYI
aZ_BD0pZlkQ
aj1vChmY8ss
ar6kc-4w0EA
avigLRUVvAE
awZdNljm4Hw
azYDTNUefA4
b-V6W0MUMuc
b6Wx0flIVk0
b7EDiUrjOOA
b_e84dOySN0
baCTR1TyQRA
bhgTBCSFtl4
bjFxK2nXGfQ
blflE6nCrg8
bm5qqvzxdO4
bndHyV2A4b0
bpys-r8F_9E
bxfEFnvDMq0
bzsIwizPjzk
c-iEQvDyA7w
c3BK6d5xOJ4
c60Sp-sUSFI
c6MVJh0NJtc
c9_HBvOVTNQ
cBZoCyOiO4U
cHGPNl9Ctbg
cH_hy8Ap22A
cImfV_R9etU
cJ1LVa2r5iI
cMABV5sSxhg
cNUvZH-4-60
cOx4EvqP6MM
cQGDg4gxJZ0
cRcLdVZmPyY
caZAj_GxCtw
cisT9gSCGPo
clMUWBHgKmQ
cmiOiFmYUBk
coXd2CRbYic
cr8sDL6uHFs
cyO1V7qZ2aQ
cz-nDpjDVxE
d0qMs7lv3qg
d2JEJ8jRkQM
dDnWeUQvsoY
dFvFm2YPhX8
dIkMkPla-LY
dL_ucc1w9AA
dPATHBg5-zw
dQHX7IDtbRg
dQko2fe7cnE
dQxPyWFlF-M
dUMjiyuzP4M
dUemkuXSPP4
d_GB8iYCZag
dbTltvImjK0
dcHhvo6CHBA
depIIGcvUoA
dgTCxEKeJwQ
dhBNNEVu0yU
diO_Dp-Kh6U
dkMei-iXicg
dmjBzd5IgOM
dqfAOCAfWPM
e-8KkgLT4JM
e-YEgfAf0U8
e1fAOw6rJ6k
e3PjAYfq9oo
e4U5L8BuqdY
e7etWldTlnU
eNUJ83_8hy0
ePME0BJ8qxs
eQ26UA7q27o
ea2apeJ8MF4
edAV8qO5kI8
eiORPmD5jTE
eoYMvWgshws
equsM1eOjE8
erTzrnvPMWw
ex7zPyOWWmE
f-VHwS2N-8Q
fAIzpxIKagI
fATMfS2nL2k
fDopfXweTGE
fFMQnkgMeE8
fJlxSsr3SXo
fLGCoi22AQo
fOzJtIVOS-k
fU7kkq50hlA
fVyuFZmwVRg
f_JC_MbYMeQ
ffnWyocDoTI
fgDWxfKQOiQ
flfrGIGEBi4
ftrCmeiK1OE
fuRDzZ-iXY4
fxmQFT9ZG0Y
fzHRdHLi6xg
g1xRoZ50Lao
g3wD-JwydWc
g3wlsZxEGlA
g41OGworGKU
gBdR3bNNr2c
gBvdZztuChA
gCw4iKzCEhM
gGRJUKK9QU8
gGz_wn_uodo
gJvfRyRr-6M
gPr5XR8KgFg
gWCYkgWcaQY
gWod9CpNpD8
gX0nIsjvNVs
gZuUAA-Vstk
gbIU_8JnJl8
gi0OWsN1oOY
glqa6QIg8y0
gqx5CGH6THE
gsUboxQE63s
gss-VOqlCaA
h-xOe3b_dR8
h4hD2AYtv5c
h6OJdAG90ow
hAGo2k-He2s
hCWEugWvNy0
hCuYuVTtWe0
hEC600ECtKg
hFYUL5oxdGY
hI6xYMa4Gbs
hS5PR7eikgc
hYqozYcTZG8
hZ_cegsvmJE
hZwayBsGfus
h_5vkfcui_c
hbSofQuNW48
hgtWYQd-znY
hjcaBz8F__A
hk96mJmm7Ac
hm7YMcjUX38
hnHx3klVPRc
hq4gItkvu5k
hyjILOAvGZE
i3XyUgoZW64
i3mZvTcGg4A
i7b9zm6ERro
iBK0CqywHgw
iD_GUXqJuuw
iEy_OGS7myw
iFAJab-61Fc
iI-g-7Cm8N0
iKyvXZYkew4
iOdRz7flTkE
iOiAvPbPQrY
icRXJEU3vkc
ikLpUQfjBWs
im_wq9krQtQ
inYCxYayjKw
ivWINQrJK10
iyXOsRdbraU
j2sZZ6zQKLA
j32ZRpJh-CM
jC02i3rwzMU
jE1S9CYkMNw
jKNHOl4RJV4
jRQNhouoioE
jUOHPTLiBgM
jiOSlnOl7Ok
jlYSCYBmIXk
jtElQKsqoR0
juENNu_qQeE
jzSvXKb5Z68
kCYizhBN9jo
kCuujSJohLo
kDOCGcXZft0
kDphpmY9Nig
kE1r3Sowc9I
kM6bWXmBS-k
kXVDv-_p6wE
kax4qhOcuMU
kempIlE4tfk
kevdGLD3NUA
kjVYZisTSfM
kjnI4dxWGWU
koNnA_FTHv8
krOJrX0fCLM
krdO8pkUI4w
kv6nsqL00sQ
kx69OAytupQ
ky3N6TIeII0
kymo13NQ1yA
l3RM6_p2E4Q
l6Ue9WcKkVI
l7G07x7p2uc
l9azgHEr3jQ
lD5GRVY8S8E
lDbv9ms21V8
lLp6wzvlY4U
lMzURDrsNJs
lT13F30U2m8
lTgg7oSroOs
lYPYzRMiEMY
l_6QAoxSU0o
lacNUjy4quA
lmIWH6iczz4
lnfLD_tnjO0
lp79cv2yCDw
luYPPLiHFdM
m3O-ymerjdg
m4XDPqMBmK0
m58yPBdQUWw
m68t3VLshgw
m9JFHUM8VAs
m9N3uhSq6IE
m9y4Ss0tw4U
mDpLqJT4v0E
mFp0VOkzCRw
mGcRpaWxYP4
mH4NXGTR7Gw
mIV8-4uGiWU
mJFYkQUElcw
mJz_uuISOis
mRsVjm03osE
mZh8x2YlZd8
maiU2ymgrK4
mb-kG4f7bg4
mb2v113asNU
mdJ6Prd5K-c
mi6FoWtTBu8
mikK0eRytS4
mlQhZp-p5lg
mmcMpKK2mOY
mqVYVwMpAc0
mtAFkSsEe_Y
muKr7ylMisg
myYkRIGPU6U
n-TBeT_bTfg
n-dTVkpnL8M
n4dXYQp7fCM
n65GhnCKDkE
n6ySSXXP_nM
n73H3HqVpU8
n9Goz9fm3aQ
nNu4JwcJc8s
nPtsqCzdMlg
nUb0vXHgkFk
nVr1BjNF97g
nXl-NtCicho
n_AKYsi0NtY
n_P4Foz0Ang
ncKwlP3ANQE
nd2L1VnO7vg
ne0PKKxVenc
nl3WzUA6f-w
nr0-FLsYvLU
ntL4R17SCWs
nu4X3EfDcBQ
nxHz5ySP0bA
o1AFkQDE93A
o37v-UlQeis
o5kB8J9kmPA
o79iD7NimZg
o8EHwR_LoEg
o8FxNSqQfXU
oCONYP5C0Kc
oFCexeFgq4U
oIpfRI-aa68
oKIe6aEdueM
oPDvvEy5tzU
oXJYfpHERG4
oazEo-V0wfc
ol5wQWKKGoA
olApGz-BImk
os0tijB7pf0
os3MI8QnC3I
p0QGnQ9etPg
p372U1ySLQU
p5FxnVdcz1c
p9e7vklIW2s
p9z2e1DwBFk
pCC1oYlCMt4
pD9ZJoIr2NY
pNmJgerdwuA
pQWBMXNvEh8
pRHS7Bw1zBs
pVHXRnemo5Q
pZdmTlFkQ80
pcXnbJVR3J4
pgDk1unWVpI
pl5cG1CECX8
pnLfeTKWFkM
pxJLNFSpjCk
pxn8jt1PjP8
pzcSWj45gQ8
q-C7m0D3PuI
q036UTGyuKY
q1guU2Drc8Y
q1tJdh_s-9M
qDKeusCORm4
qJp9UcQHjrE
qMWFHKqTA9I
qR2YI64LByg
qRUSoyuh6YE
qZYHG492D2g
q_auDztwXp4
qahXAxlZFDE
qk6mcg4IXq0
qlvs0xyqtPc
qncuXo4l6NY
qqWtLd_H5zw
qr1P4jr1eBM
r8Nk9_oxpbY
rBKSNrV-2lE
rIz7fMYBneo
rW1Mtk8geLQ
rWu94irDkUQ
rX7Y72fR-i0
rXnFgpLSmpA
rY8jRiZEgHU
rcL7gOgYo40
riQ4vj2fiq8
rkE2MNiqfQU
rmVGvnLMo2w
rrPmwSOc9Jk
rzhow1dEVmM
s03L4d-i3Hw
s6f1uVLgoP4
sCUQs5-X-rk
sIOrdso9HBo
sMQigOpu8bo
sMS6kEGmH94
sVSSQielAk4
saH4Rik68TQ
sbdcrt_yOU0
sbjSt1IAOdY
sfhUi8aHywg
shzMi6LklFo
ssuPM-kP6tQ
svnf4BBBdN0
szple16YmH4
t1VRYZwUIq4
tB_blg58-oQ
tErwRPN-49U
tMQXG1_XEvM
tRPJxWxXC2Y
tUerpm8xXkk
tWFnbS12xAQ
tXXX7Q-iP9U
tXew6Qe92NA
tZGza1H6l2c
t_wfokB8b2o
td653k7_FQQ
te4rcxP5wPc
tfXWclJcNmI
tgqMQ5h6bPk
thGHxhCAbDQ
tr8g9JTS7J0
tvdpCX27ri0
tyWgLbe6Gbk
u03ZNmZESNM
u0QeMMvjZfM
u26vlLDDXD8
u4LIUhqHc_U
u5ukmA0blgQ
u7zRSCiKUws
uCzXz-R0Giw
uDA9HBiy_LQ
uDJwSQmyoNg
uENzpXR_jis
uE_IIoPH46U
uK-L5j8WvZk
uKVPEp47jFI
uM3tFe7fSw8
uPztRJ0ILUM
uaQCh2DpxOI
uagbDKTs5h8
ucNtWx1xUiU
udOWsxXgJsY
urw7HLScB6s
uyQw8NTtMuE
v9iQGeihuBI
vAgVEhJ5cjA
vAtyj_Zkl78
vBkTK58utrE
vCp-0HbUiTQ
vLx-cgJK7Oc
vN4_wIvLPyo
vO4ONWhu85U
vOEXBr4149Y
vZnshDwstWM
vi7uoNZMNlk
vl0uN4O3sp0
vn0KmNvOiTg
voFsDn8iWmw
vp5AYbU_4zk
vqXWvngKkz0
vtYa14LbYaU
vvXZBXGrx38
w--ihVHcJVQ
w-HGuJhp5H8
w6JWcaWUJoA
w8C723OkYRM
w92ZdJvvYP4
wEGQTnxq1YI
wINYRYSxic4
wPXWROv_nto
wQzG--H9YMw
wSNYj20jYyI
wT2gfhZUmE4
wgW5_DnP60w
wrXWpvxDTNM
wzAc8UCPpzU
x1UgEarzfHE
x6sxwjRGSWs
xFdZpZBTXe0
xFzViaiX9ts
xHLZ06ETbtI
xI8xLARWVKE
xIf2BmWzCz8
xJ1DPnaTYYo
xKL1KZgWASs
xMKbcBT5rv8
xRH7TWa84Mw
xShSILUTRJs
xYY4FExBk8E
xbOrVGGHbZs
xdq1nvpmLgU
xgE6yFNnkvI
xhiOrR57Ao8
xi3PBFcPoEs
xjJomwpyBOg
xxa_LHYdLR0
y0H-o7tCG4k
y4csczRXthk
y7_uL9M1TSo
yBwe-sKdBtw
yGihqrU833w
yQgn6kcrk1E
yS-A6vuEaA4
yYQfXcyFAso
yZmVYijf-Zg
y_89lY7tmMA
ydkSfzx_QIA
yktHuY01mOA
yw_7WTN2M-g
yyIBxyo5J6E
z-TPRwv-dQY
z5c4z0ilTI8
z79e3Dz0SnI
zBZblYaygxU
zGYic5Z5_vg
zIzKq-MzalA
zTD5ChXuIzI
zU0oGYzt1eg
zXhOfAlcyfQ
zZiI72ZCyG8
zb-l7hM3lig
ze6Yyiqtfpk
zfjdsoLPF0o
ziX6535t0cQ
zrCWcJOBeXg
zuPP0CMzKRI
zvtjdYLnSrE
