-PZ39mQEVs8
-atpKjl5QS8
04Opk39lQUk
0w9Qflej0jk
1Sqlp96MB2s
1d8UDxVpnnw
1sUhvUHSF2g
1uLCLRIKyBE
2Aps27DyqhY
2n2kkmzVpnE
3G_ryVcbDv0
3zQ9fvCa6PE
45fkxyaMcZc
49wOVMijeqw
553Ahb7VS-I
57mn8WjazuM
5VQf34aSJpM
5jojPXgPWJI
5osqVHKjdwQ
6rGcuD-yLyA
6uEsrhKtJ-s
79TTJmZYCPU
7vwFHXKeQpQ
8hG5GPZgI58
9MaeP5wY2mg
A-wZgJUbg5o
A_gmIETLQm4
B1z0TxAV6hc
C1gevZoKQZQ
CAFKVCgxYws
CGYRBbnhDCM
Cf4OvdfxtKM
D-M161aThNU
D2lXaYIbWQ4
DWeIVNS3w20
DnEaREe5Sjs
EtYzUu8H20M
F9r5ddmUY8U
FL58F_8u9Do
FjQXZl1aI6Q
GUQJYq2tAGo
HVHdekHEyIE
IAWtl9kq_z8
JJT6XF6fHIE
JzO3RJkZAfw
Kc5-VEuI1Dk
MjwbfrqHtU8
Nk1a8KgB5-c
OHPazNPL2Kc
OHwiwazmZBg
Orw-s9C9MLI
PelH-Deua9M
PuNde55px0c
RHa112bO2bY
SfsWF6ScPc0
Tnf_GLHxO0g
Tz90Wbxvhns
UfyU1D5HNQE
VBpId7fc4yQ
VKkOh3wvjNg
VNSfbIYm2t4
Wz1Hngipsew
X2qbQ8Niojk
X_FVpGr4P_M
Xs6qmr9Irwc
XyCMTaJha84
YGi076txvfk
ZEwRZf8h68w
ZUXazlGMRqw
ZW6irxMtzoE
ZhTn74gQOJ8
_0aVgbiLUYw
_7fTfx1q8k0
_XAUD7fpSNk
_gly-O0UUKk
bVPf6cSvJQA
cPLxZkEHQBk
crddEStjd8o
ctqlExoLuaU
cts8xZdj-Ao
dab8gT5Mt-U
dgq4K28FYZs
ds7o44YkAao
e064kko_73E
efuW1HNG9-w
hHTNqNT9cYM
hQioR4yb96Q
i3x9Wskm3XI
i4kLet4-vXI
iu-qY90wzRg
jKNKD9Mv6pc
jOJLXMauzGk
kU-X2fZIIs0
kVmQmS4RFyE
l3tTsglbpJs
lzkbpqyIZR0
m58pTWswIcE
n1vFBJBIOIE
ndQvo2X-do0
o-SccIVO80k
oHUea90FCII
opYB5VVAlwM
p-fIlGojFqI
qrlUFMmxRMs
ro7iuNmlyv8
sX8FOjHMksI
sdiOj6edeBA
vOmZnjG62KY
vScuP4Qz0Qo
vTuxm77tpxY
vmidwrPD9t4
z22sgwWATgA
zniajanZ7U8
