-XXdNLjK60Y
-kBbgcIPfIE
-u1FKT-jJSw
-ywLMLyILyo
070DaGhWyp4
0Ick_RVEzKE
0PgBbDfAGRc
0Y7fEMna4s0
0p0hQV3NEoY
1U8_TDJI2oo
1X79eE0YsZk
1qjqidkQgeE
2G1csSEZb5o
2Q2GveugRKg
3o0HMCCDTH8
487XaMdn8Bk
5B0bFBn-w7Y
5hgLZbcvyr8
5x8PbPp-d44
6piBanjOFwk
78q7UV3O-2o
7BjpW1693c0
7Et2hXYwmb0
7q4CXTYel5c
8NeoTUh5F_o
8OEK4xgUoPM
9cvlyzExOtc
9lIqv1d-UoI
ABtoZKaGDjc
AMmo8xruk5Q
AcmY4K0I2pc
Ahz2padTQBw
AncBpmz8bvQ
B7Lw23cUQ4U
BUsx-tBorxw
C3DbKGq3m7A
CIB6Cu_Z3Ac
Ct_QUDznUY4
DWPws7g9gqw
DftGZgOWjGw
DqZBMFTsgFI
EFiDN82k76M
EM2AupqhDAk
FW3rymDx-Lw
FYTQOudQ0SA
FZ5uO3ElceA
GUwoUvnD2Fs
H0DMwjwuAzY
HCkZ31MYXc8
HJTf-Tu_P7c
HMfuUDORXUM
HgfTcYm8iIQ
HuGgC_83TzI
ICX049fpB4E
IIv1GkcqakQ
INFmgndNiks
IVqL3CHFDUc
IZas0cVQ-cE
JUCWiVftKVg
JWy8t7gt4Jw
KAL2GnrW5y4
KB0bG44MziI
KPwMlgtEOl8
KRF6x6_UMA8
KuPwU978a-8
LNZcELveAHM
LVWesLnE4oE
LaWgHuwtwoM
LsCudBgI4pg
M0LCFujja9Q
MJR_XDUfWg8
MfIh7pH71CQ
Mlo_gr0AUZM
NXOXuV4wPIc
NZLFwb43f08
NargSAKR3dM
Nau3q13TGuc
Nwi8SSSXGc4
OxYRPvUXYZ4
PJX3WLkKrHs
PK7-MauIpBo
PLpDavtgZts
PMLDCNQjOI0
POeTOAAqGis
POowd4DD7ro
PTXjZzDR0MY
Q2wAKd3em1M
QCV3Djp0qI4
QZHyg3X67vI
QwJU4hfGji4
RQE1snRxfrI
RYOkdLCcnAA
RqsZeUEuLFM
RwYau6xGxzA
SFbeHokYNlc
TYclBHaw6NE
TgvKNq8W5yM
ThUrFOxGxdY
TkQ0PeoXdbw
UMpv-i0hRJg
UdNuTtXdPic
UqY-yZW55r4
UsewMMn6Cvg
VBZ2V3ljs2g
VmwA07nK4Mw
Vn-NFLIUfUA
W6AzcM_0ut8
WPTOmPcY0E0
WUCvSFlPul4
WvaqDh3wWXs
XgUK0SKGiVU
XiGZdFgiENM
XxBv8jPdefw
YFBTLVpsVmE
YmQuNaDzEhY
ZFl3jgqfuzQ
_63eF-V3Xzo
_QCCxYqrIRo
_ZWku0IMTmc
_nSkTb0LASQ
aDQZNtGUti0
aZKOoc4-rQc
afk37x-heRA
auK6yr-bztk
av3PIyk8ARs
b7xCsR5dg8M
b8Zk5XCGbAI
bz5Mltp1QzA
c-S5qoosHtQ
cHAZ4XStGaQ
ckIPEUUf3HA
dEBlbdz40fU
dJUsztzwYvw
dTLLvgxY9F0
dvxzl7xT9R0
eNevqVvHHW0
evygBBK05Sc
fEhmUhhOQ18
fFnq80nVLMI
fY6vNcdagH8
fg9xOS01Ct8
frT8GHrnDAA
fvo-cBoa_oo
fvpYehzKQLw
hdrD46qFJEg
hjxVH9Wr45Y
i9srtJmKYLk
iHA-XoHWA1Q
iintG1t9GYI
j-y6ffl_iwU
jQ_CqXjIYhc
k4e1RobRXFc
kQh6eiWaRm4
kSbvpTNab4U
lCWO1dEUl1U
lHQBg4Syl6Q
mbgexL13dhw
mmhJE7PIkZ4
mpqzEjyYGl4
mycYP15o70o
nFY9ctQmBU8
nQcl9PDwUk8
nRCZ0P307VM
n_4s408uRXY
na0rQw7UZdg
nk87iyRufqs
oLiKG8yG7k0
oNSIgYTVa7w
pGmeRcHqoGE
pKaFxBKyjN0
qEyYLBhMw58
qVTjqnExqA8
qYfvLtPiyU8
qdWlD8fv_FQ
qh2ZFeuDhsY
qjlO8nNkLuY
rM8r7TOVVE8
rQPXBcfxn70
rjUTVsaDjS4
s39H-TR3fJE
s9IPOP_PVC0
swErJLs75Y4
sxm9NEpbX08
tmoH3dLJmIE
tsRJ2BVJ5RM
txiH0taXSs8
txmz67PCbns
uHwxjUsxygw
uQF6pQQ9a84
ui_bHcsPdMg
vR98F_DRlE8
v_G-lbtztP8
vnCIwIW9QyE
w2pql32i7FE
w3BwyK3edaA
w86VWHAw8gY
wNLj_923-LY
wQUjxZmyQo4
xKowFnlqMQ8
xahP92gI5ws
xqARTk__xCk
yEDijWpVylU
ysiGZjdK_d8
yyAz8sCq-p0
zGj-2Lu9KjA
zOCzhNtAXKU
zS7DD149AwI
zpd2ddRUOYg
zyuVC1js3LI
