-DASOYA1i5I
-Gz1PbQH2H8
-b7A67g_-b4
-bnfA9IfZBo
-m92zAVI_uA
-nlrZD1FlzU
08I279pJ5tU
09L3QBv1Ggk
0DQRhfnbBO4
0UifBpsb9EY
0WBr6Rj6mTM
0XYtqdt8vwM
0_Q_7jlxjQ8
0bITXVNTB3U
0d7i3TMR7hE
0iVLkAyu23Q
0q5RZdjwim8
0qUzdZaEf1k
0sf835MGTQA
0sjajxOYIXI
14P3LZUZcvk
15FKSDTo-W4
15T9UEpFR_8
15VB16yUUK0
16pHLEDRnAA
1I95BVy8tsg
1IKu_H0li2E
1LP4oJcMOO4
1TvcVqa5-bo
1_A8__3_k3A
1avHWNQIFuo
1cfya7OCY2o
1ipMxm4XDFk
1okCiSfyZyM
1toLA0fw-OM
21akYDYGF1o
228Pp8QM7JI
2CxSHaIzKsU
2Go4EqE3wt8
2ZNrR4HZ3lQ
2il_qRwALrQ
3HsHNlmQvJQ
3KW1bV9bhdE
3NwCpJ9CZF4
3VdNNO5Xm3k
3Z-U4Cwy8tA
3_revx_gvi4
3b8uGegPux4
3yWpHBQYX6o
3zUV1gBnCRw
4-CouGueIyg
42bNPjue8oY
4CDKKZl8nm4
4E0-oW-OFQA
4H7ZWdVVOoE
4ODjUbMHT9Y
4Wgnz-hpI50
4aDw4-e-ZSM
4hdP1A5aENI
55bpJgDDt3E
5Abzn9J8GiY
5TJ6OmzuQVA
5bd5aEOvD3A
5fkyfc4wPpE
5hGiiNwg9qM
5mOZNLtYFo0
5neoBuOo05c
63fpXU7nG8c
6A0dt68EeEk
6MPJ3aXUSrE
6QIk6256oeY
6RKsE7XPewk
6T8vV7XdsfE
6XaOktV8mA4
6qtQlkZpBkU
6vh8QbE1P-I
6w_hX-XWwdc
6z546yW83Ek
77pZwut8eOU
7Hg1Oyy7jjc
7JlrMa_zFYs
7KUzMa0-PCQ
7PrKjzZIOvI
7SPZV1xrHoQ
7XoNPA978W4
7i9GXnrklLk
7qgScP92QKk
7utx3fIV-q8
84RQgf83BPI
88J012VsguI
89Cjts3XKfo
8A-waM_0IAI
8AM0rr6VMkg
8CW6SHeQ6RE
8GTV4mUu_GE
8WnzxRs-3V8
8bzyu-zCKI8
8fo4STfDlZk
8hpUJFE5Zsk
8rtFLaihDb0
8tSgWlDUqkk
8xQYrZKDkaM
91E0gQ69OFg
9DFuzB7k8L8
9Ene6nDV158
9Q3MJ03mT40
9UN0BXRI0Yw
9UX-rWGkmX4
9k8MvhNE2vI
9kJHs1FJq3I
9oM6Da7D2TI
9uUk_aOtNiM
9zueGqMCjGE
A0e6qK-3N70
A1JQ5FMu96k
A2p-xj1CSCw
A5fcgs10_0k
A9iC9PbnUes
ARnV0F4EYhM
AUfClZuWBiI
AUuGjc1Xkv4
A_SDKNIDoF8
AcO9SavNbUU
Al8LjIqy7vI
AmBAetAkZ1Y
Axft5qjvZy4
B0Q1e83FRn8
B4m96dWFSC0
BC18B7dUzes
BIpvdMvJWfo
BJ1KmLbfvMA
BUtWnwAuENo
BiQTvKzQazc
BvSu5WYNmzQ
BxkFkjs3EKs
C2eLHK1QGtU
C4aIsrhoYSU
CE-fzTcTpvY
CGTtQssNHfs
COkYQ_9FjQU
CT-Q1Rhqkzo
CVhOE5YqtYE
C_UNsbK2NmU
CdxDVCQSmFQ
CjXoGBBIr5A
CrD7lRajZLU
DJtpce1Q_-o
DKMQbTIlnAk
DMq8WJ28Y_Q
DQ2JBLYK7cM
DQVvjVzwMbs
DchRvVbMqkA
DhYwThkDc1Y
DkA-xJIw-R8
Dsho9VKgpgM
EDKM9Uf_J5c
ENd3y0IjsmQ
EQuBf0x57rY
EvhVLYo22AM
F3ducVbx-og
F6BiRPJXTIU
F6I_-BWwEP0
F8hdXDyVW6k
FEsm_85sYZM
FTsPKdsgVAQ
FV4sXMTRN5c
FX9TrV39uBM
FaQdIxg01tI
FcK_vtOeU_4
FfXNmpCsKC0
Flnu09Y0zPY
FvQq0lMXXws
G4aqMbilkow
G95HPHEfKvk
GD93H91N8F8
GEfBzfsq8Bc
GOK0xbIXwW0
GlG0olqwZYc
GqCAGp8t5xM
Gr_k_TknBts
HGOJVlFaPo0
HICsf7rEyCo
HJfVD98x0bY
HPX2dprC43g
HVKFo5KMWuk
HVNKMuzS9DQ
HVNyrfEMQAg
HXtdXWbKjwg
HZZ9I485Z7M
HdKQc0_TOUI
HgzlCPpfZrQ
Hh917TWOGSY
Hkp9BfCyr0A
HlWogJG3QX8
Hsal6K7Gd3M
HwdoKr_LUPU
I1kefsFehqY
I6aYOm2qafA
I83IhJ6OXTw
IGc6v3k5RC0
IHzgbwqfOts
ILDJ2I0QVxs
IPU6RgwpbXY
IR-gZgFafCc
Ij_tIHtpz-w
IrCz1oKoPrQ
ItqorKjr4WU
IySdWlU2RiA
Iz2YGB9I1c4
J3ty5ypgSeg
JR-q3ulSD9o
JSyPeDv6e_8
JdpKsX0TjVI
Jeph1s6o5Uc
JfxHMR19TPE
Jk9fpZjUfvw
JzgcOfz7Eek
K4FgXO0y0MM
KAoCnHi3RzU
KEKUMxREqJw
KF1saEzgayU
KG8xsk8bdaM
KTFtYmiAxcM
KYRjbMp-KTE
Kk_ovGlzH0U
KpCRaHmjKD8
KqZXLTAbnRA
KrWC_NxDhx8
Kue-63XeMbY
L30cHAJ5gDA
L4PD0daZ2DY
L7SYuGimHLs
L8dRtQ7cvHo
LAnwH-A05Uo
LQ2aAmjuXIE
LSUZlPC02PQ
Lc5Qvgvvfyc
Ll9HTLCwFiQ
LoWCMzHWlRk
LvXq9YpU7xo
MCLO_NWtamo
MCez5GSHeCE
MEERieo7fGQ
MNRKyj8qt5A
MOZ25KKbAdA
MeeeNIqpvnQ
Mie4n9MkeOQ
MoRAToPA_28
Mp9jwtseVbQ
MpiKJ9Qe0zU
Mr5y6yWtYbc
N-ao-83TGUQ
N19QHuaOT0E
N1phWROd36Q
NH9X9KYAk1U
NKsPziXA-qU
NTY18_Z5iB8
NXfNGBeMJfA
NZAvVK0Exvw
NhOREAinNl4
NiZ1c_ollRc
NtRJ0TmzXos
O0skJIEnIKs
O2RD5X1xRQk
OC6S_6nFwE0
ONjtpGsM3b8
OWdrlhPJNjo
OaJKf3NAKRw
OdhR_cjgow4
OfqOsVPTbz8
P1Y_ERhKv8o
PBBesaCMP9c
PQIQPHWsTjs
PWkW130KDqk
PclWJVU-OWs
PduTeGkpREA
PiilD4qf7fM
Pj_ZykQOFkc
PlDQAlgqyjk
PwHyhz_1_Yo
Q6lWpQFQ0jg
QgnOErtt3ck
QipESxcH08o
QwvvKD_iTwE
RJX_l69gNHs
RKu2ChYGL-I
RL7fybhprNA
RSRxNTbIKlU
RUixT1d2lwc
ReBP98oNvDk
Ry6UQjFvlk0
S5ivNHahYLY
S9ZSzuj1UpA
SD-Z-dGrxQI
SEDwrtPU8Ss
SIowqv4XYNA
SIyRK8IFYs0
SMnYKBoqRzg
SPEjSZVH8Cw
SQj-pAm6vAs
SU0ffcfXFac
SUz3KuuSD3w
SVqx87b0RFs
SdXpF_57NZU
ShZj2dhoYhE
ShssglI3ulc
SiLS_WhkcVs
SjeolgXtBBA
SlMKhCBFq9E
SsRLlBBkaSY
SwOOOkbeg4Q
SxnXHIlxrWY
SzAnXMc6krE
T1c-wHJtbAk
T1xVYHym6_c
TBwy44UZpeQ
TCTfIBVeV8g
TDX09YdJ7Vw
TE1JkI5JtHU
THb6KziSY-Q
TT9BYJjRmJU
TTdl9eXfzJY
TW46GGFeqOg
TkDOmyI3214
Tp4pr0Zq6-0
TzSBdcfDuzQ
U-e3BK06Oio
U0Jptl9-y78
U4JLMp0c8Qs
U5nfNGarycA
UB6s2K_0xwA
UEE3JwM1ejQ
UIdFIMBXUts
UJ0JDJqCQH8
UKYQbm169uA
UKit8tJa2iM
UNTXO39vC00
UQXY9fAvQ2g
UWMu9nqLMLc
UiLpaYAQb9U
Uv4JqqZ0DFU
UvW6t-FbiRs
Ux17QOshngs
UzAMqWAgMyE
V-EmjnS1DQM
V4ei5mw6RNU
VAeTBL-00HI
VCO58jjOUPw
VS7QHfQvy54
VTAqoowprmY
VakBe3SFShY
Vm9f6U0CSX4
Vv5f_JS_Xps
VwELHRniD7o
W1yve2d9VAI
W2bV3kRkDIg
W58rX2qe4Ho
W5CxvghgJIk
WIQFEQGxbIg
WPqebu7RV4E
WVHxUXM9kGo
WWo9r3owSpw
WYyZNuEeX1Q
Wknq9GkfFHU
WocDnnU_Q2c
WucZVuUSPa8
X6fr5tUW7to
X8t47y8peAE
XAa_lhE9vkA
XJkbptJjv4E
XMjozJhGtkc
XPqggGNBeko
XR2JAS_WxsQ
XRZK2VaOdN4
XWOFpUs_waQ
XXhag1mjJkc
XZK0VP1A9Jo
Y4hn-G8o9y4
Y7VhZ89ByBc
YBvatjrd2Tg
YE-7Jxf8MLE
YIIUPF7nAg0
YLOu0EiFB6M
YMW6556BAf4
YQyQiGwaDK8
YSLyS4X63kQ
YSfS8gdadrc
YYC0-9Unovw
Y_kUBUqtQco
YanqvRbOSnA
YfAB137QldU
YkwcSdEz2h8
YvwrNhlqJEA
ZA_SXyYZNUc
ZQtUK0Hwv3I
ZSM8DBzSxt0
ZUUWJ10ZY24
ZcClvOW6cjI
ZcIzBV81oDA
ZjQqJvArlug
ZkmyvECTLtg
ZqoPFqxHJCQ
ZskTdH6UiDc
ZtEkU61a0yM
_B-2oG1HKP8
_Fh6cGKE5sY
_LXnXQbqRMc
_ZGTpN3UKEk
_ceTTojIuZo
_i5_5n_DYyI
_j13ctFfp_k
_ueFx1CqjwA
aAfmL2Of1zE
aNpuuEJ4Ks4
aPAfWS-NcJo
aPcTygKIpgY
aUeoi7e6afA
aWYsx9WzYOw
ae61rH5xeOU
am6jRa5WPuQ
asFXD3-mYM0
az_XRcTsWZM
b7pQZu7bCXk
bG-dBcLht20
bHQLb62fJr4
bYhZF8butxY
bdB0peWcXE8
bdZoSJFZzF4
c02AbcOD8FY
c0KOZMjiPEE
cKu4YNCSOoM
cN-0DMVZ-lE
cN4K5oTPuR0
cZ5dGFk8ork
cbiikbA-fKs
clQwo_3MO8w
cpAeqthwT_I
crTU4Bu6nuI
cslD8_noyTo
d4MlNbqYxY4
dG07HuDcqP8
dI6QF_Vz4yQ
dSMM54mYSqs
dco1UC7GXSY
ddG9bHhJ_Bc
ddW_KyoWnN0
doKSj56mPqk
dqdrU79tev4
e6-DPGdP3QE
eCULWlhD6eU
eJfNm06bv84
eM-zigUdyFE
eRGr79HX-LI
eWYtV96RVgM
eWqfs-BI90I
eX31ZmCfcqE
ekVON0kD4zg
erW4XBAkMk8
eybFXuP50jo
fBNMJ6G0ivE
fCWc5O7LLCQ
fIPikqWDaL4
fLAa5tS9f2g
fVSwQfX2KZk
fW4I7Rd9K9U
faTOnM1lyrw
feCrMm6Ht60
fgtDdJkE3Dg
fi_SWMB7D_g
flwa-NmE_UU
fp5an6nNqjs
fxBU_JOyxww
gN2Kiix4Wto
gNwg5qnpdcI
gTkgaADgZY4
gVgjUskt3J0
gXT237_Yyow
gYEG28c5PTM
ghdrqOtmxvA
glviqzKOYEw
gqSSiO5du3Q
gsmCs-iOeY8
gsvcgJTIycY
h1s4g-Iuz8g
h7cxEiusWTA
hEHE4qWZ7oA
hKK_Bs3Jb6I
hKPrKJc9ymk
hKs4k_ULE90
hWVTRAJ6djk
hWfL3LLNlas
heD45kK116Y
hlBS5Qc9gqA
hqfusOUAcwI
hrBLuMZCjAo
hrvn2yIGtpQ
iE8hdNu2Hx4
iSpxS9Drc8c
iclvMV44Q2c
idNGP-f-3s4
igGi30XpRRM
ilt5ka5YPfw
io3iVx53L2s
iq-4zjRmFPI
ivvYCDWr-dE
j28G000yP4Y
j5cfJT7kCbA
jAaUSMFjacU
jEDJgkrDKds
jc6KGY0Riqw
jcL8mJBwSBk
jdE9tZMs8rk
ji7kaz9uUow
jtE0_aQAcgk
k4m94tS5Ld4
kC8ix9_A65c
kL3yn8N6nwY
kNE6WPfJX04
kTOZP08jXlw
kZSzJo7bft0
keep9k5ZvuE
kgFI5WqHtjY
khApcDYZAJk
knNEsOEZv-s
l1R0U0RM3lo
lAf0xmT5__A
lFvYbCq9EeI
lbwycWJEnfM
lueJZ7T2Qhw
mAgNcpQ0eLY
mV2Mk5hmUeY
mWmWGtfJQUw
mf4qBohrX4g
mgD0ZDUUywY
mj7t7Hd-dE0
mlZr4Al7Giw
msCghjIei1o
msr7nlQbjwQ
myB2-n8In4g
n9YKdv--cmY
nGUXrK42Kak
nLHnZ9QYrrw
nLKlrciXAXI
nT0CMeXw_L0
nWbfJRhgwg0
ncLh30UV7ks
ndzsyOWGMNI
nhrYRRHZXUA
nhykD_Jobrc
nm98rLElSEc
nvARV6N5Bn0
nvNVRnUwWwI
nxMzjhfIQWM
oFnSzez_K9E
oLBjrDCFAdk
oLjGV_rjJ_Y
oNGwejU9K7c
oRqiRTPYIMQ
oX-FhwD1064
obNUNIhRS3s
ojm4lRnGBHI
olD5A3JK-KQ
oyS5OBGdqks
p-hM8yp2mcw
p8-MRExZLxM
pCYHpiNDWyQ
pCy3EwFnUIg
pLefDMOCDBE
pVHXJETuZqQ
ploEKy8xj40
pxB7CRRHiHs
q7fHJ01EQ7U
qAwp-uWnjiE
qF_NvxJJ5L0
qPJqsFs1kwI
qQEYr8st_OE
qaaCdWbQJww
qb4JJG2a2-Y
qe0qRXuVcLE
qgmpo7f74Mk
qi6h1zqRcyM
qkd5z8FfmII
qlIzchV3Rmw
qt9ITfdsbYE
qwQs3zOW2sY
qyC0aVOqF7A
r1AIbTFIq6M
r31gDPa9tZg
r4WQal7L2Cw
r80VNXwcyNw
rBMryYBkNv0
rEB2G8PPdv4
rG5q8mTAGXI
rIEj0VXheMM
rLNQRSwIZEI
rQDMc3lOK6M
rX39i37wzqY
rcKXJlBaZLU
rcTG6F9TGyw
rgOY-YDofkA
rmoMyIYXwos
rn67xSHemvM
rspU6OOjiAU
rt9LK4aEMPc
rtlSFW-9yjw
ruEYo7iXqww
rwQAPIPDlM4
ry5sCd5tG3A
s06hKFDKhS4
s3fwl6ej0q0
s7oM3sVpTl4
sDskzjQFngM
sL9zIxpGDvA
sc1ij8sSvHY
sdAeilsiL70
sgzM8AMOJW8
shOcrNuk3-Q
spyOkihUT1s
tD_ljQx7vrM
tpCHjauokTc
tzHI1nDiSXQ
u-jCVDtgtFk
u0LLKJKljgA
u5mZtuz7y6s
uFbiK7CSzpc
uMHyWyFcs14
ubJiVvV999c
ujNV1pPh8DU
uuzBEFbFLzk
v5G6WO4iHVw
v5pTz9wsD1A
vDoqZVH60C0
vG-Bz7PSNWA
vJ10U_1uGY4
vJSJy6hyDw4
vNyj0WTNtjs
vULhavQI6w4
vYwhlD9zRxA
vohfqYrrGPE
vq9zTiYzBlQ
vrDnYVfahMo
vvcAsKSU81k
w8-HSAKHljw
wAZTiN0Dwbs
wAyKOXaCj0c
wB8HSLq0us8
wBe6aOBqtAk
wHpCnfJ2bYU
wIiw9vyHwXA
wQooN6IrBRM
wiaTKFSS0V0
wrKUicsZGi0
wtXOZqdOQfE
wvRGPYOXtTo
x-bD1pDAoW4
x4Pl9j3sSUs
x6I7EgIUDl4
xCrucyM9jmQ
xD8jODRJY14
xEAMPn7PorI
xa5PkEurMb4
xmgZYIFTcks
xoOxRIp6Wl0
y02b8Sn0O6E
y1hW66ZHHbA
y2sIaweX-oA
y4s6b57UB3E
y92in_9wOh4
yKWtmDj_bpA
yNOat6uliDo
yXA8z8fowf8
yeoMKOKeia0
yjOIc99Y1u4
ykwRX2gcdEs
ylVH11O6n6o
yldWx2TyAZM
ymQg-22PcPw
yom0YtfBUYA
yqzRzOVl-gk
zBY_a4stxVE
zd5Ec_Iv_E0
zdQd7hVaoxI
zhOrI47eAfY
ztk7kOuPq2g
zxW1F6gIl3Q
