09ZRkvYLS8c
0BsYudISUR4
0dVUfYF8ko0
27aOeJ2hSwA
3TfDm8GpWRU
3gbIXxutE8E
43h5SrDl9vw
4wo2d2_OMyE
6DI3SB7DyFY
7tN5Ngf4iJE
9O3hAXp8gdM
9U0ynguwoNA
9rp1pzYn3hY
A48MBlIyl5c
Aly7YiDjxZs
CTPiYiTQcuA
DnmsL-WxK5s
DqdjbK68l3s
EcK0JGdTig0
Ew-OJF0frX4
FNTWQgrbj3g
FUGCezTvbeQ
G7YBi04HOEY
GJw-3GdoFdQ
GVCxeynVE5U
HbA0odlLuZs
HjDz2ak5BUk
IN0CnomTE84
IY0YCvRwoNM
JAC0GqadoiA
JpdCxw65Va8
KUvY-dtY9zM
LB-ANFydv30
LQ77bdVkUG4
LRnS8cuF6iU
Lqyh9RD5BSc
M6qVRaNjcY0
MP6O_Z2AUDU
NRRErwFsIcw
NXc_25w11P0
Npv180dQ_4Y
P0Befhof0jU
P1r4RR1goIU
PFp3Yxt0Ovg
PcKQISpmWLo
Q2NGyJLiKSE
Qbnvs1CfRYY
R5DVi25kqAY
RJ4i504dPr8
Rfa-2SvxslE
SWW8DoFcO1c
SyFXnTqQRGs
T7z5TR9Ybd4
TSIkxBoaykA
UqcWr1qqjFA
Vjnm-jF1PBQ
W-WtMvNdEcM
Xk4RGB6B9NM
Xr0zDtbeLik
Y0QWFFWQzds
YMzHoAysAZY
_po15cVDNxo
_x4IVlsw_q4
atYXEb3RPHk
bDj8TWG3NRM
byNR4CbYiPQ
cJvKNZCDQAA
caiWd-vSEFo
cnvYujS9Rlk
df6_OAkpEeE
e3rvwuC49PM
eJxP06h-QxE
f-ecmECK7lw
fpM0iZTjLhM
gUK2JvCCUio
ghfA6w9BBB4
h515dSZWEyM
jq1dv62ovkQ
kGJ9QZ5lwqs
lCoUp2Bq8OA
mIT0Zql9ITA
mv6YoL6DIeg
naovHyR0eEg
nrCG6P3I2BI
qSJSM1dJ6ZY
rFlvkzd62Wg
sUXe2G2I9IA
sZUhuorCfn4
sjlLP5jSGxY
slUaVeNvuTk
tYPG9iDbsFE
tmhmdai14oE
ubgY58azZW0
v9eo5nrks_s
vO_6xfLwGao
vTbQA8vV3lY
vjB6nhOu3BY
wmIMeyWDZI0
wzHojo6_P0I
xTyRklA-IFo
xVJkBydLZME
xYHpuZLvB2s
xmaag0IJO0c
xtDMHPVDDKk
xxxhD2O-B18
yFEzhnKpTmU
yUZ8CBdeJRs
yfXeKPt0nw4
yuUySb97_HA
z5EDLODQPtg
zou9ZyHA4UU
