-79uIRQiAFM
-JOXUNX66Cs
-UziAXis9yg
0ITZpav8HMc
0YApLJWmRDM
0jVq04poU9I
1qsI0Z4AMZU
24O00Jz8R04
2CS3isCH4bk
2VHv0Nsajoc
3CccfnRpPtM
3DUb1P5HjlQ
3Eq3Me_VUp4
3MFjfo2W6FQ
3MYhhO_nSAk
3SSNw2WvAdQ
3WSpC57pLwY
3k5-3r7_5JE
3unG2ocaK0k
42aWAAqoUfI
47I2N_l47mw
4M0C0r_7gQI
4SRJO5n5xoQ
5OLtteIwwNs
5S-ZjGvOZ1A
5md3d2hDKdM
64xcgvEJ3Ys
65X25g5Lyuk
6Afpey7Eldo
6LU7jxp2GUM
6PmXL0oiggg
6SbyHukbBZc
6bLhGXtbZDg
6eA_JIDzza0
7aL5fRjkjcI
7lkwnJsioL4
7z_im0Aqwqw
88fWUZhYb04
8sTy8466MoE
8vIT2da6N_o
90WBJTJz0P0
9F6_7tFOH9k
9uRK8Delzvk
A2wG0sXbMhw
ADS742xsoTw
AeN3oQx-o68
B-xMYY3XG1U
B04CYuYkr44
B27ixDu2HKU
BKGNWaDUKPM
BN1NU0ivzj8
BpnnD_0IlbE
CRE6SqdranY
Cg--UVL9xCc
CpjDvQ4wzSs
Cq_IR9IMOCs
D2vLH0tJVHo
DNnV3Jb3pkA
DWgI8PkxJTI
DtCoZg852-o
EfTs5Y2t0bI
EyeW_axUEQU
FDguqBh3V6g
FSh8eusFYL4
FTr8rgWQ7o4
F_kEhHAMupU
G-pAwZTFCKI
G01xv1RyRVw
GAhM2M47UhA
GR3rUlDiMxY
Go2g_BNpG_Y
HExhxPDOewE
HoJK60gyXgg
IBe2o-cZncU
IQSOkB-oaNI
IS6vThe3DBw
Iie8U5rngwA
IuIpgArEZig
JB0TeqWZylw
JH2nXMv6yZI
JTOMNkZJRao
JngJLamLI1s
KEG_sQrXtzE
KG8HYpcI4Do
KWWg63ZwjQA
KWzRe6y5ePI
KYmyyz1ca9Q
KZ7BnJb30Cc
Kb3OmhO7_ao
Kt-rhVU8evI
Kt_DI-cNK78
LATGGhQ2Rlc
LdeqzDh78wU
LfycThKOX8c
LoTx9LQIKEA
M7LE0CvUbcA
MExr8TVVE10
MJ8NorRU_6c
McbsxihcQS0
NDMwhg-xwKo
NJS1C-j7TX4
NtP3xT53dkU
NwY-6sQDYnk
ODGTWRrGVNU
OQjrhIyaPyg
OaG92TG2skI
OuF9weSkS68
OxCO5EUYOqw
P0zp6yB2m0U
P4dT-lW9260
PRFQm0eUvzs
PwHQnCoDbvI
PzL-oXxNGVM
QHQTzeve7OM
QTOFrg2EAQs
R5wqzsg1bQY
RFnSmcfKWQo
RQEn19symz0
Rai7wL0KsvY
RpkgLzyUUAA
S2P8req_w64
S6RiPQJbkYs
SV-eFXd0CTI
T0Z73Zbtlyg
TAKmlNaFNOo
TFY_uqif3jY
TKT7M3YnSlg
TNfYzima37c
Te5rOTcE4J4
Timt1H6eYw4
TnUYcTuZJpM
TxFuiwSO9A8
Tzzu7Q-yL7Y
U1lIfFcxVuY
UhT5-iF2IiU
VHhM53XKlWU
VadUK8-5OSA
W15A7Lf0_fI
W5P8ZBLC450
X5lpOskKF9I
XD_mLPIV_GE
XXGpD37-6L4
XbDmxEOj9OY
XeK1kcP575o
XlFl0jDg0Jg
XlMFLPGUiQE
Xp4ypElIp2M
Xs5bOyNTPLw
XygpFzlMRxQ
Y0kpYoGJE0k
YFQ-v1jCpF0
YK1EXbNx6js
YzpcPF8pi_s
Z2oh1LH45c8
Zb2GRlVOVNk
ZkxrrTIxb9A
Zmf7Kd64TBo
_3gbo_NinT0
_Dzb1Yl413Q
_YNjnCqxB3g
aApTQ1VjhFA
avMbu6cc4Eo
b-DWMxh-QJc
b3IyDNB_ciI
b9ajgvhPv4k
bKNzysrlxBI
bqYbgWbKMPc
bvlolmFX-rc
c2Kf-rXI_pk
cDxi6ozDwhc
cV4sTLgncm0
cjkZk_wyV1s
coIn8DopwY0
crAgssqpgQQ
d5lEkz3Bomc
dMF2i3A9Lzw
dOn-L6nUS54
e5qC1YGRMKI
eRsF1aZdAto
eSHgFkYEb2o
ejpEt7LK5eM
eoQFu-W7o9Y
ezLyvK4mbFY
f9MwaH6oGEY
fMz0KO_9oeg
fQlQQSsC47g
fzLaam6EI_4
g8o-9j_pkas
gDqGSmTPtOQ
gry36cT3TdI
gu4tC3px6mc
hKPc3MkSpsE
hqorowAR1jM
i9MfT_7R_4w
iN1wTmcX0-g
iSv63RaZeuo
iYTos-1FfnM
iYn6EQDqTkU
ilzOWzH-wHo
ivACzzW5wyA
j0tu90DeY60
jI41s7TDkIU
jmc7aUVKCMA
jyxS2bvQGxc
kFbXV8iUkSY
kP6EezXJKNM
kWmX3pd1f10
ku6SAMsyHbo
kueC7ZnBXz8
lJcGzmsLRUo
m6JTaRNTN0c
mQO2PcEW9BY
mQUhJTxK5mA
maenyJ0rlpw
mln2SymT73s
mx4Z8hnBowM
mzoX7zEZ6h4
nIewOYZepXY
nJYuLq4UvAc
nabM5MGq_NY
nmwv0IGO3vw
nsKA5bDE6aM
oKFOqMZmuA8
oNnlmq05hGc
ocgZtMrto0g
p8N0xN0ihMA
pSJi5YuK3gQ
py7QlkAsoIQ
rbVvu_104Pg
rbqCV2T3-Sk
rgxDixvWbLE
ro-8iPOvxD0
s1fOdPrnPog
s3d-72wtkjg
sDIK-C6dGks
sDNN0uH2Z3o
sMaGojDuPxo
sSOLAK33W04
slW6k9Xti90
suzZw5Ab1ow
tCUuvyVwbJs
tQw0_T8_7u4
t_cKM_JYtbs
tteBgBngES8
uAOFH62JQl0
uV0GiKfHx2Q
u_rfIboPyYs
uuxoThzFPPw
vJ1cfb-5pHQ
vODvwrexgGk
vPKX4blYuvc
vVJRNl-GSAw
vtXybjiR3vY
wBYv6rdAdS4
wRahbRGZSx0
whkASFSMtks
wqH9KX9o0vg
ws1o-N024es
x3nmAX3gAlw
xcHcNyC6O84
y15UA0bJJf4
yXcDir9Y9CI
yyRb_4-cquc
z74WuL2DWjw
zGcKURD_osM
zMKI64iY2CY
zrY3i85W5tU
