-05Q2NTTgXk
-6BvA4U1dLI
-6nihDqjeXw
-91c-7F8utw
-Alsk1lQ_no
-BiQUnwOPjE
-MmGHCMzwUc
-YRkw4jD9q0
-Z0C2-eZqcc
-at3oShfXH8
-f0pxdL1vsE
-gZ8fVwo_n8
-hmrMnXHugY
-hx3tBOWJJQ
-uzURizZl4U
-zCYX0esYlo
0-BQ_yTNyTs
07YCJKfW7GI
09xOyqOO1Eg
0BPu-5x9axg
0Ns2Z5KGHHg
0_57CGBe1to
0_R-a3jK2nQ
0fGHJxd5L8g
0qkBlp7XTXE
0sARpfc47qM
1B9cdcjI2_U
1CGeL1M8CSk
1EOrF1jd9CU
1HYEC_FlgAg
1Iy5fLKTars
1Q9sv9OkQBk
1YOzbL2oBn0
1abA6oVvook
1k7GA-rYgZk
1kBnlL-XpPc
2-cQ_Wtv0sQ
218FQmeHbq4
2E9hxkM7bRg
2Qpn3yl0Ewg
2Rq-9iR4sRw
2YM9xoKF46U
2j9N2eS_pzI
2lau6U_ofWA
2rsqac-Sztw
2zQAWS303LI
2zY6xlhIWbQ
38L5vfMcMBE
3BHQQ4L92-0
3DuCWM671Ds
3JKLpLpsRls
3NS3JHMfUDE
3RBolBV-_IU
3Sjqnn0C7yQ
3WQHDUYk310
3WpT9sg7A-w
3_9v-7rtVDk
3aGc-72oKa4
3bzlb22qTvE
3nwXm1ZY564
3qrNRzkwlbU
3y75zBl37f8
41iUdhFi8Gs
42IE7mPaYNk
448QblQxsGY
46Gk58jvB-I
4Jlf29CEf90
4QvyGGUce2M
4U9MNAymHy8
4VoqwrEEAZM
4WA1_Z6GOik
4iSCOtYs_6Q
4n_x6ZlXg38
4tGiMZ1SjDk
4zR6-r-_N4M
508U54dZdPg
50U1S_OLEOQ
51KNIvgnvuw
5EOACnBvckA
5FdmnmVBQXI
5aHgoow2_yE
5nFpkCmb8e4
5nyobyZ6gdE
5o8kmCw4hac
5sFhgscvzCQ
611hpystCIk
63jNApv7MkQ
64bKFHnAfRQ
6C2Kfz94a0k
6Fmx6q4HwAo
6cbNO68qwvg
6tmSC1BpAFc
755lCQwOJYA
79f3T71LuXg
7D8r8tyTRMc
7E9wIBprBwY
7ENlKG-ccWA
7Jvsj8cTS_g
7LxMd8yV1cE
7NumArxzc9s
7TN09IP5JuI
7YLk8LMkiuA
7cAiDO7UyvQ
7p_mzgO0d0k
815lSYphlbw
81zgGhy8nDo
894tMesNxQ4
8EZfZ--5mAQ
8Lvrikv6oPs
8Od-IMIGjfg
8RXdUTuislI
8hakOpT5fBs
8rdDvcOe9NA
8rqztDFvmZ8
971VIl0TOjA
97LOvGao4Co
9C-h16XnqMI
9Lhbm87KmOc
9PgBlaN9EZc
9fsvtybsO58
9k-SBpElcWA
9sbnGfWaOwQ
9zcaaYpiUEU
A0TUETS--q0
A5YxwFgRRCI
A6C1tpdyagA
A6MPdOdPok8
AC-gqgwaujU
AIkv_I7dH94
AO_MjxyVqdw
AVFvrlkN3us
AW9M7Cmzjj8
Ax2rlRQmZi4
B0h52vcXG-0
B1WMNP6NY6s
B4qAyq1EpEU
B8gVMuIywe8
BB1B-VrPij0
BDbBia1GwUM
BPip6ySnwT4
BSHh0MmJM1U
BVGd6B1nhlw
BcYJ0CRyWaQ
BiMNyZLY6Yo
BiU5OimNPW4
BvogZ88qRTk
BwBU5BjRT28
ByWQa3Iy064
C4TcwIJCyBU
C6H3imVKnFM
C79nHzODu0o
CDE1jf4_VIY
CRiBnM9l4N4
CaPjiveQiAI
Ccr8J-Vp_PU
CiYH-x8Uly4
CkipkIRthTw
CuiRg8nbhOw
D-0TGZYMX9w
D-1ZJIQqgUg
DCWn04XcoNs
DGnOeS-0oQ8
DJFeaRWJdy8
D_ux2Vww0NU
Da8-QfGemgo
Dad3Yaf7RC4
DbyFIH8wtsM
Df28IhTwG-w
Dh1EMAYaczM
DlXVqcQlQD8
DmqeBQgUoNA
Dn1-V039_Xw
Dx_0vYzYUoY
Dzzs6P7Dtfo
E12_Be__kHM
E67hl0G-toQ
E97GSnqFJ8Y
E9o_ifDQWLE
EA_tuj6PW1M
ECsVN3AEJsQ
EL_fteD_iZ4
Eot4ZOUUNRI
EwUCyvde_7I
F25CZclaIvI
F31mdYx-hdg
FA5QQFGfQ40
FCXfezz4BB8
FIAkDnlz1hY
FUWl1OtwZuI
FVsT5mlJIBE
FoQ7UxG3P9E
FwmhT0YP_Ps
G1ysuNUWCLA
G3Fc_eOkM8M
GA40ATT-9IQ
GBMc9rYAHOo
GDEVOCTW4qk
GJ3KIv-DQgI
GJlNvSC5v6s
GL4I2SEuptE
GLe0YBtpvWI
GSLNBlL8fsQ
GTCKN_XBpxQ
GTW8IplsKmM
GVLAAMZeraQ
GZtl5keFiuQ
G_Pu00NmJfg
Gg4NTkjFN7Y
GriVUALC6Wg
GxR2b73rykU
H3jU1Z6ptyE
H7pSH4YL-T4
HAA1jJ0YzuA
HDduzIB8HjU
HQUA4BUI25A
HQcGA9D3QFI
HTjwuNWsDH8
HjMSJWtkZYE
Hwqwi90SDIo
I-RXc-7G6ZA
I3RUflwPlH8
I6Qk0NQNQ88
I6yVdGIrj2o
I9EpzsU1hHk
I9FAjACyP10
IAioNOFJGbE
IDvAqJerTEQ
IIjPj1zD3GI
IRrHZxbG_GU
ISjBsmI76KA
IXfJUTU15UE
IZCdcjo2V_c
IeHu2x4JXSo
J5nz24jrLDE
JF6qyIyoQmY
JGBS48P9_Rg
Ja8DzMKVxFA
JeUFrZtKkn8
JjniK9a91og
K1sPSpcpsVc
KCVjsbmVi0E
KDETPQioYUE
KKme6znMedg
KOlQWNGAAbM
KVaWcBYZjII
KgqtZaW8cec
KnDSeGI0zJM
Kvt6dhQ3m5U
KyNukw1rltE
KzG1jM1XFsw
L9d960njfC8
LI1gowcJ8yg
LIqpT0_ul8s
LKakUFQS7sw
Lc4hUSLN_-M
LmAuszyqf5s
LzlFUctWF24
M-ldPnAOOB4
M9G3BnPPkYY
MLNEr_0_5qc
MPXCoTRToM4
MSNuoSHj77c
MVVUmoT-bKg
Mc2hU_VeanE
McFUn5thWIk
MdzGZv3zQ-U
MfH0oirdHLs
Mh4DNPkKWdk
MyAIrL_1UOY
N0fgeH99PjA
N50bl-1UdWg
N7t-pUntFDw
NAeOzDhL6tc
NCFO5eifDtg
NMWx4DE7JY4
NbznrOtiVH8
Nk1P_VTENFo
NkkboJUWGq4
NpqUIwwQ_vU
NqmKdvhf-pI
NqygMHtn2wU
Nr42pNrK5iU
NxF-TcXNt5w
NxZwXy8kds8
O0g2EtKFAcA
O22GRZgcerA
O5uTukJ9vc4
OAJeKyN1VVY
OALMafNrm6I
ODeipTxsELc
OFl9IRb9sEE
OGCZXEtoOw4
OI0s63FBelY
OIyg6oKSTTE
OL2kejLKwmg
OMQ-6prInz8
OSurn7YvpGk
Oh4kio5hYn8
OlmAaOdK6nk
OtQNjYHoWEI
PAczA2saYWM
PBOqijntCBI
PEpgKvq5DFA
PfxFTG3ZE0Y
Psx6elljRF8
Py9YW8rIylg
Q9XiO1do-Cc
QB5JOnDYeHY
QC0kkD1QhTQ
QFU8E0hSqKU
QQV8PjTgugY
QR0_YjefwIM
QT6SOdngu9Q
QX8b4ec-GRM
QmLn2giNZ0g
QtkcDaJQZQg
QulEM-Azzug
QyyDgmonXOI
R042gl-sri0
Rr1FuVpWqkQ
RsGqQC2tRRM
RsIIT6rXnSM
Rw9Ofusm6ho
S-fOroy6h-k
S5PI2_Jq1kg
S8XQHKg0Fjo
SB98eQE4KkU
SFdR240qaXA
SR5kfWXfxto
SYRj1DJiDbk
SkknL-nEwK0
SknPDC44KnA
SoflZp3USF0
SywOj6EpkOc
T-GSx7ePkCs
T1-k7VYwsHg
T7tnGdHDDNA
TMfVEkfXEV8
TeMnMqPVRsw
Tgw2Kkmupg8
TnZSKEhwOtc
U7F4j6_6ruk
U9DyHthJ6LA
UZfKIE0m4vQ
Ua6mdsKt0_g
UlKa-KSKL18
UlZASyA0KQI
V0PrqVjE2_w
V5YO5gOGZlA
V7yyjkZ3TGA
VCStI2lQNX4
VG5luKH_Us8
VJeC0ChCuao
VKkiav8AnQ0
VQm_Y7wEzGQ
VQzTfz7fPyo
VTQR6XlekAQ
VWeYDFpCZqM
V_njeNihgo4
VeMMPRa57nI
VwHwq5W18uY
W7nGMd9SNiY
W8_Yf6Q52JE
WIGHKpcIXmw
WRssjVoS4ME
WSM1tp4Qtpc
WW7bhd08e08
Wkgt4oyK6rc
WmGwwPSlRq8
Wtb6c5hUCRY
X1_yG_Rek0A
X2zqiX6yL3I
X6sSo1bAeMk
XFldVGdcxxc
XMujz1bHD7A
XNqXca22g28
XTvORn_2B7I
XZ1XPJSJuSQ
XagLhrOieUk
XcHX4SHJDMo
XopmfKf5YQo
Y1IjInlhAU8
Y2eKPoBxdCc
Y4uuG3GNaFU
YA5_-bxA1pE
YDr4ITrp7YI
YHdpPJ9qlY0
YN_d8GZ-JZM
YVnK7Ir6huU
YWX_uD3lalY
YbZmhgtZkdg
YmNt0kpaZGE
YnBbSeqT3Zk
YrObbJZ_RWo
ZAG_WxMm_8E
ZCyLPuJSxaE
ZOfVbtOUhU0
ZYSBNYQ17SU
ZfPtXUYlg4A
ZgQMW4eVrzw
ZgqZBbBCJL0
Zp_HdWssfsY
Zt1LoNA-ajk
ZxpNXfj5No8
_44jTTbD8Yo
_AB1mxhd_H8
_AKrfORWXdQ
_BkGfxfr76Q
_C0O_j5P2KM
_EU9v8YrhFg
_PCl2EJHyWA
_SVEIpZlu3A
__4c1JCHvaQ
_mW2VtqPUfM
_sZH-psg9yE
_wv7mnb3ch8
_yJq9SeGLhg
aGhqumcE6_w
a_MFkqMZTt4
abrvOg3s2bA
acc9-YR_aTY
ai9bfVCtLnA
amv8fiCQnXI
aophQ19jhok
aquheWlDsbc
awaW2CORQRs
axYdo7cH-Co
b3BN-qJzlHs
b5lVvfyOPjM
bF6njmKp8Qc
bIfUsQRyymU
bMPw4MgkFfU
beJD7y1mGLA
bmJwJSehV8U
bw_JZknJ0tM
bzMMDNiaBo8
c7XfpPqKvzU
cEZYyno5BrU
cVYQn7egkXk
cVe5_cyRGEg
cdvZC91YpMs
cnvS4vFQWLE
ctwfQLBeEzg
cugl5mmfcxY
czs92FP9z6Q
d7RolzkCF6I
d7qqu9HC7V0
dAvgqA4EbrQ
dGeIla4Smoc
dMf8UEI067g
dPtoJJcMv78
dQ80ui7zur4
dUtq2hETohc
daTUb4jtUTg
djTHZvAt9jk
dk31aR7LeQA
dlOvHSLY8qw
dmG6_RX_NVc
dnUR3JL_X_8
dtzyHa7Ih-4
duRDizP0gHQ
dvEhM9EzcFE
e226MZIXJ5E
e3CyWpjzoUA
e5Ipfn6YN7s
e6zUff1UgRo
e9vvHtBPf6U
eBMxsb7WzKc
eCEG4QyQbF4
eHJGjrdw8hA
eKms6dY5uFQ
ePN1J_c4ulw
ePXJXDsuCq0
eUh2tmYSKv0
eiQhmLzGsrc
ekaZTFFXNSs
elEAe7Xwy8Y
enmLybSqmgc
epo5WETDKCw
eqQlals_oXI
f1oj9TzBhqc
f4lxK6EU04k
fBR-MFpVKuc
fBljahaLMXs
fGKof9ti1yg
fN8YUTZgB-A
fNvki4PjFsU
fYo_ZqCFafU
fc3nLfzD__Y
fjy5Gk9-ulg
fvitkbGX7Pg
fwRlPrbi3Tc
gEY0L_oj0LA
gWVHses2GCY
gmMITF_weGA
h0WGOAK4qE8
hB3SQos79i8
hE3C7UTpGvs
hS_FdG_kURU
hd1r1E1GD9w
hhX-X9Vhj0U
hs6DdcuydBM
hyII1VZY70k
i12XneI2oeA
i2aKIuEn6q8
i3TkVZXkAJQ
iM7FePomfy4
iS68LmqFVeA
iWQ_lkTzt5U
iXb-erKRISE
iYBCT7f7Kng
ib_Sb9GFlZw
idvYvMPpTYc
ifD3-niHucE
io-1mYQUIe4
ip49FYobvlM
iphqdyydiUs
j0QTVUl6UeA
jA9yXCa64IM
jCOE-561-t8
jI3xG25xTKQ
jM8-AN2OKDU
jcwmrabjt8c
jkkinXnXErk
jl84QblsNP8
jqpMM4S_Th0
k0Ipi6jzQ7s
k1UrBo30Pe0
k3DEc4-Mo1g
kAFhKcMBQf4
kDx5WNdbCSU
kKcxfuFvncA
kS6IhBaE7Eo
kZOvI0vniOY
kZsWCGjTnOk
kcP_9ZsFlPk
kgymYelc2dM
kjNU-dbG3ek
kkBNKM-qCYs
kmBlwAFRFJU
l4HQMP8bpF4
l70k5htFMjc
l7O05OzGJzg
l7_PPVpmG7w
l9qacGzTJXc
lMbseuQR2G8
lOaKOKohA3w
lR8ydxAJ_Cg
lTCtn_QvDbE
lU2zx7wyj_4
lYQz6y6nXtM
lYUXw57T5H8
ldm8mnn-ULI
lvnxPMK-KAI
ly5Dmlv6o3Y
m7CEjB-lt7M
mG1-jULNHoA
mHTR-XF6MXU
mJ2tsWqLr20
mKy5K-S4QpU
mLOCxCpp5D0
mmlyHMLeo1o
mtKhLgd9yoA
mzF2yJRCfss
n60wzgthHb0
n8ZaV9d5j_k
nCNhmHihR1U
nHUXXb6BVWE
nNhYqLbsAGk
nXTI5asbLyU
nqUOGT3HoEY
nutcZOBGhjs
nyYWgOfqJdY
o-gS7H9bSq4
o1ERaewus_M
o2572Ar0VNU
oKFCySNjskQ
oVAxy9mK7oY
oVNmCzbjkR0
oVmZCA5vdV8
ocNpDZqWFYs
oclcHbnHoj4
ohj8fSLeqQU
oml5W921id0
oqeoOph7Lts
oxBvbkxnhjA
p-P5-7eV9GE
p2iXCfo8h0U
pF3rXB1UPEk
pUBqdpSVE90
pf9M8Ckomo0
poi9dSiT5D4
ppdiFGcUjpU
pqeiiiiJQYk
pyw73zcYrl0
pz2kRvcP44w
q8xJeATulLI
q9erQqb_o8w
qDcvlO3LQok
qFKrVwRL38E
qInA34ZHrPs
qJCUBMFsdZM
qPzP-uBQkgI
qUPdTMC3Obk
qUwOJ5Z1C6s
qaoEyTZpv18
qhioQaRjK5c
qmAYZz3gAfo
qxGmGGmvFD8
r21JqtL53DI
r4DD6ZrZ3_4
r4qSDOHeWjk
rACiVUJW0mc
rHKrgaXl37U
rOxL6UaZqw4
rPh9bprbLkM
rRuifrLicbI
rhblTyX52gw
ro0Yz0O2E6M
rqvN_cOkGXo
rqyE-7Y55kU
rxYdlTcd9bM
rzlB7V23CNY
sBEmFxdpQGI
sETDkprLk4Y
sFy3rEG91OU
sGCKnuKH5dQ
sIfJNeuGUfM
sYlCztAZ3AA
sZ1jZ-vMo3M
safAKD-ZtQc
seIlpY8y2ew
sfElylC2pXA
sttI55N21wc
sxXTSgnHu5s
sz1ovZUA4nQ
t0qXoct6BTA
t69oHRPb4E8
tDFfnU-PLjw
tDLIZBOzG1w
tDmVe-ac9-E
tFRjzukT7Es
tMsQsAvHpqU
tOo1oK-8A64
tT4ztg6P7CU
tYRS0aXaBC8
tZMuAavGms8
th5QV1mnWXo
tkXusE49Tl8
tkj-yujaoII
trRc1_CATfo
trYO4XkjSjw
tuONqBMf3XA
twjTkBN3Q9A
u2r9Lo9-7rY
uBJq-XCP27c
uMF8GhkH_SE
uOffZA6Wh0Q
uS9wbhUYlGk
uU96cEPxdIM
uV002CSNDac
u_EGW4cZv2I
uh3Fd2I1Jgs
uobffNK-3_E
utBOYZ0pDo4
uzKUdcCLV64
vHqz5GHaPQw
vHsweOXcP2s
vJJFW7cMwa0
vJTDkNKEl4U
vN02RSbmHRE
vf9TLBscS3g
voFRslp8d60
vy9XvHqJYgI
wBu9Ba18cWc
wCC_Wbar_KE
wD9siWMDWc4
wEj6QwApBf4
wMIwlj7bzXA
wR3tCFXcbu4
wUISWzxttrI
wW3CQtmEZyU
wXxfkobtb4U
weFT03Mcah0
wgycwVeZc84
whNT1a3igGo
whokj22FTA8
wkJPmffknwY
wlT7AbZwSiA
wmTvbjAjnyg
x2JkhZd_Kxc
x8oQIiMfkPk
xCvSAeaqeFY
xI8ArWO9Uzs
xLkHEZTSeoU
xNVnO2pN-os
xS_byR4OBDM
xk_tNCnMeIM
xlVjJr95BrY
xrwylERNsbc
y8iQL18X8Tc
yA4xvRkZYjs
yC8fvt-CxP0
yEJLHopLTCc
yEmyUQsiPT4
yIBLxuvkJRk
yMhXPNm1KgY
yXonUKbd3aU
yYEtGjG5iDk
yaXma6K9mzo
z6ZRyHXpVCg
zF2QwHnk3EE
zXp-oWBF5x0
z_Y7juQWGRI
zav8i32PCio
zfkR_5dFWh4
zl-X3dhooPM
zrF2RoSaTx0
ztUKJ414jtk
