-15RMqucZ78
-75JyJtJUXs
-GxjBaWDask
-oDaeuq9VuA
-sR_w3aDKLc
-vSUConMxmo
-zHzqJEQI2c
0-Z5KtkB-5A
07e1n-rwFu4
08LzqV50Oks
08rSj3DwYkY
0ByzX-KFn44
0HZgn4oMIPg
0I0siPAEJ2g
0M2Q4pnPVHo
0MDSpg1pCHQ
0ktYo-cmjIw
14u-1-Ay8LU
18uxdLrCum8
1Whr9l2ZZAo
1ZV18Z34K_c
1rSJByRNUfA
1ukIp4U7OOc
1uzxMb7UTNw
1wToLeyqHPA
1zUH4JdWyZs
22Ofebtm3DM
23qy4RWUJGA
2Gm2yJCujTw
2LxgkZ5Yc8s
2PFPbq_hiwE
2QlBemn1rD0
2VAWO7x-eJY
2c18hoGZrpA
2dpHO35khBw
2jmu54r4ct4
2rrGG29lhQo
30RnwSg-KrI
31ANGWGIiv4
34j8dSzn3y8
3DBfSDQXNgk
3HzPQHnkNtk
3J4Of_krk7M
3aYuKCZ74eQ
3duyHgkDcRw
3etiE40P3MM
3im3cirkJqc
3kTtyOKk1lU
3wHWogjQ3oA
3xJb96kdGlI
43Anb8dOXKg
44E4wivWf18
44mtEYBM1Qo
4D0A_XsgkEc
4GE_2cg4jIk
4K_ZOXdlI6k
4RSUHymv8wo
4RzfWT57lrQ
4WaU6Yk8r9Q
4XGmADbqHks
4e2ikpHLmqo
4iirUicCchk
4jGrXsE6YqQ
51K2oWxJrII
53Y5kBUy17A
558mb_T8GxA
5ACBFdfAZRs
5JQOVPx78j8
5R_sya8bFP8
5e-st0Kmmk4
5n7sq31m7QU
5nIiw70pwMI
5tOaBr2MZrA
6-jU88PszU8
6EC8lS3wuAs
6JKN5ySFkIA
6MblOB3-CMA
6QiypZGZoPM
6dV0sC2B6O8
6szj1L0j704
70SOflSNhX0
753tTXbX7jU
782t4WjCC9o
7EbA1C5zhr4
7JOObbFAMqQ
7caN17o8hWg
7rtI2IzUqc8
7wbIBUx5Tr0
85YcMMhvvoQ
8DEiT-BPMv0
8N_cLRzGAJ0
8iEwLBQ4HxU
8nYulwKWD9o
8oVPcMXWvmM
8vzP4jh7n5k
91YPe1Jo42Y
91zx1htmvtA
9FVMn34GudE
9Rg5Wnu6uWw
9SJJc6IE9Is
9URELhd2Euo
9cSWK1OYQnU
9kl9viQJjiU
9tQRB8oP2Io
9vejqo1zLyM
9wEQH-s0CIE
ALl5mLTvBMY
ANyI6yDljMM
AUW2ULKc0XQ
A_IXUocoqzQ
AdDcTND4luI
AhWLgmQZ9cU
Aj2J1waXWDw
AjuF9lt33N0
AmXD-QFfkyE
AptVh1P6uX8
AtZCt_sxVtk
B11r-bjRlNU
B7P35XRPx30
BCoEXmqpGow
BEulfxNkkrg
BEx0P4CEt5k
BFWZVnLpgAw
BRROPQfIUvM
BSdseiY0uL0
BWrtfmTklCA
Bb_5Bh3SS9A
BgqFrmsJuGo
BhVcrTV2f-U
BjaHlca6azw
BnGcXLEybDs
BzfT1AHVFns
C89dbvlpd74
CCdwAQFXbw4
CEw02y-5KoU
CH1G7nhzK-w
CLUHZilnknk
CMnZYAolvdI
CQXC55-P1bc
CVj-rDFOaWY
CX7Ai87abG8
C_vmgiA1ojI
ChV0CJXMDGw
CnSJobEu01c
Co0DUptTZU0
D-6UiQH5aEI
D6iEbcvqE24
DKOf6yFepHA
DT_V25_MjlU
DVg1XW_28ds
DcQD4g6ala4
DhQPYCgztMU
Djg1kVSdfkc
Dqw1fhhEGx8
DraTyBBBsws
Duc7IJg25kg
DxjPtX0uGo4
E-og_ZM0ZTs
E5Y81UkTzE0
E9OEPFtX3Wo
EDW7VGc9vdc
EarjuXE-HwA
EbIfe8Mw-UM
EmzLcNF3kxs
En02YDL85Ss
EwauW_sfN40
F8F_q4aLK70
FBAI2L-NNRg
FDfqs4Bx-MM
FJZakJFSbcI
FQS4rRVT2IA
FUoO8KFxmsg
FWyWH27-La8
FhAosXvwxnE
FlYlJrAuhI4
GDiAU-68fIM
GGC9_0MZMr8
GW1VfNdZDV8
Geuri9VFRGI
GqMoWLQqyJI
Gx_lICCrGC4
GyTe1Wsx9zA
GzmWhS-B4eU
H051q9Q1cms
HHtlSKmLA-U
HUMHwg1Guko
HbJB2X0HQRo
HeBy9HA_Z2E
HeQ9Gv6IPhs
Hh3SaMT9TKA
HhqjIYdGwZo
Hkwm04D3Koo
HvWCzj7GV1Q
I-Hmpd8f7ZY
I3FC2cguSJk
IDLnuRGvoCA
IK1f94J6JdI
IN74-K34AfE
IYthrNXGYZo
Ib9ssLmKaNo
IeRX-C0ShV4
IgBLvk4qCUU
IgJ93Aom4rY
IqPL1Ymy7hU
ItLMYVIbWr0
JHduJEvWrN8
JNPIplTHP9Y
JRc5VhdMiRk
JVsCoie8ubA
JZjT1B6aotA
Jbgkk1eVHaM
Je2X0C8c970
JleyAvTdCsQ
JnJGoWWzUMc
JqxzLUE6pP8
K8Z40LBQhqM
KECxRFW9gAc
KGNRMG9mPRA
KKXrbaevXiA
KL8vC35V-Fg
KWpdCBP2wK0
KYm7pILemnM
Kb3EH4vPr8I
KraFz0smnsc
Kub1jzGrM8s
Kvu-dhdW2co
KzK6FDwzTek
L3WXeXQuaBY
L43t6ifG6OU
LJg1j4zMhBI
LLo536Zov1k
LWtxENAzXlw
Lfr6avYeMKc
Lfva9IYlfdU
LhOmkRxqSYQ
Lv4L6E4roso
Lvi7BOki3g8
LzcfqVFMMyE
M3kMRAZzy9M
M7XVp8hADcU
M7xmsWtW_xw
MALudcv_yxQ
MCoRumNk8pM
MJns612L5uc
MMKd-pfhhVE
MOr6ZDHpOdk
MdzMRVTVwrA
MfY45cJptao
MjBRqDvwynk
MmX1R527qCw
MxzDTXHzjVk
N-jnVp6Ls_Y
N3P22THZzcg
N5yzBzqIglo
N85MkS_2YXQ
NNbUbLXiFJ8
NV_uj5YbpVc
Nf0XK7gjZFA
NgvMRX4hKiQ
NkfGyF0X1Ck
Nv6a9mVl4QI
O1A62ZxO4lY
O7nb-8BtMl0
OUkFMPwIUUQ
OUnd29ku_Ek
Of8r0eHLvqg
OmigjxG7KWI
Oprm23QfEkA
OqfmIICknBE
P-m3x5hCGuw
P5_dHmCwGag
PMSBvHxGQJ4
Pn-jGBlZTeg
PnQeF0NvGyY
PuICbAucfn0
Q-hbh2h9cn0
Q6aNJPo69h8
Q6hS-6zL3Ok
Q7Ocys-OQV0
QAMzRBimIBU
QHKFAPak5fQ
QLPrjJqDXMc
QNdq6QEWLQQ
QP1NOEtSt_I
QP7bz-5HyAQ
QTLagMLPJdU
QkDBlG7JTmA
Qnxykf88sTk
QtVluEHHEoY
R9N07TCA96I
RAqBW03iJNY
RAtjmdAWKNE
RC-5ZPTwE1Q
RKv_8FCeDFk
RPA6T3yUzhE
RUnHRzqqy7A
RUttSXtvhno
RaMhY2Z_Svs
RfaMjH4kkYI
RgimAsebhmE
RlpD7KGhHRg
Rv6AvYmTWo0
S2racdvdxPs
S4TaGjsBDVQ
SJAtrkdK9oA
SJHMtAy3qic
SV11Ym-7_90
Sc40ZL2Xk28
Sl7fWGVE6Tg
So-vQEfLTqY
SqTWEGVIPUQ
Sx0AIRXwh4A
T-rKOjdPfaU
T3ZBKIYOX_g
T47-nj3puVA
TFbuC6-Hk84
TXy6zcXaZiw
TYKnfrSKXTA
TiFBfG9zHYw
TwfDkr7g0ps
U-yNi9YsmDY
UAGtbk3sUBk
UGyChlYfNRQ
UIPLlz-zMls
UJC3Rh33ZHA
UMNwREat9QA
UPYrOaIJFeM
UdKdHA_rRAY
Uga1BNqXVbg
Ut6fhj6WWKc
Uturm9agI50
V0QGEri5SdM
V6t6ohpO0ys
VHHI3vaqCS4
VMzaf1AOOWU
Vg74TjgK6uI
VhNG2Z0VFe4
VksHigphWjU
VpGCS6S-n7Q
W0VPA3MXEek
W1syh1BWAjg
W3z3pieHmLE
W8XMLa-CNzw
WCSSNONbWHk
WFloM1yAhqQ
WJjHRdsGkyQ
WLEJCv7Xmzg
WaWUF73b5XM
WnrT86R8XLw
Wpc1SXAsF0Q
WsgAOcbagYs
Wtq89eHDac8
Wvzfv9g2SjM
WxXWryihgSc
X3whdBa1RgE
X4x7f0U_9VE
X7DQ_RBgXLU
XDOjmvrERUk
XLclf3_wUjE
XOUS8zwlpqc
XSNl21bgAmg
XXl7zfVTEuM
XY7cMKvP26U
XbpeoPPvzQo
XdTd0o6aJe8
XgbIE-zHVEs
XsykDpOMy4g
Xy7icJSTjL8
Y-ZD5nWG3bE
Y5fVmPeHJ7U
Y6TGCQ-4bFM
YI9I-htACIA
YL7WSBolkAU
YLKNhybUztU
YOJ31n6RUaA
YS695ESk1MU
YSH8DlVk4ic
Y_NzEdJjU8I
YeFGh2eiXtM
Yg9OypJvlY4
YhGP_cyjoIU
YuZgPSq1lOM
Z-XFaR54CYw
Z3gXOKS8dWc
ZCT7ZrodKxA
ZFnJj8h89ds
ZJNbWxKXXH4
ZNUBMM6ZaNI
ZOwk2NqKzLg
ZVB5Nc5jnBI
ZWZdFYQwLnA
ZZdcIiYEsw4
ZcaE7jMvh28
Zgn_XoQWZhw
ZiNgx4wyKSA
ZpwKxrdTp9o
ZyX8OcopJac
_1Tk6UWe-to
_3ao0t_eKHM
_5OGvon5C_o
_NBGn8j0jrI
_P6lEzaJ9rI
_Pxwmn_7aD4
_S7vTFQ7rYM
_cqmPA92D-M
_vZ8sgLyMDY
a4aUX5u90oA
a4v2buPQmoQ
aECH_wOnNKM
aL80UDnX0PA
aMQp80pd-ew
aWBQT3vnYgc
ah9z8K5z_ZE
ahWcUZfSufI
ajOkQMEzVmk
at8fGpKa2LY
auKqlybTXmg
az167wemZ-o
b2wjp8NJCF8
b4hdhQXT6bI
bA4aamOLlQw
bDLOefC5mT8
bG_m-YTMbXA
bRxzkEkjR8A
bT75UoZTAbQ
bX1T97xbnCc
bXFNJa3aHSc
b_YIDyB8Kcw
bauLy_uk8q8
bdgFMWutNvI
bumDur435bA
bzxsQWEkdFw
c3rHtrRavXQ
c88_bLu171Y
cRr9S9Vnxvc
cfLFMLA5vOw
cxAoxSHqCwQ
dNotU5rOwxM
dVnhUdpAIw4
ddTD6Bvolyg
deR8rP5Tvy0
dinIHPnG43E
dpEkV7AH6Oc
dqlW5BdrwyI
dweeUDd7QRs
dy5MQ0etZOE
eFrOvgCMLVg
eM7yheHoZ0w
eUOUzKluNIg
e_7ln2mlQ4E
enckX9l7JKE
enrbw5tXbHY
esGgOycoHyw
euu3CrgbBlw
fE9dkPm0T0Y
fEvJ5dujQZU
fGX0m_YOyBc
fZc-YztbkNo
f_fCoXnQacU
fntibtLFoTg
g03S3mRoXls
gAuWoaXx-_o
gC16ldFAIRQ
gM1QcAs_VRg
gYAoTkeFWJU
gb1wkzZA5ho
gpJyADtFWyU
gu6uv2BK3ko
h-q8cIuxTvE
h077V2x6SCk
h4z6gxub6o4
h5szjO3vrv8
hFWizr4e81o
hFdgh3ic6TY
hIp4dB9wX0U
hLRU6BuWDms
hZNngQ_gXBA
hbz2dPpXqgk
hy2dSjy06xk
hyJgwpgYsao
hzLYef8ub-c
i0NHaLqudR8
iAhjiUh-Pho
iKePJ1d9FVU
iUa4WAZp7U0
iopjXLo7gnQ
jG52PWEJJuY
jGcznvY0al8
jGhRiwGHh30
jOWMsvAoyQQ
jXOUUk2_7IY
jdEYT-x9iX4
jsyHcvYxDio
jym0TKhbvKo
kAzj4l4Gg9o
kDhtrogJ1Yo
kIjxrFho5YE
kMDgewGx9Zc
kQXXTwCJ-UI
kQaf2xUWdts
kW6knQ2LjFY
kdBpAKxhU70
klJlV50yfz8
kpDI6DQ63x8
l7RamaS1irY
lBZt_wngSQA
lIf1jQnxH44
lOVvwp-yDZE
lb9LbQbQ_-s
lmeTJrgNMi4
lru_Pt2BzMU
m1zLlfirAhU
m6s_x9dXJLc
m9kUy06GPGM
mNlIMCPyJSQ
mbf-GIXN_P0
mbsgpcLkcCc
mks33N1aNLo
ml3EKGctkBc
muz0Adhtgz0
mv49CcJ0Vy0
n2Jdi8VcdyY
n6j5z9Sirng
nBjYCz9ecxY
nEKzZyGbe94
nLWkKjDHDRQ
nOv_b22xSx0
nQUiHCjqm_0
nZPfu21yWhQ
ndipCEs2-H0
nmJ92brsCEI
ntvNRW6BQEo
nyDArxtA7Oc
nykI8tpS2VA
o-ykZy1IJkM
oGfXwxtK4jM
oHArbvbyCxU
oRUl7jYbJDI
oSNFeVzV3OI
oUMz9i1TT8k
oeour0Lba3s
og4L3ucqycI
ojvZyCGQBQY
omLxg1f35ag
op4mLQdvDds
oqbH7OlxpF0
p-q3yluOTv8
p2xGVmoTG8I
p5NYlRd15hU
p6fr0UFhLjA
p7FfRMJ4o88
pCv7jY-5STE
pEYc-lsPPQY
pJyfyYtpJSY
pMtZO4qAzS4
pP9dNRElZpA
pRpnR30Bv94
pUzAMH-pFLo
pX4kuEaFwtY
paXvc_o1XCw
pcJ4oWGMW1o
plO00_7XT-E
ppXRrsF-kgY
pxhRqPl6ho4
pzr1OKcz9cQ
q1lhDi6ilAY
q7r4gDVot9U
qBk7YMKrZ_o
qMHuck7dZHw
qYnxxrkDi5g
q_2XlnQKuEI
qqaoBgCHWgs
quoV9XwoTrs
r-F3ueoigfs
r1RphstinZw
r3JPyYYhmd0
rIWsSBcidlc
rVmC5NwNLlg
r_JCatYpq1E
rl_oDiZPuW4
rseXEft_xDo
rsyew9L-fR0
sFdtsmxIh-c
sI8FagAIPHc
sW019-VH2mk
seJ7xeL1Uhs
skvFuZxFx2Y
smgfBusbAik
snIvRhmsUZQ
syQ48iNjlfU
t7NTqFWGjfA
tOYra-qtPwI
tQXp4Tim-ec
tTh7pvfFk3E
tWBDEWmAkF0
tbRXgWeU16U
tdqcs7eQoHo
tq30wYgKWFc
u7qn6lFNDpw
uE1IR49sqxY
uFYwTovcqVM
uGGO2A5Uysw
uGmm5ciCqqI
uHk8kZsEdXo
uLZON5NY8Dg
uTOdoDtaC0w
uXM7w7bvpnw
u_n9eHv8N1E
ucDUrDivZx8
ulH3DVgbpiM
usjUH0kFMu0
uuHtRMOGlyw
uw2yHJH0Yrk
uxRvNV4uuqQ
uxV_gRQAk60
v-4Ca3LjMVw
v0GvqtT2KRE
v30MWY4WAS0
v87cUMXOmSw
v8ARMt_zEPs
vA7KybvoaJc
vA8-Y3pr_3c
vDvHnR1dGVM
vK10CkUB-v8
vNpy89whZeI
vPmSQrY1zLs
vWMfyjtG6vk
vXWMUsDLL0w
vfeOi4cZ2v0
vjqPJ5Ngr7o
vo1TE0_0ScY
vvXAQKDn2D4
wIue8sS6-cQ
wMap_I76Gy8
wMkXObmGsu8
waIU9bhQ-Zg
wik1HgzDWZs
wjasMKl8XF4
wo-nJi36biQ
wq8kW33ffCg
x-24uPLfahA
x4fwPmM-kyE
xLet8iWH-uw
xR0NZOKlox4
xSwQeshvaEE
xWeWh7d7kps
xZBKOfMX6iI
xZXHCeNeJCk
xd9l8pt-4JQ
xeGE26V4WY0
xjKdECsCJsQ
xueM-XCsJ1M
xvEezc2F5Q8
xzXB3dWwX4Y
y0BiycHz5Mw
yJml6CUbGqY
yM9c2z54lPg
yULs1FISWKI
yZR5TXxnpkM
ycNSg4PWMyU
yfkfEmgvX9A
yizfy4B7Vog
yn1zDaFGpYs
yr32NSWLoCw
ywGqw1Os_xg
yzlGY1lXD8c
z0Aoy32Xz9Q
z47T_QjJ7sI
zRDA_Ve0m_4
zXEnU6iI5L0
zYKln4XH15Q
zfd2dSSWBsI
zilu4GCKrl0
znITCAxAzJM
