-6JFzsbin2g
-pCbzHJs1Ms
08bNKxnoZKE
09oNM_CMKhw
0u_aDwx-R6A
0v28JBnB1Jc
16-BZe1WeOs
19qMCp84Z3s
1K3D9c1OVyY
20MgBqwUbwg
2V6oGSLjwu4
2XCEy3GaClo
2qDF-Ab1-pI
32uSmZAz6yE
3oR8MfLi_KA
4BHhWEw8LnU
4aMLLs7EArw
4gl8VDW6Hlg
5Ar-TMtP1Tk
5I5lwNPPyUE
5fvtv6Zy9Ts
6N-2f1e16O8
7Q8qyP_GBMI
7jiVfkmqB9M
7omcX3Z2yFw
7zPqL5rL9fc
8024FirJmMw
8Vc-JuhmW8o
8nyPp75ygeM
9DAmo4ue4fs
9l_3uY9VS9Y
9ng3pjLMq3U
AAWrNubv3cI
AgieCt7ZAXU
Ao5cgkGrbgo
BPqP1yxkWP4
BSq4ReVi4Jo
C9CsyXsTIlI
CO0bXAA9kxE
CTgkj-em-XQ
CjDMQGan2vg
Ck2tFN7NDHE
CqIYIO48tOU
CuY909Juau8
DI0c-SwhBtw
DfABLTwHLJU
DfReiNfiAu4
EIZI09_QF00
EPj59cjYYFg
Ej2vAwDU1iw
Eoy-hCpWVCc
GB3tcuKkM0w
GMsuhK5X6Bw
GPK4i8l9BHM
Gv7g2VV78po
HBP8D0RhbQ4
I54IZkS7dJY
J0awHL9-kVA
JHH37knrsAk
JNerLEPU03k
Je2Bj_Cm7_0
K5xwXvlFmQo
K7KFF7rPWSA
KHcSrD9kOSY
KYivYohG-dE
KdyzSD5lZH4
LF6y0QUJvvQ
LW1Qs27zais
La3veyKUsfI
Llyh2WHGaCY
MUjxpjKaVF0
MUlFlm63SwU
MbSF3MCxCNc
Mi5Q7tv8aPU
NVkvsTt5QwY
NXRnWETt6kg
NiGat8kP5-w
OSyWkNJzj6o
Ol3nWYEFu7k
PKBK64WorkA
PQ2Jt51KEzU
R8Uole6mk9A
RJOzUWqwfCs
RM_lEqTiXvY
RhlQWc0r7XM
RlkWgL_MNEY
RpqKKIUX_-w
RqhNBx1EAp0
RygeCeaMyaI
SyOFrx2dcjw
T60tmSUWAFA
TX1L4DIsKaE
TcNA0g0roD0
UeYicHwqbVM
Uyet_g67_DU
V3LX0xR77Bs
VLKzBF9answ
VNO936oJsbE
Ve9b9Iiwjy8
VufySV6CDzU
W3pAKcWsA4Y
WCiX0adSGIc
WUNVkANqnVU
Wi8XnW_b2UU
Wlr1EmeGne8
XEffMpBFtcg
XjZ64a89QHY
Y7Hd8tmAmDQ
YALp4uudtlY
YCBxbc6KZ5o
YSagVAOnfBs
Z1602p0V4Y4
ZSOux6wJsls
_0ynF78yf7w
_TwQ2dHTQz4
_ilgNZ1-Tfk
_zlkDavLINQ
a9q3ANEiTLA
boB5Yav9yWI
cUKr1YobfNs
caaPBIOnDjo
ckHTmJTtasw
cqe6mxJdjyU
dQ0p201t61U
eTIw2sApaDc
eYIWfSOJpEU
fCxCrlwc2Cg
fH0L66Vh4Qs
fHBs6hFXzXA
fI_8eTeB3nY
fr0a9Vg3dQ0
gUeZeYpOWrs
g_uQMI_1uuw
ggu5f7tdnIw
hLnJHBqWZCw
hMqRmXWNxSQ
hb6vw1jY_EM
hvRnqbw9SJQ
iLDayV5F9mE
iLFSWeFUhpo
j7UKcDU1oJY
jWXHDGUW69s
jv2Lq96dfsE
jxQ4JxXGGlQ
kPjJ8v0dfHc
kZU6b1n_7o4
kjvndh8Kbqo
l3c2wO8wKJU
mGljUaMyn3s
mSpI-2-qJZY
mczUJYl3NkI
mtJL7wqMr-0
mwPprDdrLyE
n9RTdwqdwO0
nfXMUUq_mmc
nkZoUbBq3fU
nlipdNUwMBA
ny4y8MmEmWc
o7X0akRSoMQ
oEu2XWLhyDs
oP4t5_xv9ls
oVrQ_udUzOk
olZqD-PPcco
pMXvmyywyCU
pPrWjR_WlTU
pVzvpM7thME
pv4WvJVfwrk
q0QNtCq7CxM
qDF8UT_Rabo
qK5SJhJyhlA
qi3nIdkeMG4
qqYicxH13kM
r760GtvKSmw
rOIOjjqtcZk
roatpDxVjIg
sULrnDMkuh8
t2QUdsa4I5Q
tTJ1elkedaU
u-Hwss_CPMo
u9M-CnYILSQ
ubo6kVS2NXI
ulAs26V_2fQ
uyo5HSPxRNw
vBAS8ZmMXxk
vG6qiGdao6g
w4ELizxxKPI
wPUtLWo4dpE
wcTQHo0soP8
wiD4csiSiCc
x6D-y8RQWIg
yHZes4kdzyc
yQzt0_WXxqA
yTaXTgeEVX8
ylsUvBKutz8
zB_-mVbLGDs
zhZjB0ZBUYM
