yzaMZSMPMJQ
8jbCb7PlA9o
fdaqudiSo5c
8QGm24BZ6nk
WV-FQmPaRGc
h77XnsAq0ek
Jy4CsxNafeE
yacBnfp7u7Y
TEuGJbhhUQk
DcN_hcHXR_0
wNO9uO02ElQ
guXNEcwg6os
Qr_TJBZeO-s
W8c0JjtsHH0
-GaD0RCp-Q0
zdBq4ynqnRM
Y6Ue5hQ9meM
VCv-KKIkLns
5NgsfxIWNls
H1HZyvc0QnI
o3Lbk6aTvkA
UVOhgly2VEc
IynVBmxF5Sw
21BbGGGrq9s
sZt6a77GWJs
YtM1FxnpZ5o
bi2I0OLs33k
c7tSvJEUnq0
XZ2IEiPirIQ
zAArv7MksRc
WKS8ZhescW0
-UxznOwwS6A
PHnldEZ6v_w
QkGMtsomaUk
HqCwByAPp0s
01c6J7M1uP0
vMwZaKJouSM
JcZqtBy9MT8
kFRkjyvnTp8
CqkuGBpZ_q0
o-2RMd6WOg8
qaNP4AmNWJA
ZRjkSqVedfY
HC2EMDL4EVo
zsnc0vkwWRk
wPFnprOY7A8
CgEjbHILudU
b3nDCC2K3rY
MEjFW_tLrFQ
w2wDR8rr0Hk
Oh4lCL05XWc
J8lsvvJ21Ok
GR1j2ADyGvA
XVzOCy_H2pg
m6p4BpgTBuw
t2liH7h69z4
AyHpt8uxwSo
1I-7lpZu_PA
pGeQPvqimq4
aVTYxHL45SA
9XyzilDYPjA
5VbAwhBBHsg
i2GCdjyn2tE
oo5dFEW0Vk8
SJ2KYVKfURA
vQALSeGy9aY
TGtFqe4s51o
pM9u9xcM_cs
0Hyt7gjHYO4
ecim4DrZTUE
QRzvINzJTyQ
14wedZy90Tw
ak6Uj02DTjk
pdRpCJ5acrA
3CurwXM6-rU
9Htdhz6Op1I
sb69lYnO624
BlM2T1beKbg
qL4U9Ygtxh8
dpNrq_wiqGs
ogMvNgf2xsk
yvzcqhTqmRU
LoLqSbV1ELU
RY7wXC_b0R8
mxqdVO462HU
ypTbEKzwMEo
R7_iRzxI6oA
AKpnjupuJb0
YPRnWowrq4E
j2LmPyKUFcA
DrXDngdIp0s
lsJuGnwBqJ0
plr65MD-FBY
JYmTBT7DvSM
cxABjSOa6RY
YcGyhaTT8mo
u8ni9wa72aA
VayZxuln6GY
U6_08EYj7g4
TVOozawQsj4
HYYaHN7tQJU
lyRPyRKHO8M
LwQ35usZr-E
w2MH9hNgXOk
DXK62DVgNMo
AbZ40kPqht4
DeXigwGYh18
KL44pSpotPo
SiVz3AnHhFI
JPa4S5HbuRE
D-lhorsDlUQ
W7hc4R8JAJY
NEHvB21dJMk
g5JMKUBMsRg
u9li3zAM7E0
R-ZI1inF9oA
YzLnnGiLNRE
kMPIu_hOXwo
kPweUtct2yY
Mon18umAVK4
PDqGZ89-O4I
2ryCB-Md_8U
BKl6gUvvZGs
ew4Botg2akI
SP8QIcSMCro
3AE2A7nZWGY
EgtPleVwxBQ
VgZqdtKGM00
ht76lDzPgUQ
2Ji14M55IWA
g2E7yl3MwMk
09eUY_Pcrfg
dYRs7Q1vfYI
XRUVTbTUYwE
9892NDNle2E
X3Wr7pSORSc
9z_YNlRlWfA
Ou-gulnNkaE
RZGCa0IjrI4
t-3OR1Zn2uo
65HoWqBboI8
7RZRYDXc7eg
nGlh4SVrsFg
KYCrOcQMXsY
IYDVcriKjsw
T4Uehk3_wlY
igbihUzacxk
KzrspdTxwLc
EeEfD5fI-5Q
O2_A0ViX2Pg
kp14Y4uHpHs
Mz3kHQxBjGg
xhVZZWmPhlU
kJbdWsVmrr0
FToO5roV7oc
hGHu1YIIh_s
Be9UH1kXFDw
DpBWkYiSBtQ
OfQZjJ_pdHA
FnfJXQ42OvY
JRApOhlI0EU
JpIlbJce_A0
UqG6z4RuDRk
7b1OJjug3MI
9WgQzB0UZOs
XB-K14AL2zg
VbOuDXAabhg
REJDzio_h7o
_ACWeGGBP4E
NQ5HVyqg1Qc
D-o4BqJxmJE
5SZZfpkVhwk
OAEWySye0BQ
6hmgkimeaEE
kpcjBD1XDwU
xz-F7YRrYGM
-QAnOs-O23c
drNPMrdmqMQ
eI43jkQkrvs
kn0EOS-ZiIc
M71JIWWV_Q0
EBEUhO5_Flk
mztMzzD8NiE
ml5uefGgkaA
Zbm3hjPjQMk
xIlXN8JpbUM
knsXavT1Fgg
MkKEWHfy99Y
AqCMFXEmf3w
59Xj9tztQWU
3jX-f06Ke74
KhB0hwlyZkg
pK738Pg9cxc
wE7khGHVkYY
CXedqMlLo7M
fG_redhOxAE
Wm3OiFBZ2xI
ORiTTaVY6mM
FuFgUzUVOFs
D5WkP8JZgdw
D5WkP8JZgdw
Ie1OdNMnrig
R9C5KMJKluE
yBPIgNguPyI
6JuU2niGK2U
kxSVpYc2osA
_lbE0wsVZSw
QLzyVUyHsx0
J1gE9xvph-A
7I8xY8FKo6k
LrQWzOkC0XQ
Bud7XR8crWw
dR04ArAhxd4
L7w1-nLWLFI
2uaoEDOgk_I
oSmCTqX9fRA
-fQevMEQDJQ
BkaywE91KvM
rLwWVbv3xDQ
kdVdUqISrpY
_LfjILXswJs
jtYk3gWRSw0
ek8ZPdWj4Qo
CPmN4-i9zC8
PbkZjkk2YuI
9hltevOHQBw
OQsKMk7l9Xg
wmSTPvdzHGU
E2ran2qmTJ0
yI-8QHpGIP4
ovbspHZJ9b0
ty7ffiSRSAs
6OqXMPbDCik
yC7JncDNIsA
wQj-lKfBvbQ
vfsgBBky4bg
z5iw2SeFx2M
AAin71VkbzQ
xsgsMsCsnDc
_rnZaagadyo
e_zVJhLLnKU
ht2bDlJd2c4
lkF0TQJO0bA
klYUVGPU5ps
dNSteCm-cEY
RnwaJojcRRA
EqYRCU7hTVE
gsaZ3XFXvoY
fahC3ky_zW0
Qd3TDEo0kfI
o0uzJEOBwNM
pHXjj-2uEss
4LMojMFIuOM
KnjtWMsEAQw
2-TmmLk1jZA
475ORAtcDho
0qlfo8ZOq64
LVT8F3dxfRE
R4O0_jSW6HY
mzLzD_Jt5d8
CsA1TQVcVB4
rfagvy5xCW0
qhbscoh2uUo
xPQLWTWSTHE
ThKvlgnLyDk
rc1CZifW1QM
TiCA0CEePyE
DMJEgRH3Dys
E3vX8tHW1J0
3o4VzEyJ0WA
Z7IUvSusI_c
HKvitzi75Wg
DUCrOO5vgqQ
DqJ_KjFzL9I
257lhkkhakA
DL0Ix1lnC4w
yr8F2S3Amas
g0xGAn3x4VM
W1pNjxmNHNQ
uKM7xqElLAA
X0wFcKt-VpQ
tOI6LO6ruBU
ITS9dtmduJQ
FglWLLA4g-s
d2fIAEB1lGE
c5QjFjwV_SM
_wx7gLNyMp4
ZqVhrVaqu1M
1zqLXeKf5DM
f92BRLXEHOo
a5riWESpM_Y
Px4ckfvecHM
G38y1h-cGOg
gX3H9tt4L8c
UIKWVi5Eei0
T5m3jDnxwo0
oIZ238OOX0c
9B7Q5UtcsGI
aKv_jeVmZ8M
tTjnA1x3vEk
616dCIMICXc
Zt4OlQNJ83w
8j1MWZGNoXM
4g6srBYeDag
FeQHHTiuvCs
EugvHz9Byug
s4kjDB6jZ_Q
0mcn43cdrRo
CGMOG_5tbxY
RFMjIjJ3ics
LhIoknQThFQ
yF35XaQavlg
1lOF5Ciz9iA
nuku3g0rBhs
Gaw_dsFWN10
vUkVcfy5ku4
3HgKKOWl9WE
ESSB3GvE9e0
1MhYTvHSv8U
tTjnA1x3vEk
b9fqqm_ffVw
7a27goWmKZY
ADD-rvsS5z4
XqEkkiAefSc
f9q9nAMbDOw
Io7fDWXDl6o
2Oo0M3qgjds
rFOP4l-oh2E
bE9QuhHueK8
vT1AUdQVvOo
h44p9IOaDwo
_JCImtDa0Jk
tUbB_FbIqPw
l5lG6Cf8PXg
TAzkrXTGEOM
XLvl8CvwHqI
pU8WPvWz8is
Azt8Nc-mtKM
cdvmoZFByag
RS36gBEp8OI
ffxkzgvn_1Q
6r0-93cyI24
hDvv9gNlGJQ
7dUzh2_mC8c
XJXEFZ3PEN0
fMKazIco058
avxpkFUXIfA
bUGhG-AZpu0
tcFe0Rj2pW4
Jj0AsGHPDJw
YfNqmuTPKlA
D7LB-QPxH9c
JzB7yS9t1YE
6Se8A-GNM2g
FBXRwu6hgy8
uLdLdScWqJA
DIX_XJAYhbE
dE2T6ZxcAiQ
qBdG6cwnWps
JDakZMlXpQo
MeZcQguH124
6fBS8LOpIQc
lFXPOKvBEFM
JPXw5Hw--4M
8Af9DCAtPH0
WWT0ltBf3MU
XVjyIA3f_Ic
KIFfibtzaEo
eD4x4gj4u2Y
bNJJCREZgVM
hA0hrpR-o8U
NeF0zpT4gNE
ADp-Dg4jl0U
-L8f5_gbFSs
T2PUH-GyNT4
iZfAA7CQjRU
p0A_CYBLcYw
-hFjL9RHEE8
_OAoH-r8rRs
LlYN5r4kko0
Ty6VjgVHiko
qVP0jhTbnRk
vOnStV8wJS8
pW2oWy-ePS8
flU42CTF3MQ
MQKY-QDhEBs
3VUMl_l-_fI
vm67WcLzfvc
cRSD5QHAnig
TdWLTxEg8Tg
wUzAavB-QZo
jwUl0w5INdQ
QN2x8yg92Yc
lEkWftN9l-4
s2dTJ3qrj0Q
RCsdYGuJxSk
mnyHcjoLhbg
J9wUfnWBQcw
djseM8tDbyo
qoQoP-nYDzw
GghqoraY3xg
7bDT4BE0Mp8
yIaYQGPuZbM
ogfYd705cRs
ydIHyyROq-A
LlYN5r4kko0
k91yNuWl1eY
Y1QF1N_RSd4
RUougpQ6cMo
t9g9NW3Q_24
O2UvKxaOH7c
tzYmmBB04Tc
Y8iQJOjw4S4
BjUkL8DFH5Q
n7icVeJn9KI
QC51FEF0JeY
iVYpeEd3Jes
rKf6CNJsaPM
hVnE531QLmM
E1bQ3h7Rrpg
uxDuZs9k8B0
pSUkTI8f3ys
vf56H9jY4-s
iY4l_-C3GI0
jRJDNFQYDFY
aTzRu6Vdho0
h7HOt3Jb1Ts
BXgBOwDYsNg
kfd-oLypqFI
SUgI9TQ7JKA
5wtlj_q3DjE
7ZEPNnIl91w
bW48n3tJXPQ
mKuINIBrR1g
hLL-mJyiie8
Vis7NdNePVw
fq4N0hgOWzU
TF1yh5PKaqI
_DkJFQR7LuU
9ziF7F0OWIs
N0fFo6uQfOg
0EX594sWAaA
QS99ZtQZQVs
o__4SQOkuCI
3J8AJonmTHs
XdZXpFBvTP8
y818zDORfh0
PWuTUv5fSDY
EJpKnEHc5Z0
R5vIUjRZaZA
DibpyE2l2TU
rXiWXWV1Ht4
LFmM-Lf6tn0
9ZkLtr0Fbgk
LapJewyfwvw
o9DPc2AF_zY
0mHspoS5Zf8
ymAodmjdvic
Fifni75xYeQ
SFY3he2hcXM
S0fEqbrIiBM
VqNU_CYVaXg
7Y01IrU2D4M
3b8cMtcoc-8
4AOI1tZrgMI
PLHln7wHgPE
jF0kD7lxTTw
x-J47osK1_g
zKXz3pUkw9A
JIcmJNT9DNI
4lLI-hZvGg0
-HUHRRYQl5k
_dDbNFSdBWc
oimGULseQ4M
FUxV4MIhS3g
iflV0D0d1zQ
GpLb2XvKv20
9FA3brRCz2Q
0a0iZW4RZXg
Sk9ZMIQDpUg
hgwHrZ83jeM
H9FbNi5aYYM
Gsd26EuSg4g
Fgv2dUQyj10
iL_fQUvH1Uk
2SlN9ZaV6xc
Whsgl3D86iA
LwrdOvK634c
bZyrL3XcBL4
qO5SSBIUlXw
i5P6MB8l88s
V7P-o0OiwRU
Xw1bfpfaaGY
IHoEFRR1s2c
vl6at4fD230
MZZFh7n6gbU
a4TMYElwmVE
095JjPMoD9w
YZHG7QTrXjY
wmjEPausiGU
wmjEPausiGU
ua4QGWmDfB8
PzILuAKyXIg
t2eSCJvYnME
sjpbu4y6F_M
tbAOQT_RlXQ
BMO4e6LSELs
FgKkRailVb8
e5QInAMqEKw
BdmMnCKmKsA
3d_fF8-8QQQ
8EuoGckN-HA
rlnDNGihBEw
B0GLgLfIHCY
8uTcwgWhnb8
Mluxp8skbKc
uge4IIJxpJU
Few16FmZjSs
13E3XimOzWU
d12ra3b_M-0
usowH8hdM9I
9P3h6-_UJAQ
BHLeAMcykOI
9cDvkVCcIWE
X93Xn1YfY7k
8Ks_vUtH_sU
qCNomeCHWAE
_Hg_v2AG7Lw
D4_gQ4BrI0I
9XVasMSJSoU
cHEahGHseGc
Te0e2pZO-is
kaPheQxIsPY
d-kzhpdKmTQ
GKP4AS4L_K8
YdATt4-3gYU
3BhkeY974Rg
OtqkQZz8VUc
ykSFAs6S_Kg
Cn2dlrSSiso
Nn97goCmjFE
rTDz-Zcn7yk
wiuDqJahljQ
oBC5poZlqB4
3NIopUsI4ik
5ebKyxE5P0c
4BRET4zp01U
rLWllZ_ce8A
7Wfz719AJgQ
2jgZg67zepc
LDRbO9a6XPU
hSX2koEIEi4
bx88UI8o6Wg
K-er6CT66w0
hzB1SdDvnq8
KUOxJrRCzDY
ZgaQn9coYfU
8YxemdlSGts
Wec3jyZWloY
sTY_WeJtB5E
qnI2S_9TN-8
rdXR78bvXts
kmIBB0CIAvs
ihvkBpTZ8P8
zuGE3eFQD9I
Y4IxkNcHTEo
mhYJ1AX4dG4
4PAfMGEI9Hk
r0zCs2b_ReY
IhSLVr4QNGs
2zWSr-3gkWY
Ts-uxYiBEQ8
rNux9AnNCVE
7kcDL5BDe0s
rFbcOGuDMPk
WmGfr3vK_g4
tk_Eq1apGGk
hJtTdunppn4
prlK_QL_qOA
MOHVrrEAQZE
WcJkoRNbfv0
Y3M9NjUGL7c
E0Ab09yf0sA
Fnwj9VjE_BY
5bVaWr_aIjA
KRSTpo6gqqU
Ob_eLCo556M
YbF8Q8LxAJs
zpR_jQXc1fs
eodArdGRIVQ
FdiOpLW-7jQ
5-xBThCQ2lY
cuduUHOwPs0
ILeMQcT-10c
BOHZHMmTYbk
MGgr62ZrfdU
y4bIcUv0lbU
e5MR_atKHv0
npts6Y-BZkU
iVVQ8Fh79jQ
reb8Bi2sdmg
saom3AP4YD8
s_D1TBopAS0
1cOIm7n5V54
ufKqfXDgXmg
KlWVfEiW7Ak
6i19-b6Px6g
ppwOgJip0n8
jzWYv8y2v1c
1rF4LJfLftw
yM5puUMRe04
zX4_AafG5n4
KpqRQAkQbqY
--0Plt3vyt4
ZRnbbtqxBEc
kzBtqqAMip0
Qd64idiKZWw
f6CfMq-xEes
BEtPCT7ZcE0
LDwKthCoCTE
QkH3DqG9pJs
TBgJGX-RfII
5bifEBJRlaQ
vWZmhtQ0DKk
LBcuJ2bVEpk
qmeAAp9rSVY
DI2GGWUNLgE
yBk2Wby7JC0
cOANqaMnkNE
wuDP_eygsvs
2FAjQ6R_bf0
Q84HQgI3Dd8
RynMOvYdsCg
SCBgDBMkPJ0
Fo-1qrHeQXQ
sgZMxQpguKo
pz8EQHMRr6Y
8gd_fiHQW_E
ETeeSYMGZn0
DIGfwUt53nI
noc2_1k7Rz0
u8JTHJYS1vo
vAgKZoGIvqs
sqYdlSF0BI8
jUFetIK1whg
ES9jArHRFHQ
0ueamFGdOpA
LlgMcJBnNN8
NoJOl3Mk9QY
dGYu9GtEszE
n94b0utqXEw
0rBKw3TnL00
25ISTLhz0ys
g4sJ47NIFRY
q96zjpDWEyA
j2KMpcbXdZg
ZvccLwsMIWg
NcHQjL_WlxQ
PiYWaPHGK9Y
QOndS4RGU-Q
RcwomojIbx8
UyU1k6eebp4
L1Y3VPBnEZE
BJCqRpvvTrM
D-65OKy_eKU
oOLo071Pj1U
_NGxTsHVPnE
1cE0r9-dnns
By972_gh9DY
A5XzoDT37iM
Qi_GVKlK2AE
vLRutvtJwLg
BOrg2oc3-rQ
NDI0H9F08n8
Vl31SBafebk
0JWGFMtDDy0
0PmWruLLUoE
38fbB8wCPzg
9ziVGkt8Gg4
WKxY5tjHW2M
fw27RFHP2tc
HJKdkiqc8gM
ETWhOWvqH5E
YDWlOFb4B6s
IZhLt5E1oiE
dhl7AwJL_6A
v3Dm5aeuQKE
qcU0GuTJ2ko
OzAdKMPgUt4
K4v_QnngRdg
-RD7fkl7GpY
mmq-KVeO-uU
5DknTFbcGVM
a824fnWE5S0
EtQ8Le8-zyo
U4QBI4PJj8Y
tto90e-DfeM
W6Q8MCyuIks
Y26vvxCb3zE
BsL9SKj-K68
ddGrAy0szCo
bhyfipSz3NA
ssy46m8_Xz8
M0u_WW0nDdI
kq3UxNioKbw
KqkOrU-XLL4
KIFcZ_7ZYLc
PPwwxIN6M9w
U_GM-LKKANw
LihPSdAiGi0
W4T99Jhkz-o
rIdYNzH6nDI
f2P_ryNDFdc
EeFeM_gS_Ag
lH5aywLo-Ic
sxxynGJ650A
Pm5ih2PxyUY
AiTJagUYR5A
fSBLFoO8g4U
9mU1pIE4Blk
dxaN55hj7nI
sjpNek_7z-I
ED7nG2HxBls
KKRbwO06SwQ
iZBWVwoJaJs
5OffSm02PTg
afpVbqPOjck
0-AzxjJmmW0
Or1uzno8d20
3cF1POPvbNo
nJjPt_n3SjQ
Y2VF8tmLFHw
wDJua9hgyZM
ZvyrvowZ4wQ
0IwJEUoetQQ
TDnOotm2WtY
p9mEryD_TvY
4E6yQLoGO2o
upwcDQnQhIs
QOVuwWW4Q9U
w2nzY3oIWW8
GCvzneNGxmA
6KuMlkbCid8
Wsic12MXlsc
ghxdFPgol_A
87dQNnslltg
W421BNZA_74
o03-tAPtxOk
aLucEpmdcWI
-xs_CVZa24s
QhdvIJ_qlFQ
Ji_nK6Mc1UU
Jzrqrji_2xk
VwRbvVrUXTc
o6ZRAq3IUYQ
GTzCS-LFK0E
zbGm0Oh3VMw
rgvpjQQEuUo
T1FUDXRB7Ns
Wq6tgEZ5KSM
FT-Hbox56UQ
BcnVUg_5Kv8
nHg0Kx2tGjY
FkoDrsstyYs
8wln4ayB2sA
3uqMdsrpzEU
79ROM84kZIE
Xo1yRBPxw7U
kl_O7qhtmNU
PvQBup94l_c
laoeH1T6gVQ
90ND0yQVYg8
WFoFdha02N0
-LMe7ge-NwM
oxveJRh8dWc
Hd5eNtj3o7w
pvyfddIFsVA
YV4BOhYTd9k
UOptam261Ts
oBV7SwRJNok
omsqHFNKhiM
27ln0tN59nk
S6IP_6HG2QE
Q8HU1II7LPI
Y0IbD1S3LnA
-F-TQJtbFMs
kY9COWS38Dc
sAsi9QRgWuI
tcwxskN7n-o
CA7fjRfduOI
-my-JkuXC_Q
H6YDUjeM5HI
wmqdjIk7JC4
vM5NaGoynjE
NV1tkZ9Lq48
oOeZ7IgEN4o
RIR_-Xlbp7s
Tuv5QYKU-MM
q_IkJcPyNl0
yALzr4A2AzY
gv5Bd3YswXw
4CFbXs1T3q8
la_M6bCV91M
0r9w3V923rk
VdDmhOCw6J0
kAOanJczHA0
UeheTiBJ0Io
toK1OSLep3s
t64ortpgS-E
eBbEDRsCmv4
4n1AHvDvVvw
mWl45NkFBOc
DRyKiCdMDc4
NwW4-Jr8irE
LV1CQl6YCcc
HH0HGMphTKY
ZgoqPkK9pAk
klUtOqLakpQ
zRK9N14Kv-0
KvBs1fAaKVk
OL8QphMn8jU
pOp-32twRn4
WR9Ca5ODE70
O8BnFRorpuQ
8noKc0Ck2fY
_l4UaUix8vA
p5gmPgH66_I
8UhQYiLehm8
IqltJs6mFaA
Q1avKhe2kGY
sxzpnESuPF0
UG-Bhbs5Ojc
9S349-sSm_g
eS6pCjby_14
UBa3WLEnCUQ
UCsr7d_Zz-k
45kMbXd4-po
t_pv3u7IB2c
uCYa9ZuQQYw
uyFdZ97COwI
hE1-xvd8OQE
8KTkCOOgR8I
Zk3gB47VnSY
Djv9uZY36kU
zKephxsVLJw
rlzXz9oEjm4
ytXcZ2eNmzY
Pgko0AILltA
xVrVkzn3DzE
9wKy8QwCnn8
nC62OfA8z6c
SlbWGervNtA
wRhxxpLT_ew
Yd2kppQz0ko
ts2TWhf-zfo
WyrCtiWzJwY
u6M1Mzy981w
L4JNz6zWzLs
EPsmPEFhgYE
SqWOvYgQP6I
fPScQWW8Mzc
5me5qpq7MPc
_O2aUCJyCoQ
dm57RF1l0Cs
jOFES5NhH0M
MSUPVbbhIGA
HNfE0uaKcfY
TjBxhXlWm8g
X8SsJ-6lDUU
kfeKF1zgwj0
PT8UQ7xxMuY
IWAY8yeNrAU
niSP1xHsW10
h2_oiGv3ZdQ
_Ve3d8c6M2Y
C0XFVDZ-e4s
EL_iNLAf4eM
86q5TMzvRqo
9x-_My5yjQY
wvsE8jm1GzE
0ZE1bfPtvZo
eKeI63VSpto
oOwfiYnRi5c
bH5sU7ew5V4
X8v1GWzZYJ4
31PWjb7Do1s
wVaknNsw2U4
saX2VQY_xm0
8LSUbKZq4ZY
kxASGVM5WFU
hbCvpQmgCew
LDd0sjT_X70
q6d6B8RnI90
8fOrh8MhYOU
iPlPk43RbpA
lqE4u8s8Iik
IMNUiC2O9M8
zZnGUknpFMM
twr3cDFCeo4
ekBD-_jRjds
b0b5FtnB3vE
8ixOkJOXdMo
JXcNqXbCa0E
naNr0F6mHjw
DKG5CMyol9U
oH6czEQwHdE
aIonwL-8hdE
vAUUOwBJetg
BlAS1mlYRlA
TMeJxWltoVo
Mx-AllVZ1VY
iPlPk43RbpA
CGjdL5umol4
-03R4Fj79_E
8f3YyZ_jMDM
QzUp3EHjZuo
1DSBjh8kJLc
eiBzai1irLY
3AdtckiqcK0
EI8DpWiT1O8
KZq0GT77Au8
sFew8Squ4pE
9dIz1r_LCpE
cC1etrndFPk
Of0gQ15et0o
4XpYha01crE
9I1mn2jw1ik
I-k412n-X00
Zf6Us5xoRhM
wHFvVecewOE
zD8mIgGE3-c
YjvRksDIpbo
2MmEgXz-duM
A4Ll9I9_Cp4
42--rycuj9k
PvVcNhiw0-Q
ineCFcjkgKw
pUrkydy6wG0
9WzErP4dbXc
kyiteKQXzi8
wbxzVvg6-aI
sLZxAB1el6w
J6ASw9OpvMg
x9TMP3u-j4E
cU02IKbi9yU
yrMJHmXGZf0
czgIHJWXrek
e-a4GR4zElA
57z4XorDdtk
K04-_Ic8q4w
8eTCY1oT9Jk
GoPW_mBbU9g
lh5c93vlZ-w
hM5Qe4AaNFY
EdZm61sjw64
0OtvX-kzUVY
loVZOyVYytE
f8Ls8Hyw8_w
C-9X-j-wDps
68jKxTvub7Y
Qz9Q07f-Uh4
ZSfQhbe2aSM
euxtmVCr1-c
YRrOBDJZmNs
Tu5VpWJIbxo
wz0eJFWytqk
yEEVALqc-M4
Gj0iyo265bc
mbQVLoUGezk
pc6LmRYqxn4
Ym7AbRDd9YQ
GZ5sLFvQGHw
OpwYDXiUmzo
xoZsNN9UGlQ
TX9-APVTgJo
75lHEyJZsCE
LecMu_33dII
Kch8n4tcOZQ
3yUZ3bCuKv0
QqOYZ5Yu47Y
L1LxCRZJk2k
pvS_yZa5PVE
4AagplEqZLo
9qCxo0D-Sak
cSKfRcEDGUs
Xmw9SWJ0L50
QZ6scX0NPDk
J7e8DaprNwM
P5K3qqVjbfA
0sjJ4flsPeI
MkOhOXg03uA
qZF1_4TRGzo
webFUiylhyg
VLdrgE8iJZI
C-pnYJXs5CU
sphFCJE1HkI
pPJzBZLiCAU
T9DD8mx79AQ
bOUGPoyYd4k
-uXESF89wEk
-uXESF89wEk
MHCXJT7FM9c
iNI8IkBAmgs
w7KZwlVA-SE
L33hMxuoFtM
3dXQxSI3XDY
yDy1WWUdlY8
gzc6zMoJHzo
58pxJ8z1Vow
HrDx7RpSaPs
86qIpX23PLs
I4Eu3hqIRaE
yJVkdsZc9YA
RtCWcOT9UZ0
v_2asizwX7A
sIX_ZvXIPsI
SHnmzTE1H28
EagX2o5-7t0
AN3PaINwebw
QPhXL1Im7ds
0CrCbQkT8Jg
IJTURPro6tc
8PibIlXmd-Q
r-HlJyNWfoY
GB9CteM3ZNY
nwbArGxGS1I
awKVQUcku4A
IW4_-WWIrJE
9MIa1lviO_s
BT8v-trdjnQ
Na4DYI-WjlI
QhebyS5OXw4
ZFyK1J5NrVk
21hXNReWsUU
rkFbmJSyuKk
jxYsPYdHtjI
QsrLzu7gu0g
qde9DRS_TfY
egsXeMiyV9s
UuceLtGjDWY
f8eyz3NyUuc
3rjG_1OdEpY
8LO59eN9om4
tE1j_zzIgCA
UQkyNDyVgZg
-kjzVB8plZE
t_EInu2cTTI
gwbmGvur5VE
00vzW2-PvvE
8AvlghZKuZY
Rnm83GqgqPE
Ij9xM4Velno
WJY2tGVQDGQ
egk683bKJYU
DuGj-1Hr-n8
mKOyI-A3rS0
FiMz9VIVtLw
-mcXAMDch7s
yvgPrZNp4So
ha5pAYSd64Q
u7iUoxqKaKU
t3xDgONMdlM
l9OfmWnqR0M
uKhpLRv-uxg
LutcJT1t9t0
f4N9131USUY
KknH2dAcpYI
vyfy7AdPk2g
lGUmTQgbiAY
UGlcsJOt-ng
80hrknwD74Q
QR3PIg0RDnk
Gk-xpjgUwx4
HpPyhsC4q9M
LykS5KLkmHg
dE_4HxMne4o
3nYyApSiSLQ
6p3i6H2oGa0
P5VjylR2zTo
--LMflqDH7I
NTZZCtmR3OY
T93bcJh4oSQ
NEYByhiGUVQ
862r3XS2YB0
lFm4s50PnmY
MYYbM7urWT0
L9BqE01SLeE
ySmWlU9j3j4
7U3axjORYZ0
0rpgVE_nrIk
sq3ioCtQhPo
2hIcdOaRfSM
84gqSbLcBFE
BIbpYySZ-2Q
C4ze-KCSxQY
9-fjYeUHGLw
83bym4GmqLI
PH5oT8Y7J8Q
me91AGSVsyo
DdQTXrk6YTk
r2RgFD3Apyo
9gER3z_xWkQ
BE2K1IpXaSI
h-FMndW2kHo
Jw3xAgbFRpU
serM0RiWBTk
N9fDIAflCMY
tRpGcA4IM5Q
Cj1hqmCPMgo
rVS3dW9VkqM
7-kIb8WS7Hs
dTfZVKCpfwA
gm1PzasOk1o
mnA0gaQWtAM
Juxyta6oi9w
MNV52SPZlE0
uel8ugRIQb4
OLLLRUPICcc
3Dp8iONM8G8
tNa99PG8hR8
ubznpe3MUF0
Pk-8n60ZQlk
5WE_5I31Ciw
pdjDXJ0UoOo
vJ7LaRNuR44
WMWpzRyz6g4
YWLwUtW4qQo
mijztNeRPn8
70CNU5IGN8w
NjFUhNS0gUQ
qxW-fHj2dvI
NYItLNYuuBk
XlrKmZVlrto
xcCCen5Pcwk
M1M5z39q2i0
NldQZ4WRyCc
Tt-QKIORcG4
ZJh8EQZkhLw
hP-qwtNgjbM
j9FtQE9Pl68
KOvoD1upTxM
IcDV9ZjQ6qk
cKxRvEZd3Mw
C78wF8VHk10
01stY3VWXmk
vfoTcgUprR4
m0geN5dAOyU
H0DibeHFNS0
tu_NnEf6ow8
4tjlp0uGeFA
MHmtMhAtz_o
G1FV7bHBehg
MH_l6K-8xf0
UE76Fz1N6kw
3qyhgV0Zew0
Gd808OgdUP8
8HDly8XLHEc
tYUbiK0c1g8
eITMTpgVJVU
3AjLV_7cHS8
N03uShHdWhE
bOAukkIi7jU
6tN8TDcLEwg
gieu0JgaoO4
2oGtLc3fBfM
rc1_oKgfelI
Imti0rGJaCc
w3p6sUdk9uE
WdCXm_CroIs
o_PZmHpoJUI
TN7cmfoH06w
arp755dZmtk
w1dTRJ2R3mU
52QvVC5IeD0
GfXaluuA10o
VX1qYPMUL-U
nDDl6D8QSxM
aWDsTKRnOC4
EPSYxQZKZ5I
z_45LlBZOuE
Zjl-qVcie6k
mg-XbhzxLdk
FE1d8BUBSXQ
MZgHoRhffJg
RWXwAO-Fj_c
w0XazPrh7r0
_RjfoNnxKGA
0QeY9FueMow
-67DfhSX9LM
mgudsc-Z468
V2kuptNWvbc
osOCVgUuC3k
jZsr2X_1pAM
PacXfucVWBc
5n4zLb3FvgI
3K6aU5IsnDs
LSCIFiGkGpM
R_fVh-7jv5Y
vKnqi6yoi5o
LkLQl2tj-Ys
4_w2LCW9YX8
5VLvvtgf1tA
yT4ADuZGEVY
CHV9xTGD4Ws
iEauUFcI4iI
thUJARumXWE
qfJmoVWjBZM
SZLp2cidEB0
WVlNl4JDzL4
ZLPg2InQ44U
d8EvXtz2uiA
k0ggir00hUY
2P5XndrwruQ
43seBO5pFLY
-7YH6rdR-tk
lOD6SJd9kgQ
9o5iFSzdxP0
-xwKQa9Tm5k
PZmNpIZfdRM
KzOO9rxdyF8
YphCHJqBo3o
UBJlr6vxm0U
ONHvCLbNk_4
H-zK1mEwTe0
UMKMuYA_FcM
5rmnLJ7GSMM
akmPXZ4hDuU
inmrTM48YWY
nEfSOjIpLJA
rvVYSUhMYX4
tQyk2-iIHVw
HC0YQ_jK8qw
uFOWdNtUgvU
AqgXi_BVYcU
QgU2bgT_dCo
ZcNRTGhWSqU
PQYZ_dzHv8U
DlBkI4IQodY
YPpzOU-Wp5o
MpLatzJGmtQ
PaVtH0w6bJQ
E8eYK1iEnCA
duW8-LUlPsI
RgJek-_IP78
bbnseop-Xws
05MrOirGk_0
57o3NcPXgms
6sEMFtlkC8Q
cgE7bnX2ieU
Snm2u4GIL4A
2Xu-698hHZw
elsSZT2CBLo
-MJRAUJOxe8
r0JrmLrGC4o
lIfRLYy0t-k
wSGEJ6vyUZA
VYJhtf-dAAQ
hJ3bMoK2edc
EoIWoyUjvhk
eEM-chmk7jU
oCCE5B5ytKs
UHXT00Mc4hw
r7BozYf2T_U
x4ARXyovvPc
Y-JFMP_5zhg
4Az0lBPlDSw
FpGovLwT9m8
T3InbH8dsZk
nAUeEJ51Cko
ZyJw5Dg4dZ4
pezqumf01Is
rqEEPBAvTCc
Hi7xV2WBpVI
BnEhYaUY4sA
QQelTN2a5Tw
tKm105KJPjQ
UvCl5Xx7Z5o
Dv5iSzdmWT8
uIIZD4KuIJM
2rPkbyyviGI
JrIQU-noMVU
S-06Lb4znFs
H3aNOaCykew
0Vjs6iqeMN4
HxbidYYAek8
lawxhnRhmeY
tePDdkZUH3s
SRUwEpiec7M
5HywbMLKFc4
iTBEEJ9DQck
IEuMqhlykVU
UfdCNYXMC9M
8dabG5NWbQU
cKIVdzCf8ic
0v5EHf5wJVo
MHUexahJP5w
2y7NX-HUlMc
AR8tdABt8O4
gbHuOXcA8zQ
LHCSyJM5iUM
lbeAE_sdiHQ
dbCW3fsrh5E
UPYLsngzAEQ
TLjWmDKMjlc
XdhvnywOcvo
yaDlZMfYWkg
7wtJIKoKTqw
YyODgiUZ_YE
80KOeuCNc0c
DICth79rMbQ
Ame7sA2gXRY
JIB8pUsZ6IY
UU3MTnwwt3s
NB3miUGcY2U
FmfeXV5j2dw
t6RprWpphNU
weXOulIU9Rw
oMc-qRF6q_c
pUdL_WuYFYQ
CbjVEPNUncY
S1AUIq8GA1k
XiF-iv1T85c
peH9A5UVMQ0
tNo9IoZMelI
eGNWV9zFNqk
XmXxK-Zupm4
DfU2mBcNxU0
TfbEwfYjKl4
QmnI5c85sf0
mUgacVI5brM
kAoDW3gm8FM
kuErLgmJEbs
z6eJAFLN_Qs
-26DGO_E1ds
3HO4j7GjmE4
WaNoqBAp8NI
vsuUkEB2mOQ
qu1RjE_2zhQ
O9GaTDZ7fWw
ShrRdMdJOuU
JQJd7qyWh5k
zOS6pJqhdWE
wZJpfceg_LI
Zlu385pDRhs
nZjY_DPO1qs
Lwvi1u4XXzc
AICpFImhHlE
ZE_7cMxFK7o
bdU7iE52QBs
7TARO6_B2X4
zFxIH5WRAXU
2MHlZPohugQ
M1mB34C861Y
AqiBY6_324k
3OaMQBQ0-GE
e-7etSa85Vo
FeG7MZpTswA
WRdFJB-Ix-8
tjmRUgUca1g
3blnTJEY9CU
Hy6wceqkxvA
Fm3Bagcf9Oo
H6sKba0oXfE
jRBzpZMuScU
YBtVcUo106s
xVuxUN8K1Y0
EFOinOXGC2M
VCgtB7L4d1A
Yuwk05aKIZc
ghgx3j3ydwU
xc2HZSwPcwM
dDwtCjWS7ds
1yaLPRgtlR0
ygFe9Pj5N60
hultDpBS22s
7InjJGqP15E
YrlmieL3Z0k
s-4J7cijPAo
yeNUytByylk
PnDK17zP9BI
6Zgp_G5o6Oc
hBEveMZjKzM
nDPlGcoArdM
djkJq27cOEE
bZ8G5q5Bey8
6PIfNvM0cHY
EcGo3zHUB3c
6kkNgVG6LuI
AAzvk9HSi84
bDUDuQy3R7Y
gYBqrFnF2IU
RHnrVjikRQU
z_EgU_IpNkE
YVOXh-vCvpA
hEMc2aCL6r8
miLnRHNj7nQ
BucGrYACJdQ
4pOJ4_ElHSA
dcmNjbCNvA8
1JfYVGCKQEY
HXacyy0HSW0
g6-ZwZmRncs
I3obFcCw8mk
8rmr3nH6R6k
SufshXztHME
VjEfpl9_iDU
cY77sSctzec
N1Bdu7ukN40
niinvFp2z3I
tsZVZNKAu-g
B_eN7daSkaU
Hg972VjMTUQ
CZpDPJiCrDA
GJX-ZTN5Hho
15gqGuVE36o
sLurUnoPTaI
JXdyooMgZhg
9tvs4uB-7BQ
ND-W4e-pqMo
ozzG1_EY8qg
0YL0xoSmyZI
FFm9NmSfjw0
wCNyuLdwUxI
23VkZ4p0gqo
vG9c5egwEYY
hJdqtBeAUNI
ecAzIIvbKIU
_RwzMCRsneU
6YtvbitnQdw
gkze68UlHdk
xz-yixRxZN8
6IR3WH_6D8E
NrcCUaAaHG4
NUlztWHP9eE
unuqqKB6tY4
FJ2RNTtzezk
8OsrBf8Qtcc
Xv6JVkA4CkE
JiKpC21OOSI
oVOfB2r13AI
TGwKVzUPJJo
h36PGcA_8Cc
B6ydLpkhq04
KPapbl8R9ws
d5_6yHixpsQ
oRcxExzWlc0
OT8wVt1Bt_Y
fmaOvvoMS0c
b3CGgX0QuiA
N0N1Xkc_1pU
OW1A4XFRuyc
UEyvaILFBWk
7xZemjVeqQs
BMIQ80tmDHY
xjF5rKf6ynM
k1-JA7vFwCw
_qVTwHQ3Gjs
DEzTYpTy7DA
Nw3Sl1o_ra4
KMAOX9Sbn4w
_s42ZboMBUE
pZoX3m2Xaas
T8rZ5E2LFhM
Z_K8QPQe6oM
yIbO0Gu9FE0
NijbYJGjzAE
M3Udfu6qidk
o9c3U5_8tGY
u1RjWga2ks4
xgcj7VbDalk
omASiF85JzI
32i7ot0y78U
3i9WFgMuKHs
8IwazMmHWvc
bzTRslcVC6o
898S7o9UnPA
f17qe9vZ8RM
w7adxgUfATw
zGiRUt8_RbQ
9YFGN8vCYm4
wcjqBSei3a0
euEsfNR5Zw4
rimovXSTU_Q
iEAjvNRdZa0
mpbWQbkl8_g
DIMqIGax8Co
Qwh1LBzz3AU
wf9hZcqQI7A
iP9m9a2KEN4
DcezrMhwaSs
DEYeuVUCe0c
fD2As5RmM8Q
e86fiDgmpC0
8UicJ0SxBwA
jyO3-rF4Mu0
VOn7VrTRlA4
iZZdhTUP5qg
4YGd3Hew4aM
f7ihSQ44WO0
ndBdf1_oOGA
SA4j6KKjMRk
_ioFW3cyRV0
HY9aaXHx8yA
2TUvmlGoDrw
_kKTGK-Cb_4
P--rg1o7Cz4
1WqcEHXRWpM
-3ry8PxcJJA
zK2i7ivzK7M
oGrXdxpWgyY
j3QC6hcpy90
W77JdAfnPvM
Il5aOkva6FE
2fIhW4jSJ_8
VpOPOeTYaJU
HAK5acHQ53E
vcSj8ln-BlE
wIy8g8yNhNk
dH41OutAMNM
Z_huaXCsYyw
_s42ZboMBUE
S8sugXgUVEI
Db69MAwvAEs
Ut3Hvbvs1bs
R5ON3iwx78M
QDM52bblwlg
M6ZRJX-3Exw
MZOf3pOAM6A
ZuF78pVzrE8
0bkjRNHHzg4
Pcu9bi1FjC0
yrzUyKVs_lE
Z1BjorKTbo4
MCa2lF9to3k
K-RIC4dkkD8
q2Lba8CRPeE
7oBZdWW4Xsk
7m6Z9d0fDaM
igAiCoH2vno
rjA6N6dMD3Y
Cf6e9TkN3e8
sRtB6fVLf2w
2eu23_if6Lw
s12cZ7UAKFQ
bSOREVMEFnM
7jolqbtIdiY
SLjuOPXjHno
0tt4TeFcFFI
kC5MmY54IBE
CkwN_6nmSuw
lM4UjJKE5J0
ZY_zpMlpqLM
vl4-WMImj6I
L6hQCgxgzLI
_cI9NcArhYs
_4ZK0bwhnX4
lrntrAKvAH0
4Q6Nurtb_9c
OV8BvxpNQOs
qq2NYKBwIqk
2I6fuD20qlY
uGwyJDFWICw
locsd-XQ1Bg
PnIWl33YMwA
t8xdEO8LyL8
NHsmiY0rFS8
Azd2-5wCjUI
VIdxhjPb7wk
hYt9lhMie-o
wAR1IDYAZcQ
Hg3cEBgq9Ds
Bh8tugWZsP8
Qi8YG6HcjSs
BRnnqbTwkt0
5-32KP0JHaE
4O4jr0tr_ow
xneWkyKLuk0
2Ef3ALvbkhA
y39pZCExsOs
kazpTc75-Bg
ttawCATgEM4
voo5mxStFKg
MUDOIAssBDs
FiXiI2Atexc
FOn64iqlphk
U9Cl-c-BXhk
82M8DmFz4P8
fEEulSk1kNY
lMUItDNPRvQ
1V74sZx5oek
j9i4Eq9_S5Y
6bFjZq3OM8Y
p7Q1mQtFGM8
Hr3F0s9oKwQ
9bM5jF5rKrc
ncgK1gyJnAI
xc64NOETsZg
REAnmF5FHUA
GgiusBuk-4Y
XVrZs-0lfcg
GHFvRpfJCVY
5Be2mJzP-Uw
kYLrK-gD2Yg
88rG6FHEeUg
L4468grremY
WjKWoErGg5w
yMWv5x97iRA
egLnCUUV_2M
3lrXwRaxnYI
RVhmpEHa8Jg
U-l0aTOA4Fk
qXRUY8IYv7E
Yz4I0FmgwiA
OTq9qpnm-Ps
E4DKC-fijbo
jHrXRaK0TVI
lkpJdXlmWwA
mEO9gxn2VtM
r86-P_HOyac
3PIc-DuEU2s
vvGVsmWdjyw
w8zkLGwzP_4
ZdUsc8atqgo
xWrr8AjSrhw
JLLnhwtDoHw
Ysl0nfiJV6U
mSjz_Boxupw
IgPDQUy1rH0
J71vutTfYg8
E219CKtyL1Q
cw8ylV-Jq0w
PYfyT2KtWhU
39NkpWkaH8M
bMPWMoe5UfI
WLO3vVEsO9o
MvxQkVnpPc8
yMSRr0lvlm0
xPo3gfTXXOQ
F0Kh_RnSM0w
_uBaaKEWaW8
B3FJCq54CT4
RKh4T3m-Qlk
4l7iVm9Oxh4
2Qs4IBMNnjI
McAvq5SkeTk
cD7NPxuuXYY
I7vgDRER0Xk
tDmnGNkTtlE
3RLau7mWdUg
nDnmeGgd8qc
TjGkQAYTa6I
rswSiFTENSM
V9HshCtTHGI
5nbB1ux0D3I
UE5a-CWbavY
H1dEY0pWj3Y
AkVbeFnqCME
RiusCMNsHGU
olmL1fUnQAQ
wCY5iU66ziY
A6z8ybD8_cU
MueSHMNyGtM
6ON6fYO4FbY
THn4f6zAuJ4
4SbYHWw2Zy4
h7qHsk1nWKI
pzfzz50W5Uo
OrLEoIsMIAc
z9yh1AKhjD4
haxusGuUyt4
NYWV8zrcie0
2uIUBnmWD9Y
KDb4SyFtylU
FdMoL3PzmSA
e5YDb-XnDVk
5gArR3JACBI
JvPUD6eI_vw
4hsa7uJFyx8
4WRANhDiSHM
6K_jxccHv5M
mGol35FFAig
USRLez_6Me0
wYmEwLgj2ik
0bqsCoOrlHY
jQWB_-o1kz4
o5hzkxXdCwk
K2dodTXARqc
Ay4GggfZ2CY
SRo9RcE65lo
1s_LoWy2dBU
Psp7YivWL90
hkpj-xzXhaw
lEEMoCnkpKw
5Pro9WpF2LE
tQ_NRQUFthU
A-bjrru5bLU
XGyBE8XNQfw
ceqbkxwuqJo
eMlwcZSt7vk
SpMIYtl_A98
v5dy2RiDIEE
eMlwcZSt7vk
VJQtNxyKJhQ
tlfOnKv-WIw
2s7UAscFUDw
k_7zdqz01sk
VzYkVL1n4M8
7ls28uGMBEs
vkTn3Ule4Ps
reMau7d0yeg
1iaHxmfZGGc
we6poP0kw6E
T52v50r-JfE
WH9AFhgwmDw
CaMTIgxCSqU
9i1_PnPpd3g
HXQhu6qfTVU
4D7_N2XEw20
zua0_IXcPFY
gkh2pkt49n4
CMGM_iYcEJw
-iB4oxAJYtE
sMAv9RKlHjE
_T3VSbzuf6M
Oi2xHZnmZow
BbJSwGlUUv4
GtQK7lGb158
tNgBQC9qMP4
wlFVIIstKmA
07xPF7L6klY
eZj7uM9HaMg
vlvIa4DxiLw
7uQ87m9RB74
cvyk5iRymqA
PiMNMgVLTKw
P9hR84Iw4dI
fvtMtfCuEpw
GhFR-G42mOA
-UgHN4WGQ94
L0hfcYb9XiY
oL8Pcw9yUKY
4IVomi9s4BA
3QVMP-bCOUM
bDkhD8Vv7bw
wpNAAOAyixM
A0rF_D_ZGiI
4KEfqz6oniw
O9H0s0Eqq-A
7z9mzCblTB4
7cRHRIelwVA
0vqSE5v03Mg
ktSpKip8Q7M
M_zZlZPUR8M
jkZJp3W8XYo
UNz5j58ZPIc
l2-yvOmq5B4
deIjUdHue4Q
Wp6gbvH1quY
o5vBqG-IQQI
ztHMwIAbZ5M
ju6oOsFOc3k
rKzmcKh5Zkk
JuO5AZBrpC8
QQF40qveBjg
z6dg_V22wV0
BVWAk661NL8
0LT6W5QVCJI
mu6iXaZjoTc
kV0hgdMpH28
mwBEj9sXKN8
6vcQlD-jadk
ScVzx9UvNLA
QbuLq4f6DGQ
v0xRTEf-ytE
lboyR-A1woU
3dAwZVsS8wo
RCFQu0hK6bU
tfSiXRy1vEw
ayD0LiZkWLQ
1Gagj0D3Tr8
IqZ_-GL6Wwg
kuZsQp9ZU5Y
iVtTLZl5RMw
DiceJ1B_4LA
jaNrJ8uyLSc
aqc3ZOTzpdk
vGV7FHGzpFU
TBotFdipP2c
LvEkHNwPCRM
UxWA92qAJlA
ctiaVxgclsg
Q96Sw6v4ULg
gSVLuaOTIPk
4zoC3eaa9z0
htSnYE2aLks
ymmRn6GukWI
qz_wJ-MSvUU
FjwecMDIkyc
nXjwX4Ax4AQ
JpJQ3hdVO2M
JhpOw8mq1jo
sDZiXYLml_M
Y0eYbTb7kLA
7ohx4c3G6yQ
brvh8NreUwE
brW2DYHdDmk
CPJUGlWSkMg
8tiuWYs5Z-A
7u0cKqRPYhY
7kPrLMchT5o
QbcHYs-OReY
7bA_7yY8X6I
5Lv1rZ46ky8
m7YZZr1D6WI
Vmfn0p33cV0
0OXeN3MhFeA
vwv2cqpNdvo
ISwW4Vr9KMw
Y-i43l5FCOs
0JVOksC3SwY
yK6WVRGJoLA
CbgyI3ueznU
h-gBeC9Y9cE
DYAwYxVs2TI
Z5G0luBohCg
1oSoaFLuTwM
ArnixrBgi3s
AK342F1Hk84
NHVtLC5QOpo
1pkKMiDWwpM
P7riQin9Bfo
PS1FbB5qWEI
Mmbw3jdClZs
zIdfQIBVekw
gX0n4JUl18g
AS0xHuPWRx4
CbNU61kSf1g
wiLvha7Pjb0
iVJA-lGkEFw
W7albvIq0zg
ewd7dfWnAIo
L79xwN6KwdM
WnldoklxyGM
3wipr1KRt_g
pU6CLjJUf7U
J8UCRexkjb4
q9c2RiicFQA
QmszsH5RlKI
9Vb_S_8z-gA
BM2z3Jyycik
GZmK-3sZ9hc
fapiebSfsPM
w_T964XgYY0
EHTU5CxhoZ4
z0Pjm7l-VAE
G1D4G4-hPY4
IwZq9N3zaZ0
hS8OLV-D1lw
jwaQaWGLlTo
8M66vHvGdcQ
2xBPPcEmido
72K1VhjoL98
K2NN_XzAdr4
UODrF2uH8FA
gxWO-Zcwpc4
HHXwsgw7M8s
-MZ25irzH9s
U3pXmtCGqsA
um1S2u022HA
Is4FZxKGqqk
wZ-vmosZzFI
83FpwuschCQ
_Kf_a8EbsHU
i97WCfv4Si0
OjBPIfpnd_g
FrAZWiMWRa4
8ky1AuCwkPw
Eg8muhjUi4I
ei11qjX_Tf0
S01IkjKTrIU
tmhGlaXuIn8
ngBy0H_q-GY
5orABU8Kwfo
BUP34M8NHr0
BAbszTlBDI0
a0GSP2B6ud0
RwC0dhG5pVI
4m3I6IDum5Y
fCugnJZnWsI
EEgCy-HFNgE
9dQ1HquE0Zc
vl4q0Q9ucIs
vd1c7RsQZNM
ziIsXjP1c58
OaqzLn4-pxk
pi0UEgH9eA8
KfJfDNy_S5M
qC5xK6H0GlQ
mdcA5fR91S8
xHcKiSGXr5s
w8xPdH49Vlc
BUP34M8NHr0
7E-sqJkrlJ0
MiLF9gIVHUg
Pzc5Dly_jEM
QINlm3vjnaY
DbGetREJSFI
S-wwIayCRw8
VfNPLS9VFSo
YT_SuYX4vUI
eEU3t0x_pxQ
tgQPLSOyel4
jeRWyYIgiU8
sm6oiLAHmZg
lHp3ht0Qfvk
NXyNtnW6Cew
Rr2vXDIVerI
Iv0abV8ziFk
naQhSkzNGAI
iHc2RBZs5T0
p4gmvHyuZzw
YaG_ljfzeUw
AZ97b2nT-Vo
Q3bx79lR6EE
9e2X7KJgRuw
9Re41NBOTWc
h_FEqYW5mZQ
NGFYtK_TbeY
QRsXBXm3-UM
dfweWyVScaI
3Bq521dIjCM
LaxbdIyBkL0
bvDtEcQdGs0
DTjsjQ0yAz0
_8CykecwKhw
jsiqvXi3qSA
ENcZ8tQfJ6I
rDZ1AjDJjFI
Jo2MWlKxQOA
Uiq2kZ2JHVY
2aGLr6HzmQY
oK_XtfXPkqw
iQTxMkSJ1dQ
cLseFtnbGdY
sZxpH87aYlg
bEJNe9XMNdA
XIIVJ20qERk
qW3Ufg1JNRE
RDqS6kT77gw
3lw2xnOqyQA
BecVFzDMcZg
XOcCOBe8PTc
9XFBNoZeS9A
O2u00E3uAmM
7LK5v1ofQz0
QRt7xFuJ7wg
qbyTvQnHcrA
AGGzIgjmRQ0
WcEwjmZ7zsc
T4rltdASLSA
KKxSpNKCNdE
zM1lb8TAh-E
ckxd-kq2-hg
kM5tal9CPvQ
HP0DIYjngFM
REBM40yirDs
Xtp3tH27OFs
b_rvFrBwMRM
eSPMRDcq9Co
zpEs6fLnwO0
Lzbed3jiU5E
XUgfwYzv-WQ
s7JLYYkJuNs
u-F3-YrxV5I
EwyNqC7-lDw
guBhCueabgc
BmzpsRGcL4A
ZwleqX-E9pw
jIPVzXJzge4
8AnDgDK0gPU
ZR3rnNAvTy8
ksvdvCDO7pA
KdiKhqGVHg4
gZS48XD99M4
a4_-yS0VaZ4
J2f-_ntHCd8
3Q3-2aw56qg
CVPZSniHfhc
seHNe9gjfm8
PqE2B-YzFuc
ftFKSi3zwj0
Qj4_R4q2Kfk
WKnbyFK1Tgg
137XnWlUTKY
rbKuIEZ8Icc
cplwtyjhgCU
Vwz3__JECEM
rb46OzNB1k4
YJgxbbvANRI
_wSqjXwOB_M
mx59kEqsXrA
i9hQk6da83k
3CVz8aqQ4_Q
7v66PKGbn3M
v1KKsLukIBE
dyUoixloi3w
1HsFXeXfris
pw_EjnyjJwE
vdXY5qGkqdU
koprq_ThtiI
UBU_cYFfy4Y
bvGnRWi7sG0
k6bcgWmnecQ
5ci91dfKCyc
7GuLKRg3AuM
m9QxBc0OeoI
1w95PJLr8V4
21xbsbF4mJI
d7NsiFXcc5A
GBAEG_RuqeE
VvOLw8sv-ck
YioPrPVlgH8
xqviGwyy7y0
t1PxmN_QNFI
rKnR8hplUdY
PMH1vM-dSc0
hUNOZdiQk7c
dmX2MpEBYhw
O-bfVfxol1E
EBlTzQsUoOw
YE_Y7VXlLsg
0bRLtJHo0pI
ctzWKRlTYHQ
_X4sC38YW6U
KBhOkfbbZLk
12NFf1RGpLA
NNLnTz6yIc4
dPb-QLuX_Xs
k-o333NzqqQ
DFog2gMnm44
yC7Pf3Ad9t8
92fgcUNCHic
9vjntxXCUNA
RYpxUyGxhrA
pkpRYTSPJK0
QjyHF55OFVE
FBD0VlcVS1E
YyvvxFeADh8
HrLyZ24UcRE
ssmix_q_BJQ
Fcq-q7HLOZ0
GiJtAS4Ljdg
Xt9Fc3-wp0E
gKLJ4E1_yAE
97SWYiRtF0Y
Aysqpz_8WK0
aWQUSiOZ0x8
nU4lvgTrjFI
cBhZ6S0PFCY
9TJTbRw4ri8
HKrYfrAzqFA
YZbbfICteBs
ZlY714W4uww
73iPNS0ALpQ
lSH9aKXjgt8
WrA85a4ZIaM
sha_w3_5c2c
dZqzz5lZFvo
TnLiEWglqHk
YCUZ01yFtsM
KzSKIpJepUw
cV8JDSO1NS8
2gLq4Ze0Jq4
vtxmWnK2-b0
ChdCHy6mibw
tsk0pWf4ipw
49BH7nxbBmY
_yy0CDLnhMA
hu4U8XKmJGA
BnxPwDTUKdg
EXjPsvwIDwU
Y0Z58YQSXv0
DKUxrZED_0s
K3meJyiYWFw
y3dCUPeyhag
ea_KCJ2qy6s
MG_nOddk01E
G7tXr-w35UA
o1od_3vR9fI
isYZXwaP3Q4
1jcgYI7rlCg
aJNzuxhZSxQ
8OJ7ih8EE7s
3TtVsy98ces
yRbOSdAe_JU
7jm6wINhWDI
j5fYOYrsocs
6VjF638VObA
4uQMl7mFB6g
2toYLLcoY14
mCgteBXYxQc
o-TAyIQBOuA
675znN6tntw
lZHwodEg0Xo
xo_R40C7RTo
owhf42SZadk
n8E8Z5m8MwA
oK09n_PGhTo
t90Vdn9r1Cg
Wvx-BWKL0u4
IKhU180eJMo
rqXMwLbYEE4
g_zkOOWsmco
zvW4VO5a4w4
svfu9iQ8cyg
DWpBNm6lBU4
midJ6b1LkA0
RhiPJByIMrM
6ERgbIJ6pCM
Q8jZHc0NS6A
u63WowmIEao
_b0iU2LzlUo
8vJSCmIMIjI
k9dtjsLi9Lw
_ComBx_QiYY
QdINLG5QrJc
zlP0Nt58-Gk
KNKGM4ss5Sc
IXDSPlVZRJE
Rwc4fHUnGuU
vsmU09PoYy4
qdyNKNt2XLY
sIcieUqMml8
ZNSLQlNSPu8
4y4-xn4Vi04
vPfz2VwIryk
jrjfZ2ltvgE
iulXz8QTD1g
6E7-OAJFwMg
2fZThdNbHcQ
kzuYtDy0ZHs
gfGuGdHdFJI
iYYHRwLqrKM
WyFz2XJEFYM
UjLJoMWSXts
Ww8ISWzZGRE
6Dl6BdrA-sQ
wkOUqsxwPyQ
UhdiQmS3kDs
FbVWtYPpzIs
vpRsLPI400U
_M3z_vu45to
GR2s3L9_ziQ
XXw8g-FbemI
x5-ntYM_2UY
5uF3925a974
pNKnhBIVj4w
I0lt8Tphn2A
ExNxi_X4qug
ZaVkKagA_oA
CrskWnKG8pk
Eh2adsAyTKc
0oOwrBEeQss
yNe_HdayTtY
KB94dIamAQc
0tH-KHvifMk
UEfZ3aeCjoY
q3Q5n-FFWD4
-wD-R3kNojY
T5y_lmLngAk
W9pRpSW_KqA
UqolCJsvD_g
oPJrX6xm1A0
Q8TXgCzxEnw
8VPxAv02bQA
1kM1q8Ec8ok
jz-q5_kYH0g
DTOXrh4s9vw
ShM1EKhTH_o
MjgtSIaEqU8
4XE6ft6SLSo
DYnMg4Bc12w
43YqNFi99Fw
XQo2UjfjIc4
IHYd0f_kVS8
AishSTITOq4
3330vFPJFJk
dI0EY-UrmiQ
IixIYhN2SdI
gvE46yxHKHo
fqskv1VT_kM
4s8ecdXhmnA
Yj3cy_aQayM
2sSpM8Z-kWo
p0rV0h7KgJ0
ZuX3OLboe8U
S7KkLRk1Qoo
9NHzdCjeXCU
DsaBwqeK0k0
_oaEomdek-0
675znN6tntw
Ive8WaeldWA
OzNuzBDEWzk
PndUfIx6d3o
lfTECEAH8o8
obrHov9XfRk
hnkTi6DfVKk
1rUZmkifDPk
vGotlqDeUGk
TtHjo9xsWVc
5MnhFmFDLj8
Bl4Qne-RpcM
3zzWoWojYQI
ep0_0W0qWsc
eORqFaf_QzM
WdkT4_OJ2WU
JwBf_9M1S7k
fMJT2sqOstM
naQBzfMKPXo
aGvFbBt-LNA
pL8Ytg53b8o
_IBiXfxhF-A
EIZ00OfxbK8
Bzkk6Bb1BmE
zVK6TKSx1lU
ljYeHwGgzQk
LKRpX98Hmok
YlcR6ZLebTM
3M5DCiscG6U
Vxpekedb5eo
GiVDKLVGHvk
2pCu5Bz6F_Q
L4BBgVMpaUU
WtENuzU6jn0
2QAtx8kjJFw
IOY2UNZU9QQ
oqUE9GNsDoI
5sgpFz1tvNU
0dOXbhenFl0
bQmqmLrGhpc
y7Wk7d3ICLA
X1ZFjOZMSQg
Yg5g2aMKbNA
o8oqYceKriQ
qfpEOGW-zUc
Y7IxA3l1P7Y
C1hTKfHgVX8
PgzTKc_WdfQ
dVIIib1OON4
4_d4_0VDVI0
yLdhyAEb_C4
Zc7QuyFTlsk
9LQh5g2zOsM
QPHcBB1L_PE
9LSP8yY5TI4
mfMeXnv_NOE
JXWJN0DtH2c
pUzOHaXtd5w
05RFEGWNxts
Jqc418tQDkg
6rnF2Mo80x0
V-JHfZ9rsDg
L2csmUSlUDU
JUzjr1bIRUg
HBXrS2bExdY
ePdJzs7t_3c
j1ugOUJDKmk
SYlr2pA-Sts
LeomsPDB0kA
iPmN4CvLGJc
75EuHl6CSTo
UsXYjqCHqfI
rZ9fhOPooN4
8-Zq2KUN6jM
3QLmAm9xtnU
esA-d0Vzgnk
Eb7rzMxHyOk
hJFiz-y8NGw
lxxoSSVm3hc
LSLU8Gxt-rc
T2Yww1Tt2iU
u_3RNRe8E_4
SARlgLNfv2Y
jFZ5c6f4emo
HmKbHhUw4-M
2r_tk_6MS2Y
24NF6GjUXgY
sRn3f8ydWQc
6b-0Y9JmwtE
WesbPh601dc
fjpkPe6-580
0wxyOng0-14
JO_iRBEgnLc
nvPsM3uHeVw
L-lMnhiAzEw
eCg_VoFW46s
JOAq3YN45YE
tSCMO0MZWNQ
tb0IG7zqA5k
9DDPFs6m_8A
lGIjN0u3UBw
6HBGo5KBQAM
olZxCZh31yU
_IeIrQFIyyU
17PtS1Qx8kU
Uj_dlTSVPKw
kQcLfjZ5GDk
M4Y3uQmdKYA
PveM5OtYi3Q
23ghle6ixXY
yvc1lTmqTW8
jHXzzHElFPk
4-jdUdhs_2I
2SaYkWNv0Hg
A08J2V18igc
J-EDS-MmTDM
6W0w-82z8ro
ndaRd5bl_O4
_1gbvQq402M
1pvqS-VKJgU
TNdUmu1uNL8
upUL2Zbosuw
GpYK9L9ur6U
Fl1KEmacAL8
ntVLv4pwssY
-wCjwK89Nks
KqbXoWraUmQ
yCidYLRagJc
GEE-YuJQc2Y
aUBDX9X8UDQ
0SU8-HJtYYc
u3B1BhyXXdc
WARB0e2Wj_E
K83o7uJOUkc
335cOmciP3s
aAE4-oLsTUU
7Sp4Lr3Qmcw
GrD7ymUPt3M
zZdoL5d7KC8
xFf1sBc8WLY
GLKMc7A059w
CZB-CaxLjyw
OrExDr9HFDU
LBolKCDGt1o
qokEYBNWA_0
-yetZr09Lsk
43gvHZyPRVk
7yjo36rY4Bc
ytT2-kL9v2o
vyIap827rHs
aupC-Wj7XDY
B_EVh19Y5Rw
xuPKrjJ8Ijs
A7yMmvrpMJc
cwpmvI4vxNQ
3D1P_R3bz8c
4W87Tkb2mi0
Psllr2u_QmU
dIDQeGCkSSs
75ZKks0fkio
tKIVJ2TaS2k
nidFG0Zta4w
OzUrIBYWCDA
icRpifqETso
85bDTDsfXGk
qdNXJn7QwGs
wUHq3CYZOYM
CJbmJ1W5wys
EJ8XBfbyoEs
s4IIBU6tgF4
xQyyr_a9rQ4
01583oGsafw
WP7BXe7UvF4
yHWVi3hARJU
By0gwgUisK0
FgkiRpQ3WcI
C2c0E8Xynq8
iRNNWdpwnKY
qEeNwIoXkhM
P7tFfbK6yq0
gLeTDUMb7HY
s2aqoLfXPD0
m6EdVYt9rgs
JNEJPffln1k
awr_nVmVcrA
eH2bXZi82xw
Y6kWSAXuUZY
EIph_lai3xc
xToSDON7Zmw
4MsAzyBlArQ
NeoQsLpDh60
CJv2VXS7kME
clhnfUMuhN8
Qsw9Ogb6t4Y
Zt0Ozc28UDg
jNvm-lBu34U
ZQXZdPTOF3M
op6uYO_HxIU
QVvHtWePQdA
Y7xLuDBpZAY
8XDZSez6ajc
4laRi1yFpvM
QiLM4ePJhUI
WZn4ia-3c5Q
iUJ8C3q5vWY
JEhSpHkpqSA
WW98b7OS3Nw
8bmA8XA11Hw
aeunYjwhhDI
VhDAqfXxizY
S1Ta8AMbkGU
USrM43hZSOQ
C5U0BH1HvAc
30yGOxJJ2PQ
s1g4H4-MSJg
aWWyP-IMcg4
1HSZgYjnEsI
vNfsIIZFZKI
YuKNg8w2Rj0
TwhBIUDjSOQ
F9Nw5-wP280
22pE1IP-yoY
rETyjwI0yNw
4FGX3DdC-UQ
Ot-lmWblajk
vyr60nTYiXY
VzYb9ezobh8
rjhNcBph924
M3QlgIKB9X0
RjUlmco7v2M
Rj9ezNIY7T8
JlNfpGKy-3g
-t9-pjH7K3k
9naxeHGIaRY
YQDV0oCe1Gw
9moAdEslwkg
Upc2egpsdEk
t6LbzHMDVUg
5VSodrgSSF8
cEqHe0F1kzE
mJieRxJ91Y4
l3bw8Senjmg
bGVDeA0IB4E
lSdM3yZkj1w
HSCsdiqNjGo
U3ptD55R5NM
3D-ag2C1lF0
8NlXV77QO8U
5tryPc9BsJM
dLNbMkFrbsk
xqYR4lvoRoI
4Sm-DbIOqiU
aELff9AOodQ
tb-pn4-mI1A
A2ou1D_BK1o
q0LjaPCOAxU
i4PIXHQrvQE
kz_lyHmVlXI
VF5W9WPydn0
KlXUEHOkP28
BOHzSLfmMrQ
M-OeJ3XoIJc
NmEjkT_r9CE
iPq69CnYxMA
faZhFVRbswo
4uGPT3LSfLk
C1AbhKIMAy0
GkDIM8k0TpQ
hdW8BxUCyP8
99wfV4gMLYY
WnAfMD8knAI
FuL-OX_O-vQ
-7ml51INtEM
nmfUoSyFBSk
h4I9R1B2r3w
dXiel6zCCec
a-VluxK-UIk
kor3B4hCcs8
dFWjcaPvTkw
pBFQdxA-apI
pKW2VQXpWzQ
cQepRK_24oA
8VFroOi-ifo
Q9xXvoDGxvc
MquLcFte5mU
z4SYD_E9pzI
amKqe0_kiQA
vFsxQHSSkRs
1jFeq-KF6HM
4eauMoE4FE0
MZrWW1lzFK0
RhUfadOmidU
6_oxXGPkQA4
tOgmQxg4Iy0
XMpReEoOwjU
bZRPetpUcjQ
ldevgetixyY
J0tafinyviA
XEMBSafZzpw
6FnC6Fdn8vc
4CDPk_c3-WY
sJ8EX61fFWQ
392VTLQyKDc
E0ojKLzXoZ4
VKTWdaupft0
hfs5p1BKpxQ
f3NctLbtsNE
FqsU3TbUw_s
l-BA9Ee2XuM
DH1vTVkqCDQ
YyQYhhy1dZI
MOEiQ6sjeaI
Z7sRMg0f5Hk
BTlzw5UAjQs
20fGtfnxJuo
8MMmg3bDOjc
j3YbNHtnYo4
z7sTRdSpA04
Q7rEFEMpwe4
gZH1d2Co1X0
5u34fLAe_1Y
gxZvofAvgHQ
tLCObVFAZHg
SeP5WJMFX0E
QUiJXUN8swA
in2IP4o79fQ
UzvdQF_xGEw
pxM2ntGn31Q
Vb0BzsaCZM0
PglfPO9QbRc
fguNDR5at2E
GfvW3-RSsd4
WpF2v9zlKuY
2JLlWIAT3bg
c8-0Z6nvJW0
okC3WCJqyKQ
q2RuuXiBXQs
VEz-RGsvBMU
oZSLKtpgQkc
NVWZtiytjaQ
5CaBt89dc3A
8wsjMER9fT0
G4od_iTaTas
8O6sChAi9Tk
_P60ykAoH2k
syxSujGxMYE
_DqOy0m6qsA
iKhxgcR1GZg
E7Bafn-pr2s
2dwBB2Xa_B0
gDP2_z3Jibw
8QXvoPB7O94
-sylAVVkRro
pC35x6iIPmo
KcXVh125afc
yJRiUA-IeJ8
MvKEomoiKBA
nWWdTSPcAJA
_43oGk9HgaU
j0GpLtdnDhk
uhWaCO_nqHs
oJnFLcc8qog
ADLmRWZqFOI
dZTJ7u73ffM
NMtUbiRMOXk
PMN-MtrjMV0
oDcK0oGskk4
B-OTCqwyHcA
ZGDJbT2TVxI
cBDyBQNM59A
nm9r-qx14vI
KkRElOkQHlY
MMnY9exoHIY
l65xe6y8gCw
QnSvfx6G2wE
WGNwDwZPPL8
tjX6VxPuecE
VMVj_jR75vE
9Wm6dqXmp8U
2gTubDrKBM4
O3W1yuq-ZlE
oGLkBpIHj4Y
KajbC6TzcTc
HhsPNcVy-w8
8E-KIy3MZ7s
nc4D3ZZBRVA
3qUZ5xzQyPw
gE0v__WZ_Zs
lroarAl9ItQ
ncjdZvwTgKg
FBVXn7d6ZU4
g4J5UCaA598
LtlK0d-6zX8
haCSfz7YjiM
Rnxa8yqa8kA
5TSfsSv7gs8
QZT_QWFGZ00
hO47ihcSGy0
brsAg_AX9CQ
J8pVkTomU-E
PglfPO9QbRc
FyXME4wfy1I
JGmIjzsXzY4
r7oimhJprTo
JXaZ7oBxM20
WRko8ztMl9I
CEUfoQYEkj4
wLs2cDegtyA
VFB-vz-0R04
t368wu7QDx4
CD1P5SQxb14
z4AA9atGrr0
JIEEocS9Td0
haqd_yVG_x8
vll3yvNU-H4
z5a3dq1KEOw
LGT4vj6O6Q0
GFGuaPRHiAI
7Xa2qHqgCCA
h_rhUsDiBCo
gzXWnuzxNDQ
pVcaG9AC_EU
9AhaVS9qIIg
Pf0hzT4o-Dw
JktpQWjmMy0
Wai_P69BCpc
jaT0bYhhaGY
HE8UgSE2iDE
qqqbLJAv3fU
EZh0wT8v3IM
rQp-Zpgp9X4
sAHBfv_ckMA
Uv5wys0bLoQ
whGwm0Lky2s
lJjQPaPAfWM
VHNV3LHSvx4
80ha9VTbROM
L_gz7mvGuSA
8yFdNKy7ESg
OSMItAjWdPU
5eKVIt84WGM
4zWF02egbXQ
8fNWPG2cKcU
HOPo0EZ5USg
khr1XAkRilc
BMmLhi2Yz5E
Fl4H-k5hcAI
OZdoASgxHyg
kWxjYgCL8Rw
H7Rx0xuIm4g
6K4k_YUf8RQ
8s90byaPpQo
63s7EVSNnIA
8S4xheW3Vz8
YQvhfzLUwE8
0aiQlmwsv0A
wx1a1crkPEQ
E_IjY9Y6Xk8
MTyMirxB-RY
4J85FBOlfUI
HZSggo88IwA
_4dOe8fsDCc
B97PK8PdbRE
Mixqzs_yzWQ
GFinc7TC1Ws
sxAkzNaDnIY
yqzQUOW9yK8
HHm9plgI7jM
-iuQRkVXhbA
HXgss2onYtY
NYKyFJj69zs
IPf9dkCX_Y0
NT-DVR8Mqts
99JBmeikhdA
QVnN34YGz8s
YjNADnzNaZg
m25A-va79Fw
ydgiJ6SFVok
Xj2pE7E6B30
lh03OwQ2VD8
7y2VlKJtXsI
EwOsYNi0nXs
rRjNPBZNL_w
hEHzCovutlk
3eCb8qB_JvY
U4n-Cc8Mq6w
6DiJlOgEBgs
KQEv90hZsCk
Tnb9hVixNoE
uJUVrhmv3A8
lathjwiR2YA
1Dywv7Vs-q8
qak8d5XqF10
Ice6GLsnsbQ
KMYh-khkLrM
1oKxLHRY9uU
GzjviYGe9PQ
RjoSN595F0E
VJ-rkmbRj30
HVviF06S1T8
XwSFg8nqBFA
BMYoq85_Tms
_n5pm5w8nz8
4Owaasc5K9g
LcrG0_XTO9o
GtWVJ9ZrAOQ
RWmzxyMf2cE
9xjpmpX4NJE
WiOl0Y06xV4
HAqjyCH_LOE
Omt5YX1KgK4
LTEdxqMksAg
VYvt0gpeFW4
OPBvdsFi7Ss
TTUbt3XgasA
r4FBAoMWIFQ
gwZIyugTHf4
EQ5jB3SJWB8
96v5mWRYb0A
8uQBHwqeB7E
6XOY0F7zF1E
JJgmU_JUsug
BgWHZ3o4en0
DwoqPIxx4AQ
JnPkT8moYTo
FKBR1Ar85-Y
QcdppXSz2Ms
Qz5fgIwyLDQ
rZ6luwT8kuc
Li0-FRqy7rk
YIgSucMNFAo
KvzHF22sCUI
pud4CWVjV1g
ezqD5HpJ23E
tqS4vZ2Rxlo
se9vV8eIZME
Mk5gxuTN-Bg
uCoDxDILH7M
CzkGc4Yjn9c
2IGPfP4I9Do
HcefGjfqr7A
JbWnRhHfTDA
p8wUvML0HCI
sMoQHFz2AMo
thjKkJx3Q5U
ocFkh6ziis4
BD2IL15Rez0
2SLSAUo_Bqw
vjxKoKVr6tQ
G3TthPLaJ3I
HS-UsJwnG-g
ziSXKjvIraY
9Jna_JHh19U
EcQHNaSkQ1g
7p_Tgxfk9UY
NcgO_UMHAkI
nWm4HwMbRmY
8vLKy8GTzbM
4mcoEYRwhBU
RQ_55XPCcyc
VqwWh-9Z9gQ
fac0q5r7F98
FSeb755xh8c
DbI0otnPm7s
CNfWI4i59h0
MgvMD_Y6q-8
v9QfQEzJzh0
VzYt_AI4KvQ
YVgQrnUl6HM
ACfOLpCM0AQ
MDV1rLKo7xk
KuXKnPV4Xj4
Lc3lWIdB-sw
WvjcexaL5S0
JUobnVjQjNM
tcJhtk0Xc_M
GzaDtzj3tPg
k_NtkiMAC-o
8ytpvQJNOU8
Y5nxL99lLd4
Xri6dlCI8X4
lsjXT8sp0SU
w0WxkIEPJeQ
RMzA1B9Fc4c
DA0ZAnxUKDk
0ZvIDA_0Des
N8Rk-6P-MCE
6VFJduVV9Lo
2M62oecMzmg
lzaYch2mqlU
9wAx39s10yw
A3zl9F27-vk
QzB9nMb-HlI
h_YykUvBk1M
ILiBXYscsyY
-ee0iIaCW9o
I3Lu-ogzA4Q
XzIbJCdN0iA
IkDLstvNxPE
F0LP2G0ko24
wH24YwdayFg
Epf2-6A_vBo
l82yxb8AZ1Q
f_AIW06ve2c
hfWe1gPCnzc
8Or8KIhpsqg
KTV9ZFLamm8
jOqCzNyKuhk
Txl7p3oZcHI
u_wFH2TfMwE
jcHx2accNLU
0lmCC-ZSwt8
vCNkSEA2tkY
bi9AUGr7qus
ugWVZqgTVaw
dIBNd9ARXNY
sVpMc0hwqps
ZZNb1NOPTp8
z0_jD8nO5Zw
dl3MjEDp-ZU
Lj4FYWvZrow
nY2XEBT6Tak
cE-q0eDAiiQ
yt8oCeb62m8
r3g_oT03nmQ
CK5GFgDjN5Y
yQxjwjeTVzM
irGDN5Ysi_A
80cYx9aOZr4
LXYwLo4fkIA
GpRbh0gUPEo
8GTEsCX6sXw
yUaC0vaE-4I
t0ogDQ7nsTg
qVsJnWO4-mc
LZXSZ1feQqc
1Qr8Huh2POQ
EU7X3Qux3NU
r2dr8_Mxr2M
luEX3H-vyyE
pZ6Bnxg9E8w
iffR3fWv4xw
S-o-sdlzhkE
YhQOV27pQfg
GKu5tw_bIpA
u5hroyx0J4o
cR-hEUs1rRw
mtu5_IYhgpg
qK1ElUMkhq0
cx_3zWo4sUs
eVEx_pBEkRI
djI-yfk-DZM
UffunYeERV0
8oc3mIa0TCw
WuCVs3bW-ZY
Z1wB1rHAYzQ
DzIy6U-N6ac
29TdKkUmcA4
O3Bf2hM_gNc
CHmmHfJ8hCA
H06_Ic_kDvI
mBEJv7AU1lg
HTr778JctJE
pkIhvfMx5CA
LMhN6pCAZWo
RqmMgDT0ZPY
Im69kzhpR3I
bv64kK_5QVY
Ycsl7V4oHRs
24D9CMrVRhw
RHODep65aoY
Q_Ud7Q2F0F8
FSAPDm7yFtA
OmfliNQsk88
RBvy4RBYQJI
rqtuSRe3QLo
DjPtMGeFMVs
___7yE4w1S0
B1zh4z8nDJU
wqPGFs0cqxI
WX0J5fgGZ5Y
LrjpcR-IJwY
rXLNC8yCRnw
ytLe6EVcGTY
Hds4-BZWy7c
Q_KwwHWWh1k
WeIyyx5CEV0
lEVMu9KE6jk
A_KIiRTlXC0
CQVkeQtQzJQ
ZJ6cLxGAeRs
Q3Y1wvheUk0
XE0AA6gVRSI
luP5yW07HIQ
ZmAmKGYB4F8
r2R2wEu98pE
S6hTimICqD8
HLR-y3ha4mw
N8GCNilJhT4
wizbWG0W3po
W_pobU6v1Bk
CNy0TWUXnQA
deDrnymsdH8
Q3Y1wvheUk0
KzwS-Zbqtz0
DjTeSgBnagM
vojeEYwnuQE
u3gx5IxuYQg
3JtiC0fxEVw
tADvcuYn8Po
bSADRSs6m8o
SOO9Kb1-JJU
nkJS_W-VC9I
J9EKgfGfXbE
O5az5D51ACQ
1UfER93ALxo
c8oJEiDc2q0
ZouqXQlenEY
ZzCsJbB-S1w
3yepeIGwo0Q
yue4X8rcGJU
SE70vIszW5I
0qXMi--qk9Q
humnKZ8nOec
Sxoo6mYeKL0
T-rOtfAsHNw
5XdzRoYo0wM
UMnZiTL0tUc
pWiPyXESqjo
yUxrSu2Vhlg
OHjQ-ywhwy8
ezbH4IJynhU
GNRMeaz6QRI
Msbj6KUH9KY
oWDrQa6jymc
BlBV_2QcwYc
nb2X9IjjZpM
xQe8eO4qTpA
Bo7sKTEfyoo
QtZSAoA6Oqw
qFU5aTT1Eqk
NvCs72hb5WY
ss1HsGr_DZQ
YHZcFbeqUwo
tLriM2krw2E
5saLRld8WJg
VbLO2aOsRnk
qI43Yd0YcNs
k8d8Ht5omGk
62ul9j4IYkw
8PpleT9za64
6ln0LouiTGY
jHpv6Sm1F8A
Ll7k0t10vo8
fWRw8rz9qbo
WElXCOFfPfQ
gVraK5SiH_A
m2eEZG7OLrc
XdbLaLx-PvA
zcPfh0ePokM
c9cqmKw5Uso
t4LI7moi5-Q
wIUWo9dSuO4
lsklCx6rRvc
trClwWlAAQk
ccVhI3USsTM
IIyoFdogsv0
SkHHPf3EdzE
gc-kBK_BcJg
NkCmcTnyNoc
kE-w-ZAtC1k
WAMy9g4Zdso
DCHbHo8rW04
64YQd_UocjM
kT019zkUMF0
mYSWGNMrGi0
dkOmuyL7ffM
5yzobx3qIHU
-8b327v4ThI
gGglWrxKYrU
zuaQkfMAsyI
RqsIPFPoQpQ
fc25ihfXhbg
as0QBkGwp8Y
az3CSG3mzBw
kvZTOCAG_-0
N_wTBKMuJis
0HVJMIeb3aE
v5jgUimpFnw
M6ro0mib31M
Pgk0u4lBiGY
RSBrSQRGdmA
m_bgmdmsxU4
N_mofJwgtJ4
KyIBcnJ6xwY
ybXVRYWqN6s
zvLoHr1aKbQ
fsOiXJxcYAY
OPfvnfnFuBs
f2tJRXDTMuY
RFd3RKuJog0
aZJnI6hxr-c
5lpIvHQPhgI
055ekKZk7mc
euCNWhs7ivQ
pS8udLMOOaE
p2HzZkd2A40
Ul-LbfkJ-tw
dASOm88Wh8g
nH3qrLzGRQU
marDcG1icDg
GPjlubm32DM
zxwsOueJU4Q
LRkLQw5rLy8
ld7kZRpMGb8
ydbp2uDOTBE
SAqmR6bUy80
lkwkx8NO4CY
0HVJMIeb3aE
yiBz40FtBKE
Xe8W5w68BRg
9VEVhASQXHo
6MOeVNbh9cY
LCJAgPkpmR0
XpqyiBR0lJ4
1UhlFHDv5m8
qlrKh-L4bqU
ol-z0mqI-78
0Jtni1m_3ZU
5Od2SuL2igA
SDaf7f9yl6E
uzBw6AWCBpU
o9Xo_WFAyqg
t1fOAKHTKoM
HKvy90k0BuU
JuaBy3e6fd4
A5OOJDIrYls
bv6eVTlfRcM
VzqNdeS8Yk8
4lGBvG9IGHw
E5vv7_G4tcE
nzGfogQqmyE
SKGoBEhhWSU
5RFjOec-TI0
alG-UwRWV_U
EPYnGFEcis4
d3kfEeMZ65c
6HXcXmi3fNc
10m03iyZ0dQ
QdXugkXBTbc
jOqnHIpyIr0
v6qNeml4y0g
p9VUCp98ay4
ReRp9HN7T2g
gqc88qWuiI4
fqULJBBEVQE
OJMH2pRaHgo
nyq4k_HC7lY
QCij88i5_mg
C92vNyLbwn4
bM8td99ZJ6k
fav3OOM0acY
YtrGx8g88y8
vuuScyn8D80
_oZiK_NJuG8
CxB1DuwGRqk
ZhHSd59qNcQ
54BSTOzbc_o
QDDwwePbDtw
UklDSMG9ffU
i8OUSd8zqT4
6HkW0dn7vdI
v_bLHrOmfa0
iDnXJmvN4B0
fQqiHyiQIJE
zhmk22GHaE8
yp8AjMBG87g
9OlvzUgawHA
pFK35DrsFY8
kilmaSRq49g
6ZUXydki2Ts
ihzZrS69i_s
_KBHf1EODuk
e0W2szZ2qhg
oN32dJLOoyQ
Qt1_atU_Qsg
UPkozTArSEs
TOibA_BkMPs
x6qe_kVaBpg
MT7cd4M9vzs
s2K3deq996Q
UUk1bjN7WR8
Jl3-lzlzOJI
3P5-7fJ22zc
6hIEqUhZ1A4
z2exxj4COhU
8uAYE5G1gSs
s0HIP8EdlnE
v5u_Owtbfew
DujfpXOKUp8
Lpk1dYdo62o
sBAd89C4Q8Q
9yZ6KpZ6y44
DujfpXOKUp8
eQxUaUQdWYQ
OPethpwuYEk
KIiCSdRCqXc
iU1NKCLDOBc
_Gsrvya_T2Y
2ox-tauraxc
wf_77z1H-vQ
abLlRNa0D08
NlZZghBnfdM
Bp3i71jaWNo
Lexk6josAtA
FsbLEtS0uls
vQZFaec9NpA
hv14PTbkIs0
R5aCK_GklSQ
38H7WpsTD0M
WzJeBod2-Qg
uxs-ZNd-i3Y
ZbSyIWUm5TE
oLOUXNEcAJk
yMnJDOmYvEg
CzmNbmwDMUs
49pWckcaZEI
0g0oOOT86NY
y76rjidm8cU
VhpdsjBUS3g
r-VL7NKJqcs
GZBLgd07Ra4
7lXWt2L_1qU
_5nG7RpUITY
Bte_GHuxUGc
9_FBMgjJ9m4
-PU7Ixt5_0s
oeB7oK5V4dQ
K6JshvblIcM
x9Jlu_h_Lyw
WEBeNZ8khS4
6_oO9Gwf_do
KGofZI66oSE
jA_A-OXsIss
M3jcSCA9_hM
GcNNx2zdXN4
UK8Ho4p3bZc
SoxbKQpUzqc
u-7uyuTxQ5E
Bzw8-ZLpwtw
huawCRlo9H4
lFarE1hH0ss
LwE_3aRapvc
YyWu9HB9QtU
Kf-pIp2PyoM
L9vI0w263Xk
HCR7i5F5L8c
J2BkWDP2VEY
ZbQWf7C5ymU
EC5-cEbr520
eumC0nIw-lk
DgcJPIRpfSk
MGkHszLrV7g
8bkXuP3vD9M
8wQT6-nkNBM
uZfHF4tQmQE
EBf_OTPWmFk
lmv1dTnhLH4
n8ep4leoN9A
NYtB6mlu7vA
VvZsFw8D_8c
eH8KwfdkSqU
yhv8l9F44qo
q5tFon4U0ok
h_kcDkwoTr0
1M50AXPd0Tg
ZF8vytXJlj8
hd-rnua3mBw
ggxGc_yT80s
8tu6IYCq-GY
uR5urTx8S4E
QZYEl2qrsPY
CO9I3bikFuY
2OgAetgR_ok
aK2HXXF2jJw
9pmPa_KxsAM
zqatj4Nzl3E
Dr3STRBtTp0
GVSxC-57Igk
cqU_qCFCpU0
QuorKiKYey8
QFuCFUd2Zsw
iUQ1fvdO9GY
x3m_weExKhA
BvsdgU9Covo
07wM2ZXHobI
IVjZMIWhz3Y
livPVFxHSD0
6bqURJrMDEI
NupdqRkFL0Y
DpQ1DVTppFc
64sGyGuWCMA
YFx_L_sHx0U
WtsS8sEzEeY
ZDz-yOT4CR0
P5YodNSX4jk
kVSo4buDAEE
a9TPlPc-QBE
Vz-h1sL0_QE
g3dicq-Liac
qEtEapMme_w
v__zkj0Ngx0
B2Iz7UF-Wls
V2ZdkiIop7c
bpj9MVNGEl0
QzWbLQorSlY
AdV7bCWuDYg
gxeKe-2QBAQ
V4IJvsenZT0
_hvrs9wjn-s
6OLE9sZjUoI
5SVxPvQRL-E
7GMTT30K2dE
SasdyU5rbUA
LvSiClYJDzk
WSrIWmILFp0
zJkiit4lmuQ
rrVT7Tp4yEg
yeDWV7PSbgQ
FTaR2NAq0j4
PpzZ5odtfR8
gQMnLXhXfQw
yG1zGD7wAsg
L0RP5n1NcLs
hbSZw-4THOc
gkYPE7vbttc
EUdOx-j2qC4
jwHpWqWvONQ
1fItuKMrnpE
JjnXelh_cE8
K230Aak1W_E
BUwVT7wJdK4
2d7XxIirOtk
r0Px5wXlsME
FJrWc8XkIQE
7zGayIdw77s
VXWpZhTdLUg
NimlMuFLhoE
RSgMEtRl0sw
L3ugr9BJqIs
UYOpP4PCZ60
eRLQf3QuVp4
M7lc1UVf-VE
6a6ZdLR99Kg
UiTHG_yl-jA
R5kaYpRJIqo
YD_dKoIf4RA
BwZek1Pqct4
X42IdOc6Qqg
Pgfbl_o9WvM
G8_KsYkAsEQ
rnm0MvoA2no
MRa2TZbBsEE
88DUIFM_nng
LKMWWKf45vw
xjyMIvOZu2Y
JpWmGX55a40
TlJob8K_OwE
eHM0zbUE5A0
KV_-_Q2xt_s
F1IVb2_FYxQ
9rVPiLw9uWQ
v2fOn8jwVcc
77LLHfBtxio
01v_clvy3Oo
RLsOddbkbEM
NUg7f2VSOmM
HYbGHKD94kY
9bcRX-aLxSU
K0GONNj5hXw
PsVckBCOjv4
jXqrgtm-yF8
EzfyTGGHCuw
rbLkYlbEZ1E
PaFEVTAxfWo
igMyLzTLddE
Tn87VUM8f4k
dRwzmoDZtZM
U4Iw28jWtAY
U6ZbHAXPnhg
gGzHUBaW8Ug
2l4qG6kEvoE
Mlaov3J4hDA
vu5DL-Zo6TE
q6DJbAkjxss
Zla28IAd4LI
PcrIyUAf-44
cJNvYOYXkuo
VecPbAK5U4M
HCyrywLtWIs
2jsnpZZym8Y
0K95Z78Gdgs
r7hC0oVPTVs
xhtDFOXevQQ
5X1cDKlkGmo
dwOv7vgizxg
pb_t5_ShQOM
z9h5_-NcMiQ
HCyrywLtWIs
tGDuzKTBS28
hq79PkyYxjE
p21XxmdSWgY
YQrEEfltWFE
q1pnJGiM1LM
h2djIdAFc5U
E8qvkGTwiV0
B2fFFGHkz_A
ix-yHzOUikw
_o-UX44iyj0
lRqAqO2dSVc
cQC_EanIaUw
xZt5ZIWWUd0
vdMBihN28NI
9Vf9zjAIt2w
JTvkSkpk3tw
79SDXHmPOog
Nv2QqCMXmtA
TAxy4q3RP_s
MO8MEuUUufM
cAPH72n4tOs
oDClxp0D-Xg
SKZmfgNesKs
oehtJWllI6Y
awdJxGtuD4I
pvKwINkfBHw
bBFKKwfng7A
4tu2SJfSalA
R71oo-5NmPE
r3H8dFG0UCY
68bsagK7GEM
03Bxwk1l3kM
T-e5FBgqlng
IzN9oVhuYfI
gPimLnPEKBY
OS2Nj5G9cGs
3eHKebsEOns
4rKqBRM14_4
AzP87TRPdeE
w4eiUiauo2w
g8fJWB2-pYk
VVhsK5jH6u8
3ttDvzjdd0k
VSCyyHMDJ94
54PNQd_GJ1s
TJ2upejQ_rE
IWKlubAyYCU
vydTPnIjAHI
OxtTvijs__0
rdDoc3fLaII
1hnungYNAhQ
Tl4tcA1SwZ0
PuYn_P9WYPA
aD7B_tBSR2U
hgArTPaQM6U
9wNRUd9E1jM
eiSJEwwId3s
kmQUc1A1Jx8
z80J45jj4mg
F33aPc5FjVo
0hB9eXnGVLU
0n3L_WRCBBc
3_r7uWlH2mc
p6qhjI7PJ5A
bhQqn1lqI40
aShR3R8--wU
f-r8IUz2UZA
uy0tP6_kWJ4
B1GFzd7KYfI
YvJZgwcbBzk
FY5iiuQRyEE
ytJKdipILiU
zxuA-wyajhY
WhZpKdQcKhU
3-WYu_p5rdU
JPbyIDD7b_c
fX0j4c_NAFY
yj0abkBz2Ag
6G1allVrZ2w
Oic22dQMRXQ
IwF7RQlCA-s
gYchIupUvHk
jA7Ldui-q8c
u7kQBAIfPSA
qORC0vgaTz4
Yr_fL2EZq5M
EWKcFuluXpo
_AvwP4k7ZI4
uUIyJzRdGcY
FCyExI6Blfo
dOcGW95oyL0
b0GkGlG6kQY
22n06z0rq4c
TGl81wr8lz8
d4CiMWy0J70
fQazhzcC-rg
r8sGdPi86NI
hQLSoIAC-lk
QJp6hmASstQ
9GlFZ1wWUk4
cktiqR-PlRQ
LA_sLVEGuKg
CjEeX4-wDfY
HJ88Nnb4jR4
_2E_jqcAELk
zzMbWAvCjt0
7sH6hiUsKFs
Zm5OBrc4_aU
3DWZULiJYNI
XYYjoF7K1-o
v-ksQA6XOYU
8RqyE61f1iA
6vbYaWENwOY
YIFMmlTq2zY
JRGzVdliQOQ
JwG1J16Loa8
JJlTEap1WHY
LQftZTeClcM
rrrNH7iDV6A
V2c8TKDVS8Y
anR2mEQ5CcY
BtPbaeqQwVE
stYbwbiD7MA
qO73soPknF8
Xz685vUoCFQ
aQPU0oyL3SY
047lMUJMo8Y
O_aH1p3Zhok
FdsummsTeLo
IOC25wzOyBM
7z2hIPJkc5w
RNIjbYl8K4U
YdzSdWUkA5s
VXEhALCO448
iGtkT8mSpPQ
fhWaJi1Hsfo
dPkKYDUlBNI
u6oZRrb6NL8
QviS1fSwAGA
1vOAzXYo6Eg
Mlc2GrBILrw
HoUdWBzUZ-M
hPjdGs3IHDg
GSZTZDsHG_o
6v4_SQas7XI
-0Rz5eaIOnc
P-N5XqFrZFk
j4iu39ttyEc
7qPGH2tZSGo
xaRsWGUYBsA
9EgteCQCMW0
wrufDj735yE
LDLr0hP5e-E
vmj_VBlfXVg
tlcWiP7OLFI
p2n_zL57MAk
tVpofTGsWeg
-KmxB3iHXKo
3deomYqHKgA
Ux8peNe-9AI
JcQdl8x0tws
owlifMbV47k
YCPywStIDaQ
j0wjM1Ds3lc
WpqZ0LjNU5A
uq5mVIr7wLg
9YA39P4zE2s
ZIq0BjsQbbQ
aMFLoLLHp_M
_rEDCQtj4fo
8We7v52N1No
Y-dY3wRDFo8
yS7SkQXISz8
sTKOEWkDD9Y
nxXkquTPng8
U9Ej6PCeO6s
CqS4lnO_dqs
rQGjwsjtdwY
btJE659h5Bg
NXwh0h08AkQ
-UPBhQQDNLY
bTzo6XbOdCQ
9SEAmNDtlcA
PulNjqfToAo
nngjfXkN3LA
r8DR4flHfTg
xJVib7_verk
pzuxvWGAYpo
OQzq0ESfucA
RWiBAHv7sXs
cGJE5-IvXOw
mfjqLmD6Li8
cervjrVRLjA
Ied1CjJ0iP0
6RR7tBP4r8w
M0aLcjg5R8s
IIjV1EITyeY
dljpvoKh0dM
21PDd17dnnI
9QSklqthit0
qh6yZNOYipw
wSEMg29QVmo
w_WX5lZqpRM
wIleuBSyzZM
io6lI_8Apxk
Iz-AbBE7AlM
h-ZP5wm9m3I
nj8bMeF1QBk
4EVBg1pNdtc
7aHdg1IYUg0
7pstXq7Qq9A
I6ytLzKpngk
I8PtINDSBzc
COpBredC-y0
S3aAklFeS5k
ZBU52nacbLw
KuDttcgCEE0
HijZNR6kc9A
CMTicaQQj3E
s2z7IlRVcic
K0EKrqPY5sE
XumcNPRyUHg
ruU80SZeFBY
SVPJcw5-WNc
BaneWEqNcpE
yO-TfKT2O_4
8qVzQh5cj-Y
dsbx5V240Ck
GHCKxwS9pf4
ZGraiS9m80U
a8R34uXQBQk
c0WcHbXUVVM
CxIx5YuZH1Y
ocE92Upvvj8
u4XDpCEwcZg
R7cfDAY-UF8
ktL6cVpg1p0
_43NtazWlPg
Min6zYrtxWc
L-oNKK1CrnU
23L7u_xMx-Y
HTg8QRaiJe8
JtnK1dRQMK4
XyIDqtzNwso
9ZcAsZq468Y
hufFmXuke4w
8Q6ZTiib2mc
urGK3ZZ8Rs0
phAQDpIWo8I
ohB5xxYPLHM
PPXeWjWp-8Y
QOX7yZb4kuE
LQms5F3ZlcU
AmLIE9XiClI
tV7IhJwU3hA
peo0DZZWS10
1KYdBd4tl0Y
gkb_x9ZN0Vo
iK14bfd6qhs
nv0F0k6iDB8
Ervh-vrTBOw
_3H2q6IoG9o
DOSvQmQK_HA
XlVjiprFT9Q
V8aNyFuezFg
figBl6sFdZ0
uSL3-7q9-Hs
MeKPV_iWRRA
aOynZLV4pYA
ykFX_jvnWvU
5KL_ccQwAuo
-mvOcTMyUPE
sJtfffNzdhA
dsA6bCqWueo
RRR5QfLT9yg
jG5-9zlaPL8
YvNUKcDIsdU
JyHXtviaTBQ
p70-dY5s4tE
d2t2ag-1d6E
5KlnlCq2M5Q
VQLdm8BY1Ao
oPSREwtSgZo
r6jG2cSocME
nJPIfUSlEi0
Z2OIlwju8UM
FaEvMCD4Gus
M1c8YmH31qw
FvYxf8b3_BQ
ogumRA9LxR4
rfI-1UHNmgw
ktwJ-EDiZoU
dAp-l3gUcPY
jGfwXMhX8P4
OTHDhF7ls08
ogumRA9LxR4
vHowRlkImzk
8yfCQtx_nIE
w67HK_KM7UA
-wumTIhaKYc
tiXXeAkywrM
AWkI7bL-cEg
iDiulvWRcZs
zXjLDw9ThJg
wpHCIe3ODp0
6uCAdQSHhmA
hCQ-URihuYE
Fvj7VH6BNaE
SGR7TA4kyto
SAFdOAcrjog
4VmJd557Ub8
rMpvrLbB0mA
mpMJ0GVcpOc
_JFRsdNTpSs
4hhfgVvzLH8
ShaTBq1i8XY
un4UnY8sBsA
NQDoSKigjL4
lYk6oc9w8PY
09geUJg11iA
psGl6s36NIA
oSN8NOBWqpk
i8TkBzpSwp0
sJhIIzdvVDY
HNRs-DrgdrU
a7hGiu2hy9k
Oq3lUHAgsng
_OXtStBZyqs
8b0LCBx8Rys
iyjqL7ZqHfg
-1K3lmlyjWA
Gma2qGLK39A
-TIP7vXTg_c
0zp342mRCAk
94CaP250RIA
OXQsZSWBDDM
yVs_3UL1dyw
aORdb42pFFw
tYrND5hMY3A
zUdQkSwslzc
hZaVck35lT0
K7sG1dRSn4c
HtPpaR3H8d8
xfDcwyTvzgk
nn0_fQYQ2Qk
TxoCO07zOiM
U-Pscb_EpqQ
wP4D5-l5IMs
rDdK0PA9Pgo
sqesm0euf9M
Coj0mnhuCJE
_O3-20FUJbg
z1PG7kweHvU
v9bGNHqyA6M
dRhJG0z4qVE
ffHey-Y1eqY
x2Fq47OuSNE
UOP3yjYHOUM
W-YBnWdllfI
Mo_G_3USIok
vGWAiAfmrhc
4cIFRn0rp5s
KGsPnC32zDw
-KoSodkuENg
xkTm-cjvUss
xR8iMm4Qd3U
lUa51drR5H0
wESFEKsaEbw
uwrJSWqglTc
mL5evHMjLzw
AN6quM3Tkaw
iH4D2LiKbXg
gPBJCVujZDk
Th1Mz_805oU
Sr8nkM8uwFU
FmsLJHikRf8
tmzxMO9lrF0
BBIZe2PLD68
T_BQevqRp44
1pxkQ1mFjNA
Iql-ReSPm6Y
JPSTJli1lNc
uiCah7uvoKE
-Gs1SPZnmrA
NG42lu-GEbo
ufOXzbUaUqM
4wy0_YNhtfA
QOemevMwF8o
hS8hjahIRO4
JeR506RJQjQ
ewPf5kQst4w
o9wGleperZU
zJVCKvXtHtE
lrzzi2z_BfQ
oMyJ7G7c7eg
y_1M0ilLoZU
XLrfCeOlfFw
XkDKdeu5qT4
fR1J7_fUGvQ
wKaWt8Q4KjE
NCFVEuKQgBM
6Nb65wOWoT8
b6o9Dam3Iu8
dAhhniqwkp8
D-dvFq2RIhM
VYtW5K8Lbhg
nJYTuPVFufY
ZV_BIGmpfF8
v-_7AF2uzaw
yV_a9G1ejwM
MILSirUni5E
6KbTIwvbd40
SvpWNTOGDF8
UBYgiHZYol8
3Goz6dH2y7M
Bx1R5ObX2Zw
1rs9jj7fYxU
3kVx6HCo7JQ
2p4cg4m-gxw
HCxQZDSk2bc
XWfGF9Nccwo
2KmHtgtEZ1s
Q7OHLaC0AjA
v9u2pUM4w3Y
7lDQhxZII6c
KKvl8low6lE
zzRmcGLkgHI
IhpixSrp3Ak
HvRDht5v8pA
5oG2Q2GMOBE
CCTJ46_FpaU
olN7yqUsxmg
c1vY8pEhbHs
w7PROJdhVaU
Jm5rVSevb7E
jiAZAYmL5Ew
yojJ2-7TZEg
ZE8ODPL2VPI
cE6gb5pqr1k
x18vEEfpK3g
oFR4o6yE-aY
LIU1fdhdmkk
4mcJE_KwX3A
67IPYFsPZEU
9RCuW6K1afs
bTGdOrypyUw
8V4_-1ncbj8
3jNiR8pY7XI
ayhDAWp16eg
Hl1sp9axHEY
jr9B6WkoTMI
9K7lPCCogD4
S4XJJhFhr_E
HAIIfh8C2Q8
vNq8d5SmYwQ
g2vE2VF2fXY
VOf27ez_Hvg
0G9OaTzdOa0
GBxv8SaX0gg
pGtrs_SqZOU
UbLCEJ4sRFw
zQ5_47zy4bY
6EJ801el-I8
5lMcNPDR6uw
UC9LwtA_MC8
gij0ntgxDNA
SYQym-qA_xI
cI35BAdKrr4
WDDgoxvQsrQ
8iUbr8RZKtg
HbOtn5VhGZU
wyJSgTEjuII
LJpCCksyBN8
zN5MYf8FtN0
lc_Eme_xpr4
YoaP6hcDctM
tcl24asytos
dylFNrvZ_3U
HkzPc8ZvCco
xRGyzqD-vRg
x6ufnham81k
8eYliX47sVI
y1rTOyQde74
I3Dh5a9XxX4
wnXt7ofkniM
YmCqJlzIUXs
_8Szf-eY27k
QI8623HlYd4
YLHyeSuBspI
ADHQki0v600
zzB50Ll6JSA
fSNx6Zxpz7I
sN4jUOYHVHk
ie4I7B-umbA
ypO2q_KBz9I
Ytv7b-3nQUo
RPJENzweI-A
_-B9mNAmzTI
iY-_tO_L3VQ
v9TG7OzsZqQ
Nli4Vy2zGYA
OTCuYzAw31Y
KOsJIhmeXoc
iJDoxOTyMdk
1zvhs5FR0X8
XEoVkt07cSQ
8lJewIWVI5s
WHhwXAw4Y64
Q1hCGZ13pn4
TEwpppxgZhM
jD_-r6y558o
kKQLhGZVN4A
f6kdp27TYZs
2NL_83EG0no
xSGA19rG_D8
sln-gJaURzk
Rj8JoAAytyg
2jCVmfCse1E
BMAr7TpTzMc
XwGHJJYBs0Q
ws2VRHq5ars
PNu0BzKvqAM
o-UKp2zezk4
2OaKI4mXZ9w
RQws6vsoav8
PwC1OlJo5VM
UJPdhx5zTaw
mXD3neNwxk0
3WFsx-u-q3Y
Q0V_ld7iNw4
ZUaKSs3utrs
JB4ulhFFdH4
bNbKpUqkOso
O1YjdKh-rPg
Xho2RCqRLYE
hFsCG7v9Y4c
x9KOS1VQgqQ
NU_wNR_UUn4
Z9uhYIzaiHI
5nRNbKPiSQ8
25HkrDjg6sQ
sPagpg0b7no
3pxf3Ju2row
G0Vc0zTrmj4
LcK3UW_prB0
Q8m9sHdyXnE
3pASpPN4UsE
0-sF5ZWB_FY
u2pnD2ZsEYs
TELArK6SmyY
bwOhfoewMYs
fBvgP4jSWJw
amZM8oZBgfk
VPHHlnyoGfk
VgreqAL5pxw
gbQb1PVjfqM
hAzhayTnhEI
8JDDNPyvqpE
N9UID-3SpqM
tPtJd6AzU8c
YxogQGnMA9Y
JCgTAWXwjOk
EvACKPBo_R8
E8C8ouiXHHk
qZRsVqOIWms
lqQ6VFd3Tnw
q3HliaMjL38
tpEGuSwv1fY
rRoy6I4gKWU
Xthqod1Oonc
mrcy3m3rPGM
lz0o-y-2wT0
KSljF4cCBKM
j8oFAr1YR-0
ShpiSTUfBRo
klmje0NVOJY
Erd2k6EKxCQ
eeUQO8audL8
5o8hD1amK5o
JMfkp7m3Sr0
j9ZO4mTDAtM
pXFA31KQvK0
j0XQ2FpTJyQ
ZUUQQ5sLsws
4rlbTVkyJc4
VuC0i4xTyrI
jT9cvFwB_6c
uy0nALQEAM4
XZnYPNzT5SA
qcJ1Am4065Y
UGJbPPjANKA
zgSVP9Pd-B4
v_Qlb-CHOAY
X_ek1wSe66o
DJdx_Wd_EOo
bsGgfUreyZw
Vf_OKbFlS7c
TlVhNVFjeZo
GZG9G5txtaE
Mk-tFn2Ix6g
DMbOazfc2wA
alFbKW9LYIQ
-3ZhA2o-sb4
Prkyd5n0P7k
e0K805PeOfI
HwxOlXROqAw
5LCUuGFbuis
mXSjF6iNFeg
Yc8YrVc47TI
2txPYQOWBtg
w79HnqLsrkQ
4RwNgh5hOA4
D7TB8b2t3QE
YVekKfO9ijE
DSmIEUTAFmQ
sCh6g4VEN-g
ODeXo7YIwVg
SZj6rAYkYOg
HPvTFX-HUz4
1HjxfjEEVQM
A74JZ0l9tx4
zWMuCjkQNAk
JSQ7ow8zLXc
bqrcDr9DCE0
gmOrexwZepU
7lCDEYXw3mM
aqyW4CU2hnc
1b-IwaXPtkc
EZzZ7z6iuYw
EX0aNq8rTbM
vT1KmTQ-1Os
CXFoxHeHF2A
CL4XXQLWAdQ
qC3lZc7JOMw
XstD6_c3hj0
ch1LrOdKbWY
9PHMKzgrmxE
2BkWXXTwysg
Ky7SNhx9ELQ
YtUVCMQp7qs
V0a3fjTn3Ks
8djjZD7VG9E
c3X--ck02Rw
dfd1tPhlS_0
Z2VF9uKbQjI
T1X2YKpeDEc
ICHUDzyr2Eo
3GCy7nxlRM4
LyoJZdMOd4M
RSzl1NMwgB0
rUYs765QX-8
cNTp1Pa7cUk
BbvRa6KKMtk
6-5s3NY8ObQ
BV1fVSR5J4M
9MZzosZkzpQ
WOELhLQY114
5BXS71hYnXc
5SQm2Z7SoSA
CPO-6e8ijY8
0YWjgtqQLSc
pmqKnEG-6GA
0ee3R3tfdd4
ZwFQcKD320w
1UWbUCdLxr8
E9eyy8f59jQ
E80DLSyGBgc
iSfP-pMddp0
9MCFzEISn0c
FZx30Llg31A
PpE_XzlYG9s
J1vpuu3I0UA
xbGM4YSsO5M
jEJLble3Wao
nb4gvrNrDWw
ThAM3Bi4r8k
7E5YQehEeik
wmsVHdllIPM
LN76oGWtxoU
_adMEEAtDwE
7bJ-D1xXEeg
OOE9l23P7jg
zH5bJSG0DZk
bnK3XKOVgwQ
9MAsMybAUNU
huXucPChX3g
R281PhQufHo
XAqIpGU8ZZk
IXoJLyN356E
anSdHAFLOPM
P-LS1g7rl5w
7sad-UGSOXE
SGcbzTKRXlc
6FqYwhzhI_c
soupCDgrREY
4EHKN1ywdb4
VkMgJQ1KSw4
ORZccYmIMgM
bSAr7RB-pus
hcn3Vmj7hnA
ltD9G6PorqU
8uODeeP3Qec
uibW1t19sLg
s4zpL4VBbuU
R4yZ3LGHPcI
YrGDl8hY1pk
-2x3uzpj9b8
0hhiEjf7_NA
eNwxMyHVmwY
4eDtDaFZsDo
g3aBfkFbPWk
CV_kOTW3ldQ
J7Q0a_Fz1Kg
HK2rSAe_HLA
UUnC5y4j0As
AwSh7GpUfRI
VtwUyu7UzcM
u39rCNFWDEA
4mf_yNLlgic
svEg7MiqGf8
XRqbqtsGO_g
QE5KOfjKLy0
lVQ1EKR1v1I
23KjpxcXhPY
juaHHtz9s1o
x7neK0g9-pg
Al1Q2gMnORs
s8JIv4t0DRc
J5edp6mdvKs
PmxggwGwDtI
m-t4pcO99gI
6GhH5LGCsms
xjDOxBl5Yn4
6s9KECCfLDc
ee3Pr6fsBs4
rT-BxYLZdeY
uMCoHcvpb1A
9LGs0j5BToI
Rpq08ictqB0
7os4DImjK5U
4SY5uEBPGK4
w0Cd1mfcwDs
gTA-5HM8Zhs
Q5EEvnddHo4
15iWltPLuPY
96URE_-aj-8
n3hBzIOUSms
FJDP_0Mrb-w
cc0JqolMBww
v9S5EO7CLjo
F_sbusEUz5w
nuDgC7RspsQ
DTcZPE8Twpg
YLVbLVtjDDw
_CruQY55HOk
bAcyP06KqPs
O1FpDKckCGk
M3uWx-fhjUc
_nN-G4018b0
rgQm1KEIIuc
4f2Zky_YyyQ
xlGdXDthL2w
SLsfzTNIykY
Rsfy_TYA2ZY
n8hjjSzgRyw
T51xcOpz6Js
lMrkCoqgoxw
bHQqvYy5KYo
ATfdi-oYWzw
0F5zc1UAt2Y
62RxWSzQ-0o
1oCeLaCjfO0
N1aCo5LvMf8
5yorhsSPFG4
lQbT1NrxpUo
TnSNCXR9fbY
Sp8fotnTwj8
Qo8g4x2OkPs
N8SS-rUEZPg
4Dwf3rtucXY
M7SxNNC429U
cdvaPyq_eBU
EIxelKcyCC0
seX7jYI96GE
7B7FyU9wW8Y
AM0ZPO7-lcE
wWhd9ZwvCyw
kV5H3rGfqOE
xO015C3R6dw
FxXBUp-4800
KEkR1ox_K10
7ts7Lkykn0E
tua3DdacgOo
-i0hat7pdpk
rP-kjrx9CRE
cdvaPyq_eBU
nIoWHlEEeNI
7pCh62wr6m0
NZtgT4jgnE8
fud6NKljgPU
5olMWz0-Pxc
imiquTOLl64
yd30Nmb3mPU
HnW_Y9nRiEY
NJU8RvK0jcQ
q-7l8cnpI4k
9cBBHyZWADo
BPXqsPeCneA
wbp-3BJWsU8
ckngV52m2Yg
6TZ0e57pdZQ
NNmoEOpGJdk
30_AIEhar-I
KKQS8EDG1P4
JXe0awIsR9I
luv84lxCRwo
yU4my3-Cncc
DOih39gu0xw
S6kqTymOi7k
F643r0N9ew8
Fl3c79n_wRg
ScW4zSeexvo
ttavBa4giPc
WgbK0ztUkDM
Oq05KqjXTvs
cQZu6azNlA0
_MuVoabSLeY
PAzY2MQxJDQ
CxLL-sR6XfM
qzA60hHca9s
tzQzgohiiI8
vV85dNeGRhY
-kepYfCBg6w
WGIU2JX1U5Y
WlwY6_W4VG8
GxU8N21wfrM
7QDVRowyUQA
MiYND_zvIc0
9fBcrzA-hWY
pt6_cxvCWEw
f7q6Z-3aeg8
OsO_UrT8ELI
s7szcpXf2rE
reRIC1lAwfo
Z2o0mtnF1Bg
8mahQ5jIBUs
V0vOVWA9yJs
hLQbsqSx6Y4
3RmoWK0KADs
6F8wyr7pqw4
-oEgKcqNd80
J0gRrtx94SI
qHZGdfZ-mZo
V0NSz6DZqyQ
anRyGLD1Xos
52Ml_zax4A0
QTX1lU97z08
49L7z3rxz4Q
gfiYUL2exT8
yEocRtn_j9s
3YkEUpJQP3o
wHAR46DT8ok
twmuBbC_oB8
HL-NtsUsWuw
OxzucwjFEEs
sTx-5CGDvM8
rfQ8rKGTVlg
q_O9_C2ZjoA
gK72pcu3cpk
RoYvr-KXvLs
ITFUMI8XCyU
hNbFkLuRk5Y
-dFqoXXe5VM
nOEw9iiopwI
_1GjgFjX5gE
AHfoSoHUAzw
U7Q_5g6sMOE
JFch4YF4XXU
OOxu7oy8Ncc
uf1OknFatv8
oejfDtjP1bQ
HRmA4DrlRWw
Q89H5JQrIC0
EZLUgSJp6so
agqQ-H83TT0
4kHWL3Z_kJA
uZV4Mx8Qts8
OvpcnRzkzuE
CZHAnZ8WahA
1pbZvAXmBe0
w6IXO7onCVo
TcaWEk2O3CM
JYWi24idJw0
PsmPF9pO56I
A0xsj9nGlV0
ith5K5mWr_g
RDsrvRHtqv8
6ZqpeFydq4A
AyvQYCv6j34
pnQ54V1OP6g
z1VBdU38zlk
b4Xx4zdznio
76lmWFgnsgk
WpBrNUbB4sE
pDPBnmRDkag
dBwakZjE76M
Yhsi6mHvqZE
EuXApEulIzc
AHG21gGWgms
Vs4cfvh2Ghg
7dbDhmX2v6E
qvv-YlYcnAE
PKIHAIV_zPU
X6lTwwzdR9o
LOdOweJzqlM
zo8uGlqQaCo
xx0qbXC_uys
niO3jaCeU1A
f0_tDWdAmmg
yGLmVdrlH4Y
vf9vTQYQ8Og
GxhcX7-vcy8
tR-YSrmszzw
blbSsl8NGkU
5QVkNmwn4s8
WP3N1bgjiek
vnXb1S6l_jE
Fja-TCLWpUc
uGTm6_KbG-g
6dfrfRl6il8
EdDc7sWjCL4
f1oOFrMwQHc
7Hk5uVv8JpM
ki4IjZQN8uc
7-62tRHLcHk
Qiwgx9uXzWg
AARaO25b9rs
tXKidPYCEzQ
usDuLmCpknE
L5ebSn9HgJ4
y85OqhioMDw
Vt4zylvgGjw
oMXe-xK0BWA
jeIv7b5lv74
-raLZXxLexE
Fac-LdshJNk
BQ2eEqsoIno
K3O4zyMfmJ0
E91tisWZujs
nyu5ZxGUfgs
q8jjIMGB1Fw
ktBsUFte_sA
_V04BGs6vX4
Lww3UH8ni4g
Rcvx5QHTJ5U
dV1GSIWimag
NlsWkDfTZL8
yp_9q3tgDnQ
_NBSN_87F9U
jgVhBThJdXc
-FrDf3RAv_k
o-AskKI_10Y
UyUxjeUBLKg
c8AyMmA2DkU
BPyBQG5cMog
BaWokURhU_k
skD1fjxSRog
g-4VyDuJi_k
dg0TEIRQePg
MxGqffGEQsg
LpzihhsvQds
PyQv8nGJlGg
wDBM6wVEO70
poHqoBKiSeY
j5rf-JlV8dw
bcyz3sGa1Qo
s77Y1jii_1A
lWyg9DoJOAI
jSRNx-NW9PM
8dtnU49ekwY
KeZ3WzoUYi8
Vxj4DTGKdj0
tC3-NpIGx1U
hwnSfluuBq4
fBCBKcaYZ3g
Sfe2l8QKxPg
g2XclEOJdIc
iVSR6gufMXI
BatqHLWy5NE
JSMWvC9p6Oc
TH7sJbyXHuk
c4znvD-7VDA
qmzXVSvA7W0
ElIh-27Go8o
Ls0tM-c4Vfo
PLM4LajwDVc
xHXn3Kg2IQE
zNmohaZYvPw
M1ZBjlCRfz0
eQi7RTmM4K0
6r5bfoaDdDI
yqCj83leYRE
uM7GQpf4K-M
7lmSTJ6ACxQ
0L_dEOjhADQ
2qEYJ9c4io0
j9Dp2OgYHfc
M5x6E6ze1x8
T_CLzgEL7FA
aW--Wlf9EFs
omBURP0MxcI
USlUYkBHiHA
qT6ZsQBM7kY
73IyVBMf2uY
zSDC_TU7rtc
vm-RdH_eWK4
dbkwv1wjs3A
ofhEyDBpngM
_7fJotosrNQ
4XBqdu8dYE8
IzxdL4I0xTg
GLbRvcbkAwE
bvp7CuBWVgA
IY3U2GXhz44
ASZbArr7vdI
xYXSOaC1xv8
BIJoaFrgc-I
YLwRGQ1okx8
5_XJs3x3SRQ
LZc711TI8UQ
TnH1RHW6V3g
5yS3pvDxPxs
2Ee4wmN0myc
dBQFXRW5ZiE
gZ8W6dbt8bw
o8unC9bA4O8
zXW0RIqBVCo
ZNoLVzpBqqk
89xc_1Vv69k
a46hJYtsP-8
byteG2jIa-A
I35sXLZHwyw
7itQ03B0hOo
_ToKWo_hcOk
GQHlhIIxCIc
KzTgzKkBtqE
8z_KBd0gtAk
DKaJ6jEPXGE
4MrEtsplano
Sqw3nrTV92c
ZQniEobrNU0
mbVVDDu8f9k
nP8Mo0jGQDk
wRDPTnY3yO8
ZNiB7kcPqhE
ATJjbFkxRcc
XMYVSIUfu2I
XhMN0wlITLk
ydsSFMB4SFI
uPzuILcsERk
fyqQ33aGJEE
o4e60gxZl0E
WgoxM2-AI4c
sO0gSFBlhrI
Ye5idVObcxA
I0yWVpaM-gg
QYKZFL7ppMI
IcteAbMC1Ok
Nn2KQmVF5Og
kWyoYtvJpe4
uKZ8GBKmeDM
EPYupizJYQI
haycL41dAhg
tKTZoB2Vjuk
twbFeR67IGw
10L6rH4A7hQ
srS51BaVqYw
TXz8ES3fUKI
N-JWtfRjPCA
RMbGZIE2vpY
B5kHx0rGkec
p1pxGe3zLXg
4W7c9g--yBY
4kGeyMkhFdQ
mQpo22NN438
gGVkVQN63Yc
nK5VZ71qMIY
hGc4XBc9P9c
BUlSyvhOIjQ
Idvia4600_E
QrnbKZ3hxls
QrnbKZ3hxls
JQpuDB2Jxfg
Kfh6IX-yhsc
D2ibM4oufdM
WM6KPW8ZyjU
RVnARGhhs9w
yemCxLMwals
rNkfs8-uRTE
BZeQETah684
bmxr75CV36A
e3McMaHvlBY
laLudeUmXHM
IP0nMv_NI1s
B4M_a7xejYI
07HaQwxAo5s
DO-nzPqhdXw
Gn_jlvkHTnM
A5-aXfSt-RA
ShkYDPN5Knc
uExEw3OVMd0
Sn_3rJaexKc
bO3XEBuIDns
JFzC_Gx76E8
Ii0dcAOHyro
uFt9gapWLMU
wwoWei-GAPo
NlKEWHcW5QE
CnYDv9X2Cx4
00rXOI_we9c
cqVtUdB975M
AT0zgcNczFY
wbugn87xyQ8
vd7ILwrFwQY
_vuKLLJ3PHY
Xjt-CZsyLBQ
k22gziqBFiM
ca0HmNkHKq8
siOHh0uzcuY
ctuUrvReOIQ
7smWLQDtaWM
eFSrqRbE6Po
CRZbHpYhZrA
Vg1D6hvyHhw
9hDZBieh5zg
ja-t7Xi9fgI
WoAw7NrRTcs
7mh9vUzOVng
U2axsZGci_s
JSYYm1Xwmg8
TgrqbaWJbTY
yL_k1d5NoTc
y87EVBodMcI
Dli9RNHaoLE
16TKRMrw79M
EnWFGQRbwlY
vddOJ3vRQzk
WZrLx_66lZM
VSBlQXownhg
H34LqdqXMY8
QNEjY9OUKXg
v5OEuD2Q0o0
ecI_hCBGEIM
ri796Hx8las
yq_iqxwu4FU
FTfyMKuwIbY
DCRuOjRTR68
s4Lppyuu4nI
LP9-M2zERo4
CsPhFJE0mOs
Ps6GBLlSGLs
GrHV54VhlSo
hcl3qmawY_0
PBPwqm7GCmo
hBVJbzAagfs
hNEvr2eLad0
HKdsra1O20Y
ARc7sNSFT2E
W68XQEiPjEA
-0UmSQeWsJc
U4Bk5rmIpic
OUemfrKe65c
Ft4GLkgLjcU
xS-ju61vOQw
hhgQWAbPNYE
NAgug5D6Kdg
9M9sNheYGIw
2rYLHspltCo
25PpPrBt76M
0SARbwvhupQ
2xV_0pTpNj0
Naol_TPPPL0
IOtBlzsx0m8
uOFzWZrsPV0
AgaL6NGpkB8
Dgnx0E7m1GQ
FrufJFBSoQY
XGeex6JfXBQ
p4F62q1kJ7I
srOgpXECblk
RBFQHL-jPOo
2rYLHspltCo
H7fxHp7oHcI
aJGC0JSlpPE
ofn8QYEVyhA
lWMVzhXwh-I
UKOmS9dgpPE
ebhktLZo8-0
KE7Xkq7jv8I
Dvqji5K-KN8
T2gFqJcJGvo
s_gdFFJXp_U
P_ZQu_vheuI
kIgqzg3VvAM
ffAR-ICI58I
BE9Hty019yU
VOMtiYL4flM
y3Wov1g45m8
4V67CUrxJ5E
tWzZuv8NDeI
X40XFWeBXSE
PiWTb3H6cFc
-aFMKIpCXGA
YrXBK4qHVFU
pibEtoZiMi0
Y_WQ1sLC6ok
Wxo54Airv20
CoYBkXD0QeU
aYwHYSkAITo
ggcnhqUYtdU
9DOrAgky8d8
KJZ0R90dZtw
tR84GhhQk_Q
l9zUepHeNTA
iEv3GKI0Mm8
s20bqr2SNXs
BHx00cJyR64
h7DTtUHJWfw
Z7OVh50RvV8
h_WWP27DLPI
M7FroKV93_E
lZ49xMiOeGI
pc87sLU5nfY
NZhtN991-Lc
e4nPGBqvKVs
jC7KAxjcJUE
8GJIup4rS60
v8l0YnOAtwM
PAMtKVO2ch8
FzUsui6_ns0
PhnesvrfdIM
xTC6LVAc6Ps
NEnniZTdOYk
juIko_o2ZWg
HCslNMue6OY
-4fA_UciDaA
j2FfTbpkc-U
fPY_kwqNsgs
NGH78R4KjS4
ZwNUKpZmODc
2jW2iSKDipY
fKZ-jld-hbA
2an9bWOo89o
PDuhR18-EdM
sl5em1UPuoI
N6YdwzAvwOA
zZa6bZmGPYA
cc-L9S-fc-o
O5JT2jBrJX8
-SLcruwnkLk
zI8at1EmJjA
r5CR4QFwSKA
E-kWgNwmTvk
3Hwa2y_DD0w
Z5whfaLH1-E
VckRSqnvhZc
lwdYUMPHG2k
0aVPZ0y3OLA
w2mwt6wQUwQ
QpOv4KNxzH4
uOmAt6TT7hM
tLcm0wBAL7A
hAmqMHM4q0I
ifrLm51S_JI
qDhccfZuboE
VeuY2_NjEhg
YWkUa_U9gtA
CZjYgs8nI9A
iF4ZQZ5IpfA
MJAkWs0Kyfg
C7WOvu1sdF8
MPxhKXsPKqE
AB43voZQTBU
OiZnB7BAJPc
u0qWR3RGw3U
OHIKkM-Fft4
PUAfoxq8nTU
r97PA-LjeYc
Ccx9uzynfoc
qWW6_Jk363s
oTKNP7wUl38
dHxTy6_hEvY
3QYsUmBRg9I
Z6VLBYlee7M
d8v7kHxAAo8
w_PBMfXIfSM
vI5XcWax4QQ
VVPVzs3bnwE
MYK3-F4aNrc
X1du9B9SDTM
Q8hjVc5VdWU
TA9uPOr_wE4
YHcBcumZZLc
qyIh9ncmiN0
r7MlEJC9ZbA
7zSeH2p-uPE
F0c2GS9c4-4
S5aJAaGZIvk
o3TuRs9ANhs
5PV8OH-ML-Q
guhdYoPY3kM
yCnlzTp1snA
aQ9w--W4J6U
g03bcb70kFQ
GARMe7Km_gk
AusOPz8Ww80
q9hhENmVTWg
oAMMBP_SacA
wsxQeSnAx_A
b8wkAPbuHEc
e9A4FqholOY
wdGHySpipyA
N9-1w3c5N-I
uX9nt8Cpdqg
TtGlVKMusBw
BV3znyFsouo
rTqArX10ZCY
JXWg-bg9hB8
yWagDjcnTPw
02WB4dRGGH4
wc85WRVUDns
W4FbF8GKChk
Kn_xpu96KeA
rmDBVSCHhio
G_D-Lcikx7g
k0tzZiTXEB8
O1N8USr8c14
X9jVV5PGf_w
Ss1aOIOReVk
q9TTZ-TnLBU
gQTpiFq2Hes
VIBOCVY0Hvg
3EqNyk1colY
CUF3y-H5jOs
9jJI-9fqhz0
thljL6XAfzw
ialWQaEzRas
7DpKOvohT5s
4HQ81jgnvBQ
RvYbbZb-bkU
usxO-nLyO0M
ThPwdqe4sLc
sOEAD-gfJ_M
4agYZmIQ3aE
ZhDb42M6ZLk
WsvNebq1dRg
A0Z0ybTCHKs
IiN9fxwjcL0
QND2lFCrIGw
MfAIFlgH2go
c7LzQbEEY5o
c0RTyct4hEM
c3Q31mAEYPg
JecA9Zv4HHc
W4gaH-EA5iY
1jvfkB5MBWM
0CqtcemNw-E
21iSMV8XtYs
UR2yWfKt6Ws
YkDeO3lA1DE
P3GT4-m_6RQ
Ezm7MJeMa9M
8ga5r2SRnOs
j7y9mqy8X2Y
pBQHkp9gOJs
gF5fTK9WXW4
Af__BfbP2p0
VZ_4sc26AVY
f5lYNV7eDd8
Hh8r7A3o42g
s60ZgFnCTNs
Fw8EPrIjCOc
xZwH_2MVmKI
ylLzyHk54Z0
hYYOHNPysjc
MHBbK9dt0Kg
13-3VMzfU3Y
aiXdP9gqxHc
1GPeMteK4HQ
CkUBRbiL5_Y
rp2o8IwWBbQ
J64kSF6JVuM
RF62c4HgbU4
eYrOfmm71Mo
C2FL7XsAgeg
UmklGppp2DI
REgUHZMTaa8
cY8lBOSO3ak
_9Gn4td5Nfw
pYE_95KkTVE
wSD3t0dM5Ko
i8zD4DExhXQ
nxVOvcM6LS8
NzxPeAmHJbg
bN6tK_o4slo
7J2u6QZIXsA
3dMrILwtiMI
fULUS4VQoeE
nsyq6_Mgaxs
2gqDsi8zRt4
ql_3yWfi1rY
dF2uk3u6dPE
ELox9yPRu9c
5VFzlZd0tzE
coZ-jVLsmVA
BJpg20uoQ40
5r0BcQzMFPw
N94s7ix0JPo
LgQ4QxJ5eqE
0zz-oSrWfj0
taHoH-yjyjk
vQHHfwvrbFU
mDG4w96RePo
YCcAE2SCQ6k
o32tWdyaIFA
8ErOVHiu5K8
avk93IXH12I
Zip1G6-NiMM
BtrFZmZjalE
xIxDJof7xxQ
TNP6cVzHRLA
s4akPwyQoL0
mqXPjlq8O-I
rxyWvlZccDU
jQaEuSGRb7I
pF6UEGBofGg
6PlbcOyC5po
96Fn5OpAiqw
_ZapuU6frSo
JcaALF05XOk
WFAxXEqfFPU
AnX_tHO6ggo
nOTSTzONhbE
Jz2CJml5Vkg
il2ApiU53GY
n4n0X3BNTZo
079HW2Am-MU
eLQ9xc_Dm3g
tscMnoS4YU8
UZCfK8pVztw
UXy1bRSOJP4
M1Qr9rSBGBE
1J91Ownq-7g
61u9Y5Zi0_w
VSq8m00p1FM
Sennqe0BNhk
szLaJQlruc4
UgIk_bx_5h4
zlhyp5Ve2qk
i6Fr65PFqfk
zOaimbSe6n8
fipFKyW2FA4
A-S0tqpPga4
sWehvHb8RIA
d42a4g650Ws
wPpV8icsXL4
CmyFcChTc4M
AItpKT8sjnA
D-4UN4MkSyI
mleXOhjbrUE
C4V6fOMSD_o
HUxxoFeJ0VA
8pAxPQYZDng
XXrNbxK6ACQ
ulcgFppkbLU
pd1FJh59zxQ
HXevnuOOy48
7vKH7HWfDQo
SEfkUeGFqlw
3Phzzo5jiXk
nnEZcUUmdhI
T04fKsD56LU
VwEkp7TKHUk
IdOnloHfVuw
K-e8DDRwVUg
Zhawgd0REhA
h9Qe0OnjeXg
nwn3YY6cyEQ
NIWtZPIf4Nk
2ScPbu8ga1Q
bDgD9whDfEY
LDXulO6n7Vo
VucyZQybFno
vv2MnqP8Bmk
nvti32k4xyU
K4xuitAzIEk
ZcWszaReqXI
zFPlx4-eIWk
nG66hIhUdEU
Xrv94eRNgVA
-F-3E8pyjFo
Lvdxwm_fLyA
OWVVrJqScO0
hapkRYxCU_8
5la1ZsH7Yco
Oh9_t5W6MTE
nEgynWIKzSY
v1gTI4BOPUw
2YoS3vZeZOc
sz6txhPT7vQ
FoJ8CwFvCk8
-EaD8ZQT3Z0
QRUqVyP27Hw
JQjdJH8122w
6SYnlH5FXz0
7fbz8WOec1g
pi_I7oD_uGI
tRJEZgIX8BI
6XK0TnYwMg4
In_K-P_PrGE
2PN84cPsfmM
qsan-GQaeyk
66Cz7_v02Hk
hmZyyBVbkOQ
rg-FVDmgyP0
x3tOhaSk-wQ
piq3vmhQ-LU
xh5Vo_drhDE
1_wMv2tBzvo
G-36noTCaiA
y7vwZ20SDzc
j8XseabG5j0
cePFlJ8sGj4
qU_1_DrP04I
Rt_ELFiOt38
t_AUNp7zyUY
nS49mge5ICo
cyfVHNAM80E
rRCx9e38yr8
BttI-y9VzXQ
3cAo0uvJM5M
sXLP5SLRrgQ
7fsBDQ2ng8s
6x0cAzQ7PVs
2kk7szjUKTU
vZ8IDqIearQ
o7YvGBz62nc
v3uCX-wcfFg
QZWrYaV5U4k
t5a842H6a-g
hQ5eOkmdIZI
NGjxHDbB1jE
KwV0PHdAER8
TkPiXRNee7A
62x17hG6Wvo
ptjedOZEXPM
FALvwBN5-hc
QoNZKwzOR0c
dP99fLhGwAU
s1ArCf8yIWE
NGDjQGjK79A
3WSUIe5id3E
MJzoVFAcg1I
_UNgokP71tw
tx5gdoNpcZM
0HJF-PBoRhM
cBPzPdcMj1s
B1yYrrMrp0s
upW8zcGlgIo
x1ZZ-R3p_w8
FFXhXZnmEQM
Ila8j1cvnWk
vk1HvP7NO5w
4F4Jb1ssEvI
MrmzvHFW7b8
relG0tfwfXM
xKybHtlpAY4
jFgBgU9CcCQ
BIEwUxMrJ4Y
iIp7OnHXBlo
oaxZtKAlLRk
NOAa05s0tck
MmUiKaHWjLI
lnxaV8jt_28
H6KVwATfCdM
QIPKmkeMuz4
YKY6fh85SnQ
WoyoUpawfgU
ZU9nRgT5Cy8
8zJa3eU82Zo
K7usoKm5zwE
oG6Ac7d-Nx8
oTFL7FPLnXY
JcM2Ejk1tis
tcbpTQXNwac
3Ztr-HhWX1c
bfgO-LXGpTM
rWCLROPKug0
xV_22e-Y5OE
KS2S3WQYE18
1IGCbH6hLRA
QzS_shIzfcM
8EsFJu6p3P4
Wzg7p6RfDsA
kNXdfjUYGAo
I8xZBfVsMzs
IYqfT9i1las
EDb8yOM3Vpw
4y-3bllkkPc
LwXMa8MAgFA
u1zgFlCw8Aw
R8P0PbgS52c
wZJbidoQg30
ttbp4SCm-w0
QBguV2B16nU
1O2HM7_Tpik
WeHnQESDr-8
0JvBJYTJ2a8
uGxGsb5tG-4
6gzmg-eTH0k
9gW2YVBrNVA
mwNTNbZLCJM
_JJtM7tqT_Q
lPyJxVJr2Mw
tWEZaW4UBtw
OXz3hK6FDWI
1QD9XQm_Jd4
EE4Q9Y4kcF8
dm4tcigbkAI
ihkDSCO0chE
mbd0ziXJm98
m3znA_4xptA
0P0zWx-TONs
ceB0CjSCD2w
VyHaImmmkGs
6NhdXm9197s
tdNguO6SzU4
ViCyl-WNIeI
nBdvSdDAzHM
Uwp3EVU5ePA
kkbTbkMRZGE
2x1WoMo5cyQ
kMsL9fN-rXk
HeAXUDEfbjc
hKrvY42dw1A
C5qYJsIWufA
mMh2D3-cHik
RR1E5zO-eBo
Zi6N7Y60CXo
1hdIVQcWwoY
yncRV6Dk-kQ
P-jRS4LvsDQ
OgaFVfO69C8
uX1Nhr75zDI
gVoKP1aGug8
6YMn61Dv2nQ
WeQPtp6dXfo
Bjg1GqaJXqY
7x4hun_Kqks
xoe1yT0J6KI
vV0ebXclRd8
EhIPwD09v5A
kH28fJbCq3s
v9r1m8WX8sg
ADos_xW4_J0
pLA7wU1Kod4
VGazSZUYyf4
SIFr4Gx2pMU
ne7_mZ7rYsM
yHRi11Hsjqg
Q6kqINnJw6I
VCEydxaxQdg
JK0glunMU9Q
uw2hhRkNY0E
pqzb8UFVHTY
_Tayr_9kM6Y
EiaB2fsPN1g
YL1pycL9TEg
YxEraGHGUI8
7m24I5ghHO8
RuKSyLSxuc4
zsBN69azOpo
CnYFsdAnKew
lVIYhdaavsw
21UTDICgEmY
rsbVUU5iI1M
nSqj7cU1Q-Q
-KTtrye7sbo
EYKppFpaTws
jt9VEtDo4Zk
wlhB8o-EmgM
GDghsg7sNUs
DjSO5nAK6wE
EQ2vLdFTaT0
ZvFVs92Fydw
FVo5wDsi5Bg
zI38Tc9GjSk
BT-piFBP4fE
5Eib_H_zCEY
yjPBkvYh-ss
-vD6PUdf3Js
1ZDybXl212Q
F59KmOrnFco
