--tBgPg7aCo
-2ccgDhRsTY
-5QxIfMUveE
-5bpFxpbSS8
-BaWUMosxr4
-BjIL8YjJ2M
-DFrfnMEjfA
-NvusV5VMZs
-Wk4r8ibio4
-aVxqW_z8Vs
-av6cz9upO0
-bX5_SujNfk
-dWpHngp_ug
-imdhT046UY
-l74GzxwzLw
-tZaY-bl5aM
-xSml-9N3rM
-ylh_eENiRs
-zTeDqxxDfg
06DGdXwlRV4
081QdsKNtpc
0CpMh5uFL_g
0KAS_d2vQLU
0LiInBIP0SA
0NZvqCwKXJE
0ONAd_F7tmM
0S_KMRUhgTM
0TwJZfRms1M
0_FTi6CCHe4
0b3uRHqWh-c
0d4x418_rGk
0dbf_iIv-U4
0dtZ7a8K1Ow
0g8_AWXy4uU
0nA4oDXJ80Q
0nL9p8Wd8AI
0qMMLfepAMM
0s2WFh-IP4s
0sqhSybK0P0
0tDTOaKm3Gc
0xQh5k4LHlI
10PGVXqF2NU
1GMWn4IxVro
1NSBytjzM1w
1NgJKQc6HTI
1S1fXE-hNu4
1Tem62TM3Rg
1_FGV90sDYw
1a9ykfgC13Y
1dwb0p2x_2U
1fzU91bQmBQ
1xyUCI5ccoo
2-ReoCdkizk
20B2KDBnjQ0
210MwGyXWrY
22MyYPp415M
2B80mOP7zCY
2CaT5QPaRCs
2E6-6gyCejk
2EHdOCWjQ00
2Gh_8zwJfxw
2LGPDCWDWBw
2PH3oAo21h8
2Tmrz_xU3ZM
2ZxMNXBwHfQ
2afLIOVV6lU
2fMVbkrhW8E
2h5udTylE8E
2iJodMlvLh0
2mkD39tlGRs
2oUskw2O_RM
2rNGzo-o9Xg
2u9p-QkECko
388Y1VVBYd8
3GTTXJKZ08Q
3GZbLH3Q-AI
3IN89oqIvvg
3IkqxXk6aek
3JsUaJp813s
3MMajzUojMw
3N3J4yNdpzw
3NWb2MeOm20
3THzvYYebw0
3VabsioEoHI
3Vo1KRJoloY
3Vvx0cQf718
3WUFC5Og_RI
3YlhcEFL0xA
3ZoXsqjg9xs
3cc82aOodsw
3dQcTZ-Bk6I
3gwk0e3wgoM
3nmHTjutjzQ
3oVIaTrYaWs
3tyYsfl4DlA
46x_NjRaUIA
4B_f8VBy9KM
4C3QZIyfXt4
4CbNFTLpMoA
4EIUjo0GTb8
4EpP7fQ5XkU
4GIH3JYb6no
4Gd0ZzPDa2g
4HMIFeG8kMQ
4MpYuaJsvRw
4NnJ-7Y6qwo
4WsR5hbab4E
4Xk86KZCDXI
4YgOPaR9wUs
4_od6yFhK6M
4fzvuM6ipDA
4iRJDDjejCI
4m40LZjTJSA
4ps_5DJc7Ww
4rSO66M3okg
4rez_nap27w
4sRokmYSub4
4z-ZrTlJm3w
54BnIALprw0
55NF6TQ881c
58Dn9FEbLiE
59rMoUXbThU
5FXwGYGPTFs
5HO51XEJZ6o
5HjaJbW8OfM
5MdTtOGYKco
5OAiZYjRqfo
5RKG4J7TLro
5SZaG61_890
5ZHiN7GZxSc
5aIWhvyeNSM
5ifwg8DDzOo
5lGiLmcyCDk
5ldDbp_TpLU
5mdktMXCnH8
5n7-EZYaK-w
5nH4YR0UOeI
5nOpvx1ZtJg
5nmAFmoTLZw
5oPONynwCLY
5qbOAQ6RbdM
5rvqkaRVDwA
5t7JLjr1FxQ
5v5por7wuyI
5wluwzlMFIQ
6-HUJyBzw70
606QlJ6uud0
62fwZSCZoM0
65Tob9dg0fQ
67AVpHsDY4c
6CEW6Qsb8WI
6EYIYXlc3IY
6JBPsw-DJk4
6JY28JMf_VY
6LzLqmfiOVU
6VBj-vs--Gw
6bT00gb4ABs
6gFISD70aoE
6i3j9vN4vvE
6mvddSKEs1w
6oIQLbTlmy8
6p5x0nxtqVs
6pfmmehUY9s
6rGvRS3yK3g
6wXNczi7A5w
6zrdpTHIeEY
70yt7LBchLg
75LA5wQzMe4
78OfIdOST5A
7FdiHv8FTpA
7KPcfdbVTic
7LymOQHPLDw
7MZ59LQtWH8
7PTZBE9bpQ0
7PbaTbkceik
7RWhcmfIvX4
7cVg0hYi5io
7iTFMdTz9JA
7juROVsNUvo
7kSICWq6hKI
7n0ba47kdPY
7qOl97KGQDc
7t6m0k_Ki9g
7wQpHTnji68
7y_HIoCx3w0
7ycoQ3KAURk
81A_17FM-N0
87gx9-8ksJU
88aDJFdUjH4
8AV517AO4qw
8AeSsJGUGDA
8B6cPaxcT6Q
8E4cQHejFq0
8HQlFlBd6Yc
8MsDZ1UQw0g
8QxdroQ84SE
8S5XpJIru18
8bNidh0IOGk
8dSLHIfBp6o
8fR8ZL_7J6o
8mPsu-bByKw
8ocYprvhm9g
8sVTBtJE8gY
8tX31dZpwZY
8xr_OQtlhoI
949qv3hk7hA
95PfKJsw9v8
97AJIFDvAYk
99ND_B5kMd4
9B-lZsISE38
9BVFrwQ1bEI
9DN68RK1KYQ
9EM1byyXwFs
9ETDaLMBhho
9EphtH2fbsM
9F_o-2nkKPA
9InQTqISo6U
9IyNSoDZW1I
9MCM7FVBUPc
9TuHBEDug7Q
9Wj-T_PIEGY
9X_PNIsoHes
9Z_UndhO2ME
9aCnaiGBi0w
9biIOtEYeHc
9deohvdXsIs
9f78VaOVeks
9i4SKHbhbqk
9ndeJpLLM-k
9p0zliwolK8
9rTVuc26eFk
9rWZNHkrsNg
9s7bEurHRr8
9tDrVjHgG4M
9xppRtAUJQk
9yue3V8UacM
A-gHfY4COm4
A3igZIG44D4
A4A15EdCNLQ
A6ZiC2zzfEk
AAwVqu46AR8
ADUqUMKnZVo
AIw8IXHAX6c
AS2Yosmesw0
AVRP30DZ4N0
A_kKv6mZ8TY
Ab67vBsL-uE
Am2WcOlQKkk
An9FA6a8dyc
AuBFdAUYyL8
AwAdC9t3fIw
B-KRKlTzqQQ
B1Kaq0_FqGs
B3vxkNDZysE
B68Fw7PUmFw
B6Rdd-E61S4
B85R5TxXIAA
B9QA4L8FtAw
BBPsATAziOw
BBip3AqUT8c
BHW2sLeIzN4
BHcyuzXRqLs
BKqnwq5pgsY
BL_wfjEIzSw
BOzHK3O82WU
BSBEUcAyFyk
BYiPP5MwHOs
BaoM_RRY66o
Bbcm3q_UsZc
BdLXDsJeDuQ
Bl5OFosjNZE
BvvXM1Uld8A
C4orafwazfc
CAI7_EscTrg
CFHuopAfOYQ
CGtOyHNf4B8
CWzDuqpFImY
CYlGyCzPA2w
CaO2mQKyAX0
CeGS0BqcLBE
CfFl99Bxn7w
ChAm0tv1zDk
Cm2XN5mbepg
CpGBznYcdM8
Cyskqnp1j64
D1CY_5XiH6s
D3x-dKdb9Gg
D60f8-IOtps
D6nQVRib4VE
D94hyelJps4
DAK-pj093A4
DBY61x4lIXM
DGxTmgHdDVA
DKLbnphelLE
DOGQ5QkIAg8
DYNwZPgtpTI
DbMUeO-moDY
DbjgkY9AgBw
Df4NxwUxvIM
Dga9YZzD6Lw
DjDEo9kBQQc
DkoDoIMg7CA
DnvvkK0spk0
DsuxXH8Q76o
DvNAU2u4fcQ
E-eB7ZbBX80
E33FuP1oenA
E42S5KXWbPI
E7EPI3zB2BA
E7ybnkUmh18
ECc_cZCi9zY
ELIekcnsxtg
EN9nKnmbBuA
ETt6wwD0BSQ
EVpBQPw6xTk
EdxXZZ2x0dw
Es3B8Swni14
EtiNjqXX7Ss
EziM5ckJbo4
F-C5phzedLo
F1iTXoCftHs
F2wQMohhQC4
F4vKLWpS1sU
F6F83CRPyBk
FCDPP4ak8xU
FERaJ6xIyqU
FFSkbsyasu8
FGaOZTck1eA
FGwWbaD1zn8
FKjk53na1sk
FOzdLguuFL4
FP6E3JtmsCE
FSLlsQ-x4jU
FTociictyyE
FV4jQVKK4T4
FY957G7njSQ
FaIynhb0twk
FbKg0OaqjR4
Flu-Afl5V4I
FmF1OHjJ_kM
FohL1ir4ZU4
Foojp8CMraw
FrDuUxAHdKc
Fv9cJ_tlQyM
G19TIz861mk
G1cNvPyi-DY
G1ufZ_Yz4CQ
G36VN1IdiQo
GCcCfRc-qgY
GEpOvFLIJy0
GGRWss_Sm_0
GGoqLGYjBsY
GMm_r0n-TZ8
GWajfgA8lYQ
GXzTeg-h6W4
GaaPw4auong
GgTuaBIW9Nc
GhEivFtR9OY
GvCafDij1S0
H-4p4Upx-aM
H-xDnudXEz4
H0n_jfydU4U
H6r65SHkpVs
HEoAELM_8VI
HIccGT_2rmo
HLXkxg4Fl34
HMB6QCpORnk
HPgSvIA4YLk
HRCCsTZ0_64
HSIvN4RUNY8
HXfqtNzt5U0
HXoAzTX2KQc
H_HBY7h8K1Y
Hj9nC18Y7n0
HoyyfE6dcz0
HrNLvCO2tE4
HtZtmtiX3Bo
I0D1duynFR4
I0LD1m8EIKY
IB4JJw28C4Q
IGqTn9LFM6I
IHCGs8Qnykk
IJsnpOZ0l6g
ILOyy8G_jaw
IONufEmzfhw
IUDMuyITLCc
IXZM4IZVDxg
I_58ErSp6Xg
IcDI1iWmIp8
If2rE7Sagyw
IjoDJbmNQ1Y
Ik0iR1IBIQg
Ioze4oxKdfs
Iqbhl20fyaY
IqkQx7dF-BE
IvzZD2FjcU8
J0ZeVTHWC1U
J5fg1AmhF4I
J6mKvrwbGoI
J9TuIotSK60
JBMzAI27Kuw
JH8USxzRDso
JNND9JRMZkM
JS_fImyeSHA
JWdTvyy6-mU
JZVWkjFGCBI
JaNOM1QQZVk
Ja_8F2cQyDE
Jf75I9LKhvg
Jjown7Lp0hY
JlJ-G8aD-7c
JrYNSCEHLlI
JvZRjh0CaIU
JvbagQ573rc
Jvqtbq2reuY
Jxb3Cngfan4
Jzczmi1mPTs
K4TfxO-zXYY
K9u07NEsz9I
KEkEjRM2VSo
KKAiryvcyH4
KOS2v-z9Lo0
KROVbR3MF4E
KZF9PYezHZU
Kb9fRDyI6U4
Kba6MAlEv3o
Kdiu4O-liKU
Ke_xYIhYPTw
KfJuOozw7kw
KgOBAWbkq5Q
KkpfxO87bPM
L-fiAsuktFI
L0d3MfTTnTY
L5o6kjGy9co
LB9KDxAOMvI
LFHvC9sluWM
LGpI2lTaWAY
LH5Qu6VDkjI
LQMTClwRCrY
LWso-tKMOYM
LX_-5_Fimbk
LXbhGsvIH70
LXgCS72i4BE
LXiBei_iUes
Laiyl3wP3SU
LcAC8ZIidOY
LdfX_lN5n0E
Lj5uCaTAUq4
LkI1CpYZp1M
LnhD4znyPrE
LqVtm1R01Qk
Lvy91ePSCfk
M71U5Ls3NBc
M8OGXmLTTiI
MDUipdbMqP8
MJvBKYcY8Lc
MZ6LS4l3roE
M_GNznvIN1E
M_J0UMUwvR8
Mg1_8s5_Pno
Mky4rVHhO3s
MpTodVRR73E
Mq-Deg74vB4
Mr9VqlpDKJ4
MrDU2m-gKQc
MuajFTgkoHw
Mxu1UOrvdJQ
MylwQAr2c8s
MyrsVCgpG60
N2G6YNtLUOg
NFKdscVa6CE
NGm1QxZDTbA
NM04uKbgGdU
NO1KXVLGrw4
NPBlhPiUe1o
NQ1UBpDwLPA
NZHbdR73Av8
N_T5r73i1xg
NiFuLX68NY8
NoyaHpwTZtY
Nr1eQdvcWKc
Nrpk5CagO00
NybhwoK6am0
OCKzBptAngI
OHC7UJgN6pk
ONWqry7Dz1c
OPn2kZRnUxw
OR8-79TmFaw
ORJLqJCxFWE
OTROBsZl9AE
ObYtQm9cjiw
OhLGGkWg0ts
OibgYxJ9KPU
OkGK9cJvOVg
OrKnMl_jBgo
P0xvmcaVozY
P1-MBqtCRMg
P7SyepPTkWU
PCOrddV9VsM
PJcymcj4y8w
PLNEJFnG8gY
POVcd1b4v6Y
PVheARqCkGM
PW_5vUWiKWI
PeWBEHC-LwY
PkMo_kH7NvI
Pm4hPeust8Y
PnN4d7fV6Iw
PnUU317KIIo
PoFso1vyAzw
PqDr8K7miqA
Ps6D26D9sG0
PtTZoNmgC5g
PxEe3arQqzA
Q-ZAHrQUH4s
Q2gnL9bTny4
Q3w7Fz6KFa8
QBULK-w-i90
QBWZxNkLkHI
QClxL_mEoCA
QDCO_J1lOrA
QLXy_Z-3SRI
QLmWqMeYv0A
QPDmExEPpIs
QX_MNFk7BUc
QZK0bqfITnI
Qa0Pvyp3gOQ
Qcjd-Y7k7Uk
QeelWOpRvyU
QgaI8g_Bjss
Qhu7aQsLAvA
QnxLau7m600
QphG683mEzg
QqLgmequ7Bk
Qqu3YPsT1MM
QrxxWWWFEPc
QvAKa22Ire4
Qy0HncHOQe0
R9tAAN02zh0
RA5NE7Jksik
RD2psWVK9jY
RDujFWENsHE
RKctlPtb64g
ROIlCiUJxHI
ROxNWaF9Ltc
RVCyeX7AWpE
R_L1w3DAcnU
RcOzeKV1MHQ
RdSya1UnU8E
RdmKbmIhQrQ
RkNogxhrf3M
S-bBOdmXLPs
S0br3txWstE
S1MJp9RFfIE
S5Xuj69vPLA
S65LMDQNP5Q
S7Fm3rLGtjM
S9WTv6Pn9WE
SBn1i9YqN1k
SIw0o1Z0bdc
SOYPXERuDbc
SW7mrBrComE
SfftM87LkkQ
SjEQd_x2m7Q
SrpR1qH3NN4
SsSX-eJsPtw
SzmMHqjtpbQ
T21phFISCmw
T3gc0fkKKgY
T5ymVMv-REo
T7klRNSMB-g
T9H7jFYvRGQ
TCR2hJcW11k
TE2omM_NoXU
TFzvzxsaAME
TNL9plyxnH0
TQZSEAP4VhQ
TRBpPF39sJ0
TWF1gEFpo38
T_oE5e7-Pow
TaFlyFkZvM4
TfCKlbrXabQ
ThV3fY6wx4A
Tl2eT-rx2JA
TlPAUozmWnA
TwBZTTmnYH4
TxzMjqhMn4Q
U9-ZRfXcNlg
UA6VSePCEPs
UBJtUcnn2RI
UBfb96BR4yU
UMp-IF6uPkk
USy5lPI__N4
UYhKDweME3A
U_Tqoy4and8
UaYsSBsg9Mc
Ud-YNQadnWY
Uf8iG-cCM7Y
UmkBn25IcL0
Uq0HIRWFraY
Uq8wJyLuBUo
UqljUgqIFxM
UscPxIquiRk
UxEKMQUvWLc
UzFoThs2Qpw
V4gyraWEwKo
V9KItEx3-vc
VD2ssZawXKY
VESaWTRbGHc
VN_44JajST4
VTdUhb13bzM
VX2Dk5fzE2c
VZR5I2_EGvg
VaWYE8dvDGk
VatksYAFVCQ
VeEVdw5EGyA
VjH-gqfD8v0
VkCo2eFQpKw
VkOtF4hjZkM
VmUGXKpH264
VnIlMaUfKm0
Vp5q6xwml1s
Vs3zkP6iY7Y
VziS-DK0tYU
W0igvV6WZMY
W1hd6y2JwUw
W2eyKTjfbUs
W6BFj7zFZnw
WAzDgQR1MpU
WEWdeL67Tmo
WFvKBhhfNrY
WI5AqMNWrMc
WK01gDq8d6A
WLSmRcipKlA
WNABbYLsyuE
WPsPP_T7pr0
WR1MDeP-qSc
WS8lZ6dyYE4
WVXbn6es52g
WYkX7QEi3EA
WdKDhhAXGvY
WfrLcD_McCY
WqY9JYZGzxk
WsGadem2oKA
WvCbWFOhEpQ
WysiAYJHRCE
X0P2NxiTjxA
X0PMkDAt0Ho
X1mE2IWeamI
XALsU1VZ5vM
XE_4-qQK7Nw
XG4IsC2wSuk
XGWHzz779Mw
XO5DF8soxwM
XPqTjLE-D0o
XQQumV_qqs8
XRH56FNrgoU
XZXZy6cEcAA
X_qo3lnRS1k
Xda2BeH84-I
XeIdUUC0mPc
XhRIqzUDqAM
XpCrAjpCoPI
Xr8hcRExCy4
XzCyApAtXJA
Y4fPCW9Q-pE
Y7VW3k8haR0
YCU2Iyr6Xts
YDBnxz1-0XE
YFPAjxSQkZ8
YIJk4vHt6ec
YIjWwZwlHQg
YIv5ExcxNJ0
YJ3qcTNtcFg
YPXbD7c54xY
YQloi2js3OQ
YUuahVSKiOs
YX-lQ4MKI4g
Yaki4HUsiNM
Yg_J7DoGaf8
Ygy8HJrULRc
Yj7UfZR_yqA
YmJzFZ13vE8
YnUWFbSUFaw
YrfPCs8MfVE
Ys9ziXRfEMw
Yu6WcjVR8lE
YuVSRSlOFFY
Yw-FSUEc8Pc
Yx9uHvRw7pc
YxJVMwc3GG0
Z2EjXkOUCJw
Z3ubR0LbQv0
Z5kD6bYPJcA
Z9j0Kb_Y0bY
ZD4InBGUotM
ZG_aBxw69j0
ZHteEcqr5V8
ZJuJ9F0G02A
ZJy1ajvMU1k
ZKRCNn1Bj_A
ZOI-pD1RuTE
ZRTyv9zSx2M
ZS9n3ehTD1c
Zb0hagZ0N54
ZdfNUxI4xgI
Zkn2KdxGmvM
ZmXPqVtziss
ZvsrTGu8q6g
_3QPNUQHwuI
_3ZayJoxuqI
_F_ICpYIbVs
_FpIHTW5T0c
_G2zaR6TGaY
_GkVrmNBEL4
_OMYWBy7hdM
_Y3z6IoCDRw
_aN0XcUi_jA
_qlk5A_gbiY
_s4fklCQQ7c
_w27alE4WWo
a-2n_g4AdDM
a-yRVKj0NvA
a3Dy8ugJuno
a40VeD8YxiU
a4JQGOXJneY
a7YBK2TGpxQ
a83OQQ900Mc
aEbct7ZI3aE
aGLpBWGKkZ0
aGsA9E9qeBg
aSE6FwOxBZQ
aXZRE0R36vg
aZyZOJd8MJw
aa5mJ0I5FuM
ajnboDfY1OI
ak2zvcmX7tY
arrznB5iEPU
b-crPoT981g
b23DCcCzbhI
b7Wvs5TKRRU
b9LWxrNUrFM
bBVozxyU9ME
bC7W_wPtFvI
bCF225x1vLU
bDCZiXmV8xs
bDXE8FlDXWA
bEuAtFA4fTw
bGJ6o09q0fQ
bICuYNfachY
bITnywNoPBU
bJ9_k_NdO4Q
bMXAF20AJKA
bN1pRxiyvd0
bPDRe9boIKw
ba0ZtkXu9R4
baVxKs2YKkU
bbbwX_3RAS8
bgUHF_N0XhM
bh0JLSjBEA0
bjAGX8JEego
bllBaGqrV44
boN3_pDaoZg
bwoBQ4KmaBo
byJuxZ-H1-w
c-NvFsYTSug
c1r6rCp8heA
c2oVVxcVfTI
c3uj0xgwVo8
c5KOthuMywA
c65HLgtFrDA
c7pAzpS0aSs
cC1qpBbuNyo
cDj7eAwgRXk
cDqRRqhnoyU
cIPssZynywE
cM_qi9KDocg
cTZwvLcPRWQ
cXkJ4DOhzNE
cZKLBD_LHYw
c_1gbXr_fng
ccme5tfU-1I
cd6W60iW0AM
ce9nt7FULJ8
ch9mBfF3agI
ci_1T4tuJSo
ckmWbSnOshQ
cmbVQKzwwZ4
cyrXkecoHXk
d-XL05EYWrQ
d-ZiJJ3n02s
d0nF4NLqCwA
dCGS067s0zo
dIL29JPXWzE
dJZeAAs2V2c
dPJgAe3DhhA
dQ4ZAZJphx4
dd_dYDIP4Pc
dhemvFrtSF8
dqDEYYSZTLQ
dqsRepcaFfg
draYwUZAJAc
dwt8LetFRSw
dz-rA15Wkao
eDSE2_v65Mc
eISbZutaed8
eLJrZr4re8M
eNsLwVTRaEQ
eOdKwe-JbxQ
eRceV-os00s
eTqGvxI-QFY
eUjs-UDEQNM
eZ0V3zDX0R0
eadKcnijR48
eqP8eSNtE2E
eqvXUOwArdI
etgCQaZUNYM
f0RXIfozdyo
fBGL7M_aAP0
fETZCWvzkWM
fPomJarjhHU
fQallQyxAfw
fT9ueBsGDkU
fTsnkx6l4C0
fXHmFPduYbM
fXt5gAdvPVQ
fYBRZjkDxVk
fZAV3GhTbp0
fe-tkf4cqFU
feIqYphLb5I
fg4usMDDkCs
finGO7TZUo8
fiq1RuICtZU
flNUejyMV88
g2endW7oOmI
g3q-ze3oKcE
g4uJzIy6r1A
g59TB4DoTd0
g5MlJ3Us10k
gBJjRYk0yC0
gEeclHthh5E
gH027cx6DfI
gOpV2zRpEf4
gPkPylR5YJs
gRv_oQkIIKc
gZ0EEucFVwo
ggzMXcetgfc
gh48wM6bPWQ
gieYvnxlSC4
gjFXhqnmeD0
gkMu2kNsVHQ
gksbHnscZoI
grlIDrv3JsE
gtyuzwLpuCw
gxCbTMKQZLY
h-Quzz53fKY
h2CZi7xUcdA
h4ICWXf5MbE
h8os1dQco0o
hAj7NIkjRzo
hFd8vijqBzI
hMdeLv7m7_0
hOp6P1-er_k
hXdfWJbFnqA
hZGqtmwboHU
hadfddzAi8w
heCqC40yYsg
hhkTHfsl_iM
hiIfD-TFX74
hl7lbz47FMQ
hlSZaN4hrjw
hmEBvqezIDg
hsmEEXHrzBg
hujf4RHSEmA
hz7L_DKNDBE
hzmpysD8Ql0
i-qCuzdlTpY
i0tjWqVNLpQ
iEgfMnY_NJQ
iIBJfOTecpg
iIi3pJxLDcs
iItJQexsKkg
iOPb95Wo3H4
iTmcGy9CWhE
iXwfBJYCTc4
i_EaR9nJHvE
i__IkMpxYHk
icSeQPrVnfo
ie6GyJbtDP8
ifI5jZBK8nE
igrgJb5cC4c
impOpTBgBpM
in_bG8cF5bo
ipcvgAb5y0U
irTXyJJUn-U
isNqwzobpDE
itSTX87ptK8
itd0Nd5AYN8
itt9CqwVTRA
iwcz98_8zvI
iyvvkZfSktY
j9aaBv5se68
jCBQDufzPWM
jEpdQwD-PFQ
jI3DdT915XA
jLKXD51XK0A
jLOcs7baZko
jPECQ0dU2-s
jR4rBBXPbck
jSb-o8a6u5I
jThoJAwyTXQ
jTi8-_ykIx0
jVm9MkIIEE0
j_QWpYYD09Q
jikqguPDskA
jj1VYZsZUG8
jpX5aiZZ39Y
jwu2y9x5OlM
jxInl3B2B4M
k3LfzqL1tRw
k5lG_jYVja0
k6Me0pxOQFg
k8SXf5V8aPM
kBMNnmyK65w
kEWxkQEpUVc
kKiYVLIk_9s
kMiPDcLNUxs
kSlmXbTzteQ
kTOhoGsoaPE
kdN41iYTg3U
kiJEl9ycW8I
kld8fv2P6yw
kpe5JNOeu0E
ksm2Aoa7qoY
kyBjIpvrLos
kzRqTIhA3AI
kzpqjpYnnU0
l5F9WfVRluM
l6Kf7I83Eq4
l9Qj1gEpwfM
lCpB2JBeCxI
lMtqgWJRyL4
lO6XOvnwqZA
lP6GLduttIc
lPU3p4C0Zgw
lSiHborCsMk
lTX_E0si44k
lV_GvYejYzY
lWhhMU_RUXg
lYglz3rqleQ
loAr6TU-mEU
lomPpgq9sCw
looejduglpI
lsc1odgMYUo
ltg97rZmx34
m7KxHDDgeA4
mJwhmwjfn3s
mMIwWFi1LJg
mRVojpsjt7M
mUyQLBCaobE
mXpV_n-LAhw
mcHddbql5pw
mdhaBc3-2NM
mgorDuLFk3I
mh3Cx85TwRE
mh9pF0WjM5k
mhDJNfV7hjk
mpgy4LqC32k
mrnnUfag2T0
mwQY7srMjbI
mxcMhYtHERM
myVavHrIMpk
mzDCuS2l_qI
mzWQSmeD1yU
n6GncLz17Ag
nA2MB2hCi3Q
nAfjthIeNvE
nD2uACtofuw
nEly-DQXGz0
nM9rafFBdDY
nNx8BFaQzYc
nP0G5_yxams
nRGz2md8l28
nTDmJng9b-w
nVMjfq4SAB8
nc-K6GzD-U4
nizYxj_UZBg
nkN3xLxw4K8
nlMd4ssyEKY
nmD5HC06q0A
npn1eucleOc
nsO-TbTqRK4
ntMUXODPxpE
o-1Afx1lQkI
oEPidjU9LLk
oEyl4RO4eJ8
oMo_nD8sVAg
oPmcxpw_cas
oTKXv191tYU
obsG-fYrQ8w
ohuZ89IOFWI
oj0gzO1STdg
ojaxbPRzIHM
op-iNUoxc6Y
orXUZ1PNKM8
orc_y7aYqv8
osa6-0g8a3I
p3szeghJNA8
p6ff-ShY5Bw
p7gmlzKfw98
pBpPMwZLXoA
pCDPSRDHIyg
pISNMskrvv8
pJ5v5NFYBjI
pNzwy6ZFnuk
pSpCiBQbOdw
pk0ncEW6bQ8
pkIUGKlsrRs
psUvk_X_CY0
pux4eEzTjy4
pxmS3p-GHA4
q0Evf1uHHkg
qAfmfCArUgA
qDCROH7A2-4
qFIlGLnjn7g
qKrUEbjQf9I
qN3TsJZkwlw
qOkZiVlQHMs
qSHXG-5ShFk
qTpQ42XDBX0
qVMqJEYjSGw
qYPQg7jV3eo
qbERkALKaAA
qdEYLg29V5A
qgiuBXT9LK4
qhCHbPxkUws
qulPiGagm0k
r-DSdlpz_qc
rC1zu-HWWPs
rCfjYBYOJyY
rHlOEZefBdw
rKLCr1zgUOA
rVDZlFcSBe8
rWLPQ-olguA
raAPyPS0N_8
rdOqFPezExE
rpvFXdxaK7o
rsdRN4pfgk0
rt7AtI9xwt4
s0eXLCN7Hi4
s73qMhFGo14
sDAiS7N6Ei8
sQxn1Pykbyg
sS5lgVekZm8
sUB2zvI2Y04
sb7HFOos-H0
scH_HiVKZcA
sjvCoNbMyVk
smHf9cMak7s
soZjh-YuJNY
srH3bp7pOpM
sr_mu8r-B58
t4BUAKkPJe0
t4gkv7yjqAs
tNkcF2d2xtY
tOoOI0KdUw4
tSRNtORNsIA
tV0b_EzTvY8
tV74mgfxVqI
tXS0RdlqhTo
tXxil4E9cuw
t_pH12Xjwlk
tbEgM6Fq5B0
tconiS6Mx0c
thBg1Uo5LIc
tiZQ1OHMI9k
tm3XeBeU7Xs
tmo-ag-TcJw
tpikKCfm-kU
tz5IrjY0sr4
u437DOwE1Ag
uBj-NriY_pQ
uErgqRLv8KM
uKHMmfwlQBA
uNGVYkKPmQI
uNT_AxXrUGs
uReorcXu1b8
uZDSuDw1c0I
uZDXFZ6L3fM
ucPtmk8cS0s
udFHKQ6M3Lc
unAOVy92a_8
up9I7NJAYpM
upfu5nQB2ks
upju2Er6TMw
ustlTgSesgM
uzrxSb7VWe0
v191Y8AUk6w
v4k4T9JzEZo
v7x1VF4c5vY
vGjrcWYoQq4
vPD3wU10xow
vXgOHWRfePE
vbypTbV19h8
vcfNpDtVqOw
vdORz1QxQJM
vglhM2iVGSo
viHkb8v1nT0
vrvOdYa1Igk
vzs9NQMfiUE
w-Y5q3b_GZ4
w09aE73Sgx0
w0_QVQEbMas
w45OXwXlHr8
wEV2UDH9pHs
wHRXUeVsAQQ
wK9whtgkas0
wVJLPBpxDrQ
wa374EWP8ug
wa8ZZk3NAu0
we7r91ZFm20
wfBgwZ4zgPw
wnMwEawGpJw
wptFGDD3gAE
wtlfcHmfKW0
wuKcDUi8kqs
wyLJwwKD_uY
x-McQOggRBo
x1YIFqyJd1s
x5nEb-7UKZI
xDCdWG_mH5s
xDpsIoAI9sA
xEzUrNKJsDw
xFhhp3ckoCk
xKFhvfDIZVc
xKfeQ8JNS38
xL3dQHepQxo
xTkSin9mxFk
xVlz_FyBkw4
xZ6PhPBMNgM
xe5eIwf768c
xel74g7pP1M
xhsN_36OW4w
xm76SyTxZcE
xpX7pDXAlYw
xwdZUUfnQXI
y-VjBxMufhw
y1LSp5TfMus
y5gnlPTXGB4
yDlDIKxVET8
yHHgI0uNNtM
yJkDuPrIkPA
yOnFBoIF8f8
yZMHNz2eG-Q
y_XvYHi42hs
yat43diplj0
ygT13VpzlfQ
yjveGfDO0eo
yv64abAJvEA
z-AI4ZalbR4
z-Zc72sHyrk
z15ipHV4Now
z5tgk8BCxTY
zBWc_jL1F24
zFPHWo1PMtY
zJQk-1d4m_k
zJbIdIGmPeQ
zKRf-mAjf14
zKizcOJfTRc
zKsW_5kmlCA
zLtwlPC7TIo
zLw98TnYIVo
zNo2vc7cYhU
zPHC0Jv3hH8
zQ4_Tp8uah4
zYyJ4dVOfVE
zbWpclMMA2w
zb__YSEshqk
zfB0ZhUygcs
zgLOHyTRfkc
zghdNZtymtk
zhK4HF_oRho
zmCBE0cqj6g
zmq4Jznb6pw
zqEE8WaSRz0
zs4ZDyyXXkc
zx5rHaBRGYA
