-1XSKu3pK8A
-5ydJmtcW3c
-6fg16csuD8
-9S0r27ylKc
-AxzCClVT94
-B8tFhN8S_I
-CbTVY5iucU
-Ccnu-1Hkuc
-DNPOYpXQnI
-Dy7x8b5iaQ
-E7K5D_OGvU
-ECOzA474PY
-EX_Gwf0upw
-FgI5qYV9MY
-Gncv393e2o
-JO4KWJP0pw
-Jidxfa2GrY
-M12NQbA23o
-NhPqimnr3o
-OGe42n1844
-OvwnLP18j8
-QmFhAhtb00
-QxZv_wJ1aA
-RbZGFLGV2A
-S7YBX3Zans
-SGxk6jgGC0
-U9pWc9iUFs
-XIW07v3mrQ
-YkU_NcV0NE
-YqsmmU_6pM
-aW5CW2cDy0
-caKbJ8i7WE
-dQtlAKD7iI
-h58jCC7U9E
-jRtaWfGymU
-kRy6s-k1yQ
-mHU3My4suY
-nFI6Y9gGyU
-nMOJZhLm2k
-o-nXr35QmA
-qo0Lm979Vs
-raCrUlQrVg
-u9QNvD4sRg
-utDtn9SvnI
-xLofcccu1w
-ykHjiu-XxE
00ZkliD5S84
01HprYXCjR4
02dd5IyCUh8
05YkRoJFcik
05e2ibbzV5s
07-xdyigrio
09RXTySevbw
0HLZ4HEUcZU
0Ikz_PwLjj0
0LCXMLz3Ygg
0QCthIUsguU
0TQsuANCNRo
0TtHM4rVGRM
0UOt_n7mRWM
0Z_cupVc3KA
0cx005gR33s
0gflEqIf-jA
0h5NktWVQ_0
0i6SlCit1qY
0iHtQDRTn2Y
0ko8Nbe0zhE
0nXrn-xHQ5k
0niI7Jospuo
0o7ctOlwBP4
0ofl_BcAJNc
0ou2Yj6CJUQ
0qEF37SOrfg
0v5Z9RPrg6U
0xrZqP1ngow
10C0KJI0W5c
10QZ_sTUupg
111Sskl6B0U
11ikPFZqHgI
12Bst168aRQ
1A22Cc1v_Ec
1CfZWPfciBM
1D64uy8vQMk
1DqH2DPSw4g
1ES4Ds7ApQw
1EhSIkUX4dY
1F9J5Uk-n7s
1G1teBwZ9e0
1Hq2lwFAAkg
1JTy46Ftfsk
1JYgUfWCHAo
1MZZD39U6gM
1Nezh3E0xhA
1NpFfkhp2Wg
1RadNGFRk3c
1U9NAxKX6Xg
1Wi2A8la3VQ
1XIR0NGlvZ0
1XmUeUGVAeo
1_-Ssi0PpYI
1_Ory7MfTPk
1d9uLhJamxk
1dCsAV2UFow
1eIYW9Gp_EY
1f-hn8pK4aQ
1gQ-UkIFlCc
1k3C0JVEWIA
1lTYPvArbGo
1lY7ee9-ADo
1mm7pI7Szt8
1ooJxa83zBM
1qnshCJIqqs
1szmYYkxbwo
1uFvO-3qIls
1ukb19NOOzQ
1yto9S08Qxo
20RrH8eH30A
23UBHPnMWRw
24enHaVQGXs
27h53C9gKs0
298Rb9wNwMg
29JGZa2Ycf8
29_PRbwybM0
29iRyBQRTuU
2AlEMF9I5lA
2AxuSZIEnjM
2AzWv730wiE
2BxEFi8rvI8
2F5ovxn0ZdY
2ITkTqA_fA0
2IwhLjj9Hkk
2KpDU8QWNXw
2LB0Kxq-DlA
2OoCxoVGMyU
2P1GrqH-3ks
2P9Cb8-B1b4
2PSzr_WdX1g
2PyvRpfUOwU
2RO6ia7F2rs
2UaXWdMvpEI
2VggEmXPnGw
2VuXqMPNQRA
2W3qEBmLW0A
2YJwvB5iDmc
2ZT2aMCDF-o
2ZTFB0FVhvI
2_AqYD9I9tQ
2aEQomTiC7Y
2bzUL569qXk
2cTITLyi3Zk
2dpk5_V_6Qs
2fjJ-uPXLQ4
2gO2BA6UeW8
2gmLQcG_abQ
2hnOrVvlFrU
2iDCO_47350
2oMh0RYx_Zs
2rZ3e9_baJg
2sqxJrf_zPY
2sxuAm569IY
2t_q6QYyn7o
2w-T7k_jrm4
2xG1u6Xn_ng
2xlUDUtftGw
2xtBW0RL1MI
2zw2250Mrww
30oR6CbbEew
32-5zf0bAlI
34J95Ev3wy4
34pMIvmLMDE
34x1dmEqy6o
36hOgiZw9ic
374plObsB9w
37RsoLN9GKk
3BVIlpPy8Yc
3DxMSufIIqY
3FV_3W23oOE
3I2pT5ouS3A
3K_TRpz6jjw
3L2tuXmaKQc
3MgNtss51zQ
3OeZXRpM2R0
3OpfeHr4_V8
3QSwDCofP00
3RNy0ByS420
3SwX8ANq7Ls
3TA4nQ6eUmI
3TiB8qSty-Q
3UnS7hKKBJk
3VIcM_RkPQ4
3WFFQ2o4TTE
3YmSpBKZR0Y
3ZV6cUMgld4
3_neKmb3J8U
3b24Q8Bz7b4
3cG7JTGkByA
3dxbQQPftuE
3e_KHj8MSWY
3gonObhV8h0
3h53_SIRnoE
3iqBcJxWQJM
3kTZAyAfPQs
3k_B0ZfcHUM
3mRjN1Focog
3nmZW3HyP04
3qcdGlJooHg
3qqBmj8KzAA
3qwAIMQETxg
3r0ThUN2YKs
3sjCA8OPobw
3t55mYUn_eI
3uEaJki7W8s
3uQ0i85u4DY
3ugw7-BwsmI
3ulpLzGubcQ
3x5VAg1HJIg
3y7Snqiah9M
3yVX47V0u3A
3yW8W5tT97c
3z0iapoYN-k
3zH_J12G9sQ
40znS-J6700
44SDwKtDgac
44qA81dic90
46ejSH_hLZk
46hxZpE3Ysc
47dxVRF6fi0
48B2mhPiuy0
4Bqk_E6L7zM
4ByOLyDJW_Y
4Cpp4v8j25s
4DB6648RoX8
4DH8LAa-caA
4DsVVgOzgiI
4E3f4z_OhDg
4EPsvZXmAVY
4FzsrMGAYRE
4GBKaLykiNQ
4GqKstQghX4
4GwO-6BSW4k
4IxoiQYLFUY
4JZ7LSjAPXc
4O227tLJs3Y
4O8k9qe8fjI
4VdpboAQxxo
4Vl4I0weXPU
4WuOZM9shZ0
4Y0ht2VPPI8
4YbKeo-37Ng
4Z_IRkfBlEA
4_kJ5h96f1s
4aV1jXzYeP8
4cxyltx1ty4
4dBI4VzbKXk
4dQuuF1JK_A
4eM4K_kXD30
4je5ZDwuaUE
4khAq5GEet4
4ltPQvxykdo
4mAZMczr3rs
4maO5ZjTQDU
4ndOz33_cbo
4ohhU5OmOyM
4p9EI6cRB0c
4qGk4DvmS_w
4qbROmxxIOU
4r1lyt6xGps
4sejyp6RiLo
4twBzf6ngSc
4uojqTQNkCw
4usykGPLrsY
4v6mhinsHcg
4vTnoRdusYU
4wC4aJewsgE
4wN-TMVEDtg
5-urfpOddlk
50xHb78k98U
51ha-1bGHl4
52G9IBZm9z0
537UdVlG7_E
54RzKGIAv9w
54sOkJ2AQoU
57pvXjVEIjg
57vURZhzS9E
59Nt5rx4FUw
5A5UgFAi6p0
5BMOL4VwlII
5BdIKCXZMaQ
5EZvpyJaijw
5Nkw22tUFZQ
5O1UKF2r78g
5Q28omqcpRE
5R0uWwSEKTI
5SQD4Kj6oak
5SYorweedGw
5SfKe3cdY-s
5TgoOuMKQSk
5TlEXUD4VYM
5UBu5TQuplc
5UNNwIydCEs
5UhnuddcAsE
5Uj4mDDvHCE
5W-hwxIKVNI
5WjYCqI0OHo
5X8z1wxZ3pk
5Y8SCus3CCo
5Y9Hsc7SRfc
5YjHWmr20KE
5Zmijb1T3dU
5Zrd7s-G8A4
5cKeW3AWHnA
5cQ50i-o_GA
5dXnrU6FLhw
5f27ur8mpNU
5hHQ7J1mBbE
5hO8A6JmAio
5hOH0BEBfNk
5j0XuNXvaUc
5kC4ScMiZYc
5l-WX-YVLoM
5l4sCaw71NE
5m9oRVZa-Gk
5mIiMXdEaLs
5oQ2b5xA6aY
5pDNEKhbf14
5pX-Ec8idEQ
5qABiMPTuAM
5r9D16YY-TM
5rbPkeffP3g
5sdlpy7obcM
5vJTsWVNERs
5vQcI9phkyk
5vXoH3zSceg
5wCPoQhN-C4
5wu23IkOomw
5xQsyOvjOqw
61TFPQC9z9k
62YHHdYGOXM
63MwJsObwcA
65VlNDg0DqY
65mR5T4s-kg
67Ce5m-3lCE
68PyBpxcpWA
69ZcEED8J4c
6BQh-WznUs8
6C-HgonZgfc
6CA75Jchfi0
6DWJDW5lqB0
6Ev29gcUAk0
6H13jFvdsVY
6HhCcuD0coI
6HxXNspZIH0
6JMPfS0tG2o
6KSaB1zHAOU
6L6DIvq9qSg
6N5l0sgPP5k
6O6NLst__oc
6Pmnb5cQD4Y
6QL0v5wLxKM
6Qyck5hrZ98
6S9Q2olc2g8
6Sw07KG00r8
6TCgkrCSv5A
6TIrhpxrHME
6TtKITu4AhU
6UPMElr8fnk
6W4CmM3JM20
6ZRZ_tfCjJA
6_9R-6Qw3SA
6aVYWWwodmc
6bOKDAI5f5I
6eW2DgXZ_DA
6egMvkmjdpQ
6fZzfr9mMuQ
6gIK_XoB8so
6iGHzd5SvNY
6jeO915F2L4
6khrKC9WDyQ
6lTMcwP3b7A
6lZDDHpIJmE
6mXgnmo1_tA
6ngj7YanPp8
6sFd1YZNL_U
6sWZ8wQMSJw
6tpEPc-bdoE
6uTZcdeXd8w
6vPpdmcKQH0
6voHOrslSoY
6vtCtAL6Z_o
6x0a-QMPp7w
6ybJSmRaZkw
6zSB2coLxDM
6zzp6Hr0dXg
71IQHcTKWTI
71PMLtrRDmQ
71bp0x8Ly-Y
73-TKLhaT8Y
73l2cgaMwWc
76tvZCxMtkU
77XwVlbRid8
7A2GqwzbKf4
7Cu6ezC4AWE
7FVO5Xy4-Nw
7H6doOmS-eM
7HGy2ncM010
7KsqeGhN0Q8
7NTOj-sdFMU
7NasDqdtDUY
7Nmui9MPRRo
7Oy9i7Rm_Qc
7RjfBekS2iQ
7VQNxaNz1J4
7VlYkmLrpfU
7WiB73Jq1BY
7YNPbY6deQ0
7YnbFRjpwLU
7_SR8nI6TZE
7b3O0gOeGfg
7bxmQgr3X1Q
7cdYfHIEMkg
7d7VS46e86k
7eRam3hoZi0
7fzLID6t9Ms
7gxtL9MbOpk
7hftqoZGimA
7iAL0BZNbjg
7iHiHtCrjEk
7iRgCHT_xT0
7lyCmaC5j50
7oSGuw4vqLk
7pR4kE4BOzc
7s0SQlpEeBg
7vVrD9Z4lAw
7vtIh-SbuTg
7zJtbap5XVA
7zPYcHeQIbg
80OldXUjDXU
80v95VydAF4
81KcOamobAU
81zuW-P-E4A
82seHPdYAo8
83qBoeFGPAM
85VapLsO2zM
86idhCsmZto
8ACrmXE2mFw
8E0SvM6qvrk
8HNHcwsx2nQ
8HrAFNIdn9k
8K3g9hQWuag
8KEENChZdWY
8Kt7YdXsWzg
8LUz6Zhud_k
8N5zqyjhgyQ
8RaXuofhXCM
8ThPuKK0mks
8Vugw4sw3TA
8WNMSQyKP18
8XTLf79EJjk
8Z95-MtwYJM
8ZdLpCzlnIc
8_Ey5ph4wW8
8a30QmQ_i5Q
8aKvBdxLN1k
8bbDoVYGC_A
8djJACxGcoU
8f5K14qOvcA
8fSx0Q7nLJk
8jEejp8CCbA
8nirYzrYQ3g
8o1jVE5xWtk
8oQzaS6-Z3I
8pw0bJu-Vw0
8qWSWdRnXaI
8qtnTJ-Sdrk
8rS9wZHdF8M
8x8VpBrn3Rw
8xS-wB6NvYo
8xeXse99gdI
8y-x-_WEdPA
8yb4BBvR-6Y
9-X-S8EHkFg
90IJanuV_0M
90kQH0IbY1U
92Sqn9ofb6c
92pWLQJCTFM
93doMit5kVQ
96OKfVquqbQ
97IpvkBlSO8
989N-MEd5ZQ
9CmJszeOVjM
9DUfFHaUpxg
9FMtD-NhIsY
9HKZcFrkyxI
9HhvrFRv9iE
9Hw6oddjd94
9JtJWzgywlI
9KBve0Yql00
9LeyGFEpAok
9MLIyb21lQE
9OhlQrG_G7E
9PATlCHy8yA
9Pwy-cAf09I
9Q-Lx06Q1gQ
9QOPZ_NnLOI
9TTGrN4W8nQ
9VNeWFZl2mw
9Vy5eGShV-g
9WO5tCmpwb8
9YrcruOIAPs
9_0_OBy8LsY
9brqFuZ1vwI
9gu0v2ITeYU
9h48Q8AkBdY
9jMlp7SOL-U
9jcDASK3LTE
9jqplOLyZBE
9jxn0De_c3o
9kR02PhSPDY
9lBsa3zmp7g
9lUvHmeWpAY
9nyxPZ2M8yo
9pX5Hn5tOQ0
9pXLSjDkcEE
9uzhgYuDnxM
9v5c-WQnbsg
9xQ6YlaYYHI
A0HgpHjeZ84
A0xXKCOSZuQ
A1yCK6GS3Ew
A28VIMfAXCs
A612BKSGxng
A6IWrnWMdbM
AAM98AqK0Vw
ACfOr8XMT4s
ADIcpfy_cdA
AG3k5hkDDJ8
AGskQVsfLLE
AGswdfBJOeE
AIxN1IRi-wQ
AMgK-KBSQwo
AMljHpgmAJ8
APFhlJH1SUI
ARI609OiOGI
ARxXPegK5o0
ATjpjiQBWhw
AV8WgtQu6JE
A_DRNbpsU3Q
A_mVwf-4ouI
AbMLn30AIf4
Ahh6mlSOsj0
AhzbeBX6xo8
Aj5oA0YxCi0
Akett-OBqdc
Am8nvuQWBwo
AnjSjJOEfSc
AnqH2KFiNvc
ApvYUBHliSI
AqCZTfonTNw
Ar8GzehtPyg
Arvuk0DdmWg
AsPohFbrHLY
AsUjE2GkCHw
Ast62-koVhs
AtracVElDFw
Av98smI5MLw
Aw7Z5ApSotw
Awx34RmS21Q
B-uyhjZQBO4
B22m2ZIFe0o
B2YcqFJ-w2g
B30IVUf0Aag
B54roXuSoM8
B6XieLRDaIc
B7__icg1Upk
B9FsiakjA3M
BAjEEvdqezY
BCdcgeao9d8
BDQQwUqntUM
BEfNkx_nIH8
BEyX2M4etD4
BFT-M18N2A4
BGB0-hzZ--g
BGlen_oz8fM
BGph4cXnT28
BGxh9d16J9c
BHS8qmglgpI
BIYljMDrBWc
BIrQxUWElko
BJbDB0xAuQA
BKL1GJvFamE
BKMM8mt15w4
BLT-SQUBRDw
BLrqdv3UNUA
BMgB9Jg9Z3g
BNlFqOWxPms
BOmf7dF_nAA
BPGjUYCcsz0
BQpPcnLeAMM
BS2QBkxERcU
BUsAuiIt1RE
BVYz9o4n-mA
BVbjHrj2jgc
BWx3BaKhSr8
BYC2toyAqV0
BYEr5KmUjKQ
BYQ3ke05B0s
BYujQ4MinDE
BcQg1hnQ0XM
Bcrrw-ohTEE
BcutSw2gOyg
BddmYi-CM_U
BhbdWZXd2U0
BjXA64Bw0rk
Bou9l7XlDwc
BqgLlvIoi_M
BsWJhV2qG14
BwXd-HeHS-U
C0LAX_ngR-I
C198ojgoXWg
C19i5K0RJLg
C2cqQA_zsKY
C3kygsQWk2I
C891VY7OfjI
CGJP9u7ylDA
CGbH94eVsOA
CHEkTUr4iWg
CJDj8QEc65c
CMNJ8dHMZZY
CMUF9f1veLw
CNO7JdorxBc
CNXZSHhMTPA
CNoDU83QUdU
CQMKxHFrb00
CQt3rY3XpUg
CTmlJznsalc
CUjRKwr5qps
CYx-MATgkKM
CZoAepv3bZ0
CbVsDXphCZA
CbmBItE7Lg0
CboJzrDhoSk
CdCTDLpCXHw
Cdy3eSweAHw
ChOXE_QFhco
CiG-0eWhIhU
CiYsphB1XWA
Cij3cleb8SU
ClMtVqpzxXw
Cm7oRgRw2_Q
CnPemni91NI
Cor54NokVgQ
Cos1B2K4fTA
CpDvEYnDzcs
CpnDkV4xfIs
CrlVeg9G_H0
CsLclsLfLec
CtQiSGHJAEI
CtbfVaWIFTc
CtlWJsMUA4U
Cu3MsLc8kxo
CuAWqtC7dP4
Cuy4f9cuft8
CvAQpSdcvno
CvqAkEvKQX4
CwdUwevayRU
Cyu09XyFnmI
D-4Rhd0HZjo
D-ewhh6qM94
D-sSw1jOqB0
D0oTbE4pyz0
D4zBVD0sL7Y
D8sLJSL9N5I
D96OZkx2bOs
DAPOshhiu5U
DC4gbPpBfIg
DCXZoDHU1Y8
DCjQ1Eqp7CI
DDmz9iqyeSU
DED-_vKGwtQ
DF2TAvXoVTg
DFFDRKZ0JyQ
DFQRHjCOLy0
DG_2yT3FaEs
DHUuKvgPx2A
DI0RrL0R6rY
DJ4hDppP_SQ
DJJXV5b-JUk
DMHK2n_vCs4
DNOwfYeUpBk
DNa9XRoNRUM
DOE_voUis6s
DOHs1AJ9R4I
DOko7bHhfsE
DOo3IRwzvfc
DRZy3Vl1Gm8
DRaXZ8XPyMs
DRw-D_Nw9t8
DVji40NsWI8
DW9Y0aIKXeY
DWMGUHTLc6g
DZoSvQs3OUQ
D_XhAzSim4A
D__05yuYQmE
DaToaxxLjuk
DatuCO_5360
DcOgAUTPK_Y
Dde9E3CwH_8
DhPbiIBfjHY
Dkmaj16QNjk
Dl5_0t1AI9M
DlJf8JXc8Xo
DmbWDhyY94o
DnLW9_YHcK4
DphW4aXDc0s
Drc905ooC0k
DstMrkOOM1k
DuspgvIFxko
DveHONY0hbs
DwzFOQEB-ps
DzLxFZcC9Ag
E-3_na4ybW4
E3NjlvBjoN4
E3uEOTHnxLM
E4OXZ1bjD3o
E4_2xGZy6Jk
E4qSuoyz0Zg
E7bt9R0-_cU
E7k3P5CUtrU
E8dh3QlRWZM
E8jIuPkHe98
E9UWiF9WQbQ
E9x4shNMuyI
EAIKblo3HY8
ECHQ0J06GnE
ECIoEuteSjA
EEB_d6BXpvY
EGM6He40Wlc
EGZPTtmydkE
EK1TEeGrrYk
ELderTF1d3c
EMBkICUGMPs
EOVUCkgoAuE
EOiOPvf5cQw
EP08rz-bfvY
EQKaYUEknCU
ES7IqPcRFpk
ET9k10btZ0Y
EbHOi5po5QM
EcoqQ65OMVo
Eev0MDk2weY
Eex3lKDeLi0
Efmh3-08MFI
EjGKk7bee_M
EnRMj0buli4
EnWhXWvBwMY
EneyQ-WLiNc
Epqf2fgiwAA
Er0APDX3_74
EtCVBv1yi64
EtnWEFDiNS0
Ev-ng-28Nak
EwBP34-8jPk
EwX_wBj2f30
EwzDnJU2w_0
ExKCcndqK5c
F-WlYT4fg4o
F08oqK7-S08
F0I0OGYh1Bc
F15Q9aFDqmM
F1R3-7bzg7Q
F3enrcvT6DQ
F4x3yq49rvE
F7BDE5BBZjA
F8aVfqDKx1U
FBkAcywZ3Bg
FCmWqdzFKXw
FGcTdYNFLXg
FGsbeTV76YI
FH2xLvz5mf8
FNLkJDrQLmY
FNZ7m3_q2WA
FNrOKvLSU2I
FPDL39W6AQ4
FTKp9aGhhMc
FU1T3SdQfr0
FUzdmbYe7yo
FWbWBWH8OYk
FYvEjxCGJRI
FZKae-M0spg
FaT73k0teW0
Fe20wV7h3KE
Fe7pAiX7yJU
FeZjae4Yzcw
Ff-4yd_B-l8
Ff8t8tc5F0o
FgYV8Lvxw7s
Fhg7mTbsjHs
Fktdbbc7V78
FpFtKCI2OQg
FqYI3Jl0Uf8
FrLL7rgQUaI
FrWgSYRVEHM
FsnisapdHMo
FvKEKff3rmc
Fx0w6Nh-3b8
FzKCAw5Xrk8
G46yZT79F5o
G5NX-KXBS3M
G63TF6OMa_8
G7Mv8IynvDk
G9MWc7Blwbw
G9rZ1d6qKwg
GBDMn7hE2YM
GBzclaeG7F4
GEISWwCnTP4
GIG7RmsDRik
GIiJS9MP1bQ
GLKxoo9hO84
GMUNRLX2I7I
GMeMudMQLf4
GMltOBoB29Q
GQBceq5BzUA
GQjEwa0QCks
GRRF3GIFSFE
GTXoajrPbD4
GUr71LzvFZA
GVC5jgt7Dtg
GXAZhMh27RE
GXs_pI4Tcmk
Gam_QOvC-3Y
GanHp3XCYgg
Gc9OcUrU8Bw
GeCSxaNbuqk
Gg2DgLwmsmU
GkFVM2XO8M0
GkSMJvrZPEE
GlibNFS3jnY
GnBBM_ujK0g
GoEjWCMKrzE
Gos_94AOJwQ
Gt85vT-59UA
GwiFBt8a9vc
Gx3i_CV_kaA
GyGvf9Unm2o
GyNdTk0cE7I
Gz3EjZykd54
H0MYa0oDnNs
H1O_vtfX1sY
H29oPaZ7YX8
H2Xhcp7y5Ek
H2_vnsmv3HU
H5XKSX1i5K4
H6Ehoxu9QY8
H974y_vSNlY
H9BKpjnopIE
HAJrn5Voxrk
HAu_PzJZWlE
HB85apiZgFg
HBcGl1vx9V8
HBwqbpMj400
HC8Oh6w8Ly8
HCbM9ZGSC-0
HHD5YRT3kqU
HHvjhZtvyMs
HJiTRh4EeTs
HLObbzW8KXA
HOhIEfB53-0
HPU0_q5vckA
HQ5DjsSbzz0
HQGkDh2vtBU
HRYyhdTHraU
HSO-SKkzIbM
HUKTGmvNNy0
HVjIBZG_QrY
HWuRpzdoVa4
HZStBz6DUGw
H_UEW92p8xU
HbKbZhJw4lQ
Hczp8k0Ootw
He3zsH2LvZU
Hf9AdVHG970
Hh3tKbkk4pk
Hjmx2weB0_4
Hn6mGoaLpvU
HnHfuhPghVw
HobVJHOrnoY
HqzSDSui7Ho
HtXnxILtQEM
Hy-Zg8QaITc
HyKPCiBXgc8
I-iqmeN6ucQ
I0PBX1fraVI
I0lAcvfc5uU
I1ahzPbRcbc
I3QsXdM1xWU
I5fJwG7Ppac
I6_J8rJNiB4
I7nA_XTOzQM
I8CZHynSlSA
I9GIzcZusY4
IAgbkDVDrFk
ICzQdLvaMdQ
ID_tNe7t30Q
IDpgtGGTyHE
IE71aiDK1-E
IFDuU590DqI
IGOL6bV7M5g
IHQreDqWIzQ
IJ81-TMP4pI
IJCy64adY3Y
IKM0ztnmKPY
IKbeMWK1i-E
IL9EvcSXsyo
ILEIVf4-Jps
IMzf3C34NNM
IO2F4zQlum4
IODI5nYg2I8
ITzYSYi_rGE
IV-Tu5bzjMI
IWVE9ICaTQc
IWoTnqzd2TQ
IYB1B6ucNhg
I_9IeDBAQ8Y
IbSChkKkatA
Id2hMkmcIMA
Ie-UZ5MR7F4
If3AEwgpKXM
IfdihPR__WI
Ifi4rrtw5Zk
IfyEnNhm_1I
IlBmfJQ0C9k
IoVvgSwPDYk
Iq9fM8VV9D4
IrPBPxxDDCE
IrYOJXEdV1U
It_dK-jFV3w
IyiTI3sHIPA
J0MasWGrqdU
J1dyTSPRMDs
J1ylB-YLrfA
J3z3S-cCnJ4
J5Uww7ins7E
J82ZAY2Ulqk
JAl_uXsTZ2U
JB30y7BkYjQ
JBgt_TumQM4
JCxnStgZsTw
JJ2izXcxhsQ
JJ7G9hAxxpQ
JK1i2wVWskA
JK_MfHIJxRA
JMg4NtjrhtY
JN61CU3njsE
JOF9EONBo28
JOPg1ewRmOc
JS4f8ssIXtY
JTP_JPoUpO0
JU4GOsnoQdA
JX8kcKikzo0
JXjqy5RNugA
JZ4JlvjMogY
JZhFfCZpF2o
JcDEdd970U8
JcE6t3ZpyaE
JcSyvvreJKs
JcyGbtzBwSg
Jh9vD2Bp6vM
Jh_GlTDWbKU
JiQ39t2v6u8
JjMWri807d4
JjXQoThWeuc
JjnvJuhaxuQ
JoN1fZTKzyw
JpZZwtn_BQs
JphpCpCRTBM
JprVDwZKynM
JtGsdiYdObQ
JuDxiKrlIkg
JuTkSGGRXok
JurxQIhedaY
Jw-dSsN9Hwc
JxvhFX4S1A0
JzEy0b1mKA8
K-EaOVGD-tA
K0_4Co9R_XQ
K43dZRUGDTc
K5FTJaawS-g
K7YZ4G_-7ZQ
K7nCIEFFzWw
K8mZ2FtL7V0
KAHboYYppCo
KB4RXPOuMik
KBIFtZdXqvg
KBlmLfHSKFs
KBqygG8FCdc
KCEV8BIfZuk
KD0hS0uX4WY
KFaxAtzO--U
KJSIfmKR9Ec
KK6f15F7fjo
KMOmXPD__Ow
KNGC44RlMqc
KNWwAiXA1-8
KPrTTeyI3fs
KT09hdBmleM
KWu41KZsMn0
KXFb4Um1qAE
KXSK62aUth0
KZMTCiA7RxQ
KZtCsg_NWEw
KaqOquFn5Og
KcFss54s5Ws
KcwJqQCSLt4
Ke94Vtvm9Og
KeEFkD74hDE
KeyDUKnO36c
Kgooc2e_RCc
KiujzX5xLJc
Kj0fo4aZmwo
Knm3mg5FaG8
KnpsMG0PWRY
KorC-8NddDk
KqXbBg7xpvI
KtfzhVJv708
Ku43FtHhKFc
Ku9XMvbTias
KzxDCYAiY50
L-K2U1fR0BY
L0Jqe-UAPH8
L3aYqVKKcH4
L6EsroRPZ4c
L75QPBUWzj0
L761OoyW7qg
L7L2HfenJK8
L9GeUDNmPag
LB7Ljo2iFnU
LBQfQu5n_w0
LEQJpzKqd9I
LEuPBV2L4IQ
LF4Pm9KTGY0
LFIvlFKRHJc
LH06haIuS8Y
LH955Yiveb0
LHFVJaT35D4
LHy6iZFWOkI
LJsqWCd2hGk
LKvRXRDH9F8
LOAQkr1bIDA
LPUZsDePsZY
LTN61bC5C5A
LXTYHJ19yG0
L_Z8DaoQnJQ
La6ljbxBZFs
LaTybl5udZw
Lc5rf6BrdEw
LhVuV3laAy4
LhmdVCgVqLM
Lk8cw7PeWd0
Lk9fpESv3Iw
LnIGkgDUpUg
Lph4xQyptf8
Lq89er-ETQU
LqBnoETB5EA
LrgbDXtt4UQ
LsgRIwuFEik
LtzsDsaLY90
LuX52VduZJ8
LuvEJi0t5nY
LwU-71wXKQs
Lx0AUrx1pbo
M17UoJ9U0KI
M3VQPbcSeVA
M4VSTD0BIA0
M5cyq-XDZcM
M5w5LLnupSk
M6xMkULTQDs
M7Cerw3vBCc
M91sRJbJaOQ
MBUpugW_HkU
MCdo5h_xV_M
MD2EEo__0-Y
MDwfSKqxLpo
MGDu84snusQ
MGEqOOXm0vE
MGuznAM5ZCE
MJkA39Wlzlo
MKwBt-LoXws
MLoz_bD-okc
MNm13r-KZWs
MO4lkOjlXaM
MOeESTjFF5Y
MPOzdEpwXj8
MQNCcgMjkNo
MRuEkVrToC8
MT9wf-8XylU
MYoltCrungo
MYr0mvsF0bo
MZrkwaYNioo
M_6UPaSmJrk
MaIJNe-ZqJw
MaV3YW-Xrl0
Mc-i242rmfU
Mciq1BtXos0
Mck3YEXF9tM
MeAXBcRlebs
MepFOTWPz_A
MhFDW_Y5ERs
MizyTkwT4ak
MjWVzsT_l8k
MkfejjQqwM0
MmHKAXn9UrY
MmaKnkz4IaU
Mp6aapTpc5g
Mpo6rgvOVGc
Mq-4XA6pbBQ
MqT-8Rk-N0Y
MrFW5FwwkfI
MrppbkJ-xDQ
MuVzQm0ydRA
MwuX0h0zXhs
MytVSb08cxA
N1yc1UFnVYY
N2aRACTmDS8
N2hpqWkiyv4
N3M-QySOrzU
N4EmVcWHR8U
N4HDjDROXhk
N4SbNRGZv2A
N5hBVY7te_Q
N7AAJQtmqqY
N7HO-FGJIFU
N9xHy4Uz_zg
NC0PTteOJ7A
NGIGQSmTWjw
NHv_3oUQLeo
NMAccymWBjA
NMew1_OqujE
NOm4if6-nXI
NQiViPxN7t4
NTmNN5dO5OE
NTwAIosrx3s
NXeHeEHj9Xc
NZEU1mBwpgQ
N_daI7OjQoQ
NaBjx3y9evg
NaFZ5XICIsY
Nh03ojyNZvI
NhTl4vTPOAw
NjFaea2rLzQ
NkwnmUnUvUo
Nl0iGMkxwcc
NlppA8FLjU8
NtbabaQI3u8
NvC3H-rKN0c
Nw6pakjy2Gs
NwQN8skyPJ4
Nxh-5EXXGaM
NzCylvNnReQ
Nzu7j1a3ZP4
O-G0cGUkZvE
O-u4T13guko
O0Bsa5QN3gQ
O1e5_z1lNec
O4EirVa3tAw
O4REazaEJuo
O7MkEY6yi84
O8dNs4Ee7Ow
O8vXPDvyXMI
OAf6nFbDMxI
ODOoYGTVvHc
OF-w5VvF4tQ
OG5AMJVbqPc
OIM3KhGKjQQ
ONL82xyQq-U
ONlEDcIve1Y
OOzBF18_rnc
OPDzOzyUAMk
OPFmq2x_0Mg
OPKWRZ3H9qE
OPvigv-Se4c
OQDTRG__Dg0
ORjqEzrLG-U
OS2tMqDIYfw
OS9uhASKyjA
OScBxa6FpCk
OT_Lb_z8WtE
OUauKtSa5q0
OZ63oJvZlrI
OZvqas9NM6Q
O_-HXlwHLl0
O_CSLU28hCI
O_fwW4QP7QQ
Oa-je1zux70
ObGiYSDioYo
ObHNWh3F5fQ
ObJHzwu9EWA
OdDmivUQero
OdV7nHqEf1Q
OdZwysHaPiQ
OdwXPZ4vu-c
Oe00HEMrPNs
OeE5t7aJVsI
OeWQugxqFFU
OekHaAr5RtA
Oesz0jVGU3Q
OfQaD98JJXA
Ok-nC6Fb8Zc
OleqxNcKzu8
Om4hxolzkdk
OmE6YrgQ8Kw
OnKCeo16p6E
OoPSRqKqgA4
OqvVKySQsqk
Orq_YLN5FWE
OrwBc6PwAcY
OsPVzBXzjqY
OtE_lnDuEFM
Ow03lZjoqjE
OwHP5YaBhhg
Ox17fBDSw0w
P0C5DDlEKHc
P2pwC5wc21o
P3Gg5XOFc4E
P3qWf94W6aQ
P3uJwXJlp5k
P5P3DfME_ps
P5ZtnIi7W0g
P68lf0JAMBg
PAQEOYYhp78
PAU6MsGQPY8
PB934D8bc8o
PDqKwYxv_D0
PE-le8nbSw4
PEczvqOI2O8
PFEZSdtfgpE
PGoelhixxXk
PHzt248pIRw
PIbk4AKFMTc
PLUeV1LffUU
PMo3nyyBhlQ
PQD3vo8YTWg
PQTnOye2XuQ
PTt6dqLrfZE
PU4oIs24hLI
PYZBjcgJWLU
P_y_v2aMXHg
Pa7Jw9k3b-A
PcCzcp2Lk6Q
PcI1Wynq--w
PeLoyrDqL_A
PfqgDG1qrKg
PhNUjg9X4g8
PjvOK0Sz4cA
PlAwjdKhqQQ
PmqDBUed9sw
PnOCzqDvdOI
Pns6I6IhVaY
PpdC9k1cXLI
PqprQjGSDMM
PuVVyoZET14
PwXBwV1YJ-s
PxASSQqXwxE
Pxt9wESP3NQ
PyNfwoS9OcQ
Q-1etiTjMF8
Q2QCvORjBYk
Q5VgkFx7QAA
QA0b6s26J9I
QDNIhCpyTUw
QJBcq--GrVo
QKOL_OV3rDI
QKWnaAdKuKM
QKxrwZqOmqo
QN_tRbqR6FI
QPLmBccdEMk
QQ3II0ws350
QQkEkmaoMls
QTBw3FCkuN4
QUj0WjuavZY
QXq9jv8uZ3I
QeVEtNdUx94
QfobCKexzN4
QhvbNDyAwhI
QhzY9aRWc4s
QiSTt50WOO8
Qim1Qj121Jg
QioE9vAwxis
Qjf5lZw5ERU
QkpybL460fE
QlfreldE6Kg
Qn9fHjJVNj8
QnkgySyGDGY
Qo8chmHbAOM
Qpq4R6diRIA
QtAYS43k-aw
QuIvVo7IS_E
Quo5Lsh_Oy0
QvlAqbwycCg
Qx14LNK19wc
QxpgwL8Owho
QzOrK1ybiP8
R3DEqv0pHD4
R3t1cg2ZOxc
R4Mp6qatKwQ
RA_BL24jOsc
RDtUSPCX0JI
RECqqSt9O9U
REPABdXQHc0
RGK45K3KFIk
RIkWPvQ5thI
RM683aTqfT4
ROCLa-SACK8
ROZM0ZuKIGk
ROdKSodtxK4
RPRIkUCjhNs
RRmDIaeudLA
RUHHzzGf6BA
RWJypWTnFo8
RWizwbD67E4
RZwjrrViBsQ
RatbYqc0-jE
Rd06haHK3uw
RetUMNuXTv0
RgIO0o2HCGM
RgqzSaOMZuE
Rifjq6qq9xI
RjBhxRmvKHc
RkShvJFr1MA
RkppaV-gQXU
RmNczmBvOUU
RnHfq1zgwss
RpQ_NUhUCu8
RqQG7zIo5Y4
RtMRZvtZu1s
RtRb51L3hPQ
Rx8pfheh6aI
S-QUXet4UX4
S1TC4D9SIqc
S2Is3Kk2ZVQ
S3G6qH7572k
S4p-JXM5fB4
S4p4IawUz00
S5nCKvz83No
S8-Voal-rk8
S8AJPHjLTR8
S9OupQc3r5A
SAukrpTEvZA
SEIHQIZqJFY
SH0qYeZ1IDc
SHky1Uo4Zbg
SJlONLxLS_c
SLYdbRaRsWw
SOX75TK0APk
SQM4qbwyxCM
STrWcSgcXXQ
SVCfYGJV_2s
SYq6aKLuSk0
SaIbR5tVuvM
SbEvGim8N5M
SdbLDCL55Bc
Sg5urbOMj8o
SgpFjXEdhPo
SgsQLv5meqI
Sh-Hk1PzKgo
ShD4kJhRa_w
SiUyRFhKqpA
SkHdGHc8JXU
SmUlSOamAXw
Sopr-D5GaA4
SrR81lO_vto
StDFZpuB9F4
SxQPBesjBuA
SzDUhwFEWtM
T-LMUzEG_c8
T-TXinLHIFk
T34-3ol1wOE
T5j3BXmNt7I
TBgMWn9MEIg
TD2XGwmRJi8
TDt_P11xmEo
TGmHPxgz7hM
TGvpkfXPkMM
TJZXpiob7BY
TK1hoGuBtFk
TNKfwxRdNFE
TNlDGeth7HM
TR5DCei4d7I
TRHpw7MgFnk
TS8ANVmc-iU
TSfGS7rv3co
TSofdc0H5gA
TSrvvmdmucU
TTDyHf0Sj_w
TU9qh8vPryU
TUlNK59AMBQ
TZGNf6zIO-8
TZe0tPFaPjA
T_2XAMXrg3A
Tbb9p1eGQL8
TczvAacZwyY
Tdr9wxG57oc
TerCPOWecNE
TflEHpzeAw8
TgIbMc0tfV0
ThpfqUsh5dY
Tj-izHkjQKM
TjXTl83BzgA
Tk8n2r1iO44
TkBUFXTsfXA
TkDwnVwXvtE
TnJ-9cKEibM
TpNvz_Cf98A
Trdv3F7lcWI
TtYSZeYe-7I
TtnUvPL7jzI
Tum7xhmenHs
TunOqC4Q2UE
TuokADkod2E
TvnxK31rZU8
Twgwar5Hzgg
TyRA4qieyR4
TzJZSm3xTdg
U-RJrgDAS_4
U1ttV_3WO7I
U2Uvc_Yxw0E
U6ZpkusjYZg
U8lqHRB85tk
U8m9vrJflRE
U9ZaLw4M5Y8
UAIRjue5JAk
UCYkYqZHzMU
UEug-HaeAHw
UFBquTWjaiM
UFYJ2DE9wlM
UG04vpA4rQM
UIM75sRl5Q4
UKWaF7ZvxLU
ULAZmZfVysU
ULzsD2JcbU0
UMKM23fzJc8
UNA6QMFLC10
UO3N_PRIgX0
UOZ-eV-Il9E
UPDgXnYRm5A
URlA7irXpp0
USPnQxnHT2Q
UUysYBoE694
UXuaT5lDmIU
UaAR9FEn0wo
UbngFA0ByE0
UcaMdN22A9E
UdAwX8JB66E
UeGwCP905Qs
Uj9NEtrf7IY
UjDyZk1P8W4
UjubH9b4BvE
UlFi6KYOaQ0
UmEOeHUr61o
UmXyESpaR_w
Umy6lyjDDdg
UsVXPv75JgQ
UsqYRlRvYaY
UssbYMSZn20
Uxb13iDC0oY
UyDSoQzLyEk
UysrpPcBZPM
UzIwjLnNni0
V0uocaVHTRI
V2zVnavqC2g
V3FCN8RMrCs
V3NvXzFOb6w
V4wDEXF1_ec
VB2rpY3f-xU
VBPNSpApzxQ
VEZosUD_jRw
VHZiMOXkDPA
VJQSzsw7JNw
VKfjf-DOGZk
VLXfXdwyNY8
VMCVF4DzyvI
VN5EoMGb-xw
VOkwWF5ddxo
VOyBjPpO2sQ
VSEyEzoKGA4
VTxDptGfOWA
VVWwIuq5SDk
VVxwUBMq5p0
VWLMMVjWk2Q
VXIonhzLQTU
VYt8O6eHPBU
V_sEymrvNq8
VaOg11LmKvE
Vao7T4__0Xw
VcdF12OQPRU
Vfnebf5VRNc
VipconF96H0
VjDQs6FWW0s
VjeHDzHUOtQ
VkMR5q-R-sM
VkzvimzcRmc
Vl3O4Ju6zx8
VloJ-2DO8vU
VnVQYlE_ZPE
Vp_ZTLmAhwM
VtziMzq-nnk
VwHbrK8nqwM
VwItuRRPfFk
Vy6EENGPq1c
VyK_-F6XAQo
W28hitK6YA8
W39TKND7PKc
W3bhAlQvb-o
W9vGepdT0wg
WEcRuMBsQMw
WIHQBBIzdI0
WKfRuq5ErmA
WNHetLSizS0
WQXLsegiA7g
WSFMLXNrbac
WX2YQDPRZyM
WYB_0pW94-E
Wc7MgKMYN7s
WcDEmdrut-E
WcMkmEzUE18
Wf9mpBMnHrc
WgHY7KCiVKo
WnMM14p93oM
WnV4OOBZAEM
WpeA9PMCgQY
WqtZGAaCJoo
Wu4CyBzD8sI
WubUYoZCfWw
Ww8A2fmTTdA
WwznBD_fPUc
X0CaKd2G7e4
X2gjXW9pVEY
X67helU71pk
X6RmfB8qfeQ
X6l_iEZyDIY
X71PY_5XwZ4
X7qE9AlKPc4
X8Ijui33P6I
X9TEM_lhVGw
XDgK5jpL1Yc
XEKWzmfkGv0
XFAQeyUfiAc
XIBfyOyiDto
XIalNHhLex0
XL5zBFV5g-c
XLSwRx_9HbQ
XLeLgmvnSX0
XMc39cRxhFg
XNbivt8UBUg
XOSim1sBpSo
XRpxwC1Hg54
XUTRymcGM2g
XV704idfOkE
XVQCkM6X-Aw
XWeG8-Fhymc
XYD4IEd3zP0
XZJE6-EXcHA
XcIdivYNWO8
Xfk3a2wfFNo
XhqMnOip6fA
XhxbIF71DqU
Xi-slWykwRY
Xk7Mg3aqpzM
Xm7KAPPPkPQ
XmqL65ZBx44
XpGRpsEfnKk
Xq7kBZyZsPg
Xq_Q4iKHXuY
XtxvMLhwwkU
XvynyBcr2sc
XwD30WWYpnw
XwtnFGB9c_c
XyOGIYghzPs
XyX7iUxyBi4
XzBPdU_iVcI
XzOar1TTxXE
Xzmm86m-vUw
Y04I5iHZBfY
Y0IMfuLPeWE
Y0vbRhL__l4
Y10ZaUkEJt0
Y2aeOApuGyQ
Y53wOmBlWYY
Y56zLb4NgSU
Y8F-0Ogp4fU
Y8wxvLNqaNc
YBAC70efH2c
YBIHeNrsLnI
YCakA2sByqg
YEoFgDGuThY
YGq9vGm3GdI
YJ6n7QJKS0o
YMIltYIMqU0
YMc5K_zUM48
YPzxcm1Urmc
YQ_mkEyB-bw
YQb3eyAGpuo
YU-8zdCZNco
YVG8sel-aZo
YVznCy7xfcY
YW1148iLZH8
YWJ4cTrmydo
YYKqw6wxkF4
YcPBWX-eEoo
Ye5mGkg8iyw
YfJKtCr4D98
Yfr4rDc8O8Q
Ygu6eBxkmpA
Yirn3ff4FaI
YjBcawHPRwk
YnfkVowJoS0
Yw8wVtjvF8c
YwgvDiyOshI
Yx4XtdzsXgo
Yyp4alF7iL0
YzLMfiehbyI
YzjTsjehKVA
Yzjz-N2D3bk
Z-DOt9XuHzw
Z-hs5CKf--o
Z24rvmd5cT8
Z4xE3kJPu3M
Z78mEZtjpFo
Z7X3Jqu0x5Y
ZBFmc_TqnWE
ZBTI0qND1Dc
ZDBgulsh91I
ZEetY5BDsds
ZH-7tKbrsbI
ZJ1YW6kzf9k
ZLiUqYptorI
ZT0kYLeKgl0
ZUPVHplQPeE
ZUet0cIaHC8
ZVye5o5XWWE
ZYfRrivPqaY
Z_3X_YNsNSk
Z_dK8fTkmno
ZbqUliTbNp4
ZcVvlVV5dkU
ZduIQnhkPW8
ZggKnkpLgl4
ZmYSalxrs5Q
ZmmW5i4nSQ4
ZnMmSIkvcQU
ZncfIISSQP4
ZoC8cZt4LVE
ZpuUwIhIYHE
ZqMEAXx-6oU
ZqRdZRdPdpQ
Zs1kRgr44RY
ZsDyTaK_28A
ZsuzS0bYLbA
Zv3viNY3NTo
ZvnZ13yMluI
ZwOb0cP6VCY
ZwP5GlF0IDM
Zwt6JqB5_GI
Zy-scT8uGQ0
ZzACrQevj6k
_0ZDcvF817c
_0oigbMAavs
_1T4AH7emLg
_3M003131RQ
_3b2F-bkAdM
_4WmgIyg6rY
_781ocupP7U
_7iax1jugrA
_8Uvg3fYfLQ
_As1pHhyDHY
_BcviWR9J1A
_BeAOHSj7NE
_EaCnMjYlNY
_HHCKN6dzCA
_I_ECEwj-08
_It40Yh5lG4
_Jvi9ldJN7s
_Lcc5gelhFM
_LfYkS46Gqs
_N6n2DJiX4U
_NJsDFR5Yh8
_P9GXINym4s
_PqsNjONRoM
_Rm2CkLlnak
_SqK9OJyrHo
_UIdMoEy8sA
_W02CtHuyE8
_XCao3VNYFw
_Xxol1WypPQ
__Ryi1XNAW0
__cfgmrQH2Q
_eRR0lXPR6M
_j1xir8mvxk
_kuDBQqKipM
_kw88z3WMD8
_l28Pou38SM
_l2LNDbJYSc
_oBNEG8kLfQ
_pPzOpWHNB8
_qRaxzYG9Aw
_qT1DEAlVTU
_rSPH8LwSZk
_utFx-BI6eQ
_vqyPbFccjo
_w0W3BVkMAk
_wQh8F3kdMQ
_xYvNhDJLJI
_yYOBiS_yns
_z-65jU3ktA
_zYYRP2KKa4
_zndAuo-e0k
a-sWjIKf2cA
a0OWNIW1wos
a0xh4RS4LJc
a1T67OTP5i8
a2TO7AlivQU
a2wyaFGx4Fs
a6CzF3MXaU0
a6fpTdGFgso
a9mCtGC3RJc
aDPGecHBzv4
aEZEiiNS3Ew
aFx-Zb_oVrk
aHHRhLfbo9U
aIaoP89jNZA
aJgxAlsmnr4
aKVkYc1N-vQ
aLLAsnYVlBg
aOQrBgDT-Zc
aPaJAtVFA8s
aPjsliJaL-8
aPlwRQ5LeBs
aQMh6YwpwB0
aQiXf4LmFKA
aR-NubbhYco
aSQqG5rFXYI
aUkySZdOCL4
aV4fBmQGZWk
aV94nxktw8w
ac_iW3iA01E
adjz9S4s9xM
ae0mrUoLnos
agKKbkLrBgY
ahUrObuiqgM
aiW-hp18ohs
aioXnJ0qEEw
apKRX-MOwxo
asgpQP81ZqU
ay1K_BVZbwI
b-U97MYXO-4
b-zFe1cYt-I
b0X0qfF31HI
b1YDufouqbY
b1_--pb9w4s
b3RgDa12wn0
b4RvMo-RjxY
b4yev2YR6Zs
b5bXTAqep6s
b9IFK8i0iSM
b9eAtL3OR_Y
bB6piZDqgi8
bC9dtcHWuN0
bFS7mpDMHSA
bHUwyfmB8zg
bIUjNvKpPxU
bIY95EJczgM
bMEz4tSaqNI
bOckvBaOcLM
bRBXi-n_HeQ
bRcYq_1v5Vc
bReRw0X-CWk
bRyab6ufhs4
bSzlv9SYZvA
bUaGuNeC8kQ
bW-DoqHpFlI
bWq75eFei2w
bY1qYRhqh04
bYgTZejV7Wg
b_5rAldU9aU
bbNdU3jomRM
bbfFgTzbtRw
bcO2Ip0rMic
bgD0HICh1jk
bh5piNP9aYE
biqyLna6mwg
bj1RHRLGAcI
bkfhfxAcF7w
blIIZgkNv4o
blQPzM_kq58
brgep8R73u8
bum2w6tNHhY
bvehu4Uw61E
bw2pDiizNik
bwQ-YgaI-B0
bwgFtgOYZbo
bx2E_Mw_KKc
bxg2m0ZNbeE
bzy63GntLwA
c-L3F0QfvB8
c-YMV_70KrU
c-aJY7NRe7I
c-oUCJgmSh0
c0fF2mSCSRU
c24xTGTaTNI
c2W0BDAc1so
c3M8q1X6ydg
c3fYV3sCDS0
cAHG1llq7J0
cC-RlLp7uQM
cCv9_Iv-8j8
cDtNv-aHlEY
cG983ITxJNk
cI6fb6olbZI
cJK44cOOH30
cLVDC_dYJTg
cLcKrckzTBU
cNxTlByUezo
cPalHdzsImc
cS9wzAjbJ24
cTJnR1E7Im8
cTOUCy4TWaI
cUEw4eLdOGk
cVXavwWFuuw
cXTyifYq2x4
cXXhzWYrJI4
cZVIC1Pua1o
cgp9-EYFeb4
ciIF1WA9ovs
ciOKhHwMlRg
cibOtoYn6d0
cm8l5fiZYvc
cmAS7IqyRoE
cmlCaRyH2FQ
cmtMcfHIl_U
cp1EiX7oxjw
cq2vDxKlKj8
crxz9X_J8CQ
cuvvegUhxks
cv1B9sPPOXo
cvyx_p1Zl4U
cxIFz9EU-ak
cyRiuzVX09s
czH-W4D9a5E
d04KHQF39o4
d2i5P6P3QJ8
d2jh1SXTuow
d39Lq8NmX_g
d3iuiAtdV9U
d79GjmNZr1A
dANsqfqwRXQ
dC7TTAi9Nv8
dCmX4RYKgVU
dDuJf2xjbtQ
dEGJ_U_-k-Q
dES3taR0yA0
dEeuZDPz-uU
dHDDQVB2SnE
dIKAWwnRmIo
dJN1BEDbU08
dLoz5R0wthU
dM---dbf4ms
dOhzTTSY5qg
dOq6FEu12bs
dPLyW7MTHas
dRE7rU4Ik-g
dRhlkTOazvw
dTTJjD_q2Ik
dWzF-zJXk9g
dX-0el2wuEU
dYLrIFuUENI
dYM0TAzmK9U
dYTkX8Va1FU
dZNJd-pLqiA
d_OaB6tfn4s
daHBBXUJins
dbtf8Y9H64I
dfBEjGvF6vM
dfgS2N5yIDQ
dlh-qwPzXCE
dmTSY-VozkA
dmsqXwnqIw4
doRd6sfFHlw
dr6SBqt7MqY
dsR2x5YvJjo
dt_jpowERBQ
duUWshPHpIQ
dvoHXzObShc
dyhHZwOznzo
e-Gy3CRmYLU
e-LG4NVUH28
e-PCU-B2z_U
e2QG-F8l8EY
e2a_fTQFwA4
e3vcbq5RuX0
e4VKVKZVg7M
e5F3NSyh9_k
e6JVYgG1xPA
e8Zp2tya3Nk
eA9ZRDmPisE
eBbUqzujRvk
eCvq8idbBl4
eDEM4iIhFi4
eEF7ub1Irvo
eE_p3DfB5DE
eFHS-ttQ2v0
eFIlhHjeuZI
eGIKb0OEAJ8
eHwmDB1oQrs
eI2O987abZc
eI5KyAH4l9A
eJ9ybEa1x9M
eLuaYepBuLs
eSmGSpoinI8
eTFApUydp4k
eUBseNtR_t4
eWRkhKNCdOI
eZCIYmoq-wE
eZg7KdCb6V4
eZs2hY-FOLQ
eeZ9j1puHDA
egGHZZw5Wd8
eh9Ls9dgErg
ei0ch49YIjw
eiEtkFk_fLk
eikcIIW9rrg
ejPe2eYhjR4
elMqVLPqPRM
elQ2ylde2PM
em_UtBfnJH8
emdcRXxYgZU
eo48hq5MOds
epBIUEZ6Jkg
eqRiD7hMOSA
erg7U8TpmWk
esvysSHyrD4
ew5U6NYLtfs
eztUSv4A_MI
f-RVWboO15U
f0dWKa-C6IU
f2HaiBdpCYc
f3PFQGsxUwc
f4KLGIAIe5E
f4ffpGi5lUk
f5s_g-Sdq08
f8IgSFg7_VU
f8hxfUTr7oY
f8rpgq5Wb9c
fCArZHXCzmI
fDM6E784Bxs
fD_3lUpCTM0
fE8lzfiAt6Y
fHcjF9lrBoc
fJv389OYr7w
fLTOqsw_sOA
fM9xWC2ctMk
fODaxFz1wvo
fOv4Nyus_qA
fQTgbgdxq-s
fQdhJHOH9CM
fQhjPNKrRHA
fRQPCUS2ylA
fWs5XfwXbIc
fYZonAOR6_4
fZfDoqAkjl8
f_imEwZijvM
fg0Q6lZZQw8
fgw_z3Kz-Rs
fjWfwVeksRM
fm2wHQeOyrU
fma1_OtfIHg
fnA4VCoJMjE
fp84YC6M-C0
fsOrIBzFlQ0
fsUtMXyNHtc
fsxIpYdy25k
fw8_lLJrT3Y
fxs-j_9ezwk
fyKqATJSANk
fzLIcNKej2k
g23A3DrAhDU
g2avV0aEGfo
g6wjJfvhel0
g6yxcUJXKn8
g89fX8CQoN4
gAy_M3PM3LE
gBybQ8n7Haw
gDIv-byz7cQ
gDpHopma57c
gEiypJeZH2A
gGAuzxDbkaQ
gHLhV5E56d8
gJThUowlDIk
gKf2GlFnwfI
gLsaZkrkQl0
gM5tQFy3CT0
gM8ZNtOdfa8
gMhNC261oDg
gNUATS8Jhuk
gRWA4rWju9A
gS2Zs8j4oEU
gSdqtEWEshc
gU0lGySvEdg
gUMEC9XPFrM
gYQWyk45F2Y
gZPuhSc6bQo
gZT2Ry9i2KU
gbq6SJn2qKA
gd0CSEi67_s
gdaMPQLA9Ao
ge3pQyo7PDk
ghh_A3p4NPs
ghsEbFg2rLI
gj3ccX2sd0c
gk4Dep8gczY
gm6u7QtfrR8
gn4JNLrAJkg
gnBWw0i15lw
gncm5pcHbVQ
goMdDPwUJUY
goSFvf0Y670
gpzXMS9wGQc
gqPtOATW7ns
gsTLZUK2gtk
gt1OmPK5pl8
guNIspzci4k
gumuNn2PAQo
gvfs-ygwLn8
gyFzSnRR1-o
gymv6DNGUhg
gzLVFkZhXnU
h-aj9058MLo
h1ilO5Kvens
h2ArSEk8MDQ
h3A4-xfEoY8
h43EAvu7qJQ
h6qB4EaE8vI
h815ocHjbwI
h88bhxS2cho
h8yxdkw7bnU
hAOsXcbA_OI
hAOwD7omlls
hENSF_geWaU
hFMWgSgB4sg
hGxxvefRk9A
hIO0Fozf90E
hIyamKq0ME8
hJsQNGw17kk
hL_bGzvZJIE
hLePUKvAHHQ
hMFzb7GVd18
hO9L7n_JLWE
hPWpeGnO6HQ
hS5G55Tt1vY
hVylajJ6Q6A
hY2tpqzuBlU
h_b2cDEbNV4
h_s4PcIt0gs
havcACdx0Y0
hfko5y9DLYc
hgLanpdX9eE
hgNv8uRtmV4
hgxzHWGXUB0
hjCsxRhHH4k
hkr1BspdnLY
hlRF1IpG000
hoTBqo7Ioq4
hotlSdnZk_I
hpBo2dl3PBc
hqk-G503Css
hrF3jVppfr4
hrPfsAKWyAE
hrj8Twuipl8
hsRiTf0H4EQ
hsm_WQ7Ii3g
hvWwVV8QUDE
hwt4Ng3egUc
hyylHtAaLxc
hzH2_S4ZaQA
i-8yicnu7U0
i-JCucgsYI4
i1MCIwcNFMI
i234Bmzbvw8
i2IFGb9pRZ8
i4Ui_QxKAnU
i6eZaAM71wg
i7pZvXgsagc
i87hG1e7sD8
i9_IJpJeA6U
iAd0JHsJipE
iAmOIPfHdS0
iC0qsSSdbxg
iC6zPu6-xF0
iDan_DtvmVI
iGQPbr8qQuo
iGQyP78wt6c
iHLTJmp7pPc
iKymetIN4y8
iKzcE8emHVE
iL82x-diQAY
iLWTXgC9BKI
iLlUcTEtxSY
iMu7UtmX0ms
iNTnwLlIOuU
iOcg1vewvYE
iPFozMPZLbY
iPzH0JzXUaY
iQpIwiqY3HU
iSRplWVSnro
iXLbPmW5KSs
ia8HaP1zbUE
ibRrcmrqWPY
ibkKIflHDps
icOHGPyiACM
idn6bnIEY8c
ihWdzgsIAIM
ijfPkU87-W0
ilPGLj87ybo
ilRN5JISWt0
ioeUj1furqY
irdTng8MbIE
ivOUSK3pddc
ivzhhbDnAPw
iwpej5uKFuc
iwuQbmLCTEc
j0bihM7wWOI
j581zWEdqug
j5rrskMhhK0
j8O70op1D-4
j8OfpXnd3Ag
jAgCeyW8iTA
jBkJmOyqWd8
jCMkTTg6i_M
jDXd7U5PhDU
jFKgNF6mvVI
jH7n9gOn6Z0
jIk2Qao273c
jKTy_pC50NM
jLh8rlnBRJs
jSRnU956XgY
jT3fJb6_8BQ
jURAQxU-KWQ
jcdIqTFgWRA
jdPsgHJqLRw
jeGqnicNS2A
jgMBQ6O-6RM
ji7G95M5SFk
jiBVs9ZwA-Q
jjb77v3LX_s
jjcY5Rd4vzQ
jn8Gpvb8wy0
jnNPDQWkCRI
jo4Pyd5S-5Q
jpOzjkat8mI
jp_zqaNcbFI
jpgnMeDjnO8
jqXDUdXrp4c
jtN51hhZQS4
juJUyA49VGs
juebA5ilOLw
juuSTt51SQQ
jvydA9wI8Fo
jxFElfcBl_w
jymsVWI888w
k0G7r0CeQWc
k0canuRhwHs
k31oJu-6gDY
k38HGCwhL2U
k3LtG9XnXn4
k5W1P02q70s
k89Md8-hVE0
kA6XAPE4sB8
kAHefDRGkWU
kBPS6RgHrAw
kCKM_ICjDtc
kE_wAstYFfA
kEvPN7Y9J-M
kFcw1nG5djk
kGIlkyz7Vws
kHrxhVLI4IM
kTTQql4wifM
kT_wta7U9nM
kU6T_OhXkWc
kVfqhcWspQw
kWCW9dZwhiA
kXK6gTY6AFk
kXvtOjsubTM
kYt1hxeE3kI
k_wx9v6M5m4
kafCrk8Po8M
kamgEtru6Eo
kcEZgdTqOtw
kelPXQyQa1Y
keuByp06ogM
kiP9ustZQqA
klV91j2Q7k0
ko8tSfBeEzc
kr2eLFlewsA
kssrh-yUgOg
ktI_RdewUio
ktcrfjvgcSU
kuScbaVTJt4
kw15qXs8E0A
kwtSRw71URA
kywrqzpZii0
kzWvyE5_jPg
l117wfB0g3o
l33-h3kwo8U
l42DhnDtgc0
l5VD3D_gRXs
l6U8aaWfnk4
l98gOxW-Yak
lB_TfZO1ctM
lCE06_LzZH8
lCJIrOTPaNQ
lCuRwZAGxPM
lDuFXdRaRAQ
lEZYz09sv9k
lFI1mHmRevY
lG8e7Ou3ds4
lHt57JVDE48
lI3-iQpgxJw
lJYXHojsBJM
lKi9Jiki4Rs
lNn1qnTzYcQ
lOHHrflRadA
lObbGydVSg4
lQfdXI7mAzk
lR2sMVrab2Y
lRFhD_uEaX0
lRMpE6gxf1o
lRffsXIASNQ
lRnMAfljHyo
lSjyCzQudsM
lSp2nqz2KQU
lVdapz0FaZ0
lWIGo2FOaJk
lY3o8vMY8zo
lYus72mwBQs
lZvU5uf7WcE
l_-QxnzK4gM
l_eIU1_2WS4
lbTICOKc5qY
leDB8ZO4sRU
lfAixkYiFV8
lg1SVa6QRQA
lhZd-gkN3F4
lhoRAY7LmcY
lj1gf0hoR2E
lm_vo8UAuh8
lmnP-V0MViU
lphOddUc0pE
lr4grdmj-dk
lrS3NnNJLm0
lrn5HbQjkm8
ls0fRgC_nFc
lt0jzsQfXqE
lvI3nfKsHXk
lwEGMxAWJ-Q
lxXI69BtBpo
lxvUfgAKZi8
m-6Al08LvDM
m1XztyqXxUg
m28Qme-XhbM
m2ZBL65fSe8
m407hTblKY8
m44PXBdTAX0
m53oK6888WI
m5x3mlTvno4
m654kLkGuwE
mABI40H2m5I
mBIT_ZZjGb0
mBSdUx8pRew
mC_PK6zW_Bs
mDEjB2taQkU
mF0vgERPxpA
mGRbpj_Q_dE
mH9EtdeygGo
mHCtTrnOiSQ
mIHKQIUWTvk
mJ8ft9Z7VLQ
mJVGpXe6fks
mL0CNQRq1fg
mM1yVMSbZyw
mMyZetnR5xg
mNwCXi9eqk8
mOEiA6OK9Eo
mRFJXOxMop0
mRGhWzaCdZo
mS-L2fpV1Is
mUbCIaa0IQ0
mUxZgJ_uRWQ
mX1F1jXbfUk
mY3EqTDRH5U
mY4j9tCI_Uw
mYATol6WinE
mYvv2z_OgRM
mZddalZxlZA
mZvTVjJ1uv0
mZwTLk7Xhus
m__DlVEbcSw
mbPG2qVlR68
mcyddW5_F88
mfBsh4nb3zI
miZ4I-4nAOg
mk1gYmPjdyY
mlO7gkYRuMI
mlbuF4ucS8Q
mlhX0kXRnTI
mn1ed7EKanQ
mnRsfHxWyLI
mnhELZjSVXo
mpTN9mrcYx8
mqv82pxFNck
mrk1d2Dg3wo
msmBbdi5Bm4
mu942CYOau0
muJvSx-I19g
mujtV6oQ25Q
mvutBONbfyc
mwCfK1oqRkI
myDWhetc7Xo
n-YkrAQj1_A
n1XPpAepO3Y
n2iJUBvdRC4
n2qaEi7skdU
n3xbIsM7emM
n7L11paxrlQ
nAPI2esNNz4
nBOcfx0eHd8
nBZIE3C9xiI
nClj21TJNeM
nDnBm1oq0q0
nEzGluLHIFc
nGmAW2DXHBI
nHOG2gOtJZw
nHWcGMBAF5o
nHaqn8UOcWQ
nJ8BN2AvFRY
nL8GSQrV9OE
nNNSWPrvNdg
nRo_3FSEbgg
nSG5IkRA9BE
nVRaaBCc1MA
nWTAvYCJZBE
nWxwVLm1XD4
nXV7RWyegrc
nY4vWn-Y8p8
nYtOw-9XiVM
nZvhgQvC32Q
n_0k07w_p6k
naAVh5yrF-8
ncmaUki1eR8
nd5NNQ2HPXg
nha7TK7Zbec
nhte78b5TEQ
niTSTcZkriA
njm7x5oP030
nkYM7W_OPX8
nkcy2nyPFDE
nm6bYBvxC4Y
noto6Y9EHVg
npU0KYJGwpk
npufF4jKDgM
nvsVGc9Zi-E
nwSegHYFkpw
nwdfvJAtKb8
nxfqVCLXa9k
o-AEUEZpMkY
o1VBuIG9D_s
o2_Li7tntE4
o2bKY1a8ir4
o3Uuolh0qfs
o4Jq4mrbuPY
o5SKarDZKzg
o8NNOyGnk78
o8npYNHXV2c
o96E8_qaCo0
oA30EHnr9WI
oAV4z6vgfys
oDMamWhGteQ
oF0w_5-Qpak
oFDL9a4Ab_Q
oFxu0QdwX_8
oGa1brzAP6o
oIQ6b3g6bIk
oKCzvFWI5Fs
oM4KfafHbJM
oMql9YrRakA
oNsrU-t0lf0
oPHPYVeyLBE
oQrdiSi3YAg
oXR0-GQCRBA
oYJxng6i4NQ
oZHXXBtlpgw
oZWOT5gn-oM
o_-NRMYO1Ak
ocm6DRIF9oU
octRqGwXDVM
oeSwmty8kno
oeWS2bddsQA
oemfO56t9yw
oexphlHSWnk
ohx__z9rvfE
ohzqEo_nodw
oi9AdahoTZQ
oj9XFMVz0gA
okEL377NsL4
oo1t-4_6tA4
oo_BLRSuz7s
ooh75e1RpTg
oq_FKRND_zo
or0tspzzI-4
ort-VEOZ0iI
ot3wkkp8rQ0
ot4YmfZUo_8
otG32w0gCac
ouAzY40AePk
ouJDvdg7EZI
ouc4P5phs00
ow7KcAYtmSw
owU9YfYsSFo
owzbFXrBTck
oyCdTMfRijQ
oz_C_etzTs8
p0nedWE3EJI
p0pmvuc3vQk
p5npCzrT3bw
p9qWJ89m-hY
pAIuODLsOf4
pC0okCQboMA
pCkgAelO3og
pD3W8UqsD-0
pE5h2kk0NTI
pGkne9WPo5s
pGwL7ARlSHw
pHI8QulG5no
pJDbV1q4w7k
pM3bW3nnp_0
pNj0mOfIrIA
pP4OL2i6t-Q
pPCrtL7x6p0
pRgvsipPkBI
pRy3S_tmJj4
pTrnAGM9m9E
pUUxmi49qCo
pUZKgAmhsRU
pV56qtqobZs
pVFbYfEeZyE
pVMCEVjCe5I
pVZgXkP5UUI
pVh6yN36M0A
pX_ob3yLlbw
pZ_iBsQoiVk
pbOKVnpEBgI
pcDV08dBpcA
pcEQ5N0qGeM
pdBUnbJw8ls
pdc2SRrvqu8
pfwdm5W2lWs
pgTFFgB6w0I
phxgeAOPg4U
pjpU-6z34So
pmvZA10oIF0
poNUwsrxF94
pqOFUhP6cWk
prhO81-TRJM
pt8YbAFqXfE
ptkZ0IrNvE4
ptyjSh3-cYE
puPxDnSYJYU
pwRHgch12wA
q-Z60JVkfIc
q08qhP2VfxQ
q271sjaJgGI
q3QGHwUoklE
q8cdwwgr48w
q8wWo4cpvko
q9D4ysxbGao
qC2O9Y9I2Lo
qDLm-Q7Hc-E
qDWXSBwtU_I
qF76T6ibiSE
qFg9G6S_cH8
qHQ92M3bolo
qHeLHnX0ZPw
qIjjmH3o9G8
qIvrpQ4DLeE
qOK4PRc-pCc
qQvFi8zHoEs
qQz4DLy15Fo
qTpg9fVQCoA
qYNvxa0rKGU
qYsJwwpVv2I
qZ4X79Xs3cc
qZEXm0VECiw
q_eO9O6LAvw
qcV7Ptq_iuY
qiEfmpKeh3Y
qjsmJGh2V-8
qlpSxEztIKo
qmUD8zwyRoY
qmeNCSG92eg
qnkh3deZrGw
qoJTiB77Xgo
qopi54z5S8Q
qplQDnOaE2E
qr9z4DurUvM
qrgrPHUGInU
qrxfT5EQxgI
qu8ZBjhNPA8
quDJA529PTU
qvFA91Z__Q0
qw0lHu4CNAg
qx5gapzEEh8
qxYxyztoP_w
r2bJXGX8-dM
r2tM0aMuGSU
r4IiO6QRkQE
r4nlx_9O29Q
r5W4-z7MLK4
r67360g5CIA
r7wtMjdAZRw
r9z4akxLa64
rAcZJl7zbz4
rCHY3VEOrCk
rCxSoPPO844
rD-ItELhG88
rEjnW5P4-Vk
rEmrlfZ0zFA
rFgUkctw7Fw
rFlIopeJ8EU
rGwSxwPcH1U
rJdaOcnJ4-Y
rKGxve4vO6E
rKm5oF2p-II
rL1N4-8jmNc
rLbYSxaA6fE
rMvfJGo0Coo
rMxMe81hW0M
rNzYSl7nZKU
rPXVr7xhzuY
rRCMER2Yrog
rRTxn1drgb4
rSWY019ubpg
rSkQ0Lnb0lE
rWMRNHra-Eg
r_ZsYxjL41g
r_mB-23z4To
rbBdFPcxHkU
rdI5ZFc6LnE
reQd4IRhZDk
rgu-Au4u94U
rkNr_qdOp1Q
rlmUt4hLwak
rlvm7Mm1f70
rmT4EvbJNyY
rnqEntBVBVw
ropjOo47Z8I
rpxG5-YVPNE
rq2rENh0qmM
rtkzAULGZVc
rto0W7wGFGo
rv7W3v67oOM
rxvLkL40Aoo
s2b1m8GwH9s
s3WEI1zi-gU
s3sS6JVhnt8
s4asdVIY07w
s6gJcWEDrAk
s8T7y_tIubE
sAVtNfwc1Zs
sCfRIXWIrG0
sDsaOh6etrg
sE5Y3cmiR5w
sEfloratJQ0
sGO7M7X6DWM
sGOCrvoPkQA
sMol7CiVNKc
sMuxRnpeP0A
sNbehASCLMw
sOe2X2_qOwk
sOmX-OIY0-0
sPUyjl5qxDo
sQ6ufnkXZFw
sQP-_0GgJN4
sQW97d7cWp0
sR6rO1XjczU
sSlSXvYI_MM
sU4W36_5oiM
sU7MgwHB-b0
sVfrKSBtifE
sXNFJe8lsm0
sYJNI0suN64
sZdE-jDiNb0
sbS7c1xziFk
sbTw1Qza2ng
schRATdq3GM
sdLOIPyL9ws
sdo5xt_xLTo
sdqJFy63jpE
sduEvGDX_rw
sg-nh6WvhK8
shHJnu3hyuw
shgp_Q7dfWY
smXWZDupnkw
smbKP5tY128
smzVFX3pMms
sqP4a6vL3c8
srghYcAMaRE
ssqqfFwK3GA
sugkrGYlH2Y
swyt7g1JGGQ
sxkKvYa4Zi0
sxuTygKGVfE
syODmDnEfc8
syhk5D7WAI0
szRNMXOKnZs
t2WuIsub-7Y
t2iEcVmczIw
t4e_hHjLgN8
t5wntLZCcYA
t73n4SEz1Zo
t7qqHoruUAY
t8w45olilG8
t9iGta9-rU4
tAXH05AI_rc
tBkm2D6vT9Y
tBtggl33hU8
tChRU00WbS8
tHhU65u-uPQ
tMtjxyK7BAI
tNl85vNVdyc
tOt-Ut9qQco
tPr67HmT96c
tQ70htNBcrY
tS0Sv5XqKiY
tUQQQUM1bvs
tX7gozZbv_E
tXtj5d3l4Hk
tYibevZUWWg
tYvQsuVSr4w
tZCWuJ5ionI
t_We7kcP-SI
tboW11dMeKs
tbsBVJBaNyQ
teYsSm1T010
tg1q1UxENPw
tgIvxPH-g2Q
tgwUKoBQTAc
thML2Hai6mc
thXFl3v-FWc
th_tl97OFjc
tj39PVudaxQ
tjyv0L3rwOA
tl1xkQDUjAk
tmSrULDVRPc
tmYmUTAlZjs
tntGYf1IY9k
tojJcSYhVWM
tp7Ech2yhvU
tqGemcZ-lPA
trZmMCsgxUw
ttU0BteieF0
ty7_oc31pp0
u-FbtMjxPQA
u1h-jPizdv4
u2UxisJLN5c
u2a3zHeWUI8
u2cauTF_UIo
u2rifU6gURE
u7_mmBQzeeE
u8JWCmUGypA
u91RxPoeWnE
uALnUBjEaq4
uEDx0JlhAJk
uHZ1EgBKH4w
uHg50F8sSPw
uI-DM7GQ6rw
uI9-Mz4YpLg
uJv6WtfxLUk
uLz6tXGFqUw
uMdALZjM5-E
uN3LSSYdL0k
uQ456uEcQ5A
uRgJ-22S_Rs
uTNZ3vShYwU
uUItSK-ez8E
uV7p1eiBed4
uVeVZ-Iugkg
uX_IUz9UC3k
uXx-skmzOe0
uc1NjmGjaJs
ucSOAYH7KJM
ucTNOJyuav4
uccwjfkwBT8
ud8pxcevo0U
udUYNfEpbO4
uiJTLpmSoTU
uikOKrrwsfw
ujCtz6rz97g
ujX3PVmoxVY
ulUBZyg_dks
ulwBvdlVWjM
ulzTXwihC_g
unWl7dhbXVM
upH-2Isw86k
upZBLqwDpS0
uqv1OzTrg9A
uwXBA3aPpQw
uwrDU-7u7iE
v-DYpsjg8Dc
v-WPEeZW8i0
v2i4bqIyJ80
v3iTumNjOaU
v3kJ2WZNyLM
v5rzwead6lY
v6xDt2RwR7Y
v89CjsSOJ_c
v8_QlLK6jAo
v9ERab8P6Io
vAajJhRv5GU
vAj1SwPKfqc
vCBfAdMTvy4
vCrPNXRkZb0
vCsOSgSmdO8
vFymKqUwodY
vGubMgSr9rk
vHKqe-RIRgc
vK2RvhZmp7Q
vMMOWxB_f38
vMW3XysWffY
vNSo4WLYL98
vOqjcgHhtZs
vPkjVkq9SV4
vPrRxFjH2zY
vQRFPDcGXmg
vQorUOmyz38
vUTqzSWX54U
vZRrg6Nl-1E
vaIN1OLd6kQ
vdeBsQES5QM
vev-F9jybg4
vfDYWqRSvYk
vi8vAb1IiLs
vjCXSMVo4b0
vjUoN7D533A
vl-PcTA9HHg
vm1_aCjrC5o
vm2RwI-APTE
vmVmrfpAMNA
vq7TpBlUqC0
vtjvM_xW5L0
vuSg6hgIrmE
vwVw779mqlU
vwqihVENVDw
vyHSJj_DluI
vypkLaGeHPs
vzW8JxvGylo
w1o8bhEkyfg
w3woESIq_e0
w8VuHc14YAc
wAt--h4Efa0
wCMPF4X4vHM
wCNZy2bNRi8
wDKfAuufVkM
wDqW0fThWQE
wG_B-PZzXck
wGvhR0GteXA
wH8WFpcQ8_c
wHZtCJlXbBQ
wJLvLN-MIWk
wKzflCztXd4
wPgZEJv49Js
wUxIN3FIvks
wYKvlbf2WM8
wb6RxVTFxBY
wcPZZmZYKNI
we_Cs4Q0P2A
wgvJaveSUkk
whBtDR4su1U
whg3GNZEeRk
whn0IAOCYsQ
wiekEVBGCT4
wit_jtH1860
wmtaEEo7V3M
wneNrGBZFLM
wp7N0Nm1J_c
wukEbFoPxIg
wxt7v8xHoIY
wyTg3E3mrMc
x1VGCE689t4
x2EM48RzBDs
x3RYOLHI9pU
x3Z8ni8ZE1s
x4QUQR595-E
x7MvtQp2-UA
x7VMypyTsCM
xBKZ5rIQu28
xBO_wqGmFE0
xCKPsVi3vBo
xCQfqbpVIAY
xFi2lcyHx_A
xG7qPd27-ws
xIJ_jWXHRGA
xLqYL2nGwQc
xLvn7UDssco
xLweR4Y5DEI
xM1EjIDLMLY
xMDdaNLc8DU
xMF3zpKK5yg
xMgz61YjoLU
xPWhmAaiUNw
xQWd1B31RC8
xTkm20eGBxU
xUjCD-fFU9k
xXC0BuIbnxM
xY37DOv0D7s
xZU8zcEXdMo
x__65wKXBvA
xb1OZleQM6M
xciakoDPHUE
xdiO2ZIrqFw
xdn_u9aJ_tA
xeiK-_w8wDU
xfS87f6MuDk
xhhAkXF0aXM
xkSU3aMo6Lw
xkZtCQCS0z8
xlewyGcP1qc
xnNdrbLKhms
xnVHbxHBIAo
xvlqP2r7ouI
xwuU3JHs92U
xx8krYE_BWE
xxqprFdfDZU
xy_mtDOT7JA
xz9wsK4PH3E
y05t0VDVtRY
y3tlOAezt5Y
y5r-LPsr60A
y7krimnu29o
y9wZrdcD7CY
yAIfBEkrQmg
yDFCWcZO-Ig
yEBEJP76lhY
yFHObV3vfcY
yGvSngWzon8
yHEd-Ha4B68
yJc7KKeifqA
yMjE5qye11Q
yRNwHoc7bq0
yRoHYKcgicc
yT6MDZQUGt4
yTPSOr8cY28
yTvvvipgr9M
yVte5rmh_WQ
yYncTW_fhao
yYwFgL7ox6I
yZKgPeigqmM
y_3ktOmMgfs
yaKsHXuVJdU
yaS10vOlzeI
ybtItLzTEKM
yemm7MAEHhY
yga-uaYEWHQ
yhFg-WYM_5Y
yhzlIqWvMbo
yixoq_0u8fQ
yjdEUNXiwWo
yjds5UlRvY0
ypP5YItjxk0
yq4ME1M620I
yqWKxvCP37M
yqb3VCwXzXo
yqgLaMc9IVA
yvDNt9UQb9o
ywDD4FJ0lug
ywXniVwchdM
yxqIhoNx2yo
z-E3DrF-xfk
z1N-A3GPwUM
z2Bvg8qi4yQ
z2HlZ9rdiHE
z2eLl_WA7CQ
z7A4hKQxsv4
z7YETRPILaQ
z7cuSp-Vhqw
z83lmUNf1qY
z85DjJary9U
z8iKZEra5I0
z9WWzbzevTA
z9tENHe19gk
zAK7TGJCpVo
zC02IxLkrYk
zCUvNHM3c40
zCitJtx7Yyk
zCubH_AaeN4
zDi8PHzTtKI
zDx99Ljo6YE
zDzQRpKB-5M
zEezFUb8Zz4
zEqg73b91I0
zGyT_bV0RSA
zOE1wJmUSmk
zOUgzk1Ab20
zPBRhvykSEE
zQfUUTyyTdg
zQgoSGDt2yY
zQn8hHhdXBQ
zQwgRnjfuiY
zRrv1Ujps1c
zRz7Crx5xPc
zS5XEdXvot0
zSmn6xhhbcY
zTO81733N10
zW4uHRSTRnE
zX5fsyLO2mI
zaVw71skaHQ
zb3KNvKxg8s
zbh7tAnwLCY
zc-8rBi31Q8
zd-sZBxSJcY
zdzIfgyICbo
zeGhYf2ij3Q
zfQaqQNw9fU
zhENYiDaYZ8
zhcJKfOqFQ8
zhdMwgvU2EI
zk9PVUUwgQE
zksguR4hLrY
zl4TxSW9ges
zl82ft_I2ro
zlYjGhnR7gk
zm7kB5t3Ac8
zmEeg0NOlMA
znAbkEbPFtI
zq-yl8-ZJl8
zsLR5no91Kc
zsilMuEze-E
zu9-mk6nGEA
zxy0bVKMenY
zyXERfeQkPQ
zyomTvQibtk
zzEdyWQ0IMk
