-U9E1PhrM3o
-lreoEQG6i0
-nPq0O-F740
-ozeyxYu1ek
-qSAFjqOYdQ
-rMygSe0Jfo
-vDh5npsBEs
-vSdDHxKVYU
-x2x_dwP0Ug
07EHsPuKXc0
0IkSluSx0H8
0JEOVmN0-b8
0d8ijkFLC9g
0jPogLQpMe8
0qotVMX-J5s
0tQZVMTnmgM
1Br4m0_8YDQ
1I6bQ12VxV0
1LPE4Ck8opc
1WvMfj_RRT4
1cA1qOLaFGQ
1er2cjUq1UI
1gUaVGS_-5s
1iyFq2VaL5Y
1rKKuVzVpgE
1tlSguRBO58
20QUNgFIrK0
2HvaRT7lCng
2OCEMuNdifM
2TTU5BB-k9U
2TrI0m9D1F0
2XB4UaBIvNI
2hlvVAOdxw4
2llWuivdS7w
2vMEQ5zs1ko
2wHifUaj1XA
3E0EKUkMEjc
3H7fLs6_TaU
3bhSjl8tUZk
3kGFBBy3Lyg
3oZW1FejYno
3vneMb-lPBo
3xH1SAWWdl0
3zfy3PV4_dU
4-KTd0uRNq8
42fwh_1KP_o
4H4dAtrl4p0
4LTcKdtSz3Y
4YPRRzA3RmQ
4u_j_66XqiY
59xCYSx3Ltw
5C0sh7PRACc
5EqAXnNm0FE
5InwlTrl4aY
5KKoniXgHy0
5SoklXsrNO0
5T5qs3RgqOI
5Y-vzRFXDKU
5bAhqB4WXkA
6-JXcheynz8
60ccSmOxpMw
69F6xLGoWv8
69OfdJ5BIzs
6EUSwMX7D48
6dyrBRcC5KA
6gBGoTiCTFI
6h-UCGJ4-BA
6p46hL8Pyac
6yn4nCWMNLI
6zDrLvpfCK4
7aSe1HQ2lXo
7gkr-_t7wAk
7rkeORD4jSw
7t3lTYEd_PM
8F-ZuKsT_q8
8VXurKENGRE
8WNjwlN5gMk
8aEPotQ1S9c
8lo1s29ODj8
8ugOPzQMJgk
92yV9afmc38
9LqSCDaQNiY
9dzb6eNhqOE
9gGnTQTYNaE
9ihndG4_FQM
9rE_1i-Zm3I
A3k97eAF3GI
AF5ZkcnptMs
AHIcbjD4S0I
AJa2B-twtG4
AMD9kI2x8to
AT6hhvanus8
AbgN0kFtjLA
AdVWzhPb9yM
AjtdZ3gFRjU
Ak4byzRZrVA
AoMg0E2-5w4
Ausqifk0ZiM
BIEhU4zjcbA
BTnr8z-ePR4
BcV5wHyMhfs
BgrQ16r84pM
Bp00VqBH420
Bsq5cKkS33I
Bsy6mhRc7ZA
BxRB8v2-LEI
C2URYImxW1o
C9Sm0pmQLC0
CAQ_a2-9UOI
CDtjlshp1KI
CL4QfLAptSQ
CTURiR6PU2I
CdBtNQZH8a4
Ce1m3Y0OMKA
CjfD2wxnYlY
Coj7G29OOPc
CtzrFYNztxo
D0AHsF-7sxs
D4-UgAiviEE
DBZTNzrZC3E
DK7w9-DGRO0
DP7TSgc6glc
Da1hUqzoiAo
DjL6zrj7tFU
DnivaupQJDk
Do7gsyXWj4E
DupNd47I6q0
E7HQF2IQDeo
EBEIVhkIW2w
ECdksj46dD0
EOIja7yFScs
EZB_09OQqoU
EfqaM2LwTAo
F0hNDkAA1sM
F96-L7KzeTQ
FMMWSLIcaME
FWRtwKkvWZ0
FZR0rG3HKIk
Fp2In_la9DE
FzERTm_j2wE
GQEo3qn3EGs
GZhe4eOdIWg
HRfR4dJoKDc
HfDH2iTConI
Hi6d0QZ4Mzs
Hm6mN0sbmC4
HmxkYNv1ksg
HseeckjA18s
I01xQGEoM8g
I1oEKwd5U0Y
I4L2aR80_nQ
I93VDovz_lM
IEUJwUd4XRw
IFnqBtLNoPY
IK-tNiyRm84
IManbRY97S4
IPkQpBdde5Y
IrKzjRy7lQc
J73MELGF6u0
J8ni6PjoIEw
JFxynUhBQnw
JetS6s7ZxRs
JkDovucH8O8
K1nhwgpJl7s
KCzNd3StIoU
KG0yy1Ymf6M
KIjP0dDHu5w
KTN_QBuDplo
KaCyfQ7luVY
KbMkPgaH-y0
KfK9bqDSujo
KkSyPserNy8
Kmt_odiCWvU
Ky5mhe5Cd-8
L3ynnRgpZwg
LGJjRJvJJ0k
LMAEbB2a50M
LNLKZ4Rvk8w
LcTAkRZzuwo
LfdK-v0SbGI
LiTUYMlqWI8
Lj_57iM8Jjc
LxcH6z8TFpI
MIry2_DjIFc
MM9LxrJA7jM
MNx9gTWD6h8
Mq8usN6CC4I
MtdLOoeQ1n0
MyiTVVy107w
N-8sTNuTnjA
N2CuentyYGw
N5y5YBwzVDM
NPFbYpb0I7w
NQTEgWy4EM0
NaON2ArJFf0
NbkPRn1mqlU
NjBYeiUhi38
O-XBhVv2pgE
O0xcKqnBPx8
O673mX9n9Rw
OAdOa31EH4o
OW5OgsLpDCQ
Ogm2YN6YmmQ
OkAh2QiBn_w
OkfjB_LuUlI
OmphHSaO1sE
OqjJjpjDRLc
P-jZnlA7F-Y
PPFvllszx0s
PYUGlycvdg4
PmxWTTpXNLI
Q2XhB5oz0zc
Q5aTUc7c4jg
Q6IHRFpi_Us
QAbqJzd0PEE
QJ2tGBMZRjM
QTD-gqS2E7w
Qa2Zq0NkokM
QfOqM7j_RgY
QphJEO9ZX6s
QzY57FaENXg
R49coLVVYTk
RGOrDYZ0quU
RHDIcxguyIE
RIcnXFZWrSI
RJ3UQSxwGFY
RWOoarR1E84
RYQbmjLgubM
S0KanFX2KT0
S7HTsuWz_2U
SL-Egc0XuIU
SYE8vkkJ_FA
SbeSvAfeV-o
StoYulVSkR8
Sulw5ndbE88
T18M59Crozw
T7Wr7wVK5Wo
TAKBeHOKBCU
TJqkBVogMvk
TRO_ANk_vFU
TWxKD9dLpmk
TiEwRiX6kGo
TjW8s8222gw
TpMIssRdhco
TrbQbM_xtBw
UG0m_5wuBdg
UHZVIJsnNoQ
UO-yT7Ugnls
UbtB4sMaaNM
V2xyu3WJ1kA
V4wmb5KVmKM
VOLeKvNz-Zo
W8H9sdPs7QI
WHwuKCKhtvw
WMMq0rhzmrk
Wgk802Y2Ru0
WzhiYejigqU
X7X0Z14E5Fw
X9pcrKoBRRg
XRdmfo4M_YA
XbYKAJc5jhg
XgJeqVZpWVw
XlrCjHdK43Q
XoNP9kiovwI
Y3GEofmVQUU
YHqdJAiw6cc
YI1DFe9AVBU
YKqxvTMCUQE
YNxpGimyCt0
YPjIYRCuxiU
YUhrX5N-gJk
Yd_Ry8RRZTE
YnRrdHsV1xE
Yto8nUeki-s
Z6AnuYfM8Wk
ZFZrUg7gy3E
ZHP2jQ6bFZU
ZP0NmfyfsoM
ZRY2LPJREQw
ZXiruGOCn9s
ZfTOQJlLsAs
ZjZ1T9rhkcU
_522RWxFS88
_5xCuyTbYDo
_UtVvdetCVQ
_bjDY9omL9I
_mT8H--LFMI
aGwYtUzMQUk
aH4nz3mQIng
aJiZFhAGOlk
aOE90VAVOcU
aSrqRSk43lY
aZDaNVh3l0k
a_xNkLfjNzI
actiLf_DNtg
ahXVydSFNLk
aj9CDZm0Glc
b61DPVFX03I
b9AzFJQVzJg
bDzTYIi7Is4
bGwy98ra_E4
bJ7beeCDpyo
bNXwkglxn9c
b_euX_M82uI
bpFeqmEL4c0
bvVgP4tw_Hc
by0bXqAN3xw
c3YaDqvSDrQ
cEOUeItHDdo
cHCD_KFgQwg
cTPFwXsM2po
c_N0I4ffHcA
cjXI-yxqGTI
cml1KjmjJEM
cyne4gbwsGU
dETTvSdODjc
dEhHY6giDsk
dLFv4_lozyc
dNxNcDDMJIU
dPZtd8Oxrg0
ds8dh1K5DIw
eJHZ8sMjsug
eNSlUoswvss
eWMgsk7mpFc
exZ1YP0jjug
fBZuW5KMm4E
fDXMo3lX-Ug
fETdNwNodvk
fGea6a9V1l0
fHO1X93e4WA
fLvJ8VdHLA0
fOWnYdVilCI
fRY-onXjMdw
fYcdKVBo1VY
fh3VaXLzH5Y
fp9_ubiKqFU
fvVLrwKOrkI
fy8SHvNZGeE
g3qf_0vc70k
gNxCGXYexFY
gQf_25bBUxM
gUXfcX-6eVM
gffPD-mOBi8
gkXX4h3qYm4
gmAcJJbunL4
gpv-HZ4xz3E
gr3zVqq9xRg
h3SiItf_0Vw
hAqGYEERU9I
hFRpTVZpz8M
hIkUJRYnI_M
hQioQQxAFHU
hWRRdICvMNs
h_WE-ZFDZJQ
hdwDMsDF9J8
hqtVWi8Y9Xc
hxeTU6999-0
hyqf6xpoKhQ
i9V4oCa5f9I
iETENR5MEB8
iFEKobyFqwQ
iITmoI0s1DQ
iKYSUKzRI0I
iZR0TJPmj_U
ia6NtoAwu5A
imNfrtvYYbw
izu86uUbpbs
j0plkZ8jGsM
j64WdNBqoWk
jI8IKpjiCSM
jevuDDjFEsM
jpjlO9lpkpE
jvnz4OjRefc
k4tK2ttdSDg
k9XqDc1JCA4
kBF6Bvth0zw
kG-fLp9BTRo
kI62_Xw2Qgg
kZTF7wIykk4
kwv3D8uvebI
l4Vrj7mkxhQ
l77zmYGJ-DM
l8S5OpMPsxU
ldlE09pE_cs
lnOwde3KNJI
loOR-nz9DGY
lsMQRaeKNDk
mABoXFF7J2k
m_U1DPeSc2s
mqmlsQ57Lko
mr2xUDNzb6Y
muqiHwa8UvQ
nAPA8FCWEDg
nQ8AianmcPk
nSZ3Ia4SPPY
nWmTyA3acbY
nyH0nYhMW9M
o28kWyxoiV8
o2HJCGcYwoU
o9-ObGgfpEk
oHBrbVf9VBY
oQJWC74iALw
oUpqXxmr6oU
ofECjphXG6Q
onaWOgE63_w
ovFbBgsAORE
owCQU-hbOD0
p2cUKxW-MiA
p9dAahKaSeA
pAO7300nluc
pMHxLBJ6_UA
pRS9LRBgjYg
ph8p-eP9Y90
pkcaygZ7pFk
pmcfl47NH8c
pqxCzcPfB6Y
pzYT80wgllM
qGFRbOq4fmQ
qITYKOMbx2Y
qV76VwCG1Cs
qdMTLK2vYoI
qfiOVB3yMHQ
qiUEgSCyY5o
qigZ8MwkDbA
quakM9VcYW8
rBmqlfvZr-w
rEQIfqevKjI
rH9-m7AhJhk
rNMsOoNERHE
rOp7aGyavnk
rj_YR5nG2gA
rnnhtzIgjvQ
rx4Uh3jv1cA
s-cV36A718M
s-xTauu2knA
sCR3SAVdyCc
sDfvw-SzDCg
sFF_U3p8yAc
sKfep-UmZeM
sNHwZrVq6AA
sUoeVhbp4cQ
sZCuoqoLcuk
s_92RqaqcfE
sd1zM57TAB4
sltemCwCKGw
t1PgNr8VMLc
tGC_sM9dDYk
tIQVIwBX5Nw
tO_ag7Gor9o
tQtni2st3xo
tWKw5ujRYM8
t_p4ZyAYyaY
tnHauPlPp3o
tzBgFog6NmY
u0TgGIn2LIM
u3swGyuMDiU
u9LYxaEU_UI
uC2JRAqYNeo
uFcitBuWsVo
uLv9aiLDtc8
ucCr2q-ke9s
usqwC2MIho8
utZU8x2wfoY
uuMJ__6GKm4
v0KULJzyU2c
v0vLiGGOl-c
vQInSPTz7KY
vgm8gYmg0Ks
vxJobGtqKVM
w49ZtExnOsk
wEp-9whRGo4
wIFeKcMHnXg
wLxxLGMerE8
wQnTLTHwzis
w_tCT-XrdeU
wbgvAIuTiq4
wpEM9oMBJuA
wpISo9TNjfU
wzJ9tkUW0sk
x369D_VLsJ4
x9ZTBQZGQ_0
xErwDaOc-Gs
xSJPw3zA-3I
xTsp4bMakrI
xZs29PT_3yw
xlfqXuv9nDc
xmDInxnKXgI
xtNpPI9dHio
xtVnAhgtSI0
y0udPfsZ-nY
y7sXDpffzQQ
yA1QUaanmgE
yGbOcUy6vNo
yLxDi9unGkc
yWByEVB0VJE
ydKHV23dKEc
ymKwJcvDdSI
yn6CPQ9RioA
yz9bq3MnuxA
z3rcNn2u-LI
z503nLsfe5s
z98BxCk-26s
zL_A6wAvxGU
zPNCp9AV-vA
zWw2wuiKd5o
zpuYp6oJRsc
ztIIcXNzMN4
