-3YyaF09SMU
-MVaYtvyAJM
-gQIrx9zZ-s
-oflLvqnKqM
-qXyd-v2u-I
-wr26HnAFIc
0-17dUkWKM4
0PDqeXcLRGI
0mqXrNDMeCg
0tXhFxd88pc
10FgbyvGGYY
12CsR5yO9L8
1GlKdGZcP1E
1UOVuc61YPY
1a-cHswkvMA
1aHgutxxG0Y
1hSIq3goQJE
1mn1K1A6mPI
1ub18kbITbA
23iF9z9yVFA
2DEZflXLwQg
2Fw2Dzy2MC4
2GNNp_Op7qU
2W6wJniitTU
2Y2dgvI8HUA
2ctu8NYJLkk
2fhSdCOKQRk
2yKZwQ_FcJw
307-jYuhdOI
3V7DC5ywsU4
4RWtkhfL1zg
4fB-48RCOdA
4tsAugB1ysw
51MAsD3TLoc
5SsgxjHoFTk
5WEAxn09BAM
5mSYmlDNcWY
5uGMoRfkZ1Q
6-75xQtXci0
63XyZlCnC9Q
6DDGPZdyqp8
6TtMMz4rXVc
6ZMTdYmfBl4
6_SRZiU9EuI
6iHwPfirtUg
7Ij0W5Jexdk
7lp6Bxyp0Ek
7qJGDFyjeyY
7xGCmGt-yTo
81zTgXDnbj0
84ET5J5SsVc
873QIUSzNPM
8D3NCSVIWUQ
8N_pb7jwhBU
8QyVZrV3d3o
8U1grDyD6_s
936pc0HJkjk
9H6wTtVWJoE
9RTVrQARGhM
9_UI3b2JSkE
9efc8PYOhVo
9sXomdv_5P8
9spsx_QSQ9I
AEYQvKduCNY
AFMKycX4Pyc
AJBi-AHbLT8
AXwLsba2TOY
As1Lr_0I2Lw
BFtX0aSvR00
BOJvlWi0_yQ
B_Aa1h6QEis
BfvaL20aAs0
Biv6eCt5lHg
BlxV_-gdXXU
BmfTTXC0KW0
CCsDiOy66FY
CFC4q3OpaCA
CONmf6SwXpM
CU23ISjY_ts
CWN62O7yX9g
CWrHCCYgGSQ
CaNbw73PZSE
CdAQ64QTWLg
Ch_irGIgGQo
CwFEnhoALSY
D3hNPum0MjI
DUQOrPXt7CQ
DapfzkQcCb8
DehTRXGa2YU
EfXTqTA4qrk
EoWRdbETAOE
FN57u7-x75w
FOQoyFPR__g
FSmyqVprpxc
FU4aQ51lIXA
Fh-90xzBn20
FoiPApGgOjI
GC2c-ScNHPI
Ggmiljn8LH0
Gq3_G3_wylo
GswqsaJ4wlo
GvvBCoBoY_M
H2bm4SFRTL8
HHrPpPs7_cA
HIM96fTr1-4
HScOL_aOMrw
HfKINOdLEbo
HqKHDz7OBjI
IgsHuaS8G84
J-9YP88MH7Q
JAY60dY-irY
JDo8vnsLlME
JGHEhybXvOs
JJeHcuwimt8
JW8dqT90BLs
JlAh-jkJa0s
JtUZOsghoV4
JuRrKtQY_28
K-g_sxCbhvs
KPQXLUpwNCA
KQIjH1xcJdM
K_CsInWru-8
KeRhjOIQTvY
Kg835286kvQ
KsSmFZNrpLc
KsVzIQvZWpE
L5AePqnT0l8
LJlfwbS0BFY
LUw2RG_Rkd8
LZshegzVADM
MVxtlIZ5pXA
MbTVrki9lVM
MfyV2rBF174
MpLIM1UKnP8
N5dc58dvbKo
N793z4xK02w
NA_tjY8osGE
NHx9h1JTRPY
NYdhk7wtz3o
NrYYqCfHJmA
NzZJQrPPv0M
O1wLpKAYd28
O4fKK5n51HQ
OCSKj1LPfRc
OCmSkPkkX3k
OGh4CEGv3cM
ONjwDxdac-E
OO0Iluy1vzw
Ou_K2vZVmC0
PSRBMCNAt9s
PSZIkx2wIFA
Pl0A7Jl6_GU
Pn6BigY8Ros
Pun6tbz8Rzw
QEUnYah1aRw
QGwKge-ivkU
QN9UOkN-LWE
QZYneTKlk4s
QaEnJXXEBio
QbuBg1KoLGc
RG4HJdUsHMs
SFqnZ-nh4XM
SLfwrMcNTys
Sb9KbVqW0zY
SvELRHux66U
T1l1IrQeN-A
T1oG2kt_fmM
T1oQaeETOT0
TfkRZWFHpss
Ty9KCZwY4gg
Tz5GHEsSAzo
UHCsV0VzrqQ
US18sczUnTk
UeuV1ZQfj-k
UjoVgxPvY_A
UlvRn-4yXa8
UpBycmR3_lQ
V1l_RNJtiPc
V9RrWvo9ucw
VCH4XxKZ8Zc
VK-VEXPDKOA
VOVmVMJEhg8
VQ5EbGjTRMo
VmJVcRoROKI
WCpAVbo2ycQ
WHIRlB6Axb4
WIR0nwhesGw
Wd9EnGqVoS8
WxmMKsdo7pE
X4WDNlCDaV4
XOlbMWUC-E0
XePLU5D_ooI
Xip6ySMwelg
XkUTIcbct-U
Xnz_Uc5sWOI
Xzm6YkEw8NU
YSpl3KEHVSk
YUOJFB6ZGQQ
Yb-OYmHVchQ
YbOcKFoBsQo
Ybc82yKJEHc
YddWybgvszs
YdzZn_giE4w
YexcmGRStfM
YrBCuFQLSCU
YzAFCU4RCnM
Z2g4hUfffrU
Z6r80T13AIQ
ZCah46vaw34
ZJ272i1Bhqo
ZMBJ87ZTuJY
ZglyLeNkTpA
ZhRROCQPG6M
ZhbZVtxRLdg
ZsM5bHf88Cw
ZsppocFxFXw
_1WKa6UXJa0
_8ePotseRgQ
_RocWimgd_o
_XPFF7iLs08
_cKb3F_4gv4
_p75hrdzNVA
_rJKWh4ixA0
_t2xdJhlM8Y
aDDlAsu2j5g
aNNzdFSEjz4
aXT8Ub1VK9U
aigR2UU4R20
b-vEj2YOTXw
bPX11eeLvek
bWnCzI0kA7M
bbT5dzhpHCY
cF0ISsHf-T8
cF2VrefjIjk
cITA2ysR4z0
cKxQMyBl22o
cQYroNcfXRQ
cUzFtWNOOOU
cVQFAcdAhZM
cq-d12j13C4
cqWgZ2LGYdM
cwKz3d3F7Cs
d2uLD7_Zsco
d4LnSJXr1nI
d7pkPpX3vJM
dAVf9P9hNMU
dDZSn-gVl_A
dIZcq-hLc7I
dO4k2Rvs94I
dYrUGGQDDoY
e0AUHoX7i9A
eh-MjuPY0fk
f0DGN3eSAm0
f2pOCvqXs-g
f55DSbUGhMU
fCQMZOgHv1c
fQSZxl_4cGU
fRFMl5CLx_g
fXB5-iwNah0
fYwrkzNtlgI
fpRZL7d7wK4
fvi7VLbiMuk
g9OywpJz9kE
gRcLYwLVrRA
gU7jiTSkxKA
gcSfm5RL-24
gmLhdwLo6Ek
h0qCyYYIQ_k
h4jYxmUJJvI
hHCo9U4jxzE
hRCcQZEKVv4
hUVNou07mDQ
hWwSqSirnis
hkJ21qIY3yE
hm6cZ-7zEBE
hoTbK8nYiuA
hy8GzVLmV2Q
i5y9CU5RwZc
iXsU-7EyI4c
ioogpMQhK1o
jCMwk6Kybkw
jPuirt8xRZ0
jZASQPddkHg
jbSmCuVnsZ0
k19oI1LROAs
kCCHn1cWhOg
kM4ZHfBE-0g
kOe1eo3v-7c
kjflrXDDU-w
krYMgg3LU-o
ktFiMjAv0ec
lHB_G_zWTbc
lHZ72NkBueU
lPw6ph1DGGI
lRE3tGxsYYU
lrO61QoZUyQ
m5FDCX1jfHc
mJKxxaCmJLo
mgJNoQzpFkY
mm5xNEEWOZo
mykdIUyLPD4
mz7c7mJESGE
mz_0_n3h5Dc
n9QmCafNPRA
nH9IPpDrVTs
narR6QofhcI
nbLyCKhyyZQ
o0s3HU9vMkU
odwW8XlTD1I
oeBZoWYE8yk
p5CV4KZ5ups
pTccWT2YOC8
p_WswR6Du0w
p_Yumgs7jJA
pmCgadMjKdE
po1I21YRJV0
pwPbGAFs4UI
q4xh9R77hnk
qL4zMIzkWnI
qOEP6vO8kdk
qX_LG0EyCMQ
qfJVoM5vlHI
qfVe4cRtBZU
r7CsYYIhbu8
rSVA3MZRm70
rfE2C7isPMU
rgTjKM4C9Dg
rlTEYfm8auI
rt-DpzOSAbw
s2LnFOJe1_o
s3FMA3mCBco
sM_21I9gHc8
sOlGw9VESiQ
sQ0zS0NPBIo
sRlwv1xtKLg
sWBtEZNdKiM
sdW8I7stUfQ
slWdnbInf3Q
svWst53R2UQ
tAvSlElpEDc
tPr5SgbWuGI
tRFt_bO8mIs
tYbA_-mAtUY
taMOtKJCM2Q
teVxpgm74Uw
trKtqY_riZ8
ts4s9gjCT04
uMUNe3Pnv04
uebR57A1FMQ
v7cC1ak4GsE
vJrJVVpEvfM
vZeYCEBfWHM
vkzpCAqytiY
w3lLXskM1HY
wKIkKX4hIeE
wL34vK-On3o
xD7q2-F1B5c
xKhmKCI8KDk
xkhmKgpjnig
yClhkdjhO3I
yFQ92U_c-BE
yNkdZbaLqbU
yVV7gMtzDTM
yYGmB4y8f9U
ydXL_7Bjiqw
yfiqiGF0WdQ
z7g3IdyOjMU
zAiivE30wF8
zCHSRbHLPQo
zLz9cxCeULM
zPkOXmLDIwY
zcmLHuiWgZ0
zgd2qs7Iymk
zxGtZXYcHx0
