-tDEDCgllDo
0ALmCqfMDg8
0nH9CAJYpUI
0rTiY6iGMp0
0tg9_dHUCkk
1KQSQTbVyW8
2dKRpIy1d4s
3ndXv4-Fn9M
411w30kYMqc
41Ft9PtMwBs
4a03PxTDudg
5zB_ve5G04A
60_5xNxUTQo
6Fkv_M_YDtw
6hQESUkTOtU
6vhGFr_FrvU
7d_xbUmJN0U
7psLWpabR4c
8Q5anQX67p4
8fcArUul-cA
8oR8LAlUwhQ
8vqoIkvM5cE
9bH6zl6XuWo
9xIc9dOvdR8
AzCNzC9oEJc
BFi4d6waKfY
Bokvqb7o8L4
Bqk5Jg9dQdQ
C0v-vr56_6k
CuQLE-TtPu8
Djf3KVVnCnw
Drspl0Z6S_A
EsClAdWhx-U
FJ2x25Qzq6Q
FdnZcaErWJk
Fl-UVY9jCvc
FlNSMWGl2Qo
FziVGXIzxKo
GIrabKUH_Yk
GO3UPA1hopo
GUenBR_epUE
GoV8mWWdayY
Gttr3bo7gvE
H3RcgCslOEY
HUi-yRzxQuE
HdGnT_9rt6I
JFXR8DWCU7k
JPNHfKENyiY
JXGDv8pnDYs
K00tJ0gPnPA
KL1CM4UEss0
KPwGe-MZC_s
LDKC6ctAzhg
LDgDt5HgF4w
MTanHUy05ec
N4aRsSfFXw4
NOC6hRBP0N0
O3o8ouIZi3M
OJ2Q4d3Y8_0
OaejuA5ZpIs
OvLHTdUnnjo
PC9C7zqjHTY
PtEMJTGEnW0
RFPvWqg2d90
RXDCAE8tMXA
SON-ka5cgQc
TANFCoXVM9Q
TOL3MRoK_sI
TwfhXjS4IRs
U31D9GG0t_c
UEGHg8_Z9J4
Up1OTgvZaxc
VkXxkm3KFt4
Vs25td051WQ
WVReRBUFZ9M
XLYXVkfnZnE
XWSpfcH-quA
Y7Ot6jwRi9I
Z2eaaBGDOy4
ZHOoElDnkuY
ZZ_5oI58zJ0
Zd-wjo3fOoE
Zedr1CqfZEI
_8rlLBqZVMk
_Af3PLYBvm8
_O2Zvc_1Qm0
_TYfT4HWQ1o
_XOKnAEm0JE
_wqDqH-3rHY
aBD6zJty1XU
aNPHyRVRVmM
apvhIo9jjBI
bLHV-nj-5X0
bpuhtkHNOdE
bvL0AEnmqB8
cgt2UK_HOE8
cidsFXlrN_Y
cw92Xcjm8FQ
d-c17QRb04Y
eEESnnNcrNM
exvXC-y7iQM
f-Bn8OighZQ
f4rkk7gG8VA
fREbqVY-jIQ
ficTFYLNGVA
h--1mlk4esM
hceOR73MMY8
iJox70itcr4
iMVOJenWlTs
iOYW0GZmWv0
iXv_qd5_K00
inXxhKsrBhI
ivvFS3ZDp6s
j-XyAukE8A0
j3JSiV2VCZA
jpxLWyMs7po
kJoKm5bcpXM
kj_58Nn9wYY
kjsaKaaXHu8
kkvzmVh5FKY
lFdwm8dJjv4
lVxY4b0QOgE
mBhIcMPJEwc
mTP_k8wDXos
mdp2HoUBACI
mpbA_h6P9qc
myKKk0RAGq4
neo4CRrO-4M
o3dKlTYgouk
oMnn3uWkIlg
oqmy79sMIHU
qQ22NwLSKfM
qmaTAJtXkIA
rRyv8y5ZLh8
raUYMgw9V6k
sjft4YGT9VI
tNsRxDUWXW8
tp71tZOeitk
turEcXklZnQ
uWpHh-_Zfhw
uxZgXku3V9w
vQq1yyj-aCE
vUgJsQ4TJ3I
w143XIxZRZM
wBQsKmsGHUY
wGSvsh_HENQ
wOXhFrHqCR4
waekxLg1Upk
x0qBSnKP58g
x7bGlwaLYO4
xHp6xy8BxTk
x_9VUskkoow
yWlQsA1BwXk
zeAK6SYrxZM
zrW-Q13xbh4
zy8SHEyJshA
