-FfWTeeiiY8
142m7FInihc
1FNQ108h8iM
1d9KKtjBx58
1xgBQb3USk0
2BvnFnaV_eQ
2JbPfDylCtk
2WcbMtOvi2E
4OZKUJVunk0
4Ozte2GDeMM
4RD7UTMKwWw
4pS98OcWklY
5Djgbf9MHS8
69Fsm9RC8Sw
9118laf1478
9J8QTu5UFmE
9yIHuNOT2lQ
AFup7oO-fSY
AlE_U8muuwE
BtLFa9pEaDo
BvjBeJb3L0c
HKxLvxqWPz0
IHnYHJ5UZfk
JG5ncruLWGM
K1xWaua-nLI
KFslVD3t_Oo
KhKICOYmzjc
KkCn8wZVwQA
Kwp0vZkQAu8
MSTlKSU9TfI
N1Yp6iedxps
ON-zBn4Sr9M
OpwMO9ykSC4
QX4bHSVFrEs
QvZSdDC9rWo
QwzHXFcE4uE
R8CaRrgUL_g
RBrQjIlzs60
RtzZsJHUL9o
SQ8XliJ0JTU
SyL7eL3GO1M
UXoHXG9fmJw
V4bn5xhWIhI
Vp9VckiUWoE
VzXONd8MbqY
XVQvIisuO1o
YBBg7hidGV8
ZA_WqDO47-E
_0h7R8q0Ibk
ark7qSdN458
cOqUH42c8RU
dRHdQ0GUkMI
dWnGQttStp4
eDe_z7EvUhQ
fxaHMDPSbfU
gIP8nobNaxE
hRto_XPcUZc
jUfCr3hz9FE
javlwljoEik
ksaS0d3s0bg
lMSkbjm0DfA
m8c1__yzX2Q
n8IkZkTiRJc
olaYG-JhLFM
pTk2GdPWm7o
ph_NvU1E-9U
pnKPNx_POGo
qAUs4e0TmC8
qKsAe5xZxaw
qrDTZ3m_Pdo
toUEcVKqkLU
uCSRvoj3Ftk
uMr-9MfDOI0
vNbrhLf36Uo
xh7deDWVYMI
xzo-1w4BN-U
zVLcoJS4fCg
{
