-UdWguw90g4
02AXP5eI6PE
0CxSvqyEjNE
0KmUoTfGa34
0eIY5b0RKE0
0oBi8OmjLIg
1-Iu__4R_b0
1fPWr0d5zBE
1stFeRlvicI
2PzkEcYJUQw
2vn9PlLemwg
314OLE6mKOo
4FMdbwDdHlw
4Z6lxfglvUU
4cDCl4cS5xY
4d5q9bqRmq8
65yjBKfefj8
6XkFKadpJws
7ZcmboYbNPQ
9UMoVsK0644
9yUgUsAJ6nc
C8zoh-1f9AU
Ck0ozfJV9-g
DFDGHEzf5oE
EiKK04Ht8QI
F4rykKLcduI
FqBvTFhS1ig
GXKI84KKVI8
HTXTVfBCeSY
Hv6EMd8dlQk
IDdimFoqQ3s
JgdP7oWP0_0
JwjwnSdI4Yw
K7s1IYVfvSA
L1OZoY93qhk
LLyd-bqLnu8
LOplxmuEK6g
M5v1nXiUaOI
MfP-P8EHGBo
N0g41nsczBU
Nb5yppVh_4A
OHviieMFY0c
OTfp2_SwxHk
OnXlnd3JB-8
Pb3AAfz5Yjg
Qd2Kh80ZK6k
RZsFHyKxir4
Rgx8dpiPwpA
Ru8s5qjMKdU
TLysAkFM4cA
WxSV3NEPbEY
X34ZmkeZDos
YBYI7E2PqWE
YGflHj1SjA4
Y_ZZv--OI0s
Z0N7vqSgRBY
ZpDyGKDG_Go
_X223QGcJ_w
_p64_S4bbjU
_wNNDPp9Hh8
_ybAyWUr3gI
bmVKaAV_7-A
d0pBDqGIDPM
fB7nyxXaczY
gTEHbBBl_dY
gvAF9mboxFM
hGDJkqESz0k
hQ_OP8h_9dQ
hWFDujYzvbI
ilTczNXeFDI
ivvWyIscEt0
jlieOSX3GyM
k2RqjYCTt6k
k9JFitrgGgs
kZC12U6EhTc
le_NLSXWt1E
lpcpsCY4Mco
m-zxHw2AiY0
mftLdnylb1k
oCqkVZVPOe8
pKO9UjSeLew
pvimAM_SLic
qiE7VKRHSsA
rR4n-0KYeKQ
rtuKId76DZI
sW9npZVpiMI
t6lBeG5QaC4
tgOLVIiI8WY
uBaU-n77B2Q
uGX03-xUok8
uHt01D6rOLI
uxRf7KS3abo
vKANtVUE1dM
vT3GUKuAzIs
vX-QPzNppGY
vmYaAzbv9xk
xC-c7E5PK0Y
xdcG1M6dy58
y4an6a7A6g8
