-GmGBsHT1-4
-N0x_Tt7WVc
-NzEPICsEug
-Pwf7Q6j3tI
-crCdw5c1oc
-eAdqq_3ccw
-qv7k2_lc0M
-upVic7QGZ0
-upqDjjtRzE
07mBfR8erMY
0BJ6O7ThjdM
0BzGlfm1wFo
0F0lEDMybMA
0toviZNSUhs
0yV7gi0mb28
0z-oJTZ1b5Q
15B6rIgV7jU
1CMB34GSKls
1k41gt1ydmM
1p3Av-ZrTVM
1rt0J1mcrDk
1uNpJyPpzXc
251r0jHiW0A
2WEVEpaGM-4
2wXQXvaI2QY
3-jv7doUI8o
3BeThHL0aqI
3HI5CQ4Oc1I
3JVJSc-202w
3d1phCytJyg
3zBzsj5PfTY
3znzIslrQXg
42hLntSxUeM
46zTCXaOl3I
4NPmWyqDBXw
4O30WCdUZl0
4RjWTEqJiMI
4YzvpF5Owfc
4ds0ewPpu7U
5-cEqKHxjac
5-uIwpo0dCU
50kr23cMUBc
52YOsjGINSc
56483TG5DZ0
5JFSjAs4Qxc
5Kod1q39ddE
5Ts-6mmPAGI
5U9rMkgoGL8
5eb2mQwZ1gc
5pKt4gaErvU
6HhCajvimEw
6mhGN-P6c5s
71sj1LVELoc
72rNAVAI9RQ
7ZrHgAKfUEg
7nGI6Wg_RhY
7uG9PGqaWeo
8bpDAoH5Nu0
9-GRzu6zbS0
92MSMP3V-Fk
99PR2mWDb9w
9G9mg3Z0bV8
9H0OhMUDGzw
9LVUvAjEYXM
9T2QjFYq9nI
9Ul6SFi5QJs
9cRp28wIIPM
9qD0Bjc8cnI
9rL1HtpeeT4
9sER9ll7fE4
9wk4ApHloHM
ACe1VwrY5Jk
AFVrb4hD8a4
AKebtRtu6YU
ARPzNBahjEg
AY1gr53tZDc
AuUtKKZn9Lg
B46km4V0CMY
B5FnlmfYldk
B8orrfIBKdw
BDZ6ujYN610
BWAOAlzfgnY
BYMcpl3Ikq8
Be9IfJxHyDY
BhGo3IbTNP0
BusChLgkLnA
C7BCZCWlvEc
CI_mFIfFars
CgQk_WiXVf4
DMxwU1ZYcRA
E0ijTPri5us
EBqCSseQXsI
EXPPSQhUVss
EnBdGTX3vZc
EqZjo_gSBVM
F7FppXJ-3YY
FA6ux8D5nUM
FE9PUexeUv0
FIGbegFyMxY
FXDUmG3LGkc
FbGAaEnecfU
FvHaCfWQvYM
G0TFuMTUqeE
G68m8v2EjCk
GCThLOXqsqc
GLLXlngmbY4
Gki1VcUZOW8
GrYbMbudILQ
GxjNOv5QPzM
H0rpsZAT6KU
HBFMysfLlJU
HDnaFWGYat4
HQsP2dWIT5Q
HtGd5EimYi0
I5QUpyQmRDw
IBIW82ICuHU
IHfiMoJUDVQ
Ie4YyBbkUrw
IkTZ8BVAlFE
KGVpNu0T5E8
KIQtyGFtR8E
KN0M83SRUbg
KouUVfyM1r0
LlFG9gxENkA
LocCZNAlIPM
M6mInDdgJAU
M8kcjRrroOE
MjRaORdVqdc
Mwfd1xi1udc
NJQI1DSJMwg
NQNAdgo91JE
NXew6tJcFGQ
Nbq6Wfh9fi4
NeBtmPStMr0
NoEzrwZFWHU
NqENz8ETMis
O3nyadYevuY
OQaLic5SE_I
OTUIxtoHxNQ
OZBaIrMOoBg
ObbSup-Xg50
ObpZjJTOP5o
OjFUJEoq8k0
Oqd84F6R33g
PV_59CAD-Pw
PhjoC0jghHo
PkUsK9cqt_E
PtDOZ7pggBw
Q3hpL_rzMog
Q54izUfIndI
Q8Pf2vLdGeQ
QACY04l5OHo
QUg1t-JfAyY
QnbqW263N4g
Qr1qmsQnJw4
QyViuXFyIE4
R462G6-rbZM
RCFxdiV-MzU
RKl4qSUpeTQ
RN0U1EnuNro
RUfjOTY0Fz8
RvzP9zwjyuU
RzSheGgz1xk
S1dhATC-ekQ
SAfq55aiqPc
SFbd_OEz1xo
SXGgrM-lEsE
SlU3I2hzN38
StrAy4c_VRw
SxwMTAy1gP0
TGIAT15Ma7o
TLnUJzueBOQ
TMIkQcXXMHQ
TNb6Tbp3DGU
Tele-K-sMbc
TyZSBqQ813c
U5d1K0JcgIs
U8yzhumtZ4w
UCFMGy5L-6E
UCW_UH-k-ec
UNZBmBTm8CY
UaJM7DRsWyk
UnUq2AQww8U
UrT97dp_cdA
Usu8Dg-qZJg
VYmezIoii8U
WGFLPbpdMS8
WTLcsaRXpVw
WV2xY7ixwro
WqBZVlgORbY
XO1vtUvTe6Y
XWAWgEsbrXI
XWxs_e7uOtI
Xeh9YlRH688
XwfMctPtc1s
XxM-TxUizaw
Y26-qU22A4Y
YGgnza9hLMM
YWl0V3J5zrE
YcD28luE4tc
YevjfzV4-qQ
Yptn0gYJsdM
YrpoK7Askck
ZYLYDi2I0lY
ZgyU0LyWZ9M
Zz-J_xnGSAk
_8JtnUpkP0s
_BFSLPjUCUU
_UWtouPqYzE
__d2FMCtgi4
_uScCrpAW4U
_ycih6B6iqM
aSe8Mx6X6Fg
aYOg8EON29Y
aqsF38j11b0
arhBLMBuxO4
asnQGz7BdfI
avYCWJaLkmM
ayizNcqep10
b5i_mQReNus
b8TJBr00cuE
bmTNBVeThhE
btAa1JZczLQ
bxHEZU0AFcQ
c-dAuS6kzv4
c2PM_5LFgqc
cJ4tlOIo4A8
cK98jx7gw7w
ccvB00h6EnI
cvtOFHbENf0
dNUcxSGbHUQ
dQkb5Phct1U
d_fiCr2wHY8
dwmw3TYOOdk
e2K3YIOO2zg
e81FPxnnx6Y
eIV0sFyAxmY
eixQIBeyob4
esI5efO5mAw
f1fV_d5kNL4
fG_Uj7zPvmI
fLz5OUYxR6Q
fhx21Y2bUmM
fuOZZuvKNkI
gGeK8Qv5vLo
gRhB2Oiy0Nc
goUDH1DessY
gsRrEx0Cntg
gtOyVg52jwg
h0vkN7udQoo
hhCo51aH2Dg
hhfHu6IHBiI
i54TF13kBZk
i9RmWK-G0ps
iHyxAq4vduA
iOwjEBacc3U
ir_OzWzbnC0
izh-j8KUYjs
j-2ZxldMO-M
jInlO6-JTww
jgYYOUC10aM
jzVo2mCQIAk
kYWZYWHkqe0
k_9CSr3nGqE
kblKi5wgyTs
keSp_Thos3w
kszZpPLSBRk
lVqLIohA1UM
leL_bsHEZdM
lfSHRZsZ710
lgYfRGDiPDs
lnqWbop4PHY
ltUpdD02tlE
lwvqCIAAd-M
lxvGKEuJpEk
m0FMk2zUHA0
mOyE_l80D4Y
mSOzdD5GuUc
me9BfP-Pyt8
mqPQhwUIyFc
mt7dxzFP7nI
myTt4S46o8g
n2svSvVF_F0
nCYWX5CkyjU
neVzbX845aw
nlD9JYP8u5E
ntfProwNYkE
nxyiccilVKM
o6Ai7x1krew
oXbR-1XBr1A
oh7xwI_0huM
orvmQYG-hgA
oturoq59GxE
p42dEEIlAN0
pE27MSkgehY
pIn4npQ8Zio
pscn71o-FRw
pycz5QaKGy0
qQrYjOU6qMw
qYn6ARB4q9g
qcbO5Mvoo6E
qhxlZC8BZJ4
rLIWRu22tdo
rWn-9kBz9C8
r_igfKnvaks
reMt-OY5LJ0
rxhKrtb3XsE
s7Vdk7s632k
sFCfy13enzE
sOY661x0uS4
s_6xxzzcc68
sngRrkQayDA
t43rB-v1g20
tDKqnjtZ484
tW5FP5bhvGI
tk6aSsOyHqI
tvrQht5i1II
tzArj5VDTsc
uZ3XbtmeBfY
ujxiX9XrcHw
upgTpDtmxdU
uy1BmF98fdg
v4lpI8t4ySY
vBzPsY3D58k
vIfGgDnmBXg
vNIe_UwHPU0
vPLYsgWPH9E
vYWSuugDVmM
vaPYYIFSKPc
vj6ilAuswWo
vvvMb1cY0EU
vyfvQnkPTf4
wHtH_SHhc6E
wQDklcWKzRA
wb3BuqUnxAU
wiCvE4xhn7A
wjs68UszPh4
wjxOiQG3DTA
xU1gjhY6cKo
xYxEMalkzBA
xbRqLTZR0fY
xdXo8uJ9NSk
xi42c1hNnz4
y4RliL4xJ-c
yEaQJf8mYjk
yLVdqGv-tsk
yOzUVDzdM5E
yPhLlniGGVs
ymRqYz-Mxnw
ywr4SzOFUYo
yziANFamTds
z4D9EaHsUa8
z5ylqpCceeE
z6iC0Vi1yEg
z92Rlqc2cUE
zNkvxxJIVTE
zPjuxQiXEgE
zda8H32pyeI
zduzcAavB1s
zk0En8mOEDM
zqvm20dMgV4
zrhWLfmfZ0Y
zsIPfbt5io4
ztRSm_SJP58
