-3QML3tfBNQ
0-r8QnePI34
131d3J1Qfac
1xVkRh7mEe0
2OynrY8JCDM
3PPveTB9Iik
3kAbNdot4e0
4jjEawqaMkE
5-QSGHZCQW8
6o140Ni6yiM
70nxZpblKws
749dhnXdYXQ
7Na4UvRIhu4
7p8GgX_hWyA
82FgZEOn89k
8IuQCyIdePE
8X5zX3yVoiQ
9XqdvarsGMU
9YjRuTp-nD0
A9rh3lqdtT0
AWVKzdyWRps
AjHoFL8pECQ
BByig02vJWM
BbmXSR_QiP8
C7VdeHdBn-g
CDAU3TpunwM
CQLM62r5nLI
CuLmlHo7Wrk
D-uWYvlyeBc
Di_tr0q_G4k
E4y7tf3VJAM
EH3lD-L85Is
EqLiRu34kWo
ExST4W_MRJA
Exc7GY7k7Y4
FS7CqlRQm3Q
FSeEPxLKHNM
GHdqoOW_0iw
Gn6bi6VN8pc
GnfI6cGltwg
GvIVI-hGbRg
HARZinkyP1k
IIo-17SIkws
IMTYzQd9FUY
JB2ZCa2arqA
K3IImGiiY1Q
K9zYvjqkxDk
KL9ku7c7UTs
KasZVQ8YMq4
KkcJMECEhRI
KlXj28dXPAU
KztctvSveEI
LPMqoHPJzac
LU6dL9FMeIU
LWX3tts6NyI
La7Tg5e547g
LiFg-IHT34Q
MGP7N_Hdmok
MSb24QW-sY4
MpPJ4Rr-5SQ
NG3r5N6ES3M
NSfCDdTtBn0
NdJQdt3xkFQ
Nur6WwpmyBo
NzDBC5uRL2I
OAAmwtdP1bE
OIB5SKG3no0
PfpEPjfB12g
Pik2R46xobA
Q7EBAvS_GWw
QY0AMmLuiqk
Q_9QfBSbw8g
QaEZ5_hfEc4
RHrYvShbKU8
RRzk0FBKIrg
RSR9eO_ilfI
RfThdgT6GSk
RiBdurVIo0Q
S1l9oDiSiEQ
SX3h9irApwg
SXitW0IDAjQ
SqK7XXvfiXs
Tfxf4pV-zJg
Tobv2lu2exI
U9oD_ppEAjg
UFbUp8916_o
UZpCdI6ZKU4
V_JIreztWNY
WHpqT2nDrfY
Wh8PUImUMYo
XxWhXyeFYjc
Y4cXIyyc-L0
YiXCg0lzIww
ZPoIr_LFCsw
_t8OfPvuvsE
a9ZdC6wZnks
aHC3i6N9Wvk
aPJaXC4boaw
ahw4pa-9v8k
c-vayU3pOeI
cJPQEVnr0fg
cUojCUTKYlc
cnF1ycgelUY
cntxv3w_xyE
dMcu6Wk3WGw
dYLxjL27Q5w
dfCPvfA3Fqs
dmzIunLtRzQ
dvMex7KXLvM
dwjhfxFyhxk
e34M6P1NXYM
eJRQRD6LAmY
f9o_Qw4CkUU
gHlEOsM5jtA
gLNY8JrVYFU
gLSFsvKXD5g
hNM-BE4xAyo
hfJinyofQdk
iqDFPU9YeQM
iwCfFrskwpk
jIi-Ug7qo74
k1VSoym8X2s
kzwR3ddJ368
lQn84dgRC8E
lVqKBVYuITg
lW-pcO8dU-s
lkubYrRQ1y8
lyGB4nDEVD4
mrlycViTavE
nDg3yPSzsEg
ny-G1ijEcSo
onduQjgAj8Y
os2K6pilr7k
qqJI7SdS9Gg
rBbQW1KzWQA
rIA4ikHFOVY
ri1Vw3w1_10
rlGJk9JCG38
s2km_z4-1T8
t3qbYFvOHwk
tZtlDNcbeE8
uI49IqDCgg8
uMzM-s1ng7k
uhusTQ58bvc
v6x_6K0OR3w
vGDb-fbvJmQ
vQNud-Ra2Gw
vxSd7p1i_TA
x9-e_3GHrzw
ypSLGG2SwSw
z_7JsBjIqoA
zfX1OFMXUh4
znXXad6fvh8
