-Im-xPBAmpc
-o38lxCI8bM
-tw1_pDD85g
0JZ0jD-t6RM
0u_6NoDBlUQ
15ygBbxD9z8
1XrAZVxmctY
1oFtLg9a3HM
23KkAA7P-I8
2ePlFQwNIcY
2w4A22_Ko0A
4-QJ2Xstda8
40deA1Bb9Io
4EV3PPOPdsQ
4FMEKw9HCPU
4IOS7KBv5rI
4Pqz15I5ZwE
4iPoSCjr0PE
696QowqY51k
6OP0hAcZGCc
6Vu7GzacXiM
7Cjn-nArgmc
7Maela9Obik
7c4Cb5yzrlo
8SgHgQZDx8k
8eLDivmX6jM
91BmwYQZrvg
9ZQ_3onBqg4
9aXQgZLpG5w
9mky_07169E
9p9rvREWhwQ
AH4hGhNlPHA
APREuWSTa9M
BUl_5rWLbYk
Cy5uRDecPGg
DfOuBf1HZpo
FWu6yU3Tbx4
G64mK-0ie3I
GBDIhh9gHks
GiU5AKz96Hw
HZ6FhDfa9UY
HlS8rXtZFtU
JjvCTwMSI-A
Jz-HP27PBLc
K_Zgdo5majw
KjupKsIltgY
MAR4pOa2XUQ
MI2oEOM1QW8
Mesl2uOHZPE
NDeuMRpgvyo
NORU31A7S4k
O7NjkrhsUF0
OYck08kbz8U
PXnum616Tcs
PY_h_XpMx2E
QMMfD6wCZBo
S86uCWyLA3U
TNnx6fa04_k
TQjjBBWDB0M
U04NSVIcm9s
UrQqgutK2UE
W7X8hLRHJE0
WHZaH8I7ZqA
YNXswS_EvvA
Yf1i-p53Fbs
YhVElam3V2o
Zdm506CWkBs
Zl-ZgCwuJ2o
_6C5KKXpOGU
_9icI3daIpg
_QxDeEj5wCE
_TE6stVQtvk
acm51011N34
bVNCceCHRb0
bcaV0iBYqT8
bdl3mj3o0G4
beg2NsZvAL0
bh-OF2-Z1-k
bn_TvE72Rxs
dPrfRs2ns2I
dRY4ozzw2UU
dbr3IysQTy4
eLgN5VOVeZ0
f30dfzeoREE
f51T3ZMFBn4
f529aOmIId4
g3jIjG1CkOU
gYx4P7tmBjw
gfwPiFLfSvE
gzZQnMosMDo
hiNh1w-Oit4
jKFF4t8n1dc
jV_A4FqPSew
l4o8KhYYYII
lMGA1Haca2o
lrwR39pZILo
m6U6f7tKyI0
n3tOj15ct-M
nzsyhwjlVNc
o2rPr7Fqegc
ouU4P1uTSFQ
pJVGHh6WqoA
pniWYb9U93g
qgqb7-7eVcQ
qk2E2yr-iXk
r3LQN1Mrlro
sUwaG3wZzUg
shv3um4clYQ
t13tQ_-f9wM
tMr1zYFeIh4
tXBGdvOwomU
tXiA3TB6egA
vBxteSOyF4g
v_XU7MDDSUo
w88OJviIvtI
we_z42JIAbs
wuxTPmF-ilo
x1e0VwkDpQ4
xAhwYADZHfU
xWFRhA0MdIU
xbG-l98MJ6Y
xtgG4hvKYio
yJ5oWlKP_hE
yfAS8UVrWrg
