--5OW5yb-tg
--mxW3jDlGk
-3T_NtTXx2A
-DkXXOGtVDU
-ZbTP_IPDyA
-etLb-8sHBc
-hWatSku5v0
-lzSOZ35ciA
-q6GkjyRM50
-rbozrj9poo
-sGD3gSrTgY
07Abat5iBbw
0Ai9ygHu3L4
0SZw8jpfAk0
0XZ6jMpwMm0
1-Bf0vc2gpA
1-yUywZQUIw
10t24FC0CE8
18Selu6pYU4
1EkoaQJyrfk
1IFM1ngwEb0
1WDVnOfvXKs
1blX50Pe5bs
1gLtZ-6ZFzQ
1irvvZzbJkU
1lHDCAIsyb8
1uEgvF5Xfe4
2H8BncOEjHY
2IHtrEn-kqQ
2Seb863FnfU
2TAO_DXeWv8
2TBQiV3onNU
2Ub7cYtH-aw
2cj5UanM5qA
2h9lXJfi_jk
2jrDF3WnBvo
2pxtepwIQGc
2yeEmqUfI6U
3-637-6cRdc
37PC0bGMiTI
3LOCUgquM7M
3QMoJVHutw8
3Ze-59CxFbE
3ZzvdXqhtuI
3ajPlP78HLc
3jnbBVpOf40
3li7oYhynDw
3xXyauro_kc
4FNCIYD8HdA
4F_FVwAfX0I
4GSV6-5Rt-I
4RrsQAplSmI
4SaZxD2MYts
52g-Ec4g18c
556JVbYDJMU
5IwV4AMfe84
5NxrGK9GdAQ
5UQU1oBpAic
5WobZFlPWVk
5ZVTktFT1t4
5dTJHrLgu1g
5vhklRWogzo
6Akh2ngOJf0
6AwfRXKvGsM
6F6hw_U-AX4
6JvTnvyO3cU
6K_j4Cj7mVo
6QSS3J1rm64
6bialmEp4Xk
6pHgFqWSgWs
6qm2fCGfbNM
7E3Sq6EHANY
7FVs9Ep-ZdQ
7UopU0mS0Pw
7XFzuVJJKyM
7ZLNvoDKFAc
7_zC9JXHJGI
7fZ-R7npXqw
7iNwyqeEH6Y
7iZ1TlqcqVc
8A8LTptgpGU
8DFzBL8-Igc
8EITLJf1nug
8GnyjbUj-eE
8XLEI9Phx3U
8mlH9bnvWVE
8t1kkXYb8Ro
8t7z-K1_oaI
8vODMR9m_Uw
8vkQ85kTVm4
9EU3FlKj-3M
9HH6D5oM9hc
9PVcTdSlGBA
9YZPUZS8IXk
9cjz4A2Kiw8
9dyK_op-Ocw
9fZB4s38Ygg
9qYukRVbO6Q
9tieoNIdllM
9xu4eHYWp4k
A5-Q2GdD5xw
A8aMJw6fY3w
ABj3IC9pYlQ
AKH85K_rcDg
ALqPQSrSVks
ANR4g0lPrEQ
AVUj7O0Uljk
AZR2ND4l_5Y
A_ynXxMOW-0
Aawsn6Z346o
AvvWG_PX19c
BBT-XbNVB28
BPRueCu3fXU
BXSfcu7w2SM
B_yNI3gAHNk
BbITele7neA
BeuLmUjPFsk
BfZObnTIsYk
BgrWHOocYZA
Bt5uwmOa_pc
C337LdAOtYo
C6emQS14Tbk
C7A3uFC76G0
C7naSQUVm3M
C8M_ErBgCV8
CFhFx4n3aH8
CJGe7FiLkoY
CK-KJTrwbOM
CKt8GKvIX2Q
CZ0pELTBsRQ
CZKD7rffF0M
C_nV3cVNjog
CaDkq0M2v-4
CcIas0e1Y4g
Cd-8trV5ODs
Ce64D_yGDvY
Cjf_Mj29uLo
CyOhrcZsXmg
CzRJthg0mz8
D0XJeWw27z4
D3hWpU4Pdvg
D6q-26n2Oug
DAsjIBfGp7c
DEG3XVcmakA
DFPOUmdMJ2w
DNUqhfvtSgM
DNmWtINlkhw
DOISjFviqkM
DPzGqRDz_Gc
DRmS8VAYMnM
DUop79ZKxmc
DWPIQf4HaW0
Deuxdgp2Paw
DmP3sFIZ0XE
DmjA7j3caAQ
Ds8ijPsg26g
DyQjxsQ9DKQ
E0u7eJ7_r0Q
EBbtoFMJvFc
ECHpJueKN7c
EM6tNa1Xk-E
ETb6MqCAo1Q
EZSiQv_G9HM
EbIqU_jzinA
Exjb0msYYTo
F-I-BVqMiNI
F6SWK3Vx9M0
F6eA93n8ZRc
FJQKO_bq2FA
FMYKfATSnoc
FPeFvs_GkC8
FRWbwOboCoo
FSeXoq_DR3g
F_kt51Qj1RI
FaxAClz4H7s
FvWVZEK2_ro
G5bBBMF2Saw
G7PYNi2Ovx8
GGYLSNX09CU
GIOAG0SO0VQ
GJkoxJlLmWY
GTKH1Lg8x8E
GXCdFgPqdFI
GYFHMD_ja7c
GZnbclRf4wo
GbQQcrwYHt0
GlE8I19atYA
GuqcnrtdUCc
GzF5EcK8Wvw
H2pOGseqQLc
HF1vUuZDCTk
HK-8l92Mm78
HQc-54hQ8kw
HdBX-Hn2uYo
HeOrcxxjO0Y
Huku6AG8O3c
Hwl4TLZRfrQ
HzQRyhf0lyA
II56oLISDsA
II61QgawnYQ
IPKuGk_yjPg
IQd1oDsHVSc
IRC7_Uv72iI
ISSFVWneiJg
IU_vEqScFJc
IaHPGnBsTV0
IaQwWINzjtA
IbNORo450e8
Iir01CbhDls
J-X9IiaOxG8
J8FXs_DQuPw
JE6SA7hglw8
JK9uyUKBuEw
JKtooOjgINY
JNId5NmvvHg
JRqkPE8ew40
JYSI4BXG00c
JhCIkNtFIZ8
JjeNtNLz5Xk
JrOG1tKAatg
Jt7dH0mXGUU
K3wYAGNmWJI
K5Sgc3UdjoM
KAuMbVSVXII
KCT_DhnIp9E
KEH1KtZ2eWk
KF4fDYAdrZg
KHLnnPix5aY
KXOjtmNUSH0
K_MckZc8VvQ
KcjGe5a7Lwg
KfNRArPXCjw
L04Rux3FDuc
LINriC_R_bY
LWPOlZBXtD8
LZGYDwjUwBI
Lhb1AB3pti8
LjG1aknZBf8
LmPAcs5RUMM
LmVt_KiyDC4
LrEZgcM_dB0
LyyHt7NfBxI
M0p4i444wrs
M2-_RbnTvwo
M3NQE0BaAQw
M8DrWjEo3IE
MBUdaAz11V8
MFnOaaXwOJk
Mdqt5EknXBg
MvA2QP5r9Xw
Mx0x7MoN4qw
N-rsAGbk26o
NB8dr9FjuxQ
NGztSAt5kGQ
NM91QI2uUqI
NRQVFJdZTi4
NalDbjj2bL4
NhB3NVwpmF0
NwRC3bRhw9c
NzhXipwiz_E
O1xfxWIWE_k
O268iyVaSCA
O2O_Z1Nhtw4
O8KLH8nfJO4
OGOzKu33zaI
OLJDnpWr8TY
OOzzncDp2oE
OPm1G2jHtuY
OZal6R895VM
Ocnwk-GHjG0
OdjAw4xchSs
OgR49veBZjE
OiPYGr_S8K8
OuJQaxZvlYs
P9pHb3Qi_jk
PAslxl1nIT4
PDWPnK6pjrw
PDmn6_X6xII
PJHSX1F2D5U
POMX80Q11O0
PQZonEZ8usM
PVFwUGE6mBU
PWP_3yIfUCo
PWWHtL1H8-M
Pb7N6wqhjhg
PgKmstECld0
Psld90n9eDw
PwiRVHoA8MA
PziKimOJ7Yg
Q1575oHNYRo
QAMXSU40ZgA
QC1buX8hyY0
QHEGmJCN428
QHSeOizSvjc
QSmPrDSVLEU
QhDDpSju3uY
QlC8tCWpts0
Qowj2ImMvng
QpLVbVWpQRc
R7fh854CGk8
RI2p-e7dL3E
RL6LiQy3Y6g
RRS360WUUK8
RSmZRLqkcsM
RTaQ3FH2W_A
RY7YKSw1t_M
Rf_SxVjMEV4
Rjo-PcrKrB0
Rm-xMzXMiPU
RnVWcg1dOjs
RuxhwBeTgM8
Rv7AucJRJis
RyopsLGC0u0
S076Per84Js
S9FGhvosZf4
SGUZ-8u1OxM
SJfdbD2uaBg
SYCRyH_-3f4
SkP2VBzgpKA
Snkd7xPIjWg
Sz6--UpmxSw
TCBP-SHdUnA
TEeN1UA1e-8
TFhKK6bWcYE
TGukPgViEkg
TH4NqXLBD2w
TJCGTNIwmv8
TJyC77k8d54
TLgtsoc1HGs
TOLCYwc4O0w
TOf35SRT1A4
T_5DyM0NWw8
TlgGVb_o8co
TpTRz0AmomU
Tu6h_5S64wI
UQnBGm1aLjY
URcUvFIUIhQ
UepJT8vT0YY
UlZSFIXsvD8
UpS9VdY7Nxg
UsStBxY9STw
VGC5RzCNr4k
VO4QElbHv-0
VT76IaPudsI
VU9KenfPgo8
VWJvnlIJsPQ
VeOJczNso30
VkRYjSa3BlM
Vz0XeWg37II
WTzyd3e107Q
W_TOq0zs6KM
WiB2_dXSSMg
Wl5UTB_HVLg
WrPOMtJn8cU
X6C5hGpWW5A
XCUD-4J2aZY
XM1NNRNmZ6c
XdT6cXH5YdQ
XdZqk8BXPwg
XqdYs1f6G0M
Xrx8oa8NeXI
Xv2eiSfLyZw
Y-qeXUXTiIM
Y-rQlADuhso
Y6caQ_8_frU
Y8sUJsMmkPo
Y95ho7kQ-sw
YCjU8byxT_o
YFkJQyDPYmY
YGyR4UiMRpc
YZ23xjcdTfs
YapEnAS-kIY
YhkvOwGmgg4
YmOsDTczOFs
YqbZbgWUr84
Yqe3XAfBvNM
Yughel1X4OU
Yy1EV9XCbtw
Z-rqRQ3KVlU
Z0Ul4dtH050
Z2bRJRIC8Nw
ZB0IFCmtphE
ZGWZM8PcUlY
ZJq9tQkj5dM
ZKvEFZbmp7M
ZXO3jwV0nl0
ZYZoCSPmNf8
Z_MG30e1UFc
ZbXb5jy-NQ4
ZiauQXIKs3U
ZtQ-ZcuoJFQ
_2lzv41RksA
_4k9GwA5LwM
_Cf9e3r3o8s
_HH7AJ81FDI
_I7uGjDJ0lM
_JetDMSfWtg
_LdjcsLzLlk
_N78vtjBB9Q
_RWsx9gU_XI
_St8gcqPB7E
_WweAEdgH4Q
_XfwJM1-FCw
_gTClIbHreI
_rwqs5Ol8g0
_vsLvOVafwA
_z_qz8GUsy0
a0rCBKsLoBc
a5mrvScWM8Q
a7q3AJXeFuc
a8xEFGljdnc
a9u1pjsfJDs
aCsZsFt7Pwg
aHBbo8Wb4MA
aQsb5jfqSYo
aRUABAUcTiI
ah7hwQgJ_zE
ai3usuaGOvw
aimzQNOkGE4
amLDMD8KPzQ
amsQqss_Y4E
aqPnuvrm4go
bBSS2l1zdvA
bKqQGISplMo
bL5eUQIMaek
bUkLjsRXi44
bXuTH8Fxu54
bYM1wAK9SDg
bbKjXKV9QNA
bcUos5ueOhY
bhMyvC7o97Y
bjjmuOd1fdc
bpoPwSxSQew
bwHnXQ0cygg
bxHbMiTTNag
c3RBovxYvC0
c3xyMp1hJDA
cBPMgLeu3GM
cKxn8lUJkto
cLkQ5Emq8O0
cNl7GypEH_A
cOcW9SIvP7w
cPNdvdYn05c
chUlt9CX1oE
ck5b_8Om0b0
ct_9l70Bf6o
cvG77iyFvlU
cyb20AgH9vQ
dC67_zUMoyA
dF67AJH9mjM
dLPaDWKMuxU
dPnOI-djLUs
dQ8bBzH8hcU
dRl9cnckgYE
dSPYblhjAss
digoW9eIMw4
dnE21hUXi-o
dx2ZdHlPjKA
dz5czSY_RfM
e7-fHynqv9c
e74VYI3Jeo4
eEao6-F7fz8
eMhIHiI3fHo
ePIKlri8FYg
eW5QKgpOu1Y
eY3AgclKBIA
eb7490j5hPM
emzh-2i_Fzk
ez-0jkLqMpI
f38QCE-SI8A
f4dA4BTv7KQ
f7rRi0EUHiM
fDqxRFbqCvk
fIWuebjhyaE
fLwFuLuh6p0
fQl040dANZw
feHYG4Bm8jA
fhwFQwOStYA
fljbRIyzGms
fpdIdtYg4YE
fumuiX0nUK8
fyv1i2YbNt0
g0WEwGzyKwI
gAPNzzeNWZg
gAVMNd6vagM
gID_DrMn2hA
gTQeVlDsAi0
gVqHAPT8zNY
gYiUfrkGjL0
g_w0HxH_dCg
ga0R82g7Py8
ga3YWM87ezw
gaDiyWowbUc
geXvJ8doXYI
geg76gw_3qc
go3xtDdsNQM
guPXj_Ejya4
h2VMMlpEtRU
h2vkrxvh76c
h6Erf5xAHjE
hHfmInWdulw
h_fLW4xlOyA
ha7zFHJjE5M
hvn8-LzqKQo
i-xqRDwpilM
i0dZukEw1JY
i2rDbfhRHok
i4VqXRRXi68
iBMOxcDhLZU
iI0yzWncjH4
iZG25uBwU7M
iszucjbTh5I
itmwAhBbsng
ivWLZGXmUd4
j9PXeNcoagw
jSA8T-OC1dg
jSKNBtn1pUc
jUxWThup5mc
jqX9nnRiD9g
jsajsxV4icI
kBhrNd0cC-0
kKJFTlmuUnQ
kMOTGwyoECk
kN3AOMrnEUs
kQ_Nl-OH5oc
kaLiagYuYPc
kfijuP5HDjU
kjQvWzjHDCE
ksWvwZeT2r8
kuQCtDYebyo
l-PQ-pUVeho
lDkyQdK2cUE
lIGL6IBz3fE
lJoBOgCfOcA
lORQ_wt2MZY
lTJydnfGyyk
lU-hIq2STHk
lWIBk2DZszQ
lZa312pEcTw
l_ffdarcJiQ
lcU0vVLyGPk
lcymefKXvhI
lmazSMHDm5E
lrND8AeL23s
m5G1hrpvnBg
mEJ-7sqW89c
mFs9obDcgf8
mMcU1bOep2I
mOxnEn9qWwo
mgssIygqFds
mmIjpcjdnPI
myzwd9wpx1E
n4M-IN9lWBo
nD9soP3j41A
nIzJGg6Txfg
nKmuLJ1XyO8
ngUyyFd86FQ
nsfMtbb6Ws4
nxdd24V9BZo
o1qiKJfe_3w
oERNVMMifec
oLls20X3AqE
oS8yKLdvVYY
oUo53pIplhc
oV7Kxm3Zr_c
oWFRU-ula-A
oheO0YejMd8
ojY4y655Mu0
ol2yX9gwbZg
ovjXHne5oJM
owIEEnsMUo8
owzS0ByHj4A
p1GUHQRUjd8
p2pP1IC6SD8
p5YjV-100Hc
pdqkrqHDF7g
q398AqtTEL8
q81fjAYRDo0
qHXsKyVSPOU
qU3XtE1sR2Y
qV4yBJsRkG0
qX9RIU-FrYk
qaORMFeBkgM
qm8a9mUJTuY
qrAgT86UzSU
r5BGIi84arY
rGt1VZ9Yb38
rHpG7uC9CKk
rXIzUtLG2jE
r_p0-AtRAQU
rjhp6X72GcU
rqkxmXBY7yQ
rwDgfxTulpI
s1yy4RUviNw
s68Mh_3y-Fk
s6Tj59-qJ7Y
s6qFTfmxndM
sCtN40gp7oM
sFhBzffSWTE
sU-zz1wU_9g
scCfeJhJ2TA
slc7k-R3ORk
ssBzHTHjBgM
szUH1rzwbAw
tBzuWwkcKzY
tTNdR0U6R94
tUdFJYhqXTI
tXunUuvx6_c
th3iEu20fV4
tpKeR2EibCc
ts0-abh8Bi4
tv9HjFyGPgc
tvjJppmx9Hk
u4cKzGj58q4
u4wGKkbzFOY
uAnS-6nZsN4
uJqbHaFqjmI
uVXHqZUsLpw
ufrQ2xEH3C4
ujzQWioEyR0
ukUkVaOyI0o
up3pnMijy4s
uyS1cXrsgIg
v1SfhbRaaTY
v4N0-Nsm484
v80jDho0emQ
v9X1j7DspH4
vD83JsfXq-s
vFwRFTL8vUM
vGqlWML7q7A
vS0n1dIduDM
vTzmdelrorI
v_qgXp2LT1Y
vab1EbN5eTc
vaitsBUyiNQ
vgqUISdGbvk
vhc4FceGjC8
vhp3d9XXDcQ
viK-Od_7hbQ
voQenvGIcrE
vqpWwgpDs58
vrI3vTQteDo
vtUnHqb_rfw
vueRSqaGLLI
vxHrfIom-YA
w25x5AmHJBI
w2ckJU3-Lhk
wL0Pgh61t6s
wXl7zKoR8kk
weC1pAeh2Do
wje9MLeguRI
wjsG2Os0--o
wooVm21j9sc
wvMiJ2t75Oo
wvrj8I9s6Yk
wxunzY37zSQ
wzchhbrqIBI
x0c_9GFozL0
x2Nr-f02AUY
xBPMoavS5Hs
xKjDY1mgeAc
xVL9qbnHYrc
xX_93cTzM5Y
xekvNbqSk78
xnE_sO7PbBs
xnG4hXv-KLA
yBW-saaH-PQ
yBxDB12lqUc
yRWpNRrHtuU
yWgUoexSYxQ
yZyx9gHhRXM
yftf3fs9k6s
yiU4vUeWEYM
yjyNfjqy0Jg
ytk2JPID3K0
yvX5Mckk_LY
z2P8q4QC53s
z3zjyCZFzDo
z5zi4OH04NI
z7LhQrZdpIc
zEeXnK11N04
zNjoAzfOVbg
zPnN046OM34
zUuLgtxKI_4
zmcL1Ut_A_Y
zy5g_m3by8c
