-jXWjW8vIKI
-ydnwI5dzts
0idBppy83rY
1ZKMk8ne3ZI
21GExe_nzPw
26j_1I_mdVo
2xYfgJVm1Ns
3MJVHd5ooUg
3XcgoAl5WvI
3w17YHP28ic
57TEUGsq-gE
63oNfIcFxXY
68ljS9NMQLU
6QvIMWcRCAw
8FSDMOpyPwE
8HpVobJs1FQ
8vfobk9WHEg
9RMLGr9DMg4
9idI0fx-DWU
AT-zP1lDJGU
AXk6Bt0QrD0
AibHJB_jlBI
AvLDrMFoHQI
BRAWpi3AK7k
C-nUEpsiCKg
C3dYfUVx3Ho
COo0uVv9YfU
Cbt1JodTkG0
CfNrdqr71Fc
D6d2igjhxxQ
DvOBvtUDhgo
EMXRJy6WpV0
EWpyfhpab-w
E_plaQHJsKk
FBEKWgTf3b8
FJe3Or9oBf0
FSnV-jSUZQ0
Fw2YWMIQQFY
Hk68uM9Q0N0
IBpmNlAGWi8
JUMdlbVJ8KQ
KVHSsv8Duk4
Ldn_s9-JTcE
MNM0JOAJ0aI
OXAzjMdgxC4
Op32ceUc9zw
PsKP_dpNlxg
PseQ7nzU-vM
Q6Usd3_fbq8
QPTm6VnWI40
QVKW75LPxrk
RLpBgbNIKSQ
RdM9bRKGYcc
RwyQxmZZj9s
TZHQU4bsSKw
ToO7OXDiV04
US4ltbPIEY8
UzarelNxt7I
XNGfMc_RU64
XWfb9JKfNXA
X_TmDHS5BtY
XrX4Iqv4wHY
XtAvXG6Qv08
YY08sJCU06w
ZM6FvjYTP70
Z_yPDgnQR8k
__5vpnBBIAM
_bZPkfXWI38
_iUraxgf0Do
_u7h22SAkyc
a30fiKOJCCw
bBDR_ETz6EY
dCMw951iTWQ
dru8pHObCa0
dtuu2WGY3ng
ecoIKH2ewrw
f3OnBuK7WS8
fCp4XY8RqTg
fgp_Asi5gTw
fiac3GLrea8
fo__UMGCkU4
fwQci1cRiFU
g7jI0UjHZoU
gMIxMxDMOXM
hNfRSKh2J_g
hPvAqyDd1aI
hj1vJ-cNfaE
i1r1N3kav4g
i2T8pDvtIf8
i3Ag5pwNSiM
iRyIZrWIIhM
ihT3xuWbybs
imGbhF2AEPw
izukmcD8_Kw
j0uBFv1fW20
jOBiTNiy28g
keu1a2eT8Ls
lHQgeYpoU4I
lbd3peNqEzk
mGYo6PQIKEI
mZMJTlusBI0
mZfBeItm48E
mc7hDuWa4Lg
ncmfCmyngFU
nwMnPxN_yGo
oOA04Kat-7c
oZ16m7MyXJ8
p-d7xWINkOQ
p_-kXGbQ4-4
qLX3N8HquCU
qO_-hXVPQ80
qqQ9LXahWOA
r2ezOJU8zEs
rHWb1yBRQXI
rtquy689fCI
rvLccQ3ftp8
sNvgcJhxZUU
sTq92MkSWQ4
sacEREV2qhM
t2Ov4IVBNTI
tCWWDeXaPQE
u1VbQD6CLko
u3ANGzuvJw0
uN9J7KDiFXw
u_hhE9Bjbfw
uq5k9XKrixo
vQXmPlBskrk
vWVNnsP8_Ho
w8CbMvC0jfE
wLbClFUFNt8
xHW71ktTLeQ
xl_hzpkebMw
xspj9uE5TQQ
yliXnfftN50
