---cftkedFY
-30Ra45XMak
-52pytZVHD8
-6SpWME2N4M
-7OhBnxo5nI
-AUV_jUcYvo
-EAShk9FiwU
-GSYMPR02FU
-IrB6yO1xAQ
-JvDoj8LMGA
-OAtVy3dJn0
-Qj6hHiN_i4
-VAdidc65HY
-eqbtf-byZg
-fD7feiebEg
-y0xLttQoRM
0-uS02JZCLw
06kZeVT_evw
08KOfpP-QYo
0BFWcLhIMqc
0ClLyPTqzZs
0G1xI5N7trE
0JQja8EHblg
0Nu_M6TG52o
0Ob696D2Qy0
0bAUIuhblNw
0c_UdT_qZFU
0gIPdy1fpeA
0gXEMfsodFM
0hWHyxNQiXg
0h_xwaDcWHc
0verZjD7sEI
0y7lftSU6RQ
11-3nQv_hOc
1Avbdj3TuW8
1BQMtaUZNk0
1Dv63K05MzQ
1H7_LazHq_s
1J3ysicGkcI
1JDPZpTu_Q4
1MX9Qe5QVEI
1R2hKwOvxDw
1ScrzC7uGtA
1XDgejunkto
1lXGFHE99Vo
1okIqkIpep8
1pb5CUIhyKo
1r_Q4OMZLsE
1teGisjjuHo
1zXLI07NAW4
22NNvx_TLO0
25ZWwMiUqRo
27DjuXPFWcU
29BxjfAvwO8
2Ds7UnAiGwk
2E9msHTNF6c
2LYZTGvy06c
2PzXnRvBIp4
2Q9n7e-KTRM
2RgIEqXf5uQ
2THMsVjq5gY
2TsYqLFJ0Ng
2U8MrsqFahE
2blna298O2M
2bwGLjX91qs
2fFRgs6zxSQ
2hCazXp1W4Y
2hwNIaQJFl8
2k4EALKEE00
2kkSeXCQRw0
2nrEGD63Epk
2pHgh7X8U_o
2tTaqzk2SyI
2v28fOaUG3I
2wiiFwlmTU8
30M4PmEhgHk
31a-huC0Jgg
347hGRC3vas
36Tx7K2PcmI
3CftTwl3uXQ
3JDIyZGozrE
3MSUKELj2o4
3Mn4x0CM1ew
3RfOux_vv8s
3TOPiryfqFc
3TX_f-cQl7I
3WcKxRW5Z7Y
3ZgCIhCWYZk
3akbi3K9n7g
3cjuKHkfI5M
3i3mNHyuXdM
3jp2pKAKMtM
3oLdbrN5aAo
3q7hlCgOKlo
3qJ0boBaxXw
3t3VVgQlLN4
43RJG7NHxTI
48cc-2x0iw0
4922jWkEbsM
4A4SuGrWwcU
4AS2IU22aDw
4Fexc1RZp54
4IWlz_QtBHs
4LQSLzliY0M
4S2IU9ZwYT8
4YN0-J1vUl8
4giyZh5yjqU
4jmwgc4KhKY
4uHfGQw4zY0
4zdFP1hL2vs
51RPmQYZkdY
52NjDN6hywM
55UYTBHWviY
58r_YB8Fys0
5EOWafNZ-t0
5H1OE33IxpI
5OfXcp1IvwQ
5PpCrJbMFOw
5QuzL7M8oKI
5W851X3Nw2A
5bJW2D3pY-A
5bkQPrsWW3M
5dUuaTmBQ1k
5g0h3PQa8kg
5jmpVPpgJEs
5kb9uCYhBF4
5kk-z43Q21A
5llSpj4DYs8
5n_p98RA254
5pjcTQAp4S4
5prF55qjM4c
5wpe8jMcJc8
5zPClz3B7-I
5zPf3Ydui9k
6AnHL3-Ptpg
6HxhEfFh-HQ
6Jc0wC68yKg
6NO426xXzAA
6PTQ8ZEYrM0
6TBNfLSEo3I
6YdD1xf3LO8
6ZDfsDUu6QY
6dmqqs7OKa8
6fhXmZ6BYpQ
6fiCqpiSPjM
6hiTV23ZeFg
6i7N1MXQxmE
6nE5WlsZKos
6qi5QsqNkMM
6qltVx9WpN0
6s2HyFpzv1w
6sJnR99rl5o
6tCDNk7mmUA
6z0d7V8gJi4
73RDqsi_uTg
74CQH5BKnVw
75T5-kLNZEU
77OWEhosT00
7ARdqAk0Ef4
7EkKwzI8dUc
7IO2nsIQBlo
7Jyb6RN0fCs
7MdfbsJ6u4Y
7R9bgO_65ts
7XxZtCtVfME
7YwV3svM4hQ
7_3_ODOphg0
7aVN2hCzGgM
7c3Tl1nAN24
7cWjBCl2daU
7eQz5FOZcac
7gzgNQMAv4w
7h9BOHsz6MU
7pnJXsDVVW8
7tzkoksoKK0
7xInuf-tb6U
7z0JlwkMEQ4
8-ZrWBqUGeM
81EtlVUQV3Q
82OzAiTJPBs
89ga3xofqGY
8HhLi8y6lfI
8TnAVuAlXAM
8_3OoFHq1h4
8cjvzC13wig
8dUBwZcZnWo
8eeMp7QPF_c
8fEd7Lp4Gcc
8h11-7dyooM
8jhdIuMfhBc
8laYfU-xZAg
8ojbvceDFKg
8vJNl4CaTqM
8zAttC3A6_E
8zuSbEpdF84
942lLwz9YH0
96UvRzDzdJI
99GzQ1IU5pk
9FO_Mm31puQ
9KJRPmlXKyU
9Meh18AMQfs
9O7Z38na3K8
9ORiD2AY7E8
9Pvy4MCoLiQ
9S73mz6L9Ac
9ZM71HQrRn0
9e1KzZ0PU5I
9e54lz7s1jM
9ebUB5i7WzM
9iERaUGyPq0
9kSt7nhMi4I
9kVVVUI0GP0
9mPUa2WavQ8
9mwjfZKafk8
9xPrAdBbrj0
9yAu2O1IHuA
A04EbDmNgfw
A1QZuJb_nss
A4pbBjduZLs
A73T-bVpqr8
AKK1Fpdz83s
AXc1PLXQHZ4
AZ3mfMtXVm8
Aa8NqVL3N9Q
Aa_Lg3Ud3f8
AgqzRuE1Ebc
AhVfYjqRHnI
AhsyFwBvVcY
AiKiO2Hc6BY
AizSkWA8bJI
AoBQs4g7U2U
AsAu9Qtw4tQ
AzOUTrT8TjI
AzaFWWewGmI
B1bHrLOCAhA
B5c0nEXxtCw
B8FDRp6DAL0
BD7Vl0FtyDI
BHythKWxZ0Y
BJ5hUdfsMIw
BL7zcTGUL7Q
BQOaHPf-9ss
BXLJy0hJjDc
BY_dWA1C2fw
BlMFwt7ReqM
C49PypKJEYM
C6cKl-1fp-g
C7z3rkQaZP8
CGFyS7wQ-YA
CHu2L2dbHYg
CKqsa5J5nCY
CNUr0u4mSeE
COEQk_A5TVQ
CPzQrVteZ0Y
CSPQDroNR-w
CSPrIgWLlnM
CT0ffdKY-S0
Ci5dSSpHfjI
CqgZ2_6A298
Cr4UkvVyjrU
Csb9PUHjz-Y
CtnFurDUPhM
CttWxTG9YM0
CvuDF1yDIbA
CwAEHc_e2qM
Cx33ZL0IXRc
CxC4lPKN2XY
D2cpVJf5kAg
D98H8Ftrxds
DJvKiQ2FTV8
DTAKvvbLYr8
DWTklkUpXAY
DYHogo1118A
D_cTsxlqeAY
DawIOr_elUg
DbUHeXx-Iq4
DfEZsWGUY7c
Do02lsIyueQ
DqPSd7IPwKs
DqPuXWcrgR4
DrJKH-V9JH4
E-zksBseQMs
E1b-brdPilU
E4QnY19e7ow
E4xC9zwMvKs
E6d_M34fxkg
E7xpwwZtSmI
EBKWyTr8OVk
EHFY4ZdwnCY
EHNoqBrcBNU
EJyXmUBY1Ls
EKok5J-fM6w
EM-4hiNn8Bg
EN502fIccGE
EOdmLkhPEHc
EQm3TLo_vhI
EdZXOimzokA
EhDJArZjbG4
ElZWNeiTvjQ
EnhN5Xt5j4E
Eo6TSwx9iTs
ErFa-ucDDjE
EvxRPgb9xTU
EwBIPIxIsfE
EwbjCOVqlfE
EySHpKwrF2c
EzAsi1EXo8E
F2bzdxx1Z4s
F2cUu57kpG8
F4szlYpUP_4
F8mVlqHuQ80
F9hBrWIpRJc
FBG4jc_7g6w
FFZ90mCHIxo
FFZbx9VP9XI
FG0yB51RCOc
FM9OnUYmDys
FQ6lIXlOs8M
FVV3iXCf6Og
FWpkMuHZ3wo
FYYX_qkotsk
FZt7hDojP40
Ftlvy7mxYa4
G-wN69Qut6k
G2eYRncM13s
GCCe4mHwS5Y
GDFNTKEHG18
GFe42jFJWSg
GFy_lruUuoA
GHqgtDyOY8M
GHysDUffyY4
GI4Yg8MoscI
GJuy5ja8QyA
GLO28jf4-bo
GLpYdTixU8s
GMVaJtJ0NrA
GPGaV-z8rSg
GPHvQL2ySHs
GQqZEoRGoZQ
GRfdgBjoYzM
GS73KlawyNw
GT4AbtgAMJU
G_OE8oPo3Fo
GfJ-TSuYBbM
GfKqQpCV7ro
Gl04QVYjdMo
GnsoNKYkcFM
Go_yGWfPZA8
Gp1YzDy2iOI
Gpl9iDHiqFE
H0XhzyXHHPo
H1LKkf4q7cs
H1Rqg-xawM4
H4O-LwXgl6Y
H7m5Wi8C5n0
HB7itHfZ9yU
HIjjkGIa5Hs
HMXmeXRydlw
HPaoUUrF9ac
HSIK3jOz_ik
HT7TgvuIe50
HVN5cuop4Nw
H_K2vXcidBg
HgNm_T02Abc
Hkft_lFzv14
HkpxuTcs50Q
HpMAtwSQgrQ
HszmwihCRRY
HvrGLYWw8-c
Hwqmn5x2i5E
HwyAadqJnEM
HxSeonAMrFc
HxU8m8Fl3kA
HyEcn6ZEwDg
I-uSb_5IpCY
I2S848qFZAU
I4WcgpKjiMM
I6XQ1jl9fG4
I9OLPXxgYWk
IAhBGPDJIpU
IBcfXVnLm_Q
ICJnUDIOMpw
IDXSK2Gdhm8
IIRm9H0vpag
IKlllk9pP9k
IQM2sXrC6Cg
IUlTAFHe7JI
IZ6bKFtQRpY
IZPu0AoNhqw
IcPb4oVZSuc
IfCc-vSpNyE
IjekZGeH3NA
IpSLadH6sNA
It6mELLcC9w
ItBEsVjr_S8
Iuqnu7jbC4g
IwBNTfq5NxM
IzIUf0SEDXk
IzeYSv0KI6s
J2gHgdlJZgc
J3twWpBMzOM
J40RdYB2wrI
JDizx3uTb7g
JELwI085Uf4
JH3ufkChWCM
JIxr5Kf_Ji8
JOh7m8uKUoU
JOhIKf4Zuzc
JR7AN7_mLPE
JU-O3uFqJXI
JVxx1E6wCz8
JWE9k5dBdxc
JZCRfcB28e8
JZaLKVd5bP0
JgLSs0TemEc
Jijaig1PbqU
Jiz6azWSBjs
JnIDpt57uJU
Jr5GkZ-5ECw
JtXSgjwnQ50
Jz_5x4BdFVw
K-21HYjHwuc
K8fUSHaIXik
K9gb7dgeKsw
KAz6jJ8gL5c
KFB1L9j7xPs
KH2w-fV-6i4
KIjyJtbjZyQ
KQkTV8Fkx_c
KWH87yNidWo
KZLnnURpXbM
Kc4GPo5NrN0
KdYOtUDtG-Y
KgjoI014Afs
KglIc80FeIg
KipsvuD97lQ
Kjci1Oko2Yo
KkPRc4ih_U8
Kq4WgKbhEak
KqMBRALpvLI
Ktgpf2o5T2I
L0gBsSz-O7k
L61kTTpOWlw
L6LsvN2WVeY
L78aitt_ERQ
L9CV_qK_LUU
L9jMAzRPtGI
LIMfkuz189w
LQNByyJ_a5k
LQw5ku5_2IE
LS9L-xHDJbo
LUH7DVUJwzE
LW44dVPCN_w
LYLrTr5gBbo
LYplNbQqeH8
LeYzd3gFL0c
LjOdg9WJQhg
Lo8yU_gEzUc
Lvgspv0CHgs
Lw-WDKTIQ3w
LxU-SyRb1E0
Ly54YhKa-NM
LzJ7DQMUnZo
Lzp79zKUs64
M56JAi8RnWo
MBLjGU6pqv8
MGI1PonA7lQ
MIrNKOIOxtE
MKkK23Q4FkI
MRpzZjHQfjI
MSw6mNRJlCU
MXTak-cOsgQ
MapM5Y1OK60
MfHozBoihSk
MiPpijkyYeg
Mj1ORtFt3YE
MkwadlViyic
MpAdGKBnB9Q
MpR-Su0LqaQ
MtKf6IbFh90
MyWwVlHoNxk
N2jdb36QQXA
N30OlRABkKM
N5891cJveps
N6SVZdXMIAY
N77aeFaMJUk
NCNCQSePsJQ
NFBzmW7pKCM
NJLvx2mUmnU
NMtLfio0kBc
NNCQEaUPkmY
NUWYtjk86Oc
NaPe4h5hHjE
NcFpzQrtMOc
NeYJiRNYxbo
NmAOE9ifJ3Q
Nmee4cwiPZY
Npmm7J7Myd8
NrFnrMIitcc
NwUsPCzt_MA
NxsQOqJ5H4U
Ny6wH6erbF4
O4gPE3qaF0A
O5I8vNNgSiA
O5TkSUoOVik
O7B8UT_caww
OARvLjKzjos
OFHY7n8V_yw
OKJ07xBEr2k
OLEaVo70MIM
OOcN27e3IXA
OV01uoKpVbw
OW5DBcQPVUk
O_B3L9iGT9U
OaIos36bd_Q
OaJyibqUdUc
OdNb04R6W1M
OeiFYcTj288
OerYakdEo4o
Of7kiirMPWM
OhjfGdIKJQo
OmZw1BU_CWQ
OyCHCoxvFIE
Oz4b9_lPh7s
OzJs1c0qhXA
OznQgxLeUWc
P0lUNq5e9yI
P2HApj5UcWU
P2nBkjh2qxQ
P8wo44IIa1I
PD4YDV7T9W8
PF9pCzWRvMg
PFpe42LoviM
PKA64PM1MNg
PPlXCii1RYA
PR4--VH4HyE
PXYP6Etac80
Pbv8kjOeIVA
Pc-1ImUGvR8
Pi7c1Igzwgc
Pk1zsl5KlmY
PmFRYzfRD_4
PmeVfM00kWI
PtCvTlk3P1I
PwKRTRbLC6M
PxLh8RGof7Q
Py739OVCIPE
Q0L55_UETkU
Q5WyR2jYtL4
QCJRa0rlQLA
QCNjd6GHi0Y
QDj0aeQRnfU
QDvvCoILz-w
QFR9nwjaHnM
QVgRbJdqGf0
QYHKK1FOS4s
QZhiq8kFZYM
QhJYZo6ZSKQ
QkRpylC61IE
QknDyP7DuRY
QlwifxhYZRg
QqJvBzC1WJ0
QrynFohxXEM
Qz4cJA5zXhU
R56m3M7PkT8
R77RXDBg988
R96cMT6GmMA
R9bmWE216Wk
RBroO_Rx0o4
RDrFfLMlsi4
RHQHrSSbWSY
RNGzswebgkk
RNx-91njBhg
ROSeMq-Bti0
RP9ZNFld2xg
RPEdxhMZy6Y
RTOAJqhlLxc
RkZOuG_zt-k
Rn9UWhRuqqk
RnESv19Fhf0
RsNFQzMOYOA
Rv-ypo0t-2g
RwS7tdF-B4Q
RyW8JPwRt0o
S62dTOgYgWo
SGp4NBkjaAM
SJb7_BeWGyc
SROim8WM4VI
SRrcFblJpmE
SXT5naY4XbI
Sg9KDnjEiXo
SqxQbAF_urA
St07MxWrkXo
Sy5cG-DM35g
T0ivgUEUNlI
T0ly1Aj76Zk
T1k9XjcYOZQ
T2q8oSflWC8
T4aLJVMxMWk
T5XP4P-nUfQ
T5rlEZLTnfk
T7ADzB31Mko
T7dBdETA8SU
T7yjycO8xso
T9fGeL49_YE
TAUpWHtWBtk
TB3VDFi0LDo
TDIgP0Euqhw
TDPHZzEocrY
TG800GpjLr0
THajw9QGAI8
TN8p366cIMM
TOhUVIAWBK8
TRyiNAbULb8
TUMSmTexqWQ
TZ1Zu7bSYsw
T_CVyctILUo
TdBgWipm-F8
TdVwI6DwkTY
TePW9wZrJu8
Tg8wUSZB2CI
TgByuXVjxqk
TlbZJ75pYCE
To8BG1AW7mY
TpnaYSMa7CE
Tqy_JTeNEY4
TtFZW7vvHmY
Tuf-BSbM3jw
TxA2k_ex_hU
U2ZfbFMv4n0
U4-QwoZ0O6Q
U6H2G5BECIA
U7AXyFLkAm4
UD-8_X_tzp0
UR_6wXDjSl8
UXo58eABaKg
UeMz945EdpU
UeaamE_VGNA
UgG9czaMB04
UhruDl4ZB0o
Upi0Sxh2lss
UrA8wINIxXk
UrKlK-i3i_k
UsqKtyLSzok
Utb8SCBnX3o
Uw1R3tTyH14
Uz9Fh3WIGgI
V0KU_oCNKlQ
V4gula8eBi4
V61ZdPNA3hk
V8PqibWQO-M
V9dAPROjyAU
V9lNwbnqTac
VB3CXlp3rOI
VEUdFEjWKqM
VJ143HJt0tg
VSL1WBFhyEU
VUd1g-DV9xA
VcUEkrc8LaU
Vl5fL74DGI4
Vtx3GxdjWLI
VyCf_1lMW1g
VybXKjo3380
W-X-6VSA0t4
W-zKDIJxeLw
W2vmtmpSCNc
W3G53B30I1Q
W4Vb0ADq154
W5SXOtGIQbQ
W8FUdSLcKPU
W8l9fCdvWSQ
WFDPL5lj2sM
WGQjEBmdgVQ
WH2j1OS1T_Y
WLoinA8w_SQ
WPLoQXUX3JM
WRUle2PZOEo
WSoxYjGrFu0
WTLgvoAAgX8
WTg5Ud7VCGI
WUe96Y5yedg
WV0Ulh4rhew
WYmdf2lC59U
WlPw3_HVs98
Wn39bKSiupE
WsqTNpQBp9w
Wtu2kUerE9M
X2MAJEPyHtI
X5WvrEbUIxE
X6sQwOt0vJ4
X9nU7IVO3hI
XCw_mWJdopU
XDVSomB1FeE
XHBSLURK2Qc
XJU3BvVBPAg
XO8Zc44AWSM
XPENuodsG_w
XQVWOXZWhWw
XVfeZPOWdvg
XX5D8FPxGMQ
X_aWG1vDY2Q
XfjhSC0so-I
XhH2hou5BUE
XjXOT8HR0vw
XtmbzPOOsR0
Xv-1BVbvSck
Xwx5cSJcynU
XzivEQPObt8
Y-FfQ2rYq5w
Y1s45l87NT4
Y3qr0Zf_a64
YAnUnp-YDYc
YCIGFDgkqPc
YFMoGWebKec
YLzm2x1jRbk
YP7kgXUKnKc
YRODlgv5AD8
YS0M3vD1FqE
YTVCdz4fPZ4
YbcW9pkosZI
YgsfD_AlMa0
YibrHymkZFU
YmGeVUI4LJc
YnyPh82YSPg
YoSOCPCgKwU
YohazIz9qnc
YsZlNbV0q30
Yv3HOyJlb1o
Yw_SAr1qwc8
Z5ElI8C05Jg
Z8sdBi32gZ4
Z9kQmOVTFEs
ZDb3U2fmFB8
ZE4PoABHYGY
ZG60uVgRPkQ
ZGDpbGlRJaA
ZSY9CVv1qA4
ZUGf-trt5v8
ZWeX_-cH_ww
ZXI4sp7oRA4
ZXq_D-b8PMw
ZYbF6yDtoNc
ZbPZJwWzBao
Zii1XovTYvA
ZphHJK0fqQ4
ZtBnsXrLpl0
Ztvdkz_PPS4
ZvJxFVAs7_w
ZyJIatpLK-E
Zz1CuWTcU9I
_0Q4PXqKq2g
_3EYph16iAg
_4cWzTIdru0
_5Sx6A-wOFo
_DJMfjYreD0
_FTenFAzrGc
_P5MCYFp8DE
_RIU10PqaqQ
_RcFDoDKHy4
_XCvs8fRJ4Y
_ZcxbJssPOk
_Zjdr2yFnUg
__e9EEdHnME
_aTXYeEFqr8
_gTn2HsrWe4
_hZ7s_h6_lY
_hzBllT6Zn0
_ihD9emY-sU
_mz9GYqsxVg
_qT8CNnJ2xg
_s8-ThK9d9U
_tBstR1D7Zw
_vBSZjXJuKc
_z-CcjpgGYA
_z8ebXsXa1o
a-2Twjw5JIk
a3oCOjda4s4
a9K9mno0Cgk
aCIOCUZ3qH8
aFxSXC2TRTk
aIibBV9mLvg
aNQSRl0C8hA
aPczN9kgXuM
aQhUZzCdgTw
aV3sAXgDLtY
adSMA4T7Dg4
aduPKkHQLp4
aeFej_8DC2Y
aih-A_Iv59Q
aiiVx3TSJvg
alBlW9gr8jI
alxjmAovHNc
aoFfddrEx78
apaj_AD4DOw
ar7FjIrJOK4
arZ3Y_xZ8OY
atU7eNWVkv4
auxp_y7rTjg
awa0q1ExL4w
bKascyMGzSQ
bLHRKwS2J8A
bLththD0F10
bXaQa4_2OkI
bZsiAVaAFlg
bc0pzmh2s0M
beGlpbrx_Xg
beYd5Y3PfIo
bi4IZVafH74
boveHG7uWdU
boy2ClEqqD8
bsK_EjdofSw
btNysz3htBA
bx7EShU1FpE
c-Gjl1tX8iI
c1uXg1Lx_Fw
c4mPDzIDe0U
cHozpWDzVgA
cOmCffJe-rc
cRxGxJ3714U
cVDoz_N_CV4
cc473Yd7C9Y
cdHZFu4Pntc
cihCQ4KiLhc
ckqpQgcoYVk
cn7Zo37ov34
cpeC43n6_Wc
cs3ejeVl9eY
cuWn7Aw2Qqs
d2hhcC2oDd0
d3isBmSwjtU
d5Eh3g9_aPs
d6z2dR02WeI
dC9L2z1mypQ
dFm9wtZRB4I
dGhM9mtoc3s
dJs0okDU-hM
dMs_EPhDBJs
dNUfnpPrErw
dQQE1jWJr5Q
dVk7VMF4-eQ
dXHfCXIrJR0
d_0HZlfgpCg
dd-GYN7PPus
ddgwxE_J1GE
di8bm1B6oP0
dl0AurYKwMg
dna-Y_hYqfM
dnaSMNTYEj4
dvsVwU4mxSA
dyehBXIqK0M
e0vOWKLpvN0
e5h-bCV9zYw
e7HOYDGtKf8
e8Z0oYHaJLU
eFwTjg2H-5k
eG5Y32TOiWo
eIB6XpzVRH4
eI_SxQWRl3I
eJPhJxSbNO4
eKOW6RwIeLg
eNacVRBQavY
eURicy0Tlo0
eaJjwNYGV2c
ebd8XJoYhSI
edpD9QwB-Fg
edqLwYU9dIo
efqeBxhI4N4
ehfyHnJWk4E
eiHH0HeMPCs
en0xUEvfovY
eqeRDDT11R4
esaSYAsYs8I
eyGhEBnmC6I
f0hrykrU9dU
f4dkwSmLXuI
f4zI_WjZzjA
f6_DMtRPmeM
fA4t1CbjdXo
fI3FQjDYAM8
fQiPtdqL8D4
fRQaZccRSWw
fSGH33u6ovE
fXMT3Sj-a2c
fXOjOwUhuJE
fYup-t_2yGc
fZLH0npHOlI
fcfU0DBQQlM
fksFroRoDjI
fpdlO-9E9m4
fq_ALJZRycY
frbotc8uTnE
ft3aiIC200o
ft7Dbjh3wJk
fttkySYXOh0
g5-JFODPiBs
g9n4ib_eQOM
gAK1_q2DPnY
gAab_kz6Xi4
gEKtWwigLv0
gLoiMFjBRmM
gTS-FOnrqZg
gUosiCvuTvE
gUuqF7qYHhU
gV7lNqTTVm4
g_p5FFBjYCM
garALWpIDIg
gbNP_eQ1Te8
gdFzl-TBBNU
gnyXb69xWqA
gqoHKW3kNCo
gurUYNzMV8o
gyc7yup3nNw
h1LChIOoRus
h3YvGEDEmz0
h4AxIYMv_-Q
h95m7nPDjwk
hFeq56gqTOs
hK4TZq8gOZA
hLna6x8-U1w
hNb1AVc_wio
hPZvMns6cxo
hT-NWNXRj-o
hUe4M7sk3-o
hWpcZT9yvWQ
hXFoZvokeX4
hcTZFRfLK0U
hclBGJNyoMs
hfQ6oGgS83k
huKFD5s8cd4
huNdt0qiE6s
i1YQPVOAOIo
i3kJHfnLB3A
iBLMpN43BLA
iGOhWd9G--g
iGzdqit9WfE
iJuwrErqKvM
iOCHLeMaIus
iQhO5znjbvk
iRMZArUw5_M
iTGN2x5SZXM
iXLKL9U67Uo
iYbZ0NrkX0E
ibfaQVk0B4c
icBpBiqvYoM
icm1ZYQ7gVY
ieDC_kFE1QY
ieWJj-thjbw
inmMqCcB5jo
iog7-AvvYog
iqmR447cgXw
ivds7aJvs2c
ix7xEY-mgso
j9qxdw4heLc
jEfD8E887Uw
jFME4dl84fA
jHbQXmOsnc8
jNvcjEi_hPs
jPDYLUekpQo
jSwINkXJWU4
jTeINDN5SjM
jV-KVZPQNmM
jWwMZ9BLjq0
jXugz8aIpa0
japmkT3hsSY
jbHrQdkuwKM
jfkXUQKw8Zw
jktQNKeHn88
jkwZGUZq0yg
jo3VXxnPdzo
jr3-nO252gk
k0RUeeny-B8
k0VqMG-Fo88
k2wnDjwOEWs
k4JhWjZVd4Q
k91fSAjPvXc
kIX6so9yHKE
kJk5RLeARNg
kMT_-bt5WFc
kMvDib8Y4PI
kNKvGyqUtas
kOGKWrMnQvg
kS4RgcL9SD4
kTrkgxA0xpE
kVFIZ1PR_mU
kWd78DfivlU
kXeaWFPYEZQ
kdMKM5xtmyY
km-06bwKX9U
ks_2XGLMlaw
ktfuGMrYGec
kxEBrjI1QNs
l-e-TLZN55Q
lHQ1Tz8KNjE
lOymZwVRmOg
l_EwrGCvtwc
lb1_KUqmbtQ
lbD1B-WiNfg
ldOHVrIYqA4
lgdzcbnBzfg
li718suI4dU
liMmRIfCVvk
lpPNrOSZNzM
lq0QjqzRkMo
lsXD3Rddwdk
lsceVJvxFbE
lyEkkm3MM84
m3DRfgfy-_U
mDGVdjRnKRk
mFMxR4XzjbI
mMRpQR5gep8
mNLl7vhtbFs
mNf0CT1It64
mUNrnQZUaF4
mXjhF_V-VI4
mndEThb410U
mqs-67_V5KA
mu68C76KMcI
muTEfbnMTck
mw_RRYQv23o
mzBaTGHqSwc
mzpN0HmgKpw
n3lXzZ42OBI
n571SwG0ipQ
n73HIMZdBZg
nAm3Q0Sm4Jg
nCQz3VTMFkE
nFfdzQU550I
nW7xg9BdW3E
nZM0TVdFyrI
nZMMR2123PQ
ndo62W1pvwg
neEklYCCOEQ
nhItnXtaU-I
niv0M887THk
nkP41jYoz9k
nmpyT-Z5NlQ
nn1bxSWe3BA
nod9opnXSaI
nxI_02EvWEE
nxIaf0hPRoY
o27LWbuXEBM
o4rlVQJtDFk
o59m81Ja7MY
o7J2fNpUsrE
o9Lx1JqaDLg
oBTy7ZAOQ3E
oFsOeIFSQ_w
oJePMNXsUVA
oJiNAR21gxA
oMLFwTZz2AE
oMmwFlQy210
oQBiKVMXBII
oQY-EvUdm3U
oQbdiIjgS6k
oYRmlOVHORA
obbXHRHhvE8
ojL5Wp7UjwE
okE8MF2FOrE
olTJXkTOFaU
oqmtZChAF08
pBHiBMUPK2A
pG7g8YWAtj0
pMXSrwG0Lqo
pYBOIQSx3lw
pYTYAlk65Uk
p_1jS22fIpI
p_9JmC8BmFY
pddiaExw84o
phwb2_6ZZ-c
piKSp9YasLY
pjZxAenZkQ8
pnnQx11k5Dc
ppAbT6J8oEM
prvjNFHSOj0
puKWuYR3KmI
puZ1Na9Cdt0
pvpbU8FnMDE
q11WfOsL4yw
q5yYzqvRVPI
q6W9lHDS944
q9OF191FpX8
qBSbBZw1A4k
qCtZf1I98qw
qSR0FDROhm8
qSqhrb58RBw
qVk2qv2-H-0
qVvfkRl7cSc
qZhiSQtoUzs
q_30Yvac8Yw
qcGdlPpH-aQ
qdlwOC2Pq8M
qpkBcdtwuSQ
qq-Q6zrKxNY
qr-mtAkGwmw
qsTKh-wQf4g
qsu5U1qlWwA
r24YpP3DTyw
rAzSsz4h7Aw
rBvmd48BbF4
rGU6nZX4-y8
rQw-BqNJvVA
raAdUNu-_fQ
rfcxHWM0r88
rfgLRkA2kwM
rhatfdVKSV4
rjzJueVcOpc
roiOF1B-6KE
rpR6dIsiu_s
rpSF_UuB-8s
rqnXJupt_Fw
rw5DxJsKwKY
rwVKvHrCUIk
s-Sw0ZkLXnM
s7zvRkwXcMI
s98KWmk53xM
sCaxl2hs-oc
sJWNDWzYXyQ
sUA67E1jqD8
sb5cXghkZZE
sdzrv0PWNb4
shXHTCij00k
sjg1J-OimBA
sn4xexmv-d0
sn6uYJJUKBE
snMjmlnoRaY
soGrXmNYvy0
sov2evlRhtU
ss1YlQskYlM
sy22nr0qfik
szWPpML6awQ
t1Mq-1gN4dY
tA-NNydsCYo
tGncW2_DRpg
tIHNKDh7v28
tL7OSWJtXnc
tTFkJPNjs34
tVyhcvRGUXc
tWY1BrSqr5I
tXiHMP8zEVo
tbqtVPHBsIw
tcmAumC3Z0A
tjx0r3v5bTs
to5-rwqzYX4
tsR4JUAb6ss
ttW7S25YV-4
tyXwQNBlbNo
u-wCiqUBmG8
u0gwfKrtjoM
u97nMz98gKs
u9MRSoaE3x8
u9urqtg9ej0
uAGafn1iexw
uMk_a_OddyQ
ueC9Tem-Qag
uhPfqNKgDi8
uhjn1t_7Ti4
uho00hPZ8GM
uizLRSrJlOo
upULK_Nvzho
utuD4R2__M8
v0nERP6RER8
v169JUt2yz0
vCXeR2ebXzY
vFGnZmhFthc
vJXoLD0-1ZU
vL6RUDrIrQI
vNl_GIg05dc
vOcvaHkWdyA
vOuyNN7nYTQ
vPRX7UN_f0s
vQyD6xARMRQ
vRIS3L6Z9AQ
vTVDfHjuL2E
vbAZ4GI3MwY
vbRm7DcqaoU
vdOLpZA6hEc
vkwIlsGYxWo
vlnk2cjATbE
vmte91g3gHQ
vsbhpJGiPbk
vxWgMD0ggRc
vzDhbwtKvAs
w-oRgeLwjyY
w1-9OL0_Ebs
w1CnANsiUw4
w2EHaC8Au0I
w4GhCM2_9Rg
wFdQdWCzxjY
wHfeRbLHuOg
wQhJ7J-1sKQ
wVCiV7Lo6p4
wXJfHARCB5Y
welHDbZ0KBY
weq8UB5VCWY
wezghOsqp8M
wfGUqeB9mok
wgtKOAHQeeI
wqvhFFX7uBs
wwrGvHQq4ms
x3foChtrwdM
x6JGZYcpak0
x9i5bxVXRXE
xBZAPglWID4
xBaQvfqDQGY
xGeRe9C-kSQ
xGq30nQPDsY
xNpMUyULAc0
xQvvP2LkkbA
xSK1D4IdU7A
xi1A_2HzYXs
xi2w1tUqRjc
xpCgGo-DJGY
xvPlNNPQYAU
xviIsxIQIWI
y4LrAF8UNN0
y78nAZDgFhs
yFW6rMI4OuQ
yFv1UTOb_O4
yOtcsJMG4HM
yT3LZe-n0j0
yTwAjgnuj1U
yWKZ9tppcos
yWMi9SsWIUs
yaQsDyca5T4
yhhwCb27BNY
yhpj4y47CN8
yjs9ad_60lM
ykZwlhDjrzs
ylD7AKUyquo
ypcIs595arQ
yr2vrb_KuDI
yrDWeSTb1wQ
yuRoEqoa-SA
yua6jEwKC8U
z24p_cvMQsM
z2M16S01BJY
z3AkTw8hPBU
z3XX2iX0Z7Q
z5ljEq-qYu8
zFqOthr5u9Y
zJ-HmGttrG8
zLXcSo3GwyQ
zXYpY2eGLLM
zfnC7K7314I
znUY3vuWobw
zufO_V-eVrE
zvEds1Y3INk
