--w3FIYfZgo
-01O-G8wJvA
-5M4lbEpn6c
-A-KbFXa4aI
-Ey6f-P7di4
-X0W-dh0rP0
-ZH5k-9u7Ko
-ZYFCtgLfsE
-_qlvj8kheI
-ikC5FRZNwU
-kjEpntVH2c
-ngGOEOQcOU
-oVGhluMxxg
-olCiqsOXqM
-wKeFAODA7Y
-weby6W8FNY
-xGgmoUK6Nk
08KYpPaeNkk
08doL7xHH5I
0J2iXsNl5Uo
0NArPvj6_A4
0O5XY8sZwUI
0YRjZeoJntU
0Z1LFOK6M6E
0f8fUSSwLtk
0xIVsz3E-6M
0xYx2-shBIs
0yXgm5RX6Ck
10BSW5155tQ
10qQdAz_lJo
1JE2CoiRPeU
1PcdwYyrwhg
1Pjz1gnRXWA
1TGFKu8FXgc
1TnWvXYR8D4
1Ykbdi94frI
1kpMYj2IHlU
1sYaxqExokQ
20hcTad8EWk
24z_poHGR0E
26vXTYUm5Cg
2BLICk30nzI
2HU6R_8SyRs
2PYkyvLU6z8
2RIPAnaNZWk
2aW4g5tyNws
2a_qbQsQ4Eg
2akKxyvapIM
2htS_GQRX48
2lTcOe6I-GE
2pEhJhckEQU
2pX8NgUDUlw
31C3i18w81c
352_T-yIonI
35NhicIaGcc
37D_5_rwNPI
3HeuwUotNc4
3I-9K4riuXY
3IhCjxVjM-A
3ipCT3WWy2w
3pasTSnv59Q
3q7tWkLBgO8
3zWPBTm2AZU
4-BlPestGVU
4-YNrsiWikM
41o6ejvkrv0
44zU4fLWYjw
46VPlhji7E8
49ZjRErUkyI
4Jwki9rZyCA
4UonMu7jB4w
4WV83SGqBL0
4_8VWrBZRdc
4h_1ZwS5PzU
4pRAMyBxa5I
4q50c2C5fvs
4v7j837f-Yk
4z_OnvU4t7c
52bnKAWf990
57PS8IAog6I
5DnHqWSCW5Y
5FhWyCK2chE
5H1qhkv_Grg
5IvDd1mKfo4
5KcmqKJHtpY
5X8VwQqjTtQ
5nD-cYDfkDA
5t2GZ3IRydQ
5ysyVwxzG_E
62bInQxvo3k
6B6_Mcr39G8
6CExsamOljA
6EU801sKWpY
6H_nT6kbB9A
6HedbfbE5Uk
6Sby8-UDIa4
6WoCw0w_XPs
6XaxnMQOtBQ
6aE_xhDwppw
6elZkJtv0yM
6u-exHvLkS4
6vH8JNyHGbE
70NhEBzLKU8
72s812JLEqg
7QuUmBUIFbM
7URh4QHwP60
7WA0E_i4KVs
7a7xAW8dtVs
7aOUk97Kto4
7gFQfvwgl8Y
7ksu9H03Dao
7n9JGuR0HrY
7p7riQD4XAc
7pY7ezOg82c
7plDPzL8Vhw
7tQDMSKZmlw
88T4Ej9d6TE
8ADXXUuENDc
8BxCSRho-nM
8Prijnm8n9U
8TMibLdjzDQ
8YN9SbAZhek
8aJ6xRjf4-g
8gvMOK7qEXA
8hgiFaHzAFQ
8qsA_DmMSnU
8xWOuCFp3cI
8zgnn_nvkzM
8zkbBasndWY
9C0nx3u1vFA
9F3tapfaoVQ
9Lw4uU-C91g
9_GNQFCedo4
9a-011xwJWs
9eB4so9s-Vc
9hs16azeO18
9rOy24X6hFo
A0FTqiLFdAc
A0wg3Zkxq1c
A15oWXWPjhA
A25xEmPNmBM
A8deNyp9YlM
AAzGG9JOxTQ
AHZSG203AYo
ALo71yL3iMI
AaUFrKNo3HM
AbzXxtesmNg
AiUNcewtW3k
AjCJcJ5dmgk
AkD1ktSWn-E
AkpY17GyuAM
Ap99cFhPb8E
AudT7Av-pv4
Az6owyVMWgg
B-XyDToAmU0
B0fD6jLPzaw
BD5dh80KRk8
BQdF9h-u6j8
BU--ttm4nYs
BUfSen2rYQs
BWFLkh84OL4
BYqWmWIatRI
Bcao59wsmy4
BdKfcyr15sA
BgOp_PcwNRc
BoxuLk50Mgg
Bv8TpNzJDZQ
BxqXZbwQ0TI
C-e-M_HOQ-c
C0o-5700-_I
CC2Zprh58Cs
CFPBFIeVarQ
CFh4bE5m_Zo
CQj4_8geHd0
CRLRt6GlGLk
CWB0LaO4iUk
CY2uP2Ry8LE
CcE2tuPJ-ME
Ccg4n1ygFGA
CdSOcV-wwpg
CtnLtn5OZLQ
D3IL5eClkuE
D4lxRyItDl8
D7w_R2UiZYc
DCQFy71kwfY
DDZNJswWZlA
DJe48cZin9s
DKHcTyn8Rpk
DKfjeJ2yXsg
DRY2wHO8Vbk
DViXZ0aSgQM
DY7MtLK2OH8
Dj-O1fqAHKY
Dk2FjaeCbi4
Duc5d4z0laY
DzSfReB0FGY
DzVu9VqGobk
DzdSGJ1WQQ4
E9EcebFsU4s
EAzPYLCda6g
EFOIK2Z7sZ4
ELdTb-qqQJQ
ELsGEbcp92M
EMPnetBr9OM
EW8Oc3Mj804
EeS-akYp2jk
Eh9uZ6V1QVE
EkAEOiSqZY8
EsBHll5wPg8
Ew-HenBFnbo
F4z0Ozm6ddw
FDrgsLJGhaY
FEi82IiWLrE
FIL9jV_aJBg
FTGVH-W2ntc
F_i_sQuf1JE
FbBXNpe714I
FerY7qQflfU
FnO7V9mZMNU
GBY9Tyap8_E
GEezd7nLX2Y
GGtr50yzvc0
GaZqTmsLH04
Gj9Jy4zShiM
GjlN-5hXH-o
GtPkVBWM3Po
Gu2TSRtCQ3k
Guxx_KTm_6M
Gwqx8ou19r8
H2eZ_moR5us
H45QwzCV1O4
H5AT-hl1pZI
H9CWPJJf1SY
HCMlh_cVlUE
HDqLOIVp6iE
HFrcY9dzmFg
HHgpcQaGHMU
HO340uIyt-Q
HQJdQRbW9s0
HZj6PTVtdAs
He-xDX4TalE
HgwIz90uzTg
HjSS1XC6xyg
HmOSLJnc1QQ
Ht9S1YoMY6M
HtkfAYnw8as
HvTZTQNqpEQ
HwOSP8e1t5Q
HwsbvIJzT-I
I2CWtgh-zas
I4edFZmJDVs
IIaTzLJJ3ZA
IJqp0nOgFpo
IV0-SYn3YuM
IXsURQxoGe8
IadWfYiLrwI
IcRXdmrJQYA
IfRSk7i_DMc
Ij6zIzAZ6jI
IoOcToyWEXc
IsJLBSAJJxo
IuMJmD8rjdA
IwgIwvBzd7g
J7dJb7KY6Ks
J9jQEkefJ0E
JFpEMYh7k8Q
JGP0ANZJnJg
JIeRx4AOS-0
JLYWg34Iavk
JTf9ZYSJpA8
JeG3uADR43A
JfiUDfu03HI
Jj185Opdqs4
JjOJPbkPpTw
JofxV0ehN2s
JpfyoKsVzSI
JzQsnpp8bQs
K0GeTLtMpUE
K2DBwZ4o8Gs
K8aGrEVsuG0
KA-lWsXZJj0
KFqpyDM5K6s
KFslICPyE90
KGkZ8wXHcNw
KNxwA7sd34s
KUvnAu_7gHs
KW8e0Kl52m8
KWB_DO0dZzc
KgQ6zBKHm9M
KjTldTjvTmM
KlChdYW7940
L-E3FmBl5yo
L10eFGty3yQ
LB-hap955qw
LUjwy6SlKxw
LUlHSwivLdw
L_DXxkG1CmU
LcQbbYYECTI
LdFb33v_fOU
LvJ4rhA0SQM
LvwikjkUPI4
LylV3jlcMbk
M-RMOBvZZxQ
M6XBTmukvJE
M9e8eeKDg6c
MADd6o4gtbI
MCWwy2UOKtE
MGjU5UOfVxU
MILVrYskpvI
MSBYmn6SoKs
MeDvkZQpuhg
MfgU16w9ev0
MsldxM5VjyE
MzxnPP5TLeU
N-n2w1wdz40
N3XNEN0KSQ8
N3b0zFZxkHg
N8WiCAFSV1g
NBVT3arSUJo
NB_AYk6GLDY
NEjNsAiXUws
NF7OYEFhRgA
NPflcqTx6Qo
NSfGtQkxnuY
Ngd8Ba3cKUI
NjhPX1U_Fhg
NzkH-tvdQPQ
O-p0LkaJsc0
O0D4hdRELJ8
O1RF3BAD2sI
O3pSabO0QZw
OB5qax3dA7E
OCcfnP8y644
ODvviwy5VwM
OHQY-xhu3v8
OKwsuOfFECI
OLLDTZgmZhM
Oh9mSuKKRKs
OkibMLdv8YA
OoEU8GnGlcU
OrhY8cQXQik
P2bYJNBPKiY
P2kmlM2lAvM
P3Nhayq9fFg
P6n0GcmpJx4
P8j50ByEd7w
PELmJNPFI4Y
PKjIi4gKoCU
PMeG41X9Y_E
PP5DueWWtCM
PU7LvAQpZk0
PWbDQySi8YY
PbfiO4VsfbE
Pc0E6HgW2rg
PeteNUvwfzw
Pr6vj7tlXt8
Ptoamk9rPvM
Q1izzqvkpOI
Q6QyH7q2Kis
QAIRwndndMc
QB7zorWwJM8
QCJ5rY0T01Y
QKAee2agfdM
QP-vBZVvdEM
QQBbsWjYYUI
QQqWN9WqPiw
QRPCFMor4QY
QW0sL-3wDNw
QbsR17gqWvg
QcH4Aoj7K08
QjiXLaqvZSg
QpyQ_0i2NU8
Qs-IiYU9cg8
QsugeYpOe-g
QtOKgxglydw
QyIocuPptGQ
QzX9dVCy8Vw
R1OHY41vryU
RD-ylq0kA4I
REgOnIYSoJo
RJFTD-2_6lk
RPlSODLTPaE
RW65TrcE24M
Rc8WLtqeU3M
RcWUdz4DDek
Rp9Mp34qZow
Rt-i8_bfEro
S5BKA2XJlGU
S9UyTLf6dzI
SIOF3fJ-umA
SK_UBgjDKbw
SKjQYD8Awdg
SOPaPCFvMXg
SQd-vYeQRmU
Sg_ztt6-SmQ
Sk0kaD8DXQI
SpvtgL39dc4
SsKtF2F9vMs
T-n7uZ8sAwA
T496s69IzNA
T9XK6uuUkSc
TASVR6bbf78
TEfIGktbwmI
TJ_-MDXVbNE
TJpgv0NrD3E
TKPuFH0YrG8
TTa-7m92JLE
TW-y5RjZOLw
TcA_m42GmZo
TewiP_1y3BM
TtApfEnfnQI
Ty5hDHekq80
TyajZ6YLUrc
UAHjZMMU8Gs
UBD5qbIA4Oo
UCgLQc3ODpY
UE1tJKRN060
ULseevtGZH8
UTJfwG1oqpc
Uaa1byIkkOY
UntXI9BPpsw
V--UCVHLzAY
V1h3K4I8kvk
V5yPePvP5ew
V8dyG12sMLk
VRUv8qCIrl8
VsNDb-2jXCU
Vt4zSf3CfRA
VtO_UNjO_aQ
Vvfcq3kfyog
VvqLApioKSc
VzQeCYbhZ8Q
W1AxZ-4XBnQ
W8Wom8jCNUU
WGmxqf5_UOM
WI0RTUeHToo
WLzmLUtVkxA
WWBF92vYT7U
WXzhKOYLtnM
W_IHBdy1eAo
Wpo1jAAF5yc
XImWUxxUiCo
XZCic71LdxM
XdPFT6Mg1uo
XhQKEx_aTwo
XnseVYTF8_0
XoHrkv6Otrw
XqXurfKdhNw
XtU7BCvdNqU
XyM77kuOCxQ
Xz1bQCzxB2g
Y0T5TwEB7xo
Y3aOOsO2QuA
Y7WUrzuEJeM
YB_hLuMGFqM
YDy9C0LzqUs
YExhsEA8RDQ
YXPV-UHKOYY
YbLHbP77Wts
Yh0W2yiWlwo
Yj4r6iDOOvw
Yk4g9XfwNQE
Yk8MZ6Qd0Fo
YlKvk9v9-as
YoFUTpHlsps
YpXjE9gl4HE
YpZNlK9GdHE
Yu8efgPv35E
YuJDV1ewv24
Yz9g6OrbCGU
ZAKsU-U5SE8
ZBWFjEqpaFs
ZFYwVAS0iaU
ZGh1wCr6Gtc
ZIQiMxCkxAg
ZOHH_NyaSsM
ZQOLb96M7Zo
ZTkdCBSZbno
ZUr90LC2nqA
ZVieNbSl9U8
ZaneJlQfXvA
ZdccyvGRALo
Zeb6Y4wZbpM
Zm_eI5Zs8-s
ZoXRTQFOrqE
Zr-vW3th2Ts
ZtlG-DdShEM
ZzgpBbrd5hc
_9HxsIYORyE
_D2statICww
_I6bbbSZCe0
_Kcg0AG4KF4
_grmduuECm4
_lmn16npMXw
_n_yIN3BaWY
_qjSgoN3_mk
_qmsx7XLL3s
_t3Mu4ES0SQ
_tMfpmBQJ7Y
_uCzmpsp4q4
_y1QKosdZFo
a3J4KbvIslA
aC0M8AZjiRw
aEPkke8YQLQ
aFnCynZLjBA
aOURrUisPXM
aS0yhKMErdU
aaUKYAgnmP0
afN1XtfszYU
an_3lSHkgwY
ao-CDityrVU
b-UQ1LwtMWY
bNj26qRTj8k
bQQS0P29sRE
bQxzq5MGTYo
bSHZSDm9Zjw
bS_Qcl7eGq8
bTZQ-qMftPE
bXmCWrnsZ44
bYnddkWVFKM
bZ1mz94uhk8
bdeTO2f9Etk
bdixXLFGWpU
bdrqjBwJTLs
bj0KO8VqMrQ
bprc4aE7O74
bqpMplY2qaA
bruWrnw2trM
bx_YiPSz6yc
bz7P6K5KCxA
c0k1PgsnIYg
c7uNuv1r-N0
c9qfF9pMnKo
cFAEnXGkfqA
cMJbK2genLA
cOPiOGoH0a0
cPcKooaP5Z8
ch0MUw7DNiQ
cnV1z31FBmc
cqGDKYHsxAI
cvZ9thKolOA
cwHr_fUw7K0
cwQkQubLZ58
cwYKk-jQ63o
d3RQYjmDRgg
d6POLlADp30
d7AtBDKhDwU
dDSzIY2Vv2E
dHGqT14xfs8
dMoRLmkXCvY
dO0dCVJB0nk
dP3RRSIc8tY
dRzzW50NiaU
dSWWs392_BA
daHMPoT5Nos
dfghatCVUPE
dgW20cq_t30
doYEkhY5cGQ
dtP7E2bt2t0
duFm8ng8P4c
e4THwaZtpD4
e5dOeSsg2aY
e6y8k19KGEY
eBcKnaSkb-I
eJ3WYCZuKbA
eS4Eh792Xt0
eSlz6DO-y34
ea8QQ6w3ltY
elQVa5wzAa4
elvjdvKSpCU
emfi14WR0fc
emuHFsxWtnM
enluDrDT63M
ethrGoxLLf4
exCgjuKi9dA
eyJ74J9aSDA
f4A2P-g_Rfg
fDEZrIWP4Fk
fG1Mf78js8k
fHZT_yimrHQ
fLoSfkpa9-c
fOMZURVMGLg
fZouXzinnKw
feoLJSCGS-Y
fl7SAXD-ihY
flNIENRw_lg
flhNp7exJWg
ftms6S1xA0c
fuf-MqN_FLo
fwYc3N8y4Ro
gEmB0zb2HTY
gRjcYGrpJz4
gdDD-VQJHlA
gfk1oRVRmJk
gi9PfF_h_Mg
glyi0WjBki0
goN78xTgo-M
gsJfbyK5kGo
h3pWIv6B2cw
hGQxg_FEKx8
hLDPJdaFjl8
hLd5cEGkMxY
hOAczrjDxQY
hP3rkFTJX0k
hSCHlMeX3IQ
hVzG_1yI62M
ha11qveAcCM
hdtRKKyzoNg
heBdlh3Bc3E
hhisJgKA1vU
hj_4KIKHRFY
hq0nojshuk0
hu-BAqaUwTs
hvsg4PO_ya4
i0aXYKd13XI
i0tg9GRhHok
i4-IKavpjkY
i5y9nfHs4Sw
i8xuLOjIgnE
iAaTqHD91Co
iWIoODxVdOE
icJUbB27b9w
iiSXg3zowM4
irUfl06RE0A
j0erDEWaQAo
j0gOYnNPQpk
j1p-crfnhls
j36byzUL9gE
jBHKT7_GFqU
jMo_DSla53M
jPW9MtTKH_E
jPwkn3Falto
jQ8PMOM6cms
j_0aBLn-FUI
jbht9RxBcbM
jdglARJ1Cn4
jg_Ql5LD1hg
jtjFvt6PXWc
k0KNU9UVSV4
k5ZMfIrOg_s
kIlpwT0EtBA
kW7Q9haeXko
k_ircrGCqV8
kbF4s7jTiEo
kbSqNWHYy0g
l4ZQcQ44-HM
l7VI3JKD0KI
lDfZ7GqJ_88
lGw71V8-tGU
lK3iXcbnSK0
lLnMIcmNjME
lPl3RwY_Pk4
lcD99lc9WJY
lkqVbmsvhag
llpJq2EJ0tk
lt6pxQK3aHY
lxlWEAYmXgM
m-OXK2Mci4I
mBLjDlAkxoU
mMxYu5j9ZZ4
mQlh-kBT1Gs
mT15OncKEFg
m_m9vAI3k2A
mgQMtO7DLEQ
mhm6Bd2xSlk
mnCuLxyDink
mn_q4KCvfC0
n-CNwWd7LaY
n8u1SEVj7kU
n91KFykoglk
nEwE5jMOMnk
nJupQGSQVNk
nLj0BV9dOiM
nTyrTukH3pk
nZ2nEAdQU9c
nb-tlOu88D4
nfoEUYKonfw
nqAxRJhUT3k
nvYnAvK1BiA
oK4Br5t6Bng
oKi0k1l5QoA
oPf41uyjTf0
oVQcpL4J7kc
oaoViWF8P74
ogPGR6APKxU
oqlY9DbwIkk
orVyg8E9uFo
ozP5e_Ro_tE
p2LwAD5rNKA
p2Umm_4VRGk
pC5IIALtBog
pKyqHcdFxd8
pL3ctQKe2m4
pMsee3Iw4gU
pTF_b_9q5o8
pdeA4S2Z15Q
pkF19w1ns1M
pl2_j-7D-O8
poYSH9VAZi4
pyFvsiWN8X8
pz-MlNauihs
pzpz7rvFxp4
q0mf8wrLpFY
qDaoG2Hdqdw
qNpiaAWfzbE
qSYwylDT1Yc
qSmk51-JpUY
qTnxafLsRwE
qarVXY6OCHw
qraC60MXiqs
qzJRbaW-DQw
rCHDaIhJGyU
rDzqHWUHsXE
rE0-583WBcw
rHHyfInyGrY
rHPVIyeLODw
rQpkIzAUzmw
rSGD-0N9Olw
rSvRORW5-DI
rV8RZrZskdk
rh6RS5asx04
rhZL8TSW94A
ri4op4swsac
rztNQBbyodo
s22CLBNKTPM
s4U5ipjy6Vk
sDge0OnRoN4
sNtfU6EYYDM
sOfSBA7PwnU
sQCmDOnGmok
sRzUqNwD7jk
sZ2tVuYPrDQ
sddLS1VqIqo
sfSpXc3oyQk
sfvhOvtn4sg
slXeBOfflkw
sm-2ETEyDKA
stdlMYMFTDA
stqAckbT-Lg
sxNo7eLhf-I
sxVJnIc8tc0
t3NuhvWksKo
t3ymwr_MJ2Y
tA7Eej8pTxM
tCKbKET2Bk8
tGDAp5iRuTQ
tLdLTSnmnoA
tNNSQUejA0Y
tSu3sUh_WXs
tWCPBbOpWgA
tiKVK7AXrzc
ti_ukoJmcQc
tkCXoQGnXfo
tmEpudEwzzo
tvqmSLbgE9M
u3mL-nO0nV4
u8wBQSdvy38
uDNLWGoWwz8
uEac9h8JNBo
uJJ1dLeYidc
uLAmUvRCCX0
uS0Qxc0Vu7w
uTyJYj0fnMg
uU5YKDYUgkM
uVqWCCMv-oE
uZbnVUfmhYY
ucWYEp0lGck
ugUm2Q0FNq8
ur0gAwkYsxk
uui6VjP2to4
uujlh0eH2V4
uvvlc_FfrbA
vASaBrY5PMg
vB8FrSJyhCo
vEdsh_J4b5E
vTf3KoIptI8
vUDDgXWU75M
vZZ5QuKltqw
vd-pMMtBrk0
vdJqfDyIles
vhhgPq5QUaE
vj9IFGfun9I
vmqujXNCo8c
vxw7oR74k8U
vyyrv7qNAfY
w4EDW0eOy1Q
w6YQaPUJlmo
wGd3vpQvUAk
wHqBXs7EQVg
wR2F9v8elMM
wR4D57dEc3U
wUhyxRbLWbk
wVbFyjYV1hc
wYE_sLhJ4iU
waLmcB5QqmQ
wasxY3Nc6wI
we9qBLRWSDs
weZCmgvagS8
wkXrOthUYGQ
wl6tSENVhoQ
wracew-Ju2s
x57CyPkCjSE
xHlx3rx5Bew
xNu3-DculvE
xOt2tnZDyzQ
xQn8H81YSHA
xRKqYbjy7Kg
xSBE1E3a2Go
xfnYDn4zrYk
xgolLMHnLqg
xniBk7zAKMY
xs0LbnrrIdM
xwK1SqzuIpg
xzbbMFImQE8
y6v9URdxEIM
y8eUdevRJyQ
yA79h9eyMNE
yIq1OE9xPrE
yZ86exdX1PQ
ykx8xWF7KJ8
ynJT1Wi-QUc
ypErDFM95e0
yqgZChy7PzY
yriU4eXzXP8
yw3iFsLg8dY
z-mPXBCCNEY
zB9A28Z5PeE
zG-Izk2dvy0
zKKLZRutbiI
zPAWL-UXSEo
zXN89gx39ZM
zXcHbbhoXC4
zXtUbvjR98E
zbEJDQt9FYE
zfwCaZsZp5Q
zld8YdttB7k
znRYelWdrWI
zoVvKNRD-NI
zqE-CMHHlp0
zsGtpbfAyxs
