-0FiO4jjFuA
-0PxAKi0gOw
-2_UFNXyFew
-2fRBlZIWIg
-2rqaOLA31c
-3D98B68yUM
-3l9YsQYiHs
-3tMxPFI_tg
-51WQC0KbYw
-54CpS6AZ_Y
-5rmNbk7fbE
-6DdR0Zzass
-6m9w06ZMhY
-6vVCiUnEGI
-9KbgdN2A5g
-AFquTlI-BM
-CX0LGEa8Qw
-CZEVFfYj1w
-CoSRh8YLbo
-DUW90zWKew
-H2UcYi3Zm0
-Hz75jYhof0
-I7tcuF6g1Q
-IEDpkC-6fw
-IcRSclzMw4
-J8r67bgwdo
-JUd1pXq52o
-J_LsbHhOZQ
-JqvRyo4F0o
-Mx-BiQr82I
-N3DQJJDaVk
-N_AxipvwEY
-PG4aSp3RLc
-PVzTd9k8LA
-Q3IyY5h-cE
-S8Qn4Oz-kc
-SFFSN68y1c
-TjOPu9P6Ag
-V1slGzkRaw
-VA8JQiUf-o
-VCRgfdxAds
-VwE0SNneLM
-Y1190fAhcQ
-YkHTEtX26A
-ZXHbEUOgj8
-_ck5bqOtac
-aSC8FGECtw
-axO798ht4Y
-b-1VYvlDD0
-bl_25ZpTLE
-c2RxUYHzTU
-cnro7trj-4
-ctth9qIK-4
-dUw02mfVLQ
-eEEphjtpGI
-fiByWWPtHI
-gtKV_DLBjg
-gwxsaB8yro
-hg9dxSGPpQ
-hser1l6jpk
-jHPMsqzrgQ
-l3U1GILTyg
-lE1PReueHM
-mhJ1G2qlGE
-mtw4NfISko
-nUwng_tdaA
-no3616Cx68
-rY0dNly7BA
-sJ2tsVyWjo
-tJWhTNEFco
-uKLP-nPKLA
-uah1vcAKfg
-xrsWIJOpqQ
-yCkhUard70
-yVWLh7tzds
-ydbhIofsgs
-zD7U7S-2l8
00np-XZC_zY
011PUv4TGog
02fh92Smpew
03KLHsNNaPA
04GzgyOR4HY
04vmccxblbM
052kSw383Lo
05fD0cIKjio
06_lai9CWCU
07PqVxvq_6w
07UzT_PybHE
07YcUESDuXA
08OjxoItMUw
08Y6z8UN-I8
0AFTEn_NKSo
0BEcbYF5pZ4
0BzfOWz9ALM
0EHtUDMfybY
0EqjJDLalyk
0Fl0U7fLzV0
0GikuQIA5Fo
0ID-MMTbUhU
0Iqh1qgRPCs
0J5MIrIn4fo
0JlayXupdg0
0JuyXjJeXK4
0M57YJY_fPw
0PQvjgQ9sPE
0RHyFNNjbHY
0SxbssQZOBg
0T9ekbGN4tk
0TKyH5o61uU
0UXZLGrVM5g
0V3TtHS1B3Y
0VvGqRUzxqY
0XrN7SzxEUY
0XvXkTF3JzA
0YecCBFqM90
0Z6a7G7gPis
0ZVEAwQ5nEo
0a4RSJCPQK8
0aKLXYNxSFw
0bnaTbKJfWQ
0fSw4y4pZ5o
0gZF6Pebq4Q
0hvu5epR2dM
0iPmA4yiJxg
0j3DOUmPXlg
0jN9VEhTP6Q
0jhmJ8CVSw4
0nsvJ9Q4XME
0pd1XI66JEg
0qGW7hdS_8g
0qSXxpxhqDE
0r-eOJ8Y094
0sCdltmUEyY
0skfPgq2mtQ
0svZjeGdQNY
0t8FnrM26F8
0wS1NbaG_Qg
0wwT0ZpCPmg
0y-8qqx01Zs
0ygDy2-ERFc
0yvYwwnVC2g
1-FyYOaz17M
1-JL8H4Lrts
1-OdyM8aJS4
1-RM0JM_ySE
1-UaUJRk4iI
10txcSiA5A0
117NWjrCIjM
11Z5haFiPCk
12Q82xCIBoA
12gSDHd78dE
14R9_zoGY08
14ZCxYCMuMk
15flnmhmSk4
17EqMVMLgPA
187j0eTGwQA
1883RIb2Hyg
19MRxwJFMSs
1A7nro6bi3g
1AG33fKDDco
1DAhv2GWU0E
1DrR-oArndQ
1EtTgp4TlVo
1EvRIhdsX1s
1FwFENCouCg
1GC5wV1NaEo
1IUvqgrcSAA
1LbAh-jmT3c
1N8FCsOX1cc
1NEKBUD5u1U
1NGvNghuPEw
1Nifallb6rw
1P0VthrP9Tw
1PHn7Vuad7g
1QM6tGOYJa8
1QiXCgZEKXk
1Rk6Vd-Kh7g
1SbtX7nRwP8
1SuH8VEFBUA
1UAvktSXqdA
1UjMGNutQc4
1VfU9G2chZA
1WSVv8A6jmY
1XQSA7ckgF0
1XdsQaiaoEs
1a1-W5uo6q8
1aW-cpDH4qw
1bcuf7fpL3Y
1bwrwn1K0_U
1by5ZEKdxOU
1c8rtRohNHg
1djsDaxgNK8
1enKw38q5ik
1fLUDWfXDDE
1g0RIzm4eJA
1hiduVyjMkQ
1iqzK0FZYPE
1jVUhNsWO44
1kbjCuuDKYs
1khVD2S5V2E
1kqFgi5GreI
1lHkxvALhiU
1lSSesnpELM
1lZf-Os_1lY
1m_UXJOaHjg
1n9XT_crFfw
1otIwaa5GKw
1prsRhxcFIA
1s3XrrlDrRQ
1ss33EBtCh4
1voakB-oRBo
1wdjInrCk3w
1wlpL3BGhxM
1wrufboDHlg
1xM82wmDZgE
1xoefNYAYcc
2-OGWVMYN8k
2-WPpFzJyVg
2-ahIll9RIk
20-_YHdQGVI
20lVs0Hxdl4
21GWjpAOga4
21QSWDLJPRs
236Cg-Ro5is
23elZ96AXw0
23p0P49qy-U
26vjiROOmEA
29OWgIK8yX4
29RRvyc7N_s
2B55p3BCIBQ
2Ca-y3osFkU
2DX5CpVjG5k
2DYFmssrNG0
2F82c8KPmnE
2FOJ91YToWk
2FXVs9W_7gU
2FcPK9bxzd4
2IBCswkh2ew
2IhP7kFFIOs
2JfoFPC0PTI
2JzuMCKhF0c
2KXFcZIZ0ag
2KawEDDpYk8
2Kx_Oompi60
2MxbeHg9xdk
2OLz47_j-yU
2Oc58g9XKcQ
2OkH1kUTjtU
2P0lRvlpqg4
2QxRUeNE_EM
2S5O1pEGtoE
2S7s26kUPJw
2SkXnoyHyBU
2T8J26Z1LHw
2TWqJQdrXv8
2VFjkj7bKQY
2VVdtPapKIs
2W2NIyG9G80
2WVxiE7n-kE
2Ww_YEuGfkY
2X86O3N5cj8
2YMcReglLvg
2YefM1Pkenc
2ZueO9Hwz70
2c00-qAmpqY
2c3oSaj4AHw
2cPZiYHiqv0
2ceZ5ry8lrc
2dSxf_hlCOQ
2dmkenCNDQY
2e-0M0mzQms
2f9OtIiu9Os
2fd4ka8WfGM
2fj58mJtPJ8
2fmo3EGS6Dg
2gnV9FGRvKE
2gv_381rRnE
2hY2cxwZzjM
2ihtoEpbhIs
2ksyow76ns8
2lckEl2RZYE
2mUJkLJsxWA
2mxLv7DnCnQ
2mz8FxGVaNs
2n80rNftFaY
2pZqarJnXMI
2qRjJRq5aG0
2riQTR7CTUo
2s11MoNujXs
2s4fxTdXKXY
2t8h1UvTZkc
2u-m6fdbYi8
2uqlRUhVGEY
2vDo1VibKrg
2w9gxbGlhBA
2wGJ1MYtW0M
2xBrRFCq_as
30rR2-VTL7A
314ZbSbZla8
31oJYN9E8Pg
31wsSB0LctU
33sCaal9KEU
34C4gqV5cIY
35Im_8LxXeA
36lJ-apx2kU
37G5KMF02Ro
37OS9siL-Uo
39-GhQXYp2k
3BqxJfJx79w
3DEMgiaxPm4
3DInuprzrtc
3ID4WJZqclg
3Ig_Qn9KL64
3JJ2Az-RdSg
3KAvj8ddYCU
3K_WiQ20WnU
3KtanrpAFqY
3Kx80V4nTXM
3MafEkKYgbE
3MhDCSbtxjA
3MyOuzHGeoA
3N8ajZxAmhg
3PhDgT7kViQ
3Q4YLnxxLjE
3Snz6Gli6Qk
3TI_Q9G3GTc
3TRx503EXrU
3Tp3pjzsS6o
3UvLnWB8uf4
3WPKKMswlfY
3_YrstumZ1U
3a7DjLciahs
3aZspWnLOQ8
3aaarWMrQhM
3ezRshvkiTY
3foH8VstshM
3jI1-E8xQlU
3kTyxBQI0c0
3kYh2fDhy0Q
3ldMlll0AoA
3ltYoCf6olw
3nOTfXgZpmo
3pbwn3JnRqs
3qJo8bV5hOQ
3uqo_hgDk_8
3w4w-0x_LpE
3wf6kUD5QzQ
3wzunz7Sy6Y
3xLsVJEt63E
3xatP1qh_Aw
3y3ETLFd3W8
3zSXXZsdDmc
40oC_ZRHciI
42CM9aVYzIA
42Gt3D5DKyo
42qndds45Xg
432PkQArHNs
44zKH373Cps
48tl9yQxSZk
49A-cTI3OUM
4A-vB7sqCyU
4ASfzESYFn8
4AWX2nc4liQ
4AmdgqiRvFE
4BA2ojj4LJo
4BHFGSLyWiY
4BV4jLauGLg
4CP72FLS4s4
4DddgcNidTA
4DygedsCO90
4ENj3-XQl4A
4EmVvNH9SmY
4F6o3biVg-w
4HTeth6YylA
4JBJjUiuGyE
4JMrL9Yp9bg
4LTp0ndSJjw
4Lu3GUdHdZ4
4N23qTg8Wek
4Ni4-BvBSPc
4RmXFQ8ywg8
4S2IZGPc9hc
4S6voyEfdQc
4SsHK8f6KH0
4TttHTekQFo
4UYoNtVSJOc
4Uw0htfgOPo
4VgIRnUAsU8
4VibhJedOJw
4X4njGHGwmU
4YsbpyLRsg8
4ZIxJpoc2d8
4bcjfLTeodk
4cygU7MiTPk
4dMb6sDejPo
4dVnqS5HVkU
4eBoTI6_1Q8
4gsLJOR-kJ4
4h-igJxlqKI
4h7w3fhkW7g
4hWZIwxJPIs
4hcdgSO1ogk
4hhAzbkx2nc
4htsAnl62sA
4ihD3d4tH50
4ikjNwtpvaY
4kDJbmo2n14
4kI34weS6XE
4lPuGgbAQBo
4mERQhxmWEY
4n1jGhwOj3Y
4nqTR2JmQKM
4oO1gmYFkIo
4p2xGF1B1dE
4pGDK2Di7B0
4py6vtTrXNM
4qDkbAgj9-w
4qEMcqkgRLY
4s-wh0nNkno
4t3FykloKfM
4tn9T0WLmTA
4uL-6js1dxo
4ugHPnmu_f8
4v3Ey9wWE7Q
4vUVoLLhuyo
4vY4ZZmlrVE
4xVCXuQVx3I
4ykaMUYU3-U
4yoYuZxGYn8
5-eAAB5FEvs
50VokqUf1dM
50W-osgdJoE
50eXbEq_04w
51Mdar94GvQ
539a2ZuKaRo
53mYg-KTsnI
54O3Snaf4AE
54RaFra7bC8
54TQw5Wcn9w
55oboIgU8Ec
56_koBSB19U
570ZsZ6tJfA
576AuBj8GZE
57hzlc-Ab7I
58VZ918FGKo
58qOiRANbxo
59DxJWI-vF8
59hGjEgykDc
5BWz_Pn4k1U
5BnVykIo6FI
5CbuQ9ckTs8
5Eqomr8EAtY
5FxU1y-NdRw
5GDn3SLC7ok
5GR6bP6g_-g
5GfqBMAhAAE
5Gkrz3fUJso
5HqB2q2PWkI
5ITmeDhDiZU
5JSxtLQxnlg
5KBnu43ErCc
5KL-V5sISY8
5LSGpf3VhIo
5MN1guoolPw
5MP_iKr_D9E
5NMJ3P57nCQ
5NZtSqefKvc
5O9EwxGct9Y
5OSJHQFHbGA
5QLvWwLWsGk
5RDtRKEKxDA
5RhiYjSFkb0
5TAbCG4OptA
5TqQp1RjPkI
5U3sW1jdflw
5VMtxH_hlEk
5VheFrGIM_8
5WiXqGohkDk
5WqRmSOOVAg
5Xb7JLKPsQY
5ZCrKJ99ljE
5ZRGKtHukP0
5ZZVKTMMCFA
5_DqaiGUbsE
5_x0C8xndHY
5aPDcx8Sbp4
5bV48vROUJU
5bZspqpA6xI
5bbocXLiR3M
5bgPxVSVYHE
5brLBKFuZeY
5c_R1BXn_wg
5ckesj5uTq0
5dDW7l2x1iY
5dE_0WlwEX4
5dns6uiwFa0
5elYfDyCvWQ
5ezdSqGu9MY
5fZKSGiyUZY
5gJalrNcTU8
5ghbm7H7jes
5gqUiTZk094
5h3iJfIG5_Q
5hYx4XLtWn4
5iSivQVJlyw
5jlCgyndl3U
5kbQKFm-sGg
5kkEzJCl8VI
5lLGdJd-SFU
5mCG76d72oE
5nEBXxQ6RH4
5nuRwTNM9JU
5qWiIZxRQug
5sGySBXfL4g
5sipOYeF6gE
5vhV8nnxAsI
5wWzWoYyipk
5w_gOs7y1mI
5wjG-IgHx3g
5wwTWLcbzr0
5xPjSfUEqeA
5yA_8tRvP2Q
5zGlYs814ss
5zWTP-UM2xE
6068PJKCSfg
618vHLcH42k
61f21D7Qivo
61jRjX4WkiA
620rUgS_y6s
65BivFz5xQ8
65Ef1hQARBI
65TGnoSBXOs
66-JsorNu8w
67NvZpPrDsg
67vDrOGM9SU
68_Ul4dGqaw
68iJCsouJAc
68oJGa_ZVU4
6AabHbct0ls
6Afrm566Gg8
6BScotqna8o
6Dy9UffpqN8
6F-AbhNdL1o
6F75I2xBR5I
6GM6FbON8zE
6GU2Yglkwx8
6H077510Jbo
6HD9g6rm4AQ
6JU0XTaG7oU
6JqW5sPYWgQ
6K-RsUV9Lo4
6MGlFJQMO3U
6MbV8H6gFfw
6MhRvXvN_WU
6PblB2pXs7o
6QCqZolVvjk
6RVB5uCe_98
6TPTaaaaWto
6USeb9JR4IA
6UplIcUaJ4U
6UsLdjyFYqQ
6VdV4AoxTMY
6W2Lm8p_VAM
6X3jW1Nu9Hg
6YV1Y4Wrw0g
6Z3RF3wjWw0
6ZiOGPhu-BE
6b8b7O4ATh0
6c_m1FRdRJM
6ckc4cvvYl4
6dO18Jrd9Ss
6el_AuicYIY
6elcHrbCMXY
6f1aDHPHj8M
6gqH8_WDmrc
6kabalVbhXU
6lOk5ZKMR1o
6mtwR8Shdf8
6nyV36JS2IM
6oGrSsTyQnc
6qIWsHqMOmQ
6qXRCoSpb20
6sY5Oy9pcmI
6tutYbr4l4o
6tvObqE_kYQ
6wAmlSx-2bE
6xd31sCJYaI
6xzHsbh2IHU
6zQWW8ijhJM
6zbxNMPTBzY
6zxp8Zk_EHU
7-whUoBP2is
70e2HiNcyyk
711PtZCMJIc
71piNVMKiLU
71x9dgulfi0
73HV0lq5vh8
74VxDfRZljo
74p6pOCNsSg
75KXuN98Les
75XOXfFxPuM
76CHz-pZMWc
77FLGIUJo0A
7Ax62hEWcfw
7BIWUG3gh5o
7BmauCo1hRc
7CPBgCMLkSg
7DVUOn1Mq6M
7DexDsmWIwE
7Hd_jG6WJTE
7HvMjFnChKo
7Hy7BosMYLo
7IE2aAbv534
7I_0iXnYIys
7IxXJlRuOUY
7LC9TSwmFZM
7LDmfUyyWVk
7LLvos__9oE
7LR2-C-CZQ4
7LbPpEKzetc
7PK8jJYL_qo
7PZjnWx8Rxc
7QlOt8kV4x0
7RWisJP0vzY
7RnlzfTzduY
7SyU-A4OSEM
7UBcGVDO0rg
7UZTgf6IFR0
7UcQWm7xL0M
7Ul6v1wRiSQ
7V4WQWxkG1o
7Xhcau1shoc
7XqQdKQ3-bA
7YrfIyDo_7o
7ZWv75y8KA4
7__FHhrpywk
7aIGIbLDzf4
7er54yOELl4
7fYM25IEfvY
7ffmuqXT22g
7hCH3rLUcWc
7i3OKNg7gOY
7i65kz14S-8
7iL-QN6ijz8
7jWjWIiMpTg
7jmuxqrmvsg
7k6TYvGDjj8
7mEvXuaZ2tc
7o2Zsf88NNA
7orRZeDQIVs
7p51M5LSCk8
7p92c1NhQN0
7pT8Xl3xhbc
7u-g7JHfuEM
7ux2XFDMHCU
7vG4WVyQQtM
7v_F-peobEA
7wbwergUOP4
7x5eEx4t8To
7yH8R6vuaaM
7yPC8H_dZqM
7zC99drsF3U
8-G1q7DrGyc
80NuP2b2cWU
80ysR0pFqHs
827nRhYTXdw
82c1klr37pA
82mXmOcyWyA
83FbiZEjS1I
83K6H1PlLaQ
84BMPAlkTxI
84ZoI9YJ_ds
84w2We9Btzw
85ZH9LlSoiA
86AjbVfWfOE
87FELHfDU5U
88IhZfvGJCY
88_r_R8-WLU
8BnfAgkwN0U
8D1TyspKUFI
8DhG-6q5YEA
8EU5uB9fxac
8EdAg4ohnU4
8FxjtKDZL-U
8G97r5a3GRc
8H9vVuneD-o
8I40oG9ZZp8
8IMyraqju80
8IWKLHaj9T8
8JETSMof0mY
8KCNArvtJxg
8KSpfWnVe2k
8KXTYfdhc7w
8LjrX5rUTYI
8LpxQVD3_7M
8LrMx5jXv7Y
8O7c0Agg5L0
8PA8D6WVOOI
8QamuhdLMz8
8Qy-QPunQVg
8TFRoV4rBEE
8Wx_NgCtUBc
8YOohzJnU5U
8Yxi4WKOelY
8_IX40Kx57g
8_TLYlMTYw8
8aL9DlxAPV8
8bFyuhgREO0
8eLEXFykKEs
8ePVUy_WqhQ
8esY5IVV-fU
8f4eOhk0XBU
8i50eBOxSMQ
8iEWfa0szG0
8ixA90WxC5g
8jODzxlDZd8
8m5X-uCzErY
8mHkpV40xX8
8nM_qHi51v4
8oJ8riT2DgY
8rLbYigXr3o
8rN1CDokeSw
8rUj0F-85Fw
8raDNKLsggs
8tFwWGr0bJQ
8u8_cP-q8Bw
8veP-CiNegA
8vsts1v4Cno
8waazcMlNjc
8wf7sHggqqA
8wtVD67rZzQ
8xTeawlfU-E
8yGjiBkUAGg
8ytU-w5YKvM
8zIuw29J-jc
9-HBzvddNDM
90IaWSc83cQ
91p_cOICtIc
92-Gv0oKSWY
92ucJ7Sf5fo
93RWOQNeXx0
93Y3T7aA3iU
94fU_fuauZA
96InQAjwcko
96nKLtezhgM
98SqcuG5qjs
98hfN4nXx9w
99D5IF4sgVk
99lCCct8psU
9A0JMaZ4crY
9AiRHARf0Nk
9CRGvWji5sc
9CmWsRkOPhQ
9DQWq3miLA0
9E7nrE75BwI
9EgXjET60dY
9G0ib2wnva8
9H4HFsOv6wI
9H6waXP7wVA
9Iij26FRSCY
9J4x93RNUHk
9K28Fyjm4NA
9KAUoC_Ceb4
9LxTDOw0a88
9OUU2e9_j-Q
9Od-bHIbEYk
9OdSXJvz0Yk
9SQOQGBPx1M
9SVkcGAkH2c
9SVv7QwrSRE
9SWLYWnNv3w
9THT-XDIWX8
9UGuQjNLP-0
9UJ45974BU8
9VN-xu3JLS8
9WhUjT3ialM
9X8W6lLePfU
9Xr_y0oW1Fk
9ZVivhuRp3g
9_M4h7NI1-8
9a3YxnT_ucs
9aarMWC6lBw
9acl5OfF_yQ
9amzAteAjR8
9bB-uHrRvp0
9c-JZ2GXWcQ
9ciiyxxhIjA
9eT6l0toCjE
9f1bpqHFI6A
9fKStIkiSjg
9fuX4zn5pso
9h1wF2o6FcE
9h4XASkEQOA
9i5hupMrrHk
9j-fnG5z6QA
9j1JKBDE-e4
9jriN64aEv4
9kgj8uO-oqs
9lpiEAINJgU
9m3IKmK3MuE
9mMy0029Z8E
9m_06UkIDyk
9nRngDjKbV8
9oJ27IbilC0
9oJUPgsbaac
9os8NI-FTuw
9p7n9Yo8xRY
9ppQjxVFLP4
9qMLMQLekfE
9qPb3Gz47WA
9r0vfRiJnxk
9sgsVjMgqgA
9tKMzViL5lc
9yLwDI0s1xU
9zEsiUMNsgI
9zHs8OXrO6M
9zKmi8aU1ZU
A-_gjaiIxZY
A-m8Fd93faw
A-wGqU_tOKE
A0fzZOT5vtg
A3EnR92D9qw
A4UU9C3WnpQ
A6VhHCMRw54
A79SeglMRa4
A7HyMit8m8M
A7WkU0D_zxw
A81HmU0nitw
A8FynJR6mho
AAAb7gf8LcM
AAU0ovP1Tgs
AAmPsSo5qZE
AAq4hBkUdbM
ACHraq0t8GQ
AChs9hGb_UM
ADS0rz5lmyw
ADztaqZyjsA
AERoRFXjGHo
AEcvOPeIN-M
AEzDUx9lwr8
AGDgqUNvlZI
AGU3LSS-XSI
AGqTynXEUEU
AHB7KsBZtds
AHXDHIRRpMw
AJW9B5732LM
AK0ajSaFFV0
AKWyFJr_UuM
ANT4jKuxvGs
AO9cfvz0TSI
AOC9MXCXiko
AOHUCvx0gHk
AP0qWW83bHQ
AQPCvsJJgWg
AQUasoeVrGU
ARBqD3cZwxU
ARLPX8UQEaw
ARLS9sP6XAM
ARnUQbdHuoA
ASnhOzRJq7M
ATT_0qjiYj0
ATWrVIJVqmA
AYxDKN8uzn0
A_7xDzn8bT8
A_dw66YbnCk
AaNIbnq3Qp8
AaYKDhFz2pk
AbHA9srFVE8
AbvQjUdrGAE
AcPOLLwuGSo
AezIIj7nl-w
Af4FhvrdgAc
Ahw5O-lTY6A
AisamuW3vSE
AjY8j4sy2YU
AlvL7Ehokw4
AniR3XaWH9U
ApREC-UkU4w
ApjPAeU89SU
AqeDCJJI_Lk
ArHQpmweP5Q
ArL7qtnEBHM
As-ZyU2fWu0
Asfbulb_Tg4
AtVi1lY2ZZg
AtxZ18FOigw
Au1g2YhDbKs
AuMQP1p3QcA
AuaRr740yaQ
AwkGsxdEPKc
AxE--oUQ2l4
AyXdi9w9Zq4
AzgpQlfGOAk
B-BRuzXc-_c
B-cURMwlmvk
B-kvxDzeY6o
B20JSjVP80M
B2d_T_6s9FM
B3Bhdq8_gGQ
B4fZBsmijRY
B4h-GpCpBuA
B6Gu6ENY24o
B6MGETz6StE
B8A2KWLGDIs
BA52CthzmHM
BAQkJqN1ao8
BAe6AWWMdy4
BAqZp6J5qG8
BBjzNW2d6Eg
BCihjEl_vlc
BCkb7dvtSC4
BCoEP6wCMmk
BDqlxXPLFNo
BED7JJPD0wQ
BEdL2EHacPs
BEv0i3SYpjM
BFgCG2K3GdE
BFvtIPizWRY
BG_RtoVQzCI
BHWtbA1uHcQ
BHd5qoqQipU
BI9nQDUXBls
BLmOfX1eeD8
BMIcUf4VUkA
BNB1yq1e7B8
BPU2laK5pZw
BPV6gJcv5XY
BRJ0AkrHW10
BS2bxjcqyLE
BSMtL6uNJyY
BSc_kwQqU_M
BSpWHXrmlt0
BTsNtsEuAuo
BURFFDqR3mA
BUo7b0qxofw
BV-DbBMxQXE
BV7GGcYbdY4
BVhURpg-12Q
BVjQEpXWoeA
BVyEkFG3a3A
BW6x3Qi3UV4
BX5LeXb2mdY
BX7fIs4Qu24
BYCFer8J9dc
BYaDapSPP6I
BaKXTTfRSKI
BbKlFqjTVt8
BbP-vTa9wFI
BbP5r3Tb49E
BcA5PIVVMxQ
BcCwUTecBkY
BctcWuyxr3k
BdhFAP_oVdo
Be3GHiiIsYk
BeSyBiVwQRY
BegMvugi9XY
BfATEUoF7X8
BfFvTxskTPg
BfVLVJkaEuI
BgMsaRjk8XQ
BiAJpgzasEE
BiD51hwtzNM
BiNc_1GQCMI
BjrWTsQc5-U
Bm--JiOJqwQ
BmCwV4QbGkE
BmHc-WBzHYI
BmWwvBVG38Q
BnHNDDeG0vo
BnzpUMvNq0g
BophW6XkBOE
BprUSNyTdLU
BqH9avdwKLk
BqlGEyuR94c
BuBaoauyPzE
Bvjo4DM4mNk
Bvsz59YKm7Q
Bw5mAJZPSds
BxRlxMZRmLI
By2NeQmuKk0
C-euskzBwPk
C-gJDVi-x5o
C-i1zenxwb8
C2VlKH7lnoM
C2pzEy4DDUg
C3IJbWhwuUM
C5LT3bE4aYM
C6o9qN0ZTII
C7kqer47i94
C8hq6LFE3OY
CAlC518y_LI
CBS6Qn12k-o
CC3I0iaophw
CC9-CTbn53Y
CD3AOFLkNa0
CE1ahjbwlDM
CFozKF5wDfo
CGLoegX8Z9g
CGNddz0KUOg
CGYTnXRqsLg
CGbTPIIuHqA
CH41iWQ1oVo
CKCU2ke5W2o
CLHPVnGN3P4
COm6kByFP9c
CPCxWmIggGQ
CPQ_3pDnpXE
CRgYSTIaHpw
CRkVM82NZUI
CSfA14WI6YI
CU3Mlv0Zsiw
CU5w1IZpzXI
CUrQGbbfIG8
CV5vhSBjivg
CVeKRu4d3MA
CWtj7-KSP5Y
CXmfUepWuHg
CYarTHCSsqo
CZRyNWrm9hI
CZUR1qcGXG0
C_I3n8wp_7c
CaE2CzVWtEQ
CbTyoQgnGPQ
Cccp3rKpu3w
CckTzPTfPJQ
CcrmMuQiCV0
CdAkaiNLCMI
CdN2rbAPr6g
Cdzl1e8eTk4
Ce66H1FbhsQ
CfYFwYo5z_k
CfhyS-kQ7as
CgM3xGnbrq0
Ch-l-BNfHQA
CkExExTa5YQ
CkMCukbxndQ
CkcDqiNxS1M
Cp35xkUWY2w
CpQN5UGmnb8
CrEN4JCg1vA
CrRSMg0vvqE
CrwjWixP9Lo
CsK2J6TkrJw
CsxaW9paxjQ
CujgRbXGn8A
CvH4FG6UKlY
CvOOmsjoAuA
CwwQg_F9OUM
CyKi5KmOLC4
Czygp9iAQlc
D-D24kz-OIo
D0vJE4zpSNM
D1JzwSTMeM4
D2Ms_9poOwo
D3ECNP1x_sY
D4DRsG_Rouw
D5sBy-iq--Y
D5tGtFNgg7U
D6lRVonhAng
D7uD0Cyr7KQ
DC42JJKr8YI
DCNaoaE1rjk
DDyudZs5xFg
DEQTy3zRwhI
DF0yB2PMJyo
DFQxSdynVLo
DFl2AuW_P8A
DG4s6AOt_hs
DI3D56b7lEQ
DJPrKrpbaHA
DJSNR0jVWiE
DKBWvPczh4I
DKFK5umyk8M
DMH6rdYB2aA
DMKIdA8JZ8A
DNQ5-zCS1v4
DNr-bE1O3pE
DNzOj1Wb8So
DOV3R5PyLFE
DPDrHlgr5F8
DPV3r4FQNOI
DPnW0cxZGQk
DQ0fWMQTBPg
DQFlWhSee68
DRmjj9lqPDg
DTU1Vr8MgZI
DVhYOGuUnHQ
DWMWmoKwW-o
DXq9c9GrYcI
DYbcqhYmYlE
DZ35Ue8U8qE
D_3XZA2iZnA
D_N8cHSA2Bk
D_S8nxdYCqY
D_UzSkaV9GE
DgQX_z91wTI
DhPW34s3thw
Di25wMF9Pfw
DisxkM6zhQI
DjHTZSdSf-Y
DjNnqynPEWA
DjQtQ1rqEQg
Djw5VYV-0s0
Dla4GrpXF_g
DmtK_IXPgP4
DnRDxTiwvnc
DndoCJzNexg
DqSybWmxSDI
Ds0MVoCR994
Ds_IMZWvrfI
Dt1VwgN3hZk
Dtbv5FmEts4
DuZ29J5ScuY
DulHqAC_Jdk
DvwiTMTdYeM
Dw82fokrRUs
Dw8ekkhTrso
DwFvoL5g3iA
DyUWG-E-mo4
DyvWfkg6WTY
DzVsIxkrOLY
Dzasg0fgEjo
E-qSX18ws3k
E00gMvCKOMs
E0uET9FGrR4
E16UJcFK3yM
E1R-iir9lyA
E2aVfjFBHCc
E3IBSRec4pM
E5Buz_O7Z28
E5d7uObToXw
E5nXGlZknJA
E5w6gI-8cu4
E7hwYnzdVis
E7l1YDNGQIs
E8A9YvIfuLQ
E9TngQe0KGw
E9Yp_Qa73SY
E9_Kb4Hq1eE
EAEtGauTPiI
EAuLSq80gM4
EDFHWJ0FQZw
EEbieSkNXe0
EEbtitMjXsY
EEjy8js53ro
EErG-kl_nhs
EFT3wYjmbl8
EG20GvxF0jY
EGzO2z1_Zqk
EHNZwV-NzGE
EHhN5GDIyo0
EJMdWS-IFKg
EJN_rv13PV8
EJyNqYDCy9M
EKfA1Kyb39M
EKjpWvkhHx8
EKrPDAueMUU
ELBukByVKQE
ELOufzMZwFI
ELWi64iHDgc
ELYWNgexBBQ
ENIW8JM5KM0
ENY5k40H0Cc
ENaFSV_HjOI
EO3GuIhcHMI
EONGHP_LDKY
EQOktvs-63M
ER30nU9i8ns
ER9UASSg1YM
ERp5c6Cu_kQ
ESnlezgBqvw
EU8mDkv1MIk
EVPDsGZ2lPo
EWWnDYX4UvY
EYJcR11Fpt0
EYoaBOHgf-A
EYuKkQ3RTbg
EZ2XBw4DXGc
EZGxynrCPhE
E_KzWkrSFcc
Eb53PVoEbIw
EbQ6fSO_3xc
EbS6MAnI0gk
EdW_KY7yWiI
EdaKQsN5lu8
EeYs1zFNnmo
Ef5Po5A14Gs
EgR06RmbKfQ
EicK-KW3-t0
EimaXSLqEZM
EjrSrp9m8DE
EkR2hPPY1qY
EkolCiUMUTE
El1L16REeKA
ElEmr3T-5ww
EmkuyHz9E18
Eph11Z-om60
EqmpiCbkhLo
ErWTYSibXig
EsSLWwRI04g
EsdYn8MQGCE
EssA2Hi4BWE
EudUhB7dg_8
EvH2AJc3rbM
EwIAdXCjgLU
EwP3yeMD6VA
Ex-rFJhnxQo
EyKjRsxyPVs
EzfDMwS3HLA
Ezzv2DFvRro
F-4PqYgh9tI
F-FNZyVzoJA
F0Zp_8BbgOg
F0s23vz5l0s
F1DQJTqez2Q
F1X_Y7tOyic
F1Xo8Au-8Jg
F1oHzl9xtnI
F3u82Z4zIXo
F5rgWj33ifY
F7KYyKPu2N0
F7MoaRFEbrE
F7usOyrLm2A
F9Uhts3vstc
FA1hcxDhFw8
FAwvYKGI1xw
FCGfoWQSRX4
FCSK8t2zqoM
FCqD35qtWBk
FFF04vTpVCA
FFzN2CQhwuI
FG3NpBwIttQ
FGYQef53Pdk
FGpih5EoF5s
FH4xYRnK5K4
FIYnGLCKe1k
FIs4q4W6hyM
FJiB02WHT5I
FKgI4iP9ZAo
FKju4vK0F58
FMKAIWT36tE
FPguN0YcoEg
FQUkEL-G2zE
FQjtHYEmBB4
FQwsJccxx-E
FSvVO3sLD-c
FTojb16H_bM
FU6q07m50wM
FVnzzA27bec
FWU0dWiFK84
FWu_U1HK3ZM
FXHtLWYpHEA
FXjwdYd7gpg
FXk5ZLVKCmA
FYsM-let7HI
FZ0QXskxr4c
FZpZg5C-CeM
FZznP8bCSmo
F_r4zKcP21s
FbV1E537puA
FcHK1Klbjms
FcPhNu5Csxo
FdOpBb05bms
FeTSEaPGnHw
FeeyjkFkL-o
Ff75X03r9p4
FgCWNonKiyQ
FgFWPUAqYwg
FgMf8s7fDQY
FhB9C8gi3CU
FhiVHDOMS8w
FhmGcbgALjM
FjwBDwq3l6g
FkElxwhUKwE
Fm0TNmQ-kSA
FmUHayr_gbE
FmcwjCsm5LE
FnSUZ7f6Vq8
FnYoiYAHyEQ
FqnpxV9PXsk
FrvYMOOrEKI
FuGxoXB9zKA
Fus_vWPYZUU
FveXDOYA9BU
FwxdttOKi_k
Fx7qGblPiHE
FxH5ebBHbHI
FxOzU37R8Bc
Fy3KCplkeJU
FyAZI08GW4Y
Fzl1Dm7roas
G-fky3vasck
G2q5S62ZRKI
G3Z4OavbnkM
G3riv6JRkrI
G3tYkyMDR98
G4F0lEm73uk
G4SZf6rzUMw
G4ypXgDFTvw
G61sw8Fhtcw
G6b-yLvoxCk
G8Gx_Ha_DpM
GCfDXStrXZs
GDVY7NHs-JU
GESTJzdfbSA
GFwaIrWAcoE
GGBpLEnkvTI
GI4re8xlkn0
GIinVGzryo4
GL6oTDzo8WU
GLECcoa0y-o
GLiVeAfbgMU
GMJSL6fXC8w
GMhWnE1Kbpo
GN6WgW2TIvo
GNbd3P8W1es
GNgSJFC7lII
GOB5TnKXN7E
GOWX45FqMk4
GQLYodXv2Rs
GRLuElc_PQ0
GSGjNxZrjSk
GSmBJ3-V8Cw
GTo9FeHTaeY
GYNKgfdev58
GYx297eKRbU
GZhS-rVPLsg
G_ah5nMQvVg
Gej68_Efd_s
Gf1-xZx_iCo
GflF1GRQqFY
Gg3vVeBdJv0
GgjeNr78pEo
GgoFN024eIY
GhBzOM83Kyo
GhjZW8stdj8
GiPLspfRtiw
GjDr8VRHmgg
Gj_-Q_eAXkk
GlNeLA3tEsc
GlRiifI5CCg
Gl_XJxJUM7s
Gm6Vg2H8IcI
GmxJ_gjVhEg
Gn5O9rTpHrE
GnUekuYZj5o
GqHyIWEy__Y
GrvwTWjk2Hs
GsMn8cddUco
GsOnUzK1vuE
Gt9vTNvfZEc
GtKPJHgLlPQ
GtRDYlu8Efg
GtR_vnX_eWA
Gu_z-4zkro0
GunABbr6-4g
GwVVS3tzB48
GwWSvsPekjY
GxU3MrtMk1Y
GyBg-OUCMRs
Gyh6ZEdCgUs
GzQPp_e5M_w
GzjzrqhMAe8
H-7HcZFkRBE
H-Z6AvRVdtE
H0_B-m9lKOI
H0jIfKfsuu8
H2O6eX33uHQ
H2dg2oLIfd0
H3Nt_mfdDso
H3VV9203BAc
H3vfcyxxzzQ
H4B5U0Xfumc
H4Vevngz6WI
H5eCOhzBt2g
H620S6I5ej8
H6y38sUkmpQ
H73_Gf9GS5g
H88wCtreWB4
H8Cm8r6OpQ4
H8cJup7z8hQ
H8s9CT89i7k
H8yL8uzj1Mk
HCR7Ixc9wUM
HDvpj83WVA0
HEr97TqAGuk
HFVwVDkg7BU
HFg2snu3CoE
HGjTNijDcfk
HHBYk5l4Yz0
HJ1sp1xKPGA
HKIB4cgug2M
HMmbRHW4G2A
HNXiDACF7xU
HODoULZxg3c
HSEdmQJVNo4
HSUdZ9sOQRU
HTV10z1sIYo
HTWbAWQZVZA
HUciBoW5TrY
HWFnJC59BFM
HWKbX67-cdk
HWM5PnMf3FU
HWmms0h0-o4
HXH5GER3ivs
HZ6a2XHwGmA
HZ8GlnvfIFk
H_3n81N4byo
HaWKcNRT1o0
HacBCLeYifQ
HcUHwIjkDcM
HcvqM9LkKMw
HdM_nIrJ7no
Hdm3Saso0v4
He8TsegXFpo
HeWi5XwEHN8
HewY4h-Sgdk
Hg216LB1Y94
HgY6oPF4p9Y
Hhn15_Pbdpo
HiTjpiitjik
HivWlYiW6K0
HjqXgFBM2YI
HjzwgyKxnuE
HkM4xQ7ZBEE
Hke_Opxfo9o
HmNV5QCrI3A
HmYY1S1yyCg
HnDx-22Wp90
Hn_yElDCUCM
Hp2rlX5HsXk
HpjxZ6jz1No
Hq44JjHqYfA
HtkHCdS1BuI
HuUN9TkHxFI
HuYRm7lxDgg
Hv3X50w6tNE
Hv3_POzCcS0
HveeN9_7uUU
HwbCLeVPcbM
Hwlj3upK6VI
Hx0fOgGs_V0
HxE3BloP91E
HxlbYnOl7ik
HyVDY8S-0gU
HynpuEM2aS8
I-_xsGNOw3I
I0EZimz95FY
I0lXilAZvq0
I1CBo3vbm6Y
I2Is2rRz8Cs
I2x3l-jE2wI
I47xMi_HXCk
I4J-GUPuxLI
I4errxeT6pQ
I4gIkQCnyIk
I5MKXDgxEPE
I5afm0Xm1F8
I5s9EuUxwVQ
I5uke5j29ww
I60SJ1Gn2Ek
I67yRj92GKk
I8crJUeANXA
IAlNPuuHi9M
IAzlfe_o0Y0
IBmVsofAmio
IC7md1qYR1s
ICkTL3TuIDU
ICuecOPaeqY
IDeQhOOf3mE
IE4tdGKMxpo
IFCaB9WzJkg
IFfM93Q5NZ8
IFt4krLiC50
IGTPZ8Fz7lQ
IGczfFd9G4Q
IHjq8f_UugE
IJFD0rVTB2I
IJHjuvCUnBQ
IK8esSgSZsU
ILAl4Img_cY
ILBv8ZJ3cdE
ILFsy3vJlO0
ILe8NuFJUok
IMPk8A5nfiA
INeePPciXv0
INp19Mj9On4
IPaw2Vvtdg0
IQehFPHT-K8
IRs7OyGBtnY
ISkkQck7fsQ
IURQHWozxmQ
IV2ZjSrKbvM
IVaD1dAvs04
IWaLv--FgHQ
IWxwal2WJTI
IX2kEN-6MPI
IYr12BFNpQk
I_ZqaJyTnMI
I_kO7l0qE1M
Ia3uPZLZep0
Icx5FgIRTWE
Ie32ViUPfwU
IesUBfs0B6o
If150MqLkUk
IfOArgEQ7U4
IgQEEbJYhl0
Iio2HhVWXcc
IjNys4rMlkE
IkWqiQhUnU0
Im2zIJLKKKE
InvABXtVzyg
Io0V8rMwths
IorG_avusvI
IpsJGOyp_E4
IqGjieOs1yw
Ir10KZ868RU
IrH9cmF6qNI
Irs6AhbUvxE
IsodH3dOKug
ItmBF7L7m3s
IvGGORBdq_g
Iw4Jl6jvRE0
Ix_nEEKgYtk
IyLKsb7CRFY
Iyr314LtP0s
IzgfhgYLLhQ
J1GBI5DtuPM
J2En07VAAZE
J2W-CTz9m_Q
J53uGyZIK2Q
J6yD-41-3c0
J9JB6ZZS3Fc
JAZ___Y4l98
JBFD3zn2WAw
JCrxhiAbHKQ
JDvEdBBv0MI
JDxLvea8RzY
JGGrtUopGVs
JHjHl_0dpbU
JHydULWNfs4
JIo-iUbWdyI
JJoz-8Tvgtk
JKEhNft1PHU
JKfX3lDABaA
JKmnWvaKtg4
JN9PHI-19fA
JNcds3Hs96Q
JOOPOWqBDAU
JPbQzcCMjOs
JQD_TtZ-S9U
JQXEk_imFOA
JR147UZYd84
JRoqOtyVetw
JS4A19whp8s
JTGe4HInDI0
JTvBOAV-7xo
JTze8KHCADM
JUfHyTgj1Do
JV6Oe7n7aXk
JWH7VKvA2MI
JWQvbtVunjE
JXZIdj5YMCQ
JZAynj8qmK8
JZBjE9Wtp8M
JZSgeCBj7N4
JZVObZOKLXw
JaJk9pq1ntw
Jb8H8Sg1vTI
Jf6z9uSyLKQ
Jg9qwsK-Mgs
JglwjmS86ro
JgnBiXiorvI
JhSu08BuTe8
JjAVwbddCAs
JjQuihpTtYY
JlD4xlQ7tS8
JlLi96_29gU
Jlyk_Th4BbU
Jm5zt-n_2vU
Jo7xlUmgSCc
JrVcULc8_24
Js7PEBTGk0U
Jt-cUXG8Qq0
Ju94nbSbFNo
JuTbW8YYYdk
Jv2cJVtZnlE
JvMOK-NgIQs
JvwM6SZxbwo
JxWT25pi4UQ
JxeHo-fpgas
JzlZUKRzmB8
JzuJrpkBy2M
JzuMPfMtY-o
K-RM8C-4uEs
K-h78iAAeJQ
K-nvHaGbUcE
K0c0dGOOgCM
K0ffjOcq4-Q
K0xwpDe4GQI
K0z0eF0MxT8
K1hvoqN6LdI
K2Vyoeysc4c
K3pzniY1yKs
K59uT6CfUKo
K5aPMHsnuo0
K5bEdBB9b1s
K5fus9OZn0I
K98XR9S1TSU
K9la6V1coPs
KA2cjRY095E
KC71cHiKVek
KCK6-WtUx_4
KD81jGALgK8
KEMrfV22nD4
KEiYeNRX-nA
KG_KgWjfK7E
KI0Q0SqLqjA
KIVTxRNqLdM
KJ9yBYJbyIM
KJOpQjzQrKY
KKy_bEptlxg
KL-PgXyWFMc
KLJQBKtQC78
KLc5T9MSFVc
KLf0UWBVkhQ
KMK8yRQX25A
KMarsqNDvjk
KNTXytq4H1Q
KO3XZiezu7U
KO4Z4hDqEyE
KOBcfezayjQ
KPGUEq03N7s
KPWL27yiluk
KQYmgp5kfTg
KRDV0lEMjzo
KRJzMSenFXM
KRtnRymLAUA
KS11ZAjhAzU
KSC7lX0MlPE
KTX_ApSwClI
KUmUpcHNSFA
KVFEAVSlEJ0
KYPHvYiAsgo
KYRykMY-gWE
KZ1IoGQg3IQ
KZU0EoZDpz8
KZYitisw6h0
KaCIL0Q8SfI
Kaw6pmuhtpU
KdU6neB7MhY
KdlGa5kw3Yc
KejX73kp5vQ
KekbRd7N40I
KfT5t_fxL0o
Kh2ly1hL-w0
Kh36Cn1fzdA
KiECQLIvEYQ
KkIsUQheUik
KllXXkdx4Cs
Km3EDu91gHY
KmhQwRKXqV8
KnbbbGFa8lo
KpG6j1rMBH8
KpeNTe8dKy8
Kqvr5Q2YPG4
KrTdXnPr9hE
Ks5eQ2GjtSc
KtJts_wJ6OY
KttPyAWtnsk
Kus3tHTBP9w
KvZAiGh7KxQ
KwRU5nSvI3g
KxIF0By81p0
Kxi-gWPMPCQ
KycEjipM_Pg
KysV3Ws7sJI
KzK0IyLtssg
KzLNjA5InJs
KzO3ReJYkGw
L2PgNkiJ5xs
L471ZrukYJs
L4ivk2XSkNU
L56ivt5gWPI
L5RH74DlXIw
L5TYHg0Y1Ng
L6gKvspdHP8
L7bwp_jovLU
L83a51SIu28
L9l4Xn3PYkA
LA3SHQOYabo
LANATQzi5L8
LAdTbbec2_s
LCjD4l8UWd8
LCumuVaJ1xM
LEjbTvjY4xg
LGsRs-dASD4
LH8QWnjrKfQ
LHWZ2NLoQik
LHgMLRpkLZ4
LIEuG4tyjbk
LJFcwLzRmgM
LJPLQVTQB2w
LKESVRbWUaU
LKbX3dRO-z8
LL3d150ziLI
LLzwkFdaCQU
LMSXSzH90Ns
LMZk2_wKHD0
LOtzwvJJHqc
LQeetinMwDg
LVilwVgmATw
LVsk8wTAXk8
LW--8HR6JQg
LX0wFKvticI
LXEGCJE4PWc
LXd6O-UPMdA
LXzEy9VXzJg
LZEKOY7IvrE
LZSQS9pZTcg
La5ltnZKD5c
LcIu5HVkGJs
LeJoMkZo-9A
LeQst-WROfk
LeZDW6OjqKA
Lf59aSDZHhg
LfxRUYjI878
Lg-7LlrxxVE
Lg0o7fkMyx0
LgJu710CC2c
LiYB8Wza23Y
Ljp2se3FLfk
LjvpUYsDPUY
LkiLzVKGag0
LkrjOARkzPw
LnuaUjVFJ3w
Lp5AgT95iBc
LrE4UFd5SNA
LtVCaIYH9Xc
LuaSL763EU0
Lw8iyJ3StPs
LySd7L6J8TE
LyfHojDZ_9M
M-6zEg9LsIQ
M-Tbl8q3pkU
M-UtB5xy9Xs
M03a4n7i9OA
M2k6rtew4d8
M4kw2T9Xm8E
M4ssiTKJ9Sw
M7_Vet8sgRc
M8zF8nScefE
M9_9zxglvz0
M9zKH5CM54c
MA1-In_dGxM
MAhpSLKyRgc
MDNdOzGmnvg
MF9OdYU-CPM
MGeBdgKYiRw
MHCgak3_zjY
MITuqwrtB98
MKOCU2U7-ow
MKX3Spm3vTc
MLGSQjXPVyU
MLObs8notMs
MMJTCgiPt7w
MMTfPd4dlxg
MNLX8gVlzfg
MO-eXbpSGxw
MP6kKTciDkY
MR9sSNIwD9k
MSM2mj4CxQc
MSfCbeKkgpg
MTMXuZ75SgE
MVR51RF7XhM
MYBc5yEYhhg
MYr3xvslN0o
MYv8i6SNeA4
MYw8LKK1z8s
MZAg1sI7Ads
M_ELgXez5-c
M_KArPElQaA
MaoMgXBgaEA
McAunBYgWpo
McCp7MPwkdE
McKjBSDYGqI
McMoiXrVhL8
MdyiQLDlBeA
MeAk8-cw23Y
Mf-hVtfI9VU
Mg2Qr9xvB-Y
MhK7MFSqPpw
MhtNOY9tcwc
MkUNwKj83s4
MlscKm7GlcQ
MmHBOmw8FF0
MnIq6y9-kSY
Mniblw_6hls
MomF-ySrvHk
MonzlpD9j24
Mp5FqIuyZ3Y
MqtfGxvJ6QA
MrabXCRgejk
Ms-icrwb-u4
Mse4VHju2aI
Mu17IziMmdU
MuHdwHCjqqA
MvS-Pn7dOqI
MvrtrIcqHug
Mw3w6k9kSyY
Myu8HIwIsd8
Mz2wVCsN-uQ
MzAouKRqd5A
N-n0soB5JlQ
N0M4Me04xbg
N0l5Sb7Zz2g
N0nZZwbUzio
N1GdnPJEdMk
N1rNdnYvVmU
N2w6JVoMnqs
N3-fyVEhW_Q
N37FOGlPgVA
N3MS5Wl4x8M
N5Ko9ThgZZY
N5Wgr96P78c
N7f_9qlU6Ho
N8J-dB_o_pg
N8Kyh4NsXkA
N8cE3KtxcqE
N9TKZy8idic
N9a4SYi0sa8
NAv_zt8BuIg
NBFt9W3kDLE
NBY5ktxWjNg
NDNEcx-iT-I
NDuB7hfQ18U
NEmHgSZ4dZ4
NF8vQON9W-E
NH0hi9w7IzM
NHFbDH7G6gY
NI48WijQVrY
NJRk0RblXic
NJmX6zP5DNc
NJsurMJ7HcQ
NK7bH2lU7_E
NKAPUrrFS9w
NKd6z6RLdT0
NNpqMpguL5U
NO4QWcLIN1A
NPNefBSRkik
NQ9-A3F0hIM
NRSgTdo-Vzk
NT61gJU-TI8
NTPU6Bhu2IA
NTZpavJj4HU
NThhdoIeO70
NTmdj3jELf0
NUTqpQePYoE
NVV9J42f97g
NWNN6ZKvhuI
NWfsSxlw0xE
NYXba3dFkpM
Na484RQh5s4
NaU8e178xJs
Nb7lhPlln48
NbAZDf2BNjE
NdVb4__w1Dk
NdsMWnfZy5A
NhlO5cZwFZ0
NiLHpRDSucU
NjpiAu3DfXM
Nlx8Cf0aSfY
NmHMM_DfbFc
NnK72Fx09BM
No9FVgssj0A
NoDBGhbzuGI
NpjW2j_YZgY
NpuVQdxzz70
NtIg_CVGgg4
Nu1Cu-IJO8c
NuQGqgoNY9M
NuX7o1aFEkM
NufXkpC_qXw
NuzkLZb2-dg
Nv0lONk49a4
NvEqLoQEqKQ
NxTNt_b1A-M
Nxq__0E7EVY
NyTm4w53Drs
NyvFU0cytAM
NzWgug3o7fk
NzkNfPDrbyU
O-AF6UduaEU
O0eGF1t3xps
O10xPfCkoyY
O1PZ15jF7ao
O2RfjKKRHc4
O2sr8ucXoq0
O5YhLVXH4CU
O6ki8IE19Ro
OAeNvz-vUoQ
OCC-U6NBA4g
OEXDCrx3Cno
OF2H1mWq14k
OG3W54Hj0Ls
OJ1C2caeTDA
OJwMah9BZvk
OLiD4fQNLnw
OOQUpHmrNzA
OPOcDmXe9Hs
OPQUL2fGmPU
OPwNh2m1sgY
OQbida5anh0
ORgvTmlwzUY
OSMTNCcIg9k
OT89VaEy048
OUZz9xmlzh0
OVmEP3YkPnA
OWUXCiw8PV4
OWW0KvfsZ8c
OWehnwOLLb4
OYmmV9xfC9E
O_ja9XndVvU
ObXdg3_lL-o
OcCFKQrxTn4
OdaKjDLKFqE
OdqvNtXi3_U
Odv56OFBpsc
OeNoiFdQEqY
Oec2S30oXNw
OfWSEB5BbqI
OfY8MTm8LfM
Oh7IhR3Yx5M
OhumkurL1ag
OiUoWmRmt_M
OjK0nJgr8Gs
OjKiSzIy_Y0
OjkQVpPen6o
OlBsR1WIT0U
Om4g1h9tDzs
OmbOQy7C1ME
Omul9osdmXg
OnHQ6NiIh4A
OnX3lo53-Vo
Oo8i2LxyzR4
OofhNs7z2Fs
OpI6IefekPY
OpdZVv-4BlY
OqSLyYHGkLs
OrWRHQYeYhU
OrqUK3nVtY8
Orw8nC61AoQ
Os3lgh35O6E
OtSq3WXwm4g
Otb-WnM9Qpg
Otw9GNnbJXA
OvJ6mgo8zhM
OwUM2KvDodM
Ow_Co2Qptds
OwyA8pbAFqM
OycZ6KLWjQo
P-1RjPC-JQI
P-2rDfiRqc0
P-eTlMtsWO0
P0hcxe92FqE
P17QlEQVS4Q
P1vUa7FgGD8
P25cIkT0a7A
P265v1agGI0
P3hb6SNKvAE
P455xD37Ru4
P4_ZiFzej88
P5L1HoL-4ew
P5eplEvAaoU
P6B21GFnuyA
P77By6LT5kU
P7MSPYledcM
P7RSuHVKJDU
P9l8xtA3D3I
PA2SRHBp2s0
PAVM2H9zV7M
PAXIescFCfE
PA_7I3w1SxY
PBkJgsI-3rs
PBnSMnEaRtM
PC6tvFu8vH0
PDrVOaTZ_HU
PEDdfO9U1NQ
PEdZHbAQPoI
PGFAvD2r2Yc
PHI-YABT5NY
PHO6AcG1Eqc
PHfE7fbHM-I
PHh0PDXwulY
PHu2RW81am0
PI6BSt9ftjs
PIjrsGbapGU
PJ8v8cp5HnU
PJB6KABNdsM
PJNpZIVlyFY
PJ_F0bJfsUA
PK0VwcXNnT8
PK753cpPwbg
PKULGBP1vq0
PLYfZ3o-LZg
PM4H_KlkLwM
PPvGTK8zGz4
PRwDuCgxsGg
PSeljWggfg4
PSnZV1axWvY
PTndTnuNq8U
PUQK2XzBlb8
PUgFIUNQdQk
PUo_Oh2lFTs
PVH-FHIPQOU
PVL8Wk1Wvmk
PWqq13z1c0k
PYWScZ-871Y
PZQ6bFAWRoA
PZpo2Bud-Bo
PZwVEnGpehw
P_FNjLxLPG8
P_yJ0TCCZds
Padf4QbSRpw
Pf-WN-av_vc
Ph_p6Rmdqr0
PjerftgmQQY
Pk63w7GHFHc
PmwyZIIvg_Y
PnEZ0mvQSjk
Po7F8WfA1R0
Po_UxKFbHWQ
Pp-rncaTi2o
PqR9HyQUOR8
PsvAHhOpT28
PuDI9MwX2lo
PubFuxbKFVk
PvFYDsI9rWE
PvK5W3iiyUY
PvK90x9C0ek
PvSYUhbFJqM
PwQyZgg-SNM
PwkbXNVVIbA
Px78jzv6EDg
PyV_N-i9jL4
Q-jIHqpDX0E
Q-pzvVfYFUI
Q03MOVYdnf8
Q18BJ9VDG_Y
Q2ZUHqdNgBE
Q4YRP3Kr4jI
Q5TtMsCm0ao
Q5WsgtLu4qA
Q6NR_irZl4s
Q6ZZgmkbKN0
Q6pgG3seVa4
Q7hLYEF4IU8
Q8fen-I3FSA
Q9W8NZO0ilY
QBNnlwMfLs0
QCJG9mN4o_I
QDHjDhX2K68
QDQ1dcYWTKQ
QDV7OODS3UA
QF8QIdiSWJ8
QFDOo8a-ycc
QFziC5U3LRg
QHWshsKUQE8
QKPF007WXW8
QN0hRR6GHMg
QNC8U5IcZXI
QNE1xw62ShU
QNvv_ul1cLs
QP8OkrQq-vI
QQfcRfZbJqY
QR0sMrqPfQ8
QRei0vuOInE
QS7ieFqhD20
QTRI-dCFZbc
QU5onCwpEhM
QUMnM-LS0SI
QV1MzZh7HzE
QV3YQu6oTY4
QV_8Myapm30
QWAkGxg7lKk
QWH-Gp0O2og
QX_pue7ywy8
QYJN92c0fRk
QZTh1yixxPE
Q_FVGPWgp5g
Q_i2fNdhtIw
Q_i4ywjXvRk
Qa2hLYiNJ94
QbqhHWeKBTI
QbxBwFtg4wc
Qfw0L6QErzc
QfwrCZHp80w
Qg2vd2EMtpE
Qg812RICnTo
Qhy04amNQPo
Qi0ueg5qsL4
Qiyuin-NZ9s
Qknk_4wGNxw
Ql0yaj8FHKc
QlJrZLV7aAI
QmL4Di0o-tI
QncubM02lhs
QnhTdjweYjc
QoSg0ORoJ4M
QpXgzH817qw
Qqs6UGN9T2A
Qquwo87gtgM
QrSz0FXUPYU
Qrddc9naCV4
QuU9HLIhWuI
QuUWtg3TBRU
QvGx8vgd_dY
QxaMjEePL-I
QxuTAA8bFpY
QyS_ZtujtgE
Qz-5Hk7PQ30
R0k9Vg5X-wk
R11DnXEUx1w
R13gEHLzjeI
R1Kxfi7vGNk
R1mh6BqGc9c
R26wFrVfBHQ
R2qX8zZF5sw
R3QMsoHdpOA
R4vQZ-vlDK0
R8-eTD8o5Ec
R87xJwV7cFY
R8bcWPkLrkw
R9-KxPqGeAg
R9HWzhJWa7o
RACen0qkzQ4
RAE72zvGL0Q
RAWXKyvjMGI
RAoeqs4dB1I
RBHjqaDz4PY
RBg3EA51Bn8
RC-phgMq0-Q
RCySBo159C8
RD7Zie3MJi8
REEQoK5RgsM
REyKH1uNz-I
RF7Ofh1OSVQ
RFXqpSliy3U
RFeqk5mdhww
RG6Vl_FPhaE
RGTVFOvf-tA
RIsId62lPSY
RJUt_5ZbBNM
RKkq88MRY3Y
RLlOuOyyKtA
RMKs2X9PTEg
RN-kdrl1yS8
RN_6t0AEeJ4
RNmiStCYnko
RNuiHHX9yik
RPfPhunBvYY
RQQK1kCktOk
RQqE6qUuGtg
RRX3MyHQCRY
RS5MJt3-STQ
RTEyG_PMhTU
RTafvZgSj9A
RUyJEPHisGg
RV_BO4ji7XM
RX0uE0qQHCk
RXaQ2TgPnpU
RYFk258gXQg
RYRlNAF0o80
RYdUP7dz6iQ
RYxFCWANeMw
RYzfOCIa8Qo
RZGj7Ktu2Gs
R_Abs-bYgvM
RaGDurCYONY
Rejki_c6cQQ
Reuljk7yCYc
Rf2ilX7CQMA
RfCkopXs340
RgjCnC4xN1c
RhQAgidoKT8
RiBFcUzs-rg
RiDMsNjVZzw
Rl9nkkJMwS0
RltbJwYhlRY
RmyeSuIZHO0
RnImso5gYxw
RnXEIetmljE
Rnt4vDEWDLo
RqCfUl4wKlk
Rrhl7MSTJL4
RsQ0McMV4Tg
RsthbP_4SuE
Rsusky8jye8
RtoUwy9Ykoc
Rv1OUvPUjyA
RvOidRmiTfU
RwpwkSAvMhU
RwsnGy0YEiU
Rxy-i7aO-gg
Ryhg8gxXJ2s
Rz3HM6KcdpQ
S--psgms-OQ
S-KVqi4ikPw
S0UTUrqpT7E
S0jt0-oxDGg
S0rDEN2PUr4
S1JNJlS7UUY
S2C9gupzHfw
S2Gl4UU6Ll8
S3-cFwRZOS8
S3hqlKYiWg0
S4PaTJceuG0
S5-KWGu3HLs
S6SKCtVKHgI
S7OVYiRTVUI
S8YPe_KeCZM
S8kjgZW4akg
S95BbzEItsg
S9WAKGbOg8U
S9_Q6abettI
SAEcGY-ShJk
SBKur0Bia-E
SBc81u9kATw
SCQGsN3bVTE
SCzcMjoLa1s
SDSUHyChRnk
SDbsRO14KWM
SEjruJanJVU
SEudBVMqDjs
SFvdayje-FI
SG_bH-vPv2c
SGmnWIL9QjU
SJrVXUQriaw
SL4hqRjfX2c
SMLl9a0HSuI
SMaHT0yTThc
SMtTPlAvSLs
SN-aw8csv5U
SN5b9xrLZc8
SN7Xd6_OtM8
SNKCBuM3Npc
SO-WcsM1taE
SPIyWsKxCIw
SPqQ2yRJ7Es
SPuruCAso4w
SQfwN92Dk4Y
SS2tGEekySs
SSFS20V4aSA
ST9kfmWhes4
STL6ZjHUhIA
SToOad2s34A
STpRn0MCOs8
SUknmFeKg0s
SUswvmPyTx4
SVtFfZ-sMso
SWCvpt6UVZA
SWGD4-AW8YE
SWrgyd9CVuo
SWuGV6iS6jo
SaDjIw_B7QE
SaMKcUVB5XY
SaZeUGCYTY8
SbGosvZc7MI
SbQLRy_cEVY
SbkUlZf1dM0
SbvXtrGcpWk
SdP8UJiOlmg
Sd_Q00PsbcM
Sg_GmExZXW0
SiJeNqmdQgw
SiUjKTxD8x4
SiZHWgkTMxY
Sjr-ERhQxHQ
SkQz14LvhBc
So4nOTOej3c
So8YkSENRNA
SpQqIKfMBSg
Spsg3IlN3jw
SsSEFEdrPts
SspmB_fuIHU
StdfzdLO-xU
Svx_fOYronk
SwwXKg4GZP0
Sx33ZQfUnD0
SxrSTHK77oc
SyuNotn_PLc
SzAxk8XnvQM
SznGTxq_6yo
T-Xg-ZBeI78
T-tGCuwSsnE
T-uO7MNmxrk
T0CMVh9cGcI
T0RsNOFktj4
T0ZZuZw6kpY
T0v_NKR8CGw
T1Kg_2yAr7U
T5H9RH-bLzg
T74OKCOS6kU
T7QxTBgbgfE
T7svm44ws-o
T7t2ozpYZoE
T8iM76gQoH4
TAb9gzBr2XM
TAsfLHzLqls
TDUu1G8TAqE
TE--3NY6jTE
TEtrU6OsxIg
TFTHkaGr6PI
TG-khhVe7Rw
TGyL4-wqVOI
TIu7TD6bmKQ
TJemxrasLAc
TJp0pluTnaA
TKL2o8wdl5s
TPN4s-ZCLWQ
TPs919tYHno
TQ4-Iw25Cuk
TQiRdh7d6FE
TR7wb7cRcS0
TRILuf9AydA
TRvghudAMb8
TS7w2JJY4KU
TSQYZQbFhjc
TTH9_TStcJc
TV1FGUQpowQ
TVlw1GlTwwE
TVogloV86Gg
TX2WqWLkpMs
TXj6doLhmZc
TY25FJtLi-E
TY4aVGoNULk
TYlmNc50Nts
Ta33npSs2NM
Tc-yE7I-SFo
TdRqpY59_I8
TdlecFz_Rk8
TeFTwbo1Glg
TeFfWun23yg
TgEc1BM415M
ThXtw-KDp5o
ThZm6GaGNkM
TiMCyZMSSow
TjKEppPA97g
TlYll1U80RU
TlpcT7I_YlI
TmCPAbqOHVw
TnVbdjLzqd0
TpkfCUUSFR0
Tq9gButIz8w
TqhCzRMApzU
TrG7fqXFmGA
TrUHXXjLExg
TsM4ouNgaZI
TsMLmMdi6_Q
Tsz5oZ-38cM
TtCUY6RlHcM
Tu7AoAWr4Fw
TuHKHjeKb78
TwFoF08mXxk
Tx_wgWPEEZk
TxoerRWlEMA
TyPCxipIgvk
U-D_bsNfsd8
U-LhI_pZ_Ik
U-NrtwaM3a8
U00IQSqy7bk
U02PFhOIjVg
U2pdphrzK0g
U3y8j3JfaKY
U4kPLxLgQsg
U56PX9Q1Ibs
U5kllKTEG0I
U6g4_VWXc4o
U83pAnBSfb4
U8GSHEAkPgk
U8jz4S_GZ2k
U8sk98BR57Y
U967qEeC1ak
UBE6z1aFmho
UC_BAP2f_t0
UD2vL0DACo4
UDTG4wPgN1E
UDmzKRPe0FA
UEDQfmchqGE
UEdBT3XatDk
UEobXJG2fyo
UG-JTRyA0MY
UG7ymayI37o
UGetR8p3hfM
UIoHI9e47QU
UJAZr5OeMUU
ULQvm4VTWSU
ULUHAimTc5w
ULzomXSQXqc
UMBtaENhaZY
UMHrE-4iz3Y
UNkqk5E5vww
UOHU6RpapSM
UOmgXYVl1HI
UOvOU1F7JDc
UP2ixKGIvas
URKiqGWVQws
USjjHDx5DeI
USxOjJdnRok
UUnsMsRIuzg
UX3hVS5t3vg
UY3uE0CHKj8
UYMcf-ylK5c
UaX6yBPOYbg
UanHlA2x45Y
UbC49RXLBTU
UbVXeP80rc4
UdvQvh3U6hE
UeRu-oRdXwk
UfLDqdbNsO4
UfM1n0-Q974
UfPju7DyyDY
UhYasfm4jrc
UiHVRkE7Zz0
Uix3V7MzpX0
Uk4hnNxve-Y
Uk__xsmY_cM
Ul8T5oZ7nZ0
UlNrESpRiVM
Umy-Z3IZCzA
Un6RdH-Mb4U
UnupCkY1Z5E
UoRy1QmFNRY
UoTl-DBTfWg
Up62xni5BvM
UpJQU_qPxOk
UpRLX3ke2oo
UpSYMXI35nI
UrDO03C3vkg
UrY9Vv2GxUY
Us_Q2QU9O5s
UsaY84O8I58
UtpZVjx9iOg
UuPyqqZWbzc
Uvt5hq68CdE
UwcHk1Y8G9s
Ux10KiCzrjQ
Ux1NVM0fhp8
Ux1p6G5TtiE
UyfcXECyVz4
V0GeBD4incw
V2pjERKAc_8
V3_skLCstt4
V50qh4bvQsA
V6fx51obJZM
V7txcxlLzD4
V8CSK8C_mzk
V8H_oLwmiLs
V8MyPyvkX5s
VCFDqCJ23Q8
VEL2yB_dnOg
VFqE9GjjwJ8
VFvXYGtMNaM
VGs1R-X6bKM
VILhSUmCabI
VJH02iWzx7M
VL1TK5y144o
VL3b43sy4hw
VM1RglgsT-Y
VMekDZLB1vE
VNloCg5-RZE
VP6sR29dDJA
VPGx0wOOpRk
VPJbSwkXW1I
VPOeLrcn42Q
VQRzNzP9jxk
VR-35ZbaqPY
VRbWcyrDofw
VRz1z9M_8GU
VTGBhDQ0GZU
VTmdrA-_ZdU
VVY__t4Mg_Y
VVr4Xasa6Ak
VW5vtg9deA0
VW7EyLeEwmk
VYVQfprypOA
VYpOTbYrQFU
VZ89dWeZncM
VZNy52UQP8o
VZR5xn4tvcs
V_97drvt9w0
V_lrmycR4_s
VaIq_Ve2U28
VaQ4gxE3_VI
VaQBbOBJhx8
VazwKC9Jbas
VbIv4okKIVk
VbagNfeBdQk
VbomdSjLeak
Vc7hIsYp50M
VcllxDe8ZsA
Ve6Eq-joncg
VeUomu7FzIE
VeoRvm0PXlY
VfI0_eWlrT0
VhZJ-LnsKuc
ViEnCc6bHgo
VlDQLIHKQxY
VmDr5TirHiY
VmbdH-4oKg4
Vn24LblZbkk
Vn9NMdqqrBI
VnDvG6jhDrg
VnGPaJxEzTo
VnqM8-ytNvQ
Vo3RNmsfZSU
VonMgOVoBXk
VqZiB0Y9Hgs
VqqF6v_9fkg
VtAu9bKpTZs
VuvZ9xsPuv4
VvJHuykP1Sg
VwVOdlS8KjU
VxU8jsUVBN0
VxVtCYxxH5Q
VxtjM07fa5M
Vz-5LU-vNxg
W-HTThbg5CQ
W-zFjMh94ZM
W-zS7OdVHmE
W0pg2VQFE70
W1gKD9p6h_8
W2L-jPwJj6o
W2f77A5WbiM
W3bFXDU_mws
W3d6B7GC5_8
W3iu4uPHidI
W3zKKxx4PgA
W4ju6oQNhCw
W6NId6kIwrE
W6ZdlWOg7z0
W7k01rgLJ88
W8rzcTSrf0M
WAlZzhwalr0
WBC8-GJqTsE
WBOkbHNCkDQ
WBb56UOZ6zk
WBkTmkbLEI0
WBnxzgZvmUE
WDbJC5HGRaQ
WEj3W-XZfZQ
WGbJHH3_gok
WGmROr6T7wQ
WHL-kEHHEHg
WHPgxW3ZElM
WItAxM0Im3A
WKvdj5fuTzA
WKvq2mxccNA
WLEGTNnU1ZE
WMuJN1ufghA
WNvLF1aPzVc
WOKZhiro5sA
WOfv4tItNG0
WOv9MCyn9C4
WQkDX4PFqYU
WQuBiywDJoY
WRcGf5U-6FQ
WRcQtVQuUCM
WRjmUnnaf2A
WSGsnBPZ0uQ
WTaKGa5jWP4
WThBo_YBa-w
WUf5sTDL0s0
WWBHdBWwXZI
WXVPIRJD2Us
WXrESbfqsKc
WXtQ1XCwP6U
W_Dl5JItFh0
W_FiBSmoWhk
WaaL9BTm_oQ
WaaUNaZXAi8
WbcqdaEpNe4
WbeqbcvlQcE
WcqwTSgykSc
WdNYal09Pfw
WhFCaifZFnI
Wi76LA01-Pc
WiOA_WT0ZN4
WkLgaO6HhJo
Wo56Nljgqo4
WqOh2_36gn4
WsPp2XQywaE
Wsay3ym7-H4
Wu8WczslMw8
WuS9OI6PBOo
WvmDqOIuF8A
WwQS18Ox6qM
WwS8sxIZ5xg
Wx-IToCEaWM
WxPX2ujwKQU
X-ZOaZmVlK0
X0-w98iTHh8
X48aLzaBUrQ
X6g_F2yXeA4
X7f2irEsnSc
X80Cn9y-QJA
X8KirJ8aeBI
X8mfza1TOO0
X8u5f5Dg7QU
X91DBK6K6wk
X94zmo-Xc2M
XA2sEkhXq_U
XAYQnR6m4zA
XAvQuvin_Ok
XEcoN9r34Tg
XEmLZJoYauM
XHO-qpiXlgA
XIBOUu7PRck
XLXeTm-iY-0
XLg-zTlV69k
XLjJl2EUkEM
XLjW8GkHxzI
XQGmna5U0Zw
XRGJ4fRGaeQ
XRxGpWauTcE
XTWWBqleIfg
XTcjQEczey0
XV5MhQX2xhc
XVYH5DZEePk
XYjk76zMc9w
XYnJkFrPGG4
XZ5PJ6YF4Bg
XZrZ-6qOAhQ
Xagb4TOsZeE
XamdUIr92SU
XaroFcfdEcc
XcWwE44eKXQ
Xd-B92lydcs
Xd9KDnuqe3o
XdZZ9ohAZcQ
XdwlNg-g-jg
XeNcU0BjigU
Xfx68KnONbI
XfzszNfAQzI
XiHv2mza8gU
XkHzGzDq4IE
Xkp46wya-Q4
Xl_C1MhCQGk
Xm0QK9y-MRI
XmG6hPNY_EA
XnV-55l0nTA
Xo4stFYeQFM
XocdoHKuReA
Xp4EZ9izmYQ
Xqqi339DXUg
Xr6D8mlxzRU
XsfgWd3_lyY
Xt8aqUilH9s
XtV5ipXnQ0w
XuDd9ublD3I
XuNwBQ3fnUg
XxhxUm49iuU
XzGbtlY9ZWg
Y-u7S8WJOcY
Y0E_Wl2PyOg
Y2BV6og4uiA
Y2dYG0ZMtDk
Y3lVp8se7K4
Y4FlJi84XDQ
Y4nOsplSOxQ
Y4vv0ejsoiI
Y52FsjEJggo
Y66p3BU9ttI
Y7VM5iG0WvE
Y866bjtTnqk
Y9Dp5Eg9Uzs
Y9Tc8e6f2nQ
Y9pLmqrIdrE
YAjxIMiIRlo
YB5ge8TWM9s
YB6TEDp94-k
YBjTD03l2hI
YC8fYes6EVg
YCKSKQiXkfE
YDMqcBN1XXk
YEPIDlbj9UQ
YEkqukFxwFY
YH-SjaoyzDU
YHZ3iQCeFLQ
YIoZM4yJWPI
YJcXkc8bEoU
YJmdigesEF8
YK_bhdX7Aa4
YKbfGnVVtmE
YL1Cbaj53Rk
YNKpodQxFQM
YQMfVm71aTM
YQfShjh5MOs
YSsnuwI_1D4
YTLN6RwjcAs
YU8BheogRqs
YY4eO-ghY4A
YYBupyLOeQU
YYSIHVAb5mM
YZ5PURc2jqQ
YZwI0Q4pUt8
Y_Tb5qamPPg
YaBiEp3IkDA
YaRsOJl4r04
Yc-sIHIkDIU
Yf_FHKpB0_Y
YgBN9DqXwCs
YhMRPjrYCNQ
YkyPN1OCuaA
YlLLO5lPsPY
YmeEnIW6t1k
YmrdfDjJtjY
YmuZuQiml0Q
YnNA2U2jQbI
Ysom2_MN_8k
YszvOe4-LGE
YvFSIhfA5uo
YvMMjpHiTgs
YvNmmOGmtYg
Ywa2GQv2HmE
YwutpX2JdQI
Yx0VBY9BWFg
Yx4LmyZvyds
Yx73XrIocLs
YxjbE-9FpxA
YyHXUBjah0I
YysuGNN-q4E
Z-NmbpN-MDQ
Z1JQMEO06a8
Z1RzyjZqxGM
Z1ttFNSSplU
Z2ZYIMO210s
Z3JsiJDz2zc
Z3RaK7IztoE
Z5NXbQIG87g
Z6rXch_IUUA
Z6rs_xBWnzo
ZB43HytHYws
ZBBU_iJMftw
ZBveWQ-Os34
ZC0XDR5bwoc
ZFoaHH3Qrbw
ZGFtLWHCTlY
ZH3HL-EnvJg
ZHx6-y5p2RY
ZIKN8zfwVlE
ZJBKMDwFKxc
ZJfCbc0f_18
ZM-6M8N83MY
ZMuVfaP_4jI
ZOQPPsxZNjw
ZPfIYMZ1jpM
ZQIYZ1HgIvs
ZS5QCcQVS3k
ZSSmvyWzQ2w
ZUSuys0mCC0
ZUVJVnUyzzg
ZUWcF2EUi-A
ZUoKE57Qqh0
ZWFkmqBGFbI
ZXamdVio6a8
ZXq4PzLPWJA
ZY6jrc53buc
Za3tycI3-wU
ZaBljRRLfi0
ZbyETG0QPMY
ZdNRe3eyXtc
ZdwMu7FDp_s
ZeXBFrDtt1I
Zer-LjfwJbI
ZezuK2QY0Vc
Zg7o4BDbbKo
Zh1ChjXBiPo
ZhmyG3ZLfn8
Zi2avhycdB8
Zi6mVwlYUs0
ZiB3zVakG44
ZiLB0xcYz-g
ZiezsZrOHAo
ZjKGkn56hj0
Zjs7qZ4DrGg
ZkN1hee1NH0
Zk_yHaM4KH0
ZkmUD0QGx0Q
ZlnxHoXzgk4
Zm42AQ582as
ZojAW4zIH6s
Zp2xnhXjQUU
ZpFA-oVvxaE
ZpgNdaWpw88
ZqjMWwxxP1E
ZqvsEzaSYGE
Zr6JYQa50NE
ZrtAt4w3esU
ZsE2t4K-4RU
Zupqs73xVz0
ZvK0nkn_KFw
ZvMfYYBxvz8
ZvYPxHlCFyg
ZveS3jc18Qs
Zwr4J25V_Os
ZyZUnIIavnA
ZyqPV_yLKoI
ZzRH_3sWj0o
_-HomM-ibps
_-ugGqVylbY
_0bo8sbkr7c
_0ppVVGvXuE
_0sIRR49hLk
_21YBUppjqc
_29O9MsCma8
_2_wiJjXXsA
_2qhyaJpaCw
_2ufkLJvBbY
_2yZBxd-Fyg
_5cZp1dpUdU
_7hRUbzufPI
_8puTjD8tXU
_AbX1EZeEXk
_B9OfV-trMc
_C4I8TYYeno
_Dcda75ZbUc
_E1CtdQsAoI
_EA3wQQabxY
_Er9z7S7qO8
_FS6nTLxNbY
_GJNPh_E4e8
_GQV_tKbj8M
_Ihl4xTcRq8
_JDhHsdxq0s
_K5O_jtOtR4
_KlsjWN4FCc
_LXh6X4Z-vo
_O5KCRAVYBc
_OeCwSp7Oas
_PQeKn4zpHY
_QjAGn-dyD8
_QqWIgrjNiY
_S4DRl4-jME
_S9HIbZjKGQ
_SIhHHo_66c
_SROeZx_BSU
_U3yY9-gyCc
_UDhuCbhhio
_V8Y_bvUHzw
_VSrFDyI70k
_Wc3bgYqwy8
_YOi6x4X0CU
_ZTFO6DnT5o
_bMQU4e99DU
_bkcihk4YAg
_ceAtV4B_3g
_dSmt2U5Cj0
_dXdG-qcIHo
_eggVqydgfI
_fwYpEIgjG4
_g6C5ku-3OA
_hF_WLoDdzQ
_hn2rnYXDaY
_i3uoeQuALY
_iErRn0jb9Y
_im_CC5xBMc
_j8E0hnBMN8
_jLyGU1iZRY
_jmaPz3sKKQ
_msSp9sxGds
_nKFLLTkbaE
_oj042Ck6VA
_osZsZrfqfg
_ovifaAwkV4
_p-16zJAKXM
_peAPPb07L4
_ph1n62RnX4
_rbR8rRk6kQ
_rfIuc5OJwI
_sLJmIge5jc
_tMF-DJqWNQ
_tmW7jBG6RY
_vB2O39I_7w
_vTbcegwhPo
_vcvCjA9sxA
_viUYiRuPeA
_vk8iS4_HaQ
_vrEuklB7Rg
_vxNIcP89io
_wpQxhMgNWQ
_x-YsjA3xo8
_xRU2MrGQ94
_xUrcdipIEE
_xgWYsIrS2k
_zEvw4YtrbQ
a-nlPupZEgE
a089Em3Skl4
a0913q8o5us
a0B2r8OmoKs
a2m_9qgPGxY
a34c3cfq6NI
a6tDQGNi8Jo
a78eLoDCMyE
a7Glb76sXqM
a7xztkl7qLU
a89dPzm5q1U
a8COzUxfWys
a9HIFy-HUyE
aA1UbS3hSlg
aCVb0QkPuHI
aDWzaI5qtCc
aDpaHJHynYQ
aEL0AUHqfZU
aEcdR45Y9pc
aHE5knmLKEQ
aIDNTKvGIWo
aIdQETAn2jc
aJaepql0I1M
aLiDOjaK6T4
aLosorD9hlc
aMMeFQpsPj8
aMnY3SFNnvw
aMrs7qF78Q4
aNB8yYzjxNA
aOIbxfUIofw
aOf8ge5msug
aPj-Id0GwsA
aQ9EeyOcq2A
aQdNjcsUsq0
aQnOKiGaOsU
aRDlN3wnwsE
aRel1NYAmHI
aTYCJmWF7DQ
aU3ZddCCwMA
aU5-n8-QEVk
aUXZJm3SDBw
aU_Eo5GzMPg
aYiZCEfjcBk
aZ0tm8p7Zm0
aZ2cF7kpqBg
aZmwFiRmFEs
a_gv9TR9bfw
a_wNpyyzFTQ
acpGhuO_4fE
acw-bwWbWUM
adO-Ciftq7g
ag4CkfrMdXs
agabwwoUgek
ahiZHH_pdDg
akQG0SV_ezo
ak_OXtnAPLk
alWXMLAQiPA
anEgld2O3T4
aoJ9XGA0zec
aquLWmw38gU
atDLrf_fGVs
atV_z4gEmi8
av8kSxYXlO0
avTZ8JwrJho
avvncJQj2ic
awb2p0iLc9U
axNL2nBG3Ok
az-EegM-q2o
azE0mDQY8uU
b-KEX7oPpgE
b-nyfHnog4M
b0ec-7C89ss
b1SN8CUPEvI
b2EOaLYEEs0
b2XZvfrWNNg
b3HCvRqipIU
b3bnWNEJMYc
b3tm4KCEESE
b3ysG_NZdUE
b3zKiJlQ_Us
b44_FabDMuI
b4AljiLl7K8
b6dgA2zkpIA
b7Wp5ycJVvk
b8DuLEl-nPc
b8Q0-qDC_FE
b9-kUrBBDIg
b91dtb58T24
b9QaSLMPQi8
b9eMxBKpt0s
b9sV8fmQi5o
bA1p-pZHeWM
bARBZ7aGg-M
bBM0Hvmf8jo
bCUXPIxSZBM
bCyWPwGHSNg
bDZEd2IRpfE
bEO02KowwTY
bHA1Sj4zSv0
bHsIdWbtgto
bKlNH_VeYpM
bLUJ2Aj0roA
bLWwdx0kiL8
bM2tnCiuLeo
bNIX4YTHmsI
bP-XXOpUQ68
bPLHDcbhc-0
bQ2RqFqsiKg
bQFixujEfYk
bRByQXrW3OQ
bRzvxX9q2ew
bU-SUpt-ptM
bVF4zBKGEIM
bXAY5lmALu8
bX_isTPeW2w
bXjwp5vi_Lg
bYZWq2NSJaE
bYpLSBYWXx0
bZNqTiElUps
bZUIdZFNwKs
bZZ7oTsobuY
b_Uuq83H6CQ
ba0Ag1OpR2k
bbhlNxa0FEE
bbvVhwMIvsw
bcHVlu2Ndjo
bdT7-IVrWVs
beDVh9E8a5s
beITgRKVle4
becNp7ZMzx0
bfjocN-cU9E
bfpowDsGwkg
bg_TiEMtyFM
bisGLo_mFGs
bk-s67tqOIU
bo1xJquCN3M
boBXvNM_ThQ
boWY-0KQh78
bogYd0ALKoM
bpfCRVl8BQo
bqzO9w9o4hc
br4fbxPl6nw
briQd--VwoQ
bu5yJJX1UMc
buOcYwS-5Hc
buezOikjYTE
buy4zB8sILE
bv7aWM81aVs
byE6XIZxMAs
bzgoT0W9vUc
bzoFbLIFvvo
c-4aSQVq7Bk
c-d6xa-SrwA
c0HA_UD843I
c0u0QWjmCkw
c1wNsVnpLkI
c2KEGLB--H4
c2skPbAqao4
c3GuJQBqmhI
c3YKdDJj_us
c48j6c64Tao
c52ev2ObD2g
c6G1JWXIP98
c7PDFVv0Izo
c7eMuqKWmgI
c828RQCQx8A
c8X6Yq_FFKU
c8sFNOTH6fM
cAddbyyEPiY
cAxUyUFj4LM
cBAG814QlNI
cBctBuRFfMc
cCSV0f0P3qo
cEHdufJ2SIM
cG59SNdfKlU
cH7wyfz7ayA
cHGQ8uNiW8Y
cHtxW6q62fU
cLZzMdOVqJ4
cMRxN5QvY2M
cRBjo7h5qVA
cRRx1deMAaU
cRapN15cHZ8
cSIZGuqsKfE
cSanuT0wuRs
cV3IWEY6Ayw
cWtVQxxE8WE
cXOq_DLHhCc
cXilIWUj5ug
cXsBdtXubLc
cabcXjuwpR0
cae37wHeZEA
cc5LYP3pdj4
ccjTQh_C2xE
ceWRZ1Odu4M
cecbyeeH1Bo
cef84w2Sb6c
cezuc4MBzQ8
cf4YCpnXnNk
cg9b4RC87LI
cgOQn5_1OTQ
chqxI1xREeo
chtoHYRk5lA
chyjg0CfkCQ
cjDDwgmhF8c
cl89Kn6eBkg
cllJt6KzwdE
cmhe-RYrgpo
cn3ciE4tdjk
cnXFItSoASc
cq301IJpB2I
cquzCrFSUgE
cvb5pWij194
cyJosT75drM
cydN5I9MTE8
cyoFA4Bn8Sg
d1cnEOC4jaI
d20RHUJsJ8M
d4auBw4vNCs
d4eyv75CKBU
d65Wax5T6fE
d6SAe6LzYU4
d6_tXamGSNk
d741K35uAfM
d7rz8FVizhg
d91foOq64tc
d9AXUO9g3pM
dAKxUGeCB90
dBDUbsPg1lU
dDC4qn8JPvg
dDQAgdm33sk
dDomqQi7nhY
dDzJwHIzO5k
dE8WhoWXn-0
dEI_6A2qpk0
dFaalWsuN_I
dHGVXfxBdqs
dHcf6TFxrjc
dIUXE0M2bEA
dKz7Ptb00lc
dKzNoqg5_-E
dL2zk23eljY
dL9EZ6GVVnU
dLo-papbooM
dMRfloiegWY
dMni0xWxF6A
dNMI8mGbrDQ
dOE36x_bI4k
dONxLkt6P9Q
dOkqOkOwygM
dOuGHnzE240
dPJHzHwylbo
dPNAORMKAH8
dPTmz3hoico
dPyGGiU4IBo
dSEFuJXVfJs
dS_BxqwyJEQ
dUGKNxF34Jg
dUy4s0FpfY8
dV7bCX64WG4
dWDPfky5K8U
dWXRVM9VfPc
dWxns59xnRc
dXsOcGpJcLE
dYPfh9KKBhQ
dYeXVJ3mwLs
dbuJQYY-7Hw
dc5FeyANehw
dddFU-nmtZU
df5YwvEoF-s
dfOR3gZjc68
dfkiciGNmqw
dh97DU5p5nk
dhj4s-T1HDg
dii8spOb354
dikekA2UQrI
diptLyyHiUo
djG58Pwj1J0
djjkz9ygbMw
djq-SJBezRg
dkEh5yfW5_c
dl-jnHsjpNg
dl4JYy3xRRE
dlVyQqyIN4c
dmaXIPGth0g
doAxBIJiF3o
dprWmq00d7c
dqjrdVwHsKQ
dr0GAQSXrz0
drlALIXEdEA
duAusX_yXbg
duTCcGTA-84
dudy_zN7eaw
dvGuV-Anrqg
dwVcsmrutqM
dxu_RwW7acM
dyEk6nn529A
dyxq08sqsF0
e-YqK7zvOkk
e-covyyjDWg
e00r3uBXPcs
e0HLag-pQt8
e2l4SqoAdg8
e3b-RqeN56U
e62kGGrAgDQ
e6yUJmtHxTM
e73UoAtrFRs
e9lhkEZC-kw
eAO_gILSM8c
eAtAl4AxNGc
eB4iKLLv2_o
eDU3jKuDESA
eDhFR8kpLcI
eEDhy_5DwJU
eEI9CRQ-lwo
eFDJlNzrSYQ
eFJAgmqDN2o
eG-qoOqWcdw
eGGZmhS9sI4
eGtAbw0EbMU
eH4QK9xtQsM
eIPSknYQcv0
eISLzFICsd4
eIer-8eCbbw
eInIW866XGI
eIzu4ITfEQo
eJ7S4oBEe1A
eKtRBUoPGyI
eOP-RuM-WVg
eQ20u0r-Glw
eTWPsZpgxNA
eUw0WOtlAWU
eVEPVQfpTTU
eW49pd0LMPc
eWUckMIIyoc
eXvFWkllJS4
eZ907F3piG4
eZHB4_e9Qac
edMH5gjf1Hg
edMncrowc8g
edcEIwU_6oA
efNKVwks_0Q
efPGsYK6ayI
efW0vJYY2u0
efh43k1GX1Q
egR8moHDvyI
egfDCBa40bQ
egftRNVbPyE
ei6E9A9u_oY
eipZEP5GdRQ
ejwDrOW6iG8
ek4cP4HO0FA
ek5CiYpd98c
ekAltSGDSe8
ekOBk5OlXdU
emOAZxRuLB4
emrBohNjRhQ
eoA2IEy-oZA
eowaHzGVTgk
epK-C7_DK7o
eqHHpXN0558
eqwjKl9p1lo
esVtgu1d4ZI
eshLklXey_w
et_KOyqAY14
etoQpFDLVnU
etoy7Eyw7Bs
euE5aHlPps8
ew4-eOLX6EA
ewta9PS1ADw
exXfjwSrVrc
eyAYxB3drV4
ezWcQW0p7PA
f0dE45Vnurs
f0qrha-Ua48
f1E61ZrJcBA
f1KCGqdcfMA
f1dexz9xHlQ
f2UzmkL6ZAw
f2i-u0bMczk
f2msTrSQDE0
f3IoY4J3Yp4
f4IzhEQRp0M
f5niVNNYYbE
f7vXpjfEZ4Y
f9VXeMZlyoo
f9djrOGAjLo
fAq0qDFLgGU
fC7s_0J9kL4
fD23za6cjIg
fE2a7Z1oKFQ
fJ81qD1L75o
fJ_g3Pger4E
fKO7wCm2_nE
fKUhCLl3eUs
fM7_2Rhj1pA
fO-2zC62c7M
fPFGf9n885E
fPUWku7hews
fPVllA-vsRs
fPw8JK4St6I
fQa-ncu7vBI
fRneBMqHjv4
fTBto9KsPTE
fTZ4jjxJoQg
fUHTMh0NzU0
fUfdEEiFNN8
fVMipGrbqdg
fVivQ7wLEKM
fWExvT1CPAA
fYrFLoSQ6Bw
fZ6MFs11Y8E
f_0b6Jdamws
f_fItsfTV78
faUPfT0EiaE
fc0avMyJroM
fclo5sHJ5Jk
feTirRuiarU
feqHfAsUL-I
fhU6vhj10zU
fiZsCccYLLE
flk9RqojgpU
flqizx9vkWM
flzwXHQXVWM
fnUm_C813g4
fqeuQoMconM
fqqgMcds50s
fs7BuHre-B0
fvyFiOFZZQk
fwjUQh0sEQk
fyUuX-8ADow
g-RQoes0IuA
g-bvjjD1R6o
g0ol7QtbCA4
g1S7yPzAWqY
g1Z2g0KmPKo
g1iAiFZAXfc
g2XQ9hxV9JY
g4k6X19X_tc
g5dDJDke7vM
g5ehHZR0noM
g7H6pkpOFag
g7QTIDXWodE
g8vpQ5ftcRk
g9dn54SCsK8
g9wIEg2Nne0
gAG6w1Fmqq8
gARN06Q3nFw
gB2jKDFV77s
gC2I-Nv2ZKc
gCXPcI5veJ8
gDDUQV3n7D8
gE63s43uHSw
gFA7pZM9Zto
gHN88ceazNs
gHgAgg1IgOk
gITuNa91oWE
gLM4tgg034A
gLY_s-b7A7A
gOIQKU0PULc
gOIRi-8M170
gOZ35RX4iA8
gPylp9QVmao
gQ2OhdWUXXI
gQrXx_ksCGg
gR_lIPqLBLI
gTdBq5NpVu0
gU5L-0CqyDc
gUV4dUl6HKw
gUc2GuSXISA
gUcqueVmEoM
gX4ZSv3N8G8
gYRAOw81_iA
gYvwxxxr3tE
gZkoYfopx2E
gZl_AjgaF0U
gZogQ9nIO_g
g_vDvcvuLZ8
gaPWa_AtIkk
gaTyjmnm4ko
gardU30gbpU
gb2Z2FDyeaY
gbaa_Wvqqt0
gdkfY4ltmJ8
gdpLLL-Xz6E
gekFAv2JQxY
gfCVI4IhDwU
ghGUMd4E7P0
giBPgyWq-4c
gj0iALUakbw
gjyFiqI54G8
gl4RaTfhNmA
glBBP4eMIIg
glI1qvi5PMI
glOjqcMZrO4
glcdoqB9Ijw
gm4-3BjLEA8
gmPrtaouizo
gnq2MNkOzbM
gox7xZkPtzs
goyZUZluqSU
gpquZ3Z2Qfo
gqKa_9ilZUU
gqkuU9r7fj8
grlZpXbbBnM
gsu_rqBy7qY
gujL9bfv7aQ
gvbR06YAR58
gwnWX2gxBjQ
gxS5FyZpGVY
gyFDdxZjts4
h-CmCcQ-viM
h-ot6oaT7Zg
h-zywuId3Vw
h1KoXXwyZEU
h2TV5jjc-NE
h2hXF0qSGuE
h36REWHdVic
h4M-mGwddgo
h4rd8BMrmDs
h55asErvhmU
h5HmuugLHAU
h724vWC8-ww
h7AnKygdGrI
h7OR10P7pP0
h7ZMh0SkPZ4
h7aT5N4jPtM
h86bpJr23Ws
h93_d1D3LQI
h9U_mC8Bazs
hA3Aaw18yTk
hAGy1aCozck
hBBqrhtF-mg
hBCXyIVwhCE
hCklbGJTsks
hDcrGir_5M8
hEFPmIzj_tA
hG6HXvvRgiY
hGwDCelbLsY
hHKUeZ6varc
hHRRmGpVzhI
hHjemvjjaBs
hKq09paqUDw
hLhEa4snjXU
hLyPwnrtutI
hMzy_mR6Li4
hN-Y9VBMz2w
hPzQ4azHpAw
hQ4lLVREU4k
hR375yT-6cc
hR9rgko_Mck
hRlDrDNi8lg
hS1OIr83KmA
hTXsHsLpCgw
hToywIY5V7A
hUO7bsGc6gs
hUV87OntScA
hWsNDMycWi8
hXpJAA6sAP4
hY1W08g2mZY
hY8e4etHR70
hYA0CSTVPqM
hZ5iMhsTBsg
hbH8SBa-2TM
hbjGBz8tmSg
hbmJ59qEdLU
hcS1obKDm2M
hdLH1H0j7Uk
hg5yJLH5oTA
hgoRXxh2FL8
hgqpfT0xnoE
hhUo4iTefCk
hhognYw1Mgw
hiePQMp1p7Y
hjDKp-hOyJ4
hkPqDTitIiY
hkZgn5Q3MWM
hkiMj34aLSs
hmH_toxmp_A
hmYCpSpAF_M
hmfgaVvti6E
hmywV8Oq6rA
hqI_pUMyMQ0
hsmuewEFYWE
huR8UcdqMlc
hvXeS_CVAjo
hwBW10V8GTw
hwMNy0aB-DI
hxO6NOjNBf0
hxhsv1yOfmw
hxm89VwRbLQ
i-Mv5Qw6t2I
i-oa9sfQ5WE
i0x1ZQGlEOY
i18rnllV-dY
i24nsF8rmpE
i3kWAVfLPYc
i5HgaK4WvZo
i6O2-RPwdOE
i6Q7vle0als
i737SvZf_AI
i8P1VhwhK70
i8mpd1pAl0k
i8sxhyuUbdI
i9NelMTCXtY
i9y3K3reQyk
iCaJI-ph0uU
iCnqxHj_abw
iCzefuvWqtI
iCzmwjbMaHY
iEQNf79tToo
iGBCcqkoWJ4
iGcooSVK4S4
iGmMKBApgJU
iIZBZ3_3m2Y
iJHwYxltSd8
iJkxvbditlI
iN6ekv9GEJw
iO5-LhPYCrQ
iP6hH65H3Sg
iPcjsrg5HPo
iPxiFVWCtuE
iQKlDGAPdUE
iQbIy8IRRkI
iRb_lONT2YI
iTTPkiZ91CU
iTmAxkkI6Fk
iUDFiZkdqs8
iU_yEMmxupA
iUoctpitXTs
iXMjzbtEhJo
iXifa218aKE
iYaIyUyTGa8
iYnMfGxKSZk
iZWJREff7pM
iZrfPDMUugI
i_HOKjTuu9Q
ibccGXRE5lA
ibzUtz71v1g
icVvKexth3w
icz8ViS9-vE
idnGNv1PtSE
ieBMVPjN_VQ
ieFgetVCpyY
ifCBuVGXllw
ifk9ILuF0Qo
ig2Zrfrk70w
ih2kAF8mbHI
ihDkVAMy3Wc
ii7iRS3DfGk
iisREB5oRJo
ij-Ks7BVzDg
ijGsnujKXR0
ik1ZObcnLXU
il8rdh_uq50
iog9wDBsA3w
iqGRHCvHNGg
ir4ZwF2g7gQ
isBpqn2c_-4
isahXXHwN0I
itt_BnQXqYI
iuOQqL1Jxqs
ivc845PYh5k
iw-RvNIX30k
iyFiGuMh3lc
iyL6g14tJy8
iyRGH7HDs7s
iypwELbjUh0
j-ZX96SWW7M
j08km9BS0FM
j0YNyc5jkDU
j1EPGXehUEc
j2zaKZVgzUc
j4fkN5XQ05k
j58pezdYf4c
j5aMbmPSEVE
j64ea4rxzes
j6KDKU74Mdk
j7WqlMDEm_I
jAOKAkEN7SI
jBD-5o5UXWU
jDj-yu4nszs
jDnKm8NXLMk
jDxTt5jqh0M
jFFD5-vr_hY
jHmApRwGoQ0
jIk1Rf6Utac
jM2OAOStJSo
jMPeFkZMu8c
jMU8eAvNxtU
jMj84HuiyT4
jNYPuWUCsQA
jO9qC2ua8Sg
jOHI6Vjmoqs
jOLgmALob04
jPW9WyEtodg
jQHVrO8Ap2c
jQV_MGv46go
jQbqXbsyKb8
jRmKy3egCwA
jSFIXs6EPoA
jScq20wC6EM
jTZZxTNiM_0
jTssMs5QzZc
jWb0I0ngwoM
jY1kZdKqMDU
j_CGSf6u064
jdKI3cKDdQA
jeXfjoLkQQQ
jf-U5CVP8Dc
jfD194R0X8I
jfF5XCfOD24
jfOp2PqWBEA
jfWfXRPsZx0
jg0tgzrt7LY
jgjQ69L3a_g
jh-VX7Fm_GE
jhfpbTnypyk
jkO8DGu8O8c
jlAYyeLfv20
jlKwRH0nuGc
jl_R4EEZPGc
jmN-1xdFbek
jmoDdhHrQ0w
jnBsCiSeJBw
jngzsmmXuiU
joBKvcysZps
joq5SmjTa2A
josuE0OQDPE
jox0j26MuIw
jpZdV5EmaYg
jq7XHI7DhcI
jqbLsZR4P6U
jsELxDrhnTs
jsIvIHfbx18
jvEAJCWCWZ8
jvOImiJGGQw
jxKFd8HlWqg
jzvpzyZgYCI
k-jr06ktUVw
k06Q2XA1-sk
k0kppiB6Qg0
k0pC9NT2ZXg
k171AaJKKh0
k1CmsATt6UY
k20Z4RfV-8E
k2qfydpyA04
k3ghS1HF7VI
k3s_jgJ7orY
k413bQEX4bw
k4DzJIuxYDs
k4gnUkTpJjE
k4u6fFzzwQk
k6Yk9vTnan4
k7SMkNZrxrY
k7u--jYD8ws
kDteF7uULNE
kG1WOPG8y4c
kGdy998HWMU
kH8HLPwa5Ug
kIOD58fcgQE
kJcK1-LZusk
kJjX6fkN1Co
kJw-4diB-e0
kKLqnU4ssUU
kKqjf9qctG0
kM-SNPeOjj8
kNleTrmlbyw
kNzjDLCvid0
kOoMueGY824
kPdwp4w4K5s
kQRmam1JuV4
kR6P0ykrzFI
kR9ix2Doxag
kRpcqFtqUDs
kRunTFD8OQE
kSYCQkzE5cE
kVyhOb6xuKI
kW2aPIhvIMI
kY71eAw2kY8
kYGHoK1QOA4
kZAb6BZ1x8w
kZevoM5SZt4
kZg-8KT-5r0
kZhtVYcGoRw
k_FWeS6_9Pk
k_QFqGyG-b4
k_qIYAxUl14
kar2N5EZ81U
kbzZge6tyB4
kc_QM92-vqw
kdREjJlFNhY
kdTlE8fkHVo
kegHgl87uv0
keqVgSAeqXM
kgZazOlaZXo
kgeeUnV_iCo
kglDJbQf0JA
kgqH01abDEg
kh-JcYhHwt0
khWEEH6PfuE
khcWpjV-QZs
kkRQBWU3LeM
kkvI-qj3rpE
kkxdTGY2LZU
kl0rXPeCKSk
klt554lXRDE
kmSHxwk9W9U
kmjrCmPJHAI
kmm0zY5BcDs
knEEIUQLtKU
knF27FvxxCI
knFre8JFiZ0
knTwmRPczIc
koRQ6GracIA
kpE95g-n7XE
kqtGigY5eVs
krAG_E8PQeg
krEQfqTDW9E
ks9a5IonFzw
ksP9XMwo3Q8
kssxqw30yek
ktKmnRouLHA
ktPqvmbZhtw
ktwP7X2-0w4
kuETA4UQB1M
kuGRcb6rRl8
kwIqwdEnVT8
kwUYVUGgnSI
kwVQ6TVt9NY
kwW6M7RU0AY
kwc9PZx_Ed4
kyc8rP_iLgM
kz2IL0grW3k
kzC7dQo02GE
l1APH9wbJyQ
l1xIfzv7nb4
l2opCRXunxs
l2sa2SzNBGA
l3WJCwHUy_Y
l4s_Zgz8gJs
l6LGDxNEyKM
l8YUu-47tuw
l8ZygvoBeDI
l9Edi6Is61c
lAEmoMrOOjk
lAblFG-sO4E
lDhFqs8Swjc
lEGG5RlDRKc
lEX44MS2HUk
lEukR_PJn_k
lFSwTvWukqc
lGHocYc8kxU
lGx2dD3JnTs
lHfBMyD93QA
lHmD7or4N9k
lHxKk7IK4Mw
lIhZ3QCqsDM
lJ3-3JsX_0s
lJ8A-RehTso
lJPEUA4hXT4
lJdD2G5B31o
lJvgaH8L1BQ
lKIWcTvJ4T4
lNagFivm68Q
lOZd8uJP6tk
lPPjC2koaC8
lPvxZ8low18
lRFmDclf6Sg
lSlSBVyKFjE
lTOzZ1JTnis
lU-aBXzNewk
lV2xuXjQp4A
lV5yES10tJI
lVWsWvgKRW4
lX9MV0rC7pc
lX_50out2W0
lY8ZFQ295OQ
lYjVlH1MmRc
lYuTDGlgvXU
lYwWb1QY7oY
lZtUHDN__Kc
l_1sia-CEaA
l_Af3jdnRLY
lbh7S3kKY0s
ld5oAAmB7K0
ldYG7yGmapc
lePZDfFW5mo
lgahDyRPmrc
lh82p3PRBbQ
lhEaIBMDtbQ
lqheat-ae8U
lrWm2BeF7Do
lsyR6e8KkRo
ltb8bp9qXpI
lueWGV1YS5k
lvNmVvJNBic
lvRjUubuMVU
lwG61JTSArA
lwO_fIFT17s
lx3sia95EPM
ly-Ep44vBXc
lyy6drsfFjE
lzHsxvJ-kv0
m-91e_uQF9M
m09WcyENwH4
m0un1qTIXns
m1m1E63eY8g
m2kUf72V3JI
m8Q8UQ38jCQ
m8hpDRlyJl4
m9h9xQv5sqg
mAdFQyjJ6Qg
mBcCJE4KDxE
mBoshJcvetw
mCvTDi7YJSQ
mDCA2ZUnlv8
mDTvT-CpMxE
mF9tp7-3H9s
mFbhAwd03qE
mFfiPLazt1w
mG-jortX2qw
mG3vx08FSPY
mGFugcullwo
mHDL7FS7coc
mHKLoBmp5jI
mHOMeYYTDiY
mIWAsEkfSP8
mJ6tQecO7AU
mJD6Iq5ikDo
mKbo-klj8Rg
mKvOkOr5Znk
mL66dEj3Osg
mMAegjflEG4
mMgO1SA6yrY
mPO9G1DZIWo
mPpYTnj34ic
mQuRZl2OnSo
mSQ6udIVYZU
mT0A99q8vvY
mTT4uz8isdI
mUBkG7Vp62U
mUWr4-w8o1g
mUwmDomeCFs
mWpbr3Rg4ik
mXR3dByIu3A
mXXdgo7lAwI
mXs9He_TioA
mZxLQUVkM8A
m_KGoPIVX_c
mcEVy7cZGYA
mcPYD7NIF4w
meJY3mbp08I
meQHKEGKMNw
mf1vb88dOG0
mgDDPdGXQTY
mgRxsHDpSB0
mh9RaLpFOqg
mhCN4urt44I
mhUu8CfSlQo
miX51AKTeBs
mjBVzGKiovg
mk8aMypcuYk
mkBjgJYjz60
mltYIQlFWNI
mmylvpDtikc
mnrVLto7UTk
mogBpQK8qcc
mpR8xzZt0OU
mpZ7ynbsJZo
mqEuvdDslsw
mr904XG6eAI
mrH0rYxLe4I
mswPfc9V87A
mtl99TxUmio
mtlvCR8zwCk
mwca3xAHxyc
myNbaUm-4Dc
myjT28V2zDM
myp2JhJiOZI
mz_KWIUQkAw
n-wFyChTEog
n01_O9BrsFc
n1UXrjzAKdg
n2QyZMzUyvI
n38xz7iWOWo
n3gWv1nmr7w
n3xe1NcZuuE
n5K2fnQMEWA
n5h96EXvKl4
n6FglQ6utqo
n6k6PEYHUU8
n7bZioi2qLI
n9mzgwnQAYQ
n9szbe4EC6A
n9twsE7YA_8
nA4zatFsUVg
nB9qQT2Rbh0
nB9vIIhwxzw
nCmtiyHRXQ0
nCrZEyf7FFo
nDot9fgWHhA
nDtW8wNPATg
nEkTHYO3uUA
nFUWuNCHu60
nHTOSxdI6QY
nHZCOKOSF8g
nHb4oBz-ZR8
nINCFoLrs40
nJ8k2fO2o6U
nJBsJ8NKT0E
nJzgoK5hIro
nKwWPM8ln2k
nLNKSI7ygKQ
nLYNoxjgKcM
nLkFlb4hs3w
nLl8ZVXLuik
nMXKYxIQ_2A
nNBkIMs2kUQ
nNInkTOXnqE
nNJebbSEJwo
nQuHNKtQB7U
nR68I-nUVt0
nREaVcd6KRc
nRMqPJsR3Hc
nRVmpLlqvos
nRsJGoya39U
nRyxScB49g0
nS0ryq4cANc
nS6wgQYs-WQ
nSHCaNpG4Lc
nT_P3_RXfnA
nUXEqD_YvNQ
nV5ai6O84mA
nVQrzHWGTqk
nXPQ9j9lv_o
nXhQAyucUjw
naokyOnqOP8
nbq6ha8COE0
ncTfPrAAl60
ncc6Lrlw-fQ
ndp4jRdsVMY
nfOkzodIhQ8
nhBhNelL5gc
nhuwlQCtqcI
nhxU8t-o7ZM
nj2Y5v79HQ4
nmPS0U58Pak
nmzfI7hjzeo
nom9Jl6dR-E
np3RM0LVzyc
npQ4ScTmkp8
nqyeEg01OwQ
nr2KtBJkkWM
nrXejtYyqgg
nronta_2KEs
nsmBdPulAqE
nv_b570miCs
nvtYvzAn4Qg
nwc3L4Ux4wY
nxjU5IzVb5g
o-r0I9Df9M8
o0BXk1GSvck
o1QtWg4SKu8
o3Hb5pEyZBI
o4q82VIf98w
o5P5adjduSs
o6B6AThRUZo
o6fr9bfWI0w
o8J70Y5zfOw
o8e0bIXJ5lU
o8q0vzAw8bo
o93hoPxKQQ8
o9q93WHaCSw
oAd5dY8DKXE
oB-HPk7xNic
oE3-OjDncac
oEC-KNIIcVU
oFBC8vShZwM
oFfNZSxfSfE
oG12MUEwHAc
oGCVffmOTM8
oGbdJnyh0Wc
oHKz28-x91M
oKWWS7LG9lk
oLFxdDLM-Ig
oML_2cyvsTY
oMsoDgBFahw
oO41ttTBkZU
oOFieM2sEA0
oOQ6XAgmI3M
oOV-Km8mMiM
oTVsQaP6EqU
oU3P_k2iJms
oU50qzleGOU
oUGVGefEop4
oVJHFaydjSI
oWLmuRPkvY8
oXDrlkv6KdE
oXIw6PPHRHs
oYYtjAa2pcc
oZProkCAuZM
oZcxtS7ESwg
o_Q463UpPE4
obVF5opeucE
ocgHEBsubXw
ocgoGZzYDKc
odRSykMHJY4
oekbg8f8awE
ofXobJdWdHY
ofuRIk-fr-c
ofyBQJdwuBQ
ogovonaqh4c
oguHSHMUPzs
ohQG4wpsyA4
oiOeUyjbQR4
oiat4ihlu6Q
olXpDtmnZA4
olhLaBmU3nc
om1O7aAAIZU
om3BIQBSXus
on-YxqUc0es
onsMrAduzoQ
oonG-sxu1CE
opXE6_po0BA
orMUHpbKHPk
osVz4lxtCNM
oszKYXRp_OE
ot1qna4y9mo
oxNmkxygCz8
oxlLDmf8_SU
p-Wa9S6FzeQ
p32Zr5lGjXo
p4phP0bV_ZQ
p5WcV7QLcww
p6EElw_zmzM
p96r2e3WVik
p9mOnBnW25w
pDTchDrNXLM
pE6OeAGqh_w
pF7dZnHrU9Q
pFZBJsluu2E
pGRsPXA6DgQ
pHtU3moLTtY
pIPBZZWpNhg
pLQJT2J7PI0
pM4WXs-8pVw
pNqJxq1gUYE
pO6O_5QFOk8
pO8rC9Mk8DU
pOeQWwUoN8A
pOmV2S-JNvM
pOwpJzqqNm8
pP2jTaU5K_o
pP86841730Q
pPf6T-0VClY
pPmQVI28glk
pR78xRoq0iQ
pRfP1d0HzIg
pRwFUVXjw3g
pSWeN1hZtwc
pSYsHTnagOk
pTcNvulIGdw
pTjopR15Jq0
pU7OvV1pro8
pUM4LAsE54k
pV6bWiZ4qe4
pVU-i3fmPA4
pW6QMJQoHt0
pWMS0UfvIBY
pWat2p0ryyw
pZiX97a7jzs
p_WJos4Skcw
paASQdDltVw
pbmD23nDW0o
pdaoZf2_thA
phIuH7nymkA
piBOshdHf7E
pihaieXvUac
pitLPfRCHF4
pjRu1n-cPo4
pkLlUB6tBG4
pkaK1Rdpke4
plEIzo8lxcs
plja7qSEBNo
plv1yRrLJCI
plyWFZa6UkY
pmoiXZ51IN4
poUB-UDhyds
pow0PMj4LDA
pp8sVy2IBy0
ppnDeFQ2Gpc
pqNzm11cUfk
pqS70CevR3M
prQSwoDWd_8
pryadaQhh10
psP3b3BpKZ4
psWNTX0yOJY
psYh9PKrY4o
ptIdWIQewl4
pteRDaIMwHs
puOHcE1xLYA
puuVpaDjyis
puv1NSgKDKQ
pvvolbWNBN4
pwub5VRlaDE
px5EuNABxMk
pyBMFOF25WQ
q-QnNeLvo1I
q-TAJmsTxOg
q1SovIIQmiw
q1pygQ6d8uk
q3S3Sz-STaI
q3t1yhyLP5Q
q5RH6REoJbs
q5SlXoQWrkI
q5hqcY9gtOU
q6PJ5jSKV-s
q6oioPLvJhA
q6unB8NegPI
q7P3rF593_c
q7cJ6hDFrek
q7qyrbK4ho8
q8bgen8oJIw
q91E7q-81Y8
q9STcG3jK58
q9T7-upAL0g
qBLAQ82ax-s
qDGdBJq-vL0
qDeh2p_0qhM
qESdYlIB8gs
qFinF3qhA9A
qFqdjcJX1tI
qFu4xREUaIw
qHCY-P5eqIw
qKZUxU6w0f8
qMWUKcMekMM
qN5Ycn632ZE
qOKQV2mz0Ew
qP-Ynz5b19k
qPKK3z6GLLE
qPUj_lbdyuU
qQMSGWx4yEQ
qR7CEcYt67E
qRDEKHLCOBs
qRRY2GjeM9E
qRdr-njFt1A
qS_hBmD1zO8
qStIe-UApVQ
qVLv_sC1MnQ
qVUzIAR8p4M
qWhjgSQNwhQ
qYAoLhawmGI
qYTBWH0kaVY
qYVCCe_XWd4
qZGBOfZ4iRU
qZXXmTxQsWg
qZXu__JohrI
qaRfGmSVNGs
qdHqEo-BcrE
qeY5cN9NC9c
qfC-wjy82Jg
qfJZjN5bvtg
qgb8yxK_OUE
qgqCxwQFkTc
qhYS3JxBujI
qhzgkDE4gIM
qiNKgBejHUA
qia9LHe0UlQ
qkVCqzSwMRE
qm0oVIIE5gA
qmTgEk91BQ0
qo9DlKyOo6I
qpAcgwD_nPE
qpTO4GsdVkc
qp_c4cEmiRg
qqft_uRej1s
qqiUTvPDNOk
qrf8Z6MFk4Y
qscwmX837G8
qsmx-dJJVns
qvum-qtxeYg
qvyeV_TOeHw
qwZg3oSjUkk
qwiWbMA3dTo
qx1D2-ldCiU
qy1o_qdhdBQ
qyIsOmgAH5A
r-8MzdpYiHk
r-a48Rf_2uI
r0qk3L7K41c
r1dwJ4SJZ2Y
r1zNXiBWZY8
r2zrvHCxov8
r3y3nyAgMPE
r4AWK749BE8
r4WZ88nT-p4
r5GpXSRPjDs
r5Irw-ue1Os
r7On473G3b8
r8e-QPSF5Yc
r93C1vpv3vQ
r9BTO05WdAA
r9HApyLDefM
r9_Znk9lbHU
rA0H483lk6M
rBlz2C_NgB8
rBvd9Hzjul4
rCFlWoMDubw
rCKGp2SWL_E
rD8mIzAoNjQ
rDOi-dThnoU
rF8C5RBiIPw
rFLS0-EWloI
rG-Qd6OQyRE
rGAGrPpj0GM
rH4Sdobs8Cs
rHMFErV5enc
rKzWZDT_9yo
rMFh3qM45mM
rMPh45eJS44
rMTcEQbpd9I
rMryJ3w_EVw
rN7OTecG-Ds
rOf78hXrcvw
rOxte4exEWY
rRSRlkFPGCw
rRokJWXKky8
rRs0Z-aeXV0
rT0qewJwFV0
rT_vZirzooY
rTesu2ocIJ0
rUSiuVg78y8
rUaEPIGnuII
rVLMaYWzZT8
rXTs_mVJius
rYm96ZzIo2U
rZfYuaEhGI0
rZfehj0lZh0
rZxwMyDA27o
raV4h6XsaA8
ra_xbQRcr0s
rb9YDKl5FFM
rbkN96ngoNA
rccbsCXtHYs
rd8OvHtpgsg
rdSq_ogfbzU
reB2zgyts0c
rePL86yLY74
reYhqMGqYmE
ret0hrSkHZM
rgcuL6bO8uo
rjQ9_yV5XdY
rm-rxoQE5vo
rmrmu7TII7A
ro8vm7Y4J70
roaiSAeY03g
rpy1gzn9slI
rq3mRJjk7VQ
rrGkWQoyMBc
rrVaLXvedNE
rrmxO-ADCtg
rtIINyiCCXs
ruLbxJPh9J8
rvTnfHtyOIs
rvXh3fj9n9g
rvdksn1RFJM
rwuiN1DoTWw
s0Gc5gd_F7o
s18P2jzS5NY
s1RQQ72ak6Q
s1xUL3xgO7o
s2HhXzJJCK0
s2rcChXXvBY
s2tQKvUckd8
s2tyepaW7EU
s3Jh5UHMFqY
s3TK3-kC4k8
s44xjVYyw9o
s4SZpNjTdMo
s6BPaYzgMYI
s6kghKr6rtE
s6vvOsLqR1I
s7-7Tct1u2w
s7rlddl_rW8
sAqUWgwGxjc
sB7fsk3s-xw
sBGBw1Mc_N0
sBjQrRg2HK4
sC3HV3MlBq4
sC_QoBYbHLk
sF1UvrupgLU
sFcJ6hTL6V8
sGx7bCgx90Y
sHGgzKzZX88
sI2hhPD3KyQ
sIwkGOtvCOI
sJAdSxUAgsI
sK1oYVs0viQ
sKZQhhcJ69A
sLoWve8F4vw
sO-sfdVG7kg
sPDOCdWo0A4
sPFt3vlJ0X4
sPxber3-ilI
sQthjt4_GwU
sR6_FWHByqY
sSNT-gf7y3o
sSgSK35sp5o
sTmaSoiBr4A
sWNNXffZ7yU
sXwo3zsY0PU
sYAooBUL07I
sYNLFx9IyNQ
sYZTmsXc5-E
sZ-SYSdc7go
sZ-frGIM45Y
sam6ht5zA0Q
saxSNe7vJmk
sbyI0-nvFz0
scaxNkKFPi4
sd24pFs_i-I
sebijPheC6U
sf0PPWHjLlw
shbY2PnAZ2o
shg2u96MD-o
shlUqj0zgL0
siSiWAhbk-k
sj0ID2F-62U
sj1LcOyIsB8
sj7hIex68dk
sjNa0QaY0sg
skFr05gss40
skHKkKZTwfc
skPmOImPjaQ
sn_Z49yO33s
spCzr4XotXg
sqAeTspac28
ssItcHx1PMk
stPxw-MJT3w
stXWAsujLNI
stXt_uScVSQ
su5aa7H46aM
sv6xcwP39QI
svAOqq6_u90
svbFmGnccKM
swYqvWF_a5o
sx5MxVEuIEc
sxAZp8ou8Ag
sxUNx01kyzY
szEIeDJ9evs
szfLXsG2v6U
szi_XiGhaOE
t-Zqy0RAg_U
t19wKOJSf5Y
t1GuTuRoUdI
t1IMMDw41MQ
t3Mag0hZc88
t5naxmtmBkk
t8FU5CbnR0Q
tAbjCKDc8lk
tD1pkcEgsjA
tD4MGnqDAhY
tD7ANT_1fQo
tDEQImJMyFo
tDgzM1L8yXg
tE7W7-mRIPM
tEFp74s3LbI
tENww_VOxvs
tF8yXFP6Lkk
tFIt7gBn1VM
tG-IGNvfrg8
tGMPZZGJR5Q
tHLwAwR1D1U
tHep5KvSq-M
tHvK565fkmo
tJx5lBa2Qic
tKupsLYbujw
tL0cQu452Ew
tMO9hRhpYTA
tOn1Kb1s8hY
tP4iZZRmPoA
tPCQp6IGvx0
tPfZwgkbks8
tQube-T-NaU
tST48oosWRQ
tSwjxLsL9pc
tTtKQb4ihdo
tYU91g0-EJc
tapcrwfNd7E
tb-ZyeaOP7M
tbxpMXqv2UY
tc5RMJ7QUKM
tcDMHfLAaTY
tdWe9RtylcA
tfgqrdu-OXk
tfiHGRPOfZg
th0Sfieur3Y
thvHDzfKc9g
tib9rGMedEw
tjMD_lXVHOg
tjx6CB9BMBs
tkrb5QMdqrY
tlNv22sD_jA
tmRibUXW8RE
tmZY0HV3Q1k
tmzu7tSPIFM
tnGK2nuf4jQ
tnSLJ_q3FtM
tp93_C7ULAI
tpJPNWPKgdo
tpwzl61RhZs
tqSmBnGM0Hk
tqmNNunq3Qg
trvvrIstBek
tsaMpB3kVt0
tt3bwy2lnH0
ttJKOojOetI
ttmHX9pulf8
ttpKWf0_8LU
tuFlu4FawCk
tuXM3kG6OUo
tuZ1Kmsn_3Q
tvDuq6nGsgM
tvGQ4VV6U7o
tvk_CeS_OFY
twI1XNBHt6Y
txjXZPg6jEM
tzhT8GozfVA
tzjZMkOGegc
tzpAmn-bNTw
u0272MVvLdM
u0tj5plyutk
u1vNKKqKX_E
u2AH4v859F8
u2Cvj4EnhV0
u2uM5oxA5rU
u3GjTyZm5mI
u3J3ni4QaBo
u46EDLywHXU
u8MFtu92Pa0
u8fbVNXGAC8
u9zO9_4tBwQ
uAZWTdgH5eI
uAmk5TJIO_M
uBwD_GJyxs8
uDUd_XDXcDA
uELHl47Q4FA
uEyZ4exurPk
uHknCG_whiY
uJBvOkp__-k
uK-tk0HGVB4
uMUI6H3W9FM
uNVTBhOct7A
uQwxIR8VSZo
uR-vRyyM1zc
uTJyc_wVUMQ
uTmSXScTt60
uU69tUniR1E
uUAtgmOOJrw
uUGnvBfk-ww
uVaoYuIhAwk
uWg1Y0vzgkw
uXPWqJ--TRo
uYRDIebtEaM
u_XsF0tXh_Q
u_n6pgxV3ug
uavk8GdgTxQ
ubntbjoY1Ec
ubq5MOYhM6U
ueCmoOzBa_o
ufvZXG4dZIg
ufy0v9MJNlw
uh3nRXRsMEc
uhBI1PzUIZI
uhTcCXUHO4U
uheTnIn7_hM
uhrXWaFA7ig
uhw3DVi8d2I
ujCvCx0AMFo
ulrcZqV5N_o
umhB9hF7kU0
un660NbgNyI
uoEU40bR1RA
uo_vK4V4eCw
uqK-M4Rql2E
uqwyuEiyN44
uriapMUyk7g
urpIcCs9ccg
urqvbyd4rNI
ury_e0ECPbc
usvtDZT2shw
uuO_HhV513w
uvhB_jBuvr4
uw4MT1t4srQ
uxwfE19gZ6g
uyMAfav2AlU
uypKib5MjT8
uzn5mdlJwlc
uzypB1nzl84
v-EocIWb7I8
v0-sDJAAPS4
v0Jqbavt1U4
v0TX8S5dAHk
v0oaSxA4wwg
v11OIzaf3LI
v2qUVsESuNQ
v53LmjSpTqw
v63oRllAubM
v6crWUzHNGw
v74V63EM-gs
v7IoyFVnpsM
v7V8lWlxACc
v7_XrdkDo-w
v8Jdx-gC19Q
v8WcE-3-gXE
v9yJpP38EvA
v9zD4zXN864
vAx_d2T_smk
vB_NlzOWxSA
vCy6At81jpk
vEJH4p2pQfo
vEv1iJgJ4gs
vHeViboRQlw
vHmt7sAqQec
vI6yeiCzsGE
vIO43IeUlsI
vItgixg-vDA
vJHklllHn6w
vJJJgTu3fDg
vJLmuK73pqs
vJRxRM3Hmd4
vJkglamYs9g
vKTupGayV4w
vKq5f2GPUwA
vLOuDYQ8XmA
vNYSroNVtlo
vNp8opdA5ss
vOK792K2bBM
vPHRStADSMw
vPOGaEzBg50
vPqm-8IR06c
vQUVa1qFjb0
vR4Ajb0m2SQ
vS5IL86qP1w
vSRo01LPaN0
vSV_u_RZEfw
vSlCcvximSU
vTM72fCgVPo
vTMn22BusG8
vTjZJianWIo
vU2GLS7Ksw8
vUyOLAM1oUc
vVjgaWgtT3w
vVz78AtBFCg
vW_jgR3Z43s
vXI7xWB0szk
vYuMh12rV3U
vZNswvZmWQY
vZQL2Ln5tns
vZc9SMLoD84
vZdIXp2l-q4
v_cRbtfZ4R8
vaf5CD7WSJk
vc6oo3PUl0c
vcXO4-c0t_8
vdBAgw4-S9w
vdUTvAAmNXM
vdVxFGCtyK0
vgQ1audcVxA
vgoHzCswRwg
vhH3HEitnDA
vhRr9YTnFmY
vhqxQL1ySmU
vjAzW8WR3Xk
vjEU87Hh8BE
vjixVPFv8_k
vkPzRX2P0hw
vm69I4R5IhI
vmMHz3wiBuY
vmmeRpqbA30
vnd6diNe6cc
voDdwslylaw
voeMJx6Bezo
vrHrlqyAcsM
vsSFGCt0AF8
vup4Usg6ECI
vwRPpUNyJUs
vxjL1VAEWhQ
vySpaCQU8y4
w0nuljEvjbM
w1d4KWDWh98
w2-eGZk-4RA
w31wertUAgI
w33pvpyTguQ
w37zoZ9Msc0
w3ozbp5zb0Y
w5eQRyZ-zjg
w7aabyTU5bo
wA0_IoVnzxQ
wACYrSiQ1Rg
wDmjxRzB1_Y
wF6mu-WSp1w
wFuxeJ0pcBU
wG-Cjczh02w
wGQ_SqmzJvI
wIMM0rPUjrE
wIwzpCLzhmc
wJ86kR6_DiU
wJOdKofxYf8
wL7kybYczzo
wLd6LK5zboA
wNyKPX6QUiw
wO-XFMVguow
wOMBlGvdC_4
wPTsX-zjrxs
wQDzUI89eao
wS-LYXK071k
wSoGZKtK9tI
wUIvZCRW5V8
wVAFuNcavUc
wWJ4HVcqKcU
wXHAatxXDjE
wXreZlCPmNM
wY5HuKTISfA
wYkeSDr4D2s
wZ3RFnO080o
wZJjONuo8C0
wZwDcXKVytE
w_DnqTBUsZg
wd1ILWI4OG8
wd6NYYDPexs
weBsQM4KpB0
wfwIs2aaqvQ
wig6EpiH5_o
wj16SAGLSTM
wj2SLdV25VQ
wjMhtnof3DM
wjduXyl7txA
wjwzEo7YW4U
wkD1lS2SWyA
wlkinVg3-DM
wlvKfZe0nys
wlvrAWDOgpA
wma9HI8IstY
wnWzCt5FMfc
wnZ94tYg-4o
wnfecH7oUtk
wpV_VM3N4ZM
wsNWdZrsT0o
wsb5iodON0o
wsqc4gYeGpQ
wssYlcYuMQg
wssczjSXIFE
wtr7OxtoxcE
wuAk1l0zhos
wvAWva3rkZQ
wveqyoTP67I
wwe8nWaNSkE
wwzxP7ZnuvY
wxICZu2ac9Y
wxaYCbwZ1bU
wxsx56Ejuxw
wyJ8fN7oXe8
wzXqa06yyNE
wzsxdopFu2k
x-7sd7GyrXg
x-a-shvKzXI
x0yE1JSqf3M
x10IThDEw-4
x1OOuiemhQM
x3fnFKYV5EI
x3q5cltZv7o
x3yark6rPNs
x46Sum4HKHU
x60k0Rkt_8s
x9peNRwIczY
xA1eglHTxdc
xCB9zCPEMbk
xDRUJc-E8ug
xEWW1j5KF_I
xFRMAwSYxyw
xHwaeg0PoO8
xI17-MuwXBI
xIHuCIcXSKs
xJmops190GQ
xLqNabR3OfI
xM3q1gS9-mg
xNCcAUIAGtI
xOhjb-wfbyY
xPRdjmHRcEU
xPt_lAwh-sE
xRHOeYciCWU
xRMWndb324g
xRl3VYbkC7g
xSBRHIL0TLs
xSmuRFjU_Ys
xTAqyGe_ELI
xTeKvJkyn7I
xUucRJBMsTM
xV2aBY0Fv6g
xWsGKQdwIRA
xXWvZTCPKa8
xXrxbNUIf9I
xYbqJpbf4sc
xb1rWsn7zXc
xdxvdP0f6u8
xe1vxRzchBo
xgSZ3kd8oSk
xh1k9O5aJa0
xhDT5DtAgG0
xhIBUItKLRA
xhOBMMgdBbk
xiett_T0m8c
xjyIhLLPa9Q
xkBiGFqJkY8
xkPvLp9-Qyc
xlIjnd6X2Tk
xlS7w45MJ2s
xmFa4SV0ETI
xnCXeGNwovU
xnGTDBxpdtk
xnvjNouTbfc
xpFCPvISDXU
xpPxWuujuBQ
xpWdJKk-IJ8
xqrlPMbXV4g
xrU02E0YXY8
xreH2CIlCfg
xsvMyhVkj1o
xtHqnD8QpVg
xtrphpONAZg
xuItx0kWoZ4
xvinr_LJqQw
xx7ob8al9MA
xynpisRp6fQ
y--_Q8cXGas
y-3v4ypFp2M
y-9srThlWm4
y0DInGOGcSE
y1Q6WpZ_Nbc
y1i-XH1Fves
y1k64EWLNtE
y2LexE058kE
y2bNqWcVxuo
y3sJSVn8A_8
y5NI9DFMQII
y5YrbHT8_bU
y6NYWb_8HmE
y8EvhBYO5Zk
y9WZpyN-7sA
yDy4q2NVUZE
yE6fCU-jWB4
yE7lNbkPE58
yEBEGdRGnKY
yEPJabGESY4
yJtl3pZM1zQ
yKDhFX5Ucy8
yLELOr_snEY
yLgWyxxtlBA
yMscIZ4gvMU
yOvNVJTwls0
yPCoZN-ILY8
yQ0EsmEBuzs
yQJVqajpTuw
yQWkWpheoS4
yQoGGU-lWaM
yRDkKLph3Qk
yRgBMAScfcM
ySeUiyfxdQ8
ySy3sXy5RrY
yTnR7WZ9Enc
yUtTr7PNMCo
yVEycVHMiKo
yXzL3tx0d9Y
yYOLIC7Q3X4
yYRIcVrCx2Q
yYcIu2k31j8
yYhlnHMP9rk
yZBNwn6rbLM
yZGz66Y14_w
yZxgNkK-RIY
y_IViD98YZA
ya22u69ZR1c
yaLSspMaFvo
ybAL-RmZFHw
yctxBYsHUqA
ycud-OKEwtg
ye6Ozo0bcgs
yeV2Bu3eNxI
yfAt6cMf5Jw
yg4hEtcuXg4
ygF4I9_pCkc
yhZrfVG2B9c
yi-oBj9ru9Y
yiJE2iNGV6Y
yiMBsivt95g
yjq3ERw5QWw
ykqAj8i1dGc
yksINcg6X60
ylAphmQSwoY
ymSCHc0KOwI
ymc4y0nr4D4
ymwG1xKAOyU
ymyp_7Ggj0w
ymzSGhVOD7A
ynFV9TFU3YI
ynVKW8AfTI0
ypxcL4F3Aqo
yqbvC6fhlVc
ysPjaYlowUM
yt9LvpiGz-g
ytDcs_xeWls
yuLPdmzrHTE
yxZFUI3ReNY
yxx1IIGWlWY
yzVjiNXvyM8
z-MlYKJCe8o
z-a-XPZqYIw
z-qHBfn4KY4
z1PNR3Ra9nQ
z1pwN80eOf8
z2VucQ_RY0s
z2vpW_5yCZs
z47a2tfk4nY
z4VowsCwEPg
z4aTCJ0hmb8
z4tkCZ7F5WQ
z76QnrISZOk
z8ELchNHA70
z8btC0c-UmE
zBSosaSW2aA
zDF3M-Kq6Ck
zDMSCBw-H9Y
zE8W47UpuDI
zEKLAv4XdtY
zEqmRTDA7sg
zFg9f0F7_0Y
zGdwxiFzKjY
zGt6g1rpn4Q
zHSj_JEprP0
zHio8ev0tPo
zJ-hy96-OfU
zJ1UfBWqXqI
zJjygBiZ0Nw
zKw-8h8qdRs
zN9sdY4otQk
zRxu7cYyHNg
zSSmBRtPlI8
zSjfn3c-1Zs
zVJ39nWDo-s
zWgkZyMDsOE
zXHluBCQnAU
zYmCQ9rdc9U
zZaHYTEbONM
zammfKwC8Yw
zaxi3m_2-Y8
zbkPJpcEDjs
zbu0WYw9fIk
zbx6QE4xK3Q
zdL7VwXuIZw
zdTnYiEFp5c
zf5-c8AeZog
zi2J4k2dbQA
ziHfbYzrxzI
ziYbDOYX7B0
zicurkUC0hA
zid37swkq9o
zj8S_MNmOJw
zjpG0M5Havs
zm3d1WeIUY8
zn4OoTd2Nec
zn4RqG1QYxE
zsBX95F_6rw
ztXBIFwV1RM
ztdefCntnbo
zvQL-rdu5cM
zxsJ8gLKvj4
zy8vgh3Hbl8
zzBgHhz4gHg
