-8Upc3mIQZU
-eNjQsrjAnI
-zBh6PfJW7U
0O4_5G66_jI
27l91X4B-IA
2F2_eTe7THE
2RT9Iw-Xooo
2f0NPCcz1Vk
2vmVk1E53jE
3CgEsjDY95E
3SeHkMARirc
3Tlt3WtnN30
3p7fLu34BPs
44UPyfRHtxQ
4GWI6UbZtCk
4lxTSkrwwPQ
4m0KMGc8seQ
5_nPeOPOSlY
6NBljw2mwxo
6cnxxTGCFyY
6mF_t8zd0pQ
70dIAkDGsQA
96iSczLwTng
9vqNWnJ-oF0
9y_ms9d3MR0
A0FGZRWy7hQ
ABZYJjoUxk8
AXhmr0NOndY
AlQ7Al5ZGMo
B6F1605-MkA
B6Ne4sjgwCs
BCJ7qENWKfY
BFB3sY3Z7HU
BRHKDl68A-M
Bze-7FUF-M4
DASP9Z_cTK4
DY5PuWaC8qQ
DaRU57PmH2M
DdkOzu_2scM
EBlW3tMiVAw
EsLGBndpI7w
EtDWWI7oTcY
FGMSaLp9Xn0
FI9crJ8G9ek
FUX3gcAtoL4
FeuVLWuR5Pc
Fl-Uqoa4Ank
FqhGxpUv5tM
G5daL5slJxw
Gm9-8n7tQso
Gx3ROMPo2AY
HN8j7S6RJqI
HNdZFsAYneY
HXWS9VIlUxo
HdJp8Tpqh8Q
HnqRJA_5vQk
HzzpRLwa7pA
IB5UzAcovjs
I_sG1QEyWoM
IsCxzFYq2YM
IunO6wrw96E
J4BJVifmoOg
JBINu5LN97g
JmDFzdmjNAs
K6MgKU5LfqA
KICH4CsvkH4
KcDnByIoadA
Kvmt--J5co4
N-iLUgplssk
OUipsPVuICs
QMwRQrBFuZA
R034U6xBvpQ
R7Ioo1dNQZU
Ra-HVPLWsxA
RpdwFc8VY6Y
STaqB8BRSGc
SmtzyYPscTo
TKF0oGX3X6E
TSI0IZ1NMeA
Teib6ez2I_U
UPLxV7fFDIM
U_X5pSGAP1c
V8BWdS0vTEs
WaFwR3teWaY
WcOJrA2-mfo
WxCbEVxUZKc
XA6AzIBSpMM
YIz7I1vpIUw
YRkYn2T8ye0
Ya7U-FIVenc
Z125TFKsa_I
ZNKN6PaAYOE
ZunFLUPMPlc
_Yl4yR6R244
_ZAcNXf_O0E
_es_cE98B28
b33Lk0sDOg8
b3kgb1_YF8s
bUHxe6UxGVQ
bbB5p6tqM-s
cTyUU2Gyf8s
cXHYHSoKRDo
cXu7hQ_iFCQ
dBzHjMVIkMA
dHf_QFmBRKw
dYYXHEJrjII
eDGA1AgbmY0
fWhgxecanKs
gw4UnNxmn4Q
h0CoYHvIXIM
h3glDtUiKJQ
hCGH3eJnhRs
hN7IshczPOY
iJCldGtAOCg
kKWdtxElDDo
ksuNTYSR088
kziOh5kOh-g
lLfsm5RSJZg
lloUwoaZ31E
m1vPgMNdtjw
mBeNkbELd1U
n9_zDP_lC5U
nYKde58Nf-E
nfKiTtKAUQg
nw-bK6sd0rI
p-zI2P_X8CM
qmcBn69TevA
rNjbqDWe1YQ
sHTgyaO062s
saZD1bPoW5A
tBn7zSzp_oU
tOJ3MyraOzg
u0gNd-8lMg0
uO-yK_ldKB4
vOxteWTVQPQ
vPSIi4MazGg
vPVFK85IHRE
vsSxhBVvcsY
wPf7-xt0hf0
wZs9l1Qo3bI
wrmWLFtnsX0
x4fgENXhNJE
xCkaIYsWjvE
xWp91h0tGLU
y2lwlncE_PQ
y9ievDaUyPQ
yS2HGxciCW0
yqUQXUzzm0M
z0u8ru1V-NE
z7Iio9IqrSc
