--9Zqij_5ww
-Zrh1gcAmC4
-ddG7xQ3yao
-mNkwlStUEo
07Nro8SrDaE
0Xoz5HchTJw
0qV5JyQk2Jw
0yfFo0-1u1M
1383h7_HcMs
138djJZRkdY
1M1Xs8DMRxQ
1TojezQWmac
1c04stfS2fk
1yV2W31ryys
2GLtlbxvNmg
2PbQmHMBF0g
2Wu2ryYTWRM
2ylnrx0ATdE
35xwXMsave0
3UIw_7g0P_g
3kM-gjZtSW4
3n8-HQ25QjA
3tyhzyHgI9I
4AYG7aAO6AU
4S-cpJj378o
4ZRJvXNG7FI
4vGm9ncGp1Y
4yQzB1iWsno
5JaJ1oBS3jk
5LUgUW0yox4
635mHvNVcpg
679Rfx6kZ50
6Gz6h-Waf7I
6gnggnRq1aw
6jyz91q2TFA
6rMIZc2JAsM
75fUfnddXE4
8A0SDuVfDis
8K4YOlOUwO8
8YavDQbIFMA
8iNBlLrXyjE
8lMo-4HUrgQ
8sN2mr8DZMM
8vB_zTFDl20
9P5JrKoemKk
9vqGzRHrW4c
AFs10LPcVFw
Azvc28Mjgy8
CVD5KFB7478
CWm5rpw-5oA
CvzF8UPBlMk
DqZuVAsMkog
E3oGiphMGq0
ELmtrn0krCU
EO7Q9rGfrE8
EPFzHBLagRA
ER3d-8E7yvU
EjvRmNqbfew
FBe7QHbLH9o
FMhUFthG4bU
FTpcaJzYenQ
FiyxBjO6Etw
FkOLKzgjNj0
Fxvg8p-Vml8
G1uN6FMkZzc
GR7H5NEpVzQ
Ga7MvmA8qPU
GbZiI9pOjN8
GeOh7zWlXhg
H5-7o-tZjrY
HQfyJNoWovE
HkMKkSm7npw
I5t8g81O4Jg
IVgqxxSVXuo
IdryXiMmqwk
Ims-HZN_Nm0
J-GM8s1kItw
J-sMBdJyclo
J3EVyo0z0Ow
JFqJJYdVlXY
JVh9_CZm1MQ
JaHFnEqMh7Y
JvuTYUmTias
LCuMS83wTz4
LQuVL8P0ZPg
LSGnt74q8X8
LxL9c0BL04s
MH-36ei3Bq4
MQL0mBldV_8
MlV1glvhFX8
Mld8_YtKsJg
NN7einsLfRU
NRJ9mnLVImk
NnwBa6Q2ANw
O6bFWVB2BRY
P2LZ-wjX2IQ
PDPIfsm52T4
PDsN8q-aL_M
PFDvHizk140
PfrWVjxpyBs
Pjh9n4l7F3E
PwL_Y1XXGWA
PxVqfMBEbnM
QKRHrg_6l6k
Qz16_Pa0gzk
RGx_JSOHaO0
RQTkUjw55rs
RecX7B-rS8I
Rijs8dr4raw
RnA9TY0pfjY
Rz4v9NBMdAU
S_c45EOojTM
SsSZ-ETmWpM
T1ae67XeLgY
T33dJMbE_jw
T3zoSI4-R3s
T_xt21f6l48
TxFKsaK3EUM
TyvNsiu9Hmo
U4vUKUSu2Ug
U908K7lMXpk
UWYlGG0pJfU
UkSq9ZVrBS0
UsJ0_lyCFjc
V20K3kmr9hk
VZq7JvPzpiY
Vtj43u_ran0
W5IzYJLtAPs
WjQcu4mhv8s
X3-Tpf1KPSs
XHh1_aV4BhM
XWFUNuh5Nrw
XeUCY7GAI5A
YDB2qWvMQD8
YbKSPjDgfX0
Yf4t_ftgfV0
ZU9mM7MyhzU
_0v83AWPO_I
_1jj3KIXaSY
_HAhLEbFnO0
_h9OdSiW52U
aBweYxSq1hs
aPpqUQjfhQw
aTdPsBLo8C8
aeCK0kQQaVE
akgAhEs9vr8
b4-2nzAhdvM
b9BkRyK3ma0
bVk2RkjA52E
bb6jN8btf8U
bf72Zvaic_Q
cHhoyPdjIng
cNj6g55gMH8
cp1aSeQZ38g
cu9Gx75sP7E
czVfmxQv9jw
dQ-aKMGWNrE
dY33TPXTZN4
e6Dm-d0wvkw
epwU2vWC1-w
fDk_qV3Ins0
fpE85sVnX8k
fsxNbPtrpKY
gUstMeX5sIc
grQ6xFDe1X0
h4tcNcZ0MdY
h8yJ0xtuZCE
hBeZ1jMjEug
iaOdd1fMm_Q
ilH2DiokpGU
ipP3INRkzKo
jZJqonJy1uo
jtJ__brIqIY
k1mVZtCQUBw
l34cvDF5iEQ
lHoIrbN4b7c
lgx6b0KhGKw
loTJNHYKrq8
lvZ65OVVPek
mBGEYIw1Lvw
mLWD4g7n5Ic
mVsfxqmb_b4
mZ6xDJOwqYs
midxQhNIG2g
nNU9k7-RRqs
nskU0hB_Ges
oHWdZzDS7cI
oNxUsPCUWvU
p2YGSvlhilk
pKcGhXQ7dh0
pdb4uY1NIdA
ppiXndJyiws
pqOx7R2cBm8
psRbZA_D7N4
pxZ91_AlO9Y
qHFA9ZlCY_g
qRODjitiKP8
qjz6J6bqxjA
qrKow1-FC3g
r1SZUXchoN4
rOwsdU4CNy4
rPAhFD8hKxQ
rU18emy-Z3M
rfJAisbvbxg
tAFL1h5GKPw
tTyO0dQ6d5s
tXeJUBqWQT0
tmrKECnPv9w
uGEXYnbXB10
uvZaSDmJgSQ
uzaI39fTr6g
v0c9Zmqd4g0
v10rdtfODDs
vQp3FUsU4aE
vUzAIsKz7g0
w7nBJegBk8Q
w9A9EknT8es
wHEU0grJ4ZE
wc2dfBJKfcI
yZYGYRp5m1o
ygfnBKwpZoQ
ysZb-ovcFnE
yv2GEbixSbU
zF3FfnPDX78
zar6bSUeipc
zj9J_3W2AuQ
