-G_4nJLNXA0
-HcSEKuYGM8
-OeZ0Sd9Z9c
-PKsKqQHd3U
-_7axQ7YAnE
-bcrLiATLq0
-ksJDdN7YQQ
-ruB2TV60e0
-sh5XZo5wRE
-wxawmjnRWY
01z4tnBbsL0
02DVY0_SFuw
0BlpjWBYW0k
0Dy1KGnSvD4
0F_ztEv_v1Y
0JlshAo8DuE
0OOJ7qBwVHU
0QBlrGva5YQ
0SgYhzd5ehY
0WbFkXJwCaY
0XLGopBovoI
0c4X4IAHabg
0cUYNaJvSbY
0dSMzg0UPPo
0h960rrdvPI
0rupQ6wlUCQ
100Bk580mPY
11h3mFyMn84
1D75B0_URbE
1HM_YBEfEDA
1QtF7X0GsWA
1RGlXh9eC5E
1UFT_ZNwJUk
1VaY9N7Alq0
1aNN6w-5IeM
1cAA71GpDig
1pj9AnP_nto
1sWw1kP7FeE
24-pj9uG_8g
2ERfPN5JLX8
2G3noJk_vdY
2JaE_gqYeEU
2Nwr9E2BBTo
2_URC-zXLN0
2cWa5ENWxAg
2ciPAsVTq6c
2qZycn7o7Po
2rQ1Fapkia8
2tYaFzDe1u4
2yZGcr0mpw0
38w2-NCdtio
39iOSz9MTZI
3ALAZdsguO8
3ERc-vPLMUs
3OoLHe-4aNA
3U_OTMyn-Ng
3nZB4u34q98
3neNMK92iEc
3rhBHwQEWpQ
40qRrV8xxxk
498pOIm8Qbc
4ALTGeqmNFM
4AhZ8503WPs
4CK4WHElb4Q
4ESW_NTIhBM
4SVhSZ-rfLM
4WOKQMOyYoU
4opHafNmgCw
51xFP1Yn3g0
5ChFbVu4Mpk
5I4rxfnCtxY
5L-NNFPiRog
5Vd5pqjbWJU
5YQwFjJ9GX4
5_I6vj-lXNM
5_RA0AHZMqI
5aD6HwUE2c0
5d4VekfRnMs
5kVyOd-F5q0
5xqsPZ7WsHw
62fPW-5TR-M
62mG4jjz2Z4
69UpMhUnEeY
6NNt0Pup6jU
6O9POkHMfFM
6YhLRcVh0tQ
6ZBwluyR2Tc
6akrRznGgDc
6cpXaub5IvY
6mvpJQb63Ts
6n7ARh7rNFU
6ovKJ8GZ7lE
6rdmpx39PRk
6yT8kvHlgeg
78jg5DUbNZ0
7IT2I3LtlNE
7NXfyCezUFk
7ZT7xqwk84E
7dF0QTzcuac
7hdVjb2gRgQ
7p9H0FubPv8
7wITZXTT4sA
7wrDfRnRHqI
83RSwczyyRY
83lk4wLNfcM
879wteCRKjQ
88YOmg_FUVo
89PCYdMRtjQ
89UNPdNtOoE
8F4i9M3y0ew
8gO5dzEB_b8
8iaYksFXoZQ
8kOHaRqwMLw
8mJEsj3N50o
8uqp3cnSAhY
8zm2rn5cDIU
99wPiMb-k0o
9AxKEeMuzIo
9EGAXOWpGy8
9NPjdDS11C4
9NZvnVPuDKA
9TsA4qYsy0I
9dHcuOWsqrw
9srJdQU3NOo
9wX-l8GFBq8
9xZU5lJFbos
A30lguyG0WM
ACo7mgawxZs
AFo96BkYNdQ
AJqdYsa_nAE
AM-Wg8IH2VE
ARXSnu8ImqQ
AUmoaZn9bek
AY38ih4tR1k
Ac7iFepG2CY
AdX-T2Vv68Y
An3Hcn21ROc
Ay6ckBojc_0
B8vVZTvJNGk
BC5JvbtQRhQ
BJDjcS6YNlg
BJYDrugEtxY
BKEEi8JThps
BPIhh0q0nHM
BXCfBl4rmh0
Bhs2gUHVey0
BwICyaIPjbA
CC-L-CITg3k
CEQ3edwqT_c
CGQa3lTbVMM
CGgeBifpvBw
CKKEo_YaHmw
CQFDIZfMPVQ
CQG5B27euPo
CTtf5s2HFkA
CWMATrOatRw
CXYbZv9hYIY
CheFL8see30
CodBk7xewRk
Cz6q2RD6Zbg
D4n6KmcGeM8
D4pQz3TC0Jo
D5_zdap8ycE
D8-8r0wNgiY
DQYoWAKJTFc
D_tV8j6Hi4E
DgOnlivl5Uo
DmczVhGq8cU
E-DY_RT4fJ4
E4nqHfvYVbk
E5cGxlzk8rk
E6B3uvhrcQk
ECouh9H5q0c
EF44__0GJEY
EFPosXIYGP0
Ejoct_6pQ74
EmXe5EDQvsg
EmkBH-ncG1Y
EpwlfvERUFc
F1YGnH8Cjpc
F7PojoZKGHw
F9QmVM536Ks
FCz7424Vo0E
FKkWdizutxI
FKt52CytJng
FMWHAKld2Uk
FfAJdnKqRCo
FfC4OGbbHLc
FfngYhl7ZmI
Fg2WzCzKpYU
FhG2e6mpdEY
FmU_SGdtHE0
FoCjuKKzeog
G3NRLnrgbXc
G9rH20lOE1c
GDMUb5mQsjo
GIoxY9kECRE
GP8jJgzEmwE
GaJdCYP67zM
GuCR_Webyi8
GuCgElVlZhk
H5Q2jkVDzeQ
H6_E6C_e_fg
H8XNdqA18-M
HJJ5kC_SlfQ
HOP8meQepaQ
HQahtzCU0BU
HTvhgd84_WQ
H_ixOwLOHG8
Ha_LxiNbZEk
HcgpUkcYXfc
HplP_MY78NQ
Hu385YwuRaM
IHrUtKjcAFE
IL06CzXF3ns
IQ2u1JunzgA
ISfIT3B4y6E
IaP3lGfa2n0
IczrbbY4atA
IeGu-ZCJVDQ
IgGlfFbTN9g
IoNJsrQcNMc
IrNHyJGTt20
IsyQDWlszjQ
J0g5z976v6c
J1zNbWJC5aw
JGB4-rDYPyM
JLCrZGgKD-k
JME_He6PH4M
JPqGbOwOI58
JTL4dj3Gx1o
JUBsJLRSM64
JXq3vgpPgBw
J_GYaHufHTI
Jcvac9__YN4
JeUfCVoe3As
JsOOx_1uLNA
JtPbHL5gFKw
Jxn37l5vOqE
Jy1DC6Euqj4
JzMqT_2J2e4
JzqdHkpXuy4
K4UX_NdSxPM
K6GyJBgBk2o
KIwpGEvmgvs
KJ_TZUWdlYU
KQ64Jm3dmSs
KQSLpuVZK9Y
KS3A8reNZyw
KWJpKNQfXWo
K_5wK95Nvk8
KaZcyeJ-GBE
KkKv5ilmRjY
Kln0v_L5ExE
KmONGE6rFVs
KyEn4On9S-8
L3QkJ9-Wnk4
LFsdbLFHgY8
LMKfURob6nY
LQFnrCbemaE
LSYLUat03A4
LZjfoJmOt1I
LZyy4e7K8hQ
LfS10ArXTBA
LgSies8s5O8
LhOlPGmtsdk
Ln-NfnjBgr4
LobzHjnANCc
LpTkBg8HpvY
Lr93OsOopvo
M6xZZiaLOV4
M71wqjf4SuE
M8YzIa6Amuc
MDfDZmwnCUE
MF-QJgpK9qo
MTq1hzhCF0g
MWtL3pvGC68
MYOsCjbNOkI
MbCmaQzrZoc
MbbD5WReTX4
MjDgXQb4_DU
MpFTQYynrc4
Mr2hnIheDxQ
Mt-IE-XQJ8w
MwH0796IN48
N0Gw6-xMLlo
N6ccRvKKwZQ
N8VR7Qscq4k
N9VUrgbN2L8
NGaOcp33rHw
NKWiOwt7eCo
NMZT2BAEtnc
NO7V6TMQuBs
NSi6Wosajys
NYvEnAvouVA
NdG6767-fZA
NdWKj_SFqtE
NddZ5ftQb0Q
NeR0gtYIsIE
NjoXC4auYFo
Nkz5ZAL3jSc
NokislH5Q1M
NrIzWWmlboE
NtZjvXj4YBs
NtnsHtYYKf0
NxbOQ1FhqdQ
O2799XSIlZM
O3ZuimXdObE
OLUyeCC-2Ko
OLr0i88Dq7A
OMCVgvHG7-c
OQPwPGDQqzs
OUCNoxEdiAk
Ob-slE83W80
Og_yyf0EAB8
On5LjH9TQxY
OsKnvsU9ZK4
OugcrG8y_Ig
OvmhYx6itRE
Oy8ZMFXS_5E
P4TUIJhoKb4
P99C051arMo
PB38NyjmneE
PBbl-3_R3mk
PPSO5798k2I
Pn8kUPxJS_U
PyFLvSg6ZDw
Q-ZypI1qlS0
Q21clW0s0B8
QHcbQfcwegY
QLZMzsRB86E
QVNWB7CA61k
QWW67ZxJ73k
QfC9kifJyWI
QiT00AUwQl8
QlblfJL0xhY
QqCGF8y6jhk
QuW4_bRHbUk
RfeaffoWajc
Rp7-yNvOV4I
Rutr3z6l7Lk
S4xeWY1ouSw
S5nFHMKCA00
SBz_NDq6g6E
SQhI52sqanA
SU9HgQCfyjY
SkgbB2zK5EE
Slt3_5upuSs
Stxor9L00BU
TF1xxPDS7Pk
TJhfcKs5Soo
TQDjILTly3s
TcvZL6fx-lU
ThbSNajAD1o
TqOSZ7tsJMw
TviX7V-ay5I
U-FK_4UDYvs
U6_-EUcswSc
U6viBSkLkSk
UMa21BUinsI
UWq0djr790E
Uaj722cg9Gk
UdJeLlwrVUI
UflyPKSCcu4
UkBhW8Kj3r8
V1FsO5zaf6M
V6ljxByu9ng
V9fuY8_ffFg
VMv44bIBdQI
VQ8cZoA0tiU
VRMleauyKjQ
VRccwkEmOYg
VV2zN0cbeHg
Vbg787i7i0k
Vdkda0ZClbA
Vlh0YDRmZ0I
VqKF1RSnuvo
Vt93KZLuAqI
W-DgrZD_xdo
W1yuucJfB6E
W7GE56dxS8o
WF1BDfhKExg
WGBqeQ-dmYU
WdbF4L_ruyM
WkpoL-aQbdI
Wn9qxPKkRDw
WnPrtYUKke8
WuG5WTId-IY
Wv5701U7eXc
WxLfmDkT5YY
X0hDX7LtSxk
XLufmakbiU0
XRjb_IKDiz8
XaalbE1Eh5s
XvhT4PnmK1I
Xzdnrhj-npQ
Xzh-6ZDitQ8
YB9SiWCmgaI
YMyPo-MEvMA
YR0LyIqn99A
YVrmvIDfOac
YWKlqO9niuY
YWM5kwmJW6U
Ya-ML8ZUnaw
YqRtFHF_mMc
YsGskRZ4RaE
YvSkXd_VVYk
YxsxfsYxA4s
Z859PMPLgNs
ZAyKx0m97WA
ZBrYtOa8LD8
ZQEWuG1TPXg
ZRQ3vBGskds
ZTyul7Xndi4
ZYeP087qsQE
ZdcjSuvU7z0
ZeqSg6mN6HU
Zf7xO6oi-Nw
Zgge1O9wdPY
ZmtbMKJLUJo
ZsLcOMfOzNY
_HvYJQ5Bofk
_PccntqMOoI
_UET11Pt6Qw
_YO4UPTjMVI
_yz8WC6wH_s
_zBsnnJOkyA
a2AbKwAvyos
a2aWO5cL410
a5T1xXoR8XI
a8FJEiI5e6Q
aK85PZX2xNE
aRHKVpaA71w
aRZ8TlvH2gc
afFw91fvNJM
ak_kvs4iQpk
amTAuK25P6c
b2YrZNahqiw
b32gnEgoQlw
b43Iz2OoUNk
bBBy4-0uUC4
bK6nnyibhdk
b_L9DcGiXyc
bbr5yWwsI1o
bin_W1xVPfY
bk_D4mSgMsQ
boRius1DYdQ
bqSeQuH_Tc4
bsIMMa7iEKU
byzaoji_9kk
c-iisqNh1r8
c1rYuslEQLs
c3fJRRCAIdk
cDqEcrRY4nY
cQU2IAsQak8
cRT7kp6zi1o
ca4JtA_EZzY
cejoE9l4FCc
cuovE4OQi2g
cwC6Z9gK1Yc
cylNiU0mmHg
d49TzVF1gmY
d5ztPGrsgNQ
dBKmxyZoFFg
dC7uBZhX2Ks
dOj9ZjKnJcY
dPPu5tUjgmo
dYyIoNA2DJk
dmqcnlaRA68
dqMksokDbeA
dqkSM9fhe2I
drHVT4NHSNQ
dtAh3LRO0i4
dxPKuxrrG7A
eB69L94mGLQ
eG6HyPrTccI
eILNyJdpTSo
eW4l2DQ0n4s
eX2UFN-hJhQ
eeczRrDoL_M
egw79BA_0PA
enjtnQ93HN0
euQUgp5AY-Y
ewQAJtbgr7w
f7NiPdD1Xx0
fBQnhLGT9RM
fHlrkMILAZs
fJwkxD_wZvk
fMKtFKphuds
fX-gqFChAyk
fZ7_CyLpwPc
f_SqrXtuSoc
fe6SjQRzxZQ
fesgl5Cs5FY
fqCdP9Uw5vo
frD3126ry8o
fwMvGUNny3o
fyK6kPi8k78
gCt5WK2OVp0
gJIciLYTQjc
gLxESqXdj4o
gNJE2MPktvg
gRpZLYd6HGU
gVIirDe50m8
gmcVmJpJQAY
h1HLJyFIcGY
h4XIOpKWc1Y
hFfR_qOSa-8
hIv0oQDkEmM
hLbAarRWJic
hUVzb0fzHsk
hY-p_-p4peU
hbBVgufI9y4
hgS0UOP4zUc
hpYxllgfMSg
iA8WInofeis
iP6CRZdDu6o
iRmDvXEC0cs
iX5ZTieAUXI
ihKIfCJBQII
il4OOY7Zseg
ilt0xvYnNXU
imXT9QwRzks
in9BGz958jg
itreFICfo3I
iwnKU89CCdI
j6hO1MCWKAg
jA_TY_2gqZY
jO_DlgAAW78
jUHN9a1zNA4
jozozH09XSs
js9_EhrjDD8
jxoHB_sTkI8
k-tFHVkUjMU
k2tkfbc18Vw
kBKlB4w0a74
kWu9yXQY6Ok
kZYNT0-L8z8
kcc6qNT3BoU
kexteGM2V2s
kfYCvbdX9Ck
khfRKnLj-54
kop1sWzTK-I
krMGkjBazuo
kskmiwiOeZE
lB3Zg3lLNKU
lIavxAm4Mts
lUpG-ziB0C8
lhvMqva3-7M
ljF5QhD5hnI
lqLlmXmMiFQ
lzRb4zmGvNU
mGMR72X8V-U
mHcqvkzVuZY
mIr4dLGwaVs
mKezqiGUt3k
mTuC_LrEfbU
m_6-Ia_Ybjo
mbbanUHyIys
mfWb5ksi3qc
mjkuSm__G7s
muE1wPzr398
muruba8ORGA
mvoX_GHiFk4
mz5x6GxBlNA
mzEOL-N2cbw
n0ADOfaxWYc
n0BM5KZBTZQ
n0MCEL0yrKc
n7uJoi8DXiA
nK8VZ3Aqwpo
nXDar3TMiqI
nfGXG8Lnndc
nfZ0hX1VdQ4
nrHVOFG2V-c
nxZBZQaMcoI
oBqTDGQ_szw
oGJ-j3S-fSE
oL0M_6bfzkU
oNp4_Znfd4o
oYagDTX1mM0
oZkMQkHGj1s
obLwJyYprqg
ofNN1b7xzFw
oipksRhISfM
okJnQIjELY4
op1Dp1r66OE
op3w7Gl83mU
orO3PxLPiKU
osE82rEp3FM
osrKWVknkgs
p2cicHXMs1w
pPd5qAb4J50
pPdevJTGAYY
pUg5R2rn_NY
pWuYtvzxuLE
pXOdQetMysY
pdwiwuLVzaE
pp2WrHc4rmI
pq5j_lGtlf8
prKi2TI0TVw
px52fxITTrw
q7jVtQv4m0U
q7kLCecXEUU
qEwCPJOP0Mg
qOTgeeTB_kA
qQ48TwPKHiQ
qqVY0Ci6_ms
qtec10a94eg
qy8JyQShZRA
rKm0ShaJNFM
rQ8jHM8QhU8
rXZscASelkc
rZf6tZs5Fjk
rl_BVnHV32M
s9vSEXPIJ-s
sANZdO4d01k
sAr7mvBjWq8
sBgqP8aRoo0
sCMVw2SJLy4
sCQfBdNPxF4
sCh2T9axLyY
sK7i1c0QGsU
sPScqP3mFKQ
sSL7EwdlLlE
sWvp_Z2kfYs
sZobqPFNcwg
sh3WZ_2nIPo
ssfTsKMSyVE
t4kRHoj0W1Y
tFx4B083SRg
tOHNMWOGIL0
tTXjnQlAHAQ
tTuJekum1gA
tYjQXjUUvwY
t_ZpauMxapY
taksrWsEM-0
trhXiCxvzu4
tvkyB99vFaI
u2Fa1ESqGeE
u4GEVxbLego
u6MfZbCvPCw
uBONyYUu4BI
uHcYfP6Ce0E
uTVtBuY9Q-0
uTm_wWAEz1Q
uUo7pY38fGY
uWh8reiXq58
ucWHB0Ea6cE
ud5c1TVkcnU
ujBA_C_mgnk
uk5aXEvmTbc
uoxhmoW6Uvg
v4H0i0IPsd4
vN1NisVvEvg
vcT7qxFGD6s
vdMlSJGg2s8
vsiPt3l6H3U
vtWp45Eewtw
vyIo-c7VmIM
w0-07rnvUxM
w5u6Jvh59y8
w6ZsYCnlvPs
wDXUDq2KLM4
wMwThGTYT2o
wNf1rBjCaPk
wY0afMI4Jgc
wbmUlLycXFM
wl5ZYb0hDTc
wm2AdknTcMI
wm2YtvNmPxQ
wmC8Dg4n-ZA
wswa0NuBbMw
wuPTPUkTQ7s
wzv0pb7mzaw
xOw_bHXiA-c
xXRmQUWkesE
xdDhVgdjqlg
y7uCBWkrAXo
yD8Vz-mFHgI
yFuD2JSDueU
yGfCp7CPx-M
yNmmX83xIGM
yTN-5nfvTJ0
yXB3ULFKl0o
yf54ml2GVCE
z1z0AVvY9yM
z3oY-XHwss8
z7-8gxAXXbU
zBbYRc05kYM
zCARhVfeX5U
zIhFNWlPUu8
zf0gCterxVo
zmvJ54kRpjg
zrpqJ0ruLZU
zxaWgu2qxZw
zy1BhVhpGN0
