-8X5a5R3T54
-RCSSCfYjxg
-eWmEI0Py5Q
1-5acINax10
2X0UP1AEYVw
3TjYCDVJPWk
4AXTmL4TC6c
4AkDFhsdUzw
4SSMjN8WJOQ
4_6QaHMKFIU
5fZiX6JW_JY
5hqpadAlM9k
5ryoYSNKy8I
6bulRiMfsSI
7-OohaOaH6A
7lSZQix6l3s
85ndZ2mVuRo
86hAz23pVKo
87pW_3eVuYU
8RxPaTKoHgo
8l-_6jTBkws
A5jAgYlRD3k
AFbk9DY900o
B6IKTBRtTmM
BLu70eeNKDQ
CqutgfBIuMw
DsybZgLpiwk
EUmSmk345zI
EZzc0PUe0og
FLz9kgT-WsE
FPAPkPMlXDo
GyCacuW5BJs
HMReU3Lh7RY
HQwX27bnRV8
He4IN2GNBLg
IQsA8LACgf4
IWv3fzxRKNc
J_26Lb2TOKw
JqWqn0xYXEM
NOKcNjlHP9M
N_JJ1zN_nYk
OJPPsDFgeVQ
OYuPWAFRgk8
Q4aacCOS4oU
SK69_Tw2Lpw
SZeiqJWk0pg
SpWbS2PQVwY
T2xGB1S2Irs
TCKP5s7DuQw
UHWFIDHVkz4
UJXsqQ5U8Cc
UiyowdUD62c
Vw_vBw0a8R4
WhyilFe6gWw
X3bALLi-M_A
YOMPv-9Qp0o
YbsuqzjYO-c
Yn4rNWhwcig
YzVGIP7dgZQ
Z-58Vec7qpI
Z02Ux0C3VoI
ZZQwN-I4QMk
ZoRcOAJg9lM
_gJNFQrGaR8
a_KRPVQmDvQ
bO-qfHRQiXg
c_x-viS-7Xo
cjvReiSCvbc
ckmqN05PJVA
defROc8CHm0
eOvTZcdbTzk
eXOSsyup8Fw
f3vJJTEuSfk
fOMhYEQUeDU
f_AXNbMolfI
fnGa-_ICqJE
gYy6ItOcskg
gbjc_yaWJw4
ginE2vfGtlI
hQnBN-y0SNs
iOmmYXUgaqg
il9IRKkRrSY
jFk4uHoobAw
jdkWt0dzIQU
kHONTY4Uv8Q
klnqoaiXGrA
lpVLCxHQHKY
nNsxo75ksJE
nQQ7nxLELfU
oAPWF4n6ouc
plYt9vE4pqk
q9ZHe-hqShs
qEZYrSyya_A
qWuUS2tBd58
qacKqxOe_ZU
qqjkNjZXugs
rlYEyMw87RE
s2CQGExBv9o
sAThZ_4XFMI
t4xYmsdmS0I
t575SsZwViY
tiKDzBcUkL0
v01FRxLO7bo
w9b4aW7D1aY
wIhabjC3WW4
wTGZ66eqnCk
xDCf0_F5zi4
xUnBaoU4dyg
yfzGlx_aK_U
zbOTk6xMuJ8
