--In7pT2Mwo
-Oo_7hkjmbE
0QNiHb9RV48
0hxubyNN0nE
0vvH0oP-7wU
0vxwyt41ewU
1Utl38BrCo4
1drkPhQ6spk
2edLNB0Ol3g
3CNFHpCmVCU
3l_GnyoQCvE
3lz88kWs8K4
3s19t9tOrBQ
3t5Qp_1cWKU
3whNrKTfAxo
49vnR_Oh2wY
4LxVFfBvM6s
4rGtbuOeX7Q
4yoiv45mH0U
5-sfvn3MCz8
51mM6J43OIg
5Sf6aUIDRxY
5YBIqWV95V8
5Yxdou9dNBM
5kv1Nzp1t0k
5ubq-br9PLw
6NEFjqKuBp0
6iKQms845yc
7htmZK--jF0
7p6fsf4PfP0
7xm2hm0TSSM
7yABiFasbps
8FGnqGRLqGg
8Vh3-iPdHCA
9L0rrXYokeM
9P1EFAuFdR4
9SQ3PU8QOas
9yJKnqAa0tk
9z-ZU_qI42M
A0MjOh_rJYQ
A0Rbpp0zozc
A1rCn9HcTYM
BURHGeYpg3M
Bb7-q7dL_6A
BjD7H4GIxx0
CbYB_n9cp9s
Cpbs1inR0DM
DHhYSfkuXKM
DewbVP4eiMw
DlonitCVazE
DslfCf74HeE
Dw4QyeuB7Ew
ED4sP07eZdo
EixQF-XJ4Xo
EmdTMYrns-I
EmnWr4aSAnA
EoBu-4XR3VI
FHHXniE6mXM
Fh2hymXnrJs
Fk_wEELQ4CY
Fq2udGTGeok
Fv_XxADOKXM
FzKKfJT2hg8
GN6QF02Pxwo
G_Ovy5uoBw0
GbuYpT5KchM
GeYc4fFra1s
HXFlTJlen8A
HeB04KcTQDY
Hv99l2UGF78
IK-2wk_XEtE
Iih4cHBo8yo
Io7df_nxqS0
IwvmNaQd_T8
J0Vd_BFt8Fs
JQrErabOCjI
JjwfJAutMRQ
JlHAgE2nu8o
JsrE7-eMlig
KG83uVMKGRQ
KYzDnW0FyrY
Kkviz_J4E0E
L-bhMe105P4
L0hgTXoIgKc
LVaFP-8Dydw
LtTu47_Z2So
LyRu1Uq-O_Y
M1tz7Do1ijY
MNErliwGjZg
MTMiGzU-THI
MaZ0oCxKbCU
MfY3PyjTIDU
N0DC7WDdLKQ
N5VMMLYtVaI
NGznhuEMTzs
NHQFn5gwlt8
NXTdmFXW1g0
ORCWuGysdr8
OWl9dYA276U
OcQTV5Ik4UI
Oebtv7sLdSQ
P6WJFLpmFZA
PeCpbhoZNJ0
PqVRTJoJ6so
PvJL7-5yYpw
Q33c0QqieZw
QdYc7KL4rmM
Qh198Vu026k
R3YFUB0jrG4
R6-7aFk9uQM
RQYjmiZfnb4
RS-YAzX8LSc
RgZdEmgwhYo
RuMXXGuYX-Y
S2N5_k88fgU
S7FX5R7h5GY
SZ_ejY6jQxw
Sw6EFrPR-is
SyDxtQFZH10
TSQp3DuVepk
TZBN9BKzR48
TaM3AoABgx4
TdhXhJkgFN4
Tzlc0rSyNRE
UJBZK_oVt9c
UMc7qs9iUJ0
UqWlp-yBM9E
VM-JGM6JEtU
VTxEWWWoslA
VqerK8aBs4c
W6-aUWz6bGM
WWQDrzMHuJw
WY28sK9zXcw
WgvBQaO79Oc
WmGUljmVh0s
Xmxi4BEVUYo
Xv1D3BznSJs
Yl871XjBhqo
Z3W4tkqbpVw
ZBeJdCtJgx4
ZPxF4zRXPm8
_H88Y-ZOn_s
_KvDJYZbzpE
aRQHmcXQOqk
aY5wZGjihVI
acrmZcPh4KY
b3jHsZ8Haro
b5SXSKOlNp0
bAX-jpzpXiQ
bBs1xS1Q5D0
bCc1glWXjh0
cJVxYS8UUtI
cOGhROUjlLw
cXB2X1iZmMg
cXya4nE412E
cYJj39rL2Ow
cbMnNBcTIpM
d796Pu4CjW0
dVmJJZ7DeNk
ddCl9rzl0rw
dyJ6ycKD1jg
eWKz4eMbV4s
ekxxZd8j9ZE
eqjKxITx6dQ
f3kHyUDC8nE
gMapjSQDZSM
hD3TPs2W2bE
hEwJybpcQVc
hXbDPODP4zo
hiY_cQ68drU
iElbl__CL-c
iPBBjO9NreA
ihjlDPcPlq8
iiHBdk26x1g
jB3of4suxVY
jF3JHAMjeRg
jTzVmb3s0H4
jWQud_W-J_c
jmeLzFnc6z0
k3F8Yaf_ZN0
k4Iyab5BPno
kxWkOVXC1l4
l7vu5c-Lh28
lFLk4nKXPeU
lY6qqRPM_Wo
m3FYTw8yeTg
mFSYgCSut0E
mH4E2OVmD3Q
mqDxJXk_sVg
mrPasEmbv-M
nJumxXGrU8c
nXsHJ5bf9Y8
ngE3lTOcVuY
nnzj19wRgtA
npCDzonKNcA
oBSQPEP2UYM
oM1ZOgiBIgs
oNKrJt4WVpA
oke7hZeXkJk
ol-I9DYb_RA
omOs_lNCHZQ
oyxKX92gal8
p9Lg3qI5thE
pGiZZa5DZ4g
pLsZYGKiMAs
pSSpUesBi_g
pZnMZrwGcVs
pb2sEFu4VzQ
piu-O9bp47I
qpo-MyaCTNQ
rAOsn05IzPU
rAp4Pf18j04
rNIAtlHlQv8
s1jYW8RH35I
tFUeRgb8maQ
tZCp8I7QZ8E
thb9EI6bzIE
tt-PzhQ4UW0
uGnzDtykOho
uZVZHk6aaGY
uhS75yf-UW8
ujd7IKJbIDs
us7yFUjoOFU
usuzAc8zV8s
v-0MyUmma7s
v7BLr7CnWAs
v900vU10qck
v_jeUy2VAJY
vfgN9908Q7Y
vgvu2jLEorY
wEbrHty50XI
wMV0hl-SzIE
wPed2Xogrvw
wX-5Q-iA52M
wuaAs9aWPiM
x2yE7RFmpFk
x3jiW-Ko5vw
x76IkcSbb9U
xDOWbt_xVik
xiB_8kV3zRE
xiZoN-Sls1U
xlOLs3LhcR0
xnmzukg6Rco
ysjumOBPRY8
zy9ha-zJTLY
