-2VoEOMHvIQ
-5F2guc8ZCI
-D5-IOyNj5Y
-D_oVN8FxR4
-IP3BnB2vuw
-SudffIsEQQ
-geUy04TEGI
-tTQWRrpG3A
-viDZzCZcVs
-w1ypMsUYEc
09fgAI2vVrQ
0CKmEm_jGzs
0IjFqZV3gAw
0IrJLglJICA
0K4jTm6Vcz0
0Ycmg8tRT7k
0_QVzzAffMc
0p9i8Un41x0
0smaxOo1cZI
0tF-JfOq9j0
0vaE1Qf_Vo8
0xh7DOLDAFU
13AUm1KNOhE
1EIUFkzxWyU
1FGMpgORxyI
1YMydQ6rgZg
1YlSFDsE_O4
1d-qfMluAOo
1oXe4IHaqJI
2-V2OlE0GBg
2AlyqYfEJTA
2CrvQeTW_jM
2E15OV-TIOs
2_F-1QD3zU8
2_hiMXYZrNs
2cuqxKn9CRk
2hQ15sJ81VU
2iu4yCKC0Qg
2nR88IRIXwQ
2p7zwPaeG0k
2tLVeES8w7o
33hcMhiMtWA
3UTnPYnzCiU
3oXqcyQnap0
3y0eZQHU8_8
4-VIGlp8Rds
47XhQXW2Cug
48yBGIJSNm8
49aKG2llo-w
4AyW9OypSQY
4KoG7Z1HEXI
4_hz3qFQ-1s
4ebFI0_mca4
4qR14iU_iIw
4sIjsWvvtsA
4zog-_ziBss
5LPm4QApdKQ
5Rz1qou98ns
5X9ssOUiEns
5dtYOYotFR8
5lVw7w_-9HM
5wai_snEQh8
6AZKi5Z6BCo
6BUPgJr4cVw
6HhlHD4mEjg
6NjMfxYczKM
6OutTiT9m_s
6QVGv9bPtMc
6UZuey1sTo8
6WLA74GbDds
6fPJOi7IgBE
6ksjLG7Vx-I
6ujwSgmTQqQ
6wO6mJzrzzg
6wxFpb_P6zQ
6xBAKi8SMyc
752Wbv9nzek
75pttm6OAwI
7AXFZXKxo7Q
7FHYDtoj0cw
7FLJ3o3Hd-A
7HkM9M8Ke1Q
7OnyKkcTNZk
7XSUz__WUJA
7ZwfL2j6xp0
7_NlV-TA9no
7gQqA3TZfaY
7vga8iQMm7s
8Ul-aIKgrvA
8hWRGZmYm1I
97xtNJktLNQ
9ANzqWRk7pM
9CtaRcHJQPo
9IkpIffK9ho
9JuxZhCqnYk
9PuXIvgPIdw
9TgWoZagVfQ
9Z3PGbqK67k
9_nSU6Ux-C8
9gbkwNkDE10
9sDeZpByMBY
9sof6x2KMtk
A-Pc_Kcihrc
ACfhca8Q9Sg
ANJd6epQob4
ATWppdb3kWw
Al_ikIZ5Wgs
B7mb9houHKs
B8_oOx-koV0
BLecZnTW-_c
BYqv33039Mg
Bl65PvlogS4
BoJYNna_9ns
Buqn8x5FAFg
C9MJopKzjOo
CR7QrBEH8XM
CbC9aZS48pc
D2cMaGiuHjM
D3t16QW6w4w
D3yn62vLyS0
DBH_DLd1OQA
DBww69zYQKI
DGTYpkC86vc
DRfhSGXxSmY
DaMpAGpbjqQ
Dl1k2UOF3sY
DpxUGW_votM
DrfVGyKXQUU
Drmff0eH74U
Dz9AJArSgWg
EJ2GzffaBJQ
EO1ckau4AZ8
EPVgHPDnxgQ
ERKMp3lLwjs
EdgFuWwjxeM
Eh9ohx5u0n0
EqopP9StUsE
Et838YcJnOw
F_AGRl0urC8
FrTI3Q8whLs
FtnB3r7anNU
FwHqsu_86pM
G97mfOE1SJs
G9wYSGkXScc
GAKsn4l76M8
GEk6L48yZIk
GFhl-hcOcsQ
GG6xNiLXnA8
Gb0ICsmPIp4
GkkLpIixuaY
GmISct_rAJM
GrLvTh7j9vo
GsUBFg1F5Z0
GsulSLiLuUU
H2GEj-Ej_QM
H9hvfvRUttA
H9oHqs2w_-w
HFwcCkiWyWY
HMpRTJgcJaY
HRnPmT9mRDg
HTp8UGzX-GU
HU_k1MsXccI
HXwKWEbzEHM
HY5Yms8iF1Q
HeJgtUvj-sA
Her21A1fHWs
HlGVZwxCx5M
I23-wKit7ZQ
I3U2fuWf6mo
IYffUixak9o
InqOBk-IGxk
Ipfm_c-utys
ItAFJoMUOVI
J0p3Uy8ziDM
JC9lTAyL5ws
JH3wSD1SnuA
JPgl4Oq7aE8
JZ-plSJmNKI
JaU100Zr8iM
JambuJogK-I
JdflaLNFbdE
JfiSxsmjXuc
JnAhqzZ9cmk
JtQUpc845Y4
K0_FPmx7H6U
K6dzkhCDPlE
K9LNj-p4Nfo
KGOFBJ_NX9A
KKlVVbV12Pc
KRK0jGJD_fE
KZj0d-pdEEc
KjqVmU6AQBY
Kn0wTFV6QpY
L2VIvYw14W0
L3p7jOjKnlM
L5ZNZNsdFWs
LIRVEghqt68
LIu-TwWSOTw
LTLgOKXVL2g
LW7TsTbz4-U
LfET8qTt1kI
LmEJ3NO1wFQ
LqJjtx76AQo
LqUZ6vl6xJY
M2dzu6Sf7LE
M2yu7HVVUj8
MDF7GLSRJSo
MMAO5X5foqo
MT_oNUG3xQE
MX711PObbbU
MaOWAIxDKKU
MhlBDTfimK8
Mow8pp4XyuI
MrtY0wpxplM
MvUCVJ5gBu4
N3XdISJ41Kk
N4zDtjDjuOU
NC6BZn5YB0Y
NLrEZuLsD4Y
NPyijurSU1c
NaVficTXfGU
NpyDnmUC4M8
NvWQEt5Emc8
O8QKH9KpD_c
OUArvQeWV1o
OVZBYKrj3ec
O_0Vy5rCpGw
OdDh2EiYMd4
Ohv0ZpeEErs
OiA4-3iPDGk
OoP8oHr_S3g
P1ALvqBYxIo
P6ZX1qn9xSc
PGzyi_r-FCg
PpTeGpqQ2Ig
PvUPCzz0bgc
QRcCioq05Rg
QS-tXEjEe2M
Qu0CWhjxqrQ
RAB-264_6Pc
RIM-0iame-M
RTeAKK5XqlY
RXbzzw_bo_Q
RaOzf1vfFVk
RgzL6ZnffWk
RmW7N7VYHUc
RrtsSQhz_Jo
RtDSr7qqHGo
S-44WjkaWtQ
SDqdD_6waVs
SGud_Ij_OpI
SMTZLgCddpw
SZ0iR84BaQo
SZAZyf89q9M
SatkaVj1H0I
Sd04MlBGbAQ
SeS26vpFJWc
SuOTrHbqHAE
SwwxTPeVy70
SzX4iOcRJws
T-dSUDhkp88
T40jAC_dgYo
T7cadTJrBug
TDWnDb4JMN4
TSTwrxrRSuc
TaZifEBL9eY
TgRWdmCex2k
Tk3q0gmmf9E
ToSzjNdkkG4
TpB-SudbLmE
Tr-DBoGU6_8
TvadK7gj3jA
Txvel44OI0s
U9HIigdC_O4
U9hNV4Sw9iA
UBDNoZbBxvM
UGkMaQO-EwI
UGuzxeMWifE
UIhLEv8plE4
UT0ZBS_Upn4
UccmotvwcWs
UlsOirNUdz0
Uq4dWXAVDLU
Ux12BaN3BjA
UxaZTnsk0TE
VG99ghnP5JE
VUz-KYV15U0
VjhiBIswcpY
Vnfg_rX43qs
Vop_WpdGr8A
VtZN5qE7m-k
W4flfShLttQ
W7DPWSPChXs
WJE4-1Z0Lgk
WV6WNYkzOpo
WXE1PpndCeQ
WmAF4ev3oLE
WvrG0O3QpHc
WzXM5OS72Sw
X5ZT-9H_NWQ
XCtTWFjTORo
XK3tVb3Fdyw
XKquKtlguFM
XPBUu4d_EPo
XSi1iUy5nrw
XVpGxQXGQHs
XcQQL5XZYLk
XqycY3XOF98
YZ0VdT1ES0A
YbNAP0G2NnI
YgMkzNqe2Rg
Yk85kVmMKRQ
YvAoQIOKs8k
Yxn8HROoq_Q
ZA0pcnkMnqk
ZDt1Ztc-SyA
ZPVDkRpdZqc
ZSYtUREZ7VY
ZW-TztjN-MA
ZY3J3NTAVdM
ZZ3qT7WpoOg
ZjCGNtqhq5o
Zl8a9bwuTr4
Zlr8epZusjk
Zr8lYjySTqw
_3G_m-d_X2U
_5iulN92ZBE
_6teXqpR1jI
_EgFHoiDvw4
_GUd3DcMlQw
_HdoMdodoKk
_d1jOkDPBBY
_dc0u7x4gl4
_gx7XjIicM4
_j53TdLBcpE
_jppB9bfLFM
_slMuLjN4-8
_yR8Jq8CG9o
a6PTp6W5WGQ
aCyfTELS8rY
aJdyfcDuItM
aTwZ9VE-vC8
aqjqfZPQ3So
awg-ozL4wqI
bEdQyQXajKw
bgJgjC4B-Uc
blvmiS-6ulE
cBJHrtNiH5U
cShY2d5Sm-A
cSiTzflWEqI
cXNvq7ynlQs
cb-T7L0UQSA
cgN0WRZdRoI
cm86vkuJXBM
cprJFFUJ7NE
cuTDsknFaoY
dCUPYxvsZxM
dIpiXQTbx5k
dU0GOhtC_4g
dUYbaQh7IYY
dV6VVHhwmvo
dcV5ec06NW4
dw01dnvEMHI
e2IXDvbvs9E
e3H3eLqHyXg
e3TOuyP1uKM
e3vDqgce7rU
eRKJlRvk7-Q
ee7Cu1IUetM
emJ4fuAmvV4
eroRxs91-vE
euDi3vX1Bww
ewArskJzG-U
ez98EpsZefo
f49mTfFGhPc
fCovLBpi83o
fLqFznCoU_U
fNaeMS4yxGA
fQun58o9VTY
fXepMKjRrew
fctJElCXjkE
fdTUiooc3fw
fgO-jgY5ZOA
fjgwhJVOZug
fuW74ZtKJGk
fvak8iXBlX8
g4S1e8ppDno
g5b6hHz8kk0
g8UXarNbbrI
gGIstHa5_bU
gQPeXq8c9ak
gSbf9Pzth2o
gXtxB_iArmM
gZhbq1129yQ
gbNZcqan5uY
gfFXIRKZdM4
gx3jd6RP8SE
gy4dFUo6r1w
h0i7hUzSpBQ
h1lIGx3P0tY
h4Px83oKMqg
h7MswhXtWnA
hRVA8NZ4oPk
hpGMdnl6Gzo
hsi-853908s
huzVCsf8hR8
hwHyeRjdg_k
hynh0aSwJQE
i4ZbgpCmlVQ
iDZ2K0PBdz8
iFsw0GISMHI
iWlOOOo2h5o
iaIB5CJs_Pc
ilVZNWDbSHk
irk8N0yEtBY
itFkoh300Gg
iuFvTVxPV6w
iucc2kfopDY
j-uVewodeLM
j69i7xuuXUw
jPkt2lJ1mu0
jcOC1ZIQWMg
jdvU0QjKJ7M
jjoI4YJwFds
jmvmYVIuwA8
jnBfAIfdQQc
jyUc2vjLme0
k3v7L4MDS3k
kJfECosGTxM
kRJqlAgSLBc
kW3ZfLLEK9I
kgM68mwx3to
l6-Rqzh3A-I
l7dSomZy9QU
lAyIyKr_f8A
lESTwLjPOeQ
lH13CXRGi1I
lPO-7xhzEmA
lfxVxLNYTjM
lhQKaegTuLE
mP1dXPiAvec
mP1j_4O6y8s
mZTKMz726mM
maJzyEWr380
mf6pn5bfelc
miR5RMvNs9w
n3NOLssvJtI
n3azrSXwNWE
n4fBSsE9cgQ
nEL4Pxp4Jjs
nZSRhK_8GMA
n_NDqZ_ja34
ntbUTGIhxyE
o6zjopaLl1I
oC2ahkQhXmo
oEhWpb5fSyY
oSUuDVE1yHI
oU_hu1uDt8k
oYZ68QRP0OI
orgj4yZa6jk
p0if0V6663s
p31lseT2gmA
pA6nokAAa2I
pJbHK4FXRIY
pd2h3zkxb6Y
pgHuG5c21ng
pnGht2bO51c
pyeENnaMWvI
q2msVfG2c94
q3hiFjyyMJY
qHUAP-ePXaE
qK2x_JIQpYw
qL_Deu_CiIY
qSnQhBVs4Rw
qW6EbiZLaF0
qhH2ECUUCbc
qnWn8O4HUAA
qyQwZLU_GNA
qzqFeM7O0OA
r0grM7n0Uu4
r34OnfYIdcY
rOb_10_LRbs
rVjTxyZDYfE
rXYWioauRnk
rb6kZonKY1g
rwKugmCd1-Q
s2tt3ejQ0yY
sLZ9HT8ng6Q
sWSG3f7ftYk
sZZ68RRkjOA
sk4Pniir6pA
slWVk0OCa6U
sofrsnVHkP0
spATN2y3g2c
tCY0EpO4MTg
tN5mYLF9HNk
tYr_-VcztUU
t_3QPOExpog
tv_JKwFgYHM
tymCea8ac0I
u-1dcr5ce8o
u0ThRMB1wlg
u1xJ7gcLY3A
u5qMjoLCSoQ
u7hzJu1SsE4
uH5TFq_TfJ4
uILlI_c5PPE
uS7bvQ0BlNQ
uWZ2_xbr9iQ
ujdGTJaS18Q
urZ8GW0ft-8
uyOzBjF3liM
vBjC809XAS4
vDLla_ykUU0
vFD-r3En7l4
vGx62UMRmXU
vNzqZWyqxvA
vhYamMVIuy8
vlwgiJQ4UU8
vsGP6O4sVoo
wADFFB_4QDg
wD69DvuMwBQ
wSAJX4vHHE4
waXRLGYkO1g
wb96VImpg48
wbDwaRQnweg
wl1idl8t-UM
wwhEVrNKOoo
x4KYn3f1CiY
xAVxhdtruNM
xJ92E1uzoIE
xK8PXcBNMuw
xSwf94--to0
xmAoL3FCBZE
xpT4Fn4rhVk
xrTL6G-R_uE
xyXHFK1_3mw
xyr6beKiDuE
y5QvnJzv7To
yU7-1sEY9z0
yUc20xWQTvY
yhD0K6Wpe7E
yjULsA-men0
ymFnpI4PIAQ
z9epo99iccc
zCIic5vramU
zCT7GJM02TQ
zRa5tsjYkaY
zjtKdCcIoiI
zmVKJ5aDTc8
zwZQDoxfJLw
zwpR5F2KPl8
zxKHNpBPqQ4
