-0Vga14GsEg
-0Wy2Cfijp8
-1Ft5wjghSs
-1KqI8agSe0
-3148qRnJIc
-3elhanYP0E
-4OKCmCJpgI
-5uwyHkYECM
-6-HHQBTggc
-6RfH59ChxA
-74DocIRY28
-7SlgbIIn8k
-B9adhhFCRc
-Cn4zCu7M7I
-DeY7tM0Bgo
-EBndkaAvKQ
-EQB62M0QPQ
-FlQ1iDZxnE
-GdqRbjMt2Y
-KUYsMhNTF8
-Kf6d_Owx6U
-MUmajHUqGk
-NqG6x9yF_o
-O5Vzxv25eM
-O8VbILlzVQ
-TEfqg5iXnA
-U-BEFdVSpI
-VRRJrgNEMw
-WPk4v_b3Sg
-WbhZgh2DPw
-Xb1R0XCGgM
-_t8LG8ZZiU
-bsjPM9EOzY
-dOtfYjpuPM
-dSWo9ywEag
-dm5Iuxa6II
-fEAPcgxnyY
-iRBUEaiNWY
-iyMT23x7Pk
-kSnSdeLoAE
-lxadj0QhCw
-nDEaHx2iN0
-oEqDliclqY
-rAIyiZ2U_4
-rF9HMHl_cY
-u_NWEzFwkA
-ynKsUICy9w
-zlid3s0Jd0
00jr_JkYzV4
01Al4M6WVUs
01yQ30tRo-0
03vncB2n42s
04ZWqOuB45Y
07J7FewshAA
07jcb2PYnR0
089xOB9bbhU
09C6sfnNGJw
09vO6i1qnog
0Bjw9jiHZvY
0JlmQOhCn9k
0K7CypWFWTE
0Kaq7guyCAs
0LDMZedbDuA
0LZgkZ-eioQ
0NEkgriPv3Q
0NTb10Au-Ic
0NYh92rNSGQ
0NxQYxd29iU
0OAnm0RpPkE
0Ob6hgVavv4
0S4TnbTWAUI
0SyqWBuyQUI
0T9_iJRJTX4
0Toei2Us_Kg
0UEkip1CgzY
0UI9cF9OJaU
0Ub0nxzWqOQ
0V5rvfJ_am0
0Yi8RxYv69w
0ZAlkxguOhw
0cB3syb8K2g
0cpD3jpVPeA
0dxNNpxGTL4
0e8QxpcAwbo
0fhlSw72Z5M
0mYoko6e87k
0n1a9GL6ZMA
0nG2tFyf3hg
0phZXfUiehA
0taoRVhjAjM
0v3I9JKfj7E
0w3lNhNh7Kc
0w6CnWVNSr8
0wi-9xLiEj4
0wxFH8WilMc
0x5OH_v9GU0
111HBmsf7vg
12LeTbothHs
13tAAft2tJA
14sIW8wKQdU
174U5X3-A70
17JMEPQjlnk
18OOGf8D7Cw
1ACsL-IdJVA
1AQ09W37sHE
1CSG5kR1VlI
1CYuwBcPObQ
1Ezg_DqUSQs
1FUb90zjGAY
1FUy9AUs6fI
1FvADt-mJ_o
1G7YtiSlvgE
1Hk07yPqqVM
1IQ7m8Qp7VE
1JhhBHD0PDo
1KAX3O7onUo
1LZDgaGBjrw
1LhduocYDWM
1MGLdhUmlc8
1QVgFj_1qmo
1RGVPTp5M3g
1W127aKzgoU
1Ydo8AmNqFI
1_e3yBmgZqU
1aNzqg8BlT0
1bjMsnplID4
1bo-bi5JuLM
1dcyB1fBwaQ
1eW_b23HDsI
1eXlvSvoMFs
1fM0UIdU3gA
1hP0GPQxrpc
1iW91aj-ncU
1igH9-ng93o
1l7VWEawclE
1lW7jVqKbtI
1opHWsHr798
1pBPeeDDaIo
1pKqj73prpM
1qG9zJexDn0
1qV4V3EUbig
1rQ_mphb7HU
1sAOchyaFm4
1sIQwemrN1Q
1sLdCUzQvpc
1sV5qU6e-YY
1tsHI4cPd6A
1v27P9TwzQY
1vGmMbpxRHQ
1vfPivxnEsY
2-PARBOHe5I
2-lN-KTpK_s
20LYRPyJ5dI
21ASN1EMPLY
222Q-UHYd8I
22dcUKH4dSA
23Fo2EWZ3Yc
26yvdDMy5Z4
27ksbH6Pa3E
27z7q6KBMUc
287BgXQY02s
2AyWPRwDFGc
2D5AFxinrNk
2F2_ItJ0q_k
2G0FZ0dbBjQ
2G7btYHdky4
2M1iTFtEZPw
2Nu1KegPTYM
2RNaspc5Ep4
2WdkpkmxG0I
2WsTXHnXVfc
2Z1VbqbbFlU
2ZOIGCxzOTM
2_Dkb7IAFHs
2_Rtr8zET1o
2cPmPk5BPHA
2fDTKiM6kmA
2gvCi86XuUw
2hCS2VxqVp8
2k1spnERhxM
2lQ_HOOZyQU
2muUyWRA-8k
2on9sYMTURY
2ppFO9_02Gk
2tJgltp5eao
2v_Ia3Iyo70
2x3-XjadorE
31SWFBf_uxg
3346yRKPCR4
33FdFeU5ft4
33dSZdoIlIs
33xhO_2Tr3c
34MN0FSCsyc
35E9wwkaaWM
35RofLYFHv0
36-7qpiM_nY
38JIghtUW10
38jyfarm6PE
3BNIFhj-58o
3BUEjmqbMgU
3BmFaClR4f0
3DD_8SJKAjc
3F_gPXlDgeg
3JLN2tlXoKc
3JV2MaoA5Zk
3Jlr1PTijQU
3KyaViw3-sM
3MYa2YID1I0
3NLjYmMKwgs
3PITdIY5_0c
3PK1l1HgX8I
3Qprg1IkSWc
3Qrlnn35gBo
3REVJf3QMDA
3RQTrloa6TA
3S3BX0oM8aM
3TnWfj3fQZg
3UnqEfQG89Y
3UqgRvYpmxg
3W8gxbvgxQU
3ZAtHWysSIE
3a3pW3nXqsY
3a3tZngGEWI
3aCo-ACDteM
3dNHUGtXArw
3fvhrLWfCgk
3gAkvqS1Nh8
3gz2RPp8Eg0
3hzE0Ko-FWQ
3iS6cr6Sw1k
3mcqY6AHnJs
3mdk9jQnTwI
3oBGhzZ2nmo
3obZCWvXkJU
3pIOz4tFI3E
3qhwNwydUE0
3sXZB952cek
3tcFQ5xKtQI
3xtPH5f_msg
3y-6Q3G2w_Q
3zXDkD-SJT0
402y84XDU7w
40P2Y_aVci4
41d9DFsfmrA
46-kohL6rdQ
46H7nwcco6I
46pCzPRyV_w
46qk1C8Mer4
48Ew7mQ3IP4
49L3foHnDFg
4AMV6SLT9KI
4AU-40hAwj0
4CexgghqExM
4DJfC4WQ01g
4DXQEbEGx9g
4IJRkUXQ9zI
4JD5qFBpCdM
4JjxTYodq_Y
4ORwU-W_H3w
4OaS_ZSIFJY
4Px4Z0bLmIo
4QD2LalYW3M
4Ql7D8pXoRM
4S0U1mFNmAw
4U-Rv3iSa0M
4UIilSJS-0U
4VV97uSJ2SY
4Y2AunVKZ-o
4YpRFTkiEds
4_idhCca2XM
4bi5ZwIcH8E
4bngTdHhOhQ
4bxNgTk5Rn4
4dU8jTZCy5E
4dlIir9EDPw
4eOXZupYZEM
4evxzzW7EB0
4gFYF3dZEeQ
4geFMZ6HTcA
4gqCof2Hweg
4hVpKzc764Y
4kbMrOBt3tM
4lqeseEV5_w
4mBhnlnlCYc
4ph-66R4DKs
4qRczAodeP0
4sJ8iy05ZMg
4sLmOqDCBi8
4sbU0fJZce0
4uSunx1ud9Y
4vA8BIGS8ho
4xQxjosx-dk
502iDUDmZGU
51HjCw5O12M
52tWNHGbfoM
53ZDNGF2g_c
559Q2CN_Vzw
56-S50kXDuk
5685KJmphFs
56EBWXvyVJM
56guSQaxKpw
57inJzH5sGk
57o380nALxY
59LDh8i8Wm0
5A5G9cX34mE
5A6Auf5dZ5k
5AC0dKBiUXE
5BGepJ5J4nc
5BlGqDuV-1w
5CwXB4-VP9Q
5DhWrS7WH74
5DpUOLe5S_I
5EarzbmO3oU
5HYL9pJGs8w
5HjNw8dPqSU
5INJV1KfErA
5Ivf9jrXGAY
5Lpjr76GiU0
5MD0Xbcypy4
5OFZwuXVjv4
5R6kUiKQkxc
5RDVeLC7_G0
5SQ3g17P2-g
5UqJEczenMQ
5W8TRj1nV4s
5XKKvHjmjzY
5_SFs-n33KE
5chbiYPxUQg
5cyy7xVnNKE
5dHDJnK_ros
5daNMXer2UQ
5eBwrnA7zn0
5fO2Nx1PyFE
5fyngNo9Utk
5gS5Ka0qQdI
5gy797D3cAY
5hqzpD9drdc
5jsnmfymYD4
5ksMLV0CGeg
5l7-cTDREyk
5l_jDNowMxA
5mj28lqthoM
5n8zn-R10qM
5nedlxtisCQ
5p_v6oAYy-I
5sObVHXeMZs
5stKz4fFj-s
5swt6Y-n3Xo
5x8ED9n-w5M
5yb7YftLKLY
60YKAklKFfg
60jXBmZgnbg
61JLo0tnHXI
65EesJgfpHo
66W1rKngxQE
68B0L3MiLHc
6AFjCA9ZzyE
6B3ZtoNUL1E
6BmE8KiukLc
6DEhlo1y8QM
6EBcjEnXRdM
6ErPhej9C3E
6FBVmg1gM7k
6HAkNxKshIE
6Ht_GxtpDBo
6Ic3Amsv8X4
6NOSD0XK0r8
6NZL6JUDt1s
6QfHOBsCfgM
6SJnr88Dnlw
6T3CeJ-iUu8
6UCHJfNBNXQ
6Waa_bziidQ
6WvtQKLIPAg
6XNa2gacCi4
6XULcRlPigg
6XeP_2h_TXM
6YVGLXLB_nI
6Yjvz-ySxCg
6ZI7P7Z-JS4
6afY8DWGJ-Y
6e_jTwA_rg0
6ekHVXkkcCM
6ektu2k0pyQ
6hZeVrKQn_0
6i3udRa4ia4
6ltdF54bOI4
6mxvGkWPpH8
6nLNBeZoExk
6oQdsrsPVbM
6piDewfwxfU
6qdPij_Fjt4
6u3C_1qijrQ
6uvU1SqTR3A
6v_jDr7eCv4
6vpGkx2pnEY
6y_bOb3J0nQ
6zPNTV-9WU8
7-7DIv3AU1o
7-DIrerNJW8
728tskxd0cQ
72VeORpbxeI
72kgkT8xO5k
72z0yaTZLWo
736jvbsxeao
73H-c5uUwas
73iARxs6wDk
74d_Wrcko-8
78Z3ZnCjgF4
7AbI7M4syZ4
7As215Qcmcc
7B21LzrLDjo
7Df71BTw7Zw
7DmB8jDYjtY
7DoZkkHnkds
7Es1fH-ap_Y
7FfdhzYJPJA
7JBTc3zlhkk
7JWPhjba3qs
7JY8jdC_Xus
7K0JzFZDyRE
7K7pzTejBlM
7KvCjZWS_kc
7OxSTX6f6ko
7P1U05UtvF8
7PUQty3jnnw
7SkXuF-EKvo
7Sm3grlieOc
7WHhrrF6ZRI
7ZreRdTqLZc
7_RadeyKVHk
7_a-ESfeij8
7_nZz128BRU
7bAeOIruhqo
7c-da8ZV-yI
7cFeykzptVU
7dIifqT3e8Y
7dTXlafZEe4
7i41iek3Y20
7iHkACPYXYE
7iLTVj5a6fI
7juJvYzU5sE
7kO-RvWyVew
7l9SvBynDXA
7lkBBsSzfOg
7m8S-jkpILU
7mCk1Y4fIWo
7oMUDdSoNAc
7oXbRZuBWas
7oy-aZRdSvw
7pCJyyNCEDE
7qKirN4yYz4
7qfyxGDhegY
7qjN3x-xrpk
7saJP-BHZlc
7uDt64olupA
7uHLPFEQuyc
7uK6jlCVweY
7uj1oUCawNI
7vl9pDTTIkI
7w8BXgZ0jps
7yP_OGvTX_0
7yyBSO2JoVs
7zCMGIXChDw
7zONlM5t6Qs
7zZY6DihWkg
7zhREsGrT1M
816Y0mLpoTQ
81TgEaVpa2U
82OS-LpSbQA
82PCsrC9Ivk
844G5Q6tMG4
8BZt8DZixC0
8DP_v8f8ihs
8FmSGwvTzxk
8HJNvLsNV8c
8I96GfWWuUA
8JuEkpazH4M
8KHnX-0jZP0
8L3z1zQHckg
8LTEPM-uGew
8Mp3xgy-teg
8N3QtSkZ6vk
8NDRqsQWung
8NRd6CtuWQU
8Qj6maD49QY
8SFa0Th9P_E
8U4IclPwhvk
8UVOvfUpbWc
8UpGbvOTlBE
8WAsqzanYRQ
8WObny_hRd8
8X9Mc3YMhA4
8_KsuVfZ1eY
8_RBFJN0ypA
8dkGkwFQn6M
8e_bG6jA6uc
8f2O3_t8uYc
8fu9y63mj8c
8grtD5NjXh4
8htEmKF8j18
8i_j195NMgg
8kMw4frPKwM
8nKFuhPjrMo
8oIt04ulgZo
8oe5uTou7QU
8on-WLhdJzY
8pTon-nNwKc
8pa8fu0g9b8
8pzyaxorTEI
8vrRY6JXKGw
8wHd97GyPzQ
8x1NjXYt1RQ
8x9_bGQmv1A
8y95bvdVf_8
8yjtHRt6bvA
8z-OhlILrUw
9-BgJWDcb_o
91HHsx64Zmw
91tpuf4O_bU
933Q7yjHg0Q
93Ro_vfZcfk
93ikZts2bOU
93jWneF6qFk
94_ZOUz7VmA
94siTL74Dtc
95NwEx3u5lY
97FuO-hEhQo
97SafVeKoF4
98RPHVuEaKU
99-dTqIdZa0
99gLa09iem8
9AVx4UvztHg
9Bnl8p-ODWY
9BwMpqodrWQ
9CulZXUIQkI
9DxsY2391jM
9FRaBSbLv9Y
9GkhGdinlFw
9HhNdCkt5lM
9I1AAYoL9So
9IH6ZvRA3u4
9IHNH1GgjgE
9JTHK3zYuGM
9O9c85vxxhk
9QYe1c9gAGc
9RzhKLVAO7I
9SFNgLe0M8o
9SeL98zrpN0
9T99oS-BNUg
9UOlJsmvwxs
9X9cingvQWw
9_v4-kajAWk
9fLS-U0D7SI
9gwISWN4BdA
9k8f_CPdQVo
9kpEvtjAVyA
9lafWX8yVfU
9lk2G2vKqT4
9mCQwI6rXgM
9mQOIiAw2Ww
9nhci2rd0PA
9oQCOmWvC10
9oWHDW2Kamw
9ohZtgXmlgE
9qoqmTEdcyI
9r9g8VGtyJs
9rnZFN1Ro94
9somdrvQ3vo
9tJhiowPdW8
9una4DxZuCQ
9uu8N2sZlX0
9x3jjnoertQ
A-I-hduRWPU
A-eF77Q3Tso
A0_-sBPBx7Y
A2s6EqM8cRc
A4tr-4nJ8Zc
A5JOlynHI3k
A5R8n-xjSUA
A60vCirQOTE
A6QOyVfhi40
A6hQYXFly1I
A7WvWCSMK3s
A88BwrkWRFw
A93f_PVo5fU
AA2JII6TG4o
AAZbQUftIOE
AFNlzcf-SBY
AH0K-6TYirk
AHAod8X_p5w
AK4XfuPG8Io
AMogZ451jsI
AO5RUSKYCLE
AU5-OoU8H6s
AXFaTKjKb90
AZ6q9Ulx7u8
AZ6rVa4vMT0
AZLZ-7BkWt8
A_oavkedzb4
AaIVg9saGc4
Ac4iBVCM0Fs
Ac63A2T1eJE
AdtZizj-764
Afdx5fFdFJo
AgtmZib1wRs
AhYEFs2VX7Y
Ai3FBx9vBq4
AiewUQgL_kg
Aiwv9ztVggU
AjyTTC-kzwM
Ak51zb4G_Kk
Ak53e1K-SWw
AlPmSim6vLQ
AmiHXGdtMjw
AnDZ4ERVSGo
AofEj0Y-Ksc
Aq8b5-WX9Gg
Ar1GXuwaHX4
AvFtQ4hal-s
Avs5ZMri0Vg
Awr0IeDmnF4
Az8c8IMJ7yg
AzOL1ZhiWHE
AzzLiJ6na1k
B-voue3JhG8
B0Hdrq1e-OQ
B2QvWKt8UZA
B2WWxPu9Ldc
B4KOSlNCPGg
B7qgyU4V8Pc
B8K4zhYrlgQ
BBtX1mCaiIw
BC8rIetI8cw
BCpzBWzYGas
BD1NMJDn1X0
BDG5m8orx0M
BEajhEuRhKY
BGYrhd3qsSk
BHTVVI6O9Z8
BID5T9I96uQ
BJCqa-mvweQ
BJMW60NteHQ
BKfWe0WNtAA
BKleObyZn-I
BM4W5hiOKmA
BNQEYqEdkrc
BNuymnT0X2Y
BPUVVRi1mOI
BPhH5O6oMpE
BQBQwWn_8Cw
BRgDJY_Zfoo
BSAoitd1BTQ
BTqe60nRuUc
BTsmAJId-bo
BXoZBwlrVY0
BYU5JXqVD28
BYlcVWh5RvM
B_OPxLSD4gU
BaWJp3P5L7Y
BagKrqrKT4A
Bd0bsZofXSw
BddlGKasetA
BfdyKngoRkw
BfxjVAzfz44
Bg3iU0NAzbQ
BhhL4-BvDyA
BiMQoyt_lGg
Bj_eBD8UL_k
BknXJ24POyw
Bkyfdt5qGCg
BlwPxJGNops
BmrNTbKPcjg
Bn6V4QsJF-U
Bnpn4MGNwr0
BoAe_vs2LwU
Boqv4PgwpNM
Bp5zX7fPs5c
BpPuJwQ9Rko
BqDyBdGp5cM
BrFWUWx-8YE
Bsba-dNApvw
Bshf_xqukyA
Bt2c1hU_k4o
BtYHvkUAK1g
BuZ1N0kAPjE
BvHZqBypt3w
Bx6dwNUWGOE
BxQbfn8cL-8
Bz3Jx4QL_6Q
BzVP49iXG74
C2vJDOjE_Ug
C3MiIufHX9E
C52ZqjibU1M
C5378SLeUcE
C9pSg6HgDX4
CAH8aC4cEYU
CBKF6qru5SI
CCUVE_TZgcM
CClERAVPj1w
CDnwb-3IHWM
CE75-L43H9g
CEN40UpjPUM
CEbyvSge_JY
CJcQBlzvV88
CKXGmgdZQ1o
CLUpLwr9k9M
CM-zkk98EdM
CMQqwNxNBHQ
CNkUS3vhObA
COz_0dEOHcU
CPl-skLcTtg
CTgCcTGUon8
CTlrYyXu1RA
CWQDWj9K0lo
CZqhMc9xyBA
C_ulXsfyaCg
CbNyUKqvYwE
CcojTcLhl-0
Cda3HLhpN9o
Ce8id8OI0cI
CehgOCJzwZw
CgtW0mh083o
Chc-OJu9a_M
CjE6gwp6N6U
CjFQWoDsyWI
CjHVI1JYI-U
CjQUC8xBjgY
CjgzRpTohzU
CjxhLlBX5j0
Ck9VPJwKP40
CkGubJZonJs
CkK5eOKZgAM
CkKTDzYOgwA
Ckmss8urlmc
CmEfoJa7S7Y
CmMQA7DkECA
CnIXFC_72q0
CnL-yZkeN8g
CpJdlB-Np0s
CpZeYBEYPTE
Cpapr5C-ams
Cqm5M68_jcw
CrJuHWTZqRg
CrmtuQ3bM0s
CvFkujJM-yk
Cw6loZpbheg
CxB8rQyQ2qU
CxFC-_J3e_Y
CyOF5OX1iNs
CyRwqVLVT6o
Czqa7DBdo0Y
D1LrVYl9waY
D44JkW6UQ8w
D4vOaJg3iwo
D8K9kmL8j2c
D9wKVB7fBtQ
DAdYxkdEWNQ
DAqEvAC4_-E
DFIBMX3kBRE
DGeZvaQ8z_E
DKVr-oUnaU8
DLKg2h1_t7U
DO98tThA6Ac
DOpSsBKUObs
DPA8pm5zCK0
DPYRidEFmXg
DRVXP3CrveE
DTBAMtxVm14
DTNZ0x3HpUU
DUU70CdSIFk
DX53QjNcmkU
DXWfqAPtdWg
DXc46-NlOyw
DZWmctv2OF8
DZd3NsExSy4
DaWgXROv6pc
DamQvh9zk18
Db88jjDfwYM
Dc3wkrdjTyQ
DdTQvdpAEWA
Dee4zAuAGQk
DekqUosnazE
DhXDszww9Uk
DiA0P9iELAA
DmAVlMSYngw
DozenGO4ohQ
Dp97jFEnPvU
DqGhNP5DBYY
DqrrF7QHaKo
DvEAnPp4FiE
Dx1ZruoTnrg
DxAPUCRQtt4
DxXhUVUTHOs
DyPqqT7THOo
E40-hzcbLVI
E5MG3HVM3fM
E6gDJgp3hho
E7JJsqat0Vc
E7rhKZmstAo
E7ypi51FuNs
EAH2qOFHggE
EAwL2QTUuFk
EFf8wWejqeY
EJbzokPbpiE
EKWEFMauHUY
EKdfKYMvA1E
EKmHMVnnVOk
EMnTrvGYYr0
ENGKfl5xHmM
ENMriaoUojw
EPfmoZXTXZc
ERt4gwf_GiI
ESNqNA0dilI
ESX2CFnLpE0
ESp0Lea0meQ
ETMAxtVOqHw
ETe-UL_wuvY
EVhSp7yKzXY
EVnY_zWBByo
EWR-ZbwtcBM
EWq7_rBgxQ4
E_Z3v1QHE7k
EaU3XdJOMrg
Eb1kdElb9tg
EbBjpmp_rh0
EcJlrvYyEns
EcLK1ilmn3E
Ecak52qkA1Q
EgFNUaU4yn4
Egq9GU6N_L8
EkwSuem9-nE
ElnrwN-NSjk
EmNbAinZkX8
EnFlUANbCtc
EnaDJ8mdoLA
EoPJRtU4Mug
EoxiraT94oA
ErZ4lvCXlNU
EsVtM0RFQJI
Et3JKWjB-dU
EuLH0_4X168
Eus2pfsEQJs
EyayFCMqCHE
Ez-Cr9wExyc
F-D3NzS--Qs
F-fW2QUF2sc
F2YqJTieipI
F5pbG3w_p8w
F6JqeswoOJU
F6MTGA0l2qo
F6_dmaDP3fo
F8A8Refc2i8
F9KLKepkLlo
FAqi4zIPMO4
FBTeH-MjNWA
FE_20jDOn_Q
FFV37c20CCg
FFnKwneK5-U
FH8khCYlTdQ
FIh6F2lA7Sc
FJ1Kzah-7bw
FJhEtI9JCLE
FJxKEUs7BmE
FOi-p93E5_c
FOulguD3Xwg
FQnO0crEwBk
FSXulItnq-s
FSfSPW-mbrQ
FTEbSoe1KFo
FTdql2vzMkg
FTtSv4lLIL0
FU7hBOJOEW0
FYP0_HQJyOE
FZ-dGSTu2nw
FZBuvxAmdSE
FZqbxhI6eBU
FZuED70aXyg
F_7VAaz3HLI
FaBMD-o-iMw
FcOEtGqDYgI
FdAHyMkGBwQ
Fda7RiurGwc
Fely6gd2Q-k
FhCKfxy83BQ
FiqIbPrXv3o
Fjb78LoPvog
Fl754wxQvpc
FlPMVPMo9EQ
FmsXeXpRPlk
FnapF258WRg
FnpCmCr6s74
FpPecW_Io3Q
FpTyHXOdlFs
FqasHLWaeF8
FsizpH6Y_JI
FuKlOWRHVG8
Fv9rbCqHrQw
FwYkU1B6Ajg
FxwKpZ5gUjw
Fxx1KdGXti0
FzCxD_b0npc
G-V1TOvGYFg
G-aL_nM_EpA
G-h_WkHs1EM
G-o8jbKy24I
G21P_tI1oSs
G2rk5MKeXT0
G7FVdekq9xI
G7I1mwCojIA
G865G1P-Lmg
GAH-_lOyD1Y
GAhA0sbKGkk
GBTO7Ec3Pl4
GD88WElHJAU
GDAjxuHBi84
GF7sTzyfnPc
GH5UWG3AHBI
GHVAhSdXULg
GJJClhqGq_M
GML3-iYZzYg
GMhc48QOkZU
GN-BBd81voc
GOmHozkjLzs
GP9LEjFiIQI
GQZqVY47nrs
GS4znHbU73s
GUb4LaihtC0
GW9SmJ6Grfw
GXP-K3Myo7Q
GXuomYvgsKY
GZoyxgkPm0A
G_UhiqD3DCQ
Ga2NZ51OMLE
Gb_r5Lx66T8
Gbg1zWorVlo
GbvbzJj7Nyc
Gc8LB0Z2_Rw
Gcb7gAyiTHY
GeUwPfTfMNc
Gf7cNfEDgS4
GfBJXkBLQIk
GgUfVISBeiA
GgZdwL_uSHw
GggK9Ep7Knw
GhNPMYQWyqM
Ghc0RsIFz0k
GlHnXJcfE4M
GlVIZly8Hf4
Go4d7aGm4r4
GoUxxAvFMi4
GoXFDqG1yWc
GopAYOAAel4
GqSpn6uymNM
GrPUqLumDAU
GrT-K1IZvOM
Gsxjaa1P9kI
Gu2koVAeyvU
GuXAa-MnSOs
GvUoSwfGreg
GvbObid-pH8
GwO4iMcJak4
GxuNuPXmuh0
GycBfstCvrw
GyvH0EtppwI
Gzk4lsl40SM
H0VNVMCf8sA
H2UyAvkTYgk
H3V2RkjwYjI
H5tNnIZj3sk
H7BiIj60z-k
H8VeuRBF2qs
H9xC1psOINg
HB-sUyzhBXo
HC38djrj0IM
HEG82Y_fdHw
HFIGZun2ZJk
HGA-OyrP2UY
HHhEPUp5X_I
HKM7HBKhPxk
HLCQmIdzvlY
HNFCug6JO5U
HNuUekw4Crc
HPoBGQ02JTI
HQWZLi9Fp2o
HW0DxSdz76M
HW2qYbwM8VI
HaH_QuqKQa4
HbBvebiL8_s
HbEBO3XE-KM
Hc-Jg8swCig
Hc0J07GX5Pg
HcoysmpUV-E
HdlGlAYN3uc
HeK4TIgDLX8
Hg5nkMinQoA
HgKRUj13llE
HhXoduN2sNA
Hkxc-sBUTDM
HmHZ4hDvzb0
HmKPFD_3PoQ
HmtNLn8Q2xQ
HpJDov6Ai28
HpWM8Q9o-_A
HsRW1FCmTYg
HvYegOlq6Tw
HynFxQDrfUA
Hze9vRto-CI
I0HREoaBRuM
I0tULDa8Qtw
I3BQGwESVbU
I40q11O5W4E
I4XNJ3N8yKs
I5x-4aqb8LE
I70lc9OiAGo
I8-mIUmfnkI
I87e_EmILVM
I9KoU_UmDC8
I9qMFmpaufs
IDQO7ogQ_RU
IExpMBkSdHg
IFqVNPwsLNo
IKBa8MTuPdY
IKeXdHjCF7w
ILzzg_w-zVA
IN4WCrN7vrM
IOFicyEAybY
IWiwgofHTiA
IXce1-xWRFA
IXzox2Soxfo
Iawzx1OdWW4
IbXbvz2SHXw
Id9TWycldPM
Ifetut7FYt8
Ig8WwNXSWcU
IiPUv6aGSWM
IkVWyy-jlR0
Ip3XoAKRKHs
Iq7XUimpMG4
IrR05IRHcYU
IrmtlP9-b0Y
Ispe2R4EgcA
IthYXImwahs
ItlrMli_6vg
IvdX3kegang
Iw1whJKcMR8
IxBfN6_Nb20
IxTdaK1r8Bc
Iznb7VLDDA8
J2VAzXmpWls
J7YDCSqSFeM
J91MCn3ft8Y
J9Sqp0eyqSw
JA3dIbOo9sg
JBvVCQybu0s
JCOAy6OAqys
JDsGuWJXqRw
JHRZ-SnUt0Q
JHlFOY724ok
JJ6HkfrB600
JJj4WdiWiPk
JKDVWsDt3Lo
JMs15ni8hew
JNLOtz_av1Y
JR2p0VCVCxM
JSB8CYXcchw
JSuA3GUuuMs
JUPuD-QgA0Y
JXik8GjTH0Q
JXjMwi0lYGA
JYYqtU51gkY
JcJTPK2KHcs
JdtBRt3qZy0
JeYUoAbM0v8
JfxG9LCuLt8
JgJmJ-0I6t0
Jh1kRNbjjHo
Jj-PiRCftI0
Jkdyc38Cot0
JlagdZ6vmqg
Jlvt5_zDajM
JmonaJl89CQ
Jq1utGg0PUY
JrSFn8DLjEQ
JsXc2KRfYXA
JtDYS6w7ArY
Jth5YXDVuSQ
Jtj1SpLpSyI
Jugcx7vXxmQ
JwYNCSppaLk
Jx878dP3XeA
JypSyGulw4U
Jz7nl6EmZGw
K-xpi-qcgnY
K03gRy6qjKY
K1XjIjxzxbo
K2_Ls3FR4CI
K8n9GpftejE
K99wj7R_Hoc
KBPkKzeRMWU
KCEArK4c4g4
KCN1hoa2Q8s
KCiMrG-4fbU
KE-urLVdI-8
KEB4117qqzY
KFHkTyTW2_k
KGo3X_FzlV4
KGpjEhvDw4I
KIln7WXTk_w
KJo2jlw5jbk
KLqS6Wp0HzQ
KMvqz4Ft9K0
KOksxTz1n_c
KQNP9V0b5IM
KQYII7Ec2lU
KUM7YrCBXGE
KV_Rjoa4NS4
KWNUUwqY-U4
KXPldhdZv9k
KYJp9UgBQCE
K_n5wdNlp-A
KdrhrXSFA04
Ke2MfObnSxo
KkcglMrN2_A
Kmyu5DMyzZU
Knv7ZwIBmvs
Ko8LKCbJPmo
Kp6_FgRBi5I
KrXFzU4O7eQ
Ks8M70mPp_Q
KsZspLzC8mc
KtcrNbZoXqE
KthsUtXZkOE
Kttjp6Rx-cc
KtwpCgfvyV4
KvABv5ISo2E
KvylfNS1qdc
KwCtAoALAh8
Kwu9f2muGy8
KyLIte9lkRk
L3ct-fV4UbM
L7TGgf-XwMQ
L7qmSccm5-s
L8oX2OUzP3s
LAgLxI5izQU
LD2M63qYqVs
LDPnN7Vuczc
LDpuhrSmWj4
LDuO0dU1zTw
LF0o3TjiX3c
LJ4KaGMSDKU
LKWzG1V9PxI
LNIx-a1J-gM
LNcPzNwaqFg
LOuFNiEttf8
LQOkrwJXRFQ
LStvBYQsPoQ
LTXVAqU1OcE
LUESpG1CSWY
LVoG5BEkZH8
LVveMaYEZkk
LWl55MbjHYg
LWu0wN1at8I
LXoRc9_ZQKw
LZ_aXkeJsH4
LaxCyYHbBwQ
LbSVUKF0lIY
LbUoUuQXEoQ
LcIgaqzzp48
LcLIJdH3l-4
Ld0pF_Bz7Rs
LeNkI4QFrPs
LeYMCD0l9CI
LewGQIkeT1A
Li2J4GxZ6iM
LklEyd5W6BM
LlUCIOjbaqo
LpvRPDD_rnA
LruYnDjkOgU
LsmWlkgahdg
LuuKvfonSis
LvBlTJaDsdM
LwLrMV13Hm8
LzwLXFB_2_g
M-2y4NJ_6Uw
M0505RbdG5k
M15_ic8b4rk
M2qmsW0haE8
M42X6uTVHFw
M5NerQi3LT4
M73nEREIp5A
M9AggWUxLBI
M9BJEIn2_yQ
MA7Huu9G-O4
MBRnQ3S-foc
MBV6uwoC4wc
MEwNnR5BgWo
MGHkB5wMJ8M
MI3IpOTXCmg
MKiDM7Esb-Y
MLMeI2GTol8
MMr-GEPYlXg
MOcXZxYiXgo
MQ6Hs46x9IE
MQPv3SsFK0s
MQtMkQ-V-7M
MRgZUXUL1AA
MRkPdV_hho4
MS8I4IDsptA
MVP0eMSQozg
MVYdgrCxziE
MWuY9JJ_JZE
MY6IillbkxE
MZCRM65LbI8
M_aNxKNQHq0
Ma1iGvQ6n7w
MaxyzQi591I
MbFPHp-4bFs
MdeFJ4WCqhk
MdldgxECDy0
MdxkIo2einY
Me1TxOC0XLo
MefPD-Q6YNI
MegFkaA-9p8
MfVkc0w16LQ
MftK8G7jong
Mg38UF9R7rk
MhwE4aKA_fA
MijNO2Rg6b0
Mjy20B3A5gY
MkD-ex_Mz6M
MkI-bcFtSmY
Mkpl-xPFkT0
Mlu3-xtEyPM
MmOjbAKDQM8
MmXq97do-tQ
MnVvfeB-YH4
MnjhPo53BNo
MpDJHzhMfpI
MpGzgFX_X4I
MprYELyiabI
MqZf3JagWTU
Msx59M5JP04
Mt6UwbhMFBg
MtqjfcBQKvk
MtxOnwJRoMQ
Mv8JVs3udzY
MvAfv0zrLMg
MxDoWVUSlf4
MyrA8wXFTU0
N-nzYsyBMaI
N0RY4gxer2c
N1qrLGdsxSM
N1tgj3H3Qvo
N2lH1dEvgoI
N3iumDDgDu4
N4Qd-SZH4P0
N4TeNX5Vjus
N5Je7Yju-Nk
N5MvWuVL8Xc
N6NscwzbMvI
N6QqmN5hafU
N7G1zayQmbo
N8Vv50bQhOI
N9QpMYvY2GQ
NBOMwBkD81k
NCB5uvzi_jw
NCcgwp43lsE
NETvQSLkHHo
NGkDoH7wMN4
NIg4JCmCSxo
NJ7cOkIcUUM
NK-zwlgDLVM
NKqW6U2_C20
NLjjhq_zHCU
NLod7Nbz_bU
NLwiR0rrH-k
NMoOXkuyZgU
NNLpbUSBB0U
NPbM5ITWPW0
NSv7P5y2N3c
NTEJZ6hi59g
N_29WDD2Kj4
N_SaoWmXlQE
N_uC0aqkv9Y
NaOBS_is89Q
Nb8cbKHvjJw
NbC5Z_Ct6gY
NbCkqqDNES4
NcihzGd9fCY
NckHcerZeZ8
NdKT18-6lMc
NdURNTDjVcI
NexL2qgjq-M
NfdnrIz4q8U
NfeH1Xl2iqM
NgRcDx22oE4
Nh8zK-AfHcQ
NhH-5vT5BWo
NiRSQI8XuU8
NiVRVpVccuo
NmDaOQRkydA
Np74_5PCi9I
NpoDRiG6lM8
NpthAcEQUuY
Nwa8FwthljE
Nx18dujopuU
NyAFYVpak_8
NyLfVLALyk0
O0mVpHi5N0k
O24JZaSEBno
O3FNLhdG6E4
O3nVKRuRHf4
O4tNrwN8dDE
O5dbxYq6CQ0
O5rb5Js61mk
O6Gq66y11sk
O6nUn-UpYUg
O7M3cWl-kug
O9xi-WL_lZY
OATIJeZFzdY
OCvod_NgYic
ODtGFlK546o
OEGq00WXabc
OEfOMSor8XA
OEm8x8FUvGo
OExb5ixJ9Yc
OFHcy8rhiVg
OFT26N31D3Q
OFVGd847fRU
OG3Y-7gD-_E
OIUhySlEUXo
OIm5wsWslR8
OIo4qP5Q6Bk
OKVzcTNRt0E
OLTbYYrLNLQ
OMJQhVosLRA
OMls1XHTYAg
ONdMWYfaPw0
ONf_Zne0zYY
OO5rpdFvRlc
OPMWsJNLWcE
OP_aFsG299w
OQQDQL7PWcY
OReHUmAb8YE
OT3Y6Qs4Mms
OTEDYEwfiwk
OTEh_xtZhtA
OTaGrGQB9So
OU6MUUIz_Sw
OVMJ5cdbe3s
OYWBNMOCrlo
OYgXwfTv2Vc
OZOo4vR-OrA
OZf2Xl-5T5M
OZjcJ8iGZxY
OaOEIqNhco0
OdF-tB-vWXs
OeG5NoVLdyk
OfZsSpK2XNw
Ogx1XjogSkY
Oijbr1i79tA
OivsgHZMi-s
OiwfgfJD4Ug
OjrOb-EDxaY
OlkKUKdIJyE
Ooe02My19NA
OqLm75ZkQzc
Ow4fIucxN_I
P27HiD-zkow
P3jIai9ppTM
P5UCrE_gNyY
P5ar7vYg0pY
P5sctWt402o
P8Ksj2XJxlA
P8VlLBmcLjU
P9yxHFMjR_Q
PAO6MLZYoS4
PB_JjsBGev0
PBl3SPPwdow
PBzGnSx6xCE
PDBfe_AWW7E
PDEgCEZDkTI
PDnWVzGnbd8
PGRYQK8SPEE
PHwwH3ruNxc
PIDJHbngfM8
PJtLcpqL5mU
PKh9kaIoAsI
PNSf6vb7oG8
PNkTt646j2w
PQ2VQ5yVHS8
PQSh1UAf7J0
PRHaropPZCc
PU9Ht1k-Ap4
PUBkEUuNsaE
PVb5qciHf1k
P_Nxkbgg5VU
P_q2fAvyV1Y
PagNM_oxssE
PcvPFDhl724
PeHJaeaYy2M
PgLUF2F-HKk
PhDKxQfWESU
PhGUrN71-L8
PisrmAS9wFA
PlwG-XVBQJ4
PmxzJr91Qo0
PsVv4sW4GTc
Pt0qFn5e8EI
PtSSfdh62ro
PxWi95Y16ac
Pxy5XnwKwOc
PyCpAzz-pkc
PyVkgWZLJxg
Pym4edWRMYE
Pzf9QG7Nm1s
Q-5GCEqt0_E
Q0QtZmLC14U
Q42ukwdrHyE
Q59fGBDdVs8
Q5GSPWacI-M
Q7wpeQKfmyc
Q7zP3_LjJh4
QCTMtt_6L7c
QD9qpk_Rawk
QDB59cRZX0I
QEyFBNffaCc
QI-9-0bGdZU
QIApKXf1Xr0
QJW_bhh8y4E
QM-td3kOMyQ
QNC4p5PJghg
QOXs-zT5v64
QP2-8Zox4W8
QPZuCJ2h1gc
QQDkAZth870
QRC2c_n_Obc
QSE9QH5EYK4
QUiJzgsblDI
QVK1CDeAXZI
QWfSHknaJ1Y
QX86QXH-Aj0
QY2CbsJYoAc
Q_iUFqS6ue4
Q_qMWTYhVqk
Q_tQzCNj0HE
QcG9sTJz4d4
QfBe1GaNNKg
QgHAFkrZE3Q
QhQQtU8IvLk
QhZDEiwll8A
QiC0qzewjM4
QiJ-SHGTuy0
QibvbDOApUI
QicVkpSyouQ
QivPQdRc49s
Qj--PuQ027Y
QkS2k26Zpkk
QmIgUlu8p20
QniL8IE2R6U
Qo3jS_dczwo
Qocs-wUIiJw
QohFr5FLZNQ
QrT4HxFoCMM
QsgRAHtY1uc
QtkIvYWDIcE
QtqfJWOkYdo
QvkxuZXmR-o
QwSA9EuIeUA
QyyFu1GBneA
R17SxJkbr8Q
R1SJ9mHnmbs
R1ehrFZlTiU
R20xAOIwDC4
R2Kt9SrHYWk
R2UvAwEs64k
R3uNLpe8Oj0
R4Vk2m497KU
R8GLcaGtKvA
R8O-6ab_HZQ
RBDlrGnUSkM
RDmaPdyqGUU
REHex5e57HI
REnAx1Q49vo
RJ-2lswcko8
RJHG4aU6y-U
RJU94mjrC8Q
RJcHdkScrxA
RJmOioxiieM
RLFSheZ2oiY
RMHPqcaFjgQ
RMTPekS-hg4
RMjIhBYdS6A
RO6zxm9Xwgk
RQdwQ0QrAU0
RTj8ZoCiM4E
RUlKxCYmkb8
RXI9eTFCB7I
RXJE5eqflGc
RYBioeV6d5Q
R_34R4ncEYA
R_FYTIjdobA
R_Qo8oXAs4E
RbuW-Vkc-1Y
RcHJp-BKAuY
RcZOykK0dTg
RcgmmTQjIWU
Rd7LA15z90o
RdHS52u9KpI
Rf9bCbtC4e4
RfgQhlWScjY
RhlMQe9ofnY
Rj9tNy-o8a0
RmxJUDessnY
RosCZkH5uTI
Rp0f38M-29g
RrkRl8-wJ6U
RsbuShMN1BI
RuumO0xjKOg
Rv7PZfjSqt8
Rw12EEamFBc
Rw6LHTHc2eY
RwWxkXwTn24
Rwr0JOhNxsM
RxxlV2SEbw0
Rycysbo6iM8
S0KfCXrsp_E
S0PTjLnXmCs
S0aQSKzbgMU
S3g-no2hm4Q
S7QY2L3JAKo
S8KGGufIsKk
SDOv3tLmMeM
SDXjuD5YgnA
SDmH8Ftir-Q
SFrqiTz1H1c
SG5kfG7uT_A
SLmTuxlLZK0
SNdhAklHFH8
SOE6zoDT38I
SQmQLWuw9xQ
SSlpJm624G8
STzWV8Nm_PU
SUlgOFGYFUs
SW3HsZ-7VVI
SWX4FxyDl4A
SWkFQb1X5jc
SZYrVoGWqsw
Scl-_dEDVVg
ScqU34KgvU4
SdT_RWDoJ0w
ShE4e8GLt_k
Sj5m0YKhINw
Sk-O5lGrat0
Slq_OL3BA44
SneK0s9nSpQ
Spa-mJ5oUrU
SqB2pNjFOa4
Sq_kkxqEJGY
StS_DTaJogw
Stt6_z0liIQ
SvO9Ki2wKS8
SvR17Ta8nxM
Swf3K7r0mRk
SxnthbWTS3w
SyKBVsiuiHc
SzFdvH49tGY
T0KKc6GbeNo
T0PGHMfS_GU
T1RRfAmMO_U
T4CyrgAUPAQ
T5gMHUw8Omk
T81IEA_0bco
T9Xlem2ihyw
TCgt3QWFXbo
TE1VMuPKz-U
TEbCyYXgmvk
TIu_JBlI6PU
TJTbPxdTo9w
TKHjGvXyrwk
TKTm_63h63I
TLcfAeyySzk
TMHXYMpEzLc
TUL1KzYbEm8
TWgXLcb_avU
Tb1B3Xbe3LI
TbfZLuiYs8o
Tc9L3hTPdJ4
Td7ZqRlDvy8
TfZ6R3ObifE
TisaaKIXMJo
TkHxxrIRzfM
TkbnzLFie14
TmaRQXSkHw4
Tq86Beh3T70
TqD1M6Zs2KM
TrQ533YfuGc
Ts-MXJmh9hE
TtDjOeS-nn4
TtFoB9FIyzE
TtYjf_zs4KQ
Txk-CZRFEoQ
TzVki4DCnW8
U2qM2eKeQhk
U4OBNxXdB6Q
U5kO07k9H7U
U5wTmBEGjMg
U6J6clXvCIc
U7tiHU00kUA
U8QccR7oJro
U9xvYE1YErQ
UA1br9n5lQM
UAMQdBjI8MM
UCAuouSMnSA
UE4qT_-sgq8
UELHZvAznNE
UF0Yc-ip1fc
UFNYBmWElTI
UFwNsaLrSxs
UGgFB_-2NQw
UGoplT4Nu78
UMI-yrseHhU
UNoaoCiznIE
UR03JTsGXW0
UT0j-J-Cj2I
UWbNFpq8cIY
UXPlxCcu2AY
UXtlvCB7yMk
UY7Ij7GZWrI
UYqyElpaO04
Ubwato2prgQ
UhHdU-M1hjA
UiAkb2znzsY
UidwGiB3pEE
Ujz_NSlVd-w
UkAShyW87o0
UkNqrl5GEc0
Ul_v-J9yn6k
UlomkhYfawA
UlxamSp93hg
UmIv6qJe_lY
UmURyFLUVx0
UnPex2u-8AM
UqrgLN5iJsE
Ur7sNjtdzqA
Urthb4p0nr0
Us1XyOyqiKw
Us5l3oEwLtE
UsyQowa6430
Ut_KEsRlMmM
Ux914XIPevI
UxLs78m7z-c
UxaohsYJEbw
V-DbLiTWY58
V-DqWziY8io
V2c9MYZQrlw
V46e_f95qbg
V52FQ-KfPXo
V5A8qPlcOiE
V5dTvcUB5Gg
V5uTXSpIB3Q
V6M8R_oxJno
V8bD7ovxIuc
V8ruWtCNFZg
V91i5hTzdzw
V9DjzvyL0RQ
V9jJn5Syr5k
VB5R0OvsP4g
VCGp-zYjUKA
VD-dUFF4M9w
VF6mZO5TFtE
VFrLpk5OXfU
VI-4Bzwm9oI
VI8-a1IelAc
VJBwvCD-AxA
VJlbsvy4zxI
VKg8KPq9JQQ
VKkNIOkGtnQ
VLqTssvZDk0
VNSdJ1l4RMc
VQ8JHSOggaw
VQhcWPQzt84
VRa381l7l1k
VSMJKKoza8A
VTs8JfXTfsk
VVoe2au7Jog
VWZkNztU_vo
VWevcw1KzOI
VXmZPQI0F9w
VXomKPFwqqE
VXwoWzMHI3w
VZ35Q37F7oo
V_p_6qLcpnw
VgLZyqt-fcM
VgV4Eo6sKzE
VhPKFUjUcr0
VhsyQF0JRBE
VjBu67JN5YU
VjFd4rm-WLs
VkhDZMwR9eQ
Vl8464trxeQ
VmikjVZGgkc
VmiuOv_G2pA
Vp7Qbjgq5_4
Vpt5qfkMKS0
VpteYhohCwo
VqKD6PuuMrU
VqvRbb2UhPM
VtT-NJHGUsk
VtndOa-3-Yg
Vttj7ZKHhKY
VvGs5bGwWiM
VvINUQUpbRI
VwKP1IctVRw
VwTK_E9LzpA
VwsCd8Mx9-k
Vx5K4gZEL28
W188LCVsnR8
W3nHcoizyFo
W4NiIM7UkpA
W4f4sMRSq_4
W5gSzp2YYps
WA36ejFG9yc
WAAxqJ-dhI0
WC5V-ZVcNWs
WEXy8yrjYqw
WFXlxyjGkB8
WHW_kce1TmI
WJSJcPKA1Ug
WLf3U1T-E2M
WNFrMAz5pSg
WO0hjsb-KhM
WPRsUfMfM34
WRGyvFykakI
WS3F1SHq7rY
WV6tMTOtEts
WYlFBwHLtjs
WZHHA6nG5SE
WZlSn5GSV2U
W_liE0xrRLs
Wc7452lcAhU
WdFfdoJDK6Y
We4ouXxcJe8
WeGkEt1nIVw
Wec76FPj7Q8
WjkhBVvw7RI
WjvQTsNwNTA
WlVVkCHoEIA
Wooa2bxnyRQ
WpnmOBonNF0
WsvpQvPDDWs
Wt7Qln8eVX8
WtAlvw_yDw0
WuZYM81FQto
WwZgoQo0-hM
Wwsqrjd6YcI
WwzHA8Es1yM
WyJWPxcq1lI
WyeWKFPF7WI
X-MBfOUrris
X01Ty55TR8w
X1NpA6MyosI
X452nnOYIwA
X4O0JExzEas
X5JDDko6SF8
X6Vjn3d70UQ
X7t33VN4nag
X8g9ylsEJBQ
X8pZLydCSI8
X9AAo58Owjs
X9NX1p1lkaU
XAfppXiyRsw
XAn_f7ugw-Y
XB6Y3k9dd0g
XBUxPwfemGc
XC4LatHE3uo
XD28sQIsS9I
XFyj-l6GWW0
XG-oRTGYtp0
XHKCWC3piXw
XK68VGAAd1c
XMj6M9eah9I
XPfIQ7xPOsk
XQ50AdmVVsU
XSwHLxK_HxI
XT-1PqHPopg
XT7xC4HNNNU
XT85OfqWc1k
XVDV2k5CsQ4
XWrtDamrU2c
XXSRUYVA538
XXUXvtoBhUo
XZgvxFepOn0
X_JOaVdWMDg
X_npsaqNsvA
XaBEh-3F2vs
XaKgAd0Rgtg
Xaa3xZjF_fI
Xahqz2f-2gA
XdqJG2T9NbQ
XevutG_rLy8
Xfu1yBeP8O8
XgVgUXhPYu8
XhhWeyYbdzM
XjTxirxR9MI
XkrkkI7jwHk
Xo_vW47vyms
XojljVSdKCo
XpeNDZMQ8Zg
Xq3wEKbu6D0
Xsokz3ow9h8
XtAD1M3-l3I
Xz65wQocIYs
Y0f_1_wS5kg
Y1CoY_nsDKo
Y2cXHmSjDO0
Y4eQJHpyOcY
Y4uxzljaxPk
Y5lILpS6OGY
Y6mzIHl9g4Q
Y8u6D4j8rvg
Y942Ga8C5k4
YFSp74aBHek
YFcoVkKveuk
YGvTo5T6xsA
YI5HbxX75SE
YIFdWhRwfFg
YImPqtmn3rU
YKem45dR6vM
YMy4i_9ceaQ
YN99yddAg5o
YNS5Jal-Cp4
YV9Ir7WSZSA
YVvrHso9c_c
YXtwDlWM7bA
Y_O1fx_ulP8
Y_VuAyM4jdo
Yd7dbbeFqKU
Yd9idPxmf6I
YdaGLeysD0Y
Yf_MVfsr62M
YhJDZGPyg_c
Yi0QFhPzmCo
YlRNgjAL_jY
YlahrDewrXQ
YmAoXKzaXII
Yngy7sDhRyQ
YvrYFneNhmA
Yx4htnUjc0g
Yx85xwODHDw
Z-1DKuD0QQ4
Z-vT-CMYxGw
Z0m-SbCV3Gc
Z2jPkKNCyz8
Z3bMvmc8NpQ
Z4HittJKRLo
Z5c_XGMWfgI
Z6jYru9qa_Y
Z7LVFA6vz6g
Z83EgFcLcW4
Z8YoWCXljmk
Z8mb66RssxA
Z9DOijyxTGk
ZDfuw7Yu71c
ZE5fYqAn54g
ZFNIACBFqCk
ZFfqQ9layqg
ZG9w0oIDTmI
ZHPcB7IF0BI
ZJjpmHGli3o
ZL8YBEQDAgc
ZMg4mEyEz2I
ZOoESpv6SgI
ZRKc4doa00A
ZSgA74k5Vnk
ZTSlCvggVCw
ZVesB2ElAPE
ZWwBnMDT7gw
ZXm3pCB3_HA
ZXoPXFptaFA
ZYexVjiiUJg
Za8jj5tFnKo
Zb52B5LrLtw
Zb81JzI5CCc
ZbLaW_nrBoA
ZbuUf4FuTjs
Zc6CWxSYRsc
ZfbmzSOMlf4
ZgcnPjd6F0U
ZgrX4f6Z3Kw
ZhR8Fp3INpw
ZheBLi5hWTQ
ZiX-eIDqFk4
Zj3xpARQVZE
Zjveb8FLegI
ZkEo5aPHzoU
ZlT51_cD2As
Zo1UMV1GATQ
Zp9ZJiFFBnU
ZpJVySmEAxI
ZsRTBKaUTVg
Zv-hnQe8JXY
Zwwk9flioys
ZzY1n8zAA9U
_-BJgwWx57U
_-VPeg2VbT8
_-giWM8ZsRY
_0KsVsuymNU
_0tR2c-tkHM
_1f71C9N3Sc
_37m1ZugmBA
_5I5aRBECDo
_9J5mDbzgYY
_9TLpLsQdpc
_9WtM10JxtI
_DF5pvAfi1M
_EoGWR4mr1k
_FRxkFNeKUM
_Fre_bzxiwU
_JV6KJyDfTE
_JqejLD-GFU
_KrPKrcbIIE
_O2zDPKanzM
_PXfMY6YqBY
_Qeb4y7EFCg
_SKninJ-Pks
_VBgaSD4SbU
_XL8W706fZM
_bvo9oML0qU
_c-laOh5rbY
_cj-Sso7qCc
_dNWZHsOsXk
_eNmrN14o8I
_fncoORrgfM
_gPTP7rl9Vo
_hAkKhIEFXE
_jBPcb1t9W4
_kuMW7wnB3I
_l8gHJIMlxg
_m82mTE2om4
_nXpdEVT5Zs
_om-8Y0rAyQ
_qYLy7V2HJg
_snt45unyqY
_xnVyLc76U8
_ymE37Q6IKk
_zvmJZ7QnS4
a05yPqel8Ic
a0UMMUP7K48
a1ekYABYKHw
a2Or1bg5fjQ
a4LSUZm3_kE
a5t_Uukfj3A
a6UCraO9sNk
a6cTPfE8fAQ
a8gKEjVpet8
aBTmE3X1uK4
aCafuOdGeRQ
aFrfV-y_VC8
aGCookG90kA
aGtmn4UV-Bk
aJ07TnBeE-Q
aKXkIR7rUe0
aKabFwsbvIQ
aMLSdPEHFCU
aMcLyZAGeV0
aMic_0a2TDE
aP6CPtuN7k4
aPk3KknqTnQ
aPsauED27ZY
aQ9gWebjRuU
aSCLLOVgcMQ
aT3-qtIMD3g
aT_LXes4rrA
aWl0vRXCp-Y
aXFlDXwzJ9I
aYqXbCUtElM
aZ3LOj3wK5o
ae-YH5qHx7c
afDsSYZrmRA
afmxd42UNZA
ahlePi1nK48
ajq5hM5JzPs
aoHDdvyt38A
aoLi4rC6xm8
apW4PijVFy8
aq3oLYY_QMw
aqOuy1ECrBw
asc27lxtnas
at-rMdNHCyQ
awIL5dojvFs
awnrdye9zTg
axDCUOgmf0c
axNWRtKJeY8
b-vwXlg1874
b0i6nu5Za_4
b0qyeFVf7bg
b16Uaim_SI0
b8Pj6mQ0Nwc
b9VlACkzDuM
bACkEYK1_N8
bAOmyWMxhbw
bAgoVUdZhzw
bCDxhyc2bvE
bCR1DeQmzF4
bEWwfNNvR3Y
bF4Kt3FzQ0E
bFIw5LH_qqc
bHcyzmoiS7Y
bJOWHaiJICw
bKRKG5pyoLE
bKSjQiaumTk
bLfxJPJDzMo
bMpcBZhFJig
bNI0_oW-TcE
bO9SKPyD_G0
bObyAlSTF00
bOzMn5H_V70
bPvfqhQTU7I
bQW-NPzFEWs
bR9VnnHd68A
bTKFbwnhiMY
bV5rZXfRy6I
bVOTDyZIwb4
bW6mcYcjs1k
bXtBFHVxirM
bY3EqLEdgz0
b_L4bwzNUoQ
b_RbwwXIP84
ba1KefC5Kks
baKG88_RMO0
bclh2zHDO-Y
bfhv8uf0IPY
bflEUEGGQR8
bgRxbQZlk_M
bgyHdYDJWR4
bhIl3XXVDQM
bhN677BzDo8
bi4v5pY3jVk
bo4rP-sJylI
bogZPfsm5Hc
bpgXiF7N9NE
bphyucResSY
bpixTvdOQyU
brcNH-ItWgY
bsZfsXbSKdY
bszMjNwKmNw
bt8zoeTOQTI
btL9IxuiFsw
bwXEP_NW38Y
byK7P2vkPJE
byY7zUrP3bw
bzjEHRpuaZ0
c0jPryEaR3w
c2opg29hXII
c3Cjt-a78aw
c4Taavxe9-U
c8QQTucqXi4
c8bOexVDsp0
c95E4b3a-F4
c9K8o-cmTn4
c9Z0K7KwBBU
cB3jUQwuZMA
cBA5hEPhqYw
cDjBkGd_kH4
cESYqsNrrXA
cFM9aWa60Gs
cHCTmRdEAKw
cH_rbzAocsg
cHsrtpuhOMo
cIb5jJkfRAY
cIv3p-zXbzs
cJRh70sIQ2c
cKQGq4lKXEg
cNi089rmj-4
cOAbl4SgT_g
cOZ8sQTT8C8
cR8eNdyWJMY
cRTpBEA6W_g
cRe0yt3HHjE
cVPMka1qt2o
cWzSdE17J2A
cXkRJHVNOdk
cZXpmYJc6QY
c_qnJQG5aGE
cawBWMDNw7M
cb4s_8w8iEM
cexvZ1UaCYg
cf_Y1sNlPzk
cgu2HWltQ6E
chF1WA8WLxE
ciOt3djQKV8
cmK6fUSExOA
cnuTl0sB51k
cqA9K5TMMuQ
crkPK_CU1qY
cs18R78idpQ
cvSdSnZ-3Fg
cvYWuzehEpM
cvyfgRif_pY
cxeo-ZsWlGU
cyF3cqtoXlU
cytQlkQKGuw
czBiWm3ljv0
d0YvEDjRcU4
d1QHu5Eetnc
d1Qao3A4yU4
d3FEy9r3rxQ
d3PtvBFacW4
d4qaN90v720
d5-3mqDuj00
d6KAsI3gfSk
d8F79S2xNXc
d9zviQWHqOg
dBaFH1PPRgo
dDbX6M6vIWA
dDnJvL7A2oI
dDq6XYa0h0I
dFayE9lVbew
dGUW-51P1cI
dHyi4d4VQvg
dILSlD29ejo
dJ-BN3c75BU
dKiGxIScfqw
dLXQ5ddltPA
dMeklA7Wd_E
dNCjcjIVPVM
dPR5ASQ9_gA
dQW6GjKHNuM
dR3mdkhBsvE
dRJz423C1kw
dS10PKeCQbM
dTEnjzQeXg8
dWNeoifsUx4
dXsG-qN2NSM
dXzGE2qSZXU
dZ8Cy4wULxg
d_iiVd1XyiM
ddY-VYEf9Mc
ddn9waqtbL8
ddpcjDaRO3E
deAON1QryIg
dgJBcVfB3dc
dgUsHzi0Q1A
dgqaGGOlK3o
dhS3fRkJraQ
diqleoTbuYg
djMw6zF9jxg
djW3cQd-h_o
dkIWuT8vOAA
dkb4Tu7AIpI
dqf4Z4rQP08
drGy1NjiXIs
drrLeWCOmCg
dsWtfKKEeD4
dtV3YjPvT4A
duGoLzi0w0s
dvIXSCHgopw
dwDMkOcai5s
dxOwb41a5CM
e-qjPlaPHm0
e-tyBZ639YE
e1a24NbYItE
e32duDpXRyI
e5-8VcHyXVQ
e5AYFvxp12k
e5hqfM2xaLQ
e6PjzCpmmGk
e7JWmFTkZfU
e8YjNO7jDAM
eAom9iWaTPc
eBDsucg_be4
eC3Ckd4YfPM
eCJpomLksdc
eCRFBDg4TaM
eFBBcWlPaT8
eFqkxGT0_nQ
eGGjCZbMh9Y
eGwbgMDik0I
eHH6c6r1OVg
eIFFYmdt0qE
eJC_8UuZAic
eJQHakkViPo
eJdkGmtgW_s
eKCSs3hscJU
eMYWk1CCV7U
eMuRXAyqe3M
eOZGBQGFVuM
eRm7P57UViw
eUWvS5HaGHE
eWLrQ3RXW6E
eYhzZTnKiJY
ea7NUnuZcu8
eabirN7QkCk
eaj2dpCbjgM
ecxAkPDx2L0
eeP32UGcRAk
eh-7IcX5wOM
eh5E8LVRLg0
ehriI62-yp4
ekIqVAoPPrY
elUWaFPOCvI
epaErWAHC8U
eqljJBx453c
erSOdcN8VUI
erT63XdXkIU
euBY8nWxg00
euG3KdIGhq8
evP8OgHU6hk
evi0lZaNN0o
ezICrZkK0eA
f0CP1F1HTd8
f0s8PrkAFTM
f3j3RSxMSEg
f4pYp27xI-g
f54OJ5aqGOA
f5ZVWBDcXBY
f5jgNgNAuBk
f5kXlTcFXzA
f69d43aQz94
f7Zb5-qb4j4
f99vrusO7os
fBxuZ9v7eQw
fCdomlSDsts
fD08qbSnAbM
fD1Huki53L0
fDk4iZmsW2Q
fFTPm_svj_Q
fH-UUnY8yes
fH1LVeyw6m0
fHnu9QQdxTw
fIrs3KnPsUw
fOvKiU-KEbk
fQy141uciJ4
fQySszS_yT4
fRFQu4FySSg
fT7BJWUt4w4
fUeiJkn8CQs
fV_AR-16Tb4
fWVubY_jiYM
fWf-AO_tBcM
fXQS0jOTHos
fXiZFxJu844
fZdddZYKFpU
fbCmbLsW0r8
fc2h7ETrJyo
fc4cP-3r_gk
fc8GjM13CvI
fcVc_g4KOXQ
fcl8VJ65shA
fd48odF5CI0
fdOl_CxLNm0
fgA65_YQyUM
fgLfNce3OWw
fikWpBH9wMs
flDGZpu8vic
fmA4GjLiCrg
fmC1t3F7OJA
fnvpN0zSerU
fnxZskltvQA
fo380pcCdGE
foa2lol1Ic4
fonZs-edfUQ
fphanKdCpr0
fq6E37Ydr2A
frcfXwZdfLk
friB_eIph3Q
ftXp7Pooq3M
fubBjSjUMKc
fv1gjr6upEo
fv3WhVC5sFE
fvIC4IQTa4E
fvvwZwCgg-Q
fzjDfXY1txY
g-RBoib5Qtc
g0DyWazbm5A
g1vLsoWYw7A
g297miNX9rA
g446KLzpSao
g4wrBDAdsLI
g7MasSwNIwM
g7Mj8zOtz14
g91Ee1YPJ0k
g9DeAJmAUPY
gAQNP3P45E0
gDep-Q5f20I
gEJwnuMvosM
gENGueh7jxs
gFio_8aUS4I
gFn8YoTaMZo
gHfEdx1z6x4
gKyBiOKYo3U
gP4LwnyCnSg
gQW4KjOFgkA
gRAfvwNEMnU
gRG9JkPapiM
gT2-KTxjUIQ
gTmszsEWeQw
gW4j99qIN8M
gX2C7UNN374
gYG1sLJZUZU
gZHTZ2Bt3-M
g_C0NusyCC4
g_GOBYswNV4
gasCIiRGOpY
gbAzwoEV6l0
gbVOyKifrAo
gd_P1n-JHWM
gfg-kidYLC0
gfpq_CIFDjg
ghKHLEjsozI
ghmu6_4EFSs
giqUDYr_6Lc
gkpJFQ7E0wQ
gp5xmlJAD7w
gqRvzNNOuQQ
gqurBWxMALc
grgOLmmD2NY
gs4syxW4lxQ
gs9lJdYJEPI
gs9xZfw40bU
gtS9vxt_KDg
gtdff3iUWjY
gvwsP2IbuD0
gyDWM2SPM8M
gyfB1fExuds
gysbFO3E0mM
gz0h_39-LVI
gzXCt1r-n_U
h-XzQojLHPw
h0TRRWJD6OM
h10kXgTdhNU
h153LVCC0jM
h1dvkqcjwbI
h30n-1Y4nD4
h3hRGmwt8H8
h3oPxXqWqB8
h4cU9uROmzc
h52_APxnYWg
h5fXEp4O6Lo
h5vehtaHSRY
h6TD2_N6SvA
h8DZklYfbPc
hDF5guMW74g
hEfLZWJ7Nus
hFGYyImSdNQ
hGEijAFJvmQ
hGvYmOgO7Z0
hHMAnq6t89s
hHhWpNeYVNU
hJrsw2f2Ous
hLTZKg8_Q_s
hPMxiLpZZqY
hPVHzZB7gog
hPdMVtBcsOw
hPqW_KULr9k
hRX6z96XbY0
hSM-jkyN8F0
hST_20hqHAM
hT6kgsLzHNg
hUahLfKLLWw
hUlEInHnh2E
hWXDeBoNrnQ
hWoVsnQVIms
hWoyP1OvBmM
hXaHalaqIIQ
hXcerBHsb6o
haYnUiXOho4
hbTmd79CIOc
hgxACREhlKY
hhYgGavW1BU
hhgihvqFDmc
hhlhZAoADd4
hjn1I1GNN7Y
hp6hM4W8oHU
hpnTu97tGlo
hqakWnTPTrY
hrKvLO523oM
hscnxtr0pss
htGoo2L35Yo
hvMi5e4I1cU
hvXtuxFBkCk
hwiwo6YGG0E
hxDLoA_uchY
hz9z_bWULgo
hzWiHUE6YLE
i-1nNjgYpbI
i1dTawGfOfc
i63NXAMnW5g
i6P1X5PKqrw
i76dcrLuDjc
i9znNrNZfz0
iAB36W1tuUE
iANvF4Qru9Y
iClbRiOBOls
iDhm7mHk_ts
iFz1h8Z74bA
iJTyuB0Z8Cc
iJ_2QQqBoMI
iJem71G0Sik
iL6g71OXvWw
iLADVzrN0FA
iLzZtcr474o
iMl-VGypV04
iP2WlfTiohw
iQYHGEMBCM0
iR6VPAzWe5k
iRPDGEgaATU
iRaHgNzKd1w
iUfLx4uEjDI
iUp6yvihUXs
iVQy9LWlGvM
iVpFD8yTKB0
iX7knp61hrs
iX823BI6mt4
iYsXDmthGgc
iZJxef8u9R8
ifGS9fW2KGs
ihF3ZRnHHKs
iiXiRLZaev8
ijEEuWYBSbE
ikiW02orhxM
ikqWeB9_xAE
ilTSpRmI20c
imeRG4UhKww
ipHvU_nYwnU
irGjlYddiZM
iraYjghyTkw
isZgwHe-3I0
isgvXZo2jvc
itSTzV29bS0
ivJyBYCDPSo
ivrc6EPJ9U0
iy8ITeVIPXw
j-RL1ipMrcY
j-gxDrWuFSg
j1AGkLhOOe8
j2nP5x0nFYM
j6wFPG3bZ-o
j78L1vOdhsg
j8s_e4gvZyw
j9jWq9zNVBk
jA75F4fVkE8
jAoH0Xr5a8c
jCVxe7exEE0
jCbxrmcQAo0
jEZx9A2hrqI
jEpyajAWKHI
jG2ArgheS70
jJ1VdIdnqA0
jMdEuE6P1Ss
jQM5KRa3JXA
jVF1xppVhaw
jVnSVLMlmtw
jXv_f0V4bK8
jZNvlbLeFVA
jZQ3yzKKues
jbyLnXaFxpI
jcQ5ZlhH5HQ
jdMOAKpXiNc
jgOatSYRxRU
jlCEgPY8tEw
jlEgckRaK7M
jlvSWF0h4Ck
jmkJLeEcBVs
jo2-Jgn4FVI
jqhIKjfjQLg
juHJSc9W2e0
jukCK7Qb2eM
jwTe-qP9AxI
jxsI2Uto44g
jyDTStnBlmc
k0OsCX1C9bc
k0Y35EpOiFc
k2n0PE8VMUA
k54jvUeRPao
k6yNBSxQ_tE
k7f7pbbEtho
k88PqT5VvKs
k8AiW3Fu7QE
k8unxdBHU1U
kAFgxIVZZg4
kBFzTOVHnWg
kDUuKSZzd5w
kE_i-mTbBJM
kG3vPHI-Hos
kGqs_P_kDiI
kIPTktgqEbQ
kIqn2yz9d8s
kIyJn4Xv4ag
kJGWdRfE2Ts
kNZ2YHvyL34
kPUhlrwdxwQ
kPZTD8qfPCY
kPvKv0LHxsY
kRCZBY7oZxY
kTbbDhigAv0
kVGXfgY9VFI
kVykUTfNIRQ
kWzJpwEvQ_s
kXqKX3QMfRM
kY5_l2qrrKQ
kYuXkzwMqMA
kdgMaCkvMxE
kdredykNOjc
kgY9f9MdCIg
kh2pcvKGE6g
khXgVPTsakc
ki3VDMy-YIA
kj_X0657WP4
kk81ZKqOX54
kk8vV_kEWUU
ko9GNMWTKQ0
koSGWkSsVO8
koo6rq-gnys
kp2nBb70u7M
kqrJTmfloO8
krmKCIU2txA
krnEWyZGM_Q
ku1GB9cgIu0
kuYmrQhUGVI
kvprnvSfiYc
kx7UkrE-ZCI
kyX7X7lsTeA
l00YHzkO8Bc
l32j7NT59L8
l5BR-t2dvWI
l5kNuwVW5Qo
l6XL2IS6CMk
l7SeKLhCIiA
l7lW0-au8OA
l7n_oxkY8_0
l8_YZvD5O8o
l9G1d_WJKMI
l9NLSOzQJl8
lA-5IcM309c
lDBmjfAhJGs
lDST2tYullY
lE1DPQa6RUo
lEov1S940rg
lHUjZd63z9U
lLRt_HEXujw
lM48d-hI1Y0
lMHCDV1SVcw
lMXYeD6xeRs
lO5K1-X6w9E
lPvvB8_2hwU
lQgjYkTOna4
lQxyV59GNH0
lRBwjMn-Fto
lREkBR90BSs
lTa1rDrEzGU
lU6n22n8NLI
lUM3ZSOJh-8
lWA5pOmSDgQ
laDDFwzRemY
laGw78w5b3s
lb32oEHaVac
lbEKvo2szcA
lbeTM7h9lws
lbjgTeuTAdo
lcv4iN3H3_s
leVpJKUYvt0
lgrt4fecRvY
lj9UpuwWFp0
lja41Z5bPzE
ljs18AM2AGI
lk4T8kvF7HE
llTFt6OElEE
lmboHgUaF-U
ln3gVQfCkzA
loFupAsVrvE
loQqtgs1HUs
loWpehJIuo4
lokSxeEqJBE
lpit8jc3NeI
lsGGVQ3X80o
ltTo0cnFvp0
lu-ECjm5yQI
lvWrgIfLYQ8
lvnji7Xc6Ww
m-3CmYlunxs
m0_Un7Aan5Q
m2E_uPbbhM0
m3fiFg1M_V4
m4sBSuVBfdo
m4vrTZ-GUYQ
m6o8YsoZWBY
m7XufpQvL6o
m9tMFTL3dUA
mASDuN6yACw
mDC9K2Zm-9g
mF0rxGwFXl8
mFRcsWFotUM
mGV1gSODNAU
mHL63qapr0A
mHcMzNxrHEQ
mICLR3p2OUY
mJfuYipW2Lw
mLJxtnaTtYU
mM0HgrOSq8M
mMWhZG5SMyw
mMf71J05MAY
mNQwo84chOA
mNYGhsf5G1k
mNgAdvQmeVg
mOLsm72FFmc
mRtbX75iEM4
mSPfI0rpIR8
mXgSL59fDcc
mYKw4tRuSHg
mYhDnOHg1m0
mZiK7I9l6sw
me9km8M0l1o
meQB3Ifrxfg
mf1A60yxN3o
mgjhY85oRN8
mhDwZlTgMPs
mitbZpK3igE
mjX5eh-M89g
mkr3MfmYcqc
mmBAWZ4vUkk
mnh-kJf38fU
movLocNaJDo
mpCiRKrptpY
mpRBfoQRdpY
mptrxcBNY7s
mt9i-8rnAxY
mwmnmnXpoms
mxPNGNM3zEo
mxxi67PBHHI
my6t91tPopA
mzZlqw7D8GU
n-PSAM0uFDM
n0zzh2rHl4A
n2Ui-V_8Ygw
n4AsZmkzgSE
n4eufqOVlYI
n54UVhyowoI
n5HN-KT9rj0
n5P-5sNung4
n5ecJq_BOGU
n7XbEywQz4c
n7izsmo1wwk
n8JGFFQgef8
nAscKEhVlsU
nAzDyXbe7XQ
nCxUnKetaJU
nEoZ7fNBWM0
nF6DT5Y-CLs
nIVEsYGI0Rc
nIc63bVk2Jg
nKL8whOjbyY
nL8d5HgAXcs
nLf7az0a-gs
nMDYIjn1TWY
nMTW_TKzaMw
nMn3N3A0YQY
nO8yS_tUdZ8
nOnPAyDIPeY
nOsfnylS0OU
nQ0LHBpWd4E
nSoJzuUgO6c
nTm55uj1vuA
nTrsQ4ykLqM
nWF5m46C5nM
nY5n4Zgsl7o
nYiN5ZLGJE0
nZVVqR5GKVE
n_slaxFfNZM
nbFfm7mdxOs
neMfyeCJL-E
neWBI3vmhgg
njpLLZOtd04
nkZXWj0fedY
nkcBnCwN1-8
noN-AfJlc1o
npLlJw7BzOg
nvnC6L8hl6U
nyKJ3jcRINc
o-RRJAmcNWQ
o0w9qnsCyR4
o2ZcMan07x0
o3N-7yulpjM
o3NfnWy4N3Q
o4bMTwIsF4Y
o50ZXc6TNI8
o5V3O-COWMY
o6brc3U4_Xk
o7THJ-fCqzo
o9-8Ii4QM9c
o9t65TmL9mw
o9vk2nKO62g
oA1hDJu4chQ
oBYQNd9KRWE
oEXFj2R5PvY
oF5-mpGqa7c
oFMsk-uagCE
oFxi1aRtvwY
oGQS_REoF58
oJ8GfXut3NA
oJznsk3WIfI
oLKqN2mjbFQ
oOU1HUgJNPs
oOoix7WpeLk
oQdWszO9ps0
oX914A6dbbs
oZdL150MvUo
od0qVpqN3do
od4m1vTXC70
od9c1O9YAXw
odAaURzD67k
odriHIDY2GA
odrwNAWbe_E
ofDXJsKsA30
of_hZ3hurmc
ofeMoPp5uVU
ofpbDgCj9rw
ogHcuDPIf2c
ohhVYoCCDvU
ohnoatQH1YY
oi0jN-y6vfY
oj3vRdHHdsw
oliDEQKiH-g
onGWi7amdxI
ooVcPF3_83I
ooirc-AzBCM
opEJfTipu_A
oq2l_Z0I_ds
oqE6DvgjTXw
oqOKUB_KhDE
oryTdbhOYGs
ossRWhn1E2U
out0mdkt4WU
ovI1NE1G_p0
ow5EI9ReBKM
ozTArPm6aYo
ozvqKbW-LxM
p0eWudTE2As
p1lO-xOOyfQ
p3GacZ8dLZ0
p3RjHSN6oXw
p59TDk8nOkc
p6Dq0-o0GVw
p7-3LRnUzrU
p8AvqDw3fps
p9rBpivVaPE
pAjOO-n1haU
pB2uMcPsE3s
pBZPmp34Kr0
pCHZP5bLhFY
pCXBVP-4Q4A
pCeFb8CiuPk
pDdDDATNkmY
pFd5EF3XKG4
pI8SZXUF57Y
pJu3Msvv5yE
pKMDl10ghN8
pONZu_qXAno
pQGTd_AX8Ac
pRPtPbAPNgU
pSU11aoFjUo
pSn3BAL92rI
pT0pn_sbBJI
pTrOLaOtlWo
pUuGvvVMhhs
pW9co28Eloc
pWKSk0KupQE
pWUrYG_1FhU
pYA89nhEqMM
p_KUf_giuZo
peobDo2ioqY
pgUOCRIJRSs
ph3n52y5_AQ
ph5bEZFT8HU
phhjGlNIsrg
phqA8JBHfac
pi6UptFfWSk
piF77gUYDcQ
piwaBO6U43U
pjPXgwwiHKs
plbOxXxco0Y
pnoP4fiaHi4
ppAba1YPwDk
pqJisctKoQA
pr6WBie-tDo
prhwhArn6_k
pwVjlPJTxV8
pxu2_uyQRT4
pzBIYpvnDZg
pzvFI7lnuEY
q-z_ZrxP9hI
q0RGvh1BG1g
q0j1xz5kEyg
q4D0TBPd3JU
q7rWAq7dUBY
q7saB_DcmnM
q931DvXaJnM
qBPpdzqsNos
qCS6PbtbGmA
qDn8JqSxZA8
qHmRQYMqT98
qIVQ_B7wn6g
qIbpo75uNS0
qJLgXsyIuhg
qKEhwwiZeZM
qLG5lBjF3kc
qLsW6VFypd0
qODfoi0KtuM
qPpH8yeOe48
qQZqlnBf3HY
qR-DOxW7bf0
qRao8yrrrsQ
qSPOWmb9xEU
qSxdhyq5zRU
qTJxcX6-TPg
qTPCI_yF1uQ
qYT4yuxwv88
qZsvklPLxpc
q_FQLAiaNUo
q_cxmqaUTVE
qbyA-zZ82oU
qcRv8by2kQg
qeLqsZjNcqA
qgcvK_MH758
qk5WGSZpPbo
qlZ61g3j2Wo
qnWJvw0g0uc
qnXzeTjy-ME
qo0QSgUEajY
qpE_iBdLz34
qpSQPs_rFIg
qqmH-Co9tv0
qsGDGl6jNNE
qsUrOmwI82I
qtOfQq1MRAo
qu47TyZXUZI
qxCw-lcie6c
qxljSAf_UlQ
qyV_j1aH_cc
qz9vI5z4N-M
qzOvJN5VedE
r-gIm_SMRao
r1UI2RdlV1E
r3-R4BXqasM
r3WcXJbBKeo
r3r0atokQvc
r4QgdLQd12w
r53Fyp0pLk4
r61PimsbrFY
r6CNiiMRsR8
r6kAVdLfVSo
r7RqSMFc9l8
r7ZxCrbDqlE
r7bGjx0kbks
r8ZVwCru4vQ
rCvqWEGvcGk
rDhaQFbzphY
rFI6rXclbLo
rHjEQA_CwWk
rIELPOxsXN8
rK67leGZyJU
rKfwde2cOEk
rMBgW8Gmbuo
rO_xkeoiavM
rPXg525lgjs
rRamtpdf2AE
rS2jM3d_eS0
rSpPJ69wnVU
rVE-7OFk_tk
r_3eDoIqF9M
r_5oMk9iIXY
rc6BREHHGF8
rcOwghsfGGg
rcUpHwjoA84
rdh8zPr_ZmI
re70gpMb1r4
reMUmzO71XE
rfUcE9qrMcE
rlVP2uI6qks
rnLd6o1cse0
rpDBlcvkG0M
rpNHFabpv-w
rpy8B4Jc1hc
rqNVrK8_xGQ
rr46otv_1yI
rvrWyzqt_ok
rw9cYiNPCYE
rwV-ezkDbeI
ryimJ6q59DQ
s-qBRYERas4
s0uYzwN7PRs
s17YOzdvOPM
s27iJYSUn80
s5O21WylMDw
s5g57dayj_o
s6D471mkNas
s7MKWYVc6fQ
s7ODEAA_iEE
s7Rp-VLj5sk
s7shRoqb0RU
s9IwamztdqA
sAGdyCMerTY
sBip_TmiEuw
sCHhgwRkY3Y
sCdxbCmr8Gg
sE7o0RBRIkw
sEyKip5XdSc
sFkR-DZ_YV8
sHZwW0itelI
sHbzreUs7as
sKcFTwFHWTM
sMP5mXppByM
sNt9kB_C-ds
sPrCh28bWQ0
sUL-m1oEtFw
sWgXA4H2UTM
sWjMtBTSK0o
sYf6dD4N86E
s_UHAOw29pQ
shJU2dmkzP8
shcplRYC5Gk
siLeJOIxYVM
siqWzNfVC14
sjICP8imvpw
sjeAyxEYfUM
sjnsvq1s-n4
sk0RP9iwiFg
skQYrihrzCQ
smPjH2yW4VQ
snVGVoHrOtw
snwtMMe-jgA
soyuC-RfjME
spgdBYnhjVQ
sqJnzBHURvs
sszhhEZ9ohY
stjMz8FPtJM
swUIX9K-vwg
sx5LWAi53zs
sxJu_BUSb00
t-mux3PCEaM
t09SNbNPoz8
t0SboGAUZtE
t2Fm9z4LGDs
t2kJYG4eQO4
t3GIfdxe5fY
t3s0hHqS6wo
t4V8iX1FgRw
t4ikTshC3Xc
t4j78Tfbk0s
t7aEWzlqhY4
t9BLQ9cotMg
tBj2tX1sUJE
tJlbkCcKnHw
tLGk2BdU0R0
tNtxhKduNWk
tNxATohmZpo
tOMziVTzX5A
tOvsE4tnO0U
tPJLhYvBqgU
tR8FGRC0Z6M
tSMuRBkuwlU
tSqV4QIQWJY
tUR9UIscLGU
tUl7-SvntQ4
tVCVPJ7jKqU
tVSK9-ktj9M
tWPXAju3TRQ
tWgR_KdqCUA
tYJVxsfeeng
tZw2dYt2-bU
t_fRgy_dq-M
t_rhM-70M_M
ta3D1YbXg5Q
tbNH2mAWSX8
teGfW9l0TV8
tfdBWmeJqcE
tfdDrN6FH-k
tg40k9i8rw8
tjFzTDEgZzM
tjM_ZN11gN0
tjVskz9G6xk
tkBSIm2MWeQ
tkJbZq1xN40
tlFsvbDEf1E
tmRImLlA1YA
tnHMNShKz9k
toCcohLcHjQ
toFEGZISPFo
toLLeYAWVeY
tpNrK5AgW0c
tpZQT3_JDOk
tqd7FYqm-jE
tsFsx0NwOxo
tsHNdsAe0Ss
ttAAGCedXbo
ttKg9vOsmY0
tvcxRpg_2zY
twZXsp00bl4
tyi0_gnjixI
u-592q55xYE
u0sARPNO8bk
u2LqJ2E_Axk
u3izPap5ER8
u50lS_SxiSU
u7OYKNAv5oc
u8MXfL4bnrM
u8NYtXAinI4
u8QRd18-z2M
u9vzE0UIkww
uAo0W_A7ago
uCBbZgd80pI
uDCTT_7_-lg
uDywON3UzjQ
uFGEBzgoQiA
uHYatV1EmUQ
uIR1CUSKKoo
uIyLrO0mKvQ
uJIW_lJp1wM
uLFHBR8KrWU
uLXgij9hORk
uLuaZNs7Z9A
uMWCYxTCuHc
uN_yNRFv9jM
uO-m3CfohEI
uQD6JB3bB4I
uRXsHzxk2II
uT8trwRnkSk
uTOpCu7qfZM
uWailJ8ohYI
uX--mpKWwCI
uZ7DxSRY060
uZH2qflmKqo
uZIdTz-MP0E
uZQDF5sm22s
uZUSqVu0CQA
u_K1solucgs
ubS6cjCWsL4
ucRgWgAAXV0
udsHQVN2QKE
ueYONF9DrBQ
uhQqXtWvkqE
uhdRWiYijXQ
ujK6u-dpuYo
uk4dfRYPUIA
unG4YahdGNI
unjw-pBBbSU
up1WE_K_mfE
upBP2UYyRZU
ur9STHxRiMs
urjvvWTY_No
utFDvOsnW-8
uu-3j1tlNTQ
uuwiA9NoXWM
uyICmjBdZF8
uyPFv1CWifk
uzeV1NLxZFw
v-0TLGytgZc
v-DiYt7pdYY
v-UB0LO8jDw
v1RL8kEw4E0
v1gil0pCsLE
v44J9FVeVBA
v6biGjhMXNg
v88-ydJpuYQ
v91cRYembnc
v9HmygZb9rY
vBWy8Isl4dA
vCDJJX4EzeI
vDWhxiY3pMo
vEDdyJLOsb0
vEo9gC3neqg
vGdBNLImD2o
vHuVscFmM_I
vK3mm8P21ao
vKKeE1eJM-s
vM0rg5_vNgc
vMgjWPdSZfk
vNqfDmquSd4
vOM7SPcoxJI
vSiB4_9k_JM
vSlJVUQIs1I
vTpDdWGY-Ds
vWKSOx4-ryU
vWKpnr25ALs
vWZML18rRmY
vWeHUbcRQ-Q
vX43OzJjoe4
v_BSAa-rUng
v_Sx2FDLf1I
vdWUpIMP10o
veTll467ff8
vezlLiGSEoU
vgpca5VmQ48
vhE_Ua37sPU
viLEBPJW22s
viSVmjhmSa8
vklm5NzW_3g
vlFu72fkxjs
vlZDfu9NZEA
vm9AZOhQEXY
voSR1XPuhY4
vpFUvfAvKs4
vrnLqGwS4gk
vufdwNzP5xQ
vwlM0jmHlCE
vx5nrkhgGPk
vz2z6buXgyc
vzXNiAqHkuk
vzmyyvYRCRI
w-YbjivEV1s
w0Itd4BetMk
w4P8XPDrWlU
w66Z-Cg_-aM
w6BPWN-0NWI
w7U3bkaYKdo
w7VlGK1NylQ
w7ffVyFG6pM
w7tWQkE15bI
w8kfbzcDn3A
w9G_1aMDiX4
w9nsIkGntVA
wBUz2RocJ8A
wCQmvtTdToc
wCV_qeRRtGM
wEIwkowSOfA
wEynMvr6udY
wHa-RajyzIY
wK-jZnpuARc
wKtwAa0KVUc
wL3ZZHqFDgI
wLRJpG0MvQA
wLWkstBwfFU
wMZdUcTGXXg
wRHBReQc29s
wS8eIoPZ8Vs
wSLiwcl1Lww
wShomB2g1Xc
wUIr9IyhFek
wYRVFw_zABg
w_hneHSpF6A
wctQwc1rX-4
wdKe-Hw-WtU
wgZGWSDUl2I
wi1HQoaKrSc
wiBmEcwvDgU
wiESisEL43c
wiyU1FuoB6E
wkkkeJh7cCw
wmlRqHXpevw
wnX8Y-U5UEo
woSBNV995f4
wqBtPtoD5Jc
wsB8yzbDQ6s
wtohrtanNz8
wub38VDWvgk
wufEwnmzKLI
wwMMXz6n4fI
wxJLO9a21NI
x-0MXlq4QUc
x-g1_Z8fFic
x2oGaA0ycj4
x4YxSGFqOH8
x69a6cJjIzk
x7gHRFWYHOs
x83SFLJAQbE
x884oHFQkC4
x8O-N27A4bE
xDJAZ9QTqbs
xDN15LyuK4k
xEHLqRhTOaw
xEI0as5tkmQ
xGB0RxREVd4
xGhtEjqQuhE
xJGO3VEYGX4
xJbHkWTHiZ0
xK05zNcvcao
xKsNZiBVKs4
xLJNNplRfQg
xM_ierxfkV4
xS_cJivB9Yg
xTfuka4DGN4
xTni0hTKXcI
xVq8ExtN1tw
xW5n54ytKnM
xXpfXobqvu0
xZKGEHPDZrk
x_VUvBxoltQ
xbmTIpBNkP8
xePgG49N-KM
xj9ZNN-npP0
xkzJ4mKnr9A
xm0zx3oO8to
xnLUUWLtdLc
xpQdmsZgPwo
xqgH6Ru8kwY
xqgZOHDnC44
xqkjIqC_H_k
xqn1lc4hHy4
xr4w4MkuvwM
xrMt3mL7k2g
xrR00UXTvAo
xrRKNw83T5M
xvgCVdaT8Lc
xw0XEnQ3jKI
xwFCKmJgQZw
xxDoD4d5deM
xxhK5YjGFIM
y-Ztcz0inO4
y00Y5JtUJFE
y1x4ozAIT4s
y2QR1dz1mWE
y3MOpIhII2o
y5f6E5hL7lA
y6sXHPfoPgE
y7jFCYa6FT0
y7ySm9veJVc
yCGT4c-BfEU
yCT1mlJzGfM
yDH6Ao4K_1k
yGSGFxLXITk
yGgYf8fGlqc
yIeGVK_oeWg
yIlpwdVJiH8
yJ0iHeAG0Yo
yJmL9hRrpIQ
yLCtGwSd9VI
yL_A3HY563k
yNOoKXary2w
yW1eKfQpHxY
yW53zjrx2Js
yWm2b_WC2-s
yXgHOEq9cQo
yXmbiCkyEVM
y_K-QHT6-3A
yd4GrzYOK2M
yeHdaz5AlPY
yePTb7WH6JM
yfKLsJd8JIM
yjXi0kxEZJI
ymWs-uuFJis
ynll3_nNefU
ypVxbbhASw4
yr9zgRwRkg8
yrjQ1BADXBk
ytvu_BO5Qso
yu2H8fpCXsk
yuMaZ49IaeY
yz0T8AlcD-Q
z055L12weww
z0QzEEDHk4U
z20R9wV8_CE
z59xi1Iy5es
z5LPywqLt8U
z7T7barZEeU
z8bb4ZTUtxQ
zBKIfU9uVLE
zDC52DNKto8
zDHBu1nX8QM
zEirGSRcDsM
zHcJd9Ka8AI
zKE-EotUEgU
zKYg_LlsNwg
zMIqYXBus4g
zP9berDdpu0
zQO1RyBr78Y
zQby5LiMVrM
zQqxlzHJrU0
zR4er7jzQXE
zR7_oDoBr0A
zRcOaSyc3Rw
zTCnXv20EXk
zTIP8I9tFIw
zThFFihP-uE
zVkqm8ksDZE
zYItyzPEYbk
zYgF3mkCOdo
zZb8nWUJyVM
z_KvRRk6_O4
zaoogNdAAag
zcQTqk5K6nI
zdTVR7wPIYw
zdxGQkiwrpE
ziGZVUw2_sg
zibg9h3R580
zjscrF0gxlw
zlJNSaONRIw
zmaskjUcTEo
znX_4zsUT8Q
zoABJoKFxZA
zpDRp_qWY7Q
zqJPFNj-JLo
zqRAlbV5i0I
zrXOoUsXZvE
ztqsHxJvyEc
ztsRAnyJLiw
zu98Pf0hFCc
zuIBgAViXpo
zvU3ka_EgZ4
zx0auyNHSEg
zxsJ20RGmo8
zxzhSvsYh2U
zy7rGb_jDTo
zyphFPK2GoE
