-0hc78bDuJw
-3QpCK7mpWg
-5A1WcFoxi4
-KFc6uKmWQU
-M2S7dqS0Xg
0A_32LBpXaw
0IBU5rOCGxU
0Ie7jWRBjJE
0ReOUaFIg1M
0YrLre1lqsY
0amwVwCB5so
0fQxAf7-J1Y
0lMbhi74qaA
0mZ_l0hpTsE
0xDZgFrhVA0
0yL8j37SI0w
1Fq4YsbGXSE
1HfH1GkwWDo
1Jy6LGG4NtU
1YenyImtglo
1ZlIzJ69hV8
1c8gQhactqQ
1cDp8yTgorM
1eeps-pIHkI
1gcfR69TT8g
1guVhZyyMAo
1kx8hcELyVw
220TfOef9eU
29yNM_PRuUo
2CyZp1hz2iM
2CzlrMXRnX8
2IZjde0D6Gw
2MGGOoiNb2k
2PB1k1jYOfo
2Seybmp7qs0
2ShfMdvEzH4
2ZwsuSugB2Q
2da1eyYv4SA
2eyrWLZK5AQ
2kc90xq2xV4
2nJaeiOeqRA
2upYmZXKL90
3-Dfk_oTTX8
3HlWAogZnvI
3J2RHGVf0ho
3JkN8MR0Tys
3PeDyp4qbig
3S1EMv2SeB8
3Vkam9_54uE
3YVo5jhLx7w
3l-_oQCL_VI
3rwhlSNlsqg
3xf7qdp0-AI
4CLTWbosayM
4Gv0WD1Df4k
4QBvSVYotVc
4_YZPbkcwok
4qS060qH9RI
4zV3cN1kNXc
51PpijQzTCc
53WeNKB15L4
5B3f0y3UORQ
5Ew4C7TiV_4
5He7bYM7beM
5Mz_REgYAac
67OKBwIrVtc
6B2DRm00rMw
6GN0nlsq_xk
6I0g41R_gOw
6O-MAimTc_0
6TP6wnbpvD0
6UrAYmRWfw8
6W7UrAKcvQw
6Z-ifw_0YGU
6Z0oDAM-s4s
6b7M7a2_js4
6hfZ_oEDcwU
6lw0gAmyPlM
6nhxKx7Ir10
6p01peH1LKU
6s4RcBcjAxU
6vGbItaFI4o
6yd-PT9SPFI
74veYsfmCCo
753cCnAXR6E
77eweH3FSF4
79qzllZrroc
7FFNdU3cX6A
7GW-iNu3hTE
7KWi24zM3WU
7SNFbPA-96o
7ULg0G504dE
7cOvQ1_tuec
8250qaGcueA
82d44QuuXdc
85epdHDAT3w
89RWv8h62Jo
8HNtkMSAeHg
8IDNDaVcuXU
8QnMSjtBF9I
8RodVKUcnx0
8Y-Omq53Kk4
8Yuc_XH3zWY
8Zs-GQ-ECLs
8auYFsJIE4I
8bOl0i1OORA
8t5Jg7PthFI
9OXqZ1n6NPQ
9YAo5-Anu9g
9YhT7OtxOzg
9_TMMKeNxO0
9fvL2PHhx04
9hfvRvmLDmY
9nMy8YnmBSg
9rnB0EA9J-4
9sHBEuzhofM
9ts7MiYTn9I
9tuhwg9xHo8
9uEeADQN8Jo
9zkqQlFarzI
A8hajRSUqaM
AKEZH2-frxw
AN-_UawtuAY
ASscFJAro5M
Ai_cBnKcztM
Al34WUsKy-w
AsNndH9rjXk
B6kiLXervqI
B7TBfJrofQM
BAufcFRgbUI
BTkg7P3yRKk
BfqC4y31j0U
Bxa9fq3yWY4
C1eDDcKxWuY
C4bZDuuNkT0
C9Os-Vb8I8c
CJpGZcBhlQY
CgQmSDQyR2c
Cm-viTlzEtk
CpE9B65sHlY
CpRZzmvHivg
CqLbj0cODnU
CzKlXyshpxg
D1Wn2s-pVcU
DCYC8SY1C_s
DDkl6ijQ0pw
DFX_53BxuFM
DJCoR4vCe-o
DOMyJ1QX9Po
DX42ALsBhHs
DiyxXLOpYNc
E3zthmqBFXY
E4h6PGkIfV0
E5sS27a4T30
E7EUBbZtRxU
E9cy5a8zmYc
ECfER8-8L-4
EEEjVcy06ns
EF8tdXwa-AE
EK16DcO-vrc
ELT6Ul6HiyY
ERTnG1CRaTI
ETTnUtiBMGc
EgDdu-zdqEk
ElMqwgkXguw
EtxAELKrr6M
EvcgcffQxPc
FA2PEPTIEN8
FF4rpLiKfn4
FPoK-9GfGmM
FV_vPTK6nkg
F_vzeAnGzXk
FtHXiPmV8QA
FzM1--0ZHzY
G41h_23Gcvw
G6-nQ7-W5Hw
G6VTtmrJN7s
G6aYEsWkn8Y
G8GfjcN_6BA
GCD1ZT4IgAY
GMERzpEUjDw
GSoRx0z8KHg
GXhGkCP64o8
GYzOPIgwqUk
GeG6tTIRUmw
GeyTw5xMzy4
HDwydir9s_A
HKss3_PGiaM
HNf37a2-81U
HUTbpMGQz48
HfVi6NiKxIw
HmLLo0WC5xg
HnA91mymghA
HsW-pqb7Fhk
HvLYxrtVgMo
I-XNa522dY0
IEbfuaGHQs0
IFBbGTX4TRw
IKoSwQUQvqQ
IRsAi6NtY-k
ISOqiW2eK2c
IT2FnIa5nlY
IeLurbBfQGY
IgbVqb-g2Wc
IhyoKjxlcJY
IiVNUVGGBGw
ImFvY3sgyrk
IyheKaIBWqc
J0UPd-o8328
JFq0KV-Usxg
JUwBEtCrwpc
JgODLHfSCjg
JgwwDvvOHk4
JnLUXDy1K-o
KADFrS4oUa4
KHK_CQrPlBY
KPAcs4SA06U
KW9MH-lJlvU
KWLIbfLoE8c
KcVfS7K4vlg
KwaxK10WSiQ
Kzl-YYkXQWw
L1pXQNaS9Oo
L3gpP6EJ_mk
L5kLAIbOCaQ
LAD5cwWSP4Q
LF5k5m9CWzY
LLLQjqY1tkU
LQ1THvMzfbA
LUadO-p-_Hc
LVtyETX187U
Loi24OCABwQ
Lpwx7n_8E5A
LrsuscEpB88
Lt6edB3UZRk
M0C5i2Li4e4
MAKlYrS1tPk
MEbgGPOLQYw
MF6mSc-plSs
MFFaqus5mXI
MH_jQHhWJu8
MIbWkddM4Ds
MLNtHK0-DEw
MMCx4QAcfiY
MQXKXDGqzOQ
MQryZF8LLXI
MUfOlPfhkgQ
MWBuFpS8-KM
Mki_nMGWC68
MsTGK3ijxzQ
MxHOchSwgUY
N3eH5w_RZZg
NFBcuF1vsoY
NMUqvhuDZtQ
NTMM1tbAbLU
NbzmxarpB4A
NekYscmYWtI
NjBtagmAi40
NnUwUB24qH8
NtQ3Y0ggf1c
NxhjEVaYY2g
NyYBH4jT1z8
O1qMMSuYsNM
O5mGFzYhRPY
O8U0SIFUTEs
OEUoqmeO5hs
OGmPeYyZ3kQ
OHvfQGdb5Cg
OI4ImLYCkGE
OJ5-Zg4wnfg
OKfF6w7Yr2w
OMmJp3E-RoY
ONW-EPwEwfY
OTj44U0Dbc0
OUBioiES_Uk
OV-k1psRlx8
OVJ_eT8UnSU
OawIolJSoTY
P1AF-O_Dpeo
P7CSzmibhic
P8BLqWXUPvM
PEXBo2klUrc
PFtUTLCd090
PQJ-hgg71KQ
PQgw7s0Qc6E
PYytXWDsc7I
Pc3SWj-hjTE
PlcZYXffGmA
Po-Mq_kxmOM
Q5iil5ILyFc
QEKLwFoBZjc
QFGvP9Pdn0g
QSR5qN_SmYE
QSRxcQFX8c8
QU6uoWFX_GE
Qd7EQ-k26BY
QdhKfzABsEQ
QeIcauW23cQ
QeLc9b_exGc
QfaWnTToDWY
Qo4V7PsX4qU
QzuJJhi65_g
R4f1NM_a6VU
R7RP9rMDnBE
RCbYZZPrRzs
RKlmeELXVi4
RMK_FwQHpHQ
Rbax_mtacUI
Rd_wteTaKOo
RlDdme_kw68
Rq9t2kWvNio
RtMjPx55qTg
RtYLLyfs1Ts
S-ut41H9u-8
S1XxHomWXZ8
S6yTiQzNcmM
S9JRVJq6Wb4
SDm5hrk_KXA
SG2kJCs7b1c
SIqHKM3VpgA
SM7yGdvwNAk
SUGI6GT3Yzg
Sg2jtEY6qms
SjoyW7sCu7g
SmAhIdPh-aQ
T39JuKlzhYI
T3tuRXi2_LE
T9WW6zTRoVg
TDJcxXM3ebU
TEDWiBSFQKg
TH7O5IQpC1A
T_sd6hSO3aE
TaOu6hpoVFg
ThX2ABAsEck
TptoQhctldo
Tq-zaJPCZuw
TuLlzE7uHNo
TuXg8pu8vVA
TwL5IMkNrwk
U8h-1vNt4lQ
UConhud9MqA
UDpVt7OkT8A
UUvf1XeMBVo
UYBFf9ZgkvU
UcIxwrZV10A
UjC0IOelR-s
UmZruQppNEI
Uxhq2Llat2o
UzezqqiOpgQ
V-vDTovsY48
V5tUM5aLHPA
VAa2y_KBvFA
VPTLP3udoM8
VRUsE3Y4Pqg
VSZTEIMlVmY
VT8RUMpY1C8
VVr4OwQEWGA
VZo4ZHp_JGY
VnxpqecbpOU
VyNa8vN-eh8
WEhrQBZXtRI
WSnuSWmag00
We3CPgPrHGE
WwrGNQ2Zagk
Wx03AA7w2fI
X-NwbICCzmY
X3p_8UvWq44
XQtl68qv6U8
XTJ_6axsuWA
XaqUFYhywg8
Xn9NYevJzEI
Xwl3_o9uo64
Y5hLaPerTCc
YB9lUIS7H6E
YC38hyEa7Ug
YIVWNt11f2c
YK7XcWoznJU
YiEo2mDmYTI
Yn9JBpsQM7k
YoPIOMimpnY
YzvTMwBD0ZA
ZEmgUO-Ba48
ZGAXbCpmB-Q
ZUpyvrgcpD8
ZV3JUtbbM-0
Ze60WSjyH1Y
ZfBkOIhRDyA
ZjOXHI3mDJA
ZxWqGDaD5ZY
_1hH3cVH9wI
_IgYsVRZrHM
_J4t7FIi1i4
_VeQy23qAgU
_ViQk4WNZ4o
_pSoS_nmuCk
_poJx7XrABY
_w-8KI3RUqk
a1Ta4sYGVOQ
a3R5D9OQSiQ
a6U7ksiu10Y
a90ilgeExs0
aH0lsm4ydss
acqKnMeLmMo
afCyCI5G0r4
anJDfjIqXWk
asHYwEvyjNo
atVfp_zkkv4
b84eKMMY_Fo
bIazFHB7IQg
bMfNyP9fSzk
bQG4yW_1YUU
bZGQIoURzvU
bgmf_wp5gXU
bmZmAll9ao4
c4SNyraL1vQ
cVBjCwYpyhc
cWneWzFzjzw
cY4xcJDPz4w
cjvTEX1_0JI
cm_Kw2a8swA
cvnlqGMU4RU
cw-6oj5E-rg
cwwhyDKcRgs
d506BFv6dBY
d886bRekq4k
d8NmjvC2cFc
d8upYQVMDEw
dAAFKTtVMa8
dGPKIe0h9xk
dOyQGa6KXM8
dSekCWXgcwU
dSno6wGjEpc
dUgkctSOI0M
dbcaZ_icaBI
dqY4JiDouqQ
e0Q4rGdw8sw
e0p8BUkJZwE
e3XEYM3bVck
eOsjIoF1BGE
enS_nNnDFVY
eujJDTieJCE
exqXbIReXbY
f3WwgWDiTWI
f8IPeY4IoGA
fDU7dNi693Q
fLqzbfGzukg
fOlYyh3dk8c
fZt8L0FXV-I
fefkl74X_vU
ffAQJ40APcI
fqXzJaiNtAw
ftzoa2dw3CQ
fwTQ5zaQpvQ
fy2avOsYN6M
g-AzIYsyqvo
g2MR939LJIw
g2n1q1UwBnM
gE9GWKOeGqg
gT_UPfzFHSo
gapxMK4YpNg
gg-Uhvtv55A
gg_g7O9fVXI
gnkY6tJnuPg
gw1-p0UsWws
gxpbvE8V0Dg
gz-RNAhRveM
h7VCxIesyZw
hFacuv09GTE
hR3llUTdefk
ha8vE8WVtYQ
heyf1BPOm1k
hiwHEYj8ALI
hm-dB45mgNs
hmGp4WAZYS8
i3CCQjykpPw
i6U_-x0S2wc
i8s2HB1cP-k
i9LIrM1Vmzg
iCx6mJrvCdM
ix6ib-aF-pA
jFiqj9NKQfc
jSD2i3VSYsU
jTMSefHtq5c
jhnKBKZvb_U
jnNSWJSYXRo
jnzQo_XcVDU
k73tGkqiI3s
k9btNnsoSOE
kE_-wGtmtxY
kKHRQFptKEU
kPWvAse5hgE
kPc9qs7YK1w
kXR1L77x6-0
kgr_Ao2KmO8
knUokHSaeVQ
kyj2xlgUmx8
lETt7IcDWLI
lH9zrorYgIc
lKvPykAzgmE
lRIg_oMNF_c
lRyZxt2WeKk
lmL8RKB7mlE
lwW-5fIKaxg
m03wuAClO4o
m5C7iZ_wgcU
mEX9Usqdurs
mg3Kzl_UUNo
muLy2qu49to
mujq_tPBrN0
n6W_FzjaKlw
nAfaArs7zPk
nPzKyr0rwrU
ncG_mn9BtRA
nib0dFv-qPA
nkpmwMI2oOA
nqbWVoZVOfQ
ntg1AGvBgBI
nxDMj2--ynk
nzW8AGA0H0o
o0fDcUJMzkI
o6SQ6lYVZ4A
oDweyxD2FtA
oHW3kdYknII
oHljpRK-WGc
oIRL5vBWq84
oIVXOkNSJCg
oNjmo_pN7kc
oUk1Ka1Rzeo
oZy0Uhpn_QQ
ogBfin4CWQc
orBEQAnRRos
pB6tcEu6C0g
pYOjxU9z5CE
penICFFT5Kw
pgyRZsRHIyQ
plmErLFxbX4
pp-rJb__FKI
pxuUG-eVeG0
q29yRpDT1J8
qBpaO2eHxf4
qCwDkF1oQPA
qFvtbacg-eQ
qH9akMeAEOE
qMWQja-n2uk
qXsjWo6K4w0
qkHVIkOhABo
qoVO-YwggmM
qodmE0sHO_s
qwgixK-lwKI
qxYMXHyakr4
qyrgieXgZPw
r1zL6-We3SE
r2HJcWg1Moo
r33Wj8FF_EQ
r3G-a_fNJho
rBCMqOE2eiA
rCKK5w9Noe4
rIg5GYylrMQ
rOjO5P2B-Hc
rQUsApf3RHs
rT4MH9BZ7WU
rereXL_LL9w
rmkjnfMvjv4
rqzIvtFe5qs
rt3ZsyRmvZ4
rv_-Ek6A0js
rwA-y-XwjuU
s0L5Ma4hbH0
s3X6zg11DBc
sAfLj84gYng
sHM40plkYM0
sNUneysvC6s
sZybLluaY8o
sdE72JOvCW0
stSm1cvwnO0
t0cE4tbJ1JI
t2FB-4qKOq0
tB7Xn9aHz7U
tITPeUmfDyM
tL05HW0TR7I
tNwykoCgNJU
tRUCKxKMVTo
tctj-9Dpotg
u-l-rdKvd8U
uGhi_uqOizA
uUpchRpr44c
uXPLuQ7YhZo
uee-9Sd6WMw
ufpatylwPrc
uiqAsDchGog
ulrx0CZdwIw
v6V8LoHBAus
vFxRY3oxZ6s
vG3koOW4l6s
vJDJFIchsoU
vRc3MiP6Tok
vTacL_yGVJI
vWqVA0s5K3U
vf31yZVCX3M
vgHKb_KoJ4A
vny6FbR5x6A
vwVDJVbw10k
w3VVsHs106M
w3_lqUgKF6w
w6jkTV_t4ew
w7kFi7BFoiY
wGPIzSe5cAU
wIA9WBSHChM
wKJAM_uPHXo
wLIV35SJZJ0
wV1mWE8Zyi0
wVgLjOf8Tnk
wWk3MlN0CJs
waIb2ui5M5I
wc_R0O-t1KU
wdp54Du-V1M
wjFNFqnqlKo
woeQJNev89w
wxNZf69DC-M
wyt3ysyOAbg
x0pc2WVEhbo
x1U5pirg9IY
xXUoC5hnhfw
xXaRqSKdQnU
xYEIrv04xO8
xZXbpdtAtQ0
xyN396uZ22g
xyi8CylrNXs
y-MZ01Tc1SM
yAtsm5xkb5c
yMH-frRs5JA
yR-g3CABOBU
yXBQrz_b-Ng
yYXKgnDBDwM
yYsXOLQos4o
yaivtqlu7iM
ybPvR0mraaA
ymkbQNILp4w
yu5ATDbsBaI
z2E0SZmOUNA
z6PmXFvIQwQ
zHNlrYby4tQ
zNodhQJaE10
z_oVR3TO4tc
zqk1KGbBJek
zuYi_60Tv-U
zyJJPuKF814
zytuSoG2oe0
