-0BJwlH_Ltc
-T_pjMr7-n0
-UggNH1YeRY
-gdjieGyB5s
-rP0xn9PGHk
-srZ2YMU8n4
-tYwSEU-aLY
-zq5kWvp528
04kop3CvE_s
0B96ZM3C-h4
0XOUJ4ZTcvI
0eAXW-zkGlM
0ggNnSGOJYQ
0ogktj6erkk
0v6sgTj9uMI
1EOp-sY3HWs
1LuvyCm3Kc4
1Se8PVZdfPg
1aKf_CZqBD0
1cL_g5GisIM
1khDR7yzZ0I
1l26UFQ06eQ
1r8JLS3Vyws
2KQ4mowwNb4
2XMVNV98Vbw
2pRt4dFBkCA
2xWW-ZZsC5Q
3LSByqoSpsI
3MQeexi0FPU
3W5qk9TkTpU
3djg59JUrmc
3dzOLoOEToc
3gxbFDPLL_g
3twGmSu1MI0
3vRVt_dO8Jc
40aV-n6A8Hg
48_njDKfVzg
4JqRrt2UyRg
4cg7l9XUieI
4uoZcuSQPms
4ydHjbKaL5A
52aOJHv9oSg
52n_c51aaY8
5Ge9cebaVNg
5IZrYeUX3MI
5ajcHhxkKKM
5hUbcNohqlQ
5oBbY_gDJmY
69gqiLLCHak
6Jc3IqA5rH4
6S3S1JXcI30
6TjVbjx9_Ns
6pLapDb-ndA
6rgavv2gM5w
7-SR-poiaW0
701F2g9EViA
74b6Whj5zNc
78Af8E-40ho
79cfNqa3SvM
7LpydtJB_yU
7oPe80mdcZg
7s5WrI3bZ8o
7t_6Ox6u328
7x8pqcAYwxM
7z3hTmvKe0A
7zWdcyHYD2Y
80oHMSruQFs
86Er7_5-1J0
8VkXn9ymMW0
8cT2BGYuaNY
8f0ydqTUi0c
8q3MrmtkqA0
952ENgxeAP0
9CM9-a8Pmmc
9HMX-EkYUA0
9HVH_I04ZrM
9V981RXcmH8
9go8xU8xDE0
9p3ieEvwmLo
9weqnWBaehg
A-4E9tZNrVw
A4kpVO56OBU
A9Tn3F9sWNs
ATFy2YLT504
A_Z-cr5J90A
Ab47umgoLrk
Af_U3be3nDY
Avx2OhiSJAw
Aw5NG580rBk
AzqFNs0Y7c4
BG684Ws80J0
BK93l9f5D5s
BNhriA2xq9E
BONhk-hbiXk
BSDBWIECtbA
Be35MRhnE84
By4ZWRrlPHM
C2GmJQMW1Ww
CB3O75Tnlh4
CkrpvCs-kfE
Cxdgrb4U1hY
Cyp_LGEvlf8
D1O6Luca3hc
D4c9pbiqJHo
DCc4RCkH1fc
DmkPpA2RT-Y
Dn9no3ZzfFo
Dsq3Tvya4OI
EG0wQRsXLi4
EL1wN_ihL_E
EYyuo7gm-aQ
F7o4oMKbStE
FOVCtUdaMCU
FXJKfK_aMDI
FaOSCASqLsE
FcGrVq5Ltps
FdSWEyl2mC4
Fksa4ZpZp9Y
Fm2waIyqnMg
FzEPcdVvHAE
G2W4BhxpKgI
GIYEGDJoluc
GKbqD_-efz8
GkXtqKj3rCc
Gp9OQAIOVC4
HG9Z961mhXU
HKTmLd5PTyc
HKk91x0Yg7Q
HOABHShgGjg
H_zsZMn5Efk
HjgSBJdtrcc
I2DeJyIfciw
I8OBfRyplyE
I9ihIfoWl3Q
I9yqbrHssQQ
IJ49fj6iXEo
IMyqtzaP0jU
INzETyUSfzQ
IUjf1lVOGOo
IawDnX45hao
Ie6LpKOJVf0
IprSkoPs2aQ
IqdswCPF2xw
IrMTLV2cR2Q
Ivxx_grnL2c
J5cNNS4rDVM
JE4VdrKf40s
JR9FALnLFQ8
JUhTsS8JdgQ
JcviVDizlJ0
JnmfMaF_Uck
JpX9vjnZ-I4
K4PpSfWSWpE
K9lugLIJNdM
KL4kcGiqWmw
KLHRjaUBb3o
KQYFB127L_0
KUzGrzsYqH4
KZYby6DVf0Y
KpAyaJuyN8s
LPbcbo7MrnE
LSYsmgZEKv0
LfhR0rowHdY
LrZkWNnq_Ig
LuQIEy_x9w4
M0vkeuDGQaE
M5wxAa_z7h8
MI6Jmgb04lU
MSzytvDsPfo
MVXN85TJabg
MWmFyY7QSXU
Mf-bsT5mLYs
MqLKK8oxg5s
Mtc6SaGq2GE
Mz4M54CSZdo
NHahCzR6FK8
NL21l5gGFKE
NMORzLT8FXY
NUuwbs4pyaw
NWIlScfHwOU
NXLypwmT5Fg
NYwPsasQf58
Na89OF7Fq48
NtHv0-2Hpj4
O2FkgBIL-kI
O3iBb1gvehI
OHq3NhHItD8
OP0H0j4pCOg
ORY0MCcvllg
OUi8Yg9Z85Q
OVy4aKSolZM
OXzlQLY2bqs
OYm8s7fY-Fo
OdNNjCHGixE
OeWQm_q_Lqg
P8WL79XHmDg
PfwwCpAy0-0
PgfiXtvej7Q
Pn8pwoNWseM
Q0CwNpMmUfY
Q23RDtYhuow
QDydKwmrHFo
QKlv4pZe-zo
QLjblB9vbPg
QS8bma7LRX4
Qg0pO9VG1J8
QgM1n60jp08
QpeoW2mvwp4
QuMBXHNH-vA
QunBzjMchmA
QzdORLgT5pQ
Qzjg9O2GuX8
R23CJhcC7xk
R3ZJKN_5M44
R7fRA65t7Hg
RNmrR8SQ5Z0
RSFLtcUT30Y
Rg4lpu_9iKE
Rl5dZuX7QuU
RltvPCnKKZk
RwchOLbk6fY
S0BF98r1GXE
S7voPx_U5EM
SAJ1FxGh1nY
SDwrJg7eZ20
SMKZctlLDPU
SQ44aQWnH4I
Sgs81IOU0m4
SwEyBItsXkw
SwX4ndz2gcg
Swhdc1SEgb0
T20R6y4c-lI
TLqqrxwZZLY
TOYYwV33Ijo
TVueoznrt9Y
TXq02b4F0QE
TZKUEmT3J-k
TcvTWPWf0dU
TjSqmBh2nKY
TzWi33Z8Nvc
U6YUm2For-8
UAzUhZpfhG0
Ue7BggAsQ34
Uqa_CpD8kIY
UrIeUKMWWOs
UsWlqu_UGQo
V9G0jmRhBZs
VByZc4Hn7pI
VLIWF9bBY40
VN33ESEPp20
VUVPx09BCBE
ViZHXorH7Yo
VnzRFyOMD4U
VvMcmd4fYKw
VxVXYp2KIeE
W-J93us-ETw
W-ZdQ0z5cLM
W1jYDx4oS3A
W3t65UmGRS8
WXyEkfM8DuA
WcEylCwkSxE
WeTCTARJZm8
WoEi22mamc8
Wy_mDcUOnBA
X-XuT5qKt00
X2bhoXiecm0
X7uUfrOj6MU
XTTu0k1H2JI
XUhrMccx76w
XXFE2VYKUYU
XgaLlP0xmqE
XkK8hagTHa0
XnzZnQfmMtM
Y0cyc91J9es
YBy6Fnyss4c
YdPxTcLl_No
YfiLAcERNQ4
YgEPkrMOwCg
Yh-_5g_4OoU
YvT_gqs5ETk
YwQjnWvfLck
ZaDcsPjyJ4M
ZkPSbp3zTfo
_L5Xkb78KxY
_Tw-at1X2kg
_XRNwORDgpE
_f6Ae02EFqE
_fLtEVc3jTU
_ngbuYanRh8
_saEnvL5alo
_tO9dA2syYM
_u7E4UYzN1Y
_zR3jSfp__A
a4l383ihVOc
a57SeLZFLj0
a6I9u3wjn-A
aAtUnqdTz2g
aBlR7qVQ0X8
aDRdGEJMu0s
aRXuCFYg2PM
aSCoEgDrSDQ
aSWIMckqg80
aXY1fSmcrgo
aXzjxVYPjys
aaVBoEeDK4Q
adPXDTvADD0
ap8lmL8ogkI
axfaPnFlfEg
brli7W1HWVY
c5dQpHfbbrk
cIyN4qJJOP0
cKCOgp8RG6M
cRiGtHTJb0A
cXs2CLH40J4
cZLrDapphAI
ce3ST3wRPCI
co-Yva1VGaM
cs-GXz7tEeI
ctDjnG8J9cY
cvUr-a8SjJ0
d9HGjZd_Fm8
dAfbHPSifpw
dIu5LRZhqcM
dNP143k11bU
dTgGNNpEvkw
drVD7ed65rY
e134NoLyTug
e2zyjbH9zzA
e6e_rGWbFqs
e8-h_KOccFw
e9gTPlvspQs
eAbY0tIGdds
eJlQ4d8bTU8
eKbonXrrAB4
eT6NUxmUrvk
eWBNCnU_PK0
ealb8GehmsE
ee3oKSEqU_Q
evUWersr7pc
f2dXFzXQ-Bs
fDK3R1DoRnI
fF6gExZu-2M
g0G2Dti3msk
gJ3mGQAFS6I
gQYH_FG1Ztc
gVVyS3MAbAA
gZGmnXiZYGA
gfDIAZCwHQE
gn2933vMylY
gnItVv1EsXw
gpLlecXMGIU
gpzoBY7jOZQ
gqesEYUXr78
hRGKSwsD7ac
h_DHJrswOKw
hf3EuhVNMU8
hxfZHgPfP6U
i2fXud8X54M
iB5hYK0-__k
iJLVyez0S4M
iN6df0twmJQ
ibI5-k5sin8
igDCnUaAxAQ
j-zmtTvrQoo
j7thr3uvXCo
j8NgtIQ45HY
jO6f7wOau-0
jVhlJNJopOQ
jl_iAHHfUdw
jua4LXgkvNs
k4Pp6wZ_d2U
k4csRoGP0V8
kC7g_9OiHcI
kFSm6gany_Q
kHfkTEacOWA
kP_iVlEyp5M
kTMow_7H47Q
kX0FI2Plkkc
k_QJn3V457I
kl_xI3VC_m8
kqpak5lFxvs
lK0Lp43a8z0
lNUpsAlGaKw
lPYZJBQquk0
laD0qy5FkAs
lqRQ5Y6OYi4
lrEkNj8NKco
lsSYY-S_sQ4
lt--xrmO_64
lvVba51ZHlk
mAL0wZu4JUg
mC-LEQqNC1s
mFte46jVFOg
mG1QDT46aOo
mGfBEnBw01A
mMT8cJG1XMI
mRLrWjBrJe8
mlWKguRS9V8
mrNOYudaMAc
ms0xvf8j33Y
n2yWAD5OzhM
nEDKVNoE2ws
nLStvtbZ18M
nUUrTXxbk-s
n_2kDtk-DDc
nkjjtX83-Cc
o-LOKGvor6I
o3BC48wYkSQ
ociMBfkDG1w
oeO_f-Gbzzo
ogG7wDA2zfk
p05RmuCKfFo
p4SO0fxztTg
pW6192cgV8g
pWR1wimuQic
pd_BOTXkr18
pgCi-a6PyBA
pnrqLmy368o
pr8-6dcMV-A
pxxaCMNe-2g
pz-mCjHA6Ak
q2sI-T69sjs
qCDoTLcf4xs
qSfkOKcSrYc
qbgVTve_H0U
qnfxf-SnkcI
qsEsgp3H7CU
qvXhAT_pec4
r8EF3X8EI2o
rJ6WuWeBoY8
rQ9qsXu34SM
rQllAj8vXes
rSdU-96UY6Q
rTb3GR6yrQI
rVPSLzrQmpU
raNcTqw-I-o
rcj-7mfdMTk
riaA0GW9jeI
rwAfG1jmkDE
sDQaSuikPss
sK-iyzpZGPk
sL3IyqF_fXo
sVAXN6d1T6U
sb9ybImGwkU
sbJ2Fw7BqPo
sbpUcfpbnrs
sgQQMOcyfBs
snM7K4oSIgM
svIknH19VL0
sz6go7xC3Zs
szwoqnTzjes
tDUv59Yu04Y
tWwcjMNHcKM
taTE-RqZfT0
tiIqb26dWZY
u0ORz4ZWCqQ
u97SG_yimAE
uCn8a4NprLo
uJBL7kuzvsg
uMriH77YoMU
uZ7m-ZuDapw
ubwjdRePSFU
utUrcPwkVLo
uxY5eoMvjRA
v0yWvTyjMMI
vJZZ-IVWKSU
vKOb-kmOgpI
vZRzJJcq6Rs
vd1pvUG_aAc
wCHLalpQFfo
wDIixfoN1vw
wQTcaRNxo-Y
wRTkhEFCzxY
wSR3n5cCS1o
wbIXmB2ZLmA
wphCxNUpLwg
xQLRqQ__kiI
xWuCp7XP8pA
xa4QaNIoPco
xj65JgmJBYc
y4kUp9ULlaw
y4v96bGomC0
yEfsaXDX0UQ
yN2tsylD8ds
y_n8s44vxJE
ytK6dQGKr30
z8nsOZb4JL0
zB-rEtQbbYo
zDn3zmumb8o
zHjykyV7bIM
zOjtBmLrjho
zbpibPm7AVE
zw4zlvTlaI0
