-1Xg1-5btvA
-6Zc8Co2H3w
-6_-w5uokJk
-84w_rF34Q4
-9h8otWQShs
-CMhg9eryvQ
-D15FdGRDwM
-HqZNQGybqY
-Ik2ikgOyNU
-JK-MAPJwYM
-KJLfAzeono
-Kuk4ir54KI
-O_FzaMHGis
-PxK-1sjnMc
-TF7qMGvjxA
-YlX5viLxuc
-ZPDN3yKcrM
-_of2OsZ0E8
-_p7K-OTrPw
-apyTyck7Ws
-f0GPBmuQ-U
-jtCTE3OVkM
-pHr_ub7HeA
-qE38V0wXnk
-sTXxAsaVg4
-u9Qxxkbjmg
-zxzK3CrYwY
0-T9GTl_8Qs
00_NaPafgNs
05tyrZonnmw
0A0JnqB5OZ8
0Bqw_290Gpg
0CyWgcpBso4
0D3WZxYxWd8
0MelyV1X9QM
0RXhcqdewf0
0XDXzW0yEso
0fOCZS0J3qM
0fRlIQsZPQE
0fWuP12dpdc
0fzFwxmQTDE
0gugBiEkLwU
0lNB3-qqKG8
0mRwAHbOPqY
0rI1k9KVpCY
0sEN3hj4orE
0sKRRY5tQz8
0vKkwJwL77Y
16BhJOQiZG0
19l2Qqf9Evs
1Ad5k5DD5b8
1FzZKJLWxKQ
1GqmWiVZdQw
1PVZ2ajOnKg
1SXYYDSAZZY
1VqUhHMt7Q4
1XY8dPnIORc
1ZVRCat2vyQ
1aVz529yml4
1cQLfU0o2As
1d7FbXh_4ds
1hJcA3pUXew
1muADPtsw10
1qmC4u--QkA
1uSsgXGGXfc
1yT2vcPKozQ
1yY0tnsxtL0
1zjC6c5SJlA
24hhfrM46Ao
2DyKHcZMzes
2IsBkbARGsU
2JZ1rGENlDM
2La01bkCP1E
2Nbb_JHYnjU
2OAZYNbnbXQ
2PTEfzkaUp8
2W2Tfqn-qAY
2X6ExLY20js
2XjLK8pvEMw
2aX9twMlYMc
2b5qhGPbpyE
2d7xZCjiWtY
2n9358zVHwM
2ryeJwmIwdY
31T3iRvyHWM
33XxhKZ0Qs4
38_c6dh6Y6M
3CAqo_-K3_k
3DNQJE8eHjw
3ErL9qgH0Kc
3KGbHikU2VI
3LHmkVqYgKo
3NEh6vneEXE
3P_kPiibW04
3Q2SrzH5LvQ
3Tl0czTWYoc
3VCCbT6_S58
3XCNJ9LqaCo
3X_dzM-L68o
3YsWm5FPks8
3ZzzWuGaML4
3mc-8TwRFy4
3o-aEUulEDQ
3qhVms-V_hk
3xtUCieijGY
3zqN2KfXpCM
49MpLTgUFj0
4CsNHcLs1mA
4D91kz3_KUA
4EJHTBWVAgA
4QwHqPZsP0w
4US0Fjr4Rb8
4Vf-Ftbh6tY
4ZwZbspyS90
4eAgsrEX_CA
4eMW0TKNlpQ
4eeBeELRU_8
4gKulpll9Yw
4hKpOi09qqE
4kXMaToMQTE
4kfOSwbSJvQ
4kwsiGCKkjs
4l5eZp8Ae9c
4nJS-LPcFfw
4ubwGb-vLA0
4z56JFMueFY
509z7Gynh-0
51_HeycfunA
55OgiwXjFzU
5FWfg__wKSY
5PtE42FnOvU
5PwY2jR-c6M
5QqrtXGBsMY
5WjcDji3xYc
5bJ_gb19pKQ
5cxhIypXrOg
5kSQlZFDo-E
5pjRu2rMxFo
5qRVAgjHTaI
5rkirbTtb4I
5twEC1IDeHI
5zyYzdsmeBU
6-czE2maW3g
61OZAtKfYzU
67EMdxF7inQ
67W7JCohZMo
68BILWRS8ac
6B22Uy7SBe4
6Cbw4RKmR44
6D5aDkAkZIk
6EnoTTnhRxY
6FGCpGNld0s
6FNHhL79Sl8
6GYOuZiNAPw
6Gv-AMiofEI
6Pt1_VvVZVY
6Sxk2MJANXQ
6V1_Xc5_IqU
6ZkFEtmVAMU
6bBHeRobiI8
6gevgV40HCE
6kdSN4NBvCA
6n1ntwMNrI4
6oykezQu1oc
6w9A7q4vnoA
6x4qNdSM4dA
6x77yhA6FJ8
6xKvW9xma4U
7-jCllazaoY
7-vS65rHqho
77jIbLJLTQU
7Bn121d5Fk8
7GblgBFT1-s
7HcdqgWGFno
7JaSs-x2tRI
7RKH3GeXXKM
7SCBl_SkWq8
7YtvsxB9xQY
7ZsJbAw_2K4
7b-KPl7jhiw
7juZJq6ZGTY
7sQfLySYkNs
7tKCcsh0mVw
7w7z6exJQzs
7wSacDvwQTs
7zsyUDcFxqk
89zySl09rAU
8BfMivMDOBI
8CJlyPy3cEo
8LZu1xoGAb4
8R9XdMtSW5E
8Rm29tfSSNI
8T1toif1GRM
8VkZ8YLO5CE
8WKgNyvsNDM
8blZcoL3yL0
8btyt146NoA
8c584LpO2cs
8e474h0NhFc
8fG2GuXbAvg
8gr9TJRqCXo
8lZR9Xb_8so
8m6GbzdYJgs
8npZ1IkWFRc
8pg1obK0Qfo
8tWG2t_ZugU
93zYOeRK0aM
95Q6gcw3iTk
95kTDwGuQrA
96DC11xve18
9766Pb90m4c
9A7DzqvyqWQ
9DUNHNJQOZo
9HH23DmZgQM
9HiaLKum8N8
9KE7d0nIB5w
9Q-ovNuireY
9QhCjdUE7_E
9SGOCVFP6Uk
9Wj03A4yjsM
9Y8rOUqyFFA
9YIsVNVQeec
9gMNGLwvNjY
9s8_DkpUjQs
9uPq-o1A0po
9ukcf_6QYXs
A2v0jnd794k
A3CxQ-OmLkU
A4V6rvcLsk8
A7YQFu5oXgc
A8OAiyPEz7k
A8ScwhLh7uo
AIvhu_YNCJg
AK85kH5s2zc
AOIi9SjJvgU
AP2NzW2k95o
AZwsKVL6JfM
Aa-rfmbUG24
AaC0v4v73kI
AcNdCAZbiic
Ad5sf1ea0_c
AdAl9-9TUyY
Ag9dooZd4nc
AhwuphVrVig
Aja16H_5wFQ
Akm4BdBIMXQ
AoLXRErjzco
ApON6w9K0yo
AsTk1CVwSnE
AyB4xUONs0k
B3YbODo7ieQ
B7ZvoNFYBi0
BCqpogcljQs
BH8pVzuu81c
BLhfAsxOoMY
BOC8sq5EAzk
BONldMyFHtA
BP30-73Bd2g
BRW0_-oK28A
BSSieSPoQ6w
BVBpzd8-iA4
BW2__Ldpi1o
BX5k1BzdoS0
BXQLseZOiFI
BZ3VQkK6Upo
BZtIpO3DV9U
BdAlV8zqTBw
BiT9HmPz5GU
BjobWguWIRk
BlKwTo9YcR8
BtngPGCbkMQ
Bvy4M4DlRUE
BzpIB5TJ7LI
C0-5vQJu4OQ
C39YJymGp3Q
C4HKi06CaBU
C9uOaDZDT-s
CA-eyG7lUv8
CCgUWHvKPg8
CGgA9t7mghY
CKwM4ZEfYdk
CO72JNivnB4
CR0KKDqDYAg
CR2PAHnJ7QA
CSMOJNjwv0A
CU4bFiU8F7Y
C_tUI8rtO3Y
CaE0JD1X12g
CfdZCyOuqAI
CgPyUUGp9cM
CoFQfP6lV8w
Cpyr4yj2rtE
CqYr7qqOS0w
Csnsq9f_ZkQ
CtBca6H6Teg
CvFN2_6IkyI
Cw_QBtlryIs
CzUePApEOK0
CzmIrPvIzxk
D0viq4s_-hw
D145-YiiSlo
D4ZAm9wktcA
D54jYQuhzs0
DCvFUE6dNnA
DFtBjc1dz7w
DGHit1susl8
DJMPl4s0l00
DKO0t3PZ9ik
DPuVkdnDttQ
DSCNqJqsen0
DSNrecrVjAY
DSXTpOn2rRs
DhxH_J71pnk
DzJ8s9trbVQ
E28KDhsJ65U
E5B9H-sJkvc
E8CrIdBOjpo
EASy90YNx4k
EBcr8HVThzg
EC8-ELSwRJ8
EHD32OpSxMg
EIJjvxDakxU
EIW5cDcs4y8
EKL86h3CpdU
ESXd2Aabdw8
EVZzNDYGYT8
EXrkxKhlFmQ
EYWRMeSWL0Y
E_xQhwP05KA
Ec30mIHxLsc
Eef-1HLKgoQ
Eia5v9m3iCY
EoKGNch3Uto
Eq0u_ipNvCg
Eq8cNosV4EQ
EqTP7d19lSk
EskNsLql-VI
Ezg14iA6F7Y
F1gPXC6ztDg
F3EnDf3Rb7U
F9d3SFCids4
FB3YjXV33D4
FBNs9rk0FGo
FCS_kif7qfk
FCeetoU7LYE
FIUmwdHnTv4
FLcADSgRBx4
FO8XZ4uBQKk
FSU5_TqQuA8
FUAxSV1q35Q
FVB9xA7aIMA
FWQ_piBJJNE
FceeToGt6bM
Fd71IPe6ChA
Ffc6y_yzOU8
FgCLTRgH3hQ
FgRGx4EswPQ
FjLF4M_WLjE
FjQuV5OFUgQ
FnZQ4KMXOBY
FpWA_hRECxc
Fpk1TE2_Gcc
Fq7xB7ruepo
FxB9DMV-F6M
G0wRiRflmok
G8lWo_cU9U4
G9P16XlhNE0
GABCneYEE84
GBTTrtXy804
GCUblRB7M8g
GFefgQ61Vjg
GMOZPdBHJyA
GP7xokV7OBQ
GT9APzoM7aM
GTo6yvJ5SCM
GVtNRpsLqJU
Gaz9BGlKg_w
GeDJAKvcZ9o
GhgofbEoQG4
Gkebn0-iG3k
GlEtxRP1a-w
Gs0Ml_l5QKQ
GzgjsTzwlU4
H3VnQE3qXHE
H53183mVc2o
HDuyh0wXV0Q
HFuPQCmYjjk
HPvhcucvg_8
HVUrZw20A88
HVwtCU48Koo
HdZW2b0FzPc
Hi7lXUv4lgA
HpHp1Xp5oDo
HqBR9BmIpoI
I1CI3e4w9CI
I2cS5Fv5xIQ
I8BobmZglOk
I8jlXlXAX4w
IA94QUHG_eg
IB78yaPo6Os
IBYfA3zTxFE
ID3PxZb4PMs
IE8Vm6Q9UO0
IFKu_bwMoYE
IHFdK6zMwRM
IM8JLtMyIKc
IOA6G5PhnRM
I_fXIZ4yjGU
IcTOOFXAGeE
If75XsbYCZw
IjIJ-fm0uKI
IjWzPiz4i54
ImLoGdczLU0
IpN_wAlYZSs
Ist0v3Xhqzk
IvqQbwY0HeM
IxcVbWTgnsI
IzsiRE8XUi0
J-B7UJtvlLM
J6jLhu0FRWE
J9IJ83BJuNc
JAKHZerZ2jM
JASEeLBaqUE
JApDdCVg6Dw
JFsOtqGUuMk
JGGOEgKLig0
JH5bZu4UfV4
JHkCaL2eQdc
JOIjmLw0iQc
JQeCXccBcUU
JRQlji3bCZI
JSIwu1qT5K0
JSyWyuYkafs
JUJ1ADprBuQ
JWfFdnTUZvE
JXgLI5XXncc
JZoO1Ftj-bM
JZx887udEnM
J_vUvpSTMa0
JcNF7Hj-vq0
Jh_xTqrna9s
JjE3ThA2OPU
JnANfZk3Io0
Jpe5OKyL3Xg
Jq28EHoMGhA
JqF1sYyTm-k
JvHyk2ESFCI
Jyi9UbMfiNU
K-BbkX5H8cs
K4ECNJDHjz8
K6XWsLVAZio
KAa1Uswwk2I
KECerjejUDs
KFu_26DrLE4
KTppbv5-miE
KUkdEV9_O_s
KZ2loLercIw
KkQdTApKhLE
Kpc0FCAzhaM
KsGkMSY_Fag
KueEWP91tWc
Kw1nKk2c2Z0
L04EArAUT-k
L1rpZh6XzE0
L5qY1tWq6Fo
L77ASwdeNQE
L9QbhTvoDUk
LAxyd0SkI5A
LFmNhkv-qDI
LJhXI8AARjA
LMDA-zEEQUM
LOyVy7CTUJE
Le3kuCrE8VQ
LlkyuDbvd6A
LmtWHjlrvF8
Lt-tS_4Wc8g
Lxq6JgKLNXI
M-C-0cxcaF4
M01SDF3PAWY
M45HVD4RsCI
MACaqTydZw8
MCo9b60H3B8
MFOZFET1m5s
MMO5yEnxDFs
MNcRMSYi-2w
MOTk1Gi5zoA
MURigSnzUBk
McGFQP9wcik
MhVjH4ERKTs
Mi-cMWcXtBI
Mlc7TXsJLpQ
MpJ-M8Twevw
Mq6egGnAENU
Mu4kFqmv3RM
MuNBpC8EXwM
MynQ4k6Xu8Y
N8-PL7dJ5V8
NJ_svydMwCk
NKOho71qX0c
NLdkLbLPn_4
NMkv3vlRs4s
NMmaCHPVSGc
NXm3Guq3eiw
NYxZwbaJcsk
NaqzrqAi5a4
NeflqMz342E
NfFOxoA8EWs
NjANWAlcmA4
NrjneJvS6dk
Nsv4b5GWN0M
NtlZanp6hNw
Nxb04JvZkos
NxhyJEjsPNg
NySpbUn1OAY
NzIsz3fU9xQ
NzJuDo5ots0
NzUkhaHjH8g
O4bNxNuIcBI
O4pN5wxPTcg
O7a10a_D8nE
O7dq_wo5eto
O81xSipISOk
O9jWL-sRmto
OB02mSgy5lU
OCr1xWuk1UA
ODMt1-Qg7kY
OP4Lhj2Y3xU
OSKRQWFAXcQ
OTfBH-XFdSc
OjxD-1I1m1A
OmXzqn66Pfc
Om_zGhJLZ5U
OoMgPX1pwTk
OotSa6LSDkc
OtPjOT_mIFg
OxcrNPqaZuI
Oz6WmUSnCdM
OzMJkRwOxjs
P1M69CVXze4
P1XAxaBHlvM
P6PMy6gUAHk
P7jFY8SORPE
PA576VinXT0
PB0j7LOezvc
PE6cfsfKOKc
PExKBUqIq5c
PSi6gAiyrgk
PXtOT-dzkYc
PekgZDKv5GY
PhIyb9WzXQw
PjMCUpYh3vQ
Pk_ENry8EzQ
Pmlft9oybyY
PnHKv2G0wCw
Ppe6w3F68ZI
PqFwqBrtkA8
PsVJZ1xNHpA
PuwK0KFKI30
Pw2dh6rUTOk
PwOyj62XP_c
Q-j8XXtwSO0
Q5HxrqLSLEg
Q5xYtbp5EbQ
Q8MUdWhSjuA
QBkKOIwCpZw
QDajL441mZc
QOOubfu4kHE
QPSEGnQM_7w
QWNqbqcV4dU
QWtGXs-L1aE
QZ6KIK7taGc
QeAb8qnQrLg
QnL3hqZ3e0M
QnjoiqfhDtQ
Qtd_6BK8Jwk
QxCf11i-rX4
QzWTt1I3xvU
R-IEsJVNNM0
R0vAUAmDkK8
R34aQFv3BHU
R8BCkJzo6to
R9ct8VLK95Q
RAEKsTDmkpM
RAuFdxae9gI
RBaKqOMGPWc
RF_4lpdaruE
RGJiR65aS6M
RIxCIN1LZdI
RJC_PdwDoFQ
RLv7vUvk9Vw
RM-8x4SfNcc
ROZgx6HXw2k
RSWmzdYVoGQ
RbDVKsJd5UI
RjhgHNlC4Qk
RkHLTm_bDDg
Rlkf2mW96ao
RmFbmlwWa0k
Rn1Eu5z4tvU
RssOaO71px8
Ru3ode4a-j4
Rv1tjRgEN-o
RxCzwRk8sZw
RygpaqDUjRw
RzODMcmaquA
S9CnXTY-zwc
SGkFKRu7kwY
SM-l_3RaYsk
SMy1jueEp9k
SSZg1Wy7H0k
SVaD8rouJn0
SZwJBuy9d6k
Sbl4nCcO0qo
Sc32YdEWHzo
SdWkmcVbG4o
SeiDhVu7TGM
Sge5sUNJkiY
SggkMHx4GhQ
ShAeafYCqxk
SmBg86ti0gM
SnsE3fkMLok
Sq7pxsJvSE4
SqZmpPBsrRE
Ss76lmjC4ao
SsDd_BVZqxQ
SuRiUW_7t8g
SxLqEggjyo8
SxTOcTx1oSU
Szy4MxdJw_o
T1GOjBNogzk
T6-oAzYu1dk
T658KkK5nmo
TDBK0tLWCNg
TDaeZE0cBls
THEVg_U7XB8
TILF7noJRNo
TJqSq7350ZQ
TLkxPcrJUoQ
TOeloEkQw6I
TQBir1LHRRA
TZ6bXKsSZ44
TZdvm_IyOZY
TaIALtWIoFo
TdQp85nN4to
Ti1Ds6sbfwg
Tma-1--ODHw
Tnk5VOwEZxc
TomEfA0Hygk
Tq5M2UcZ9FA
TsdfFTBXqUc
TyQRp_1PjbU
U-aVkMClvBs
U55NGD9Jm7M
U5sb8LBeaQQ
U7d5ZuM3ePU
UObmGRuijbY
UOrFeiNyjaQ
UR4PgGrS54U
UYAnkdhe9KE
U_UY7RuaSTM
UcbFg__aMvA
Ugcxj14buK4
UiJlxVf2jfg
UicYjxhWx_s
UmGAqU0sng0
UxFq16IG_k0
Uz0Vsrx8o4o
V2pag_DfRfU
V7h01x1oiQs
V7nYbTWs4BU
VAC83P0nu00
VGbuI6WpZk0
VJGYEVFGrDc
VLNE2AmIxrs
VLTggBNLhiA
VMT6tiUM_-I
VTlA6u2asPQ
VXjz_G6FUrg
VbZndPjp1Lw
VfOY1-kgf1M
VjiJYGgk7Qk
VlaQXJCjcpI
VmIzH101Hgk
VmYR5ua-_Qc
VnuIYbkkU7c
Vz8oiKetEI4
VzzLngXfCcI
W8_T7MMywcs
WAvSAGPJA6Y
WCsduAXsf98
WD164gKkBDQ
WJsCUsZBdyk
WK-CPBPoGZU
WNMABe3qTp4
WQJuGeqdbn4
WYKgStQxixs
WlxuSILjRl0
WsOiE4FYHUo
WvUXbzxxdo0
Ww9ZHVYLpJM
WzOOPQSEOEg
X-pVlbhRqZE
X3D_7HBPwt0
XA7tQc_TU_I
XBy-lYxiyyc
XCVtb1Cgud0
XDhyNbR6v1w
XFAGVVt0HvA
XKsUrYe1Jns
XN3TbgtHGjs
XQCc8JchYk4
X_aDRkaWssI
Xct0qtKwnQU
XkO-Wp8HrB0
YOupZ8luUwc
YR5dedmfQcI
YRvVDDxs3TM
YSvTkMPB9mI
YWtQcMHMf58
YZFw-Q8T5nI
YZMUOgqk-PA
Ye1ir8MQS4w
YeLcsWB5K_I
YhK7xw0ojqA
YijNX8oORic
YkhFVlaMhj4
YphEKSDPwk8
YrIqNayLHSs
Yu8u65ZxlaE
Z3dUQkeVeUk
Z4SDqrIBlPM
Z68sNckphnk
Z72wzFvi89Y
Z9cB0TjfIkM
ZIqAUQdiFRI
ZMd9RTsEcwg
ZNfZJuz_1Bk
ZQkf3jHEpqY
ZYW0pzjeH7g
Zb5IH57SorQ
ZbZ1rnJWk3c
ZdIB0nHKhV4
Zm9q2ycbSpM
ZvPAqP6mBYk
ZvT91FX7Hx4
Zy-A2bYwg2o
Zy_9K_FGTeo
Zz5vEfa7UvI
_2PdknH3FWo
_4LDlBCkA2g
_89XhQjKbqc
_ALADmtroew
_MKl7XsxH0Q
_PFkxU2mp-w
_TthWp3y4y8
_UIMEBsNCcA
_XEGNO6AMu8
_d70S7hmc14
_g1Q3ElKIRw
_hp_xsUg9ws
_lUiJsnGXh8
_ozcY4lW4QI
_pT0aIIXWjc
_qIRtFE6aIc
_ta_SXy6vaA
_uw0QliwDBI
_voxJ9E12E0
_xwRxtM4wlE
_z1ems5fAkM
_z8DO-O_HVg
a1ACsKff_sY
a2_Hkn5kGRw
a5v8L_I6N2s
a7XNnH0NnF0
a8dEbIsR2to
a8yhdePFEvY
aEJDA-SFqB4
aFf7PaUesTU
aJGXsVHkhrk
aLEEkdDH7rg
aQaRRJbVOMI
aXO7owEIjXE
aXiUsq9Qji4
ad4T7c7T1So
ai9GoqrpjtU
an5vV5aw74I
arQ6vvxn9_Q
b1p44MCn7GI
b5PGklsD5j8
b5QyAhr3b5E
b6cL73POy5A
bBxzGEGB3_U
bPXwXq_P6U4
bRkTv1Z16jc
bSlc7GBolH4
bTwoWrns-Co
bVnHisJl7Uc
bho786mLBNU
bjH0HOIdlA0
blLzFlz1CO8
bsb9ZTmbSKQ
btfbIru-_nE
bu0m_UdtoaU
c-85lSmMk5w
c1rDR87-aso
c2voGahVuPM
c8xB3QqI8BM
cArfrBtqyno
cBBE4zk36Fw
cE6RwwAoK4s
cI5RYgvPHLU
cJY-fSVp_u4
cOuj1aCoSnI
cPwQE_gQW78
cb89OMBzdfA
ccVzQYl3JTM
cdiFhv3gsyo
cg7vgiDcHcg
clEaI8fqcPk
coR8Hf3mj7s
cvkCv5cCD5Y
d0ECO_Dvi1A
d1W-LmKxET4
d3n0dgyjeFQ
d5NCSx5HF8c
d61MkuYttDI
d8tmJbaFuYM
dDAlGl_8f9U
dDDPNrs4qBQ
dGxc-5Zz2Tk
dHw06qFSG98
dKvcXnbBNSA
dMG30Mt0tPU
dMTAxFwvRUk
dMUxFSETaCY
dO7rWlGHaQM
dOyJqGtP-wU
dRUCuLUfl8E
dTzfMxj-q3k
d_nXMF3ktEo
daXwWFZF5rk
dbgPETJ-J9E
ddSrvv7dU-8
dnFCfUq2Q5Q
dnfO7Giom6g
du1-ScWU-p0
duG4XIsebMA
e3r4FklA4gI
e8stIZt1_q8
eB1p18YeShg
eBoSXKaa9w4
eCRcVEzT3p4
eFzKF2ETKd8
eI70kDOLFHM
eJbGJCathBY
eM5dcg-7agM
eUTtt14G31c
eUxtmELaTss
edJhYd8wSTs
ehfoIVlzmOo
eimAxBrt6B0
etpfs1FUlB8
ev7DCzaiPGM
evCymu92ZNs
exAkhKwheYE
exgoaU3Fr5E
f-NMpvtq1DM
f-gRgdC1y7Q
f4W5DUKMBIQ
f7KaKINEhTg
fB1HqpQRjAU
fDu0plK5ORs
fLAyeJgIyrc
fPpTWEIoRZs
fQZ6eZCPT0Q
fRwLx2j_Ec8
fY9UhIxitYM
fYaWS6s9S_Q
fZ28gGCa_jI
fdONd-JVpsk
ffhPG8_ukDQ
fjNks6EUO6E
fkDR3OCAB0o
folh9Rboqsw
fpK7ZeROg-M
fuCs8xXVsxE
fupWquPNoTc
g0ULoF8SqcY
g0dg7BVLRAU
g1sqp71MzqU
g245SnoPE7E
g6cZc05AQEw
g7l7n2qukiE
gFDtdnBZIU0
gFzLMGKtY04
gHcfWy4BWIk
gIfbU_nz2UY
gIntDen7fv0
gOJTaEdYJbI
gUgAde2ikwI
gZyfDajJM4I
g_v2O8OYvCo
gfIlAh15Il8
giq7KdN4X-Y
gqbvCuI73n0
h2U0PgGtzM8
h5u1mAMMIms
hR5HuQK5fYY
hTdFfTnlnUM
hWkS1s0val0
heFafzlJATc
hnNt69PxQ8U
hnmLeCTS59E
hoo17zOQPBU
hrNPzhAY1AA
i1ySnDQY1-E
iDUSRIMRN1k
iEYJXTHnZBw
iQpxMuIMTSg
iYnJa-ssCkY
ibkBTCdm6e4
ic8nZlFISBg
ifeSkqQ972w
ihCciBFdbkw
inA4T1bzABA
iopcfR1vI5I
iqBqALIov5o
irlyF7MskC8
irzcCkqvV4I
ixWB-nhzcTg
iyyP7xOsKTU
j-c1rBaK4TU
j3QMGbz81uM
j6_QHcnLhuc
j7LH0nQVv9I
j80lfRKGX60
jApIcfIHe1E
jBZk6NvHKMg
jFnP4dLUxpk
jIZytYUfP7o
jLl7-Ks_dcw
jM8z_XXVD1U
jN_Sf1bkXLo
jOYi84yqJ4s
jSiVi800um0
jSkVUBvpQIQ
jTBp65NbaZ8
jXSYybCVxVM
jYhRN5AF5WM
jcYauXYnowM
jiOMF6MIJ5E
joeU-41peAs
jvcex-loSJ4
jvi9GjU4-ro
k3knxf582kQ
k7Jv2oD_sxo
kCfmNOCY9Wg
kHAB3dojx44
kHpFpEzGc9I
kL1aqfnIr2Y
kMVWz55OAqo
kWaJCOyORvI
kWewQveDX-w
kYlTg3HEBcg
kaYcEQNqvug
keX2PpRzZqw
kgU62jbvU7o
khY8ncy41ck
kkGFARAz6qs
kpRxBmEE7-c
ks5Cu9uKbF4
ku5LEcgpvFM
kuQDcrkltzA
kwKNuuoKgzc
kyhtnuKR_Rw
l-1wldsq8_8
l-eVnMCf0Bg
l-rW-Qfbp1U
l16eu4a6LaE
l2KSPiTOMR8
lFXvdaTcnco
lGRzAAV1yCk
lS41XvrBFvU
lSFqokNWxAY
lTZiRG1Hys0
lWgyTW7JHFE
lYO2Bv_9LA8
lZ9UlGrCYds
lZMzf-SDWP8
l_n-Cw_whls
lezpgPPidYY
limqs2MuH8E
ll1HhgZy0Uw
lncyMStTj6I
lousIaqwIcA
lpOW-h81lQs
lqnWjflHobM
ltX3WHGaTDY
luWszLI09R0
m0t7IrkG5yg
m1J-PsF1I2w
m3EkamOomRs
m4a96aU1rqI
m5Gt9s6xDB8
mBLubFSYyAY
mDS-kzbCO08
mFYYlksNdkk
mFmkUfrxNS4
mFvqAVj8P9s
mJyEwzF7mh4
mKrlkMnAVJE
mMw97hvxvVg
mOOBRBCyzXI
mWZtOzA9dlU
mWyncgcwyoc
mkpiXeTCZUE
mn49DiI9Gag
mnWgstFkXdI
mv-cj6mBkPk
mz3OFYDmwKo
mzGnVADfKWk
n-8w4Sv50zE
n2FL6gwchco
n37nuEpbVCQ
n58qukrgdXQ
n8iG646Mhvo
nJAFihCZZZc
nLwUrlcXqsY
nO1N-Gdsefg
nXX8dR-tNLo
n_PNIX0xH3I
ngnDQEKH8c8
njlXBc8Q7o4
nk9znClAM0E
nmrqYcw_xsE
nnYPqippKVw
nxQyrxwa8hM
nxr2SV5znwI
nyHgAPTsBJY
nzcOqUXXywo
o-RpxWHokGA
o40kjpoOY4Q
oBBVx3g_GBU
oC7kvxkz7MM
oDNWixeX_1I
oDqGAUvWKkU
oIu8okjbbx4
oJa4UPZEkU0
oSYZekLljpg
oUfPnQVpldY
o_QBk4VwnIA
oaoSYqjPY7s
obFnUXknFo8
of-F44HGa2k
ofcGAAf_QDc
ogrybh-Qhxk
omC09TjifVw
omQNRgzFSFo
onUrZWxJYbI
oofDaNaUgYo
opyonJc-ISU
oqDSrMK_Gyg
oqmSgcP83mg
owAdiQq4cvQ
p0d2ocAnd0k
p9EP4JPuznY
pA1qb1tkKNo
pDMXIb1wd5M
pEj9r3KDBSI
pFZs9K7m-SM
pGemfKLV1JA
pHWrsASpk2s
pI3T87CXM04
pI417jeeUNg
pItZ51GCPj4
pJlHBIa_htU
pJqoioY0q0Q
pR0Hi0HashE
pSryeC-g0Jc
pYT-BU3U0a4
pYaOGMuoGOM
pZ3AyBssp8A
p_ncGxe-zVw
paWSduN6CTk
paxgKBUK4wQ
pegJQPIzfs4
peiIpcGsM3E
pgt1VN5VZos
pnWs71j1EBg
pqBemyfzDuk
prXCYZsmfrQ
pvJqvA0QU1g
pxAOMhzUFlI
pyLK6lT8qpA
q-SLXcD5JJg
q439BsPPAd8
q8FndNOrOh0
q8muLnwzjU0
q9HN6-1SId4
qDrShJ_ItNk
qDv2u59mDmY
qF0zKbIT2mw
qHpbKpYGTn8
qJFfUH4X2mQ
qK4XFkS1Zpc
qMh5gXn2guY
qNQz7azzSzk
qNw3J52miA0
qPUZo3dQSEM
qRyFZsNTXlM
qgeRdxy7GhY
qrE4pXtV0Xs
qu5x7tYtfqs
qyrp3aR-ytE
r4xxym2tyEM
r9bf8VkCN0M
rAA0NGmXeGY
rFtoNjPs9bA
rGNdPEbYy3I
rGipOggNbyw
rNxvo8AcpQQ
rOUDX_-qGZs
rUp-a_09mxo
rXGlYz49nc4
rZmgSEYzpaw
rfBAqauWxzs
rh_84ExOdhU
rpN0aupUQpk
rygbTpOokZU
s-1g_LX4SEQ
s1ZQnYUsmyc
s32F2Ot_tAs
s37gM2fLM4I
s6mMvBeEPT4
s6zFL6sy7gE
sATnivgGifI
sLNvbCVU9Ws
sLiQ3EAz40E
sSzGHtdpNUs
sWbPEeu73Zw
saTFPCuQfvw
sgjDSfbB2ok
sk_VGwFDA2g
skeD2-vUMDs
spmaP8g-fDY
svGtjopXLu0
t6E1RWEfDsI
t9-pTStLGGo
tBEei-Y2Ao8
tBbWFx3mvOI
tBnotI3Qxv4
tHGC4qVCW30
tHtDpDuaiv4
tJAZ35-EO1s
tL7-jISeoWY
tMJL9Uq_drg
tNTF9V4VCZg
tSr5SRfK1XA
tWDK9rK-f1Q
tXvFXpbOVHE
tY8a1fxMyyE
tb1btj4PuFA
tchiKLRKZLo
temAt9jTjnE
tgEv22m2gnA
tmmNeNLpVCA
tpHKA36qBdE
trWLY6NrS2Q
tsY9W_8Lj9Y
twCs_FPhirw
u4Qbuhw6EnM
u5iQyVg7TVc
u843KNE-exo
u8MeW2r_qq0
u8zBSe2BsZg
uBYzYji4rmE
uHXsMUSipPI
uHnPM1rNwI4
uIrnl1DtykY
uKCF63Ux4x8
uVOzAXC891M
uWafq35m4lc
uWbkh1VlJUM
uZIM2WPwwKo
uj_or3kdC_o
ulMgeGS18Ts
upZAIN0dahU
upt1wHntDws
usXVUI5Fw8g
ut6UYwbt6Xk
uv5mYQnSnDw
uv9TRJlZWNQ
uvr1xiEaICU
uwNMgmIYABU
uwodlwn5tFY
uxu7GxP3AiQ
uzVo_6B1hRI
vAftc4fwl3c
vFQ8hsZsDkA
vNw3yD3vuQY
vSQckEErMwE
vWXjOCFAQX8
vXNiM2lDvSE
vXVs9PJhfHU
v_SyrpYk-Ik
v_bcnVS4AVw
v_mlHABsnBw
vf08NXm4wyI
vmN2sWupYpM
vo82kRT0uvU
vqa0SMP0Bzo
vs3sVrm_W4o
vtzSP8VjkcE
vuZHZIQjL1M
vwqWao8xvig
w2AlamArRYg
wDEWKx0PtUg
wEtOqCyKBtI
wIEFNByU-MI
wJ3ujtJxVDE
wRFZ9xBQ6os
wUl-7OqBrtg
wVkwxjXb7CA
wW3t1m4HrU4
wW6ncUY-8ZA
wWW6lYETVDQ
wZ7SkXH1ZfE
wZ88SIbkCus
wb6mcEdcjXA
weMMywZyrwQ
whPDaFWCYv8
wkFEyZL9f_M
wmCnXGaPAL8
wmjIHhUaXss
wwu8XNTGX5o
wy1153sBEfA
x-GQbjzrKrU
x-Wb5UHKa4g
x3fO9kEBqoI
xC5yWVe6XZw
xG_a7wELSmU
xIj3phAYdkc
xJLXkxfexrE
xKRez2PiyzY
xKXr3BZ0EFg
xPJKtUbkZrA
xPKFR489W_A
xPbGrImlTZo
xXYHPsTXzP8
xZGCpN7vQws
xaikGc3mTQI
xciv0j3S73s
xdphodsonKE
xt6uagFjJsU
xugHzZoSUIk
xyTxgLNbzNQ
y-CviMKOlmc
y2mi74MLHg4
y2truxhcBko
y4xHLcZ2EHc
y5ISvHxTjYc
y5xRnQGk-Xg
y6Q1QKce0NA
y7swYiJigr0
y86wbFdQLcQ
yAW6BkoBWCk
yJKnnThTfNY
yWhuLnPaMqo
yXxAx8hZSZY
ya-QhPeH3mg
yduSuwU-MhI
ygVSBPXXsv0
ygWvAqvTrVI
ygmjKeAiHIw
yiZjaBIGnlI
yjJf-CNUYVs
yp5oxYDAFfg
yriTmsxl2ZA
yvo5_Zi-Yxs
yxHevzdAc8E
yxohMmHFRUU
z-B7Ncb8ckQ
z2bws_gETGg
zBOk_gJx3eo
zCcS8wrNZos
zF54DoCO_Mo
zFQvTATZB5g
zMNWmsJOfFU
zQJhbD4kCHo
zReaGgLDySs
zSjWiE72UL4
z_p3OEpeviM
zaKwsLcGXxc
zajF2_81ixE
zc9KcRSxVqY
zcFOthNlCtg
zcNWeWxgw5M
zg-6eQl6OO4
zgJtA4hR-4k
zgLtEob6X-Q
zic6bX5aIZU
zl4g0nsnP1c
znHh6mTJj3M
zqYIDFK519k
ztTG4P44164
ztjjMqDxS4E
zxyHs1_ezGo
zzBQSrGnqXA
