-1ysMZBfu4A
-1znzb3nYg0
-5ipNPUwMZQ
-7qT_38iRSc
-Ec8_Fqc76c
-F5ciLCjmE0
-FUeAVQofuU
-HzQYeqS9Wc
-LaX99OnStA
-Ldg4qFL6bU
-LeKimVEi-Q
-OTtkI5f0u8
-Xqt1Zypdns
-_0cE1uxBJw
-d-_rXpkSds
-f0VF8m8SSc
-k6P87mLGpM
-m8ERGCbWTU
-s5B_7_oeiU
-y-q0QeephM
-yrNnEXkya4
00njRSL8WNQ
08frKEAtav4
09GRs0FXdWQ
09QsVw3iuFg
0Cwrd2mDRjA
0ESVBW7yAyY
0KWT9wIYoF8
0LixFSa7yts
0MAsH8T8ioA
0Nr5m683wGI
0RW-aV93Rns
0TOK73ij7C0
0iXqfi8ID64
0jZ0M5KzqOI
0jcLTGBL6n0
0jl46ku9uSE
0kUU0mpmYeg
0pgCaXMI-ps
0rOEhJlNzhs
0rZtSwNOTQo
0rt2CsEQv6U
0sx-EimpFBE
0tAtq1vlU5w
0v1noyTn0gM
0vo-JOqNpJE
0zuiLBOIcsw
11UKXaELg8M
135_QQk8cRA
1A5nVdup1-4
1A6VoEkQnhQ
1JdSMlhjTDM
1Mcd3w0zM5g
1OHl2HbBNM8
1RPyrz2hPvY
1T30sjYdPPE
1TGqGeyri8Q
1TLEf0zPk2M
1TfI88uQNj8
1UssEuFDxd4
1VkvaTX8q2Y
1ZapvSjnsNk
1_LEoD33gC0
1e8VZlPBx_0
1m6LzCE8XSY
1n3GJV7xifc
1r8ClbKmEtE
1uMo8olr5ng
1yL1Gw8oXS4
1yLUN57_c1E
1ylzPGD3jRY
20HOu7pdvs0
22EDE6Fk6EE
235jcE4a_bI
23X-zTTrfgQ
247Mkqj_wRM
29-OEVA6gmE
2HE7tSZGna0
2LksDHe43rU
2Mi74CM0Yj8
2PcTZOVffHk
2R9122IAYvo
2Zg2ZtQdqTw
2Zlcgt8FVz4
2_IpVq6vKR0
2a_LSOIlHLI
2btBAqgC9ns
2dVdZ4GPQIk
2ekPLqB_qiE
2hrkLFiRmag
2nPCw3yHlnI
2pN-U5WpJ7o
2pQlXIiWpPo
2qXvFrS22Cg
2sdlzbQhrRw
2t7Q9WVUaf8
2w_qYPxuzeA
31T6JI_qc3Y
34EuT2KH2Lw
38C6ziXKcSg
39LGvDpHQfk
3CTttlN8l4o
3DKo219ZHMw
3ESoTBIDbpk
3EVel7FYEZE
3IS7UhNMQ3U
3LGyi_9Yn8s
3NFyr4OcPZI
3OfybLg-tbo
3RK7HMOWr-Y
3U72v8LJiJ0
3UGti9Ju5j8
3c7p-OcO2PI
3cO5ZEVM41k
3dMYpGX-mAM
3d_fULqmszc
3gn_rrC3rMA
3lOqLS5REeE
3oMbyHOKR2A
3pU-Hrz_xy4
3p_zWqFABfE
3rqnIt7pA2M
3sUozPcH4fY
3sjoNMekLlM
3tw4yZGmNg4
3vvbEJmq3is
3wWZBGN-iX8
40GbwlJIJXY
41Mh-19a2qY
45B6vemSUcY
45Oet5qjlms
45e11ylB0Ww
48iJx8FVuis
4AjieiJ1CXo
4AnRLWmAdNM
4AudRBdZVV0
4BbHU2_wphg
4DtUjceYGZM
4EETBz4theA
4Ia5QzQ_QNI
4IqyKoyMDCU
4J9Db04bOP8
4O6wjkW1U3Y
4VfGe6TDrmw
4ZhNaL7nod8
4Ziwz6d94sE
4b4MUYve_U8
4cFpq8aYJFo
4cRfbj_ieCI
4cgvIh9DUrg
4dVwlE9jYxY
4dbSkbgFwbI
4f6-2UZRM2A
4im29fkjd4k
4mqqtDd1u34
4nSn0JhZX18
4shS22XxZYw
4uG1NMKNWCU
4wmqDaFhs9E
4yXtutfH030
500pqB977ic
53y5G193Tgk
544rhbcDtc8
5Bx5UhrJbJI
5G1OrNLxoIY
5TS_JQ7h6xA
5X7YEVGpxLo
5XhCN-44ua0
5XmXPFJcp_g
5Yq2j-0mUGY
5Z7cmyYakAw
5ZXU84_sGXo
5aKZwKFFDYw
5d-TtSu4JlY
5gD4D3UaYsA
5m0DYSroKZ0
5reT3iPB_G0
5vMEgYbka0A
5vcj8kSwBCY
6-4pJt1M18s
6-NV9lzm8qw
60OmhRJ0CUA
63ovq8SRKjg
69SmrAb7jCI
6BKjJVkQlVg
6D2D-1MxQWM
6G5GqWHhD9Q
6IFR3WYSBFM
6IgMedQysSw
6IpBVC-p3iU
6NSRLEiqsoE
6OxyB9yuSzo
6QGwIM3Q0-I
6QMBG4Ga2d8
6QsTfL-uXd8
6RofzXPoSaA
6Td49PE3Saw
6Wb-scELnkA
6Z4A3RSf-HY
6ZFvToZUjGA
6_R00t5Iyrg
6ewgNqk5Jvw
6g9vtxUmfwM
6meyYnrCQ5o
6q-c3bHL8s8
6s7hDxVGfFk
6sfK0X1Ys7A
6stKGH6zI8g
6zWKMTVGkgQ
70FS4wUJjWQ
733m6qBH-jI
78lMHxMnKA4
7BWI-58W42E
7CTJpKvdoZs
7Cre6OoUiH4
7FOinEfoo8s
7GEq-QLAGbE
7Gr9mOcP3o4
7LJF8uzDOZg
7TMdHEcw_eY
7Wuq1T0Kg-Q
7XTlcCvgijI
7b2_3dDTKMc
7dMfJcFe1hA
7ecz7KPT9sc
7hWWyuesmhs
7hplM6rQ9aU
7n9zQ169b8Q
7pJ6XNvpO8M
7tDh96-D0ZI
7v933EUdxzU
7xbHtOO8mZs
85v6cC5HD5w
885-pRGxe3g
8CWyBNX6eDo
8EfqiUVBI9s
8LEuyYXGQjU
8NYoQiRANpg
8OhnwzT9ypg
8PqXNfS01nk
8Qc8ipjzatY
8RyAxWTV0L4
8SD2zRNWQcU
8UIIKWx_beE
8UTvjjpypHo
8XuUtzZVgb4
8bYIQDlWj34
8f5EMjY0Ik4
8g4WwYQGdcI
8rXD5-xhemo
8uSaLB6UDiQ
96rzT3-xu1U
98Xis1W1mMk
9Ac1_IlVe70
9Ac_EyU7b9I
9TBL7tWEyYE
9WQbcNYryKE
9XmhoLINJt0
9XpLZFjp11I
9cjkDatLgVU
9e3TGcAFHx0
9g32v7bK3Co
9jOuzjE9OcM
9oTHFx0Gg3Q
9sW9cWWiDhw
9v3uby0yzB4
9vbUydjpZgg
9vgkYqUQ-k4
9wGTJQuaKIw
9x1SBWr39lo
9yQhmDOaDxo
A3Q45MUUM4A
A3kEmsVuXF8
A5c5KzR4gwc
A734ATf_NdI
ACAvGCWBmDo
AHJZKoAh8wE
AJP1VL7shiI
AJX4W3MwKzU
AKN-bw9ly_k
ALuQzgDvr2g
AMfn-c_4bC8
ANszao6YQuM
AONi3eD3M58
ARQI7USUo5w
AbhV49lfaWw
Aew-cJA9Tk0
Ai-Pf-dXPLo
AkevYF2lqgs
Aqq8ja7Tk2U
AudkmXfa_N0
AwQHqWyHRpU
B0acu5nhG0w
B3OimYsCH9w
B57yY8jcP2U
B5y47gWt3co
BDa2PeSmFuM
BJM8-xU-JeY
BRgKyNdD9qU
BTsTb9-k5vI
BWlJFy3Waro
BilI8LkiAsU
BjdAUfsOX1U
BlAqn2Zn6tE
Bn6RNrwwiI0
BprJMBBa-0M
BqBUcKDklYM
BqKRcbxq7ck
BxQw4CdxLr8
C11BYtNRBa8
C3NTCIyDJYs
C5bdflsg7rs
CD3T--C1wn4
CDkUDpsUI1E
CDokMxVtB3k
CEXYXKe-0PE
CEnQctpYHEE
CMs5Mmkz7kI
CMvuamRNeTw
CNUFt5QnIeY
CTA7ax-4fnc
CTp5MGzrpHY
CV1Ej8qe9-o
CW3PNpRNV3o
C_throYeOTQ
Ca0BHUNoTF0
CeTaOM-5on8
Ckk1zU9beus
Cq0tEvOSJs4
CxOTXXkpJOg
Cxwk9CvjbF0
CzrUquTurzw
D1jhVMx5lLo
D30jFPqP6KE
DA4jAHg8U-M
DBwRdbwOuS0
DHAL2qyz7jg
DZNwO-p5PGY
D_qRuKO9qzM
Dg9VQR_XY6Y
DjZB9HvddQk
DkbXhhipcis
DmVZv-2SmMA
DuN4FizIFO8
Dus8-Y7RSDI
DvPoAO6JenQ
DwbTpnKViH4
DxnXVbHGeBg
Dz-3FqucJlc
E-_ecpD5PkE
E2ngGRR2Trg
E3f2Camj0Is
E5IlNYbXzLI
E6S4yed60po
EAJoRA0KX7I
ED8ufzNGuag
EEkWv9X5RPc
EHC8X_EE0KE
ENMt-Asu5GE
EPj-W_6ZSEs
EQnCavINUQc
EUTOh17iOWU
EYYYEkxOTQo
EZJ7PXk9xnM
EZMOBbu_5b8
EbnQE3hxSWs
Ei2fiZ5tR7o
ElDtkhqv5ZE
ElUik6tdIp8
EoDsq3eC_6o
EqfeEFj-t0s
EwBNTOhczok
EwD4jyyvi3o
Ezw6SrV-bbs
F3PgltDzllc
F4B3zEQxB5A
F7xZLNMIY1E
FB444QXLplU
FCO1dHi9FiM
FFRnDRcbQQU
FHEmjVJjtuE
FLENZ_si7N8
FMPN7bYCcSk
FXWsmHoFs6Y
F_806eRoceA
Fa-rr6AXMwg
Fa0hIC1HCh4
FaDHJCfXSPY
FcWpqMTz9jk
FdgZ738fgck
FfwIkBZIFBk
Fg6-bpC_Qn0
FgFlp2X4oNM
FgwfxbcInqY
FgzM3zpZ55o
FhxXIQP7Qjg
FjWe-ZxmquA
Fjrl3pOvbjE
Fk3EOnLxXwo
FvK-9aZ7cFo
FvcTMEWjp6w
FzwIP7g_8lo
G0wGXq8kBZU
G59_iYUx4F8
G5FNYxbW_Qw
G5P8eu6gUSo
G6A35SqgFxc
GDey8zbbh_8
GEtBx9GHf1E
GGx7klcahzY
GOrBgltIEF8
GPoj3zfX60g
GQBmcMTy9os
GRtCXZkpyRo
GTQpeDdCByU
GYGGBYmgdQ8
Gdizjh1plww
Gdl92kGR8Ho
GeUXQ_L-35M
GiZKuyLKvAA
GrUZ7k8H60M
GrV6BKNlCic
Gtq0O4Mekjw
GwanaYF-Hec
H-iQ7ZeJAH4
H0jR5nqueWk
H7CKoZpNF3M
HD0RzCcpVo4
HEs1ZCvLH2s
HFHLxzaNYBM
HGUHKtzOi8Q
HLdDvQym5xk
HMLWapkya1E
HOg-XWiD4Cs
HS-4BuCWWxY
HU4tf26i1Gk
HUVmypx9HGI
HYLvVdfNlKk
HalVaS-CvMU
HbzQzUaJ_9I
HfXPsDjK9Q4
Hg_uyWezMM0
Hhobq4fs87w
HpaHTfY52RQ
Hu2-ZpzqlrA
HzEsRa967hE
I-JgtIiwX4M
I5Dfbh5Ni3k
I6fnJf2cLAs
I7rv4qetZjk
I8o65nBXCEo
IBhu2kkZXGQ
IBov98-LIbI
IFLstgCNOA4
IH1HkueGWzc
IIzLxKzFU9Y
IJN13hhPLVs
IM9ANAbufYM
IMpkHvQ0LA4
IOpP36Lctw0
IPTlTmH-YvQ
IQZ_bQbxSXk
IW2g3jv0Z5A
IWgjCIguAoA
IYMYI9AJpQs
IZHySVamTPk
IZhpqYeKZEM
IaMAnjBohhQ
IaQAaDXBejg
IbBZc2amI9Y
IgUi7BDe1DQ
Ih3rIcBnnSg
IjLJXDqp-SU
Il0nZlCsXsE
Iyc3gBJNa4M
J-xhBfJn1mw
J2txSFdQWIY
J4OnlGsym8Y
J7YkphWqBbM
J7jQPSIReSc
J8Eh7RqggsU
JAB_plj2rbA
JBsiKB5dsd0
JDW82csukhE
JDqhZwSmleY
JFa_k3bXsQI
JG_gCIGFaQI
JIBcv-grQIc
JKtTHBJMDD4
JLFGfIAOw9c
JLHL5jAHODs
JMOBVuba8z0
JMU16brUDuo
JMeEkaPw3m4
JSOPnsFQGU8
JSk1PSglL8s
JUJNGv_sb4Y
JV8to36gg4I
JVZrtaw_Vkg
JW7C-sOdgLE
JWss9Goy3Jc
JXtH_ABQFX0
JaSUUhFWKWw
JbtNJM1hM_4
JjRx3ZC-lZE
JkHyC7VZy0A
JrhRTRYDAUE
JsJMXRo0MnA
K7wM6FUV0ds
KBIxHAJQhME
KGA5-4dI_-c
KMkmdVkwhXc
KMvm_h6Elks
KP8TPeYQyN4
KPM7dHsF4wA
KQMuiO59rGM
KTJs-0EInW8
KXi4ha79o3s
KZy5p-uxh34
K_MGWHiEeMk
KcGxaBt6G4s
KjbuyB4dQa0
Kjha0glQwCk
KlekeNwOGHw
KmjklPj0ob0
KqNfpL8ML_w
KrJgwKiEpaI
KuLxqrdmais
Ku_nFNYc4Jw
KvMnpVMp0jk
KzH1ovd4Ots
L0wH4YEQFw4
L9ajfq6PJBI
LB7R657sHJQ
LBuqnx51Ffk
LDHlaxewCmE
LGhVQ3NB9h4
LLUxwHc7O4A
LM3sfeimcS8
LMxiVHLe9ZY
LOV_BwQfOqI
LRa39HQtE4c
LS1fbs7s6MQ
LVCHidbq9Xg
Lb1-iNIOLBw
LdKSLc1u3jI
LdjPCMo8I2s
LftaV1XLvrE
Lg5rrgIfWWg
LgLNyMAi-0I
Lgka_EgCtnY
LmGqSiWD_mk
LmQ_3nijMCs
LmpkKwsyQj4
Lt2fIiiQQH4
Lt6qwbOeFt0
Luza51nFG0E
LwZ6aIsnN6A
LxAcHpCuCtE
LypqOmZXKqo
M8Zk3XaUpcE
M8dsZsEtEsg
MDVNdWSsAjA
MGNbdrcKzGA
MH4yvtgAR-4
MNAshR_e9sk
MNqVUDkudYM
MT91YDjIQcg
MUTrIvR6WRA
MXlh7qPpfMY
MXuwRICnMW0
M_VPUF9ResU
MbcCZuR8Brk
MfIjxPh6Pys
Mfg8NX96-mE
Mi8wnYc1m04
Mul4LOQI1oY
N-DmvI17N3A
N2lwsB1qfJw
NAMNv4M2j3g
NBjcWPcCccA
ND4IZFXnvv0
NDXuBe4lSyA
NIO4w5lmhdU
NP2XqpgTJyo
NS0jvPLtgGc
NUUfXaGl5Lg
NVl_E96W-FA
NY6EHvnEpd4
NYBAxql8-Xo
NZfWiVuRMnI
NZn087xUwU4
NaLLY3zKUII
NaqJO7rrXy0
NcqfHa0_YmU
NfLUmeuOALM
NkQ51iyFgs0
NoWnTkm4nxs
Ns0JHUXyLE0
Nsc0Yluf2yc
Nt66M2OsbCw
NuzkIps_smQ
NvS0PrDyvY0
NvU1dOuz0YQ
Nwdu7QlFUnA
NxMtftRyX78
NzuXv3RxFw4
O1Xh3H1uEYY
O4GvfLMG0gU
O4lWlD85qGw
O5vzLKg7y-k
O9qqSZAny3I
O9vCb30sHBA
OAyyuugZzac
OFVMM8gMa7c
OJ9HZHjHAvE
OJsMXu3EPCw
OLZGWSOQvao
OOuxO4EGXuY
ORrStCArmP4
OW7aDflHdG0
OWOfTq0_UJ8
OXVEKjsvgIQ
OZ1inhh7AgA
OZy9N3Rc-M0
O_lVEaCsBfc
O_sHHG5_lr8
Oa28ggqm_9A
ObxmXC2NCMA
OeBiMe0o8eI
OftHZYlrK-E
OgPYgzSk41M
OhjXpYIo9h4
OnQBnvYdXgI
OoNOIMSMZ1I
Op7i2mkbghU
Opf9CBwP5R8
Or9pLfTgtXo
OyRVmzBvzC0
P-m1Qv6-8cI
P0lQbWVEPi4
P4AaGQIo0HY
P9GLDezYVX4
PC_lk32EBdw
PGCRzN2u72k
PGu3gyIWz20
PJE_gnTreBo
PKaOcV-4JVg
PLgYX9iSaxQ
PLryWeHPcBs
PLx0qurWxmQ
PNSSpuL04fw
PSGIodTN3KE
PSIRLeXBJ00
PS_-7sgHrK0
PWC_Y04wyfA
PZcRjEgZIwk
PbZPat3ANJ8
PfwraRJYIFI
PiYwEq0x2rU
Piasa1WgHjA
PkWuENiTCtA
PnGcMILNhRI
PqUFmfdoqJg
Pr_567PVSao
PySo_6S4ZAg
PywBkQsK5Y8
QE-a2L1N59Q
QEw0qEa0E50
QFu5nuc-S0s
QJLhM-5i9Y4
QJqfCME8BTk
QKsJ5jlNnLg
QO7Wa2d6GK4
QUO-HQ44EDc
QUjx6keYBJE
QWLOgf7hTiQ
QX2Ac4LAg50
QY8JXpnllb0
Q_a4YCIzF0A
QbYOuTgAcKk
Qgm9KdQf4P8
QjrS-XiaNdk
QkWM2--3TQo
Qpw-udshXdM
QuW7L-vZKjU
QvtakD9YYB8
QwE3x-mAMas
Qwsi3qln1pE
R-rttvInuRg
R-yAidimZ-8
R11aUfWnT5E
R69sATXr1lM
R6sObXmPqXw
R6z-9QF_Lfc
R957a3kk2m0
R9gRLnddOBg
RBgfLvAOrss
RDWWP389paU
RF1aOAomVfE
RFE6xdfJvag
RJkR8Ig6dXI
RN8qpSs8ozY
RNLQrCtVZmQ
RQuOxxd5RL8
RTp0t9LuLO4
RU9uTa_-ZOw
RV4iVZ8C2VU
RZ_Frx5sEoY
R_r-ynJqz7Y
ReP0lPsTrJc
Rfkntma6ZUI
RiQgRJKqEhE
RikEADik56Q
RooPCI3h-MQ
RrIhJTRKU78
RugatQvgwow
RwWEw-ppnWQ
RyJ6YRDTw20
RyTBIF-yzko
Rz9ySq1kWDw
S-CbhOsGKdw
S-CspeZ8FHc
S-hBSddgGY0
S13RkgsM_y4
S2Lrd5OycVs
S2ajzPts9ag
S33Hqxgoj9Y
S3gCmZ2pwlo
S6OefLQh-sQ
S79-buNhdhI
S9eUQKCzXs8
S9q2ozmkUOw
SEERWBLRY3c
SHag1AMWsgA
SHcVHrsgj8w
SJqWQGh__N8
SKQwlDRv4tA
SLEK2vAgjOI
SM_ZieyKicU
SNSZ6O7iGqw
SQE21efsf7Y
SU8LaHLh6Ng
SXRBol-1S2Q
SaERMg6BhWk
SaivqDVQkiE
SbPerGOte5s
ScY9Z5tZZKU
SdBk8fMmwUU
SfvouFIVCmQ
SguGZPSCFX0
Smjxw7Cf2Wk
SpZalI7nT0Q
Ss3P7tXH-gc
SshzlYIuw2E
Suodr0VVHgM
SvEItxWb6Ek
Sw6S48iZ6DM
SwH0rs5TW_Q
SyXdO-vksIc
T-ryhSTeXpM
T0rKpXIyogU
T1ypVVi2DlU
T74UFoUwF9M
T9aXJrLmv9w
TBI48IIHteI
TD6sYuxeoj8
TKcSSwKNg7w
TKuVfeboO-g
TMTnWEQrMng
TNQUQDjD2ao
TOSrbmXsn20
TPNs9sNNQwc
TSN6LE06J54
TU0ankRcHmo
Tev3tVzH91s
Tfi-P7Wh_j4
Tg0JjeVvQmw
TgN800d4U3w
ThDRZy2PXDg
TiipidPdVw4
TkH9I_vLrJk
Tq8cq_d21AA
TsEeAi7WccU
TsMuu1hesL4
Tscgbk7sG1g
TsenczivhLQ
TtM1YJ1Z8TA
TxTblROT9lY
U23yuPEACG0
U2W1y0a7PhU
U499U4TcyY8
U7zt_wMU6p8
U8LttJ1rvWI
UAYkMsND-E4
UAq961jQjYg
UCtXtBpSAZo
UDZIy3-U-j8
UE38VTaqDxI
UEfMcj1KN9M
UH7PKQ3sRIA
UPT4Rndftc8
UPuEwr5GpT8
UQsOyMj9lnI
UQxk_gdrXRI
URiIsrdplbo
UT306YIh3FI
UamKPPgqf5o
UdpXQig2iCA
UgmkgGmh74E
Uj8pIOAQams
UjlmLYaYPow
UxEXkIAG2Sg
UygjaC_gmrE
V1EmAqGQSFA
V4hM8mBCs1g
V7CSRSYCbb0
V7CY68zH6ps
V9agUAz0DwI
VC43S6Thwg0
VGQNTTV65U0
VI3wGWQMxv8
VIRCybGgHts
VJLwRVw_-aQ
VL1We3LURNA
VW3vgJYYIok
V_p0Lm6RQeA
Vb81fH3gC74
VdX-zHByfxc
VfbRhSrJ4qA
VjRtZavrS70
VkbucteDmWQ
VklQ6NKlyPU
VktdVrpgm34
VtsvUoSjwmE
VvoZjED-aSQ
W-1Tk8OeoYY
W0mamVcppBA
W1qWfgrQJMg
W4VsC9teTqE
WAMGwZ0pQys
WFx4oV2JcRM
WJ2cMZJrftA
WK9ld7mQE00
WK9mi2ZDtg4
WLuiZUQZ2Hs
WMDa3eRsHic
WMPnXkDYYt4
WO9-PEDgVyQ
WOQdO5vUfmo
WViuTuAOPlM
WXLb4h2A724
WYiD8VhPHD0
WZ8LXzkhdxM
WaOr_4M8yfE
WabdXYzCAOU
Wc6QKGh5jiM
WoFwXj4p4Sc
WtrhukvHDgw
WtvtOtiPzp8
Wua6dnjCDtM
X0Jw4kgaFlg
X9yl0pTP9fY
XAU7wzJCrZc
XDgLDsUU7og
XGd7BrQTTuQ
XGugbb4zxlY
XJxMltILMp4
XKNOawsE8GM
XL07WEc2TRI
XQ7QF-MgI9s
XR8YSRcuVLE
XTdzAMf0gG0
XVIhBUuaqXI
XWHNZEQdFlA
XXtpJxZBa2c
XeXRPslin9E
XfYNqwWpoGY
XhW4Q2n8BGc
XhyOAX6oSX4
XihAwlYdBuM
Xm5VrxZYhu4
Xn1EsFe7snQ
Xnpt8US31cQ
XtXQn6WKgPg
Xv-7xkMLaAw
Xv0wRy66Big
XvtHPF1ng0s
XyTX-qJDozc
Y1Tusw2CWKQ
YEgftMM0Vdk
YHC4ZXlBwK8
YL8ov4R7Wu4
YLlBziuBYIk
YQA9lLdLig8
YRJgQSM996o
YRnpzxtdntw
YaUPdgtUYko
YdFcFPV8B80
YiCAeeBEo50
YntJoM9epzk
Yo-xat4cn8M
Yp9vAbvTo9I
YqQ86NDeGpo
YxcbOzC6WC8
YygGzfkhtJc
Z6tmDdrBnpU
ZCGdMWIkAdQ
ZJWbDPAm8Tc
ZK4jnuCWl0Y
ZU63upQQOlE
ZUEWC6dUScQ
ZX95L3U3mSY
ZY9VDxMtleI
ZavCg_DcSiU
ZbEDe7RSdPc
ZbFTVbLfbZA
ZgVulzUl_c4
ZoqgAy3h4OM
ZrDpzzVWwFs
ZrmEcrmmXCg
Zw3r89oY70o
_-uzSvC5m60
_0Cv1G_s4gQ
_1vFaKwJTlQ
_25RuCxWlM0
_2Wiql4QSLQ
_6pl5GG8RQ4
_7MGRAuG3kc
_BOhD_3ntlo
_DjNLO9Q1dA
_IgqJr8jG8M
_Iz83hfkFds
_LAuDTNW5dw
_MkUep3D3jk
_SE4oI5SzTo
_SX4Ps2_IC4
_T5q5fIfzww
_ToUVXQo_DE
_cR9zDlvP88
_cjIXhI4Xd0
_dYdPE2_WZM
_hfGEcA5zoA
_hy9AgZXhbQ
_k3FBZQXR5s
_llAAIQHzuA
_tjG_L_Qc-A
_uPtdGouCMc
a0sqE7y53W8
a4GjONqojzM
a5HhZGq5Cvg
a8pThgjd2aY
aA5lXNtTDV4
aBHC6xzx9YI
aBX2P6tUzlw
aCnYjE6xpDU
aCoxZoTTJ8g
aFctIlOIAUQ
aIsgJJYrlXk
aMWzBsE54DU
aP0Y1uAA-2Y
aTEX9C2JBsE
aW1CHnERlgQ
aW39pgCZ2Y8
aZ9bScgQuCc
ab9_2VRI4-A
abdFXzbkVoU
abtHadERzXU
acpjQ1s2Nh8
adggOmf3OEM
alqHBCkSN8I
anEykhlBd-Q
aow0O6M2Ubg
apC9HmI7DRk
asKwoOG6nHM
at7QPmrZ8Rc
axUgEAgrSB8
b0HvwszmqcQ
b3FZLzlSrlE
b7E9SX_PDUU
b9hRJ2Q6_Is
bCPSr1M-AZw
bEBtXIBCunU
bHmOYLAtE6I
bKnR9pKW3BM
bOqqkICBUDA
bQLvPhnEvyY
bQsVqfakHms
bWO2JZmVajk
bX2HP280eXg
bZbfUP2OEE4
bbqY1mTwrj8
bc-6tzTyYcM
bdIJ9v5jU7g
bfPV4x-HrUI
bhHtbCLDif8
bjRDaaGlER8
bnxKeZn43iU
buptHUzDKcE
buzsHTa4Hgs
bvGssPnRBQk
bxZMJOu0Emo
c3qT-BPkpJY
c6VpDHoUIjQ
c6sX5MSdLag
c9JDVyUazKE
cCvf2DZzKX0
cEFEIiHrHCY
cG4CYVnSJJo
cGiGZH6tGtU
cHpdvQjC2ys
cI6tt9QfRdo
cIIVa4gSnV0
cJyB9CSvkDQ
cOCcCaAxSNw
cUXgJfy7W7k
cUzBV8SSxcY
cWBctTjuZkI
cWGQZ-nMzZA
cWfwi-9SY-0
cZUdaqTC1TA
cbMnnhwTApQ
ce7fGGYkJeA
cf5GvSFGWlI
ck1E5w6tZvc
ckhu-nU-s9c
cmlC_t4_LkA
cnRwufl6dDE
cnVIqX9zW4E
cpt4POa4-7A
ctFON0u_84o
cueH5cLUUM4
cufib_yNxLI
d0VIlg3aUbY
d2UCnucvi20
d2ufsktFoUA
d5gaWTo6kDM
d6I6wFf-X_c
dHveW3_gfXQ
dKBRavHfhfI
dLRVdYr1k_Q
dNCqJP0URE8
dRIhrn8cc9w
dSggUbl05GM
dTeN9ypsVTU
dXCuGRwNH7I
dYJf_13v4ik
dYX-D3ZDO6A
df_7hydjaT0
dgiHGCg58JQ
dgqbaBQlQS4
dhdEni1OMPg
di0KgqNDqhA
dkSI5cdoMio
dkdKeoFYpn4
dn74oHbhRuk
dqEDsh-Z7xI
dv559tVBQRk
dxxEJbxuJOE
dz72uaZDWQI
e0Pa5PC_8mQ
e0Rc4nX1oYA
e2qs-vmyJ4E
e5u6pTTc4Pg
e5zRhwc-SqI
e82wxRizgHM
e8zKKDMAze8
e9r-GybDz7A
eAk25mfBgTA
eDh5_qZ5gNc
eEzPHBZKCdQ
eHtYGJOU3C8
eJ04XVHkr4s
eJGPt1mW2Do
eKrlUVhM_5k
eKvbYOc2rOs
eNRtRj4p5Vg
eQdkZRLD09M
eWX1M51a1aU
eXIIH8YVxKI
ebKu0JwWArU
efXd55d0iQM
egEzcwbej1E
ejJEzdUwFjQ
ekEpAqP-PxE
eliMLfJeu7A
em_Qk-YtXqo
epTKxi8eNek
eqMIlpu2ZBU
ew1cnUjRgl4
ewEW_EMzRuo
f1hYg2tyVD0
f2q8Fo0AT2w
f3qD39-Xdvo
f4Cvia-HZ-w
f5yJ__ut4tE
f7uRsG5R0C4
fBRSfnwWixY
fCexhc5BhIU
fF8mnKi6LTw
fFFfD7-11YE
fKUea6LCzU8
fM5dFcGpVdo
fNmY4Xv-HHw
fVSxl-fBFg8
fVYdpgwvUcs
fZICmeqH5Ns
fZPHiUHh2lk
f_Bb4NzTiXQ
f_qmSSBWV_E
fa1gfFCz_AA
fg7axa7sVoE
flQTbOOi4Fc
foLeky2bxuw
fqLLm-pRip4
fs4khT1KGqE
fw303mZMM0M
fwZqkq-Ch-s
fyqm8fRDgl0
g-biFMOsJFo
g-gN_7ISvWw
g4CMzOrocNw
g4KCti_rZA4
g563BDQaogA
g78yngpg9b0
g7MYUgXi15E
gAXdDEQveKw
gBBrNkPWwxg
gCJCgQW_LKc
gD2d_duM97M
gIzGzorA-oc
gKD7jPAdbpE
gLAzTBpn4kQ
gLTopQGKzGc
gOV8-bC1_KU
gPbi4VLOXLM
gTNbgxnilKE
gXfBpouwqUA
gXuOH9B6kTM
gaBdSvT1C3I
gamRnnk5lXs
gao_oc3gXqc
gkchL1AiZ_8
gmc4wEL2aPQ
gpTIWKu36vQ
gqaHkPEZAew
grRi-aFrbSE
gwblOjdKwuE
h25QHIE4d2s
h611LaAschk
hEc6Eyogb9Y
hFaI3a91ugo
hITcpYlpKhU
hKT5PjmTSBE
hLJgz5OYs48
hS090metmzs
hSbk3fTsKFI
hSyA_Ar6C3c
hUBtWUHYpbk
hVHoJg83kxo
hXurTRtmfWc
hY-W7ni2KcA
hatfAErfCmY
hemy827arDY
het9HFqo1TQ
hfFkS_vHslI
hg4uOCdAHHA
hop_Pj3o1NA
hqcs6ChtNPc
hre9m9qiYWU
ht4iULus6Vg
huLXoPSXSx8
hvIptUuUCdU
hvm8aecFlq0
hvx6I8y_EEY
i-1dlUS3rEo
i19OxO0ZzhU
i19m4GzBhfc
i2330v3Ulxw
i6d5QTmPXiw
i7KsPfdClqA
i9Ifb3EGl9Q
iAJoLulPSF4
iAmU0V-xd30
iBsEHGZ7FZ4
iEpu-ZWuGIY
iH8X6Bcs7w8
iHWkLvoSpTg
iHirjErBrU0
iJUhL5S9CGk
iPEsVB8G4xQ
iTRW9Gh7yKI
iVOxMcumR4A
iVgMILETn8Q
iWea12EAu6U
iZTeva0WSTQ
id1WShzzMCQ
imSwkC-W8KU
inQ8bATUoFM
inUJMR_2f7k
invkwHXNSNA
iqhrAA09EFI
itSjM_OzVtA
ivzpaiw26wQ
iyC6Iu6k5Gk
j080VBVGkfQ
j35R_X5hLhQ
j4m2rVTQ098
j6ONWsA4iGY
j6Ro7TPzRoo
j74PNL4iO5Q
j7X8XIfCCYU
j84kZLX3w9A
j8ixwnEAE38
j9AcEI98C0o
jAhG-CdstP4
jCKl2OL9-aE
jGEBDcxixXs
jGwO_UgTS7I
jJ7JbQBTChM
jJT6YMZbHDk
jNevGGOkklE
jNvZsOnPeDY
jXN50fuRSqE
jXOTaFKq-Jo
jZa1S5LFa1o
jaux1RDnjP4
jbJ3cevh5u4
jbNVUCRMUP0
jbrMBOF61e0
jmnoSiN25_0
jn0zpLuFNYs
jqTsIHFQOX8
jrxCfAjkT_U
juUk6mPdnNc
jv3VR1J5RbY
jyhIR3f46X0
jys3JXh5hPU
jz7UKYvINEg
k-0B8qYwWPg
k1WX18K1zoE
k1st0Yph0uc
k3IMeYP9LBk
k6Wbh3QzBwI
k6rL4wzykGA
kDu5YY9d1TM
kEMJRjEdNzM
kFL0knSBMgo
kHBZCSss3oM
kTg0vKppOl8
kUv4gY5e0hg
kZ34eKBPqRU
kZq4ukUxrBg
kfwyS-nzO7Y
kh3I_UTtUOo
ki6jVXZM2XU
klIn8dEzuAA
klulT3xZZzk
klv20_-_m38
knTc-NQSjKA
krrRePSXUwM
l-DERqIJjCY
l1qUmBP-KXI
l1wMFd2dHCE
l9DQIMb7SD4
lAUjs-EbpD0
lBq-WjXmTDo
lDFtBtDxwzE
lDwow4aOrtg
lDxnDaAREi4
lHigRSvzzXQ
lK7XV13wE30
lNHaZlZJATw
lOxvIPCNm3Q
lQHhpuYFw14
lQcuJ4GK3Q0
lRCDpfJoMiE
lWEJPWFIgtw
laZTDJ9fJ4M
ladnEW0ntEM
li7GiwIlr8g
liAulgmiqb0
liaZ_SCuE1w
lmBSh1FGQyY
ln3d08pTCd4
lnMJPwEfxOE
lnPZe2EYWlY
lnp5fjQHeB8
ltRrzU__NXs
ltWW2_HY0mk
lvneBZ76E6k
lvuH9gromTA
lyqRhfN4Nhc
lzBB7xoZ3Q8
m2zoddmgvd0
m5VII9RAwh0
m6p5zmBuAhs
mDCU_C12AtI
mIcjmuuyPZM
mJQrtXZT5pw
mPT_vJrlHlg
mQrNOv77PLE
mR4DKWoZEM4
mSm4db_ARQM
mTBfDxIxqUM
mTo7JAY7Esg
mW0Iv-19hbk
mWehhbmtYXA
mY9UP4b9nSc
maCbeyno_mI
maJtIP3HGtE
mert0kmZvVM
mjqTpahgkGs
mkzHIhKaUX4
mlKCPCgq8mo
mnKQHwfp384
mp95Z5yM92c
mpChI7y48Z0
mpJ2bFF6o8s
msJp6s079sQ
mtBB3vY8ZQo
mteo9XYRuBE
mvQK_ELDEiY
n-jgS_MylfA
n2Gyz5Mbm5Q
n63K3crV_hs
nC9_RfjYwqA
nEYI_Krm2s4
nH4rn3X8i0c
nJMYUxwURzo
nK6uSzKQlEs
nOeh-WP4Xf0
nR74lBO5M3s
nUk_P3G29tk
nYn3E-kG_0M
nYodVKwd9kA
n_-54F8K9wI
ndJeEQTkNBo
nec1qvbYrag
nilZGSLddIw
nj5t1Q_ANlw
nj6IMchuSZY
njmzNudbR9o
nkn_LThDmns
nkqAH62YdTM
nlsgR-zf_OQ
nnCdq2q10gc
nnPeioyf0TQ
nplSFXcXGjE
nrRWi-MCv9o
nt63k3bfXS0
nuKzvGSJUPE
o-UFgavFlQg
o0mKSvbMunA
o22BAuQj3ds
o3MLFCCjtk0
o4r0Rnl9WjI
o6DYwEqzh6Y
o6VcivVkk10
o8CLDEAGXGo
oBt0sZic3dk
oEBI_EzeoZk
oEuXA0_9feM
oF5gr5eIZZA
oMNwJqoG74I
oN9keOMdsaQ
oNNIBUPTlMc
oQveEEsd14I
oR6G1MUMveE
oSPvIhkAm1o
oUVeoTHFflQ
oUvUCmOfI3M
oW1zJ_dUBAk
oW3Kw_8u2fE
oWoWriobqXE
o_9JzhtJogQ
o_i5F1zGPLs
oafqV3Oi1ck
odR39SYhUH0
ofHHbOc5vRE
ohzWvyw4h8k
okPwJqKzSKU
okk-0jUyuQY
olA1HhgwoIA
omR7R4wvK8g
onox6Fg-mXs
opjG0pQi_yo
or8OHjkvn4k
p18I80UDjNs
p561LIeGKjY
p61QzJakQxg
p792bWipnz8
pA-bo8_HNy4
pDpB7rIu3wk
pFw6tPdRUaY
pLV4DXZFLZg
pLhPQynL0tY
pO3Jsr31s_Q
pRFxUoV9LNE
pTPgabUxuJ8
pWSDCGNq3s0
pf4LY7Oiqu4
pip8h9vjTHY
pkT0g7utr70
pnso4vTTErU
ptuGllU5SQQ
ptvRF8JjnuY
pusH8vcT4OI
pxi4JcDr_-A
pzGhLH_NrH0
q1MTmJz7yT0
q52iBIgyoSw
q6WEe4ws-pE
q6ndgl_85gQ
q7tuWtK2wWY
qD1yJDVNkP0
qFUqrtyggEA
qGd3uJI4G1s
qGsqacqpMdE
qHGk2KU-_EI
qJpWJc_Grrc
qLuAeFdbass
qOwAkE0Sdbg
qPCKv6LIdlw
qQTLXt7UP4o
qRmg75hg5oM
qRt7mFuKwQY
qWXQQSXhuB8
qZl0cNupZBU
q_B8Iw-VmkE
qaRIBNE-4Ho
qb2tlWgNL60
qb3P1FlPLvU
qfGUdCDWINY
qjCApNPevVU
qk5ghOwediQ
qpsAR2tvJ2w
qr9uzoRkYK0
qs-VWsQKwnQ
qsNjQbNvDZs
qt-TU_f0HDw
quK3CIiXVOY
quQmnnb09yQ
qvSncWcbelU
qyRk4213iQk
qysuyTJ8FJY
r12qJZZVtqc
r2kKHelhdBA
r46x_ti__vs
r7daBdqV7cc
r9ohMetEMfQ
rA0lHWdsNeU
rAHJCq9S8zM
rGoyZLegPEA
rGueTKezPZE
rGz0nagM-TA
rI14d__RDFM
rK2ZBmQHVVs
rMq21iY61SE
rOHMQ0Ejt5E
rRKM_Oesuvk
rSO_vOynrEw
rVfZHWTwXSA
r_pPF5npnio
rdD-k9PtvKI
re6uIAOfeJU
rha64cQRLs8
rjbkWSTjHzM
rmVRLeJRkl4
rnm-y9_Gsqc
ro34I0AgNs0
rqH_xqA-z8U
rrBXknHGMfU
rtgP-Pxrf2o
rvuJWonSRjA
rwSQqzW3Rak
s0GH2pPnJMk
s1Rd4UShDxQ
s3yvxCQR7D4
s47Cy8OUNcM
sCyvqNbQzqk
sI6j-rstYVM
sI7k2l2D4pI
sO3gWU7y9Ws
sQut4gIeq5A
sRw3Dtjhlk0
sUqEfIBGyrs
sY-qbvMpWz0
sYGcCi5xbtI
sZhqWKjbRCE
s_cQOddlroA
s_zbROcui6U
scqQnEQOl3E
sdlKtymc2ps
sf5D_R-FXwI
sfNihgnaOsU
sf_wrj4QYzo
sgruTaH_w1s
shqKc70ub6Q
sj0iPn03i7Q
snKif3pQAO0
snxicC5cI9A
syWMOcTVtQY
t-G9n2uCa4k
t1Pqr76vaAQ
t4Jr32OQBEA
t6up4jxRaM4
tB3oAg0wuYg
tGr6-XSa0W4
tPy0o6WHmR8
tQ3nrT6cZGE
tREEP5K3N7o
tSUbPPyq4V0
tSuuN9WMK9M
tU5D51kExcY
tU8quts2L5I
tXtkXK6TQVA
tZ_Jrc_nRJY
tbEKENhOoLc
tcFLwgqO7G0
tgGvP_W1xz4
tgSaDrYHi1g
tki6Ji7qRs4
tp4mz-GJA9E
tpdQrJwvKA4
trEopWgqLqM
ts8C3m3Cyzo
tsYm72fzCo8
tutlI9YzJ2g
tw6cmL5STuY
twrduL8aNGE
txaGsawljjA
tyfJFKMbxW8
tyh-vXAy98Y
tz0FJfBFWWY
u76OSWSHLKo
u8Xnv_klqsQ
uBmtTL3EitI
uHvZ0wR_Ebo
uMUV08ac7Pg
uNfjTgT0_RM
uPhvBxjiFE4
uPqzo29Q9Wc
uXc7_TohfYY
uYJTAfw3TCg
uZO0xqCNV2o
ub6h10oKzjk
ueJYbg1M_4E
ueUvthixE_o
ugY6D5Ia1M8
ukoaNPNjZsY
up84y1OoG_M
upPCH9HP2nA
uqWOGPZFq3o
us78vQJgcCo
uxUSCK6PXQI
uy5Cn_3F76k
uybmgFHrupE
v331oULMCYI
v7CH2ry-vrQ
v7otSgpTc0Q
v8b_urti6iQ
vB0FC1DZqUM
vBrbyb1pwtQ
vDCZpK96k7k
vDF1BYWhqL8
vESLi0KeP5g
vFMOmBoz9lE
vHDyyHg5Aro
vHlbC74RJGU
vIHkGQxuBtc
vJNBd_HEr5U
vJYhPL6U3h4
vKikt2d9PE0
vNTSzOubMak
vNsvtW17imw
vOFsja_YmJc
vSuK2C89yjA
vTDCChTAnrs
vUol6rNnjvc
vVspolIKPgc
vb7IN-C7fHs
vdOGBI_0pcI
vhHR6fNHyG8
vhzXNJumqpo
vkUNH9r6UCI
vlFdBizNC8E
vmEGXu9seoE
vp--eMUexPs
vpFk_FAxSU4
vpawy8pEW1k
vsk_75RcCN0
vvZA9n3e5pc
vw-i98-d2E0
w0ZmrJN6xf0
w2rV0Mso4EA
w6XpbaFcrzo
w77MlgsylqY
wC4XA5EHxs8
wCl-bKaER-s
wEh3ZgbvBrE
wF7DjAxIoi8
wG-1WXqZpy0
wGAnDQEQJ_s
wIS9zT5K4AM
wJqf17bZQsY
wNzSLo20xCg
wOmPt3_fTdk
wXI7PYzjMjo
weH4Au21T_M
wkWNfyocwQ8
wki0BqlztCo
wlPiJZ1DQjs
wn3lBZO0ReM
wqcknO3fArY
wr3LoyA1e40
wr9gUr-eWdA
wt8Z9SPPz9U
wtP2Y8S2XBE
wzfWHP6SXxY
x0Gh7zUsEJM
x3Hl85OBuc0
x6Ppkw5U_w4
x6UJIJQT3Nk
x6u1r3ePGXI
x6v1VWoPQLo
x8AQYQemlZ8
x8ZLNxnYslM
xEU6n0wqVlc
xEVuJ_FxE6Q
xFzvwTugIto
xGDUYQGvRac
xHN8wCNVZQo
xKDsRgof4FE
xL0kNw5TudI
xOKNpp0rxBc
xPfvb82ZLy4
xTQdR3Fnrd0
xTjBddOqrBg
xW2unM9y88s
xX-hnw2lFBI
xfz7JDSyWXI
xg06ehDn5ZA
xjHTQbG_mEU
xoHHtHw7LmY
xodaXjF7kI8
xop5tC9T5xM
xpBHhFfoMIQ
xr0Ympo8cv0
xrsc0IOLFSY
xs_jmQt5D0s
xwviwNTIR-c
y44HXBjCZ0Q
y5QkM2Work0
y68RJVfGoto
y7GeD4ZYPOI
yAFnvs-CtOM
yBS0tFfORdM
yIdF-17HwSk
yIdUOFxc0mQ
yLYHDSv-288
yNaDky5E4Wg
yRcWtZ_ZIFI
yT5PziOXxQg
yXvrmCEqJjI
yYdOHlMEaDA
yauIExD68U4
yb0_GwRvF4k
ydVXDwNZjfw
yieIOW9Kaw4
ylIymgAaMs8
yorNTtNiuLI
ypr3W8YbaH8
yrLCYnOr02E
ysS9zHs59ys
ytPEDQYCuAI
yzUjFyQowT0
z0dwEdlZHsw
z42FTu87Eh4
z5UUhLuAtI0
z7YUBoHKvS4
z9IZB8zBykU
zEcJhDgyTow
zF5Bp_YsZ3M
zGPADe1quB4
zGTrvVtk7MI
zIQUiOe8L4Y
zMTN5_M5g7w
zPU1SRHuAW8
zUCoxhExe0o
zUazLXZZA2U
z_leSH2bcNA
zcJFCdVlYJI
zduUPN3vnR4
zhmJjzPhFdI
zhzmCWAnQGA
zkfxRsv3s64
zntXieb5p5Y
zpD4omYRleA
zrT2qETJilw
zsBjAuexPq4
zu2nYmSfY6U
zuBw1HFJMsM
zv5A7ofqAEo
zwzYNura0Ps
zyWe3lcfaYw
zymolE4q_Pk
zzEAEdWrAaA
