--J7F6khJD0
-FvrON0OmYc
-RNIBaG2hcM
-fNoz5K5FHA
-hO-AnFYm6M
-mD3bGD3Nbc
02QCtHM1qb4
0MNVhXEX9to
0XJHgLrcPeA
0_lKUPYEYyY
0dvF2jesB4E
0iqz4tcKN58
0mnTByVKqLM
0o98Jz4euW8
0y1LzRhQ4-I
1Y17d59FdEk
1YMTkELi3tE
1YfU0E1V60I
1Yp7b35OHaU
1_UobILf3cc
1tt-Xh0jix4
1vrsBg92Xzo
28_pQIMZsD4
2HMv7Lx86K0
2MI2dNdX7jk
2mB74QhDznI
2wYx01STfTM
3fOXIbycAmc
3yU2k8R9JeU
46Hpy4FiGls
4cfctnaHyFM
4d6EeRJZLbo
4koVAJ33_so
4tLSq_PEFms
5-LY6wBIKx8
5CXhHx56COo
5Ea1bNgnc7M
5hPD7CF0_54
5kDhxmo4XtE
5ket_A4BpDg
5mLeJUv0Ow0
5s2XU6FHoCs
6F2YVsT9dOs
6KNuJn6dVy4
6VEPQ_jOJ-Q
6VUYWa3OCgg
6hgakq4yNL8
6zCItxQmzMc
73xfX0dGdrY
76B5cMEZA4Y
7GjnvuKeWI8
7Hrqmz-mrZ8
7ICYxBuS2iw
7UvtU75NXTg
7haZCrQDHpA
7lzH-HnUFZg
7rIE7V1Xj2I
8-hoWTJwmrE
831Ell3QNck
88_wgLgx0_k
8FZ4P92eIvE
8e3OT2K99Kw
8nDHVVmFqLU
98VixA3MjAc
9Of8WCmFGpg
9_Udmwvq0gU
9eGMJ3-wmm0
9vJDjkx825k
9vwgcaw7vgY
A8W1I3mtjp8
AFyfEqh6g3I
AX_ZDX6aTT0
AgvjPPzy64I
AiHSEIyQ-_A
BCexJ-yfdi8
BCygBhyrl8k
BTLZu-1IMcE
Biiby6ky71M
BkA7ncY0b7I
BkpORajO3Ak
CBHaInynRzU
CPy--Xlcw7M
CZE86BPDqCI
D1WfID6kk90
DKgqLmobFtc
DLytfA10RR8
Dt2WYkqZfbs
DvbbXX8Bd90
E8HeD-MUrjY
EDPCsD6BzWE
ENrQNiXfaLk
EOYaKcjFa3o
EfWnEldTyPA
Em-zYt9Bpfc
EnsB1wP3LFM
FLByezr38Ps
FcXZ28BX-xE
FsLmBDfwQCY
FsSrzmRawUg
G9apWx4iaks
GaXfqoLR_yI
GnYQ7cPtD-w
Gt56YxMBlVA
H4_hFazBGxU
H7qMMudo3e8
HKJB0Bjo6tQ
HVR2DaaD0Xo
HasvumXl_vE
Hh1zufQUUjM
I6cmIKIdROU
IBLR1TcFSCI
IUiKAD6cuTA
IXMSOSEj14Q
Iat_fcIA3_Y
Idl2wlnpDHU
IlrnTjwujBk
IplgGeivmpk
J1MIaTdOL5A
J7s0XNT96ag
JJaxltAN9Ug
J_yzmBj_7TU
Jfl3dIlSTrU
JhUJrUjxj2U
Jt5R-Tm8cV8
K-7l0q920io
K2Hl7m2Ty_4
K5CRbC4yqnk
KF5LaUVTBOY
KGiV_2i713I
KTj1YgeN2sY
Kap3TZwAsv0
KmQkDgu-Qp0
KtI6FGGgTxY
L1f5qF7Sdkc
LTNMf8X21cY
Lgq4R-F8SX8
LiALux_oiMU
LvHEmisvl6w
M0ewnewuciY
MB6XGQWLV04
MJAvyt9v0g4
ML0eYMyhqOs
MZJMi-6_4UU
M_jchYsTZvM
MmMNQe_EtCw
MuT2ZzgS4DI
N9uf0YGDaWk
NZ25MQ5W2eA
NZNl-M040NY
NxAn0oglMVw
OAB2bHsee9Y
OaCmD08xxGw
OfJgbaib3nk
Oi4SJqJIL2E
OnhW-hOO2wY
PP5ox7evg7o
Pi7l8mMjYVE
PjeOmOz9jSY
PrfxmkBsYKE
Q8VzAtGGlDQ
QDlWRWbFvhg
QKs6cwLUelE
QM0ATZRlbKQ
QQ8vxj-9OfQ
QWtNLqF2Omc
Qczvz-SeRfI
QpzQYDcczRQ
Qxy5D4aINZ0
R-Qcd-a-DGA
RDFkhLAeH2s
ReAmUJMb1d8
RilggJd1_LY
RiwUoSgAejA
RkewD966Y90
S5C_z1nVaSg
SD4NfEKZ_p8
SbU1pahbbkc
SlpSwTDd4L8
SsNXg6KpLSU
TJGlxdW7Fb4
TSvijVOVtXs
TsdBeI6CKUM
U6DQyTszGRI
U6eZOzHLSM0
UXXMbpLI7AM
Ud9Xtxsi2HI
VIMFjnuJYSk
VTBl4f_ESFY
VnaAKf6lsZA
VqjJ5YYt78Y
W6_2_BAIA5U
W8g8TCXZMzU
WEGbuHwMMTA
WHhDgxkiR9c
WmDnaoY2Ivs
XBI_hQRqMvM
XHRp4DyCr-4
XHsYx1kpTXg
XrKvnzLilSc
Xw4voABxU5c
XwTW_YA3HG0
Y6MRgg_TGy0
Yd0UtAbdLOs
YlGEQyEM_a8
Ym885bIqThs
YqTL8dwYT54
YwodGM2eoy4
ZNHx62HbKNA
_-Jkq-Faa2Y
_BvAkyuWhOI
_HTjxl_sdUA
_mLqvBpb94k
_vFor3vAJ-g
_wOt50VnJw4
aECk8s0FS7Q
aHCyHbRIz44
aIZtJqtzdQs
aOl7Beajb64
ab9mqRczSbE
afu9ReE-X78
b6CKpnzdflk
bfeT_4k61N0
bk-tQo5yPt8
c15oQQFRt0Y
c249W6uc7ho
c4lntPrjGnc
cfzF6gRr6t0
d5d0ORQHNYs
dN4hIUhjUt0
dZrShAGqT44
dx2f4exDZnU
e-8y4MTT7NQ
eF5gVuR8C48
eJLF9HeZA8I
epoHE2rex0g
evjIHvze7xs
fJ2EyvR85ro
feMB0Ed_fyQ
fkYcCCujOjc
fkf4IBRSeEc
fu7uXxZMzC8
g-eNeXlZKAQ
gGEBUdM0PVc
gLPJAjyiUxA
gSCa78TIldg
gXbThCXjZFM
gb_C9LcjDSI
ghZyoOFjAe8
gpIhGAUoeNY
grdAW4oUUXk
h7nJ6ZL4Lf0
hDeARtZdq-U
hEQdr1G5H2w
hLNyvp6MrXs
hTu36q5yx20
hmBTACBGWJs
hxY-IWByn-Q
i7q8bISGwMQ
i8v7cFIxonU
iBde8qOW0h0
iRZmJBcg1ZA
iadtBBzQCsc
igVq9HVGfRg
inr-nGnVc0k
jNC0jxb0OxE
jVYs-GTqm5U
jclknhNJBrE
jidUQPnRvM8
jmfsSmHAQ2o
jrk_kZdRFAo
kVbEHH_laNU
kiXMyQ9U4t0
lE8H0Z8-Ez8
lOGuPjB50tQ
lPbl5HZqdL0
lURKzwwVjGo
ldSbuedcaKw
lveOu7jLNh0
mDt-HJEXK6g
mJt5Qavr5FU
mMdIxa5qC9Y
mOiY1fOROOg
mpkfYmnCZJw
nbBvuuNVfco
neTO1_RuLdU
nl9TZanwbBk
nnLEszpTn64
nyqJJdhReiA
oHLZM8u1vrs
oJNHXPs0XDk
ofM8LE9Zeaw
ofWji_wQBEE
ooNvhfepD_c
otr1YwNBWfc
oulLR06lj_E
pY2iJnngk4g
pe6AxHpvBJU
pnGsQAt0od4
pzo13OPXZS4
q6ksri0LeDE
qOdwRel-1xA
qfZcTtjBTSA
qjhAAQexzLg
qkdNITXomxs
rBmwRyshbOc
rdB9vN2YxKs
reRT8LbPhBs
rejJ5ZNcs5g
rs63fnUWJkk
s2K1JfNR7Sc
sCGXuDmIj2k
sJIFUTITfBc
sP8JXF9_wAs
sQvrK8AGCAo
sSvj1nCC6_o
sXV6NQzxl5g
s_9InuQAx-g
sfNwLmgK5sE
shOPcVublVA
sjA7GAj1yJ4
sooj-_bXWgk
tX-4ajGqtsM
tijFA1zsUh8
tnsWsMwYbEU
toj_IoCQE-4
tuPRiA5kk3w
u4LG9z4AAdM
u5Sv7YKAkt4
uB3v6n8t2dQ
uL5VVB_6Gmw
ugYidKzfLf8
v3IlcbDz9eQ
v5IoP9Pc-Y0
v7BU6YOiAcE
vDSi271vUWk
vNjLugdaGvs
vSKra51VJC0
vi5AZqup5bg
vuJCOfdlN6Q
vvtaAmTO63Q
vxTJMGqjGdg
w5jDfxz5UTc
wDVteayWWvU
wheHQAhJWco
xHDU8cQq9SM
xy3QyyhiuY4
y4H03UOjlas
y7KLbd7n75g
y8SqkjoKV4k
yA66KsFqUAE
yDpz0PqULXQ
yYdYrAKghF4
yon8iO0nW3I
yx_CneyA1RA
z2F9dbvK0Ws
zIQpxmLwbXQ
zJ2z__5mepA
z_CZ_VyMDXE
zdz1q4tJOmE
zsJ0bbEvx5c
