-42tkA7hHIg
-4CcBxEUIL4
-OEMspeDJ9w
-d8N2qZL4Zw
0JriAhIjrVk
0blXWRdEcbI
1A6M5Tf1wl4
1ChxQqbcUn4
1NUUQPjD9fw
1so-dhjdds4
3kJlSEsNmUU
47A8HoWnV-0
4PyqNFhpX_c
5BAa-UCZToI
5QHLjfE_dh4
5R4X06PHPZY
5d_WCX9zOo4
5nn71dON4DY
65knkJ3aQGE
6khdF1qEBcU
6pCBfv2KQFI
7Mc-M9AvoJU
7O_GEdHFNQA
7UKsxjRjsWo
9G4qjWywNvc
9auSRMyHoeI
AXOE0b6c25c
AxdCIridZpU
Bl1BhLUBcOo
CBgk3S4el-c
CRi8r0XQFHU
CSFXo7rA55E
D39p2w3Qk5c
E4jMzQeiAAs
E8SnIRu_te4
EDzcNqMr8h0
EfWhWHRNjXc
EgnmhPx8w2o
FIVhG1GS2e0
FLVduEiDgnc
FRqmmVNR-M8
FoouRJh2q08
G0XcFpWpWwk
GVle8JxABdI
GfjfYHkAIiU
GyLC33XnVK4
GzTPL62_GLY
H-eOxc4lRuY
HWBf3eNqvyY
HZl830wq26Y
HoKKU9bStCs
Iv81UfE1ms8
J-4GlWOuqI0
KRFrdMCplPY
L2n0uMADFIU
MBNvk9CA1j4
MGVhRRF4AVE
MUg1q7AnpVM
McyVtf3zjnU
MlTtXSSaZls
NTZNHoVtVT0
PJOk5raUBDw
PXDtbD1HLpg
QCohj76KWjk
Qg-YtdVeJno
QmQKR_XqJpc
RGluaQ6zZ5g
RRuk9pBeJns
RYrQuaBXnZc
Rk4q9SOn7Rw
RuY72bTk9-k
S3Tuom2Nv3U
S4qwaV3D4gU
SFA06ZRpmFc
U4x36LIwrxY
V0Dy4LX06Cc
V143LeToeO0
VXFRUPPENdM
W99f27MIUOI
W_69c_PeSEk
XJ4sGaQbznY
XJfSLyKbSOs
Xo3WRdOlkmI
YLqrQYY6rq4
YetU0hSE8_E
_SY7sOyvi0U
aQxrd-F-EqU
atzo4FnD0iE
c43K-I6ro7k
cNIt9pzzVi0
camFYMwqQ80
czVH1mddscY
dctVu6vmCzg
eSTQnnngNfI
e_d8iVvhu6M
fOgQ2f97CA4
gB9TxEM0XN4
gE0x2Q01IOY
gcdO5ZidrJA
gwPYTCEodLk
h3tlG99_NS4
hA6CaGZO4U4
iW187QUqimo
k5HTikTFqFg
kNZxfoUd0nc
kP8EO3nsonk
l4l6ENlv1Og
lTNJ4TdWokw
m7HZkGEQLro
mIyDxyD5ATM
mmlS-A97ZZ8
n9gNZB2yTQc
nDWPa1CXnQY
nzWVfTS1Qrk
oBgSmBdIHzQ
oCGRr7i0T-Q
oZrwtS3IILw
peeThg0iHDg
q8W_pyNRPxk
qZqzjiwPfyk
r-z2w1b8W_w
reW-p9ds4g4
sgOdT60hQNE
t1IfAxlDjTA
tdZqvkWaYaE
uLcLmVjzyPI
u_vKyhZTmZ0
ucddrxsPYgE
vXZ02dZp5jA
wJ7Y7Clilcw
xTY-lbprjkY
xhAk8Rg2ZQ4
yGq_Rlbth0Y
ylW9qGrzf78
z9g3g6MEg2Q
zEEvA7w4100
