--viYKfY7ZM
-1D347gzmv8
-27jSnRrmpo
-3lp1aDvzzs
-4hdo3XfeP4
-5SCaIdIVVk
-A-FXnStLkE
-A5t4liSSjk
-AQUWzJ0ISs
-CNceY8N7W8
-FHv7UG9egI
-HaxY_5CWpE
-Kvdp2LusGE
-L9bd8729ms
-OGkWzRwrSo
-TFDbE8NrlY
-WEWClfpr0E
-XFq00hgrXA
-bpypEP2PPE
-byyFKgGE8Y
-dcciA2iQUI
-eRh2ImgW4I
-h6vtlR8Ueg
-iAFkOsGGiE
-iD7zA4v4Y4
-n8QM7U4F8c
-nrh58tqyps
-pNVwpKUu9k
-qnD58Y0ICU
-r2zo4XtXoc
-uQvW1ppgPM
-yJ1W_swF3M
01r43Dd40o8
033QVRKkaZk
0ActrhaYS-U
0AvgL1xPboI
0B2a2CnmfVg
0Cl3o8ihTjE
0DHxZya_4yc
0Fo-YDuQoRQ
0KIFSMIBfB0
0LxFXwK1WBI
0OZ_4NZ8DVM
0PGPNxqJdZg
0RyklnaRuOI
0SX8xxkfRVs
0TCXS2crnzw
0ddDqtEqkPg
0g8lrQT_K84
0g9w_Pxp0jY
0hQ4-EgCt5Y
0j0cqR8fShQ
0n36pavAOVU
0qOELyslE6A
0s3NYBS41QE
0sL_1iUYaC0
0ukmOSg47Oc
0yL9HvAyNiA
1-rMQhWgacs
1-tXwuzlR3Y
10GjKFLtTYM
11vCm1991mk
14YW1wzkw9o
16Et82LF1W0
16e8UeakbhE
17UEekXTDvY
18kjtZeN6q0
1F7ey9IORpw
1I-jhccwrlU
1QfWHAvFxnY
1ZvdUb_N7bE
1aYYH56EhYA
1gfPVDkY-8A
1nGhu7uZziA
1nzgFGuOMLU
1ovylapMDCw
1qEDwAPceLk
1tl26pVX5w4
1u1Sga0ogQk
23AdJDnDlhM
25sEsE5idK8
26UsWwTGEKI
27zjZsogG-w
283LnddtDXk
2CBgjpLh6CM
2GX142Cn-Wc
2On9ANiKkV8
2TnoejL55yk
2ZrWPwmZ1F8
2_MjQJDs8Xg
2_hjGNqMbFc
2cseXmshTpk
2dYCHwwv00w
2disnkiyU84
2e2KEEfLnRE
2enFF_lo9bY
2fhjeQi_ryQ
2hlV59c_tE0
2ls0pypjG0Q
2mXoS1_fQ0w
2nMmmoNKYDw
2oiLrONkgqM
2vrDfZMnnKc
2x9mf0Ch2C0
30eAPRR0vLg
38OfCJIDZR4
3B5C4jS_D7Y
3BmIP_jI_7s
3E8-pz4JBK8
3H_YUgWnDMg
3IvByB_NWQc
3L7tYHSwvkE
3LchW0mkHOk
3TWI8xl455E
3YPPLFq09nE
3ZREV4fZC8I
3_nLdcHBJY4
3a9s0ZnwfCs
3atRDYZPaRY
3cuUHmnH4_M
3fniyDaRT8o
3gcyFsnY0kc
3lf9A2e60RE
3rJhq5D4884
3sG_zhHAxvc
3sV0zdbmTcc
3vAKzpbtNGk
3wVRkX5si60
3wlR6UV1lHQ
41EXXoIuO4w
47MjWFyEq-s
48WHh9FbrAc
48qjViBjYzk
4EFdA3YfFB4
4EmSDOxpao0
4Eu3ro-LYs8
4HQrVlVr7Vg
4IPA1G0l-YM
4IYwKYdnSIU
4MGaFUcJu7c
4MiOOoTm4a4
4RURQBGgN84
4V1BRHBSGjI
4WiHZk9WUts
4YofBMqkZgQ
4aiaUVU7Fr0
4dVWkdbZl4s
4hKkMDhgP-M
4l64axgdMhc
4lyNDbgqsB0
4t80PPKvk5k
4ukwd1QH2QA
4wmTrNYGZtU
5-8Kzq1RRoU
50VPWJH1M4s
53kr_tWUSzU
555wzGkUORw
59YBKx-0Q6M
59trmvfWFjc
5A_LiogRuAo
5BBRO2DtiNE
5BtdZVO6n24
5JC1qKoUzNU
5OC1D_ZNej4
5Rw5UL5YI80
5Tv4nEWdUnE
5VIZAR2_o8Y
5VbQqAfYtmY
5X75C86wP8o
5bjmpYAShC0
5dccknBc_Uc
5h8QEnkxSjs
5i0vRTUoz88
5iZhj2j_MoU
5pG_pijd6Ow
5xGjptZnZPM
5xc28UUoeeo
61CymKWs7kU
61HdpLMs5CE
62gtGWCUmlo
67tA2_Hdwa0
6AAEYtDktFc
6D0T2bOcWPk
6EVBcQu4wag
6FNqme5Rr9k
6HcgKdAglA8
6HuTY-rv5AQ
6PSTx_E3VUs
6Q0xDRBc7LI
6R3_fOISCVw
6SS7MR5cMrw
6SmmkVSOaA0
6YABuhrGN8A
6afi9cY5Td4
6ne1FQWS-IY
6njwdQoEVOM
6sLFj2rKjx0
6s_VPPIaZdM
6stIegSJkRA
6yfKhQAefzs
75BtA0RAA3o
78WQ26o2YbA
7ASmS6-QX_4
7AewJ3fnTrg
7JOiP1dErdw
7JiKo1XnQHM
7LZPGzYiX1k
7L_wRelpeWE
7MQi-7b0ss4
7NJHkF3zgJ4
7NrsgW-xgpo
7Y2XEbIgNdg
7YddhFKgYIM
7_XHtb4XK1g
7c5Xy3GZCac
7etHpGycCPw
7fa0Km430BI
7gmVKflu7jM
7qKxJmQsxwE
7qliQVDy1uQ
7ykVlbPWeqg
7zVlZO0FNvI
82gEACmx-dI
88VuNkRVr2c
88mpNyhDGAU
8EM74LL6yM8
8EqcL-HVYWE
8H3X5O6IG3U
8QyHbGSBuiw
8YCQr70Zs3I
8ajst2b19Zw
8cw-eJr4bxE
8ddNVFWdnZI
8gyhAY8TsLY
8k0T0-fAE8g
8kurIOxQi1c
8lEfKF6FBqg
8o80iRtruro
8tNd_2qXq8I
9-LDcK-TOK8
9-jvVzYZi94
904I2Cs5VL8
92cg9gJIbnU
972lxMQ9l9Y
987CEvIFTdU
9CG7AfhdPgQ
9Cn-iuDvmn0
9DLZo6LaAkY
9DX_dIfKPYc
9EFTv-SsjTA
9MMxRKWjogU
9PUqGuQEIds
9QlSkGQUXt4
9QxZbiB_hn0
9R-Lo7ys9hc
9Re4WeBhABI
9d8UzBxwOTo
9fqW3fNeCqE
9or3Y1ESEhs
9pFbXQ0i96U
9qtUszdUqBM
9v_9kVsMpKM
9xTCF91WYOY
9zgqaLBTFLU
A2PnItzO0gg
A5PCrJjQRmM
A65wzxiV2h0
A70H-7fdEHc
ABqLx3JfKVs
ACTjyZFV9eM
AFahnBt0C_0
AGkIHDu--UU
AGp0rfvvk7U
AKSNwXQgxw8
AMDHcTZVTB0
AMg7RLQpRA8
AOttUnRuCiE
ARb-va4BIxI
AUXbAt_vcV8
AYSnm2BjwTM
AdMj5eMaoV8
Af-LGEBgfPc
AfB-iI51b5U
AhCkUSak5JE
Ao_YkPwDEaY
AoofnN-_KhU
Aq0NBB9upT8
AqKS7tGzY6U
AqfISgCQV-U
AuA_i2UWtIw
AzUf3mMyt7k
AzztXi059FU
B5Uv64iaeig
B6QVONxkdsE
B9HgsqWjgyg
BCfUMCwr4dM
BGM5UwfyYYA
BI-Ok07cd0M
BIfd5deC7ak
BJ96GryAlCA
BMXWHNjNLWM
BN3wfE6CCgA
BOO_M4BH_ds
BQFNb0qY89w
BQU-mL-7HAM
BR9jqsorgHE
BWayumFQxdA
BYB7Nw8m6b4
BYZ6pd0d9W8
BlfNB-p57eI
BqwVLhyUwbw
BqzCdFqmIAE
BurkI_wujQM
BzrqNF5bhpk
C1z_EVsJKKU
C2ZS2NovHok
C7J3vEDKiWs
CAlC-gvteIM
CEg2LFBsVaE
CNN_4RprvSs
CQgIdFRO8EY
CYNAvfWM-ZU
CZJvYzWqjn4
CZtSqtZaVN8
CcWKZPWtbrc
Cctx3DI3qbU
Ce4bFj88aKg
Cg3sCg0LI6c
ClkYAmfZ4Mo
CnvhTT4KI7A
CqU_SKH23rw
CtsJA1lDjm8
CuRk0qrqgYM
CxaKu8v80XM
CzMUXm0SkTs
CzWdD9cA5SE
D0Gj-xOa4tA
D1IqmppSQQI
D5gDko1hnUc
D6awZGEfkrg
D7JL2RZyZv0
D8DtbMb7kfI
DAmXXEfr5X8
DDNrlKp8OUo
DFooSXSL5hg
DHrrByr8dwk
DHwIe1l-sn0
DIEsIUVnerI
DKEet_Lve2M
DLYk_HajLog
DNO2XaL8_j8
DNj1Tp-vrkw
DQWDmwOid50
DRheZ8iSWRg
DSysqm43oTA
DTITf7CBGnk
DXrC5bvVsGQ
Dba2ufVphQI
Dd32frC3MxA
DfiGtn5wZ4Q
Dl8Q54rfQc4
DlHMsb_mQuM
Dr5lwhVhoE4
DsSWNpn-6vo
DzsabyIao-c
E--HbOafdpk
E0JhF2eJZDs
E3h51KA3y5g
E8GW3OD6QvA
E9ZIXwsEOfM
EAJhn7wy6WQ
EB--wPWhUfY
ECrzVn9QtGA
ECx7tNTyeX4
EHCtwjTckGk
EIsloyu-nic
EM7lf2VD5bY
EMJCI0-C_ww
EOiF6ibBf2s
EP5Udhedhlk
ESNCL9ejTfQ
EU07C6bjIXA
EVDHICJeQ-o
EVjGqsmRKwI
EYkRIUx81Po
E_DuJLFtbZo
E_Erkps2En8
Eah5MQk1YJo
Eaw7mdKuue0
EbUGHi_y960
EfcgMMlttGI
EhdrWo2F8qY
EkBVP3odvPk
EqeAXByMwcg
ErBqbTPHu2Q
EuECUtHaaS4
EyeauozFO8o
F0bgCibEmb0
F3qSuT5-Xrg
F5TrGLDbzfw
F6BadhFyzBo
F8WBZkd81yA
FAy-VZTMMUE
FBtbU9W9wNU
FEvP3m8CdFA
FL-a1R7_kKw
FN3RHMpbO0I
FSr_VqgJxJE
FT1i38TDRMQ
FWTW-wYz-hw
FWfuuqYSyms
F_Pq9Eg5U-8
Fb-_JLx9Zp8
Fd6Lp65xW40
FdJmjMXCGDM
Feq2FaKav5s
Ff0v1mkUON4
Fm06wXFx58E
FmeK99uGYws
FuKZ_z6XKrs
FuwgJfOat8Q
FwgetJjLB3U
G2wcP5r_Lls
G5IPArDxO40
G5zk50OoVIs
G92cid6DB5g
GAAb_cUuzrQ
GFCA2H-PKW8
GHkkgDkirFU
GMuIEJkaGnI
GRj1COY9DCo
GU6sH4CagsY
GWPghaE7n-k
GZNYyR7-jUM
Gfdw-dluKec
GgQ-U5lMsbw
GiXM60tpnxg
GjYXMFVOTmk
GnyvrY8-cDw
GrBB3WtXPv4
GstDnmBRv0U
Gtc4O0MtMQQ
GucDMCyT1TI
GwRYgkxuxrg
GxBaOvZKaLE
Gystf4CUWYU
H1DGLnddKcI
H5WUu4jmovM
H6lZjFHgcjk
HDjoxQKwzuw
HDuuy154YmE
HE5Lvw-LjA4
HFjwJByy8wo
HGuGdha3nBg
HKm0JCuwwas
HNI8hBIqhD4
HOtw8_CcEbU
HS7k41esv_A
HWMJNeazOGE
HXx_IVdAFVY
Hb3x9AgWfW0
HcI4tBfpgAQ
HhRAxqcMMJ0
HnouXAQlGmQ
HrWEqr16maY
Hvx6_2T4DBM
HwxVcevwIBw
I28-s9ETrqc
I6rEfWAVX24
I9xTgJT4t7Q
I9zQzd744vo
IF64UTVzWA8
IHgwciOO4xg
IJCaX54T5oI
IK2KxZq_mR4
IKE2aaQRMtY
ISSYmviR9Is
IV3MXNur8RU
IV67smoXIMM
IVmkhYO2E50
I__1I6-tYEI
IfSMiTyHKH8
InewdPuB4CE
Iov6wWsF2LY
IqIYT37c0TM
IqwFckt8rYg
ItyNL8UUU3o
IwB2aIqe-pc
IyG5fBs3LbY
IyrtdArfU1Y
IzT5lGmH48o
J0P86sGGVmY
J1Zr9lzzYVI
J4QaJdSdkMM
J6RGU3FPwM0
J8Z-rGpLkU4
JDzTgK64ThU
JMAmyPBVDd4
JMibKG_eWIY
JRE2VKGOp2s
JSfkJwmzat4
JUwJMXXNG_A
JWh1o-RgFGE
JXUxs9Eob8A
JcdPO3KbgeQ
JfPxjV_LsN8
JjyFcz7-EOo
Jk8hSX1m3To
Jn9mNQ0DEzk
Jp2b8macztQ
Jtgo4zNaAb8
JtjWhN9ijlc
Jwft2HDs7l0
JwrjgsYxSZc
K0QSj8rjrlE
K0XKesxHVUI
K1aVDER6kWA
K2bhNzW1Nso
K6HVHeTTYcg
K8Pumowjz4g
KBMqBs8resI
KFaCYCAOwFM
KOOwkUBfDiI
KP4vgCdN5Ek
KRl5gWx69dY
KSneIFtcGN4
KVA2kqODVqc
KVcPXpuMw0g
KVtYJ0Dbfqo
Kd8rVwfle9A
KduJIWzHbLA
Ke2KVERVK-Q
Kfpk6Dkd1JQ
Klin0WAmlTQ
KmuV8TWuXZo
KnVv-gX9Qso
Kt0RYS5QRE8
KuuG8G_hVvY
KwTZgMIMp5U
KxuMEiJe_8o
L42Uq00hAYE
L9bMHMxglNI
LEcki2yPJtg
LGYmgg1TVc8
LI-IqqWL97M
LLfTs3b0VNk
LQ1u56cdmow
LRW_18dhXBY
LSTi5Z_UG4M
LUAroUwWBEc
LVYON6uoCZw
LXYo8Et0jNs
LXcmi50kFW4
LY_LWM0INUQ
LYksMP3QtLc
LZNmpoAXMgY
L_wr_6Q0v5s
LkpnPnbydLs
LnyY12oYmuE
LqgFI1lLNi4
Lr6MKdbblp4
Ltdv2kymcZo
Lu9cq90w5ws
LuYv5zm61HA
LuZVSlAE-d8
Ly8rFXxWzUY
LzNeeYPgMVs
M059nQ3VOCI
M2MUWlkMFKs
M3R-RFqfiSg
M41oz9mGgw4
M4R5BO0OFyI
M5X6XzIKRCM
M5s51pFC5J0
M6TNBz-3Y-4
M80LAdC-J7s
MEYU6gpfuso
MEoYKHUELeA
MFVRt3plcW8
MG-AF0ra8ag
MGv6KgCLQeI
MMfnSd_Ekes
MRkqzyoLwTI
MUpLHVVfwNU
MVCfLj5xJMw
MWeLbdTIZ3U
MXJBBt_6mqs
M_k2MyaTRaI
Mav-w5teFfs
McPMxzxiutg
MicQyLVgMYQ
MidFKvMN3T4
Mm4b3m1Wqsk
MqofstqmKoI
Mr5Fa5OC2hM
MtyXFSf2vAc
MuSQ4dpO6F4
Mu_SPQLRACw
Mz2UopvFwnQ
N3SLwMHdGII
N5cRd6cSW9g
N9coMp89KyQ
NA6KAB94MeU
NB6wSOblvHQ
NEL12T5SFvc
NIX5k7acSe4
NNf2DMQ--Gs
NPxFEnF5oSw
NZWzvKWV56w
Nb9Ji9Mfuxk
Ng2PYevWRtE
NgSKCZIQxpI
NiOZpJ-N_qE
NirMPgCjvdE
NkxkBLYIMF8
Nl_KLRa_8rM
Nm8tPBRzor8
NpBXe9fXtTM
Npzclc_1peA
NuM5M63lR0U
O-5X5TP6TsE
O-Tty2ls2bc
O06JPEVGtvQ
O12B72DQjiQ
O2agi0cj71U
O2vehRF56og
O4NZfV43Dcs
O6jNcQ3YNaE
O7KpZ-2XHV8
O9G1dgSaWNE
OB94BcYXM5E
OBwZY4hUFOI
OEuOJLaE8-E
OHQmZjQAt94
ON92f2fVdqQ
OOrOb0fGKew
OQIAq1KO_RI
OT5KMxdHltc
OTyjX3hXHZo
OVZ8vif2h8g
OWvmu-POSUg
OXfECg7_4vE
O_5HCGJheKs
ObhKjm4JgPM
OfZ8w4Kf-vE
Ojk2vWThDQU
Om8UyvO7iPQ
Onhy60L4T40
OqcCfnDm9Cc
OvdLpfs7wL4
P059op6vl00
P0fCdmgDklc
P10hWUB7PMI
P2vpSNBG11E
P8rcCcg5e70
P9JXwmfn1Us
P9qa0u8-Wu4
PBbhpU4PFBo
PEVe7-j28Wg
PFMR-BHpru4
PGST_E-rHyA
PGfimNa4fV0
PHh1wcP4keE
PINzLKgwQrs
PJbEP9_efe0
PJbn9Z60hTw
PJcnlelENIk
PLq3HYiExbM
POxRtCiXzyk
PPM6xYbIEIg
PVWSDj5hLXs
PW3vaEDfjtE
PWJqqOK2veU
PWgDGajroOY
PX1iIHQi6AE
PY_RbuLHVlQ
PZezZmg7kjE
PasEt5guyeg
PbdMCLKOoNc
PdJHMJ9pdaU
PgKgFCDbZcQ
PgKqlqauLFM
PjyF7gURXfw
PkzMddU00Rw
PlBW7Y6GL6Y
PpQi74opHrQ
PpRMflA-C5M
PubMcKXRBWQ
PvT3c0ljWtw
PysrSrM-418
Q3H5UDKqQ_A
Q8gyAqRnsAI
Q9V_FRaXIFg
QB9r9y7g53E
QBkjLgdMDes
QG298HD75x0
QJyyUyhCHLU
QNZvn2HKFsM
QQBzGFbdzAY
QRvDZ87JAYw
QXy8rVhd4-s
QZMd1p-ld1Q
Q_c7JIFFWLc
Qc5PJh9tEUo
QeqFrO1sbTM
Qgf0ltAq4LQ
Qh2MPNdPaeE
Qm8QSNV2Unw
QoFCfwtl3Dw
QvdMGHXg384
QxETdG482K0
R1PqrgvdlEg
R3VKuTgc_8I
R76UeKY7NSc
RC8pcxrWphw
RDBhUwQL_ls
REuwU1NxbdM
RFV7WytEjfo
RGx95w-eSOg
RKQc6wPGNKw
RLOlPCkoLTY
RQME9UDSKHE
RRc_S4J-Mss
RTBH0bNZQFA
RUZF1HEBQdM
RY-CDGRKphU
RYw5rFR0ipo
RajdFnzcTUk
RfALCEnIEus
RmQYc5E0kQ4
RmfKusFNWpk
RnYlbGYZ73M
Rt73DFxIWew
Rw0cCYygItM
RyD1V_AdkWU
RyqLOFEXFSk
S2KM7F41jWc
S2S2V06W47Q
S2oDUWIPAoU
S3kx0KJlpEQ
SA7m8DGIFl0
SAz1kN7l_pc
SDAmxiLVNYU
SDSBYm1xvQg
SE4hXFH5OvA
SLPM3tLtlWY
SMGK1kHhfJQ
SMefsVSgoAk
SNnEMrLd7ns
SOfJ5ZqXsc4
SUhLbHyQmAg
SUwI4KF1zJI
SV9N_XnwWws
SVxqOlfoBEk
SWFf9Wt17Hs
SX-YK9v67OU
SYkQB0ATxtM
SZ98GQcXaU8
SZEBLLxMFW8
SZKRVMzPeYA
SbY9Cy7QI5Y
Sdbf38rGj5c
SlU1a3CVPEE
Slyfl3XfxzI
SmHwGuj0IOQ
Sr-k5L_7idU
Ss7QqYu922I
SufCAlzM-TE
SvFvMcHeSyo
SxUzqHtDtbg
T1O2rRqWOzA
T4KoNDnIQd0
T4rfYh-573A
T5JP_X3esBo
T6jt1vqRw8g
T9kghrzGb2Y
TAJ6JP0bSi0
TAePyl33gOQ
TB7qI-WvnZM
TD_eiGR0Tm8
TEz3bAHU1K4
TFEIoXQMxjI
TI4cHOX5e-U
TLMhodqwCt8
TLPLR7RxIvU
TPh4EBY3YLY
TRCulLXo4O4
TXw8FIaXlw4
T_6hFt1KliM
TeVvBPLUC0Q
TmWZ00fUlZE
Tq5pBv4D3gA
TqJkc4OExnM
TrNJrVFgdAg
Tt97NiYP89Q
TtA4VaiD2MI
TzBAywINONc
U8WtLT5yq_E
UAsS0Mnp_tI
UFXjsE6qw4U
UHeDH4IfU48
UJVWvdGIWkA
ULMnKXtC67U
UM-e9wRwZ9c
UPMgtEHom5I
UR4LV6VsGzQ
UW1IULMiRZI
UYss9Xd7EBc
UdZGRoMunKU
Umi8de3eAtU
UnUMSPRTaXo
UrJVqWTYUDc
UuQTUGrT7N4
UwsSbBIgq3Y
UwuVnSN6xnM
UxjaAAabckU
V22CAFUtFXc
V3NujyNEwOY
V4mZbHIPj0c
V5Xlz3m8-Q4
V5xlq6g3N4A
V6jQl83RM9w
V98mg8r0hsk
VBxjMNRQlwo
VDxWacHv78M
VE4q1MjFol4
VGvjc8Dko6k
VHM9iN69Iak
VJm_nC9WEMo
VLz9-jlJ-fA
VR68IUKIkT4
VUQ6qHuv0v4
VVBTNR7CSz8
VZfR6ONLGYY
VaMCdMprqGU
Vcb60ZuLYXs
Vhwa8KBs9LE
VyoraDhrfcc
VzzgVSLvV-k
W-dpqJbVgy0
W2nt0xDpm0I
W4aul7lhhTw
W4bbU8e_DFo
W724CWnGEUE
W8jotd1A3c8
W8tFurYQ-38
WEuf5AiIWQo
WGS9NiR5GMo
WGj7AJG0Xrs
WJsNEhQ8j_g
WKrsaEs51jM
WN4fP7S9TJk
WT5RqDFGeh8
WW0n9EBGRng
WX-oXqx4RyM
WdjnKcuMaOs
WdkAsHWgNK0
WgF_YJkWoWE
Wj_uprWk0Sg
WplHyEQGDrQ
WtZ8fz8m16Q
WyH1cux5Iiw
X-WmdgeVKS0
X06wDFwbC7Y
X0dwAluGzs4
X2nPcLx9bBE
XB6YsNvrT6Q
XDqoNTRB3og
XDv2vGgodOQ
XHJBiA3wHpM
XLbtzTiykWg
XLgvSZ4LSJg
XN-2rM_o7Jo
XNWD6UqaAsk
XNmPVej_fMg
XO3wR72rE6k
XQy2ZaFGEXk
XUxhIMYJ6Is
X_sjTm5Vd2E
XaAgr9gx6kE
XaUqjcdQbZQ
XatPWxAoHTc
XbompbqxogU
Xh2yCTidgfg
XpSb2vn5d7M
XpY5XBv3CvI
XqEVahYw4LE
XqMXRpREFO8
XtPYjxb3ak0
XyYdmZAupn8
Y1WPEcTS1sE
Y5CE52uLMgQ
Y5P9SOHvbZ0
YDTx7axEOk0
YEA1jhwScqs
YHUh2IuBj0Y
YIJJroTQaPA
YOk9zxZRsio
YPhmTOmB26E
YV6eJwCQr-w
YWYRayhtf-A
YYxIb5dbjLw
YZCpcPEWww8
YamI9iai3bk
Yc5BvODY-1E
Yi_tVhn93DY
YjzR5tc6rVw
Yl62a2Kv690
Yoc9wxSg5KM
YoqnIA0Byic
YqlgQ3PbVc0
YwxxY7eosPA
YxCjyMNl8eU
YxgcLmKf-LQ
YyxAYctmGg0
YzqYyHwm82A
Z0hoHUluu5M
Z1-2QFJMRUs
Z1ECy0OA2F0
Z6SZB7zoxkk
Z7mxjEypyqc
ZDt8me-mF2w
ZEVzHpAZDNM
ZFCxQ-hhbDg
ZHxqkLFRhws
ZMILNUoitQ8
ZNqJxMX-4SA
ZPw7db6D9pY
ZS-PholfM5A
ZTXUeHq98uQ
ZTv46BDYZxM
ZUUhW6w04J4
ZZ-c_YyOFsE
ZgTkoM9AL2Q
ZgoAfZHX7Gw
ZjLsRnFHBC0
ZpY3HMaJSOE
Zr5LxefI4OE
Zsg7V9gnmdE
ZuMQvtlXI9Q
Zv6nAnaq784
Zx-fQvTRJ4w
Zy6X3ZllYsQ
_-8b1ibSWYM
_1xpGH85mfg
_3z-xp-L-lE
_6to507t18w
_MEYV9moeck
_OiCe4Dju6s
_Q3MLJVtdCM
_UjeWe-yaHE
_V0iemIfeBQ
__GKBw7NmH0
__LMSfkVf58
_d4ovYwgGxc
_eMwFf4dhRg
_fpezXDJoWo
_g6IhdVnyHI
_gha90GPZHw
_kOe7fAxKQg
_qor37Mo9Rc
_xnAbgWaG30
_y-lMkLkCfw
a1F3wQvF7Tc
a23N1iBayM8
a3Pr1zROuJ0
a4m2I67fQnY
a6ptX8PZoHI
a6wtH9ilk6E
a7q2bjk_m-M
a8xUaSUTWw8
aEC4ThJPMHk
aGhQn5GIYpc
aIRef1BryPM
aIWqO2MfYw0
aMrSZncIWPo
aNGVKZSkpEA
aQNgcFz6DnI
aXbr4jOs_H8
aY5EMUjtJrY
ac4aJt7xAHU
aco5Yog6jG0
adSzjK1flP8
agfFzCo5RO4
ahyC6pBRdjc
ajUcddDXVjA
ajkWBNlMJkI
ak1_hoRimU0
apxNZT2llCE
arVf-Sr2liA
as6NvY75dWg
atCo4QMSrRs
au4CoCLi1Is
axsIwtxcy5I
ayfOG5Idoqg
ayuVmUUURho
b2egznZAgtY
b3rZkjbMJH0
bAiWj7h8-e4
bD8_cELmTOQ
bHMEXqKf8kI
bJ-ys73x-FE
bJx7CW4DQIw
bMnEZmc9nj4
bOAuW9bGOlk
bPRv5T0lia4
bQD1mNnrux4
bQvNZxXRB6k
bVd1xbOsXQE
bfu--NcaTZU
bmILvfssfV0
bnAVc1QuBSc
bps4fGGsqRc
brynYXwR44I
bsFefn2b1G0
bu61P8VeZYM
bvBMtVEAzek
bzEUK2UPCY0
bzU3ALEK3cM
c-g6-yasSXg
c4VRoFsUZpQ
c57Jz57OVlw
c5QE7UklnYI
c6ZRkmiDxR4
c99-0Pre_Vk
cAoix5x5ZUg
cBvGZkpBtqc
cEBDcq0zuls
cH7byodOC9Y
cHbjoUKuxUM
cIhozfvSqHI
cIv68PZQ544
cKUaG_iztmI
cSx7_FILIyI
cWFeMxTk8WU
cX5PnDrI_hk
cXjRbQgbQOw
cYLQf2rkcBg
cYvI1orhVRQ
cZ-6u0g5HGE
cd_yznmDrr0
cim91Ucn48k
cv1Hb8KsSWE
cwOLj8-kkmw
czcrt3B5J8I
d1CXZSKJGRg
d2trfvevg90
d5Atq08k7wk
d64DMe-DLtU
d6Hdps_A4EM
d6dbwg8V2dU
d8zWV9XGJtI
dCvFxhzGbVE
dDyyyiRsv5M
dG0vjHKZ48k
dH8Ci9HvXeo
dNLX-p-vTbo
dRwdj--Mn_0
dW-WeO82OaI
dWpQLt5b_ws
dX9AidwcRpk
dilERHe6xCs
dkMWQ2MMmMQ
dkynYfKTRuc
dkziCeyJ8Qw
doWuny9rnw0
dpviWZKUgXs
dr3qkR9ya6A
dreXUN8t21A
dvOCkgU7QK4
dvcsDZJ1KQc
dyWr3IG77OY
dzRpOKramG8
e-UUEeCMMVI
e0GSm1len-c
e1FVMjXtl9E
e7OF7F6YdL4
e7TZzu3ZQdw
eBtRXNyG3yA
eCdOmmk4W1s
eDphYHDak6I
eLkwkWBNfHo
eNTLheUqPfY
eOa7yneW8X4
eOkxDAnuPq0
eRffh3IJvp8
eTs9_C0-MQI
eVLbZoWAzrg
eVR48ILWJNs
eZuMx2neEPA
ebjbjJXJCtI
ed9vAcJEKO8
edPBnlVeRjE
el8q0Z2x0kA
emVnLu6Dwqk
enKxyUTGPlc
eo46_F0Ege0
eo78pxbFkuE
epr04_6lNUM
eqoaJuTKgyc
evA_xmVPZC0
evk35Br1AcE
ewDSoSkqXMA
exHrdIJRVYk
f3rrd5prp9Y
f4nxI7eNA0s
f4vds2fzbpQ
fDM5H10sBiA
fOuCD8bsfRg
fRBSRbEdkS8
fSg8SrIepRo
f_dROUsz_7Y
fj36jOxsRfA
focTsunnEi8
fq9KOsgMzVg
ftOpeyTGk2s
fuNb5jbrhkU
fvjOou4QH78
fwLl8DI5FNo
fx3y4jgSUHM
fzLrMkkiAKA
g78Ht9h1qio
g7HwMWNqoSw
g8-_PABlMDw
gEuoIRPzpTc
gJW0aYgo--Y
gMSiO5X_QZE
gRjIaCnl1Xc
gSKnw6xMs1U
gTvCCAHltZo
gU4iCF9yDeY
gWXktvmVHOY
gZDeu_sHBiI
g_6YuPpbZyw
gchSLs60Qhg
gfiIsmzNPsw
ggdXROCesSo
gk1oynlt8_c
glmYwQagB-A
grpE6JkYo7s
gsk6zONhC1s
gwtJpr90SE4
gxg9oD2zAqk
h7dbo8heEvI
h8EUFxABkTA
h9wIMwnBJyI
hAkfsAC4v7I
hWbfnrkPlYc
hZk8m_C_si8
h_JMZyU3H8E
h_WvOtyBCgU
hcpD4iYmBsI
hdLomDSnePo
hdM2Nf5h3PU
hf0SCdgCMEY
hkH9-AivF4w
hlJ8AA7o79w
hmyADAul9Mw
hq3QylqG3FQ
hrGfpr9Pkvc
htnC7INNjtw
huTPN_4u8g8
huynpvAkK-I
hzFeYI13DQw
i-hMIKmLMFA
i0Zrgg4-Y-4
i1XeKkG8Ksk
i5LJNXnwPgI
i5pKSIbAx5Q
i7ThWChtVR4
i7fUbhZV-HQ
iJz5fISDVrw
iKdfeGY5EPE
iKePvwiUHjI
iN6d80NKdM4
iOhbPQUKd5s
iPL6XNX3xXo
ib34ZDimvnQ
ibM1kzrkugs
ic9eB5nyIkI
ieD91LnI4is
ieVmV8VQFmQ
ihfwc2YCNVU
ijl3hjq7DPU
ik4qyBpNdxE
inCJi8c8los
ip1eAdw_E_0
ivRN-BIeGLI
ivhnMLJtT64
iw6hCaw_mDM
iyB53OTJVEc
izi6CfXcHWI
jB8ZY7Aj8A8
jDx1oCRNDSY
jEZlv1x0Zhs
jFGhXEmkqg0
jIHUbvO6VDc
jOPAvLltSX4
jP7J9Jn0i_Q
jQUtHJhijMw
jSaU8SgjZR0
jU0498zbISg
jUCzEmDO2C8
jVg6jtALDKU
jYZW0rQbcQg
jaEyhhki7sE
jg9LgoAfXaI
jm92s4b69_k
jn565DaMC18
jnrKWtP1Vig
jpZC0lARw1I
jr64l4FjvBQ
jsYWO8jz120
jthmgg7hYxE
jvfH8Aq6oEU
jy4j7LVkg0M
jyap4V3DGpI
k-Usua0Lz-8
k710ein_nGg
k7DJut-czSY
k8vdA6w-8YI
kBv1Acy10KA
kBySsniWMMo
kF6kW5qjgqc
kFiTzyB9P_0
kKN4Tzug08w
kMq-YuUzP1s
kNqAg6wTUAM
kPS0C6LdyfI
kQaoBntLEZA
kQcGOQE321Y
kS_FQCFP9Pc
kT0MvbsOIz4
kXIcigPGQl4
kZFUjaJHK6A
k_JfcoMBWlQ
kaGRW0Lqomc
kdEfW52dqE4
kdtPXw5aLlk
keXUZLwwWpY
kjln9VEl71E
kqZmAaOvAos
krK8Bj7zxcI
krOGpI5PIYM
kwM0n0F-SeI
l0p2gCUjdpw
l5Kj9oMx3iw
lBscy0bwO0I
lFGRU9nwZOY
lJom33llb_0
lMh6JaTnz7o
lMolr0NXcK4
lPlhC7Kyla0
lQesA-I8C68
lUEauU8GmHA
lYolzFtTl_E
lafmUOqXOL4
ldwWYu7SGRg
lekJgmjQR3Y
lgP3cN4Y0LY
ln1n2Oa5OnE
lsg8I-kCLaY
lsk_OSEzutU
lwZhonV99ng
lwh-m_XcIP0
m-X1FcyFQp8
m0bbVaagKsI
m2L9-IXFuxw
m3tw1aHIgt4
m4aqwCiCTXo
mA_oti69sXE
mAkviKn5Ycs
mCttFTocPk4
mG-czDvf_2Y
mJ_XaFXU0L8
mK9DlnVfpXw
mLdKnGzOJlQ
mRfW3kk6TVI
mT0M7Ls6yXk
mU7T0y3wa8U
mVUsY67itHE
mXUvYCFLiJE
mXqFD2bWHxU
mjVDRISR86M
moqTFBQx6Cc
mu2dCTa7IDs
mvzGQyv2340
mwHCvpw11kM
mycquJk-38A
n-k_GuKus4s
n2vxUhpks4M
n4dNRBw-bBM
n6sZ8ufUNf8
n71mas6OuAY
nBbqTmHQBr4
nEuMS5fTy90
nFtCgyVg_PI
nHOSbD2qF8o
nIvlzlLVzLo
nN5hkhVlwqk
nNqnUWVtqRM
nS8MSAZ2pdA
nUanszMynPw
naqEpB1EVls
ndnw_CcX0Zs
nebB12LL-Tc
ngp036_fhJ0
nnVUrsc7EI4
npFA1fBJV7k
nqFUwOh28Bw
nsQd-3gQls4
ntu2XdlPKSE
nzPZyr1vS4k
o-W80CF6WMc
o0SNhqLDeSA
o0TKuQpuEYc
o12_faCDsVs
o3KcfpkbDh8
o4iQRYPKlU4
oB-CmXi8wWA
oDSHZdCmDvw
oFj1W1bDNlE
oHtEbZjpiIM
oKN47KhflCY
oMoQSOds7sA
oO-GOj-D6ZE
oOcbnGnG_5o
oR1LrLeWQqU
oRCAkMXbKEo
oXsgkAtsA-I
oY2B1JzqWQI
oa5ohVIT-eI
ogio69KF3To
on2OVY0sRPc
onRr1i7Fj_k
or-YqjLvxvE
os6K0R1o7X8
ouiSYaIJr8M
owXo4ve_0QY
oxQ67Ou6tYc
oxj5mUYUqDk
oxvWjsdjjMk
oxz8ReSPUt4
oz8F2x-JD9Y
p0mQV1TBQ4Y
p1Lhvhwud_U
p23iRmMWkH8
p3UIzhg4Amg
p7zhO2ap9iw
pB1so-oEt1Q
pH6mM_fh6tM
pHuMXQC-bPc
pMMPv77W0x4
pO2-dENw7sg
pWpJLd014ME
p_kvvru_mRo
paOjNsk7B-c
pe5WB40eyEo
pewYMIoyRCo
pf8ygGTNi54
pfCE-f4UpBc
pl6phiEEnn8
plySHfU51k8
plz8HJZAmQU
pnG2iZxuayw
poN031UVqkM
pqVhgSvwWYk
pqhLNHqJojI
ps-4exM7fnw
psjb07sOYzw
ptwGd4v2pkI
pu62li_0EZA
pxLFnUbSonE
q2J0bjXRs1I
q2ZMY8ebxE4
q3bIwOM0K9c
q4th_VK8rJs
q4y20wrX5nM
q6K0u4LlF88
q8oA8Q-gV7o
q8wtrL8u9xc
q9d8kdFrXcw
qA-FzGSgMqg
qBcInDFIjD4
qCpAaDqhALs
qI70LbG2Yig
qIF06BpITPE
qJoNXlWYqZI
qK1PV17wono
qQjYfyvRlSU
qYyfn5JnDmo
q_uvIjPh7TU
qbBsZZnBH_8
qeI_oBW7Mvw
qfgeLOGOGOs
qkWshQwYEt0
qqmlbG8qEhU
qsNZCFH9IOY
qvn_7lE424s
qzHz59WB7hI
r0eTaB2k2O4
r47tjqpQYaU
r4qwY4aP9_c
r8gkCDd-Rnw
rQ9iBsax9dA
rQgVteKJ_gI
rc9nRUSjwhw
rjwkDxm5uok
rluSjDpFz14
rmIa1v1BNkY
rnX0jgBrrE4
roD1uGFSI_Q
roEjOxK_WvU
rsosguYVunQ
rt3e6cpUjQQ
rw-u_vVx6Is
s2MSd4EX_-k
s43oi4NshyM
s4zI-raPnEQ
s6xVQeRTrZI
s7gR_bBWrqw
s9kfr0AJGm8
sDrLA_jk1AQ
sHs_ifYBjGs
sNPXUmcJVP8
sSXgOs_jSkk
sZ82xbK0lJM
sZmJLtr8MQA
sfLKcEK0kyA
shQaZeVL9MA
sneFPnaRhAw
soFI7qMSbBA
sr6a12nyEvw
suxxCp51NlU
svym_UKCjVQ
swPABT6nFMU
sxKDTKufdmk
sxXuoSw6bqE
t-vsgFtc5PY
t26IPxExmzs
t4Sou7X-JRc
t8E64G0wisc
t8OK4xG9mM4
tDfMWYTVwHA
tExBEALb3mU
tFunCPyvmyY
tGbAv-zFzBY
tJTh4PwxYnY
tKoB74eDfDw
tMF0ii4tcDE
tMsFjxtpj6M
tNUOvLXNGdc
tPAtESGS5D4
tQ7hR3IH0Qo
tW27WgniZsU
tY-1c2_UXKk
tbO4OZh_i5g
teJpua5iY7M
to9asMOReyY
tqKys4aQm3s
tsxKvU_HGYM
tvD-_ALCT0w
txhHKVtK1PA
txkWTzJrmfo
u1wwqrmWwNA
u5TEo1lzl5k
u5VW_HyFQ4w
u5reUDmIcZQ
u8XEgmuuxpo
uA-jmR-GPqI
uDKMW3tw7n4
uIMNbwcremk
uJKuWDI0N1I
uKXiJwtu_4I
uLa0vesooRQ
uLs7nC6gYP0
uMQqDWrJ034
uVuGXEthfXw
uWLK9hu6gII
uYYinumjrLw
ujGXKggOOXQ
une3ZwdonOQ
usXQ-K2HYmY
uz1IevIFu9o
v-Ds7gQnLFk
v2b8na3ZzPQ
v3LdHVBlfDY
vBJZsgR4JUA
vBwfHqw0JDI
vC5o6kFt_8k
vFEXbZmNGew
vG5G6aWwBCc
vLmut2KDzWs
vbxPnTB3TeM
vdcNqf5IN_w
vdfjHMRQcIw
vheWXh6gvcc
vsIcyUpktqk
vtqv2NhzYag
vutzc990GOk
vy63h0IYnnU
vyUUdxns2UE
vyaG64--Bpc
w2IuV3S6Eo8
w3Z2_ZLe5Xs
wCnVzYXUWKk
wDSg_L5-BbI
wJ0oxReNnHM
wKquzfphhv4
wL55U218ObY
wPN1xiRHwIg
wPqFPJV6Xs4
wSK9P5dmHFk
wUBpCVpLO5E
wX1vOzkqLyE
wYGyOkLTIQY
wcBcNnNm0wk
weYDT1gw8lM
wjN_McffH0I
wm4YHj11iuc
wmcDH3pkF5k
wmuj8w6s5f8
wnwfWwKqNQM
wojACMNvOtw
wpoQOgbJ-zg
wubFLbRdqzk
wvc35C-tds4
x12yIvKTa2I
x7PAVeOpiMs
x8cLXVxTVCc
xAI9oD-fTws
xCiQOoppaH8
xEcWX3X3LUU
xIjItioBac4
xKSjPyxm8-c
xNorwK1UWTA
xPTMGxY2ohM
xQdTOK0wHiM
xRyzvtD8HeA
xWHul15HCnk
xX2MMhK0LAg
xY2fWeDbNSU
xdWNw7on15E
xdl7xqjYz50
xeL6oQTlc5A
xf8737RwwbU
xfaSEGug3qo
xnf-YTillvg
xp6SMDyPqM0
xrr4QNeYoqs
xsXlQKzeR80
xtDFoOKx6M0
xu6MokzQiwA
xuuQkw6EStk
xvbxyXYDjJU
xzqndQz2go8
y0yBOnJzNOE
y2OfKGVII3M
y9qFXFWeOHo
yBg6_Yy_EbE
yGJDrBvanmA
yMDYNj0EhFU
yQ4FwkwHNS4
yRO1Apm-h0c
yW8isFna9Ic
yWuz31bNYG4
y_TtEsPoDY8
yadGWItmkUQ
ybAus_KiHKg
ybGXbHMkFHc
ycnAf18jchI
yem9to8RsA4
ygw5hOoXUWY
yqXLRmPoCn8
ythWLUOLL6U
yyJvQ731D-E
z4Y6d0Pp4AY
z5OXRQNsupk
z5k_r7Iz9o0
z9Iodp42-2I
z9ujN2SLDcA
zDBO5pKqOaU
zEOUmBYrjuw
zEeOLF-P7ic
zHGlztwmN9s
zHLjkvI2f-s
zHWtMLI1l2M
zJFXr_8tdc0
zMcC8e0LG-I
zNsetSjD3Aw
zOpVHyfDbDA
zPPtUKU3mGM
zVWpsdCjVc0
zpoTPo5lTEM
zuI9-jyFjog
zva2Dd9QFQY
zyIF2GqXblM
