-I2BZ7msI0M
-q3njaQvN9c
01RiF5Q0JTg
0IYKaRv3naw
0Tt69rP8PRY
10cPURfrEy8
1Ik-7Fj9YlE
2d1787B6Mj4
2gQd6qrPxak
2nNeehg6qe8
3-mtbawpfs4
330zccAlsyU
3P0GYYMR3GM
3fTQIVQQrpk
3rauXVGr5ow
4P3zexMDjxQ
4aiX3zuHz0M
4fmxez3QUwU
4m8U16DVno0
4yyqFH4XHVE
5HfqQtOy53o
5Je5ZHMWPac
5KIPRJqxREg
5L8g8p7OJNM
5LkJJV9lqng
5aTGZWDx880
64XuoYs-Y04
6fDurypJO10
7BkNxMs1qv0
7FKXunoBc00
7RxfKmfFnrc
84CfjrExaPE
8FF4AHUVO8s
8V9eqNtQ1UU
8gs6FIgFF-8
90y1FvKAr9Q
96SV-coyNb8
9ITXBa31HfQ
9jXsQp0M9Eo
9nirBT8AWtk
9zEjdLBLieQ
9zte2rY27mo
A0c9K2eKlSM
A1sj0NptlnA
A9xK9jm-Sw4
AyfGO9edJoA
B4GcKzsBrRQ
B64sguRE4wM
BZKTiAjhnwY
BekQI-UkEYo
C5XsVkRhus0
C8lJSLqdGCw
CQjNFP_9vFY
CqCW9tyriMg
D8PSZ3M2SZA
DEQRoMEM8ho
DRxiL5FmgRg
D_K4aL4ZPwk
DgnK6bkw0VQ
E1cI2ERNfvQ
EGGcvnzXA_A
ET-Gn6vhGKk
EaR0S4tBu9Q
El4gewxLMGc
EmGtBKuO8Ds
EtxewYAAUqI
EyX_dOxECWI
Eztb6zA-TjU
FKU7ssga6U4
FQxEhRdlOxQ
Fr_wNjdlTvc
G4WMtkojQEg
GT0q2ogrG_Q
GYaKEy1QzTA
GeCWkw9qL0Y
GgtIaJRHJC4
GnEPdrIFeBk
GxF6XzV6jt8
HN-kKe27G3A
HghUeqMXrRk
I7MxYeFQguM
I9Tjtq52PrA
ILqSL_BVbvQ
Ie-t3slfUDY
IzYCwB0kURs
JAqCNMvdwJY
JaZcCtx32Xc
JdwQjOhxyXE
L-OhVsk2D-0
L0S3tqDp9Rw
LDSzOzzmjew
LTkxkmeNo28
LcjyJ0THwyY
MGq-QDX08pw
MKVoCDcP0z8
MNubvLUYiRE
MQAcfXG7zc8
MbvftPoIHEM
McPq8FPgl6c
MdbUbon9fpg
MpkrMqmmy5k
NHTlXVxDKrE
NNgWFKj9B3Y
Nly_BwMX8T8
NnYQIxy4DxI
OEsCH0KfFOE
OP6E8mGQhOw
OZ-kXIB1EQQ
Oo1Y3W_DVoY
OsDztbV2tZI
Oxw5VRjORLw
PNzU3O5BhOg
Prn4_USAsxM
QGUP57Ph1bE
QI_F7Ngx9Z8
Qb2mR8szPW8
QeD-AKEhwbA
QhNWz_ZdO7A
QuTpvf4y97c
R1Ju-brfe2M
R1lTgBJ6_D4
RDux8pW4qb8
RNS177Z4AXE
RzwtxtCWXwE
SBoT2U0kKFw
SNdmlUI3Whg
SVerZnEXOxA
T4bwLg5RAJo
T96t9rEiE1k
Th6n9l_yZRs
TzvA9ITgGj8
VgGIvzIAUKI
Vt28gPssZFw
Vv_ZUbvzAO4
WSStRYpCv5w
WZ6qyEzvfSs
W_kVCEsaaZ4
WbjxgZLJBc4
WnrX5tag320
WxHOkQ4tAWs
XA-WM2q4csA
XAVrjX3nguQ
XHnU-8iFDi0
XP-DbVxohpg
YV6AoZ9QklA
Yd1_WKvmG24
YooO_KNvrpU
Yy2I3rtQEls
Z68iAdS68CI
Zd-p0hhHB0I
ZiI1uQ6jYDg
ZuCrCMnSLZA
_1r5olDhN9M
_RYrS5HUX7M
_s4KplAXz4A
a9OnEr-xzzE
aUd5GN3ak0k
aosXWOx-U0s
b2hgCRIuqN8
bKeEZlt-b28
boYvtH4M15I
c2nPO0Rrd9U
cLKkSX-VI5o
cxhZzGeZ-i8
dUo_ePUsiT8
dWsjj8SJI1A
da_CrnNHoOY
dj4xo5ZOdEk
eJrzxhPuelM
eNiErONFTDA
e_OwShBxHDk
epx6TTzZkco
fD3Ji-5zz9Y
fMi3U4Uz_Tc
fP_HBMo48bI
f_DF8P0ysgM
f_Fa298bhJ4
fmRl2_-Zkig
frnBNIuKHHU
fsH11c4PLNI
fsvgA8uitno
fuHTlPgTOiw
gJ74QPAHpMw
gjD7E8qyWbE
hCRRSB4oeq4
hQK027ne6vY
haz3TcRVXOA
hlYajyYGBQQ
hx-N5XUZi-0
hxvEPYGmW3w
i8jX0cQgfqE
iO7ebOIt-OI
ifIOfKiLJH4
iwGgPRogebg
jXXgkBxlszw
k2697UOq2WY
k2laVcjWsvI
kBCb_8geYIc
kHJUKdIUpW4
kjXkt_YcxDI
kpySFALS_A8
l6f3xKxhLVk
lJ8gl2kM5Ac
lMY3V62286c
lPINjLdP53E
leqzA79H8OM
lqD9D7hEC3g
lwnm-093BNQ
m5u86Rudff0
mAR2KhjZFU8
mGj_rFZgTvo
mHAUnpgVp0U
mJSzDsjQpq8
mLiUg19C2JQ
mZgynzUvKrM
n4JXexOoUMs
nOl55h1HcZE
n_a-zPkb5eQ
nnTvTrmCrQ4
pT8KR-5E1c4
pUb1CX4tENo
pgwPwmhn1Eo
pyH1BNjX3Y8
pyfNWJjT7ik
q2qNuh4N04o
q_GVR74yjko
qlBPSI7_mSY
rWLwposB1gw
rhfDQWs75mw
s0dsd_ul0CI
s4bD6LWRnAE
sRMIPw0BGTE
sbahprYSqEA
sch5lpc_hzA
sqL8k0U7PAQ
syk2OduUTXc
t788TifJsAM
tZ-pE-GN7jA
tyUNlmQjYss
u8tMqR3jzWM
uK8nvhQPOL0
ue14aYCo8J0
uwKZD2H43Lc
v5_AJeC2rRc
vQ7PwufuZ8E
vnjaj0gbdWU
vwA4UgXIqc4
w1mki-2bKSU
wqq-izJiHqM
wwxMsBL-S7s
x-lcePnHAyM
y18vD4AP7nU
yIm92ENCs6A
yUjpGBwGV9g
yxocrXuxxqs
yzpBS9cC83U
zIs8OfT7CKo
zO59V_Ia_4Q
zPvpoQzCb7Y
zc7wU9LNV0w
zjFO4ojTYAA
zz3rTaDxP0E
