0OlfTU5-yCQ
3Kes7RbxuUo
7sGE9MDCQsI
9H6AuF6o4_A
9ItWBrzS380
A7Wu3OXtKYc
AH7160rME2s
AdWMiWcGT40
BeovtUVtHDg
CuZqx1hRkfU
DJTWTBoxjew
DfmztjVkdbQ
EhLNrNJnWCs
F25Mpiop75k
G2g-2dTj9Zw
H7oMN3szqFw
HgZCmZYpeC0
HhwgkIdpM0M
JpSzEKUcGnM
K5RvE-Mn6fg
KaK2uAsZxJ8
KrsDn2rMMrA
MGwF5H4Ih2E
OwmZZIroN2M
S2pxOfas3io
ShXo28yV98w
UDxKcXkxVZI
W3rP-_WS8qM
Wl4OmnBd598
XPasZCyr33Q
_NnhoZHY7VY
a0jNadCBCYo
dETliSFRmZs
dFUWtSQFRQI
dKAJ72R6kDE
dsVmatDtraE
fj4L-edq840
giRT_4lwZ_E
hBvFn50IcM8
ieSu4U1IcBo
jcvF9sYVhTI
mzCF6iMhccc
oLr9I9fBlz8
ocyC4TkjWfo
pydnR3vWIEs
qz9c43yF8go
sNCMU6tDm_Y
saxonUSEIGU
sgTDgSQnxro
uyCd9O6W5Uw
vehQ9UDxNYk
vpMB6778UBk
y9pdka1j8EM
zjsHbmcodpo
