-Bs6TXT_tgQ
-KO2or4EXjI
-jmkS9JKT9I
-pTbqRp0RDs
-q1P768F-EA
-sY8EHti-eU
-uuveI7Lb-I
01qJFkYM7Hg
02OfZVyd6bE
0CfuyxlBw44
0JVuDB-2bhk
0SlC7IllW7s
0WDXJ9g7KAw
0fuOxzKB1hE
1CXGAAgt1XM
1XDdhNH_PQk
1a94hVpRF5Q
1iXnidf9o4E
1olsEK7jHOA
28RUUIvijVo
29XBK2o93To
29iFzqMymyI
2WTgSnoCCoM
2XrP1pTHsFg
2gxhIoKHJS0
2mLlxDB303E
2q4ige7UQV4
2qBhIvQDS1Y
2xE54zD5hsk
3G0HIl5qoS0
3KmxwZ2B9VM
3P5gbHsEnwY
3juFgxugHZ8
3wDBu1uqUzg
40OcxBzUgK4
4FJl1vFNIKw
4M9iCeB1vtA
4OgSyuOoI50
4d-FHS9Hdvc
4jnv4fhkVck
4r849p2kiLk
5LX3A7VKpXI
5M2RteLHAsM
5MqWCrPHaBQ
5cEN0PlAPK0
5qvBpx1Eq8Y
5xBFW80aEtI
6CaoUU6dKEA
6Cv84e32CTQ
6YAqWgOZu5M
6djcpDDaE7M
6khC7sjI7QE
75NSsDUSpEs
762UBiWqZXY
79YqHxqDCxg
7CJitrFISxE
7E7Hd1GCGHs
7HyDLAAXNos
7JFPe-1sVmM
7Qc3if5SQoI
7QnF2xfIbo4
7RS38Io6fGw
7Uy0Wotpu_k
7W_P-KfQbbg
7ZnJ_2h_Qwk
7jK9Cu3nIto
7pbB9aTtXN4
7wWbcAPMpZc
84-VIha81_g
8E57FvVlO7Q
8PFNpew01S8
8TRqHWKtr34
8Zqm-4jEfUA
8j85NEY8h6c
8yPcleo4hVw
92BJDzwBJA8
9IeldB9Tadw
9RoYJZlmv-g
9Z0YMJUaNrw
9euv7QxJpYM
9uO6wlDmZdg
A4tneqpPZKI
ADjklraWkdQ
A_ec-zhDOx4
Ad_9-Mg6bng
Afegx95FJts
AoZekwohukU
B3HpEHbOktg
B4HTS7z6X0k
B7CXU5HkeLI
BNMuIj3thII
BQ2xUSpo1Tw
BhssrYohwaw
C-ibmklnyr0
CLhcC5qXY4E
CMi-TkBl7wg
CMxq0Qstbes
CN59--L48iI
CmK7ntF5RqA
CvG4MUzodZw
DBMrODtSOiE
DFwR97dHdF0
DTnRojPnMrE
E-VfzGOxAao
E2l-UCg7AYw
E36Jw2e24Sw
E8a5dyR3a54
EETHImPJwtQ
F9BHY1erjP4
FJH8dMWXol8
FarWMG4XO4o
FnU6dLWLW4k
G3aB1gr5N_w
G6QVvBIBZLc
GCzgX53-DZY
GOvusG9Ob9A
GeS31CYgA9g
GmCgUEL1Hrw
Gr4rVF-o9vw
Gskdy4RE6bU
H2Zv7gw-8c4
H6bOq9meAgs
HCTfbn2CUhc
Hjel5lyyE10
Huob9btN6yA
IBw3C0cxwaQ
INuCsapsNJc
IVVzE64biXs
IaIhGjYKgVk
IfE-dcVQo84
J4jypKJQVjE
JI7qi9aeGok
JWH2g8Ox7bo
JZ20vZC59ak
JZK_eIn41W8
Jasb_FiDJFk
JkxeZ2SrD-4
JlLjKiYuxSE
JvxrPrXBb9I
Jw3x_Rc6qts
K27ZVCKCPc8
KN5y6pgB37Q
KVYg_bOQzZ8
KYhhcCr8T3g
K_C-0KcSaoY
LECK3YrFnEw
Le73LNjVf3E
Lg-tmkAgyJg
LvRVHHH8sas
M7HCjjP3X2g
McZ9uRK0cew
Mo0L2odM39k
N7E_DjlTHJE
NJmsEyPFq-4
NKxycFUIBaM
NMDvC9Azvz8
NQRwzYpiU-0
NXuPeDdQrvQ
NZEf7klJ40g
NmA_vHhCiwE
NoJb9u-c1vc
Nta1qMrUbTk
O1XqjijIKs4
OBppBYux9rI
OH4ezC1riXo
OluMp5hDbjA
OmMXuOJNkaU
OtbZj0NYVgI
PC42u36qwxw
PHcafcFuyQQ
PVeiLCaRmAA
Pc4wcR8AD68
Q2YtKvSnJuk
QG2lCA9RtMc
QH1nM9d4Xhc
Q_O9KRjPN6U
QmfnUGSNFro
QoU2aH6UdZA
RNM-C3Zl2Qc
S6RPWkTPX-8
SNoQZ9rTVvQ
SbEaAyFOhrw
Sp3eTbUtlbc
St4RBnN1A6A
T70AQnynFfA
T990EOV-rjQ
TfEEpJnF8y4
TkOKi0UpOH0
TmEUptdBGZU
TmUtx9DHETQ
TqIpcAgdrVk
TyUiviLFpEM
U7WMVN7BBtg
UPK6enRjDnk
Ud8C7ZI3570
UtmbThooIII
V-kCOZKiGQw
V1xTIUpeTVw
VlR59lejQ98
VmL_UtovxPU
Vr4_MOOuYiY
W--62EtRQlw
W-RX9imaJ10
W-bu9q0xYyo
WCr5VrT1bLw
WGWNSOv7uRo
WONf-WExfZg
WqsdyA4mCno
Wrg9fe7C0bY
XDrlMbnXdCI
XIHtYmtgyrE
XJA4ZWbgVZQ
XJo4MUHl3Sw
X_bIyKyiJ0g
Xi9MbP1hSKw
Xyad1WCzG6g
Y7tcPuv7vlw
YADAKhcgzAM
YGjrJiFkJFA
YJCEX-L0kgg
YY5pWnEzYbc
YijBTJTi1QQ
Z24TxSC3KIE
Z6MVPlwUVwg
ZIHZ8dZPjLs
ZJW5b-sBx1k
ZL2gk1r0XDk
ZTrpuWx0-0A
ZWzBMiwEKLM
ZXxJDEyITnQ
Zdb6f0AlPOA
_3DZyQseCrg
_4-OxLCp1Zo
_4NgOPgVPvU
_I7LB7iSHBI
_p5_947AlNo
_tobPQm9vMo
a945UgoxBbA
aBqWkcCMuCA
acmeck2sLhE
bBv5UWfpTDQ
bG1FsfBNrlE
bR_MUbkTsoQ
bSjHaYTJvcI
bc56zCz-rgw
bhJM-M9hdEg
bnubfdDAn20
cHB26oFH0VA
cIc4rT95s1c
cfwlOr0nsWc
cgLq7EJm_dA
covBHZWZD04
crx8N98W8OE
d4bUcQeMHEM
dDRmA8pIu6s
dGLaYFITtoY
d_g6w72hwC8
dbz8Z9nWCTA
dh_GCH7kc4Q
dlrrK8bI0H0
dowmjyazzCE
eAbWTJjktOc
eHnwug3aYck
eJeQTvVTW4E
exK_sJ772JE
fUOTD-PmgcA
fisbbBICbas
fjA6sqEzTXs
g4J4WdUhQX0
gDtOF9Zv-Vw
gNT5wLguXos
gTtGi4UTnx8
g_I_5udoj5Q
gfmHwxsYTv0
gmCMUyr1EhM
goksXNE9ozk
h1s0qEhxKZo
h4_o4fjfY-A
hLA3nwB_oOM
hohex0gjLKc
hsfrfVN1YKc
iH_LBcpGlwQ
iIyKmW2YW-Q
iV6anh8C8ZY
iYPYFhNe9kA
idvp54JVO-U
isjkZm7F4kc
j2OgRmQJfgs
jP6Hlpvj_-k
jZZGIUifSjQ
jdcxCRIx-j0
jiizrIrIXpw
jnqSAr5HPX8
kJEgxmadFDU
kQjWqv6vNSE
kqDP7BzoR7U
ks_QByD-MiQ
l6QvlNY4z0E
lSLVvuxaMpw
lSY7b8O8Hbk
lVFzfn2octI
lWJYSqaSvE4
lph-_aeuob4
lthNLg7JlAg
mCqo6oPvqcs
mLnQihlwsLo
mTuaIHGBPj4
m_st3_BDZhc
myU2cMQiAAM
nFSp9PvJP1Q
nHEyTPQK8_c
nOOXnB0Lh4Y
nohc2bU5xuk
o-3nbnbEHzQ
oB4nZx8Efbw
oNBqyq6aAxY
oNpgAugL-28
oPRwRGpZaIE
oWjnUuSD3NY
oXSK_Km3z6E
odcPUV3vLEc
ofvQ45po-k8
ovhplnIvdpw
pA4fRNhoH84
pABLVrH2NcE
pRozRWUysls
pT4aMgHqJow
pWtaIri-8-M
p_SJplP-RQU
pgaP7K5Rj9k
pk8wRln1Pks
pmFsI5eKvsw
pnPqT1hmRik
psqXx8KcQGs
pxMQj0sJUrM
qA66U34zM6c
qAYMCH5MYzo
qBJSe5WYOFE
qEOtXtx1zS0
qH_E9kIMw1g
qL-4TJ1qVdc
qPZU1q3mbKk
qYLc7uFoGJs
q_9XDrx37ng
qa0eo4dVgwY
qfcRydVq95g
qgGLCIIiWm8
qheXkbUon-k
qivC9WowaYI
r5XOB4OeLFo
r9DvTlHov0o
rER8UdcZUiY
rMmTwveS7T4
rd59NWXQeq0
rzHYGK9Ys3M
rzw12eW43xw
sTHBLAWg9rg
sYLrwwVM128
sfnm9I47XtA
srCTpujOkww
t4jYYhsIJi0
tc3m7g3POFs
tmK6JJOClfQ
tqk9PV1QQA0
u6paLtIVEcI
uD5Ll21FIng
uPszfT8YwwE
ukll8k0-olA
uwQzYq4p2T0
vQu1NGbpcBk
vUoaDlNTYhE
vaWC-YFWLPM
w1xxeLrjpGs
w7SJzD5uqdQ
w8_lH1DHIfI
wGA_EK93tAQ
wIVLwZJs52w
wODN48DUxug
wT9Oic-1RC4
wTA5_6JwbFQ
wWeOsWf36VY
wesgC88WduA
wgpQdoL91iE
wx4QJm3UtqM
x4WpKsBAo0c
xB9aj16UcC8
xHLi4HYvaVw
xI1LgniPElA
xbc8PuZ7LPo
xfrDo2jIEXs
xjjoeBUkuYY
xno4Gxok6so
xrVWvtp1E-E
xvD0cty6TPM
xzIAGBwIH8E
y5u2UaBGZpU
y7MSmUyPoRY
y9OG73wz4rg
yKP9KBvT5Cs
yauw8hZH4i0
yq98C-xN7h4
ywr6TKwKN4E
yzu0JXNTysA
z7avO02nSeY
zeYrAvp7vl4
zqcywjDC1o0
zvBlRKM8hx8
