-IbMYZtjSUo
-aZWykwg9hk
-hw41i-O2ps
-pssDr5hV0k
-ttV8v5UYiM
0a2L8f0P5Ns
11vl2VinVyY
1gM_vaKd68w
29GuD1QQL8I
2R0jo4wFIzc
30y1b6moiv4
31tIMhde7mI
3ci1Wq2hby8
3dnuJbYmCm4
3yPI56np2v8
4BMBPapPsRA
4LddR4UF9q8
4kcms3GZBOQ
4lOuhxjE8n0
4vYmt3tD5i8
5-UpsXOG3YY
52zS1eWkaMI
5LFsVz0XyHs
6fQbqp1aMTs
70J-6tPRvvY
74_EP6kv7Zw
7PSfuqDG4Jg
7QzLpWBGtZE
8Kv2UgNEJtM
8Q7RFPRJrH4
8tLASpyLvKc
93JWIGAFajw
95XjDnHR3nM
9GTGAn9j1xk
9HaZbOGYrgo
9aADhDUG2yA
9vN874qlI7s
9woPNIQireI
Ae7k9UpXVAI
BId4Lxe0JfA
BSBNB2zJjNc
BZM_Jxj_Y5c
CJvdl1Y-VV8
DrEnDouTs8A
DsFRonykqjs
DuJ2YS9gOmA
ENFeyOLJXrQ
EcZ7srAcEAE
EhGgWWAbQ6M
GFQVzjAevvk
GI9_Q7AGjxA
GjCA53ZRcaA
GoffRaLCAG8
GqASkQUVpho
GvAVDwARPHY
H5P3c1qpLtw
HV-iXP9KDWI
HoKBIj9FCsA
INKi3A44E9Y
J5BkNwS0ibI
JAjw7pJth3M
J_UbGKw9spA
JuO-ByWRoFE
K5NiiXO2udU
K5uscyx0OpU
KgR8fFLPTfM
Kh71lD7oFWE
Kq5fvzAGVmw
L6bU6BqLNsM
LIB_Fxy2KS0
LRcynmXd9tU
LWDJL5LHiVA
LZs7n03cxSY
Lj0naJ74FF0
Mb6skhi6mFo
MfQzDMKVNJE
MvY38lpRClo
N-ErqlS44zU
NIaAPZTQ3iw
NLrgUha4t8Q
NPYF-ThmRJE
NXHXFaD12I8
NkURF92SsRE
NncNYoIbBHM
NrzyF8pO8N8
Ns2GvGSBsok
Ny71xuaQgQk
O1MkAJlnKiY
OHsC3bK6okM
OKVLWBdsF9k
OTvpWRhrqVo
OZVqWhBKzFw
OcvH6pRcKiQ
OnpwISsfRIc
OpJWwzeWGm8
Oxd5dYah-qE
P-hf-3TyFck
PI7g-1hVmGo
PWVsMO7Aoog
PiARuIk6Mzw
QUbhpXQxEiU
Q_rR1x86E3w
RJ0meBqA1d4
RPnBKCImu-k
RVw4vH-n8OI
RZSCseNIghQ
ReDnxpkys4Y
RsqNhetCBEE
S7zvMDM_EME
SA3C_S4W1ts
SL9vdgHhCyc
SRK0xZ1KpIs
T6T7hj4gVzg
TI8aZ3tSv0M
TUbTreWSt08
TVxdIW9_3IU
UaMsnWLIRSI
UizCix_v1p0
WB5Z9qKCjY4
WfW1IrMRk7A
WgX9QQU9ckA
XC9rJz04B2k
XEHHstf8xRI
XQaCz-dFslY
XRbrIqCkzVA
YTXFjH5SFME
YXv2VvY9suo
Y_PIJZ666PY
_XP83_i_9Hc
_YV5TT2BrwA
aZxnL6Bk3Aw
aeg9XPsi33A
ahb34Wl4rEA
ampuvFFttVM
b9E0ay65Ue4
bTYAgZpK1tA
bbyDYlFMs20
bzZgIalmBYI
cHZ1aOpunB4
cZMpxO3qpOk
d9GAJbVQCLc
dOEmUSuloOc
dtjHDFqJJto
dxCh1wkQ5R8
e_L5gaDUBTU
ekWcY_ASL04
h5O29LqZx14
hDc_rJJEG40
hX7yMOH3yQo
hgKE39xtWSg
hvv2eZSJ9P4
hxdkaAoYkzs
i9urgtfDC3s
ifVjB6Wi3HY
ijrlwRDNa8I
irE8gxvmVHk
jKTXgAoT1BU
jUuQbQmNMis
k27UPBIZDkg
k9vKI1tiqyY
kGdeuRzV8tw
kJvwfWSWWZ0
kSFIGHdtd_g
kc4ox0qTFGg
kcfFK9HWu4g
lED4moD4AUk
logUymY20ik
m0rpj2ZgENE
mSqEn0Szhfw
mZoNm4fz9BQ
mhzBd36W_nU
msrybfebiuk
mtImDcJj4VE
mzMcUIS3m0U
nYCccM5i49M
ngF2uu6aoSM
o0KYMBNd6yY
oBtF7WfmqXA
pL0Fj6wIvxU
pORy7MNy8C8
pPFtKqRKhmE
qvZJNYYe5cI
qw2xQdS0scc
qzh-QcbJQKQ
rubB-7qGm9g
rx6Ird7Ded0
sFnoael4oIk
sHzd2UZAxCs
sLKF0ozCiKY
sRdRNrtMu_Y
srcz73p95pY
st9_0eiQrJ4
sw1o1K1oyhk
sw6lDja0zxk
t-MhMo-gL6A
tCajHkPA6OM
tDOMLu1GwRY
td8wt_ClPus
tzoPcs_lJ8Q
u2-3RORt5x8
u7PQVcgwGmc
uB7VzlBUips
uU5eDAXloLc
uUhmEaNB6Ww
udNXBm24VLE
uuTdXQFvp28
vKuoYCrONzM
vLkorGkuDQM
vvBGNxlMHU4
vval2R577BQ
wdCmKH3dGJo
wuEDWVyLk9I
x4zdqTcqxSM
xOVzo4Vnc-w
xddvEi3umPg
y0cHHia9uig
yWktbuPKYWY
yaXCPpR-l2g
yc7W3B5_jqQ
yi58sGqSaYI
zEdUBl60unc
zKBYainbp-M
zQdZ1-RLpjM
z_Rh3126GsE
zioCB3whaP8
zsMrn9qTpMo
zspotJS58xw
zw1PJN6QQa8
