-3xcAso-JLY
-Oe6oYNzRgQ
-PXlk3Fsji0
-s1iCOAHE7c
00WkrAyRVts
01dxgjl1LKg
032-c_qZ5gQ
04WCNNcTcCI
0j3bLg6LaWw
0ysInJEsiQo
1IL9Gd5xCPA
1PMWUs7yqM4
1ZLfSnDDGww
2B2TlU8T8ds
2SIFNXXyZbQ
2k4sk7-SuFY
2n7Dyic7ul0
2pZ56Uw8m60
2rBPY3x6yn8
3BbM6pegLcE
3DpP50LUymM
3Ot7PA2Iz6E
3U9WjISv6Dc
3XjIXhSUx30
4Hz5USylS2Y
4ZHIYx0gxYQ
4oPXgDD5Pew
4wHmXcTObaU
5R28wOvfVGk
7_KUsYSFryI
7iU64zuLoIk
7zb8WdjJttk
8aKN1YWcXvA
8tGyZG1Mhog
9NQCmoB1M3E
9bTXh-6AWHw
9pG4Aljzr2M
9uwsyIP0KdM
A2zyuinWno0
A4oyQpTnimk
AXzzu3HJww4
BBxM_6i2ukQ
Bv5mAAzmiOs
C0zUNUWgVKY
CARmK8EZbKA
Dd4u7x1CEc0
DmmNp_VyVKQ
E0J-u0jh75U
G4gdd5sViqU
GXn4VsrXJrU
GrzyMPR75uU
GxvgVv0vxP8
HPpEPT8Bh-A
Hatde5riW34
HdcGzk-eaCQ
HwHaIpmsAgg
HxnSxnJmmsM
IRuKjUtfCek
IYmpeQEWtSk
Id_JmKCFlQI
J36tW5OtsoE
JDixbBbF5pk
JDviNpdtpzc
JlOAr1wcHrI
K9RUXahwCfU
KSLXCHe7Cvc
KVq2ESecrUs
KX3SYUv1PH4
Kzg-YlK3szU
LYO6Pz7cw_I
LfVlwDsYyGo
M-joEAQpRCU
MI0HoDiBABc
MecrdOFvtO8
Mj2HA-k9seY
MjCYZN1hzSI
NI2eGojM-00
NMlZQ98PJTE
NaJ3zJx-V00
PTs7rXpuN5M
Pw1qukvlf8k
Q5-wQvZ_0vo
RNx8KhhNIe8
Ru07pu8zOWo
S1SXdxkF9pU
S5z70iWvq7w
S6ug-3F-cLo
SJh1q4uzj-w
SLze9ZvB5uY
SljHKJbZ8zw
Svdw_NBHtKE
Szlz_0GiGQo
UD2mVBMdIfM
UH2o9htecnc
UNdkTWqrNEk
VTOyVtHGTjw
VUJQTFoXD2c
VbhIFnSh6gQ
Vdu4GQfxbAI
VjSIDqjPzCE
VkQOIRrilXE
VpcH97qCUJY
WM-t-0Lr8yg
WRY8F_M7mJM
WWw4fxnkoVE
WX425PNSfx0
Wjxdx8TqVXI
WqsPrLU__VI
WtfjbcQVrV0
XE9pneVEaUM
XocfFwgtCqc
Xwc2HPmWMwc
Y-Q0LLSF76M
YSPhUAFtdA8
YckyCSExTbw
YsscRCqrmus
ZlUqeP8xNUE
_TtJeL2S7QQ
_v37DFQ59Ms
bB_CMnebzt8
bD4uElg9d5Y
bFe2QKYW1YE
bG8zm38IjOQ
bTlCOtcSb_Y
biO29HM8-Zs
blN93gTPHeo
bmZs715Py3w
cSeXOvCPetU
d9_oTVKE6qo
dSSleXq7Irw
dvztHditU0I
dwvG_rvBwGs
eDCKmQ08vbg
ea_F8vzS43U
esdpkcnLYiw
fZR9lhhvD-0
febyk5AV1g0
ffCmziuMgy0
ftPvW5sabVg
fzZpTA6Nipo
g0Wo3ErvpPY
g6wq2szdmRs
gJjlAjfavx0
gXoAGjhwdU8
h5NvjGvG0E8
h9BVUoOb2BU
hPKnCcrKfYQ
hW7apcttjuE
iDnAV1DEO7Y
iLTYvViA_Mk
iMQrq1UG25o
iVB8TxYc1S8
icL_goXbQq4
io1UgSfRILM
jGIuPwjU2GA
k1Fvw78jzlA
kQWgYx678b0
kWWLjD1M5FE
kX0cVjIHR1s
karb6lXXZ1s
l97e6fqE7H4
lPZpe3gE4P0
lRB99Vi82Mc
lfaqyedzHQw
mJNadCo9VR8
ml-eLMacLGI
nM-tKjCyMKQ
nQQvrB7TcV8
nWJJX1HO0XY
nbCmOA2hm-w
pGwEf9OKAUw
puWveIBHmHY
pw-8fActTKI
pz6RVuVndZA
qLUDqM8ahA0
qT9stcYeKEk
qXkkK6EyiIo
qoHhWyb67-I
rOXPCfrO60k
rh2hsSj98Rw
rpXMlFBilPg
rqLCjOFw8Lc
s3yuESqeKJI
sN6heOZ4ov8
tFmFeGOnN3c
tWIpUt3z9Sw
tmYJnkInFIA
u6iz0_-TC7A
uBqMRgEEw9Y
ukYZm3OD96I
uzXHo0TaSEI
vVk8rhgU7vo
vz99CgEiHzw
wJ6K0UZPXF8
wW0WVkPQaqQ
wW1E7au4_6o
wn5b5bh1-JA
x9kqpjmfiKA
xPOzngrHNJA
xTAq6YbPi04
xUbKW0gHS4M
y5xZ8qyhpMs
yO0MXJjtJ4o
yemR-GIlmdw
yjz7ZKnUGfA
z0fzsTYX79U
zlCrG-6Z6rw
zrcMpDuz-pY
