-nsGtO2c4pw
0INLWlBFjzE
0PZxxT2ewvU
0Ut9XtNlT4g
0wEayQ_5rjQ
1BSFyrxzZ4s
1Ks54jjNw_s
1VAZmcJ6_50
249Gc7FDWRI
6-7FsSgq_Ck
6RfDvO5gaXk
6cRg9bnSnvg
6se8TltCOoc
72mPrnnsQ3s
770HVHEI284
7i6mPvBv488
7iww5zIuzyA
8DbfIbIMlbQ
8si7cqw9wm0
9EHnyCM-5ok
A76SdJqOej0
AgBhy8iXjpI
CZxPMnLnWJQ
ChSpkZ0jVxc
CxHarNKW7Go
FGMl5nBEXls
GIMsbgIQiDE
GcnCuzSzEWM
Gy0P-ePwJNI
HHdowfpwbrc
HQbEU5Vqsk4
JMfFNc2rvsI
KA66Wcp1QEc
M64qgf5IcR8
MA0vDPrRhJc
MII75xjp5I0
OxhznRLPj_k
PVOc-GMsKyc
PuPF8vpyA6Y
PvEUj_mRfIo
RNhwCIMPGoc
S1Om2rSQcDE
TNC1frNq20c
TPVZLbUyojQ
TT0jWlg-eDk
TdoNAJlo9kU
TtJXl6pk0Z4
U1IvJClaqNI
VmawC2raK28
VqFa3NQHqug
W13fqrUMTco
WTtjmdyTCRM
WeeRFWHfCho
WiIe2FzRsFc
X7STk780tSE
X7_tKPVq0Mo
Y2DYsktUyeA
ZAKH739y46g
ZEdUqn-Yudo
_PXFVNWINQc
aLwRZibUqL0
ao6f5ZT9MfE
avj9aHiU13g
b-hDg7699S0
b4BzYHFnOZw
bbDKMtLxdSA
bmfrXAPLRBg
eQi9mcQoRq4
eUCuH0sb-pc
eZmsGacMduo
evDE1EIYygo
fD4wqwa48Z4
gAQn2oGoUdM
ggvlgNMr_NE
gttUS9tKOes
i3YCPPKRW2Q
iwnUvsw657s
jbsBNPddn4o
jnOa_x6qQJk
jxZa90pSYzc
m1uDvzytyEA
ma3Mt5BPlTE
mhzBy-xAE6c
n1b7piSmmME
nyd5sCFkJds
nyvm5rsddcU
ozbGWLtZdoY
pAAv7gWV6SU
pa2z41p9eZw
ppO_wdEsghc
qFxCgQiHuDg
qNS77ruuSWg
rwNAS8b4QQk
sB5ezRjQPk8
sHSaUqoKjkA
sVKQn2I4HDM
soVaufg4-QY
tpI0XWjIsqI
u3qNhJrFl2E
u5eewhr7KKY
uZuxdXmSoj4
ujVNX1Wiy2w
uudPHdBBPO4
vMJ2dkSc8Ok
vftjBTjFlzI
y72iyLPOv8E
yD7CAjt65kc
ykNnj2JJMTY
zMTn1ryVe6M
zOHJUVSAeDw
z_jUTuVlqrM
