-2MrRC-kaTg
-3YsnppAbFM
-71tg2qt5i4
-A-K3BCvRlo
-BVBugpKMB4
-Ee8BY-VZTk
-EnfnUo_kRo
-Kygz998prY
-LNJ6jEFF8c
-LyLxigH9So
-M9l7fBgBWc
-QX54Rt8Shs
-R52meUVS2E
-UWw5Sa98g8
-Zzwh2u50JY
-e0P-uP0lVc
-e1sL-k_o-c
-gWarqgOJTk
-gkfK0YhsD8
-mZWebPdAx0
-o5-shZb0Pk
-oQCEyUG_yE
-sfqLBMylX0
-socpqwis-4
-tKTDdopT1g
-uBtrKIpX4c
0-yD-c4sVlU
00SfZ_JzVc0
00oqmLHHh_s
02b4EZZkHn8
04UbxHV9OeE
05m7jaGNVtw
064NOz7NngA
06u43nvYLQw
07acl-VNj8k
08cuaBd5QrE
0CCTJZE8wrQ
0CKJ1mxLhig
0CnuEbyt0l8
0H58t0A-Ja8
0HwNX6q_Bz0
0IGwa65RU10
0Q8guNUDvOg
0QzG17LvkS8
0TO0eE5jvIk
0U4jn_JSKkc
0VaUZWLhgtM
0XhpiYSQV1E
0YLMgjlMUN8
0_DElcOevWY
0_YEY3PAqlw
0bDXPKqUC0w
0ePsUC3JnYg
0frDnKnox40
0gtUgLKgmqs
0iqdTyoJUv4
0j3NpqvhMvQ
0jQHAS_Owuk
0keNozjHlTM
0mzJIcT2yyg
0nh4CJW__FA
0pE0RNzssHo
0pZtKH0Nb2I
0tPY8RoPVHs
0vsC3aT86H4
0xEAMTZ2JYw
0y_7E0mL2m4
0zAtVeEuuHg
10yoTSsIXs0
12VRvApZzeM
13mtBSsent4
15lHNZc5jeY
15xfEbkahcA
16yYLgSFfGA
19Fv2etzZFc
1Bl2akusUdY
1C3SCJyWj60
1CDz_OlXYj0
1DBQlUk-ZVg
1DyeV_rvpHM
1EK_ibPBL60
1ELtnS6ssqI
1Jm9I0O5RpQ
1KBQJ8-32AE
1LUDA75vGSM
1NctGW0NgOQ
1O77F9qc1nU
1Q42TAe5_vs
1Y5VPfHadmk
1YBtUY_fti4
1Ya8hfykDqs
1Znzrd3C1YA
1aKpNjxII9Q
1aeNmzq3Lm8
1bvo-FgCjj0
1fbBk_2iSq4
1gDPiEGZyJU
1gN1Wr2XHoo
1r8kwt8PRxY
1sH2zPH204Y
1vRnqGB4rR4
2-k20s0pLrU
2225Hv9WzXk
22AzAcnIZY4
24sBvQyXEmE
25GGZAtmYzs
27JPVs1EriA
28m4A6wx4Yk
2AQuagaXTT8
2Ckh6wnbXw4
2GK6IAz-HJU
2HgG95Mc-OA
2JHGgF2Kz2w
2KVClUVtrQ8
2Lz5yr8PPxo
2M--tLw7yUo
2RabVZGP6WY
2TuWrOBjP4c
2XMfh7urYDY
2XYxYrj5OEk
2aoCnj37tsM
2c1z3sNbUtg
2c2VVEfwvak
2dx30SRHU9w
2eoRVXBuW4c
2ffnnpH9ReM
2h-lkniJG3U
2ivZcNqB7ZI
2oi02ZxVD6I
2orN0nF0DY4
2putkllpLC0
2qqAUT9ao6o
2rNYrJL-Sfw
2u8fc06A3Ds
2xtG5cLT_sQ
2y4a6L2fmk0
31Oq19Q51rU
32gCoQRm0SY
36B0gRxGy2s
36g04WCaWg0
37QqV9hC8wM
3AA__wHDLP4
3C1qpGq4uhM
3IJOTRmiZO0
3JZy668eGkg
3Ktp-Wdr_rE
3LwjaNYHEFM
3MfvBY-CBlg
3P7JyRVTYg4
3POpLxIV3ig
3RinQfQBEmc
3VgrmNZ40qI
3W8P7sd7ho4
3Xae1oTfusM
3_q6RTHyErQ
3fNgmqmi1PI
3fYKgS7UYzY
3i5wvvT50U0
3ieQ4kd-iEE
3sFi4S6bf30
3sryuyBOzyY
3tzoScrp4xU
3ygNQG9d97k
3z1rPUHSyjs
450Q7ckyeOs
46Wdj82x4to
474Xs19mCZg
48ky7gKXkQQ
48lRmCRyXw8
49G9Wv2_DAE
4BLYhn_f6UY
4HIJJ9E44J4
4ImkdD7y3XY
4J8v3V1zIdM
4JZ9f5swvQs
4KF7mSl_dWg
4RoURvDCyAw
4T7YWJOR7eM
4UeqctbsrLs
4VRp928G4u4
4WHbj1akCfQ
4XKvQcZbLko
4YS3gsNpIT4
4YmGAfF2AO4
4ZMt-G_dNnk
4_wrnIDbFlY
4aORRBN9RII
4dl-egtryao
4gxdhut-hMU
4h7WTWXdcPY
4hZTbtWZVfs
4iJC-L7d38o
4kSUBMN3I7o
4lGvJJKfekk
4pa64wnJSug
4qPM1i22awg
4qWvenTiIOw
4tNEQJmX5FQ
4txMGUx1hiM
4ufuZzPLk-E
4wbxMS8Ngjw
52TtRLrnxcI
52aSJGGaa7Q
52oqJkdPQOs
53Cc0VJVpto
55pGVZdwLe4
56AXo-8B3ZI
585s44Jm4MM
5AupYVEL8SQ
5EH3bgO90Es
5ElIJxj8iGo
5En5dj6NqLQ
5GYju66RDhk
5IlHDQ3eRyY
5JBKKuh4xFM
5JkK_SVybFY
5KQF-fxjf4U
5NruUt2TcR4
5O_KAB5P9hE
5OfBzNt6miM
5RbReGoI9bg
5Sp6Pz22U0A
5TucQoxIQJY
5UD93uD3aP0
5Uc4GggRDVY
5VxTBrue15M
5Z8mffkutF0
5f6NEfFWJi0
5gyaZokuueY
5jfDh1p06gk
5qJv6swKMkI
5uYItiNf2oc
5x4d_kNZ4No
5xUVk9kJW-k
5xUuiGhl-G0
5xk4WKQWAPo
5z0LD5nIUpg
60O7q7ryiXc
60S4fl_P0Pg
61erNKXlUpo
66lSta3D1dQ
6BTgn8i1nXw
6D3boK3N99w
6DlfjaCRWz4
6EhvF-kiYO4
6FJT9Lr5UPQ
6FNC7STRCwo
6JH4WQ-P0J8
6ME32gyycm8
6MniLdSslYo
6REpVlc-15I
6T1bko27NsE
6UF8li8-lPE
6UnQFnavrOs
6VxpElyVh8o
6WHzCC481nY
6X4wsYU09X0
6Yvak9Tf1yk
6_m5tHeg_Pg
6_oMewKfH18
6gEzfWOM6E8
6hORjKqGEQs
6i7lCjck94Q
6jvJI7QQFfw
6mCJKGKriLg
6nXG1qWQ-sM
6vVMBCqjpo4
6vpxvUGgbIg
6yRgqzIxzUc
6y_HS-qOGrM
71LolIxy_2I
74kPkuAxUfg
76qxpl5mSOI
77k-whN-8ng
7C7O1Y-_6wM
7EBkg_VyuXs
7FEOyGP-sqU
7LanhCpy--w
7LvWQPTm6e4
7M0ue47lb4g
7N-rbTafV08
7NgiySJDZ2Y
7Rq6RaACbxM
7Rvb-GW_OR4
7Se5ur5Pits
7UKwsdCbfmI
7XqrcFs3F6A
7dbxnTPdV1M
7eHi0oJVa6Q
7eXLV0T8rEg
7ej2qM2CmMw
7fagPvr2dl4
7iOowi7VqG4
7j8SHSGPTf8
7kDTGygE4PQ
7kc7V4NlBIA
7lvcgfyc-Ak
7mywYchKsYE
7oF-Yv5K330
7pNiy9X6BSo
7ptaUVjipiM
7qWmjHVpgU8
7sGy5FqSI2M
7sMQWXHMSDo
7uOkLQoLR6U
7zvfkriwVo4
80rRojf59bs
81vUsCj-wS8
81yeGHK3s9I
84fEBKH-4q8
86l6YYffS8U
86mt23qceTg
86nHE3vl7uA
87EKxhNZ3C4
89BjpjcyKTw
89xmT33CmVw
8ArxKVcKIN8
8AxDfYki6R0
8CxFt-w__fY
8FFOdcGk2nA
8FXP-bNIyzo
8GE5u9LwS-4
8GhMwAikgwg
8Glbt9Ejh14
8H9PSdpzZEc
8HOvaAltfK4
8J9AmFQA6LY
8JP2LEEI6G0
8K76scCeZoE
8KPGCTTvM3s
8LoqIuNjLvA
8MHxJunx3dQ
8MNBrmVyhbY
8P7DR5jAcX8
8SWPjiA_Vdg
8T5rRclqERI
8ThAfDW8J6o
8TnpBCJu-WA
8U8EO5WW8ZA
8VsYKMjYYXM
8Z6zLaCCWBA
8ZFDLXD_4Lg
8ZKf8mcfGHE
8ZlB6Yz-Dag
8cSX5ikmpvw
8d5UXUiD_iU
8dCsCVEdz8I
8eHJIeZ9Oa8
8gUs8GQ8kkU
8h6HAhIgX94
8iwo-J-48Zo
8kzL_0GymZg
8m1UKecDnSg
8myTwyw__as
8nOWpPQHbj0
8o81Ez41olo
8pshiC8cI5Q
8ptO9oxHxe0
8r6wl9kw2Sk
8tE1obUjalg
8uFpfuxtHXY
8xPH-smDeJo
90iqQ7eKUa4
92zsYVjsYyM
948YKYYWnis
95LNF2mGOv0
95TbGYmIhgs
98Q0_Z0bhMM
9964QwDqvLQ
9AmfJ1DXJAM
9AnEt8bTrfs
9M_xpmQvdcY
9OHT5pa9lQY
9OfQQeYJDjQ
9PLfGV1g524
9Q0B0eavHRU
9QfetlmNPkM
9SBzFNwzhIU
9SIiOX4fFbY
9T4214DkjBY
9UYRozd8AF4
9WF54890x20
9Yz-pYz8IBg
9d-gKncYo7k
9dqMSoAdJgw
9e_Sn1tmf4c
9jYIycbUQxs
9lO44G8_3Jk
9mbfD2k9eok
9nKiRsU_YdU
9nYob1PMdv4
9ogjsZtSMBk
9qQ2Q7p3RO4
9wBuGqQOL-Y
9xMVA7iYBbQ
A-B6pAylY2I
A486HucVtVI
A5rNtju6L10
A6v2q_YDlZQ
A9bQyT86kQ4
AAJfqnXF7EM
AChf6C1uRQc
AFL1niw4cBg
AFkEVGtGJVg
AJdy-wmQUKE
AJsBNixJv1Q
AL0T8T1aHtw
AMvQMq2udTo
AQxdY07C5xs
ATTqrxp4624
AUerNv_Knxw
AZKFdHTMWm8
AZYl2NwLmJM
A_66wp3-DHM
A_g0qg1SMAA
A_k3mM7n2hM
AaqyBv11NLU
Ah1WGYv3yhs
AlExnS7eVUI
AlfOCgfSHNo
Algth98oUWQ
AqLajOWwfrU
ArHyfxqKK80
As3wzhh7P50
AsGvjY2Dbi0
AtlNPDKTiUY
Av97yAiOVS0
Awj2kpdSpos
AxK_BQuMBl8
AzHCUaXaw1I
B-4FcnAMaXs
B-CczXVUrig
B08kciC0L8k
B0yzQC9T6XM
B31lsefwhwY
B35Jh-LK4a8
B3C1UvlBvfg
B4Tjnve1k6E
BAARiXMLxGc
BAicsk3xABc
BAunwuh_P48
BCcg0WhpURc
BGiEw4Pywjo
BHGmbNm2qrc
BITh3TmKASc
BK9j6dZS3tc
BL40JjXtvKI
BOGlOQEN_M0
BRoUWdVIrzM
BSO2-xFckwQ
BTxN87s_taA
BW9TP9-bg5E
BWqRbB-66O8
BXoawSLcjSA
BYBA0gtYkDY
B_vUiJptxwg
Bc5g5OSi1L8
BeXhsWJUF0Q
Be_jQr-559U
BhEIK32UFfY
BkTgH_DjYBw
BkkNMDqmSvA
BngxdXHn1Ck
BouDWaQBvC4
BsPItU2Xo5Q
BxJoEygIP7U
C--oiSU1xd8
C1ULsfE8fAM
C2FnzPcDaRk
C3AspLdC2dA
C4x4Dvrkw6I
C5nk0l7TyoE
C7Ny7BcHhY4
C8dv1Y_vCxw
CAs6XOqDCXw
CDNmxf4AvY4
CEBl8f82htI
CEULNDp5dUo
CI-QHeGodw0
CJGd3-poYsM
CKQVYzaZ48s
CLoama_7I38
CO8ATZ8JhWE
CPmFmVjklwI
CSKqLP1-0p4
CVY1IF0p0Mg
CbbjYoCf47Q
CewnYQU-AK8
Ch160P1Tzp8
CmOYvulAicc
CmUdYMpouhU
CnpuPKywMM0
Ct6sa5IFXvE
Cws7mtfhITE
Cx1tjp7kWR0
D44WfxkH6kk
D6y0rq-At9M
D7Mas48UzuQ
D9T-2cnzOFI
DBaq3DadE4U
DC5Pb9AVF04
DFSXLAYxcjE
DHne-FILM4o
DILEt2NMcLY
DJ-0Q-r8vhM
DJgT2UtfjQ4
DK4WEnicCoA
DKjT9hrJqTs
DLTWRSkp4FQ
DNGZFBILl3E
DONG76E5-iQ
DP5WHTCgaBI
DPwClGTPiAg
DRJbpVkC7M0
DRUIITajLa4
DSfsZ280RdM
DVNQv-FVlvg
DYK_kozKeII
DZlcO3IeR2I
DaQCGIQL5TI
DacMIZdgRmw
Db53PAgbi4E
DbXCFZacUqk
DcyNPtoJKxY
Dd9QEIWQKKw
DeVWOhV7KPc
DhWgKoADJXI
Di5elTG74yo
DjOoVaIFdGI
Dkrk0I29atY
Dm6eV7TbHSs
Dn9K1SpTLiY
DoDGKB4t5vA
Dp8dyOFhTDY
Dq7ncTZ30B8
DqX7k1T3FW4
DrQkNiIuHwE
DrfaD24ifMU
DrqPL6UxnFM
DtsaBJK6Uo8
DttCerD9FP4
Dv7PnkLaC9w
DwDakQtP8GM
DwgKUhS-Gyw
DymvObu19go
DzQw_Crj1Jk
DzpDNjSXYcs
E1q1x_hPcYM
E2FAoEvh8AY
E2U7tIkRrqk
E2YymfCK1b4
E6JYVMHlmq8
E7GdDyUavw8
EC7gMqHDLeA
EDBAcCZ9JtA
EDSk9h9J6Gw
EFgkvVfU6lw
EJkB-2OUx6k
EJmf1KiCFzI
EKhh-qSCetw
ELRuJxf6pNc
EMu4JJlRzNg
ENK_K7xkoWE
ENMAM5fEY4I
EUwhM8HnSRs
EVCIWcknY_Y
EX9TMhPW0GI
EYF0V3mVNX8
EZZszJVo4gI
EbJRf-qMWZg
Ect1_UkplZo
EeIoG7Al8eM
EgHwmgQMh3E
EgPfXzg1Kp4
EjD--b9QDJY
EnmspFPd9lI
EpP4e_f5jdU
Es_TBUYFtzQ
EuTAGCSVHa4
Ew4clNzqsQo
Ex2OifmcXw0
Ey4ZkaHoAmg
Ez4x-yUmXQs
Ezux0-43jDc
F0YhkcbuIOo
F6DD329Nbt8
FAgau7MzHwQ
FCfT2GISsZ8
FEMG7ks0shI
FEpaCcJuZPI
FF5eeQdHdXA
FFRXoae428g
FFqOj6I1_wU
FJ-p0-GXT7c
FJUcsUpQue8
FJWhRLYSQ0U
FJqr4Ht44_4
FM-SFwOfbBw
FNUY9zS6lDY
FQW3N9kiXeg
FQnj-m8Oy4w
FWC3MMkpV3k
FWVBz5YBIsA
FZANVP4I54s
F_S4RgcnHQQ
F_fUxknEs6Y
FbBM0DJwuQ4
FbLkS0poo0E
FeaK6RRD25A
Fg3Qp3pgM_o
FjMuY6MtVxU
Fn7VvupwcP0
FoIv4P0qmSw
FsrQj5-C8kQ
Fuugkv-hYWY
FvlVkXNjQM0
FvlokVOzvdw
G4_mDOqLMpA
G8l8RwQGXrU
GAkFPVz5lW4
GBpoobXBn5c
GDG6SzQwiC4
GH8kSRp7p-4
GHK2s1oyPN4
GIGzOBSa3LQ
GJkEjTvk2Y4
GJo4EAVTnW8
GLkNd4kzAzY
GNvgsZ6GkGQ
GOeQsAJR4EY
GP_u00i_tD4
GPuV-Afk8cE
GRaLEWGWaU4
G_uiRaXqhds
Gk7dGPJ5ayY
Gm77Yn71EFc
GmqwCq6BlVc
Gnq4vQnMnh4
GolGGSY4GJ0
GpJa5LD4Sgw
GqSE-MoCT_E
H0p0ct1RfFQ
H4x_LFTCmds
H5ApB4GLHH8
H7LxQR91ZL8
H7lr4CJ4M5g
HC6zmxJQnxc
HCeHzqkTR_4
HDAf0HpGz3M
HGs-i_S0M5Q
HHKxK32URYA
HIMouOkwR1A
HLTxk3oHpIU
HLeJRItatT8
HMhucvfGeUg
HMrZ1z7eRVs
HO4SjfpqLJQ
HUgjtLUwubw
HW8lo1_0Lmw
HX-vBgEKtVI
HXDRQ_F2vc8
Hbwa_aGnlzQ
HfZdMYNjSJE
HfdymN1yWhQ
HhYkuDPXVPY
HkAv25TpAbw
HmIQgc-5iac
Hmeh36ztKBM
HoOnku_R4K0
HrfyosPS7Ic
HsOrroUE8pg
HsfR9ensUJw
HtlSEUVkC_0
HvbX1yywT9s
Hx9a9-8uFZA
HzAqs8mnyC0
I-9ASsUtfHY
I-JI1GGGyjY
I1A18Rvo7Ns
I2JCXqxqJYM
I3gM3kKaeY8
I3z1hXF-c4Q
I7ejF-Xqx0Q
I7sJ7GwUqKo
I9Y1aJaMLB8
IDQqlCwoWA8
IEGMNlgmNjY
IFPZILbysiQ
IFu-DT-ulZE
IGc-f01dkQE
IGoMPVf-BZY
IHHcxREM5hk
II_VK5QjWdA
ISjBZEF2Kys
ITWVInuZXj0
IVy73VcmQhk
IXNAdI0DFFM
IXstZhysl84
IZ2J7-SckgQ
IcWOWy9RW1U
IfepM48RdQ8
ImIDdpW8s2o
ImjZ5e28ohE
Inpu64mJOyw
IoSOwE5RiyI
IoXHv0gTK-A
IsAYThglvl4
IuWBJyDxN50
Iw0TDoI7MF8
Iy0ZBBox1g0
IyQMwNnQaA8
IyTl5avi3eM
J2uEg3N1fhU
J3lRI9LRcmQ
J5MwpDQ58Oc
J76qRRVaCOc
J7OJszg-bI4
JA_6cgVJRAQ
JBO9f5rMIVs
JDhpETw6Lyo
JFGzhnUoY4o
JIsEg-s6EbE
JKOqZB6N1WM
JP3hJSY8XcY
JPzo0MBuGQg
JQWz691m2zA
JS9zQyYtlpg
JSYB1_Z2Etk
JUpyrsYjgo0
JVAilWAsIXQ
JVeaDH1Bp1w
JWLNj35i6pk
JWi6ghl-wKs
JWnSkJIeFHg
J_cAIvp-zb0
JaBAbyirMJs
JaNIM7unO8s
JbotLP355fU
JbzrM1prdTA
Je8414x3mbM
JeaGKXhd9VM
JfupgLAO1Ik
Jg3e_Y9mvoI
JjzRN3sjCw8
Jo7HecuKUvA
JqGUPAXoaIo
JrFOmEU85do
Jx0Pxf8Yc-0
JySAZ86Yemo
K1bxl6u05ww
K2Z1-pmqT9E
K2ZP7lWFT8w
K8GPAmDXbq8
KBR4aT-AYyA
KC8aDb1F1Xw
KCnn1BfJMBs
KKje3rIjxrI
KPf64To3oE8
KPhl7K8XS_M
KQU886IC7ZY
KR0UHd5mAYQ
KR18OE_X1y4
KSMzSuiOQYM
KSnhT9Y_HSg
KWyU-I00SKY
KZAPPLAIX9E
KZn9rkFIG5A
KbHYjTvpy64
Kb_iaYptemY
Kf2T2yzTSsM
KfvarHD4LDU
Ki2bcEP3cC0
KiAlS27cpq8
KjIp_t86hvo
KkXGBdzsqL0
KkenUUGqgaM
KpGCUXO1F8o
KrAXaW8e1yE
KuRUUYvocf4
KxhETrMffbE
L4z2vSqw-Uw
L5Yzhnpcu1g
L6U4BFLT8H4
LAiRDzRXVgs
LCVaZ25rXMQ
LDWFSC--Hh8
LDqLX4LP8Ns
LEyQBU9q_lg
LF63xHQ1lus
LHf2XTCdldA
LIEGN384Rpc
LL9Q-hoFGPk
LOOfk8vGkcM
LV4_Nx_G73Q
LcoOOZGLdGs
LcyRXdjAHvI
Lefz23hEDp8
LhTvcRcXNlo
Ljx6aG02lec
LlKmVy8gZBg
LmA8N7IJDxw
LnjrgnHch6A
Lo_uqhFBGDU
LpeNhEOy12E
Lqrwmhk4yxE
LsChsBPT8Fw
Luci7k1GUpg
Lv0LwmJRO68
Lv2fchqn9T8
LvnB0K5CUKk
LxV8SLN9uOM
LyPfVBs-hZc
Lz8acdiBBEI
M-RLvp4KEcY
M2_IxlEi4AE
M45MThg4vqc
M52m8J8Hwjg
MB1DAXzOnz0
MBO4R9Dk9mg
MBRSyjp6g7E
MDwJpOS3N-E
MIulSbSwGmE
MLyX88RRJKU
MNbst_1KXyk
MOZ2NsEw84o
MZ8KmrXWPu8
MdEVQzXw8KY
MiJX4s9_Ujg
MkXViwY1tzw
MmGvHIfQyJs
MnwZVJh4yLU
MqeZlNo-Snw
MtNmB0fITxo
MtfRqFeiuX0
MujZQDXkaqw
N-WTxCtxV9E
N21GCaJutJ0
N2DCEvtNzjU
N6t2dmDkD_A
N9MAMXUxQVU
NAtoDvAkw_c
NFk78l5ITx8
NFoa_sLxmug
NFsNc5WWBeY
NJm8qJnkS1I
NJqE_MC80bI
NNYwJHurlhI
NSdtFrbEwz0
NT_j2iqNYVM
NV_F-QcxS2E
NZKzPxvwoyk
N_bqtlNHQB4
NbDn5YcHtqU
Nc_OIDDrsPU
Nd1ZqL38ZAQ
NeqB4OqyXmU
NfSyypXN28Y
NgZLnQ3el3Q
Nh-QpfyWVTs
NlCmaf-5Q3c
Nnl3nsnyP3Y
NooukUs5BrE
Nr927ZZV6kk
NrdjTfbbeTs
Nsses0aC7d8
NtQfggjy9d8
NtfJpgIACwQ
Ntkn3okxQS4
NzTGQVa4d-k
O27iCkl_Uh0
O4lcX3eCEus
O7C6ZP5b84k
O7lWjKwladQ
O9HMVVDZkmI
O9c7w0FIeRw
O9gyglrdSn4
OBcJqlnQnjA
OD6TUBPfxo0
ODTu2OKL0rY
OE9qvI9DTRA
OECWdZOC9PA
OEXD-oizFAA
OHPMUlZVzyA
OLmGA3CTxGQ
OMXPIQ9bDdA
OWpAERVIF7I
OXMvXIHEO6c
OY2So-aRiqA
Oa1d8FkFEGI
OaDLVO5FFN8
Oh0Sm9KIo04
OjrRtI0QB-w
Ol9NJ-hrS-8
OlLgiNl9wJI
OmrwLGiUkKk
OnHdk7IuJGw
OoEe2Sv55bw
OpKnS5dnMYE
OpLn3wOrCXA
OrcYg2_KipU
Os8JaxBs-Ic
OvEBJkVeWkg
OvJRYbeu2QA
OwI-7LD2KHs
P5qWtu0R7-Q
P6-AJTAYJCg
P6u7-0_Talk
P7aPMnPKNIU
P7sNWha16lE
P83_SI3l8Ac
P8OYst9Z32c
PBdy84-jHZU
PC2Nj7novGs
PGvZHo3JY4M
PURSz5Npxww
PUVdfCA6H7E
PVP2tq0YsG0
PVn35oENAZk
PW-HGTpm7p4
PXC0spZ2M4U
PXE4f3v-ZwE
Pbm9EH6h9Mg
PdDQ-2EwTWA
Pezoq5WV27E
PfEqRV5-tsI
Pk-PlLTKcOM
PkrX6XrFp4U
PnxNFTHDTF8
PpkTZPMYzXw
Ppzpu_XTklE
PtAje0kYzZM
Put5aA-EvX4
PzfYgmxDMaQ
Q5TbrbInEkA
Q7ppyLg9CRA
QAjow8oDBJ8
QCmp_sGKOA8
QDUWhBdo2yE
QDnC_o6lMLc
QDtAHGfQnvA
QFdRDY6xF8I
QGEal1qwiJk
QG_3mhUrZfI
QGiSvCTno-w
QHBGiTIyf88
QLqzlz-THEE
QM4EvN1dObU
QMQ1eiQcogw
QQhvFGORpuw
QSyxotMRBII
QWru44-wOPc
Q_JhnrvyB34
QashzT89GNk
QkUbTAxJs38
Qs8OHsNm-W0
Qsl_yB9mXXw
QsoQLLKgeGI
QtTp7CH3wKw
QvVGgry-9wI
QzeSDEFxMqM
R-LAbbh0vQA
R02xxXZ6T2s
R1fx_nOLZ_I
R2JpjFu7FH4
R5ATnBMgPg0
R6_To__kn1I
RAb0jJYx01o
RDDg4zDxqGQ
RDuRp9Qy0Fg
RF02aErup30
RIc79FotwT0
RN0YUgMOkBw
ROtnQmg5N-0
RRcy7pOYQvA
RReiP-HNHHI
RRr-STDNWQk
RTjmp3SH874
RVoZKzJ-aHQ
RVw-xeLuUkw
RY6rqPmKWzs
Rbb1szVBffw
RcJkRXrg_v4
RjAjbG49nvY
Rm2i5FgFsFY
RmBW8kyTlMk
RneAJ7Lat1Y
RpRA6me-V90
RqC2fxbsaTY
RqNIj7a_zrE
RqRuNrEG4NE
Rry0lkggSnY
Rw-lOuAC7bQ
S1EEFauvwlw
S2xdwmPBsBU
S3Vc8MT0Nq0
S5UG6bOjp6s
S5ihYmzAmeY
S6TQ1hpJpCo
S6rBBAcm9fk
S6uDTozC_1I
S7xoMsTuex8
S9WFhzKVZoY
SAtMVLCyI6k
SCwU89bDjt4
SD8IEuK8_m4
SIfA7qAz7DU
SJFaR_65N90
SP-ks68w9Cc
SPbrhnBbbb4
SRfd8Wc1v2s
SS6dobpEH7Y
SU-HPiBIUwU
SVzLf4VuJsc
SWcHAiOJHbE
SZl35rvnlK4
SaFpr1VMfZQ
SfKifNNLk4Y
SfM5fEk11EY
Sfq7QWbvSXQ
Sh0hAmzwKPs
SiRd1vaBtlA
SjRJ2Kl-JZ8
SjXqKfO1gcc
Snk4-G4fS5A
SofS2Bj40Nc
SrY3eOdt6vE
Ss4reTcuqM0
StN8BlgYSQc
SvQIdfJo06M
SxLwB0dgjns
T5QFdZLkguI
T7Kj3zH-HfY
TCMDtsZLBPs
TDcor_lHCZc
TDhvYyMqDUg
TE5L1GBaqqo
TFCflElnSKs
TFO2evEZKNM
TI_Ne7gXci8
TJ4s18FRc2E
TJpJHjsbkGs
TMC0CBsb7GQ
TOPqVhqKdaM
TRbk5kuxUMU
TVeV7Lh3K4w
TXA6Oz1Vq0Q
TXvvMGrZDAw
TYKYAaGsjtE
TZ7ng1nVmrQ
Ta3qH_qHdR0
TcwEfkUoXOE
TdvCIhUUwAU
Tg9Q-oVXbtY
TmlWUEwnUpQ
To562HhoUgQ
ToZiVYsQY9c
TqAwZzUMTz8
TqXmAIQkM6g
TqzkBRXoK1g
TtDe1Yme4No
TtRbZQPNfsY
TuI49KWwk8s
TvRgzIFTYms
Txos4MWdeFY
U1DlchSen9o
U2zDLpXbWkw
U3E_Cj2nAbQ
U8T9WWBb8Vc
U9GAlPmAiTA
UC65nPMfh8E
UEWZLMqM6L4
UHzwV4oJma4
UIqkslPN5pY
UJd8g8skSWI
UJm4y1oxF0o
ULGNN65qLxc
ULeJi-ijCZs
ULn72pz6U2o
UQytj88387c
USlHHONmjeg
UUT5oF-6pqU
UVVPbIArYDE
UWM3Kr_BrOc
UYqsdr5Eouo
UaGi4yQ8mU8
Uc8295g2ljc
UcwLMaY2QKc
UeWkoT0vCgI
UeXNif1CEN8
Uf1XCz4Q_D0
Uf463-UqSwU
Ugx_xj_68J0
UlGui-ps8z0
UlLXlHvqWUU
Urmg5booZ7w
Uuvvoedltmg
Uw_1gKCTO4s
UxGJnVJrBGU
V-5_CmubuL8
V-RGk5DRuwA
V1rR9zAUD7k
V27wVM71zYc
V5EZ-MXMY_s
V9rfM1NLIlI
VA-n8k_lPxY
VAIguSFa-FQ
VBEhNEJowP4
VBH4cc0BCwg
VDBwiMfMDyY
VEZPUM7YWao
VJYQmg8SEM8
VNVNc_BVSUQ
VNoSwsai73g
VOfQbd4iGiE
VSPBjekOMg4
Vd8DKgc1k3M
VeXkY-1tDYY
VgPmVXMd_BQ
VgzNEkAKWjw
VhoC57uN0B8
ViDiFXe9Wj4
VjJv7F9z8vE
VlN1_TEzwWM
Vm3D6oZN4cw
Vm7YewUfIoQ
Vr2Bj6KAnDI
VtuylYKmPSg
VuDHzrqF-z8
Vv1Un5oqjds
VzEkCCpvI_M
VzQ0RZIUhGA
W0VXstsov28
W112HDrHWIM
W39iOfloCrw
WBO4lJIuMgM
WBhNijAydHQ
WCGYSRzZwF8
WIjFhCHueW8
WIohMAOdsdA
WKcnlVCK7q8
WPKFIVhr2mw
WPRty3TUDHs
WQoEtwY-Ry4
WRMLYJktb5U
WTWr-_b9cas
WUCdP_QzTA4
WUPYmmSa9gs
WW_V6DP3CN4
Wa9j0cYbnAM
WaM12ox2ZpM
WdcbmeW_w7c
WgujeUwlY28
WiTd5NXyJLg
WjAI8E_vyGk
WjMbk6TUubI
WlNztdB0rNc
WpfkYQPpUiU
Wqrf6rV_L14
WrE3b26iAQ0
WrkEJ70VAkE
WsFesWvA0kA
WsaD5oa0nNQ
WuEhWY75BHc
X-T2Ed_mXG4
X0ZCQDoexUI
X2rdh41J0g0
X4bej_F0kZA
X52sam3w4wA
X6hHbxqNkDA
X8rV9OWENhU
XDfMLcc_OMU
XHJ1xhvcZR0
XJQFWqz6riw
XKTwRVtisKU
XLcxIIgeLK0
XOWX0pUAbUc
XQOcV77bGbM
XT0ElRgI8kk
XUmaqBhunhc
XX1N4XHm_OY
XXGimyZpAXE
XYkjEfdUg88
XZgz-TSDo5I
XbcoUmNafRw
XcB-_94355U
XeBU-MKlWI8
XhUI064H-jU
Xngla5PgjEw
Xo5jQivEB3g
XpFW7eY42rQ
XpuKLnl8WAA
XrIuP9wCfU4
XuM7GSnc2TY
XuuPzTxxeIk
Xv-_3FJL0ck
XybzlZ9yhno
Xz9_wBU8__w
Y-RFpp7MSWM
Y0X9qmn404M
Y2JHKyqCbeI
Y32HerzkuP8
Y6zokGAbNEU
Y9CQzZzWBj8
YELC5mkI1zQ
YIHBmLaE6eA
YK0_Q_HjusY
YKTwUybatiw
YMeujm7v1mY
YNR7C_0a4HI
YO4fnD9iEWE
YOTinx9OVTs
YPMPMLjBaiQ
YSh9zaZ1IFg
YVBzenxw4-c
YVeWvGZVtSI
YZgebzbsDRg
Yc3WaXuEMBs
YfbIYAH88vU
YfjnHep7pZ8
Yj19ufeEGeE
YkDtsbLdNuI
Ym4An5bqqxk
YnkkVuvgi8c
YpSiAHiCwqM
YqCRR2tDJKg
Yqj7V5MCSzI
YsIYl-LZmoM
YsKYCDL9mIA
YtCQ80rsT-c
Yv4bi6xh9yE
Yw-CDvghpHI
Yze6xPXCSVg
Yzn42Am34Fk
Z1S7sx8EHAU
Z3Bg0ujho7U
Z3M9vUYjCLU
Z3wBNHJiaTY
Z5wQvGM2AkU
Z9BRKYLFwJc
Z9JuiMe3nXI
ZD89KYsTF-U
ZDDcp2rUMWw
ZF3JXFfLK5M
ZGIOllPoOG4
ZG_-qNC-kL0
ZHbSmO_C518
ZJ8Z8NbaJv8
ZJKgmx79Lb0
ZJUfVHIKGr4
ZLDBpfXFy0M
ZOpOjmW0uwU
ZPL7YBh05yU
ZQ6uCh4QH-Y
ZQipxeylV-w
ZRzNbrvwy0A
ZVOH6VXEfdo
ZVuOG5H1rNk
ZcX8Etbi5HU
Zd3lbfknuUA
ZdrDuwQ1OSY
ZfGc6YDWsy8
Zh-lA05FDC4
ZnKqZZOkSTY
ZncARp2-Sdg
ZpIdTKwqW6o
ZrL35sd1Pj4
ZsxxFQe1t88
ZwO0_tTTH_8
ZyUuzg5nioI
_-ImMY61K8k
_0NCwcAe8mc
_0Xp6cl9YQU
_1BHrST6Zfw
_3CuXqxKRGo
_3fhHt23sKE
_4mMcopKTek
_8B3_inljJo
_9pRKH4V_-Y
_C9Z8eBB_ow
_CZ5YLLOK9Y
_G4q-i5zgaM
_LCrYDEmPMA
_NIRJcIOzqA
_NxqjeBqBQA
_RP73lRvrhs
_R_79k363PM
_RoLqUunNC4
_TBUndA-Bqg
_TLifFA9vIo
_Y9a0PdYJdQ
_bNVmiyB6TM
_cJVjS-5AFs
_f4OwRdbuR8
_h_o4vCtX1o
_lpufaUYns8
_lw4tsepfK8
_mkw-0-biOA
_rT7N_GhHJI
_rqQoXmJy08
_vbMDn7Zg-Q
_vold4GF510
_yR0uPlUw-U
_z5k0ghjA-8
a-S-QYsVjeE
a8BDy8KyXUY
aABuwTHegpo
aC4cyZcPaQY
aCCwNtJ-bjE
aCXIA8E_rFM
aDaNiQX9FqA
aDtk4Q-Q67U
aEMskimd0Ys
aE_5JnxvdyY
aFKO3puMkpA
aGvngKMXi9Q
aHWokZwI0UQ
aIcaeT2yBKc
aLEFA_G9JeQ
aOCHbBvbwX8
aPFHgqm7nr0
aQgRPChZwDg
aQt-i4GrCqg
aR5iEq_ApxY
aUFfVD6L0vQ
aUfShTWLlLY
aZ42JIvHmNk
aZWb_5mCoss
acTIkwuX_n8
acWLGitCnks
ad_5WU8K4eY
adxSasHGJG8
adzW8AwOE3Q
aeM-VAY_hSg
ag2pSAtOLEM
ajhOBE1jrcs
ak9Lv8DdK1I
akH5BIu2Wbw
al5HTEcCsuk
ar9FPlGLwuI
atzm6hWmQk8
aucQOUL5CiA
auw_weYBjM4
azZ2b1UoUEc
b-Yo9kS6MSo
b-wgUonu4VE
b1EIuWQXiY0
b4DKBbS_Ifg
b68gdpkYJKo
b75ww88xCpI
b7KHkM6olG8
b7aYvKj7NV8
b8ybp1TfcLA
bAQiSVsnQtM
bCkYYAiyUkA
bEqcqIPelJ0
bFuia_j6j3g
bItuKRlhlHw
bLfWFAGANwU
bNjlIZ9wSLU
bPgeCu98XOE
bUXJ42ku-Pg
bVIsVsB3PSA
bWbo3Zmxmbk
bX-jkaeO0tg
bXjnhr1TMDM
bYTAXCZlaAA
baTYai6Jtnw
be7ooSg7VqM
bffgpA5mKSA
bg5z6d-65aU
bhbHRPg3i54
bhv4yLlnLqA
bjCEtlfgXMw
bl-1Cma3UEc
blzcJ5LKNek
bmEbzGkXV38
brj6Hylz4aI
bt3LBHih6p0
c-yorRM7pZE
c1LOFC6j244
c2uu3OCv2EM
c3iUQTKGyiA
c6ATsh5zpTA
c6sOD0i6_OA
c7X1rXTnxRQ
c83f_vd-Umg
c8EbO1siXaY
c8jKx5uYgdI
c9N4vbdqe7U
c9se0kjDWXI
cDE7GjDwsIU
cDkzxk2pv_s
cED6rnSrMbM
cJ-_J5OP430
cKWRE3BzZaY
cLKQ8lNNWQI
cLWHBPSqUnU
cOQI0sRhHwU
cS6MdTidb8g
cTxoYu_EN6c
cXZj_2Xswg8
cZA8pztT4gk
cZOaeb0mHHs
c_JeWOP8SZU
caNffuc5mVc
cdUE7dAESjU
cfz8JOSp3dQ
ch_NndEQ3Xk
cibJDJDRPSM
cjRYtnW-tNc
ckVbAgJN-rI
cp1dYyHnaHc
cpQmD92e4K8
cqGJu9iIPFk
csLRgRYE-J0
cskStMZDWwI
czOyycVReKY
d097TwL5l6I
d3IAMqAUzZs
d7RrsrLGLZk
d7txzRmCD4s
d8NPKB6ikP0
d9ZsmEuDU0Q
d9i4XruqdJU
dAp9LvatZ34
dExvpncZaQY
dKJCwEfm-Ow
dL9CK_0_whk
dLe6gb5XbZg
dMY_GEEdHR0
dMZFV93euhc
dOequYO_g08
dUb7b8sEZ-w
dWkMTWi-vow
dYXvIMvIBdI
da9rSuGvr7c
darmEUESCnI
dczLM3tOo8E
dh3ExpmMyZQ
dl10f7bkf0Y
dlkTs4VUgO4
dq_9I1u3a-I
dqp-WGq7_1o
drNH04vT_P8
dssHML2LN7s
dt1tV8KuuR8
duse8Ql-fJE
dvREQdszJWs
dwyNB6nAU8Y
e0H84UJIRyk
e11sc9ek_D4
e1BDupg4dOg
e1ttDRzhRn0
e2ictF6OODY
e3-HAaME6tw
e6E_cW6weiw
e7Ct5WtaXj8
e7WG2Kp7T6w
e9V9G5XkvrE
e9zqnibsD_s
eCQmfUIQUpk
eD1L2wJhN3w
eIHceianjZ0
eIf-t6Oe4bw
eL2hL3u_usk
eLv-2Bz6Uoc
eMVyfjbjlk0
eMdu9PqcWVg
eN-wYhtUls4
eOlZh_BlSCE
eOymYBTzZnA
eVH2cjEY1pM
eYWdipt8lSI
eZEYslE3SBs
eau_pspLbUc
ecmifdyZBKc
eebDFUxDooc
ek3QUdWmEuM
elytBO9fiVw
emmVXI1nkws
emnh_OjyHGk
eoPUjIslKU4
epD220mSJ60
erNhC5j8F9Q
erZoEh1dZL8
etZG4ax5oyw
eysGfoD7Z1A
ezb6zj2sbm8
ezrLe0zE72k
f-j41_CCJ1c
f0zRvCu_BGk
f27HAvGB4dw
f5jOc9ZKzts
f6O_EqVWsdw
f6R1KER4KZE
f7rWsg1bUZc
f8WWp0-wIEg
fC6gDTNA5B8
fDgLpDqlqns
fGSM90TpDao
fHY4kxIezCk
fHkZiOpiBAY
fJ5FizBRfz0
fK8eZkfIHrM
fKZedSWm4V0
fLX2KdxbY9M
fQaHxKMMyac
fRjnoebJzZg
fRrOUKsY6TY
fSOWwWz9bCk
fUEhcdh9e6Y
fUs-IKRzDpk
fVHY2Yq3XCQ
fViL_2_B-W8
fWkxauu9TQ0
fXeclAD7W-w
f_y4LH6V4Uc
fa8DFOGbU1Y
fbnkoVzp2cM
fdtzhiePpu0
ffNQLuJEhSg
fjgRGMO0P2g
fjkR20W3cdM
fkGkcvHF14U
fpkamzT-RUs
fwVEGoyw6Bk
fylbKT2q6uI
g-zFwjdJMi8
g0-x1aEbxlI
g1ORmNJOnT8
g2AUU0xEhOU
g4074147-H0
g4sAjqc2LlM
g5ZS2UbFBw0
g6gkVkoN9JQ
g8XpBzOUYiE
g8o3tWSs5nM
g9EToZEgzLQ
gCW5bTe4ubY
gHY-eruV5IU
gK4VIfLhPNI
gKONqa83y7A
gL2r21F9jhI
gLyPbY7YbeM
gMHmtahtMPA
gM_Xvtvskxw
gMrXNRqvvuY
gOPff3ky-x4
gPOtHWURWT0
gRIlAkE_Q9E
gTc3xq3xQhI
gUPdKwWt7f4
gW7gku5sbiw
g_kHdK7x1hE
gat9kKjh8ys
gaxvBgXj-5c
gjWvGBUTVZI
gkNyKA_tnVA
gkcpXhHr95M
gnQr6Hsa5G4
goWDnjdSZVE
gpGF0OXRdzg
gpUWJYWiFAk
gqLmJvDW_6Y
h2xLKGwP5_I
h3QmfOH1xZA
h5LZeKStRuY
h6ZM7USajNk
h86lGqWQpxo
h8lU299RvUA
h8xLKWA7vv0
hAY8o2lRpTc
hCU5EryvIhY
hFARgwvmkQw
hGX7o6mbkls
hGmDMqiN0t4
hH3_c3Wl2jQ
hIzSKkaLvnE
hJHS9YC1nWw
hJvZ89mzkpE
hKAx4LIGnLE
hKRs1RCdVaQ
hOO6jbyd7Mk
hPpfrvX4BMU
hQoroL6jEjc
hR3OPx-6u6o
hRnDC80J_kY
hSwapoqjQIc
hUAR2aSgX8Y
hXloGfEcadg
hZC7LSFyS6M
h_ZwXvDT_64
haK51-E4mLs
haK5usMAhF0
hcA_khB5rzE
hcbR6nLm41U
hf3V_iBgyOc
hi9Hb408Smk
hiFrSafOMSg
huCP7PDAoes
hvKHviSCVG8
hw4Hqf1rC8s
hwK6JyLdQg4
i-OYlqWasMI
i-X2Y8w64go
i0DIA3E6yx0
i2IZ8e_ZIys
i2cG4AOx0Zs
i3aYmDUY9k8
i7Eow6CPdDk
i92ME8xG2is
iJ_2E3wwHK4
iLvTCchLeJA
iPer2fGu1Ms
iR9LbgBP6AI
iVqphDa42mI
iXOas_HBTDU
iZ8L7qjkWHw
iacdft8Ii7M
ic0OP0qzThs
ic774f8SLwQ
ievBVCeKE8w
ige56zzpKKU
igjMDU7tPcI
ih04HWjvkE0
ij8dH6cGlyo
inOlEY7NNjQ
infJxkYr23k
inlTYdta0Vg
itRt648Dt8E
itcWDGmtAO0
itqq0JNOLtI
iupawuTSYRo
iwHJMjljqZ0
iwMkOPJzgHQ
iz-juekzf2U
j-VMQjXH8kA
j2dJnPUyZRs
j2mpfLjCpF4
j6qGF0dZ50A
j7FnZ13YH2g
j7WQ3aH4vAc
j9QxKGNXojE
j9q1eTV2AJw
jCPIcZmJdoQ
jEMvX_YyYFo
jF7cU9QT0JY
jHSiiBphkXA
jHcRiUeHT4U
jHhVqPxNBJc
jI1lyUXNV14
jJKloTsxglk
jJXuBTXdRZg
jOg8GRIiD5o
jPKcj3beU5M
jQmWBJSugIs
jU7Ym83JqgQ
jV1HJPD47IE
jVyJwPMcKRI
jWjsmxiG4Y4
jYkapA1z5Pc
jZVAHQBA6nY
jZjyPG0NC0U
jcCXx8WkwSk
jdGzpQuGlDY
jfM92NF1TVg
jg0iLuY1jxA
jgKnGq8FXpQ
jiuufKMNIDY
jkM-1uL29co
jkqM8KOATrw
jnQwoDLk0fo
jpN3w8imkOQ
jreYQoDlZaQ
jwh-qq22STo
jyFVpwcesq8
k0wb0VTbdnc
k1HdIfnYrQk
k2burRl7GyI
k4W982HemRg
k8RlF78RVdE
k8hjqv1Nryg
kAtksblwFcE
kBvDXa3uXX4
kBzaxtIPPlQ
kDpRZEpBgnA
kHeClB2hAeU
kIW7kway7do
kIZxnhE2Pq8
kJ3ZuGKPWPM
kJlg0gQC6M0
kMKH7UTIC88
kNn5fZnJvv8
kPY347COdhY
kRnWRHn8RVU
kSD5BmK39K4
kVi4LXOhHNY
kZgTRPMhKos
kefPLFFR3HM
kfMyizGFoFk
kh2vc5vdjT0
kjckC_YvAPc
klasT5QHlWA
knr3n4i_n9E
kpJ7xIQZ34k
kqV5MuRNmPc
kqauToAN_b4
ktjNmvBF39o
kuk5S4JAmH0
kuvVf_pnOio
kvk2lPMmtI8
l0PLoZtlZ5s
l68lD2Saj8U
l7ecCf2T__w
l8e55xT2-Vo
l9TuXeLU2Q0
lB3VAWudnhs
lC13PORs0ds
lCyRW70TMqo
lEbaSvknVjs
lLWBDfWL09g
lN6e8u1uvfM
lO5-N5NmAtQ
lQZnIAp_Q9Y
lRARG27mxaI
l_oUqQ7ItTY
laD3wIR7v34
lfF1dwtGTk8
lk_Luj1AzDg
llBSa9q7-tQ
llmAAaGukF4
lnTaexSJ9NU
lqZMvHRQL5U
lr5y_hhXywg
lzDIBSsGVso
m0T1npZzK60
m8yZOyICCAQ
mAD-r6m3FIg
mAprl5ODd6s
mC8hB3kM26Q
mH9x4VAC7JE
mHwRP9JJkPw
mJkR8g3vszo
mKjrkIEJnBc
mKvrhUzH4Q8
mLpLNNxAZHg
mNHeTZ0mnaU
mPcBp1VZjPs
mSGN070lzN0
mT0Y_YMWd3M
mUqzUKf-Yf4
mVJKb7l_tPs
mYeSE8YNsMA
maAFO1B-Cxo
mbWQlvAv_eA
mbbb-Hpsrak
mcFwiwLHi_U
mgGB12WTbPs
mgMgeRE_EuA
mjO4Y9eXhTA
mjVTu_HbOh4
mpOrYAfbtPo
mpaILv-IlWE
mu7jj7HctWg
muBlUJLb9U8
n3BUk8v-0Xw
n4Kq_n0ibgY
n6T5Vpu3OWM
n71NUd67Fuc
nE-PDE08Hvg
nECdIwpp2ro
nIyQGlR9MUM
nJp8G1hmSlw
nMiF7XKvdFU
nNMwpuKmyXA
nP3vwykZyFM
nS2Men-S1eA
nUvmkXePfVM
nVzag34DtQg
nY7JIbUZ0LY
naW4jCel5Zs
ncoc0T9kxjQ
nejO1eEFjzc
njhWX_6YSy4
nriO2ARZJ60
nuZ8yPLBqaw
nw9O-VQi9ZM
nzQ_1EmCWdY
o0AqYQNrSEQ
o6xVPJSSQes
o837FBbro34
o9YKYU4jcd8
oBHZPBv07MI
oBSpidERCq4
oBrTjhnBIIY
oGFwJPTU9f0
oHxCJvw7k1Q
oKFdAOKq4Lk
oKXe9hnw13w
oLojvy2DcEM
oNQ5rGFmXS4
oNyHOOj63C4
oUxDNMqgKnc
oV5ow36pKEU
oVI1IoKRDs8
oWQWMzPP0Pg
oWkuohc9aD4
oYKuuDqsmvU
oZxMN13nO7E
og5tHeYtqnU
ok87t-3LWs4
or3s2YPM5cQ
osNDbjHzwM4
ostD2jMUQOM
ouPGrISHgvg
p-1VTTF16-8
p-5cK-gG6_I
p0AqdeOAft8
p0loRk1avvk
p1Jy5E-wQok
p4Ti5TKtAqQ
p4fgdfFoAPM
p75SAt5kOKE
p9SVbVGpa6Q
pAircCcVyZQ
pBUfTU0QQUI
pChzvsBhpYo
pIjerYfw1Ig
pJd14dvs7vM
pJvFMCm5LSU
pKRzdigM744
pL8H801z8qY
pMhBvpPBNy0
pNaDXzHex3M
pNlhJyhpEt8
pPRonXnLudk
pQvQmDXO5KI
pSExtygj4Vs
pUdy0giGkB4
pWXe6BSoAWA
p_UUU_fMqww
pbhwoxYRego
pdAQ9ZZZKtE
phU33n8qGq0
pjDtq5sUK9U
pjRTbJlHhKo
plmbGaJWMh8
po_viiZCIow
psItXdHGIEI
puI0fWVXRHs
pwaYiTKbr2U
pwqX2T2kKlY
pwwdyAWTIXw
pzI9NLOq6dI
q-zBY-6KWeA
q81nWq7XB0Q
q8cDbhKrnCA
qB8B-16_D74
qBrTdqEq5NA
qCoql12UDtI
qE2TQ6_xgpo
qEox_bfuTRI
qFK6y0nDpmI
qNIq-U_ZCYU
qNeKsvbAueo
qSOEoXKKH0o
qT90DjQpsME
q_ELQut4Xb8
qbLE2NYbU6w
qfp4SOAQFSA
qg1ymdRl-0w
qi8NgnQci7c
qiU5pRziHxE
qjDCrr8iR2o
qjmN5iL8KXc
qk9UTXypoAU
qnQh8oadbHs
qnkDdhcdXJQ
qs_qYeHb84U
qtxtmG89MQA
quFhEonUygA
qwY5wAHqeH4
qynOiYsbYJU
r0ZfThVijfw
r2Fqmh63wok
r43d1dYg0oA
r5NRxLGCXO0
r812S6NAX0w
rAimvB0ToT8
rBsKseVPMt8
rH9me0QPGMU
rIB0deMQfKQ
rKT5nVDZwbc
rMLt7vz9NXc
rOJDT68KrGY
rTlHwUOIZnk
rYRzMb2GNsg
rck8dT3gcO4
rcvoPBFJuoc
rfFvU4Mlg9s
rfvVyo_rTio
rhdNZJuZKKg
riSF8IKtlaU
rjgel7Sb95U
roZe54VUnJw
rpGyLlannc0
ryxaH13R0is
rz7AVsNQmpI
s-oRI00p8qU
s534o536R5s
s5MhhOKhOTc
s634PAYIMf8
s6BFjBgIHUw
s7scIPUV_3Y
s89vyxllJ5c
s9yxnbuWyoU
sEXF9zSpZgg
sGosByHvTw0
sJl8uld51v4
sK8cke5JIuM
sLDQ2_7bfFE
sLjp59_8Sk0
sNdhiHFPf-k
sQ0I36wb4iU
sRb3-DyOpbU
sTENlJYh_D0
sUbt3b4nEI0
sVqYHqSniJM
sW3afIVx6zM
sYpTDPZLUhY
s_KzyLmM8mw
sabW-zeEOos
sbu5h335XQM
sh8oR5d2bqU
slHxWZiYqlA
smzDhZFANtw
sqH_SZ2BlVw
srLHtku-4Pc
stgvj27TKyg
t-q31M_8UvI
t4txLBCSTFo
t5W3qQDkg7w
t5nJip6lKz0
t7P0GEK82OM
t9Q6MN9_UZA
tNLQLp-faWA
tOFp5XCrqGg
tP3eXS6E744
tQbOKOn4uZE
tSOtyYIvX0Q
tTKsRwFkW5k
tUeRAbRP4rs
tWR4XNOCE1I
tWs3g_ka8j8
tXU4MFQy52I
tcqKebI6BOw
tddtbrmi3Fw
tja-HFrtyrE
tjdekQK3HAk
tjmIpNlynKU
tlKW9eElA5k
tp2jTNqvZtQ
tsjqBl21JkA
tvLg8dNEnLk
txmmGUZOGWo
tz-GBrb8buQ
tzSNgmRmnoY
u3whdpmaAjk
u4Z71cikIns
u9Ox6F7yb_c
uBzq6wZjzw4
uDXKtcyZiSM
uGS9nii2vjY
uGbl0BYUkzo
uHmyyUF1_qU
uK0kedDF6z4
uL23-3sDKE8
uOo5fi3lasE
uQx_Ib3XbGE
uRN-ZadNJ5A
uSMrTvvhmp4
uUesMXMZ1HE
uWjl-NPJPHY
uYA43vDHrr0
uZ3f0qHdFYs
uaLWWmmTnk8
uaXyqkK4e5g
uaue1JUioGM
ucFYu0rSPNM
uckbceAqcrI
uet0rzjncjo
ufGi8eCwR3o
uk6II2_KtiY
uqoOmhXiHhI
utrRqBEXf1A
uvwZ-nHor-U
uyLII38Y86A
uzFMKevSO34
v-nG6eJOOHY
v-x2lC0y9xw
v2UkY1wPtzg
v2fYeY2GRS8
v32KP4IJ2tc
v8emwXVgPhM
vA5kMyRnsXE
vAFZvSfnVbw
vCawvwWnXEo
vKRwSTl5Ujg
vM5HsMyq_2k
vPVVDjQQ9EM
vQ1fZ1XTOkU
vTZiyc1_xLc
vV0odSmrUTc
vWsl9n6Twa0
vX2pHgimTao
vYRJPNdwczM
vYXMGHbD1F4
vbTH_MH0hHg
ve0iO19jYQI
ve35ieLLddY
vgTxs7b6qfs
vh3WfdCaoIs
vnFh4MS7QUg
vp5Oi6w6pEo
vpVouqLM4Jk
vsmi-Xr7tWI
vsw2yzBNnZE
vtETUbax_HY
vtHcNoJtGNw
w0VdbxIrpMg
w1xhcAS_d_M
w3-oJzDQNkQ
w6wMZ0Yp43I
w6wsEQf0mVQ
wCVLeG-2xUQ
wCXEAMLHtsc
wH6bmHZxvsA
wJuRProTxkk
wLACjd6mGZ0
wP8bz4XkgTk
wT7b5CUdKko
wWJZoEnUFXI
wX3COEybRfo
wXvzJu75Nrc
wY0n-BKNGIM
w_sjLXxC8r0
wdT2SMmfypU
we2pCrGU_ZE
wfztT-Smfck
wgYRSESt3RE
wh0cKKJ4vgs
wh4JllXePow
wl-jSz81YmY
wl8fPnOiOHs
wmEhVIRzNlo
wp5y0CxT0g8
wp9H94H-Ehs
wr4u-N4TZNk
ws4hQxAsjz8
wsA7uY98pK0
wuv5Sl7s18c
wyKJL_NJu40
x-yU2yJFjs0
x0NRuUySGkg
x0d8eWpPTJ4
x1kbcUrcmnE
x5oOTvMbksY
x9co5x-LWfY
xAgKaEIVQwk
xCq9s-vQT30
xF4URPImhak
xGSdSgoaA6g
xGeoM1fynHg
xHWbRVN8pP8
xHsp6mCFrbI
xJaa79JX-eE
xNVHZ7nkmOI
xQrx2ySqDLs
xRXTnpyEBWk
xTB235cIClE
xVSq803Btk0
xVwT9RTM-C4
xXlzl1goQVY
xYDNqtfOuek
xYIPVnfGLCs
xbyVDvUWWO4
xem2oY3uJ-8
xf9Rl_mN5-w
xiIgfKGHmv4
xjJhCQcSR6o
xmj3UdvKCoA
xmvuUWcOEBI
xnYUtzFdYfg
xrLbPRZsihA
xsXcbuIOUOg
xtb67lnK100
xum7IcpyGaQ
xwIBna476kg
xyTdvukGl5g
xzbEbtCqGNg
y-9rhV9ED_g
y1dpFB3koEo
y3SMNBsE0A4
y8SAXncDWx8
yA5X_1BKcWw
yAuWGGqKUkU
yElHkFTJzSc
yMQsPWTwS-E
yQ-vh0lFgZw
yRxfCkHUNBI
ySkwgNLEhq8
yVR9zyxUhnQ
yXdElvkcu18
yaTPztRbnQc
ycZDfx7mArk
yfC14EszhKo
ygpeiXDkid8
yk873oxj45U
ynFgjbuY1IU
yqgnY4adq5g
yrXGLVrbKmw
yuawAq513qc
yud8lzo5Erw
yxXD1cud85k
yxsfaIs2D6g
z3-7va_ubJ8
z7flkMlXBhE
z7klJxKklCM
z7nwu_Jf8yI
z8k1gW4KjVA
zARsixhJpn0
zE6IerZ-Jlc
zE7lt7mEKOk
zFigljNcMuk
zFmXEJ3Xro4
zFnV6TNZrF8
zGYxXfI5cPw
zIlI5cLSb20
zK2whr7zD_M
zNJAmaJy3GM
zPfiqw3S05s
zRE8jSDmoBk
zUDKTxlaGks
zV6dVec0yPc
zYjoEC6AE08
zboLN7QdcTg
zcAY5uFcNCA
zcwg8E0pCwc
zet7Go6GH1A
zgrh3bGmdHY
zgtE74yei-U
zhllOWy8-Qw
zlvM6Sm9bnU
znjXdnTmYlk
zrBLZdSObrk
zuko1tq1oTo
zvAvfanY3es
zxvqyEspo9o
zyP2ftKJO3Q
zz4ei-tkvII
zzd1iUOlPHE
