--5pQ67PE6A
-BFIdts8xYc
-GLGejtawoc
-JFE-vJ6kjM
-M7FWIW0nB4
-ShVCJb2Jig
-VypwPi7h7E
01EsyP_7FLw
0BU9idshsls
0Z_w6K0Vbuo
0bXPaUj2VPg
0ikaBlj1vAw
0l5HzckvyZk
14ALiMcsXB0
1N0FRZeRyYc
1XL7j7L5m68
1tmQLlrA8nE
274IyyXHO3w
2tKUNYJQr6Q
2yNYcWtA-IQ
31Ur3dJd4Gk
32Q6T3VIkZE
39w6FlpjdAI
3doeJiOcSxg
42oTUw5mW9E
4ZT4xo6Qbkc
4fZ_uKbXvtI
5BUahzY7i2w
5Xs-FpUzH1Q
6EW5OEc2-v4
6fsrUOCOd9U
73W10N8ehaY
7XM_ZW52TlQ
7vCAwTAcook
87BoQgqwP94
88FYI-SctLA
8hSCS4FCMj8
8mEOKI49JGA
8mztE-dhh7Q
8op4m4INS6w
8svvi0tLQZg
99IKmbze5f4
9ELmlTKqjQU
9PPK7pEeMhc
9Ti1xYfGk6k
9f7loryLJVY
9hWPEMZoQ6c
9ty9epuPk-A
ABb_gEKgX8Q
AfLZySXuXDU
B2Eqo9D3ULk
B71G0mbmo5U
BrQQCFIoC5s
CCdfpUYbMm0
CRrKMP0ak2Q
CaVX4coTlkc
ClERTatwQbE
D2T_zSmj4Eo
DHbuPfX2edk
DZ33Myq13tw
E5Ku5s-qatI
E6qMeZfUPEc
ESMynwAq7QU
EkEKTwVOHxQ
EoTIW65pXr0
FNX62X1-YvU
FW7rA4A9CN8
FYKAQNfN7B4
G8dFW8zRVqU
GCJVVQxKdxc
GJ9Y59NucZ8
Gso-dljBrgM
Gt_af10__eA
HEorYg6QfPg
HPpRsNph0uc
Hk1E4jpq5_w
IBt8xl_7e1w
IE_PRtz6VnM
IKY8acf9nSw
JGIDsE1pCb4
JUSR5ZhVl9E
JtGhk_4eXRM
KBUrrvi9FSA
KdZsuywSNP0
KrSW1qeSkVU
KsaXLHOrqPI
L0XyTwK3VnE
L1vNvb4k32E
L2KI8lpS1SY
L9PK3_G222s
LWHS4MfBoA0
LYth3B1OWU8
LfgwY_14lHI
MO1okmfi7ho
MbQN00Gseso
NQ8SoFA6O6M
NlHoFTyHzQk
OCqFjvtJdsw
OFG0Rr8H0u0
OKiiu7TZQs0
OYDHiTGHZ-k
Owim7jUd4-Y
PLF6JNBwT2Y
Q0ih3PqlH68
QUQDRC--FLs
QnnXQcgQkC0
R23-oiOVjYo
SE5Dij2f60U
S_qOpnE9Q2Q
S_uuTla6rqc
SvnB5G__wQI
TEb8RP_dn84
TMz1OA5stSQ
T_zB67kaBBQ
U-BL74tGGpI
U6F5as1TJh8
UHuPso5l3uw
UkV19XweiJs
UmOzgrmlu5A
Uq7onQoXV4c
Uzw2ItoTGdg
VNNvPDgB9IA
Vvy314bKH84
WJ8m1fz2ErU
XSNfljpUeh8
Xy1dKnFqUUg
YQZBzBHawQ8
YQf6NpFz3V4
YZl1tc7qUvE
Z7L0KWt__4Q
_1A5pHH7cGw
_Z5v-J92yE0
_Zb-SuPnrqM
a7NgJJnSmFI
a8KW8sB-T0Y
aIwCCufcmrE
aMa9xjZRWwE
ai52BzUE-HM
amsILkIg3TM
an1rI1eTeRI
bDsQJMvp7OE
biJaDGO7BZI
cFNOGMIXOoE
cKg4PiuM5VY
cbkvtxKSc7E
cbo_8ejG9q0
cfJj99Gcf4Q
clWUtzYQLbk
cyoVMPtbxpw
dWnhkEFRzFQ
dXASQkvXDlQ
dbCYsbb4C58
dieZNT9aMek
e37XNBj4lmw
e7t4slYp4Dk
eCxUpM1TbGI
eJzAUHwcuAE
f-fdb2-i6yo
f2bpdXJR9Qo
gMebcEgwc3g
hJ24HlkNv1g
hfyj_lRil_U
hh9k7O1vxVc
iGM2ICvzYP0
iPscIJMPGuM
ikGmoTIok8Y
jELGoXSfukU
jNXji6zCPnc
jxOquvFod5o
kD9p3pXWKfM
kI9hdFBA66Y
kNDkfcSjr9g
k__yQnHPXlo
kaDnnRuMayk
kv8-SmeJe8U
kxCuyD6u-hc
lLLuV3WUY1k
lUpq2Oa-pnc
lXqrmQtjbVk
lnCfZzG2RPo
lr8Tl3qm5E0
m1NAeCkaEbc
mVtS-QOFvqc
mxqGWfmxhtc
nUuiQ4VJcKE
nbNLlzyszEI
nicbC49LYk4
nsAKyOZk_CY
p7Tqr1GFvCI
rAoFtoqey84
s-ve08V7hRk
sRPrcO6NrLY
sei-UOPjAB8
shkC1irw96M
t_wy4JXwyU0
tcRFfox-K7g
tkr8PgckR3g
tlVN5otSTsk
tqzZHns59sU
tvy86Jphvvg
u1uWW_p5xjE
u6qGwWSRTQo
uLv20oZqWUI
uSsKIhAQ1G4
uTGc_JAPLIQ
uqi3EK1EWOU
vKWJb-JifO4
w6AFsvBQ9UM
x4MpBk2ndw4
x8QIKc7hlEM
xB1xdqS2FBg
xVcjRGNo4xg
xwTZBIM90L0
yG5ImyFbK38
yK2C-iDfraY
yKf_q-QYLsQ
yV7rJGm5ArU
yXZfy05ZRM4
yjoPPW86PY0
z4LDOxDnjmI
zR1OSnSMvDg
zZICEQosPaY
zdCbk9i8Xz4
zk_FcMnz4CU
