-2L4xheLsgY
-2aOlI9u3SQ
-3yY3S5tQU8
-69flO0SW8Y
-6EAmhlV6RQ
-6tioR4iCqQ
-6xs5fedigc
-7ZYWQI6Hcg
-8g4j745iBs
-9KTZKdi8uY
-9qCCVWR51o
-9sZN21XfLI
-9yTVtiqueQ
-Ao44T5ljlc
-B4GR8qs-G0
-BLhF1fQeoo
-D0S8SGa5dY
-DWQ8XXcfLw
-Eq69EYtaP0
-FQoxxr2w9Q
-H14NNUYwVc
-H85bf_pPYU
-HB4ICifqhM
-HGmF2QDorY
-KFKpE8gUoQ
-LPqv5Dgyag
-M6IlD_9-UE
-MMZCVL7wHA
-MmeTKMwpvo
-N7KwCZCITk
-NSnaf_G_3Q
-Nf0d_XZUWg
-OtwHGORo-8
-PRXpsgrXxo
-PsjJn0ZHRQ
-Q7AGmkNFqw
-QeaKgOqQtc
-RzvSRDROdU
-S7Y56lrfyo
-UUgT1e0zm8
-VkUnZC1xX0
-VmF2NVBFOM
-VwUI4gq2w8
-WajmPCcEsM
-Wv1b0cBwBM
-XHAAqP68jA
-Y8bzZM_Foo
-ZSY2Dsf69Y
-_ClG04BTCc
-bKLXQzZXLk
-bxUQMPS6MI
-cT5dReLcME
-dP0BG_qiQg
-esMHD6T5_E
-fdReYePGT4
-ff-K0DPpP8
-g2qY4MkYD0
-gLUCNHrOJg
-hbOJhbAZIM
-lK_yYPWsfs
-mWd_OLDWc8
-msw7mJPF6A
-ncvtj1Ar1M
-tao-BGNlT0
-uTUDp2jE8A
-vfs-cDi83E
-yp7iURBkbM
-zbPeWhc1wE
0-3hZDPd_gs
00yENIgK72M
02rMO2Qrffw
03xWRKuOhoQ
05PsV7JXBRY
06RU0qHdnLA
07mSNQQreS4
0813u8uHBm4
08FO7ZTDw8A
0Cx_yzB_xrg
0EKk_pjr2hw
0FSywObIwTw
0I-BNV3KkIc
0IJJIVEkk7A
0Lc8jfN7EUQ
0N61L7u3bGM
0P-z--NaHgw
0RkXNKn3Em8
0SDOSmL4sBk
0VN26IIvFTw
0Wem34sBbGk
0Y4pf5FxYCA
0bBN1NOZS14
0byCrRME2QI
0dtocduf2Zg
0g4taV0dq7s
0gGOQHOdz_Q
0ggflwpEMAI
0heQYWhlT8c
0jzVPlKuql8
0k8TcF-3ofY
0lNXgcSyYnw
0oXoednmIEA
0r4gd6hh2po
0rE8uROStSs
0rppcmyS_P8
0tCn1ouUPuQ
0trcXZe9o0o
0u73jLZ26p8
0uaBhGAU0mU
0v303IFNMp0
0vaWg9P_Egk
0zytb0TWWf8
1-RoutOkE-M
1-d2K0m1Tzg
10BdHm7E6cM
10haBLXN1r0
10nGGUk3vDE
10noy7u9BLU
10yOA5r33Fo
13jS48XT-D0
13nnFvvOyio
13yOWcYyGU8
15Un4pk7RzM
15ZdsLqy8aw
18EzKpytPi4
18NCx-iBHBQ
18pYfcbBRL8
18t1LN2l9Sg
1AIuNp7H1Tc
1B_gwz9Tsnc
1BeoMHT9hKA
1CMxsy7eAsI
1CcPq8qb-38
1ChnSmIPrMU
1D3CARHTP7Y
1DMcWE_YlHM
1DYQm-DTeQw
1Dhj89UrkiY
1Dnb6vAo7BE
1EVRcrV_HEg
1FYipIiTtCY
1Fcq5eaJ6vI
1H3FERlSS_k
1IitUN3CCHI
1J55o_yAscI
1JsAKeDik7s
1KSOWmlRmRc
1KTUBMbKsH4
1Msn3D3zZus
1N2Xj_rrpTM
1PcQOqGNasU
1QISnc1Zqqw
1QaNqy2maCw
1SRQXG6LmAs
1TRX9hx-JbY
1UbU1cMBFmM
1WgBLuo95MQ
1Y1q5Lnwm74
1ZD9RBU2SFA
1bXS_CEch4I
1brWd9HGbcI
1bvt6P-mDLI
1c02HLB7P48
1crO76T7cTo
1fgHr-A-r_E
1h_cObdBCu8
1iDMWKK2Atw
1j8Z4KtWMlc
1laEP9uQUiM
1oCsY1W0FFc
1r6893ga_So
1sPO6GaSr7o
1smIHn-ZaqQ
1uMO_7aXcFw
1uNIAK-lOLY
1vD8ugJ7oUQ
1vRSwtwROjc
1vXt2uex6r4
1wOWrrXiuVA
1y4eGDfUE6E
20ijcj78AxM
23AOEImGBJo
23MYoW3gfAw
26cnI_UI4gU
28JfwNnzbXM
2AGUWiCjG8o
2DSt1SjYpQs
2EK1feSRdZM
2I5u9rfUSLA
2KA2FkIjnqg
2NFauU5YvCM
2NbqBeshOe8
2PdaUQX6Nes
2QGdnNPdDcI
2StYk7lk_cw
2TQIwe9l3PE
2_whHoVUFLk
2c1S0ZXx7LQ
2d812ZMaJPI
2dd2lG6qkDE
2etFnzpqqEM
2gU90yDDgiQ
2gZVtjibaj8
2h-vih9aTL8
2iOej3e_kyw
2iYomxhtnaw
2j-sxuBx0hU
2mA3oRAOL0Q
2mOHjevwV7o
2oEzq5Bo4xQ
2oewVcVAAcw
2qbIMLs_YPw
2tGSCMQUoio
2tPvqFeHRmo
2uPmRAROtJo
2vRBRSLSgNg
2yqzJ1Z7URo
2zA2bNDXQNg
2zodSx_5geA
3-O0FyPanRs
30s38rbUD6A
31YzYv62Ups
31rDPh_gqsg
32U9I2yQ1J8
36fxrO65aCU
37C9hofR6gg
394KcetPJHY
3CJQFneJ3_0
3CX7CN557pw
3Ch69Igwnio
3EGVDJF2zY4
3IJCwu8-NAg
3IQ5RePG9oY
3LdRORDx9cs
3LinOPYq2Kg
3MIhMdW-NP8
3MXLIQH4sMg
3MfxNT9OvpE
3Tvg30PsUDA
3W5pyo-z35A
3Y2j2sAfe_A
3c-PypJreww
3cfpeAfftmQ
3enwR6e9V9A
3f64fEWyfj8
3g3Tg1TY81g
3g7KB-csWhM
3hwvadv_eNo
3iXBahlg2ho
3kvSOvpxaTI
3mf-EL4_h7U
3nPk6naSTlU
3nizJSOTjiM
3oiBkTnHCw8
3osDInKJJIk
3pTmpnf6PZY
3q3dtpTwPcM
3qeJamAprk8
3rc81BKoRZ8
3sdfr_tWBwk
3tm6pvw6K00
3v5LFhsJrEo
3vrdw8gUmFg
3vvfXBhO9Yk
3wyvfhwcwyM
3x7q0wSEvlQ
40Ul3SSuBsU
40YPnzv5JzM
40_kyLcsLxg
43YeXBkQJmQ
43uEIiCKIoM
44p9fAh3HAA
44rrXRjEYW0
45KMD9gdriM
45btJ8DbgHM
45hMNGTlaIs
45szXxVbozQ
465lM9SCZbI
46UAI6wdoFA
470BCnu2JZo
47uCXsTPi8U
48G5-dKLHLU
490nAhKi4Hs
4BoKDgpWrIU
4EtCkXIJCGw
4K7vJcofw4Y
4K_Ic55m-28
4KueX941TiE
4KwCso8nxIg
4Kwi1ofMQg8
4O6yYNJKmuA
4OcaOBrOClA
4Ssc7AMjdFA
4TzzWi5kPnA
4VFjWiQHpFI
4X3KyeLcL3U
4Xe3M3RJ150
4b9Opoe_WN8
4e1NEr_spaU
4eyq13Vg5WU
4jgGl4FebJk
4k5xSMv4Se0
4l-3uRgP5nQ
4nZfM5Dy9jc
4oTfA4iwmFw
4qLQqXhpwqM
4qSqw6sPxPk
4rM9X9M1A-g
4rTIN_jGdmk
4tWEXlrWhTE
4uXUxOTtTcA
4vWoT5bxAyg
4xX74oyPQF0
4xhfhazHTjM
4zsr3OpX_KU
5-NhjSDwez8
52uAtmaQb20
53vLQnuV9FY
54HeO-0w1_M
58g-rp6vhRI
59cFkKBiyhk
5Br8WmQavMw
5D2qmlquiMo
5F1UYcsjT1w
5GMhLwmfyI8
5J99LjVjjAw
5KmcLrq5sQ8
5MSC87QpO4Y
5OLHAWfJ_8Y
5PGqrkqLQho
5QK1TaPs5po
5VwExiJ_Zx8
5WK3TPX2Z5w
5YDfNW9iWm8
5Zfpht0pCRg
5ZfuKai1CNg
5_Un2xgcsMA
5bkbz_DhE5U
5hOAkrDj8C8
5i0qqdXEc6c
5j0it0mfLcs
5j3mHmVaEdI
5jq5FvUERD4
5l080o_CXS8
5l0e-INjQm0
5nd6XqRTjtI
5nzetUfrWsg
5ocla8sk7Oc
5omn_fJvZ80
5pXy7yb6O7Q
5qXY_bc12ag
5qmbeX3xM4A
5ryxUjgz450
5u-THBaNGAc
5ww_11GfND8
5x4RDrJiSk4
5yQurVbXwUg
5yV8Qg8wXuQ
5yrxqXgG_3U
5z5he_p2tmM
60NBBaC6cZQ
62DAJSpEixE
649yW3Au240
64Ae1xvHi8g
64n-mt-eFSY
66ZtOuwrR1U
66uMFVJPGvI
68V1PKPddQg
69c-Hsjaq1w
6BKVSwv_lbY
6Bt51MK3_2g
6CS2hsJr6JM
6CtiZaJ2kFA
6E62UC5BdfA
6F2O3_WTh7U
6IGG0skoi2A
6JTdfh4A7YY
6KVNOFwY3EU
6Pgp4MGlcJo
6PhcglOGFg8
6PjkMfo1h2w
6SfyS8ekJ0I
6T7_3IRdOYI
6Ucg14vVqCY
6ZJ0MrZaPQQ
6a7525rJU7o
6b39_wPY340
6dCTvKk0KN4
6dhYGD6WW1Y
6dk-5V4I18E
6dmV-ocRJUI
6i90ZUKOHa4
6iDal8y4-co
6j2A5XLCz-o
6jwfKXKTNig
6lMNUhbfD2k
6mvwmVFhfqk
6n5rkHlnSvM
6n8T1AHtDps
6nEmBmGK5kM
6nRox5JzBh8
6nWfUOflFog
6noAuKNcXJA
6oe98Xen8gc
6pFpfslwdiY
6pvdepnkAjY
6qCRzR4tisA
6qRQ3ljDBUo
6rRW7EvWqZk
6u55ts2puBk
6yUDrRzjeqQ
6zxUk2IE5lc
7-0Pf8EGt78
7-KKLA_upbE
7-N6JA1dcnQ
702qNDONruw
71WJsIuFmPM
73UzfD4Z1Es
73i_ohRgUxU
77IwJ8wXaM8
79Vjv1uI6S4
7AR2Ws8J1rM
7AjOU9zFZbk
7Bomq4RPGgQ
7Csb32jD4b0
7D0ySInTpsw
7DgxSxDCato
7DofAdfE9qY
7EyKKHObdz8
7GCUt8DsMx0
7Gb1NQzqqXE
7Jv_o7LFKNE
7Kp-r1Bm_rs
7OP9qFD7tFU
7P59lA-HFps
7PkY5SQAnHo
7QZSPCUP4GI
7R7wyeIZwE4
7SV28dpVr5I
7SZxwIw9B1Y
7UaF9vUvPX8
7W7HqTbwNiw
7_X4Qn93eiE
7ak9j5Gex8g
7dIYu-L0Ukc
7fJG0YGm8fY
7gJkKrqDJqQ
7hJpszsAyCs
7hYAtjbpkGo
7jisdw-aJpU
7lEGl-Kp8tg
7llYZ2XqLX4
7m0LVHK8a94
7qhXEXJV2_g
7qi1tFkgLzg
7rotp9z8N2o
7swJZ-jusgc
7u8ElRaao08
7uASDgsH0dU
7vp10bcx4x4
7w7xsMrnPl4
7zLZo9hnarQ
7zWE26wlqK8
81nMXWADKJA
8239K8svMLg
82hDeiG2D-c
84oNWGhEeoA
87IFBD2SOI4
89yNGtVHZs0
8Aiz5b_NZwg
8BwWnHRQWDc
8EmhZGKh1VM
8G9L0fW5Qxs
8GYfF0tGeD0
8G_tCVtmV7c
8Hd_rXISo60
8J3EN0VTrPM
8K-wSFRXeV8
8KhWBa9MEkk
8L8NutZaAJQ
8ODnaFRc_mM
8OI06r8HZog
8PFrZQWrCsE
8RDDmeQLNb4
8S3eq2I6tr0
8Ssv46ayBhI
8T0MIs0PePs
8VJdVyIbxMI
8VOBHtgXZQQ
8Vj4yYsSAuU
8X7Ng75e5gQ
8XLGyQ8Fi_4
8YpZX0Xj9-Y
8YwIzUgw7fE
8_PI5TmaZe0
8_xwwUCbh40
8aLALRgS10Y
8bKzDOvKlsc
8cJAor_A2JY
8etpz98DCtM
8kDrPAOQsac
8l8qEfupU3Y
8lLs0R1ggnE
8lWGez-72x8
8lsS9wRC5Cs
8myNuOGtzZ4
8niPQJPdcSk
8omdoLrWd-4
8ozAV_6csU8
8pRqBu85mXw
8pyanIgSJuw
8rlRijRVVbI
8tYdclCOzPQ
8txWqX-bM-k
8uJwHow_kZg
8w2tHsj7v3w
8wbcszqoDPs
8x4Mi8f4GFo
8xox1alqQRQ
9-jjmQUM9gk
9-mqb2kdt28
92rWQ-OIb1Y
95NNUuV_5sw
97MJM3316_c
97Uo6qW0Z-M
99FNaI6JRug
9C8ZZepFI2U
9Cz8ZwaJe24
9Ec6TTwIxiA
9G2QffzGIJU
9GHip-jrw8E
9GRBDqOczA0
9HRVwykIAe0
9J_BS2ZzoOU
9JloZK8wTqQ
9Kadim8LXtw
9L8aRBHvNH4
9LiaSv4EJ3U
9MhLVw3hWT4
9Modwi20Ofg
9N2relUIj_g
9NjYPoELrRc
9OuQtocg81c
9PHL4kMH1no
9Rj6Z6kFoQg
9T0_ZaSSxSc
9U94rbu5UCk
9Vhwwz4y9e8
9Z1cVmTrAgY
9a1_oW7LdUE
9aLTpYGQKJQ
9b16a1sUFUg
9bvn7EZZFdY
9c2ys8NUBSE
9cH4KN0GT6I
9cp3ay3Pphs
9dPDv9Izymg
9f2M61Nfras
9fqJ5bQaBK4
9iL3cF0ucqQ
9kySrQMmmvo
9l8ucL7rNIE
9nRD5vWjfaU
9nSXfd3rjfY
9t7qGDPSyxg
9winVMka9I8
9xzebh7kcio
9zD-3wG1DWM
9zYJbbUKad8
9zyPm7PZQ1s
A-3ziKv13SQ
A2HmqyvNNKg
A2TIcXkwT5U
A2yL7g92Vpo
A3V2ddYvEMI
A3bYAAo5uQk
A5G_6uNiM18
A8bvYELc1SI
AAL0eliZCJc
ABr42EdDRXI
ADSVP7gQ84U
AGAXenvbIjE
AGDkFs_P52E
AH1HyNKLCn4
AHjGQX0C4yM
AI3-8h1BYME
AJ3fzLUeLtg
AJhp_sxFiLY
AK-n7zxtjVk
ALWM_9cVY4A
AOdlSCFpCeo
AOeIh-Tz3dY
AOfgMKelWBU
APo3tpf5yF0
ASmcviJ6dAY
ASyFs--hyus
ASzseBWjP2I
ATlYYCABls4
AW21d2JFaU4
AWoBzeWA3oU
AZKUICrb3E4
AaAu_NjWQho
AafOm5dMPT8
AbK_4TfThIk
AbYY6bdX4fM
Abq8QGBRGm8
AcCntnCZKZg
AePTyJ0DdyY
AiGUIBP3QGs
AjBcONZQcps
Aje7Q2_Pr-k
AjprfsB5Ff8
Ala33HOFBdo
AmBTt3B6SLQ
AmdAvwB_Ow0
Ao7Q8kOqjfs
AqOf7XKuBsE
ArftVvX7Tjc
As6849RsLgo
AsaoTYvSdp4
AswOpeBkEGw
AuwoB08pohk
AvV5tBHU2Ik
B-Z6-XmXwQI
B-kHXoPrTGQ
B0S7-xVzfoo
B1L98tjEx7c
B1kknZrLP9o
B2wRl2PeUt8
B3R6VE4EvnU
B4iTit0nbno
B5N1qPimiKg
B6hou_b1Rrc
B7ZzgqU9wG4
B80NvppPJCg
B972GCH9FNQ
B97yF9yAZQc
BBwxno44M8U
BFWdVOSLOks
BFsbkFJYfCg
BG0bQ3SwDI8
BHW6vff5V0w
BHrvy4t8mxg
BJwHHvmlWJU
BK8JLl-Vr88
BMQMjAgEM-I
BNCwm2l5f74
BO0_-zyMJYY
BP2e3n7Md2U
BPPdcm4-wvI
BPSUwf5caSQ
BP_HA6iZFy4
BPr2OoxfYgg
BReuzBD29cE
BTxHjgHIBx8
BUaR__t_3Do
BUadXXaEuPk
BVo8CXdL5w8
BW_iDx3IZ3w
BXEMwH_vuoE
BXx8-GO9GDY
B_QtgC-TUIs
BaBtZp5NjtI
BaUeh1Dhv58
BbHLInbsbt4
BdXAldquzM4
Bf7-auc-NrY
BfFz5_pN7eA
Bh58c9Vcz2g
Bhnwq9Bjgvw
Bi-U3Hc1dZ4
BiU9DtX7Zvs
Bn0pTG9JmJ8
BnwwajS76Pk
BrmgMhZf5lU
Bs_5QshK5i4
Bt7RVwIFIaY
BvsE_xA_Fjc
BxzejNE0RT8
ByBkX5AFcE4
BzS85l1UGWc
BzU5BL4BSJM
C-eD7ZhCXJk
C1q91bFQp5M
C6a0yVzM1Is
C6yo8-18s8A
C80Yzgn33b4
C8VNxHLgliU
C90gKm60J-g
CBXNqxQBFis
CDDu3PPU4nY
CEPTyrQGgdI
CFH3zUSd-2s
CFhDZ1H2MHc
CHjt73er4_I
CJhSiYwYLsI
CKUhJMt_yLY
CLDhsLUwPt4
CLt6Qf4jJvk
CLwy13yS6Uc
CNqnVSIiXMU
CP6unxGRFlA
CPAxSzi4Fpc
CPvxlBtBJrg
CTJLeSvzvzw
CYjQ7exS-z4
CZccHleA0RE
C_HFV1fW5PI
Cc0wngixtfc
CcWOanWipzA
Cd44hwjFPb0
Ce6CbgsmaJM
CfdkPKYzwpI
CjZI84uwPWQ
CkWNY8fJEek
CmPYzeNs8i4
Co59Zppn3Cc
Cq42gCHe6q4
Cr-j-VpwSfY
Cs7kGkmlwC4
CvmVu1rZdK0
Cw1P0khMkFs
D1P7BsTpwYA
D2BOiava7cc
D7w67LB7-Ds
D9KzR0-IZoA
D9UTXbZr38M
DAtAj1p9zcA
DBG3Fa59G3g
DEJVy1vzJjw
DFZ18j3NedE
DIQKv9A7S-c
DJCClBujkHg
DJHikxCwjqs
DKsQt8CH_Yk
DMOpJI6DVuk
DNiSRsKqJ4o
DOL8qU-0ER4
DRIFsZ3flZY
DRwyaHMot7w
DS68v2zyZS4
DTvTQybmVpM
DUEdS9ZOk9Y
DUoM_kqwaVM
DUtBMI7bUyk
DWfp1osS9ns
DX7mg2_Q2Bk
DXIy-29KlnA
DXnaQYLjIZU
DYpSYKIZqJ8
D_koLHo_cl8
DatmJvAOwZU
Db57Mq2fcxs
DbdN5_eN238
DckMKo_9ECI
DcwgVquo150
DdfBWOJ245E
DeVzD4PxsbI
DfEwg4GyK1s
Di2afXWgmXk
DiMJSp2JOuE
DisfdGWKlgs
Dj9_OtWLGOA
DjhqxYaB1qE
Djrl35g8U9k
DlWitWZdMo4
DmuVlgEwpBg
DoTrmliqPvc
Dp8rk1prArg
DrYZiAUJdQ4
DtR7I77VFYo
DtXnFhNSLMQ
Dtvr3KeUZTk
DvjfybOoT_Y
DwXEzNsOiMo
E-EIPr643so
E-_v7cDvWNQ
E0F7aK7b_js
E2HFbjGQyZ8
E32TQsYj6YA
E5NyQtvsKPE
E5RpkMzmdwU
E77KmQGkN2M
E9g-AyJGQaY
E9z05_xsFEU
EA1VTd0HwSA
EBacl_HFxt8
ECcb8wzXl6A
EDudtA1nVa4
EEVQCKEWgys
EFCunGN14xU
EGJnXEKRnZ8
EJ6OwjVQFdM
EK0ECMBXql4
EKAcgPRYjNE
EKQknEkKQFU
ELQCah2fGyo
EMYpMrQOF4I
ENqz75TDm_8
ENxnYa_YlIY
EODXXgP_jUM
ERXCfGVq0aU
ESKAgcjxmVw
ESQjpZI6TMQ
ESwIVY2oimI
ETBjpDjxaOY
ETefYuFfkNY
EU8Pc8YgAKM
EUIYXrqhdf8
EUv5aAvcKLI
EV_bBvYHZdk
EWa8_cRL2gY
E_W2UynMXBg
E_iL5jcDOoU
E_mRlJzA1ag
Ea1XYjwDh2g
EaOXjnK_EBA
EcKffC4WG9k
EccVo5ZRgT8
EeAIH3fpD_s
EhlFsadZkW4
EiOze46vTW0
EieH3LtjBPQ
EjlizuWPqV0
ElIwL6FYq5U
EmOKhB6wdUs
Enh_dBCuok4
EoB0vqQPOpg
EoYC3DMsfxw
EpEO5MImkX0
ErUqZM0dULw
ErtPjsisYLg
EsOMjsxi6sc
EtcIHHap7OY
EuVp6cVmSpw
EvqIu9yuZ04
ExRYxT4CsQk
Eyq9oO4EBgY
F-688lYpqwU
F1Ij7tBrGo8
F1sGD1krffM
F24MQ-hZpdM
F4gZJjVhgMI
F4oH6jXpiuI
F64mMv6nNwU
F6mF8fzYb2k
F7LZ9cXAaLg
FAAYn0VjeWg
FCBycj6-g9I
FCVOqmCkFRI
FDrKfbG2wAA
FEE3TMXTH4U
FEdxEcF1gyA
FEoXFFSw1yQ
FF2SV-VfaC0
FGkhp_Inz0g
FIM9l6LkL2o
FJmbIostVQ4
FLqmm-m1Ncs
FMxZ6xo_fAA
FNUyrFuxcPI
FPXPLmMACj4
FQVOYpkkPCE
FRmgobgK9l0
FS7o4g5kzMM
FTRdTWarfhI
FU14lCj_K10
FVnEYpcYRFU
FWtH9hRecZ0
FXpofpfsVyE
FYCBiCQ5qDA
FYV6fyh--ZM
FZ6Hoc_Orrc
F__miScAtGc
FgEeLRTGKwc
FgwiXUB5MDQ
Fn87tmuYb1U
FnAIcPuZnkk
FoMYpxH0Bkg
FpkQ6wLorYY
FqM0YqeRsOM
FsHMxrEOMEo
FtjEkszJDbo
FvYbMBlY59E
FvpTqeJMgi4
FwB8H00Brb0
FwDq3cgln7o
G-Qgj4Q8Nvo
G1nrZhW0Elk
G1x6rt1icLo
G37beSQVkCU
G3S1GuAtNhc
G3vezzmRJ1o
G41Vnu9c5zI
G49csO7sgd0
G5fBgQZ114s
G5tFX8pGxMM
G6iAbqXQg38
G93qF5RJa2U
G9TDl1xiCgU
GAE6fKR9US0
GAZ2dYoWzH0
GAgRW-xb8VA
GB7CRe3IATA
GBRhJ72sy8M
GCPfh1kpLFc
GFh3e61ktBM
GH9uDIhpd14
GJ64uKfB21E
GJMMcQ8YdwE
GMmruy67NRk
GPVMdqhXCGM
GPweeXAJ2bU
GRdhvJCq1FM
GSKEwVslc3Y
GUau26szdzA
GVsuPrRHnXQ
GX-VVYyImpo
GYHdutMfoX4
GZ4VHa95EZ0
GZp459zssr0
Gc5MpNpYuO8
GcsTGla1CCc
GhV4p4K9IpU
GhwxPzPW6Fs
Gj-K7hpsdKw
Gjtzk_Xfjkk
GkJVqb_10rQ
GmhSMV2jQhY
Gmw3k3wvltk
Gngltz6XGf0
GqHsg8nAP-Y
GqS5WzAmKac
GqzyX0hEYjs
GsNQBETsOTk
GsmlvNAeSqw
Gt71CFz_lbs
GvecMBuFWT4
GwmNNtmtY_0
GzjmnjEA1yg
H-KpOls_pqQ
H2hClzQX2tQ
H4UHlP_C0eY
H5QSFK6QacI
H5TNkGC4p3Q
HD1h2Kc2_kw
HFjWQ46UYok
HFwUDBYLo9g
HGehLuANlbw
HHg-ybWCBiQ
HHqKKIwF3I4
HJU1MSZ2kFI
HK4I77qY2yE
HKq-tXZ4YeE
HLiSDyKE8xY
HLuUrFU9y4s
HMfWe2N_zDw
HNC2PEodJ1Q
HNJNlbxJdrM
HNR4fQq5ECo
HOA-1kQomLE
HPUzbG-GArU
HPaYPPLF4Pc
HPcgcpZw0c4
HPdEefyAAuI
HRejcHZu788
HSDz78bGQds
HSYyoItHaBk
HSw-VKmN6kU
HTGoPcPRqDk
HUx-jm7tzrA
HWKp5kD0qkk
HXD1-26HH2g
HYafFnXuleg
HZ1bDn8H_6o
H_4I_PVihCQ
H_mcgcwpAto
HaAh6Wl_kV4
Hc77n75rkhU
HcvLpIioEZo
HedAfE-R9HA
HetNc5zeecw
Hgkq8VsJGgw
HiSUgS-QAlc
Hl8EmIIe9Ws
Hn8Qcnt-qiQ
HocAQCuuJuY
Hpp3FxgUfNA
HqtG8m_tEpI
Hs80YwcYk-U
HsIfytvHHo8
HtndQRZ4S7o
Hv5PMIys1l4
I-n4fLLdLgY
I0EQ-ZnfKfM
I0PWjxs-wXI
I0V6c8mxOmg
I0mHDBX4jQk
I1MsjQ9Efd8
I1dq4_zmpA4
I2mpqgCh_XE
I4nkVwBVm0E
I5q2WegIeBM
I5qA3dvnqEI
I8M1UWQqafw
I8PLKUtFfO4
I8WPAXD-Ow8
IBCDmI_cgyk
IBLZpXOMVhI
IFmLCq0rkvE
IGj1020T98w
IGqc8EHV9jk
II1R3YV1whg
IIGN6EetUDw
IK-idXz0dhw
IL3N4DAbcaA
ILdmu2Uz0zs
IMTIouU_TZQ
IMdC26sgPfQ
IMnCKt8xIOw
IPME1MwI6gg
IQQJbBi50YQ
IR0_ewImbbg
IR8npd8FnvM
IRuv8FPRS2g
IRyHKJDYif8
ISJ8YDrqv48
ISPjLX4J8AM
ITKvakaOdpM
ITr_g3w6ucs
IUEoialS4Cc
IVHZW8UrbQ0
IVJQGCrtdwY
IXI0VsX4NKI
IXfGY1an9jQ
IZTK493jJJQ
IaP7TpZO74Y
IdnIx-jSciM
IfoJUevCo3M
Ii6FutAlyPI
Ij2O0S2ByYw
IkKtXaCusXg
IkaXSvFQ17c
InAUl91z9Uk
InAq7fCCVY8
Io6AHpsZ9O4
IqwqkhWqBiY
IyQ5_q6CYFQ
Iyj0QP-ibho
J-87Xdrcjpc
J-MwyreROn4
J-YW8Y0ooPg
J09i27zi7tk
J0AKR-zawY8
J0kV3FJoD8Q
J2J08_VX_0A
J38r7ucUvxo
J3nAm-qdZJs
J4FtBF-jNlQ
J4dAUd6P6RY
J6IUI2tyfws
JBlcfZe7GoY
JCs42Dk-fo8
JFdJRh9ZPps
JGCaOka9HXc
JHtzcUHCkM0
JKQ_BKE2kgY
JKgAz0lxLdY
JKyLN8C74MQ
JLSVfILUWmM
JM3CVsQ_8WQ
JMI1W8bbAvU
JPbfZl8yzsY
JPt5Ot1UdDs
JR0e46TVKTo
JRiK8HsH4jM
JTvaPc7Cbho
JUo5DrZr05c
JVAI3IwiKeY
JVlFahiJt5Q
JYmICRjSR6o
JYz3LrIsiHY
JZ1DpM_yKdI
JZ32UnO-QJg
JcZOrLsjG-M
Jept6q-VsvQ
JgXArBqDqFk
JhPPrLfKhXg
JhWEudWad28
JhuIPPYfbSo
Jjzx6QI1eVU
JkBh71zZKrM
JkbtVEPRE4k
JlpbzuWPUrU
JnxoEOONsLM
JpsHktCoaI0
Jpw3Lm8ZKOY
JrVArvp4tsw
Js1jpQOGOdI
Jtv-vIUPH3w
JuZ5zo1U0Ak
JvBZIdOVz2w
Jvtth_GkYc8
JwJqnDsI-Cw
K0fo1iwbdoQ
K1SE9oGrT-o
K21WJRe4-LQ
K4JFPHU-KAc
K4V7WZV-dKE
K60k5l_tk_A
K64rUPDZswg
K8vkbfz8PU8
KCON6OGfgRU
KCOacR7gQtQ
KCpQvU6NYMo
KFR5bwVXepg
KFdPWu0-N2c
KFjVmZpg2iA
KGyulN5BOvk
KJQeP0z0R1o
KKDOLIdbOtI
KLN9Io6qQZs
KMzO-h7Zt_Q
KP49mIqqyQw
KQBEDb9Od90
KRTG62gKPk4
KVF-8TGa7wo
KZaXCoWXa7U
KZtJaNaTFEQ
K_FPEsbOeuk
KaSVfJhx5l0
KcIj_tVWwjU
KcRrGwdFKD0
KfCc6Ly38ic
KfHTCVvHiR8
Kh2P6mgxNfQ
KkYQL0jgLEk
KmgGlI38EJw
KmkikCIJAgI
KpIgOM3zs6E
Kr3phk6bamE
KrAh7EiYc88
KrSgafzbeZs
KrcoV21ctVY
Ks08iNdo8Ck
Kw2Z5AhXAhU
Kz05NJcRDYo
L-Lda3E_MuY
L-iwL48BZvE
L-tokiM-o2E
L-vvbEAMM5E
L0P3mqiAcLI
L1hvGbB1lrQ
L2DUJ9ttB70
L3izRCQT8ZM
L5y480SynG4
L6X2T4TUkZk
LANPtKwqkZA
LG8vfSPHMcw
LGk5X_MCjpE
LJvgDnTATwc
LM7GlphRvAo
LMtYfhydzwQ
LNIYOKfRQks
LPybqLYE4L0
LRHR6nx1KhY
LUlvT4Ia5KI
LYXoGVEXbjY
LZ08e00Tn8c
Lci9zEGvvh4
LiLi9fvU6rA
LjIYRDee_KE
Lk1gFt5-d50
Lks8eizcNVE
LmInfsHpF3A
LoM_xuljURY
Lp2sxBtcRmY
LrnnsFtOIEo
LsbKWRErlR4
Lv1KaEY9LJo
LwwrQiXkkgU
Lx0RrRZGu04
LxCZIZuADGg
LxmXkTB7CgQ
Lz_De0YqdGg
M0f_125cQZU
M0mI52CV_Yg
M10M6h0I8CI
M1788iwOyqg
M1OBk9lCi1M
M1f3wGIjUQE
M2WDJF5DiPM
M3MYa_tGGDQ
M3SfugpFpX8
M3oWYHYoBvk
M437BiCxS1Q
M54gZPierhg
M56rzMTGrBY
M6IaXAmjArw
M6Mcv7G-wfE
M7mrTueunDg
M8OjM2Sfe94
M8asW1VXalE
M8odR84o4Hg
M8pa0P178AU
M9q3CH01hbE
MA4gKa2zST4
MBESEuzHk0g
MFJurog2VLE
MFrD1ohSpXE
MGqW253ZZvU
MGqvyhA3-vQ
MHISmZCTK9E
MJ0t9EDiu1s
MKn7Z0e2CGE
MM3cTElTj-c
MNRsKHmfIjc
MNcx2Iwt_vw
MOKLBrPTj6s
MPZYl5g6Mwk
MQ6DRa7H1bc
MQAbrg_uxTQ
MRnjedSebWY
MSPoKUgYfwk
MV_BHbIWG8M
MXizmaDhPEk
M_JXdgPS92k
M_Y8Jy2JBf8
MacFDTd3Ps4
Mc8hdKsbAfE
McAEhwIsJsA
Mdf_C81SiZ0
Mdt0GBQu6SY
MfoyEntTCaw
MgQutgSwY88
Mh4s52fW6VI
MhUwP87cqGQ
MkhH1LGsWN8
MkpEFmmf9rc
Mmr3YmYYTYQ
MqMQoD35flI
Mt7oyMXue5M
MtKBc3_BIps
MuF3CH7f3DM
MuadfLiAKkc
MuklWupCvWU
Mv6g3lx5gVE
Mw3oQ8XGLRc
Mzzv3vyeA-o
N1DgTKedZ0k
N2NTADxDuhA
N35NZWhFGUU
N66dYZaRnjU
N6EGybHhgs4
N7LGgt66cUw
N8ikB_8fBMU
N9ZmeH6LtJc
NAhtD4Ng-pI
NDBkuiIzLLQ
NDKKmyki5to
NDvslvTHlYo
NEyUK1VR_eU
NF-IoqL0jv0
NFqz54fgTyw
NGaka62y5R8
NI8pABY8QiE
NJ-lDm8ciZY
NKm6HPCSXDY
NL8zMXnQsC8
NNjdlZOeWZY
NPRLWe1u7W0
NQi-nyRgR5E
NRPCxURyeMA
NU2GVUbZ2JM
NX2egMgSXGo
NXVbc8CDudA
NY50z7pz2Is
NZHt4TjKY60
NZXoPlCBQlI
NZpzzSIhS-c
NZsl3al4MF0
Nc35dk832ho
NgSN36k2ggs
Nir3-yByTpc
NkgcYRaQoqE
Nkz86poNDq4
NlMD8eOIbHE
NmJ89ujITLo
NoHwvdPIQhU
NsID1iM8gRw
Nsd6SsAZ9yc
NtTtFAv-uTQ
NuTasc1KRJ8
NwVfESxVZTo
Nx1Vmc1T8_Y
NxGEsdoLFxU
Ny6YctVdAQg
NyO6h7to9Vw
NyU7-v5Qv-U
Nz7rI-tAifg
O-ZU4NP1N_0
O1xxH7ulGrg
O2Q9AeLkiDo
O47_841L3yY
O4XLRLY29iw
O4zfN3chqgM
O6FRUrLZR04
O9miS-l6j_0
OEJ-jR45CVs
OEUxQLHH8Ts
OFsreGNLNN8
OGMKnG2yEc8
OMiqxx6qrco
ONFLw45pzS0
ONL2QcOXw4A
ONcrXSayZE4
OSfOsvaMS00
OUFFfskicQM
OUxRxkp5kOY
OVsIiJQz3zg
OWnbYWd9-9g
OZ-HoNXJ7KQ
OZTwi6f8vFY
OZh7-jJmCGs
OggE-Zrrr0k
OggViY2Cj9A
OhdfvETxgM8
OhsG7Ty4Ec0
OjxelMWLGCo
Ok2pLb4oxV4
OkKjT8IRY0U
OmAK9Yoh1n4
OmdZfJlsmvc
Omhf7PuH6bg
Op_FJ97rlEU
Orkdosmhx1c
OrurrUyo8n4
Osd4xCGVSxY
Ovchtftjnr0
Ovg2asexI50
Ow50Mi4gjXc
OwutGSjNQ0k
OxDHVdx07J4
P-kKvwxIt-U
P28EgeeuoyM
P2HMBSVk3nE
P4WaHRHPef0
P4weezuoKYQ
P5XWEPpeuhY
P5Xus-Y0biQ
P6R6-Hc5IEE
P6jKypjVD9g
P7THddQgBCU
P8-lGO3rLps
P807tvSqYxQ
P9v7cO-O8Ek
PAkLEfbBa-c
PAmOoJfXcYA
PCRlTDwFcHQ
PCTEeqyILuA
PCUanEfO2P8
PClaDg0rGH8
PERLECzbZTs
PGcC20Figyo
PGg67oOzmJ8
PHrQe2JdKnM
PI8VVPZB2i4
PIDhlab6Crw
PIwxn6iOBjc
PMzFTvOOZAs
POozPBpwTJQ
PPWVHy62rBM
PQCm7-HDJ10
PRiHA21pdVg
PTyZKmKQbJM
PUO28Q_S3ZE
PUxHPHWF808
PXcpZrybmO4
PXrhoLCoPtc
PZ47if4IbkU
PZkTlVPgqG4
PZpLrVa5jBc
Pb1BPRg3UA0
Pb56-Owrde8
PeFlK3iIlHU
PfnTiHnMfps
PgZ4tJOWZDs
PgztuCndl9Q
Ph7YZWucYu4
PhhEZ8ZSlM0
PkyQNYNCYCo
Pm7CZGRk3Wk
PncPCGB9d2o
PooQvoG-a5c
PpbAEmur7js
PrHgVKm_oQ4
PrLj_8NxTMQ
PsW6s2SyA0k
PsWQKD4tPKk
Psbf2UuFT10
PyUhU0p2y0E
PyluLpfUbL4
PyxuWHBMY7w
PzpcgQySvZA
PzrAr4JUQXY
Q1p6WfBN4ss
Q2wdT8UTGMQ
Q3am7G5s4sI
Q3eAi920BuE
Q3pj-gPVZKA
Q5BIxbPYYgM
Q5tIfv0df_E
Q6F6iGNpQX0
Q6sUiq80IIg
Q7_zmUghLmw
Q9MZx2AqaPs
QA2GdUIT_7g
QANdcAKlCrs
QBE-SiFhijE
QBPhbXmsaAU
QBhb_bkDLjM
QE3gbN5puYk
QFr7p8PAwlU
QIHYiVrT7Ag
QM9v2iD2aU0
QMyzyzv3Ox4
QNAwDsr0t5E
QND2UvPHNos
QNziA7NhvbE
QOETNhtMrKo
QOnEKsr1Pvk
QP7W6UCDZ2U
QQ-Llczq0q0
QQvP02xsMWI
QRkhUHiJ3uI
QVXeWgyTnps
Qb6CM3-aMno
Qbg6aztCC1Q
QcsjL7SY4gQ
QdUny2Jb12s
QdiTb2GtA10
QeQNuaDy798
QffPUEOjeQg
QgBsrLGdWws
QguGbkIfoaw
QhoDIFRustc
QiIZMvbaLtA
QmKWhPbYwaE
Qn3Zqx2Vt0U
QnY_sSbkYEg
QovCOrkE91Y
Qr85C_z_dF8
QrC_ru5SlbM
Qtq_d2wWyHg
QxslCzRsJos
Qy8dzQY8mJE
Qz098kEGMDs
R-kIdCytB1g
R0lB4HOwjJs
R0nS3LkBlyk
R1n0MNsBm2I
R1tFJzHeDH8
R7-Q0BgoKTw
R7lxa3PGaqQ
RA1AyY1WQXg
RBRi3w4Je3Y
RFZz0vPX6jA
RFku2u6WktY
RGx7pvZo_Bc
RHXSl02dCVw
RH_1L4cU5CY
RHhj_CCaHsk
RJM7HLyzsCM
RJS0IFbKEA0
RKaMp8weNTs
RLRGPSWB2qY
RMA3vWzzFVQ
RNnmnb4-KRE
ROUigKcEUV0
RPKjAt3keLI
RS-btRpZbcs
RTFMhlFMykQ
RTbHoTahMdY
RX9Lssc5Rso
R_5_alfgCw0
RbXJ9EajxJs
Rcw3yLGG2_0
Rdx0910s9wU
ReWImbWibtY
RfWbSXnbZJg
RgZy_E3nHRc
Ri4MMRI9tTo
RihSUzUWu2U
RjQh4HtRGqc
RjlYvh6tNpQ
RlkZwYvKbg4
RmpvenPUExU
RoRKfZt5Llg
RphtirvfEUo
RplnvzdvO8o
Rq6aLGsktqI
RqwjhXdyNA0
Rr2oq0D0q7s
RrlWU0I9QmE
RsuCGc-Rw3Y
RszpzkQITbE
RvjZG8eyXIo
RwhG9ON1BjM
Rxlw-_w0n1M
RxyXPd0f18Q
RyX0bhW467Q
S-dIyc9K2FQ
S0CK7-cO3aE
S3Ql4p8LXOw
S427Y2hPvGo
S5H1ZOlMTQE
S5Z3a7R9PEM
S6B7JEsYZyw
SDUab3ZV4xs
SDlszF7o5kA
SEjF4X4o3pQ
SFr7GiWtk5k
SGuDX9uS2QM
SHqx0evrNrY
SHr1SpNZz1c
SJee1olGXdc
SJldi2BlXR4
SLUTYPZcIAs
SMMr5nDywW0
SMma9UXQ5KY
SPSXi-x29Kg
SPZOXReqIaw
SUApwsYOojw
SUWzzxZ-bJw
SVLiFDHk-HQ
SVd6OS5DiKM
SXBRXsoT44U
SXQayzSjkKI
SXcWx9j62k0
SZLBamHViDQ
S_6hOzkY7cE
Sb8yrgUOr3o
SboiZ2qCPng
Sc-k1hmErr4
ScMLpqOvyVQ
SffzLStSXsw
Sh5ICXCFqco
Sh6dmml91Uw
ShJt5xTtQAw
ShZhtl1X4SQ
SjEjGEG9liY
SlX1OJoPw0o
Smyiop3AAyo
Sn535x4-KJY
SnTgePBz4QE
SnzcCuAU5rw
SpdgmxPMbVY
Srq3pLgKGX0
SsEr4JVPX7U
SusIUzA5kzI
SwyhV8fM2WE
SxGPsQMsFZQ
SxhEP4sDyfA
Sy4OAP1-6l8
SyEEcMqmAVE
Szek3iVhB6s
T45C0HDMcn8
T6q637pp-FE
T6sq3ZiFxqg
T8s2Ie3XWuw
T9wUJwuRiAE
TAAesa3t4ag
TDj8nYKqZE4
TFQniQmDTpk
TGPVJvHwXgQ
TGSi5VtUsTE
THND2lDq6CA
TIPF3qOr5ww
TIWEHTWdfeM
TNzgPwgRyWA
TPrMf0Liq30
TQ0j1eqZgug
TTVGQfvrBfU
TVwE6qcJPDU
TYDoK4SqEdM
Ta4x6fMy2jI
TcO5ht9iDso
Td_pKA3BWtw
Tdv8s5gSPdI
TfTwS-_2F20
Tfmyh_5FBl4
Tj7elo6r934
TkHI2L5VlvA
TnVQyLdJ5Pw
Tp6bcLbm2-o
TrYt4oI4Mq4
TsAZTO_ti_s
Tsg6kSPK3aQ
TsonzzAW3Mk
Tu7s08i3DII
TujrTr3FCVI
TvLzZkc1yxc
TwYMc250lwU
Tx8_5uDRJhs
U27R5gpaMu0
U2oyMSreHvY
U4ULlQr0C18
U4uuozcK-Tc
U7QdpFch-NE
U9VgzERas9s
UBIilFN4zTo
UE8WLobUqlA
UEaKyEQ5ziM
UFc5N-Vdf8A
UFdmX9Jf6JA
UGj8dQJHZjs
UHGDe29nXkQ
UIXSn52k_Zk
UIihekLro3Q
UKRAXV6d9YE
UN6FcBXlIcA
UOF4tASXDls
UOZNP8B1yjs
UPCoHfZayjY
UQws6_3yYeQ
URO8_UuWlY4
UWW4uR9N5BU
UWsvdUveHuA
UX1SLuBw8f0
UXKApzTc2BY
UZ2KnM_nDwc
UZzqAX_-Bkg
U_dxDUqQeO0
U_zPji8C9dU
Ua7rlS5tt3o
UahXYEPHoHc
UbBqOibdIfU
UbvYP3EeGvs
UgCqZaSZ_x4
UhDXG8haf8o
Uk7AkHlIYdc
Uk9skrrz0C0
UkLMn0pStoA
UkqzQQa5xUE
UlaBk6ehY90
UmDMeTtEBUo
Uo6KFRBDSpI
UpEHhrY7KtM
UpabpmjsULk
Uq7TUK5pnco
UqMEqzMHQ08
UszN9G1w0B0
Uw1NtzB7zao
Uwg2HvujPBI
Uy_71c2OEtE
V0zYkKYuLcs
V30H__KJZhw
V3htg01tL3k
V51q2mpOzys
V9XVFEA6_qs
V9ebCNIXOLg
VCFCidUZ_wo
VDFsmmJqgRQ
VE_U3T0Mu44
VG4ZKDoEeWc
VHEqfl4K4iE
VIII0NKFpik
VJqaGkjsvKc
VKhixy-_dfM
VKpvKaJySqc
VNRGt4QkVPc
VNdt-KSiCxk
VOXBd1SYjCo
VOuHluQmHIU
VQ1qO6xs9o4
VQ32IS7wa4M
VQ6GZFt7jnQ
VQHOld7iGjg
VR_fnm3liu0
VSNX90Hsyfw
VURxcZc97HE
VWkGw89x0_c
VXWbDd7UftU
VYvcG8olnCg
VaXA319XoVw
VfvFDauXopo
VgQ6FrEVhPo
VhAWEPyZm_A
Vii5Hbx8inA
VkcWrih1dCo
VmwIeex7U8c
VnlXgzV25qc
VnxPfi-Odso
VnyGuiGpYf8
VoypRKkMNfQ
VpNzxudZGrk
VpiZm8yGkrY
Vr6WsLYNvek
VsrdkzSIDOY
VvhUYgw-tMY
Vwfg5mhK6EI
VxbbduM9ji8
Vym3Qefj2zA
Vywv1SHgesU
W-tHvXuIaiw
W1A32FSefOw
W1TA1NowQHg
W2OTeetuDyE
W4gglmolk1w
W6DtuGSBMOw
W8LhmfOVMoc
W8NN6vCChaI
WBeMujGBjLk
WByrxGE64Y0
WCBwT6oJkmI
WD3ybaRN-y8
WE9Gqy8Yy9w
WFTxrUnGwyA
WFkGB-jAgmQ
WG73N5RLR1s
WGQ_-ZOiyjk
WIxdbKxLRAI
WJG80mN_3lY
WJJzhyIBMRE
WJcDDMMNUTg
WK07pY44mY4
WKorxJXMQSo
WMI2L2gCnc4
WMV9wSSLcCY
WOkGheLP4Mc
WOmwk-MbW0U
WP_bf6pWp5o
WQTVzUviGhQ
WQlpvVtz89Q
WREwKx0qF7o
WRX6GdUz-Yw
WSIDUqR0VPo
WSYNgix5zYk
WT-HACS9pIk
WVgaQs_sOYc
WXE0VMCyqnA
WXwES5ERdUc
WYRzhD9_ku0
WbmIskfLbzA
Wbw_cPNYka8
WfeCFYtc9O0
Wh4msdA49Rc
Wj6uVIBhFW0
Wm4zUxoc7VU
Wmfs4e6L8_s
Wnp47Z8yoUk
WpCkRH65Lfs
Wq4cJogxPso
WqbCSY-aJXA
Wr_2RKnCqNQ
WscW5pVpAiw
Wt_h0Ro26Lw
Wtvkwuh-ORE
WvUP7gsBV4Q
WxGTk0ybqzw
X20uOXSgGsY
X45nGPNq5k4
X6l5Y8uRpGQ
X7UdHxJr-z4
X7bEAcxdA1o
X98dmMy0gbY
X9THimftEbI
X9Vu69Ajtlk
XAW51Z6MXL4
XA_q6Yx55Y0
XBOM0AQnycE
XCI77VbE7A4
XGCneFG9Fxo
XI9CLwi1KAo
XKPrlla0R0I
XLgptCjGP_k
XNeeTV0BSu8
XPdios2NuVM
XQClt7afVJw
XRYxIe4lf1k
XSFiP_3NmJA
XUz0Aqr-3EY
XVpnnI7RdvE
XWCzf3WhE2w
XYfjCZmtOcA
XZo3YM0JKKI
X_OLfdBAMkk
X__LdU0zLLc
XbSiP4bS930
Xho6lTdWABk
Xhx1SGFWvIQ
XhySJb4ztcw
XiEDZOSaxbw
XiiPNCYRYHw
Xj2gb8u-mmU
XkcbnzlWeGM
XkdGBO4J1Uo
XkvskZWt4oM
XlRTVUyiYAM
XlYtDvKR6P4
Xo6ItxbduyI
XoBCHE6KYt8
Xpk_BQMvNHo
Xqw3Sm1U6WM
Xrj4fHHg3s4
XsO1lLYO4s0
XuuRH4WJmN0
Xy2q-hq8wF0
XyoN11Pr7qU
Y-Ixspxtujw
Y2oZuxw9F4g
Y3jjosWtN6E
Y8b4MA0Oeqk
Y8zyK3DtXxQ
Y9GFWN2HKBA
YAsbQf_4c0U
YBXdM_Yu27w
YCvvUo0vxJE
YDCcm2FAZ1E
YFmMUf5GOCk
YIPsrvYYWss
YJFAByAtC4U
YKCZ2dtZKDw
YMG3x6LZj4U
YNvNOqDYzoo
YO6sRBHWMJs
YORHUNlmeeM
YPB_GFyrXww
YPIh6YPbPek
YTzA7S-HfCg
YUziHccurkI
YW7L-xifYas
YXkR6L0g_1M
Y_p3F2snihI
YbODuBtSzoQ
YhH984wga9Q
Yk9ccNP9xTk
Yky8lP_NuRA
YlCLfktdkd4
YmtHJPq3fN4
YnjGL4BivJg
YpjYX3rXUgI
YrN9nQJsBMM
Yro48aDLpVw
Ys9JfIvm7fM
YuLdlTDMnu8
Yuw52lrcPrg
YvPYnboYtYo
YvXsFx9XyE0
YwFQIQNi5ds
YwU3y32k5RE
Yz17TJvIiwI
Z-fEtRV7HcE
Z0x8ONj62l4
Z161xvWdksc
Z4rz8ZxAdSo
Z6S8KQy86jI
Z8UpTWCh-M4
Z9rXSpV7tpM
ZAH_pqVMZ0Q
ZCgrdgQvA_M
ZDj5orEjDSU
ZEv2EwQtYSc
ZFG_uNQhCKw
ZGWMaBsi4mQ
ZGbsDqXSwvI
ZIHNVG9eVGM
ZKXfJ8_1wZI
ZKZDv5mYZpI
ZL4E-fu0Nd4
ZL9OCoAYckk
ZOFqgqGj95g
ZP7_gre3Ffg
ZTdgnxBVSl4
ZUMeOUu0ghY
ZVX1Tv6Ctao
ZVkl_zjqCdU
ZVrvLOLvEXE
ZXvfN6uAdiA
ZZ4Nb7879ig
ZZC1mcloYgg
ZZp5tVG3zbo
Z_mArxZ8u_M
Zb6MWwhObtI
ZbH4c5BdY58
ZdVCY--SWxI
ZdXrCHTGjAM
ZeC34GWALD0
ZfaAb76KZ4E
ZgES1mBGFXI
Zh2sa_ytZtg
ZjTJ5zDCM4M
ZkBBTfts9HQ
ZnKx3xvt9AM
ZtYnQ0duIsA
ZtitKJpuQfM
ZvC3dMiWU1s
ZvlWyLEn-Ks
Zvmi2SNP1Gw
ZvoC76S8cDg
ZxLqsrzg0qs
ZznjH3Ry2KA
ZzpTNsg_2x4
_-tQd35GcDU
_0HxMpJsm0I
_0m35lDPoRE
_10k62ib7Ok
_2rK3cl1bVY
_3stj3hXXdM
_4MwAeNSlSg
_4nVCtLw6NM
_67WsBST1dc
_6EADedT_Ro
_6p8aq4zU8Y
_7-Oc9uOMi8
_B5DtgzM-m4
_BxM3kztnGY
_DlqiTsVMqo
_HB2luC279s
_HKyqgsNtdM
_IA5ZaJTuG8
_K862oubje0
_LL-Pl8r77g
_LS-y3-gBCA
_MNr5PDyvk8
_N_wngsErg4
_NbA7-WIcPc
_NrhC_xeOUY
_OSCImRewe0
_OsPCY0Nnjo
_Q1dTifaz8A
_QMTh_Lkjuw
_RDZ1vxM6Mk
_RUPCZPxg1o
_RoOgy7MWog
_SXN7TQ_HX0
_TcTbdhMWfk
_XaBhSL8iyk
_XeN-s3bK68
_Xh2EhvcP4M
_XifO0zpdN8
_Z4l-yDs_nQ
_ZOrO_Gob5o
_aTBGHQdfZE
_coJpnJh6KI
_dv1SGAkOG0
_e2M86gU6bY
_frFwoEWMBs
_hdEnTanAbQ
_jbI-svgAVA
_kqKWZQhUeg
_l7yVwVqEO0
_lHZHklSUks
_lOQpyu84WA
_m-XC3_GpxQ
_mHebo4miH8
_mS3NLXTUeA
_mvTGQQWSxw
_nOgfA5Buv0
_oMcFcSl5Cg
_qKhNVqFLCQ
_sSLJ30oCyM
_t_NqEP80GE
_u8yMDliXlA
_w2eJkdpK50
_wM4t1GnFbU
_yzWgfnj8eY
a-2MqGLbmvQ
a-LQ6D8pB-w
a-iVN7gnO7U
a0p8c5jgINs
a2-mLVYSw1o
a2r1zgvV-hQ
a4PPQJpvO8M
a52olxhqp0Y
a6Zvq7FTmJE
a8568jCfI30
a8Tm5aXS22o
a8qTI_rTnuw
a9y7ovg9Gbw
aC3nugjRhXQ
aC4Jk1JZyF0
aCTO62iQULM
aCe36F4VzW0
aDdyEEkV57s
aDnsuF66C98
aEDnMzq1Zkk
aEKt0yvTo_0
aHd1WwThMXg
aHyV27BFpg0
aIEeR-3eRoU
aIaIR28iT-8
aJNocseVU5Q
aJXbfIwSzUk
aKhLa9CFT14
aLBzV0vka98
aLLUS-1TKm0
aL_zaosQLjA
aLh4cwDqjnQ
aLsn3rPAico
aMMqY0-SLx0
aMaicYmTyVE
aMzxSPsfwL4
aNMOIRooRS4
aODpTY__pwU
aOVW59VhaNk
aPdM9zcrBIk
aTJVu2SFPUQ
aTnifJQNX4I
aUgXrO6mu64
aVUgFFfBCNQ
aVo4T6PI77I
aVwrUsib4vU
aWXKUHBZgWo
aZ-Nui8ocEA
acgbQidsgfE
acmCkljisCU
ad38ptn7Cmc
adnYApWpFKI
af6Plq5c9QU
agJWfD-w1RY
agKayS6h6xA
ajZ30ohhBco
akQfew1EGXY
akshf67dnAs
an9D0bDzU1c
anNq0vrXpp8
anP54GxKgEQ
anRtKVOhCD4
anSpGyn3Drw
auezkMlWuQQ
avvQwGnxXv0
avygtJ24Dxg
axSgalIhyYI
axcQbPe8cYc
b00H8nENMfM
b0QOIQAOesY
b0jplZ_suFI
b1zfoQbU-rc
b2XwzmAPDYc
b4568twU6Kg
b6efSTX1bNo
b6mlVk-e208
b7XoaAO2nxQ
b7otl70UAgs
b8eLO5qHnxI
bAB35jZQiAc
bCJe42LGnB4
bEgTszyMXAU
bIOpwiIUwvM
bJj7m4NXwAc
bNSN_hZI8_0
bObwntt4xt4
bPNlWTPLeqo
bPvhSDIHJrA
bQmy1yiyCQk
bSJWNMmMarI
bSj__Vo1pOU
bTVWVozYV8k
bV6u0PPS9WQ
b_9rP-MnDLc
b_UW2LR0c38
baIlinqoExQ
baaAqMlCXgM
bbYXl5G8fx0
bcPXjf84MMU
bj5jJWMgnA0
bjqPobeOXNE
bljOxtjlSs8
bmwyMCD3ULQ
bnY-GpN7iQo
br2HjUqiVTE
brGadTcm4Zk
bs7ERrTU3zw
bsU-H4H_ACo
btYcAGpUZns
bv5eWgxMJe8
bvuF_0CwXag
bw84XVPlaCk
bwBIlF8NKgY
bwXdGbbxHK8
byBSxi4MgqM
byb7nHlGpgE
c0FshMAPlNI
c1M34dvm6Vo
c1fk4WjeGFw
c1gUtY0_xsE
c2jNUNy_60Q
c5Iqr-F69_g
c5Ywyv0w6tY
c849__Fp2v4
cA2oRwnn7E8
cB7fgPsrmZQ
cCAPz14yjd4
cEGLKXAabS4
cHFf9I4rNpA
cKxH0I6-ZqY
cMWduN1FWfE
cOmxQjRG8Fs
cP0nOkFEb_Q
cPIoQDgA6MQ
cPa1aYu02N8
cPiFVMjHT70
cRYbnGT1RjM
cScrtJrcgag
cTZ1LrnJLPU
cUKhf1eaWwE
cUfqTPk_4C8
cWw_yYag6Tc
cWyV5b8J8z8
cY-u_37SNz4
cYgFzevyfSI
cZi9x_sg-Qs
cczpbpkJ9EQ
cdQL8NzVAeM
cdTKvbCFXFw
ceuNvaP_SF4
cfsxE7HlS0c
cg4F1nLg56c
chTD3UpnIKc
ci90ZHopDEY
cihIFP6jkEg
clSHS2iLmwY
clUNDS3xgb0
coBcQajx18I
cp26YtP4DNA
cp5RrdFLq2M
cpfKBxrK-jo
cstKHMo5DQo
csvLH3qGoTI
czrOHHlLqtw
d0dWC-8wQHs
d3K9O9wpOYo
d4xHrXaajW0
d6UDOnUNFNU
d6cK2SzMnus
d6dKmsox66Y
d8OGQzq21R4
dCLTdGdrdDc
dF2nMiXPxxI
dI06tFbpVK0
dJ-e03H5NtY
dKTRbNEh6No
dLNZ_weXuH8
dM9VEMCtiUw
dOAUOnAYtRc
dRjgIbHGj0Y
dZ1E2D3rOJw
dZA0ik0fWUU
dZFj9IaCHsI
dZKe67FBfaU
dZpAISAGJz0
daaOsaUiYfs
dd-ueEd-d00
deqs0DKARm8
dfUAu_cH9UM
dfrx4Vu7Gww
dgIsUrV68mo
diMLvV86oN0
diQKAZd8WNE
djHTRzQATzA
djRiFVfRTvw
dkJghvnpgfM
doAqAcGn5H4
dpQlItIl-RM
drAenNuBpPk
dsQkGgKNXHM
dt6Eo3i_2-g
dtv8tPxkXiY
duG7DW222XM
dvc6brUn4ak
e4Ft8asXwxk
e5WhIy5OPOw
e5vHQDIaSGM
e6Ik_CFhD0Q
e6xZPeNoHEY
e8JMWtwdLQ4
e9JhU2fXet8
e9uSBlSXr7M
eA69TMNx8Mo
eAGAlak75SA
eCfcl0h-F4k
eFpqgzyVOzo
eJielgnjfhg
eK0YIMZAVI0
eKmTewqnB9o
eOwgfjnOViA
eP-zQJP-YEo
ePSFNXsC7OQ
ePSynbLLazA
eRdQJrxC0Lc
eS4pzdFDURo
eTIsKRNVOE8
eT_1bBjRxRc
eU_4YzQDUBI
eUsHXIsAn4w
eW_Fj6ZGtWA
eXI7oRLSTFY
eZwwLlkqtLQ
ecIcRncD1VU
edT-IRcqZgY
edvAhyNSHQ4
eemHJ4O6KPE
eenVtnnpe2A
eeuiFV2Q-pw
efxrVbqCCI8
egSwC3tB-hk
emf1ylD2UfY
eo_5S-7bmHk
eovqhe1UmSI
eq1MFRIvE5s
eqVr2-fXugI
evxoQlEKFjg
ewEIErl8ntQ
ewLjsmVbsuA
exTrfXOYXnc
excEkQX1_kQ
eyz51n3cygY
f-H5IBM6pT0
f1I9QKzAeLw
f32ynMTApJ8
f3KdqUcT7AY
f4WW4oJTCxo
f62kkYvBM98
f698AzNGJZU
f90PT1Bxnf8
f96pIOPOSsw
fDaosgqYMXU
fE6lUkxnRh4
fEZUhrHepTw
fGH05yFAzrA
fHsjPdsciTM
fJrizISOX2k
fKF_Ldw968g
fKaMmD097O8
fKnbOJ4NAvU
fLgvp5FceCQ
fMU0q3BAYeY
fMmrMRI--18
fNlRUmk_SdA
fOI_D7kXHpA
fPHIcu5N6MM
fP_rikW5i0k
fQ1N9Oomd5U
fQYpQlLQQrM
fQdbJCOHHOM
fROidpenw1E
fT9hfq5ojU4
fVTWB0ZLdKc
fWKAgYyWfbQ
fWtqFLKZ3hc
falLVtAJCKQ
fc_v4T3ys1w
fcriRJ6ZH0E
fd5fEBP-FYU
fdO72XGJiJM
fdk15At4tOc
fep928USLuM
ff5cdgdmjSA
fiaV_NMR8OA
fkJ_Vp03X_g
flIUiG52xaE
fm920x1lrlc
fmHKUl26MhU
fnQjfdKgH_4
fomjUTxkLWM
fomk3IakRQ0
fpeCxHPA1y0
fsNp9MV_Tsg
ft2wh2RTmlU
ft5XWThip84
fvibNMj7kNw
fwfub2ke1H8
fy1eS_T6RRg
fyFUBPAZzqk
fyFdoAZ9mlE
fyuKyCDh23E
g03VbVAZtQY
g0sIT460SAA
g1Pyfv0RynQ
g2LuwMM8aT0
g3nM0dnBmkU
g4uuSyTAdQc
g73oyksNCYQ
g7u_HlT56BE
g8vR_JShDow
gCZyQA_EGhE
gCcNoZWuu8k
gE5aQCucmac
gEDwRckzclk
gEI7PDrVc9M
gGZhBghZBgo
gKoU0K-qvAg
gLNN2iKIFQM
gOKA3xi9WaE
gRo-QctNyJs
gVCl9uqTrmw
gWRXOPOIPvg
gYOZ-0mpVnE
gYRELV1rSt8
gZx65oEqoMs
gbFgMkrCy2A
gbUt9H412rk
gbaSloeu-WQ
gcj1b0Ob3a0
gddUIqjXvvU
gdg4luTv6_c
gdjcbM6TnEc
gg-a0FDTQyc
ghGbc9ymJKc
ghLr4RXaHb4
ghMPrfoPm7Y
gh_EbIPcnSk
ghwkNUQaoMM
giYEZebRv4g
gmYFtpfdVn4
gmxTKajm-5I
gorjF3li7jA
grunBY12uds
gsoOtg_ErUA
gtLjWmcYKH4
guZ1ez89taI
gugWBI5OVyc
gv8FPMVkQVw
gyTu21_CErs
gz4vExa8q6g
h-0MPTDDEdg
h1SnR6-8SjY
h2yqHasbKZk
h3Pwivs3fUs
h3RCN08G5JA
h71vEJF6alc
hApdfrFzzzY
hCPyw2EOoy4
hECbL_8HzKY
hFxBDiJVrwg
hGPK3XPibiI
hISQ_0jLAmQ
hJOf9ll8le0
hJlcPL-W-Aw
hK3N2KCA2F8
hKH40lL4BDo
hN4dsGydPJY
hPLSTtwh9bw
hRHMn77FQ_I
hSLhq16fJ5o
hSetdjHV0Ug
hVhWA-ra3po
hWA8U5DuKro
hXKSJbrqYTo
hZ0nVOHYiq8
hZWtXbT9Kk4
hatUVFWUH0k
hbURoLaDw4I
hbrm5ZG2Krg
hbtTQC-QjaA
hd_b0GMjO6Q
heq6BPoqHH8
hf1e-pf1irI
hfC4HeLBQYA
hfzYfMZcO9I
hiA8BStyMQs
hiQu4yk8XQg
hmHlYuAbXLQ
hoMFWRyDRus
hpZgl1VbsCc
hrIKGC4sreY
hsNgET_yP6g
hs_Wz24T6mQ
hse2nyx9cp8
hu_ETGq_wmQ
i-6ylVUli-c
i-jpl3M1kCI
i0KjFxoCXIg
i3zyeOPpyrE
i6ANm6sK2Ac
i7QDRqsevoQ
i870NU9CQBQ
i98lue3q7bk
iA-ZotV_2dA
iC_jJWIJk-Q
iCa1gPFd9FQ
iCdv3ZKt2Wc
iEq3egYuY8A
iIpOYQclOtw
iIvISnDqUqY
iJEAACxm4F8
iKBBS_EN4Sg
iN2OFc7_dYA
iOXtC5iAiwc
iOyD6vfYoek
iPevkWIyFcE
iRVsWReZiPI
iSdsT9Zx2Zg
iSnNAc3hGgc
iUP-UeA-a8Q
iWqirc36WE8
i_c7ymS_L4k
i_zb03RTgaU
icIaQYz4r6U
ic_7jQNUIRI
icrfQyJFYQ8
id4grRfmfhk
idfrT4UM4go
ieNGDFJwEyM
igFuTPK1UHM
ihlsZwHAMwY
ijYK9laHpjo
ikBeDCSFpqs
ilN1DBcB_-4
imRFG2LLdqU
imnwMtko0Qc
ipLPyichODE
ipNO3EbWycI
iplfNPrO1cc
itjtP2OmDdU
ivRRqAeEC2g
iwYRBtOirHM
ixBtHBv83HY
ixRPUPu2NWE
iyNguSHTXR8
izU-0kFYe_o
izVMD6XOwok
j1iRuLLXPWs
j1nuoePkMHA
j2TmX_ZIqXI
j3shvPXo1iU
j5Z0HnjNoq0
j6DO9AHYg28
j6rgWqwX0N0
j7wjNwrRzTA
j8BiE6X7600
j9xGyFSIAy8
jAe8eSHHkdE
jCRBmRp7eLs
jD-YCDE_5yw
jEcIpoyzpPc
jFGyBuh-MHg
jGMgLLo4RSA
jH849wK476M
jIGiucYK9yQ
jJU3TkDEyh4
jJpwxEp-PUE
jKbmIZlt4vE
jLaLuW8xpaE
jLiqX55bs9U
jLmoN3FW5Qo
jOi7Dtr8BGQ
jPbb3bL7gyE
jR8oOkpG6eM
jR9uFn9n0-U
jS_7w97mXQI
jUycMoQYIxc
jW26ZgMrWQQ
jWqrodtRZrA
jWsOG9OJgYE
jXwkO9AcXSA
jZdZ_95tmvs
j_Mr4TEAMUk
jaZn9IqPJZg
jbA3EKNdVpY
jbb8M0lJZD4
jbdtRoHVaeA
jfc3xM_SmVo
jfrs2_Y7dvM
jgeYwJYeLdE
jiue3C9h7_c
jjvtuev_XSM
jkxklh6SKpA
jlJijwgtgzI
jmgcGILXN2Q
jo1hJurc5kU
jpevFMqrsQ4
jsAC4zTvtA8
jsQB2dpai40
jsTXu5rhPgE
jsiwdKYFlDg
jt-SOIkQWUo
jtbFJDUke4g
jvYw_IGhsew
jxiRbyNbIUk
jy1NN3erLxo
jykHO-EANTM
k1BvN1PDnUg
k1pel10ufmk
k3Vl_sKDcuM
k50sy9ioRe8
k5PVOJaowcM
k5VwOGA8cU0
k5cNGMrYR3g
k6lDv_8gQNc
k7wCJlWjqRI
kBUXBIOz5rg
kBeaDQ2QxdE
kBzfuqgi_8g
kCo6aPjpAMk
kE_9JIbqBjE
kGqcfEHSkkE
kHne9f6AKJA
kHrniHfdakU
kIMPV5LrPfg
kJNECxeeSLk
kKyJM75i360
kLfVpET_r5A
kMdlgDHyjrI
kNhbKxPfKPc
kNiPz0xHzdM
kOT5jeJ_CrE
kOyol55CLhk
kPoNtbexkz4
kQ4Z6Q3SCJc
kTGkHHpPaiE
kVbuUAGWJck
kWe8F-8tcaY
kZzBJJFJFi8
ke3GQzp3KHU
keznWpQT16c
kg1pTnZJ5vw
khDamuRT6jc
kidO_s66VbM
kiqqAHAwrOo
kkgXylWtrpM
kko9ntrdTdo
knKlFyR3BXM
kniiNvoC0EY
kpXw2SYcv7o
kqNdecmcnGQ
ktn4rhL4uEY
kuaRh2mkOoM
kwulfJq2StE
kytC4OOFeSs
kzmwKVYi1JE
kzn-yEcvqg4
l-5M3Z5BWcA
l03K0cYRhuY
l0jOymmkpGQ
l0jcd8tfy3M
l1Le2xrdF_o
l32AtDhZqO4
l3UwBbiyXNc
l40b5inOR3Y
l44FCoUXIKc
l4cgNEuuQfk
l5Wl71-kuXg
l5rHZPUTwGY
l5sikWMMIGU
l6fMJU7V5zU
l6q-QSRuLPY
l8dtCysveAk
l8fq_-RaXUk
lAcdsNS9qSo
lAuyOGHdTkQ
lBR5NUMN7_0
lBoVwxA7Uqc
lF9Q62DBdJY
lHcjJfkVQaQ
lJgS0bo-x-Y
lLMSe8yHFn8
lPGIde7na9g
lQYY1Oc6YD0
lRQSnqb7JNE
lRtqp2XquZE
lS4agebK46o
lSJyRd1zbZE
lTDnOKd4U9Q
lU0riDtbNek
lV78pLn4QIE
lV_oCSAkHEw
lXcnF0jFBxs
lY_ZayRhlVU
lZLzHFgE0AQ
lcXkguBRcQI
leqkGOqyWMI
lfEG6qFVnMI
ljBfbgdwQV0
ljEfXcIwlYE
lkgKZLa7qUc
lkrexd-2c_Q
llDN3fxlvsA
llSN7xmQvxw
lmmyxhKUUhY
ln6spQNq8H8
lnynjuMESXc
lqwf-u1-ihI
lr9L1hqFwdM
lr9NggiUUDs
lrB27smVNhk
ltOFLynJ6Uw
luo9oEf7Jlo
luoqzonETKw
lupZLTNId7Y
lvMmKpskQ2Y
lwAVHPkrcfA
lwKX6aY_3CA
lx6CRMH53YA
m-6v-3XR0aU
m1dlf1qJHTk
m3V47xV8vT0
m5Xk9RP3CIg
m60D70hsMNw
m6KgCarA8MQ
m6i6AmrnbsA
m7yGXIY8kqc
m8v7Qf0LGzg
m8vDIAFeYMk
mD09OrCa5eE
mD94D0KAn2U
mDG_3JnPeQk
mITfE-fI7Q8
mIu1pmrMiKE
mJ3x9pdhPr4
mJrd89br8E0
mKqRI8er-EM
mMiBO9Y7Wzs
mN7EcGbleK0
mQrXDVdz9bk
mRU3ax37rT0
mS4DoFFmD2c
mUGL7PZ3xz4
mVEQ9T4SKsQ
mXbD--zy4HQ
mbrqyW7e6Eg
mc1REj9gVP4
mcI5xaZno44
mcJuWyOhGL0
meA27sMh5u4
mer7zbVFrxA
mezkKeopH7E
mj009jmexeU
mkZd2VKpFrU
mltswO0zcGg
mm1GjAuYXB0
mn9T_5sCjhM
mncQaK10ffY
mowkrwb4YJA
mps4RM04J9U
mr4bq-HVjtQ
mv4dMqEk65I
mwBrsP61U9I
mwI0WrzHRtk
mztBHbIH4JA
n-24Su0Rnac
n-pjX0BWn1k
n10tMztk7JE
n2OtwDfHwu8
n459mCh1xyE
n57DAHJKC-o
n5SjKqTER10
n5gZZLUhKSc
nALoceLjutw
nAl4xY1wrio
nCVMUIYWTJ0
nD1WhyAxdns
nG52tEGghTA
nHYFZie1BeQ
nHY_Q0qyUyA
nHvDIiLjG74
nIX3AVJ3Jog
nMHlkELyhpY
nQJ0-C9LtYk
nSw39AfUmfg
nTSrrXO9Jz8
nUBn95-Lod0
nUp0OFdk2Yg
nVSwUtB6pyA
nZEFxgDw7_M
n_KZLsO3XYY
naX1Vd6nXUM
nbevHhGx1Yg
nd2SIllUcQc
ne5XtJkt4sI
nhSaOkXyKPQ
nhhgFHE82Iw
nj2weAXbxFk
nkk2bPV5kJE
nlMxpVyVORI
nlhtum4WySo
nn7Eu7Kb7Fg
nnr0-gftgWA
np83fgGOJKs
nqYKz9HyQE4
nsbTJS5V7h8
ntvuLd3pxtQ
nwLG92Jcb5w
nwMclypMyC8
nwy8fFbFP9g
ny6jLli49jo
nyralZO0Gaw
nzWcwtrwRqw
nztKV3nbcko
o-HSt3iafiU
o1FMhL6diiE
o3Z9sOGf6BA
o5dk9v9cUv4
o61kkrEyUdg
o6RZWme56lo
o6Y9TkaFTPY
o72gb4OgWuw
o79zdE5JxVo
o8eptcM0fpA
o9HZXPIuHTo
oAsmAj8ySAA
oBD6jGm1luc
oBMRtH3zkx0
oCebjPSIIZY
oCtlVsMLJuM
oDywCjbPobc
oEUrRBRRdBs
oF5kWeLGRv8
oF6GkRz1JsQ
oFLaz6OEOQE
oGK2-95rqa4
oKCT-4lZHKc
oKGa208qVIw
oKWh4CKBa6s
oKk_WGMETf8
oL1b1tMNI4E
oLBXyT7jBQo
oPPsWOuR_j4
oPVN3Da7s0Y
oQV_Y3eLTPQ
oSWUNPwz8UM
oTBEJNOAT28
oTBmJEYKR8U
oUB49aDN2X8
oUehMweJEGk
oVf32i6GVUY
oX4iAllj2Oo
oY8TVf5MRE8
oYMF06qIJJE
oZ383X_lbdM
o_j9jinLRlQ
obYZ7ErdJd0
oh56hbabyBQ
ojQZYWAhm-Y
ok-awXvhG2s
okuSvaL4yf8
ol8PmyNvQeg
onf5qoE57d0
ooycC9Cr3Kk
opp5tH4uD-w
oqVrx4iKsA8
oqpHiNqQW_A
oss1akW3i6w
otzSz7zq2RY
oushpk25F9U
ow_Jr-39grI
ox0M6giJRrE
ox6HQOCeT54
oxxQuK6UHzY
oz3P_0LGsG0
ozqKzvqZ1sM
p1Gpr37X5qg
p1YzYLzRwtk
p1lfSWp1AXk
p3qEq3kN6tE
p5Jm0wHTJxI
p8m65cawkMc
pAh-fAo1YxU
pBTplX-PWVU
pC27eoWf-wI
pCw2RWTbOns
pF0b7BLTlnI
pFsCT8Ng-5c
pGDLnENzwIc
pL1iDBHMlSM
pLiyoUFB5-E
pN1SQ9yC9Z0
pO7Egc5Dtqs
pPMkKPj99uA
pPcZAhSfDk4
pQ8kPKX_5yw
pSbixigk1y4
pW205KtlLk8
pWIOBj1cHuw
pWzBHcCoh2c
pZH0BpSNB6E
pbYxXsoa5Tk
pc4HA_RVmkU
pcktP5jz7mc
peSqwu7l7cw
pfpzET8UkF4
pj6yiqcGaMY
pjGzI_dDg3s
pkGIFixupNA
pleFaRmcZnQ
plvX7knrEq8
pmqKALQofNs
pnm3plYUs2A
ppln3X2E6uw
ppzMdQqm_6M
pt0ib4C45UI
purPcr0BrvI
pv88OJk4S1s
pvP7TE0jJ5A
pzVqDXxan_I
pzfpwOyXms8
q0OaOnT8res
q1brL8sccT4
q27ShW39O3Q
q2WnRPHvwB0
q2yYsdo4GLs
q3iJtncqiaE
q42XxOCu0pg
q6G0I-HDn8o
q7GkGTpxojQ
q8A0ND3_k5k
q8svaIfcpwc
qAQN6EPU7hc
qBE8izmDMms
qBlfxCZOPg4
qDfoa4h-4Wk
qF5eVFDXiOg
qFxghkVzv9k
qIY_7jk1vlg
qJKBCLRh238
qLjhI_Tok9k
qQ-NaSocHXY
qQJGq2WUhbY
qQmzPPo5MEc
qRIKaynUAB4
qRJyDDGYKj8
qS7j7zNnnKs
qSnJTPdgDAw
qTT7xeCSFpU
qUtfN8fHiNc
qXE8ZBx0_6I
qXm_0DxoS_k
qYqOh3naQhg
qa5Al-dDiT8
qbu0yN8kDMY
qgEOyvrESgc
qgHfDziBCJ0
qhNsKRFgwu0
qj6AIczvDhg
qmu_GAt6dw4
qo1rY-BtEVU
qqIwD5-q6BQ
qrcWaadj8xY
qs3ohqmKito
qs_We91ybvM
qtA_3Z1N0ho
qtVTcvIyWdA
qtsAAvqavBg
qu9LRu1joV4
qv8yQEmbqjw
qwkK9xzJs10
qxXK5GonLFE
qzhWsCdXqa4
r-8asJmAeAA
r0PSQCl-7Ko
r0lxJQ_FsbA
r1JgFbRFoFk
r2Fplp3nL0g
r46RVWJ_nMA
r4c3GdB461s
r6aD-U_26gY
r6ch7Evegs4
r6g3ZU4gJb4
r8lRGOrkpv0
rA2STkNUvh0
rApTgZQrToo
rBTA1UStdvg
rDo7ZArWIk0
rEkoUkmH6IM
rF1b2UUaZM4
rFv8ZOx7znQ
rGT_gJe6pjg
rHGYd_e9UbY
rLfNzk28cfs
rQLVjt8xSwE
rQdRpm1j2Zg
rR0A_x8zIYg
rTOubNaZwTA
rTgv4cX7e3E
rVXsPtkbYGo
rVwoUAj4s1s
rWs4gjHkXmk
rYvjChpT63Q
rZs9p9yvpjI
r_8w2LDgPWM
r_eGdSp47Uw
raYUZ4jpQJA
rcRkLkTGhHI
rcoXqJYoKr8
rf6MfSdznOc
rhllrusR-1g
rj2YrDoeCmI
rj3GBsgStnA
rjHrXVptRJA
rk8f7W2lu8A
rlFIbjbCNMc
rmbsxPnWRyM
rms4x30VOQg
rng0ulo0Zxw
rnrnLf9DjpA
romOBHXl8yE
rqwbPoNprXU
rrarvlEzkac
rst3CIHrDH8
rtCWJ9Gj8bk
rtbOZXurDYg
rvmlEzx9lEw
rxKiUcmWlos
ryavtsr_71E
rzoSImxwXWE
s-F_POMkBe8
s0VwZ7qzpzk
s2B-xE2JC80
s4JhdK_fBes
s4g1nXLY1_I
s5q0K8Z17kc
s5tPiSuoVFo
s9zHyhoggPI
sB0sPTe_op0
sBijNw9lEXw
sBkrLGMtVY4
sDEAY4ix8M4
sDUgYnFgjoI
sDosZACDOVk
sGKhBcwoHdY
sHmMQ2uIGfY
sI1lti2HcjE
sJkP_i-k-5E
sL-e5erGpcQ
sLdgRXv7tRM
sMoR_2a19SE
sMxJo1xTUtY
sOcasXVD_Jw
sPX_kxOuiwU
sRe7yCJ59Mc
sUm2VjMmhkg
sZH-WRF-WTU
sZp3SOZktiM
sZqXWHQgEY8
saR6tC1_IDk
sbTm9d2_XBc
sdOWNDuGaWA
sep9d6l95mo
sj-C0QLtFKE
sjmqcr194Ow
skcJlkFzqLk
slBugwRsv1k
slnpGCDs-GM
snUGTgLEC3c
sqEFbTcPXSc
sqQB6xmjGVo
sqtiRwTbNjk
srMw6ClvkOE
strzyLo9UmI
stw8ByQkUrs
su2FzGqObyw
swBySvQErUE
swG0YbMnh60
sz7EAqFHOAs
t-iSKe0RpuA
t0XY02gEoGg
t1zSIRk3rd4
t2-hUekud6w
t3Qpjr_nO1Y
t4q_Ax9FkgI
t57wtm1rpE4
t58H9SswFAc
t7Io9Ay1dGY
t88XnZ7eTAc
t8R7gEyrkvs
tBbacZ7VVr0
tBooO2Q-I2E
tFnaVYZDK14
tGB9MK2-2Bg
tHPCT6KxYtc
tL9Kp0ZCTUw
tLViVrZTxTY
tM-EVLlL73E
tMLPN__XxRE
tMnsDy2_arQ
tMxP9wqPK1Y
tO8KwjdZfWk
tOtxLkc41OQ
tUZdtawTzJ4
tV-DxxgdDKk
tVSlH-2w4h8
tVuFSjbMDSI
tWQ5gN-AuHw
tY56mBacPRM
tZ7rRfz5_Eg
tZUyCCB9_4Y
tZV948tgNjo
tZu9L9AZ3LI
ta44R593qks
tat61CVCamA
tbc6q5e8wQg
tc4xJ3KwMic
tcioSREO-v0
tfL3rxlcYpA
tfmJFmzpFAo
thSFFUpSMuo
tkZ1yJNcCCA
tlimxrzeEwA
toRcVKC3Rx4
tq0jKKCdVoA
tqEPm_5cjA0
tsKSaZGWrjA
tsOuZCOqPSE
tuBkwtND0JA
tuFZ7isb29A
tuw90IniF5E
tvHiQHwfUJU
tyv3VzkI5nY
u-WV0FqSa0Q
u-sBVamuWjI
u34-Ic0XKlc
u36Ls6o9nWM
u3VCLfi3Bzk
u6GbI4RXC_o
u80Tuqrgr90
uAHj34IpQ6s
uAIOYlSkBAQ
uD69GCYF9Zg
uD7NMEOnhH8
uEUqpe06nMs
uFpAUU3eOv0
uH0unQJsl-Q
uMYbNoco2sI
uNDSGsV_GFA
uQ64sHfr5-M
uRx3etjkSV8
uSinsvYoNvA
uT-OxyQUUlI
uUZ4dhY2L2Y
uVCZmJATAtQ
uV_F5_NB37k
uWJUH6iWz9I
uaC6CvI35oY
ubHFsygr9d8
ubsm8-v_e3Q
udmxUP9sOkM
uf9owaRseDo
ufDoHM1frA4
ufGl_luPApg
uflWX9HJVSg
uj30tkTUjmM
ujuFg71GT1E
uo6nxiQwliQ
up0n4arYxlQ
upermEqNPk8
us-UaNDJHpg
ut5rE4dEwBY
uxk4VRhJ8bg
uyGEMsmcm54
v0G0aUkVuT0
v2caaxL0rAE
v3520trWCLM
v6Qgo8zexLg
v6a33sSa9us
v7NJuBDwLlU
v8qGxsZZYf8
v9mwGuxdgMY
v9psfW2jJIQ
vAckITx8_Jo
vDcdIJNUYCw
vEyiMSPCYCo
vFQ0xLQYsqY
vG7hVC1w6CQ
vImlYHdIjss
vIpUOGxLNbc
vKLfSFHYuIY
vL65wPqA2hk
vLVLCRIV_4Y
vNNnT68TCG0
vN_hKW9bv2M
vOiHTWGnl8M
vPFqMcCZrps
vPGazCkqsE8
vPS24EswWYw
vQpEacb7YZo
vRRVn0_HAQQ
vShFCWo9hVE
vTacolQSsEA
vV4kZF_l_IQ
vVMzgjCSnZM
vVvC7bj26aU
v_a908NS05A
vayIsEVabjg
vbtldZCEDaw
vcOAFcHkDtk
vdKpSO5rnoY
vdQH9alcFN0
vdQngMJ0kJ4
vgLhOeIiyzo
vgUI69vMMI4
vgWXNvKEwpg
vgr1CozVlrQ
vjfIKyI8pH8
vkftukvl79o
vlVf5Fo80jo
vlqkj9Lwbeg
vmYNaRS0ttA
vpoM34p4_dk
vq6u4RFf7ck
vqJg7__j9vA
vrHebf0u3Z0
vsXE5968h6k
vsypPqfOgBo
vue6WKhHpAM
vuwfcERjVHU
vvD-Lq04W8A
vwTLGE-YWe4
vwwdog3zXk0
vzAUdqaSi3s
w0EABhhXlww
w0inJQjchQ8
w12Oy-huNpc
w14k7dp36AI
w1My3NznL0A
w4RP87XN-dI
w5chMPSWNRc
w7hNrTNYo9o
w8exKs-tT-Q
w8yB4kXxkAY
w8z3-OILwL8
w9ywO53_8is
wAaWtNbUBlE
wCJU7qJUM8w
wE5e5H0a5wE
wECZ1p1p8nQ
wGA48Lb72_c
wGwOVqa9Dqw
wGzY5CquYac
wIN4QsQtuqs
wLfqQa75s_E
wLovhHqRVjM
wPdTXwPbdjs
wSZ1t2CYsSs
wTcII0rSICA
wV1MXa_9FWs
wW32Fdpubwk
wXweExqH0vo
wYI7aQLV4kA
wZTGy0i_qsI
w_sXCDZ3Cn0
waoLE9FCMpI
wbdN_sLWl88
wbeHbUSPliE
wcc94K5Y_wQ
weWzfa-52Ew
weYLVqFPgoQ
wf4PrlZx8_g
wg2ZOpjRwPg
wgGXJV0w8jA
wgRsDgbeXaI
wgSlqV0bEiY
wjrTq0dEvGI
wkYG4yor_5M
woTlkRBPXAE
wqM37zbxd7Q
wqgbbsEPFjw
wsgbZTwBSts
wso8Fw4P9Iw
wtQWNpL_JBU
wv8DkKS0Ass
wvKSkukModk
ww73byf9lqE
wypQ3wivmlU
x0KAt7PcOhc
x0MTVTAK8e0
x0itDZeBaUU
x3QJdSYzP-I
x5rHTZJAuOw
x6Btxp4TLEE
x6g1pL0qTuE
x8bMmloMHQk
x8sh06n2Exg
xBZWbSqHZMU
xBeul0AoGDw
xD7_gfP3O2Y
xENwSKB6KyY
xIbaZYwZ0kM
xJjgUMcFDnI
xL6d-y0LhgE
xLDieMMXF2Y
xMVK1pH_jO4
xOguzcxQeLg
xOiOlTFLwaU
xPFFKY9jUbM
xPM4Qir1OXc
xPbwpgah48I
xXG86-fcfq8
xXIK-dSWPIk
xZdh8z9szV8
xZzq73dh0Yo
x_MXP98YRuA
x_t1dL3-ahg
xbS8T2RVif8
xbUrTre28ag
xbcbJ8FD7MY
xblZX20uuDw
xd94F3pDwhs
xetGsOerpEk
xfzATh4N6PA
xg0c6fd8PCk
ximlufP7epE
xncl157QCJw
xqXJ5WTJtcw
xqvFlio8y5s
xsLHmItQPIY
xt2_hp72S-A
xvDruFAExGE
xv_BazqKYsE
xwsj9AZnaaE
y--9bKbJMFw
y-YnZK4RxAA
y1aMsHHvKpI
y3gXuclXHdk
y4OJrLdyc4M
y67cO3zoF08
y6tfTFIKjTw
y7-7hrW-0EU
y8ozf9f24m0
y9Fc_mrZLjU
yAGFP97_OZg
yAb9Zr-ojoY
yBdP8zni6yg
yD6-ecF29Fk
yEVGjdORlXg
yFn6y-G1BdU
yGJ_r-pEH64
yI-MCqeCILs
yIHtaunkn_8
yJtnQBYZS4w
yJztwhyetW4
yK8ZREJYBVA
yLxq97_3cOM
yOYHnRHdlW0
yOdjSUE4hkc
yPAkglDp47s
yVSnqO6jfI8
yVzKgxhGdUc
yWE0bph78-I
yX55MiECthk
yXnplcw0vXQ
yZS3ImODozk
y_MNp0ola3Q
y_OxqIS-W58
yc8rgk3sCVg
yc_LYdRyEAw
ycvBABK0ZsU
yeB3mIcNZTU
yhtcJPI6AtY
yiT_qWgLhQk
yiVwknqeuGI
ylpbVqTS8So
ylxcVBCVqS4
ymitlMUE6WE
ymmobmxpdzA
ynKaQBJVfUE
ynOp4GcjeGY
ynk3HGykN64
yoeIUCgV-K4
yolUigQ37GQ
ypjAzjVMaZ8
yr4CAv-dOs4
ysQJ-jwUt9M
yscRWJt503A
yvD1xsjIs38
yw15o29TyEc
yxIEiPtxfLs
yyCH4fFL1GY
yzOvM6E-8-0
yzxTCwNw2U8
z-iEnSztKu8
z0ioJfZ_Oak
z26C7R8Xz1M
z3Jm8iyXGKU
z3wuk_bo9Sk
z4LZ5JjxojY
z5dtDjvsd4M
z65xopObuAM
z7AZM-oMxNQ
z8E0izluuY0
z9bRfsVpis8
zAz-MSgslEw
zAzfXK3nOXI
zBDgCATvf6Y
zBKNaGe-GxQ
zBr9I3l_7WI
zDKo53gTdoM
zHWY3d7aJQk
zIZGIgAbrwo
zIaZWA-aM8o
zLfPeJcLMr0
zMQ5emdaF_s
zMXXJqvMdk4
zMbsqu720lw
zMgWGA5z0p0
zMxZ1kRcrOI
zN5mAD9rbVU
zNmhtF4rv_8
zO0Tj78HQJE
zQqH-WoQcKo
zQvl6H9vz0Y
zQw-TJxfl-Q
zR_tUswS5Po
zS_RJnLnVhg
zSliLkItJ88
zUX1jgnWwyc
zWjzp5SdhnM
zXp_xdir3UM
zY_mFFFiXCg
zZ5yq9mpO3c
z_FdhNC2mJg
za0QQOFr9rc
zdmTdPd-H8s
zeSHU9wpYvM
zfRHh7PwHas
ziL_FMNf25g
zifpV1b49l4
zj8gsmWD54k
zmTxy9FPTvc
zq5JcOu-dvE
zqWpq6w5rqo
zr_OdafBlMA
zs96icb0LXk
zsYEWascDPA
ztVQmmGkg3A
zwbqnG7VM4w
zwdMG6vmqxs
zwy7b7miw-o
zyt1tCP_JxQ
