0U4OmN4fN8s
1lcW1Ywc9L4
2ZZDtaB9N3c
2coFwNX1Bxw
2moflp9v6WM
40sUdM06W9o
59r-p-aJDe4
6i5rHu2eW_M
9XQaYmmplDg
A2bGi_YsW2U
BhhBSYlc3cA
BnKEQ6Z48S4
GK2l1MwHE5o
GxJnv6KphmQ
HLZD0Mjd2iE
NoosPdgjBJ4
OY5VXd_nWEk
PG83eT-CleA
PjMB75tChx4
QYWEG2MLcVI
S4kBcM7_Ki0
SDk5UfvQXXE
SQRCAUgO5rI
SdUBVzieNXo
TMLnuYm3FWY
VYmvN6Gqt2s
Vi5dtxMIxMY
_7SbYyo0plw
aiHPbdRpPqo
cS9XSVRd01A
cTwVbowgY6M
dppVISPbv64
espV-SP4i24
gGxXh4cGgTs
hJMMJsY5VPg
i6dXc-CNKAA
kUoOj2SyVhU
miAS_JEPPYc
oAgDWiLgkeA
oi8tBD1U4KI
qM2iDYwAplA
qT6Ez2TnwF4
rmpvPGJjAl0
sQ8WIPLUkmA
t6YnaeLMADI
vrvw2031EkY
w56xytp07dg
wUheSty5rBg
wq4mKeIW8Tc
