0yEbdp8Shko
27bMRbD7e-M
4MSFWkzpLMI
4YWd3UqJV1E
53GN_I5w3cM
5p-cqPqnRMo
6AMij1C-HRY
6BsjZX0WAoI
710zEdYDdmE
7GGoKqdC5Og
7oIvuWBxHdk
7pTYbkWCWeg
9-3r6K8Mlqo
9IHih4pa44w
9a7m9T0CyZc
9k7ClmriJCQ
A3SpHts387M
A52Imwk2pms
B_38W8ATzZY
C2G9-EJnibA
C6seaHGieZ0
C8f-WcNd5ic
CJDcK2LFRjY
CtyUzPEEGFU
CwbRjs5kuhc
Eysm_vdW-5Q
GRaqDHM36Qo
GvGcBSPUz98
HXIXJD_RruQ
I8LaCVsoVKk
JhnfVLk09qU
KwF8C43lIss
LKBm2TkswJU
Li6AqPGQVDA
Lv3E__SxgIs
NvTOVwHKab0
OCJ_yYaxnrw
Om3qVili8n0
PH_nnbbyEoY
PxPl07c4ECo
STxCJW93udc
SiQCF160sTA
Swv4jGgv_P8
Tb0cp3qW3Lw
UdDMMNVOrHU
VESTCxYx29g
WAeA_6wphic
WHiHDQ8oBTQ
YzYugvEExVM
Z-CqfPY4ZZ0
b0bNwQRgsdM
b5dJjEJ_fq8
cW36_6FExRA
cmpuELLAGwM
ddYysrTMbYg
eYJCAp6VBVs
fMoZudyEo8g
fgxF1GozOGg
fzmjZGg2uIg
gBMQ38gKDNY
gxTwSRo_L8E
hiX90iPpBHc
hpvYae-4srU
hq0yKCuW7SM
jp5EkCIAQdI
kXJ_dM6dN6o
ms299dZeEqY
n9u4iTvCV-w
oH0erboBqEU
oZPW3naq8oU
p3SvbT_nI1s
p3er4aMgIPg
p91qWbc3hsk
pUY7ryWndqI
r3O509CsBZo
r4tKtwtl_5U
rq-XAKnci0Q
uklv8oas2Ic
v6YmfETyy9E
wFbQqP8fzwo
woP--_gCwY0
wttiCuXTEN8
x-Iq4RxYt9g
x1g6OzO3neM
x5udq1b8zK0
xD2OHDQnm48
xNrpWWRSmlw
xx8_EvH0Frs
yfwj20fgl_o
yvLoIsSp3WY
zg50rD4jNIY
zz0w16Ypr34
