--cu0abockM
-IupB808eBY
-diQndido8c
0NebEWKZ0ro
0kX_Y7lNXU0
0rVmq2BBI5A
11uYJfeXd3g
1J4L3gAFVwU
1LessK4kwWA
1LyIm4D28IA
1jK8M1t6bcU
1kbnCsj_fpw
2MLZwAfBrdw
2PuweqjouY8
2SaWpI1EmXw
2Yo7oOedAjo
2aPd2T_rMpI
2f3Jsp9b_G0
2ju-0VKqevk
3TsCDImplZ0
3q8uT84WZxE
3rKR1KpD3u0
3tFlPrMKIIo
3the1M4OQXc
44ww6-A63wY
44xnphAFQrI
47Tnfv9AWYs
49NBrr9iwhM
4d1jwEXu6WY
5M7Fo2prb3w
66XZfs84StE
6XeI2GTidjc
7GBJ8peOl4k
7eWIpKUMJfI
7iW6FgNVzLU
7tVSeeDhZfI
7yn6UR297m4
82Abxr8HPoo
8EJFly64SrE
8JRci4PqnqM
8Mks6ySlchk
8T4gSZ09yTM
9EIiJi3zXoE
9NnHN0-L45o
9m0xWk2W0SU
AEAV4pGu4xI
AIpvzi-o1M0
AWdp5uzDBbE
Aff-p-8pmDc
AiiNzCGGLq8
AkJV1uhFsMo
Aw2cJfve6ZM
BXIX0SGE5sc
BbrP56caRyU
Bxb7h7NpcGw
CGDL1DwXJmQ
CVO5TZatFoA
CjwAAMGfyEo
Ck68VfPwl78
DHGN6erezik
DotrPy_8YW0
DzK_VBkA3N4
E2sT-ym0uvg
EFJ2IW311KM
EZR5rsPqaVc
EkAA9lRGgl4
Euf5pQHI5rY
Ew6J8TFcf_M
FBgm2dK7BEo
FOJD4m4vvi8
FQ4vKGSwYRg
FvYlK5JOqVM
GF0TDSIbF6E
GJuRjEu3uTI
GdgZphb1-4w
GnDMFtcRFFo
H4ccELIS5Wk
H6Zbi-A5HW4
H_zv3B-i3GA
HxxvS9O0DyI
IIAktB46ng8
J_oYjnF-lfk
K-VTYsQbUXY
K4F0GNUDUbs
KInvhs3bMsA
KZl5mGfcwY8
KkILCciNxUM
LGFxOoRBa-A
M4Gnl3jHoyw
MKJbghUX9GY
MLhZRNA_Lg0
MXLAG6fdMQw
MfpCO5EURWc
Mg2xKF5iD1U
Mv1MQ_j1Xnc
N2jMSkHfs3k
N9fARn7ZgCs
NL7qP-bbYRU
NNOk-vYynCw
Nc_WrRhgLtY
NiEPNxiN65Y
NsuVrv6VNgo
OMzrnQGL2x4
OYwZIczfLow
OZInJLNgn5I
OcoSb2-T_MU
Oggn8e0PHlw
OlQpNgMxpTQ
OlSfYjs7Gw0
PPBaK1buemY
PcF2zKYFj7U
PhTCjNNTVsw
PkKcROH9VwY
QEcMbRluPiA
QQYrTAFp1R0
QbcN3DXSg58
QmBfPVLqLgg
QwFrczJH3X0
RRz5e2gi_BM
RrEkMl9EAZg
SIcE6pILyMQ
SIniSxaA6PI
SSS6J9dvYK8
SUPadqiuKp4
SeZuUpwJNh8
Sn_GAcbERIU
SvTl90szj7g
SvyMH59DsY4
T-xYYfQM7QU
TNy4WbYf_Q8
U5RgUDDek_M
U69qorZDYzo
UYw5vtk_4K4
V9uBLHAg5Eo
VTNxMHqbPzo
W4DYKe3hZxM
WGuf5ELCXzE
WKh_cg290xU
WOnIOlzVfPw
WXUbIo_Z9f0
X2bv9L3hkC0
X3MPbaZeOvQ
X7VFbpWr_N4
XNINcZr9h7Q
XawOMHc6Q4s
Xct_e53ijEQ
XsLWCfX6Yxk
Y55PKz6N_GE
Y8eIGBiYsqo
YBAIPdKPNyA
YSd_rl0tBSA
YT7Qd1lv_9E
Ysotz8Nq9ZE
ZAN5mgf6EkE
ZHJ8X214zMg
ZIzIxidudGg
ZWxJDbE48n8
ZuS4xdg_0yg
_6nIViulmcM
_HlFRWrGrJk
_J_LEP9_I1I
_TuuzzjnNS0
_Ziw-cYpHOc
_hRGiCJUzkc
a-AulS2b-CY
aWj-UnWDuLM
aZBJvztLymc
b2Fk13etHdw
bLVb5q8Me74
bRleMO7AAZo
c6cCai3IUiU
cErpmv6wfos
cLy_PsFhois
cantYoLH54M
cmD5X86n98o
d9x1bSYQ3vs
dIzVkxebrDo
dd46nz6UTR8
e3cHRmXZnM0
eRALTqvAoAg
eTqOHWNYG5w
enhyEfaj22c
eqSnAslgjSI
f-PihpcJgm0
fA1NjQir0vg
fkRdh4wnjrI
fqF2QUP2A4Q
g6cyH1mxEvc
gLeFb1kVph8
ghvihd6iQ7w
h36BrE_MYhc
hPESSo5EGdA
hVwizNVyc0E
hf1ju0y6-WU
hkEbZ9yT2Hc
hx6DgINYwX0
i2-GbO6EZ7M
i3GVsKmBh_Y
iIL-uC4f87U
iJFpwda9aIo
j9k1MJImOhA
jZYkbM_9XTY
jbrbrb5RQeg
jkNKF_aVrPs
kHzn-Ovv3ck
kKDG_ERRYq8
kN-k6C49RAc
kQIpMn5zPaI
kXhUzkGDij0
kvdy_K15-lU
l9KNmZFwQn4
lCOhN9g-3o0
lDtBX1WpfuQ
lI9UCUFbn08
laL2fiFwJEg
lhHN6hZfyrE
lwacF4nyfRo
lyIlDor6Il8
m8oe-WE9ZMg
mWGcRlkh_Pk
mtrt4VF1kuc
muaRq0_-Q6g
nIGop0enROU
nKzdFrko1Ac
nXD1hAc8Az4
oFlXNAHaHvM
oiQz6gMj3ng
oxcTKqZjDw0
pNHq--25sCA
pbLvCwlHe4Y
qMi9mxZk01o
qSvsQXJNOco
qdVFLMQb9o4
qpfe2z-YLLE
r4s1Ss--pEU
rOQFDlYx_Rk
rPVD2ct_CKw
rxdXWTE-YA8
s8cXSfh1zOk
sRgIybMugm4
saRC_WfA1LA
sbOGeMgYJCE
sqswA_DGQM0
swTNzj6nXgU
tDV8cquUtu4
uLRCpQWNr2k
ud5w0N3xhvY
uqH7jXwsqnE
v97ZIKsyPl0
vVD7xBk8oDc
vWj1X4JSmbs
vjeMPsZn3Z0
vxk5ytdamTE
vyCZ3rWPevw
w5qean2nENA
wKJ6i2GGhxc
wKU30DGmNzA
wS5Lc50JqIU
wTOdcLzuQcI
wa_kQ22sE58
wuwLTZW4zjc
wvSIx0IDpAQ
x0V15e0YBrU
x4DNDtMjaxM
x5QqV2i8B_M
x846-GJDH34
yI1tYAHZfoY
yg6aJg3O4T4
zNWA8YczCC8
zl-ae3xthVE
zqCHJRC9jVg
zys6lZznWCk
