-1Ub1J5Tj8c
-6a-OJsDcDw
-CV2uJTwA7w
-K_2qNFO_SI
-utPCLzu8Nw
0hMQh2o2Cbw
0kz6XZLGMeg
0q4NDu-gouQ
15e7sN7Qogg
16yIpIJXV40
1fhnWNIndoM
2ANU_BgKsvc
2N9WPgKREVc
2gqT5mhgmeE
2suTFMG6UC4
378XjrpyAdM
38cpRGHHfxI
3UKQI9DloJg
3u66-srhW7s
4HCr9DGs4bM
4P2JHh97OyA
4SJ7aELB5qk
4_CAAOQ6MU4
5IMH9QwpUzQ
5TvBYmuG7mg
5U3NEfbXhyQ
5pJ3OKlSqwI
68AVLfuY8RM
69lITmfVswM
6AHxVpEyNKk
6F9hMK7Wu3Y
6jSpCPC_Zts
6u9B4NcTVAg
7OplEoMQG0g
7TSKf2DQ3dM
7g80BNaq560
81nLXCcpZ0I
8G2x4ikkEAk
8IL5ts7bs9g
9LhUzDIg3lc
9Zb9fo7uWPk
9_O-0oAwP-g
9eJlMMyCBfo
A8QVRt3gZmo
ACO_Jbdq5ZI
AK36WwSYg8E
ASzHXP0t4lY
BLzF2lNc32w
BqtLG1xF4t4
BrF7iLFXfFM
CM_VCxbhsW0
CbDgvJ6GXCY
CeTZwTCmops
D1XUobqPFMw
D5UscCgN0XQ
D9-z1WNlpAo
D9bCQgIPt2M
Dh1SWyZn94M
E3xzygtlZHU
E6lWDcZagC4
EOJCRgMGSDw
EP71MFrWh-o
EqG5MyA4RqU
FGdbdSnd_oQ
FWoAb6zBhCo
FmdoGD6l5a4
Fmhv69cQwu8
FoL6-cv4ahQ
GIr_Rc-OREY
GNogrPdb0hg
GTZ15kcB22o
GVP0mvnfIts
GXhf5iU3pDM
GYQ1fVhy-sA
Gg_CGDIp-jg
GhVXplZOanI
Gm0a7KCSg1I
H2hKP1tDGzY
HJiPLTb0Ta8
HORu1NCHEEI
HYxZaNM7CLA
HgaRiROUt78
IABPzp5RYi0
IKcZp4L0EH4
IYdTlp7BA8o
IaKMuFoCqkM
IhU3CTBgk0c
IuUeHDYYqoM
JiA4uXITrSQ
Jiuqj0JzO-c
KQ6wZkC5FwI
KRnrC2ayor4
KXZ1MzZU8XA
LFlrl7Xguw8
LH7QKKIvhpk
L_upjwSQ-wA
LkdagFnJKtI
M-aRLHD5TlI
M41CK4o3Efo
MJQ8msMRRWc
MJpJ5BsFWf4
MYAss8oI-0s
Mh0EOnrYY14
MiylaIjdPB4
MmVyvAqX3OI
MwfaGh1MLzg
MxK0sKNGjrY
MxfczqHMDjU
MyU9TNKa7lk
NPZylU6RFtw
Nfk2od4beuY
NtSami6LY-o
NzbsXkCBKkI
OB0vguCFygs
OHPoeGGAf8A
ONIDI3dsWF0
OZfDxH9UXHg
OlFCZE7fIic
Onyx-7D9lns
OtQ2ijf4Uys
OxFrGmsIaTE
PKdKNFGIXpg
PUMuqp4jvu4
PcwGNtHd9Lo
PqIUc88Af4A
PqQXuEOnV6Q
Px_lpZaAzV4
PxoZDxR5yQ8
QPeT1yf628M
QR4VXdwK9oA
Qe75MjOsa2U
QlC460jR5vE
Qo19rmV6tHY
RgtRyCuyyD4
RizA9yF3wn8
RwWBeUqzMDw
S5UnSJKP38E
SHkwXWj-k8E
SLOGwzceHhM
SbZ8b9zazYo
Su1-_ItxHlk
T-sr5psPDtc
T7yutKE-36U
TBbAfB9j-dE
U1KGbW8WQ8I
U8hsCMcWLg0
US8f9Ges50k
Ucq6dNmk_mE
Ukl2355RGWc
UnV0OCZbpRc
V3-qv8yWIMU
W9kG-Qh_H7Y
WKHBsUTH1aI
WMiYZxQrA2o
WSybO03bMQo
WfVUh_L8EBw
X9fjAUWkdzc
XIjgSDZQr6s
XPakb9ORMDg
XVc5FVQvJJQ
XlPmcM21qbo
XnGnTSwUJAw
XnspYj_SqNM
XpChmGGmd6U
Y9sMm3MkW40
YGtFPE5IoBU
YM-ZY406J1E
YPiYCu16Sls
YhbXWBru3Sk
Z3LHUvIU6Sg
ZUkwqI99VcE
ZZ5R12SfdtE
ZpwPtFKj07w
ZsjnYdxwRP4
ZzIaPz-cGTg
Zz_RR1gz-9o
_06ePxqHuD4
_PYd0Kkd7LQ
_j-22ZtEuXc
aBN74cBWLoQ
aVRTow1O_qE
ajlRz8fOYWQ
cmaTO2iErrE
cs3yH2ETsew
d7JtuxE3mw4
d8yu3XDYZT0
dBxkCk8y_E4
dELtEzMvoLE
e1aljE4NKDg
eQjEdc9Ms9g
esJU2UYK1Fs
f9LNS5CeLL0
fO-qHgmJtIg
fYZkq3C9X2A
fiug4Y7dSQs
fxVj-Q5dNpo
g06nqJexcbo
g8b7IdzMYX0
gAAjXyGxHy8
g_d_xDdfcX0
gzup6qOOTp0
h2sctfCcnHc
h8aHwUpJAv0
hc2BwjCvEPI
hftReSQxKQc
hw-ABKOcESA
iKRCznGNp00
ibBpVAzesgM
imJLjSzczZY
imukUHjW33I
j0Rjasldqbg
jPMX3ZF--us
kfw6Lt9eXeU
kgccdTVpjF0
lG5u57R3RIY
lKxDbnJBvcY
lORVyIedS7c
lhdl2hV_63Q
mQRIO9vCvFQ
mVK7LmSvkGY
nL0gziZi4d8
nX-wbk3q5FM
nu8M5EHPHdM
nzUN-rrRbEY
o4H4wVp1Kf0
o8sfoqYqUEw
p8DBVu4GRu8
pA2fQ1kXbSA
pRxbKhL3WMs
pVEjapCa5MU
pgqI1m68SAk
pyi4AcgmlFc
qDkvqkMBK8I
qE6B8ZHEv8I
qXS4nKemv-s
r4PrFXhn9RU
rGs6JPac-Iw
rOlZpNr1kF8
rj3_TIx51aY
rsmjMvPZgr0
rzG1O_9Qjuw
s1nBKLGz-mo
sD95hjdtSGc
sObwAeTjUNc
sYbMuWk0yX4
sfkfxq0GkJk
svZFDf0F2Ts
sy1PqVlEMIg
sy68Lv7oo1Y
t3FXHhxAPmQ
ttPdfd4yXLE
uqTm7ygO8Uk
uqqZo4F34M8
uxyb6fBeR7Q
v5Em7eVt8F8
v9ohSlc89jc
vDmR2WCxDcs
vEhcByyLClM
vOyWYfEs0xE
w-OX-6qOi-w
w3XrYe8T6Rw
w79z5jYLWTk
wZI46HB5-sI
wes_UURvpNQ
wx46t6bx03c
x4t4iCleX_E
xN50uhBE8KU
xRBOqcyawC0
xfYnTm1C6fY
yBCmq2-L4sM
yHxVSKCby0g
yzAm5LhV6VE
z2VYbRTIwjs
z2gg4rnB2c0
zEtiPl83vJI
zI6RtAEByQg
zKm0sVcL66I
zLtywRCauBU
zZq_8gBVV1w
zoHufFZcDaI
zwgNdoJnsaQ
