-94nhNBw51I
-t6zSkm6QTM
03zoNSvZhqQ
0EOsBhurXXk
0MeQ0wTGYdA
1VbXBSdGs7U
25VLZFvhzy8
2JkC9G3bVdo
2R-ZmRikaY4
2mGG7Duxr4A
2qxhlCuTe4w
2vPyW_iwtZU
3AXV6fX14oQ
3JnSS5AvUbM
3NxFC47uO2A
3TLDoNrtYhU
4TUrn1ZTASs
5Ol-E6kl5oQ
5n5VbWPK70I
68tp7jWrcjA
6JbkzAWCkTs
6LsXUBWR4M8
6YA0tZzLV6w
7IbBvjoF2Qo
7VgobGbtFLU
7i3QVxGCAtU
7tGRa0Uo5mY
83QSdJK6RLc
9-mqTy7MEEU
95FpgYmqipA
9S7K3IvsXm8
9W2zEYbn_tM
A4BajFqnaJU
AQc-pGY4LS0
AvvX6F35xlc
CSCAax7VzYA
Cb5X6VjBay8
Cl3fVLjA4Ys
D9kIy0sXLuE
DjnpLcfTPpo
EN3w1MRI9gg
Ey3esnoXup8
FCkfytrmV1s
GHfyPagJD-4
GglVs9scY6I
H0NtHrKSdVY
H9U6J0C8z88
Hpa9_DUDwHg
I26tGXaR7yc
IyEVzfKLSos
KPW7-tsTrjg
KXeJm2wla6I
Lk4i0NebYL4
MHqHATomaIE
NVeYcVTU9ZI
Nuy8IDvqZrg
O6rYoYoK7Es
OcgXOwxyv3w
Oy_Z9MXgcrQ
Pwm_NRMUmTs
QDQr3_lxG1Q
QW3jh4rVBIE
RIo0Lv0dJXo
RaWottTjfW0
RckrJx2ihbM
TCvsFas-rZQ
TfH-1HKQ7N0
ThaG3SU-MeY
TuO1TfLnvpc
U9f_giDROv4
UH7U7-L0-jQ
UZtVZF_HmL8
Ub6HIC6ArBo
VrTkdMPH2WQ
WZXjrsHp_Eg
WdARXKFO3aY
WjVR_LOfsFw
XBIo8iYklSo
XI6M4a0bEZY
Xbv-Ezyu2B4
Xlsj14-GLBo
YFBddP8EV-8
YO4pwpaH8Fo
YdOqGlRpN4c
ZJU_h7HvVMc
ZJeovRzmK9E
ZyRmROQezP8
ah-XBFm0bIM
bIfpTejmwNA
bWkj2vD13TA
bchBozcZ--8
bu3ToO5mJU8
c8iLepasljI
cCzgouWD6yE
cc-zugXjmIs
cgnT2vFp1Y8
coA6Rl-MqME
ctF8iHYZ4Eg
d9YRsWe-30o
dYYL9SrzEuM
e2lr0rC4lk4
eNMZaqqp8Ug
f-yGrNwvCd0
fhkiGhSyEII
fx1rYH5BVbQ
gR9j9VUk6ys
ga3b5fzYbDk
gbv5NWTEmnw
hbyTSYb9K7s
hiANWRA2dpU
hqeSAwjMhDA
inb_dkh51wU
iqeaKpAEbyA
jGMsgjFieao
l5hXHShppBM
lMYy0-yWkLQ
lO6X1nZuAOc
lagowvVjzNY
lt7yZB92McM
lx7wjXuFqKQ
n1zLjStkLxA
nUWb2nL-lkQ
ncvW9mqj2NU
o8VzZ1Fte2g
ozNeCVj9C2o
pCsCq1LRTiE
pGoV_8P5Xl0
pod8QlO4--A
q1r8gyv-Jns
q3uVQlcGtuk
rf9XPs6Dhr0
rgSAFOnuICM
rtANqHhoU5k
s8AJtXejOb8
sadFGDGeckA
sgSURQNU3qU
svzyWCjz3fs
uIDYtj8kQUs
ufWMAy_iMCs
v_cGnCNfrE8
xGIInksFdiE
xRg8j_pBHWI
xd2Thu4pSA8
y88LkxNntiY
yfZmiS22PIs
yuUNRXxx3_o
