-4pB1PSklCk
-DVLZ8jaqf8
-LIduivIoY4
-ZsrECmtso0
-aUq4XzU0As
-sQfXBQSghM
-ujYg7rW384
-vnPjtiQNGQ
06D1m-pI8_0
0DMxpY2KMmc
0HDoaJ37JoI
0Kmu1oww6Xs
0N2mDwUyI1s
0NTHINwwlHU
0TD-0P4fCNE
0W3j9T7rXbg
0l-MmEI8aF4
0m609INB9Ow
0t-WDSsLUOI
0vjFLdl6H-s
0zYdljUHo0A
12wBveJBSbo
17rxTXz-qPY
1_1qF2JeEBQ
1e6RDhWbxWU
1eEEbKAg_aA
1fDT7OHm6dE
1fRQVASiwZc
1wjLFnZTV9I
20JDmCKymIE
29_KVgpFm-E
29fCNeWWhx0
2DhAgB900zo
2HoDb9u2QPA
2dTFZS5H0jU
2fMTzDdwcfI
3eIFwz4SHxo
3kDihGtWBUo
3ndLC7Um8io
3nlbJCFE7-A
4BTQG6Vajeg
4ESWLnxyZUo
4G-zSxYay84
4N5_LNazOM8
4Q_z-vwCAhk
4W-vbCc6b1A
4fHmRu66f4s
4xgpeCEqKeU
53WRNKbFJBg
59UZwpGBYBk
5A8ZcIuuW3c
5LZfi4mLtns
5PtVgquyfHY
5pU160PW9UU
5q98Qo5HKFU
5vrbZh8QOns
6W1o_W21vig
6dTMPKByubw
6vvz5N3qI6A
79x5cHhYzo0
7C23IVurkMo
7EiX4Ug_nxo
7MPF-BRl4mg
7X48XgX1WRM
7cUfFQsFl7I
7evKje09hSk
7mLmgL2HH8Y
7wuPRV_xu4w
7xdFpZbLXXc
7y7EpKAFZSw
86ORLr4MJNc
8Bbgqu3O7fk
8Bsg7JHQU_Y
8DUi4d8p_eY
8JLsqB28EZc
8JmOWOnnGVs
8REBDJoIRgU
8WVfGbSex4E
8ZCuZvcE-_M
8bmqWZNzN6A
8in6yIV1rFI
8jv6i5CRU5Y
8nAU0grBgfM
8sqBgl9xYX4
8sxXYuhWF1s
96H_rSEte2g
96PaZ-V5Gb0
9ECOKP8_RvU
9Tmo8UuaxYM
9VA4bVxR_uo
A0HUKyfReTU
A9Z6vEciO94
AGsVrGpHwZw
AK94pG0h7IQ
AUrtlvI0BK4
AeRYTuOcCTM
Am-vDCEDKSM
AuqeuHjsCN4
Ay9d3hOl92I
BD5qd5x3fyA
BEapta6zzuc
BSt_KfBsIO4
Bm2zAoB5QUQ
BuF0Zq_jsjE
C7D8N9az2DU
CIo5D_cmLU8
CItLBHGhZR0
CJeMazNyGg4
CLWxWC5UWHg
CMVWoCzw2wA
CPCH18tq-KE
CTBRG---6n0
CZY8WKNvYQ0
CoatbOYU7zk
D5LoOyYAp08
D9jkBJ9ve5k
DD1XfwgnY2Q
DEaSNIRJGmo
DFn3vLKGYYw
DMXvGcIDTPI
DQlTzZx6ccc
DUBa8wDKPtE
Dj5iSnsXN5E
DjRuXhuBuzc
DnPc7_SOAB4
EDDb86sVchQ
EF3X_ONqp-g
EIHZXTpqmbI
END2rIFzTFs
ENDRVW0iYRI
EQbVuLYwjm4
EiaPCPBt8YM
F4sDeb4SHvM
F6v4QitMA2g
FFOAsCdiDxc
FLHpEErRnOY
FUyrqUvQywk
FZjICq78KNI
G4BdNzi2mzE
G7wDFRo3ckQ
GCANyDGh7qw
GENxPGLRHqI
GGk7DDHioC8
GHw5BBPNiN8
GRn0i8bN8BQ
GTDab47EOr0
GsSVbjZHWaQ
Gt77vGQDXL0
GvT9Rje5L98
H4A-LBYEi1Q
HKtr3LnYUqk
HN7sz1jf1us
HPvv1m8PJfo
HZeAXUHOAac
HdUR5rsurlM
HihM6cQLH7I
HjqL6yBpC2c
HqoLya5v9Zg
I-HU3ISbonk
I1ByBqk93fo
IKQJf84WaAU
ITJRuMBm8vo
IgWyuKwrMR8
IloMe65BoZw
Isp2KBag1zA
IwPxy4ug2TA
IyKKDIHEukc
Iz7nvSs8_0A
J-l4A-Gl1lU
J1ppe34p6mY
JByUnDH18QA
JIt8KepI5zc
JNJVSStlyk4
JWmD8gbQghM
JkWYMQfiy6k
Jq1r0zhEi0Y
K67iTlWpEJQ
KPnCdF-3M3Y
KdPrmi1sfEs
KqTw0iAzDpk
L17s9O0RqtM
LA2GRrABkk8
LBBjvVp6vsc
LIctfKJraMs
LMw839XgKcw
LYnFuD6YulA
LdjssmzI1x8
Lv9mDSbcmfk
LyCI8xuwaI8
MHQSXH4lwZU
MOgq2i11_DA
MUJzBgERsRg
MX6gxOVL7KY
MXlIKjsrPvM
MZ-KWG4G0wA
MuUDQS8w3j0
NIpZdJLauhA
NKwGcUigpeM
NMLiYCM8zZg
NTLWiZMAdaA
N_tRjlK2MUM
NbxqC21ND3k
NfTEQkk9w5k
NpKgp0S57lE
Nwy6uRxopvs
Nx1_EnI0D5s
OtfwlMYXTbo
PE5dDNIA6-Y
PFQxeMtCB68
PUTQB-lGzpk
PVA1Z9oNhBU
PWTLSp7WOJY
PWw_ibXBTxc
PgzB5Oxp5JE
Pi4Vk8iCL9s
QMMb6i4_39c
QU5pDnhWtOw
Qc7wi9F_o_A
QdMoSuBmZPk
Qf-zzii6Uf4
QpFoVOrj0uU
QqBQD8wQI9Q
R8772sLDkkA
RCYHaX9BUBY
RE-AyZP23-Q
RE8OwrByJLE
REqCsP60gn0
RT-9VaDBxes
RTdR80pnMG8
RXpnggAoI_M
Rt40OQFW_zI
Ru2SPCDVpWo
SC55wxPrZkM
SDZ2CTkP7Og
SFOUnuPCyzM
SHP7Su0gXMo
SPxx-cfwsG0
SRIc4pchjww
SRLDvCe3ouw
SXeDcJTnEO0
SdoLZ3TcWNI
SrI64YfdY7E
THl2cfH9sFc
TIT7Hr8mpG4
TLA1xoFy6Ag
TP_Hxbn19KE
TQRVrZai7g0
Tow7q_dSEuQ
U5SFFQl0aIc
U7uhjOBTX2k
UBKAKMjp_wE
UIRqXGLgRW4
UKzuoGrAz6M
UQcSLXjH3KQ
UQq-WRY3AnQ
UTuHHyNyuww
UURHBLR2ai4
UaWaChAIvtQ
Uj5yos-SaPI
Uup_Y00uuQo
VAECra-ziII
VUBcHE6SfL8
V_kT1Kgl0Ss
VbbNRtHZCtQ
ViS31R-dVIc
W6fuiVOKRXo
WEXvdpFY2T8
WGyIA3udbEI
WIXZ5wIoDfk
WPgCiQ5Iwm8
WU6ktRV4O9c
WYJ1VXItsyA
WejJQPY7wwg
WzLoGOvu7LM
X-A0holEE7k
XCsrMMrCTUM
XIhITTaSSWo
XPSmMc215L4
XZS2EldzOXM
XdFV51yKwtM
Xdf0YKNs5XM
XeT5NE1BRIw
Xms1ewItaa8
Y3ftWw4Yf-8
YFHx__V0Znw
YHpptTqDwGc
YKhiTaODLQU
YPq-Kz0h03w
YQNuAJ18FZo
YR6stzVTj_M
YZC3SxV2wJM
YayQnj1zmZY
Yczlu0zbi7k
YiN4fE0i6r0
YtZNyeVeaKE
YuR3A6CFTnQ
YyxFNr-inMo
Z-TcqN1mA88
Z0fjhK_baHg
Z5J44WuHAwk
ZKGkLZ-IgjI
ZMBpO9lGNwk
ZoRHJBvFHEQ
ZxjovOY6W6E
_-ge2bSktnA
_5gVt9-Ni3I
_H4KTBPL5wM
_Oy3Jw4Icek
_hT1o3cZCak
_kxk5waaSS4
_r4FEaKaPms
_xpx4bVr55s
_ynW_i-Vdrs
a0-SR-QlzGs
aK2boVsWPZ0
aLuROhVDqCA
aTePQxsveDk
aWaUNs3DSlA
aWblm_cvgBM
aaMhWNIZ5G4
aeGr0V_mLa4
apas78sjFEo
auXVObYNQ5I
bO0y4rr_Too
bR1u_YEzflA
bX7m09KgPZ0
bt_wtjr3Zmk
bzSkdJHS-U0
c-sxCavy5lc
c2L2VzLkgxI
c7u_9t55Gl8
cB_2mjHh5nc
cEkQFO3A3p4
cG5dlVSAJRA
cIs2yKbMXwc
cLhTjrnwH9g
cRG0bzsaigM
cWv3IdmaIDc
cX2v88ovrLM
cXSoZc4Lt1A
cXcwzqShSRA
cdH2vwuqlTk
ciRcR-5iotw
cn7TwjiH4DQ
cySJJruGNis
dI7PD961UXY
dT_td69ecWE
dVonLNGtRRM
diqpo0gCwoA
e-sDoDcicFQ
e2rJ8g1CQfo
eDJ9901_FDk
eFs09zQG9Wo
eRzh8VCTmVk
e_T_0mY9FS0
es1RHbjhM8A
eyp1TlTd6ZE
f-ppQu5gx48
fFy54C9x3_s
fMhL134fghM
f_0-5VW2s1c
fbwnqDeBmvA
fdpkAwhYrHg
fhub8BX2is4
fxcPqPdEubA
g3mFr5P9dgE
g4POFTTYaoU
g7y1B_XpdGc
gGjN0v4XPWw
gNAdnYTcgUo
gQ1gEyIcRJY
gSjSgBPGEjA
gjiNEv1bdnA
h2aRP5LY78o
h3CUcZ2HINc
hNjn50bIse0
hSROzv6_cSA
hTEjvRaY2Qw
hcfGjhmDRFs
hewUEcwzc94
hfsfezxI2EQ
i8BI-DviDUU
iFW2uPOen5o
iRNI7KA8tF8
iZ892Jc-bGo
igX9vtzTUtQ
in_CUi_cf_Y
iuBQIUvatGM
ixkcNTSTHlA
jFhQh2ZXDfo
jRJdTSPnink
jd9RmvcYuNQ
jhNDJAylZ04
jjHOS3PNEoU
jmAUKCv42Eg
k-p-MgW5Yjw
kO1FIWNm-vE
kQ808sggPcA
kSllf0gHzkg
kV2RGs6jbPQ
kXzFEd1lZTs
kbUBhpB0q98
khysjtoseV4
kkD0xuMQFvE
km5nw7V9iwg
kp2_S8z51rM
kpRqffyC6Ks
l1TJf5aK4Cc
lMMRoLU00mA
lMNhfqVlzgE
lUaPs6xy668
lVAgBZsZ5xI
lWMfaHUiOKg
lXo720RxAII
lq61wwLdYUk
lvU3EahDgCs
mNtYuyRC6Gk
mdIlA6koy48
mhrnq_mU_E4
muzlsoJ3Tm0
myVwLpHV8wg
nAL56YTXph8
nFYv-v0I25I
nKkwaJQXe78
nQw8tdU7Y9A
nRN_Krv4g7A
nToGdEotBJY
nVG7-vX085k
n_yMsdS88Uk
o7MIsJVsdMQ
oWK09JeRGzI
oWvBOytIdms
oijnI98-Ogk
okuAHnarEUM
oteVs8nNkkw
p5a3A3QmAlU
pI96OtVwoM0
piWy_lNsDH4
q1s-jC3Z3Us
qBQMv6tOa8M
qHXA_CoaKIo
qUtfncHG6Wc
qfBwbZgD0ZY
qkYkZ_GHOEo
qrcmqOF-vSI
rAh5I3v-L-A
rNDQkgtFxLA
rNympTHnzJQ
rQyajJ6zzkI
rS_r5kK8JsM
rTf9iJCjpGs
rdq9NIEWD1U
rfprQEqPBWA
rpSaMjg_5o0
rq2b2_eCwFc
rtWqEfs8eIo
rxwctQrsUek
sNjIZu7Ua-4
sgktbGJq4As
sjrWGYuq3Cs
slWa-W89QKU
soZa_O_9JKw
sonKoBe_4Ko
sr4ae--99aY
stuD3ZW_ZU0
sxSKkbQhj6g
t1Q2gMp5wB8
tXQ95AjxQ2g
tmo89KbE_bo
tqwoXMk43C4
twUzuGR_H5s
u02wSXwt6oQ
u1Sj2rFjjlY
uEa0PMEB3DQ
uJXGOrrUNwY
uOyHmT9qG58
uUyz9bP4Xro
uhfZM7Ahd4k
ukRN2y0M028
uuLpuRopYMY
v0WaatpMseg
v70gAyBL02E
viS1PURTnH4
vkOybqHwhy4
vt9Zrw4ha4o
vzQ8KkWhIHQ
w3zPGCs8Fds
w8evWuofeaE
wMgVj5OroQY
wZFjxUQsIKc
w_tY_Jn9PQI
waRkgskM7cw
wdDpDzd3OEE
whHcPJJO4wA
wiULQbP9Y_k
wywtxSOdDKA
x2BUvt6drXM
xPz-_09xugY
xRUEUUcbBwg
xUlXnX5Mo6o
xsiK4-0IHRo
xxwiY7rclMI
y084PmSdTYI
y7RvbMo6hIA
yGyNqsJqgGg
yWLiTxLV1UA
yWzhJjUprc0
yYv-8_YJAxQ
yfU1jihkOiI
ynRwuJVKbQU
z2wI0_r68IQ
zEaBXcKZ58g
zQLxEH_t6AM
zRFDAh4xNV0
zdgxwM4VQyg
zdmKZpz6sCc
zykL8W8GAtA
