0U4OmN4fN8s Resident Evil 8 y RE3 Remake Ya están en desarrollo! Todo Lo Que Sabemos Hasta Ahora
1lcW1Ywc9L4 BORUTO Es Una OBRA DE ARTE
2ZZDtaB9N3c Resident Evil 8 Village | Trailer de Anuncio PS5
2coFwNX1Bxw Los Easter Eggs Mas Tristes Y Conmovedores En Videojuegos
2moflp9v6WM Los Peores Errores Que Dragon Ball Super Ha Cometido
40sUdM06W9o Ninja Gaiden 4 CONFIRMADO? El Posible Regreso De Ryu Hayabusa y La Master Collection
59r-p-aJDe4 Todos los FATALITIES De MORTAL KOMBAT 11
6i5rHu2eW_M GTA V El Asesino Del Infinito | Explicado
9XQaYmmplDg 10 Easter Eggs Que Tomaron Años En Ser Encontrados
A2bGi_YsW2U Los Simpsons Deben Acabar
BhhBSYlc3cA Todas Las Versiones De TYRANT De La Saga | Resident Evil
BnKEQ6Z48S4 Las Ediciones De Coleccionista Mas Extra༚s En Videojuegos
GK2l1MwHE5o 15 Detalles Asombrosos En Videojuegos | Parte 3
GxJnv6KphmQ 30 Curiosidades, Secretos Y Detalles De GEARS OF WAR 2
HLZD0Mjd2iE Todas las TRANSFORMACIONES de ICHIGO KUROSAKI | Bleach 2022
NoosPdgjBJ4 The One Below All | El Villano Definitivo y Mas Poderoso De Marvel
OY5VXd_nWEk ௻ueno o Malo? Shingeki No Kyojin FINAL | Análisis a Su Capitulo Final Y A La Serie
PG83eT-CleA Resident Evil 9 Ya Esta En Camino! Nueva Información Filtrada De RE9, RE Outrage y RE4 Remake
PjMB75tChx4 15 Detalles Inútiles (Pero INCRE೛LES) En Videojuegos
QYWEG2MLcVI MORTAL KOMBAT 11.EXE
S4kBcM7_Ki0 Lo Bueno Y Lo Malo De La Saga De Moro | Dragon Ball Super
SDk5UfvQXXE La Historia De NINJA GAIDEN 2 en 1 Minuto | #Shorts
SQRCAUgO5rI Los Easter Eggs Mas Escalofriantes y Aterradores en Videojuegos
SdUBVzieNXo Quien Es Knull? | El Dios De Los Simbiontes
TMLnuYm3FWY 10 Curiosidades, Secretos Y Detalles De SPLINTER CELL BLACKLIST
VYmvN6Gqt2s 10 Curiosidades, Secretos y Detalles de SPLINTER CELL: CONVICTION
Vi5dtxMIxMY MK 11.EXE | VOL. 2
_7SbYyo0plw AVENGERS ENDGAME Review SIN Spoilers
aiHPbdRpPqo 30 Curiosidades, Secretos y Detalles de NINJA GAIDEN 2
cS9XSVRd01A 10 Curiosidades, Secretos Y Detalles de NEED FOR SPEED MOST WANTED (2005)
cTwVbowgY6M 30 Curiosidades, Secretos y Detalles de GEARS OF WAR
dppVISPbv64 La Historia De GOD OF WAR En 1 Minuto | #Shorts
espV-SP4i24 Las Peliculas Mas Esperadas De 2019
gGxXh4cGgTs Los Juegos Mas Esperados Del E3 2019
hJMMJsY5VPg Mortal Kombat 11 |  Brutal Acierto  | Review
i6dXc-CNKAA Los Mejores Y Mas Poderosos Shikai En Bleach
kUoOj2SyVhU La Historia De NINJA GAIDEN En 1 Minuto | #shorts
miAS_JEPPYc 15 Detalles INCRE೛LES Escondidos En Videojuegos | Parte 4
oAgDWiLgkeA Los Easter Eggs Mas Complejos Y Elaborados En Videojuegos
oi8tBD1U4KI Quien es Gorr? | El Carnicero De Dioses
qM2iDYwAplA 30 Curiosidades, Secretos y Detalles De BIOSHOCK INFINITE
qT6Ez2TnwF4 Los Misterios Mas Grandes Y Desconocidos de RESIDENT EVIL 4
rmpvPGJjAl0 10 Curiosidades, Secretos y Detalles de NINJA GAIDEN 3
sQ8WIPLUkmA Otros 15 Detalles Inútiles (Pero Asombrosos) En Videojuegos
t6YnaeLMADI 10 Curiosidades, Secretos y Detalles De NINJA GAIDEN / NINJA GAIDEN BLACK
vrvw2031EkY RESIDENT EVIL 8 | Nueva Información Filtrada Y Análisis Al Trailer
w56xytp07dg The Last of Us 2 | Como arruinar Un Gran Juego
wUheSty5rBg RESIDENT EVIL 3 REMAKE CONFIRMADO!! Detalles Y análisis... Nemesis Tiene Nariz!?
wq4mKeIW8Tc El Secreto MAS GRANDE En Los Videojuegos | #Shorts
