0yEbdp8Shko 6 fans de Blackpink VS 1 Hater | El Impostor
27bMRbD7e-M ௼ómo Viven su Sexualidad los Hombres Heterosexuales? | Sex Ed
4MSFWkzpLMI 6 Porristas VS 1 Falso | El Impostor
4YWd3UqJV1E 6 Parejas VS 1 Pareja Falsa | El Impostor
53GN_I5w3cM ¿Todas las Personas Asexuales Piensan Igual? | Spectrum
5p-cqPqnRMo ¿Todas las Estrellas P0rn0 Piensan Igual? | Spectrum
6AMij1C-HRY 5 Gamers VS 1 Gamer Falso | El Impostor
6BsjZX0WAoI ¿Todas las Personas de la Comunidad Negra Piensan Igual? | Spectrum
710zEdYDdmE Jóvenes Vírgenes Responden a Preguntas Muy Personales | Sex Ed
7GGoKqdC5Og ¿Todos los Adictos Piensan Igual? | Spectrum
7oIvuWBxHdk 3 Niveles de Animadores ¿Quién es el Impostor? | Experto, Amateur, Impostor
7pTYbkWCWeg ௼ómo Viven su Sexualidad las Mujeres TRANS? | Sex Ed
9-3r6K8Mlqo ¿Los gemelos idénticos piensan igual? | Spectrum
9IHih4pa44w 30 vs 1: Aplicación de citas en la vida real | Versus 1
9a7m9T0CyZc Citas a ciegas con 6 mujeres basadas en sus cuerpos VS 1 hombre
9k7ClmriJCQ 10 VS 1: Cita a Ciegas Basándose en Fotos de Bebés | Versus 1
A3SpHts387M 6 Dueños de Perros VS 1 Falso | El Impostor
A52Imwk2pms 6 Carnívoros VS 1 Vegano Secreto | El Impostor
B_38W8ATzZY ¿Todas las Personas Vírgenes Piensan Igual? | Spectrum
C2G9-EJnibA 6 Escorpios VS 1 Géminis Secreto | El Impostor
C6seaHGieZ0 6 No Vírgenes vs 1 Virgen Secreto | El Impostor
C8f-WcNd5ic 7 Personas Con Cirug໚s Plásticas VS 1 Persona Sin Cirug໚s | El Impostor
CJDcK2LFRjY 10 vs 1: Cita Rápida con 10 Chicos sin Verlos | Versus 1
CtyUzPEEGFU 6 Fans de Kanye West VS 1 Hater | El Impostor
CwbRjs5kuhc Adinerados VS Pobres ¿La econom໚ es manipulada? | Punto en Común
Eysm_vdW-5Q 6 Padres Adolescentes VS 1 Falso | El Impostor
GRaqDHM36Qo 6 Bisexuales VS 1 Heterosexual Secreto | El Impostor
GvGcBSPUz98 6 estudiantes de actuación VS 1 falso | El Impostor
HXIXJD_RruQ 10 vs 1: Cita Rápida con 10 Chicas sin Verlas | Versus 1
I8LaCVsoVKk 6 Madres Adolescentes VS 1 Falsa | El Impostor
JhnfVLk09qU ¿Todas las Personas con Síndrome de Down Piensan Igual? | Spectrum
KwF8C43lIss ¿Todos los Supervivientes del Suicidio Piensan Igual? | Spectrum
LKBm2TkswJU ¿Quién es el más borracho? Desconocidos se clasifican y hacen una prueba de alcoholemia
Li6AqPGQVDA Clasificando Mujeres Según la Moda | Chicos Vs Chicas
Lv3E__SxgIs ¿Todas las Personas Autistas Piensan Igual? | Spectrum
NvTOVwHKab0 11 vs 1 Clasificando chicos por su Aspecto y Personalidad | Versus 1
OCJ_yYaxnrw 6 Adolescentes VS 1 Adolescente Falso  | El Impostor
Om3qVili8n0 Clasificando Mujeres por Su Atractivo | Chicos VS Chicas
PH_nnbbyEoY 6 Criminales VS 1 Polic໚ Encubierto | El Impostor
PxPl07c4ECo Terraplanistas vs Cientໟicos: ¿Podemos Confiar en la Ciencia? | Punto en común
STxCJW93udc ¿Todos los Padres Adolescentes Piensan Igual? | Spectrum
SiQCF160sTA LANZAMIENTO Jubilee en Español!!! #Shorts
Swv4jGgv_P8 ¿Todas las Personas Blancas Piensan Igual? | Spectrum
Tb0cp3qW3Lw 6 Fans de Harry Potter VS 1 Falso | El Impostor
UdDMMNVOrHU ¿Todas las Madres Adolescentes Piensan Igual? | Spectrum
VESTCxYx29g ¿Pueden los Israelໞs y los Palestinos Ponerse de Acuerdo? | Punto en Común
WAeA_6wphic Eligiendo una Cita para mi Ex Novia | Versus 1
WHiHDQ8oBTQ Clasificando Chicas por su Aspecto y Personalidad | Versus 1
YzYugvEExVM ¿Todos los Hombres Piensan Igual? | Spectrum
Z-CqfPY4ZZ0 Sexualidad de Mujeres Heterosexuales | Sex Ed #Shorts
b0bNwQRgsdM 10 vs 1: Calificando Chicas por su Aspecto y Personalidad | Versus 1
b5dJjEJ_fq8 La Verdad Sobre Estar Embarazada | Sex Ed
cW36_6FExRA 6 Veganos vs 1 Carnívoro Secreto | El Impostor
cmpuELLAGwM 6 Instructores de Yoga VS 1 Falso | El Impostor
ddYysrTMbYg 6 Personas Blancas vs 1 Persona Negra | El Impostor
eYJCAp6VBVs Cita con 5 Chicas Sin Saber Sus Intenciones | Amor o Dinero
fMoZudyEo8g Tradicional VS Trans ¿Hay más de dos géneros? | Punto en Común
fgxF1GozOGg ¿Puede la Comunidad LGBTQ+ y Cristianos Conservadores ponerse de Acuerdo? | Punto en Común
fzmjZGg2uIg 15 Hombres Compiten por 5 Mujeres | Versus 1
gBMQ38gKDNY 10 vs 1: Ni༚ Clasifica la Cita para su Madre | Versus 1
gxTwSRo_L8E Clasificando Hombres Según la Moda | Chicos Vs Chicas
hiX90iPpBHc 6 Hombres Heterosexuales VS 1 Hombre Gay secreto | El impostor
hpvYae-4srU 6 Latinos VS 1 Falso | El impostor
hq0yKCuW7SM ¿Todas las Personas con Síndrome de Tourette Piensan Igual?  | Spectrum
jp5EkCIAQdI 30 vs 1: Aplicación de citas en la vida real | Versus 1
kXJ_dM6dN6o ¿Todos los Cristianos Piensan Igual? | Spectrum
ms299dZeEqY ¿Qué se Considera Abuso o Violación? | Sex Ed  #Shorts
n9u4iTvCV-w Cita a Ciegas con 5 Chicas Basándose en su Look | Versus 1
oH0erboBqEU 6 Generación Z VS 1 Millennial Secreto | El Impostor
oZPW3naq8oU 6 Fanáticos de Disney VS 1 Troll Secreto | El Impostor
p3SvbT_nI1s Cita a Ciegas con 9 Chicos Utilizando los 5 Sentidos | Versus 1
p3er4aMgIPg 30 vs 1: Aplicación de citas en la vida real | Versus 1
p91qWbc3hsk Clasificando de Rico a Pobre
pUY7ryWndqI 6 Cristianos vs 1 Ateo secreto | El Impostor
r3O509CsBZo Todas las Personas de Talla Grande Piensan igual | Spectrum
r4tKtwtl_5U Instagram vs Modelos de Pasarela ௼ualquiera puede ser Modelo? | Punto en Común
rq-XAKnci0Q ௼ómo Viven su Sexualidad las Estrellas P0rn0? | Sex Ed
uklv8oas2Ic ¿Todas las Personas Trans Piensan Igual? | Spectrum
v6YmfETyy9E ¿Todos los Hombres Gays piensan Igual? | Spectrum
wFbQqP8fzwo 6 Mujeres Heterosexuales VS 1 Mujer Lesbiana | El Impostor
woP--_gCwY0 Cita a Ciegas con 6 Chicos Basándose en su Look | Versus 1
wttiCuXTEN8 6 Gemelos vs 1 Par Falso | El Impostor
x-Iq4RxYt9g ௼ómo Viven su Sexualidad las Mujeres Heterosexuales? | Sex Ed
x1g6OzO3neM 16 Mujeres Compiten por 6 Hombres | Versus 1
x5udq1b8zK0 Ser lo más blanco posible | El Impostor
xD2OHDQnm48 ¿Todos los Adolescentes Piensan Igual? | Spectrum
xNrpWWRSmlw 12 VS 1: Citas rápidas con 12 chicas sin verlas | Versus 1
xx8_EvH0Frs ¿Todas las Mujeres Piensan Igual? | Spectrum
yfwj20fgl_o 5 Cinturones Negros VS 2 Falsos | El Impostor
yvLoIsSp3WY Eligiendo una Cita para mi Ex Novio | Versus 1
zg50rD4jNIY 6 Trabajadores con Salario Mínimo VS 1 Millonario Secreto | | El Impostor
zz0w16Ypr34 6 Hombres Gays VS 1 Hombre Heterosexual Secreto | El Impostor
