--cu0abockM Úlcera Péptica
-IupB808eBY El cerebro y la salud mental
-diQndido8c Reparación de varicocele
0NebEWKZ0ro Inmunización: Cómo funcionan las vacunas
0kX_Y7lNXU0 Píldoras de control de natalidad
0rVmq2BBI5A Qué es la migra༚
11uYJfeXd3g Cirug໚ de glaucoma
1J4L3gAFVwU Histerectom໚
1LessK4kwWA Bomba de insulina
1LyIm4D28IA Gastrostom໚ endoscópica percutánea
1jK8M1t6bcU Ovulación
1kbnCsj_fpw Amniocentesis
2MLZwAfBrdw Reemplazo total de rodilla
2PuweqjouY8 Biopsia mamaria
2SaWpI1EmXw Arteriosclerosis
2Yo7oOedAjo Células madre
2aPd2T_rMpI Cáncer de testໜulo
2f3Jsp9b_G0 VIH y SIDA
2ju-0VKqevk Angiograf໚ coronaria
3TsCDImplZ0 Angioplastia de arteria coronaria (V໚ radial)
3q8uT84WZxE Cistoscopia
3rKR1KpD3u0 TVP y Embolia Pulmonar
3tFlPrMKIIo Culebrilla
3the1M4OQXc Miomectom໚ Robótica
44ww6-A63wY Ovulación
44xnphAFQrI Neuropat໚ periférica
47Tnfv9AWYs Gota
49NBrr9iwhM Inserción del marcapasos
4d1jwEXu6WY Angiograf໚ Coronaria
5M7Fo2prb3w Laminectom໚
66XZfs84StE La fractura de tobillo
6XeI2GTidjc Braquiterapia
7GBJ8peOl4k Biopsia transtorผica con aguja
7eWIpKUMJfI Cáncer de Pulmón de Células Peque༚s (SCLC)
7iW6FgNVzLU Prueba de Papanicolaou
7tVSeeDhZfI Esponja vaginal
7yn6UR297m4 Ligadura de trompas
82Abxr8HPoo Diabetes tipo 1
8EJFly64SrE Angioplastia coronaria (Acceso femoral)
8JRci4PqnqM Uso del condón masculino
8Mks6ySlchk Colesterol LDL (malo) y colesterol HDL (bueno)
8T4gSZ09yTM Anestesia peridural y raqu󭷪
9EIiJi3zXoE Apendicectom໚ laparoscópica
9NnHN0-L45o Enema de Bario
9m0xWk2W0SU Apendicectom໚ laparoscópica
AEAV4pGu4xI Artritis reumatoide
AIpvzi-o1M0 Su riesgo de sufrir un accidente cerebrovascular
AWdp5uzDBbE Resección del colon
Aff-p-8pmDc Tratamiento de nivel alto de az響r en sangre
AiiNzCGGLq8 Fundoplicación
AkJV1uhFsMo Histerectom໚
Aw2cJfve6ZM Tratamientos para la psoriasis
BXIX0SGE5sc Vacunas de ARNm para la COVID-19
BbrP56caRyU Diabetes Tipo 2
Bxb7h7NpcGw Pruebas de Papanicolaou y VPH
CGDL1DwXJmQ Virus del papiloma humano (VPH)
CVO5TZatFoA Fertilización (concepción)
CjwAAMGfyEo Acerca de su ataque al corazón
Ck68VfPwl78 Progreso y estadificación del cáncer de cuello uterino
DHGN6erezik Cirug໚ de cataratas
DotrPy_8YW0 Hepatitis A y B
DzK_VBkA3N4 Alta Presión Sanguínea
E2sT-ym0uvg Escoliosis
EFJ2IW311KM Endarterectom໚ carot󭷪
EZR5rsPqaVc Angioplast໚ coronaria
EkAA9lRGgl4 Angiograf໚ coronaria
Euf5pQHI5rY Colecistectom໚ (extirpación de la vesໜula biliar)
Ew6J8TFcf_M Influenza - La Gripe, Grippe
FBgm2dK7BEo Reparación de prolapso pélvico
FOJD4m4vvi8 Cirug໚ ocular LASIK
FQ4vKGSwYRg Reparación artroscópica del manguito de los rotadores
FvYlK5JOqVM Síndrome del túnel carpiano
GF0TDSIbF6E Transfusión de sangre
GJuRjEu3uTI Prevención del cáncer de pulmón
GdgZphb1-4w Reconstrucción del ligamento cruzado anterior (ACL, por sus siglas en inglés)
GnDMFtcRFFo Tomograf໚ computarizada
H4ccELIS5Wk Piloromiotom໚ (Pediátrico)
H6Zbi-A5HW4 జido Fólico
H_zv3B-i3GA Craneotom໚ y craniectom໚
HxxvS9O0DyI Síntomas del cáncer de mama
IIAktB46ng8 Ligadura de trompas
J_oYjnF-lfk La Reconstrucción Mamaria después de una Mastectom໚
K-VTYsQbUXY Alta con neumon໚
K4F0GNUDUbs Progreso y estadificación del cáncer de mama
KInvhs3bMsA Prevención de la Trombosis Venosa Profunda (TVP) y embolismo pulmonar YT
KZl5mGfcwY8 Injerto de piel
KkILCciNxUM Angioplastia transluminal percutánea no cardiaca
LGFxOoRBa-A Lesiones de disco lumbar y tratamiento
M4Gnl3jHoyw Síntomas del cáncer de cuello uterino
MKJbghUX9GY Desbridamiento quirúrgico
MLhZRNA_Lg0 Cirug໚ de mama
MXLAG6fdMQw Endometriosis
MfpCO5EURWc Reparación artroscópica del manguito de los rotadores
Mg2xKF5iD1U Cirug໚ ocular LASIK
Mv1MQ_j1Xnc Complicaciones de la presión arterial alta
N2jMSkHfs3k Laparoscopia pélvica diagnóstica
N9fARn7ZgCs Reparación laparoscópica de hernia incisional ventral
NL7qP-bbYRU Cirug໚ bariátrica robótica
NNOk-vYynCw Introducción a la cirug໚ robótica (Mujer)
Nc_WrRhgLtY Información breve sobre la incontinencia urinaria de esfuerzo (IUE)
NiEPNxiN65Y Cirug໚ bariátrica (Cirug໚ para la reducción de peso)
NsuVrv6VNgo Diabetes Tipo 1
OMzrnQGL2x4 Plumas de insulina
OYwZIczfLow Vertebroplast໚ y Cifoplast໚
OZInJLNgn5I Reconstrucción del ligamento cruzado anterior
OcoSb2-T_MU Dilatación y raspado
Oggn8e0PHlw Desfibrilador cardioversor implantable (ICD)
OlQpNgMxpTQ Reemplazo total de cadera
OlSfYjs7Gw0 Polipectom໚ nasal
PPBaK1buemY Tratamientos para el cáncer de mama
PcF2zKYFj7U Amigdalectom໚ y adenoidectom໚
PhTCjNNTVsw Angioplast໚ Coronaria
PkKcROH9VwY Inserción de pesario
QEcMbRluPiA Qué es la psoriasis
QQYrTAFp1R0 Prevención del cáncer de cuello uterino
QbcN3DXSg58 Fibromialgia
QmBfPVLqLgg Efectos del tabaco en la salud
QwFrczJH3X0 Opciones de tratamiento para la diabetes tipo 2
RRz5e2gi_BM Cómo inyectarse insulina con una jeringa
RrEkMl9EAZg Lesión de disco cervical
SIcE6pILyMQ Diabetes gestacional
SIniSxaA6PI Fibrilación auricular
SSS6J9dvYK8 Cómo controlar el Cáncer de Mama YT
SUPadqiuKp4 Colecistectom໚ (extirpación de la vesໜula biliar)
SeZuUpwJNh8 Anestesia peridural y raqu󭷪
Sn_GAcbERIU La intubación y ventilación mecánica
SvTl90szj7g Neumon໚
SvyMH59DsY4 Resección transuretral de la próstata (TURP)
T-xYYfQM7QU Comprender el Cáncer de Mama
TNy4WbYf_Q8 Síndrome de ovario poliquístico (SOP)
U5RgUDDek_M Comprender la diabetes tipo 1
U69qorZDYzo Síndrome de dolor regional complejo (CRPS) también conocido como RSD
UYw5vtk_4K4 Episiotom໚
V9uBLHAg5Eo Accidente cerebrovascular hemorrágico
VTNxMHqbPzo Parto por cesárea
W4DYKe3hZxM Problemas cardiovasculares y la diabetes tipo 2
WGuf5ELCXzE Episiotom໚
WKh_cg290xU Píldoras de control de natalidad
WOnIOlzVfPw La inyección epidural de esteroides
WXUbIo_Z9f0 Tratamiento del nivel bajo de az響r en sangre
X2bv9L3hkC0 Implantación de válvula aórtica transcatéter - Enfoque transfemoral (TAVI)
X3MPbaZeOvQ Amniocentésis
X7VFbpWr_N4 Lesiones de disco lumbar y tratamiento
XNINcZr9h7Q Derivación o revascularización coronaria (CABG)
XawOMHc6Q4s Artroscopia de rodilla: menisectom໚ artroscópica
Xct_e53ijEQ Aneurisma aórtico abdominal
XsLWCfX6Yxk Endoscopia del tracto gastrointestinal superior
Y55PKz6N_GE Entender los triglicéridos
Y8eIGBiYsqo Quemaduras: Clasificación y tratamiento
YBAIPdKPNyA Síndrome del intestino irritable (SII)
YSd_rl0tBSA Progreso y estadificación del cáncer de mama
YT7Qd1lv_9E Procedimientos para el tratamiento de venas varicosas
Ysotz8Nq9ZE Opciones de tratamiento para el cáncer de vejiga
ZAN5mgf6EkE Inyección epidural de esteroides
ZHJ8X214zMg Accidente cerebrovascular hemorrágico
ZIzIxidudGg Entender los opioides y cómo afectan al cerebro
ZWxJDbE48n8 Fusión de la columna lumbar
ZuS4xdg_0yg Análisis de colesterol en la sangre
_6nIViulmcM Enfermedad pulmonar obstructiva crónica (EPOC)
_HlFRWrGrJk Acné
_J_LEP9_I1I Asma
_TuuzzjnNS0 Ruptura y reparación del tendón de Aquiles
_Ziw-cYpHOc Osteoporosis
_hRGiCJUzkc Desbridamiento quirúrgico
a-AulS2b-CY Biopsia endometrial
aWj-UnWDuLM Tratamientos para el cáncer de cuello uterino
aZBJvztLymc Reemplazos de cadera total anterior directos mínimamente invasivos (THR, por sus siglas en inglés)
b2Fk13etHdw Espirometr໚
bLVb5q8Me74 Progreso y estadificación del cáncer de pulmón
bRleMO7AAZo Arteriosclerosis
c6cCai3IUiU Circuncisión del recién nacido
cErpmv6wfos Inseminación intrauterina
cLy_PsFhois Radioterapia de intensidad modulada (RIM)
cantYoLH54M ¿Qué le pasa a tu cuerpo si te contagias de coronavirus?
cmD5X86n98o Quimioterapia
d9x1bSYQ3vs Hepatitis C
dIzVkxebrDo Histeroscop໚
dd46nz6UTR8 Cómo controlar el cáncer de ovario
e3cHRmXZnM0 Cardioversión
eRALTqvAoAg Prostatectom໚ radical
eTqOHWNYG5w Accidente cerebrovascular isquémico
enhyEfaj22c Reparación laparoscópica de hernia inguinal
eqSnAslgjSI ¿Qué es la epilepsia en los niños?
f-PihpcJgm0 Intubación y ventilación mecánica
fA1NjQir0vg Mamograf໚
fkRdh4wnjrI Opciones de tratamiento para el cáncer de mama
fqF2QUP2A4Q Dilatación y Raspado
g6cyH1mxEvc Síndrome del corazón izquierdo hipoplásico YT
gLeFb1kVph8 Reparación laparoscópica de hernia laparatómica ventral
ghvihd6iQ7w Cómo revisar el nivel de az響r en sangre
h36BrE_MYhc Lisis laparoscópica de adhesiones abdominales
hPESSo5EGdA Qué es el cáncer de vejiga
hVwizNVyc0E Anatom໚ del pulmón
hf1ju0y6-WU Trabajo de parto y nacimiento
hkEbZ9yT2Hc Biopsia endometrial
hx6DgINYwX0 Análisis de semen cantidad de esperma
i2-GbO6EZ7M Efectos de la insuficiencia cardiaca congestiva
i3GVsKmBh_Y Síndrome de transfusión feto fetal
iIL-uC4f87U Diabetes de tipo 2
iJFpwda9aIo Cáncer de ovario
j9k1MJImOhA Visión General de la Insuficiencia Cardiaca
jZYkbM_9XTY Reparación de prolapso pélvico
jbrbrb5RQeg Fertilización in vitro
jkNKF_aVrPs Conmoción
kHzn-Ovv3ck Endoscop໚ del tracto gastrointestinal inferior
kKDG_ERRYq8 Anestesia general
kN-k6C49RAc Parto por cesárea
kQIpMn5zPaI Opciones de tratamiento para el cáncer de ovario
kXhUzkGDij0 Reparación de hernia inguinal
kvdy_K15-lU Diálisis
l9KNmZFwQn4 Úlceras por presión
lCOhN9g-3o0 Lesión cerebral traumática leve
lDtBX1WpfuQ Orquiopexia
lI9UCUFbn08 Dispositivo intrauterino (DIU)
laL2fiFwJEg Lupus
lhHN6hZfyrE Comprender el cáncer de ovario
lwacF4nyfRo Fusión espinal
lyIlDor6Il8 Reemplazo total de rodilla
m8oe-WE9ZMg Síndrome coronario agudo y ataque cardo
mWGcRlkh_Pk La vasectom໚
mtrt4VF1kuc Fumar y la EPOC
muaRq0_-Q6g Prostatectom໚ radical
nIGop0enROU Reemplazo de la Válvula Aórtica
nKzdFrko1Ac Laparoscopia pélvica diagnóstica
nXD1hAc8Az4 Síntomas y complicaciones de la diabetes
oFlXNAHaHvM Apnea obstructiva del sueño
oiQz6gMj3ng Amigdalectom໚ y adenoidectom໚
oxcTKqZjDw0 Sustitución total de cadera
pNHq--25sCA Hemorroidectom໚
pbLvCwlHe4Y Anatom໚ de los senos
qMi9mxZk01o La funduplicatura
qSvsQXJNOco Derivación o Revascularización Coronaria (CABG)
qdVFLMQb9o4 ௼ómo puedo protegerme contra el COVID 19?
qpfe2z-YLLE Arritmia card󭫊
r4s1Ss--pEU Broncoscop໚
rOQFDlYx_Rk Cáncer de esgo
rPVD2ct_CKw Reemplazo de válvula aórtica
rxdXWTE-YA8 Implantes de progestina
s8cXSfh1zOk Gota
sRgIybMugm4 Miringotom໚
saRC_WfA1LA Biopsia de hígado
sbOGeMgYJCE Síndrome de Ovario Poliquístico (PCOS)
sqswA_DGQM0 Vasectom໚
swTNzj6nXgU Ecocardiograma
tDV8cquUtu4 Lesión Cerebral Traumática Leve
uLRCpQWNr2k Reparación laparoscópica de hernia inguinal
ud5w0N3xhvY Capuchón cervical
uqH7jXwsqnE ¿Qué es el cáncer colorrectal?
v97ZIKsyPl0 Cómo afecta la COVID 19 al organismo
vVD7xBk8oDc Gamma Knife® (radiocirug໚ estereotผtica)
vWj1X4JSmbs Biopsia de piel
vjeMPsZn3Z0 Comprender la diabetes tipo 2
vxk5ytdamTE Tratamiento por Bajos Niveles de Testosterona
vyCZ3rWPevw Enema de Bario
w5qean2nENA Mamograf໚
wKJ6i2GGhxc Colocación de Gastrostom໚ Endoscópica Percutánea (PEG)
wKU30DGmNzA Quemaduras: Clasificación y Tratamiento
wS5Lc50JqIU Tratamiento por bajos niveles de testosterona
wTOdcLzuQcI Histeroscop໚
wa_kQ22sE58 Tratamientos para el cáncer de pulmón
wuwLTZW4zjc Anatom໚ normal y función del corazón
wvSIx0IDpAQ Endoscopia del tracto gastrointestinal superior
x0V15e0YBrU Hiperlipidemia (Colesterol Alto)
x4DNDtMjaxM Anestesia general
x5QqV2i8B_M Hiperplasia benigna de próstata
x846-GJDH34 Amamantamiento
yI1tYAHZfoY Incontinencia urinaria de esfuerzo
yg6aJg3O4T4 Cirug໚ de cataratas: Extracción de cristalino e inserción de prótesis de cristalino
zNWA8YczCC8 Síntomas del cáncer de pulmón
zl-ae3xthVE Anatom໚ del corazón
zqCHJRC9jVg ௼ómo se diagnostica la presión arterial alta?
zys6lZznWCk Diálisis
