-AUwOIjA1v4 Does Robb Stark die twice?
0AoGFyMRxwY Alt Shift X 2020
0M_hhVg9XUE Spider: what's Varys up to?
0ag5XdBsAJE Game of Thrones Season 6 Trailer Breakdown
19C90MRS7eU Hodor: Hodor?
1RsgJAHtuoI Game of Thrones S8E04 Explained
1oEqnDAbCfE Bloodraven: what’s the three-eyed raven’s secret plan?
1pJK0eGEbJU Westworld S3E06 Explained
1rWfyj4caRg The Sworn Sword: Dunk & Egg #2 Explained (Game of Thrones prequel)
2Dx76lD8Scc Cookie Clicker Explained
2O6PZx5KlIA Game of Thrones S6E09 Explained
2fD0anMqbOA Game of Thrones S6E04 Explained
2n7c89xGRoU Who is the Sphinx in the Game of Thrones books?
36Ntv75CfqE Hooded Man: who is the Ghost in Winterfell?
3HM1oz4Yalk Game of Thrones Season 8 Trailer Explained
4Utceb5igEY Game of Thrones S8E06 Finale Explained
5I1jTJ9sYeA Aegon’s Conquest: how did Daenerys' ancestors take Westeros?
5tuNsMZQbqw What do Daenerys' Undying visions mean?
64-T6ICuywY Doom of Valyria: what destroyed Daenerys’ ancestors?
6BvgLF_kTYY Will Timett rule the Vale?
6Ev0lsbL6PM Will Jon Snow return?
6YrQdNIOP0M Westworld Season 2 Timeline Explained
6lsOmZvdCeg Game of Thrones S6E07 Explained
6uAoeiBpVVs Westworld S2E05 Explained
85P2-4NZqLM Summerhall: the tragedy that started Game of Thrones
8MO2Yb2OJ6Q Bolt-On: is Roose Bolton a skin-stealing immortal?
8ZAQvorzdsQ Game of Thrones S8E01 Explained
8v-H7iGLCIw Littlefinger: what's Petyr Baelish up to?
9vqoYIAwmNo Dorne: will House Martell survive the Game of Thrones books?
A3iWCi7yYSc Who will win the Throne in Game of Thrones Season 8?
BEWJ_cTt0JQ Game of Thrones S7E02 Explained
BLfwZ1NPNKY Magnetoencephalography: measuring brain activity with magnetism
BdXk2SoCZnM Game of Thrones S7E05 Explained
Bltw7dIO_V8 Game of Thrones S6E02 Explained
CGBVxhVMxCo Game of Thrones Season 7 Teaser Explained
CfkFzpktyVk Faceless Men: who is Jaqen H'ghar?
Cl3izXcp86w Watchmen 2019 Explained
Crn_eg-1ekU Daario=Euron: are Daario Naharis and Euron Greyjoy the same person?
EYTg4j-iWcg Westworld S3E02 Explained
EbvkP31mMKE Westworld S2E07 Explained
EhtbVpc8E70 Jojen Paste: does Bran eat Jojen?
EmjWIMMtjDc Hamlet – in 4 Minutes
Eyun_LoNxnM Game of Thrones S7E03 Explained
FBEGuOPlDUE Valyrian steel: who has the swords that can defeat white walkers?
FUk1_AewqlA Westworld S2E08 Explained
GOdbnbQ5n3Y Game of Thrones Seasons 1𠄶 in 5 Minutes
Ge6VduBUJFo What's up with Coldhands?
Gqw7cdJtpXE Game of thrones Season 8 EXplained.avi
H9HFigfkKHA The real Tyrion Lannister
HJ5_83zkiJc The Mystery Knight: Dunk & Egg #3 Explained (Game of Thrones prequel)
IZQOje3DdMk Patchface: the strangest Game of Thrones character?
Ih_ZAGCfMY0 Others: what do we know about the white walkers?
IlwLBkZh1VA Westworld Season 2 Super Bowl Ad Explained
IrMRLI4_bKY Westworld S3E01 Explained
JT43aJIiQ1Y Westworld S3E08 Finale Explained
K5TX2aLdB4s Lioness: how will Cersei’s story end?
L-w9Y9gBGQQ Gerion Lannister: what happened to Tyrion’s favourite uncle?
LJrQmGf0Y5A Game of Thrones S6E08 Explained
LKZZ-phUhqM Game of Thrones Season 7 Trailer Explained
LRh23jHPxd8 “Husband to Bears”: who is Tormund’s secret lover?
LyfJs7IuE0Y Tyrion Lannister recap for Game of Thrones Season 8 (Seasons 1-7)
M1RHHj6NcHk Starfall: will House Dayne save Westeros?
M7sh3rG96Ew Ser Pounce = Azor Ahai: will Tommen’s kitten save Westeros?
MR_F0U8Wl5U The Expanse S5E01 Explained
MZCltCw1qqE Blackfyre Rebellions: House Targaryen’s greatest enemies
NF4o88Ae3jo Game of Thrones S7E07 Explained
NTCI_ReHNzw Westworld S2E04 Explained
NkegcHB3YjQ Game of Thrones S6E06 Explained
O3o2LqFZcGU Who is Azor Ahai?
O9_mTRTS9v0 Alt Shift X Podcast and secret side-channels
OKqcsIYBFxY Game of Thrones S8E02 Explained
P4J16GzUJ28 East: the strangest places in Game of Thrones?
PBXfwZo9fZY Game of Thrones Season 8 Crypts Tease Explained
QAT2wX8tyIE Game of Thrones Season 8 Leaked Footage Explained
QFhBJPZf61E Game of Thrones S7E04 Explained
QS6E0hu52Rk Game of Bones Explained
Qt-dJTYofes Westworld S2E01 Explained
RUYcnKCQ0AM The Expanse Season 5 Explained
Rchj4oOG4KE The Horn of Winter: will Joramun’s Horn destroy the Wall?
T-j01uhSdGo Pink Letter: who will win Winterfell in the Game of Thrones books?
TGWjZpQxuDM Lung Transplants
Tqvnwo2I0ZM What's up with Quaithe?
UOD7O7migDw HS=HR: is the High Sparrow secretly Howland Reed?
UdbUlZRgJiM Wonders of the world of Game of Thrones
UrhqmMRv1gQ Rhaegar: was Jon’s father the true hero of Game of Thrones?
Uri90JeBYso Leviathan Wakes: The Expanse Book 1 Explained
V6D-38MRgVE Westworld S3E07 Explained
VNjrI0YvZYA The Worlds of The Expanse (no spoilers)
Vb7r9m-DYpU Westworld Season 1 Explained
VobtfyfALe0 Dragonglass: how can the Night's Watch fight the white walkers?
Wr4Qx_xiFjI Game of Thrones S6E05 Explained
XGargZd9KkQ Durkheim's Mechanical and Organic Solidarity: what holds society together?
X_6j7RDaL6E Game of Thrones S7E06 Explained
XijUNEc_fmc Game of Thrones S6E01 Explained
YQaKqWUk_CY Will Tyrion lose his tongue?
ZImNmBdjG08 Arya Stark recap for Game of Thrones Season 8 (Seasons 1-7)
_XeWAbqXQyk Game of Thrones Season 7 Comic Con Preview Explained
_ZBe_ckjCLg Greyscale: what are the stone men?
_auMVXbxcbw Raised by Wolves Explained
_rooueGG0fY Star Wars: the Original Trilogy – in 7 Minutes
al7STbuspac Westworld S2E03 Explained
ayYb4gk308M “The north remembers”: is there a Grand Northern Conspiracy?
b-CGH-dx6Iw Westworld S3E04 Explained
b-P5EsfbkXA Red Wizard: what's up with Thoros?
bYyRchMoWq4 The Hedge Knight: Dunk & Egg #1 Explained (Game of Thrones prequel)
cjBo_pr1HeM Game of Thrones Season 7 \
dv1HbLvoZCI Westworld S2E02 Explained
eGR4z9cTQzY Game of Thrones Season 8 Dragonstone Tease Explained
eRUkC9yeSrE Nemesis Games: The Expanse Season 5 vs the Books
eUVr_lUxYf8 Knight of the Laughing Tree: how did Jon Snow's parents meet?
eqVhKOxmJCw Tyrion Targaryen: is Tyrion the Mad King's son?
fqJom6xfvMY What’s west of Westeros?
ftiPTcAMcps Game of Thrones Season 6 Trailer #2 Breakdown
fwWqI4AJLmY Game of Thrones S8E03 Explained
h4OnBYrbCjY The Doppler Effect: what does motion do to waves?
h8Ts-dQSPzM Kingslayer: how will Jaime's story end?
hgaI2duatzk \
hka-lhU-EWs Gravedigger: will the Hound return?
hnbQNTc57Ko Game of Thrones S6E03 Explained
imNtSPM3-r4 All Tomorrows: the future of humanity?
jMbao3xdiRY Game of Thrones recap for Season 8 – everything you need to know
kHqzFwodZqQ R+L=J: who are Jon Snow's parents?
mTJXYknxhWM \
mXXURibCm40 The Expanse Season 6 Finale Explained
meU8GVaAYoA Characters of The Expanse (recap for Season 4)
naUttrBVRzs Game of Thrones S6E10 Explained
o7A0S7UbXyY Apocalypse: disaster and religion
oayrLq2MtGw The Expanse S6E01 Explained
ogb1iiFCkos Game of Thrones S1E01 Explained (S1-S7 spoilers)
opSZpcant4s Game of Thrones Season 7 Trailer #2 Explained
pds8-PptoOQ Westworld S3E03 Explained
q14AuWiltIw Will Sansa marry Jon Snow?
r7NEyDBwnk4 Alt Shift X 2021
sLMRR9sWo6E Top 10 Greatest Warriors in Westeros
sbX_ak0N1EI Euron Greyjoy's apocalypse in the Game of Thrones books
svPOe0OrGAg The Grand Maester Conspiracy: what are the maesters up to?
tFd3XAgEus4 Stranger Things Season 1 Explained
tcUE-gtzajI Does Oberyn poison Tywin?
v0Xl-x7jMJw Westworld Season 2 Trailer Explained
v4Oh6Zx76Bg What does Westworld Season 2 mean?
v9IO1_Qkjc0 Robert Strong: what's Qyburn up to?
vZJknw6cPTc Armstrong's Nature of Mind: what is the mind?
wJmg0uc3CjY Watchmen Explained (original comic)
wc_YSphqqdI The Expanse recap for Season 6 (Seasons 1-5)
x6kqVusK26c Game of Thrones S7E01 Explained
xPYDtwal0Jg Westworld S3E05 Explained
yMlrVwsWWSk Game of Thrones S8E05 Explained
z3sp0Q2SAhM Ancient Stark secrets and the end of Game of Thrones Season 8
zhfd-eogdN0 Westworld S2E06 Explained
zow96B7o_1s The Expanse recap for Season 5 (Seasons 1-4)
zy5TsNHlSDU Annihilation Explained
