-hajMgttr9o Marantz SA-10 SACD Player Review
-igZ8X81h-k RCF AYRA PRO 5 Professional Monitor Review
0KX2yk-9ygk Audio Blind Tests and Listener Training
12T7JFLGlf0 PS Audio PowerPlant P12 AC Regenerator Review
47aXPdDujm8 Dan Clark Stealth Headphone Review & Measurements: Best in the World?
4xcQX462P90 Understanding Headphone Measurements & Hifiman HE-6 Review
6Xbc2-wrnBc PS Audio Noise Harvester Review (AC Filter)
6lK55MF5MMA Revel W553L In wall Home Theater Speaker Review
72uzzaxBeGk Topping D30Pro Technical Review (Balanced DAC)
7kDr0vEdfhY Speaker Testing: why mono is better
9k8YpHkYJnY Square Wave Testing of Audio Products
AhDvNe6Pw7c Inside High res Music (Antonio Forcione)
BHPwPRLxDWc Do Audiophile Network Switches Make a Difference?
BzPa2GpQCs8 AudioQuest NRG-X3 Power Cable Review
D4qQJ82O4tY Understanding Audio Dynamic Range / SNR (Part 1)
FQOEsnqo7kI Audio-gd DAC Master 7 Singularity Review [How NOT to Design a DAC]
FfWijCRMUHI Genelec 8361A:  Amazing Powered Speaker!
Gf3Yez8WTz4 Premium Speaker Cable Review Morrow SP3
II07bFlteig PS Audio PowerPlant P12 AC Regenerator Review: Amplifier Testing
JD6FuULzthU Topping DX5 DAC & HP Amp Review
JO8UKiqfrQ0 Topping BC3 Bluetooth Receiver Review and Measurements of Bluetooth Codecs
JkHNhSRDqqw Genelec 8050B Speaker Review (and how to read speaker measurements)
KwiVp3iAicc Ashly Ne8250 Professional Multichannel 8 Channel Amplifier Review
MKhoJgVes4o Cambridge Audio CXA81 DAC & Amplifier Review
MOVT_4yO5hs Audio Comparison: PCM DXD DSD (Sound Liaison High Res Format Comparison)
N1lJCL5OCxM Understanding Balanced Audio
N6_6NOM7BZ0 Audiophonics HPA S400ET Stereo Amplifier Review
NRftr9g03YM Hifiman Ananda Headphone Review
OL23xkLfPTU Impact of AC Distortion and Noise on Audio Equipment Fidelity
PXDdE40zXRM Inside High-res Music: Live from Minster  from The Lake Poets
QNp_2VDUrYs Nordost Tyr 2 Review USB Cable High end
QQ22BxjA-T4 Do you need AC noise filtering for audio devices?
RulAcLrnPkA Do USB Filters Make DACs Sound Better?
THjusVQpPMA High-res audio comparison: Linn Records Free High Res Samples
TT9JL2yaIOA Understanding Jitter in Digital Audio: Measurements and Listening Tests
TVCmPrDthlE Electromagnetic Interference In Speaker Cables?
TwGd0aMn1wE Understanding Audio Frequency Response & Psychoacoustics
U8VxlO68ses Bowers & Wilkins 607 S2 Anniversary Edition Speaker Review
XbueG4WBmXU Allo Boss2 review: superb budget audio streamer
XolFn8QTEHE AudioQuest PowerQuest 3 Review (AC Filter/Surge Protector)
YYFdvmjve9g Do Premium Headphone Cables Make an Audible Difference? Norne Audio Cable Review
ZKP5nispe0Q Topping A30Pro Review (Balanced Headphone Amplifier)
_2cu7GGQZ1A Reviewing Speakers - Measurements and Listening Tests
_4vJCh-NtgY Helm Audio Bolt Review (portable dac & headphone amp)
_8DTD8NeqHE Adam A5X Review Studio Monitor
am3OAUcHwZo Drop Focal Elex Headphone Review
bD5vjKMRLZk VTA ST-70 Tube Stereo Amplifier Review
bqGjh67x7IU Understanding FFT in Audio Measurements
byj_BDf5xwM Amazing Budget Amplifier Find: AIYIMA A07 TPA3255 Review
cRocD8-tj8k KRK ROKIT 5 Gen 4 Review Studio Monitor
dLghg0QXPzs Do Fancy Audio Cables Make a Difference?
epIc-i390fg PS Audio PowerPlant Measurement Follow Up
f2soKg9JAUA Understanding Grounding in Audio
gL4O_Do2PuQ RF Interference in Speaker Cables???
ldaJa6HC1vg Audioquest Dragonfly Cobalt Review
lz3JDLiNjmY What is a decibel?  A quick tutorial.
mU3HH1kmj30 Best Portable Headphone Adapter?  Hidizs S9 Review
moXaLMT_os4 Does Phase Distortion/Shift Matter in Audio? (no*)
osAS-h1Kwsg Khadas Tone2 Pro DAC and Headphone Amplifier Review
qXuBsdmEOAs Do USB Cables Make an Audible Difference (Kimber Kable Review)?
qk0ph34Zj2s KEF LS50 Meta Review Bookshelf Speaker
tMOp66XdjNo Vanatoo Transparent One Encore Speaker Review
tPy3yzS-_cM Audioquest Niagara 1200 Review AC Surge Protector and Filter
tt82UyPEeK0 Octave Music Don Grusin High Resolution Music Analysis
ueARCX54ccs Kali Bluetooth Receiver and BT Codec Quality
vRG8TaxGcbU Audio Blind Testing - You Are Doing It Wrong!
zPwPYBVtCEY Inside High-res audio: PCM vs MQA vs CD: 2L Sampler Comparison
zSPXOwlpO4Y Inside High res music: Jazz at the Pawnshop NAXOS (DSD)
zTEQmmG6TzE Music: how loud is loud?
