-DASOYA1i5I Monday Morning Podcast 10-1-18
-Gz1PbQH2H8 the Thursday Afternoon Monday Morning Podcast 6-15-17
-b7A67g_-b4 the Monday Morning Podcast 1-21-16
-bnfA9IfZBo Monday Morning Podcast 10-14-19
-m92zAVI_uA Thursday Afternoon Monday Morning Podcast 3-8-18
-nlrZD1FlzU the Monday Morning Podcast 3-10-16
08I279pJ5tU Monday Morning Podcast 7-15-19
09L3QBv1Ggk Bill Announces the Final Moments of the 2014 ProBowl
0DQRhfnbBO4 the Monday Morning Podcast 5-22-17
0UifBpsb9EY Thursday Afternoon Monday Morning Podcast 7-27-17
0WBr6Rj6mTM Monday Morning Podcast 11-16-20
0XYtqdt8vwM Thursday Afternoon Monday Morning Podcast 6-6-19
0_Q_7jlxjQ8 Monday Morning Podcast 10-15-18
0bITXVNTB3U Monday Morning Podcast 5-3-21
0d7i3TMR7hE Monday Morning Podcast 9-23-19
0iVLkAyu23Q Thursday Afternoon Monday Morning Podcast 7-12-18
0q5RZdjwim8 the Thursday Afternoon Monday Morning Podcast 5-25-17
0qUzdZaEf1k Thursday Afternoon Monday Morning Podcast 3-29-18
0sf835MGTQA the Monday Morning Podcast 3-28-16
0sjajxOYIXI the Monday Morning Podcast 1-12-17
14P3LZUZcvk Monday Morning Podcast 3-1-21
15FKSDTo-W4 Thursday Afternoon Monday Morning Podcast 9-5-19
15T9UEpFR_8 Bill Burr | Apple Store Tantrum
15VB16yUUK0 Chinese New Year in Hawaii
16pHLEDRnAA the Monday Morning Podcast 7-25-16
1I95BVy8tsg Thursday Afternoon Monday Morning Podcast 11-15-18
1IKu_H0li2E the Thursday Afternoon Monday Morning Podcast 2-18-21 w. @Mammoth WVH
1LP4oJcMOO4 Bill Burr City Tours: San Jose, CA
1TvcVqa5-bo Monday Morning Podcast 12-14-20
1_A8__3_k3A the Monday Morning Podcast 3-20-17
1avHWNQIFuo Thursday Afternoon Monday Morning Podcast 5-7-20
1cfya7OCY2o the Monday Morning Podcast 1-5-17
1ipMxm4XDFk the Thursday Afternoon Monday Morning Podcast 5-11-17
1okCiSfyZyM Monday Morning Podcast 6-17-19
1toLA0fw-OM the Monday Morning Podcast 2-1-16
21akYDYGF1o Thursday Afternoon Monday Morning Podcast 5-23-19
228Pp8QM7JI Thursday Afternoon Monday Morning Podcast 12-5-19
2CxSHaIzKsU the Thursday Afternoon Monday Morning Podcast 7-20-17
2Go4EqE3wt8 Thursday Afternoon Monday Morning Podcast 8-3-17
2ZNrR4HZ3lQ Thursday Afternoon Monday Morning Podcast 9-26-19
2il_qRwALrQ Thursday Afternoon Monday Morning Podcast 4-25-19 w/ @Tal Wilkenfeld  (video)
3HsHNlmQvJQ Thursday Afternoon Monday Morning Podcast 2-6-20
3KW1bV9bhdE Thursday Afternoon Monday Morning Podcast 11-14-19
3NwCpJ9CZF4 the Monday Morning Podcast 7-17-17
3VdNNO5Xm3k the Thursday Afternoon Monday Morning Podcast 5-4-17
3Z-U4Cwy8tA Monday Morning Podcast 10-22-18
3_revx_gvi4 TAMMP Whale Sighting
3b8uGegPux4 Thursday Afternoon Monday Morning Podcast 1-9-20
3yWpHBQYX6o Thursday Afternoon Monday Morning Podcast 1-23-20
3zUV1gBnCRw Monday Morning Podcast 7-5-21
4-CouGueIyg Monday Morning Podcast 2-28-19
42bNPjue8oY Monday Morning Podcast 4-1-19
4CDKKZl8nm4 Monday Morning Podcast 12-17-18
4E0-oW-OFQA the Monday Morning Podcast 9-4-17
4H7ZWdVVOoE Thursday Afternoon Monday Morning Podcast 9-14-17
4ODjUbMHT9Y Thursday Afternoon Monday Morning Podcast 7-2-20
4Wgnz-hpI50 Monday Morning Podcast 1-17-22
4aDw4-e-ZSM The Monday Morning Podcast 12-19-16
4hdP1A5aENI the Thursday Afternoon Monday Morning Podcast 4-27-17
55bpJgDDt3E Thursday Afternoon Monday Morning Podcast 5-21-20
5Abzn9J8GiY Thursday Afternoon Monday Morning Podcast 11-22-18
5TJ6OmzuQVA Thursday Afternoon Monday Morning Podcast 10-1-20
5bd5aEOvD3A the Monday Morning Podcast 6-1-17
5fkyfc4wPpE Thursday Afternoon Monday Morning Podcast 1-3-19
5hGiiNwg9qM Monday Morning Podcast 9-17-18
5mOZNLtYFo0 the Monday Morning Podcast 7-10-17
5neoBuOo05c Monday Morning Podcast 4-5-21
63fpXU7nG8c the Monday Morning Podcast 12-18-17
6A0dt68EeEk Monday Morning Podcast 5-6-19
6MPJ3aXUSrE The Thursday Afternoon Monday Morning Podcast 3-9-17
6QIk6256oeY Monday Morning Podcast 8-17-20
6RKsE7XPewk the Monday Morning Podcast 5-19-16
6T8vV7XdsfE Bill Burr - Animation - Don't Come In My F***ing Yard
6XaOktV8mA4 Thursday Afternoon Monday Morning Podcast 11-27-20
6qtQlkZpBkU Monday Morning Podcast 10-8-18
6vh8QbE1P-I Thursday Afternoon Monday Morning Podcast 2-10-22
6w_hX-XWwdc the Monday Morning Podcast 7-30-18
6z546yW83Ek the Monday Morning Podcast 4-12-21
77pZwut8eOU Thursday Afternoon Monday Morning Podcast 5-24-18
7Hg1Oyy7jjc Thursday Afternoon Morning Monday Podcast 5-2-19
7JlrMa_zFYs Monday Morning Podcast 12-16-19
7KUzMa0-PCQ Monday Morning Podcast 4-8-19
7PrKjzZIOvI Monday Morning Podcast 8-12-19
7SPZV1xrHoQ Monday Morning Podcast 5-20-19
7XoNPA978W4 Monday Morning Podcast 9-30-19
7i9GXnrklLk Monday Morning Podcast 10-4-21
7qgScP92QKk the Monday Morning Podcast 2-6-17
7utx3fIV-q8 Douchebag of the Week - Brad
84RQgf83BPI Thursday Afternoon Monday Morning Podcast 8-2-18
88J012VsguI Monday Morning Podcast 1-20-20
89Cjts3XKfo Thursday Afternoon Monday Morning Podcast 2-24-22
8A-waM_0IAI Thursday Afternoon Monday Morning Podcast 6-21-18
8AM0rr6VMkg the Monday Morning Podcast 3-14-16
8CW6SHeQ6RE Drunk Girl Natinal Anthem
8GTV4mUu_GE Monday Morning Podcast 3-15-21
8WnzxRs-3V8 Thursday Afternoon Monday Morning Podcast 11-10-16
8bzyu-zCKI8 the Monday Morning Podcast 4-9-18
8fo4STfDlZk the Monday Morning Podcast 8-7-17
8hpUJFE5Zsk the Monday Morning Podcast 8-13-18
8rtFLaihDb0 Thursday Afternoon Monday Morning Podcast 1-31-19
8tSgWlDUqkk Thursday Afternoon Monday Morning Podcast 8-26-21
8xQYrZKDkaM Monday Morning Podcast 12-10-18
91E0gQ69OFg Bill and Virzi Eat Spicy Shrimp
9DFuzB7k8L8 Monday Morning Podcast 10-21-19
9Ene6nDV158 Thursday Afternoon Monday Morning Podcast 1-21-21
9Q3MJ03mT40 Monday Morning Podcast 1-27-20
9UN0BXRI0Yw Monday Morning Podcast 12-30-19
9UX-rWGkmX4 Thursday Afternoon Monday Morning Podcast 11-21-19
9k8MvhNE2vI Monday Morning Podcast 11-9-20
9kJHs1FJq3I Pittsburgh Skyline
9oM6Da7D2TI The Monday Morning Podcast 11-14-16
9uUk_aOtNiM The Monday Morning Podcast 12-29-16
9zueGqMCjGE Monday Morning Podcast 9-21-20
A0e6qK-3N70 the Thursday Afternoon Monday Morning Podcast 2-9-17
A1JQ5FMu96k the Monday Morning Podcast 4-7-16
A2p-xj1CSCw Monday Morning Podcast 12-23-19
A5fcgs10_0k Thursday Afternoon Monday Morning Podcast 9-16-21
A9iC9PbnUes Thursday Afternoon Monday Morning Podcast 3-18-21 w. Dean Edwards
ARnV0F4EYhM The Thursday Afternoon Monday Morning Podcast 10-27-16
AUfClZuWBiI Thursday Afternoon Monday Morning Podcast 4-23-20
AUuGjc1Xkv4 Thursday Afternoon Monday Morning Podcast 4-12-18
A_SDKNIDoF8 Thursday Afternoon Monday Morning Podcast 12-17-20
AcO9SavNbUU Sarsaparil' Bill
Al8LjIqy7vI Thursday Afternoon Monday Morning Podcast 9-23-21
AmBAetAkZ1Y Farmers Only
Axft5qjvZy4 the Monday Morning Podcast 4-21-16
B0Q1e83FRn8 the Monday Morning Podcast 6-12-17
B4m96dWFSC0 Thursday Afternoon Monday Morning Podcast 1-4-18
BC18B7dUzes Naming a Kid Birdie
BIpvdMvJWfo Thursday Afternoon Monday Morning Podcast 3-11-21
BJ1KmLbfvMA the Monday Morning Podcast 11-27-17
BUtWnwAuENo Thursday Afternoon Monday Morning Podcast 8-16-18
BiQTvKzQazc Monday Morning Podcast 8-9-21
BvSu5WYNmzQ Thursday Afternoon Monday Morning Podcast 2-27-20
BxkFkjs3EKs the Monday Morning Podcast 10-16-17
C2eLHK1QGtU Hitler on Ice
C4aIsrhoYSU the Monday Morning Podcast 3-5-18
CE-fzTcTpvY the Monday Morning Podcast 5-16-16
CGTtQssNHfs the Monday Morning Podcast 6-9-16
COkYQ_9FjQU Bill Burr | Advice: Family Thinks I Joined a Sex Cult
CT-Q1Rhqkzo Thursday Afternoon Monday Morning Podcast 7-1-21
CVhOE5YqtYE Thursday Afternoon Monday Morning Podcast 1-2-20
C_UNsbK2NmU Monday Morning Podcast 2-14-22
CdxDVCQSmFQ Monday Morning Podcast 8-3-20
CjXoGBBIr5A Thursday Afternoon Monday Morning Podcast 1-30-20
CrD7lRajZLU the Monday Morning Podcast 2-25-16
DJtpce1Q_-o Monday Morning Podcast 8-23-21
DKMQbTIlnAk Thursday Afternoon Monday Morning Podcast 4-19-18
DMq8WJ28Y_Q Thursday Afternoon Monday Morning Podcast 6-7-18
DQ2JBLYK7cM Monday Morning Podcast 11-11-19
DQVvjVzwMbs the Monday Morning Podcast 11-6-17
DchRvVbMqkA Monday Morning Podcast 2-10-20
DhYwThkDc1Y Monday Morning Podcast 9-2-19
DkA-xJIw-R8 Thursday Afternoon Monday Morning Podcast 12-13-18
Dsho9VKgpgM the Monday Morning Podcast 9-20-21
EDKM9Uf_J5c the Monday Morning Podcast 4-14-16
ENd3y0IjsmQ Thursday Afternoon Monday Morning Podcast 5-28-20   w/ Pete Davidson and Ricky Velez
EQuBf0x57rY the Monday Morning Podcast 1-3-17
EvhVLYo22AM Monday Morning Podcast 6-10-19
F3ducVbx-og the Monday Morning Podcast 7-24-17
F6BiRPJXTIU Thursday Afternoon Monday Morning Podcast 7-26-19
F6I_-BWwEP0 Monday Morning Podcast 6-21-21
F8hdXDyVW6k Thursday Afternoon Monday Morning Podcast 8-27-20
FEsm_85sYZM Thursday Afternoon Monday Morning Podcast 12-19-19
FTsPKdsgVAQ Thursday Afternoon Monday Morning Podcast 1-14-21
FV4sXMTRN5c Thursday Afternoon Monday Morning Podcast 11-8-18
FX9TrV39uBM Thursday Afternoon Monday Morning Podcast 9-6-18
FaQdIxg01tI Thursday Afternoon Monday Morning Podcast 9-28-17
FcK_vtOeU_4 Thursday Afternoon Monday Morning Podcast 3-26-20
FfXNmpCsKC0 Monday Morning Podcast 5-25-20
Flnu09Y0zPY Thursday Afternoon Monday Morning Podcast 7-11-19
FvQq0lMXXws Thursday Afternoon Monday Morning Podcast 10-28-21
G4aqMbilkow Thursday Afternoon Monday Morning Podcast 11-12-20
G95HPHEfKvk the Monday Morning Podcast 4-29-16
GD93H91N8F8 Bill Burr - Glendale, CA
GEfBzfsq8Bc the Monday Morning Podcast 11-23-20 | Live at the Troubadour II
GOK0xbIXwW0 Thursday Afternoon Monday Morning Podcast 3-15-18
GlG0olqwZYc Thursday Afternoon Monday Morning Podcast 8-19-21
GqCAGp8t5xM the Monday Morning Podcast 5-21-18
Gr_k_TknBts Monday Morning Podcast 9-10-18
HGOJVlFaPo0 Thursday Afternoon Monday Morning Podcast 11-3-16
HICsf7rEyCo Monday Morning Podcast 8-24-20
HJfVD98x0bY Thursday Afternoon Monday Morning Podcast 9-30-21
HPX2dprC43g Monday Morning Podcast 5-27-19
HVKFo5KMWuk Thursday Afternoon Monday Morning Podcast 8-12-21
HVNKMuzS9DQ Monday Morning Podcast 10-12-20
HVNyrfEMQAg the Monday Morning Podcast 7-18-16
HXtdXWbKjwg Thursday Afternoon Monday Morning Podcast 4-29-21
HZZ9I485Z7M Bill Burr - On Company Microchipping It's Employees, Giving Your Fingerprint and Politician C***S
HdKQc0_TOUI Thursday Afternoon Monday Morning Podcast 10-8-20
HgzlCPpfZrQ Thursday Afternoon Monday Morning Podcast 12-9-21
Hh917TWOGSY Bill Burr | Bill vs The Painters:  Part II
Hkp9BfCyr0A the Monday Morning Podcast 1-8-18
HlWogJG3QX8 The Celebrity Theatre, Phoenix AZ
Hsal6K7Gd3M Monday Morning Podcast 4-26-21
HwdoKr_LUPU Thursday Afternoon Monday Morning Podcast 10-26-17
I1kefsFehqY Thursday Afternoon Monday Morning Podcast 11-11-21 w/ Jason Newsted
I6aYOm2qafA Monday Morning Podcast 2-8-21
I83IhJ6OXTw Monday Morning Podcast 11-1-21
IGc6v3k5RC0 Thursday Afternoon Monday Morning Podcast 10-25-18
IHzgbwqfOts Thursday Afternoon Monday Morning Podcast 8-20-20
ILDJ2I0QVxs Monday Morning Podcast 6-14-21
IPU6RgwpbXY Thursday Afternoon Monday Morning Podcast 8-13-20
IR-gZgFafCc the Monday Morning Podcast 3-7-16
Ij_tIHtpz-w Thursday Afternoon Monday Morning Podcast 11-29-18
IrCz1oKoPrQ Thursday Afternoon Monday Morning Podcast 3-28-19
ItqorKjr4WU the Monday Morning Podcast 5-9-16
IySdWlU2RiA Monday Morning Podcast 9-14-20
Iz2YGB9I1c4 Monday Morning Podcast 2-7-22
J3ty5ypgSeg the Monday Morning Podcast 7-9-18
JR-q3ulSD9o The Monday Morning Podcast 7-21-16
JSyPeDv6e_8 Anything Better - March Madness Special
JdpKsX0TjVI Monday Morning Podcast 1-11-21
Jeph1s6o5Uc Monday Morning Podcast 11-2-20
JfxHMR19TPE Thursday Afternoon Monday Morning Podcast 11-30-17
Jk9fpZjUfvw Thursday Afternoon Monday Morning Podcast 3-25-21
JzgcOfz7Eek Thursday Afternoon Monday Morning Podcast 5-6-21
K4FgXO0y0MM Monday Morning Podcast 10-11-21
KAoCnHi3RzU Thursday Afternoon Monday Morning Podcast 11-25-21
KEKUMxREqJw Monday Morning Podcast 9-9-19
KF1saEzgayU Monday Morning Podcast 12-20-21 w. JIM GAFFIGAN (Part 1)
KG8xsk8bdaM the Monday Morning Podcast 1-15-18
KTFtYmiAxcM Thursday Afternoon Monday Morning Podcast 3-24-22 (RE-UPLOAD)
KYRjbMp-KTE Bill Burr | Advice: How Come Nobody Takes Me Seriously?
Kk_ovGlzH0U the Monday Morning Podcast 4-3-17
KpCRaHmjKD8 Thursday Afternoon Monday Morning Podcast 2-7-19
KqZXLTAbnRA Monday Morning Podcast 7-13-20
KrWC_NxDhx8 Thursday Afternoon Monday 6-4-20
Kue-63XeMbY the Monday Morning Podcast 8-14-17
L30cHAJ5gDA the Monday Morning Podcast 2-16-17
L4PD0daZ2DY Monday Morning Podcast 10-7-19
L7SYuGimHLs Thursday Afternoon Monday Morning Podcast 3-22-18
L8dRtQ7cvHo Thursday Afternoon Monday Morning Podcast 1-28-21
LAnwH-A05Uo Monday Morning Podcast 7-26-21
LQ2aAmjuXIE Thursday Afternoon Monday Morning Podcast 8-5-21
LSUZlPC02PQ Monday Morning Podcast 2-1-21
Lc5Qvgvvfyc Monday Morning Podcast 11-12-18
Ll9HTLCwFiQ Monday Morning Podcast 1-25-21
LoWCMzHWlRk Bill Burr Makes Homemade Pie Crust
LvXq9YpU7xo the Monday Morning Podcast 6-11-18
MCLO_NWtamo the Monday Morning Podcast 8-6-18
MCez5GSHeCE the Monday Morning Podcast 4-23-18
MEERieo7fGQ Thursday Afternoon Monday Morning Podcast 1-11-18
MNRKyj8qt5A Thursday Afternoon Monday Morning Podcast 7-13-17
MOZ25KKbAdA Monday Morning Podcast 11-15-21
MeeeNIqpvnQ Monday Morning Podcast 10-28-19
Mie4n9MkeOQ the Monday Morning Podcast 1-16-17
MoRAToPA_28 Thursday Afternoon Monday Morning Podcast 2-17-22
Mp9jwtseVbQ Monday Morning Podcast 3-11-19
MpiKJ9Qe0zU Monday Morning Podcast 5-13-19
Mr5y6yWtYbc Thursday Afternoon Monday Morning Podcast 3-17-22
N-ao-83TGUQ Thursday Afternoon Monday Morning Podcast 10-11-18
N19QHuaOT0E Monday Morning Podcast 2-3-20
N1phWROd36Q Bill Burr - Carnegie Hall - NOVEMBER 11th!!!!!
NH9X9KYAk1U Thursday Afternoon Monday Morning Podcast 4-30-20
NKsPziXA-qU Monday Morning Podcast 6-3-19
NTY18_Z5iB8 Thursday Afternoon Monday Morning Podcast 10-3-19
NXfNGBeMJfA Monday Morning Podcast 1-10-22
NZAvVK0Exvw Monday Morning Podcast 12-12-18
NhOREAinNl4 Thursday Afternoon Monday Morning Podcast 10-4-18
NiZ1c_ollRc Monday Morning Podcast 6-8-20
NtRJ0TmzXos the Monday Morning Podcast 4-24-17
O0skJIEnIKs Monday Morning Podcast  Pie Crust Tease-AHH!
O2RD5X1xRQk the Monday Morning Podcast 6-25-18
OC6S_6nFwE0 Monday Morning Podcast 6-1-20
ONjtpGsM3b8 Monday Morning Podcast 12-28-20
OWdrlhPJNjo the Thursday Afternoon Monday Morning Podcast 4-6-17
OaJKf3NAKRw the Thursday Afternoon Monday Morning Podcast 4-13-17
OdhR_cjgow4 Thursday Afternoon Monday Morning Podcast 5-31-18
OfqOsVPTbz8 Monday Morning Podcast 4-29-19
P1Y_ERhKv8o Thursday Afternoon Monday Morning Podcast 1-17-19
PBBesaCMP9c the Monday Morning Podcast 2-13-17
PQIQPHWsTjs the Monday Morning Podcast 1-11-16
PWkW130KDqk Thursday Afternoon Monday Morning Podcast 5-13-21
PclWJVU-OWs Monday Morning Podcast 10-25-21
PduTeGkpREA the Monday Morning Podcast 4-18-16
PiilD4qf7fM Thursday Afternoon Monday Morning Podcast 5-20-21
Pj_ZykQOFkc Thursday Afternoon Monday Morning Podcast 6-3-21
PlDQAlgqyjk the Monday Morning Podcast 3-27-17
PwHyhz_1_Yo Monday Morning Podcast 11-5-18
Q6lWpQFQ0jg Monday Morning Podcast 3-16-20
QgnOErtt3ck the Monday Morning Podcast 9-18-17
QipESxcH08o Monday Morning Podcast 1-31-22
QwvvKD_iTwE Monday Morning Podcast 10-18-21
RJX_l69gNHs KFC Commercial
RKu2ChYGL-I Monday Morning Podcast 4-20-20
RL7fybhprNA Bill Burr | Bill vs The Painter
RSRxNTbIKlU the Monday Morning Podcast 1-14-16
RUixT1d2lwc the Monday Morning Podcast 3-24-16
ReBP98oNvDk Thursday Afternoon Monday Morning Podcast 9-24-20
Ry6UQjFvlk0 IMMORAL COMPASS - UNCENSORED TRAILER @Bill Burr
S39FJpOn0nA Thursday Afternoon Monday Morning Podcast 3-21-22
S5ivNHahYLY Thursday Afternoon Monday Morning Podcast 9-21-17
S9ZSzuj1UpA Bill Burr - Animation - Helicopter Bit
SD-Z-dGrxQI Thursday Afternoon Monday Morning Podcast 11-23-17
SEDwrtPU8Ss Monday Morning Podcast 2-25-19
SIowqv4XYNA the Monday Morning Podcast 10-9-17
SIyRK8IFYs0 Monday Morning Podcast 8-16-21
SMnYKBoqRzg Monday Morning Podcast 11-30-20
SPEjSZVH8Cw MuteMath: Clipping / drum clip
SQj-pAm6vAs Thursday Afternoon Monday Morning Podcast 12-3-20
SU0ffcfXFac Thursday Afternoon Monday Morning Podcast 1-18-18
SUz3KuuSD3w Bill Burr | Joel Osteen Chronicles
SVqx87b0RFs the Thursday Afternoon Monday Morning Podcast 5-18-17
SdXpF_57NZU Thursday Afternoon Monday Morning Podcast 1-6-22
ShZj2dhoYhE Thursday Afternoon Monday Morning Podcast 6-14-18
ShssglI3ulc the Monday Morning Podcast 3-3-16
SiLS_WhkcVs Thursday Afternoon Monday Morning Podcast 4-2-20
SjeolgXtBBA Thursday Afternoon Monday Morning Podcast 8-23-18
SlMKhCBFq9E Thursday Afternoon Monday Morning Podcast 8-17-17
SsRLlBBkaSY the Monday Morning Podcast 5-7-18
SwOOOkbeg4Q Thursday Afternoon Monday Morning Podcast 3-12-20
SxnXHIlxrWY Thursday Afternoon Monday Morning Podcast 12-14-17
SzAnXMc6krE Thursday Afternoon Monday Morning Podcast 8-24-17
T1c-wHJtbAk Monday Morning Podcast 12-27-21
T1xVYHym6_c Thursday Afternoon Monday Morning Podcast 4-18-19
TBwy44UZpeQ the Thursday Afternoon Monday Morning Podcast 2-23-17
TCTfIBVeV8g Monday Morning Podcast 12-21-20
TDX09YdJ7Vw Bill Burr - There's Always That Guy
TE1JkI5JtHU Thursday Afternoon Monday Morning Podcast 5-9-19
THb6KziSY-Q Thursday Afternoon Monday Morning Podcast 3-2-17
TT9BYJjRmJU Thursday Afternoon Monday Morning 9-2-21
TTdl9eXfzJY Bill Burr | Suggested Sober Activities
TW46GGFeqOg the Monday Morning Podcast 5-2-16
TkDOmyI3214 Thursday Afternoon Monday Morning Podcast 11-5-20
Tp4pr0Zq6-0 Thursday Afternoon Monday Morning Podcast 12-6-18
TzSBdcfDuzQ Monday Morning Podcast 3-30-20
U-e3BK06Oio Monday Morning Podcast 8-26-19
U0Jptl9-y78 Thursday Afternoon Monday Morning Podcast 8-15-19
U4JLMp0c8Qs the Monday Morning Podcast 4-11-16
U5nfNGarycA the Monday Morning Podcast 12-11-17
UB6s2K_0xwA Bill Burr MSG Introduction: Voice of God - Joe Bartnick
UEE3JwM1ejQ Thursday Afternoon Monday Morning Podcast 9-9-21
UIdFIMBXUts Thursday Afternoon Monday Morning Podcast 12-27-18
UJ0JDJqCQH8 Monday Morning Podcast 8-2-21
UKYQbm169uA the Monday Morning Podcast 5-28-18
UKit8tJa2iM Thursday Afternoon Monday Morning Podcast 7-26-18
UNTXO39vC00 Thursday Afternoon Monday Morning Podcast 8-10-17
UQXY9fAvQ2g Monday Morning Podcast 1-14-19
UWMu9nqLMLc the Monday Morning Podcast w/Jim Norton 3-15-17
UiLpaYAQb9U Monday Morning Podcast 7-12-21
UlYh5tUFCLw Monday Morning Podcast 4-4-22
Uv4JqqZ0DFU Bill Burr | Baseball's Legacy of Cheating and the World Champion Houston Astros
UvW6t-FbiRs Buffalo Bill's Game Restroom Altercation
Ux17QOshngs Thursday Afternoon Monday Morning Podcast 5-16-19
UzAMqWAgMyE the Monday Morning Podcast 12-1-16
V-EmjnS1DQM Monday Morning Podcast 4-19-21
V4ei5mw6RNU Thursday Afternoon Monday Morning Podcast 8-29-19
VAeTBL-00HI Thursday Afternoon Monday Morning Podcast 4-16-20
VCO58jjOUPw Monday Morning Podcast 11-26-18
VS7QHfQvy54 Monday Morning Podcast 5-18-20
VTAqoowprmY Thursday Afternoon Monday Morning Podcast 4-4-19
VakBe3SFShY Thursday Afternoon Monday Morning Podcast 3-19-20
Vm9f6U0CSX4 Thursday Afternoon Monday Morning Podcast 2-8-18
Vv5f_JS_Xps the Monday Morning Podcast 1-4-16
VwELHRniD7o Duane Sutter Interview - 'Good Luck'
W1yve2d9VAI Monday Morning Podcast 11-4-19
W2bV3kRkDIg the Monday Morning Podcast 2-11-16
W58rX2qe4Ho Thursday Afternoon Monday Morning Podcast 5-27-21
W5CxvghgJIk Thursday Afternoon Monday Morning Podcast 9-17-20
WIQFEQGxbIg the Monday Morning Podcast 9-24-18
WPqebu7RV4E the Monday Morning Podcast 6-22-17
WVHxUXM9kGo Thursday Afternoon Monday Morning Podcast 12-7-17
WWo9r3owSpw Monday Morning Podcast 1-18-21
WYyZNuEeX1Q Bill Burr | Five Cities - Part I: Liverpool
Wknq9GkfFHU Bill Burr | Things That Should Be Illegal
WocDnnU_Q2c the Monday Morning Podcast 1-28-16
WucZVuUSPa8 the Monday Morning Podcast 5-14-18
X6fr5tUW7to Monday Morning Podcast 6-24-19
X8t47y8peAE Thursday Afternoon Monday Morning Podcast 3-14-19
XAa_lhE9vkA Thursday Afternoon Monday Morning Podcast 11-28-19
XJkbptJjv4E Monday Morning Podcast 10-26-20
XMjozJhGtkc Thursday Afternoon Monday Morning Podcast 10-14-21
XPqggGNBeko Monday Morning Podcast 7-6-20
XR2JAS_WxsQ the Monday Morning Podcast 2-4-16
XRZK2VaOdN4 Thursday Afternoon Monday Morning Podcast 8-30-18
XWOFpUs_waQ the Monday Morning Podcast 2-18-16
XXhag1mjJkc Thursday Afternoon Monday Morning Podcast 3 -7-19
XZK0VP1A9Jo Thursday Afternoon Monday Morning Podcast 10-17-19
Y4hn-G8o9y4 Bill Burr | the Monday Morning Podcast LIVE- 10-27-19
Y7VhZ89ByBc NY Post DeflateGate/Arod
YBvatjrd2Tg the Monday Morning Podcast 4-25-16
YE-7Jxf8MLE Steely Dan - Aja Drum Solo
YIIUPF7nAg0 Thursday Afternoon Monday Morning Podcast 9-12-19
YLOu0EiFB6M Thursday Afternoon Monday Morning Podcast 7-6-17
YMW6556BAf4 Thursday Afternoon Monday Morning Podcast 12-28-17
YQyQiGwaDK8 Thursday Afternoon Monday Morning Podcast 3-5-20
YSLyS4X63kQ Monday Morning Podcast 11-22-21
YSfS8gdadrc the Monday Morning Podcast 3-6-17
YYC0-9Unovw Bill Burr - The Sauna Story from the Monday Morning Podcast
Y_kUBUqtQco the Monday Morning Podcast 4-17-17
YanqvRbOSnA the Monday Morning Podcast 7-3-17
YfAB137QldU the Monday Morning Podcast 6-16-16
YkwcSdEz2h8 the Monday Morning Podcast 7-4-16
YvwrNhlqJEA the Monday Morning Podcast 9-3-18
ZA_SXyYZNUc the Monday Morning Podcast 6-19-17
ZQtUK0Hwv3I the Thursday Afternoon Monday Morning Podcast 10-15-20
ZSM8DBzSxt0 Thursday Afternoon Monday Morning Podcast 1-27-22
ZUUWJ10ZY24 the Monday Morning Podcast 2-27-17
ZcClvOW6cjI Burning RV
ZcIzBV81oDA Thursday Afternoon Monday Morning Podcast 6-10-21
ZjQqJvArlug Monday Morning Podcast 5-31-21
ZkmyvECTLtg the Monday Morning Podcast 6-29-17
ZqoPFqxHJCQ Monday Morning Podcast 11-29-21
ZskTdH6UiDc the Monday Morning Podcast 1-18-16
ZtEkU61a0yM the Monday Morning Podcast 2-5-18
_B-2oG1HKP8 Thursday Afternoon Monday Morning Podcast 5-14-20
_Fh6cGKE5sY Monday Morning Podcast 2-15-21
_LXnXQbqRMc the Monday Morning Podcast 8-20-18
_ZGTpN3UKEk Bill Burr - 'Why Are You Going to Indianapolis Bill?' from the Monday Morning Podcast
_ceTTojIuZo the Monday Morning Podcast 12-25-17
_i5_5n_DYyI the Monday Morning Podcast 6-6-16
_j13ctFfp_k the Monday Morning Podcast 5-23-16
_ueFx1CqjwA Monday Morning Podcast 1-28-19
aAfmL2Of1zE the Monday Morning Podcast 10-2-17
aNpuuEJ4Ks4 the Monday Morning Podcast 2-29-16
aPAfWS-NcJo Bill Burr St. Patrick's Day Rant
aPcTygKIpgY How to Take a Selfie
aUeoi7e6afA the Monday Morning Podcast 3-19-18
aWYsx9WzYOw Thursday Afternoon Monday Morning Podcast 5-3-18
ae61rH5xeOU Monday Morning Podcast 4-13-20
am6jRa5WPuQ Thursday Afternoon Monday Morning Podcast 11-9-17
asFXD3-mYM0 Bill Burr City Tours: Phoenix, AZ
az_XRcTsWZM Thursday Afternoon Monday Morning Podcast 12-30-21
b7pQZu7bCXk the Monday Morning Podcast 2-19-18
bG-dBcLht20 the Monday Morning Podcast 7-23-18
bHQLb62fJr4 Monday Morning Podcast 12-24-18
bYhZF8butxY Thursday Afternoon Monday Morning Podcast 10-5-17
bdB0peWcXE8 Bill Burr | Flat Earth Steam Rocket Man
bdZoSJFZzF4 Thursday Afternoon Monday Morning Podcast 7-23-20
c02AbcOD8FY the Monday Morning Podcast 12-4-17
c0KOZMjiPEE Thursday Afternoon Monday Morning Podcast 1-20-22
cKu4YNCSOoM the Monday Morning Podcast 2-15-16
cN-0DMVZ-lE Thursday Afternoon Monday Morning Podcast 4-24-21
cN4K5oTPuR0 Thursday Afternoon Monday Morning Podcast 7-8-21
cZ5dGFk8ork Bill Burr - United Center Skate Around
cbiikbA-fKs Thursday Afternoon Monday Morning Podcast 1-24-19
clQwo_3MO8w Thursday Afternoon Monday Morning Podcast 7-19-18
cpAeqthwT_I the Monday Morning Podcast 2-12-18
crTU4Bu6nuI Monday Morning Podcast 3-23-20
cslD8_noyTo the Monday Morning Podcast 11-13-17
d4MlNbqYxY4 Thursday Afternoon Monday Morning Podcast 3-21-19
dG07HuDcqP8 Monday Morning Podcast 12-6-21
dI6QF_Vz4yQ Thursday Afternoon Monday Morning Podcast 6-12-20
dSMM54mYSqs The Monday Morning Podcast 12-15-16
dco1UC7GXSY the Thursday Afternoon Monday Morning Podcast 4-10-17
ddG9bHhJ_Bc the Thursday Afternoon Monday Morning Podcast 3-16-17
ddW_KyoWnN0 Monday Morning Podcast 3-25-19
doKSj56mPqk the Monday Morning Podcast 7-2-18
dqdrU79tev4 Thursday Afternoon Monday Morning Podcast 10-22-20
e6-DPGdP3QE Monday Morning Podcast 7-22-19
eCULWlhD6eU Monday Morning Podcast 3-22-21
eJfNm06bv84 the Monday Morning Podcast 1-2-18
eM-zigUdyFE Thursday Afternoon Monday Morning Podcast 5-17-18
eRGr79HX-LI Monday Morning Podcast 1-7-19
eWYtV96RVgM the Monday Morning Podcast 3-13-17
eWqfs-BI90I Thursday Afternoon Monday Morning Podcast 3-10-22
eX31ZmCfcqE Thursday Afternoon Monday Morning Podcast 2-13-20
ekVON0kD4zg the Monday Morning Podcast 6-13-16
erW4XBAkMk8 the Monday Morning Podcast 9-11-17
eybFXuP50jo Thursday Afternoon Monday Morning Podcast 2-22-18
fBNMJ6G0ivE the Thursday Afternoon Monday Morning Podcast 6-8-17
fCWc5O7LLCQ Monday Morning Podcast 2-24-20
fIPikqWDaL4 Thursday Afternoon Monday Morning Podcast 2-21-19
fLAa5tS9f2g Thursday Afternoon Monday Morning Podcast 8-9-18
fVSwQfX2KZk Thursday Afternoon Monday Morning Podcast 6-13-19
fW4I7Rd9K9U Monday Morning Podcast 1-24-22
faTOnM1lyrw Thursday Afternoon Monday Morning Podcast 4-8-21
feCrMm6Ht60 Jared from Subway
fgtDdJkE3Dg The Monday Morning Podcast 12-22-16
fi_SWMB7D_g Thursday Afternoon Monday Morning Podcast 2-1-18
flwa-NmE_UU the Monday Morning Podcast 8-27-18
fp5an6nNqjs the Monday Morning Podcast 7-14-16
fxBU_JOyxww the Monday Morning Podcast 2-20-17
gN2Kiix4Wto Monday Morning Podcast 7-19-21
gNwg5qnpdcI The Thursday Afternoon Monday Morning Podcast 11-17-16
gTkgaADgZY4 the Monday Morning Podcast 2-8-16
gVgjUskt3J0 Thursday Afternoon Monday Morning Podcast 10-31-19
gXT237_Yyow Thursday Afternoon Monday Morning Podcast 9-20-18
gYEG28c5PTM Thursday Afternoon Monday Morning Podcast 4-1-21
ghdrqOtmxvA Thursday Afternoon Monday Morning Podcast 10-7-21
glviqzKOYEw the Monday Morning Podcast 1-29-18
gqSSiO5du3Q Monday Morning Podcast 6-7-21
gsmCs-iOeY8 Monday Morning Podcast 9-13-21
gsvcgJTIycY the Thursday Afternoon Monday Morning Podcast 3-30-17
h1s4g-Iuz8g Monday Morning Podcast 9-28-20
h7cxEiusWTA Monday Morning Podcast 12-9-19
hEHE4qWZ7oA Thursday Afternoon Monday Morning Podcast 11-4-21
hKK_Bs3Jb6I the Monday Morning Podcast 4-4-16
hKPrKJc9ymk Monday Morning Podcast 2-4-19
hKs4k_ULE90 Monday Morning Podcast 9-16-19
hWVTRAJ6djk the Thursday Afternoon Monday Morning Podcast 9-3-20
hWfL3LLNlas Bullying Woody
heD45kK116Y Thursday Afternoon Monday Morning Podcast 9-7-17
hlBS5Qc9gqA Monday Morning Podcast 3-9-20
hqfusOUAcwI Thursday Afternoon Monday Morning Podcast 4-11-19
hrBLuMZCjAo Thursday Afternoon Monday Morning Podcast 8-31-17
hrvn2yIGtpQ Monday Morning Podcast 11-19-18
iE8hdNu2Hx4 Thursday Afternoon Monday Morning Podcast 12-12-19
iSpxS9Drc8c Rose Bowl Flyover
iclvMV44Q2c The Monday Morning Podcast 11-24-16
idNGP-f-3s4 Monday Morning Podcast 12-13-21
igGi30XpRRM Thursday Afternoon Monday Morning Podcast 11-19-20
ilt5ka5YPfw the Monday Morning Podcast 3-26-18
io3iVx53L2s Thursday Afternoon Monday Morning Podcast 8-1-19
iq-4zjRmFPI Monday Morning Podcast 3-18-19
ivvYCDWr-dE Thursday Afternoon Monday Morning Podcast 2-20-20
j28G000yP4Y Thursday Afternoon Monday Morning Podcast 11-18-21
j5cfJT7kCbA Monday Morning Podcast 1-21-19
jAaUSMFjacU Monday Morning Podcast 10-5-20
jEDJgkrDKds Monday Morning Podcast 2-21-22
jc6KGY0Riqw the Monday Morning Podcast 7-7-16
jcL8mJBwSBk Thursday Afternoon Monday Morning Podcast 7-5-19
jdE9tZMs8rk Thursday Afternoon Monday Morning Podcast 5-30-19
ji7kaz9uUow Thursday Afternoon Monday Morning Podcast 12-26-19
jtE0_aQAcgk the Monday Morning Podcast 6-30-16
k4m94tS5Ld4 the Thursday Afternoon Monday Morning Podcast 4-27-17
kC8ix9_A65c Thursday Afternoon Monday Morning Podcast 10-18-18
kL3yn8N6nwY Thursday Afternoon Monday Morning Podcast 11-2-17
kNE6WPfJX04 the Monday Morning Podcast 10-23-17
kTOZP08jXlw Monday Morning Podcast 2-26-18
kZSzJo7bft0 Thursday Afternoon Monday Morning Podcast 7-29-21
keep9k5ZvuE Thursday Afternoon Monday Morning Podcast 11-1-18
kgFI5WqHtjY the Monday Morning Podcast 3-21-16
khApcDYZAJk Monday Morning Podcast 11-8-21
knNEsOEZv-s Thursday Afternoon Monday Morning Podcast 7-22-21
l1R0U0RM3lo the Monday Morning Podcast 5-8-17
lAf0xmT5__A Thursday Afternoon Monday Morning Podcast 4-9-20
lFvYbCq9EeI Monday Morning Podcast 12-3-18
lbwycWJEnfM Bill Burr - The Monday Morning Podcast:  Manning, An Education
lueJZ7T2Qhw Bill Burr | Five Cities - Part III:  London
mAgNcpQ0eLY Monday Morning Podcast 5-4-20
mV2Mk5hmUeY Monday Morning Podcast 1-3-22
mWmWGtfJQUw Monday Morning Podcast 5-10-21
mf4qBohrX4g the Monday Morning Podcast 2-22-16
mgD0ZDUUywY Monday Morning Podcast 6-24-19
mj7t7Hd-dE0 The Monday Morning Podcast 12-26-16
mlZr4Al7Giw Exotic Pets
msCghjIei1o the Thursday Afternoon Monday Morning Podcast 12-10-20 w. Kevin Bacon
msr7nlQbjwQ Thursday Afternoon Monday Morning Podcast 12-16-21
myB2-n8In4g the Monday Morning Podcast 6-27-16
n9YKdv--cmY Westbury Theater
nGUXrK42Kak Thursday Afternoon Monday Morning Podcast 2-2-22
nLHnZ9QYrrw Thursday Afternoon Monday Morning Podcast 6-25-20
nLKlrciXAXI Thursday Afternoon Monday Morning Podcast 12-20-18
nT0CMeXw_L0 the Monday Morning Podcast 11-20-17
nWbfJRhgwg0 Thursday Afternoon Monday Morning Podcast 2-14-19
ncLh30UV7ks Thursday Afternoon Monday Morning Podcast 3-4-21
ndzsyOWGMNI Monday Morning Podcast 8-19-19
nhrYRRHZXUA Thursday Afternoon Monday Morning Podcast 8-22-19
nhykD_Jobrc Monday Morning Podcast 10-29-18
nm98rLElSEc the Monday Morning Podcast 6-20-16
nvARV6N5Bn0 the Monday Morning Podcast 6-4-18
nvNVRnUwWwI Monday Morning Podcast 4-15-19
nxMzjhfIQWM Thursday Afternoon Monday Morning Podcast 6-20-19
oFnSzez_K9E Thursday Afternoon Monday Morning Podcast 6-17-21
oLBjrDCFAdk Monday Morning Podcast 6-15-20
oLjGV_rjJ_Y Thursday Afternoon Monday Morning Podcast 7-18-19
oNGwejU9K7c Thursday Afternoon Monday Morning Podcast 12-21-17
oRqiRTPYIMQ the Monday Morning Podcast 1-22-18
oX-FhwD1064 Thursday Afternoon Monday Morning Podcast 10-10-19
obNUNIhRS3s Monday Morning Podcast 10-19-20
ojm4lRnGBHI Monday Morning Podcast 7-29-19
olD5A3JK-KQ Monday Morning Podcast 9-7-20
oyS5OBGdqks the Monday Morning Podcast 5-12-16
p-hM8yp2mcw Thursday Afternoon Monday Morning Podcast 4-26-18
p8-MRExZLxM the Monday Morning Podcast 1-7-16
pCYHpiNDWyQ the Monday Morning Podcast 5-26-16
pCy3EwFnUIg the Monday Morning Podcast 5-30-16
pLefDMOCDBE Highway to Hell
pVHXJETuZqQ Reykjavik, Iceland
ploEKy8xj40 Monday Morning Podcast 2-17-20
pxB7CRRHiHs the Monday Morning Podcast 3-12-18
q7fHJ01EQ7U Thursday Afternoon Monday Morning Podcast 10-24-19
qAwp-uWnjiE Dentist Kills Lion
qF_NvxJJ5L0 Monday Morning Podcast 11-18-19
qPJqsFs1kwI Thursday Afternoon Monday Morning Podcast 10-29-20
qQEYr8st_OE Cage vs Cons
qaaCdWbQJww Thursday Afternoon Monday Morning Podcast 7-30-20
qb4JJG2a2-Y the Monday Morning Podcast 10-30-17
qe0qRXuVcLE the Monday Morning Podcast 4-28-17
qgmpo7f74Mk Thursday Afternoon Monday Morning Podcast 8-8-19
qi6h1zqRcyM the Monday Morning Podcast 9-25-17
qkd5z8FfmII The First Monday Morning Podcast 5-1-07
qlIzchV3Rmw Monday Morning Podcast 7-1-19
qt9ITfdsbYE Thursday Afternoon Monday Morning Podcast 10-21-21
qwQs3zOW2sY Bill's NYC Rant on Toucher and Rich WBCN Boston
qyC0aVOqF7A Thursday Afternoon Monday Morning Podcast 10-19-17
r1AIbTFIq6M Bill Burr - On Sunset
r31gDPa9tZg Thursday Afternoon Monday Morning Podcast 1-7-21
r4WQal7L2Cw Bill Burr MMP One-Shot - One-Punch Man
r80VNXwcyNw Monday Morning Podcast 8-31-20
rBMryYBkNv0 the Monday Morning Podcast 6-23-16
rEB2G8PPdv4 Thursday Afternoon Monday Morning Podcast 2-4-21
rG5q8mTAGXI The Monday Morning Podcast 12-5-16
rIEj0VXheMM the Monday Morning Podcast 5-29-17
rLNQRSwIZEI Monday Morning Podcast 6-28-21
rQDMc3lOK6M the Monday Morning Podcast 6-18-18
rX39i37wzqY Monday Morning Podcast 3-2-20
rcKXJlBaZLU Monday Morning Podcast 4-27-20
rcTG6F9TGyw Bank Fees
rgOY-YDofkA the Monday Morning Podcast 6-5-17
rmoMyIYXwos the Thursday Afternoon Monday Morning Podcast 4-20-17
rn67xSHemvM Monday Morning Podcast 1-4-21
rspU6OOjiAU Monday Morning Podcast 8-10-20
rt9LK4aEMPc Monday Morning Podcast 2-11-19
rtlSFW-9yjw Dirt Biking
ruEYo7iXqww Monday Morning Podcast 3-8-21
rwQAPIPDlM4 Helsinki, Finland
ry5sCd5tG3A Wrongfully Accused Man's Ex-Wife Wants Settlement Monday
s06hKFDKhS4 The Monday Morning Podcast 11-21-16
s3fwl6ej0q0 Thursday Afternoon Monday Morning Podcast 7-5-18
s7oM3sVpTl4 the Monday Morning Podcast 8-28-17
sDskzjQFngM the Monday Morning Podcast 4-16-18
sL9zIxpGDvA Thursday Afternoon Monday Morning Podcast 4-25-19
sc1ij8sSvHY Monday Morning Podcast 2-18-19
sdAeilsiL70 the Monday Morning Podcast 4-30-18
sgzM8AMOJW8 Monday Morning Podcast 5-24-21
shOcrNuk3-Q the Monday Morning Podcast 6-2-16
spyOkihUT1s Thursday Afternoon Monday Morning Podcast 3-1-18
tD_ljQx7vrM Thursday Afternoon Monday Morning Podcast 12-25-20
tEXeb80_gtk Monday Morning Podcast 3-29-22
tpCHjauokTc The Thursday Afternoon Monday Morning Podcast 3-23-17
tzHI1nDiSXQ Monday Morning Podcast 2-28-22
u-jCVDtgtFk Thursday Afternoon Monday Morning Podcast 11-16-17
u0LLKJKljgA Monday Morning Podcast 7-8-19
u5mZtuz7y6s Monday Morning Podcast 7-27-20
uFbiK7CSzpc Monday Morning Podcast 12-31-18
uMHyWyFcs14 the Thursday Afternoon Monday Morning Podcast 12-8-16
ubJiVvV999c Thursday Afternoon Monday Morning Podcast 6-28-18
ujNV1pPh8DU Bill Burr | Five Cities - Part II: Glasgow, Birmingham & Manchester
uuzBEFbFLzk Monday Morning Podcast 5-11-20
v5G6WO4iHVw Thursday Afternoon Monday Morning Podcast 6-18-20
v5pTz9wsD1A Thursday Afternoon Monday Morning Podcast 2-25-21
vDoqZVH60C0 Thursday Afternoon Monday Morning Podcast 7-15-21
vG-Bz7PSNWA Monday Morning Podcast 12-2-19
vJ10U_1uGY4 Thursday Afternoon Monday Morning Podcast 9-27-18
vJSJy6hyDw4 Thursday Afternoon Monday Morning Podcast 6-27-19
vNyj0WTNtjs The Monday Morning Podcast 10-31-16
vULhavQI6w4 Monday Morning Podcast 1-6-20
vYwhlD9zRxA Bill Burr - Great Old Man Moment
vohfqYrrGPE Thursday Afternoon Monday Morning Podcast 2-11-21
vq9zTiYzBlQ Monday Morning Podcast 11-25-19
vrDnYVfahMo Thursday Afternoon Monday Morning Podcast 12-23-21 w. @jimgaffigan PART II
vvcAsKSU81k Thursday Afternoon Monday Morning Podcast 6-24-21
w8-HSAKHljw the Monday Morning Podcast 6-29-20 | Live at the Troubadour
wAZTiN0Dwbs the Monday Morning Podcast 1-9-17
wAyKOXaCj0c The Monday Morning Podcast 11-27-16
wB8HSLq0us8 Monday Morning Podcast 1-13-20
wBe6aOBqtAk Thursday Afternoon Monday Morning Podcast 4-15-21
wHpCnfJ2bYU Thursday Afternoon Monday Morning Podcast 1-10-19
wIiw9vyHwXA Monday Morning Podcast 12-7-20
wQooN6IrBRM Monday Morning Podcast 3-7-22
wiaTKFSS0V0 Monday Morning Podcast 9-6-21
wrKUicsZGi0 Thursday Afternoon Monday Morning Podcast 11-7-19
wtXOZqdOQfE the Monday Morning Podcast 8-21-17
wvRGPYOXtTo Thursday Afternoon Monday Morning Podcast 7-9-20
x-bD1pDAoW4 NFL Pregame
x4Pl9j3sSUs the Monday Morning Podcast 5-5-16
x6I7EgIUDl4 Thursday Afternoon Monday Morning Podcast 9-10-20
xCrucyM9jmQ Monday Morning Podcast 5-17-21
xD8jODRJY14 Thursday Afternoon Monday Morning Podcast 2-15-18
xEAMPn7PorI Monday Morning Podcast 3-21-22
xa5PkEurMb4 Thursday Afternoon Monday Morning Podcast 7-16-20
xmgZYIFTcks Thursday Afternoon Monday Morning Podcast 1-13-22
xoOxRIp6Wl0 the Monday Morning Podcast 1-25-16
y02b8Sn0O6E the Monday Morning Podcast 5-1-17
y1hW66ZHHbA Thursday Afternoon Monday Morning Podcast 5-10-18
y2sIaweX-oA the Monday Morning Podcast 3-31-16
y4s6b57UB3E the Monday Morning Podcast 7-28-16
y92in_9wOh4 Thursday Afternoon Monday Morning Podcast 1-16-20
yKWtmDj_bpA Thursday Afternoon Monday Morning Podcast 9-13-18
yNOat6uliDo the Monday Morning Podcast 7-16-18
yXA8z8fowf8 Bill Burr: The State of New York Sports Rant
yeoMKOKeia0 the Monday Morning Podcast 5-15-17
yjOIc99Y1u4 Monday Morning Podcast 3-4-19
ykwRX2gcdEs Monday Morning Podcast 2-22-21
ylVH11O6n6o Monday Morning Podcast 3-14-22
yldWx2TyAZM Monday Morning Podcast 4-22-19
ymQg-22PcPw the Monday Morning Podcast 4-2-18
yom0YtfBUYA Thursday Afternoon Monday Morning Podcast 4-5-18
yqzRzOVl-gk the Monday Morning Podcast 7-31-17
zBY_a4stxVE the Monday Morning Podcast 6-26-17
zd5Ec_Iv_E0 Monday Morning Podcast 3-29-21
zdQd7hVaoxI Thursday Afternoon Monday Morning Podcast 8-6-20
zhOrI47eAfY The Monday Morning Podcast 12-12-16
ztk7kOuPq2g Bill Burr | the Monday Morning Podcast Live 10-26-18
zxW1F6gIl3Q Thursday Afternoon Monday Morning Podcast 10-12-17
