-EH0bssxPQg Your Questions Answered - Bret and Heather 3rd LiveStream: Bats, Bio-Weapons and Societal Response
-qA0wZD0iPw No Exceptions: A Story of Medical Tyranny in Australia
-rWHfo8TDwg Your Questions Answered - Bret and Heather 27th DarkHorse Podcast Livestream
-tU7rlNBt-Y DarkHorse Podcast with Brendan O'Neill and Bret Weinstein
-zg1j7Zquoc Covid: The Path not Taken - DarkHorse Podcast with Dr. Peter McCullough
0IG-PKbrW1M Bret and Heather 98th DarkHorse Podcast Livestream: Everybody's a Critic
0ToP75eTKGQ Bret and Heather 68th DarkHorse Podcast Livestream: Drunk Without Power - or - Is That a Fact?
0VtiU9bWAVw Bret and Heather 77th DarkHorse Podcast Livestream: How Facts are Made
0ehKZjR7F0g Supply and Demandate: Bret Speaks with Dr. Julie Ponesse
0t85DTC44JE Bret and Heather 38th DarkHorse Podcast Livestream: Adventures in Sneetch World
13ZrAs7o8wY Bret and Heather 70th DarkHorse Podcast Livestream: Loose The Seuss
1TN_Ig8sjxc Intelligence, Wisdom and Evolution by Bret Weinstein
26q3uImFgkg Your Questions Answered - Bret and Heather 53rd DarkHorse Podcast Livestream
2CInP2004U4 Bret and Heather 85th DarkHorse Podcast Livestream
2IOOLGxj4z4 DarkHorse Podcast with Greg Lukianoff and Bret Weinstein
2bo0Ur3XJ8Y Bret and Heather 95th DarkHorse Podcast Livestream: Collective Consciousness
2pW8AFz-wf0 Bret and Heather 33rd DarkHorse Podcast Livestream: Ponzi Memes & Tyranny of the Minority
33Ftipn4fyI Is sociopathy a misdirected adaptation? by Bret Weinstein
3FhEvyccrIY What Anarchists Want: Clip From Episode #21 DarkHorse Podcast Livestream
3K7iMpZHMNQ Your Questions Answered - Bret and Heather 12th DarkHorse Podcast Livestream
3uupK7DpXJ4 Your Questions Answered - Bret and Heather 72nd DarkHorse Podcast Livestream
3z8zALGBuFU The Evolutionist Channel Intro (Bret Weinstein)
4TUHolnNbas Your Questions Answered - Bret and Heather 115th DarkHorse Podcast Livestream
4TmUry4Q5nE Your Questions Answered - Bret and Heather 112th DarkHorse Podcast Livestream
4Z5UV_aJTBo Your Questions Answered - Bret Weinstein and Yuri Deigin DarkHorse Podcast Livestream
4c2YZykOyO8 Your Questions Answered - Bret and Heather 89th DarkHorse Podcast Livestream
5Rbl8PGUxow Bret and Heather 100th DarkHorse Podcast Livestream: The Demolition of Dissent
61l6sZqA_Ac Bret and Heather 15th DarkHorse Podcast Livestream: Explorer Modes and the Lab Hypothesis
6jpP35aBX4A The Unmaking of the Canadian Constitution: Bret Speaks with Brian Peckford
7GyGskhOpRY Bret and Heather 7th DarkHorse Podcast Livestream: Smoking and Other Essentials
7IO8DZp9NFk Bret and Heather 20th DarkHorse Podcast Livestream: The Plague of Certainty
7V5VongCNE4 The Phenomenon of Left and Right | Bret Weinstein
7m1PcdeS-p8 Your Questions Answered - Bret and Heather 109th DarkHorse Podcast Livestream
8EURFK3PAMg Bret and Heather 89th DarkHorse Podcast Livestream: Transcendental Medication
8L9uFRAvrGI DarkHorse Podcast with Irshad Manji & Bret Weinstein
8LFkWiNP1wQ Vitamin D for Covid, What’s the Catch? - DarkHorse Podcast Gruff Davies and Linda Benskin
8nUC62gQ7U0 Bret 19th DarkHorse Podcast Livestream: Our Descent Into Madness and What to do About it
9d33M8IWz2E Bret and Heather 37th DarkHorse Podcast Livestream: Compelled Speech is Never Compelling
9v_Y6aIefzM Your Questions Answered - Bret and Heather 111th DarkHorse Podcast Livestream
A3OgiD9Dktc Your Questions Answered - Bret and Heather 100th DarkHorse Podcast Livestream
AXM7qmMStUU Your Questions Answered - Bret and Heather 58th DarkHorse Podcast Livestream
AtYqyzHJOdA Bret and Heather 93rd DarkHorse Podcast Livestream: School of Rocks
B-U95sRfCKU Bret and Heather 34th DarkHorse Podcast Livestream: Portland & Covid: What the Hell?
BNyAovuUxro DarkHorse Podcast with Geert Vanden Bossche & Bret Weinstein
BXPVe-YHDzo Unity Campfire #1: Bret and Eric Weinstein 08/05/20
BgQhsY1FqmU Bret and Heather 74th DarkHorse Podcast Livestream: Nothing to Ad
Bh0kauv1lGo Unity Campfire #3: Bret Weinstein with Dan Crenshaw 08/19/20
BjhKOuUauzU DarkHorse Podcast with Greg Ellis and Bret Weinstein
Bms73q7I0FA Your Questions Answered - Bret and Heather 28th DarkHorse Podcast Livestream
BpmhVO7FjuY Your Questions Answered - Bret and Heather 20th DarkHorse Podcast Livestream
BydB_mEbAig Your Questions Answered - Bret and Heather 101st DarkHorse Podcast Livestream
C3ir2OVWj20 Bret and Heather 23rd DarkHorse Podcast Livestream: Truth in the Time of CHAZ
CLHdY5Cyf58 The Path to an Excellent World
CS3w9zOGvmw Your Questions Answered - Bret and Heather 62nd DarkHorse Podcast Livestream
CZk6yLF__Es Your Questions Answered - Bret and Heather 67th DarkHorse Podcast Livestream
Cajzi2Fubj0 Is there a \
D0YJz62Bi18 Bret and Heather 41st DarkHorse Podcast Livestream: When They Come for You
D4Vp5JeW4uU Your Questions Answered - Bret and Heather 16th DarkHorse Podcast Livestream
DDPitL15EVk Sympathy and Empathy: An Evolutionary Perspective
D_0yqXe-zQI Bret and Heather 8th DarkHorse Podcast Livestream: The Stealth Ecology of SARS-CoV2
DaeKOUvfhUg Bret and Heather 96th DarkHorse Podcast Livestream: Finding the Fourth Frontier
DtdOhBoZfNg A four part test for adaptation
Dz1-fKV7ezM Why do plants make medicine?
E7LMSZ2xsRs DarkHorse Podcast with Douglas Murray & Bret Weinstein: View from an Outpost of the American Empire
EsBvI9oSD1g PersonalResponsibilityVortex
F-nOzjMUYWc Bret and Heather 25th DarkHorse Podcast Livestream: Kafka Traps; White Fragility and #BLM
FEOnzUyMwPo Your Questions Answered - Bret and Heather 42nd DarkHorse Podcast Livestream
FKtsx0fZzzQ Bret and Heather 10th DarkHorse Podcast Livestream: SARS-CoV2--Unintelligent Design?
FVtCZlCH0qM Your Questions Answered - Bret and Heather 38th DarkHorse Podcast Livestream
FfTR9jkxCxs Your Questions Answered - Bret and Heather 31st DarkHorse Podcast Livestream
FsLJnTqipN8 Your Questions Answered - Bret and Heather 57th DarkHorse Podcast Livestream
FyvdASZE-4c Bret and Heather 97th DarkHorse Podcast Livestream: Lift Off!
G4ll-gStDKw Your Questions Answered - Bret and Heather 22nd DarkHorse Podcast Livestream
G8a13Lgi8L8 Your Questions Answered - Bret and Heather 5th DarkHorse Live Stream
GGrKDPKCyvY Bret and Heather 47th DarkHorse Podcast Livestream: Butler Did It
GTP_u1ax4yU Your Questions Answered - Bret and Heather 14th DarkHorse Podcast Livestream
HHl6NzH7p7g Unity Campfire #6: Bret Weinstein with Jesse Ventura 08/29/20
HUxwjdHEU1c Bret on Crocodile Love (from January Patreon Q&A)
HWYcnK1GzGU Bret and Heather 51st DarkHorse Podcast Livestream: Facebook, Twitter, & Evolving Door Politics
HcNEs6zHGnc Bret and Heather 118th DarkHorse Podcast Livestream:
HiwU20fxF1o Bret Weinstein on Trump Impeachment with John Wood Jr.
I1XYp9W76ic Bret Weinstein and Zuby: How the U.S. Looks From Outside
IDMcZbVdHh4 Your Questions Answered - Bret and Heather 90th DarkHorse Podcast Livestream
IfT_APUnp30 DarkHorse Podcast with Nancy Rommelmann and Bret Weinstein
JXuqAoPk_ac Bret and Heather 49th DarkHorse Podcast Livestream: Political Compass, Lies, the Authoritarian Right
JYpPu-NrYSI Bret Weinstein and Mike Mew: The Roots of Evolutionary Dentistry
JZ5iWpoN89k Bret and Heather 53rd DarkHorse Podcast Livestream: Biden, Trump: A Case of Electile Dysfunction
K2yOM2MlOxY Bret and Heather 72nd DarkHorse Podcast Livestream: Dogs, Frogs, and Viral Analogs
KGOUdjjDTbQ What do bowerbirds want?
KSWu6DUFFt4 Bret and Heather 88th DarkHorse Podcast Livestream: How Bread got Broken
KfbBvvPVFdw Bret and Heather 61st DarkHorse Podcast Livestream: If Covid Policy Were Rational
KhWapUeBMz0 Your Questions Answered - Bret and Heather 93rd DarkHorse Podcast Livestream
Knmy7RttHx4 Douglas Murray | Bret Weinstein's DarkHorse Podcast #5
L7qqdxlra4Y What's Your Purpose: Bret Weinstein's Evolutionary Answer
LJ7Nsc_Sqnk The Evolutionary Meaning of Grief
LRKS7Gu6bBw Your Questions Answered - Bret and Heather 88th DarkHorse Podcast Livestream
LULBpCAI_jo Bret and Heather 114th DarkHorse Podcast Livestream: The Truman Roundabout
LmaUckTX4yQ Your Questions Answered - Bret and Heather 116th DarkHorse Podcast Livestream
LoaKtBMk53Y Bret and Heather 81st DarkHorse Podcast Livestream: Permission to Think
M0JzJKqtWr8 Bret and Heather 17th DarkHorse Podcast Livestream: Evergreen, 3 Years Post Meltdown
MQV8uGfKM-g Your Questions Answered - Bret and Heather 118th DarkHorse Podcast Livestream
MQvobuU8MN4 Bret and Heather 60th DarkHorse Podcast Livestream: Do Not Eat!
MVobVErC_q8 Bret and Heather 108th DarkHorse Podcast Livestream: Books that Stand up to Lockdown
MpTb2ybqfPU Biological Senescence | Bret Weinstein
MwcW6TB327w Your Questions Answered - Bret and Heather 79th DarkHorse Podcast Livestream
N9ZXBsSkYLE Your Questions Answered - Bret and Heather 80th DarkHorse Podcast Livestream
NIOycjlVc5k Bret and Heather 104th DarkHorse Podcast Livestream: Locusts of Control
NSTFmtCAJFc Bret & Heather DarkHorse Podcast Livestream 59: 2020 Jumped the Shark But Will We Stick the Landing?
NYOpn7eDImE Your Questions Answered - Bret and Heather 74th DarkHorse Podcast Livestream
Nfhg1PcTync Bret and Heather 115th DarkHorse Podcast Livestream: Don’t Say Anything at all
NhHPQpNv88k Your Questions Answered - Bret and Heather 11th DarkHorse Podcast Livestream
O55mvoZbz4Y Jordan Peterson is Back!  -  Bret Weinstein's DarkHorse Podcast
OaMB_U46iCw Your Questions Answered - Bret and Heather 18th DarkHorse Podcast Livestream
OicBlnHB9jk Your Questions Answered - Bret and Heather 13th DarkHorse Podcast Livestream
OjELREOrtDc Katie Herzog | Bret Weinstein's DarkHorse Podcast #6
OjEt7iMJlVM Bret and Heather 21st DarkHorse Podcast Livestream: Avoiding Civil War
P-AeVFKyWfc Your Questions Answered - Bret and Heather 114th DarkHorse Podcast Livestream
PFWj-IWQ2G0 The Paradox of Headaches by Bret Weinstein
PURErKL01bE Your Questions Answered - Bret and Heather 48th DarkHorse Podcast Livestream
Pj4q1hkImIQ Your Questions Answered - Bret and Heather 87th DarkHorse Podcast Livestream
PlSyt7EjmrE Bret and Heather 78th DarkHorse Podcast Livestream: The Good People Game
PqjbvBa3XIQ Bret and Heather 94th DarkHorse Podcast Livestream: Is it Later Than We Think?
PsAuBn9UQWM Bret and Heather 92nd DarkHorse Podcast Livestream: The Blankest Slate
PwSkHHi-Gx8 Bret and Heather 90th DarkHorse Podcast Livestream: Weave Well Enough Alone
QDxhs0I6_MY Your Questions Answered - Bret and Heather 25th DarkHorse Podcast Livestream
QGC5N15khX4 Bret and Heather 45th DarkHorse Podcast Livestream: Smoked
QsUvr8s0qEk Bret and Heather 87th DarkHorse Podcast Livestream: We Must Drive this Virus to Extinction
QvljruLDhxY Bret and Heather 16th DarkHorse Podcast Livestream: Meaning, Notions, & Scientific Commotions
R5pxFfNmVmU Your Questions Answered - Bret and Heather 106th DarkHorse Podcast Livestream
RG0GAYe8498 Bret and Heather 52nd DarkHorse Podcast Livestream: The U.S., Portland, & the Ghost of Racism Past
RGvI0O82fF0 Steven Crowder & Big Tech Influence on Free Speech | Bret Weinstein
RYfN9LKhBvk Your Questions Answered - Bret and Heather 113th DarkHorse Podcast Livestream
Rc-32mcZOzI Bret and Heather 69th DarkHorse Podcast Livestream: Evolution of Power
RfNqk1bp8RQ Bret and Heather 106th DarkHorse Podcast Livestream: Freeing Ourselves from the Medically Woke
RoRm2U5AV_0 Bret and Heather 24th DarkHorse Podcast Livestream: “The sun inexorably rises and sets”
S1sJgjG5AF4 Speak of the Devil: How Demonizing \
SBSK7-QOY6w Your Questions Answered - Bret and Heather 54th DarkHorse Podcast Livestream
Sg4hKX4obnk Bret and Heather 36th DarkHorse Podcast Livestream: Doing the Math on Sensemaking
Si1t-gtkG0g Your Questions Answered - Bret and Heather 44th DarkHorse Podcast Livestream
SnEiCeSUliU Your Questions Answered - Bret and Heather 37th DarkHorse Podcast Livestream
T9E3fRIZykA Bret and Heather 44th DarkHorse Podcast Livestream: The West, Enflamed
TCSMILQPBs4 Unity Campfire #5: Bret Weinstein with Greg Ellis and Elisabeth Sweet 08/26/20
TCawvThMpAc Your Questions Answered - Bret and Heather 23rd DarkHorse Podcast Livestream
TStNdHrabCo Bret and Heather 39th DarkHorse Podcast Livestream: Being an Anti-Racist
TYpSmO8cUDc John Wood Jr. of Better Angels | Bret Weinstein's DarkHorse Podcast #4
TmjIv4qcLFE Your Questions Answered - Bret and Heather 75th DarkHorse Podcast Livestream
UpfDqJ79DyQ Bret and Heather 109th DarkHorse Podcast Livestream: Humanity Unmasked
UsJhDdm-kcM Your Questions Answered - Bret and Heather 8th DarkHorse Podcast Livestream
V-hwPkphk-0 Explorer Modes - The Most Interesting Unanswered Question in Evolutionary Biology | Bret Weinstein
V9vpm9LhTzg Your Questions Answered - Bret and Heather 94th DarkHorse Podcast Livestream
VYXrMPFDTS8 Your Questions Answered - Bret and Heather 21st DarkHorse Podcast Livestream
VaX10PSJVkM Your Questions Answered - Bret and Heather 43rd DarkHorse Podcast Livestream
VepV6sM5Sw4 DarkHorse Podcast with Jeremy Lee Quinn & Bret Weinstein
VerirOAHgUU Bret and Heather 65th DarkHorse Podcast Livestream: Because Science
WIC3sx4F2Qg Your Questions Answered - Bret and Heather 65th DarkHorse Podcast Livestream
WMqwMptiBfo Bret and Heather 112th DarkHorse Podcast Livestream: The Scramble to Protect the Elites
WND2zxtEpkc Bret and Heather 28th DarkHorse Podcast Livestream: A Republic, if You Can Save It
WUd32snoBIc Is being humble a virtue?
WVDH3dUUbKo Bret and Heather 48th DarkHorse Podcast Livestream: Give Everybody Eat!
WozTbBN7aoU Heather Heying speaks at the US Department of Justice on Free Speech on College Campuses
XJlWwj9IKzA Your Questions Answered - Bret and Heather 7th DarkHorse Livestream: Smoking and Other Esentials
XTdnMtP7mgc Bret and Heather 56th DarkHorse Podcast Livestream: Your Algorithm's No Good Here
X_iJaExg2_4 Why do we mass medicate with fluoride in our tap water? (from February Patreon Q&A)
XjOg-OP_69Y Bret Weinstein and Eric Weinstein: Fundamental Truth and How to Think About it
Y-FOCZVLTaw Bret Weinstein and John McWhorter: George Floyd Protests and Race in America
Y6Yjx3Irm8w Your Questions Answered - Bret and Heather 39th DarkHorse Podcast Livestream
YIUkiObMGZY Bret and Heather 32nd DarkHorse Podcast Livestream: What's Going on in Portland?
YPJug0s2u4w DarkHorse Podcast with Daniel Schmachtenberger & Bret Weinstein
YTNEcQHIHV4 Your Questions Answered - Bret and Heather 64th DarkHorse Podcast Livestream
YZaFb0c4YbE Your Questions Answered - Bret and Heather 51st DarkHorse Podcast Livestream
YZp6FzOU1zc Your Questions Answered - Bret and Heather 41st DarkHorse Podcast Livestream
YeUOvxX-zLI Unity Campfire #2: Bret Weinstein with John Wood Jr. and Nate Boyer 08/12/20
YpmaGWAfpwo Bret and Heather 12th DarkHorse Podcast Livestream: Is this the Event Horizon?
YrfL6fRW150 Bret and Heather 121st DarkHorse Podcast Livestream:
Z9BmrrZ7tXI Your Questions Answered - Bret and Heather 35th DarkHorse Podcast Livestream
ZTJLA3A18Qc Bret and Heather 57th DarkHorse Podcast Livestream: Big Game, and the Women Who Hunted It
ZVpKUyXpOrg Mike Nayna | Bret Weinstein's DarkHorse Podcast #7
ZrXP-0gWiXI Unity 2020   Yes, We Know It's Crazy
Zy0gt66WUyo Your Questions Answered - Bret and Heather 63rd DarkHorse Podcast Livestream
ZzRotfTJPcs Bret and Heather 27th DarkHorse Podcast Livestream: Brave New Policies for a Brave New World
_1cW717jiEc DarkHorse Podcast with Iona Italia & Bret Weinstein
_Rdrfh1Snjs Bret and Heather 30th DarkHorse Podcast Livestream: Is it Safe to Go Back to School
a4VnZ8j_xBQ Bret and Heather 42nd DarkHorse Podcast Livestream: Oregon Failure
a66PZpSrWMQ The Fermi Paradox | Bret Weinstein
a7wWmzmBw6I Your Questions Answered - Bret and Heather 76th DarkHorse Podcast Livestream
aC4u1zo6OpQ Andy Ngo discusses Antifa attacks with Bret Weinstein | DarkHorse Podcast #1
aOT6nzzKrO8 Bret Speaks with Chris Martenson - Collapse of the Public Health Narrative, & the Gathering Storm
aVHrNPD3n9A Your Questions Answered - Bret and Heather 55th DarkHorse Podcast Livestream
aWjR7eksV2w Your Questions Answered - Bret and Heather 29th DarkHorse Podcast Livestream
apVXI-kYNpc Bret and Heather 91st DarkHorse Podcast Livestream: The Fog Machine of War
avqYqLCDRFQ Your Questions Answered - Bret and Heather 70th DarkHorse Podcast Livestream
b4H-0S89pxU Bret Weinstein Introduces the Unity 2020 Plan on Tucker Carlson Tonight - Jun 29, 2020
bIAeUxufZvw Richard Dawkins and Bret Weinstein: Upcoming Chicago Event
bILzAIWZEkc Your Questions Answered - Bret and Heather 73rd DarkHorse Podcast Livestream
bU63lsHA0y0 Bret and Heather 79th DarkHorse Podcast Livestream: #NotAllMice
bkLhBtjzIkU Bret and Heather 120th DarkHorse Podcast Livestream: What is a Woman?
boWTUtKnDVc Your Questions Answered - Bret and Heather 15th DarkHorse Podcast Livestream
bsNfjGVrZOA Your Questions Answered - Bret and Heather 92nd DarkHorse Podcast Livestream
bxxteTPu_Dc Your Questions Answered - Bret and Heather 33rd DarkHorse Podcast Livestream
bz0oxIZ3xIg Bret Weinstein, How the Magic Trick is Done
dDq4XwG19ak Chloé Valdary of Theory of Enchantment Bret Weinstein | DarkHorse Podcast #3
dEcu04Setns Bret and Heather 110th DarkHorse Podcast Livestream: Informed Dissent
dF12Kvfl0Uo Your Questions Answered - Bret and Heather 78th DarkHorse Podcast Livestream
dO1apSeMBFE Bret and Heather 113th DarkHorse Podcast Livestream: The Wrong Side of History
dOxx9JNZFLs Bret and Heather 67th DarkHorse Podcast Livestream: What the W.H.O?
drF00Fsr7H8 Bret and Heather 29th DarkHorse Podcast Livestream: Unity Vs. Division - Only One Way Forward
e6_8W4E0W1w Science is Open Mic Night - With Eric Weinstein - Bret and Heather 22nd DarkHorse Podcast Livestream
eDaoi2u7Tmo Bret and Heather 116th DarkHorse Podcast Livestream: Selling out the West
eJlwj2OKbbY Bret's First Principle Of Science
eSvtGz6LjN8 Let Loose the Seuss! - A Poem by Dr. Weinsteinium
efeNhBYYjgw Bret and Heather 75th DarkHorse Podcast Livestream: Stop Disrupting Childhood
eoXS6rFexpg Your Questions Answered - Bret and Heather 104th DarkHorse Podcast Livestream
fNuv9egD45k Bret Speaks with Alex Antic - The State of Liberty Down Under
fRyEdcuHTH0 Bret and Heather 105th DarkHorse Podcast Livestream: State Lies Coming Across
fSVYU5evaDA Bret and Heather 102nd DarkHorse Podcast Livestream: Check Your Latitude at the Door
g0UkpC4B4_A Your Questions Answered - Bret and Heather 117th DarkHorse Podcast Livestream
gd6S73Hcws4 Bret Weinstein: Evergreen, Project Veritas, & Censorship with Benjamin Boyce
gheCV8LxxOA Your Questions Answered - Bret and Heather 40th DarkHorse Podcast Livestream
h0n6Q0o-bVg Bret and Heather 22nd DarkHorse Podcast Livestream: Don't #ShutDownSTEM
hAutXNjqbNY Bret and Heather 46th DarkHorse Podcast Livestream: RBG, Scalia, and the Court Supreme
hQM7CCYW4x8 Your Questions Answered - Bret and Heather 108th DarkHorse Podcast Livestream
he0Z9dgI3BQ Bret and Heather 40th DarkHorse Podcast Livestream: Out of Your House & Into the Street (Or Else)
hpTJviIhctU Your Questions Answered - Bret and Heather 102nd DarkHorse Podcast Livestream
i8jl-t_Er_4 Your Questions Answered - Bret and Heather 97th DarkHorse Podcast Livestream
iA1prHknP0I Bret and Heather 76th DarkHorse Podcast Livestream: Too Dumb For Fiction
iOd0hnmFR3c Sex: An Evolutionary Perspective | Bret Weinstein & Heather Heying
id6AqKIxd94 Sam Harris | Bret Weinstein's DarkHorse Podcast #8
ifPjaVL_1yw Bret and Heather 58th DarkHorse Podcast Livestream: A Vaccine Like No Other
ilHD18Bqnkw Your Questions Answered - Bret and Heather 120th DarkHorse Podcast Livestream
imb7TyVhwQ8 Bret and Heather 26th DarkHorse Podcast Livestream: Sleeper Cells and the Capture of Everything
j3nuTSMUK-8 DarkHorse Podcast with Brittany King & Bret Weinstein
k7Qw3JbcwzM Your Questions Answered - Bret and Heather 68th DarkHorse Podcast Livestream
kTwueOgxSiE Your Questions Answered - Bret and Heather 77th DarkHorse Podcast Livestream
kdJIA1G1_KQ Your Questions Answered - Bret and Heather 60th DarkHorse Podcast Livestream
koKBnUEgXuM Bret and Heather 13th DarkHorse Podcast Livestream: Herd Immunity Won't Save Us
kx8vL7GRV1M Your Questions Answered - Bret Weinstein 19th DarkHorse Podcast Livestream
l-W9O7qhstY Bret and Heather 4th Live Stream: Collapse in Guayaquil - DarkHorse Podcast
lGlrjmIalJY Bret and Heather 62nd DarkHorse Podcast Livestream: Tyranny Comes at you Fast
ldojWoZ96zA Your Questions Answered - Bret and Heather 50th DarkHorse Podcast Livestream
lg7BFChlYwQ Bret and Heather 119th DarkHorse Podcast Livestream: An Epidemic of Sophistry
lgzk1QmyGnY Your Questions Answered - Bret and Heather 121st DarkHorse Podcast Livestream
lkQ9YZWxMf0 Unity2020 Voting PSA
mYQJSobQgAc Bret and Heather 11th DarkHorse Podcast Livestream: Choose Your Own Black Mirror Episode
mam_-YpUg-g Your Questions Answered - Bret and Heather 119th DarkHorse Podcast Livestream
nIH1HAAMFFo Bret and Heather 63rd DarkHorse Podcast Livestream: Beg Your Pardon
nXtnCitgRFE Bret and Heather 43rd DarkHorse Podcast Livestream: War is 93% Peace
nv02UN3G4TE Your Questions Answered - Bret and Heather 10th DarkHorse Podcast Livestream
o0JqyK4GrvY The Art in Science
o5NWcPiw0-g Your Questions Answered - Bret and Heather 96th DarkHorse Podcast Livestream
oIPVUl4DWtw Your Questions Answered - Bret and Heather 99th DarkHorse Podcast Livestream
oS5mXsr2C4w Bret and Heather 71st DarkHorse Podcast Livestream: Make Dopamine While the Sun Shines
p23bE0Q1Jis Your Questions Answered - Bret and Heather 98th DarkHorse Podcast Livestream
p3FmtdFTxRU Bret and Heather 35th DarkHorse Podcast Livestream: Extremism, Psychosis, & Narrative Thrombosis
p6-xwaHU4f4 Bret and Heather 14th DarkHorse Podcast Livestream: Virus Derangement Syndrome
pHGt733yw3g Bret Weinstein's DarkHorse Podcast - Black Intellectual Roundtable
pQiv8I9Peqk Bret and Heather 83rd DarkHorse Podcast Livestream: Doing Science in an Emergency
pTHCDazT6go Your Questions Answered - Bret and Heather 17th DarkHorse Podcast Livestream: Evergreen
pU7Z4X5QaEg Bret and Heather 86th DarkHorse Podcast Livestream
p_wJsEocnFo Your Questions Answered - Bret and Heather 36th DarkHorse Podcast Livestream
pfQUifJAiSI Bret and Heather 3rd Live Stream: Bats, Bio-Weapons and Societal Response - DarkHorse Podcast
ptrrDfDGzqs Unity 2020 (DarkHorse Duo) Plan Discussed on The Hill TV - Rising
puMyybM8S6A Bret and Heather 9th DarkHorse Podcast Livestream: Life and Death Risks in an Era of Novelty
q0o2CS83hkE Your Questions Answered - Bret and Heather 45th DarkHorse Podcast Livestream
q5SRrsr-Iug Bret Weinstein and Yuri Deigin: Did Covid-19 leak From a Lab?
q7BwhU8emmo Your Questions Answered - Bret and Heather 107th DarkHorse Podcast Livestream
qfvMaXcJWrE Your Questions Answered - Bret and Heather 32nd DarkHorse Podcast Livestream
qiaGWeoV4MA Your Questions Answered - Bret and Heather 59th DarkHorse Podcast Livestream
qtPG-QH3q-A The Fourth Frontier | Bret Weinstein
r13CXPA-x0w Your Questions Answered - Bret and Heather 34th DarkHorse Podcast Livestream
rak8v5hfdxA Unity Campfire #4: Bret Weinstein with Ryan Bennet and Elisabeth Sweet 08/23/20
rji_IAI5kz4 Your Questions Answered - Bret and Heather 49th DarkHorse Podcast Livestream
rnClIOoYCFg Bret and Heather 107th DarkHorse Podcast Livestream: Explore Outside Your Lane
rpb-COhbMIM Good Governance: An Evolutionary Approach by Bret Weinstein
rrIEP703nH0 Your Questions Answered - Bret and Heather 56th DarkHorse Podcast Livestream
s2Ggy4eObBk Your Questions Answered - Bret and Heather 105th DarkHorse Podcast Livestream
sFJdjO0fD4E DarkHorse Podcast w/ Jeremy Lee Quinn & Bret Weinstein: The Capitol Insurrection, A View from Inside
sOzo7KThjWk Your Questions Answered - Bret and Heather 71st DarkHorse Podcast Livestream
sWV9KC7IUNA Bret and Heather 117th DarkHorse Podcast Livestream: Regimented Meandering and Planned Serendipity
seJP-q2jSis Westwind
tGgeFAPDn8g Vancouver Debates Follow up Sam Harris / Jordan Peterson
tZMskLj1N0I Bret and Heather 54th DarkHorse Podcast Livestream: Lane Splitting in the Post-Election Era
t_GJHGtm7EQ Bret and Heather 18th DarkHorse Podcast Livestream: Freedom and Justice for All?
trh5Xe9EUyE Your Questions Answered - Bret and Heather 46th DarkHorse Podcast Livestream
u1mgPy_Xh_w Thank You: the Evolutionary Basis of Gratitude
u2K_0lmfEs4 DarkHorse Podcast with Lydia McGrew
u6-7XWAuH4s Your Questions Answered - Bret and Heather 30th DarkHorse Podcast Livestream
uGqpVUN3jdk DarkHorse Podcast with Tristan Harris & Bret Weinstein
uI-oLET720k 14 True Things: Clip From Episode #20 DarkHorse Podcast Livestream
uIH7eIvjIfQ Your Questions Answered - Bret and Heather 24th DarkHorse Podcast Livestream
uJ-T6qMMC-w Bret and Heather 73rd DarkHorse Podcast Livestream: Arroz by any Other Name
uNuTzMYXnt0 Bret and Heather 64th DarkHorse Podcast Livestream: The Data Are Going to be Phenomenal!
uPTiP714LZM Bret and Heather 5th DarkHorse Podcast Livestream: Why Covid-19 kills, and how to stay alive.
uRIKJCKWla4 Bret Weinstein Testifies to Congress on The Evergreen State College riots, Free Speech & Safe Spaces
uwSPPG0JX5M Your Questions Answered - Bret and Heather 83rd DarkHorse Podcast Livestream
vHIHOI9mI1c Why the Lesser Evil? #Unity2020
v_QOpYzNV9I Your Questions Answered - Bret and Heather 9th DarkHorse Podcast Livestream
vmyK7h45a-w Your Questions Answered - Bret and Heather 26th DarkHorse Podcast Livestream
vw41jgO864I Your Questions Answered - Bret and Heather 47th DarkHorse Podcast Livestream
vxTODvTNHlw Bret and Heather 80th DarkHorse Podcast Livestream: What Covid Reveals About our Leaders
w27PdTQttoI Your Questions Answered - Bret and Heather 95th DarkHorse Podcast Livestream
w8rdGbE5wRM Your Questions Answered - Bret and Heather 91st DarkHorse Podcast Livestream
wJIVrezfSkY Bret and Heather 101st DarkHorse Podcast Livestream: When Doctors Were Scientists
wK5JCRjgKz8 Bret and Heather 31st DarkHorse Podcast Livestream: The Danger of Invoking Terrorism
wi_FCnI6U5w Bret and Heather 99th DarkHorse Podcast Livestream: What Science Does for Meaning
wndotTtBTZQ Bret and Heather 66th DarkHorse Podcast Livestream: All Biology is Evolutionary Biology
wyG5u_GR_AQ Your Questions Answered - Bret and Heather 66th DarkHorse Podcast Livestream
xGs4l6JxLQw Are internet algorithms driving us crazy? : Clip From Episode #23 DarkHorse Podcast Livestream
xIwi04yhYUU Your Questions Answered - Bret and Heather 61st DarkHorse Podcast Livestream
xbwpxRKf21Y Your Questions Answered - Bret and Heather 110th DarkHorse Podcast Livestream
xojSWHrar9A Bret Weinstein and Matt Taibbi: Corruption and its Consequences
xokRbQm7vOM Your Questions Answered - Bret and Heather 52nd DarkHorse Podcast Livestream
yAH8mRFauAs Bret and Heather 111th DarkHorse Podcast Livestream: On Dying, Lying, & Testifying
ym-WGOq96G0 Bret and Heather 1st in a series of Live Stream: Tests, Masks, and More - DarkHorse Podcast
yq45vlkDjDE Your Questions Answered - Bret and Heather 69th DarkHorse Podcast Livestream
yxtTUsew0L0 DarkHorse Podcast with Jamie Wheal & Bret Weinstein
zGB_0rC0KaQ Bret and Heather 103rd DarkHorse Podcast Livestream: Midwifed Crisis (Watch full episode on Odysee)
zI9UBmsSKKA Bret and Heather 2nd Live Stream: Vaccines and Seasonality - DarkHorse Podcast
zOO5YQhnbRE Bret and Heather 55th DarkHorse Podcast Livestream: Nothing to Queer but Queer Itself
zc6nOphi0yE Bret and Heather 6th Live Stream: Death and Peer Review - DarkHorse Podcast
zcB8Rnr7XBw Bret and Heather 50th DarkHorse Podcast Livestream: Stop Being Shocked & Live Not By Lies
zg7iBAgMT5Y Marriage as an evolutionary phenomenon
ztp48rp-Ebc Section of Q&A from Students for Liberty
