-2-lW9rYmh4 Speed Chess Championship: Magnus Carlsen Vs Alexander Grischuk
-A9Y8UpNn6I Chess Jesus Giveth And Chess Jesus Taketh Away
-p15ybjojy4 Mr.Beast/Moistcr1tikal + More in Wild Day of Pogchamps 3!
0EmnA84OwwY Paul Morphy's 5 Most Brilliant Chess Moves
0yy-qTRsRfc GM Nihal Sarin vs GM Alexey Sarana | Junior Speed Chess Championship Final
1q7lZilVy04 En Passant | Special Chess Moves
21L45Qo6EIY Everything You Need To Know About Chess: The Opening!
27H7NV5MtHQ Stockfish Explains The Immortal Chess Game
2R1mIJ80CJg Hikaru Nakamura vs Komodo: Blitz and Rapid Chess Match
2UnGqzK9P34 Magnus Carlsen vs Parham Maghsoodloo | Speed Chess Championship
4Be9HNBZGUY Levy's Crazy Stalemate #Shorts
4E9drlZ0Vns How To Win Chess in 2 Moves #Shorts
4Q5iITot_CY What?! What!! He Missed Mate In One!
4aGUZS3pN40 Chess Strategy: The Tactical Geometry of the Chess Board!
4jXQyGaeUV8 Learn Chess: How to Castle
5P-N_IS5MAk Tata Steel Chess Tournament 2022 - Round 12 | Hosts Naroditsky and Steil-Antoni
5qY3aIp4sTw The Fastest Checkmates in Chess
65a1iY1qQYQ This Chess Move Deserves A Standing Ovation
6X_2Ibsw-7U Carlsen vs Aronian: World Blitz Championship
7PcHIErdIFc Chess Grandmaster Predicts The Future
7_8ctk_5dhU \
83UBsp-jy6I Esipenko Shocks Carlsen | Tata Steel 2021
8SPdpzpiQCw FIDE World Blitz Chess Championship 2021 | Day 1
8TvaOi1mlYQ Hikaru Nakamura vs. Wesley So (FINAL) | Speed Chess Championship 2021
8aJgJypzYbY Rainn Wilson Learns The Botez Gambit #shorts
8kUdlvrLokY Hikaru Nakamura vs Alireza Firouzja | The Bullet Chess Match of The Year
9ZzInYaYsn8 Danny Freaks Out Over Queen Sacrifice
9iAa7WYi9OA Magnus Carlsen vs Judit Polgar: World Blitz Championship!
9lCbkVrAa8o Titled Tuesday Blitz Chess Tournament: Magnus Carlsen Dominates!
9mhLQOZKVQs Everything You Need to Know About Chess: The Endgame!
A-vNq61KfLs Leela Chess Zero Makes Mind-Blowing Piece Sacrifice! - Computer Chess Championship
A4RD-WW7fNo Hikaru's Reaction Says It All
AOnUCCQWFsA FIDE World Chess Championship Game 7 | Carlsen vs. Nepo | !format !results
AYj2NzAcsjE Pokimane vs Myth | Ludwig vs Logic : Pogchamps 3 Quarterfinals
AZkfDm_nzg8 FIDE World Rapid Chess Championship 2021 | Day 2
AgTQJUhK2MY What is Chess.com?
Anu4qhK42uY Dubov Wins Chess Game Of The Year! | Russian Superfinal
B2OKppp2xLI Nihal Sarin vs Andrew Tang | Junior Speed Chess Championship
BRms311OJNY @Ludwig Blunders A Pawn Out Of The Gate vs @xChocoBars! Chess.com PogChamps
BamcjGJlZXI FIDE World Blitz Chess Championship 2021 | Day 2
Bi6DOWo60hg When The World Chess Champion Sacrifices His Queen
CLp2UbBNm0s Hikaru Puts Down Money vs South African Chess Hustler
CUfwQcPjW-o Bobby Fischer's 5 Most Brilliant Chess Moves
CgoYpYtVXtI Stockfish 12 Wins TCEC Season 19!
CnQnJEj-Yxo The Best Chess Players Over Time (Estimated By Accuracy)
Cucn8cEfRIk The #chess player with the most irritating body language?
Cul_nt9rEjQ #PogChamps3 Presented By Grip6 - Day One  - Hosts Nakamura and Rensch
Cv6H0RJ739M Hikaru vs. Ding Liren (Semifinal) | Speed Chess Championship 2021
Cwf-txEEcS0 Chess.com: Play, Learn, And Share
DKwacGGuBG8 Levy  Rozman vs Eric Rosen | I'M Not a GM Speed Chess Championship
ECV8EXRq0B0 Hikaru Nakamura's Top 5 Queen Sacrifices!
EEWuZ6suFt4 Viswanathan Anand Plays His Own Bot!
EP2BgWYcp2w Mr. Beast Traps MoistCr1tikal's Queen!
FcLYgXCkucc Castling | How to Play Chess
IZt6kr4YhRo Garry Kasparov's 5 Most Brilliant Chess Moves
I_gJThfoNCo 2017 Speed Chess Championship: Magnus Carlsen Vs Gadir Guseinov
Ib5TK2kB4cQ Firouzja Fully Locked In | Tata Steel Chess 2021
IrN16c3DTzE Hikaru Nakamura Finds Out His Chess Personality
J2umj9SgdFU Armageddon Tiebreak | Tata Steel Chess 2021
JLhEaKM_92g Team Chess! Chess.com vs. Chessbrah
JsIU1eeRC3Q @xQcOW Gets Tricked By @Hafu's Trap! | Pogchamps
K8m-Ziolua4 Day 8 - PogChamps 3 Presented By GRIP6 - Hosts Nemo and Botez
KMpyN-toqBY Magnus Carlsen Reviews World Championship Game 2 Victory Over Anand
Kj8L5iC-uCQ A Botez Gambit For the Ages
KlTEQZ5Sy4E ChessKid Lessons: The Magic Of Chess
LY0lTqg-wmU [FULL INTERVIEW] @xQcOW Gets Mated By @penguinz0 In Less Than A Minute! Chess.com Pogchamps
LzgeejrFRJ4 FIDE Candidates Returns with TWO Decisive Games
M0k0ZbUps8s The Best Chess Clips of 2020
M9nqKf-0I8c Chess Openings: How to Play the Sicilian Defense
MA8Scue28Ks Magnus Carlsen's 5 Chess Tips For Beginning Players
MXZJxTU8jCs PogChamps 3 - Semi Finals - Presented By GRIP6 - Hosts Rensch and Rozman !donate
M_ZG3APUyTk Chess Strategy: Kasparov Crushes with the Initiative
NX4tGHEjItY Magnus Carlsen: \
OCr7EEtUWw8 @xQcOW and @Ludwig Get Into Chaotic Queen Endgame Time Scrabble! | Chess.com PogChamps [SEMIFINALS]
OSlWdHsk0PU Checkmate Your Opponent With This Trick #Shorts
P4yjpNOisAY Pogchamps 3 - FINALS - Presented By GRIP6 - Hosts Nakamura and Rensch
P6VfGG8o5oI World Blitz Championship: Magnus Carlsen vs Le Quang Liem
PvFo6eWNssk Carlsen, Nakamura Clash In Epic Speed Chess Championship Finals 2017!
QI-VDE75hyE Speed Chess Championship: Magnus Carlsen Vs Wesley So
QL77oAA48lQ Mr.Beast/Pokimane/Ludwig + More PogChamps 3 Semifinal Action!
QzDygbfSZt8 Tata Steel Chess Tournament 2022 - Round 4 | Hosts Hess and Steil-Antoni
R-frmjhtjwA Hikaru Sees It
Sd9l7EpRlQE How To Sacrifice Your Queen To Win Chess #Shorts
T13bB1rmYrU 3 Basic Chess Openings for White #Shorts
TFEb9qHFrnM Levy Rozman vs James Canty | I'M Not A GM Speed Chess Championship
TbIyiq9cZAc Hikaru Nakamura Defeats Magnus Carlsen! | Lindores Abbey Rapid Challenge
U-jGY_dgu9Q Magnus Carlsen vs Hikaru Nakamura | World Blitz Championship
URWxckS2VBY Magnus Carlsen vs Maxime Vachier-Lagrave | Speed Chess Championship Semifinal
UuehyRf88ac Magnus Carlsen vs Hikaru Nakamura: Blitz Chess Battle Final
UvuE77rC_YY Hikaru vs. Anish Giri | Speed Chess Championship 2021
UztHjWyu-xc Garry Kasparov Visits Bobby Fischer's Grave
V4IeJNYlzWs Carlsen-Nakamura at the FIDE World Blitz Championship 2014
VCA8SJJ8Des xQc/Sardoche/BenjyFishy/Daniel Negreanu Pogchamps 3 Action!
VH0RkXB3ytI FIDE World Chess Championship Game 10 | Carlsen vs. Nepo
VVI1nHnP5Zg Fried Liver Attack | Chess Openings
Vufra_pClko Mr.Beast/Logic/Rainn Wilson + More Pogchamps 3 Chess Battles!
W_bioh6lg9U Mikhail Tal's Top 5 Queen Sacrifices
WpcCpxhEG3I Day 7 of PogChamps 3 - Presented By GRIP6 - Hosts Hikaru Nakamura, Anna Rudolf, and Daniel Rensch!
WqFQEMrgsnY GM Jon Ludvig Hammer Tries Four Player Chess
WwLOm7LZHG8 The Best Moments of PogChamps 3
X039Ir5L7nE Moistcr1tikal Premoves The Entire Opening!
X2fSHJ8vuu4 Tata Steel Chess Tournament 2022 - Round 3 | Hosts Hess and Steil-Antoni
X9KHwyYH0cc FIDE World Chess Championship Game 2 | Carlsen vs Nepo
YLRXo8OJKFk Hikaru Nakamura Beats 22 Chess Players in 7 Minutes
YbFb9Fw7oik Ludwig Hangs Checkmate, Logic Does The Same!
YcOckjMs-3A @Yassuo Finds a KILLER Fork vs @penguinz0 | Chess.com PogChamps Consolation Quarterfinals
Yh8gJF5MWfU Grischuk vs Carlsen: World Blitz Championship
ZULjcT14OrE Rare Checkmate Makes Commentator Freak Out
ZWjDKiHBvZo How to Move the Chess Pieces: The King and the Goal
ZfC12vANKR8 Hikaru Nakamura's Most Brilliant Moves On Chess.com
_DgoGuMSDV4 Grischuk vs. Nihal AND Aronian vs. Dubov | Speed Chess Championship 2021
_JZ4YUbl2_8 Neeko vs Rubius | Rainn Wilson vs MoistCrit1kal: Pogchamps 3 Quarterfinals
_K0rtNl4OyE Chess Strategy: How to Attack
_xrYzfVBKf0 Firouzja vs Carlsen: The Game That Made Firouzja File an Appeal | World Rapid & Blitz 2019
aMopWjJ9Nnc FIDE World Chess Championship Game 9 | Carlsen vs. Nepo
ak73AWbGS5Y Viswanathan Anand vs Hikaru Nakamura: Zurich 2015 Armageddon
akgalUq5vew AlphaZero vs Stockfish Chess Match: Game 3
b8JgYbU12UY Carlsen Returns To Winning | Tata Steel 2021
bKyk6Z7fliY Mikhail Tal's Top 5 Most Brilliant Moves!
bYLecpgvYhc Stockfish Sacrificed 5 Pieces and Won
bdfBdw8EWF0 Norway Blitz Chess Tournament: Carlsen vs Nakamura
bkv4MVpFuqw The 5 Most Amazing Forks in Chess
bwbjZr5SMio Nepomniachtchi vs Carlsen: World Blitz Championship
c_KRIH0wnhE En Passant | How to Play Chess
dOOHfnMrGTQ FIDE World Rapid Chess Championship 2021 | Day 1
dVDtnI8fi0E @penguinz0 Blunders BIG vs @Erobb221 | Chess.com PogChamps QUARTERFINAL
e91M0XLX7Jw xQc Gets Checkmated by MoistCr1tikal in 6 Moves! | Chess.com PogChamps
eCLyn6HMwfI Tata Steel Chess Tournament 2022 - Round 1 | Hosts Hess and Steil-Antoni
eQXFLivmPDA The Top 5 World Chess Championship Blunders
ebdPqrk-5gM Xqc/Rainn Wilson + More PogChamps 3 Action!
ejBrzgM0EyY Anand Takes On The Danny Rensch Bot
fjY3c8Dk-0Y Tata Steel Chess Tournament 2022 - Round 10 | Hosts Naroditsky and Steil-Antoni
flS8iUrCW6A Charlie Finds Out The 'Engine' Was Hikaru
fxHZl3SSEB4 The 5 Most Amazing Discovered Checks in Chess
ge9zoxLoGE4 Hikaru Nakamura comments on castling with two hands
ghbEZ5s4J9o Hikaru Nakamura's 5 Most Brilliant Chess Moves
grKALV7qYoY Hikaru vs. Peter Svidler | Speed Chess Championship 2021
h82y3TidDn4 Trash Talking Blitz Chess Feud: Finegold Vs Williams
hIsSI80q0Fo Magnus Carlsen Loses 1st Chess Game In 2 Years!
iOPwbgwXWFw Ludwig/Neeko/Myth + More Pogchamps 3 Action!
iZsK96-mASY The Feeling of Beating the World Chess Champion
jEiCb6phWAY FIDE World Chess Championship Game 6 | Carlsen vs. Nepo
juO_wXPKpOc Tata Steel Chess Tournament 2022 - Round 8 | Hosts Naroditsky and Steil-Antoni
k3Q7j-4nTuE BenjyFishy/Rubius + More Thrilling Pogchamps 3 Matches!
kBtCmVSXsXw When Sardoche Discovered A Powerful Rook Sacrifice
kPfRcTNE9GY Hikaru Nakamura vs Maxime Vachier-Lagrave | Speed Chess Championship Final
kerwd3OzyJw Magnus Carlsen vs Vishy Anand: World Blitz Championship!
khY59uyuqUI 18-Year-Old Talent Defeats World Chess Champion In 1st Game!
knvySXCNfd8 Don't Cheat At Chess: What Chess.com Is Doing to Catch Cheaters!
m1_0JSst9Y4 Tata Steel Chess Tournament 2022 - Round 11 | Hosts Naroditsky and Steil-Antoni
mCa94Xh0UXY Tata Steel Chess Tournament 2022 - Round 7 | Hosts Naroditsky and Steil-Antoni
miv4Rrk-6Sw Chess.com - Learn Chess w/ Chess Mentor #1 Training Program!
mrGppd9mRNo @Ludwig Declines @Papaplatte's Botez Gambit! | Chess.com PogChamps
nu2A9FSPjd8 Hikaru Blocks The Pre-Move with 1 Second Left!
o-qbPR94NXk Ludwig Finds A Dope Mate | PogChamps 3
oEILTYGSQFA The Greatest Chess Move Of All Time!
oWTUZZ-mMS0 World Champion Anand Battles The Anish Giri Bot!
p1REM-vhMl0 Hikaru Nakamura vs Wesley So | Speed Chess Championship Semifinals
qRGt-GfXSsc FIDE World Chess Championship Game 5 | Carlsen vs. Nepo
qU-bt9oaLNc Everything You Need to Know About Chess: Bringing It Together!
qkeDEaXOm6I Learn to Play Chess: The Phases of a Chess Game
qoqWNwOLEKI Fabiano Caruana's 5 Most Brilliant Chess Moves
qqqstKWFOJo Carlsen and Nakamura's Epic Speed Chess Championship DOUBLEHEADER
qwaLjDTFHSg Alireza Firouzja's 5 Most Brilliant Chess Moves
rGEWzOv5Bc0 Magnus Carlsen (1 minute) vs Daniel Rensch (2 minutes) Game 3
rMV9vU0Gq5U Nepo Blunders!? | World Chess Championship Game 8
rzSG2bqQZeA Georg Meier vs Magnus Carlsen: World Blitz Championship!
sE6Zf6d1KcY FIDE World Rapid Chess Championship 2021 | Day 3
sVPNw9aiIHI The TATA Steel Chess 2021 Tournament Kicks Off!
smKrcqENAbQ Viswanathan Anand's Top 5 Moves Of All Time
szwD2kThML4 How to Checkmate Your Opponent in 6 Moves #Shorts
tZJFWYwFzOg Tournament Arc Finals: CDawgVA vs Gigguk
toWzxjERiKE Beth Harmon's Top 5 Chess Moves | The Queen's Gambit - Netflix
tsOElsN3hxg Nakamura vs Anand: World Blitz Championship
tsbTnICTbyc Tata Steel Chess Tournament 2022 - Round 9 | Hosts Naroditsky and Steil-Antoni
uR6_NMBkV0o Anish Giri's Top 5 Most Brilliant Moves
uW1ZUk6nkDE Magnus Carlsen's 5 Most Brilliant Chess Moves
ue4iGQKm-0o Checkmate in 1 But Time Expires!
vLbqp42ZMvA Nils Grandelius' Dream Debut | Tata Steel Chess 2021
vxeo2jeO1Mg xQc Thought He Had A Fork...
wFXExxd5c84 @Eric Rosen vs Sagar Shah | I'm Not a GM Speed Chess Championship
wNc3w65SRxI The Wildest Day of Pogchamps Chess! Ft. @penguinz0, @Voyboy, @Nate Hill and More!
wljgxS7tZVE The Strongest Computer Chess Engines Over Time
wymfA6NUSQE Giri Clings To A Small Lead | Tata Steel Chess 2021
wzBxkD-qDFg The Best Two Players In The World Face Off | Tata Steel 2021
x03p3V8EqT8 FIDE World Chess Championship Game 11 | Carlsen vs. Nepo
xFQjoWaJtjk Learn to Play Chess: The Four-Move Checkmate
xJ55oA_nC7k @Hafu Plays Way Above Her Rating vs @Fintan Hand! | Pogchamps
xRvNghWmYsU Hikaru Nakamura Finally Beats Magnus Carlsen (Bilbao Masters)
xeRGVt5YO4I From 6 Moves To 6/6, xQc's Big Brain Plays Against Pokimane!
xwRYeOlAFSc FIDE World Chess Championship Game 1 | Carlsen vs Nepo
xz1JRqO8F3c @Gripex vs @Hafu / @Fintan Hand vs @Cizzorz | POGCHAMPS FINALS!
yivUJn8WFEA FIDE World Chess Championship Game 8 | Carlsen vs. Nepo
yp_XmT7y2W0 World Chess Champ vs Tournament Leader | Tata Steel Chess 2021
yv7_0svOlQU Everything You Need to Know About Chess: Tactics & Strategy!
z2g3dRZP3yI Alpha Zero's Top 5 Moves Of All Time!!!
zbrUXuVhJw4 Ludwig vs. MoistCr1tikal: Most Anticipated Chess Rematch Ever!
zeW16-MtvDE Rozman vs Sachdev | IM Not A GM Speed Chess Championship
zpjRYE6xF9s Why You Should Turn Off Auto-Queen
zwwd3YLT7DE Anatoly Karpov's 5 Most Brilliant Chess Moves
