-1hFG_u6hC4 Guardians of the Galaxy Preview Footage Review
-6M_WZFQoH4 Good Movie, Bad Ending: The Mist
-CMW9Pc4JJw Superman vs. the Elite - Movie Review
-CT_5sGussM \
-D_s7vlOeI0 Trailer Overload
-DsfT-RptaI What Looks Exciting in 2022? (Streaming & Movies)
-E2oFSAeihM Batman: Return of the Caped Crusaders - Tag Team Movie Review
-FQQ-jrSgEE Every episode of Doctor Who's modern era RANKED!
-IEFw0Q5gpQ Marvel Casting: Cumberbatch as Doctor Strange & Ritter as Jessica Jones
-N1Q5peKQE4 Deadpool 2 Trailer - A Geek's Thoughts
-N2ZyUMjhB8 Doctor Who Big Finish Review - Omega
-Qy6ww8j8jI Venom Full Trailer - A Geeky Ramble
-V1RmmnlCuI Game of Thrones Review: No One - Season 6, Episode 8
-XJpIodZfps The Unexplored Ethics of Body Swap Stories
-Z3or-WzLXw WHAT DID I JUST WATCH?!?!?!? - Last Christmas (Movie Review)
-_GsCRsqrYQ Doctor Who Speculation: 50th Anniversary Edition
-f18gTHkNB4 Stars Wars is FINALLY Making an Obi-Wan Film!
-fUd1JZN9vg Doctor Who First Look Thoughts - Madam?
-fgA88jcju4 Doctor Who Series 12 Overview Review
-heNQ602hbw Thoughts on the New Doctor Who Companion
-hwZ7I-cJ5o Comic Book Review: Superman Birthright
-l5fhxEtuYA There's a New Executive in Charge of the DCEU - Is this a Good Sign?
-nNwxC8uJ0Q Jodie Whittaker as the 13th Doctor - A Doctor Who Ramble
-nxGlyjPvRk 5 Spider-Man Spinoffs Sony Should be Making Instead of Venom
-o2cWQXqxnw Doctor Who: Ranking the Doctors 1-12
-p2wh5A9Y88 Time of the Doctor - Take Two Review
-pSaXC51SsM Game of Thrones Review: Eastwatch - Season 7, Episode 5
-sYpqlhSKJo Overdue Doctor Who Review: The Long Game
-ttS7IupC5E Citation Needed: Kathleen Kennedy & Lucasfilm Insulting Star Wars Fans
-wKTIAkYXrU 10 Best Doctor Who Outfits
-yaarMGUFvg Star Trek: Picard - Episodes 2-6 Thoughts & Rambling Review
-zLMShPF_l4 The Sick at Home Livestream
0-1pPA3jbKw X-Men's Future Should be on TV
00B_quBe-1o Livestream with Endgame spoilers
01IkG0tc5xc Spider-Man: Homecoming Review - A Return to Greatness for the Wallcrawler
03VYg0HyZGU Game of Thrones Season 3: Walk of Punishment - Episode Review
06Nk14R1nBc The Shape of Water Review - Monstrously Beautiful (Spoiler Free)
0MQJHlafY5E Wreck-It Ralph 2 Full Trailer - A Skeptical Fan's Rant
0NJCUi9c768 50K Subs Celebration (and maybe Q&A, I dunno)
0ODcf0Hxpg4 Defenders, Inhumans & Iron Fist - A Marvel TV Rant
0PS5v4brgTY Post Birthday Livestream
0QNKr1Rz8es Gotham Review: One Bad Day - Season 4, Episode 21
0QWYktLiI2s Overdue Doctor Who Review: Silence in the Library/Forest of the Dead
0TD4bLWhYsI How to talk about Elliot Page and his future on Umbrella Academy
0Uc7uwracs4 Doctor Who & Random Geekery Livestream
0XsjUSS4BPc AMA Livestream
0_QSNTGZyt0 Doctor Who, Series 8: Robots of Sherwood - Spoiler Free Review
0b7xObjYeJg Ok... Let's Talk About Channel Awesome
0bdzr5osZk8 2019 Movies that Will Suck
0eN4RP1kPwI Overdue Doctor Who Review: The Stolen Earth/Journey's End
0gSJouigBYQ How to Get into Doctor Who Big Finish Audio Dramas
0hAzzeYYg7o Wonder Woman 1984 - Trailer Thoughts
0jf6v1LeuDE Inside No. 9 Review: Last Gasp
0nKI9NqLGME Overdue Doctor Who Review: The Parting of the Ways
0rDW0pMYfBA How Marvel Could Honor Chadwick Boseman's Legacy as Black Panther
0svFUZ1CV2E Game of Thrones Review: Spoils of War - Season 7, Episode 4
0tnJ29WMj5Q Black Mirror Review - Rachel, Jack and Ashley Too (SPOILERS)
13FOsVnpcdA Alien Covenant Trailer Review & Thoughts
19J1naWzAGw Can Winter Be Over Yet?
1BySbgUp0D8 90s Nostalgia, Time Travel, and Young Lesbians - An interview with Savy Leiser
1CmYr9wX9vU Game of Thrones Season 4: The Lion and the Rose - Spoiler Free Episode Review
1GHhXvpIZ9I Sony Takes Spider-Man Out of the MCU: What happened?!?
1Gkq397mL2c Age of Ultron - Spoiler Free Roundtable Review
1HXYIyWVbGI Disenchantment Season 1 - Full Season Review
1JsQSE5mOw0 Top 10 Comic Book Movies Not Adapted from Marvel or DC
1LBJXBNLSU4 Ralph Breaks the Internet - Movie Review
1M0ZQKKIzLo Cartoon talk livestream
1MUpEx0vBVc Doctor Who, Series 8: Caretaker - Spoiler Free Review
1Pu0w__QJ28 The Grinch - Movie Review
1Q375GdtNqk 'The Hobbit: The Battle of the Five Armies' - Trailer Review and Thoughts
1TeeTXiiUj0 Big Finish Review: Chimes of Midnight
1YHgh8Uvye0 Game of Thrones Season 3: The Bear and the Maiden Fair - Episode Review
1_CaidwvjHk Black Mirror Review: Shut Up and Dance (SPOILERS!)
1_eOp1wy1BU Overdue Doctor Who Review: Space/Time
1hbYtQmOvlk Council of Geeks Patreon Pitch
1l4pei4RcfE Why Gotham is AWESOME
1mMBAD50kMk What's going on with Evangeline Lilly and will Marvel keep her around?
1o406GWwo-w What's happening to the BBC's funding (and what happens next)?
1oJ16b-LbUk Let’s talk about what Blaire White said about me...
1ptYAeutI8E The Doctor Falls - Take Two Doctor Who Review
1qxz-vgfEfk Westworld Review: Akane No Mai - Season 2, Episode 5 (SPOILERS!)
1sAYHbzJfn8 Doctor Who Tier Ranking
1v3T6HMalUo Better Ideas for Spider-Man Spin-Offs than Sony's
1vbA2SZJlcQ Doctor Who Series 1-13 Ranked!
1vtSyvbV25Q Season 2 Opening Credits
1w3tsZAVho4 The Good Place Season 4 (Going Out in Style)
1wHBb-dRz7c Thankful Livestream
2-SRgWUCDTY Harry Potter Movies Revisit: Harry Potter and the Half-Blood Prince
25siokB43UI What's happened to OnlyFans, and why it still matters (even though they've changed course)
26q4KOedF6Y Mental Health Facilities in Pop Culture
28w67xKO8SY Remembering the Good Entertainment from 2020
28zkVDYKNAk Overdue Doctor Who Review: The Time of the Angels/Flesh and Stone
2Eos1nCuXG4 Council of Geek Shorts: Geeks of Thrones
2FKxg9jIM4E Zest Tea is telling me something
2H8sP1CwR_A Doctor Who Review - The Girl Who Died
2K5DVlRlv6o The Punisher Trailer Review - Reasons to Worry
2LE26EaPsMg Starchaser: Legend of Orin - WHAT DID I JUST WATCH?!?!
2P6Mp-dlVSM Doctor Who or: How I Learned to Stop Worrying and Love the Sonic Screwdriver
2RVxdCDr6-Q The Caretaker - Take Two Doctor Who Review
2UZcJysiLdI Game of Thrones Season 5: The Gift - Spoiler Free Review
2V1XJlMEf8o The Lion King (2019) - An Angry Rant Review
2b2yy1yUDVY 5 MCU Series we need
2cGf-mZoea4 Toxic Fandom Mindset
2cqZfCVluRM Guardians of the Galaxy vol. 2 - 2nd Trailer Reaction
2g7y-qXSXjA Gotham Review: That Old Corpse - Season 4, Episode 20
2gLjmXGjXPo Glass - Reviewing Shyamalan's Latest Divisive Work
2grDyJLmBFg Room - A Review by a Shaken Viewer
2rirkOQ_YVU Animation Junkie - Sing
2uJJ-8q7_Bg Q&A&Booze (No Doctor Who Questions)
2z284l-Sifg Labyrinth Follow Up Moves Forward - Best Thing or Worst Thing?
30hligP_zhQ Article 13 Could Ruin Everything We've Built Here
33zUBkbP2W4 Quarantine survival livestream
39lSDyrWSOE Overdue Doctor Who Review: The Night of the Doctor
3ALTo32hZ80 Most Anticipated Movies 2017
3CUrqnggnlk The Best of 2021 (Movies, TV, and Video Games)
3E5DlxSMwO8 Nitpick Rants: Frodo's Weakness in Lord of the Rings
3EEFiQ0m6R4 The Future of Star Wars in the Wake of Solo
3EzTX1mfAB4 Batman: The Killing Joke - Movie Adaptation Review
3JJvZ8fJMYs 10 Worst Doctor Who Episodes Written by Steven Moffat
3Q1ipJWLfQw Mummy on the Orient Express - Take Two Doctor Who Review
3SkgOs7lXOg Overdue Doctor Who Review: The End of the World
3Ut_pLkyzMM Super-Bowl Trailers Rundown
3WHba5oLPC8 Overdue Doctor Who Review: Father's Day
3bI75pCqLIQ Doctor Who 2014 Christmas Special: The Last Christmas - Review
3c9eubRXymE Most Exciting Movies of 2020 (According to a Ranting Geek)
3ehN9LZyjQI Misogyny of the Past - Examining the First Doctor in Twice Upon a Time
3h_BGNtzFwo Return of the Judoon Platoon to Doctor Who
3hfPsst4Vsw Why the DCEU Needs to FAIL - An Angry Rant
3jdq68UfdeA American Gods Season 2 - What Happened??
3jtgwVvNG5o Kubo and the Two Strings - Movie Review
3kH1X3X-zkc Doctor Who Series 10 Trailer - Reaction and Thoughts
3lNh3guA9fY Dead Poets Society - I Think I Get Why I Don't Get It
3ocJsQ0NxgQ Star Woes: The Pains of 'Star Wars' Fandom
3sJ7iwrDL5U Mortal Kombat - it ALMOST works
3vNvGS3pGig Star Wars The Force Awakens Teaser Trailer Review
3vdk0VC1yVs Marvel Cinematic Universe - Comic Con Announcements Breakdown
4-GeR7cWkAM Listen - Take Two Doctor Who Review
41IGjDqJulE How Continuity Could Kill the MCU - A Geeky Ramble
42Wm28bsOvc Game of Thrones Review: Oathbreaker - Season 6, Episode 3
42vOiujOBwo Ant-Man - Spoiler Free Review
4Epb_FLAHNE Gargoyles - A Series Review
4IZsx5asISM Game of Thrones Review: Stormborn - Season 7, Episode 2
4K94pIe5WIs Shane Black and the Deleted Scene from The Predator
4MjOjU_rFFI Enjoying the Works of Problematic Creators
4R3ezwydqGg Deep Breath - Take Two Doctor Who Review
4W09Ar-PLIU Why Do We Believe Darth Vader?
4YgMQQuZvQk Best & Underrated James Bond Movies
4Z0U_IeZBNE Roundtable Talk: Spider-Man's Return to Marvel
4_gEow9N-w0 Game of Thrones Season 4: The Mountain and the Viper - Spoiler Free Review
4eoC5TafZKQ 10 Best Doctor Who Cold Opens
4fJQSFU_eTQ Game of Thrones Season 3: Kissed by Fire - Episode Review
4fK-PQcmPEE Deadpool 2 Review - Don't Hurt Me
4it4UzAlDgA Empress of Mars - Take Two Doctor Who Review
4kUptKAwUV0 Rise of Skywalker - A Lifelong Fan's Rambling Review
4ljUfjHue_Y Best and Worst Comments to Get
4moj6dnyRE4 Doctor Who, Series 8: Flatline - Spoiler Free Review
4oUFX0uVSX4 Spider-Man: Far From Home - A Fan's Mixed Feelings
4oVKrpwxwc0 Game of Thrones Review: The Last of the Starks - Final Season, Episode 4
4r8H5--4H68 Do \
4sJrNQZqQvs Let's Catch Up Live-Stream
4yfGxPW_5sQ Ant-Man and The Wasp Teaser - Review and Thoughts
59DBRnWsNys Animation Junkie: Batman and Harley Quinn
5A1Sy622E1k Westworld Review: The Riddle of the Sphinx - Season 2, Episode 4 (SPOILERS!)
5D1sZPWzPQk 5 Major Differences Between Classic and Modern Doctor Who
5I7j4DS3y4w A Few Words on Noel Clarke and John Barrowman
5JbjW1timrA Overdue Doctor Who Review: Midnight
5KN9pSJsLV0 Godzilla vs Kong - A Rambling Review
5M5-RBtMGIY Overdue Doctor Who Review: PS
5Pr79rzPUB8 Doctor Who Review: Nikola Tesla's Night of Terror
5QRLH_FtqPM Star Wars Episode IX Teaser Review: The Rise of a Cynical Fan
5RySn5iWRyk Let's Talk About the Jo Martin Doctor
5W3BXjxX6Gs Classic Doctor Who Review: The Genesis of the Daleks
5Y9jvrHNXxA Does the Timeless Child actually affect that much?
5euvcbaNW9Y Star Wars Episode VIII: The Last Jedi - Trailer Reaction
5j5w9_5EBg4 When YouTubers come out, and how we talk about it
5j9yFK4wD3A Top 10 Real Ghostbusters Episodes
5llfOZqo0HY Roundtable: Movies Coming in 2017 Part 2 (April - June)
5qMADlfuhHc Topicless Livestream
5qj_-uJXozg Nitpick Rants: That Background Guy in a Batman Movie
5rBHIVl6j6g Overdue Doctor Who Review: Bad Wolf
5rofhrmDsUM Nitpick Rant: Ariel's Vanishing Agency in The Little Mermaid
5tpVypdGcTM Colin Trevorrow Leaves Star Wars and the State of Cinematic Universe - A Geeky Ramble
5uIja2pclCE What Disney Buying Fox Could Actually Mean for Marvel, X-Men and More
5vZE0P9dMrc How the Thasmin Ship Happened (Doctor Who)
62vA-85ATt8 Game of Thrones Review: The Door - Season 6, Episode 5
67kdQvLCO9s Your Name - Movie Review
6EYvLN_I2v4 There will be Game of Thrones spoilers in this Livestream
6Ef5FUlgvbk John Barrowman is losing work... is this justice?
6FbkD05QhPM Roundtable - Wizards in Movies
6GQ29ZTdMao Game of Thrones News: Winter is Ending after 7 or 8 Seasons
6OMYOV4G-nk Teen Titans: Judas Contract - Movie Review
6OfJ_6sbc7s The Worst Movie Sequels Ever
6R8V8yVl4m0 Why the \
6TjX8FqDG_0 Big Finish Review: Diary of River Song Series 1
6ZPh0uBYmpI Suicide Squad Cast Talk
6cMWo0G5sIY New Star Wars Movies from the Game of Thrones Producers (What This Could Mean for the Franchise)
6iawLt-Hidc Black Mirror Review - Smithereens (SPOILERS)
6l0LAHd-iKY Classic Who Review - Pyramids of Mars
6mXiy3vZqJM 10 Best Murray Gold Tracks from Doctor Who
6r2fDxVpL_Y Doctor Who Big Finish Review - Spare Parts
6sYiaLoq58o Classic Doctor Who Review: The Three Doctors
6w6e1fsOFS8 Black Mirror Review - USS Callister (SPOILERS!)
6wnvvZr8vbo The Wolverine - Overdue Movie Review
72x3lhggAXQ Overdue Doctor Who Review: 42
74GaLbY9ZT0 Picard: Remembrance (Premiere Episode)
7Brxe5o8lkI Call me by my name... either one
7CVD57UBSu0 Overdue Doctor Who Review: Dalek
7EA-hhaxygk Doctor Who, The Oscars, and Prepping for Gallifrey One Livestream
7Emt7S10P8o Game of Thrones Spoilerific Season 3 Overview
7HKnucShU8I Oscar talk (and hair reveal)
7I2iDf8AMsw Top 10 Worst Episodes of Angel
7KRByGSziP8 Constantine: City of Demons - Movie Review
7Ne_JLSBGkI Holiday PO Unboxing 2018
7RDtsHXdLFI LGBTQ+ Representation - \
7YdeLgP6-bE Sex-Ed at Hogwarts: I Have Questions
7aaoViFII-M Solo: A Star Wars Story Super Bowl Trailer - A Jaded Fans Thoughts
7e5dKjkmA84 The Unpopular Opinions Livestream
7f19WilM_r8 Doctor Who Review - The Woman Who Lived
7hJMpfHKlyc The Strain Episode 1 Review
7jW5YP8s7MU Holding the first copy of my novel
7ms-SqULvIQ 7 Movies Coming Out in 2018 that will Probably Suck
7uAok3PPgqc Ant-Man and The Wasp - A Geeky Couple's Rambly Review
7uvvjjWlJCk Repo! The Genetic Opera... is my trash
7wIlA43vwDE What's the Star Wars Future Looking Like a Month After Last Jedi?
7wtCC5Fvfpc Iron Fist Trailer Reaction & Thoughts
7xAaMyoKiQY Black Mirror Review - Be Right Back (SPOILERS!)
7yauCkIt23I Overdue Doctor Who Review: Planet of the Ood
80e1zB65beI \
80vlfb85b9o Super Bowl Movie Trailers 2017 - Reaction & Thoughts
82x9ZBg37Ng Suicide Squad Comic Con Footage Reaction
84KObXc-Ips Overdue Doctor Who Review: Planet of the Dead
8Afz6NnFReQ Snowpiercer - Spoiler Free Review
8F67KSH2nm8 Game of Thrones Season 3 Episode Review: Valar Dohaeris
8JG0-PnfZB0 Game of Thrones Season 5 Spoilerific Overview
8JzLzi-QZhE Unemployment Party Livestream
8KrWHJB6MeI It's too darn hot to Live-Stream, but I'm doing it anyways
8RxoAMUgdxk Matt Reeves Directing The Batman - DCEU Good News?
8SBCIIAArP8 New Format, New Tardis and New Screwdriver Coming to Doctor Who - A Geek's Thoughts
8TYMM4CU8II Inside No. 9 Review - A Quiet Night In
8b1LYbJnsKM How I got hooked
8cPgAtkq2EY A Dungeons and Dragons story
8ctT9yw_MNc Trans characters can be created in Hogwarts Legacy - So... we good now?
8fG7RUIvR3I How a Dark & Gritty Superman Movie Might Work
8gXThN3FZfI Westworld Review: Reunion - Season 2, Episode 2 (SPOILERS!)
8i4__jZloLM Tis the season to be stressed - Livestream
8l5oCOR9J4E X-Men Film Retrospective #1: X-Men
8nmuRm9jOIc What Happened at the Oscars?!?!
8tR8mIbcrx0 Pride Livestream
8vmXwxHveKc Every Batman Movie Ranked!
98psWRTtgso Who Gets to Tell Which Jokes? And Why?
9BDPFGBOCWk Shock Treatment - Review of the Rocky Horror Picture Show Sequel... Thing
9BwOQ7MYyAU Frozen 2 - Gorgeous, Funny, and Thematically Jumbled
9Hsm_NrxMA0 Top 10 Worst Doctor Who Episodes
9JrR2qMQ3nU Disney Live Action Remakes - I Hate This Trend
9K52lCd7a9U Animation Junkie: Batman - Gotham by Gaslight
9K7ITIupRyg Inside No. 9 - The Harrowing
9Kvqpz1SCWs Robot of Sherwood - Take Two Doctor Who Review
9QMikqQMgi4 The Hazard of Modern Myth-Making
9QrDSwlE9g0 Doctor Who SDCC Panel - A Geek's Thoughts
9VRpNW2LrTY Defending 'G.I. Joe: The Rise of Cobra'
9W-6zckWn_0 Random Ramblings Livestream
9W35u8Aww1g Harry Potter Movies Revisit: Harry Potter and the Deathly Hallows Part 2
9Zs4JTkAPYA The Zygon Inversion - Take Two Doctor Who Review
9aPjkkB8Vnk Doctor Who Spin-Off: Class - Trailer Review
9bL3clbyGrI Exhausting Week Livestream
9c__rX_AzdY The Witch's Familiar - Take Two Doctor Who Review
9czYShuvtlg Revolution of the Daleks - A Rambling Review
9j1UqVSp2IY How to Integrate Blade into the MCU
9jEm5R0BoKs Unwinding Livestream
9kLl-7xGapY Stranger Things 2: Episodes 1-4 Spoilerific Review
9rmb_RF-RIA Game of Thrones Review: Beyond the Wall - Season 7, Episode 6
9tC8XYAA21w Carnage in the Venom Movie - Let's Not Rush This
9tVnVNQzcrM Kingsman 2: The Golden Circle - Trailer Reaction
9z_ybUomzrs Westworld Review: The Passenger - Season 2, Episode 10 (SPOILERS!)
9zjaZ51PGv8 Doctor Who Review - The Husbands of River Song
A07mIS6hlNY A New Spawn Movie, and it Might Not Even Suck
A70Gz2j0_Xk Still feels like 2020 Livestream
A74nNyuavhU The Dragon Prince Season 1 - Full Season Review
A90-0vaI0iM That *SPOILER!!!* Hint from the Spider-Man: Far From Home Trailer
AF_ZMQuayDE Is a Legend of Zelda Netflix Series a Good Idea?
AIyE29pnr84 Black Mirror Review - San Junipero (SPOILERS!)
ALQq7lzYJyA Classic Doctor Who Review - Remembrance of the Daleks
APTStC98I1M Snarking at the 93rd Academy Awards
AQQwWmKMw-4 Revived Classic Doctor Who Villains Ranked
AQTjvI7OynQ Overdue Doctor Who Review: The Big Bang
AU1Xs5SCw5k The Critic Score Conspiracy!
AU9EKtME4Mw The Batman deleted Joker scene - my thoughts
AVK_Ri1XUdA Doctor Who Review - Waters of Mars
AYzpZxFXKrQ Doctor Who Regenerations RANKED!
AbXYCU_yTCw Gotham Review: To Our Deaths and Beyond - Season 4, Episode 19
AheaQzkFvM8 It’s time
Am-zIXF5Muc Non-MCU Marvel Movies RANKED!
ApzkpHhRBYg Doctor Who Oddity: Mission to the Unknown
AuiXUSbMCCw Men in Black International - Trailer Thoughts
AxbJDhxJLAU Channel Update - Looking to the Future
AysWd5B7OBA Doctor Who Review - Smile
Az2Rkf71RtM Dark Water - Take Two Doctor Who Review
B5jxbZBqjHI 3 Underrated Superhero Movies
B6hE4Y_EiOI Thoughts on \
B6n1Kk2gMB0 Game of Thrones Review: The Iron Throne - Series Finale
BDDJz2vrc60 Doctor Who Review - Heaven Sent
BDlGebN5yfY Joker Review - A Well Crafted Set Up Without a Punchline
BGkeWQ1W6dk Sunshine - Danny Boyle's Forgotten Sci-fi Film
BMNSD06BFjk X-Men Films Retrospective #4: X-Men Origins Wolverine
BRf5kq4RAxo Inverse Ninja Theory - A Semi-Educational Ramble About Villains
BSft0-jGfzY Village of the Angels - A Doctor Who Flux Review
BU5JEQlTFP8 Guardians of the Galaxy 2 Review
BUvT4jS25GY \
BWJ_kAE9Q5k What's the Deal with the \
BWPG-A2mk5Q Big Finish Review: The Fourth Doctor Adventures Season 2 - Part 2 (Standalone Stories)
BY-1g9Bk-2Y What if... Captain Carter were the First Avenger? - Rambling Review
BYNAMEt3gmc Overdue Doctor Who Review: The Next Doctor
B_SVdr5cW6s Justice League Dark - Movie Review
B_x3LO1C274 Logan's Continuity \
BaTnti0gGgo Doctor Who Review: Praxeus
BbouexPjFDc YouTuber talks YouTubing Livestream
Bc-aIPV_2pw Geoff Johns is Out at DC Entertainment - Good or Bad News?
BcLgCnGbNxY Wonder Woman Review - Is it More than Just \
BfajTpmDn8M Secret of Roan Inish - A Unique Gem of a Film
Bfken_fiJFA Doctor Who Big Finish Review - The Fearmonger
BiATmx6geus Overdue Review - Teenage Mutant Ninja Turtle (2014)
Bj8H773RTv0 Doctor Who - Ranking Recurring Villains
BlIoWpV2fRY How to Fix Ghostbusters 2
BmES4WdTLCQ Tomb Raider 2018 Second Trailer Impressions - Will it be Worth Digging Up this Franchise?
BnYo2addpg0 Can I be friends with people I disagree with politically?
BqNfDk5IS38 Game of Thrones Review: Battle of the Bastards - Season 6, Episode 9
BqmmaMiWiuc Overdue Doctor Who Review: The Unicorn and the Wasp
BuSR77Mzo8Y Doctor Who Review - The Magician's Apprentice
BvLIe2Q3oGA Doctor Who Classic Review - An Unearthly Child
C3KnNiQBHWc Top 10 One-Time Doctor Who Companions
C5mWdLBnTxk 10 Best Political Doctor Who Episodes
C8aagaskKe8 Doctor Who Series 11 - SDCC Trailer
CAJYWrqlNjk The Pyramid at the End of the World - Take Two Doctor Who Review
CCMhXEgcbyc Doctor Who Series 12 Episodes RANKED!
CEJkjKai8Xc Avengers Endgame Teaser Thoughts
CEN0FdIfX3w Kang and the Multiverse - What does it mean for the future of the MCU?
CIi3ECZ9Sho Overdue Who Review - Aliens of London/World War Three
CPtg70SjZic The Woman Who Lived - Take Two Doctor Who Review
CUUaGYsovHk Star Wars Movies RANKED!
CVacljuayF0 Loki - Rambling review of episode 6: For All Time, Always
CYwe_mj_NdA When Companions Leave the Tardis - Ranking the Exits of Companions on Doctor Who
CYyZeTH-n6A My Kid Doesn't Share My Fandoms, and that's Okay
C_2wSYNLngQ Overdue Doctor Who Review: The Name of the Doctor
CdCroKXu_5k Iron Fist Season 2 Trailer Thoughts - A Skeptical Geek's Ramble
Cdfmztnj3lc Top 10 Tenth Doctor Episodes
CfanPfMT5kI Terrificon Recap Livestream
CfjaM9oUIdU Happy Birthday Month to Me
Cn5B8dXSUkw SDCC Misc. Wrap Up: Clone Wars, Iron Fist, Buffy Reboot, Fantastic Beasts, & Jamie Lee Curtis
CwxmPXKBCaY Overdue Doctor Who Review: The Curse of the Black Spot
Cy3myt4ItFg Q&A Livestream
D0v7f8H3jX0 Future Marvel Projects at Fox - X-Men and Silver Surfer (What to Make of This)
D1MMOX0Acdc The Return of Doctor Mysterio - Take Two Doctor Who Review
D1TESS40VzM Overdue Doctor Who Review: Blink
D3hRD0WaRek Why is LGBTQ+ Representation so Hard?
D6MaqOjhqPA The Zygon Invasion - Take Two Doctor Who Review
D7xFiJaMDp8 Black Mirror Review - The National Anthem (SPOILERS!)
D8LRmfsX6E0 The Last Unicorn - Movie Adaptation Review
D9MwXFmhaMA The Day of the Doctor - Take Two Doctor Who Review
DDMe7jVV3Uc Queer Cartoon Characters: How lesbians and gay men are represented differently in family media
DHcK0IFPLuM Change of plan: let’s just hang out
DHr6CPnwwiQ Why X-Men Should NOT be in the MCU - A Geek Ramble
DJ_59_YyDg4 Coffee fueled livestream
DM_CUDKNKIo Nitpick Rant: The Grapes in Pan's Labyrinth
DTEA365nz7Y X-Men Films Retrospective #3: The Last Stand
DXIt1duv694 Doctor Who Review - Extremis
DgQd8XWz9Uo How different shows handle Christmas episodes
DiYPJKTUnGc 90s Comics Retrial: Cyberforce Annual #1
DiytIYgvKM0 3 Most Overrated Superhero Movies
Dlwg4bGOmrU Doctor Who - What to do with the Daleks
Dnv-3myHvUY Game of Thrones Season 4: Oathkeeper - Spoiler Free Review
Dp8Bn1Ir9_0 Identity and presentation
DpYO3dlHk-Y Black Visions Collective Fundraiser
DqpM1NKDe8Q Doctor Who: 10 Best 10th Doctor Episodes
DsDCCNrkCUY You Don't Know Jack - The Strange Relationship Between Jack Harkness and Doctor Who Fans
DsrswH-pJx8 Summer Wars - My New Favorite Anime Movie
Dt3FRZzMY8w Doctor Who's Next Companion - A Geek's Hopes
DttL73UTVxw Tax Bill Telethon
Dz_83eeuLuM After the scandal, who gets a second chance?
E29tXwWJw0E Is a Yearly Spider-Man Movie a Good Idea?
E5xeoicUZnY Casual Drinking Livestream
E7xxk6_665w Doctor Strange Trailer Review & Thoughts
EALhTGtxrKA Fallout for Netflix over Chappelle Special
EB2XJr4A-FI Unthemed Q&A and Update Livestrem
EBNR0J4EC58 Episodic vs Serialized storytelling on television (on Doctor Who and beyond)
EGkpLp2Iqs8 Star Wars The Force Awakens - 2nd Teaser Reaction
EHYxcNsjPcE \
EHpYY0Pmtvw 10 Best Characters on Angel
ELGPKLUNs-0 Game of Thrones Season 5: High Sparrow - Spoiler Free Review
EOA7LIzifnE Game of Thrones Season 5: Unbowed, Unbent, Unbroken - Spoiler Free Review
EPMS1AuRRrE Broadchurch Review - Episode 7
EQDxZ-RQUwY Jurassic World: Fallen Kingdom Trailer Rant - Dumb Fun with too Much Dumb
EV6VEA7omqw Recovery - Review of a David Tennant Drama Film
EaL-S32CWn4 Doctor Who Review - Under the Lake
EbdGh-BM1s8 Overdue Doctor Who Review: The Impossible Astronaut/The Day of the Moon
Ege60AnW2cQ Loki - Rambling review of episode 3: Lamentis
EiRrp1uin54 Doctor Who, Series 8: Mummy on the Orient Express - Spoiler Free Review
EnC74CRDt48 Ranking the Marvel Cinematic Universe
Enq08veOwEg An Adventure in Space and Time - A Celebration of Doctor Who's Origins
Ep8FDFg9zNc Black Mirror Review -  White Christmas (SPOILERS!)
ErjxaAJSmXc When YouTube is your job (Q&A)
EsCOgJIHbF4 JK Rowling cannot be separated from Harry Potter
Eta4VM935qA Doctor Who Classic Review - Arc of Infinity
EubLXVXmOvw Fantastic Four Post-Mortem
ExxqyL602zs Mission: Impossible Fallout - Review
F0dxO7PUuGw Embracing My Hogwarts House - A Slytherin's Story
F2oLbhg-S3I Doctor Who: Where to Start
F6kbZwtHeV0 Overdue Doctor Who Review: Vincent and the Doctor
F8iiuAcQRfI Doctor Who Showrunner Showdown: Davies vs. Moffat (Featuring Crispy Pro)
FAYA2q3WzWI Should creators call out bad fan behavior?
FB8Ibc5S288 The Predator First Trailer - A Geeky Ramble
FG39A7fAXsk The Strain - Season 1 Review
FIQuMwUyPiY Post vacation livestream
FIRX52kGzLU Gotham Review: Queen Takes Knight - Season 4, Episode 11
FMAUmJM-IHU Things to look forward to Livestream
FO-TCat9ObA Queer Erasure Through Localization
FP-pBdYXFO8 Blade Runner 2049 Teaser Review & Thoughts
FTpruS_88RM Q & A for 20K Subscribers Part 2: General Opinion and Personal Questions
FUeOxGmW4eI Can a Cisgender Actor be \
FclWUOuVV3o Blade Runner 2049 Review - A Conflicted Fan's Opinion
Fe00Jg87Les Justice League is Under-Performing: How'd This Happen and What Happens Now
FedsuDlzF0I 10 Best Gotham Characters - A Geeky Couple's List
FjUck1wLX0k Social Distancing Fun-Time: Doctor Who Madlibs
FlBKvuOrJbY Twice Upon a Time - Take Two Doctor Who Review
FnDzVvRlojc Classic Doctor Who Review - The Daleks
FqX7KV6Uh9E Doctor Who Review: Spyfall Part 2
FqhAuJI3R5s Doctor Who Series 10 Teaser - Reaction & Thoughts
FsLlBjnfJ3Y How Long Should the Doctor Stay a Woman?
G2oMGGis8kE Doctor Who Review: Orphan 55
G3c46ereI3o Harry Potter Movies Revisit: Harry Potter and the Goblet of Fire
G4C-4jRYt2I Stranger Things 3 - A Return to Form?
G4_HnIgAJIU Doctor Who Companions (Modern Era) Ranked
GEhy-2HLlog Is making a character LGBTQIA+ inherently sexualizing?
GIFvt-IkL5Q Redemption through Death - a trope dissection
GIG-0c8wT68 What if Doctor Who Never Aired? - Big Finish Review: Doctor Who Unbound - Deadline
GNMku2iAmqM Did \
GNwJyt_yJAQ Answering Your Assumptions Livestream
GOnobSG8ZB8 Hydrated Fant4stic Viewing Party
GRhtCPuVYG4 Doctor Who Companion Casting - A Geek's Rambling Thoughts
GSFpPPFob1E Happy Frederick Douglass Day
GVhWRMz5Vz8 A Geek's Thoughts on the Doctor Who Twice Upon a Time Preview Clip
GVlP8d3qcRQ Book or Movie? Which to Experience First?
GWzxvr0LuDg Rebutting the \
GXRW-u_czok Queer Mortality Rates in Film and Television (\
GZq4Jg9uDzE Guardians of the Galaxy Reveals Cracks in Marvel's Armor
GeXaK-YDbrw Game of Thrones Review: The Dragon and the Wolf - Season 7, Episode 7
GlfqjPCaXxs Love Death + Robots - Full Season Review
GnBy2TOZX-A Extremis - Take Two Doctor Who Review
GnUp9lZvuUI Comic Book Movies We Need: Far West
GtGWNv9reM0 The Woman Who Fell to Earth - Take Two Doctor Who Review
GxYyS-tdpIM Personal Favorites: V for Vendetta
GzUgyx3Txr4 Toxic Fandom as Ego Self Defense
GzaskUpgAik Doctor Who Series 11 Overview Review
H-KywWCONJk Doctor Who Review - Face the Raven
H0sHUk-92pY Good Omens - Amazon Prime Series Review
H26NUseHR5o Doctor Who Review - The Witch's Familiar
H4FTLpjggNk Bird Box - Review of the Netflix Hit Movie
H5I3UEvALrI Game of Thrones Season 4: The Watchers on the Wall - Spoiler Free Review
H7qMYD1iNxk Hogfather - A Christmas Special for Fantasy Geeks
HEHLTCpfOe8 Oscars 2018 - A Sleep Deprived Round-Up
HH4yxGMiJMc Why Love Actually is AWESOME
HJAA4p9gYhQ Doctor Who Review: Battle of Ranskoor Av Kolos
HKg_ewfAyIw Doctor Who Moves Nights & Announces a Premiere Title
HP0AhqISHdQ The Peanuts Movie - Movie Review
HUMYJeTev-k Why The Rocky Horror Picture Show is AWESOME
HWA0U6KPZvg Loki - Rambling review of episode 5: Journey into Mystery
HZy4Z_3E6Ck Bill & Ted Face the Music - It's Lovely to have Nice Things Again
HaVcDmvsbRc Classic Doctor Who Review - Power of the Daleks
HhRz9DzTedU Top 10 Funniest Doctor Who Episodes
HjTaQb3GFow What is the Future of Sony Motion Pictures?
HkJNAiwkk2A Oxygen - Take Two Doctor Who Review
HmEhXbOiiSg Cats 2019 - A Drunk Review
HneIvr3DxkY American Gods Season 1 - Spoiler Review from a Gaiman Fan
Hp3faif2IKE How Media Contributes to Queerbaiting
I4ZAb2eHYws Star Trek: Picard Finale & Season Wrap Up Thoughts
I5dIEADxAoE Chappie vs. Ex Machina
I77H8oSvUm0 New Hair Color Livestream
IABCVcKHc1A Black Panther Review - Did It Meet the Hype?
IDMKX5qJ2VM Looking at 2020 and ahead to 2021 (State of the Channel Address)
IDtelJFWNlA The earliest signs of my ADHD
ILIXmFImtmI Doctor Who Series 8: Deep Breath - Spoiler Free Review
IMxDKzSOotw Zack Snyder's Watchmen: How Loyalty can Destroy Adaptation
IPYNqf3k_5Q Solo: A Star Wars Story Full Trailer - How it Changed My Feelings
IRJHzUyEkfQ Upcoming Projects Livestream
IVY-v9t5IfA Ranking all 9 Spider-Man movies!
IY2ECZ5Hd8o Cars are a pain Livestream
Ie9j455XVKw Anime Debate: Sub vs. Dub (an audio debate because the video froze)
InFMzqXm1S8 Oscars 2019 Wrap Up (Mostly About Green Book)
IoVr3o_ABeA The Snyder Cut is Coming - And I Have Thoughts
IoXL9hddBPc Episode 4: Defending the Video Store
IpHybY2ZMko Black Mirror Review - Arkangel (SPOILERS)
Ip_siVDqq5c Overview of Chris Chibnall's Work on Doctor Who & Torchwood
IqXsb4ii33s Horror, Halloween , and apple cider livestream
Ir4Hr9esrBg Game of Thrones Season 7 Trailer Reaction
IykH1D9uZag Look to 2019 Challenges & the Future of the Channel
IzGDTmqDHuk Top 10 Episodes of Buffy the Vampire Slayer
J0krd89V0Sk Council of Geeks Shorts: Returning Star Wars Characters
J1NVNz8jP38 Game of Thrones Season 5: Homehard - Spoiler Free Review
J2GrQd3yJbM 10 Best Characters the Doctor Couldn't Save
J2_wz3oE-Gs One Fantastic Scene - Everybody Lives
J2jSjeBJKv8 Dark Crystal Age of Resistance Review - Dark Puppety Glory!
J5mZl7xuiYs 10 Movies I Love that Nobody Saw
J6R_faVS68s The Next Marvel Movie Hero is... Shang-Chi?
JC-aZWf1B7g Game of Thrones Season 3: Dark Wings, Dark Words - Episode Review
JJpxjhEcxNU Gotham - Pilot Episode Tag Team Review
JMO0WmDt_uQ Ghostbusters Trailer Review & Thoughts
JPUuwVHckYc The Lego Movie 2: The Second Part - Trailer Thoughts
JSrZobBd68E 10 Show Challenge
JUAQG8xXEoY Doctor Who, Series 8: Time Heist - Spoiler Free Review
JWF0PF-VLTc Sherlock Review - The Lying Detective
JbLrE35xPR4 Why do Doctor Who Fans Always Hate the Showrunner? (featuring Stubagful)
JfhwH6uj3U8 The History (and future) of Transgender Representation in Video Games (w/ Laura K. Buzz)
JfsPKCGxM2Y Toy Story 4 Teasers - A Skeptical Geek's Thoughts
Jh5B160pgJ8 Batman v Superman & Fantastic Four Trailer Reactions
Jh6d5tIumAU Why I Don't Do Fan Theory
Jk4Y46NVXQE YouTube Resolutions 2020 (A look back and a look forward)
JnweRrZK1aI Game of Thrones Review: Winterfell - Season 8, Episode 1
JsAuhwzsEyY Doctor Who Review: The Tsuranga Conundrum (Plus Mid-Series Assessment)
JsCc2irwwZw Channel Plans & Quarantineness
Jsu6q49hzeU Captain America Civil War Trailer Review & Thoughts
JtcQJ56iL84 Daredevil Cancelled and the Future of Marvel on Netflix
JvGk_m7Rzt0 The Imminent Demise of Marvel Netflix Shows
K-oApY9vgLI 'The Desolation of Smaug' is NOT 'The Hobbit'
K1dv3wm70H8 The Failings of \
K447oe-fuG4 Doctor Who Review - The Return of Doctor Mysterio
K65m8gAcVUA Comic Book Movies We Need: The Sandman
K80oe-3vcDw Doctor Who Review: Kerblam!
K9BPIAE6IeA Classic Who Review - Time and the Rani
KCFn0l0ANRI Why Labyrinth is AWESOME!
KGUJgM1p70w Ten Movies that Make Me Cry (Everytime)
KIgXxcBJgjU 10 Most Anticipated Films of 2019
KPYqbrs6hvo Why Doctor Who is my favorite show
KTKM8BVAJK4 One Year as a Full Time YouTuber
KWhJY7tuqDk Ideas from Marvel Comics that Should NOT be in the Movies
KZ_pkhLy_oA Altered Carbon Season 1 - Going off the Rails in a Cyberpunk World
KaQNuYWz09o Titans - Trailer Thoughts
KkQl_4Ztcjs 8 Classic Doctor Who Characters that Should Come Back
KljsOh0mTYM Detective Pikachu - Trailer Thoughts
KnadDMz5dwo John Simm Returns to Doctor Who - First Double Master Story!
Kqo6k3KmVaE Hellboy Reboot - Best Idea or Worst Idea?
KvTM21fPNDQ Game of Thrones Season 3: And Now His Watch Has Ended - Episode Review
KwTDiLYx0VQ Baahubali - An Insane Indian Epic
L2acOC7ADGE Luke Cage Season 2 Review: Episodes 1-6
L2h2sqx32a8 Luke Cage Cancelled - Wait, What?
L6s8cMAId-A Why TERFs say 𠇋iological sex is real”
L8-us1jGzsw Justice League 2nd Trailer & Flashpoint - Thoughts on DCEU New from Comic Con
LBdAcgpnPBo Overdue Doctor Who Review - The Girl in the Fireplace
LBi2OLY8ASU A Few Words on JK Rowling
LE2MSYiTTRk Overdue Doctor Who Review - New Earth
LIbjd8sGkPo Doctor Who Series 8 Episodes RANKED!
LJ7beLnszxg Overdue Doctor Who Review: The Power of Three
LL7geE4TTNg Council of Geeks Shorts: When Geeks Don't Leave Home
LLhaCitPELI What Mulan Going to Disney+ Means for Theaters
LNYTE7YHAGY The Faults of Doctor Who Series 11
LPpPb2oGNJI Batman v Superman Comic-Con Trailer Reaction
LWaThEvgDK4 What's going on with Amber Heard and Aquaman 2?
LZLbhltlUWg Should Warner Bros. Sell DC Comics to Disney?
LfdxdQKxFTY Deadpool 2 Full Trailer - A Geek's Thoughts
LfxMKHYvgdY Overdue Doctor Who Review: Dinosaurs on a Spaceship
LgKBLYcAl-Q Overdue Doctor Who Review: The God Complex
Lh5rsNShnNw Q & A Announcement: Now Taking Questions
LpfQ735XMrQ Luke Cage Season 2 Trailer - A Geeky Ramble
LvH0QysNBCA WandaVision - What worked, and (more importantly) what failed
Lz49kJlxmhI The Punisher on Netflix - Why I Can't Finish It
M-ZJNIHZqF8 Fevre Dream - aka Oh My God! Did you know George R. R. Martin Wrote a VAMPIRE NOVEL???
M6BGDMy0kN8 Sir Patrick Stewart Returns as Captain Picard
MFZLKPSdbFA Dark Tower Trailer - Well it's About Time!
MGAsl5malvI Doctor Who Review - Knock Knock
MNHbyVQqc7M What... what?! WHAT?!? Russell T. Davies is Back to Run DOCTOR WHO!
MSESZj9TSEc Doctor Who Finales Ranked
MTM_l9L6qnM Roundtable: Movies Coming in 2017 Part 1
Ma95QTc3z0k Game of Thrones Season 4: First of His Name - Spoiler Free Review
McHaExgesC8 What is Going on with Doctor Who Series 12???
Mec5PskJcpM Can Winter be Over? - Livestream
Mhl0_-Dy_qk Batman v Superman - Spoilerific Review
MlbnPcVcniY 9th Doctor Stories Re-Ranked
MmdiRcp_xac Venom Teaser - What is There to Even Say?
MpkL03J6YfM Classic Who Review: Shada (Animated Re-Creation)
Mq7BF0H6ZMs Smile - Take Two Doctor Who Review
MrqJ-kj6MrE Heaven Sent - Take Two Doctor Who Review
Mz_kJFFJEBY Doctor Who Ratings: What do They Mean?
N0Em8mhGMrY Gotham Review: A Day in the Narrows - Season 4, Episode 7
N2bR_8XEX-Q Aquaman - SDCC Trailer Thoughts
N3IvF3GoxUI Doctor Who Review - The Zygon Invasion
N7A6szHFA_c Most Anticipated Movies of 2015
N7HQASLt9aw Marvel's Agents of S.H.I.E.L.D. Renewed... Yay?
NCjfxziDaqs Spider-Man: Far From Home - Trailer Thoughts
NIXzCiRQNFE Jodie Whittaker and Chris Chibnall are leaving Doctor Who... what happens next?
NQYpszRwO5c Wonder Woman is Coming to HBO Max (and what it means)
NSPJGZoXv6w Pride Month Stream
NTYG7TVVytg Trans Awareness Week Livestream
NXzCJ1mY38k DCEU Villains: The Problem Nobody is Talking About - A Geeky Ramble
N__ruQF6v1U Orphan Black Season Three - Overdue Review
NbT3ImkW3bI World Enough and Time - Take Two Doctor Who Review
Nc0J4w1N5LQ Why Red Dwarf is AWESOME!
NdZMTsbjQeg Animation Junkie: Justice League vs. Teen Titans
NezISnW_Jyg Zootopia - Movie Review
NfGpv32D6VI Morbius - ANOTHER Spider-Man Spin-off Movie... Except it Isn't a Terrible Idea
NiWy0HXkvAA X-Men: Dark Phoenix Trailer - Old Mistakes Made New
Nii8SlgXhxQ Star Wars TV Show Drops its Title - Let's Over-Analyze!
NmCTcbAILEM One concern about bisexual Superman & Red Robin
Nph9wHUiXks The Geeks are Coming
NtuAU7d8YNI 10 Best Movies of 2015
O0OGxq44hsQ Doctor Who Review: Rosa
O2ep3rNYp70 Disenchantment Season 2 - Spinning Wheels
O51y2dyyARo The Pumpkin Spice Season Livestream
O5O-h9vPRTc Every Black Mirror Episode Ranked (from Worst to Best)
O7h3KTIghYM Doctor Who Big Finish Review: Marian Conspiracy
O9t6JQZ5qdM She-Ra Season 3 - Full Season Review
ODHYZ7E2XG0 Black Mirror Review - The Entire History of You (SPOILERS!)
ODJwA7aDQgg Procrastination Livestream
OFKPqv-rnwg Happy Almost Fourth if Julivestream!
OFPqrqKZNQg Hollywood's Political Revisionism
OG59fNjSm50 Gotham Review: Reunion - Season 4, Episode 14
OLi7_5_FX20 Classic Doctor Who Review: The Mark of the Rani
ONRRH9OREhg Gotham Review: That's Entertainment - Season 4, Episode 18
ONunaIm4eoQ One Year as a Fulltime YouTuber!
OOw-7ANdoPE Zack Snyder's Justice League - A Rambling Review
OPPAhNU-a74 How to Train Your Dragon: The Hidden World - Trailer Thoughts
OPvPQRDG3Lo Roundtable: Movies Coming in 2017 Part 3 (July - September)
OSZc_FhejQs Castlevania Season 2 - Full Season Review
OTjMJ8D6B1Y Harry Potter Movies Revisit: Harry Potter and the Order of the Phoenix
OUL97AqMOKA Marvel's Defenders Review: Episodes 5-8 - What the HELL Happened?!?
OWBSggYFYh4 Jurassic World - Not Dumb Enough?
OWlptMQjKVQ The thing about cis actors in trans roles…
OZG3LUb1jWE Black Mirror Review - The Waldo Moment (SPOILERS!)
OdP8uGsftdU Hanging and drinking when I should be working...
Og2vm-iZkVc Can Catra be Redeemed? (And should she be?)
Oi6zqowa658 Why the Deadpool Animated Series is a Bad Idea
Oj1HlZyVs8s Silver Linings: The House on Haunted Hill (1999)
Oj82gjGS8Ew Doctor Who Spoilers Livestream
Ok4NAFZvhnI Doctor Who Series 5 RANKED!
Omglj7hLC1w 10 Worst Marvel Cinematic Universe Villains
OsZO4rF9ilc Doctor Who Big Finish: The Time War Series 1
Ow14Q9qRTos Yard Work and She-Ra Spoilers
Oyt9dwQ39LY X Men Apocalypse Trailer Review & Thoughts
OzT4pPgXFbc Captain Marvel First Look - A Geek's Thoughts
P7GYAnlkEY8 It’s my birthday this month!
P9tkh6Q_NBg Classic Doctor Who Review: Web of Fear
PFaiROwQaM8 Age of Ultron - Spoiler Roundtable
PcZIeOwvjMs Ten Worst Episodes of Buffy the Vampire Slayer
Pdu-BUbyOlY Assessing Chris Chibnal as Doctor Who Showrunner (having seen Broadchurch)
PfQKdXyes1I Robert Pattinson is OFFICALLY Batman (So yeah, I'll talk about it now)
Pggr8Z9jmrY Wonder Woman Trailer Review & Thoughts
PnArFFxmZ5w Secret Life of Pets - Movie Review
PpZEf_aQRXY Toxic Fandom: When Good Fans Go Bad
Pwa4wGC-jxg Ghost in the Shell Teasers - Review & Thoughts
PzbZwfoK2mI Knock Knock - Take Two Doctor Who Review
Pzg5HlJeeAM Doctor Who - Each Doctor's First (full) Episode RANKED!
Q-b3yRkEbsc What we love about Doctor Who (feat. Jay Exci)
Q-w-ozIaark EXCLUSIVE - Expect \
Q1NcBwCEuNo Overdue Doctor Who Review: Nightmare in Silver
Q3EMdxh3lxY TV Talk Livestream
Q8RROLTI8ws The ways we are talking about the slap at the Oscars (are a terrifying mess)
Q8ty6ldLahU Harry Potter Movies Revisit: Harry Potter and the Sorcerer's/Philosopher's Stone
QA1qe5I-cD8 Game of Thrones Season 3: Mhysa - Episode Review
QDuV5LJNGpE Hellboy Trailer Thoughts
QPil-urYKZI Venom Movie Story is Hinted At - And The News Isn't Good
QRAFMIzvL8s Westworld Review: Journey Into Night - Season 2, Episode 1 (SPOILERS!)
QYlg_X_I8Tw What is \
QasR-3osot0 We Made JK Rowling
Qcgu1c6Xl6Q 10 Joker Laughs
QcnsYVbgWAk So... is the Doctor Gay Now? - A Doctor Who Ramble
QiJ4t9WWGv0 Overdue Doctor Who Review: Runaway Bride
QkB24rLLPow Battle of the Five Armies - Final Trailer Reaction
QmmFCzwOBgw Top 10 Stan Lee Cameos
QnAZGlI7Lag Harry Potter Movies Revisit - Fantastic Beasts: The Crimes of Grindelwald
QnCvPW9V1Nk Game of Thrones Review: Home - Season 6, Episode 2
QpHRbFDYnN8 Baby Driver Review - Edgar Wright's Cinematic Mix Tape
Qq8FgIOiD2U Game of Thrones Season 5: The Dance of Dragons - Spoiler Free Review
Qus-5mRH18k Breakdown for Teasers for 2015's Geeky Blockbusters Vol. 1
QxsxZtoZmhE Justice League: Throne of Atlantis - Movie Review
QywGK1gRffA My Most Prized Doctor Who Possession
QzOX2RsT3WE Let's Talk About Bill - The \
R38KKj8jfn4 More Spidey Spin-Offs (Plus \
R3v9i9ad2Uw A Marvel Fan's Fears About the Defenders Netflix Series
R6SuUZNhU0w Dreams of Fire - Kickstarter Pitch
R89E8RjCL-c Is Disney Pixar's Luca guilty of queerbaiting?
RC5t_ZFwFwg How YouTube Screws with Me
RDd4lBiK770 Overdue Doctor Who Review: Let's Kill Hitler
RGCsiwJvqtU Doctor Who Review: The Witchfinders
RIB0AzfV52E Should Gina Carano and Rosario Dawson be fired from The Mandalorian?
RPU7eYRWUJk 7 of the Worst Tropes in Superhero Comics
RPXWJSECNHY Overdue Doctor Who Review (Mini) - Born Again
RScLLfcn7DE Star Trek Deep Space Nine: Explorers & The Visitor
RZBhH0aw9r8 Overdue Doctor Who Review: Boomtown
RZVfb1VVQzY Ghost in the Shell & Racial Recasting
Rae4_y4DoZc Fandome, Mulan, Kickstarter, & Random Topic Livestream
ReKQllNa-4k Harry Potter Movies Revisit: The Deathly Hallows Part 1
ReZH1ZjncYQ Westworld Review: Les ಜorchés - Season 2, Episode 7 (SPOILERS!)
RgWPmQQ2rzg Meet the Geeks
Rj5qyJFas-0 Solo: A Star Wars Story 2nd Trailer - Is it Looking Good?
RkBY_oY5e3k Black Mirror Review - Metalhead (SPOILERS!)
RksacOHchgU Stop Complaining About \
RnzHE3eagV4 Overdue Doctor Who Review: Time Crash
RqtjDMR2S08 Hotel Transylvania 3: Summer Vacation - Movie Review
RucxlsOvw4A Overdue Doctor Who Review: The Rebel Flesh/The Almost People
RumJWVdX1uQ Stranger Things 2 Full Season Spoiler Review - I'm Not Mad, Just Disappointed
RwqRCShsuOI Gotham Review: Pieces of a Broken Mirror & A Beautiful Darkness, Season 4 - Episodes 12 & 13
S5eMzz78qhA Eurus Holmes - Thoughts and Concerns *SPOILERS for Sherlock*
S66U4Jn9gNc Doctor Who - Ranking the Masters (Worst to Best)
S6S2klaCbyk The Problem is Patterns - LGBTQ+ Representation
SDGV0zhbCp8 Overdue Doctor Who Review: The Beast Below
SDOtGkws6H0 Black Mirror Review - White Bear (SPOILERS!)
SENKLSveIzo Doctor Who Series 4 Episodes Ranked!
SHpOmYcAUyU Finding Dory - Movie Review
SJe7rdR3YwA Harry Potter Movies Revisit: Harry Potter and the Chamber of Secrets
SO3JeZkfTNg Hollywood's \
SOgSdyXs7j0 Breaking Down the Disney Announcements (MCU, Star Wars, and MORE!)
STykt1t1ofg What is RTD planning for Doctor Who (rumor break down)
SURRBHzkp6g Overdue Doctor Who Review: The End of Time
SUyTNqQyZ1w Classic Doctor Who Review: The Time Meddler
SVlUDmVilkM How Jesse Eisenberg Might Work as Lex Luthor
S_9ZGJKlM7s Doctor Who: Twice Upon a Time Trailer - One Geek's Thoughts
S_F6bs53jiE What is Happening with Star Wars?!?
SbIG_4KSrPg Harry Potter Movies Revisit: Fantastic Beasts and Where to Find Them
SbIUDzLEA_g Doctor Who Cosplay Review - 12th Doctor's Coat from Cosdaddy
Sbg1uuO8xDI Game of Thrones Season 5: The Wars to Come - Spoiler Free Review
ScWBHQJlvMA Captain America: The Winter Soldier - Roundtable Review
SfRLaKco5Y8 Nitpick's Rants: Bucky's Gun
SfuSoY_NjSE Doctor Who, Series 8: Dark Water -  Spoiler Free Review
SitaNFdKGG0 YouTube Annoyances, Podcast Projects, and General Update
SpBmfy7zmVs Ghost in the Shell Casting & Story Speculation
SqGgka929HY The Book of Boba Fett - Stranger in a Strang Land (Premiere Episode Review)
SrSTtEOkH-I Doctor Who Review - Twice Upon a Time
Sty-opBqH4M Star Wars Plans for Carrie Fisher Appearances - Is it the Best Way?
SvONhxF8WSQ Flatline - Take Two Doctor Who Review
SxlrSznE300 Day of the Doctor Review/Rant/Thingy
SyCtrRWoRgk 10 Best Villains in the Marvel Cinematic Universe
T2nDQU0t_rk Overdue Doctor Who Review: A Town Called Mercy
T6idKWltpAc Normal Heart - Review of a Film Depiction of a Horrible History
TE6cbB0ZcQM Doctor Who Series 13 Will Have Fewer Episodes...
THBuJxzC6sU Nitpick Rants: The Force Awakens - Chewie's Fingers
TN_2-JlQ_3o Do we need immortal queer characters? (LGBTQ+ representation & tokenism)
TO7zosRE02M Marvel Characters that Should be in the MCU
TOMHcW7br58 A Few Words on Joss Whedon
TP4BLWo8KeQ How to Curate YouTube Comments
TbYQ4WvPNvA Hiyao Miyazaki's Films RANKED!
TdUtoxQgr3A Game of Thrones Season 5: Sons of the Harpy - Spoiler Free Review
Teea_sidhgU \
Tf6nFFzQIHs Why Legends of Tomorrow is AWESOME
TkyHxYXdeZc Overdue Doctor Who Review: Asylum of the Daleks
TpsSUo56qbY Bohemian Rhapsody - Oscar Contender Review
Tqsoa5aeNBs Happy Pride Month
TuD3fMAYr8I Why EVERYONE Needs to See Hannah Gadsby: Nanette
TvQ8j64crxQ Death in Heaven - Take Two Review
U11m6yKMvZg Captain Marvel 2nd Trailer Thoughts
U3OuyGz0PXw The Mummy & Dark Universe - What Happens Now?
UDRVp6TpuGs Top 10 'Doctor Who' One Time Villains
UDrVFmgvUzo \
UFAYvuCusMA A Few Words on Gina Carano's Firing
UFGngiCmF9w Gotham Double Review: Ruin/Pena Dura - Season 5, Episodes 4 & 5
UFrD0eJuZjA Scarlett Johansson Sues the Mouse!
UFz145gt0t4 Doctor Who, Series 8: In the Forest of the Night - Spoiler Free Review
UHqxHkmRypc 10 Best Disney Villains
UI_RbXd10EQ The Magician's Apprentice - Take Two Doctor Who Review
UKn0ZdRH78E LGBTQ+ Representation in Media: The Good, The Bad, and the Bisexual
USIpkE_QP8M Castlevania Season 3 - Spoilers Review
UaUsca-WI2E What is Going on with the Dark Tower Movie?
UacHuYyiqT8 The Problems with Jo Martin's Doctor being a Pre-Hartnell Incarnation
UkQK6h71XW0 Gareth Roberts, BBC Books, and Transphobia (all make me so very, very tired)
Ukjoxgtxd4M Top 10 Deaths on Game of Thrones (Redux)
UnGYFjIJmYE Reacting to my old video about casting a woman as the Doctor
Uot8xsy8-hI The Good Place Season 3 Overview Review
Uqzhg7oU3Ng Doctor Who Series 11 - 2nd Trailer Thoughts
UsqHiVsKlKs Legacy Heroes in Comics - Awesome When it Works
Uv6SZyTOSBA Teen Titans Go to the Movies - Movie Review
UzNevE56bdg Overdue Doctor Who Review: The Doctor's Daughter
UzUfxn5BEX0 Shorter Marketing Cycles - Thank Goodness
V5ZNygOOQig Is the future entirely franchises?
V85b99TQBsc Venom Review - A Turd in the Wind?
VBDL_Gue7tk Suicide Squad Trailer Review
VC1Knq3wQA8 The Dumbledore Controversy in Crimes of Grindelwald - LGBTQ Representation
VD4xR3fcd24 Umbrella Academy Season 2 is Glorious Trash
VEtUp0FGFNo The 13th Doctor's Costume - A Geek's Thoughts on Jodie Whittaker's Look
VFH6qSyqBCg \
VGSqYetRiUM Black Mirror Review - Crocodile (SPOILERS)
VNFGIaUC668 Ranking Doctor Who Series 1-10
VORr8PHHRfM Black Mirror Review - Black Museum (SPOILERS!)
VPQYA1TUCWM Black Mirror Review - Men Against Fire (SPOILERS!)
VPvHAjpJFHA 10 Best Characters on Game of Thrones (Still Alive)
VTQrOTB7Wfg Nitpick Rant: Why Does Anybody Believe Bane in \
VVnWra_dVUA Batman vs  Robin - Movie Review
VXFXfHA8IuA The Death of Superman - 90s Comics Retrial
VY6zqHn2Vu4 Survivors of the Flux - A Doctor Who Flux Review
V_lXtpYhecQ Marvel's Defenders Review: Episodes 1-4
VhVw3sE-UNM Solo: A Star Wars Story - A Geek's Review
VinMVtBHRy4 X Men Films RANKED!
Vj7kp6P_gcQ Gotham Review: The Sinking Ship and the Grand Applause & One of My Three Soups
VjZ39FdVsu0 Deadpool Red Band Trailer Reaction
VoEsFQikytY Spectre - Spoilerific Review
VoSuRUq-Dfc How Much Does Creator Intent Matter?
Vt6hM5E83Vs Detective Pikachu - Review from a Non-Pokemon Fan
VuVZJ5CaPjc Ghost in the Shell 2nd Trailer Reaction - So Many Reasons to Not See This Movie
VyiWKbZ4Vio Game of Thrones Season 5: Mother's Mercy - Spoiler Free Review
VytRK2CUMT8 Let's Unwind Together - Livestream
VzdpNocmKMY Joss Whedon on Batgirl - DCEU Future Looking Brighter
W0huRIPPWyE 10 Best Characters on 'Game of Thrones' (Deceased)
W5w7ch9yqVM Livestream Fundraiser Announcement - 7pm EST, June 2nd
W6zkqEg7j2s Finding a Home in the WhoTube Community
W9MUP1ZTLQQ Doctor Who Series 11 Episodes Ranked
WAB9XqSVW9U Oscar Contender Review: Little Women
WClWn4w9O2o Rogue One Spoiler Free Review
WEOE_4dzCY8 Opening Credits Contest Results!
WGiDQN1pRKw 8 Movie Mashups that Should be Real
WJn0HJFViDA What does *SPOILER* showing up in WandaVision mean for the MCU?
WKuYBuf-Vho Introducing 90's Comics Retrial
WLpslFa9GKU Episode 6: Comic Book Movie Fight
WS8RFDS381g Westworld Review: Vanishing Point - Season 2, Episode 9 (SPOILERS!)
WT0KV6bZYw4 Doctor Who Series 10 Episodes RANKED!
WVfVkIyDvq4 Why I Don't Use Ratings
WWGyVWqdpNU Before the Flood - Take Two Doctor Who Review
WZBtFP_KhZ8 Doctor Who Series 3 Ranked!
WZH3XIrbT34 Overdue Who Review - Rise of the Cybermen/Age of Steel
WjDi0jYNkSo Captain America: Civil War - Spoilerific Review
Wje0cEGCuRE Overdue Doctor Who Review: A Good Man Goes to War
Wkym7hsKuMo 10 Best Twists in Doctor Who
WstM4j7IC8g ScarJo settles with Disney
Wy4GR-012YI Stop Making \
WyUR4rSdYuc Doctor Who Review - Oxygen
X0yZJc4ji-g Doctor Who Review - Hell Bent
X2P6DuklAkY How Final Fantasy VII Ruined the Final Fantasy Series
X6HTsRpXkAg Why Legend of the Mystical Ninja is AWESOME
XECf78PFDwA Eve of the Daleks - Doctor Who Review
XEwGi3VkEA0 Overdue Doctor Who Review: The Waters of Mars
XIgqROGLSMs My favorite books
XJAhs8D4G6M Doctor Who Series 7 - RANKED!
XLPw5piB69E Why Mainstream LGBTQ+ Representation Matters
XRYaSuxynEc Top 10 Movie Musicals
XS8OFVdgruk Classic Doctor Who Review: The Tomb of the Cybermen
XV-KlC9hnUw Wonder Woman 1984 First Images - A Geeky Ramble
XWof0iPwl2M Overdue Doctor Who Review: The Snowmen
X_ErL3_7Plg Do We Need to Reassess Joss Whedon? - A Geeky Ramble
Xd8ZKDFok_8 Doctor Who Review - Lie of the Land
Xe5eqkdKqXo Game of Thrones Season 4: Children - Spoiler Free Review
XeJRkjiBo0c Spider Man is Back in the MCU! (And Other Spidey Movie News)
XfhD_ahlPL0 Why Journey (the video game) is AWESOME!
Xg88ZIpiUHM X-Men: Apocalypse \
XhHHBW9cE-Q Adulting Sucks Livestream
XiPlH3b5CJw Broadchurch Review - Episode 2
Xl0q67nlU-Y Agents of S.H.I.E.L.D. - Spoilerific Season 1 Review
XnCNSGuqfD4 Last Livestream of 2021
XuXIf5-CYO8 \
Y8OyY_mnC7o Tennant as 14th Doctor (is a bad idea)
Y8Zd8pyQWFg March is a Mad Month take 2
Y9J49Se4EZU Gotham will End with Season Five - A Fan's Thoughts
YAlNLlPFK3Y Wonder Woman Sequel Thoughts *Spoilers*
YCkACXYnv8k Overdue Doctor Who Review: Love & Monsters
YDHoD348ScQ The Infinity Saga RANKED!
YF77QaUOYGk Silver Linings - Masters of the Universe (1987)
YJ3QT1b5XMw Ghost in the Shell Trailer - Reaction & Thoughts
YJGNnTzlG-c Overdue Doctor Who Review: The Rings of Akhaten
YJnVcs06HEQ Batman: Assault on Arkham - Movie Review
YLsq_Mc46Tk X-Men Films Retrospective #2: X2
YN1m0qFgYhQ Jessica Jones Season 2: Episodes 1-3 (Was it Worth Coming Back?)
YNJYmLo8IkQ Transgender Themes in Five Famous Films
YNx7pxIrJrg 10 (Plus) Characters and Stories that Should be in DC Movies
YPMBrx59wwA Pour me another one, it's been a day...
YRW3Pf86h5k Rogue One Trailer Review & Thoughts
YSDNtzl5i40 Philip K. Dick's Electric Dreams Review - Real Life (Spoiler-Free)
YTwm4IIBGPI Stop Baiting LGBTQ+ Audiences - A Pop Culture Rant (Star Wars, DC, Disney, Harry Potter & More)
Yb4oAorPmug The Hunger Games - An Overdue Review
YfNqphoTSfw Overdue Doctor Who Review: The Crimson Horror
YfrHSqJBO4g IT - Spoilers Roundtable: How Well Does the Movie tell the Story?
YhVe3raHKHY Last Jedi Review - A Very Mixed Opinion (with Spoilers)
Yi9mp8yqyYQ Inside No. 9 Review - Tom & Gerri
YjEJ0U4B3OU Joker Trailer - Wait, this might actually work?
YkESFw4Yn_M Diversifying Superheroes - Why Don't They Just Make New Characters?
YkRAEc2cErg Ducktales 2017 Review
Yl1wkl7huJc Game of Thrones Season 3 - The Rains of Castamere - Episode Review
YmQ_XXzua8s The Secret of NIMH - Movie Review
YmxVv9fS6ew Sherlock Review - The Final Problem
Yth-NOAKPSw Overdue Doctor Who: Night Terrors
YxEjQj3ZQ0E Who Will Die on Game of Thrones and How? - A Geeky Ramble
Z3mV4KACvtw Hope you did your taxes Livestream
Z9qaa0elitE Overdue Doctor Who Review: Turn Left
ZPi-hZ8xoTE Big Finish Review: The Fourth Doctor Adventures Season 2 - Part 1 (The Cuthbert Stories)
ZQlm23ZFvIQ Doctor Who Review - The 1996 TV Movie (featuring Stubagful)
ZUGwk7o6p-c Avengers: Endgame - A Geek Couple's Spoilery Review
ZUjsblJjjqk Doctor Who and the Condescending Novel - A Geek's Rant
ZaXDWujFC2Q Doctor Who Big Finish Review - Shada
ZgepJ4i-06Y Legion Review: Chapter 10 - Season 2, Episode 2
ZgkLjhEVikY Good Movie Bad Ending - Sky High
ZiNvt56TOHs Tomb Raider Trailer Review & Thoughts
Zj5J6xY0yQQ Avengers: Endgame - 2nd Full Trailer (An Excited Geek's Thoughts)
ZjquhU0q3Sg Gotham Review: Things That Go Boom - Season 4, Episode 10
ZmpHNPC8-bM Doctor Who, Series 8: Into the Dalek - Spoiler Free Review
Zn_nIjBIeCY New Year, Same Nonsense - Bi-weekly Livestream
Zo6kl2Y2wuA Mr. Robot - A Newcomer's Review of the First Two Episodes
ZqXbGZER1w4 Overdue Doctor Who Review: The Shakespeare Code
ZqYcHHi1CjI She-Ra and the Princesses of Power - Season 1 - Full Season Review
Zshj02-ux5U Gotham Burns to the Ground - Season 5 Overview Review
ZuT3TuVZWWs Should Ghostbusters 2016 Get a Sequel?
ZvkNu0m7RPQ The REAL Problem with the New Ghostbusters
_2AQl65CylU Doctor Who Review - Thin Ice
_2Nf9tzPrFg Episode 2: The Tournament Fighter
_5Pzl0TYiX0 Let’s talk superheroes livestream
_5X1_bw4Xkk Fantastic Beasts: The Crimes of Grindelwald - A Frustrated Fan's Review
_6lGC7JvA9s Doctor Who, Series 8: Listen - Spoiler Free Review
_DRNHl0riBI Justice League Gods & Monsters - Movie Review
_EAv-dd5sz8 Galaxy Quest - A Geeky Cult Comedy Classic
_HhHAlsccBo Big Finish Review: Missy Series 1
_Kp4PDljbaw The Sandman Episode of \
_LRoeIaPUME What's the deal with \
_Lsm1NoaliA Ghost in the Shell Clip Reaction - Why I'm Skipping This Movie
_N2d3l2_hvA Book Review - Monstrous Regiment by Terry Prachet
_SHe1tnfrH8 TERF vs. FART (an early morning thought)
_VC2_qwMz5A Geek Grab Bag: Ant-Man, Terminator & Wonder Woman
_VGllBjGQC4 What's Going on with YouTube?!? - The Updated Terms of Service
_W1SGnXFla0 Game of Thrones Review: The Winds of Winter - Season 6, Episode 10
_W7D0VRX0yE Episode 8: Trek Wars
_ay721aNiU0 Captain Marvel Trailer Thoughts - A Geeky Ramble
_bFxHR4j_nk Revisting Thundercats - Testing Nostaligia
_bYIzpx3wns Game of Thrones Review: The Long Night - Final Season, Episode 3
_e7Jvzobm3Q Overdue Doctor Who Review: The Eleventh Hour
_g-29eIqj_g Best Recurring Characters (Who Aren't Companions) in Doctor Who's Modern Era
_hTtd_gFrS0 10 Best Twelfth Doctor Episodes
_i8wjnOg0KQ Godzilla: King of the Monsters - SDCC Trailer Thoughts
_k09lNtYDHU Neil Gaiman's Sandman is Coming to Netflix - Will this work?
_lJWqwyaYZc The Lie of the Land - Take Two Doctor Who Review
_lY8Zk7_m20 Logan was Great... Except for One Thing
_qRz_l0LzCc Request pronouns, not gender identity (Trans Day of Visibility)
_sErMU1wuuc 10 Best Movies of 2018 (with Honorable/Dishonorable Mentions) - A Geek's List
_sHJqHiyQRE The Girl Who Died - Take Two Doctor Who Review
_uwJ15qhhjU Westworld Review: Phase Space - Season 2, Episode 6 (SPOILERS!)
_vwQa44KMZY Gotham Review: Penguin, Our Hero - Season 5, Episode 3
a3MBGCn4iVU Fight Like a Girl - the patterns of women in action scenes
a3hWb416W60 Doctor Who: Enough with the \
a4aREKLhORA Should Artists Update/Change Their Art?
a5pzzXrNQwM Channel Awesome Lives!!!... More or Less
a7EJ8A5tZ2Y Gender Surgery on Children
a8JwRrkrOv8 Every Episode of Firefly in 10 Words (or Less) & Ranked
a8UrujwyA1s Orphan Black Season One - Overdue Review
aGeeQPT8qmw Should we have New Actors as Old Doctors? (Recasting in Doctor Who)
aLz0sMODaSE Non-Binary Representation Across Media (with Em Middleton)
aTL1sSexb80 The Cloverfield Paradox - A Sleep Deprived Review
aTrvcoxI2oI Council of Geeks Roundtable: Marvel Cinematic Universe
aYeeYj5Qb20 Doctor Who Review: Sleep No More
aZCrgiRiCu8 The \
aaB6gm-zBtg Orphan Black Season Two - Overdue Review
abE_3XoU25E Top 10 Saddest Doctor Who Moments
acEgpuwGu-I LBGTQ+ Representation & the Chinese Box Office
adJi7dsUcjU Doctor Who Review: Ascension of the Cybermen
ajFt9KKgPNw Episode 1: A Geek's Manifesto
amMMO1kFbQ4 Star Trek Beyond - Overdue Review
amqm2nDnpYw Black Widow - Trailer Thoughts (Color me intrigued)
ao-BPGlhxbU Anti-Capitalism Livestream
ao7dqL6Kfo0 Why I Hate Disney's Live Action Remakes - A Frustrated Geek's Ramble
aolX84C4MHM Doctor Who Review - Empress of Mars
apRt0jRvoFs Venom Does Big Box Office - So What Happens Next?
arVIUkPm8Gk 4 Things Doctor Who Should NEVER Do
aryijkIsU0Y Game of Thrones Review: The Woman in Red - Season 6, Episode 1
as7iFQF_LZ0 Game of Thrones Review: The Queen's Justice - Season 7, Episode 3
azTXbs7oSME Top 10 Episodes of Angel - The Buffy the Vampire Slayer Spin-off
b5HWc6-gPXU Batman v Superman 2nd Full Trailer Review
b94Iy93avEc How Much Should Creators and Movie Studios Listen to Fans? - A Geeky Ramble
b9v-AIwQg80 Why I'm Not a Shipper - A Geeky Ramble
bA6AS0p0WYs Avengers: Infinity War Trailer - A Rambling Geek's Thoughts
bAydJTvCD1I May the 4th be with you Livestream
bEnTLWseqFI The Transformers: The Movie - First Time Viewer Review
bH9OM4GXxHM Atomic Blonde Review - Lady Can Take a Hit
bIYMskRoPCs Under the Lake - Take Two Doctor Who Review
bIf48nH4rfA There Might Be an X-23 Movie... Don't Screw this Up, Fox!
bLY_jB4ucxs Net Neutrality - If We Lose It We're ALL Screwed
bLy9VEOZys0 Overdue Doctor Who: The Doctor, the Widow and the Wardrobe
bMZy5oZbMkg I turn 40 this month...
bMuHVkMoe-Q Overdue Doctor Who Review: The Lazarus Experiment
bOqXGHeb5rY Big Hero 6 - Movie Review
bP6y5sDv0EY Black Mirror Review - Hated in the Nation (SPOILERS)
bPHIJBxafuc Spider-Man Homecoming US Trailer Reaction
bQ_LuGwAiLo Batfleck No More (and other DC Movie News)
bR5Fwkih8lI Cabin Fever Livestream
bRoqnBjZo3I In the Forest of the Night - Take Two Doctor Who Review
bWfsED_XuWg Jared Leto's Joker is Getting His Own Movie?!?!
bcmRRxO-Nnk Luke Cage - Spoilerific Review
bis-GlbkQrU Lego Movie 2 is AWESOME (and the Reasons Why Run Deep)!
bokKfCNXJ4o Gay Coding in Movies and TV - Explanation and Examples
bqUGn-YsB5Y Joaquin Phoenix's Joker Movie - A Geeky Ramble
bqW-6x_wx0k Finding the silver lining Livestream
btN7OSJRFeM The Geeky Movies of 2017: October, November & December
buQq28J4S6I Loki - Rambling review of episode 1: Glorious Purpose
bx3gNgjkzkA Star Wars the Force Awakens Trailer - Live Reaction
bzwy-yDPdBQ Geeky Summer Movies 2016 Post Mortem
c-6n2jmjHuU 7 Dangling Plot Threads on Game of Thrones
c4pqQoh-uio Incredibles 2 Olympics Trailer - A Skeptical Geek's Thoughts
c593ka0WgR0 War for the Planet of the Apes Review - Does it Stick the Landing?
c5toGJkDKdU Forbidden Planet - 1950s Sci-fi at its Best
cHJLUoUmF6A Overdue Doctor Who Review - The Idiot's Lantern
cIY1rWwcqdU 10 Movies that FREAK Me Out
cPaXqM6U4f8 40K Subs Q&A
cTBo_od_4NE Most Anticipated Geeky Movies of 2016
cUwu9kAfzVU Spider-Man: Into the Spider-Verse - Movie Review
cYmHiy4bjeI Doctor Who Comic Sampler Review
cksZw68QgpA Trying UK snacks livestream
cn_n2VspuKs Good Movie, Bad Ending: Hard Candy
cntwHATtwCY Coco - Movie Review
cpJCCP5ytBA Dark Phoenix - Why did I do this to myself?
crg8-8d2PrI Episode 5: Breaking Twilight
csrptHAtLh0 The Ghost Monument - Take Two Doctor Who Review
cxsItAr8zBE Should You Judge a Movie by the Trailer?
d-Y2UsmGyI4 Mystique - Queer Icon!
d23oxQyJNf8 Titans Season 1 Review - How Did This End Up GOOD?!?!
d2IUWuQID_I State of the Video Game Industry - What do we do now?
d4Yl9xRF-XI Doctor Who: 10 Best 12th Doctor (Peter Capaldi) Episodes
dA64-7OruA4 Hard Cider & Carnage Livestream
dC9Pz9jxOd4 Doctor Who Review: The Timeless Children - A Frustrated Rant
dCmdto7biNo Daredevil Season 3 Trailer Thoughts
dDC_L231gB4 What if Missy is Really...? *POSSIBLE SPOILER*
dJLJ9gv6XBA Black Mirror Review - 15 Million Merits (SPOILERS!)
dLG7riwB5QI End Goal of Representation in Media
dPffvXd0nuw The Man From Earth - Review of a Tiny Budget High Concept Film
dQXgFni9Ikw Captain Marvel - Does it Fly or Crash?
dURLh3SPlx8 Boba Fett Movie has a Director - And a Pretty Good One
dXHImjY6IQM Justice League Final Trailer Thoughts - Yes I'll Actually See the Movie Now
dlkZb4tSzpk Wreck-It Ralph 2 Trailer - Review and Thoughts
dorUXagYXyw Don't Tell People How to Feel
dqNlX5Z0KFg Torchwood: Children of Earth - The Darkest Thing EVER in the Doctor Who Universe
dq_MsWsf15k Broadchurch Review - Episode 1
drCGY4VYmVQ A Joker Solo Movie & DC Elseworlds - A Good Idea at the Wrong Time
dsS8hRyoP-4 Overdue Doctor Who: Fear Her
dvdzH3gDHzE Fantastic Beasts - Spoilerific Review
dxJlzTsvCZ8 Comic Book Movies We Need: Transmetropolitan
e6e1SGOQiJY Kraven the Hunter Movie??? REALLY!??!
e6mgSGv9Ndk New Doctor Who Logo - A Geek's Over-Analysis!
e9Vy8DtqGaI Metropolis - A Gotham Fan's Thoughts on a Superman Show Without Superman
eBJ5dtnykN0 How Much Should Doctor Who Address the Gender Swap?
eC19ngu5vks Animation Junkie: Castlevania on Netflix
eDBJ5Ejq42Y Most Anticipated Movies of 2018 - A Rambly Geek’s List
eDxKi3v4Q9s 10 Actors Who'd Make a Great Doctor (Doctor Who List)
eGsG00pGefE Big Finish Review: The War Doctor - Only the Monstrous
eJN45eJwdRI Doctor Who Series 11 Soundtrack Review -  The Best Part of Series 11 that Most of Us Missed
eOVeZH7uIqI The Maxx Series - A True Oddity
ePzP2J5WCwA Why I Don't Dwell on Plot Holes
eYfCOVz-eFE DCEU Connections Get De-Emphasized - A Geek Ramble
edh9A5MUy9w Last Livestream of the Year!
eeWAoNeCcmc She-Ra Season 4 - Full Season Review
eetfejskj78 Overdue Doctor Who Review: The Impossible Planet/The Satan Pit
eiP9AN9Jsy0 Suicide Squad: Hell to Pay - Movie Review
enXq8rN30kc Game of Thrones Season 3: The Climb - Episode Review
eriNjdkg6ZQ Scarlett Johansson Cast as Trans Man - An Angry Ramble
esEYjRk01CM Overdue Doctor Who Review: The Angels Take Manhattan
ex9iLzqQIJg Hilda Season 1 Review - Full Season Review
exgi-CyLQro Update for what will be a weird week
ey39nNS0ZKw The Spotify CEO and nsorship”
ezf8Zgwoszw Game of Thrones Season 4 - Spoiler Filled Overview
f1ceIeaqS84 The Collateral Damage of \
f49NdLnVRxI Doctor Who Series 11 Ratings - Now Stop Asking
f5IVxNklWAU A Celebration of Positive Masculinity in Entertainment
f6SwwbRrs-k Battle of the Five Armies - Now Nearly Hobbit Free
f96kvCSssFw Ed Skrein Casting in Hellboy - A New Racial Recasting Development
fHtIpjo49jU Barbara Kean -  Look What You Made Me Do
fIG7ufwFNY0 IT Review - An Unpopular Opinion
fJdofqs_9Q8 Best Movies of 2019
fKJTMoy9Zag Sleep No More - Take Two Doctor Who Review
fKsKYyR2ag4 War for Planet of the Apes - 2nd Trailer Reaction
fLEHU-8o1IY Overdue Doctor Who Review: Utopia
fM1ZMg7nwGU Brave - I wanted to like this
fM7INoctH5M The Ayer Cut of Suicide Squad
fPMyNt2Ku7E Aquaman Review - Can DC Movies be Fun?
fR-ckqbnJ-I Time Heist - Doctor Who Take Two Review
fRrQ62NrzJc The Tomboy Archetype (and its underlying messages)
fSB9Lo0Njh8 Loki and Genderfluid/Trans Representation - Did it deliver?
fZ5GB1WRWvQ The Flight of Dragons - Movie Review
fh0Av-ZQSFU The Iron Fist Casting Conundrum
fhd00qIU6Q0 Iron Fist Full Season: Does it Suck? - The Final Verdict
fjAH-E0jBeQ The Eaters of Light - Take Two Doctor Who Review
fjZuP4raz3M Doctor Who Dangling Plot Threads: The New Paradigm Daleks
fouCRIxnPKU Superman/Batman: Public Enemies - Movie Review
fs7TvaIZFUY Wizarding World of Harry Potter Movies RANKED!
ftxl6UPxeWQ “Trans” as an umbrella term
fwtZzqD1-1U The Dark Crystal - A Flawed Masterwork
fxEewIrORNE Overdue Doctor Who Review: A Christmas Carol
fxHsWb5Dj9I Black Mirror Review - Playtest (SPOILERS!)
fziZkr0RMqI Holiday season livestream
g2D34hxz_a8 Inhumans Premiere Reaction (with Alcoholic Assistance)
g3LqBCfcmH8 Glass - SDCC Trailer Thoughts
g40ykHpLw54 Nitpick Rants: Who Framed Roger Rabbit - That Traumatic Judge Doom Scene
g8c211u1_sk Time of the Doctor Review Rant Thingy
gDYXOU9waQA Terrificon 2019! - A Geeky Couple's Comic Con Adventure
gJgMzGzib-g New Oscar for... Popular Films?
gL0U8ZnIWN8 Doctor Who Series 11 Teaser Thoughts - Geeky Overanalyzations
gM5AG5z3XI0 Wonder Woman 2nd Trailer - Reaction & Thoughts
gO7qCwW0Qcc Cowboy Bebop is Overrated... But it's Still Good
gQY6QX43mSo Luke Cage Season 2 Review: Episodes 7-13 (SPOILERS!)
gQYqdgiWM7M Agents of S.H.I.E.L.D. - Season 2 Mid-Season Review
gQuGYY2e_jA James Gunn Rehired for Guardians of the Galaxy Vol. 3!
gSS8Pty4ZoI There's no need to reboot Doctor Who... EVER
gSaisx6iaXE Overdue Doctor Who: Victory of the Daleks
gWnSqokrx6s X-Men Films Retrospective #5: First Class
gY-iIRJdt6E The beauty of the Twelfth Doctor's arc (an LGBTQ+ reading)
ge3Nx_0454Y Sherlock Review - The Six Thatchers
gfjSQTq_5a8 Problems and Patterns with Disability Representation in Popular Media
gg5aEBEiABE The Lego Movie 2: The Second Part - Movie Review
gg6t_NucDFw Book Review: The Player of Games by Iain M. Banks
ghE7h4a794I The cases for and against Jo Martin being the 14th Doctor
gjJhXaXaKgg Game of Thrones: The Ramsay & Sansa Debacle
glbvv8UUC_4 Why Matt Reeves Throwing Away Affleck's Batman Script is a Great Thing
goNEhnD52sM Doctor Who Wouldn't be the Same Without Him: In Memory of Terrance Dicks
gsmCK3xJ7qU Luke Cage Spoilerific Roundtable Discussion
gw4pD1enLZE Superhero Fatigue and What Will Probably Bring It On
gyahL86ThBU Infinity War 2nd Trailer - A Geeky Couple Ramble
gzN_QgfnAUM Venom Final Trailer - Is This Too MUCH Venom?
h-RRR2EWOiQ 10 Best Movies of 2014
h2SO9t1K908 Coming Out as Trans on YouTube, feat. James Stephanie Sterling, Jay Exci, May Leitz, and Jessie Earl
h5lUdXY7JEw Black Mirror: Bandersnatch - First Viewing Review
hCBJgJJXBZs 5 Things Doctor Who Needs to Stop Doing
hIpGG9EkOaQ Justice League Trailer - Reaction & Thoughts on The Snydering
hKIUsipyNgU The Gifted Trailer - Can We Get a 2nd Good X-Men TV Show?
hLM8pvvqpQA Inside No. 9 Review - The Understudy
hQ2Iu3hOoU8 \
hQ_G7anZDjg Overdue Doctor Who Review: Cold War
hQmMUlC9ZUE Top 10 Scariest Episodes of Doctor Who
hRDjHYKXmmY Kung Fu Panda 3 - Movie Review
haCgdhabh-M Doctor Who Big Finish Review: Jubilee
hbThyydJ4oo The MCU Does NOT Need a Multiverse (Not Even to Introduce X-Men)
hiyJYpH5l08 How Marvel Could Bring Magneto into the MCU
hlXPFbWfKAU Happy Towel Day! - Why The Hitchhiker's Guide to the Galaxy is AWESOME!
hllhP8SPt6w Remember when Batman was fun?
hmGOlkHQCQQ Game of Thrones Season 5: Kill the Boy - Spoiler Free Review
hmLNa8e7tbg Doctor Who, Series 8: Kill the Moon - Spoiler Free Review
hmrY_8m1rEQ Graham and Ryan are Leaving Doctor Who... but it's a Good Thing
hp3JDeZRFbU Council of Geeks Live Stream
hup3PM0ZrV8 DC Fandome Overview (Snyder Cut, The Batman, Suicide Squad, and more!)
hyKGLLUkKKo What is Non-Binary?
hzequ_Z8Mn4 Black Mirror Review: Striking Vipers (SPOILERS!)
i2QSLSSePGc Doctor Who Christmas Specials Ranked
i4yzxUC4KUA What's Going on with the DCEU and Can It Be Fixed?
i5O6sPft904 What? What? WHAT?!? (Doctor Who Showrunner)
i7W8ljeocLs Black Panther's Best Picture Nomination - How Big a Deal is This?
i9f0Sf01ue8 Disney and the \
iCBIQU0-2-Y Black Mirror: Bandersnach - Final Thoughts & Can This Ever Work Again?
iFH8XMFGWVQ Overdue Doctor Who Review: Closing Time
iIpAevtJTtU Logan Lucky Review - A Fun Southern Heist
iNDB22IJo0I Doctor Who Review: Arachnids in the UK
iQ71EZWEm7Q How the Doctor Companion Relationship has Changed (Besides Romance)
iTjosvjuMaU Pushing Daisies - Cult TV Review (First Two Episodes)
iUXi-AFykMA The Mandalorian Episode 1 Review
iXZpqVXFqhg Overdue Doctor Who Review: Rose
ib2P4alx5Tg Q & A for 20K Subscribers Part 1: Channel and Doctor Who Questions
iu040PXNo5k The New Twist of \
iwdzxlN8XrQ What does LGBTQIA+ mean?
izochgkSVT4 Little, Big - A Unique Fantasy Novel
j3nCGjX4O40 Let's Talk About the NEW Master (and Where He Fits in the Timeline)
j41JQ7WuQSo Bicentennial Man - A Strange Artifact from the Late 90s
j7Hu0zMJ7Yo In Defense of Rent
j7pbF12sz24 Westworld Review: Kiksuya - Season 2, Episode 8 (SPOILERS!)
jAKG9UHpGO8 Thor: Ragnarok Trailer - Review and Thoughts
jBx9zWA8n3E Doctor Who Review: Spyfall Part 1
jD6DT5mUjEY Westworld Review: Virtu e Fortuna - Season 2, Episode 3 (SPOILERS!)
jDcgK_tuAnI Inside Out - Movie Review
jEfsbozucA4 Big Finish Review - Storm Warning
jFkoQlbYQ8c Alita: Battle Angel Trailer - It's About Time!
jGgOPWH_SM0 How to Bring Galactus into the MCU
jHTP6Kj8V_g Black Lightning Episode 3 - I Figured Out What's Special About This Show
jJzpqSirqAU Good Movie, Bad Ending: Cabin in the Woods
jMqLY579kWU Last Christmas - Take Two Doctor Who Review
jMsfosciGSI Doctor Who Big Finish Review - The Sirens of Time
jSVY5LH63-E Black Panther Full Trailer - An Excited Geek's Thoughts
jTsJiTwwK5A Are we on the cusp of Marvel Fatigue?
jWPfjRTv_iU Overdue Doctor Who Review: The Wedding of River Song
j_uSEctusQ4 Defenders Trailer Review & Thoughts
jaUd6uYaG44 Harry Potter Movies Revisit: Harry Potter and the Prisoner of Azkaban
jbjiOkbONas Overdue Doctor Who Review: Fires of Pompeii
jeIv2vU5Tgs Retconning Sexuality - When Characters \
jev8XITfbG4 Where are All the Disney Moms?
jhQxVaWiadE Overdue Doctor Who Review: Hide
jikla93fS28 War of the Sontarans - A Doctor Who Flux Review
jjHaiBijpDE Spider-Man Villains in Movies
jkbu7D4aYWg Buy my book at a discount!
jp1tEt0IjSY Doctor Who Big Finish Review - Master
jqkLLm1tYkk The Disney+ Launch Lineup (they are NOT messing around)
js6nkAUMBcE Black Mirror Review - Nosedive (SPOILERS!)
judoYoWF7D4 The Hobbit  - Review of the 1977 Film
jzj1mdUbdcU Doctor Who Review - Resolution
jzrJCnPklNs Ranking 'Doctor Who' Companions: Worst to Best
k-IrxSfxf-k James Gunn Fired from Guardians of the Galaxy Vol. 3 - A Geeky Rant
k0UMvBsGCOE Mischief Managed - Why New Wizarding World Movies Can't Work
k8jUqh84qFw What If... T'Challa a Became a Star-Lord? - A Rambling Review
k9t6A8bbizk Logan Trailer - Reaction & Thoughts
kE68T_HZU-g Loki - Rambling review of episode 2: The Variant
kFbItEwVAMM Nitpick Rants: The Rookwood Scene in V for Vendetta
kLDWP2tLtSA DEBATE ME! Livestream
kNPAGHT0gYk Face the Raven - Take Two Doctor Who Review
kNtVacSDQK4 Deep Diving into the Joss Whedon Interview
kOdBGg8-L20 You Can't Separate the Artist from the Art (and I'll explain why)
kOmXK5fI33A Legion Review: Chapter 9 - Season 2, Episode 1
kOnPlkaxSRI A Woman on Doctor Who is Not Ghostbusters 2016
kPYya2o6SaU Gotham Review - Rise of the Dark Knight: Year Zero (Season 5, Episode 1)
kZW1sM2K8Dc Stephen Moffat Leaving Doctor Who Thoughts
kZhLd-T5sQM Pride Month Livestream
k_QRt5Vjps8 The Last Jedi - Let's Talk about WHY Reactions are so Split
ka3XqY26okk Watchmen on HBO - What's the Point?
kevw6pVHEGY Why Final Fantasy VI is AWESOME!
kg7Tk2x2qtk Doctor Who Classic Review - The Twin Dilemma
khVMTfAvuvY Loki - Rambling review of episode 4: The Nexus Event
kknCmqLgebQ Wonder Woman and Female Representation in Superhero Movies
ko6Lzmr4jTE Classic Who Review: The Two Doctors
krFmosh75do Series 12 Trailer, Air Date, and More - A Fan's Thoughts
kraAmOVtOcM Happytime Murders Review
l7KR-aRyThU Every Doctor Who Episode in 10 Words (or Less)
l8OxsKMu5kM The Halloween Apocalypse - A Doctor Who Flux Review
l8PGSA9razs Quentin Tarantino Directing Star Trek and the Sinking Feeling That Causes
lAx2-KaMQjo DCEU Status - A Total Mess With a Glimmer of Hope
lB4lFYPlz0E Thoughts on ratings in film reviews
lBNtrpRSM_Y Unwinding from a Doctor Who Convention - Livestream
lEJwqvDJCEY Christmas is Cancelled for Doctor Who
lJXUa6IA2Ag Spoopy Season Livestream
lJeAftK-Nf8 Marvel Movie Talk: Ant-Man, Dr. Strange, Daredevil and the Sinister Six
lN61QkDodYU Free for all Livestream
lR58pS1z1vo Doctor Who Classic Review - The War Games
lXLxPx7Q63A Game of Thrones Season 5: The House of Black and White - Spoiler Free Review
lYBTJMkv5_w Ghostbusters 3 Announced - A Life Long Fan's Ramble
lZBqFwPcBdI Elliot Page playing Viktor Hargreeves in Umbrella Academy
lbbSw4wFFnc Game of Thrones Review: The Broken Man - Season 6, Episode 7
lc4hWBdq72k Thundercats Roar Announcement - Examining the Backlash
lfU8dA7Kk_s Doctor Who Review - The Doctor Falls
lfZPfBU3xL0 She-Ra Season 2 - Full Season Review
ll97qceSEII Overdue Doctor Who Review: The Girl Who Waited
lnFYlI3V0JU Black Lightning Episodes 1 & 2 Review (Mild Spoilers)
lqR_IqQc0WU They/Them pronouns
lrVbc2bZpNw How to Make Neil Gaiman's Sandman into a Movie
lrrUL-PaDas Why is representation considered political?
ltTngxYPWu8 Doctor Who Review - World Enough and Time
ludfLAYI-0s Pronoun Etiquette
lyR58k6oxn8 Overdue Doctor Who Review: The Lodger
lzhwMo41BgM J.J. Abrams Returns to Star Wars... Yay?
m0noUu7Xz7c Iron Fist Season 2 Review - The Bad, the Bland, and the Boring
m1JS7Zfe86s Oh crap I'm 40! - Livestream
m8r6bsYwYVQ Can the Snyderverse come back?
mHIi6cT1X4Y Doctor Who - 10 Worst Villains
mJZnBenBaMM What is Marvel Doing with its Disney+ Shows??
mQRpXpPZ7fY Gotham Review: Let Them Eat Pie - Season 4, Episode 9
mRFiYlpqKAM Inside No. 9 Review - Sardines
mSnJCHgDvnY Doctor Who Opening Titles RANKED!
mXI62y7tbHg 100 Episodes of Doctor Who to Save Forever
mXWQzqWrWSw Doctor Who Series 2 Episodes RANKED!
mYIzkmAuQ0U Finally feels like spring Livestream
mZjUhpecubg March is a Mad Month Livestream
mdXCKM3JQFY Kickstarter Launch Party
mh18RD2qRLk DC Comics has been GUTTED! (But we don't talk about it)
mijhYNWW8OY Ranking the Marvel Cinematic Universe Movies
mj02j0U7D_k Doctor Who Review: The Ghost Monument
mj4U_9LhxcY Overdue Doctor Who Review - School Reunion
mloptq_m2l4 Crimes of Grindelwald Teaser - A Grumpy Geek's Thoughts
mo5XMty58-M Living with ADD - Happy World Mental Health Day
ms3ci-v6b-E Doctor Who Oddity: The Curse of Fatal Death
ms9gzIoFjvc Infinity War - A Geeky Couple Spoiler Review
n-Bp_AioKtc Black Mirror Review - Hang the DJ (SPOILERS!)
n0aWu-GwxVc Should Franchises Evolve with the Times?
n5BYqrVsShY I don’t know what I’m doing Livestream
n5qtNNPNdUU Avengers: Infinity War Prep Video - Where did Everybody Leave Off?
nBPdXqh0Q6o LGBTQ+ Representation - Asexuality in Media (featuring Myn Kobayashi)
nF9dAnT5XaU Stranger Things Season 1 - Overdue Review
nKjxKdztwdU Council of Geeks Shorts: Good Video Game Movies
nOIEyd4FPAk 31K Livestream
nWU8OLToAyM Iron Fist Review: Episodes 1-3... Does it Suck?
nXjQW5rnEGQ The Death of Superman - Movie Review
nYQpm0SFXwY Doctor Who Talk and Gallifrey One Recap Livestream
nZe5T6PS4xs Ghost in the Shell/Ghost in the Shell 2 0 - A Look Back and the Update
n_gNaQIBTTg Star Wars Movies Ranked!
nheqFwSeXlw Can Video Game Movies Ever Be Good?
niShDZ0k5Xg Superheroes Who Need Animated Films
nnyLAHdp0cc Doctor Who, Series 8: Death in Heaven - Spoiler Free Review
np_cLMT4VVs Overdue Doctor Who Review: The Empty Child/The Doctor Dances
nuXKPB7Ol24 Revived Franchises Livestream
nveKCNTlQuY Doctor's (Outsized) Reputation - And Why I Don't Like It
nwnxHsY2CG4 Whittaker Will be Back for Another Series!
nyNmOKefS6k Batman v Superman Post Mortem
nyU9YEbjfkU 10 Best Characters from Buffy the Vampire Slayer - A Geeky Couple's Ranking
nzGWc_ZvLKE Doctor Who Review: The Haunting of Villa Diodati
nzZNdVk66b4 Birthday Present Unboxing Livestream
o0gFQK5GIwc Animation Junkie: Batman Ninja
o2FcDukrBOs Birds of Prey (aka The Harley Quinn Movie) Review
o8akA6Qyhv8 Overdue Doctor Who Review: The Hungry Earth/Cold Blood
oBCOg6Yt0T0 Overdue Doctor Who Review - Tooth and Claw
oDDdsXzv3uo Episode 7: The Best Batman
oDvkoFw4Mek Top 10 Movies of 2016
oDz1MRm9sPQ Dexter Series Finale Review: What the Heck?!?!?!?!
oER-InlrNEo Gotham Review: No Man's Land - Season 4, Episode 22
oOTdhFLLSDE Castlevania on Netflix - Reasons to be Excited!
oS6GJ83tD8g Doctor Who Take Two Review: Rosa - A Changed Opinion
oSUCNMr6WEU Attempting to relax livestream
oVZdwmSMhWc Why The Good Place is AWESOME
omAPvXKYDnw Son of Batman - Movie Review
omincw0r6EY Why Tetris Attack is AWESOME
otvyFRZZ5vM Nitpick Rants: Dawn of the Planet of the Apes - Apes & Guns
ov3pi2cy2Vw (Post) Birthday Livestream!
oxgTJaZl47o Overdue Doctor Who Review: Journey to the Centre of the TARDIS
ozJvAiQLC5k Legion Season 2 - Spoilerific Review
p-QbAIird3w Daredevil Season 3 - Back in Fighting Shape?
p49UMcrU4qs Secret of Kells - What \
p89XcTT_Fp4 Game of Thrones Season 4: Breaker of Chains - Spoiler Free Episode Review
p9cUsXTejbk Birthday Q&A (Plus Present Unboxing)
pBM0bBmN2_Y Classic Doctor Who Review: City of Death
pECx4BEBT5M She-Ra Season 5 Review - Did it Stick the Landing?
pGA_WhD9Fus Alita: Battle Angel - A Patient Fan's Review
pGL1EvgfnU4 Shazam - SDCC Trailer Thoughts
pJvciDduzSo Stardust - Review of the Film Adaptation of Neil Gaiman's Fairy Tale
pK7ps8p8KZE Doctor Who Take Two Review - Hell Bent
pOE3JNUE2cY Stop Blowing Up the Tardis!
pOFtBBivfK0 A Super Mario Bros. Movie... Yay?
pPt7QCY17vE Jessica Jones Season 2 - Full Season Review
pPwtgKjF4hU Game of Thrones Spoilers Livestream
pRGEv1U70NI When LGBTQ+ Representation Happens for \
pS4b-q9JuwY Marvel Movie Characters Sorted into Hogwarts Houses - Phase One
pYEfX42BNOQ Overdue Doctor Who Review: The Sound of Drums/The Last of the Time Lords
pZfwE0LIV8w How to Train Your Dragon: The Hidden World - Movie Review
pflacfilUFQ Should Major Franchises Still be Trying to Surprise Audiences?
pguGJiLpI5s Harry Potter and the Heteronormative Standard
piDobF2v7oY Top 10 Deaths in 'Game of Thrones'
piRJnNVENgg Dear Writers, Stop Killing Trans Characters!
pjpFltOLwis Peter Capaldi Leaving Doctor Who - One Geek's Thoughts
prcCsPItoxM Who do we fight for? - The Falcon and the Winter Soldier Overview Review
pvhJUf02bsA Can Only Trans Actors Play Trans Roles?
pxxkJH8NzLI LGBTQ+ Spotlight Review : The Accused - Tracie's Story
pzBICngC2Tc Are the Jedi Actually Good?
q9d93R2Psak Overdue Doctor Who Review: Daleks in Manhattan/Evolution of the Daleks
qA1sbxw6sFQ Overdue Doctor Who Review: The Doctor's Wife
qCTfGFYlCsE Cowboy Bebop Gets a Live Action Netflix Show... Oh Joy
qHWDYiQAtnQ Game of Thrones Review: Dragonstone - Season 7, Episode 1
qJBL_G7mmN0 Doctor Who Series 9 Episodes RANKED!
qNZbX-5cpok Overdue Doctor Who Review: The Bells of Saint John
qOGNlXH709k Doctor Who: 10 Best 11th Doctor Episodes
qOfbdSGiOHM Doctor Who Review: It Takes You Away
qQiB1vNowjw Channel Changes & The Future
qSJmxACdPSE Toxic Fandom: Gatekeeping
qShHqyXohIE A Fan's Hopes for Doctor Who Series 12
qXYXQYKszQ8 Doctor Who Series 6 Episodes RANKED!
q_AbNq9VTMc Spider-man: Into the Spider-Verse - Trailer Thoughts
qcV60qfNUNA What the Flux Happened to Doctor Who Series 13?
qdN2V8nuqjg I Wrote a Book!
qdwsN9tpBis Ghostbusters: Afterlife - Trailer Thoughts from a Lifelong Fan
qisjuy8Xge8 Sonic the Hedgehog - A Drunk Review
ql4CqrItoHI Broadchurch Review - Episode 4
qoUb7vBJ5-k The Incredibles 2 - Movie Review
qrJhtYugk90 Fiction Writing Livestream
qwLc0UQF-pk Is JK Rowling Transphobic? Yes... and I'll Explain How
qyWUBGlKnTc Last Livestream of 2020 (with Unboxing)
qya4Zp_OAJQ Support Council of Geeks with YouTube Membership
r-ddt2uCo8o Doctor Who - New Companion Reveal & Thoughts
r23hths1PkQ More on they/them pronouns
r33cb4Wro5c When Opinions are Agendas - Toxic Fandom (Part 2)
r58tfYvaiDE Toy Story 4 (Wait... Does this Actually Work???) - Movie Review
r8OgIsZgG4s Batman: Bad Blood - Movie Review
r8hp6OfNaRQ 10 Best Movies of 2017 (According to a Rambling Geek)
rA5O42bcw7s Overdue Doctor Who Review: Army of Ghosts/Doomsday
rAF63MgVHN4 Black Panther Trailer Review & Thoughts - Long Live the King
rBCqITH149k Overdue Doctor Who Review: The Pandorica Opens
rBHdvkCiH6E YouTube's Algorithm May Have Forgotten Me
rGPRWVT9dmM Justice League Action - Pilot Review
rHeKU-1Kdlc Doctor Who Overdue Review: Human Nature/The Family of Blood
rJlJ4ARtGX8 The Shakeup at Warner Bros. & DC Films - Why it Doesn't Mean Anything
rMTIA6gc1SY Iron Fist Cancelled & the Future of Marvel Netflix
rMkCXEJ-arw Thor Ragnarok Spoilerific Review
rTpLv0AYdWU Doctor Who Classic Review - Deadly Assassin
rUpM0hjfyl0 Is “queer” a slur?
rVUvaqnSRG8 Game of Thrones Season 4: The Laws of Gods and Men - Spoiler Free Review
rWD_fxSgibY Spider-Man: Homecoming - Trailer 2 Reaction & Thoughts
rWx_GnOxuD4 Game of Thrones Review: The Bells - Final Season, Episode 5
rbwwooyUdSg 12th Doctor Sonic Screwdriver Toy Review
reUjYVMSUzY Why Kingdom Hearts is AWESOME!
rgQ56oph0BM 10 Worst Characters on 'Game of Thrones'
rkrikT-ygEM Batman vs. Two-Face - Movie Review
rlZpEiBKQtM Doctor Who Big Finish Review: The Spectre of Lanyon Moor
rrynXSUBwnw Justice League War - Movie Review
rs99f28lAc0 The New Sonic Screwdriver - A Geeky Ramble
rsAB9zmjoyg Why Farscape is AWESOME!
ruQUNOohnPg New Mutants Trailer Review - Well, That's Different
rv1WpOwdO8w 10 Best Doctor Who Episodes Written by Steven Moffat
rx3m9-8uAEw Strange Magic Trailer Reaction
rzPu8kRaPUw Overdue Doctor Who: Smith and Jones
s0Dei3nbVnw I am Now Unemployed
s7ghHU-_hPc Arrived at Gallifrey One
sALzHweacIA Westworld Season 1 Quick Review
sBGShQCGROg Gotham Review: The Mandatory Brunch Meeting - Season 4, Episode 17
sBcuSwGKNwg Doctor Who Review: Can You Hear Me?
sGpnrC0Fy-s Big Finish Review: The War Master - Only the Good
sHcWrNCztaE Overdue Review - Warcraft
sJuoe_apDcs Venom Solo Movie - Sony, WHAT are You Thinking?!?
sLRl7UcNvjY Doctor Who is Political - And it's SUPPOSED to Be
sOoMcsyKuZY Black Widow Gets a Script Writer - Well it's about TIME!
sQpLoyPK1Cc Blade Runner 2049 Trailer - Why Doesn't This Feel Right?
sRK-Fbcj1QM Dear Ms. Rowling... (A Slytherin's Plea)
sRSpYVRyqA8 Overdue Doctor Who Review: Amy's Choice
sRwttoHdoSE Game of Thrones Season 4: Two Swords - Spoiler Free Episode Review
sZn2SeCPg0M Q & A Video (Because 10,000 Subscribers!)
sdLr1lEJz4M Violence Voyager - A One of a Kind Horror Trip
sfdh9RRFEyc Jessica Jones Season 2 Trailer - PLEASE be Good
shj9fDqcMTA Frozen 2 - First Trailer Thoughts
siWP9agBkpE Overdue Doctor Who: Gridlock
sidNmqahhls Overdue Doctor Who Review: The Sontaran Stratagem/The Poison Sky
snHfkoEyViI Doctor Who Review: Demons of the Punjab
sn_72WnBEoo Top 10 Doctor Who Speeches
stWJXbVNZeQ Into the Dalek - Take Two Doctor Who Review
stYOuGt0ZeY Trans Awareness Week Livestream
t-BVntd1Eog Eccleston's Time on Doctor Who (and his not returning)
t-MEKnzqyLE Intro Contest is OPEN!
t2DSqQqwaU8 Is Venom as a Horror Movie a Good Idea?
t2wfVnoeVc0 Game of Thrones Review: A Knight of the Seven Kingdoms - Final Season, Episode 2
t6M8NYxAcwI Sorting the Doctor into Hogwarts Houses (Doctor Who Meets Harry Potter)
t7Vi82wOwWI Doctor Who - How Silly is TOO Silly?
t9UicYElmq8 Overdue Doctor Who Review: Vampires of Venice
tCCh7lHtGo8 The Brave Little Toaster - Movie Review
tIYP7y_0sNg Jurassic World Trailer Reaction & Review
tMAkDHUUBzQ Doctor Who Review - The Pilot
tWVtFckwPIQ Game of Thrones Review: Blood of My Blood - Season 6, Episode 6
tXzHTYSpKb8 Characters that Happen to be Queer vs. Being Defined by Queerness
tYr56fZMnvI Gotham Mid Season Recap & Review
tawiw2LwxN4 Doctor Who Series 8 Spoilers: Let's Talk Missy
tbrOoOCLuQE Looking back on 2018 - End of Year Channel Overview
tegj4bIF6N4 Ant-Man and the Wasp Full Trailer - An Excited Geek Ramble
thEQDDjzRio Overdue Doctor Who Review: The Unquiet Dead
thYvQGQKZzw Why the Improvised Weapons Podcast is AWESOME (with Cast Interview!)
thw5I3YYrbA Forsaken by the Algorithm Livestream
tjHQ-yMuVik Legend of the Sea Devils trailer thoughts
tqeyK5PSEaM Annihilation Review - A Horrifically Beautiful Head Trip
tsZSp95TXps 10 Best Game of Thrones Characters - A Geeky Couple's List
ttiemaUXOso Once, Upon Time - A Doctor Who Flux Review
tv2QtZ8imxo What's Missing From the Announced DC Superhero Movies?
tvxa0i7aaoE What Went Wrong With 'The Hobbit: An Unexpected Journey'
tw0xQQQaIo8 Gotham Season 4, Episodes 1-6: A Rambling Spoilery Review
twbBb6dIy7Y Nitpick Rants: The Operative in Serenity
tzSN1Rn8GLQ Captain America: The Winter Soldier Spoilers Roundtable
u0rTCUQIaPo Celebrating Doctor Who Through the Years
u21zrgKMlBA Doctor Who Big Finish Review - I, Davros: Innocence
u5X7B7yi6H0 She-Ra Characters Sorted into Hogwarts Houses
uAwcJVHrtFw Warcraft Trailer Review
uEVfAdHUqug Overdue Doctor Who Review: Partners in Crime
uFUTQ1cdatw A great little nerd experience
uP3KZ7mFcwk Doctor Who Review - Before the Flood
uSgteIJBk0Y Top 10 Eleventh Doctor Episodes
uUqs1nCCJlo A Quiet Place Review - Spoilers in the Back Half
uVcXHphiU6w Doctor Who Big Finish Review - The Holy Terror
uWRgOpOs54E Doctor Who: 10 Best 9th Doctor Episodes
uXArGf5JgEo The Problems with Clara
ujrJljaGBuo The OA - First Two Episodes Review
ukt1QNl8AOo No Time to Die - Trailer Thoughts (Looks Nice... and Yet...)
unIHrKT9hrM Doctor Who Dangling Plot Thread: The Time Agency
uqlZO7vlsZ0 Broadchurch Review - Episode 5
uroojohD-Xs Recovering from three day weekend livestream
uv1XJA-f0UA Star Wars: Rise of Skywalker Final Trailer - I Feel Nothing
v-bacPWid1s Classic Doctor Who Review: The Time Warrior
v1rDvO6Vw7A How the Fantastic Four and its Villains Could be Used in the MCU
v5lr24k2B0A Doctor Who - Thoughts on Chibnall's Plans for the Series
v7r5CL0c2C0 Top 10 Worst Episodes of Doctor Who Written by Russell T. Davies
v8ZWOSXcFKc Reign of the Supermen - Movie Review
vD3ap71JmEk Christopher Eccelston Returns to Doctor Who!
vFcEK7FB-Ng What's Going on with COPPA and YouTube?!?
vGJyRMc_tpA Gotham Review: Stop Hitting Yourself - Season 4, Episode 8
vHwLdf-e3AI In Bruges - When Self Importance Kneecaps a Film
vJwBFjQP-HI Why X-Men: Dark Phoenix is Going to Suck
vLOuz-1kFrU DC Movies Rant - Somebody Stop Them!
vSKyls_ojRo 5 Great Doctor Who Villains to NEVER Bring Back
vZ45ySOH_HQ 2020 Movies that are Going to SUCK
vdBhjLI-aeo Star Trek II: The Wrath of Khan - An Overdue Review
vfk9A4s3sXo Classic Doctor Who Review - Earthshock
vmuTCeW8QyI Fantastic Beasts and Where to Find Them Sequel - There are Bigger Problems than Johnny Depp
vn7MeXYdYPY James Gunn Hired to Write (and Maybe Direct) Suicide Squad 2 - A Geeky Ramble
vnBDWoEa-eY X-Men Movies Get Moved... Again... What is GOING ON?!?!
vojYJY9mzVA How the DCEU Might be Changing Course for the Better - A Geeky Ramble
vs7b3WRowh8 Why 'The Dark Knight Rises' Was Doomed
w2EIj2k55xk Every episode of She-Ra and the Princesses of Power in 10 words or less
w2btwEWVztM Kick-Ass Reboot & Kingsman Sequels - A Geeky Ramble about Matthew Vaughn
w47op0naMNI Top 10 Cliffhangers in Doctor Who
w9tuXnXC4mk Overdue Doctor Who Review: Voyage of the Damned
wCAthDHRA2c The Vanquishers - A Doctor Who Flux Review
wFi3UWkV6ws Doctor Who Review - The Pyramid at the End of the World
wIKk1p_OwsI Thin Ice - Take Two Doctor Who Review
w_Br0ixLzf8 Roundtable - Trailer Roundup Dec 2016
wh5UGPjZ89I How is it almost December already? - Livestream
whmC4Ix3KbI Star Wars Episode IX Could End the Saga - Why This Would be Good
wjnTBdqn7A4 Ranking the Doctors
wqVchp6OZMA Pre-vacation Livestream
wrLakU3pwZ4 Husbands of River Song - Take Two Doctor Who Review
ws1SpofglDo Disney Characters Sorted into Hogwarts Houses!
wsAaLlk86dA What if Iron Fist Sucks?
wtgFlhxihXs Doctor Who Review: Fugitive of the Judoon
wxo4b0TL0Rk No New Doctor Who Until 2020... with Chibnall Still in Charge
wyR8HcEkYFI Broadchurch Review - Episode 6
wz7Mcg4tFy4 Alien Covenant 2nd Trailer - Reaction & Thoughts
x6RxnekiWNc Game of Thrones Season 4: Mockingbird - Spoiler Free Review
x6r1SLTYMZs The Little Prince - Infuriating Movie Review
xAoyL5znmv4 The Future of Star Wars (in the wake of The Last Jedi's Second Weekend Box Office Numbers)
xB7grygEPuM Does Doctor Who Need to Retcon the \
xGTGaxBANFE Doctor Who Review: Eaters of Light
xHY02JlRCv4 His Dark Materials: Episodes 1-4 (a Newcomer’s Review)
xUPo-i3l4A4 Game of Thrones Season 3: Second Sons - Episode Review
xdv5Q3w6mZc Doctor Who Review - The Zygon Inversion
xj9B6Glj_5M Breaking Down DC Comic's 5 Year Superhero Movie Plan
xpaUbjCSu4M Gotham Season 3 - Rambling Spoilerific Review
xrxjdV53VJo Doctor Who doesn't have a new showrunner yet... should we be worried?
xvW-MJARbxY Doctor Who Review: The Woman Who Fell to Earth
xwcZuDDW8IY Justice League Review - An Unexpected Opinion
xwnLEjjRUeg Council of Geeks Shorts: The Fate of Superhero Movies
xz3h7dflyhM The Pitfalls of Writing Outside Your Experience
y-wrrxgLeJw Pride wrap up
y40yYYKzpNk Can Wonder Woman Save the DCEU?
y8I6B1pScy8 Flash Movie Gets New Directors... Again
y8K28Gk59QA Questioning is valid
y9uyrT-tuuA X-Men: Days of Future Past - Minor Spoilers Review
yB1ArgkjtUU Doctor Who - Tardis Interiors Ranked!
yBpYH92ZWYg Top 10 Doctor Who Episodes Written by Russell T. Davies
yBviPErUcsY Ghost in the Shell is Getting Dumbed Down - A Geek's Rant
yHnBtm48eQs The Star Wars Episode IX We ALMOST Had Got Leaked!
yJ5z-_J75Zs What Should the Next Master Be Like?
yN6VJ1KO4fY Disney's Streaming Service and the Future of Home Entertainment - A Geeky Ramble
yRX7sZiJ5eQ The Pilot - Take Two Doctor Who Review
ySkt4aiOTKc Disney fought 𠇍on’t Say Gay” behind the scenes
yVW8mbd1r_E Overdue Doctor Who Review: The Christmas Invasion
yWYeMAwo3Q0 Scooby Doo! & Batman: The Brave and The Bold - Movie Review
ydUoNJr8eUE Trans Actress as Trans Hero on Supergirl
yeYokCxZec4 Doctor Who: Hell Bent - The Final Rant
ypTmQnHLaUM I need a stiff drink livestream
yqyv401wg0c Broadchurch Review - Episode 3
yu9ily8u7LE X-Men and Superhero Overload in 2018
ywaZeZHuFms Broadchurch Review - Episode 8
z-twA26xQXI Kill the Moon - Take Two Doctor Who Review
z2saM_fR_xU Doctor Who Classic Review - Planet of the Spiders
z3i9G1psvlw Ghostbusters 2016 Review
z4-GosNfnBI How the X-Men Could Fit in the MCU (and Address a Long Running Complaint in the Process)
z4xLheOfeE0 Distracting from Politics with Bad Movies (NO ELECTION TALK!)
zIqqJqqfSCA Episode 3: A Geek's Guide to Dating
zJJfA3XwHxU Game of Thrones Review: Book of the Stranger - Season 6, Episode 4
zK35NcJhiF0 Gotham Review: Trespassers - Season 5, Episode 2
zXWzXyun4dI Doctor Who Big Finish Review - Davros
zXiNnbltYuE What Just Happened to the Young Han Solo Movie?!?!?
zdoovovbrCA 7 Ways YouTubers Burn Out
zgfdy2X95mQ Ghostbusters Trailer 2 Review & Thoughts
zgo-9E8ZhyY Spider-Man: Into the Spider-Verse Teaser Review & Ramble
zp7M5jTiGR4 10 Best Film Scores - A Gushing Geek's Favorites
zyyhMY8oNXY 10 Best LGBTQ+ Films
