-C9sMls0niI Why are vaccinated people worried about unvaccinated people? (from Livestream Q&A #79)
-LpbDXcY9pE Are yawns contagious among other animals? (from Livestream #26)
-R5yYtgStzs Human Sleep Patterns (from Livestream #28)
-WNmbx4I0d8 Why do human beings enjoy bird song? (from Livestream #30)
-YGNdUmYGCc Can #Unity2020 win all 50 states? (from Livestream #27)
-fUG6VQMc-c Clubhouse room \
-hjFT8XCsH0 Omicron variant more related to March 2020 SARS-CoV-II (from Livestream #107)
-st73zhZL3A Bret Weinstein Explains the Evergreen \
080Q4li15DI A tale of 3 drugs for treating COVID (from Livestream #103)
0N9YDg3pmhg Engineer an indefinite steady state to feel like we live in a period of perpetual growth (#96)
0_4A_CZZecQ What Do Amazonian Tribes Eat? (from Livestream #61)
0nKJ5O7RQX8 Class action complaint against Critical Race Theory (from Livestream #72)
0nTRh-aKUUw The blankest slate | A Hunter‑Gatherer's Guide to the 21st Century (from Livestream #92)
0xB4N3vgG4I It’s not supply and demand, it’s supply and de(mandate) (Julie Ponesse & Bret Weinstein)
1-ECOWJiZkk Why does the mRNA vaccine need to be kept so cold? (from Livestream #65)
10XYi6E2QpI Bret Weinstein on the Dangers of #ShutdownSTEM | Joe Rogan
1fRO9KpaeI0 Forcing COVID vaccines on athletic young boys (from Livestream #103)
1nGaGUTt0vA Biden's tweet: \
2C-dYkHXfzY Which domestic animal to live with and why? (from Livestream #90)
2PgIUDn__WU Should the COVID vaccine campaign be halted? (Geert Vanden Bossche & Bret Weinstein)
2QbPDm-dcWM I Sent a Letter Criticizing Critical Race Theory (from Livestream #51)
2U5CfXuY8KI Bret and Heather's new book! | A Hunter‑Gatherer's Guide to the 21st Century (from Livestream #83)
2bl3UgTlgL4 Cancel culture tactics being used against unvaccinated (from Livestream #109)
2bpipc6PIV4 What's the latest from the Portland protests? (from Livestream #40)
2dX_Cr7lh-g COVID Vs 1918 pandemic response & impact on antibodies (Geert Vanden Bossche & Bret Weinstein)
2msA19RaiPk How to integrate evidence for drug effectiveness (Tess Lawrie & Bret Weinstein) | Only on Odysee
2rvs4qpl4aM Protests or riots? (from Livestream #32)
38AVFWepcNo Bret Weinstein Argues for an Andrew Yang/William H. McRaven Presidential Ticket
3FJrPgP_8Hc Why Is There No Male Birth Control Pill? Two Biologists Answer (from Livestream #50)
3UGljHBMzHI Superstitions in animals (from Livestream #24)
3aR8NOu3PPY Which animals express gender? (from Livestream #44)
3hFsr3uwAy8 Andy Ngo’s book at Powell’s bookstore in Portland (from Livestream #64)
45onTJ3Vlkk Unreliable tests and mild symptoms (from Livestream #113)
4Gi901pprZ0 Follow the science... Except with masks (from Livestream #66)
4UcDwKMrwjM How to talk with the vaccine enthusiasts (from Livestream #110)
4_kW7_9azxI Paper pulled with no explanation #FollowTheSilence (from Livestream #101)
4gXxIllfxzE Chauvin verdict - Tyranny of the State under the control of the mob (from Livestream #77)
4mgnE4wgxpI What are the goals of #ShutDownSTEM ? (from Livestream #25)
4ru5LEP74b8 𠇌OVID vaccine data is phenomenal” (from Livestream #64)
4vei5KmW4qQ Christopher Hitchens on Big Tech Censorship (from Livestream #56)
57qO9H3GSo8 Intersex people against women in sport (from Livestream Q&A #81)
5OrLW2usR0A Reaction to Jordan Peterson’s New Book (from Livestream #56)
5YLXBVwlJNM White-tailed deer and COVID antibodies (from Livestream Q&A #92)
5fC0qzI5qG8 'New Portland sucks' and other messages from the 'ungovernable' (from Livestream #77)
5fKlstP2gNU Portland Mayor Ted Wheeler's life threatened (from Livestream #78)
5izz8e4oiq4 “The stigma is what truly jeopardizes their health, not weight itself” (from Livestream #109)
5mbo6zSjcQk Biden’s vaccine mandate concerns federal employee (from Livestream Q&A #96)
5tHg_iETs48 Evolution of the DarkHorse Pandemic Model (from Livestream #118)
5uCFvnUlTXE Is Australia a penal colony again? (Senator Alex Antic & Bret Weinstein)
671LFi8H2zs What happens when you defund the police? (from Livestream #39)
6AZgKpfJ_D0 Two biologists discuss wearing masks and long term impacts of COVID-19 (from Livestream #30)
6X7abRXA7vc Cultish behavior in vaccinating 5-11 year olds (from Livestream #102)
6mR5BgMTbzg Pulling down statues is a power move! (from Livestream #25)
6phePAZueQw Joe Rogan - Gender & Biology
6tG66LFaFIk America through an evolutionary lens (from Livestream #28)
6y2IYIzJsO0 Cost to Bret and Heather of speaking out about COVID (Chris Martenson & Bret Weinstein)
70We5pb_q-8 \
7LhSx1S-1FE Are gender and sex different? (from Livestream #25)
7MqmyUECJq0 Vaccine passports are the opposite of inclusivity (from Livestream #117)
7ZGzbLzepw8 Vitamin D sources (from Livestream Q&A #97)
7q7qgbCVzVo The McCloskeys and Chernobyl (from Livestream #28)
7qEW4yGSzyo How will nature respond to a lab leak? (from Livestream Q&A #98)
7tES5UhqTA0 Interesting observations of cat behavior (from Livestream #69)
7xxnbUa7EkI What is the protestors' plan? (Nancy Rommelmann & Bret Weinstein)
81mEJ2Rph1Q Huge risk of mass vaccination during a pandemic - Dr. Geert Vanden Bossche (from Livestream #72)
842Xgs_EzgQ How is a vaccine passport different from a yellow fever vaccine card? (from Livestream Q&A #78)
8AQIiVwhzL8 Truckers convoy in Canada (from Livestream #113)
8C1lSd8lWhs Food is social lubrication  | A Hunter‑Gatherer's Guide to the 21st Century (from Livestream #88)
8F0kcP4qh_w Biden's executive order on gender identity discrimination (from Livestream #64)
8nQE9lJAxbo COVID vaccine for young children? (from Livestream #58)
8pHgBCMGyzg Vaccination after COVID infection (from Livestream Q&A #115)
8qaw-JG_OXE The chatty approach to taking boosters (from Livestream #105)
8rLXCBqvIjs COVID denial and delusion (from Livestream #44)
8zl3j5U6MgI Trump’s response to COVID-19 and using hydroxychloroquine (from Livestream #34)
99CZZiwoLM8 Dysfunctional graduates destroying organizations (Bret Weinstein & Greg Lukianoff)
9E1YQre7ems Steelmanning \
9Ej6PIVnHeQ Bret explores how the immune system functions & a potential explanation of post-V myocarditis (#116)
9J0Kt4q6eK8 The CDC and New York Times on Racializing COVID Vaccine Distribution (from Livestream #59)
9TI57TLqPRA Ancient bodies, modern world | A Hunter‑Gatherer's Guide to the 21st Century (from Livestream #86)
9dCdqwtTwFg 𠇎xperts agree” to 𠇏ollow the science” and vaccinate children (from Livestream #103)
9jIFy14X2ik Why are people rioting (from Livestream #76)
AANJmZpP7Bw \
AIO_5LmlEaI Why are there no woke debates? (from Livestream #44)
AQqdiUb-U_c Racism in the arts (from Livestream #26)
As_28hZRqqU Driver in Portland beaten by protesters (from Livestream #79)
AtCzmRXsiAc Bret Weinstein - The Greatest Prediction in Evolutionary Theory | Eric Weinstein
AtTFi1C3QBw Gender Competition and Collaboration at Work (from Livestream #55)
AwhTwk8kRqo Little known about Omicron despite media scare (from Livestream #108)
B0Yxw6g1FiY Will the Riots Stop Now the Election is (Mostly) Over? (from Livestream #53)
B8w8aNCBzoY What is the significance of singing for humans? (from Livestream #26)
BOnHxCgVMzc Dangers of speaking in public about COVID (from Livestream #110)
BdODt5F_LT4 Damaging children’s development with COVID policy (from Livestream #109)
BxAHHEN5kdM #ShutDownSTEM and Oxford University (from Livestream #27)
BxmKl_PONzo Physical inactivity linked to severe COVID outcomes | NOT wearing masks outside (Livestream #81)
CPAtH4OXi3M The uniqueness of humans | A Hunter‑Gatherer's Guide to the 21st Century (from Livestream #85)
CokdluA6iek How the moon impacts sleep and fertility (from Livestream #67)
Cq-M1I_XYng Sunburn, cancer, and protecting children (from Livestream #38)
CwbPi94rlA4 We are focused on only one kind of threat (Julie Ponesse & Bret Weinstein)
Czr72rIgNLs After the COVID vaccine, do we still need to social distance and mask? (from Livestream #66)
DVd5g5pqI5s What is the nature of this consensus (Julie Ponesse & Bret Weinstein)
DXMsO8-f6kc Antivax is being used as a weapon (from Livestream Q&A #110)
DYnLFKpAlHU Portland is a Third World City (Douglas Murray & Bret Weinstein)
DZqHvO37s7c COVID Drug Treatments & Twitter Censorship (from Livestream #61)
Dllzj7n16us Something has gone very seriously wrong (Julie Ponesse & Bret Weinstein)
DoVue6gAkWo Decolonizing grammar (from Livestream #32)
EHMa4fAQBMA The dissidents are being driven together (Julie Ponesse & Bret Weinstein)
EI28tVLIs1Y Racism in the great outdoors (from Livestream #32)
EZHX68cvTQg Cardiologist on “mild” vaccine induced myocarditis and deaths (FULL CLIP LINK IN DESCRIPTION)
Eoe0z6Bp-c0 How do we reach the woke? (from Livestream #24)
FB06ul21t98 The WHO’s FAILURE to investigate the COVID lab leak hypothesis (from Livestream #68)
FF_d8Q2XP3Q \
FjzmLCDL2Aw Grief is the downside of love | A Hunter‑Gatherer's Guide to the 21st Century (from Livestream #91)
FrsMYPZKLUQ Vaccine exemptions not being granted (Betty Pezzimenti & Bret Weinstein)
GASocNCjZss 𠇊merica's worst mom\
GGCn_9j38nI Decentralized authoritarianism & Australian camps (from Livestream Q&A #106)
GH_-WhcB4Vs Black Lives Matter posters found in Portland (from Livestream #25)
GLsGPBR2uZk When did you stop sanitizing your groceries? (from Livestream Q&A #89)
GPwEEfyxdWQ Egg donation, adoption, and evolutionary history (from Livestream #36)
Gwi9vZpycyA How you can help #Unity2020 (from Livestream #27)
H5m1gDvXbK4 Navy Vet Beaten by Police  (from Livestream #32)
H7iIR7py4jg Necessary and Sufficient; Understanding complex biological systems (from Livestream #99)
HAWizXf0exk Noise cancelling lungs in frogs (from Livestream #72)
HED7tpZMWnY Sex determination in animals: genetic and environmental (from Livestream #120)
HGZ-wmbjNeI Is Tylenol too TOXIC to be sold over the counter? (from Livestream #99)
HJuUkjSTIkc Activists creating Capitol Insurrection race narrative (Jeremy Lee Quinn & Bret Weinstein)
HMwxGLzTJd8 Religion and dealing with modernity (from Livestream #113)
HOaBp-4e75c Why can't we regenerate limbs? (from Livestream Q&A #88)
HROK6K0uzlY Former BLM member on Jordan Peterson, Evergreen & Ta-Nehisi Coates (Brittany King & Bret Weinstein)
HUhSMEC2gC0 Did men steal food from women reducing their average size? (from Livestream #120)
HVb13ixB0ko Does Anyone Deserve to be Homeless? (Douglas Murray & Bret Weinstein)
HWWvk9DdD2Y 3 Things That Make the COVID Vaccine Different (from Livestream #58)
HXH573bRSZQ 𠇎lsevier is going to be slaughtered on this” (Peter McCullough & Bret Weinstein)
HeH1P51gesw Social media censorship of vaccine expert (Geert Vanden Bossche & Bret Weinstein)
HeypZPuESuE Are the potests religious in nature? (from Livestream #25)
I5TLHdHf4j8 Mass Formation, the Nobel Psyop, Sudden Scientific Consensus and Conspiracy Theories (from LS #121)
IGuutk5NViY What’s the importance of gonads when describing gender? (from Livestream #37)
IRPrP47WhS0 Trans women competing in kickboxing (from Livestream #81)
IcwSzjF4Dc0 Halloween is problematic and the anatomy of a non-prostate owner
IiHraIRh2Jo Medicine  | A Hunter‑Gatherer's Guide to the 21st Century (from Livestream #87)
IphmUjuWxKE Impact of masks on children (from Livestream Q&A #85)
IxMBpNdbGTs Bret is struggling with mask compliance (from Livestream #109)
J3bkO0maiSI How vitamin D helps with COVID (Gruff Davies, Linda Benskin & Bret Weinstein)
J7-MLT1u2Zo Indefinite detention in an endless worldwide war – The 2012 NDAA Act (from Livestream #115)
JLb5hZLw44s Bret Weinstein on \
JMqrhIC93tY struction of dissent”, Inverse of Manufacture of Consent (from Livestream #100)
JVQy-fyt_EA How do we stop the vax vs unvax false narrative? (from Livestream Q&A #98)
JiPAmcbD_Hw What is school and why are they failing? | A Hunter‑Gatherer's Guide to the 21st Century (#93)
JpjQLjBv8Rk All cause mortality and dying with COVID (Chris Martenson & Bret Weinstein)
K0dnShvW3lM Wouldn’t rebelling against our genes be a set of memes? (from Livestream #27)
K2SudsbW_2M Censorship of medical information and intellectual authoritarianism (Pierre Kory & Bret Weinstein)
K6NnEerk-pM Fauci should be absolutely silenced in this conversation (from Livestream #110)
K7oLLbg3s7k Eavesdropping on liberal Portlanders (from Livestream #91)
KIujVi8ztTQ Why it matters if COVID came from a lab (from Livestream #75)
KVe6kSgBcW8 Do the protests have a stated end goal? (from Livestream #33)
KVy0wXqkLSk COVID vaccine after having COVID (from Livestream #67)
KWcOQTeKnuc The phases and changing nature of BLM (Brittany King & Bret Weinstein)
KbfHBhd-2Fc #Unity2020 Update on July 7th (from Livestream #29)
KiO9V6-ZLpQ COVID and vaccine policy dangerous (Peter McCullough & Bret Weinstein)
KseGmZcORFk #Unity2020 is Dead! Long Live Unity! (from Livestream #47)
L-iok-8GcMo Is Trump's ban on Critical Race Theory training genius? (from Livestream #47)
LHfVf0lwL8Q Can I continue to live as unv'd in Canada? Am I losing it? (from Livestream Q&A #110)
LghFXZUJTKU Will life ever go back to what we knew? (from Livestream #26)
LjfrzJix13w Major victory for trans rights is major setback for women (from Livestream #90)
Lo3waZl5Q38 Should you vote? (from Livestream #49)
LuHopW4odNE How long will CHAZ last? Are the protests Maoist? (from Livestream #24)
M0pcSvD_6q4 What to do if there is racism in your past? (from Livestream #45)
M7i85Qjw_Kw Chinese virologist claims lab origin of COVID (from Livestream #45)
MmXq97do-tQ Brothers Together at Last (LIVE) | Eric Weinstein & Bret Weinstein  | POLITICS | Rubin Report
Mo3f0OIWXb4 Adapting traditions for modern times (from Livestream #97)
MpGxOR50sn4 Broken Mice, Epstein & the DISC, Bret & Eric Weinstein
MpTjc-aZ_Iw Can the world \
MrWRQ0DPT04 Antifa & Proud Boys: Polite Individuals, Mad Crowds (Nancy Rommelmann & Bret Weinstein)
NFLaH1kaHnI If two masks are better than one, why aren't they built that way in the first place... (from LS #67)
NGElw8Txs9A Anecdotes and case studies as evidence (Lydia McGrew & Bret Weinstein)
NOlQQzjux_4 Pig's head burned in Portland (from Livestream #35)
NR7gDJGFW5A Bret Weinstein Saw Civil Unrest Coming, Where He Thinks It Will Go | Joe Rogan
Neh29VC9J1k Bret's response to Rand Paul and Fauci interaction (from Livestream Q&A #80)
NmSslcBBNJQ Vaccine immunity “wanes after 2-3 months” Lancet Paper (from Livestream #102)
NuhOW0tMjDU Apple store targeted in Portland riots (from Livestream #76)
NxJUbTaxqkY “I could turn to Karl Popper...” - Philosophy of Science with Eric & Bret Weinstein on DarkHorse
NzSbVr54Hd0 Sarah Silverman and trans legislation in sports (from Livestream Q&A #79)
O1W9keMXSTc What will happen next, given waning vaccine immunity? (from Livestream Q&A #105)
OAbqMikLqsk Lyme disease and how doctors are disempowered from being scientists (from Livestream #101)
OLcdnoagoxQ mRNA Vaccines vs. Oxford-AstraZeneca Vaccine (from Livestream #61)
OQ5L6ZG1X8o Anti-racism is false: An argument against Ibram X. Kendi (from Livestream #72)
OfiYiw_I2WA Do other animals trade? (from Livestream #40)
Ogssvgn7G-4 Is there any other way to deal with the pandemic? (from Livestream #107)
OmnawxwCAHc What's happening in Portland? (from Livestream #33)
PO-dYUUQn84 Toxic Masculinity (Greg Ellis & Bret Weinstein)
PPGDASxoq7A J. K. Rowling and the white supremacist history of biological sex (from Livestream #35)
PiDq3K3lKBo What higher education should be doing | A Hunter‑Gatherer's Guide to the 21st Century (#93)
PnfvPyn7JV4 How the left lost its way (from Livestream #24)
PvQrFBOyDs0 Joe Rogan - The Science of Hotness vs. Beauty
PvaEyBR01vI The new Ponzi scheme of the left (from Livestream #33)
Q43L5Bj-poc Are more males born after wars? (from Livestream #37)
QEmReBhFN04 Steelmanning Postmodernism (from Livestream #29)
QHVqfJg4h-I Why you should be supplementing with vitamin d (from Livestream #102)
QI8G8iodNms Vaccine side effects are not required to be reported by OSHA (from Livestream #85)
QNudiVXSu4k Would you take ivermectin or the vaccine when trying to get pregnant? (from Livestream Q&A #87)
QeyIQ4jbEf0 The Capitol Insurrection and BLM riots comparison (from Livestream #62)
Qg-JI551mkQ Is Unity2020 politically naïve because of centrism? (from Livestream #30)
QlcrKTPIm5U Senate hearing with Walensky and Fauci on VAERS (from Livestream #111)
Qq-eDh92jlw Is Racism An Expression of Tribalism? (from Livestream #54)
QvpSTnnFcz0 You’re handing power the ability to shut down critique (from Livestream #114)
R_ztn92hAYA Could communism work if we were all clones? (from Livestream #28)
RcvskiSRLyE Do Anti-Woke and climate change apocalypse believers walk a similar path? (from Livestream #63)
Rkb5uE9NcUs Alexandria Ocasio Cortez’s Far Left Divisiveness (from Livestream #53)
Rrxrre7LvXU Joe Rogan - Why Jordan Peterson & Bret Weinstein Were Targeted
RwBCNIKp8cQ Is it possible to drive SARS-CoV-2 extinct? (from Livestream #96)
S3aM1gNhW48 \
S5lIzbdD1b0 One Minute Message to Protesters (from Livestream #27)
S7jalMKUMtI Crazy COVID origin paper still confusing the narrative (from Livestream #70)
SIAPpg8NQmk Are people with glasses smarter? Plus Ghislaine Maxwell (from Livestream #29)
SRhPBENPbKA Nobody needs to put you in school to teach you how to talk (from Livestream #95)
SXiwa5xXWng Are people now more willing to accept gene therapy? (from Livestream #117)
Sc03tf98mIg COVID risk factors and comorbidities (from Livestream #69)
Sjgl0yJJFQo Bret clarifying his position on vaccines (from Livestream #87)
Ss068UIhiY0 Are Whales, Including Dolphins, Altruistic? (from Livestream #50)
SuIkXzIUV4I Authorities are a menace to civilization (from Livestream Q&A #107)
SuumShmtqfA Is predatory mode genetically determined? (from Livestream #63)
Sy9Aw6S1qyc Race in America in 2020
T4AwvBSgOEQ An invasion by the state into what should be private (Julie Ponesse & Bret Weinstein)
THTDSccOIUE Portland Thanksgiving Riots (from Livestream #56)
TQzjhxsKcPk Biologists define what a woman is (from Livestream #120)
TRJMKZ-8R8k Why is there no branded movement against this left confusion? (from Livestream #25)
TfV-Hg26Q-U CBS 60 Minutes on de-transitioning criticized by Trans activists (from Livestream #73)
TyDD5BzqcAk Quarantine camps and lack of appeal (Senator Alex Antic & Bret Weinstein)
UC7sjmmjCkI “Jumping the shark” with the New England Journal of Medicine (from Livestream #59)
UJ9ni723uU8 Cancel Western Civilization (Brendan O'Neill & Bret Weinstein)
UKmFDEZjCVU Being Grateful in the Time of Coronavirus (from Livestream #55)
UPvBgbQyMLc COVID vaccine while breastfeeding? (from Livestream #75)
UTOWCZEkNiI Anyone, at anytime, can spread mal-information (from Livestream #115)
UYKhW7Kz3YU Is Trump Hitler? (Brendan O'Neill & Bret Weinstein)
Uj8kTBuan2E What happens next with the public health tyrants (from Livestream #112)
UruuUXTiqzk In Defense of DarkHorse (from Livestream #90)
UtCees80fXQ Woke ideology is like a dysfunctional marriage (from Livestream #76)
Uu5W-bU6oZI Equity, diversion, inclusion without the Culture War (Irshad Manji & Bret Weinstein)
UuockJwrEgI Fauci's boss Francis Collins redefines ‘gain-of-function’ lab research (from Livestream #103)
UyAxcqZYX4o Is the left reinventing slavery? (from Livestream #28)
V-chAPaQyog Twitter doesn’t want #Unity2020 (from Livestream #44)
V4Cy1du8ZfI Blue collar work is undervalued by post modernism (from Livestream #26)
V4IKnTPkyB0 Kanye West and Andrew Yang for #Unity2020? (from Livestream #29)
VD76jPByeEY The biggest flaw of \
VHhTPR-p0-g Should we defund doctors? (from Livestream #47)
VoOHrTdDFe0 Democrats Against Critical Race Theory (from Livestream #48)
VwZQJ0kIrqg The End of America? (John McWhorter & Bret Weinstein)
VyHo3MyYeEc Should ALL children be put on puberty blockers? (from Livestream #58)
WEN1kPrcDU0 Impact of Diet on COVID (from Livestream #65)
WK76ECiyYKM Do we rely on birdsong to alert us to danger? (from Livestream #32)
WY5TJCaXb64 Why females are as good as males at endurance sports (from Livestream #57)
WZirQwecSUI Joe Rogan - The Problem with Believing All Victims
WaZq8v-9hRw Journalistic vacuum in Portland (from Livestream #76)
WbTJN6tUTZ4 Wokeness Vs Cognitive Behavioral Therapy (Bret Weinstein & Greg Lukianoff)
Wwq_sEi7vsc Sex and gender confusion at Harvard Medical School (from Livestream #90)
WxlJcIea5VI What should our vaccination strategy be? (Geert Vanden Bossche & Bret Weinstein)
X2QJPZV4i6k The leftist push for pedophilia acceptance (from Livestream Q&A #114)
X2t1bEQKUXA Joe Rogan, Fauci, and vaccine science (from Livestream #78)
X_EeO2057f0 Does 2+2=5 make you angry? (from Livestream #57)
X_UUOb-eXxQ Doctor raided for giving out vaccine exemptions (Betty Pezzimenti & Bret Weinstein)
XjOg-OP_69Y Bret Weinstein and Eric Weinstein: Fundamental Truth and How to Think About it
Y3xuOGbsNYI How many genders are there? Males, females, and hermaphrodites (from Livestream #120)
Y5LdiLV0BZI COVID lab leak Wikipedia page censored by \
YDrDzvcBQVk Social pressure to not reveal any vaccine injury (Lydia McGrew & Bret Weinstein)
YJSGJOxPfD4 Octopus dreams and frogs (from Livestream #33)
YLXbO0oPim8 Two biologists answer, \
YVEeI8LOiRM What happens next with COVID? (from Livestream #72)
YYdHY6TcYao Negative ivermectin studies (Tess Lawrie & Bret Weinstein) | Only on Odysee
YdQy6UaMKCg Racist Covid Study (from Livestream #42)
Yfevm1JgRvw Is Jordan Peterson Correct About Lobster Hierarchies? (from Livestream #43)
YpWGafV0vOQ 2 Liberals on Why Trump Will Win (from Livestream #43)
YwbH1kE764M Why is giving birth so dangerous? (from Livestream Q&A #78)
Z30pZ3dDCO8 Masks outside and population density (from Livestream Q&A #82)
ZT9j_24K1qU Can we prevent the next pandemic? (from Livestream Q&A #118)
ZVo0a7bdjpA UV Air Filters for COVID Prevention (from Livestream Q&A #102)
ZncUuI_vgUA What do demoralized people need? (Julie Ponesse & Bret Weinstein)
_9cG_gdrIk4 Transgender doctor, Rachel Levine, is the new assistant health secretary (from Livestream #64)
_CU9rbjRzog Did coronavirus escape from a lab? (from Livestream #32)
_HCFDsuDs-g Mass formation and failing to learn from our mistakes (Chris Martenson & Bret Weinstein)
_Y7dShVqIkk Dr. Fauci disagrees with former CDC Director on COVID lab leak hypothesis (from Livestream #73)
_aNtvIn0VQE Flawed Randomized (?) Controlled (?) Trial on ivermectin (from Livestream #121)
_ot0bKWR_Rs British View on US Election (Brendan O'Neill & Bret Weinstein)
_rJgYKL-EzA Will cloth masks be germ preservers in the cold weather? (from Livestream #57)
_xfzsEc0CTo Evidence for Vitamin D and COVID outcomes (Gruff Davies, Linda Benskin & Bret Weinstein)
aGA_n5bK67I Origin of COVID default hypothesis (from Livestream #66)
aRNPgdSkil8 Why defund the police is a knee jerk social reaction! (from Livestream #29)
aX8l47QNiDY Having courage to speak out under intense pressure (from Livestream #105)
afc7PeWsDoE Are more people waking up to the business as usual pharma corruption? (from Livestream #107)
awD9v2LZVFU Kamala Harris as VP – live reaction (from Livestream #38)
axdETKA7zwo DNC corruption and support of BLM protests (from Livestream #27)
ayPIO6kFDYk Consilience on the safety of pharmaceutical products (from Livestream #111)
b-ENU4wNHuU The Wall of Moms (from Livestream #34)
b4H-0S89pxU Bret Weinstein Introduces the Unity 2020 Plan on Tucker Carlson Tonight - Jun 29, 2020
bHkKPSfKnL4 The importance of exercise, diet, and getting outside in good COVID outcomes (from Livestream #91)
bV9SUHQZ5mI 90% false positive on home COVID test (from Livestream #76)
ba3dkSdcebQ Why is coronavirus less easily transmitted outside? (from Livestream #24)
c1lpXoVndV8 Can multiculturalism exist without culture appropriation? (from Livestream #68)
c5SV53giRg0 “Puberty is optional” Why does gender politics make me so angry? (from Livestream #38)
c7IK-uuJfUc Joe Rogan - Does Polyamory Work?
c8c7Irv83gg What role can anecdotes play in scientific sensemaking? (from Livestream #44)
cZgC2VmzWC8 Policy failures lead to more COVID deaths in 2021 (from Livestream #106)
cbpIjwtyj-w What is your #Unity2020 plan to mitigate the spoiler effect? (from Livestream #27)
cbrlNnp6Sao Rare phenotypes are valuable (from Livestream Q&A #80)
cfdeaxpTUD8 It’s our job to NOT accommodate their fears (from Livestream #118)
cmo13KBHChE Being offended through an evolutionary lens (from Livestream Q&A #114)
d1Dww5ticg4 VAERS data analysis preprint summary (from Livestream #87)
dPaxGEkJAd4 A remarkable letter from a white collar worker in Minneapolis (from Livestream #27)
dSGVcQLdycc Anti-scientific recommendations (from Livestream #113)
dTCuTZa48yc Echo Chambers in Lockdown (Brendan O'Neill & Bret Weinstein)
dUDwqZbaTJw Erosion of individual rights in the last two years (Brian Peckford & Bret Weinstein)
deJuGLu_Lw4 What COVID precautions are Bret and Heather still taking (from Livestream Q&A #102)
deeTV2Ic7NQ Why are beauty standards so diverse between cultures? (from Livestream #62)
dgHxcDav9eo Health authority’s poor communication of individual risk factors for COVID (from Livestream #86)
dhNXAejr_lU The extreme left and right are exhausted! (Brittany King & Bret Weinstein)
dqYdVrlbrHk Joe Rogan - What's the Difference Between a Cult and a Religion?
dz7fokhC4cc Father Fauci and Trust the Scientism (from Livestream #111)
e6_8W4E0W1w Science is Open Mic Night - With Eric Weinstein - Bret and Heather 22nd DarkHorse Podcast Livestream
e6puClzu_iA Australian senator detained in medi-hotel for 14 days (Senator Alex Antic & Bret Weinstein)
ebbPug1RSLI \
ej4CESxSfCQ Is there a downside to not having colds? (from Livestream #66)
epIrXwKGo-M Why the Democratic Party is not trying to extinguish these protests (from Livestream #26)
f3Icj47XGs8 Is the new Merck drug, molnupiravir, the same as…? (from Livestream #99)
fAcaGQKSuMc Are Australia and New Zealand anti-vaxxers? (from Livestream #63)
fQwTOzJjAH8 How old racism impacts modern society (from Livestream #25)
f_Yu7woCdLA A critical moment in our species history (Chris Martenson & Bret Weinstein)
fduE0YTK5AE \
gFeLuiMOrT0 Is it racist to challenge defund the police? (from Livestream #25)
gRFUUboJHFk The New York Times and Masks (from Livestream #34)
gSAl9zONpBU COVID needs to be maximally terrifying (from Livestream #109)
gYa7IxiODZU Would you raise your fist? (from Livestream #41)
gZlCygLo-oM Can COVID vaccines help long haulers? (from March Patreon Q&A)
gdYOBHvRF-M Predators that hunt disguised as prey (from Livestream #40)
gj_V4cTQ8VE Should long-term safety tests be skipped to fight climate change? (from Livestream #116)
gmy8znrLPc0 The Proliferation of COVID Variants
gplwH03SvNw “Pedophile Fragility” (from Livestream #29)
gtfs49X0Yes Why are bats so creepy? (from Livestream #43)
hEGCwB5CwkE Scary COVID-19 Dog Walking Study (from Livestream #55)
hFUrx4E_hjw Is your body communist? (from Livestream #26)
hLewNAHpg9g Mark Twain and Bob Dylan’s “Hurricane” (from Livestream #29)
hXvyd7RRMAw Vaccines, variants and breakthrough infections with severe disease (from Livestream #90)
heSfWLTC87I What to do if you think you might have COVID-19?
hn5Z-UHM8Ws If we knew it came from a lab, could we eradicate SARS𠄜oV𠄒? (from Livestream #118)
hqkxDi473v4 Morbidly obese people's feelings more important than health (from Livestream #107)
iC3Us-o7s3c Vaccines, selection pressures, mutants, and variants (from Livestream #91)
iHa9SBA3ru4 How confident are you in the VAERS data? (from Livestream Q&A #88)
iU6qkxoBlT8 Paid menstrual leave (from Livestream #77)
iUAdHHuZIg0 BLM extorting immigrant owned business in Louisville (from Livestream #36)
icxntXCVjfA Narratives that help explain current times (from Livestream #112)
ihgVoXNXecw Is this a race war? (from Livestream #31)
irqJWLzrxYc Was George Floyd Murdered? (John McWhorter & Bret Weinstein)
j38rX1qxvG4 Do attractive parents have more girls? (from Livestream #37)
j6fO1zdbSgQ The fact that some people feel safer does not mean it’s the right way to live (from Livestream #107)
j7tJh7D4w-U Shoddy COVID “Science” on asymptomatic spread (from Livestream #63)
jNQxgElm698 Conspiracy Theories Vs Freedom of Speech (Bret Weinstein & Greg Lukianoff)
jTxQqUPFz6Y Mostly Peaceful Riots (from Livestream #43)
jaCDEIgoFmQ Can you catch COVID twice? (from Livestream Q&A #109)
jviprfCIfBs Does masking harm children? (from Livestream Q&A #92)
jxRmJaP247c How is rent seeking enabled by the duopoly? (from Livestream #31)
k2IvJDw070U How conscious are dogs? (from Livestream Q&A #80)
k2UeAjbiGc0 BLM and Proud Boys similarities (Jeremy Lee Quinn & Bret Weinstein)
k4nKgL_Akwk Saving higher ed is more than just removing Woke (from Livestream #106)
k6LIPyCj_qM \
kCuGyK_lofw Mink Coronavirus Mutation (from Livestream #53)
kFwFqyxgEhM The human niche is to move between the paired, inverse modes of culture and consciousness (#95)
kXKlIaoxaKA No COVID variants transmit outdoors (from Livestream #75)
kdnJmvOnHYA COVID lab leak hypothesis and consensus science (from Livestream #65)
khZ6r7m7AOk \
ko8VCuLYos4 2+2=5 - How to explain the madness of the far left (from Livestream #38)
kxBouiB5Qyo Buzz saw epithets: Racist, Anti Vaxxer, Conspiracy Theorist, TERF (from Livestream #82)
lUwIgaXUcM0 Will the Portland protestors be convicted? (from Livestream #45)
lcONFdcycTo Which colleges would you send your children to? (from Livestream #61)
lcdarXrpw7I Is unnatural estrogen leading to more transsexuals? (from Livestream #39)
lzQvqf6fvpo Will You Take the COVID-19 Vaccine? (from Livestream #54)
m19aS3MA_1U Working class people have a legitimate gripe with the federal government (from Livestream #115)
mBNgJh2ADeA Reddit’s Brave New Policy for a Brave New World (from Livestream #27)
mINw6JpY8kA What should I do if my partner is far left? (from Livestream #38)
mVSYlH18e4I Hypotheses on the lethality and origin of the new Omicron variant (from Livestream #106)
mcUIZLIAZss \
mkiC453QIcM The problem with the word \
mvFN9ZipUc8 The cost of speaking 'Woke' untruths (from Livestream #71)
n8_VVKbHoH0 Joe Rogan - Biology is Sexist and Racist?
n9BeRRsziMY What concessions should males and females make in modern society? (from Livestream #58)
nr5EPvvSQo8 Safetyism has taken over schools (from Livestream #111)
oF--kVAdBjM Could CRISPR help with COVID-19? (from Livestream #29)
oN8-8IxcaWo 4 conditions to create a mass hypnosis (from Livestream Q&A #105)
oNDypZ9jUsU How do I date someone who isn’t woke? (from Livestream #39)
ohUQee9D7V0 Do any other animals find their identity in their color? (from Livestream #46)
ouA_cUB0nmM Will people reject boosters and where are we a year from now? (from Livestream Q&A #105)
p4HKsunI4mI How do you resist the far left mob? (from Livestream #28)
p6NXqzkivUk We must defeat the Biden Trump ticket! (from Livestream #28)
pKyMZVbh4Ps Reduction in Racism Leads People to See More Racism (from Livestream #52)
pNnLGHJgxI8 Pharmaceutical pollution impacting fish personalities (from Livestream #67)
pnvKFfyZJVM The difference between gender and sex (from Livestream #27)
ptrrDfDGzqs Unity 2020 (DarkHorse Duo) Plan Discussed on The Hill TV - Rising
puGJAZ28q5o Portland Mayor on Antifa and Anarchist Riots (from Livestream #61)
qRlQ_xs7Q40 “It is better to live on one’s feet, than die on one’s knees” (from Livestream #105)
qUryw-W-xSo Trump or Biden are Unacceptable Choices! #Unity2020 (Greg Ellis & Bret Weinstein)
qfKpNoZ1Sqw Effort is not inherently good (from Livestream #117)
qjKEEhK39y4 Why do we have an appendix? (from Livestream #36)
qlub42GOueE Justifying Riots (from Livestream #42)
qpV_c0kuI1w Why is COVID 19 worse for people of color? (from Livestream #37)
qw6sBOMu1aQ Consensus science by intense coercion and censorship (from Livestream #100)
qxlCWMV4fLE Documentary maker reveals his experience of COVID in Australia
rAkOtlxNNik Not the Great Reset, it’s the New Reset (from Livestream #106)
rHvisIMtgmg Measure the durability of natural immunity (from Livestream Q&A #110)
rQUojL-b2Ls Doctors as scientists fighting COVID (Peter McCullough & Bret Weinstein)
rc-qhqHg5Lg Culture is unraveling and we need a new steady state | A Hunter‑Gatherer's Guide to the 21st Century
s0rPTcoYFtE Brazilian Jiu Jitsu and anxiety in lockdown (from Livestream #36)
s43MJgdYUBg Scientists changing their minds on COVID lab leak hypothesis (from Livestream #66)
sL1n-WFygyA Is immunity to coronavirus likely? (from Livestream #25)
s_FdYyJudnA Two COVID camps and they are both wrong (from Livestream #94)
sq33zWpapk4 Licking and Tattooing Frogs in the Rainforest (from Livestream #61)
sqJC9jZjG3o Literally false, metaphorically true – Belief can be the difference between life and death (#95)
svByDRuZ8mA Remote bureaucrats interfering with your doctor and pharmacist's relationship (Livestream #112)
tHM2PhH2Rlw Transgender identity vs Transracial identity (from Livestream #26)
tMPjC4eSsXA Can the emotion of awe unite us back again? (from Livestream #26)
tPrmPbPdmjc Culture Vs. Consciousness | A Hunter‑Gatherer's Guide to the 21st Century (from Livestream #84)
tZHoGNBEmUQ Portland Poem: \
tj4PzSC0w_w Sex and gender  | A Hunter‑Gatherer's Guide to the 21st Century (from Livestream #90)
tqJvcAv7AC8 Should I Cancel Christmas Because of COVID? (from Livestream #51)
trNjIKGKyvk Swedish paper on reverse transcription of mRNA in vitro in human liver cell line (Livestream #116)
tuWrdNNXRGM Covid lab leak conspiracy becomes mainstream (from Livestream #62)
tz2DiBPnVB4 New York Times abandons all reason over transgender swimmer Lia Thomas  (from Livestream #119)
u6ds4iwZyKE Why can't I tickle myself? (from Livestream #77)
uM6ZVOSycJc Bret Weinstein - Evergreen and Anti-racism | Eric Weinstein - The Portal
ujNDLNgOPio Trail cameras for spotting animals (from Livestream #74)
uqHypjWEYaE COVID prophylaxis, treatments and regulatory capture (from Livestream #87)
uwNZdZ4ja8Y Rioters being paid in Portland (from Livestream #57)
uwOF5B0y7_U Are you Racist or Anti-Racist? (from Livestream #39)
v0XcyQPua18 Trans and the Black Lives Matter movement (from Livestream #25)
v4gUF6t-7Mg Post-Pandemic-Stress-Disorder (PPSD) may cause major heart problems (from Livestream #107)
ve4q-1D_Ajo The Problem with America’s Lab Mice and Why it Should Matter to You
vl1_LMcEszU Twitter's CEO is a Coward (from Livestream #40)
vqGDldK7U6A Rapid social learning on a large scale for sperm whales? (from Livestream #111)
vqReVgHccQQ Is there a way forward where science doesn't lose? (from Livestream Q&A #95)
w1CZfgnugio Officer transcripts from George Floyd killing (from Livestream #31)
wElkAgZFljg Training teachers about microaggressions (from Livestream #26)
wONJnwAfj2M The US needs to lock down at the maximum possible level for 6 weeks (from Livestream #30)
wWtNo61OogA The importance of sleep | A Hunter‑Gatherer's Guide to the 21st Century (from Livestream #89)
wmic42U0MlI COVID vaccines for children and adolescents (from Livestream #69)
wt1GxrrO8Kk Portland Mayor's Letter to Trump (from Livestream #42)
wwwExvam2K8 What is the evolutionary advantage of foreskin? (from Livestream #37)
wyuLf4W7QLI The WHO’s investigation into the origin of COVID (from Livestream #67)
x-Ui3eiihks Zoonotic transmission means COVID is here to stay (Gruff Davies, Linda Benskin & Bret Weinstein)
x5OmsgqmuF8 Are COVID vaccine concerns disproportionate? (from Livestream #72)
xAMdrHgVC-k When to Wear a Mask (from Livestream #72)
xE32JHW-q5M Destroying the vulnerable in order to save them (Betty Pezzimenti & Bret Weinstein)
xKOBbss3Rcs Joe Rogan and Trump beat COVID with early treatment (from Livestream Q&A #95)
xNOXqgDw16Q Everybody is failing in their professional responsibilities because something is forcing them (#110)
xWDRO7NuTtk Sleeping skin to skin with baby (from Livestream Q&A #80)
xf3FB8GSWKE Maddie de Garay and other injuries (Lydia McGrew & Bret Weinstein)
xxqpq0wM3Ms Joe Rogan - Jordan Peterson & Bret Weinstein's Disagreement About Hitler
yJ1lVP7gWjI Third COVID vaccine and passports (from Livestream #76)
yXjpDk6-KuA Seek out physical reality not just social experience | A Hunter‑Gatherer's Guide to the 21st Century
yb8iKITI7Dc Vitamin D positive effects censored by big tech (Gruff Davies, Linda Benskin & Bret Weinstein)
ylVhCHYced4 #FollowTheScience - Pregnant people and COVID vaccines (from Livestream #99)
ymix5NGzG44 Thoughts on traveling post lockdown (from Livestream #24)
zH5KFT7RfiY How to Deal with a Woke Brother (from Livestream #50)
zQLF4DUSXGs Bret Weinstein: Why COVID-19 May Have Leaked from a Lab
zWJYIi11-NY Is compelling pronouns imposing religious beliefs on people? (from Livestream Q&A #92)
zoT0qvwUbQA Portland Mayor Ted Wheeler is finally going after the rioters (from Livestream #77)
