-DIH9rb4wpw 124 - Liars and Litterers and Thieves
-I3jsmkCzdw 075 - The Nutrient Coconut Milk of Sin (w/ Katherine Green!)
-IAXhMJ8ub0 089 - A Rich Guy with an Affinity for Bats
-N-fdKN_4z4 055 - A Proper Dumpster Fire
-YKflZQM78U 042 - Mayonnaise Malaise
-_p9aGTMvz4 153 - Perfectly Normal Art Projects (w/ Sarah Urist Green!)
-bnreW2kX64 149 - Let's Be Mermaids
0Bd7lQCMK9k 035 - Should I Get Baptized if I Don't Believe?
0I4rSVsiS7g 059 - Hank's Disaster Preparedness Plan
0skHiTeUId4 148 - Hiding Nuts
1-4pv4SMuiY 029 - Barbershop Genghis
18-FArwITgc 104 - Dove Quivering
1R4NnVnv09U 141 - Gretel's Instagram Regrets (w/ How to ADHD!)
1S6UrQO2ptk 064 - Really Terrible Scandinavian Geography Lessons
2JWFIamoK5I 113 - Aardvarks with Guns
2K_T9Eo0d04 Dear Hank and John 004 - What's in a Name?
2bdCiP7rHqk 020 - This Episode Contains Puke
2m059ONCWrA 050 - Things Are Like Other Things
3lj0BisMGoQ 157 - It's My Soundtrack! (w/ Rosianna Halse Rojas!)
4Xy1cB7aWy0 028 - John's Top Ten Probable Apocalypse List
5VGeyKu04rQ 025 - LIVE IN NEW YORK it's NARS MEWS!
5totIgsm88Y 105 - Fancy Diving
6_vOrEmI1EI 040 - Almost Distressingly Good Advice
6gYAb6xqp9g 102 - The Friend Bucket
6v2vjd77qjo 103 - There Are No Boxes (w/ Gaby Dunn!)
83PefmEaPjQ 062 - Pumpkins and Penguins (and Fiddles)
8NAHyUo987c 144 - Great, Robust Berries (w/ Jenny Lawson!)
8Ta4PjXN4d8 087 - The Future Is Gonna Rule
9QJTaKcrEkA Dear Hank and John 005 - Should I Lie to Get a Job? With Maureen Johnson
9kmBk9WOy_A 117 - Lightsaber Your Tiny House
AOia9eXSwAw 041 - In the Absence of Toes
ByLbPBSjaFc 155 - Drunk Fruit Squirrels
CiUIePRSnD4 154 - You're Doing Great (w/ Tessa Violet!)
D5nr-dn0haE 114 - Confused About Batman
DF8gFEWpdo0 147 - Celebrities on a Plane
Ddh5gxET-xg 094 - Pocket Conspiracy Theories (w/ Matthew Gaydos!)
DfksIx12yiE 156 - There Is a Diversity of Opinions Among the People Who Drive This Car
E6Y7XWOX0AY 109 - The Catastrophizing Kindergarten Teacher
EGbPFBkA5PI 069 - Live from NerdCon: Stories (w/ Karen Hallion!)
EqU_pomX86o 027 - Giving Gifts Without Breaking the Bank
FlhHqSp1e3Y 017 - Meeting Taylor Swift('s parents)
GYPQF1hSU6Y 158 - President Alligator
IBidYdb8MFc 045 - Not Knowing
IKr_P510Bw0 111 - Omagles All the Way Down
IR_Vsu_2zL0 Special Shorty with Travis McElroy
IZvQ0ap24jM 015 - Get That In Your Mouth!
IaYyW2jZOrM 036 - Grief is Super Weird
InZ75l0ratw Dear Hank and John 003 - Pain Demands to be Felt.
Jwiz6In3aco 092 - Cewebrity
KQCAX4mN-oA 126 - The Space Alien Orange Peel Health Craze
KZTP3u2yCnA 162 - The Fault in Our Mars
LC-spvL8Xq0 090 - Glitter Soul
LMF4ohy-MY0 119 - Water Is Dry (w/ Greg Miller!)
LR4-t5oT47o 022 - Post-Menopausal Cousin Marriage
LnFQVM4aH5k 032 - Broccoli Flavored Chocolate
Lp1AZtJradQ 078 - Being Sure
M64blu7W1Fg 106 - Cannibal Mermaids
MnTR1kct-qk 159 - The Horrifying Five-Tined Fork
Mzql4rxsquw 049 - Not Not An Adult (w/ Sydney Green!)
N9zRZSKPJR0 013 - John and Hank and Wheezy Waiter!
Nv30ya9U83g 083 - There's No Rock and Roll on Mars
ON_hNoCvZjY 068 - Gaga in Space (w/ Tyler Oakley!)
P30__Rm4JR0 061 - Tiny Acts of Kindness
PTaMHgE2qiU 088 - Hank's Profound Graduation Speech
Q5na25q1I60 146 - Skate with Snakes
Q_SsWg-WBA4 039 - Feelings are Alright (With Katherine Green)
R3csgjLiLKk 085 - Stay Gold, Potaterson
RxA1H2KjfZo 129 - The Worst Guest Books
SF6mRXRBtVU 131 - Space War Fears
SNSuDmrES3Y 084 - Live from NerdCon: Nerdfighteria!
T43wyODGxck 160 - You Are Not My Bus
Tcy0HEEAQ4g 030 - Ending the Hiaaeetus!
TqXP9G2IzDc 115 - Semi-Immortal 35-Year-Olds on Mars
Uom65rBOy8g 139 - What If the Moon Was One of Us
VA9gYi8YFGk 038 - The Smelling in Your Dwelling
VKIyZTdt3Mk 101 - Knit like a Mofo
VVavz9v0DSU 100 - 100th Episode Extravaganza Spectacular!!!
W8B_vehk5I8 098 - An Army of Burrito Children (w/ Dodie Clark!)
W93Vs7Ugda8 063 - World Queen
WpImgrDJ-hw 135 - Danger Noodles and Little Boops (w/ Emily Graslie!)
X0USwQiYAVg 134 - The Millennial Avocadome
X81wrMtrb5c 112 - Toaster Is a Wolf to Dog
YjVoS6b6Eqk 007 - What to do About Stomach Farts
YzIkD96MpB0 047 - You're Gonna Be Okay
ZNP_99yy814 048 - Pizza John Priorities
Z_nLnC51x6Q 016 - Handling Awful Roomates
_8HghqQEqkM 082 - Where There Was Previously Nothing
a-6VS2HxrqU 053 - The Worst Episode Ever
aGzs4P-Rn20 071 - Only Pause for Applause (w/ Hannah Hart!)
aqhq9zMkSCc 043 - Gotta Be Kitten
bEHIqFdDw2E 125 - Book Hangovers (w/ Sarah Urist Green!)
bpN9T-1cg2M 009 - Dear Hank and Felicia
cbYf4MYfVr0 Dear Hank and John 002 - It's a Humor Podcast!
eFt5_SiGbyA 054 - Nerd Punk
eJB6-J1QS_0 116 - Do Not Enter the Craft Fort! (w/ Caitlin Hofmeister!)
emkDOO8h0wM 123 - The Incredible Glamorous Hulk
enH_PMeYOsM 024 - The Great Finger Licking Debate
exxP8zhuup4 023 - OH MY GOD IT'S BURNING
fJKbyeCgNhM 091 - Everything Is Everything (w/ Mayim Bialik!)
fRAZox9j1z8 058 - That's the Science (w/ Flula!)
fpSy_KEbTtk Dear Hank and John 006 - Would You Eat a Moon Sandwich? w/ Emma Blackery
g2tygpNBprA 140 - The Spoon in the Road
gaMYucuDI2Q 074 - The Kindness Muscle
gkVCuIj9les 152 - Thank You, Hot Fries!!
h1CdLuMWFWQ 031 - Breakin' the Law (and Being Good.)
h9cLdfgw8Mo 110 - One and Less Extra Bone
hk-POiC48Tw 026 - Should I Make Out With My Roommate?
i301T18FHD8 097 - Lemon Salty Whales
iJ3Ah7cRqlE 052 - We are in this together.
iYcyYh-sTj0 Dear Hank and John 001 - The Debut: Do You Pee on Your Own Head?
iekmkgM5KQc 034 - YouTube Freaky Friday
jB0WqUPBAOg 137 - Manhole & Me
jHnUKstG2F0 056 - Is It Going to Throw Up?
jR5zxpeTXso 010 - When Your Friend Likes Ayn Rand...
l6Fowi0ChyI 044 - A Life Sandwich
lN3-JQARCWY 079 - Tiny Useless Pelvises (That Are Still There)
lorJnDz4vKc 127 - How to Befriend a Crow
mD_ZmJ-AI-M 067 - Feeling Home
mvCQ4lGDiEg 093 - Nothing Fits on a Bumper Sticker
n8DmK3ckmng 128 - AARTcoin
nHgZWk92Nk0 014 - Jurassic Mars
nWpOBfqekyI 118 - Heavy Baby Bib! (w/ Alex Goldman!)
o6iZMtPGrAg 145 - Wait to Panic
pVRvlC7teoE 122 - The Last Brand Deal
pXNcgVt--QA 143 - Eleven Peas
pjnE2e67OYg 070 - The Rhythmic Thud of the Space Bar (w/ Ashley Ford!)
ppi0HyWI4BI 046 - Brotherhood 3.0
qLkPQbqawIA 099 - A Fusing of the Hair
qNJt72zQEgY 121 - Every Plum Has Its Thorn
qdRLh2zzfsM 150 - Spicy Limes
qf2E9DR7wfs 096 - Next Level Laziness
qkg6liybCUw Don't Harsh on My Yums
qnK-byB5c_c 072 - Planet Dirt (Hank Returns!)
qokg1y-XWd4 018 - Coming to Terms with your Nerdiness
qprxnWRBzy0 051 - Weird/Bad Dancefighting
qxijNbBhrws Schr཭inger's Floor
r5-tpYEEcqA 066 - A Great Bit of Oratory
rUQs8FDkgkA 012 - Tree Climbing Strategies
rcYaFHyMBFo 161 - Your Dabbing Uncle Hank
s4LWV-BRMg0 060 - There is Almost Always a Future
sH7j_WRzCjc 107 - skREvEL!
srXy6G6Lgek 095 - Lawn Care Vigilantism
tOvIw1psSPw 019 - Should I Abandon My Stuffed Animal?
tgJUyLmvSd4 108 - We Would All Be Flounders
trDUQVqVClk 120 - Snake Cuddle Time
uo4_qyF9_Y4 The LaCroix Boix
v2V4xijeiOs 021 - Who Am I?
vLd1d8AtTDI 081 - Always Making Progress Forever
vQCfTGUPYK4 008 - Dear Hank and Grace!
vSWGpDTWka8 057 - Og Nomekop
vwvpkHHDFoo 136 - Wake Up Canadian
wHFazrRWQBY 138 - Snappy the T. rex
weKtMqCFNGw 077 - Save Us, Giant Octopus
xXGGlPJFH8o 151 - Dapper Dudes
xkWDKlv6x1o 037 - The Floridiest Place
xvl_VQwnPfI 080 - Life Is Hard and Also Has Good Things
yCv4PPqCTNk 086 - This Week in Ryans
yrMZXwEOcKo 133 - Fork Bouquet
zotdSxCz7_0 073 - Planes, Trains, and Automosqueals
