-jDG7HmL19o Side Steppers: Chris Lee of Asylum
-keBna62oY4 Why design is critical for innovation: Scott Anthony
-woySnH5Lak Outside the Box, Episode 1: John Cheng of Cheng Yew Heng Candy Factory
0MOPYVG0uHw Better Life by Design Ep. #4: Raiz-Up!
0Nmgh2xehw8 DESIGNER OF THE YEAR 2013 -  PANN LIM
0YIqDOSKXTI 2015 AWARD CEREMONY
0ZYo3IKVhGM DESIGN OF THE YEAR 2013 - SATAY BY THE BAY
0ceZMSnLHGQ President's Design Award 2016, Design of the Year - Vscan Access
0dPwVgWFh_g Dsg Recruits!
1ON8HcdFKBA Singapore Design Week 2017: A March of Design
1S-6xtggwQo WEBINAR: Dense+Green Cities: Architecture as Urban Ecosystem
1XzWuXQDRHU How Procter & Gamble learnt from its failure
1un-LU9hbwQ President*s Design Award 2020 - EYEYAH! (Design of the Year)
2Z25k3Cu480 Better Life by Design Ep. #3: Tilda
2a6heq5tD3w The 22nd Century Brand Episode 3: The Future of Brands
2cvXIM4dEdo INTERVIEW: Participants of Good Design Research Open Call 1
2skMGoupjhE LIVE DEMOSTRATION: This Humid House Appropriating Nature For Pleasure
31Z9KPl_wIQ #designspottingsg Ep. 3: Hanson Ho of H55
3ooyo72HOkQ Design for Business: Frame & Scope Scheme
4E948JN6vew INSPIRING INNOVATION: Scanteak + Outofstock
4JbwpZj_Agw President*s Design Award Recipient 2018 - Mediacorp
57aJq_5IoY8 Business Value of Design Programme: Hear from the companies on their experience
5UYVxpOSfmE Singapore Design Week 2019
5Z8vN_SQtmE DESIGN OF THE YEAR 2013 - SNAPWARE ECO FLIP
5draoW6w4b0 President's Design Award 2016, Design of the Year - SkyVille@Dawson
5inBB_X5HJE WEBINAR: Community Building through Participatory Design
5oPibDXOJ_w DESIGNER OF THE YEAR 2011 - CHAN SAU YAN SONNY
6VSR_e7SZJk Outside the Box, Episode 5: Nelson Yap of Benjamin Barker
708bFzrkh54 DESIGN OF THE YEAR 2015 - THE OLIV
74Hu10Iq-P4 President*s Design Award at Barcelona Design Week 2019
76SwC85bDsU President*s Design Award Recipient 2018 - Hans Tan
79XMTA0AG4s DESIGNER OF THE YEAR 2015 - DR COLIN K  OKASHIMO
7F9sWOXL2B4 DESIGNER OF THE YEAR 2015 - FRANKLIN PO SUI SENG
7IqmLlqTMJs President*s Design Award Recipient 2018 - Fudao
7NB5okw0hZY DESIGNER OF THE YEAR 2013 - YIP YUEN HONG
7T3MQf2-iY8 WEBINAR: Business Value of Design Launch (By DesignSingapore and McKinsey Design)
8koKv6hmuWk DESIGN OF THE YEAR 2014 - SUTD GRIDSHELL
9I1lebE0gf8 DESIGN OF THE YEAR 2014 - EYELET FLIP
9enSPT9rNZg WEBINAR: Serious Play for Innovation Co-creation
9mh9loBMdO8 President's Design Award 2016 Exhibition at Temasek Polytechnic
9tUCHrNHBuM President*s Design Award 2020 - Jewel Changi Airport (Design of the Year)
9vUmWTTv0RI #designspottingsg​ Ep. 5: NOST
A6MsF7CXj_A Highlights from the Design Education Summit 2021
ABYG3st-KQE [Better Life by Design] Bloopers: Raiz-Up!
A_90OAtKwcs GARDEN DREAMING : Ramboll Studio Dreiseitl x Jurong Lake Gardens
AbE02laAdWI DESIGNER OF THE YEAR 2015 - SIEW MAN KOK
AzNZBpzbHgY DESIGN OF THE YEAR 2015 - LIBRARY@ORCHARD
Ba8sd6b8Aq8 Open call to participate: Relaxation, Relief and Rejuvenate in Indonesia Design Workshop
DA_xAIsGZbw President*s Design Award Recipient 2018 - Warehouse Hotel
DfCf03ZXbfY President*s Design Award 2020 -  Ar. Khoo Peng Beng and Ar. Belinda Huang (Designer of the Year)
EhjgQh6Gxxg DESIGNER OF THE YEAR 2010 - KERRY HILL
EsviR_Mb2dk The 22nd Century Brand: Episode 2 Brands Today
EvAi7s-sAiU DESIGNER OF THE YEAR 2013 - RICHARD K F HO
FpvSuf0CU28 WEBINAR: Designing for the future Burger King Restaurant
Fv_yDQRZOsY DESIGNER OF THE YEAR 2013 - HARIJANTO SETIAWAN
G5JZ6Frf_Co Creating a Better World By Design: In Conversation with Visual Communication Designers
GafdtE7QRQA [Better Life by Design] Bloopers: Tilda
GoZUUuJpWdA DESIGNER OF THE YEAR 2014 - PETER TAY
GpEcVn4rj5k DESIGN OF THE YEAR 2015 - THE CATERPILLAR’S COVE CHILD DEVELOPMENT AND STUDY CENTRE
Gw6nmrTzcXU President's Design Award 2016, Design of the Year - Wah Son @ Seletar Aerospace Park
H4g5hkeYPC8 GARDEN DREAMING : WOHA x PARKROYAL COLLECTION Pickering
HDjzO-_VW8E The Designer Explains with Hans Tan
HFhPZ_YukNU DESIGN OF THE YEAR 2015 - ARCHITECT’S OFFICE AT KIM YAM ROAD
HHn2cScZIfw Singapore Design Week 2017: Thank you
Hd0Kki4w-IQ Design Thinking for Business Transformation
I363gqeiJaI Panel Discussion: Design for a Post-Pandemic World
IOIEuKrlC6Y [Better Life by Design] Bloopers: Umbrella for Uncle Soh
IrhpIuKptEA Singapore Design Week 2016 (Part 1)
Iv5yKoeyCsc DESIGN OF THE YEAR 2013 - LUCKY SHOPHOUSE
Iy0gD0KPF5c What makes good design?
J-ZpRuXK3Ds Design Story behind  The Office, Disrupted
J4dcEeF7hXY Side Steppers: Jessica Wong of Scene Shang
JD4HcCvFNik 10 things you didn't know about Patricia Urquiola
JFpAHxwNjwY #designspottingsg Ep.4: Hunn Wai of Lanzavecchia + Wai
J_k4NpLlx2E R for Repair: How Designers repaired \
Jzxq-Eq_mxY Burning Questions for Design Masters
K043BR9MpF0 DESIGN OF THE YEAR 2014 - SANDCRAWLER
KDuyrZhUb8U President*s Design Award Recipient 2018 - WeatherHyde
KKOr955K_hw Who Cares? Transforming The Caregiving Experience in Singapore
Krzh-HZzaUU GARDEN DREAMING: This Humid House Appropriating Nature for Pleasure Home Edition (Part 2)
Kw5XoihhanQ Better Life By Design Ep. #1: Umbrella for Uncle Soh
KziU-M0QPUI President's Design Award 2016, Designer of the Year - Rene Tan
LZbE_4_ya24 WEBINAR: Design Thinking For Business Transformation (F&B)
Li8rpIXxnpI The Good, The Bad & The Ugly of a Visual Communications Career
LlXF2mzEGFI WEBINAR: The Race for Sustainability
Lw46g9TFKuI Design has the tools to encourage creativity
MtXtEW2zLAo Outside the Box, Episode 4: Belina Lee of Mandai Park Holdings
N8zu0cp0aYo DESIGN OF THE YEAR 2013 - PARKROYAL ON PICKERING
NMKPKZUaX3U 10 things you didn't know about Daan Roosegaarde
NQcErdaAVmE DESIGN OF THE YEAR 2013 - INITIAL 'SIGNATURE' RANGE
NcjVh817A24 Outside the Box, Episode 2: Ryan Yeo of Roger&Sons
NzH2CYaE7-Q DESIGN OF THE YEAR 2014 - JURONG ECO-GARDEN
PDosU_Ybtd0 Design for Business: User Journey Mapping Scheme
PMqSJF9fVBM #designspottingsg Ep. 2: Keat Ong of Keat Ong Design
PkXQuHNVI8A DESIGN OF THE YEAR 2014 - OUYI REFRIGERATOR
PmlbrnkhUZc DESIGN OF THE YEAR 2012 - BISHAN-ANG MO KIO PARK
PxZo6h9zDLQ President*s Design Award 2020 - Kampung Admiralty (Design of the Year)
QaRz_7TYBIk DESIGN OF THE YEAR 2015 - SUNRAY WOODCRAFT CONSTRUCTION HEADQUARTERS
QlZuKV48s6s DESIGN OF THE YEAR 2015 – AIR+ SMART MASKS AND MICRO VENTILATORS
RUzXMZ6VIzY DESIGNER OF THE YEAR 2014 - TAN KOK HIANG
RV0riGtrv3g President’s Design Award Singapore 10th Anniversary - A Decade of Design Excellence
RmVYkaF6BP4 Outside the Box, Episode 3: Wendy & Gustavo of Forest & Whale
RoZ3XDUsxjk DESIGN OF THE YEAR 2015 - DECK – PEOPLE, PLACE, PHOTOGRAPHY
RqCPb8yRMLQ Singapore Design Week 2016 (Part 2)
S-zgc0IHsxA TMRW app by UOB
SAnEPRZ5Ebg WEBINAR: Navigating the Pandemic - Design as a Career
SUyEfIvY7To Good Design Research (GDR) Initiative - Meet the Panellists
SiqChSYtvvI President*s Design Award recipients at D&AD Festival
SsiWFRPuE9I Highlights of Design Education Summit 2018
T8PgRa2LEB0 WEBINAR: Business Value of Design Forum Fireside Chat, 11 January 2021
TAv7c6DAv9I Singapore Design Week 2018: A March of Design Teaser
TFiylvqn3ug #designspottingsg Ep. 6: Carlos Banon
TzCj6DirpV0 The Business Value of Design (DesignSingapore Council & McKinsey Design)
U9MJHWEsXQ4 GARDEN DREAMING : Yun Hye Hwang x NUS Naturalised Gardens
UA6t149S1xU President's Design Award 2016, Design of the Year - HP OfficeJet Pro 8720 All-in-One Printer
Un1Jfj3kuIY President*s Design Award Recipient 2018 - Tembusu
VjhPE3Ha7AM Singapore Design Week 2017: A March of Design
WdvQAgN4XiA WEBINAR: Designing for Inclusivity - Safeguarding Culture and Heritage
XDGt44jFUak The Designer Explains with P*DA 2018 Design of the Year, DP Architects
YTV09Nu7Hts President's Design Award 2016, Design of the Year - SAFETiCET
YTVQFYyYi8E President*s Design Award 2018 - Changi Airport
YnqlZeyjxNA President*s Design Award 2020 - Cloister House (Design of the Year)
YplWhpMh7_A Singapore Design Week 2019
ZEzIc3Y9DUc President*s Design Award 2018 - Who Cares?
ZqAngnlHm3M 16 years of Dsg
ZrYU7xe5szU GARDEN DREAMING: Salad Dressing X Enabling Village
_-ONVU4Itmw DESIGN OF THE YEAR 2010 - STADIUM MRT STATION
_RDtEItQR0I President*s Design Award 2020 - Etania Green School (Design of the Year)
a3P-8nu4OvI Market Entry Webinar: Vietnam
aHFt9iMhkSA President*s Design Award 2020 - Kelley Cheng (Designer of the Year)
ar0vWP4tEmQ President*s Design Award 2020 - Sparkletots Large Preschool at Punggol (Design of the Year)
bW48o_JUGN4 President's Design Award 2016, Design of the Year - National Design Centre
cI7TWShHY40 10 things you didn't know about Nelson Coates
cL-eRtTMCFs Making an impact with Good Design Research
cQ1WY5941RQ UNESCO Creative Cities of Design at Singapore Design Week 2019
cU5s9gIctCU DESIGN OF THE YEAR 2015 - NATIONAL GALLERY SINGAPORE
cm10EdkqLM0 Shifu de Sacco
dV72QQOdl2c President*s Design Award 2020 - AirMesh Pavilion (Design of the Year)
d_XjNFQdtsA President's Design Award 2016, Designer of the Year - Dr Hossein Rezai
dj-6yp-hd8o DesignSingapore Council: Our story
dnUbUoX1JTc DESIGNER OF THE YEAR 2013 -  ALFIE LEONG
e5liHArG3Ig DESIGN OF THE YEAR 2014 - KENT VALE
eBaAaYFVYBA CREATING SYNERGY: Clearbridge VitalSigns + Chemistry
eSmWqsmv9YQ DESIGN OF THE YEAR 2014 - RABBIT & THE TORTOISE COLLECTION
foYCyslo8B8 WEBINAR: Redefining Playscapes for All!
fzKrtnCgwLY [Better Life by Design] Bloopers: A new D&T lab!
g42ZpwvD5Vk WEBINAR: Delivering on a Sustainable Design Intent
g83BciOTENg President*s Design Award Recipient 2018 - Future of Us
g8tQQMbkBTs DESIGN OF THE YEAR 2013 - SINGAPORE ICONS
gG3fh4zmS60 DESIGNER OF THE YEAR 2014 - LARRY PEH
hC9Pbn0X7Pk DESIGN OF THE YEAR 2014 - BUCCANEER 3D PRINTER
hQrNz_QDF8w Rise of the DEO
hRFgcFevMGU DESIGN OF THE YEAR 2011 - DYSON DIGITAL MOTOR
hwadjSA2tKw DESIGN OF THE YEAR 2015 - RUBBISH FAMZINE SERIES
iCAajtU1zMw Minister Chan Chun Sing asks designers: “What is your Higher Purpose?”
iPBDv7caq3w [WEBINAR] Smart and Liveable Cities
icoaQCj2KnQ President's Design Award 2016, Design of the Year - SkyTerrace@Dawson
ifRQbQ2UAQc President's Design Award 2016, Design of the Year - Enabling Village
j1f1V16YPN4 WEBINAR: Story-telling and Design for Emotions
j9_1GAJX7c8 DESIGN OF THE YEAR 2015 - DITA, THE ANSWER EARPHONES
jEtW-NY3v7c Design Superposition: Sim Hao Jie's Juror of Everyday Designs
jQzIErVsCss SDW 2019: A Playful Connection to Design by Chemistry
jXbhpZ0EstA Singapore Design Week 2019 Opening Night
jbTG5k1qiFU SkillsFuture Study Award for Design
jgAftQ8ODI4 DESIGNER OF THE YEAR 2013 - PATRICK CHIA
joHJ6uoaiMA DESIGN OF THE YEAR 2014 - A GUIDE TO THE FLORA AND FAUNA OF THE WORLD
kH-lzLQma04 Sneak Peek: President's Design Award 2018 Jury Session
kX1nHODU8oA President*s Design Award 2020 - Goodlife! Makan (Design of the Year)
l2ZbQjjTtvw DESIGN OF THE YEAR 2014 - T HOUSE
l2_2tbYU6wo WEBINAR: Design for Good Experiences
lB63BbngIak DESIGN OF THE YEAR 2015 - POUR
lGGdKVN7sWI Unlocking the Power of Clothing - UNIQLO Sustainability
lnAfthfu1Gg DESIGN OF THE YEAR 2011 - KHOO TECK PUAT HOSPITAL
mTbgODvZTgQ Debunking 4 myths about designers
nD-vWd3i-h0 FINDING INSIGHTS: Bluetree Electronics + Design Insight
oNy1rfNZ0AU President's Design Award 2016, Design of the Year - Samsung \
odEBIse9gs0 Singapore Design Week 2015 Event Highlights
oyLeOu5ELms President*s Design Award Ceremony 2018
p2FYhs9XMeQ Loveable Singapore Project
pTD84jxvvlk DESIGN OF THE YEAR 2014 - SOUND BLASTER ROAR SR20
q2Ac2J-iXRk President's Design Award 2016, Designer of the Year - Raymond Woo
q44mbjCzpF8 #designspottingsg Ep. 1: Tan Jia Hui of Fable
q5wFufbSZuo President's Design Award 2018 Teaser
qUKsGcYKWf8 10 things you didn't know about Kat Holmes
qte6z1TBGfw WEBINAR: Crafting Experiences: Stories by Experiential Designers from South-East Asia
r3Nfmz3gu84 Singapore Design Week 2018 Highlights
r3aVSTwXQG8 Singapore Design Week 2019 Mid-Week Features
rRT2JLFX2Pk President*s Design Award Recipient 2018 - Angelene Chan
rxhXbwCv0DE GARDEN DREAMING: This Humid House Appropriating Nature for Pleasure Home Edition (Part 1)
sVgozdeqo8g DESIGN OF THE YEAR 2015 - PROLOGUE COLLECTION
tT5-dsZJ_5I 7 Lessons of Design
tbbQGmO5jrw Singapore Pavilion at Venice Biennale 2018
tp8-P_qTHzs DESIGN OF THE YEAR 2015 - FUGUE 1, 3, 5, 7 – ARCHIFEST PAVILION 2014
u2usbOHTyYY The 22nd Century Brand: Episode 1 The Origin of Brands
v1V1p0JUmSM DESIGN OF THE YEAR 2013 - GARDENS BY THE BAY (BAY SOUTH GARDEN)
vPyjYsEDX5c Briefing Session: Good Design Research Grant  (Nov 2021)
vpobcVyvwCo President*s Design Award Recipient 2018 - Oasia Hotel Downtown
wVrhsN3D-WU President*s Design Award 2020 - The [Not-So] Convenience Store (Design of the Year)
wlGlxDnSZvs President's Design Award 2016 - Award Ceremony
xlDzFreSxn8 Design transforms lives
xr9hN-US86M President's Design Award 2016, Design of the Year - Bynd Artisan
y5hpXSgKv1o DESIGN OF THE YEAR 2013 - DELL INSPIRON 23: ALL-IN-ONE PC
yHsZU95rt50 What keeps these Design Leaders up at night?
z782OdTPMqA e-Workshops: R for Repair
zk0-uXxjiTM Better Life by Design Ep. #2: A New D&T lab!
zyk8dmLy6ek DESIGN OF THE YEAR 2013 - BEING TOGETHER: FAMILY & PORTRAITS - PHOTOGRAPHING WITH JOHN CLANG
