-6hNy7jP4dg Corridor Digital: How We Got Here (Apr 2015)
-8uSczus5WU AMA: What Would We Tell Our Younger Selves?
-GrhGWY1pnY How Our Christmas Traditions Have Changed Throughout The Years
-Mwmhi3TDJ8 Bart Baker: How I Got Here (Mar 2015)
-N4BLppN4Gk Are We Too Nice?
-dEvKM1pbgA Laci Green: How I Got Here (Aug 2015)
-eV9Oz83Xtg Things We Just Can’t Live Without
-hfMo3Sc-tA TomSka: How I Got Here (Aug 2014)
-y4w2YEfdIE Link's Thanksgiving Disney Trip
06VVZFybzTc Betting On Yourself ft Jason Markk
0EUYmkoZOJk Our College Years: Dating Our Wives In Purity Culture
0_gkEhvYCJQ Is Australia The Greatest Place On Earth?
18rMhBCsQao Our Deserted Island Survival Kit (Rabbit Hole)
1FeYJ3zo2VE Rhett's Proposal Story (AMA)
1Jmep2UH9YI Are We Our True Selves on Screen?
1avSAMpLQ7M Our Lives Post-Vaccination
1hENOqgePck \
1iXvN2G0Mj8 Our Wild Animal Best Friends
1ix4bT7NfF0 What Makes Someone Creepy?
1qbna6t1bzw Rhett's Spiritual Deconstruction
1qsTHoUuwyc Michael Gallagher: How I Got Here (Mar 2014)
21swPlOFRDs Do YouTubers Watch YouTube? Part 2
23daRNy-PDU Living In Ed Sheeran's Dream
25vhFI9MBmM Our Full Story: From RhettandLinKreations To Mythical Entertainment
25xmnPmhRUA Julian Smith: How I Got Here (Nov 2013)
29tou4S5kTU Our Family Vacation Mishaps
2De-RcquBfc Do We Believe In Ghosts?
2U0ZDudK3e4 Meet Our Best Friend From College ft. Gregg Hartsfield
2_5PG-cl9WE Our Years As Missionaries
3VGtxCmYTTE How Link Escaped A Pyramid Scheme
3fjcH8jZ0e8 Is Link Actually Competitive?
3wmeQWaTwTA Therapy & Self-Love: Link’s Deconstruction 2 Years Later
411ditidw9c Superwoman: How I Got Here (Feb 2014)
4nT1tPMh4l8 Rhett & Link: Girls (Mar 2014)
4sKgi-5mPtM iJustine: How I Got Here (June 2014)
50guEdDK8do What Did Your Dog Name You?
5K6MzwhAk3U What Happened on Our Spring Break?
5S0e2TSg8HU How Do You Cope With Losing a Loved One?
5TNw3gk_FVM We Solve Some Bleak Creek Mysteries
5fxHwTwOUf4 The Life of Kevin ft. Stevie & Kevin
5udC_6_04Ec Dealing With Failure And Rejection
61JULY2SW3s Is Watching Sporst a Waste of Time?
68n1iMX4K4c Steve Zaragoza: How I Got Here (Jun 2015)
788yslWOocc Our Solo Excursions
7SJdLcFGwOg Christmas in North Carolina
7WN_41OGlSg Looking Back At Our College Days
7ZM4Tx4yXZ8 How Do We Party?
7_ugTeM3nHI Can We Speak Gen Z?
7n-itL6o5GM Charles Trippy: How I Got Here (Aug 2015)
7wkFPK5XN1k How Did We Survive Before Cell Phones?
7zBYyTajYB4 Do We Consider Los Angeles Home?
86rSmODvpdQ What Happens When Friends Go On Opposite Vacations?
8B1zmvLb72o What Are Our Top 10 Moments of 2018?
8NPkuK6mj1M Sorted Food: How We Got Here (May 2015)
8UTDc5fw09E The Best Advice We've Ever Received
8v1ig3WKa1E Pomplamoose: How I Got Here (Apr 2014)
9-G81AON9Cg The Art of Picking a Fight
9GH7lKmMBmo Dodger Leigh: How I Got Here (Jan 2014)
9IQY_mJS-RI Our Enneagram Numbers - A Look At Our Relationships
9nMZt0bXqkY Rhett & Link: Childhood (Feb 2014)
AgJjvVgdNB8 Are We Scared of Hell?
AkqMUYJQ2Jk Our Camping vs. VR Weekends
AlznNv2-fU4 Our Opposite Coast Thanksgivings
AzWC1NJwoSk Felicia Day: How I Got Here (June 2014)
B9-kc-LGgp8 Our Experiences After The Lost Years Series
BRlxijk31TY Flula: How I Got Here (May 2014)
BSTnfe_GHhs Awkward Conversations with Teens ft. Mayim Bialik
BtRW6u55zXw Our Life Firsts: First Kiss
C92Rjdef-Oc Rhett’s Father-Son Cross-Country Road Trip
CAmGFA83awk Kingsley: How I Got Here (July 2014)
CnYG6x-aOTk Rhett's Spiritual Deconstruction - One Year Later
D_6gxxKJ0VA Is Thanksgiving Better Without Family?
DdZjF_nfBns Our Most Irrational Fears
Df4MruVcmEU What Makes Us Laugh?
Dm3s66rvFSY Inspiration vs. Plagiarism ft. Rhett & Link
Dy8W66tXrrk Has Music Become Too Disposable?
E-qc_3eZiA0 DeStorm Power: How I Got Here (Feb 2015)
EkmNirfWijk Isolate Yourself With Yourself ft. Matthew
Ew4KTCnCokg Josh Sundquist: How I Got Here (Feb 2015)
F1URaJ04Sgw Our Creative Spaces Over The Years
FdT654yTIQ4 Our Rejected Creative Ideas
Fh_h5Txndxg Should We Fear Artificial Intelligence? ft. Veritasium
FovA99waZ_k We Settle Your Heated Arguments & A Strange Conan O𠆛rien Encounter
FsO6HeGnUKc Devin Super Tramp: How I Got Here (Aug 2014)
FtW4avEJ-1I Our Stories from the Road
G80o_VOvWQE Olga Kay: How I Got here (May 2015)
GucLLH0kqfA Link’s New Dog
Gwg2lfNO99o Behind The Horrific World Of Hazel
H8QAuIUkosU Celebrating Our 300th Episode
HIe8GrGv2YU Can Vlogging Strengthen Our Friendship?
HQ6yeNA_BNo Our Top 10 Favorite Albums Of All Time
HRDHm_KEHpc The Results Of Our Sleep Experiment
HUzinqcqoFs Does Teen Wolf (the Movie) Suck?
HewX5lRbuRc Shay Carl: How I Got Here (Nov 2013)
HoMWZ8ySauo PewDiePie: How I Got Here (Oct 2014)
I0heJysAmLs Would We Be Friends If We Met As Adults?
IED5DdcLT1c A Lost Artifact From Our Childhood
IIBOOhJijRU Should Link Get Back on Instagram?
IMZWCuGIW0g Alexis Ohanian: How I Got Here (Mar 2015)
IYux5jUqcUQ Jenna Marbles: How I Got Here (Apr 2014)
Io2f5uW5c9o Ask Us Anything
J4iXnvcdRSo 100th Episode Fan Q&A From VidCon
J4nNR1gxzqI Rhett Surprises His Wife For Her Birthday
J6kqarn84aU Do We Like Getting Recognized In Public?
J98el1JbNf0 Elle & Blair Fowler: How We Got Here (Aug 2014)
JAToJv3K9Us Oak Island Money Pit Mystery
JUuzEcnR_ao Rhett & Link: Obsession (July 2014)
J_uelMoZbSM Shay Carl: How I Got Here Pt.2 (Dec 2013)
JiaFHo_Rnnw How We Balance Living In The Moment And Documenting The Moment
JqssthpNlSc Wassabi Productions: How We Got Here (Jul 2015)
K-L0S2PZeb4 What Are We Most Looking Forward To In 2019?
KfnQw2nLbFM Dane Boedigheimer: How I Got Here (June 2014)
KxIPEqzuj7M We Gave Our Wives A Survey
LVGPzFGLwP0 The Fine Brothers: How We Got Here (Jan 2014)
LkMk3Xuxuls Joe Bereta: How I Got Here (June 2014)
LlDP4q5NjsA Link's Gas Station Thanksgiving Night
LvENx_y7x64 Our Quarantine Vacation Mishaps
LvhuweT8vJk Do Changing Seasons Affect Your Brain?
M1Ej5e0W8x0 The Birds and The Bees - Parenting 101 (Fan Prompted)
M36mBMw8eEQ The Perfect Morgan Freeman Impression ft. Dave DeAndrea
M7b0gDf3bPc Suspicious Celebrity Deaths ft. Lizzie & Ellie
MAzHzOOD05Y Our Anniversary Trips
MOE6hVwzH5U Rhett & Link: Weirdest Science Experiments (Apr 2015)
MasW5A32osQ A Look Into Our Marriages
MlarHVHkf2M If You Were a Boat, What Type of Boat Would You Be?
N081CMpbjJ8 How Do We Deal With Sadness?
NHRAI1QwVRg Do We Interrupt Each Other Too Much?
NJovQWa-Iss Our First Episode Apart (Coming to Grips with Coronavirus)
NLb9k3d1V0M Rhett's Revelatory Solo Trip
NM3CWXoNg0s Rhett & Link: Season 2 Finale (Sept 2015)
NRdlkpWrI9U Are We Having A Mid-Life Crisis?
NUoxT8cXX6g Stampy Cat: How I Got Here (Jun 2015)
NlaRreU2kds Smosh: How We Got Here (May 2014)
NsjH3E4RJ9w Rhett & Link: Wal-Mart Stories (Jun 2015)
NuiOdQ1i1Vs Our Top 2021 Purchases
Nzuygt-LADY How Quarantine Has Affected Our Family Dynamics
O-FeRDaGRL8 Is Texting Ruining Relationships?
O8asa26_juc We Gave Our Kids A Survey About Us
OBWD2bg-XFw What If We Quit YouTube
OFuwpYma81Y Do We Have A Voice Inside Of Our Heads?
OlLe_S3UfX0 Our Top 10 Moments Of 2021
OodbrpeUk2Y Should Link Break Up With His Therapist?
OzUb3p5Ye8I Amazing And Inexplicable Coincidences
P6XBHj84TRY Our True Feelings On Self-Promotion
P_0_3VQUtDc KingBach: How I Got Here (Jul 2015)
P_4JIolRm3E Our Top 10 Favorite Movies Of All Time
Peq1HO-28jU Embracing Immaturity
Pyddx0k4DXw Link's New Kitten
QD4PT5gYcFA Lily’s Emotional College Send-Off
QHmGbBj_1s0 Our Biggest Regrets
QQQ7QPrcmro A New Adult In The Neal Household
QS5jGFg9Rac Digging Deep with a Paleontologist
QVRFGJPIBaw The Gregory Brothers: How We Got Here (Aug 2015)
Qh7eemOhiJw How Was London?
QkQmPyd2zR0 What Are Our Greatest Physical Feats?
Qt3fSjeQ_a8 Link’s Shower Window Update
R3jwAYSnFKA Is Being An Only Child Better? (AMA)
RGNXtQ_8tVk Freddie Wong: How I Got Here (Oct 2013)
RW3PIcXYWCA Alphacat: How I Got Here (Feb 2014)
SGUW6rnjm28 \
SZwsisE_2_s Rhett & Link: Live (Jul 2015)
SbevkJM5TCU Our Throwback Thanks
SiP4OeBupBg What Happened Over Break?
St6TqGSZnGg Are We Weird?
SzWjGjrkVqs Our Honest Response to Your Feedback
T-rt0uwPLg4 Did Our Careers Just Peak?
Tu1CoWrviok Our Summer Memories
TvyFwxj0rac John Green: How I Got Here (July 2014)
UJaWz1D_Xy0 Rhett’s Spectacular Trip To Key West
UifjpNj32UM Natalie Tran: How I Got Here (Aug 2014)
VBpS_48OItA What Happened to Toys?
VLg_ta8881c Were the Twenties the Best Years of Our Lives?
VRWzkQ2QaKI Let’s Talk About Sex!
VkB_uCevMds Mamrie Hart: How I Got Here (Mar 2014)
W5Ap7efmPMw Strange Secret Habits Of Successful People
WQnkdOWM6FE GloZell Green: How I Got Here (Nov 2013)
WwhyZUlmaWA The Life and Loss of Ben, Our Other Best Friend
WzUZmp8VPnI Grace Helbig: How I Got Here (Sept 2013)
X1Wi7HiZD8o Adventures in Six Flags & New York City
X3aX1jQFx9M Our Enneagram Numbers - Inspecting Our True Selves
YIEu252etSs If We Could Witness Any Historical Event
Ydc26FM-Re0 Brittani Louise Taylor: How I Got Here (Dec 2013)
Ykh1alzArxw Resolving Your Conflicts (Taking Calls)
Yo8ifdrF5w4 Our Fears And Joys Of Getting Older
Z0WEm3Cboz8 Has Touring Changed Us?
Z5or9p5aiVE Our Scariest Horror Movie Experiences
ZIzJZrng4Lk Michael Stevens (Vsauce): How I Got Here (Jan 2014)
ZmsM6Yp-_10 Link’s Strange Physical Therapy Visit
ZuUClzBG_ik Louis Cole: How I Got Here (Sept 2015)
_F5R534uYeA Thoughts on Confederate Statues
_JpiMc8mCxw Rhett & Link: Summer Jobs (May 2014)
_SO2-90SOr4 Sibling Stereotypes
_UxcNwz-rkc Our Father-Son Death Valley Trip
_iAnMb4FAE0 What Happened To Link's Face?
_uKJQwrKGn8 Hollywood Conspiracy Theories ft. Lizzie & Ellie
aGR638Uq5F0 Book of Mythicality
aIGhSlEO1lg Losing Our Virginity - feat. Our Wives
aNeh7A3Lt1U Shane Dawson: How I Got Here (Oct 2013)
aoNhtKEm8qQ Our Holiday Break Highs and Lows
aoxlvDfWsMk Rhett & Link: Bizarre Rites of Passage (May 2015)
atFxHF9DeNw What is Our Relationship w/ Gross Foods?
ax_bF5yTiyg Lee Newton: How I Got Here (Feb 2015)
bWZnqTOO1Kk Link’s Struggle with Friendship
bk1gW8Am4TQ Rhett's New Feline Friend
buiA9TL9ORc Killer Bees Attack ft. Clyde Steese
cCOyk0MI2Xg Our Experiences With Therapy
cK74f9O50oA Our Top 10 Moments of 2020
cNvkUtc6dtM Markiplier: How I Got Here (Mar 2015)
ce4hqeBHee0 Why You Procrastinate (Rabbit Hole)
crNUgEQ1CRM 4 Insane Loopholes And The People Who Found Them ft. Kevin
d-J0VYhCbhI Do YouTubers Watch YouTube?
dI-QR2hu2Bc Troye Sivan: How I Got Here (Apr 2014)
dMTXBRWHd4k Is It Ever OK to Lie? ft Lizzie
dP0aQBmUdIo What is the Greatest Game Show of All Time?
dQblgXzECHI Link's New Interest
dRfvK4p7rdc Mitchell Davis: How I Got Here (Sept 2014)
dVhxxhvSNgo Link’s Most Heartfelt Christmas Gift
e2mCdFToJOU Is Privacy Dead?
eEK_nIKZFKw What Happened To Rhett's Mom In Scotland?
eS4_lZdEgCs Settling Your Disagreements
f6koPCE0BbI Philip DeFranco: How I Got Here (Oct 2013)
f7Zp2-Bjkhc Colleen Ballinger (Miranda Sings): How I Got Here (Mar 2014)
f8VFmZEQCVY Our College Life Advice (Fan Prompted)
fFV4GDXHYcM Our Lost Possessions
fNDrCjixThc Our Bucket Lists (Rabbit Hole)
fOqNOtPZi8Y We Faked A Prank Video
fsWRWRE8bWA Buddy System Stories ft. Rhett, Link, & Director Steve Pink
fsuzp6eOue0 Link's RV Trip Fail
gkuxDNKMY1c Kissing The Same Girl
gwEDMNdvv7Q Should the '90s Come Back?
h4vxfQ0yZiY Rhett & Link: Unlocking Genius (Jul 2015)
hYCgz-MiNE4 Our Lost Years
hYsJToiMREI The Best Gifts We’ve Ever Received
hep3TqiX4oI Our New Normal (How The Coronavirus Changed Our Lives)
i31L8mVSE_w Creating Your Own Success ft Olan Rogers
iI_CMCku6ag Oreos vs Double Stuf (Taking Calls)
iIr5OP9DXO0 What Are Our Top 10 Most Influential TV Shows?
iIub9u36J0g Hannah Hart: How I Got Here (Oct 2013)
iPm6F1B_FLg Vitaly: How I Got Here (Jan 2014)
iVzKuRVLVEM Swoozie: How I Got Here (May 2014)
j-Wue_bES4k Rhett & Link: Sports (Feb 2015)
jKhs4DSiupw Have We Sexually Experimented With Each Other?
jQGwPQHlTjs Rhett Bought a Bible - Rhett’s Deconstruction 2 Years Later
jRS0SlfblJ0 Let's Get Personal ft. Rhett & Link
jf4hosrRvLw Celebrating The GMM 2000th Episode
jm0HDvJRKxs Our Top #1 Moment From 2018
jnzs5Pwnvq0 What's the Secret to 18+ Years of Marriage?
joBmKNEnePk Link's Apology
kGwshoQEojA Link’s Sobering Trip Back Home
kKgw_vHdcus Hank Green: How I Got Here (Sept 2014)
kktM_CPLe7k Looking Back At Photos (Rabbit Hole)
ksMBBpQCQDM Our Top 10 Moments Of 2019
l7CuehEe2fQ Rhett & Link: 2014 Time Capsule (Sept 2014)
l91cNj3lEGY When Is Fun Too Dangerous?
lNR8Y5MsJYg Can We Be Friends With Robots?
lVHxAJTrNk0 What's It Like Inside NASA?
lkYB1Zmxvrk Our Next Isolated Getaways
lvSvOWkz0_s Rainn Wilson: How I Got Here (Jan 2015)
mFegDyKjhgI If We Could Relive A Moment From Our Lives
mMgAJyRNpNE Are Magicians Actually Cool?
mQA8RiOCOBI Witnessing Childbirth (AMA)
mUEeoJiV3Zs On Life, Death, and Turning 40
mZI24lr168s What Makes Something Funny?
n1PN8SANXoM Our 2020 Amazon Purchases
nAGxJKYOTvA Watsky: How I Got Here (Aug 2014)
nFi_Dd24r7w Positive Thinking ft. Micah & Colin
nIrO1B1yjRw Should Link's Family Get A Kitten?
nK0LDJA1PVI Ingrid Nilsen: How I Got Here (Jul 2015)
nTiNagxlVJM What If The Day Was 12 Hours Longer?
nxtNBM_mFFA What Would You Do If Robots Took Your Job?
o299IKcTW84 Toby Turner: How I Got Here (Feb 2014)
o9tcFh2N6xo Link's Camping Night Of Horror
oLtNMMzseNk Lindsey Stirling: How I Got Here (May 2014)
oPuf3Hixoko Who Was the First Person to Shave?
oXcPNVuf5NQ Our Top 12 Creative Influences
oZtAqyWoefE Rhett's LA Friendsgiving
of1asja7wBo How Do We Deal With YouTube Burnout?
onoqtc-XX6I Life Lessons And Leaving Your Legacy - Feat. Matthew McConaughey
pQiHmnTw-g0 What Would We Bring Back From Our Childhood?
pShAWPubIic What If Our Dogs Died?
pW8Yw1BMkPs Looking Back At A Decade Of GMM
p_qlANcOG5c Are Farts Actually Funny?
pepEXfvP9rE What We Actually Think Of Millennials
q2yqYzsNok4 Fixing Your Love Life
qM6KNMqu8PY Rhett & Link’s First Date Stories & Your Wildest Dates
qWDekQE3oDU Rhett & Link: Song Writing Process (Apr 2014)
qYLILPYgp1I Why Is Rhett Growing Out His Hair and Beard?
qoEkLRrg7lU Charlie McDonnell: How I Got Here (Aug 2015)
qx43MHO4VNU Epic Lloyd: How I Got Here (May 2015)
r31FUoOHHXw Nice Peter: How I Got Here (Dec 2013)
rfGnvTvtqlQ When Have We Changed Our Minds?
rjD4N4Dinrk The Alex Punch Story ft. Stevie & Alex
ru2jO0eUa1Y AMA: What's The Worst Practical Joke We Played On Someone?
rypwdgf3xiQ Is Back-To-School A Feeling?
svHdIcj-pLc Harley Morenstein: How I Got Here (Nov 2013)
t04qXD3HZHE How Do You Manage Stress? ft. Rhett & Link
tKOBIh2U7zE How We Became a Duo - Middle School Years
tXWDxt6pt8w Rhett’s Family Trip to San Francisco
u0-zC6M9FLo Chester See: How I Got Here (Jan 2014)
uUJkgxqdRhI Solving Your Strange Job Problems
uX2Gti7cO6w Evolve or Die: 200th Episode Special
u_qj5qVnQr0 Our Quarantine Activities
ujtXatJVeN0 Link's Spiritual Deconstruction - One Year Later
uqqFWc2EFwc Rhett’s North Carolina Trip
v5R5cKpaODg Embarrassing Holiday Memories
v7Jo1BiQBbY Tyler Oakley: How I Got Here (Nov 2013)
vKqYfxPmCaA Tay Zonday: How I Got Here (May 2015)
vcktkNxu5bs Our First Memories
vf1fOW_MYC8 Link’s Romantic Big Sur Getaway
vybMCfwUjiw Steve Kardynal: How I Got Here (Mar 2015)
w1AZhlyoD9s Link's Spiritual Deconstruction
w2CXdwMfXeg Mystery Guitar Man: How I Got Here (Jun 2015)
wTLcMSSZR_k Matthew Santoro: How I Got Here (Sept 2014)
x1DCw-dBVW8 What's It Like to Sleep on a Bus?
xGqkyvp-0xU How Our Childhood Informed Bleak Creek
xWp5A2Owyio Anna Akana: How I Got Here (Apr 2015)
xjD3LdvbVG4 Is It Ever Okay to Kill Someone?
xlDcpdT_-bM The Truth Behind Rhett & Link’s Origin Story
xsbl6dXLKO4 Love & Immortality
xwG6wRle_-k Our Teenage Years: Growing Up In Purity Culture
xzyEEWMgFBI Our Most Memorable Meal
yMdTXMQZL34 Which Commune Would We Join?
ywoVvjkNszQ Our Worst GMM Experience (AMA)
z0vnkRvyxF0 Grace Helbig: How I Got Here Pt. 2 (Oct 2014)
zLsIsFSixoo Kassem G: How I Got Here (Apr 2015)
zMiW6Bv-cVU How Do We Deal With A Medical Crisis?
zuJ4JcqD8-o What Happened In Thailand And The UK?
