-PaUJj_Jdnw Scientific Research Specialists
4CekUINa0SI Inside EU Careers: Audit
4fIXzmUGV7g Inside EU Careers: Communication
5DKbRhWGCvA Working at the European Court of Auditors - Karolina
7ThmQj9VbP8 Working in IT in the EU Institutions - Reet
8Dd_coguqmw Working at the European Court of Auditors - Nicholas
9KEB3kJEhHA Working at the European Court of Auditors - Kevin
9pdO5PDxeJc 2019 Graduate Administrators Competition | EU Careers
ARGAxpmFw-I Inside EU Careers (DG COMP): lawyers, economists etc.
AYoIKU4JO3w Your EU Career. Our European Union.
HY1erYnb8WA Do you have what it takes to be an EU Auditor?
H_KwQ0Lhh_M EU Careers: Specialists in Law and Finance 2019
HuXwoJ6k1NI Working in IT in the EU institutions -  David
Hz6v5ZzvvD0 Administrateurs dans le domaine de l𠆚udit 2019
OpzpEWUIgLg Administrators in the field of Audit | EU Careers
QsrafQ6sHG4 Ihre Laufbahn in der EU. Unsere Europäische Union.
TUDkJw-E_cY Inside EU Careers: IT experts
VLev9C1iOmQ Spຜialistes de la recherche juridique — Juristes
Yd8h31qm-yA Inside EU Careers: Lawyer-Linguist
a2ABd7kZSEY Spຜialistes de la sຜurité
aC0aqrv_foU Working in IT in the EU Institutions - Myriam
eBrPtk4-M2o Working in IT in the EU Institutions - Mindaugas
g2wb31ZS3Wg 2018 Graduate Administrators Competition | EU Careers
gHgVRonobH8 Inside EU Careers: Public Administration
jtmSGYXRG58 Administrators in the field of Audit 2019
lSvvrSOpv98 Competition to select auditors (EPSO/AD/399/22)
mHtMnVjbP6Y Irish-language translators | EU Careers
qy63iwQ-_1I IWD 2022 - Career opportunities for women at EU Institutions - Ragnheidur
r7Lyl-9thqA Dutch and German Lawyer-linguists | EU Careers
ruE22fHSiuM Food Safety Policy and Legislation Administrators | EU Careers
s0OsR2va1eQ Specialists in legal research - Lawyers
sBmc5DPvrro Votre carrière dans l'UE. Notre Union europພnne.
u1mJpFAQmMg Working in IT at the EU Institutions - Peter
u6sVUI3KuQ0 Health and Food Safety Administrators | EU Careers
uZsKSapwiGw Working in IT in the EU Institutions - Stefana
vY1KKtEk1_k Inside EU Careers: Law / Lawyer-Linguist
wCwcSIU561Y Inside EU Careers: External relations
xPxgmrswHnA Security Specialists
xYkGq-5qON8 Inside EU Careers: Economists
xzYRxVsVNSI IT Specialists
