-pNuJdfReH0 16th Spirit Awards ceremony hosted by John Waters  - full show (2001) | Film Independent
0-unnAgW7M0 BEST ENSEMBLE CAST IN A NEW SCRIPTED SERIES at the 2021 Film Independent Spirit Awards
09TMq1RGDNk 11th annual Spirit Awards ceremony hosted by Samuel L. Jackson - full show (1996) | Film Independent
0xPYPzbFtxA Indie Producers Albert Berger, Ron Yerxa, Anne Carey  - 08.27.20 |  Coffee Talks | Film Independent
2A4WkFZwKUE 7 DAYS wins BEST FIRST FEATURE at the 2022 Spirit Awards.
2a4H5m9BLOE 26th Spirit Awards ceremony hosted by Joel McHale - full show (2011) | Film Independent
39zEAt_OHac Jews. Family. Frustration. | SHIVA BABY - Emma Seligman & Rachel Sennott Q&A | Film Independent
47ebzJtgc8Y GERRY KIM wins the PRODUCERS AWARD at the 2021 Film Independent Spirit Awards
48QFU3sMtsY Watch the 2022 #SpiritAwards - 03.06.22 | IFC and AMC+
4sjodwhpCKM SOUND OF METAL wins Best First Feature at the 2021 Film Independent Spirit Awards
58FKIS3WMug Oscar Shorts shortlist | LEAD ME HOME (Netflix) - Q&A | Film Independent Presents
60XscUTv0OU Melissa Villaseñor is a Not So Promising Young Woman (PARODY) | 2021 Film Independent Spirit Awards
6auV_Ykg8BM EKWA MSANGI wins the Someone to Watch Award for FAREWELL AMOR | 2021 Film Independent Spirit Awards
6djsaXdrMEk ELEGANCE BRATTON wins the Truer Than Fiction Award for PIER KIDS | 2021 Spirit Awards
6m1OTVMXGO4 MASS wins the Robert Altman Award at the 2022 Spirit Awards.
8SykQbOlQWE EMERALD FENNELL wins Best Screenplay at the 2021 Film Independent Spirit Awards
8Z2lYnm57Sw SIMON REX wins BEST MALE LEAD at the 2022 Spirit Awards.
8cpUENGDVxI Who is THE REAL CHARLIE CHAPLIN? Filmmaker James Spinney - Q&A | Film Independent Presents
8gYpmDDVqZE RESERVATION DOGS wins BEST NEW SCRIPTED SERIES at the 2022 Spirit Awards.
8qN_-F05HGM FEELS GOOD MAN (Pepe the Frog doc) | Filmmakers - Q&A | Film Independent Presents
9Se1NEr-fhA David Choe | Ry Russo-Young | Soledad O𠆛rienl | Zackary Drucker | BEST NEW NONFICTION OR DOCUSERIES
9eTB2UrXhEM ATTICA (Showtime doc) - Injustice for All | Stanley Nelson + Traci A. Curry - Q&A | Film Independent
9ugHkXD-kBI Rian Johnson, Karyn Kusama - Zoom Call (04.09.20) | Coffee Talks | Film Independent
A2qz7p6XC8w BOYS STATE - documentary | Amanda McBaine & Jesse Moss | Film Independent Presents
A5WYA0TIwec 23rd Spirit Awards ceremony hosted by Rainn Wilson - full show (2008) | Film Independent
A93VxaOZvYc ARRiVALS CARPET HiGHLiGHTS | 2022 FiLM iNDEPENDENT SPiRiT AWARDS
BZCofBG6Ef8 CHLOE ZHAO wins Best Director for NOMADLAND | 2021 Film Independent Spirit Awards
Brd0lSGu1Eo TROY KOTSUR wins Best Supporting Male for CODA at the 2022 Film Independent Spirit Awards
BxwMeUfzkHI The Year of Natalie Morales | PLAN B (Hulu original) - Q&A | Film Independent Presents
C9tGbMFuMRw Janicza Bravo | Maggie Gyllenhaal | Lauren Hadaway | Mike Mills | Ninja Thyberg | BEST DIRECTOR
DG4HO77kQOY CRIP CAMP wins Best Documentary at the 2021 Film Independent Spirit Awards
DHJLIrv2IBg NOMADLAND wins BEST FEATURE at the 2021 Film Independent Spirit Awards
DOzavHrupY0 Morgan Neville on Anthony Bourdain | ROADRUNNER documentary - Q&A | Film Independent Presents
DRZK0eiMNjY Fran Kranz (and Ann Dowd!) on his directorial debut MASS | Film Independent Presents
DVkbHNIX7oM Pedro Almodóvar! Jonas Carpignano! Céline Sciamma! | BEST INT'L FILM NOMINEES | Directors Close-Up
EaDAbjXdn7Y DRIVE MY CAR wins BEST INTERNATIONAL FILM at the 2022 Spirit Awards.
EokIoGsIhn0 7th annual Spirit Awards ceremony hosted by Buck Henry - full show (1992) | Film Independent
EprjbHtRz9A Billie Eilish tried to watch NEVER RARELY SOMETIMES ALWAYS | 2021 Film Independent Spirit Awards
EwC2g6a2lKk 12th annual Spirit Awards ceremony - FULL SHOW | 1997 | Film Independent
F-ujO-RWRVc ROBERT ALTMAN AWARD WiNNER FRAN KRANZ & TEAM | 2022 Directors Close-Up | Film Independent
FfnhBvWGmz0 Oscar Shorts shortlist | AUDIBLE (Netflix short) - Q&A | Film Independent Presents
Fz-JmQIkek8 Zendaya, John David Washington, Sam Levinson | MALCOLM & MARIE - Q&A | Film Independent Presents
G7BUGUX24ds Sparks on Leos Carax + ANNETTE | Ron & Russell Mael - Q&A | Film Independent Presents
GhXh-n3s_DE Spirit Award Winners - Where are They Now? Adam Sandler edition.
GqwAVFPNptg SPiRiT AWARD WRiTiNG NOMiNEES  | Zola, Pig, The Lost Daughter & More! | Directors Close-Up
HDSdzzn6Yg0 Kofi Siriboe, Yootha Wong-Loi-Sing, Angel Kristi Williams | REALLY LOVE - Q&A | Film Independent
Hc65UA2kqow Marielle Heller and Lulu Wang talk shop - 05.07.20 | Coffee Talks | Film Independent
IKcjA1qCiDQ Riz Ahmed, Octavia Spencer, Janina Gavankar - Q&A | ENCOUNTER filmmaker Michael Pearce | Fi Presents
IqvyfokHhTc 14th annual Spirit Awards ceremony hosted by Queen Latifa - full show (1999) | Film Independent
J-8br4unWT0 Sean Durkin & Dave Franco  - 10.08.20 |  Coffee Talks | Film Independent
JFp6GiqG6Hc Directors Close-Up | Day Four - recap | Best First Feature nominees
K3yvljqUPoU Melissa Villaseñor Gets Some Advice | 2021 Film Independent Spirit Awards
KKqDYzYEcHs THE LOST DAUGHTER wins BEST FEATURE at the 2022 Spirit Awards.
KkYDzyDHZDo Robert Eggers shares his LIGHTHOUSE design book | Coffee Talks | Film Independent
Kq_vGxmPBaQ ZOLA wins Best Editing at the 2022 Spirit Awards.
KrrydY21_5s Directing duos Boden/Fleck & Dayton/Faris - 07.09.20 | Coffee Talks | Film Independent
LJtINIAqG8w YUH-JUNG YOUN wins Best Supporting Female for MINARI at the 2021 Film Independent Spirit Awards
LtBvN0I4O3c Someone to Watch | Producers Award | Truer Than Fiction - EMERGING FILMMAKER AWARDS (2022)
M1rPkFxx2Pc RESERVATION DOGS wins BEST ENSEMBLE CAST IN A NEW SCRIPTED SERIES at the 2022 Spirit Awards.
M4mGFyyfqRk THE SOCIAL DILEMMA (Netflix doc) | Jeff Orlowski & Larissa Rhodes - Q&A | Film Independent Presents
MDMD212o88U Owen Wilson's Cameo in NOMADLAND | 2021 Film Independent Spirit Awards
MPuocaUojQM SOUND OF METAL (Amazon Prime) | Darius Marder - filmmaker Q&A | Film Independent Presents
Mjwzt3AdAvk Kasi Lemmons and Nicole Jefferson Asher | Coffee Talk | Film Independent
OM3LfPT5Ka4 One Night with Melissa | 2021 Film Independent Spirit Awards
OsE5W4v7S0A Melissa Villaseñor's Opening Monologue at the 2021 Film Independent Spirit Awards
PHH7cXDdJZw 21st annual Spirit Awards ceremony hosted by Sarah Silverman - full show (2006) | Film Independent
PaxuD6ynIfg THE LOST DAUGHTER wins BEST SCREENPLAY at the 2022 Spirit Awards.
PxUGwLBR-58 Curtis \
QRhJ-CBQZg8 25th Spirit Awards ceremony hosted by Eddie Izzard - full show (2010) | Film Independent
QXKKTDhzIWw I'M THINKING OF ENDING THINGS - Q&A | Charlie Kaufman & Jesse Plemons | Film Independent
R5ZGbHHe8Tc AMIT RAHAV wins BEST MALE PERFORMANCE - new scripted series | 2021 Film Independent Spirit Awards
R7DXO9EUxDo FAREWELL AMOR - Q&A | Ntare Guma Mbaho Mwine, Zainab Jah, Jayme Lawson - Q&A | Film Independent
RPP6hF6QZS4 Barry Jenkins | Daveed Diggs | Rafael Casal | Sterlin Harjo | Peter Hoar | BEST NEW SCRIPTED SERIES
RYU6dIYEH_c SHOW HiGHLiGHTS | 2022 FiLM iNDEPENDENT SPiRiT AWARDS
RZqmCQDPwgk Jessica Chastain on playing Tammy Faye Bakker | THE EYES OF TAMMY FAYE - Q&A | Film Independent
RaHdeLyQna8 EMERGING FILMMAKER AWARDS | 2021 Film Independent Spirit Awards
S9JKUq_C1wE 6th Spirit Awards ceremony hosted by Buck Henry  - full show (1986) | Film Independent
SPJQUer1M0E Kenneth Branagh goes to BELFAST w/ Caitriona Balfe, Jamie Dornan & Ciaran Hinds | Film Independent
Sb57wop1vjg Directors Close-Up | Day Three, Part Two - recap | Docuseries Roundtable
ShWFuZ3fCr4 Elif Batuman and Sandi Tan | Coffee Talks - Film Independent
T8KU60NKCUY ONE NIGHT IN MIAMI (Amazon Prime) | Regina King & Kemp Powers - Q&A | Film Independent Presents
TyRurJSW-l8 FLEE and the art of animated documentary | Jonas Poher Rasmussen - Q&A | Film Independent Presents
UY-pSPw5eKI Rita Moreno talks to Natalie Morales | JUST A GIRL WHO DECIDED TO GO FOR IT - Q&A | Film Independent
V5oYxJvUgpA PROMISING YOUNG WOMAN - Q&A | Emerald Fennel and Carey Mulligan | Film Independent Presents
V9iEFX1-z7k The 2021 Film Independent Spirit Awards | Highlights - April 22, 2021
W8EvYr7yDmU Chloé Zhao Q&A - NOMADLAND |  Producers Mollye Asher, Peter Spears & Dan Janvery | Film Independent
WMP63v9Jqw4 SPIRIT AWARDS NOMINEES REVEALED - 2022 | Presenters Beanie Feldstein, Regina Hall & Naomi Watts
WOGc1ogt4W8 Ed Helms, Patti Harrison, Nikole Beckwith - TOGETHER TOGETHER Q&A | Film Independent
WP4D5z6qCjc TICK, TICK... BOOM! - Lin-Manuel Miranda, Andrew Garfield, Vanessa Hudgens | Film Independent
WUM9AXZVDmM ONE NIGHT IN MIAMI... wins ROBERT ALTMAN AWARD at the 2021 Film Independent Spirit Awards
WgdYrVBRzGc Backstage w/ Megan Mullally & Nick Offerman at the 2022 #SpiritAwards
WyCUSpW6oJg The erotic thriller is back! | THE VOYEURS - Michael Mohan Q&A | Film Independent Presents
XR8A2dJRDVE Megan Mullally & Nick Offerman | SUMMER OF SOUL - parody | 2022 FiLM iNDEPENDENT SPiRIT AWARDS
XgbOg2PIzgA First-Time Feature Directors | BEST FIRST FEATURE NOMINEES! Directors Close-Up
XprWzaCfdNo Oscar Shorts shortlist | THREE SONGS FOR BENAZIR - Q&A | Film Independent Presents
Y94VGVZg_SY SPIRIT AWARDS NOMINATIONS (2021) | Presenters Olivia Wilde, Barry Jenkins & Laverne Cox
YkcjNPdpDEE EDU GRAU wins BEST CINEMATOGRAPHY at the 2022 Spirit Awards.
ZRukCmmTRlU RIZ AHMED wins Best Male Lead for SOUND OF METAL | 2021 Film Independent Spirit Awards
ZvJEZQ0_5BM TAYLOUR PAIGE wins BEST FEMALE LEAD at the 2022 Spirit Awards
a51EUXG03WI 9th annual Spirit Awards ceremony hosted by Robert Townsend (1994)  - full show | Film Independent
abK01ooAN-E 7 DAYS - Cast & Crew Q&A | Roshan Sethi, Karan Soni, Mark Duplass + More | Film Independent Presents
afxJOG1ogJc First Spirit Awards ceremony ever hosted by Peter Coyote - full show (1986) | Film Independent
bz5eHK0YfXk Lucy Walker | BRING YOUR OWN BRIGADE (doc) - Q&A | Film Independent Presents
cSm_0lv3FiY I guess this is growing up? CUSP (Showtime doc) - Q&A | Parker Hill + Isabel Bethencourt
dOMYdyqvspk 15th annual Spirit Awards ceremony - FULL SHOW | 2000 | Film Independent
dTPXIhXKSNM Kristen Wiig Makes an Important Announcement | 2021 Film Independent Spirit Awards
dt9K-99VRBQ Directors Close-Up | Day Two - recap | Episodic TV Creators
e6jMB3eUWdg Yorgos Lanthimos & Kelly Reichardt - directors | Coffee Talks | Film Independent
e8_3uaEotSE 27th Spirit Awards ceremony hosted by Seth Rogan - *PARTIAL* broadcast (2012) | Film Independent
eo4sVQdtDT0 BLACK AND MISSING wins BEST NEW NON-SCRIPTED OR DOCUMENTARY SERIES at the 2022 Spirit Awards.
fKFWW0bheZ8 I AM GRETA (Greta Thunberg doc) | Director Nathan Grossman - Q&A | Film Independent Presents
gN9O0hyrsAk No Country for 'OLD HENRY' | Tim Blake Nelson & Potsy Ponciroli - Q&A | Film Independent Presents
hzHlWK2UeWQ 17th Spirit Awards ceremony hosted by John Waters - full show (2002) | Film Independent
iGW5wgUKjmM David Gordon Green, Craig Zobel - Zoom Call (05.28.20) | Coffee Talks | Film Independent
iQJMTzFWU9U Justin Simien & Janicza Bravo - 06.25.20 | Coffee Talks | Film Independent
ip4mapum1A0 Edgar Wright, Carrie Brownstein + Sparks - Q&A | Film Independent Presents
jAGsC7XQY48 Directors Close-Up | Day Seven - recap | John Cassavetes Award nominees
jFiskKkKKCg THE WAY I SEE IT - Pete Souza documentary | Dawn Porter & Pete Souza Q&A | Film Independent Presents
jL2sBCZuk84 MAGGIE GYLLENHAAL wins BEST DIRECTOR at the 2022 Spirit Awards.
jXdcCIZdbCw THE QUEEN'S GAMBIT - Netflix Original Series | Creator and Cast - Q&A | Film Independent Presents
jpyAyKh8qKc 31st Spirit Awards hosted by Kate McKinnon & Kumail Nanjiani - full show (2016) | Film Independent
kbZnzsGUrso CLASS ACTION PARK - HBO Max doc | Seth Porges & Chris Charles Scott | Film Independent Presents
kmkcXMHj2ok Best Editing, Int'l Film, Cinematography, Docuseries & John Cassavetes Award | 2021 #SpiritAwards
l6VnXUx3VRs Maggie Gyllenhaal on adapting Elena Ferrante | THE LOST DAUGHTER - Q&A | Film Independent Presents
lPXkPcTZ_eM 3rd Spirit Awards ceremony hosted by Buck Henry  - full show (1988) | Film Independent
lk1omHirztM CAREY MULLIGAN wins Best Female Lead for PROMISING YOUNG WOMAN | 2021 Film Independent Spirit Awards
m-l6k9_hn6Y ANDY SIARA wins Best First Screenplay for PALM SPRINGS at the 2021 Film Independent Spirit Awards
mFM43etV_q0 I MAY DESTROY YOU wins Best New Scripted Series at the 2021 Film Independent Spirit Awards.
mOIjdO2d8vQ RUTH NEGGA wins BEST SUPPORTING FEMALE at the 2022 Spirit Awards.
mPI40aEdDaM Directors Close-Up | Day One - recap | Directors Roundtable
mPlr-E_xKlU Rebecca Hall, Tessa Thompson, Ruth Negga & André Holland | PASSING - a Film Independent Presents Q&A
mtLeyIxBsCQ Josephine Decker & Miranda July - 08.13.20 |  Coffee Talks | Film Independent
mw8igqQzVo4 Coffee Talks - Black Film Critics Roundtable | Film Independent
ngrMu4uwsJo An Evening with... Nicolas Cage | Acting Philosophy, Career Building & Pig | Film Independent
np8pty6xoAQ PIG wins Best First Screenplay at the 2022 FiLM iNDEPENDENT SPiRiT AWARDS
nuaoOla4DXU SMALL ENGINE REPAIR stage-to-screen | John Pollono, Jon Bernthal, Shea Whigham | Film Independent
o2ecUeLEtwA Josh Welsh can't find the tent | 2021 Film Independent Spirit Awards
oB_LQrx6d54 LEE JUNG-JAE wins BEST MALE PERFORMANCE IN A NEW SCRIPTED SERIES at the 2022 Spirit Awards.
oKz68TZ9U4I 4th annual Spirit Awards ceremony hosted by Buck Henry - full show (1989) | Film Independent
pIERjcxdIS4 22nd Spirit Awards ceremony hosted by Sarah Silverman - full show (2007) | Film Independent
qHxSPhDAWsE MR. SOUL! (Ellis Haizlip doc) | Lena Waithe, Nikki Giovanni & Melissa Haizlip - Q&A | Fi Presents
qOdM47usYWA Directors Close-Up | Day Three, Part One - recap | Documentary Features
qT7_Cjqg1gw Edgar Wright's LAST NIGHT IN SOHO - Q&A | Film Independent Presents
rMUUhfObjq8 Best First Screenplay winners Fredrica Bailey and Stefon Bristol | Case Study - SEE YOU YESTERDAY
rT5ozbLLSx4 SHIVA BABY wins the JOHN CASSAVETES AWARD at the 2022 Film Independent Spirit Awards.
sIJClewAxPg OPENING MONOLOGUE - Nick Offerman & Megan Mullally | 2022 FiLM iNDEPENDENT SPiRiT AWARDS
sp5SfWRwL40 Ahmir 'Questlove' Thompson | Nanfu Wang | Jessica Kingdon | Robert Greene | BEST DOCUMENTARY FEATURE
ssad-F_vlMo 5th Spirit Awards ceremony hosted by Buck Henry  - full show (1990) | Film Independent
sua6Dnra0vI PAUL RACI wins Best Supporting Male for SOUND OF METAL at the 2021 Film Independent Spirit Awards
tCZ80cvLPeA Amir 'Questlove' Thompson | SUMMER OF SOUL - post-screening Q&A | Film Independent Presents
tEVFZ84gQ0Q Oscar Shorts shortlist | CAMP CONFIDENTIAL: AMERICA'S HIDDEN NAZIS - Q&A | Film Independent Presents
tuESqNisTs4 SUMMER OF SOUL wins Best Documentary at the 2022 Film Independent Spirit Awards
uEnEJwJty9Y Peter Dinklage, Haley Bennet + Joe Wright | CYRANO - Q&A | Film Independent Presents
uRz8lAw_k4Y 30th Spirit Awards hosted by Kristin Bell and Fred Armisen - full show (2015) | Film Independent
v-HgVOtWjvU Josh Welsh, \
wS0OfurxPDc Jake Gyllenhaal's first Q&A in four years | THE GUILTY (Netflix) - Q&A | Film Independent Presents
wptc9062ZNs Directors Close-Up | Day Five - recap | Best International Feature
x7QvXPRHg3A Nominations Coming December 14 -  The 2022 Film Independent Spirit Awards!
xFCZVcg5kRY Directors Close-Up | Day Six - recap | Writing and Directing
xT0sYryZ1Jo SHIRA HAAS wins BEST FEMALE PERFORMANCE - new scripted series | 2021 Film Independent Spirit Awards
y4saCOL5ga0 New Queer Cinema icons Gus Van Sant, John Cameron Mitchell - 06.11.20 | Coffee Talks
y66m3NEKho0 Ady Barkan fights the good fight | NOT GOING QUIETLY (doc) - Q&A | Film Independent Presents
y9Wo24jfZ0c THUSO MBEDU wins BEST FEMALE Performance in a new scripted series at the 2022 Spirit Awards.
zPMd5jTaO3A Clifton Collins Jr. + Molly Parker + Clint Bentley | JOCKEY - Q&A | Film Independent Q&A
