--tBgPg7aCo Best Italian Restaurant: Casamia sent a Secret Diner | Gordon Ramsay
-2ccgDhRsTY Rare Fillet of Beef with Salsa Verde & Truffled New Potatoes | Gordon Ramsay
-5QxIfMUveE Salsa with Chris Moyles | Gordon Ramsay
-5bpFxpbSS8 Chef Struggles to Cook Vietnamese Rice | Gordon Ramsay
-BaWUMosxr4 Chicken Tikka Masala with Alan Carr (Part 2) | Gordon Ramsay
-BjIL8YjJ2M Gordon attempts to fix Lanterna's Maître d | Gordon Ramsay
-DFrfnMEjfA Gordon Ramsay Cooks An Indian Inspired Meal | Gordon's Great Escape
-NvusV5VMZs Gordon Ramsay Visits A Hotel With Bullet Holes and Broken Glass | Hotel Hell
-Wk4r8ibio4 Best Chinese Restaurant: Kai Big Test | Gordon Ramsay
-aVxqW_z8Vs Pork and Prawn Balls in Aromatic Broth | Gordon Ramsay
-av6cz9upO0 Gordon Ramsay's Kitchen Kit | What You Need To Be A Better Chef
-bX5_SujNfk Gordon is Completely Appalled by Hoarder Hotel | Hotel Hell
-dWpHngp_ug Homemade Ramen Made Quick | Gordon Ramsay
-imdhT046UY Gordon Finds Out One Of His Convict Bakers Hasn't Showered In 3 Days | Gordon Behind Bars
-l74GzxwzLw Finishing crab pasta with Amanda Holden | Gordon Ramsay
-tZaY-bl5aM Chris Moyles Strips While Louis Walsh and Kelly Jones Watch | Gordon Ramsay
-xSml-9N3rM Easy Arancini | Gordon Ramsay
-ylh_eENiRs Pasta with Crab, Chilli and Lime | Gordon Ramsay
-zTeDqxxDfg Best Chinese Restaurant: Yu & You Big Test | Gordon Ramsay
06DGdXwlRV4 Gordon Ramsay Takes On Zac Efron's Race Time
081QdsKNtpc Pear & Crunchy Granola Muffins By Gordon Ramsay
0CpMh5uFL_g Gordon Ramsay's Guide To Shellfish
0KAS_d2vQLU Street Food Recipes | Gordon Ramsay | Part One
0LiInBIP0SA Gordon Ramsay Shows How To Roast Chicken | Home Cooking FULL EPISODE
0NZvqCwKXJE Gordon Ramsay's Christmas Main Dinners | Part Two
0ONAd_F7tmM How to Make the Perfect Baklava | Gordon Ramsay
0S_KMRUhgTM Gordon Ramsay Makes a Truffle Egg Sandwich in Croatia | Scrambled
0TwJZfRms1M Gordon Ramsay's Hilarious Cook Off Against James May | The F Word Full Episode
0_FTi6CCHe4 Gordon Ramsay Revisits Dillion's | Kitchen Nightmares FULL EPISODE
0b3uRHqWh-c Gordon Ramsay PRANKS Aarón Sanchez in PB&J CHALLENGE!
0d4x418_rGk Dessert Recipes To Impress | Gordon Ramsay
0dbf_iIv-U4 Gordon Ramsay Cooks Up a Croatian Stew in Under 15 Minutes | Ramsay Around the World
0dtZ7a8K1Ow Gordon Stays in a Haunted, Disgusting Hotel | Hotel Hell
0nA4oDXJ80Q Pomegranate Molasses Marinated Quail With Gordon Ramsay | Home Cooking FULL EPISODE
0nL9p8Wd8AI Chilli Dogs | Gordon Ramsay
0qMMLfepAMM Gordon Ramsay Tried 3 Different Animal Testicles | The F Word Full Episode
0s2WFh-IP4s Lemon Sole en Papillote | Gordon Ramsay
0sqhSybK0P0 Gordon Ramsay Prepares & Cooks His Vietnamese Menu For Locals | Gordon's Great Escape
0tDTOaKm3Gc Seasonal Cooking In January | Gordon Ramsay
0xQh5k4LHlI Cooking Basics With Gordon Ramsay | Part Two
10PGVXqF2NU How Ramsay Has Changed the Prisoners Gordon Behind Bars
1GMWn4IxVro How to Cook Steak and Spicy Beef Salad Recipe | Gordon Ramsay
1NSBytjzM1w Healthy Recipes With Gordon Ramsay | Home Cooking FULL EPISODE
1NgJKQc6HTI Seasonal Cooking In February | Gordon Ramsay
1S1fXE-hNu4 Scrambled Eggs & Smoked Salmon On Toasted Croissants | Gordon Ramsay
1Tem62TM3Rg Pasta with Tomato, Anchovy and Chilli | Gordon Ramsay
1_FGV90sDYw Gordon Ramsay's Guide To Cooking Street Food | Ultimate Cookery Course
1a9ykfgC13Y Courgette & Ricotta Bruschette with Beetroot & Thyme Risotto | Gordon Ramsay
1dwb0p2x_2U Gordon Ramsay Gets To Know His Prison Brigade | Gordon Behind bars
1fzU91bQmBQ Gordon Ramsay Makes a Chicken Dish in 8 Minutes?!?!
1xyUCI5ccoo Best Restaurant: Semi Final Result | Gordon Ramsay
2-ReoCdkizk Gordon Ramsay's Quick Grilled Crab Rolls Recipe
22MyYPp415M Gordon Ramsay is Served RAW Chicken by Nervous Amateur Chef!
2B80mOP7zCY Valentine's Day Recipes Part One | Gordon Ramsay
2CaT5QPaRCs Chilli and Spice Whitebait | Gordon Ramsay
2E6-6gyCejk Gordon Eats Overcooked Scallops and Liquid Creme Brulee | Gordon Ramsay
2EHdOCWjQ00 Learning to make Sushi | Gordon Ramsay
2Gh_8zwJfxw Gordon Ramsay and Sean Evan's Heat Things Up for Make-A-Wish #CookingUpWishes!
2LGPDCWDWBw Veganuary Recipes With Gordon Ramsay | Part One
2PH3oAo21h8 Gordon Ramsay Cooks Up A Fresh Nordic Salmon Breakfast | Scrambled
2Tmrz_xU3ZM Even The Owners Hate The Food! | Hotel Hell
2ZxMNXBwHfQ Gordon Ramsay's Bacon Cheesy Toast in Under 10 Minutes
2afLIOVV6lU Chef Gordon Can Be Casual Too | Gordon Ramsay DASH Gag Reel #1
2fMVbkrhW8E Chris Moyles cooks with Chef | Gordon Ramsay
2h5udTylE8E Winter Lamb Recipes To Keep You Warm | Gordon Ramsay
2iJodMlvLh0 Gordon Ramsay Makes Buffalo Mozzarella In Scotland | The F Word FULL EPISODE
2mkD39tlGRs Salmon en Croute | Gordon Ramsay
2oUskw2O_RM Homemade Spicy Baked Beans with Potato Cakes | Gordon Ramsay
2rNGzo-o9Xg Gordon Ramsay Eats A Bull's Penis | Gordon's Great Escape
2u9p-QkECko Gordon Ramsay Confused Over Salad Shaped In A Funnel | Kitchen Nightmares FULL EPISODE
388Y1VVBYd8 \
3GTTXJKZ08Q How to Buy Fish | Gordon Ramsay
3GZbLH3Q-AI The MOST Disgusting Kitchens On Hotel Hell
3IN89oqIvvg Christmas Desserts With Gordon Ramsay
3IkqxXk6aek Gordon Ramsay Goes Behind The Scenes At Plane Food
3JsUaJp813s Indian Sweets Ramsay's Best Restaurant | Final | Gordon Ramsay
3MMajzUojMw \
3N3J4yNdpzw Gordon Ramsay & The Bella Twins Battle it Out For A WWE Belt | Scrambled
3NWb2MeOm20 Merry Christmas from Gordon - Gordon Ramsay
3THzvYYebw0 Gordon Ramsay's YouTube Kids Playlist!
3VabsioEoHI Beautiful' Chef teaches Gordon to make Chicken with Sesame Seed
3Vo1KRJoloY Claudia Winkleman Teaches Gordon How to Dance | Gordon Ramsay
3Vvx0cQf718 How to Poach and Flavour Salmon | Gordon Ramsay
3WUFC5Og_RI Winter Fish Recipes To Keep You Warm | Gordon Ramsay
3YlhcEFL0xA Christmas Sides With Gordon Ramsay
3ZoXsqjg9xs Patsy Kensit lowering the tone | Gordon Ramsay
3cc82aOodsw Gordon Ramsay Goes Vegan...for steak???
3dQcTZ-Bk6I Pretentious Food Wasting Time and Money | Gordon Ramsay
3gwk0e3wgoM Gordon Ramsay Makes Quick & Easy Bangers & Mash | Ramsay in 10
3nmHTjutjzQ Gordon Tells Johnny Vegas to STOP SHOUTING | Gordon Ramsay
3oVIaTrYaWs Best Restaurant: Momo's Secret Diner Test | Gordon Ramsay
3tyYsfl4DlA Ramsay Can’t Handle Being Served APPLE JUICE Risotto! | Hotel Hell
46x_NjRaUIA Hand-made Mint Chocolate Truffles (Part 2) | Gordon Ramsay
4B_f8VBy9KM Gordon Ramsay's Ultimate Budget Food Guide | Ultimate Cookery Course
4C3QZIyfXt4 Easy Meal Prep Recipes | Part Two | Gordon Ramsay
4CbNFTLpMoA Gordon Ramsay Trains & Cook With The Royal Marines | The F Word FULL EPISODE
4EIUjo0GTb8 Chefs Cook Sunday Roasts for Their Own Mothers!
4EpP7fQ5XkU Gordon Ramsay's Guide To Big & Bold Flavours | Home Cooking FULL EPISODE
4GIH3JYb6no How to Make Homemade Jerk Chicken | Gordon Ramsay
4Gd0ZzPDa2g Did Gordon Ramsay help the Kansas City Chiefs WIN the Super Bowl?
4HMIFeG8kMQ Jonathan Ross Tries An Eel's Heart | The F Word Full Episode
4MpYuaJsvRw Teriyaki Salmon with Soba Noodle Salad | Gordon Ramsay
4NnJ-7Y6qwo Gordon Furious When He's Served RAW Lamb & Half a Cake | Hotel Hell
4WsR5hbab4E Rajasthan Goat Curry | Gordon Ramsay
4YgOPaR9wUs Gordon Ramsay Makes a Pork Dish in UNDER 10 Minutes | Ramsay in 10
4_od6yFhK6M Gordon's Guide To Potatoes | Gordon Ramsay
4fzvuM6ipDA Johnny Vegas Prises Open a Lettuce | Gordon Ramsay
4iRJDDjejCI Gordon Ramsay vs Madelaine Petsch In VEGAN MASTERCHEF COOK OFF!
4m40LZjTJSA Gordon Ramsay's American Inspired Recipes | Home Cooking FULL EPISODE
4ps_5DJc7Ww Things Turn Ugly With Gordon's Assistant Gordon Behind Bars
4rSO66M3okg Chef Ramsay Loses It at Dreadful Cher Impersonator | Hotel Hell
4rez_nap27w Bombay Oranges with Herb Sugar & Pomegranates | Gordon Ramsay
4sRokmYSub4 Gordon Ramsay Helps A Man Propose In The Kitchen | The F Word Full Episode
4z-ZrTlJm3w Best French Restaurant: Winteringham Fields Assessment | Gordon Ramsay
54BnIALprw0 Gordon Sets Things Straight | Gordon Ramsay
55NF6TQ881c Amateur Cooks Attempt To Cook Pork | Culinary Genius Full Episode
58Dn9FEbLiE Roasted Mackerel with Garlic and Paprika | Gordon Ramsay
59rMoUXbThU Tana tricks her husband | Gordon Ramsay
5FXwGYGPTFs Amateur Cook Burns 75 Portions Of Sea Bass | The F Word FULL EPISODE
5HO51XEJZ6o Gordon inspires the Lantarna Restaurant | Gordon Ramsay
5HjaJbW8OfM Gordon Ramsay's Food Fails To Impress Judges | Gordon's Great Escape
5MdTtOGYKco Cooking for RAF Pilots | Gordon Ramsay
5OAiZYjRqfo Gordon Ramsay's Beef Wellington vs. Gino D'Acampo's Ossobuco
5RKG4J7TLro Best Chinese Restaurant, Kai: Secret Diner | Gordon Ramsay
5SZaG61_890 Stuffed Roasted Turkey With Truffle Butter | Gordon Ramsay
5ZHiN7GZxSc Gordon Ramsay Makes Breakfast Burgers & A Special Beef Wellington
5aIWhvyeNSM Ricky Gervais & Gordon Ramsay Try Spunk Vodka | The F Word Full Episode
5ifwg8DDzOo Gordon's Cooking & Shopping Guide For Spices
5lGiLmcyCDk Owner Makes the Guests Sign a 𠇌lean Waiver”! | Hotel Hell
5ldDbp_TpLU Best Indian Restaurant: Result | Gordon Ramsay
5mdktMXCnH8 Gordon's Guide To Bacon
5n7-EZYaK-w Gordon's Guide To Brisket
5nH4YR0UOeI Gordon Ramsay Roasts TikTok Users Food
5nOpvx1ZtJg La Garrigue, Coach Challenge | Gordon Ramsay
5nmAFmoTLZw North African Poached Eggs | Gordon Ramsay
5oPONynwCLY Is Gordon Ramsay NFL Draft Ready?
5qbOAQ6RbdM Ramsay in 10 is Becoming a Cookbook!
5rvqkaRVDwA Recipe challege with Mary Portas | Gordon Ramsay
5t7JLjr1FxQ Gordon Ramsay Cooks Carbonara in Under 10 Minutes | Ramsay in 10
5v5por7wuyI Chef Ramsay Shocked That Chef is Actually Cooking  | Gordon Ramsay
5wluwzlMFIQ James Corden's Local Chinese Takeaway | Gordon Ramsay
6-HUJyBzw70 Sunday Roasts With Gordon Ramsay
606QlJ6uud0 Teaching Lazy Bachelors How To Cook A Basic Curry | Gordon Ramsay
62fwZSCZoM0 Gordon reviews Lanterna Restaurant | Gordon Ramsay
65Tob9dg0fQ Charred Corn with Chipotle Chilli Butter | Gordon Ramsay
67AVpHsDY4c DISGUSTING Food Practice Shocks Gordon Ramsay | Hotel Hell
6CEW6Qsb8WI Gordon Ramsay Takes On Thailand's Chef McDang | Gordon's Great Escape
6EYIYXlc3IY Gordon Ramsay Cooks the Ultimate Lobster BLT in Maine | Ramsay Around the World
6JBPsw-DJk4 Prisoners Explain Why Jail Doesn't Work Gordon Behind Bars
6JY28JMf_VY The Infamous Moment Gordon Offered A Convict A Job | Gordon Ramsay
6LzLqmfiOVU Leek & Pancetta Quiche | Gordon Ramsay
6VBj-vs--Gw Gordon Ramsay and Gino Dmpo Do A Blind Taste Test
6bT00gb4ABs How To Cook A Sunday Roast, French Style | Gordon Ramsay
6gFISD70aoE Gordon Ramsay's MasterClass
6i3j9vN4vvE Secret Diner Test | Gordon Ramsay
6mvddSKEs1w Gordon Ramsay Takes the Reins | Gordon Ramsay
6oIQLbTlmy8 Gordon Ramsay's Got the Beet...Pasta Recipe
6p5x0nxtqVs Hunting, Butchering and Cooking Wild Boar | Gordon Ramsay
6pfmmehUY9s Best North African Restaurant: Result  Gordon Ramsay
6rGvRS3yK3g Gordon Ramsay Completes A HUGE Renovation For Dying Hotel | Hotel Hell
6wXNczi7A5w Trying to Make Pea Soup with Jonny Vegas | Gordon Ramsay
6zrdpTHIeEY James Corden Does an Irish Dance | Gordon Ramsay
70yt7LBchLg Gordon's Prison Brigade Opens Up | Gordon Behind Bars
75LA5wQzMe4 Gordon Ramsay Goes Behind the Scenes on Next Level Chef
78OfIdOST5A \
7FdiHv8FTpA Gordon's Ultimate Christmas Dinner | Gordon Ramsay
7KPcfdbVTic Hotel Staff Have to BUY THEIR OWN NAME TAGS! | Hotel Hell
7LymOQHPLDw Best Restaurant: 1st Elimination | Gordon Ramsay
7MZ59LQtWH8 Gordon Ramsay Makes SPAM Scrambled Eggs in Hawaii | Scrambled
7PTZBE9bpQ0 Gordon Ramsay Tries To Keep His Bad Boy Bakery Alive | Gordon Behind Bars
7PbaTbkceik Gordon Demonstrates How to Finely Chop Fresh Herbs WITHOUT Staining the Chopping Board
7RWhcmfIvX4 Gordon Not Impressed with Pretentious Meal | Gordon Ramsay
7cVg0hYi5io Gordon Ramsay makes a Cauliflower Steak?!?
7iTFMdTz9JA Gordon Ramsay's Venison Marsala | The F Word FULL EPISODE
7juROVsNUvo Owner Gets Into A Heated Argument With Gordon In Semi-Finals
7kSICWq6hKI Leg of Lamb with Goats Cheese and Mint | Gordon Ramsay
7n0ba47kdPY Gordon Dismayed That Chef Can't Even Cook a Boiled Egg | Hotel Hell
7qOl97KGQDc Gordon Ramsay Cooks Indian Street Food For Locals | Gordon's Great Escape
7t6m0k_Ki9g Gordon Cooks Steak For A Vegetarian | Gordon Ramsay
7wQpHTnji68 Gordon Ramsay Makes a Frito Pie Trackside in Texas | Scrambled
7y_HIoCx3w0 In Search of Shark Fin Soup | Gordon Ramsay
7ycoQ3KAURk Beautiful Cooking Ramsay's Best Restaurant | Final | Gordon Ramsay
81A_17FM-N0 Lemon and Lime Syllabub | Gordon Ramsay
87gx9-8ksJU Gordon Ramsay Shows How To Make An Easy Curry At Home | Ramsay in 10
88aDJFdUjH4 Gordon Ramsay Is Stunned by Farmed Caviar; Makes Lobster & Caviar Salad
8AV517AO4qw Three Easy Recipes To Make Your Week Easier | Gordon Ramsay
8AeSsJGUGDA Gordon Ramsay Attempts To Meditate With A Buddhist Monk | Gordon's Great Escape
8B6cPaxcT6Q Chickpea, Cumin & Spinach Koftas with Tahini Dressing | Gordon Ramsay
8E4cQHejFq0 Gordon Ramsay's Ultimate Grilled Cheese Sandwich | Ramsay Around the World
8HQlFlBd6Yc Jonathan Ross Attempts To Help Gordon Cooking | The F Word FULL EPISODE
8MsDZ1UQw0g Gordon Ramsay's Top 10 Burger Tips
8QxdroQ84SE Gordon Ramsay Dumbfounded Over Risotto | Kitchen Nightmares FULL EPISODE
8S5XpJIru18 Chips with Chris Moyles | Gordon Ramsay
8bNidh0IOGk Can A MasterChef Contestant Turn a Burn by Gordon into a Gourmet Meatloaf? | Ramsay Redemption
8dSLHIfBp6o El Pirata Detapas: Coach Challenge | Gordon Ramsay
8fR8ZL_7J6o Gordon Ramsay Cooks Steak On A Shovel
8mPsu-bByKw Gordon Ramsay's Dessert Recipes | Gordon Ramsay
8ocYprvhm9g Can Gordon Ramsay Make a Puerto Rican Crispy Rice Dish? | Scrambled
8sVTBtJE8gY Winter Desserts | Gordon Ramsay
8tX31dZpwZY Gordon Ramsay Challenges Hell's Kitchen's Mia Castro To Make Poke | Ramsay in 10
8xr_OQtlhoI Winter Warmers With Gordon Ramsay
949qv3hk7hA Gordon Ramsay Goes Oyster Fishing In Thailand | Gordon's Great Escape
95PfKJsw9v8 Head Chef FAINTS on Gordon! | Hotel Hell
97AJIFDvAYk Gordon Ramsay Makes a Veggie Meatball Sub?!?
99ND_B5kMd4 Gordon Ramsay Cooks up Steak, Fried rice and Fried Eggs in Under 10 Minutes!
9B-lZsISE38 Gordon Fights To Keep One Hs Convict Bakers On His Team | Gordon Behind Bars
9BVFrwQ1bEI Gazpacho Paired With Pineapple Carpaccio, Pomegranate & Vanilla Salt By Gordon Ramsay
9DN68RK1KYQ Sunday Brunches With Gordon Ramsay | Part One
9EM1byyXwFs Gordon Ramsay Visits The Black Pearl | Kitchen  Nightmares FULL EPISODE
9ETDaLMBhho Gordon Ramsay's Pumpkin Soup With Wild Mushrooms
9EphtH2fbsM 9M Subscribers! The Best of Gordon Ramsay So Far
9F_o-2nkKPA Prisoners Make 1,100 Slices for Caffè Nero Gordon Behind Bars
9InQTqISo6U Gordon Loses One Of His Bakers | Gordon Behind Bars
9IyNSoDZW1I Soul Food | Gordon Ramsay
9MCM7FVBUPc Amateur Cook Slices His Finger & Finishes A Challenge | Culinary Genius
9TuHBEDug7Q Herb butter with Patsy Kensit | Gordon Ramsay
9Wj-T_PIEGY Bacon, Pea & Goat's Cheese Frittata | Gordon Ramsay
9X_PNIsoHes Spicy Black Beans With Feta & Avocado | Gordon Ramsay
9Z_UndhO2ME Eating Deep Fried Tarantula in Cambodia | Gordon Ramsay
9aCnaiGBi0w Beef Wellington, Prison Style Gordon Behind Bars
9biIOtEYeHc Slow-Roasted Pork Belly | Gordon Ramsay
9deohvdXsIs Gordon Ramsay Goes Diving For Scallops | The F Word Full Episode
9f78VaOVeks Top 5 MOST DELUSIONAL Owners on Gordon Ramsay's Hotel Hell
9i4SKHbhbqk Fast Food Done Right With Gordon Ramsay
9ndeJpLLM-k Guests Gang Up On Deluded Hotel Manager | Hotel Hell
9p0zliwolK8 You need practice man' | Gordon Ramsay Learns to Make Kebabs
9rTVuc26eFk American Style Scotch Pancakes with Caramelised Bananas | Gordon Ramsay
9rWZNHkrsNg Steak Diane | Gordon Ramsay
9s7bEurHRr8 Gordon Ramsay Burns a Tuna Dish on Twitter but Can it Be Saved? | Ramsay Redemption
9xppRtAUJQk Gordon Ramsay Makes Chilaquiles in Oaxaca (featuring Aaron Sanchez) | Scrambled
9yue3V8UacM Secret Diner | Gordon Ramsay
A-gHfY4COm4 Family Recipes With Gordon Ramsay
A3igZIG44D4 Best British Restaurant: The Milestone | Gordon Ramsay
A4A15EdCNLQ Gordon Ramsay Learns How To Prepare Vietnamese Soup | Gordon's Great Escape
A6ZiC2zzfEk Casamia's Great Finale Ramsay's Best Restaurant | Final | Gordon Ramsay
AAwVqu46AR8 James Corden Tells Gordon Jamie Oliver Taught Him To Cook | Gordon Ramsay
ADUqUMKnZVo Dangerous Prisoners Making Cupcakes | Gordon Behind Bars
AIw8IXHAX6c Gordon Ramsay's Perfect Valentine's Day Dessert
AS2Yosmesw0 Gordon Ramsay Helps Make Scotland's First Buffalo Mozzarella | The F Word Full Episode
A_kKv6mZ8TY Coconut Glass Noodle Soup | Gordon Ramsay
Ab67vBsL-uE Gordon Ramsay's Ultimate Stress Free Recipes | Ultimate Cookery Course
Am2WcOlQKkk Leek Flatbreads with Ricotta and Lemon | Gordon Ramsay
An9FA6a8dyc Smoky Pulled Pork with Chipotle Mayonnaise | Gordon Ramsay
AuBFdAUYyL8 Best Chinese Restaurant: Kai | Gordon Ramsay
AwAdC9t3fIw On December 23rd Gordon Ramsay is back on the #HotOnes with a whole new bag of tricks !!!
B-KRKlTzqQQ Duck Breast with Gooseberry Sauce | Gordon Ramsay
B1Kaq0_FqGs Gordon Ramsay Being Served The Worst Fish Dishes On Kitchen Nightmares
B3vxkNDZysE Gordon Ramsay Shows His Favourite Childhood Recipes | Home Cooking FULL EPISODE
B68Fw7PUmFw Spicy Mexican Soup with Tortillas & Salsa | Gordon Ramsay
B6Rdd-E61S4 Welcome to the Channel | Gordon Ramsay
B85R5TxXIAA Gordon Ramsay's MasterClass is Live
B9QA4L8FtAw Cooking Lobster with Jeremy Clarkson | Gordon Ramsay
BBPsATAziOw The Most Amazing Gravy | Gordon Ramsay
BBip3AqUT8c Gordon Ramsay Storms Out After Having Enough of Delusional Owner | Hotel Hell
BHW2sLeIzN4 Frenchmen Bonding at a Scottish Football Game | Gordon Ramsay
BHcyuzXRqLs 50 Cooking Tips With Gordon Ramsay | Part One
BKqnwq5pgsY Caramelised Figs with Balsamic Vinegar, Rosemary and Ricotta | Gordon Ramsay
BL_wfjEIzSw The Pressure is High Ramsay's Best Restaurant | Semi-Final | Gordon Ramsay
BOzHK3O82WU Shark Bait: Change in China Town | Gordon Ramsay
BSBEUcAyFyk Gordon Ramsay's Guide To Pasta | Gordon Ramsay
BYiPP5MwHOs Gordon Teaches Matilda How To Make Dumplings!
BaoM_RRY66o Owners In Denial Over Filthy Hotel Rooms | Hotel Hell
Bbcm3q_UsZc Is Gordon Ramsay The Next Lewis Hamilton?
BdLXDsJeDuQ Moore Place Success | Gordon Ramsay
Bl5OFosjNZE Spicy Potato Breakfast Pancakes | Gordon Ramsay
BvvXM1Uld8A Mama's Orders | Gordon Ramsay
C4orafwazfc Gordon Ramsay Learns How To Make A Beef Rendang In Malaysia | Gordon's Great Escape
CAI7_EscTrg Gordon Ramsay's Culinary Genius
CFHuopAfOYQ How to Make a Pomegranate Molasses Marinated Quail | Gordon Ramsay
CGtOyHNf4B8 Cooking Pantomime with Jonny Vegas | Gordon Ramsay
CWzDuqpFImY Ultimate Dinner Party Guide | 3 Courses in 30 Minutes | Gordon Ramsay
CYlGyCzPA2w Best Italian Restaurant: Casamia Big Test | Gordon Ramsay
CaO2mQKyAX0 Summertime Recipes With Gordon Ramsay | Part One
CeGS0BqcLBE Gordon Ramsay makes Donuts with a Spicy Chocolate Dipping Sauce | Ramsay in 10
CfFl99Bxn7w Kicking 2022 Off Right | Gordon Ramsay
ChAm0tv1zDk Owner Gives HIMSELF Employee of the Month! | Hotel Hell
Cm2XN5mbepg Gordon Ramsay’s Recipes for a Better School Lunch
CpGBznYcdM8 Furious General Manager Storms Out | Hotel Hell
Cyskqnp1j64 CHRISTMAS RECIPE: Christmas Beef Wellington
D1CY_5XiH6s Finishing rhubarb crumble with Chef | Gordon Ramsay
D3x-dKdb9Gg Recipes For Special Occasions | Part One | Gordon Ramsay
D60f8-IOtps Gordon Ramsay Cooks a Breakfast Hash in the Jungle of Guyana | Scrambled
D6nQVRib4VE Chef Ramsay's Six Top Kitchen Tricks | Gordon Ramsay
D94hyelJps4 Leek Flatbreads with Ricotta and Lemon | Gordon Ramsay
DAK-pj093A4 Best Thai Restaurant: Mango Tree's Dumb Waiter | Gordon Ramsay
DBY61x4lIXM Gordon Ramsay Makes Traditional Goat Biryani in India (Part 1)
DGxTmgHdDVA Duck Breast Dish  Gordon Ramsay
DKLbnphelLE Owner Admits To NOT CLEANING HER OWN DIARRHEA  | Hotel Hell
DOGQ5QkIAg8 Thai Oysters | Gordon Ramsay's Great Escape
DYNwZPgtpTI Deliciously Simple Fast Food Recipes With Gordon Ramsay
DbMUeO-moDY Final Starters Ramsay's Best Restaurant | Final | Gordon Ramsay
DbjgkY9AgBw Brussels Sprouts with Pancetta and Chestnuts | Gordon Ramsay
Df4NxwUxvIM Gordon Ramsay Teaches Butchers How To Prepare Steak | The F Word FULL EPISODE
Dga9YZzD6Lw Boiled Eggs With Anchovy Soldiers By Gordon Ramsay
DjDEo9kBQQc Gordon Makes An Omelette In Norway With...Reindeer Sausage!? | Scrambled
DkoDoIMg7CA Gordon Ramsay reveals his disguise to Delia Smith | Gordon Ramsay
DnvvkK0spk0 Cranberry Sauce | Gordon Ramsay's Ultimate Christmas
DsuxXH8Q76o Chocolate Sponge with Fresh Ginger | Gordon Ramsay
DvNAU2u4fcQ Flatbreads with Fennel & Feta | Gordon Ramsay
E-eB7ZbBX80 Gordon Ramsay's Recipe for Harissa Tomato Toast for Lunch or Brunch
E33FuP1oenA Cooking Recipes To Improve Your Skills | Gordon Ramsay | Part Two
E7EPI3zB2BA Salmon Salad Nicoise (Part 3) | Gordon Ramsay
E7ybnkUmh18 Gordon Ramsay Learns How To Make Dim-Sum | The F Word FULL EPISODE
ECc_cZCi9zY Gordon Ramsay's Sausage Hotpot & Apple Compote Recipes
ELIekcnsxtg Cooking With Fruits | Gordon Ramsay
EN9nKnmbBuA How to Make Mandarin Cheesecake | Gordon Ramsay
ETt6wwD0BSQ Gordon Ramsay's YouTube Rewind 2019
EVpBQPw6xTk Gordon Ramsay's Favourite Simple Recipes | Ultimate Cookery Course
EdxXZZ2x0dw Ramsay Explodes at Lying Chef | Gordon Ramsay
Es3B8Swni14 Sunday Beef Dinners With Gordon Ramsay
EtiNjqXX7Ss Best Chinese Restaurant :Yu & You | Gordon Ramsay
EziM5ckJbo4 Gordon Ramsay's Top 5 Fish Recipes
F-C5phzedLo Gordon Ramsay Helps Prepare His Lunch Menu With His Prison Brigade | Gordon Behind Bars
F1iTXoCftHs Simplifying the Menu | Gordon Ramsay
F2wQMohhQC4 Chef Ramsay to the Rescue | Gordon Ramsay
F4vKLWpS1sU Smoked Haddock & Spinach Baked Eggs | Gordon Ramsay
F6F83CRPyBk Gordon Ramsay's Shopping Guide For Pork
FArPalxb1bM Gordon Ramsay Tries To Make Croissants | The F Word FULL EPISODE
FCDPP4ak8xU Ramsay Forced to Spit Out BACON & CHOCOLATE PIZZA! | Hotel Hell
FERaJ6xIyqU Fillet Steak with Gremolata | Gordon Ramsay
FFSkbsyasu8 Gordon Ramsay Cooks the Perfect Apple French Toast in Michigan
FGaOZTck1eA More Ultimate Brunch Recipes From Gordon Ramsay | Ultimate Cookery Course
FGwWbaD1zn8 Gordon Ramsay Bread Street Kitchen Cookbook: 100 Delicious Recipes To Cook At Home
FKjk53na1sk Pasta with Tomato, Anchovy & Chilli | Gordon Ramsay
FOzdLguuFL4 Best Italian Restaurant: Casamia Coach challenge | Gordon Ramsay
FP6E3JtmsCE Spicy Sausage Rice by Gordon Ramsay
FSLlsQ-x4jU Gordon Ramsay's Tortilla Soup with Chicken Quesadillas Recipe
FTociictyyE Gordon Ramsay Demonstrates Basic Cooking Skills | Ultimate Cookery Course
FV4jQVKK4T4 Cooking With Big and Bold Spices | Gordon Ramsay
FY957G7njSQ Bringing in the Customers | Gordon Ramsay
FaIynhb0twk Gordon Ramsay Cooks Mediterranean Sea Bass in Under 10 Minutes | Ramsay in 10
FbKg0OaqjR4 Gordon Ramsay Teaches Prisoners How To Cook A Beef Wellington | Gordon Behind Bars
Flu-Afl5V4I Gordon Ramsay Finds BURNT Chicken Wings in BBQ | Hotel Hell
FmF1OHjJ_kM Gordon Ramsay Struggles to Make Sushi | Gordon Ramsay
FohL1ir4ZU4 Gordon Ramsay Tries A Super Size Jaffa Cake | The F Word FULL EPISODE
Foojp8CMraw Gordon Ramsay’s Fast Food: Crab & Chilli Pasta
FrDuUxAHdKc Struggling Hotel Re-Opens With Gordon's New Menu | Hotel Hell
Fv9cJ_tlQyM Best Restaurant: Yu & You Semi-Final Secret Diner test | Gordon Ramsay
G1cNvPyi-DY Gordon Ramsay Critiques Fan's TikTok Recipes
G1ufZ_Yz4CQ Gordon Ramsay's Comfort Food Recipes | Home Cooking FULL EPISODE
G36VN1IdiQo GORDON RAMSAY PARTNERS WITH MAKE-A-WISH TO CONFIRM 24 WISHES IN 24 HOURS
GCcCfRc-qgY Crispy Roast Duck Pancakes with Black Bean Dipping Sauce | Gordon Ramsay
GEpOvFLIJy0 Spice Girl Geri Halliwell Phones Gordon Ramsay's Mother
GGRWss_Sm_0 Gordon Ramsay's Pizza Cook Off Against Johnny Vegas | The F Word FULL EPISODE
GGoqLGYjBsY Gordon Ramsay Hunts & Cooks Rook | The F Word FULL EPISODE
GMm_r0n-TZ8 Ramsay's Best Restaurant Final Gets Intense | Ramsay's Best Restaurant
GWajfgA8lYQ Prashad Under the Knife Ramsay's Best Restaurant | Semi-Final | Gordon Ramsay
GXzTeg-h6W4 Gordon's Guide To Slow Cooking | Gordon Ramsay
GaaPw4auong Best Thai Restaurant: Result | Gordon Ramsay
GgTuaBIW9Nc Slow-Cooked Aubergine | Gordon Ramsay
GhEivFtR9OY Gordon Ramsay Saves Priests From Food | Kitchen Nightmares\\ FULL EPISODE
GvCafDij1S0 Gordon Ramsay Demonstrates How To Cook A Curry In Under 20 Minutes | The F Word
H-4p4Upx-aM Traditional goat biryani in India (Part 2) | Gordon Ramsay
H-xDnudXEz4 Picnic Recipes With Gordon Ramsay | Home Cooking FULL EPISODE
H0n_jfydU4U Beetroot Cured Salmon | Gordon Ramsay
H6r65SHkpVs Gordon's Guide To Mushrooms | Gordon Ramsay
HEoAELM_8VI Essential Christmas Cooking Tips | Gordon Ramsay
HIccGT_2rmo Gordon Ramsay's Best Moments From Hotel Hell Season 1
HLXkxg4Fl34 Caramelised Cranberry and Apple Sauce | Gordon Ramsay
HMB6QCpORnk Gordon Ramsay Baffled By Filet Mignon Soufflé | Kitchen Nightmares FULL EPISODE
HRCCsTZ0_64 Gordon Ramsay Makes a Mexican Street Food Favorite
HXfqtNzt5U0 Arguments Break Out With Gordon's Prison Brigade | Gordon Behind Bars
HXoAzTX2KQc Leg of Lamb with Goat's Cheese and Mint | Gordon Ramsay
H_HBY7h8K1Y Disorganised Hotel Doesn't Have a Payroll! | Hotel Hell
Hj9nC18Y7n0 The Knives Come Out | Gordon Behind Bars
HoyyfE6dcz0 Shami Kebabs with Alan Carr (Part 2 )| Gordon Ramsay
HrNLvCO2tE4 Gordon Ramsay Attempts To Make Fish & Chips at Home in 10 Minutes | Ramsay in 10
HtZtmtiX3Bo Gordon Ramsay vs Microwaves On Kitchen Nightmares
I0D1duynFR4 Freshly Caught Crayfish Salad | Gordon Ramsay
I0LD1m8EIKY Cooking Basics With Gordon Ramsay | Part One
IB4JJw28C4Q Gordon Ramsay’s Top 5 Desserts | COMPILATION
IGqTn9LFM6I Gordon Ramsay STUNNED at Sperm Covered Mattress | Hotel Hell
IHCGs8Qnykk Shucking & Cooking Scallops | Culinary Genius
IJsnpOZ0l6g Pork Neck Curry with Mango Salsa | Gordon Ramsay
ILOyy8G_jaw Cooking at Pétrus with Gordon & Neil Snowball | Gordon Ramsay
IONufEmzfhw Gordon Ramsay Reveals His New Bakery Plan | Gordon Behind Bars
IUDMuyITLCc Cannellini Bean Crostini With Anchovy & Olive | Gordon Ramsay
IXZM4IZVDxg Gordon Ramsay Finds Mold in His Fridge | Hotel Hell
I_58ErSp6Xg Gordon Ramsay's Prison Brigade Impresses All | Gordon Behind Bars
IcDI1iWmIp8 Hotel Restaurant Refuses To Serve Ice-Cream Samples | Hotel Hell
If2rE7Sagyw Gordon Ramsay Demonstrates Key Cooking Skills
IjoDJbmNQ1Y Butter Roasted Rib-Eye Steak with Grilled Artichokes | Gordon Ramsay
Ik0iR1IBIQg The Funniest Moments On Kitchen Nightmares
Ioze4oxKdfs Gordon Ramsay Teaches The Fire Brigade How To Eat Healthy | The F Word FULL EPISODE
Iqbhl20fyaY Owner Forces Staff To Buy $300 Uniforms! | Hotel Hell
IqkQx7dF-BE Gordon Ramsay Makes Sea Urchin Scrambled Eggs in Australia | Scrambled
J0ZeVTHWC1U Cooking Recipes To Improve Your Skills | Gordon Ramsay
J5fg1AmhF4I Timings and Temperatures for Perfect Roast Turkey | Gordon Ramsay
J6mKvrwbGoI Cheat’s Soufflé With Three Cheeses | Gordon Ramsay
J9TuIotSK60 Steamed Date Pudding with Butterscotch Sauce | Gordon Ramsay
JBMzAI27Kuw Chilli Poached Pears with Star Anise Dust | Gordon Ramsay
JH8USxzRDso Matilda and The Ramsay Bunch is Back!
JNND9JRMZkM Gordon Ramsay's Hearty Recipes | Home Cooking FULL EPISODE
JS_fImyeSHA How to Cook Perfect Scallops (Part 2) | Gordon Ramsay
JWdTvyy6-mU Buttermilk Fried Chicken with Sweet Pickled Celery | Gordon Ramsay
JZVWkjFGCBI Gordon Ramsay’s Top 5 Steak Recipes
JaNOM1QQZVk Assembling Lasagne with Jonny Vegas | Gordon Ramsay
Ja_8F2cQyDE Classic Recipes With A Twist | Gordon Ramsay
Jf75I9LKhvg How To Cook The Perfect Rice | Gordon Ramsay
Jjown7Lp0hY Gordon Ramsay in Disguise! | Archive Supercut
JlJ-G8aD-7c Best Restaurant: Mennula Secret Diner | Gordon Ramsay
JrYNSCEHLlI DISGUSTING Hygiene Makes Gordon Pull the Fire Alarm | Hotel Hell
JvZRjh0CaIU Gordon Ramsay Fishes & Cooks Squid | Gordon's Great Escape
JvbagQ573rc Best Italian Restaurant, Mennula | Gordon Ramsay
Jvqtbq2reuY Gordon, Jonny Vegas and Ryanair | Gordon Ramsay
Jxb3Cngfan4 Gordon Ramsay's Spicy Cheeseburger Recipe from South Africa
Jzczmi1mPTs Chicken Breast and Saut Chicory in Marsala Sauce | Gordon Ramsay
K4TfxO-zXYY Gordon Ramsay gets THROWN from Camel after Fishing | Gordon, Gino & Fred
K9u07NEsz9I Chilli Chicken With Ginger & Coriander | Gordon Ramsay
KEkEjRM2VSo \
KKAiryvcyH4 Shark Bait, Long line fishing | Gordon Ramsay
KOS2v-z9Lo0 How To Make Garlic & Saffron Mayonnaise | Gordon Ramsay
KROVbR3MF4E Tricking Raymond Blanc | Gordon Ramsay
KZF9PYezHZU Spiced Carrot and Coconut Chutney | Gordon Ramsay
Kb9fRDyI6U4 Under Pressure | Gordon Ramsay
Kba6MAlEv3o Gordon Ramsay Challenges Hell's Kitchen Contestant For Gourmet Ramen | Ramsay in 10
Kdiu4O-liKU Gordon Ramsay Judges Steaks Cooked By NBA Legends Shawn Marion & Caron Butler! | Raising the Steaks
Ke_xYIhYPTw Pork Chops with Sweet and Sour Peppers | Gordon Ramsay
KfJuOozw7kw Veganuary With Gordon Ramsay
KgOBAWbkq5Q Sticky Pork Ribs | Gordon Ramsay
KkpfxO87bPM Prashad's Okra Curry Ramsay's Best Restaurant | Final | Gordon Ramsay
L0d3MfTTnTY Gordon Ramsay Shows How To Make a Stir Fry at Home | Ramsay in 10
L5o6kjGy9co Everybody Wants a Bit of Chicken' Mother's Day at Moore Place
LB9KDxAOMvI Gordon Ramsay Makes a Quick and Easy Dessert in Under 15 Minutes
LFHvC9sluWM How to Carve a Chicken | Gordon Ramsay
LGpI2lTaWAY Gordon sees Lanterna's problems begin to return | Gordon Ramsay
LH5Qu6VDkjI Prawn & Cucumber Salad With Spicy Yoghurt Dressing & Anchovy Dip
LQMTClwRCrY Gordon Meets Two Spoilt Sisters | Hotel Hell
LWso-tKMOYM Best Restaurant: Chicken Problems, Mango Tree | Gordon Ramsay
LXbhGsvIH70 Spiced Grilled Chicken Wraps | Gordon Ramsay
LXgCS72i4BE How to Make Steak Diane and Saut Potatoes | Gordon Ramsay
LXiBei_iUes Catching Wild Catfish By Hand in Oklahoma | Gordon Ramsay
Laiyl3wP3SU Amateur Cooks Attempt A Hearty Cod Dish | Culinary Genius
LcAC8ZIidOY Attempting Indian inspired dish (Part 1) | Gordon Ramsay
LdfX_lN5n0E Chocolate Marshmallow & Peanut Fridge Cake | Gordon Ramsay
Lj5uCaTAUq4 Pork, Sage and Apple Stuffing For Turkey | Gordon Ramsay
LkI1CpYZp1M El Pirata Detapas face a secret Diner | Gordon Ramsay
LnhD4znyPrE How To Skin and Debone Fish | Gordon Ramsay
LqVtm1R01Qk Merguez & Fontina Stuffed Croissants
Lvy91ePSCfk The Infamous Moment Gordon Helps With A Proposal | The F Word FULL EPISODE
M71U5Ls3NBc Making Sauce for Steak Diane | Gordon Ramsay
M8OGXmLTTiI Gordon Ramsay’s Ultimate Vegetarian Lunch
MDUipdbMqP8 Gordon's Guide To Sausages
MJvBKYcY8Lc Gordon Ramsay's Salad Guide
MZ6LS4l3roE Spicy Braised Oxtail, Chinese Style | Gordon Ramsay
M_GNznvIN1E Classic Shepherd's Pie | Gordon Ramsay
M_J0UMUwvR8 The Perfect Seafood Dish for any Party...in Under 10 Minutes | Gordon Ramsay
Mg1_8s5_Pno Chicken Tikka Masala Sauce | Gordon Ramsay
Mky4rVHhO3s How To Make the Perfect Roast Beef Dinner | Gordon Ramsay
MpTodVRR73E Cooking in Disguise | Gordon Ramsay
Mq-Deg74vB4 Mennula's Big Test | Gordon Ramsay
Mr9VqlpDKJ4 Gordon Ramsay Demonstrates How To Add Spice Into Christmas | Festive Home Cooking
MrDU2m-gKQc Gordon Finally Impressed with Cocky Chef | Gordon Ramsay
MuajFTgkoHw Quick & Simple Breakfast Recipes With Gordon Ramsay
Mxu1UOrvdJQ Moroccan Lamb With Potato & Raisins | Gordon Ramsay
MylwQAr2c8s Gordon meets the new Chef | Gordon Ramsay
MyrsVCgpG60 Mango Sundae From Gordon Ramsay
N2G6YNtLUOg 50 Cooking Tips With Gordon Ramsay | Part Two
NFKdscVa6CE Tangy Fruit Salad | Gordon Ramsay
NGm1QxZDTbA Chef Ramsay Happy with Improvements | Gordon Ramsay
NM04uKbgGdU Gordon Ramsay’s Chef Makes the Ultimate BBQ Sauce
NO1KXVLGrw4 Gordon Ramsay Turns Two Slices of Bread into......
NPBlhPiUe1o Easy Fragrant Fried Rice | Gordon Ramsay
NQ1UBpDwLPA Best Indian Restaurant: Prashad, Secret Diner | Gordon Ramsay
NZHbdR73Av8 Green Bean Salad With Mustard Dressing | Gordon Ramsay
N_T5r73i1xg MOST MEMORABLE MOMENTS On Gordon Ramsay's Hotel Hell
NiFuLX68NY8 Gordon Eats Thai Spicy Sausage | Gordon Ramsay
NoyaHpwTZtY Gordon Ramsay Travels To Bangkok | Gordon's Great Escape
Nr1eQdvcWKc Gordon Ramsay's Mexican Inspired Recipes
Nrpk5CagO00 Ramsay's Childhood Recipes | Gordon Behind Bars
NybhwoK6am0 Gordon Ramsay's Spicy Fried Rice Recipe from Indonesia
OCKzBptAngI Gordon Repeatedly Struggles to Open a Door | Hotel Hell
OHC7UJgN6pk Best French Restaurant | Gordon Ramsay
ONWqry7Dz1c Gordon Ramsay Goes Tarantula Hunting in Cambodia
OPn2kZRnUxw Gordon Ramsay's Stuffed Rib Of Beef | Home Cooking FULL EPISODE
OR8-79TmFaw Gordon Ramsay Challenges Mia Castro To Make The Perfect Tailgate Turkey Burger | Ramsay in 10
ORJLqJCxFWE Best Chinese Restaurant: Kai, Coach Challenge | Gordon Ramsay
OTROBsZl9AE Gordon Ramsay Makes an Italian Inspired Dish in Under 10 Minutes
ObYtQm9cjiw Gordon Shows How to Prepare Prawn Cocktail | Gordon Ramsay
OhLGGkWg0ts Beef & Ale Stew with Mustard Dumplings | Gordon Ramsay
OibgYxJ9KPU Gordon Ramsay Finds Out How His Menu Did In Prison | Gordon Behind Bars
OkGK9cJvOVg Gordon Ramsay Helps David Hasselhoff With Christmas Lunch | Christmas Cookalong
OrKnMl_jBgo Gordon Ramsay's Slow Cooked Recipes | Ultimate Cookery Course
P0xvmcaVozY Gordon Ramsay Makes a Spicy Asian Omelette in Laos | Scrambled
P1-MBqtCRMg Ramsay Opens Up About His Past | Gordon Behind Bars
P7SyepPTkWU Gordon Takes Nervous Owner Ken Out to the Bar to Meet Women! | Hotel Hell
PCOrddV9VsM Stubborn Owner Bursts Into Tears When Confronted | Hotel Hell
PJcymcj4y8w Best Indian Restaurant: Prashad, Big Test | Gordon Ramsay
PLNEJFnG8gY Winter Vegetarian Recipes To Keep You Warm | Gordon Ramsay
POVcd1b4v6Y Gordon Ramsay's Best Drive-Thru Pranks
PW_5vUWiKWI Gordon Ramsay Learns About Mutton | The F Word Full Episode
PeWBEHC-LwY Recipes For Special Occasions | Part Two | Gordon Ramsay
PkMo_kH7NvI Best Restaurant: Mango Tree Big Test | Gordon Ramsay
Pm4hPeust8Y Gordon Ramsay's Cheesy Springtime Pasta Dumplings (Gnudi)
PnUU317KIIo Amateur Cooks Battle In An Egg Cook-Off | Culinary Genius
PoFso1vyAzw Gordon Ramsay Teaches McFly How To Cook | The F Word FULL EPISODE
PqDr8K7miqA Gordon's Guide To Healthy Cooking | Home Cooking FULL EPISODE
Ps6D26D9sG0 Gordon Ramsay's Ultimate Guide To Salads & Fruits | Ultimate Cookery Course
PtTZoNmgC5g Gordon's Prison Brigade Prepares To Cook For Influential Foodies  | Gordon Behind Bars
PxEe3arQqzA Gordon's Bedroom Stinks of Sewage and He's Not Happy | Hotel Hell
Q-ZAHrQUH4s Gordon Ramsay's Eton Mess Bombe Recipe
Q2gnL9bTny4 Winteringham Fields Big Test | Gordon Ramsay
Q3w7Fz6KFa8 Gordon Ramsay Cooks Sea Bass On A Car Engine!
QBULK-w-i90 Backstage with Jonathan Ross | Gordon Ramsay
QBWZxNkLkHI Roast Pumpkin Soup (Part 3) | Gordon Ramsay
QClxL_mEoCA Gordon Ramsay's Sandwich Recipes
QDCO_J1lOrA Gordon Ramsay’s Christmas | 3 Dishes to Prepare in Advance
QLXy_Z-3SRI Gordon Ramsay's Spinach, Ricotta & Pine Nut Ravioli With Sage Butter Recipe | F Word Full Episode
QLmWqMeYv0A Can a Master Chef Contestant Redeem a School Lunch? | Ramsay Redemption
QPDmExEPpIs Gordon puts a staff member back on track | Gordon Ramsay
QX_MNFk7BUc Cooking For Special Family Occasions | Gordon Ramsay
QZK0bqfITnI Gordon Ramsay's Quick & Simple Lunch Recipes
Qa0Pvyp3gOQ The Strangest Owners On Hotel Hell
Qcjd-Y7k7Uk Light Spring Recipes With Gordon Ramsay
QeelWOpRvyU Gordon Ramsay's Ultimate Guide To Brunches | Ultimate Cookery Course
QgaI8g_Bjss Best Restaurant: Momo Big Test | Gordon Ramsay
Qhu7aQsLAvA Steamed Mussels with Saffron Flatbread | Fast Food with Gordon Ramsay
QnxLau7m600 Slow Cooked Beef Short Ribs | Gordon Ramsay
QphG683mEzg Best Restuarant: El Pirata Detapas Big Test | Gordon Ramsay
QqLgmequ7Bk The Most Ridiculous Moments On Kitchen Nightmares
Qqu3YPsT1MM Cheesy Recipes With Gordon Ramsay
QrxxWWWFEPc Gordon Ramsy Demonstrates The Versatility Of The Chilli | Ultimate Cookery Course
QvAKa22Ire4 Gordon Ramsay Helps Matilda Cook A Giant Burger
Qy0HncHOQe0 Home-made Fish Fingers with a Chip Butty | Gordon Ramsay
R9tAAN02zh0 Gordon Served 5 Day Old Soup | Hotel Hell
RA5NE7Jksik Semi Final Result Ramsay's Best Restaurant | Gordon Ramsay
RD2psWVK9jY Easy Like Sunday Mornings | Gordon Ramsay
RDujFWENsHE Leek & Gruyère Rösti with Fried Eggs | Gordon Ramsay
RKctlPtb64g Ramsay's Brilliant Reaction to Sports Car Themed Hotel | Hotel Hell
ROIlCiUJxHI Gordon Takes His Family Out For a Christmas Walk | Gordon Ramsay
ROxNWaF9Ltc Perfect Chocolate Profiteroles | Gordon Ramsay
RVCyeX7AWpE Gordon Ramsay Shows a NFL Star How To Make The Perfect Ribeye
R_L1w3DAcnU Gordon Ramsay Makes A Mushroom Omelette In Morocco | Scrambled
RcOzeKV1MHQ Miso Broth with Spring Onions and a Poached Egg | Gordon Ramsay
RdSya1UnU8E Gordon Ramsay's Smoky Pulled Pork | Home Cooking FULL EPISODE
RdmKbmIhQrQ Lamb Koftas with Beetroot Hummus | Gordon Ramsay
RkNogxhrf3M Gordon Ramsay Learns How To Make A Pork & Pumpkin Curry In Cambodia | Gordon's Great Escape
S-bBOdmXLPs Best British Restaurant: The West House, Secret Diner | Gordon Ramsay
S0br3txWstE Gordon Ramsay Goes Hunting For King Crabs | The F Word Full Episode
S1MJp9RFfIE Gordon Ramsay's Guide To Chocolate
S5Xuj69vPLA Gordon Ramsay's Roasted Squash Hummus Recipe
S65LMDQNP5Q Gordon Ramsay Eats Some of the Worst Food EVER On Hotel Hell | Compilation
S7Fm3rLGtjM Orzo Pasta Salad with Grilled Sardines | Gordon Ramsay
S9WTv6Pn9WE Simple Soda Bread | Gordon Ramsay
SBn1i9YqN1k How To Sharpen A Knife | Gordon Ramsay
SIw0o1Z0bdc Sneak Peak Of Gordon Ramsay's Lucky Cat Restaurant
SOYPXERuDbc Arguments Break Out Over Stolen Food | Gordon Behind Bars
SW7mrBrComE Gordon Ramsay's Mulled Wine With Dry Roasted Spiced Nuts
SfftM87LkkQ Gordon Ramsay Prepares Duck In A Secret Sweet & Sour Sauce | Gordon's Great Escape
SjEQd_x2m7Q Gordon Ramsay Makes Finnish Breakfast Hash...Or is it Swedish? | Scrambled
SrpR1qH3NN4 Stuffed Roast Chicken with Chorizo | Gordon Ramsay
SsSX-eJsPtw Gordon Ramsay's Guide To Fish
SzmMHqjtpbQ Kitchen Goes Into Lockdown As Peeler Goes Missing | Gordon Behind Bars
T21phFISCmw How to Fillet a Salmon Into 10 Equal Pieces | Gordon Ramsay
T3gc0fkKKgY Best Thai Restaurant: Nahm Jim | Gordon Ramsay
T5ymVMv-REo Mama's Family | Gordon Ramsay
T7klRNSMB-g Christmas Cooking Playlist | Gordon Ramsay
T9H7jFYvRGQ Learning Turkish Cuisine | Gordon Ramsay
TCR2hJcW11k Gordon Ramsay Forced to Wait Over an Hour for RAW Fish! | Hotel Hell
TE2omM_NoXU Fillet of Beef Wellington | Gordon Ramsay
TFzvzxsaAME Gordon Ramsay Helps Prepare Food For A Malaysian Dinner Party | Gordon's Great Escape
TNL9plyxnH0 Chef Ramsay's Christmas Crackers | Gordon Ramsay
TQZSEAP4VhQ Chilli and Spice Whitebait | Gordon Ramsay
TRBpPF39sJ0 Prashad vs Winteringham Fields  | Gordon Ramsay
TWF1gEFpo38 Young Girl Battling Cancer Gets a Surprise of a Lifetime from Gordon Ramsay
T_oE5e7-Pow Gordon Ramsay's Top 5 Lamb Recipes
TaFlyFkZvM4 Slow Braised Beef Cheeks with Pappardelle | Gordon Ramsay
TfCKlbrXabQ Gordon Brings His Own Dog to Stay at the Hotel! | Hotel Hell
ThV3fY6wx4A Gordon Ramsay's Bad Boy Bakery Struggles To Sell | Gordon Behind Bars
Tl2eT-rx2JA Gordon's Guide To Herbs
TlPAUozmWnA Ungrateful Owner Isn't Happy With Gordon's Hotel Makeover | Hotel Hell
TwBZTTmnYH4 Gordon Ramsay Eats Stuffed Frog in Cambodia
TxzMjqhMn4Q Spiced Carrot and Coconut Chutney | Gordon Ramsay
U9-ZRfXcNlg Gordon Ramsay Helps Convicts Bake Fairy Cakes | Gordon Behind Bars
UA6VSePCEPs Farfalle with Ricotta, Pancetta & Peas | Gordon Ramsay
UBJtUcnn2RI Minted Pea and Watercress Veloute | Gordon Ramsay
UBfb96BR4yU Eating the hottest curry in UK | Gordon Ramsay
UMp-IF6uPkk Gordon Ramsay Cooks Shrimp Scampi In Just 10 Minutes | Ramsay in 10
USy5lPI__N4 Egg-cellent Recipes With Gordon Ramsay
UYhKDweME3A How To Cook The Perfect Pasta | Gordon Ramsay
U_Tqoy4and8 Gordon Ramsay Teaches His Prison Brigade To Cook  | Gordon Behind Bars
UaYsSBsg9Mc Even More Desserts With Gordon Ramsay
Ud-YNQadnWY Amanda Holden In Stockings | Gordon Ramsay
Uf8iG-cCM7Y Big & Bold Flavours With Inexpensive ingredients | Gordon Ramsay
UmkBn25IcL0 Slicing Smoked Salmon | Gordon Ramsay
Uq0HIRWFraY Ramsay's Best Restaurant: La Garrigue, Big Test| Gordon Ramsay
Uq8wJyLuBUo Amateur Cooks Show Off Their Best Turkey Recipe | Culinary Genius
UqljUgqIFxM Green Papaya Salad | Gordon Ramsay
UscPxIquiRk Gordon Loves His Team | Gordon Ramsay DASH Gag Reel #2
UxEKMQUvWLc Are Gordon Ramsay's Chicken Wings Spicy Enough for The Hot Ones? | Ramsay Around the World
UzFoThs2Qpw Chilli Beef Lettuce Wraps | Gordon Ramsay
V4gyraWEwKo Ungrateful Owner Not Happy with $150k Hotel Makeover | Hotel Hell
V9KItEx3-vc Chef's disguise rumbled by Jean Christophe Novelli | Gordon Ramsay
VD2ssZawXKY Gordon Ramsay Learns How To Make A Fresh Water Fish Curry | Gordon's Great Escape
VESaWTRbGHc Gordon Eats Shark Fin Soup in Taipei | Gordon Ramsay
VN_44JajST4 Ploughman's Lunch with Beer Soaked Bread | Gordon Ramsay
VTdUhb13bzM Rum-Infused Panna Cotta with Pomegranate Glaze | Gordon Ramsay
VX2Dk5fzE2c Gordon's Guide To Apples | Gordon Ramsay
VZR5I2_EGvg Lamb Recipes For Easter Sunday | Gordon Ramsay
VaWYE8dvDGk Slow Cooked Braised Stuffed Lamb Breast | Gordon Ramsay
VatksYAFVCQ Goats cheese starter with Patsy Kensit | Gordon Ramsay
VeEVdw5EGyA Learning Turkish Cuisine | Gordon Ramsay
VjH-gqfD8v0 Gordon Ramsay Makes the Ultimate Cajun Breakfast Sandwich | Scrambled
VkCo2eFQpKw Ramsay's Best Restaurant Gets Intense | Gordon Ramsay
VkOtF4hjZkM Cooking With Spice | Gordon Ramsay
VmUGXKpH264 Staff Training | Gordon Ramsay
VnIlMaUfKm0 The Public Respond To Gordon's Treacle Tart | Gordon Behind Bars
Vp5q6xwml1s Gordon Ramsay Harvests Bird's Nests From A Cave | Gordon's Great Escape
Vs3zkP6iY7Y The Most DISGUSTING Fridges On Kitchen Nightmares
VziS-DK0tYU Best Italian Restaurant: Mennula Assessment | Gordon Ramsay
W0igvV6WZMY “YOU’RE FIRED!” | Gordon Ramsay's Hotel Hell
W1hd6y2JwUw Gordon Ramsay Makes Steak and Eggs in Texas | Scrambled
W2eyKTjfbUs Professional Chef Hugs Contestant After Tasting His Shrimp Dish | Culinary Genius
W6BFj7zFZnw Gordon Ramsay Makes a Lobster Omelette in Maine | Scrambled
WAzDgQR1MpU Gordon Ramsay | 3 Christmas Dishes with a Twist
WEWdeL67Tmo Gordon Ramsay Teaches Lil Nas X How To Make A Panini
WFvKBhhfNrY Gordon Ramsay How To Cook With Spice | Ultimate Cookery Course
WK01gDq8d6A Training and Cooking with the Royal Marines | Gordon Ramsay
WLSmRcipKlA Best Restaurant: Yu & You, Secret Diner | Gordon Ramsay
WNABbYLsyuE Gordon Ramsay's Guide To Cooking Fast Food | Ultimate Cookery Course
WR1MDeP-qSc Gordon Ramsay's Guide To Baking | Ultimate Cookery Course
WS8lZ6dyYE4 Gordon's Chefs Flip Some Pancakes | Gordon Ramsay
WVXbn6es52g Valentine's Day Recipes Part Two | Gordon Ramsay
WYkX7QEi3EA Gordon Ramsay Tries To Teach A Spice Girl How To Cook Scallops
WdKDhhAXGvY Cooking Perfect Scallops | Gordon Ramsay
WfrLcD_McCY Patsy Kensit does Kanye West impression | Gordon Ramsay
WqY9JYZGzxk Gordon Ramsay's Perfect Cereal French Toast Challenge | Ramsay in 10
WsGadem2oKA Gordon Ramsay Attempts To Go Hunting | The F Word FULL EPISODE
WvCbWFOhEpQ How Doner Kebabs Are Made | The F Word Full Episode
WysiAYJHRCE Gordon's Furious Showdown with Disorganised Owner | Hotel Hell
X0P2NxiTjxA Best North African Restaurant: Azou's Big Test | Gordon Ramsay
X0PMkDAt0Ho Vile Kitchen Shocks Gordon Ramsay | Kitchen Nightmares FULL EPISODE
X1mE2IWeamI Egg-Fried Rice Noodles with Chicken | Gordon Ramsay
XALsU1VZ5vM Gordon Shocked At The State Of Disgusting Kitchen | Hotel Hell
XE_4-qQK7Nw Peanut Butter and Jam Cookies with a Caesar Salad | Gordon Ramsay
XG4IsC2wSuk Indulgent Hazelnut Meringue Tower | Gordon Ramsay
XGWHzz779Mw Best Spanish Restaurant: Fino sent a Secret Diner | Gordon Ramsay
XO5DF8soxwM CHRISTMAS RECIPE: Roasted Turkey With Lemon Parsley & Garlic | Gordon Ramsay
XPqTjLE-D0o Lookalike Chef | Gordon Ramsay
XQQumV_qqs8 Sweetcorn Fritters and Yoghurt Dip | Gordon Ramsay
XRH56FNrgoU Noodle Pulling | Gordon Ramsay
XZXZy6cEcAA Chefs and Waiters Bond Over Guacamole | Gordon Ramsay
X_qo3lnRS1k Gordon's Quick & Simple Dinner Recipes | Gordon Ramsay
Xda2BeH84-I Gordon Ramsay Teaches Cooking II: Restaurant Recipes at Home
XeIdUUC0mPc Gordon Ramsay's Ultimate Guide To Christmas Side Dishes
XhRIqzUDqAM Gordon Ramsay Makes Spicy Cornflake Chicken Sliders in Under 10 Minutes
XpCrAjpCoPI Gordon Ramsay Cannot Handle These Hotel Hell Owners
Xr8hcRExCy4 Gordon Ramsay's Simple At Home Recipes | Gordon Ramsay | Part One
XzCyApAtXJA Insults Fly at Dramatic Showdown with Pompous Owner | Hotel Hell
Y4fPCW9Q-pE Apple and Cranberry Crumble | Gordon Ramsay
Y7VW3k8haR0 Best Indian Restaurant: Brilliant, Big Test | Gordon Ramsay
YCU2Iyr6Xts Healthy Recipes With Gordon Ramsay
YDBnxz1-0XE Summer Berry & Champagne Soup with Floating Islands | Gordon Ramsay
YFPAjxSQkZ8 Gordon and Jonathan Ross Play 'Did I F***ing Say That?' | Gordon Ramsay
YIJk4vHt6ec Amateur Cooks Attempt To French A Rack of Lamb | Culinary Genius
YIjWwZwlHQg Gordon Ramsay's Top 10 Tips for Cooking the Perfect Steak
YIv5ExcxNJ0 Espresso Panna Cotta | Gordon Ramsay
YJ3qcTNtcFg GORDON RAMSAY TEARS APART THE FOOD | Top 5 Worst Hotel Hell Dishes
YPXbD7c54xY Gordon Ramsay Tries Crocodile | The F Word Full Episode
YQloi2js3OQ Chef Blames Food Failure on Being a Man | Culinary Genius
YUuahVSKiOs Ramsay's Best Restaurant Final Result | Gordon Ramsay
YX-lQ4MKI4g Best Thai Restaurant:Nahm Jim, Coach challenge | Gordon Ramsay
Yaki4HUsiNM Roasted Rolled Pork Loin with Lemon and Sage | Gordon Ramsay
Yg_J7DoGaf8 Gordon Ramsay's Guide To Poultry
Ygy8HJrULRc Ramsay Gives Two Finalists Their Own Pop Up Store | Ramsay's Best Restaurant
Yj7UfZR_yqA Mushroom, Leek and Tarragon Pasta | Gordon Ramsay
YmJzFZ13vE8 Salt-Crusted Sea Bream with Braised Leeks and Hazelnuts | Gordon Ramsay
YnUWFbSUFaw Fino Semi Finalists, Spanish Best Restaurant | Gordon Ramsay
YrfPCs8MfVE Gordon Ramsay Goes Vegan𠉯or lunch !
Ys9ziXRfEMw Delusional Owner’s ‘$300k' Art Collection Is Actually Worth $25k! | Hotel Hell
Yu6WcjVR8lE Gordon Ramsay's Three Course At Home Holiday Dinner
YuVSRSlOFFY Gordon Ramsay Cooks His Favourite French Inspired Dishes | Home Cooking FULL EPISODE
Yw-FSUEc8Pc Homemade Chocolate Donuts | Gordon Ramsay
Yx9uHvRw7pc Convicts Cook Scrambled Eggs For Gordon Ramsay | Gordon Behind Bars
YxJVMwc3GG0 One Down Already | Gordon Behind Bars
Yy6IOXY9m0M Three Super Easy Slow Cooked Recipes | Gordon Ramsay
Z2EjXkOUCJw Lamb Shami Kebab  | Gordon Ramsay
Z3ubR0LbQv0 Shark extinction and its effect on ocean ecosystem | Gordon Ramsay
Z5kD6bYPJcA Hotel Serves 6 MONTH OLD FROZEN Rotisserie Chicken | Hotel Hell
Z9j0Kb_Y0bY Chef Struggles to Prepare Dinner for Mr. Rice | Gordon Ramsay
ZD4InBGUotM Gordon Ramsay's Lunar New Year Dumpling Recipe
ZG_aBxw69j0 Gordon Renovates Hotel & Owner Still Refuses To Let Kids Stay | Hotel Hell
ZHteEcqr5V8 Gordon Ramsay's Simple Christmas Recipes  | Festive Home Cooking
ZJuJ9F0G02A Gordon Ramsay's Sticky Pork Ribs
ZJy1ajvMU1k How To Master 5 Basic Cooking Skills | Gordon Ramsay
ZKRCNn1Bj_A Hypocritical Owner Tries to Criticise Gordon Ramsay For Swearing! | Hotel Hell
ZOI-pD1RuTE Owner Calls POLICE ON STAFF For Asking For Their Paychecks! | Hotel Hell
ZRTyv9zSx2M Owner DEFENDS Boiling Burgers | Hotel Hell
ZS9n3ehTD1c Gordon Ramsay's French Inspired Recipes
Zb0hagZ0N54 Not Happy with Results of Alan Carr Challenge | Gordon Ramsay
ZdfNUxI4xgI Gordon Ramsay Cooks For Cambodian Royalty | Gordon's Great Escape
Zkn2KdxGmvM Pastry parcel for salmon en croute | Gordon Ramsay
ZmXPqVtziss Gordon gives Amanda Holden an Exploding Pan | Gordon Ramsay
ZvsrTGu8q6g Unhappy Customers Can Destroy a Restaurant's Reputation | Gordon Ramsay
_3QPNUQHwuI Gordon Ramsay Tries The Scottish Delicacy, Gannet  | The F Word FULL EPISODE
_3ZayJoxuqI Gordon Ramsay Challenges Hell’s Kitchen Contestant To A Holiday Leftover Dish | Ramsay in 10
_F_ICpYIbVs Gordon Ramsay Heads to Michigan to Cook Up Comfort Food | Scrambled
_FpIHTW5T0c Curry Spiced Sweetcorn Soup by Gordon Ramsay
_G2zaR6TGaY Amateur Cooks Show Off Their Best Duck Breast Recipe | Culinary Genius
_GkVrmNBEL4 Three of the Best Gordon Ramsay Hotel Hell Makeovers
_OMYWBy7hdM Traditional Indian Tribal Food | Gordon Ramsay
_Y3z6IoCDRw Brilliant: Indian contender: Gordon Ramsay
_aN0XcUi_jA Noodle Soup With Poached Eggs & Spring Onions | Gordon Ramsay
_qlk5A_gbiY French Best Restaurant: La Garrigue secret diner | Gordon Ramsay
_s4fklCQQ7c Gordon Ramsay Gives A Prisoner His First Quail Egg  | Gordon Behind Bars
_w27alE4WWo Best Italian Restaurant: Mennula Coach challenge | Gordon Ramsay
a-2n_g4AdDM Gordon Ramsay's Grilled Chicken in under 10 Minutes
a-yRVKj0NvA Truffle Hunt at Gordon Ramsay Restaurants to Win a Trip to Italy
a3Dy8ugJuno Pancake Day Recipe...Mardi Gras Style | Gordon Ramsay
a40VeD8YxiU Hunting Puffins On The Edge Of A Cliff In Iceland | Gordon Ramsay
a4JQGOXJneY Gordon Ramsay Gets James Corden To Eat A Fish's Eye | The F Word FULL EPISODE
a7YBK2TGpxQ Gordon Sells His Prison Baked Goods | Gordon Behind Bars
a83OQQ900Mc Snacking Recipes | Gordon Ramsay
aGLpBWGKkZ0 Spiced Tuna Fishcakes | Gordon Ramsay
aGsA9E9qeBg Coconut Glass Noodle Soup | Gordon Ramsay
aSE6FwOxBZQ Gordon Ramsay Learns How To Make A Thai Sausage | Gordon's Great Escape
aXZRE0R36vg Spicy Black Beans with Feta and Avocado | Gordon Ramsay
aZyZOJd8MJw Gordon's Most Intense Argument | Kitchen Nightmares FULL EPISODE
aa5mJ0I5FuM Olivia Culpo Tries To Beat Gordon Ramsay In A Breakfast Pizza Cookoff | Scrambled
ajnboDfY1OI \
ak2zvcmX7tY American Inspired Recipes | Gordon Ramsay
arrznB5iEPU Gordon Ramsay's Cinnamon Eggy Bread with Quick Stewed Apples
b-crPoT981g Gordon Ramsay Cooks Up Portuguese Bacon and Eggs | Scrambled
b23DCcCzbhI Gordon Ramsay Makes a Chorizo Torta in Mexico with Gino D'Acampo  | Ramsay Around the World
b7Wvs5TKRRU Gordon and His Mum Make Roast Potatoes | Gordon Ramsay
b9LWxrNUrFM Assembling salmon en croute with Chef | Gordon Ramsay
bBVozxyU9ME Gordon Ramsay Surprised By French Chef's Final Dishes | Ramsay's Best Restaurant
bC7W_wPtFvI Stuffed Croissant French Toast Recipe in 7 Minutes ?!? | Gordon Ramsay
bCF225x1vLU Chef Gordon Struggles to Make Naan Bread | Gordon Ramsay
bDCZiXmV8xs Gordon's Room Is FILLED With Owners Clothes | Hotel Hell
bDXE8FlDXWA Sunday Brunches With Gordon Ramsay | Part Two
bEuAtFA4fTw Gordon's Emotional Journey To Having His Lambs Slaughtered | The F Word FULL EPISODE
bGJ6o09q0fQ Salmon slicing world record | Gordon Ramsay
bICuYNfachY Griddled Chicken with Chickpeas, Feta & Watermelon Salad | Gordon Ramsay
bJ9_k_NdO4Q Gordon Ramsay Teaches London Underground's Emergency Responders How To Cook Healthy | The F Word
bMXAF20AJKA Nagaland Pork | Gordon Ramsay's Great Escape
bN1pRxiyvd0 Best Restaurant: Azou, Secret Diner | Gordon Ramsay
bPDRe9boIKw Gordon Ramsay's Ultimate Blondie Recipe | Ultimate Cookery Course
ba0ZtkXu9R4 BBQ Brisket with Crunchy Coleslaw & Sweet Potato Wedges | Gordon Ramsay
baVxKs2YKkU Fast Food Done Right With Gordon Ramsay | Part Two
bbbwX_3RAS8 Gordon Ramsay's Marinated Beet Salad with Herbed Goat Cheese and Prosciutto Recipe
bgUHF_N0XhM Gordon Ramsay's Spicy Mexican Eggs
bh0JLSjBEA0 Can A MasterChef Contestant Turnaround A Chicken Dish Burned By Gordon Ramsay? | Ramsay Redemption
bjAGX8JEego Gordon Ramsay's WEIRDEST Hotel Rooms on Hotel Hell
bllBaGqrV44 Cannellini Bean Crostini With Anchovy & Olives | Gordon Ramsay
boN3_pDaoZg Gordon Ramsay Enters A Curry Cooking Competition | Gordon's Great Escape
bwoBQ4KmaBo Best French Restaurant: Winteringham Fields | Gordon Ramsay
byJuxZ-H1-w Gordon Ramsay Makes a Sticky Toffee Pudding in a Microwave?!? | Ramsay in 10
c-NvFsYTSug Gordon Ramsay Is Blown Away By Tribe's Curry | Gordon's Great Escape
c1r6rCp8heA Weird Owner Leaves Threatening Notes All Over the Kitchen | Hotel Hell
c2oVVxcVfTI Fast Food Done Right | Gordon Ramsay | Part 3
c3uj0xgwVo8 Gordon Ramsay Goes To Prison For The First Time  | Gordon Behind Bars
c5KOthuMywA CHRISTMAS RECIPE: Honey Glazed Ham With Pear & Saffron Chutney
c65HLgtFrDA Best Indian Restaurant: Prashad, Coach Challenge | Gordon Ramsay
c7pAzpS0aSs Gordon Ramsay's Chorizo Omelette Recipe
cC1qpBbuNyo Nervous Chef Desperate to 'Amaze' Gordon Ramsay | Culinary Genius
cDj7eAwgRXk Ramsay Disgusted by Chaotic Kitchen and Deep-Fried Food | Gordon Ramsay
cDqRRqhnoyU Gordon Ramsay's Christmas Main Dinners | Part One
cIPssZynywE Gordon Ramsay's Turkey Wellington and other Holiday Recipes for the Perfect Dinner
cM_qi9KDocg Spiced Pork Chop with Sweet Potato Mash | Gordon Ramsay
cTZwvLcPRWQ Cooking With Tomatoes | Gordon Ramsay
cXkJ4DOhzNE Gordon Ramsay X-Rays Himself | Gordon Behind Bars
cZKLBD_LHYw Spaghetti with Chilli, Sardines & Oregano | Gordon Ramsay
c_1gbXr_fng Shami Kebabs with Alan Carr (Part 1) | Gordon Ramsay
ccme5tfU-1I Charred Corn with Chipotle Chilli Butter | Gordon Ramsay
cd6W60iW0AM Fragrant Spiced Rice Pudding | Gordon Ramsay
ce9nt7FULJ8 Gordon Ramsay is Making Scrambled Eggs Around the World | Scrambled
ch9mBfF3agI Gordon Ramsay's Prawn Tostada Recipe | Home Cooking FULL EPISODE
ci_1T4tuJSo I Make the Ultimate Pork Sandwich in Portugal | Gordon Ramsay
ckmWbSnOshQ Best Indian Restaurant: Brilliant, Coach challenge | Gordon Ramsay
cmbVQKzwwZ4 Salsa with Chris Moyles (Part 2) | Gordon Ramsay
cyrXkecoHXk Olive, Rosemary and Tomato Focaccia | Gordon Ramsay
d-XL05EYWrQ 3 Delicious Breakfast Recipes | Gordon Ramsay
d-ZiJJ3n02s Gordon Meets French Michelin-trained Chefs in Scotland | Gordon Ramsay
d0nF4NLqCwA Struggling Owner Laughs at Being Over $1 Million in Debt | Hotel Hell
dCGS067s0zo How To Finely Chop An Onion | Gordon Ramsay
dIL29JPXWzE Gordon Ramsay Teaches Jonathan Ross How To Kill A Lobster | The F Word Full Episode
dJZeAAs2V2c Gordon Ramsay's Thanksgiving Recipe Guide
dPJgAe3DhhA Gordon Furious at Hotel's Moldy Fridge | Hotel Hell
dQ4ZAZJphx4 Ramsay Refuses to Swim in Disgusting Hotel Pool | Hotel Hell
dd_dYDIP4Pc Gordon Ramsay Tests Out Recipes For His Bakery | Gordon Behind Bars
dhemvFrtSF8 Old habits start to return at the Lanterna Restaurant | Gordon Ramsay
dqDEYYSZTLQ Chickpea, Cumin & Spinach Koftas with a Tahini Dressing | Gordon Ramsay
dqsRepcaFfg Building and Cooking in a Desert Oven with Gordon Ramsay
draYwUZAJAc Gordon Ramsay Makes Scrambled Eggs With Worms In Peru | Scrambled
dwt8LetFRSw Head Chef Cries When He Tastes Gordon's Food | Hotel Hell
dz-rA15Wkao Spicy Lamb Shanks | Gordon Ramsay
eDSE2_v65Mc Crab pasta with Amanda Holden | Gordon Ramsay
eISbZutaed8 Gordon Ramsay Gets A HUGE Surprise For His 50th Birthday
eLJrZr4re8M 3 Weekly Dessert Recipes | Gordon Ramsay
eNsLwVTRaEQ Pan Bagnat with Carrot, Cumin & Orange Salad | Gordon Ramsay
eOdKwe-JbxQ Casamia's Potato Risotto Ramsay's Best Restaurant | Final | Gordon Ramsay
eRceV-os00s Gordon Ramsay's Ultimate Guide For Cooking For A Special Occasion | Ultimate Cookery Course
eTqGvxI-QFY Winter Beef Recipes To Keep You Warm | Gordon Ramsay
eUjs-UDEQNM Results, Ramsay's Best French Restaurant | Gordon Ramsay
eZ0V3zDX0R0 Lamb with Fried Bread | Gordon Ramsay
eadKcnijR48 Gordon Ramsay Puts a Kilt On | Gordon Ramsay
eqP8eSNtE2E Gordon Ramsay's Quick and Delicious Pancakes
eqvXUOwArdI Gordon Ramsay TEARS APART the Food! | Hotel Hell
etgCQaZUNYM Gordon Ramsay's Brussels Sprouts With Pancetta & Chestnuts
f0RXIfozdyo Gordon Ramsay Makes Scotland's First Ever Buffalo Mozzarella
fBGL7M_aAP0 Tilly Turns Dad Gordon Into An Idiot Sandwich! | Matilda and the Ramsay Bunch Preview
fETZCWvzkWM Beef Tacos with Wasabi Mayonnaise | Gordon Ramsay
fPomJarjhHU Ramsay's Best Restaurant | Gordon Ramsay
fQallQyxAfw Can Gordon Ramsay Cook a Burger in 10 Minutes for a Front-Line Workers Charity? | Ramsay In 10
fT9ueBsGDkU Gordon Ramsay: This Is My Philosophy On Restaurants
fTsnkx6l4C0 Finishing goat's cheese starter | Gordon Ramsay
fXHmFPduYbM Gordon Ramsay Falls Off A Chair While Making Rice Cakes In Vietnam | Gordon's Great Escape
fXt5gAdvPVQ Best Restuarant: Azou, Coach Challenge | Gordon Ramsay
fYBRZjkDxVk 5 Winter Dishes to Warm Your Cockles | Gordon Ramsay
fZAV3GhTbp0 Gordon Ramsay's Ultimate Fit Food
fe-tkf4cqFU Gordon Ramsay Cooks Breakfast Tacos with Aarón Sanchez | Scrambled
feIqYphLb5I Pork and Prawn Balls in Aromatic Broth | Gordon Ramsay
fg4usMDDkCs Best Spanish Restaurant: Fino Big Test | Gordon Ramsay
finGO7TZUo8 Gordon Ramsay's Best Burns of 2021 So Far
fiq1RuICtZU Gordon Ramsay Cooks The Spiciest Scrambled Eggs in India | Scrambled
flNUejyMV88 Delia Smith's Cooking School | Gordon Ramsay
g2endW7oOmI Gordon Has the Recipe for Success | Gordon Ramsay
g3q-ze3oKcE Gordon Ramsay's Guide to Buying Fish
g4uJzIy6r1A How to Make a Cheesecake Base | Gordon Ramsay
g59TB4DoTd0 Gordon Ramsay Attempts To Break Up An Argument | Gordon Behind Bars
g5MlJ3Us10k Real Indian food in Delhi | Gordon Ramsay
gBJjRYk0yC0 Eggs Benedict With Crispy Parma Ham | Gordon Ramsay
gEeclHthh5E \
gH027cx6DfI Gordon Ramsay Loses His Temper With An Inmate | Gordon Behind Bars
gOpV2zRpEf4 Popup Restaurant Challenge | Gordon Ramsay
gPkPylR5YJs Gordon Ramsay's DASH Game | Trailer
gZ0EEucFVwo Gordon Ramsay Challenges A Hell's Kitchen Finalist To Make A Pumpkin Spice Breakfast | Ramsay in 10
gh48wM6bPWQ Simple Beef Brisket | Gordon Ramsay
gieYvnxlSC4 The West House: Coach Challenge | Gordon Ramsay
gjFXhqnmeD0 Gordon Ramsay Pitches His Treacle Tart | Gordon Behind Bars
gkMu2kNsVHQ The Bad Boys Bake Some Tarts | Gordon Behind Bars
gksbHnscZoI Julian Clary Stuffs Sardines | Gordon Ramsay
grlIDrv3JsE Gordon Served 'Cauliflower Steak' & TINNED CRAB From China | Hotel Hell
gtyuzwLpuCw Amanda Holden does the Splits | Gordon Ramsay
gxCbTMKQZLY Teaching A Cab Driver The Basics of Cooking | Gordon Ramsay
h-Quzz53fKY Summertime Recipes With Gordon Ramsay | Part Two
h2CZi7xUcdA Best Spanish Restaurant: El Pirata Detapas | Gordon Ramsay
h4ICWXf5MbE Gordon Ramsay Teaches Students at the Academy of Kitchen Outrage // Omaze
h8os1dQco0o Gordon Ramsay | How to Extract ALL the Meat from a Lobster
hAj7NIkjRzo Fishing for Conger Eel | Gordon Ramsay
hFd8vijqBzI Recipes To Start 2021 Off Right | Gordon Ramsay
hMdeLv7m7_0 Ramsay Goes To A Chilli Eating Contest | Gordon's Great Escape
hOp6P1-er_k Azou vs The Milestone | Gordon Ramsay
hXdfWJbFnqA Gordon Ramsay's Spiced Baked Porridge Recipe
hZGqtmwboHU How to Cut A Bell Pepper | Gordon Ramsay
hadfddzAi8w Even More Recipes For Special Occasions | Gordon Ramsay
heCqC40yYsg Steve-O Shocks Gordon Ramsay While Making A Southwestern Omelette | Scrambled
hhkTHfsl_iM Miso Salmon | Gordon Ramsay
hiIfD-TFX74 Former Prisoner Passes His Trial At The Savoy Grill | Gordon Behind Bars
hl7lbz47FMQ Gordon Ramsay Helps Prepare Clams In Vietnam | Gordon's Great Escape
hlSZaN4hrjw Gordon Ramsay Learns How To Raise Pigs For The F Word | The F Word Full Episode
hmEBvqezIDg Gordon Offers Prisoner A Trial At Savoy Restaurant Gordon Behind Bars
hsmEEXHrzBg Gordon Ramsay's Creamy Ricotta Pasta Recipe
hujf4RHSEmA Dragons Den Judges sample Lasagne | Gordon Ramsay
hz7L_DKNDBE Gordon Ramsay Makes and Eats Ant Chutney
hzmpysD8Ql0 Gordon Ramsay's Salted Caramel Popcorn
i-qCuzdlTpY Gordon Ramsay Makes OSTRICH Scrambled Eggs In South Africa | Scrambled
i0tjWqVNLpQ Gordon Ramsay Shows How Make Tagliatelle With Crab | The F Word Full Episode
iEgfMnY_NJQ Gordon Ramsay & His Prison Brigade Cook For The Entire Prison | Gordon Behind Bars
iIBJfOTecpg Best Restaurant: \
iIi3pJxLDcs Chefs Battle In A Chicken Cook Off | Culinary Genius
iItJQexsKkg Easy Meal Prep Recipes | Part One | Gordon Ramsay
iOPb95Wo3H4 How to Make Perfect White Sauce | Gordon Ramsay
iTmcGy9CWhE Gordon Ramsay Shows More Ultimate Recipes To Cook On A Budget | Ultimate Cookery Course
iXwfBJYCTc4 Gordon Ramsay Cooks Buffalo For A Cambodian Tribe | Gordon's Great Escape
i_EaR9nJHvE Raspberry Millefeuille Gordon Ramsay
i__IkMpxYHk Shark Bait: Diving with Bull sharks | Gordon Ramsay
icSeQPrVnfo Gordon Ramsay's Beachside Steak Sandwich
ie6GyJbtDP8 Can Gordon Ramsay Finish a Teriyaki Duck in 10 minutes ?? | Ramsay in 10
ifI5jZBK8nE Alcoholic Manager Lies to Gordon About His Drinking | Hotel Hell
igrgJb5cC4c Gordon Ramsay's Easy New Orleans Style BBQ Shrimp Recipe | Ramsay Around the World
impOpTBgBpM Fresh Prawn Rolls | Gordon Ramsay
in_bG8cF5bo Gordon Ramsay & Usain Bolt Playing Football | Behind the Scenes at Soccer Aid
ipcvgAb5y0U Vietnamese-Style Baguette With Beef | Gordon Ramsay
irTXyJJUn-U Stuffed Lamb With Spinach & Pine Nuts | Gordon Ramsay
isNqwzobpDE Winter Chicken Recipes To Keep You Warm | Gordon Ramsay
itSTX87ptK8 Can Gordon Ramsay Make a Cheesy Green Pasta in 10 Minutes? | Ramsay in 10
itd0Nd5AYN8 How to Present Prawn Cocktail | Gordon Ramsay
itt9CqwVTRA Sweet Pepper Sauce with Grilled Prawns | Gordon Ramsay
iwcz98_8zvI Sichuan Chicken Thighs | Gordon Ramsay
iyvvkZfSktY Gordon's Infamous Cook-Off Against His Mother | The F Word Full Episode
j9aaBv5se68 Andi Peters is Better Than Chef | Gordon Ramsay
jCBQDufzPWM Head Chef Confuses New York Strip For Pork | Kitchen Nightmares
jEpdQwD-PFQ Gordon Ramsay's Soufflé vs Gino D'Acampo's Panna Cotta
jI3DdT915XA Gordon's Homemade Crumpets | Gordon Ramsay
jLKXD51XK0A Beef Empanadas | Gordon Ramsay
jLOcs7baZko Gordon Ramsay Shows How To Make The Perfect Roast Beef | The F Word FULL EPISODE
jPECQ0dU2-s Gordon Ramsay Makes Shepherd's Pie With His Mother | Gordon Ramsay's Home Cooking FULL EPISODE
jR4rBBXPbck Gordon's Ultimate Guide To Simple Suppers | Ultimate Cookery Course
jSb-o8a6u5I Snacking Recipes With Gordon Ramsay
jThoJAwyTXQ How To Make Paella | Gordon Ramsay
jTi8-_ykIx0 Lemon & Poppy Seed Madeleines | Gordon Ramsay
jVm9MkIIEE0 British Classics With Gordon Ramsay
j_QWpYYD09Q Baked Raspberry and Lemon Cheesecake | Gordon Ramsay
jikqguPDskA Breakfast Recipes To Start Your Day Right | Gordon Ramsay
jj1VYZsZUG8 Chef Sends Raw Chicken In Final Challenge In Gordon Ramsay's Restaurant | Ramsay's Best Restaurant
jpX5aiZZ39Y Best British Restaurant: The Result | Gordon Ramsay
jwu2y9x5OlM The Ultimate Steak Sandwich | Gordon Ramsay
jxInl3B2B4M Jonny Vegas and some Rude Whisking | Gordon Ramsay
k3LfzqL1tRw Gordon Ramsay's Ultimate Guide To Slow Cooking | Ultimate Cookery Course
k5lG_jYVja0 Chef Ramsay Talks Sense to Chef and Maitre D' | Gordon Ramsay
k6Me0pxOQFg Gordon Ramsay Tries 'Award Winning Crab Cakes' | Kitchen Nightmares FULL EPISODE
k8SXf5V8aPM Gordon Ramsay’s Scotch Eggs with a Twist
kBMNnmyK65w Gordon Visits Former Prisoner At The Savoy Grill | Gordon Behind Bars
kEWxkQEpUVc Gordon Ramsay at Christmas - OUTTAKES
kKiYVLIk_9s Gordon Ramsay Shows His Favourite Festive Comfort Food | Festive Home Cooking
kMiPDcLNUxs Smoky Bacon Sweetcorn & Potato Soup Paired With Cheese Biscuits | Gordon Ramsay
kSlmXbTzteQ Gordon Ramsay's Top Three Pancake Recipes
kTOhoGsoaPE Gordon Ramsay's Ultimate Turkey Pasta in Under 10 Minutes
kYVfMgpZQTs One Of The VILEST Kitchens Gordon's Found | Kitchen Nightmares FULL EPISODE
kdN41iYTg3U At Home for the Holidays with Gordon Ramsay
kiJEl9ycW8I Hot and Sour Prawn Soup | Gordon Ramsay
kld8fv2P6yw Gordon Ramsay’s Best Moments in Hotel Hell Season 2
kpe5JNOeu0E Gordon Ramsay Left Stunned After Trying The Best Of British Dishes | Ramsay's Best Restaurant
ksm2Aoa7qoY Fino, Coach Challenge | Gordon Ramsay
kyBjIpvrLos Edward Lee Struggles Eating Chilli Peppers | Culinary Genius
kzRqTIhA3AI Text Gordon Ramsay For Cooking Advice!
kzpqjpYnnU0 Gordon Learns How To Fish For Catfish | The F Word FULL EPISODE
l5F9WfVRluM Italian Inspired Recipes | Gordon Ramsay
l6Kf7I83Eq4 Shocking News When Gordon Returns to Restaurant Kitchen | Gordon Ramsay
l9Qj1gEpwfM Christmas Recipes: Light Steamed Pudding | Gordon Ramsay
lCpB2JBeCxI Best North African Restaurant: Momo | Gordon Ramsay
lMtqgWJRyL4 Veganuary Recipes With Gordon Ramsay | Part Two
lO6XOvnwqZA Gordon Ramsay's Vegetarian Recipes | Home Cooking FULL EPISODE
lP6GLduttIc Ramsay Sends Owner Home Because He Looks Like a 'Towel Boy'! | Hotel Hell
lPU3p4C0Zgw Amateur Cooks Battle To Show Off Their Best Steaks | Culinary Genius
lSiHborCsMk The Infamous Moment Jeremy Clarkson Found Out He'd Been Eating Lobster Wrong | The F Word Full Ep
lTX_E0si44k Christmas Recipes: Light Steamed Pudding (Part 2) | Gordon Ramsay
lV_GvYejYzY Tagliatelle with Quick Sausage Meat Bolognese | Gordon Ramsay
lWhhMU_RUXg How to Cook Scallops and Crunchy Apple Salad | Gordon Ramsay
lYglz3rqleQ Salmon Salad Nicoise (Part 1) | Gordon Ramsay
loAr6TU-mEU Flatbreads with Fennel & Feta | Gordon Ramsay
lomPpgq9sCw Ronda Rousey & Gordon Ramsay Wrestle While Making Breakfast Burritos | Scrambled
looejduglpI Gordon Ramsay Demonstrates How To Make A Chocolate Mint Cake
lsc1odgMYUo Gordon Ramsay's Bacon Jam Toast #Shorts
ltg97rZmx34 Chef Ramsay's Drunken Argument with Hotel Owner | Hotel Hell
m7KxHDDgeA4 Gordon Ramsay Shows You The Proper Way to Wash Your hands in the Kitchen
mJwhmwjfn3s Spiced Sweetcorn Soup | Gordon Ramsay
mMIwWFi1LJg Gordon Ramsay's Bircher Muesli Recipe
mRVojpsjt7M Ramsay's Best Restaurant | Gordon Ramsay
mUyQLBCaobE Individual Chocolate Tarts | Gordon Ramsay
mXpV_n-LAhw Gordon Ramsay Helps Prepare A Meal For Buddhist Monks | Gordon's Great Escape
mcHddbql5pw Gordon Ramsay's Top 5 Chicken Recipes
mdhaBc3-2NM James Corden is Rude to His Mum | Gordon Ramsay
mgorDuLFk3I Gordon Ramsay's Granola Recipe
mh3Cx85TwRE Vanilla Shortbread With Crème Fra໬he & Clementines | Gordon Ramsay
mh9pF0WjM5k Insults Fly at Disastrous Hotel | Gordon Ramsay's Hotel Hell
mhDJNfV7hjk Gordon's Quick & Simple Recipes | Gordon Ramsay
mpgy4LqC32k Prisoners Cook Haute Cuisine Gordon Behind Bars
mrnnUfag2T0 Germaine Greer Discusses Feminism and Duck a l'Orange | Gordon Ramsay
mwQY7srMjbI Caramelised Cranberry and Apple Sauce | Gordon Ramsay
mxcMhYtHERM Gordon Ramsay Makes the Ultimate Smoky Mountains Breakfast | Scrambled
myVavHrIMpk Gordon Ramsay's Hot Ones Inspired Wings
mzDCuS2l_qI 20 Minute Recipes With Gordon Ramsay
mzWQSmeD1yU Best Restaurant: Semi-Final 2nd Elimination | Gordon Ramsay
n6GncLz17Ag Johnny Vegas Ate His Pet Rabbit | Gordon Ramsay
nA2MB2hCi3Q Aromatic Grilled Lamb Chops with Chargrilled Broccoli & Bulgar Wheat Salad | Gordon Ramsay
nAfjthIeNvE Gordon Ramsay Finds DRIED BLOOD On His Bed Sheet | Hotel Hell
nD2uACtofuw Ramsay Meets The Prisoners | Gordon Behind Bars
nEly-DQXGz0 Chef meets a tribal headhunter over breakfast | Gordon Ramsay's Great Escape
nM9rafFBdDY Gordon Ramsay Goes Hunting For Pigeon | The F Word FULL EPISODE
nNx8BFaQzYc Cooking With Alcohol | Gordon Ramsay
nP0G5_yxams Prawns & Feta Omelette | Gordon Ramsay
nRGz2md8l28 Eggs Baked in Hash Browns | Gordon Ramsay
nTDmJng9b-w How to Cut Pork Fillet Steaks from the Loin | Gordon Ramsay
nVMjfq4SAB8 Gordon Ramsay's Pork Butt Sliders
nc-K6GzD-U4 Shami Kebabs with Chef and Alan Carr (Part 3)| Gordon Ramsay
nizYxj_UZBg Classic Italian Bollito Misto | Gordon Ramsay
nkN3xLxw4K8 Tiramisu (Part 2) | Gordon Ramsay
nlMd4ssyEKY Thai Celebrity Chef McDang | Gordon Ramsay
nmD5HC06q0A Gordon Ramsay Makes Alpaca Scrambled Eggs in Peru | Scrambled
npn1eucleOc Ramsay Furious at Lazy Chef's Dirty Kitchen | Hotel Hell
nsO-TbTqRK4 Gordon Ramsay Cooks Oxtail With His Mother | Home Cooking FULL EPISODE
ntMUXODPxpE Gordon Ramsay Makes a Laos-Inspired Pi༚ Colada
o-1Afx1lQkI Salmon Salad Nicoise with Tarragon Mayo (Part 2) | Gordon Ramsay
oEPidjU9LLk Gordon Raises Turkeys In His Garden | The F Word Full Episode
oEyl4RO4eJ8 Gordon Ramsay's Sesame Seed Crusted Shrimp Recipe
oMo_nD8sVAg Finishing salmon en croute with Patsy Kensit | Gordon Ramsay
oPmcxpw_cas Burgers, The Bulls and Basketballs...My Visit to Chicago | Gordon Ramsay
oTKXv191tYU Gordon Ramsay Turns Rendang Into an Omelette in Indonesia | Scrambled
obsG-fYrQ8w Gordon Ramsay Roasts Donut Bread
ohuZ89IOFWI Traditional Goat Biryani in India (Part 3) | Gordon Ramsay
oj0gzO1STdg The Ultimate Guide To Risotto | Gordon Ramsay
ojaxbPRzIHM Gordon Ramsay's Mackerel Ceviche with Fennel Salad & Quinoa Salad Recipe
op-iNUoxc6Y I'm a Chef and You're a Cook' | Gordon Ramsay vs. Alan Carr
orXUZ1PNKM8 Guests Find Filthy Underwear In Their Bed | Hotel Hell
orc_y7aYqv8 Red Mullet with Sweet Chilli Sauce | Gordon Ramsay
osa6-0g8a3I Best Restaurant: Momo Coach Challenge | Gordon Ramsay
p3szeghJNA8 Gordon Ramsay Gets Egged by Tilly
p6ff-ShY5Bw Catching and Cooking King Crab | Gordon Ramsay
pBpPMwZLXoA Best Indian Restaurant: Brilliant, Secret Diner | Gordon Ramsay
pCDPSRDHIyg Perfect Slow-Cooked Beef | Gordon Ramsay
pISNMskrvv8 Crispy Filo with Honey Yogurt | Gordon Ramsay
pJ5v5NFYBjI Behind the Scenes on Gordon Ramsay's DASH Game
pNzwy6ZFnuk Gordon Ramsay Eats a Beating Snake Heart in Vietnam
pSpCiBQbOdw Recipes To Treat Yourself To | Gordon Ramsay
pk0ncEW6bQ8 3 Delicious Brunch Recipes | Gordon Ramsay
pkIUGKlsrRs Gordon Ramsay Finds the Lamb Sauce
psUvk_X_CY0 How To Make Fennel Sausage Frittata | Gordon Ramsay
pux4eEzTjy4 Stir-Fried Spicy Pork Noodles | Gordon Ramsay
pxmS3p-GHA4 Best Chinese Restaurant, Result | Gordon Ramsay
q0Evf1uHHkg Griddled Pineapple with Spiced Caramel | Gordon Ramsay
qAfmfCArUgA How to Cook Perfect Duck Breast | Gordon Ramsay
qDCROH7A2-4 Locals can't believe Gordon is a Cook | Gordon Ramsay
qFIlGLnjn7g North African Cuisine Leaves Gordon Amazed | Ramsay's Best Restaurant
qKrUEbjQf9I Prisoner Discusses Having Twins Aged 14 Gordon Behind Bars
qN3TsJZkwlw \
qOkZiVlQHMs Gordon Ramsay Enters A Cooking Challenge | Gordon's Great Escape
qSHXG-5ShFk How to Make Mayonnaise | Gordon Ramsay
qTpQ42XDBX0 Gordon Ramsay Makes Salmon Scrambled Eggs In Alaska | Scrambled
qVMqJEYjSGw Gordon's Chefs Whip Up Ice Cream Sundaes | Gordon Ramsay
qYPQg7jV3eo More Veganuary Recipes! | Gordon Ramsay
qbERkALKaAA Hunting deer in Nagaland | Gordon Ramsay's Great Escape
qdEYLg29V5A Extra Special Christmas Dinners | Gordon Ramsay
qgiuBXT9LK4 Gordon Ramsay Eats Unborn Duck Foetus in Cambodia
qhCHbPxkUws The CRAZIEST Moments On Hotel Hell
qulPiGagm0k Best British Restaurant: The Milestone, Secret diner | Gordon Ramsay
r-DSdlpz_qc Hotel Serves TWO DAY OLD Roast Chicken! | Hotel Hell
rC1zu-HWWPs Prawn Cocktail | Gordon Ramsay
rCfjYBYOJyY Best Indian Restaurant: Prashad | Gordon Ramsay
rHlOEZefBdw Gordon Ramsay's Guide To Italian Cooking | Home Cooking FULL EPISODE
rKLCr1zgUOA Gordon Ramsay Gives A Restaurant Trial To One Of His Prison Cooks | Gordon Behind Bars
rVDZlFcSBe8 Hand-made Mint Chocolate Truffles (Part 1) | Gordon Ramsay
rWLPQ-olguA Gordon Ramsay Shows How To Be A Better Baker | Ultimate Cookery Course
raAPyPS0N_8 Gordon Ramsay Teaches Rob Brydon How To Shuck An Oyster | The F Word FULL EPISODE
rdOqFPezExE Gordon Ramsay Calls His Kids While Undercover As A Woman On 24 Hours to Hell & Back
rpvFXdxaK7o Can Zedd Remix A Breakfast Sandwich With Gordon Ramsay? | Scrambled
rsdRN4pfgk0 Gordon Ramsay Is Shocked By the Amount Of Caviar | The F Word FULL EPISODE
rt7AtI9xwt4 Best British Restaurant: The West House | Gordon Ramsay
s0eXLCN7Hi4 Indian Inspired Dishes With Gordon Ramsay
s73qMhFGo14 Making the Perfect Spicy Green Shakshuka | Gordon Ramsay
s8f752SdeAI Gordon Ramsay's Stir Fry Guide
sDAiS7N6Ei8 Chef Chops Chillies with Amanda Holden | Gordon Ramsay
sQxn1Pykbyg Gordon Ramsay Shows How To Make A Lamb Chop Dish At Home | Ramsay in 10
sS5lgVekZm8 Gordon Ramsay's Assistant Holds Her Own In A Prison Argument | Gordon Behind Bars
sUB2zvI2Y04 Can a Steak Dish Burned by Gordon Ramsay Get a Makeover? | Ramsay Redemption
sb7HFOos-H0 Back to Moore Place | Gordon Ramsay
scH_HiVKZcA Bookings go through the roof but chefs don't turn up | Gordon Ramsay
sjvCoNbMyVk Gordon Ramsay Demonstrates How to Dice, Julienne & Baton Peppers
smHf9cMak7s The West House: Big Test | Gordon Ramsay
soZjh-YuJNY Chef Ramsay Teaches Amateur Butchers How to Cook A Perfect Steak | Gordon Ramsay
srH3bp7pOpM Gordon Ramsay Is Perplexed By Menu Concept | Kitchen Nightmares FULL EPISODE
sr_mu8r-B58 Gordon Ramsay Cooks Steak & Potatoes in Under 10 Minutes from Home | Ramsay in 10
sxnTSKef47U Three Delicious Sunday Roast Recipes | Gordon Ramsay
t4BUAKkPJe0 Spicy Chicken Wings, Thai Green Curry Rice & Green Beans with Chilli Peanut Dressing | Gordon Ramsay
t4gkv7yjqAs Gordon Ramsay Playing Football
tNkcF2d2xtY Gordon Ramsay's Top 5 Pork Recipes
tOoOI0KdUw4 Indian Spiced Egg & Spinach Wrap | Gordon Ramsay
tSRNtORNsIA The Ultimate Guide To Cooking For Special Occasions | Home Cooking FULL EPISODE
tV0b_EzTvY8 Panna Cotta | Gordon Ramsay
tV74mgfxVqI Last Minute Thanksgiving Recipes | Gordon Ramsay
tXS0RdlqhTo Smoky Pork Sliders with BBQ Sauce | Gordon Ramsay
tXxil4E9cuw Gordon Ramsay Finds Food Inspiration at Olmsted in Brooklyn
t_pH12Xjwlk Gordon Ramsay Tries A Breast Milk Cappuccino | The F Word Full Episode
tbEgM6Fq5B0 Ramsay Feeds Hungry Golfers | Gordon Ramsay
tconiS6Mx0c Gordon Ramsay's Deliciously Light Recipes | Home Cooking Full Episode
thBg1Uo5LIc Gordon Ramsay’s WORST Chicken Experiences on Kitchen Nightmares
tiZQ1OHMI9k Gordon Ramsay Makes a Reindeer Burger!? | Ramsay Around the World
tm3XeBeU7Xs Casamia Semi Finalists | Gordon Ramsay
tmo-ag-TcJw Gordon's Top Tips for Serving Broccoli | Gordon Ramsay
tpikKCfm-kU Thai-Style Meatballs in Under in 10 Minutes | Gordon Ramsay
tz5IrjY0sr4 Quick Tiramisu | Gordon Ramsay
u437DOwE1Ag One Pot Recipes | Gordon Ramsay
uBj-NriY_pQ Vanilla Cheesecake with Berry Compote | Gordon Ramsay
uErgqRLv8KM Gordon Ramsay Tries & Cooks A Traditional Fish Amok In Cambodia  | Gordon's Great Escape
uKHMmfwlQBA Gordon Ramsay's Prawn Tostadas
uNGVYkKPmQI Gordon Ramsay's WORST First Impressions on Hotel Hell
uNT_AxXrUGs Gordon Ramsay's Guide To Steak
uReorcXu1b8 Street Food Recipes | Gordon Ramsay | Part Two
uZDSuDw1c0I Gordon sees Lanterna back in action | Gordon Ramsay
uZDXFZ6L3fM Simple Chicken Pastilla (Moroccan Pie) | Gordon Ramsay
ucPtmk8cS0s Reactions to Moore Place from a Food Critic | Gordon Ramsay
udFHKQ6M3Lc Gordon Ramsay's South East Asian Inspired Recipes | Home Cooking FULL EPISODE
unAOVy92a_8 Homemade Gnocchi with Peas and Parmesan | Gordon Ramsay
up9I7NJAYpM Gordon Ramsay FURIOUS Over Raw & Cooked Chicken Kept Together | Kitchen Nightmares Full Episode
upfu5nQB2ks Gordon Ramsay’s Top 5 Indian Dishes
upju2Er6TMw Chef visits a shark port: Gordon Ramsay
ustlTgSesgM Gordon Ramsay Makes Abalone Scrambled Eggs In New Zealand | Scrambled
uzrxSb7VWe0 \
v191Y8AUk6w Gordon Ramsay’s 10 Millionth Subscriber Burger Recipe with Sean Evans
v4k4T9JzEZo I Make a Great Smoky Mountain Cheesy Crayfish Omelette | Gordon Ramsay
v7x1VF4c5vY Deep Fat Fryer Destroyed | Gordon Ramsay
vGjrcWYoQq4 Amateur Cooks Try To Filet A Salmon | Culinary Genius Full Episode
vPD3wU10xow Gordon Rents A New Apartment for Struggling Owners | Hotel Hell
vXgOHWRfePE Gordon Ramsay Teaches Rapid Response Nurses Healthy Recipes | The F Word Full Episode
vbypTbV19h8 The Milestone Under the Knife Ramsay's Best Restaurant | Semi-Final | Gordon Ramsay
vcfNpDtVqOw How to Make Margherita Pizza at Home | Gordon Ramsay
vdORz1QxQJM Gordon Ramsay Announcement featuring Hot Wings & Sean Evans
vglhM2iVGSo Mussels with Celery and Chilli | Gordon Ramsay
viHkb8v1nT0 Gordon Ramsay's Yorkshire Pudding Recipe
vrvOdYa1Igk Hand-Diving for Scallops | Gordon Ramsay
vzs9NQMfiUE Gordon Ramsay's Guide To Chili | Gordon Ramsay
w-Y5q3b_GZ4 Recipe challenge with Hardeep Singh Kohli | Gordon Ramsay
w09aE73Sgx0 Amateur Cooks Battle To Create A Sausage Dish | Culinary Genius
w0_QVQEbMas Gordon Ramsay Kicks Head Chef Out the Kitchen! | Hotel Hell
w45OXwXlHr8 Behind the Scenes at Restaurant Gordon Ramsay
wCNK1Xvi9a4 Owner Thinks Customer Works For A Microwave Company | Kitchen Nightmares FULL EPISODE
wEV2UDH9pHs Best Spanish Restaurant: Fino | Gordon Ramsay
wHRXUeVsAQQ 10 Incredibly Useful Cooking Tips | Gordon Ramsay
wK9whtgkas0 I Grill up Blue Corn Steak Tacos in Texas | Gordon Ramsay
wVJLPBpxDrQ Gordon Ramsay Opens The 'Bad Boy Bakery' | Gordon Behind Bars
wa374EWP8ug Clueless Owner Refuses To Admit To Using FROZEN Burgers | Hotel Hell
wa8ZZk3NAu0 Gordon Ramsay Cooks For The Malaysian Prime Minister | Gordon's Great Escape
we7r91ZFm20 Ramsay Amazed by Stoner Owner’s Son and His Ruthless Brother  | Hotel Hell
wfBgwZ4zgPw Back to See Momma Cherri's | Gordon Ramsay
wnMwEawGpJw The Perfect Steak Sandwich Recipe in Just 10 Minutes | Gordon Ramsay
wptFGDD3gAE Gordon Ramsay Cooks Snails From His Own Back Garden | The F Word Full Episode
wtlfcHmfKW0 Gordon Ramsay's Grilled Polenta with Tomatoes and Goat's Curd
wuKcDUi8kqs An Expert's Guide to Mushrooms | Gordon Ramsay
wyLJwwKD_uY Gordon Ramsay Baffled At Chicken Wrapped Shrimp | Kitchen Nightmares FULL EPISODE
x-McQOggRBo Gordon Ramsay Cooks a Squash Curry in India | Ramsay Around the World
x1YIFqyJd1s Ramsay Plays Wingman with Owner Ken! | Hotel Hell
x5nEb-7UKZI Gordon Is Blown Away By Small Indian Restaurants Performance & Food | Ramsay's Best Restaurant
xDCdWG_mH5s Gordon Finds a Cheesecake That \
xDpsIoAI9sA Deluded Chef BOILS BURGER! | Hotel Hell
xEzUrNKJsDw Prashad's 'Amazing Starter' Ramsay's Best Restaurant | Final | Gordon Ramsay
xFhhp3ckoCk Best Restaurant: Popup Restaurant Final look | Gordon Ramsay
xKFhvfDIZVc Leek and Gruyere Rosti with Fried Eggs | Gordon Ramsay
xKfeQ8JNS38 Ramsay Cannot Believe the Owner Steals His Own Staff's Tips! | Hotel Hell
xL3dQHepQxo Gordon Ramsay's Huevos Rancheros Recipe
xTkSin9mxFk Moroccan Roasted Squash Hummus | Gordon Ramsay
xVlz_FyBkw4 Frozen Food Doesn’t Sit Well with Gordon Ramsay | Hotel Hell
xZ6PhPBMNgM Stuffed Rib of Beef with Horseradish Yorkshire Puddings | Gordon Ramsay
xe5eIwf768c Best British Restaurant: The Milestone, Big Test | Gordon Ramsay
xel74g7pP1M Gordon Ramsay's Easy Barley \
xhsN_36OW4w Gordon Ramsay Makes Asian Inspired Street Food Noodles
xm76SyTxZcE Gordon Ramsay Looks Back At 22 Years of His Flagship Restaurant
xpX7pDXAlYw Restaurants Cook-Off To Win A Spot On Gordon Ramsay's Menu | Ramsay's Best Restaurant
xwdZUUfnQXI Best Italian Restaurant: Casamia | Gordon Ramsay
y-VjBxMufhw Chicken Tikka Masala | Gordon Ramsay
y1LSp5TfMus Gordon Ramsay's Guide To Baking
y5gnlPTXGB4 Gordon Ramsay Being Served The Worst Steaks On Kitchen Nightmares
yDlDIKxVET8 Ginger Beer Battered Fish with Chilli Minted Mushy Peas | Gordon Ramsay
yHHgI0uNNtM Yu & You, Coach Challenge | Gordon Ramsay
yJkDuPrIkPA Gordon Ramsay has a new Online Game
yOnFBoIF8f8 Perfect chips with Chris Moyles | Gordon Ramsay
yZMHNz2eG-Q Best Restaurant Semi Final: Risky Menu | Gordon Ramsay
y_XvYHi42hs Gordon's Chicken–Prank Fools Stubborn Owner | Hotel Hell
yat43diplj0 Gordon Ramsay's Scrambled Bloopers With Steve-O, Ronda Rousey & The Bella Twins | Scrambled
ygT13VpzlfQ Spicy Clam Noodle Soup and Banana & Coconut Fritters | Gordon Ramsay
yjveGfDO0eo How to Plate Up Steak Diane | Gordon Ramsay
yv64abAJvEA Ramsay's Classic Scrambled Eggs and Smoked Salmon | Gordon Ramsay
z-AI4ZalbR4 Gordon Ramsay's Ultimate Guide To Quick & Easy Dinners | Ultimate Cookery Course
z-Zc72sHyrk Pan-fried Scallops With A Crunchy Apple Salad | Gordon Ramsay
z15ipHV4Now Gordon Ramsay's Avocado on Toast with a Twist
z5tgk8BCxTY Making Chocolate Mousse with Andi Peters | Gordon Ramsay
zBWc_jL1F24 More Summer Recipes | Gordon Ramsay
zFPHWo1PMtY Gordon Ramsay's Most RIDICULOUS Moments On Hotel Hell
zJQk-1d4m_k Gordon Ramsay Hunts Wild Boar With The US Army | The F Word FULL EPISODE
zJbIdIGmPeQ Confidence Boost | Gordon Ramsay
zKRf-mAjf14 The Most Grateful Owners On Hotel Hell
zKizcOJfTRc Gordon Cooks Burgers for the Hungry Hotel Guests | Hotel Hell
zKsW_5kmlCA Gordon Becomes Furious at Crazy Hippie Party | Hotel Hell
zLtwlPC7TIo FROZEN Avocado & RAW Chicken Kept Next To Cooked Chicken | Hotel Hell
zLw98TnYIVo Best Restaurant: Azou, Controlling Head Chef | Gordon Ramsay
zNo2vc7cYhU Disguise is Designed | Gordon Ramsay
zPHC0Jv3hH8 Gordon Ramsay Makes a Spicy Vegan Dish????
zQ4_Tp8uah4 Gordon Congratulates His Convict Bakers | Gordon Behind Bars
zYyJ4dVOfVE How to Make Rhubarb Crumble | Gordon Ramsay
zbWpclMMA2w Michelin Starred Restaurant Takes On A Family Run Restaurant | Gordon Ramsay's Best Restaurant
zb__YSEshqk Tiramisu (Part 1) | Gordon Ramsay
zfB0ZhUygcs Smoked Paprika Chicken Stroganoff | Gordon Ramsay
zgLOHyTRfkc Johnny Vegas Burns His Face | Gordon Ramsay
zghdNZtymtk Gordon Identifies the problems with Lanterna Restaurant | Gordon Ramsay
zhK4HF_oRho Grilled Lobster with Bloody Mary Linguine | Gordon Ramsay
zmCBE0cqj6g Gordon Ramsay Tries To Drink A Yard of Ale | The F Word Full Episode
zmq4Jznb6pw Seabass With Fennel, Lemon & Capers | Gordon Ramsay
zqEE8WaSRz0 Gordon Ramsay's Roast Chicken Recipe | Home Cooking FULL EPISODE
zs4ZDyyXXkc Waiter Recommends FROZEN Food to Ramsay! | Hotel Hell
zx5rHaBRGYA Shepherd's Pie Makes Gordon Throw Up | Kitchen Nightmares FULL EPISODE
zz9Ai4DXC0g Gordon Ramsay's Pad Thai Get's Roasted | The F Word FULL EPISODE
