-3gS1wPNQ6Y Data Science Principles - Course Preview
-HpInEyrAkU Energy and land use
-LXLOhPP1Z8 Comparing climate and pollution policies
-TgIwse6ySI Egyptian workers in archaeology digs
-cnhbHipBhw Dr. Madhukar Pai on healthcare quality
-d81icopggE Air pollution and indirect pollutants
01Tjv9-8JT4 Economic development of Venice
05HZ9Iibza4 Launching Breakthrough Technologies
07sfWHP09ps Photography of Jessie Tarbox Beals
0F15wbzehfQ Types of air pollution
0MwEOvKnvD4 Story Proofs Explained: Binomial Coefficients and Vandermonde's Identity
0UhBlADP3TU Does the value of life depend on age?
0f27udZU9C8 What does an astrologer do?
1_4uwLrUU4A What is Open Innovation?
1s3wRuNDZwk Data Privacy and Technology - Course Preview
1su_Ceqj5E4 What is crowdsourcing?
21H0eOTp7jw Thickening agents in cooking
2UsbH4ZqlfE Watergate and the role of the press
2VG73KBCW2g Pre-steel cities
2YUaCz9_YjQ Visit to Duke Kunshan University campus
2sOzmBAaCHA Judaism Through Its Scriptures
38r69EMj4GA Dr. Dan Hartman discusses integrated development and capacity building
3ODAI2gZyFw Different phases of chocolate
3QkUv4l2OvM Raffaella Sadun on healthcare quality
3_UUMZNWgh4 Religious and secular nationalism
3m7racAQpYA Is a promise to make a gift enforceable?
4Kiz7ttEDAk Promises and reliance in contract law
4s6mc5qp3GM Cost of egg and sperm
52Nfvk_RHbU History and methods of pyramid construction
5OwCNeL6vCU The Boston Basics: Supporting child development
5dXwCZDvUe0 What turns pesto black?
5e2I5TrmRTg A provider's perspective on the Ebola outbreak
6F0nqIF1jEg Wittkower's theory of architecture
6Ha-I8nFZD0 What is the jury system in America?
6UTrybQmD6w Urban health
6u5cL7l5VUA Michael Duggan on addiction and recovery
7kBiwe_DqaU Living with chronic pain
7sJFrkPBMNg Why it's hard to cook a steak
844OTThXP74 Ice cream and freezing point depression
8BILZNnz0uE What is the purpose of learning?
8DNvTgPM1k8 Can obligations arise without an act of consent?
8NQhFrsOOjg Chinese bone burning
8TV5ha9nqm0 How to use a frequency histogram
8WHOKt9p6Y8 Should you claim a parking spot that you shoveled out?
8_f9zdOa1Zk Cities and the built environment
8o0bS4X756g Osmosis and coleslaw
95ec5xtt6Hs Globe Theatre: Performance during Shakespeare's time
96vlJvEPcPs Business venture types
9ImZCRfM_gA Health Care Economics - Course Preview
9JwztRGiAxc Egg donor selection and process
9Mp0_iaWxAs Unilateral and mutual mistakes
9WJ4pIioR-k Where does happiness come from?
9hs1vDhUPZk Recruiting sperm donors
9k7dG9wym_I Introduction to viscosity
9mCn447lQw4 Boston and maritime trade
ADK54Qxvc64 Should commercial surrogacy be legal?
AVo9wBseKYg Jishnu Das on healthcare quality
AvsM819br94 Contract offer and acceptance
B47Jd3PWG4k Will we run out of fossil fuels?
BLqa7LGD_cQ The Future of ML is Tiny and Bright
BfGLDxxPLGY How to use a process map
CFHYtd2SCNk Folic acid and birth defects
CYEynNATHzg Oracle of Delphi
DfTg7jlepKA Big Data for Social Good - Course Preview
DoypDiYu_CM Major energetic pathways in aerobic organisms
EVMbro2wblU Excitation and inhibition of neurons
EhDFGqiWQ9g What will you learn in Digital Health?
ExdHwDCrZpo When were the Letters of Paul written, and in what language?
F5_xg1cMtDg How do you stay happy?
FDWbHsQC5CE What is NuVu?
FSuRfskl48w Vector biology and malaria transmission
FrdBz_kP0Ek George Andrew Reisner, American archaeologist
FzYVBjGKSIY Phase transitions in cooking
Ge8aG0nL7EI History of skyscrapers
GfFXPeGvmbE How to read tarot cards
GyPSplX7cW8 Are steep inheritance taxes just?
H3MZK_RIzB0 Challenges of quality improvement in healthcare
H76akyg4jJY Should the law require helmets for motorcyclists?
HCFgT08bYbY Laws and improving healthcare quality
HDzCSNLT8Hw Benefits of home visits by teachers
Hy6b5YLsCa4 Early Childhood Development
IIomZb_ex_U How does flour affect bread's texture?
I_t1tRvRUg0 How to stratify data
Ia_19Oo0T90 Tuberculosis background and burden
Ik1MPlB9MsY Egyptian divination statues
IpF1GrXEZVs Urban industrialization
JGkmpDGPCBE Should the state tax the rich to help the poor?
JHSN1cRoQ0E What is a structure in MATLAB?
JHwyHIz6a8A Introducing Markov Chains
JJyC9Cz3Xgg Is it wrong to lie to a murderer?
JPbcYSUXRck Managing Happiness - Course Preview
JQNeRik2KpE What is a contract?
JUVJvR8MnSQ Phase plane analysis
Jk7POJt6gX4 Medieval scrolls at Harvard
JsHv8uUT66E Haruspicy in Ancient Rome
JtyWd--T7p8 What's just: drafting soldiers or hiring them?
K0anY5i1uok Prescription drug monitoring programs and safety practices
K85K8pHbhW0 Finding life beyond Earth
KGsErrhew1g Commodification arguments and objections
Kf9XUgRt_0g Greenhouse gases emissions and concentrations
L-KhsYttltE What is the U.S. President's role?
L8mhR6EQI28 How can talent keep up with demand?
LQmTKxI4Wn4 Electron transport chain
LW_rTeawAi0 Direct, structural, and cultural violence
LgFVTEIdTGo Air pollution and direct pollutants
MbQ4-gKmP6E John Snow's contribution to modern epidemiology
MqCj4OqSCMU How to use scatter plots
N_aHRQr-iC8 Limited government and the Constitution
NhM-cEGzZ6I What is Happiness?
O5ng6BVBIkQ In We the People: Civic Engagement in a Constitutional Democracy
OvVl8rOEncE How a synapse works
PJUj-078iUk What is the opioid crisis?
POaIctlyOuM Jeb Bush on teacher policy
PRPQMg6t9JQ Hinduism Through Its Scriptures
PY_Hsw4BYpY Aesthetic perception and the architectural imagination
PtdbDSrQggA How imperial power shapes cities
Pz97_ooTOqo Virtual tour of the Giza Pyramids
Q6GJ0aKe3ko Walt Whitman's \
Q8hnCebHCjM Emulsions in food
QL4HrD1Vw9w The Pompidou Center in Paris
QLyoMIK7GkY What happens when an emulsion fails?
QPoRUsRzcPM Financial Analysis and Valuation for Lawyers - Course Preview
QY_5aKUuSKE Duty and moral worth
QdKEBYunHEk Shakespeare 400 Years Later
QgukfSqpkBk Introduction to institutional voids
QsmcJWKQHfE Casey Martin and walking in golf
Qsnzwx5ggq4 Christianity Through Its Scriptures
RFptGAdJ8Hs Dr. Kent Kester on malaria and vaccine development
RVc02SAVUMI Food molecules: fats, carbohydrates, and proteins
Rx_g006XuJs The legal status of same-sex marriage
UFB97OCoi5U Neighborhood influences on health
UVQs9zikfe0 Understanding Continuous Random Variables and Probability Distributions
UgWxpYboh54 Surveillance-response approaches for malaria control and elimination
V5TrUzA30Yo Interview with Noubar Afeyan of Flagship Pioneering, Full Interview
V85ZbpiLvBw Using the Ladder of Inference
VaenViF6T0A How U.S. elections are unique
W0-Xubpw2vE What is the wobble method?
WU5RpSfvPjM Elasticity and texture of food
WZn53eq1pyc How to use nested for loops in MATLAB
Wn-nYGzE5u0 Remote Work Revolution For Everyone
Wx-4_mAaXvQ Major issues in healthcare
X8eZzhqUwPA Dr. Margaret Kruk on healthcare quality
XFEY0kXFL2o Food Fermentation: The Science of Cooking with Microbes
XOaiWl-nW1k Overview of cell structure
XOtdB2ICagY The Gospel of the Lots of Mary
XaYUEV-vGLM How ancient Chinese bronzes were created
XgFlgP_yx8I Sperm donation market
XuaQs7YSkv8 Health Care Strategy - Course Preview
Y3-WURkQLAo Is affirmative action just?
Y3LHObvfNEg Causes of harm in hospitals
YQU7stEcUTM The case of the Alaska Packers' Association
YjJUyedJ7KY Visualizing the pyramids
Yn3c83C941g Introduction to Babylonian haruspicy
ZHr6ies28_A Challenges facing online marketplaces like Airbnb
ZHrvairaYSw Hegel's history
ZQsD3ovvXiY Deep brain stimulation and Parkinson’s disease
ZZpbOGKm6v8 Health Care Economics: Osgood Schlatter
ZoIPuTIPviY Understanding Discrete Random Variables and Probability Distributions
_SkPwVO9BFI Overview of the citric acid cycle
_gRQ67i7yL8 Understanding Conditional Expectation: Iterated Expectation,Adam's Law, and Eve's Law
_qhH1STSvuA The effect of pressure on phase transitions
a5sY0skXSSk Introduction to the Giza Pyramids
aiS-5OAWFQU Interview with Noubar Afeyan of Flagship Pioneering, Moderna Excerpt
b3e9tQSydy4 Globalization and foreign policy
bMhhTyJBRpo Architecture of the Memorial to the Murdered Jews of Europe
bPqEuig6li8 Ledoux's Utopian City of Chaux
bPwh1maJeGw Transportation in the city
bcKg7a3lNzw Lifeboat ethics: Would you sacrifice one life to save many?
bfrtOqUFQtk The Tent of Casually Observed Phenologies
by3_weGwnMg Conditional Probability Explained: Visual Intuition
c4FiRfNIuvw Uncertainty in climate change projections
c6e7Sa_ITew Measuring the elasticity of steak
c6iBlv-gs_E Cameras and Jessie Tarbox Beals
c6rU39hbiQ8 How does representative government work?
cAfew6vTAiw Developing the perfect coffee frosting recipe
cKSZVpTY3Z4 Understanding Shang bronzes
dGJ2J56_Rwk MalariaX: Defeating Malaria from the Genes to the Globe
dUMivxxqqgY How mitochondrial diseases are inherited
dXCrTJLk_kY The physics of baking
dc5vd3WlCpk Structure and function of the mitochondrion
dknJXcRh7oU What are loops in MATLAB?
dwr9e74S_J4 3D models and archaeology
dxZN3KYEZjk Cooperation and evolution
eOxP0ZZMrmk The birth of world literature
eZg5VpP18X8 Why does it mean to serve on a jury?
e_e0dMc6GkE Aztec mirrors
f_0wcd2obOE Pyramids and solar religion
gOhXqHk1Lbk Data Science for Business - Course Preview
goHEGv6Ebrs How to memorize China's major dynasties
hbtQg02tqio Evolution of the petit and grand jury
i5pdk-4WMT0 Opioid addiction in different age groups
i75uqVnrtMo Smoking and dementia
i8iPAT75F0U The role of London in Shakespeare's imagination
iK0oGibjzR0 Overview of Boston's transit system
iXuvuDjnbVw Estrogens and uterine cancer
ie0TZ8Iz4wU Roman augury
jEAhRgbo__Q Science of chocolate phases
jN0coOl95iU Cities and trade
jR6PPVXLkcQ London in Shakespeare's time
jbynhzusnW8 What is the Supreme Court?
jnb-hjfA7eI Development of Silicon Valley
k-8MBHzuKdo Introduction to mitochondrial disease
k2cRS1gwsYw How a rotary evaporator works
k9iV6gBjhgs How do we perceive color?
kUXCGYCJiZE American political culture
kXpzp4RDGJI ATP synthase in action
keOJX7JObvI Health Care Economics:  Ankle MRI
kj-Yx_ZHdv8 Cities and cultural exchange
kp1FNgxG9H0 Who built the pyramids?
kpDz0oVYc_4 Dr. Peter Grinspoon on addiction and recovery
lIQRgceBcSc History of opioid use in America
lIpyW7LUmn0 Healthcare in Rwanda
lNjrAXGRda4 John Snow and the 1854 Broad Street cholera outbreak
lS3n6fQ25Mw Dr. Agnes Binagwaho on healthcare quality
ldnRUtQeryg Introduction to Henrietta Lacks with author Rebecca Skloot
lglIENhbgJo Islam Through Its Scriptures
ltBw6kwD3_o How to use a Pareto chart
lx2KIYFhD4M The Crystal Palace and iron in architecture
m6MPCofB3t8 Dr. David Bates on healthcare quality and safety
mC12B2XseqM Time and temperature in cooking
mLvizyDFLQ4 How to create cause-and-effect diagrams
n-4hL_4IBsM City life vs. country life
nC2vCvRVNUQ The development of Dubai
nC3jWChSm_A University Chemistry MicroBachelors Trailer
nFBzDGibhiM How do archaeologists preserve artifacts?
nSOIZLbKG2w History of city police
ng6Cw3qhcJU Identity in cyberspace
nnP_3oV4R4Y Cities and water supply systems
nvg3alrvs3w Cities and the sharing economy
nyuZMFXzzvo How opioids are best used for pain management
o9xdBU24Ojc Daniel Humm on pH
oFScVNHBTsQ Dr. Allen Kachalia on healthcare quality and law
oWCrmVMjeds Science of browning reactions
pG4R-rmX7HA Buddhism Through Its Scriptures
pe5loX720Rk Susan's brain: The science of addiction
pfY6UbCYd40 The neuroscience behind student boredom
pkyfF8CR-5s Jeb Bush on school choice
qBDsKY6qYXw AfricaLive! - Entrepreneurship in Emerging Economies
qGnwN0cFEnk Do you owe loyalty to a cheating friend?
qIKs5x-cnjQ Turkish coffee cup reading
qQ7Cl9Z0qZ8 Technology and the city
qSihbtK7bhk The Path to Happiness: Challenge modern assumptions about the self
qgaziVWpmP0 Health Care Economics
qiVdprbG2Xc Moral dilemma: Subsidize opera or dogfighting?
qqtFCTQ58Hw Architecture from stone to steel
rc-ASkaw7AM City amenities
s-_THb6xUQs Open  Innovation for Livable Cities
sheoa3TrcCI Understanding Expectation of a Random Variable: Intuition for Expected Value and Linearity
si1bP7_MRiI Industrial Soviet cities
skI7bTQwu40 What's the secret to Happiness?
slQeILkd8SU John White on student accountability
sotrWf_iT_0 How can we make urban housing more affordable?
t2CfvKUZFJ4 Justice: The Story Is You
t41rFqVpB1I Pros and cons of neoliberalism
t6rmXzptvUQ How heat affects food in cooking
tqil9C3GY_8 A Short History of Rhetoric
trO5lDEfJFw History of New York City transportation
tzr1UwQIKG8 Who uses crowdsourcing?
u4mbztk-NyU Who should own the world's rarest violin?
vQggXqYFqhs Leadership: Creating Public Value
vYeRqxp1MZI Venice in Othello's time
va9eD9Ntpjo How functions and variable scoping work in MATLAB
vkYEYjintqU Mitochondria: the cell's powerhouse
vuHlQHvF84Y Specific heat in cooking
vwzu8cETaKw How to use a matrix diagram
w4ofqUdzONU University Chemistry: Molecular Foundations and Global Frontiers Part 1
wIPhRA6ZQEg John White on New Orleans schools after Katrina
wl3BkTE4TEc Particulate matter air pollution
wmYHPpg1kvE Digital Health - Course Preview
wxbzWV2mqxo How can we use the Internet to better govern ourselves?
xENJrNylRCg Urban decline in New York City
xFAku4WPCRc The impact of climate change
xXiLDqcMDBw How should inequalities be governed?
xwG8XvKJmBs Open Innovation - Course Preview
yEkZGGbSUEc Laura Kiesel describes her family history of addiction
ypw1EBx95TA Side effects of opioids, particularly addiction
z520TWV_4qw History of Central Park
zAiXjV1AMOw Neuroscience of hearing
zEbK5LyUxaU Intention to create legal relations
zGiaCgRuegU Framework to analyze a venture in healthcare
zXLHxJhGcJU The meaning of \
zuqBMTSsTBk Public and private healthcare quality in India
zy3sPZpxI3U Emily Dickinson's \
