1y3EbJoShLY Where was Iron Man during Captain America: The Winter Soldier? | FINALLY REVEALED
2Emk6qeJy2w Hugh Jackman says no to Marvel Cinematic Universe #Logan #doctorstrange
2Nc_rjT_JAM Moon Knight *HORROR* trailer | edited for Shorts**
2qPDveXchg8 REVEALED: Tony Stark during Captain America: The Winter Soldier
2xLBifh2CJM FULL PLOT LEAK | DOCTOR STRANGE IN THE MULTIVERSE OF MADNESS #doctorstrangeinthemultiverseofmadness
3nApgEmyQpc Hulk did it first.  #marvelstudios #hulk
5VjKesS-ni4 Wanda in 0.25x speed
6DummeV8kLA Moon Knight Ending LEAK + plot details
6Kg00jI-yyA UPDATED Marvel Projects for 2022-2026 #marvel
7OEN7e6UghI MULTIVERSE OF CAMEOS
7wETYk4Ewko Korg vs. Mom’s boyfriend. Who wins? #thor #marvel
8uoYbK-JAe4 MS. MARVEL Trailer EASTER EGGS & BREAKDOWN #mcu
ABdRCnUfiag NEAR-END SCENE FOUND IN TRAILERS | Doctor Strange in the Multiverse of Madness
ALLdRGI2YV0 Dr. Strange 2 producer on IRON MAN returning #doctorstrange
BEQElsmTNsA Tom Holland on Tobey and Andrew
CecCOchVcqY Marvel projects for 2022 and beyond #disney #marvel
CvHPuP1-i4o OWEN WILSON CONFIRMS MORBIUS IN LOKI SEASON 2
IkwYvAa30nA Trailer w/ NEW FOOTAGE | Doctor Strange in the Multiverse of Madness
JJS-2jI-J94 DEADPOOL CONFIRMED IN MULTIVERSE OF MADNESS POSTER?
JthRH87qYsk Marvel projects 2022-2026 confirmed
KHxFecZxH14 MULTIVERSE OF MADNESS AND MOON KNIGHT SUPERBOWL UPDATE
MqeGmKf21Uk EVERY TRAILER SCENE IN ORDER using PLOT LEAKS | Doctor Strange in the Multiverse of Madness
MrXSfakeZqQ Tobey Maguire / Andrew Garfield poster REVEALED
N0yrE8Xx4xM LOKI SERIES 2022 UPDATE
Py7rFIX4RQw Moon Knight NEW trailer | #moonknight
RSlyeDlifmQ TOM CRUISE RESHOOTS FOR NEW POST CREDIT LEAK | MULTIVERSE OF MADNESS
S3j4OD5DfMI Iron man was going to say what??
Sv1qIsAcwr0 Best Marvel director edition: Taika Waititi vs. James Gunn
TR5aN8S-USY POST CREDIT SCENE RESHOOT WITH TOM CRUISE? & MORE | Doctor Strange in the Multiverse of Madness
V981ZdcIC_o ALOT SHORTER THAN WAS LEAKED | DOCTOR STRANGE IN THE MULTIVERSE OF MADNESS
VF8TaeQk8-Q MY NEW MARVEL CHANNEL | DONATING VIDEO REVENUE TO CHARITY SUBSCRIBERS CHOOSE #marvel #philanthropy
Wif1aBv3ijc Doctor Strange 2 Producer reacts to IRON MAN rumors #doctorstrangeinthemultiverseofmadness
_R85rhzYb9s SPOILER WARNING! PLOT LEAK | Doctor Strange in the Multiverse of Madness #Doctorstrange
aHkxz-2Kpxw Moon Knight Trailer [MUST WATCH] | SCENES ONLY #moonknight
aquM5qufNDc Tobey’s Spiderman in Multiverse of Madness Leak
cxKJHaYaLjM Eternals movie in 2 seconds
fAgh2JkNtgs Endgame actor returning to the MCU #thor
g1rDc44EMWU BETTER PLOT LEAK (NEW)| Doctor Strange in the Multiverse of Madness #DOCTORSTRANGE
gFy8PAYKlwo NETFLIX MARVEL SHOWS COMING TO DISNEY PLUS??
ghUOu5dxk18 Marvel Movies in Chronological Order [Updated 2022] #marvel
h510HYnfIkQ I made a whole NEW TRAILER USING PLOT LEAKS  (NO TEXT) | Doctor Strange in the Multiverse of Madness
iLYip08ILSw Doctor Strange vs. Scarlet Witch. Who wins?
j1jmDj2xqyQ Doctor Strange MoM Plot Leak 2
jBrx6fKfkjA \
k7hMMZxBYaY All Upcoming Marvel projects [2022- 2025] full video on channel
kfdl1MJ-Auc Chronological order of Marvel movies [2008-February 2022 ]
l-A5rlEcnOY Thor vs. rabbit. This is one is just a joke, obviously rabbit wins. #marvel
lnf4uh9PFnE MULTIVERSE OF MADNESS LEAK 1 #doctorstrange
m0Fe0OMvyqk Thor vs. Noobmaster69. Who wins? #thor  #marvel
m4PYyEKqamA Doctor Strange vs. Supreme Strange. Who wins? #doctorstrangeinthemultiverseofmadness  #marvel
mvl_qeRtuus POST CREDIT Scenes LEAKED | DARK MAGIC, Deadpool, Cable, and MORE (with text) #doctorstrange
nCOmDrPlDlU [UPDATED] ALL SCENES IN ORDER BY PLOT LEAK | DOCTOR STRANGE IN THE MULTIVERSE OF MADNESS
nP7GPhFdZOc How it started vs. How it’s going #doctorstrange
neNTt5gBrO4 Deadpool UPDATE | FEBRUARY 2022 #deadpool #disney
o-V6v7oBwE0 She-Hulk Teaser Trailer
qAp5pknNyXA TOBEY MAGUIRE OFFICIAL NO WAY HOME POSTER
rbrZKIjus4Q POST CREDIT Scenes LEAKED | DARK MAGIC, Deadpool, Cable, and MORE #doctorstrange
reNCEwai-7Q REAL PLOT LEAK details | Doctor Strange in the Multiverse of Madness
sP74-LEEc4c People don’t like the Tobey/Andrew/Tom Spiderman poster
slDrMfMvXEE Ryan Reynolds finally opens up about Deadpool in Multiverse of Madness
totFoAmYgms Professor Xavier FACE REVEAL | Doctor Strange in the Multiverse of Madness
vHY3bF0x8R4 ALL TRAILER SCENES IN ORDER by PLOT LEAKS | Doctor Strange in the Multiverse of Madness
vdey95o3XVs Thor vs. Jane Foster. Who wins? #marvel
vxdfKC8gCiA Thor VS.Gorr the God Butcher. Who wins? #marvel
xKKv6VBG9kk TOM HOLLAND said WHAT?! about TOBEY AND ANDREW
yZUV15N1cAg Eternals in a nutshell
