-05aTtUr11w Into the Dark: Flesh and Blood Trailer (Official) • A Hulu Original
-PeXIyCkTTE Mommy Issues | The Great Season 2 | Hulu
-hV32gs2xnc Victor Leaves a Message for Simon | Love, Victor
-kgtaf-KxeA Monsterland Trailer (Official) • A Hulu Original
0kbgWzN0OWc kid 90 - Trailer (Official) • A Hulu Original
0pzn41zzoao RUN - Date Announcement (Official) • A Hulu Original
1FNsVn53iOM Animaniacs Season 2 | Date Announcement | Hulu
1Q9r8CtCvis The Handmaid's Tale: Super Bowl Teaser • A Hulu Original
1WLqBUi4r6o The Handmaid's Tale: Season 4 Coming Soon • A Hulu Original
1ljLCFw5RUo Holly Hobbie: Season 2 Trailer (Official) • A Hulu Original
2n4daJ4mHpw Letterkenny - Season 7 Trailer (Official) • A Hulu Original
3Kt2QjogpEY National Treasure: Kiri: Trailer (Official) • A Hulu Original
3c6aICtQsLI Once We Were Brothers: Robbie Robertson and The Band - Trailer (Official) • Now Streaming on Hulu
3h8-OazQSno The Bravest Knight: Theme Song Sing-Along • A Hulu Original
3z36aEhhB5U Kerry Washington and Elaine Welteroth: An Intimate and Honest Conversation
4mnC4LVGkr4 Tiny Shoulders: Rethinking Barbie: Trailer (Official) • A Hulu Original Documentary
4oF92lXFpTM No Man's Land - Trailer (Official) • A Hulu Original
52B2l81sLkg This Way Up | Season 2 Coming Soon | A Hulu Original
5UT2Pz5eMhA McCartney 3,2,1 - A Day In The Life • A Hulu Original
5j1uec1B8Ds Dead Asleep | Official Trailer
6-rhqxkXEDY Love, Victor - Season 1 Bloopers • A Hulu Original
65WkZLgQYvA City So Real - Trailer (Official) • Now Streaming on Hulu
6btXhax3tpc Defining Moments with OZY: Jameela Jamil (Teaser) • A Hulu Original
6gx8b1KwjWs War Negotiations: Peter VS Hugo | The Great | Hulu
75lfuTNLjLA Catherine's Great Escape | The Great | Hulu
7NeJ0uBcZko Letterkenny - Season 8 Trailer (Official) • A Hulu Original
7XWzsNqrEMo Inside The Series: Nine Perfect Strangers | Hulu
82QAMgIFV9A Light as a Feather Season 2: Part 2 Trailer (Official) • A Hulu Original
8P0aY93-Z6g Solar Opposites | The Wall - Trailer (Official) • A Hulu Original
8u4Xw6tlJZQ Find Me in Paris: Season 1 Promo • A Hulu Original
9li3xj3HiJc The Great Season 2 | Mother Russia Featurette | Hulu
9tCxcuATZFU Solar Opposites - The Making Of • A Hulu Original
9yDDse9Bljc Animaniacs Silly Sing-A-Long | Catch Up
A207HN4bRJM Sex Appeal | Trailer | Hulu
AWSx4j0eaZk Solar Opposites Season 2 Teaser | Red Band | Hulu
AZt5p-tHW9Y Dance • Utopia Falls • A Hulu Original
Amal9Z6UDfE Solar Opposites: The Six Stages of Social Distancing  • A Hulu Original
AnJ3_jd6LoM The Great Season 2 I Making Great-ness | Hulu
AyvoX4reNBg Happiest Season: Creating A Holiday Rom-Com (Featurette) • A Hulu Original
BozcVHzX65U Are You in Distress? | Mayday Trailer | Hulu
BqQEiVzb7n4 Investigations by Vice: K-Pop (Teaser) • A Hulu Original
ByO1JxQ6e6M I Am Greta (Official) Clip • A Hulu Original Documentary
CZLGhzs91dU Pen15 Animated Special Trailer
Cb-l8w4KMPE Into the Dark: Down Trailer (Official) • A Hulu Original
CpBLtXduh_k Palm Springs - Trailer (Official) • A Hulu Original Film
Dfz11eEOif0 Life & Beth Official Trailer | Hulu
DmrTRblGeKw Bad Hair - Trailer (Official) • A Hulu Original
Dsvim8kC4lM All Night: “Would You Rather?” With The Cast • A Hulu Original Series
Epm0v1px2oM Andra Day Performs \
EvIWvlV92V4 The Accident - Trailer (Official) • A Hulu Original
EvLfyfP_QTI March of the Penguins 2: Trailer (Official) • A Hulu Original Documentary
F1KnlOYLhgU McCartney 3,2,1 - Sgt. Pepper • A Hulu Original
F1uFan_KgBw The Great Season 2 I Official Trailer
FOAasOkkO0M Little Fires Everywhere - Oscars Teaser (Official) • A Hulu Original
HoMHBuc1JLk Solar Opposites | The Wall Season 2 Trailer
Ife8HUEyrqs Marvel's Runaways Season 3 - Featuring Cloak and Dagger • A Hulu Original
Iuav7S0M7UA Solar Opposites - The Lost Recordings • A Hulu Original
Iyd_MP-cxyI Investigations by Vice: Trailer (Official) • A Hulu Original
JYU1kzGn4rk Dopesick Teaser | Hulu
KAkqy5QntGQ McCartney 3,2,1 - Trailer (Official) • A Hulu Original
KLaGXd2k3EQ Harlots: Season 2 First Look • A Hulu Original
LRSUZlPkh08 All Night: Teaser (Official)  • A Hulu Original
LYt5HEabwvM Woke - Trailer (Official) • A Hulu Original
LeY4cqirbXQ Everyone Is Doing Great - Trailer (Official) • Hulu
Lxg1y4x4jWM Only Murders in the Building Date Announcement (Official) | A Hulu Original
Mh_vASjvYQE Animaniacs Jurassic Park Clip | A Hulu Original
Mlu71X08Tc4 Happiest Season: Holiday Yule Log Scenic • A Hulu Original
MtxhX8DwtwE The Trio Brings Sting a Turkey | Only Murders in the Building | Hulu
MwdG3VaRFVE Castle Rock: Look Ahead • A Hulu Original
NC02Wpc8wzQ Helstrom: Art of the Scare (Featurette) • A Hulu Original
ObVQzMwNT8k The Great First Season Catch Up | Hulu
PUFOVTCq18k The Curse of Von Dutch: A Brand to Die For | Official Trailer
Pla_p6Yyfys Letterkenny Season 9 Cold Open • A Hulu Original
PnqIImrws5s The Journey Comes To an End | Nine Perfect Strangers | Hulu
PoiHyngQQsU Into the Dark: New Year, New You Trailer (Official) • A Hulu Original
Q4nwFSSTUZc Nine Perfect Strangers Promo | A Hulu Original
Q9udrVQmx_Y Worst Day Ever Song | Madagascar A Little Wild • A Hulu Original
QvqujH6boEI Nine Perfect Strangers | Official Trailer
RlbIrCN959k New On Hulu: February • Now Streaming on Hulu
S1u3gbzy8TA Wild Crime | Official Trailer | Hulu
S7iyAHFoih8 Love, Victor Season 2 Official Trailer | Hulu Original
SFCXUwB6UAU Happiest Season: Making Of (Featurette)  • A Hulu Original
TU5qkuZijA4 The Great - Date Announcement (Official) • A Hulu Original
UNVGmVP2f_E Only Murders in the Building | The Boy From 6B | Featurette
USi-ppCfxEA The United States vs. Billie Holiday - Trailer (Official) • A Hulu Original
Uaz9fiXuXWU New On Hulu: July • Now Streaming on Hulu
UrJbsxl5iOQ Baseball Game | Madagascar A Little Wild • A Hulu Original
VcESFYy3duI Woke Season 2 Official Trailer | Hulu
ViAAwc0BtiE Hillary (Official) Trailer • A Hulu Original Documentary
WrEqXdt85j8 The D'Amelio Show | Date Announcement
XKDjWj9zAZk Vacation Friends | Official Trailer
XKeugS4qjag Helstrom - Trailer (Official) • A Hulu Original
XaZGP1BVQ74 PEN15 (Date Announce) • A Hulu Original
XcfEUxwM9-k Tripping on Mushrooms in The Forest | The Great Season 2 | Hulu
Z89B8KwKiw8 The Handmaid's Tale: They Do Not Own You • A Hulu Original
ZXGy_vKC424 Happiest Season: Makeup Tutorial with Jinkx Monsoon and Ben DeLaCreme • A Hulu Original
_9XTA2DkHm4 Helstrom - Teaser (Official) • A Hulu Original
_DDm-2h8sbw Dragon Ball Super - Trailer (Official) • Now Streaming on Hulu
_uXHJRr7JEc Ballet Now: Trailer (Official) • A Hulu Original Documentary
aFmzmqOeyPA A Message from Masha | Nine Perfect Strangers | Hulu #shorts
ay7QymPRTco Into the Dark: Blood Moon - Trailer (Official) • A Hulu Original
azqXzb0xeBI The Great Season 2 I Date Announcement
bGJb0o9S9Wc Happiest Season: Holiday PSA Featuring GLAAD and Outfest
ba8lGRIn5P0 Solar Opposites Season 2 Trailer (Official) | Hulu
begN1V4vzEc Defining Moments with OZY: Sophia Chang (Teaser) • A Hulu Original
c8HIkq-0xgg Jim Henson’s Doozers: Season 2 Promo •  A Hulu Original
cIfFYFLl1fM RUN | Deleted Scene: Chloe Finds A Secret | A Hulu Original
cZEQZD4QNRM Defining Moments with OZY: Amy Purdy (Teaser) • A Hulu Original
ciGTk80JkbI Into the Dark: Pooka! Trailer (Official) • A Hulu Original
cptURJOAffo World Building • Utopia Falls • A Hulu Original
d9qqHrpuxtU SXSW Solar Opposites Table Read
eKa2Ah3OkDc Solar Opposites Season 2 & 3 Announcement • A Hulu Original
fNCDu4nmt8M Animaniacs (Official) Trailer | A Hulu Original
g4tVGqRWlyM Defining Moments with OZY: Dominique Jackson (Teaser) • A Hulu Original
g6OhF22U3IY Crossing Swords - Teaser (Official) • A Hulu Original
gC4EKEUhYqM Defining Moments with OZY: John Legend (Teaser) • A Hulu Original
gQa-FN8nneE The Great Season 2 | Ensemble Featurette | Hulu
ggoeUht-z7U The Orville Soundtrack | Season 2
h7G0DLTpbIs Madagascar: A Little Wild (Official Trailer) • A Hulu Original
hC7q0-5DxPs The Who, The How, The Why & The Why Now | Only Murders in the Building | Hulu
hRghbLHn6F8 The Bravest Knight: Title Sequence • A Hulu Original
hYJNFji5KQM Eater's Guide To The World | Food Is a Love Language
hxOsnXdPLyo The Chase | Only Murders in the Building | Hulu
iIRPkutXnZE The Fight - Trailer (Official) • Now Streaming on Hulu
jamwy1XZxjU Meet The Strangers | Inside The Series: Nine Perfect Strangers Episode 3 | Hulu
k6e5JevzQeQ Taste The Nation  with Padma Lakshmi - Trailer (Official) • A Hulu Original
kf8nLvnB8ts Catherine Frees The Serfs | The Great Season 2 | Hulu
lNwRmIoR2bU Solar Opposites Season 2 Teaser | Hulu
m-_U6WfFz6E Ramy: Series Trailer (Official) • A Hulu Original
myDknFHtmpk Monsterland - Book to Screen | A Hulu Original
n-SExOBZ1uI Are You Happy With Your Life? | Nicole Kidman, Melissa McCarthy | 9 Perfect Strangers | Hulu
n5Vm_Awe3bw Minding the Gap: Trailer (Official) • A Hulu Original Documentary
nC42PXc4444 Future Man Season 3  - Trailer (Official) • A Hulu Original
nCwMfPyvcJg Happiest Season: Meet the Cast (Featurette) • A Hulu Original
oDNFCV3oLY0 Bad Hair • Teaser (Official) • A Hulu Original Film
oUJxVv1OfEk Your Attention Please: Season 1, Episode 1 (Full Episode) • Hulu
oW7cRYP7R2I New On Hulu: March • Now Streaming on Hulu
pmcWPOH4Yqw The Handmaid's Tale: Season 4 Teaser • A Hulu Original
pylIlXGsInM Creamerie | Official Trailer | Hulu
qNzGlpH0RtU Gloria's Ballet | Madagascar A Little Wild • A Hulu Original
qbhAzXf1qoo Mr. Bear Song | Madagascar A Little Wild • A Hulu Original
qg3ZjDFZaIw The Binge • Trailer (Official) • A Hulu Original Film
qlhV2WiC3S4 Happiest Season - Surprise Proposal (Featurette) • A Hulu Original
rgMaMLCt1FI Hulu Summer Movie Nights • Now Streaming on Hulu
ryy6MtkGD7g Molly the Mouse - In Memoriam | Solar Opposites • A Hulu Original
s-yOxbQvXNI Little Monsters - Trailer (Official) • A Hulu Original Film
sJQs_KIDkbU The Bravest Knight: Official Trailer • A Hulu Original
sMDb4ewturw Solar Opposites - Red Band Trailer • A Hulu Original
sv3fA0D2cAk Nine Perfect Strangers Date Announcement | Hulu
tIc4XRlq-eY New This Month: November • Now Streaming on Hulu
tLjo8IQLa9o Solar Opposites - Teaser (Official) • A Hulu Original
txfuCQpukU8 Learning to Rule I The Great Season 2
tyyjxPL5-74 Defining Moments with OZY: Mark Cuban (Teaser) • A Hulu Original
u0Jqgg0THiU No Interruptions | Love, Victor
u4-oQ1LEXO4 PLAN B - Trailer (Official) • A Hulu Original
uFNCbf3cyCs Dawn Visits Lucy | False Positive | Hulu
v0q89jMbdWA A Royal Science Fair | The Great Season 2 | Hulu
v2VW04V2jsc \
vh8HP2P8yAw \
vj3sRzcvCJc Books of Blood - Trailer (Official) • A Hulu Original Film
wbOI50oX-WY A Conversation with Andy Samberg & Cristin Milioti of Palm Springs
wilH_YSreyw Eater's Guide To The World - Trailer (Official) • A Hulu Original
wo6oKAxSFEA Dollface Season 2 | Trailer | Hulu
x1JQuWxt3cE Normal People Trailer (Official) • A Hulu Original
x6lVlQiGQIU Solar Opposites | Season 2 Super Red Band Trailer
xDdEWkA15Rg I Am Greta • Trailer (Official) • A Hulu Original Documentary
xV7pmYQMDjk The 2021 Oscars: Handmaid's Tale Season 4 Teaser
xgGthVjYeFc Catherine Meet Mommy | The Great | Hulu | #Shorts
xi5LWBl4HXk Everybody Has A Story | Nine Perfect Strangers | Hulu
xuzivJRlxNw Marvel's M.O.D.O.K. - Date Announcement (Official) • A Hulu Original
yWyFs5dUlNQ Holly Hobbie: Trailer (Official) • A Hulu Original
z5gD0UzXTdw Candified: Home for the Holidays | Premieres December 1 | A Hulu Original
zQVZhRlkefM The Making Of False Positive | Hulu
zbtg-BoTQSY PEN15 Season 2 Date Announcement (Official) • A Hulu Original
