-U9E1PhrM3o SRE Golden Signals Explained
-lreoEQG6i0 IBM Cloud Now: Edge Application Manager v4.0, Kubernetes v1.17.2 on IBM Cloud, and more
-nPq0O-F740 How IBM DataPower Secures APIs, Mobile, Cloud and More
-ozeyxYu1ek The Future of Edge Computing
-qSAFjqOYdQ IBM Cloud Now: Acquiring WDG Automation, Databases for EnterpriseDB, and the TrustRadius Awards
-rMygSe0Jfo What is Watson Data Platform?
-vDh5npsBEs How a Biz Uses API Connect & Bluemix to Secure & Manage Apps
-vSdDHxKVYU Event Endpoint Management Explained
-x2x_dwP0Ug ODF Energia streamlines compliance in a deregulated market with IBM BPM software
07EHsPuKXc0 Disaster Recovery vs. Backup: What's the difference?
0IkSluSx0H8 IBM Cloud Now: IBM Cloud Code Engine, Dizzion Managed DaaS on IBM Cloud, Data Storage and Processing
0JEOVmN0-b8 Setting up a Bare Metal Server featuring Intel Xeon on IBM Cloud VPC
0Zzn4eVbqfk Data Fabric Explained
0d8ijkFLC9g FaceMe uses GPU solutions and IBM Watson Analytics to create digital humans
0jPogLQpMe8 IBM Cloud Now: IBM Cloud Satellite Infrastructure Service, IBM MQ Version 9.2.3 and New Field Guides
0qotVMX-J5s Containerization Explained
0tQZVMTnmgM Close the app development gap
1Br4m0_8YDQ Advantages of Managed Kubernetes
1I6bQ12VxV0 NLP vs NLU vs NLG
1LPE4Ck8opc Quick Root Cause Analysis with DataPower Operations Dashboard
1WvMfj_RRT4 Cloud adoption and transformation
1cA1qOLaFGQ Quantum Computing impact on Cryptography
1er2cjUq1UI What is Continuous Integration?
1gUaVGS_-5s IBM Cloud Now: New SAP Certifications, IBM & ServiceNow, and BYOI for Hyper Protect Virtual Servers
1iyFq2VaL5Y What is Istio?
1rKKuVzVpgE IBM Cloud Now: IBM Cloud Schematics Updates, New Billing Model, and 10% Off Bare Metal Servers
1tlSguRBO58 Greener World with AI-Powered Automation
20QUNgFIrK0 Software as a Service (SaaS) Explained in 5 mins
2HvaRT7lCng Develop with IBM Cloud App Service
2OCEMuNdifM What Is a Runbook?
2TTU5BB-k9U What is Continuous Delivery?
2TrI0m9D1F0 Creating custom standard drivers in IBM Tivoli Netcool Configuration Manager
2XB4UaBIvNI Data Virtualization in Data Fabric
2hlvVAOdxw4 Intelligence Retail: Empowering data-driven decision making
2llWuivdS7w NAT and Firewall Explained
2vMEQ5zs1ko Kubernetes vs. Docker: It's Not an Either/Or Question
2wHifUaj1XA Empowering global software development with high-speed data transfers
3E0EKUkMEjc What is Desktop Virtualization?
3H7fLs6_TaU Explore the Cloud for Smarter Business
3bhSjl8tUZk Automating interactions with AI-assisted chatbots from IBM RPA
3kGFBBy3Lyg Hybrid Cloud Explained
3oZW1FejYno How to run batch jobs with IBM Cloud Code Engine
3vneMb-lPBo Turkcell Global Bilgi - an IBM Datacap story
3xH1SAWWdl0 Bare Metal with a Hypervisor vs. Dedicated Host: What's the difference?
3zfy3PV4_dU API Management in 10 Seconds
4-KTd0uRNq8 Hyperautomation Explained
42fwh_1KP_o What is a Virtual Server?
4H4dAtrl4p0 IBM Cloud Satellite Use Cases
4LTcKdtSz3Y How to Create & Control APIs in OpenWhisk
4YPRRzA3RmQ Aspera Drive: Quickly Share & Sync Large Files & Folders From Your Desktop
4u_j_66XqiY Using decision management to act on insights from Twitter data
59xCYSx3Ltw Detect significant trends and act in real-time with IBM ODM Advanced
5C0sh7PRACc Client Success Stories: Tripling cloud workload for a large appliance manufacturer
5EqAXnNm0FE Block Storage vs. File Storage
5InwlTrl4aY IBM Edge Computing helps NASA analyze DNA in Space
5KKoniXgHy0 What is an MZR? (Multi-Zone Region)
5SoklXsrNO0 Real time API Analytics With Splunk, SAP & Others
5T5qs3RgqOI IBM Cloud Now: Cloud Without Compromise, Satellite UX Award, and IBM Build-a-Bot Challenge
5Y-vzRFXDKU Managing higher education on IBM Cloud with Jenzabar
5bAhqB4WXkA Modernize apps with IBM Garage Methodology
6-JXcheynz8 IBM Aspera Drive enables high-speed collaboration from your desktop
60ccSmOxpMw Multitenancy Explained
69F6xLGoWv8 How Companies Create Customer Experiences With APIs
69OfdJ5BIzs What is Knative?
6EUSwMX7D48 Choosing a CSP for your SAP workloads
6dyrBRcC5KA Use AI-Powered Automation to Accelerate Auto Claims Processing
6gBGoTiCTFI IBM Fitness Solution: Motivating employees to get active
6h-UCGJ4-BA Using IBM CloudLabs for Hands-on Kubernetes Training on IBM Cloud
6p46hL8Pyac IBM Cloud: A Spectrum of Capabilities
6yn4nCWMNLI IBM Business Process Manager on Cloud - overview demo
6zDrLvpfCK4 Istio Service Mesh Explained
7aSe1HQ2lXo Tekton vs. Jenkins: What's the difference?
7gkr-_t7wAk Persistent Memory Explained
7rkeORD4jSw What is RabbitMQ?
7t3lTYEd_PM What is Root Cause Analysis (RCA)?
8F-ZuKsT_q8 Talium: Helping Irene Energy deliver electricity to Africa
8VXurKENGRE What is SAP HANA?
8WNjwlN5gMk Setting up an On-Premises Satellite Location with Mini PCs
8aEPotQ1S9c WestJet and IBM - using business rules to deliver an exceptional travel experience
8lo1s29ODj8 Humans vs. AI: who makes the best decisions?
8ugOPzQMJgk IBM MQ has you covered
92yV9afmc38 Can AI help Climate Change?
9LqSCDaQNiY IBM Cloud Now: De-Risking the Cloud, FS-Level Controls for Satellite, and a 'Buy One, Get Two' Promo
9dzb6eNhqOE Hybrid Multicloud Use Cases
9gGnTQTYNaE What is Machine Learning?
9ihndG4_FQM ThinkResearch uses IBM Cloud to deliver the best medical information at the point of care
9rE_1i-Zm3I Sundance Film Festival Automates Delivery of 12,000 Films Globally with Aspera
A3k97eAF3GI Your Dev Cycle is Too Slow; Here’s How to Fix It
AF5ZkcnptMs Why Edge Computing?
AHIcbjD4S0I IBM Cloud Now: Face Mask Detection at the Edge, IBM Cloud Security and Compliance Center, and More
AJa2B-twtG4 What are Feature Flags?
AMD9kI2x8to How IBM Agile Lifecycle Manager Streamlines Service Delivery
AT6hhvanus8 Data protection and compliance with IBM Cloud
AdVWzhPb9yM A Celebration of IBM Cloud Customers
AjtdZ3gFRjU What is Multicloud? How Do You Manage It?
Ak4byzRZrVA AirWire enables intelligent vehicles with the IBM Cloud Garage
AoMg0E2-5w4 Solution Providers: Partner with IBM Cloud to Win the Future
Ausqifk0ZiM Using SQL to Combine Databases and Object Storage
BIEhU4zjcbA Asteria uses IBM Cloud and AI to forecast cashflow
BTnr8z-ePR4 What is In-Memory Computing?
BcV5wHyMhfs Multicloud Security Explained
BgrQ16r84pM How does Kubernetes create a Pod?
Bp00VqBH420 Data Security and Protection with Zero Trust
Bsq5cKkS33I What is a Content Delivery Network (CDN)?
Bsy6mhRc7ZA Developing in IBM Cloud
BxRB8v2-LEI Deployment Automation with IBM UrbanCode Deploy
C2URYImxW1o How to manage your bots with IBM RPA
C9Sm0pmQLC0 Intelligent app resource management with AI-powered automation
CAQ_a2-9UOI Observability vs. APM vs. Monitoring
CDtjlshp1KI Multicloud vs. hybrid cloud and how to manage it all
CL4QfLAptSQ Adding value to the business through IT
CTURiR6PU2I Accelerate AI and HPC workloads with NVIDIA GPUs on IBM Cloud
CdBtNQZH8a4 What are Microservices?
Ce1m3Y0OMKA Artificial Intelligence vs. Augmented Intelligence
CjfD2wxnYlY IBM Cloud Now: Instana Acquisition, myInvenio Partnership, and Lower Prices for RHOS on IBM Cloud
Coj7G29OOPc IBM Cloud Now: Mayflower Autonomous Ship, Db2 Click to Containerize & Hybrid Subscription Advantage
CtzrFYNztxo IBM Cloud Now: Data Replication for Db2WoC, Geo-Replicated Disaster Recovery, and Resource Templates
D4-UgAiviEE Experience the power of SAP on IBM Cloud bare metal
DBZTNzrZC3E Why API Management?
DK7w9-DGRO0 Culture, Trust, and AI
DP7TSgc6glc The MEAN Stack Explained
Da1hUqzoiAo What is Enterprise Resource Planning (ERP) Software?
DjL6zrj7tFU IBM Cloud Now: Custom Dashboards, Multicloud Management v2.0, and VMware Regulated Workloads
DnivaupQJDk ExxonMobil & IBM Cloud: Transforming the customer experience at the pump
Do7gsyXWj4E What is Multi-access Edge Computing (MEC)?
DupNd47I6q0 Stay engaged and efficient on the go with IBM Case Manager
EBEIVhkIW2w AI-embedded resilience inside RPA
ECdksj46dD0 There's No Place Like Gnome for Cloud Integration for Salesforce
EOIja7yFScs What is FaaS (Functions as a Service)?
EZB_09OQqoU XComP builds a platform to analyze academic competency with the IBM Cloud Garage
EfqaM2LwTAo Deliver quality data with a unified data and AI platform
F0hNDkAA1sM Flexibly driving high scale apps in production with Kubernetes
F96-L7KzeTQ IBM Cloud Now: Selling on IBM Cloud, Cloud Pak for Watson AIOps 3.2, and the 𠇍oYouMQ?” Podcast
FMMWSLIcaME Cybersecurity and Zero Trust
FWRtwKkvWZ0 Modernize Banking with Cloud Native Solutions infused with AI and ML
FZR0rG3HKIk Virtualization Explained
Fp2In_la9DE Hybrid Cloud Architecture Part 1: Connectivity
FzERTm_j2wE Cloud Native DevOps Explained
GQEo3qn3EGs ECi Software Solutions: Transforming the customer experience
GZhe4eOdIWg Netflix & Sony Pictures Rely on Aspera to Drive Key Media Workflows
HRfR4dJoKDc Big Data Explained
HfDH2iTConI Modernize Retail Stores with AI-Powered Hybrid Cloud Software
Hi6d0QZ4Mzs IBM Cloud Now: ICCT and Freelancer, Watson AIOps Customer Advisory Council, and TrustRadius Awards
Hm6mN0sbmC4 IBM partners with NASA to develop Edge Computing in space aboard the ISS
HmxkYNv1ksg Terraform Explained
HseeckjA18s 200K IBM Technology subscribers, thank you!
I01xQGEoM8g Cementos Pacasmayo achieves operational excellence to open up new construction markets
I1oEKwd5U0Y Acquire, Analyze and Act in Real Time with IBM Streams
I4L2aR80_nQ Kubernetes drone demo: Deploying an application
I93VDovz_lM Deploy and run your decisions in the cloud with Business Rules service for IBM Bluemix
IEUJwUd4XRw Creating low-code bots for highly repetitive tasks in IBM RPA Studio
IFnqBtLNoPY IBM Cloud Hero:  Runkeeper
IK-tNiyRm84 Berlinale Film Festival Delivers 400 Full-Length Features with Aspera
IManbRY97S4 Fraud detection and prevention with IBM Operational Decision Manager
IPkQpBdde5Y Data Lakes in the Cloud
IrKzjRy7lQc IBM's Hybrid IT Operations Management solution with AIOps
J73MELGF6u0 What is DevSecOps?
J8ni6PjoIEw Cloud Object Storage: Do more with your data on IBM Cloud.
JFxynUhBQnw How to Secure APIs Using OAuth in API Connect
JetS6s7ZxRs Modernizing Log Management with IBM and LogDNA
JkDovucH8O8 How claims adjusters benefit from insurance claims automation with IBM Cloud Paks
K1nhwgpJl7s IBM Business Monitor demo
KCzNd3StIoU DevOps vs. SRE: What's the difference?
KG0yy1Ymf6M Rational Development & Test Environment for System z
KIjP0dDHu5w Virtual Private Clouds on IBM Cloud
KTN_QBuDplo What is OpenShift?
KaCyfQ7luVY Public Cloud Explained
KbMkPgaH-y0 IBM Cloud Satellite Overview
KfK9bqDSujo Gear up with virtual servers
KkSyPserNy8 Grid support in IBM Business Process Manager 8.5.7
Kmt_odiCWvU Plan, build and manage your cloud Infrastructure with IBM
Ky5mhe5Cd-8 Getting Started with Process Federation in IBM Business Process Manager 8.5.7
L3ynnRgpZwg What is an RBM (Restricted Boltzmann Machine)?
LGJjRJvJJ0k IBM Cloud: Pioneering Digital Transformation
LMAEbB2a50M What is a Hypervisor?
LNLKZ4Rvk8w Continuous Deployment vs. Continuous Delivery
LcTAkRZzuwo IBM Voice Agent with Watson
LfdK-v0SbGI GPUs: Explained
LiTUYMlqWI8 Travis Perkins plc transforms the customer experience with IBM BPM
Lj_57iM8Jjc How to Create and Test APIs With the API Designer
LxcH6z8TFpI What is a Data Lake?
MIry2_DjIFc UFC Uses Aspera as the Backbone of its Digital Asset Management System
MM9LxrJA7jM How to get started with IBM Content Foundation
MNx9gTWD6h8 How to deploy source code with IBM Cloud Code Engine
Mq8usN6CC4I IBM Cloud Now: IBM Community Festival, IBM Process Mining and Cloud Professional Developer Cert v5
MtdLOoeQ1n0 IBM Cloud Now: Cryptographic Key Encryption, IBM and Confluent, and IBM Cloud App Configuration
MyiTVVy107w Deploy OpenShift on VMware
N-8sTNuTnjA IBM Cloud Now: Watson Orchestrate Beta, TrustRadius 2022 Awards & Digital Process Automation Leader
N2CuentyYGw Manage all of your data anywhere with AutoSQL in IBM Cloud Pak for Data
N5y5YBwzVDM IBM Cloud Now: Acquiring Instana, Cloud Pak® for Network Automation, & Cloud Pak® for Watson AIOps
NPFbYpb0I7w Kubernetes Ingress in 5 mins
NQTEgWy4EM0 IBM case and document capture for government
NaON2ArJFf0 Carlsberg-Denmark optimizes customer service with IBM business process software
NbkPRn1mqlU What is a Virtual Private Cloud?
NjBYeiUhi38 Life Of an IT Operator
O-XBhVv2pgE What is Cloud Storage?
O0xcKqnBPx8 What are Business Rules?
O673mX9n9Rw What is Document Processing?
OAdOa31EH4o Scaling an Online Store Without an API Gateway
OW5OgsLpDCQ What is ETL (Extract, Transform, Load)?
Ogm2YN6YmmQ Intro to IBM Cloud for VMware Solutions
OkAh2QiBn_w How AI is driving the autonomous vehicle revolution
OmphHSaO1sE What is etcd?
OqjJjpjDRLc What is a Relational Database?
P-jZnlA7F-Y Into the eye: Reunited across the path of a hurricane
PPFvllszx0s No Code Needed: IBM App Connect
PYUGlycvdg4 Utilizing cloud native workloads to scale services globally
PmxWTTpXNLI Block vs. File Storage
Q2XhB5oz0zc Integration Lets Customers Shop on Apps, Social Media & More
Q5aTUc7c4jg SQL vs. NoSQL: What's the difference?
Q6IHRFpi_Us What is a Power Virtual Server?
QAbqJzd0PEE PaaS Explained
QJ2tGBMZRjM How Integration Improves Travelers’ Experiences
QTD-gqS2E7w Kubernetes drone demo: Using Istio to manage app traffic
Qa2Zq0NkokM IBM Analytics Engine Overview
QfOqM7j_RgY IBM Cloud App Service: Build a Java web app with Spring and deploy to Kubernetes
QphJEO9ZX6s Blockchain Explained
QzY57FaENXg What are Convolutional Neural Networks (CNNs)?
R49coLVVYTk IBM BPM Wave - driving digital transformation for banking solutions
RGOrDYZ0quU Banks team with IBM for blockchain-powered trade finance
RHDIcxguyIE Fulcrum enables operational excellence for global law firms
RIcnXFZWrSI Secure App Transactions and Sensitive Data with Cryptographic Key Encryption Protection
RJ3UQSxwGFY Application Modernization: Three Transformations at Once
RWOoarR1E84 Mueller, Inc: Building new channels with IBM Garage
RYQbmjLgubM What is Continuous Testing?
S0KanFX2KT0 Persistent memory for SAP HANA
S7HTsuWz_2U Data Migration Examples
SL-Egc0XuIU The Weather Company migrates to a secure, scalable global architecture in the IBM Cloud
SYE8vkkJ_FA Transform your data with IBM Garage's Data Science Insights MVP
SbeSvAfeV-o What can RPA mean for your business?
StoYulVSkR8 Reduce license cost and audit exposure
Sulw5ndbE88 Kubernetes Deployments: Get Started Fast
T18M59Crozw Change the way you work-- IBM Cloud Garage
T7Wr7wVK5Wo Fluid vs. Crystallized Intelligence
TAKBeHOKBCU How to Create and Control APIs in OpenWhisk
TJqkBVogMvk Fear DDoS attacks? Worry no more.
TRO_ANk_vFU IBM Cloud Now: GitLab Ultimate for IBM Cloud Paks, Security Insights, and WebSphere Hybrid Edition
TWxKD9dLpmk What is Tekton?
TiEwRiX6kGo What is a Cloud Shell?
TjW8s8222gw IBM Robotic Process Automation: Unlock greater value
TpMIssRdhco What are GANs (Generative Adversarial Networks)?
TrbQbM_xtBw Do you have a cloud designed for data?
UG0m_5wuBdg IBM public cloud: the most open and secure public cloud for business
UHZVIJsnNoQ IBM Case Manager and IBM Datacap accelerate the insurance claim process
UO-yT7Ugnls What is MySQL?
UbtB4sMaaNM What is DevOps?
V2xyu3WJ1kA Can computers program computers?
V4wmb5KVmKM What is CSPM (Cloud Security Posture Management)?
VOLeKvNz-Zo What is MongoDB?
W8H9sdPs7QI Accelerate cloud native development
WHwuKCKhtvw Tencent Building an Enterprise Cloud with IBM
WMMq0rhzmrk IBM Cloud Now: Turbonomic Acquisition, 100+ Ecosystem Partners, and a New IBM Cloud Podcast Episode
Wgk802Y2Ru0 How to Track What Is Running on Your Cloud
WzhiYejigqU IBM Cloud Now: Into the Breach Podcast, 2022 Digital Transformation Trends, and Databases for MySQL
X7X0Z14E5Fw Everyone knew the stakes were high
X9pcrKoBRRg dataxu builds its digital marketing management platform on the IBM Cloud Bare Metal infrastructure
XRdmfo4M_YA IaaS Explained
XbYKAJc5jhg What is AIOps?
XgJeqVZpWVw AI and automation power the Mayflower Autonomous Ship
XlrCjHdK43Q Introducing IBM Cloud App ID
XoNP9kiovwI Telefónica, IBM and Red Hat join forces to accelerate digital transformation with open hybrid cloud
Y3GEofmVQUU Process modeling in the cloud with IBM Blueworks Live
YHqdJAiw6cc How to Connect to MongoDB With LoopBack
YI1DFe9AVBU Bring apps to market faster with Inversoft Passport on IBM Cloud
YKqxvTMCUQE How to Create an API that Rewrites URLs
YNxpGimyCt0 What is Process Mining?
YPjIYRCuxiU AJPBiz helps scale its customers' business operations with IBM Cloud
YUhrX5N-gJk Improving your customer experience with IBM mobile document capture
Yd_Ry8RRZTE Virtual gaming with IBM Cloud
YnRrdHsV1xE The History of Chatbots
Yto8nUeki-s What is Value Stream Management?
Z6AnuYfM8Wk DXC Technology: Taking the pain out of workers' compensation
ZFZrUg7gy3E IBM Cloud Now: Cloud for Financial Services, Analytics Engine Serverless Plan, and COS Versioning
ZHP2jQ6bFZU IBM Cloud Object Storage - flexible storage built for rapid change
ZP0NmfyfsoM What is Elasticsearch?
ZRY2LPJREQw IBM Cloud Direct Link provides fast, secure and reliable performance for hybrid workloads
ZXiruGOCn9s What are Transformers (Machine Learning Model)?
ZfTOQJlLsAs What is Object Storage?
ZjZ1T9rhkcU How IBM MQ Advanced Security Protects Data From Hacks
_522RWxFS88 Trustworthy AI is crucial for business
_5xCuyTbYDo How to See Real Time Updates in DataPower Gateways
_UtVvdetCVQ The Nature of Tech: Digital Business Automation
_bjDY9omL9I Hybrid Cloud Architecture Part 3: Security
_mT8H--LFMI IBM DataPower Dashboard: An Introduction
aGwYtUzMQUk What is AI Ethics?
aH4nz3mQIng Multicloud management: Drive security and save your brand
aOE90VAVOcU CouchDB Explained
aSrqRSk43lY Kubernetes Explained
aZDaNVh3l0k What is RPA (Robotic Process Automation)?
a_xNkLfjNzI Cambridgeshire Fire and Rescue Service improves operations with IBM BPM on Cloud
actiLf_DNtg How PSD2 Changed the Way Banks Use APIs
ahXVydSFNLk IBM DataPower Gateway Continuous Integration With Jenkins
aj9CDZm0Glc What is Kafka?
b61DPVFX03I What is LSTM (Long Short Term Memory)?
b9AzFJQVzJg IBM Watson Knowledge Catalog (formerly Data Catalog)
bDzTYIi7Is4 Client Story: Hogarth – Facilitating Global Collaboration
bGwy98ra_E4 Intelligent automation solution for insurance claims with IBM Cloud Paks
bJ7beeCDpyo IBM Keynote at Virtual AI Summit London 2020
bNXwkglxn9c Secure the container platform by building a chain of trust
b_euX_M82uI Container Security Explained
bpFeqmEL4c0 Movius and Sprint create a secure and compliant multiline mobile platform with IBM Cloud
bvVgP4tw_Hc Observability Explained with LogDNA
by0bXqAN3xw Getting started with IBM Garage
c3YaDqvSDrQ What is Database Security?
cEOUeItHDdo What is edge computing?
cHCD_KFgQwg How to Overcome Two Blockchain Challenges With IBM MQ
cTPFwXsM2po Kubernetes and OpenShift: What's the Difference?
c_N0I4ffHcA Serving digital ads faster using IBM Cloud Kubernetes Service
cjXI-yxqGTI Containers vs VMs: What's the difference?
cml1KjmjJEM IBM and Red Hat: Committed to open source
cyne4gbwsGU Do business with bare metal
dETTvSdODjc How to Configure Writable LDAP in the Developer Portal
dEhHY6giDsk IBM Cloud Now: IBM Watson Orchestrate, Next Generation of IBM Cloud Pak for Data, Expansion of ICCT
dLFv4_lozyc IBM ODM on Cloud: business rules for everyone
dNxNcDDMJIU Luminor Bank Adopts IBM Cloud for Financial Services to Accelerate Digital Transformation
dPZtd8Oxrg0 Rethink scalable computing with HPCaaS from Rescale on IBM Cloud
ds8dh1K5DIw IBM and Red Hat: Our ecosystems of partners
eJHZ8sMjsug What is Distributed Cloud?
eNSlUoswvss Mass Data Migration provides a fast, simple and secure way to transfer data to the IBM Cloud
eWMgsk7mpFc What is CAP Theorem?
exZ1YP0jjug How to Create a REST API to SOA Service
fBZuW5KMm4E IBM Cloud Now: Databases Enabled by Satellite, TLS Certificates Management, & IBM PREVAIL Conference
fDXMo3lX-Ug JRE vs. JDK
fETdNwNodvk Data Warehousing and Beyond with Netezza Performance Server
fGea6a9V1l0 How to integrate a chatbot with IBM RPA
fHO1X93e4WA What is Ansible?
fLvJ8VdHLA0 What is NLP (Natural Language Processing)?
fOWnYdVilCI IBM Cloud Now: Industry Accelerators, Visual Studio Code Extension, and IBM Cloud LinuxONE for VPC
fRY-onXjMdw Process Made Simple with IBM Blueworks Live
fYcdKVBo1VY How to deploy SAP in the cloud
fh3VaXLzH5Y What is API Management?
fp9_ubiKqFU What is Cloud Native?
fvVLrwKOrkI Into the eye: Reunited across the path of a hurricane
fy8SHvNZGeE What is Helm?
g3qf_0vc70k IBM Operational Decision Manager on Cloud demonstration
gNxCGXYexFY Use IBM DataPower Gateway to Connect Apps to Microservices
gQf_25bBUxM IBM Cloud Now: IBM RPA Trial, Palantir for IBM Cloud Pak for Data, and Notifications Updates
gUXfcX-6eVM IBM Cloud Paks: AI-Powered Software to Advance Digital Transformation
gffPD-mOBi8 Understanding IBM Virtual Private Cloud (VPC)
gkXX4h3qYm4 What is Random Forest?
gmAcJJbunL4 IBM Cloud Pak for Network Automation - Evolve to zero-touch operations with AI-powered automation
gpv-HZ4xz3E Welcome to the IBM Garage
gr3zVqq9xRg IBM Cloud Pak for Integration in 2 mins
h3SiItf_0Vw Take Your Next Step in the API Economy
hAqGYEERU9I Questions finishing home loan applications? UBank's RoboChat can help.
hFRpTVZpz8M Top API Use Cases
hIkUJRYnI_M Kubernetes drone demo: Scaling an application
hQioQQxAFHU Incident management doesn’t have to be a headache
hWRRdICvMNs What is an API Gateway?
h_WE-ZFDZJQ Hybrid Cloud Architecture: Introduction
hdwDMsDF9J8 Intro to Red Hat OpenShift on IBM Cloud
hqtVWi8Y9Xc Why RPA (Robotic Process Automation)?
hxeTU6999-0 Cognitive ITSM: Keep your hybrid environment up and running
hyqf6xpoKhQ IBM Cloud Now: IBM and AT&T Collaboration, New Partnership with ClearBlade, and Code Risk Analyzer
i9V4oCa5f9I Kubernetes Operators Explained
iETENR5MEB8 What is Secrets Management?
iFEKobyFqwQ Why IBM Runbook Automation Makes IT Ops Teams Efficient
iITmoI0s1DQ What is Continuous Improvement?
iKYSUKzRI0I How to Consume APIs With the Developer Portal
iZR0TJPmj_U Hybrid Cloud Architecture Part 2: Modernize
ia6NtoAwu5A IBM Cloud Now: IBM Cloud Satellite, Cloud Pak for Database as a Service, and Ansible Actions
imNfrtvYYbw What is Ransomware?
izu86uUbpbs IBM Cloud Now: Findings, Analysis and Recommendations from the X-Force Threat Intelligence Index
j0plkZ8jGsM Managing Edge Devices at Scale: IBM Edge Application Manager
j64WdNBqoWk No code change approach to confidential computing
jI8IKpjiCSM What is Cloud Security?
jevuDDjFEsM Edge AI vs. Distributed AI
jpjlO9lpkpE Starwood Hotels and Resorts - redefining the guest experience with IBM Operational Decision Manager
jvnz4OjRefc Websphere: The most important decision you will make in your application modernization journey
k4tK2ttdSDg What is a Data Warehouse?
k9XqDc1JCA4 IBM + Red Hat
kBF6Bvth0zw Container Orchestration Explained
kG-fLp9BTRo API vs. SDK: What's the difference?
kI62_Xw2Qgg Deploy apps and run anywhere with IBM Cloud Satellite
kZTF7wIykk4 Data Transfer Explained
kwv3D8uvebI Merlin International: Building a world-class security solution
l4Vrj7mkxhQ Guided Tour for Red Hat OpenShift on IBM Cloud
l77zmYGJ-DM Creating a secure and accessible digital workspace with IBM Cloud Virtual Private Cloud
l8S5OpMPsxU Client Success Stories: Improving critical application performance for a global bank
ldlE09pE_cs IBM Cloud Now: Cloud for Financial Services Ecosystem, IBM CloudLabs, and a New IBM Collab
lnOwde3KNJI NexJ uses IBM Cloud to deliver CRM for wealth management as a service
loOR-nz9DGY Robotic Process Automation (RPA) bots in action
lsMQRaeKNDk What is a REST API?
mABoXFF7J2k IBM Cloud Now: IBM to Acquire myInvenio, IBM Cloud for Education and IBM WebSphere Automation
m_U1DPeSc2s Barclays - improving customer experiences with IBM Business Process Manager and IBM Blueworks Live
mqmlsQ57Lko Modernize with VMware
mr2xUDNzb6Y IBM Cloud Now: Elevated Body Temperature Monitoring at the Edge, IBM Cloud Code Engine, and More
muqiHwa8UvQ What is Redis?
nAPA8FCWEDg Blueprint Genetics - speeding diagnoses with IBM Case Manager
nQ8AianmcPk What's new in Red Hat OpenShift 4.3?
nSZ3Ia4SPPY FOX Sports Wins 2018 World Cup TV Coverage with IBM Aspera
nWmTyA3acbY Process automation strategy and customer-centricity at IBM
nyH0nYhMW9M What is DNS (Domain Name System)?
o28kWyxoiV8 Intro to IBM Cloud Hyper Protect Services
o2HJCGcYwoU What is Event Driven Architecture (EDA)?
o9-ObGgfpEk What is a Chatbot?
oHBrbVf9VBY What are IBM Cloud Paks?
oQJWC74iALw IBM Cloud Object Storage: Built for business
oUpqXxmr6oU Cloud Foundry Explained
ofECjphXG6Q IBM Cloud Now: IBM Observability by Instana v1.0.197, Onboard Your Operator, & IBM Cloud HIPAA Guide
onaWOgE63_w Make Time for Brilliance with AI-Powered Automation
ovFbBgsAORE Primerica: Conquering enterprise modernization
owCQU-hbOD0 How CIOs benefit from insurance claims automation with IBM Cloud Paks
p2cUKxW-MiA Cloud Automation Manager Offering Overview
p9dAahKaSeA When Innovation Meets Hospitality: Etihad Airline's Digital Transformation
pAO7300nluc Kubernetes drone demo: Scheduling infrastructure
pMHxLBJ6_UA What is Confidential Computing?
pOUBt-S5dHY What is Conversational AI?
pRS9LRBgjYg REST API and OpenAPI: It’s Not an Either/Or Question
ph8p-eP9Y90 Reduce incident resolution time with AIOps
pkcaygZ7pFk Transitioning to a new cloud-based solution
pmcfl47NH8c IBM Cloud Now: Terraform Modules, Cloud Pak for Integration and IBM Cloud Functions Dashboard
pqxCzcPfB6Y Client Story: Sky – Managing Rapid Data Growth
pzYT80wgllM Techwave teaming with IBM to navigate digital transformation
q6kJ71tEYqM Machine Learning vs Deep Learning
qGFRbOq4fmQ What's the Difference Between APIs, Services and Microservices?
qITYKOMbx2Y IBM Cloud Object Storage – Flexible Storage for Today’s Unstructured Data Needs
qV76VwCG1Cs Using AI and data for predictive planning and supply chain
qdMTLK2vYoI Focus on your app development instead of on database management with Cloudant
qfiOVB3yMHQ What is DBaaS? Should you use it?
qiUEgSCyY5o What are Autoencoders?
qigZ8MwkDbA IBM Operational Decision Manager on Cloud - an overview
quakM9VcYW8 What happens in the IBM Garage
rEQIfqevKjI KONE runs 24/7 predictive management with IBM AI and serverless tech
rH9-m7AhJhk Artificial Intelligence for smarter Cybersecurity
rNMsOoNERHE KONE runs 24/7 predictive maintenance with IBM AI and serverless tech
rOp7aGyavnk Securely manage your cloud secrets with IBM Cloud Secrets Manager
rcuu-O02xqE What is Application Integration?
rj_YR5nG2gA IBM case & document capture for insurance
rnnhtzIgjvQ Simplify application monitoring with SRE Golden Signals
rx4Uh3jv1cA Ansible vs. Terraform: What's the difference?
s-cV36A718M Creval Sistemi e Servizi - enhancing customer service with IBM Business Process Management
s-xTauu2knA IBM Cloud Now: Phishing Kits Found, Bare Metal Servers for VPC and the Security Engineer Specialty
sCR3SAVdyCc What is a Load Balancer?
sDfvw-SzDCg Boost your enterprise workloads with IBM Cloud Internet Services Enterprise Plans
sFF_U3p8yAc Predict and automate outcomes with IBM Cloud Pak for Data
sKfep-UmZeM Architecting a Cloud Native API Solution
sNHwZrVq6AA How IBM DataPower Gateways Boosts Your Mobile, IoT & More
sUoeVhbp4cQ What is Hybrid Cloud?
sZCuoqoLcuk IBM Cloud Now: IBM Watson Query, Netezza, and IBM Cloud Satellite + Alibaba Cloud
s_92RqaqcfE vRAN vs. RAN: What's the difference?
sd1zM57TAB4 How to deploy and manage apps with IBM Cloud Code Engine
sltemCwCKGw IBM Cloud Pak for Integration: Under the Hood
t1PgNr8VMLc IBM Cloud flies with American Airlines
tIQVIwBX5Nw IBM Datacap Insight Edition - document capture for the cognitive era
tO_ag7Gor9o Getting started with Process Portal in IBM Business Process Manager 8.5.7
tQtni2st3xo GitOps on Multicloud Explained
tWKw5ujRYM8 Getting up to speed with today's global education
t_p4ZyAYyaY What is Django?
tnHauPlPp3o Enterprise Observability with Context
tzBgFog6NmY What is a LAMP Stack?
u0TgGIn2LIM Virtual Networking Explained
u3swGyuMDiU IBM and Sonoma County use Data and AI to help to change lives
u9LYxaEU_UI Building concurrent bots for critical workload help with IBM RPA
uC2JRAqYNeo What is Hybrid Cloud in 2022?
uFcitBuWsVo IBM Cloud Now: IBM Center for Cloud Training, IBM Cloud Secrets Manager, and Direct Link 2.0
uLv9aiLDtc8 Cybersecurity in KONE’s 24/7 connected services
ucCr2q-ke9s How to build an AI-driven bot with IBM RPA
usqwC2MIho8 What is the MEAN Stack?
utZU8x2wfoY IBM Cloud stability offers unparalleled uptime for customers
uuMJ__6GKm4 IBM Streams: Turn real-time data into real-time insights
v0KULJzyU2c IBM Cloud Now: IBM a Forrester Leader, GitHub and IBM Partnership, & IBM Cloud Secrets Manager is GA
v0vLiGGOl-c NHS Blood and Transplant - an IBM process automation client journey
vQInSPTz7KY What is Data Fabric?
vgm8gYmg0Ks IBM Operational Decision Manager on Cloud - overview demo
vxJobGtqKVM What is Serverless?
w49ZtExnOsk Netezza as a Fully Managed Service on Cloud
wEp-9whRGo4 Rainmaker Enables Fast & Reliable Media File Transfers & Collaboration
wIFeKcMHnXg Improving tourism with IBM Operational Decision Manager Advanced
wLxxLGMerE8 Why to use the Business Rules service for IBM Bluemix
wQnTLTHwzis Jordan Electric Power Company Selects IBM Cloud to transform its IT & SAP infrastructure
w_tCT-XrdeU Client Story: KDDI - Achieving carrier-grade reliability
wbgvAIuTiq4 Assure Performance with Smarter Application Resource Management (ARM)
wpEM9oMBJuA The Mayflower Autonomous Ship's journey to transform ocean research using AI and Automation
wpISo9TNjfU Git vs. GitHub: What's the difference?
wzJ9tkUW0sk IBM Cloud Pak for Business Automation: Drive innovation in business operations
x369D_VLsJ4 Theme support in IBM Business Process Manager 8.5.7
x9ZTBQZGQ_0 Run containerized workloads on IBM Cloud Code Engine
xErwDaOc-Gs What is a Message Queue?
xSJPw3zA-3I IBM MQ: Running your world
xTsp4bMakrI IBM Aspera on Cloud helps organizations quickly move data of all sizes
xZs29PT_3yw Sensitive data streaming security offered by IBM Cloud Hyper Protect Services, built on IBM LinuxOne
xlfqXuv9nDc IBM Cloud Now: TrySat Automation Tool, DevSecOps Reference Implementation and Securing IBM Accounts
xmDInxnKXgI API Policy Development with DataPower in API Connect Toolkit
xtNpPI9dHio Intro to IBM Cloud Data Shield
xtVnAhgtSI0 Veeam Backup
y0udPfsZ-nY Transforming digital channels to elevate hospitality
y7sXDpffzQQ What is a Knowledge Graph?
yA1QUaanmgE Ensuring AI is fair and unbiased for natural language processing
yGbOcUy6vNo AI + bots: Making processes smarter with intelligent bots from IBM RPA
yLxDi9unGkc IBM Cloud Now: IBM Cloud Databases for DataStax, Free Cloud Computing Courses, and VMware Promotions
yWByEVB0VJE What is Cloud Migration?
ydKHV23dKEc CVS Health: A modern approach to hybrid cloud integration
ymKwJcvDdSI IBM Transforms Enterprises through the Cloud
yn6CPQ9RioA Zero Trust Explained in 4 mins
yz9bq3MnuxA IBM Voice Gateway: the cognitive call center solution
z3rcNn2u-LI IBM Aspera Overview: Moving the World's Data at Maximum Speed
z503nLsfe5s What is a DDoS Attack?
z98BxCk-26s RoadLaunch uses IBM Cloud to gain a competitive advantage in the transportation industry
zL_A6wAvxGU What is a Dedicated Host?
zPNCp9AV-vA What is VMware?
zWw2wuiKd5o What is Infrastructure as Code?
zpuYp6oJRsc Get to know IBM Cloud Integration
ztIIcXNzMN4 What is Site Reliability Engineering (SRE)?
