0Da5ZlH1yT8 Noise Policy enforcement targets repeat offenders
0LAYw1Iqaqg Biggest changes to the proposed Roading & Traffic Bylaw
0c6NZ4-_i6E Winter Eco Tip #08
22cedBBxmuc Manager  - Parks Planning
2tlbvExeZXI Prime Minister opens Invercargill Airport
38nE4caIjhY Meeting of the Committee of Council – 28 April 2020
3pdEB6Oly0k Oreti Surf Life Saving Club tips for enjoying Oreti Beach this summer
47vdBpCg8xI Invercargill Cenotaph
4nPT9e65h6g Feldwick Gates tree felling time lapse
52ocCCg2HMo ICC Live - Risk and Assurance Committee Meeting – 22 March 2021
65VXvjIZrXQ Extraordinary Council Meeting – 10 August 2021
6GOVwo03G5g Winter Eco Tip #06
6xYFKLhTV8I Infrastructural Services Committee and Emergency Council Meeting - 7 September 2021 #1
7hDV_fm4mP8 Friendly's 101 List
86FacJngaC4 Alex Lithgow Statue Unveiling
8UF1vPyvZd8 Extraordinary Performance, Policy and Partnerships – Hearings - 11 May 2021
8bXRZa0Bi_M ICC Parks Week - Sandy Point Dogs Environment
8rUT6b6AQUY Winter Eco Tip #04
97I3VxDmA14 Invercargill Public Library
97RAhfHRrzs Risk and Assurance Committee Meeting – 24 March 2022
9XNkoUoXONw All Blacks visit the South
9b135Z3py7I Council Meeting + Extraordinary Performance, Policy & Partnerships Committee Meeting – 30 June 2021
9rI55CF4dVk Local Government Explainer - By-elections
9tOwMg8-ms8 Infrastructural Services Committee Meeting + Extraordinary PPP Committee Meeting – 7 December 2021
A7KoYpaoi3g Urban Play Space with CR Crackett
AH1zBvdHKaM Southland Museum and Art Gallery with CR Darren Ludlow
AleosRY_dtw 2021 By-Election
BvClTocyHAU Copy of ICC Live - Extraordinary Meetings – 29 March 2021
CVDW7OUNqWc What's happening in Bluff?
DUMTv3oOWxo Extraordinary Infrastructural Services Committee Meeting #2 – 5 April 2022
Dxa94KHiQWk Risk and Assurance Committee Meeting – 16 December 2021
E59FkNsCw5E Risk and Assurance Committee Meeting – 21 June 2021
EUVHzMWdSvs ICC Parks Week - Elizabeth Park Play
EfQCjjpix8k WasteNet Southland's Three-Strike Policy
G4IFd-I4al8 Performance, Policy and Partnerships Committee Meeting – 14 September 2021
GIJ6bX3W5Mc HRH Prince Harry Visits Invercargill
Gbw_KJJmGA4 Project Governance Group Meeting – 2 February 2022
Gcld2RwYxnw Māori Language Week: Splash Palace
HD1AHkMTpKQ Gambling Venues Policy
HgL4D9EM4cY ICC Live - Council Meeting – 23 March 2021
HxDYGve8QUI Extraordinary Performance, Policy and Partnerships Committee Meeting part 1 – 18 May 2021
I0qQ0ItLv0U What is Our Road Map to Renewal
IKF8bkiribg Performance, Policy and Partnerships Committee meeting – 8 June 2021
Iz1YpMPjnq8 ICC Live - Extraordinary Meetings – 29 March 2021
J-uyPYtsZHQ What is the Long Term Plan?
JDxpQ22TL3I Council Meeting – 23 November 2021
JQUQLvOCaeU Ex. Performance, Policy and Partnerships Committee Meeting + Council Meeting – 22 March 2022
K5-iMtRi_fI Invercargill Brand Launch
KuXyeuu1AG0 2019 Bluff Oyster Festival
LOx6H_AM2hk Representation Review
MUnteilDGwc Where's your bus?  Find it online
N3vArjaW0us Ex. Risk and Assurance Meeting (continued) + Council Meeting (continued) – 21 December 2021
NJpnhVzSMc4 ICC Live - Performance, Policy and Partnerships Committee Meeting - 9/03/2021
NRlNGxRXxpQ Mayor Tim Shadbolt welcomes you to ICC TV
NeqU1GJjT40 ICC Discover Our Parks 2019
Nf3aMkz5ng4 How we're getting cleaner, clearer water to your tap
NnxCZnwL2Hk Inaugural Council Meeting
NtjVEdHPYcE Rugby Park Stadium Open Day
NyYeLVVWY1c Extraordinary Performance, Policy and Partnerships Committee – 17 February 2022
OHhf-LsrG-Q City Block Public Meeting Full Video
OMYTvLFWkQA Risk and Assurance Committee Meeting – 29 September 2021
OWJbqUQEd4w Council Meeting – 22 February 2022
OjXQioidOAA Free microchipping for local dogs
OxCBSAmpneY Invercargill brand slideshow
P7nEhQsZVCs Your questions about a secondary water source answered!
PFedT1uAMrA South Invercargill War Memorial
POsDalSAC_s ICC Parks Week - Queens Park Sport
Py8gCIrBTYw Youth Council seeks opinion on smoke free Esk St
QN57AJTOX8U Ex. Risk and Assurance Meeting (continued) – 21 December 2021
R0ThNeNFuPw Invercargill Transfer Station weighbridge lifting
RK0FMsEzrJ8 Troopers Memorial
RS_4CetbaDg Ex. Infrastructural Meeting #1 + Infrastructural Services Committee Meeting – 5 April 2022
RqHcVi4At00 Extraordinary Performance, Policy and Partnerships Committee Meeting – 22 February 2022
SAwR5enZIM0 Council Meeting – 24 August 2021
STJBQzqhKZU Southland Museum & Art Gallery Trust 2 April 2020
SVj3fjsJFHw Performance, Policy and Partnerships Committee Meeting – 13 July 2021
TJTKy29I7DU Performance, Policy and Partnerships Committee Meeting – 14 December 2021
Tb0c7gp1lZs Are you Friendly?
Tm1RqpN7RNE ICC Live - Performance, Policy and Partnerships Committee Meeting – 13 April 2021
TzdRW9M_dV0 ICC Representation Review 2021
UCJ_bN5I4W4 Project Governance Group Meeting – 6 April 2022
UX5GlH55zns ICC Discuss The Long Term Plan
UZETNJP4xcg Performance, Policy and Partnerships Committee meeting – 11 May 2021
UrlI7LSfDnA Winter Eco Tip #05
W83jnWsqRaw Protect, respect, and enjoy Oreti Beach this summer!
WCdj_AjK_ws Performance, Policy and Partnerships Committee Meeting – 9 November 2021
WINpp2AkqJw Council Meeting – 25 May 2021
WYNnRGg_PAw Infrastructural Services Committee Meeting – 1 February 2022
XpCZhImc8ps Extraordinary Risk and Assurance Committee Meeting – 15 November 2021
YK8Ug1bbnk0 ICC Animal Services Officers - A Day In The Life!
Ycf9KjwVQhc Winter Eco Tip #02
YkgP9KNLxCA Extraordinary Performance, Policy and Partnerships – Hearings  – 12 May 2021 Part 1
YoApJw6Dbcc Māori Language Week: He Waka Tuia
YoWQ9dFRAGw Councillors Visit The Suqian Friendship Garden
_aqFX_7spDs Proposed changes to the Dog Control Bylaw & Policy
_pJNMSfEbZE Infrastructural Services Committee Meeting – 5 October 2021
auY9hw-_Zc4 Invercargill City Youth Council
bA-xthxCkW0 Extraordinary Performance, Policy, and Partnerships – Hearings  – 12 May 2021 Part 2
bCbKeiJLQKY Performance, Policy and Partnerships Committee Meeting – 13 July 2021
cPEPtNCns3s Māori Language Week: Parks and Recreation
cZmoDHxNVvY Extraordinary Infrastructural Services Committee meeting – Tuesday 11 May
cjYleErVxYk Māori Language Week: Health and Safety
ckQwZ_hsU4w Winter Eco Tip #01
cs-EyUurydM Ex. Infrastructural Services Committee Meeting + Ex. Risk and Assurance Meeting – 21 December 2021
d6WLXHoBzNU Committee of Council - 18 May 2020
d8aVAaSXVAQ Council Meeting – 21 December 2021
dSrRTR41nS4 Infrastructural Services Committee Meeting – 1 March 2022
e6vKA98_08k Roadmap to Renewal - Rugby Park
eCiFXwOycr4 Infrastructural Services Committee – 1 June 2021
eZkv_pXIpXE Discover our Parks Prize Winners
g6HNpo1mlqI Extraordinary Policy, Performance and Partnerships – Hearings - 11 May 2021 part 2
gLjlWnxdZFo SMAG Redevelopment
gllyWqiBYKY Extraordinary Performance, Policy and Partnerships Meeting – 21 December 2021
h0sn3jAcxuo Roadmap to Renewal - Changes to the way we rate.
i-UuwlI5tEc Risk and Assurance Committee Meeting – 24 August 2021
j6LOhHdYS3Y Roadmap to Renewal - Southland Museum and Art Gallery
jA2kXzdRC3Y Hydroslide Timelapse
jQXcJs1ire0 Performance, Policy and Partnerships Committee Meeting – 10 August 2021
jYp_MAw1ZNE Infrastructural Services Committee and Emergency Council Meeting - 7 September 2021 #2
kSg3IN-yYSs LTP 2018 2028 Anderson House Promo
kYTrvrYjbrQ Manager - Parks
l48KBzLzh_0 Meeting of the Committee of Council - 25 May 2020 - Full video
l8IIwFuwftE Maintaining magnificence
lS-vxWE0DCA Committee of Council - 25 May 2020
lk37R85-RMc Infrastructural Services Committee Meeting – 2 November 2021
lm4UFahczU0 LTP 2018 2028 Anderson House AMA
lo3RYbe5cb0 Extraordinary Performance, Policy and Partnerships Committee – Public – Tuesday 01 March 2022
mApMhSto2T8 Extraordinary Risk and Assurance Committee Meeting – 3 November 2021
mXhybOa4jB8 By-Election Post Cut off date is today
mmAX_dflKQ4 ICC Live - Infrastructural Services Committee Meeting – 7 April 2021
n3nrJhUBYIk Myross Bush Memorial Gates
n3qyWKzkTVo Performance, Policy and Partnerships Committee Meeting – 8 March 2022
nQOi9ScygMo Old Bluff Cemetery
nkhlCMwGrf4 Your questions about the additional pool proposal answered!
o8qIhnhMfeY Waste Advisory Group Meeting
oL6oLHwbA8Y Project Governance Group Meeting – 2 March 2022
ocLbgyiLBgY Should we search for and develop a secondary water source?
ou3HIZ_3gv8 ICC Live - Council Meeting - 23/02/2021
ozQY_A7e1Vg Eastern Cemetery
pLU8S5EkgvU Paws For Thought
pcLVFNKKwL8 ICC Live - Council Meeting – Tuesday 27 April 2021
plILvAsZLRg ICC TV Explains The 2015 Representation Review
puGibSv-Ouw Removal of the Invercargill Tram Tracks
q-7m4NxUkL0 Performance, Policy and Partnerships Committee Meeting – 12 October 2021
qIPPCMtaVdY Extraordinary Infrastructural Services Committee Meeting – 22 March 2022
qpoqTDDpt1c Winter Eco Tip #03
r5I4qFvoz30 What happens to your recycling?
rBBAW0mxMdI Should we build an additional pool at Splash Palace?
rbLrTEucw1Y Waikiwi Memorial Gates
rhbiQEg8yA8 Recreation - Planner
rzq4Jc6RxeU Council Meeting – 27 July 2021
sBMgozPFoCc Roadmap to Renewal - City Centre & Urban Play Space
t2QYNcRXx_4 Join the team at ICC!
tE77Svovdws Infrastructural Services Committee – 3 August 2021
tFGwAvNQCrk Have you used Council's free eco design service?
tG1GOAZ-Y00 Committee of Council - 4 May 2020
tx2LdU05Iso Winter Eco Tip #07
u5CvkCXuHao Performance, Policy and Partnerships Committee Meeting – 8 February 2022
uIj-3n7NIgw Council Meeting – 24 August 2021
undZA54FmeY Scoop the Poop
vEPWOZ14_q8 Council Meeting – 26 October 2021
vOTogAlPNDM Māori Language Week: Invercargill Public Library
vi1_gpDUIg8 Extraordinary Infrastructural Services Committee Meeting – 27 July 2021
vmjpMoVwJE8 SMAG Trust Board Meeting
wQjym9Ctjwc Extraordinary Performance, Policy and Partnerships Committee Meeting part 2 – 18 May 2021
wUGj-YD0gEE Extraordinary Infrastructural Services Committee Meeting – 15 March 2022
wuv1cM2gqD0 Council Meeting + Extraordinary Infrastructural Services Committee Meeting – 28 September 2021
xeALd7wUlaI Extra Money For City Block Answers
yCYcOx0Al2Q Rugby Park Footballers Memorial
yQs1du4ALZY ICC Live - Council Meeting – 23 March 2021
ySFf6BeO4jg ICC Live - Infrastructural Services Committee Meeting - 2/03/2021
