-53l-yPhT-c Colby Covington - Brazil, Jon Jones, UFC 225 - Jim Norton & Sam Roberts
-6VVkeohcHo Kelsey Cook - Nashville Mayor Scandal - Jim Norton & Sam Roberts
-9I87meqryU Gene Simmons - 'On Power', Respecting Women, Merchandise Branding - Jim Norton & Sam Roberts
-B6eweI2TUc Vinny D'Agostino Explains the Future of Bitcoin - Jim Norton & Sam Roberts
-FOCkwFU36k Jamey Jasta & Dave Attell - Kanye Meets Trump, Hardcore + Hip Hop, + more - Jim Norton & Sam Roberts
-IwXMc94FEk Bruce Campbell - Shooting Evil Dead, Meeting Bill Clinton, Horror Films - Jim Norton & Sam Roberts
-OB51gooN8w James Murray - 'Impractical Jokers', 'Awakened', Selling out MSG - Jim Norton & Sam Roberts
-YETUc65vN0 Donald Trump Jr. On Alien Life - Jim Norton & Sam Roberts
-YbDz4IBKyc Taylor Schilling - 'Orange is the New Black', Celebrity Status, Insane Clown Posse and more
-_ot38qw4JE Chip Ruins Walking Dead Memes - Jim Norton & Sam Roberts
-bntd1R7oDY Joe Machi, Sam Morril, Gilbert Gottfried, Dave Attell - Getting Cut from Movies, Residuals
-j6hkb-vzFI Elayne Boosler - Andy Kaufman, Stand Up, The Comedy Store Strike- Jim Norton & Sam Roberts
-mHjYYfnrus Amy Schumer Was Almost Married By Adele - Jim Norton & Sam Roberts
-r235Br2Buc Cowboy Cerrone - Naked Cowboy, Conor McGregor, Ranch Life - Jim Norton & Sam Roberts
-rGHHP8NT-0 Haley Joel Osment - Ted Bundy, 'Future Man', 'Fyre Fraud' - Jim Norton & Sam Roberts
-tUqKJQrBW8 John C. McGinley - 'Stan Against Evil', Stress, Being Starstruck - Jim Norton & Sam Roberts
-veGA5k5EIA Joe List, Joshua Leonard & Jim Florentine - 'Unsane', 'Blair Witch Project', 'The Tonight Show'
0-k6KM716OA Maureen McCormick (w/ Mike Cannon) - Brady Bunch, Psychedelics, Twitter, Late Florence Henderson
07MyRJM2aW8 How Donald Trump Won the Election - Jim Norton & Sam Roberts - Full Segment
08HCjKVyZtg Skinny Bert Kreischer - #BertisFat, Virginity, 'The Machine' - Jim Norton & Sam Roberts
0APMcySFWyc Mark Normand & Ron Bennington - Chris Hardwick Allegations, World Cup, Uber
0CxnkMfZfes Sharon Osbourne Says Les Moonves Has Bad Breath - Jim Norton & Sam Roberts
0GnwXrGyNmU Sean Evans of 'Hot Ones' Ì†ΩÌ¥• -  Best/Worst Guests, Publicists, Khaled, etc - Jim Norton & Sam Roberts
0MU8qiiM-sQ Tough Crowd Reunion Suggestions - Jim Norton & Sam Roberts
0YuQ1PunL9M Mike & Rob Go To Comic Con -  Jim Norton & Sam Roberts
0cHz8Q5zJB8 Bill Hader - 'Barry', 'Saturday Night Live', 'It' - Jim Norton & Sam Roberts
0e8HSrUUsAo Pamela Adlon - 'Better Things', 'Facts of Life', Winning an Emmy - Jim Norton & Sam Roberts
0goNYXbzXAw Mia Isabella - Confirms Affair with Tyga - Jim Norton & Sam Roberts
0jOcpM5Gkf0 Vincent Pastore on 'The Sopranos' w/ Ron Funches & Dan Soder - Jim Norton & Sam Roberts
0qjHOf9HVTE Paul Feig - 'The Joel McHale Show', Twitter, Script Writing - Jim Norton & Sam Roberts
0rIkZjCojW4 Cregg Shinkel Wrongfully Connects Westworld & Hip Hop (w/ Rich Vos) - Jim Norton & Sam Roberts
0zXCsVttuYk DJ Whoo Kid on Ex Wife with Gilbert Gottfried - Jim Norton & Sam Roberts
0zlZqExS0Yk Tim Robbins On Democratic Politics - Jim Norton & Sam Roberts
10i7KHQGfqw Joel Kinnaman - 'Altered Carbon', Swedish TV, Kevin Spacey - Jim Norton & Sam Roberts
10wI71tfbJA Henry Winkler - Dyslexia, Cash Me Outside, Meryl Streep, Donald Trump - Jim Norton & Sam Roberts
12DbkEhvEL0 Boots Riley - 'Sorry to Bother You', Kanye West, Communism - Jim Norton & Sam Roberts
13B4tbxEUeE Michael Bisping - Georges St. Pierre, Getting Robbed, Jon Jones - Jim Norton & Sam Roberts
1EK5xDLCBLI Joe List is Very Talented and a Good Singer - Jim Norton & Sam Roberts
1J3AXPPvFj4 Anthony Cumia & Artie Lange - Returning to Sirius, Radio, Being Banned From Twitter - Jim and Sam
1PFwWSawDbA Carol Kane Discusses 'Unbreakable Kimmy Schmidt', Taxi, Andy Kaufman
1ViAm-sFGI8 Roger Stone - JFK Files, Two Party System, Hilary Clinton - Jim Norton & Sam Roberts
1Vj35twCz7U Adam Cole - NXT,  Early Career, Video Games - Jim Norton & Sam Roberts
1cNyeOFYooI Michael Pena - '12 Strong', Shooting On Location, 'Narcos' - Jim Norton & Sam Roberts
1l6rrXCFgVQ Jeff Garlin -- Relationships, Patrice O'Neal, Meditation and more - Jim Norton and Sam Roberts
1poFqfzR92g Paul Feig Talks About Hollywood & Almost Working With Harvey Weinstein - Jim Norton & Sam Roberts
1xu7G7QkQsI Johnny Knoxville - Concussions, 'Action Point', Performing Stunts - Jim Norton & Sam Roberts
1ybOXanSjMs Ricky Gervais discussing the Hollywood Scandal - Jim Norton & Sam Roberts
21tLCeSowng Jim Impersonates James Earl Jones - Jim Norton & Sam Roberts
25WUXah58cI Nate Bargatze - Chain Restaurants, 'The Standups', Nashville Mayor - Jim Norton & Sam Roberts
2D3kfunaChY Robert Kelly & Rich Vos - Golf, Farts, Super Bowl - Jim Norton & Sam Roberts
2EWSoyBmvCE Doug Benson on Jim Norton & Sam Roberts - Financial Domination + more
2LRR0sUO-a0 Craig Shoemaker on the Magic Hour- Jim Norton & Sam Roberts
2NS4WM6pBcM Judd Apatow & Pete Holmes - Louis C.K.'s Leaked Set, Artie Lange, 'Crashing' - Jim & Sam Show
2PEWTa55fHs THROWBACK: Rich Vos & Kelsey Cook - Legend Vos vs. Caller Paul + more - Jim Norton & Sam Roberts
2iI6o1pg0Rw Talib Kweli - Jay Z and Kanye Relationship - Jim Norton and Sam Roberts Show
2qmld8c_oEE Robert Kelly in studio - Bill & Hillary's Relationship, Trump - Jim Norton & Sam Roberts
33gohgRJVYY Pipe Bursts in Jim's Apartment - Jim Norton & Sam Roberts
37HjZE8hdaA Taylor Hackford - Chuck Berry & Keith Richards, Devil's Advocate, Donald Trump, Ray,  Filmmaking
3Dm0aoEPPvk Colin Quinn - Julian Assange, Ken Bone, Jim's Enema, etc - Jim Norton & Sam Roberts
3NGoH4gTS1A Billy Dee Williams Returning to Star Wars & Jurassic Park Dream Sequence - Jim Norton & Sam Roberts
3UlFzLYV5mM Sebastian Bach - Bon Jovi & Stryper Beefs, Gene Simmons, Kanye West - Jim Norton & Sam Roberts
3VNEc17oYNw Chad Smith - Will Ferrell, Red Hot Chili Peppers, Cheating - Jim Norton & Sam Roberts
3XPhJ3xvWLI Bonnie McFarlane & Jimmy Carr - Jim Norton & Sam Roberts
3ls4Na5kHik Joe Rogan On United States Response To COVID-19 | Jim Norton & Sam Roberts
3q0hJQ-LrxU Tom Shillue - 'Mean Dads For a Better America', Ending of Red Eye, Childhood Experiences and more
3x5QlyFn9GQ Bob Kelly Presents - Rich Vos Karaoke - Jim Norton & Sam Roberts
3yToEDNH69Q TJ Miller - Office Christmas Party, Trolling Film Critics, Comedy - Jim Norton & Sam Roberts
3zQbr0n8pms Dee Snider - Comedy, 'For The Love of Metal', Playing New Songs Live - Jim Norton & Sam Roberts
4-ICwzUMqDA Rich Vos Shows Up on The Wrong Day   Jim Norton & Sam Roberts
40CTip609KM Nick DiPaolo - Third Debate Recap & Mainstream Media - Jim Norton & Sam Roberts
4AVGbIyKGLs Ricky Gervais - After Life Season 3, Being Left Alone - Jim Norton & Sam Roberts
4B9DAK4Fico Martin Freeman - The Office, Fargo, Sherlock, Career - Jim Norton & Sam Roberts
4ECqWjtOP0k Ricky Gervais - 'Humanity', Stand Up, Late Night TV - Jim Norton and Sam Roberts Show
4KIlPv3vMk8 Andrew Schulz on His Netflix Special and Getting COVID-19 | Jim Norton & Sam Roberts
4Pg6vlrTgtc Willem Dafoe & Paul Schrader - 'Dog Eat Dog,' Richard Pryor and more - Jim Norton & Sam Roberts
4YpJSV9AAs8 The Miz Discusses Possible Match With Daniel Bryan At SummerSlam - Jim Norton & Sam Roberts
4YvaxmgGR6s Roger Stone - FBI Arrest, Nixon Foundation, Sex Life - Jim Norton & Sam Roberts
4ZizHXtV65Q Dennis Quaid - The Art of More, Playing Bill Clinton, Flying - Jim Norton & Sam Roberts
4cVgHx1MP1c Robert Wuhl - 'Arli$$', Glenn Frey, 'Batman' - Jim Norton & Sam Roberts
4fNaIUb9g5o Rob Corddry - 'Ballers', Traveling, Auditioning - Jim Norton and Sam Roberts Show
4znmCW2kYRg Kevin Smith - 'Silent But Deadly', Surviving a Heart Attack, Going Vegan - Jim Norton & Sam Roberts
55P9CuS0Rho Elias - Playing for Vince McMahon, Performing at WrestleMania, Diet - Jim Norton & Sam Roberts
56srjvnLI5c Ira The Weatherman - Jay Thomas, Donald Trump, Zumba - Jim Norton & Sam Roberts
5FX9Ovyq_Vc Bo Derek on #MeToo & Kicking People In The Nuts - Jim Norton & Sam Roberts
5QLc1JmnNL4 Roger Stone Talks About The JFK Documents - Jim Norton & Sam Roberts
5R-L6hsOVwc Joe Buck - Why Do People Hate Him? - Jim Norton & Sam Roberts
5bD5EHQMLqY Chris Shearn & Kevin Farley - Chris Farley, '2gether', Stand Up - Jim Norton & Sam Roberts
5mUt4F6C5Q8 Thomas Haden Church - Sam's Lame Hand Gesture - Jim Norton & Sam Roberts
5nqr06t8zRM PFT Commenter & Big Cat - Barstool Sports, 'Pardon My Take', Wrestling - Jim Norton & Sam Roberts
5pf2xAkzvRo Burt Ward - Gentle Giant Dog Food, Auditioning for Robin, Bruce Lee - Jim Norton & Sam Roberts
5t7wHAIMt2U Wanda Sykes on Roseanne's Tweets - Jim Norton & Sam Roberts
602ZTXxgSXo Jim Makes Scrambled Eggs For Gordon Ramsay - Jim Norton & Sam Roberts
69OsxlpS8p4 Dave Rubin & Jo Koy - Hulk Hogan, Hugging, Disciplining Kids - Jim Norton & Sam Roberts
6I9Gcwkz2b8 Jon Taffer Discusses His Early Days, Disgusting Bar Rescue Stories, Etc
6QhDvxvRKbA Danny McBride- 'Vice Principals', 'East Bound & Down', Cursing - Jim Norton & Sam Roberts
6e3ZoqHt8Cw Kelsey Grammer Talks About Getting A Heart Attack In Hawaii - Jim Norton & Sam Roberts
6fEOxiNtEUo Jim Jefferies - Robert O'Neill Friendship & Becoming A U.S. Citizen - Jim Norton & Sam Roberts
6g1v4kFTeI0 Mark Normand & Ron Bennington Part 2 - Evicted Adult Son Update, Vos Roast, Getting Knocked Out
6g5zsywlImQ Oscar Isaac - 'Annihilation', Artificial Intelligence, 'Star Wars' - Jim Norton & Sam Roberts
6hfZqK4e_FA Billy Bob Thornton - Odd Fears, Germs - Jim Norton & Sam Roberts
6ichJ-Ivp9U Kofi Kingston - Randy Orton Beef, Sneakers, Antonio Brown - Jim Norton & Sam Roberts
6mCwR2WszQI Taz - The Taz Show, Radio Industry, D-Bag Beef, Soundboard Fun - Jim Norton & Sam Roberts
6mHosC8h63U Jordan Harbinger - 'Art of Charm', Going to North Korea, Relationships - Jim Norton and Sam Roberts
6qD3QOc3Jm8 Roxy Striar - Toe Sucking, Fetishes, Advice for Virgin Caller - Jim Norton & Sam Roberts
6sNY6SPGeAM Lisa Ann - Social Media, Stormy Daniels, Safaree - Jim Norton & Sam Roberts
6xp_p0IS5BU Meghan McCain Doesn't Like Tim Dillon | Jim Norton & Sam Roberts
71daGs9XUAY Chip Chipperson Is Retiring | Jim Norton & Sam Roberts
71sU0cJFqxo Anthony Cumia Calls in to Jim Norton & Sam Roberts
724cAIFLs1U What To Watch Before 'Infinity War' - Jim Norton & Sam Roberts
72Z7g_jjXyU Roger Stone - Mueller Investigation, The Bush Family, 'Stone's Rules' - Jim Norton & Sam Roberts
7GpoMUJWeoQ Nick Nolte - The \
7MaH01oMbfs Sam Morril, Joe Machi & Andrew Schulz - Conspiracies & Technology  - Jim Norton & Sam Roberts
7TEow0ByJoY Rich Vos Blocks Sam w/ Ian Fidance - Jim Norton & Sam Roberts
7Us-o4dBF9U Rich Vos to Elijah Wood: Should've Been Harry Potter? - Jim Norton & Sam Roberts
7etC4Fd0obE Russell Peters - Performing in Saudi Arabia, Music, Learning Jiu-Jitsu - Jim Norton & Sam Roberts
7gYmJqFBfaE Ricky Gervais: \
7sALsnsedLM Tony Ortega - Scientology Secrets + Tactics, David Miscavige, Tom Cruise - Jim Norton & Sam Roberts
83UMwN5jDRE Diamond Dallas Page - 'Positively Unstoppable', DDP Yoga, 'Shark Tank' - Jim Norton & Sam Roberts
864-ngToPi8 Jerry O'Connell w/ Jim Breuer - 'The Jerry O Show', The Mets, Daytime Talkshows - Jim & Sam
88OJSoa36Lo Gad Elmaleh & Mark Normand from October 18, 2018 - Jim Norton & Sam Roberts
8DGngJ_6628 Sway Calloway (w/ Dan Soder) - Obama,  McCain's Bad Jokes, Chris DiStefano's Bomb
8HwaxGCvq6s Tom Arnold Confronts Roger Stone About Leeann Tweeden Live On Jim Norton & Sam Roberts
8MAtroEeK0w Joel McHale on Netflix cancelling 'The Joel McHale Show' - Jim Norton & Sam Roberts
8OjVNru2H9Y Gary Busey - Donald Trump, Smack Character, Bizarre Inteview  - Jim Norton & Sam Roberts
8TxmGaD_zBU Nick DiPaolo Meets DJ Whoo Kid - Kanye, Sneakers + more - Jim Norton & Sam Roberts
8UkIznS4RvE Sebastian Bach - Michael Sweet (Stryper) Beef - Jim Norton & Sam Roberts
8W9WKKp_Am4 The Miz - WrestleMania, Yells at Sam, Fighting w/ McMahons- Jim Norton & Sam Roberts
8jTO5Oud5hU Rich Vos & Anthony Cumia - Yeezys, Staff Christmas Gifts, Animal Movies - Jim Norton & Sam Roberts
8tpxrTz4sPo Sam Elliott - 'The Hero', Award Shows, Chemistry Between Actors - Jim Norton and Sam Roberts Show
8zwEnNJumQ4 Stephen Lynch Performs 'Time Machine' - Jim Norton & Sam Roberts
91q1NZGwE2Q T.J. Miller expands on leaving 'Silicon Valley' - Jim Norton and Sam Roberts Show
92tlnY0DKIY Tom Papa - Jim Throws His Soundboard, Weddings, Trump Tweets - Jim Norton & Sam Roberts
94LlaNeg0cY Natasha Lyonne - 'Ballmastrz: 9009', Living in Israel, Janis Joplin - Jim Norton & Sam Roberts
9AzZKBy4HFI Bobcat Goldthwait Discusses Performing At Gathering of The Juggalos - Jim Norton & Sam Robberts
9ECpvmO8diU Jim Gaffigan - Performing for Billionaires, Jeffrey Epstein Conspiracy, Jeff Bezos - Jim & Sam
9Ikq4XrnJrs Desus & Mero Talk Interviewing Politicians & Bill de Blasio - Jim Norton & Sam Roberts
9LsK3glvgS0 Just For Laughs - Ms. Pat's Gay Daughter - Jim Norton & Sam Roberts
9MfDtXT4Dfg Donald Trump Jr. - Trump Presidency, Jeffrey Epstein, Conspiracy, Triggering, etc - Jim & Sam
9SzBxARfAvo Mike Finoia - Working In Sales - Jim Norton & Sam Roberts
9TBJeBtLgVI Paul Feig - 'Guardians of the Galaxy', 'A Simple Favor', Social Media - Jim Norton & Sam Roberts
9TN0H1LGsqE Andrew Schulz & Paul Virzi Watch R. Kelly's Interview On CBS - Jim Norton & Sam Roberts
9VYp2Np6hWU Mike Epps - 'Unsuccessful Thug', Prison, Richard Pryor - Jim Norton & Sam Roberts
9ZyAnOl2FMs Mick Foley talks about his relationship with Vince McMahon - Jim Norton & Sam Roberts
9hp2Xx3GGk8 John Leguizamo -  'When They See Us', 'John Wick' & Linda Fairstein - Jim Norton & Sam Roberts
9kULjNQOow8 Neil deGrasse Tyson - 'Star Talk', Kareem Abdul-Jabbar, Jeopardy - Jim Norton & Sam Roberts
A5u_PNqMslw Bruce Buffer - UFC 205, Conor McGregor, Career - Jim Norton & Sam Roberts
A94Zzv4ndfE Jeff Leach on Gwyneth Paltrow's Vagina Candle - Jim Norton & Sam Roberts
ACNlRWG0Ryg Ron Bennington - Thanksgiving Show, Drugs, Movies - Jim Norton & Sam Roberts
AEcvCBFkdD4 Georges St-Pierre - UFO's and Conspiracy Theories - Jim Norton & Sam Roberts
AFRsqjMVnvA Roger Stone -- The Firing of FBI Director James Comey
AFfPkWdVs0I Anthony Cumia & Ari Shaffir Pt 1 - KRock Apology,  Relationships, George Lucas - Jim & Sam
AH-Y65rRJ7Y Howie Mandel - No Meghan Markle Memories, 'AGT', Simon vs. Howard - Jim Norton & Sam Roberts
AH3I8cyF1C4 Ricky Gervais Performs as David Brent: \
ATayrAMxS3c Gad Elmaleh - Stand-Up in America, Comedy Cellar, Fame - Jim Norton & Sam Roberts
AY80asf_e90 Sopranos Con with Mike Montone - Jim Norton & Sam Roberts
AZV2_zXvM0w Super Humman x Insane Clown Posse - Jim Norton & Sam Roberts
Ad81el_bmPs Thomas Haden Church - 'Divorce' on HBO, Naked Auditions, more - Jim Norton & Sam Roberts
AoMIN2ThnvY Roger Stone - Saudi Arabia, Russia Probe, Paul Manafort - Jim Norton & Sam Roberts
Az6g7fcQV-M Chris Gethard - 'Lose Well', Cancellation of TruTV Show, Jon Jones - Jim Norton & Sam Roberts
BDmqL0LCXWs Jeff Bridges - 'The Only Living Boy In New York', Movie Trailers, 'King Kong' - Jim & Sam
BFAccvFAyH4 Yakov Smirnoff - Rooming w/ Dice, Ronald Reagan, Dinner Theater Napkins - Jim Norton & Sam Roberts
BQKwcl0YW_k Phantoms - EDM Scene, Snapchat Fame, Child Stars - Jim Norton & Sam Roberts
BWLWleHipVc Kyle Harvey Reacts To Madonna's Aretha Franklin Tribute at the VMA's - Jim Norton & Sam Roberts
BhGkjxrH7JA To Tell The Truth: Who Pooped on the Bus? - Jim Norton & Sam Roberts
Bq8yIOP8ews Chris Gethard - 'The Chris Gethard Show', Stand Up, Paul Giamatti - Jim Norton & Sam Roberts
Bu5BwyMQ8hU Ari Shaffir Quit Jerking Off - Jim Norton & Sam Roberts
C1VwYD66l10 Billy Corben - 'Screwball', Florida, Documentaries w/ Dan Soder - Jim Norton & Sam Roberts
C4lDwG_vVmw Nancy Grace Walks Out on Jim Norton and Sam Roberts
CGrw9n27Phs Just For Laughs - Chris Distefano's Childhood - Jim Norton & Sam Roberts
CQVyHrKrqac Amy Schumer -- Attending The Met Gala and Kim Kardashian - Jim Norton & Sam Roberts
CTZaUS0blHY Bert Kreischer Calls His Wife To Find Out If He Talks During Sex - Jim Norton & Sam Roberts
CTfyV_uooQE Ian Fidance's Threesome | Jim Norton & Sam Roberts
CcLHx6QMZNE Jim's Iceland Trip, Bobby Fischer Center, Blue Lagoon - Jim Norton & Sam Roberts
Ci9txyM7i-Q Steve Guttenberg - 'Ballers', Parties At The Playboy Mansion, Auditioning - Jim Norton & Sam Roberts
Cn_j7Q-k6PY Kristen Bell - Chips Movie, Slothes, Marriage to Dax Shepard, Auditioning - Jim Norton & Sam Roberts
CtTd6M4bbQk David Alan Grier - 'Snap Decision', Auditioning for 'Seinfeld', Jim Carrey - Jim & Sam
CwUUMUeOthw Roger Stone - Leaving Trump, Pizzagate, Clintons, JFK, etc- Jim Norton & Sam Roberts
DJNFsN1wvag Bob Backlund Demonstrates Thee  Cross-Face Chickenwing - Jim Norton & Sam Roberts
DJszFDW4AGw Roger Stone Calls CNN 'Scumbags' - Jim Norton & Sam Roberts
DLq6vjhGnWs Colin Quinn Calls In ; Rich Vos in Studio - Jim Norton & Sam Roberts
DQAtfZuGcdI Sgt. Slaughter Talks About His Relationship With Andre The Giant - Jim Nortn & Sam Roberts
DYGOpMKiCXY Dave Attell - 'Bumping Mics', Sleeping, Holiday Movies - Jim Norton & Sam Roberts
Dcl6mlho5j4 Ronny Chieng - 'The Daily Show', Malaysia, The Metric System - Jim Norton & Sam Roberts
DeFIaDsQMs0 T.J. Miller - Slide Trombone, Water, Steven Spielberg - Jim Norton & Sam Roberts
DeQnRIiM9KE Penn Jillette - Graduating High School, Technology, Donald Trump - Jim Norton & Sam Roberts
DggpS1sfcgo Bert Kreisher and Jeff Dye - Marriage,  Sex Stories, Growing Old  - Jim Norton & Sam Roberts
DomhYOfbT7E Meryl Streep vs. Donald Trump - Jim Norton & Sam Roberts
DraskuEgwvs Anthony Cumia & Robert Kelly - Than's Return, Travis' Dog, Podcast Awards - Jim & Sam Show
DuW0RqPmSws Mo Amer: Touring with Dave Chappelle | Jim Norton & Sam Roberts
E2Y0goWrgzg Dave Portnoy - Barstool Sports Radio, Jane Fonda, Kids - Jim Norton & Sam Roberts
E5w-Le4tUz8 Thomas Haden Church - Naked Auditions - Jim Norton & Sam Roberts
E9RxH_nRd-Q Sam Can't Escape Chip Chipperson - Jim Norton & Sam Roberts
EB51NwjT88Y Jordan Harbinger - Podcasting, North Korea, Social Media - Jim Norton & Sam Roberts
EN-GN7kCEvE Nick Kroll - 'Big Mouth', Broadway, Masturbating - Jim Norton & Sam Roberts
ENoWIYeE-MA Tito Ortiz - Upcoming Fight  vs. Alberto El Patron & Supporting Donald Trump - Jim & Sam
EPZFTkWmXeE Bobcat Goldthwait - Late Night Pranks, Robin Williams, 'Misfits & Monsters'
EQSTkNKCVLg Neil deGrasse Tyson on 'Arrival' & Science in Hollywood - Jim Norton & Sam Roberts
ERI2lvOR29Y Dan Soder - Billions, Crappy Apartments, Slam Poetry - Jim Norton & Sam Roberts
EXpWovN3diw Sharon Osbourne On Julie Chen Adding Moonves To Her Last Name - Jim Norton & Sam Roberts
EYFnQfmwy3o Michael Rapaport on the Kevin Spacey Allegations - Jim Norton & Sam Roberts
EeKP5TsZtgQ Stephen Wonderboy Thompson - UFC 209, Texas Trans Wrestler, Pre-Fight Sex - Jim Norton & Sam Roberts
EjFzIxkVHiY Negan Meets Gary Busey - Farts, Overall Insanity, Walking Dead - Jim Norton & Sam Roberts
Ep8tAtP87BU John Waters - Sex Clubs, Movies, 'The Simpsons' - Jim Norton & Sam Roberts
EpHWTO9F8Yg Angry Bagel Guy - Hostile Relationship with Mary Jean, Falling Out with Management - Jim & Sam
EsIhxqI3f9E Mark Normand & Brendon Burns - Patrice O'Neal Benefit - Jim Norton & Sam Roberts
EubsomrrFt8 Jimmy Carr - 'The Fix' & Christmas - Jim Norton & Sam Roberts
EwvWbY_0NzU Hank Azaria - Brockmire, Simpsons, Birdcage, Robin Williams, Embarrassing Celebrity Stories
Ex1zW8h2sAg Pamela Adlon On Being A Germaphobe | Jim Norton & Sam Roberts
F6MKZMEQFJw Scott Aukerman - \
F8IhzE5oCaA Hot Dog & Angie Finally In Studio Together - Jim Norton & Sam Roberts
F94qF7i0YAw Vintage Trouble - Knock Me Out - Jim Norton & Sam Roberts
F9fLaXfH9Gc Jim Norton - Asteroids Champion w/ Mike Finoia - Jim Norton & Sam Roberts
FFz3v3l1JUc Michael K. Williams Reveals New Details of 'Solo' Character - Jim Norton & Sam Roberts
FH8V5iSiMyM Neil deGrasse Tyson & Bert Kreischer - Space, Aliens, 'Black Mirror' - Jim Norton & Sam Roberts
FPFccdyRRuw Jennifer Tilly - 'Cult of Chucky', Johnny Carson, Poker - Jim Norton & Sam Roberts
FVNQrZhWQTE Steve Zahn, Andy Serkis and Matt Reeves - 'War For The Planet of the Apes'
FZImAuW9_hs THROWBACK: Gary Busey co-hosts with Jim Norton & Sam Roberts
Fg41MaIoHgY Natalya On Saudi Arabia Travel Problems - Jim Norton & Sam Roberts
FhHM869waqc Desus and Mero - Vice, Breakfast Club Interview, Mike Francesa - Jim Norton & Sam Roberts
FipVRAJPYP8 Breckin Meyer - On Set Relationships, Movies, 'SuperMansion' - Jim Norton & Sam Roberts
Fkaxr9fFLyM hi stranger :)
FmWjtusBML4 Vintage Trouble - Blues Hand Me Down - Jim Norton & Sam Roberts
FqJ9u5-YFJ4 Kevin Brennan - Rudy Giuliani, Twitter, Podcasting - Jim Norton & Sam Roberts
FxdUKhmAruI Bill Burr - Marriage/Relationship Problems - Jim Norton & Sam Roberts
FzwWDAcJh0s 'Halloween' Movie Debate  - Jim Norton & Sam Roberts w/ Andrew Schulz
G8JQyj1OxLY Trolls Shut Down Jeremy Renner's App w/ Matteo Lane - Jim Norton & Sam Roberts
GDMxuzP0kns Cody Garbrandt - Cruz, Rousey, Adversity, Getting Stabbed, Selling Drugs - Jim Norton & Sam Roberts
GE9U7o1Z3_g David Cross - Issues While Filming Chipmunks 3  - Jim Norton & Sam Roberts
GEuvPI0kghU Brian Regan - 'Nunchucks & Flamethrowers', Bombing on Stage, Having OCD - Jim Norton & Sam Roberts
GGdQW4WSJRU Intern AJ Thumbs Up Compilation | Jim Norton & Sam Roberts
GJhybtD59tQ Bert Kreischer in studio - Homeless Poops, Raising Chickens + more - Jim Norton & Sam Roberts
GMU1YNWuTZo Bruce Buffer - Conor McGregor vs. Eddie Alvarez - Jim Norton & Sam Roberts
GMeUpqQrJr0 Christopher Titus - Brutal Divorce, Comedy as Catharsis, Family & Suicide - Jim Norton & Sam Roberts
GQLxfrgMZi4 Bill Burr, Peter Billingsley & Michael Price - 'F is For Family' - Jim Norton & Sam Roberts
GUBkCnPSSBA Bo Derek's Thoughts On Service Animals - Jim Norton & Sam Roberts
GUPnJGIiJug When Chip Chipperson Harassed Donald Trump - Jim Norton & Sam Roberts
GVebAQA0tdg Nick Kroll & John Mulaney - \
GWL-re0Dokk Chip Robotson - The Origin  - Jim Norton & Sam Roberts
GXIZw-_eg_g Intern Baby Frank asks Dave Attell and Ian Fidance 'Taylor Ham or Pork Roll' - Jim & Sam
GXnqOFeoj8E Bonnie McFarlane & Jo Koy - Podcasts, Comedy, Voting - Jim Norton & Sam Roberts
GaoIOQGcre4 Watters' World STINKS, Jim's Bad Joke - Doug Benson, Jim Norton, Sam Roberts
GdzadkRmdX4 Elijah Wood & Sam Barnett - 'Dirk Gently's Holistic Detective Agency', Method Acting, 'The Bachelor'
GhbW_wxqZGo Chris Hardwick - 'The Walking Dead', Stand Up,  Rob Zombie - Jim Norton & Sam Roberts
GkjhXYTLGzE Jim & Sam's Annual Halloween Parade - Jim Norton & Sam Roberts
GmAmVXbBp7k Gary Busey - 'Buseyisms', Martial Arts, Playing in a Band - Jim Norton & Sam Roberts
GqTHTlrfnzg Mannequin Challenge - Jim Norton & Sam Roberts
GrliVqYsJ8U Henry Winkler - 'Better Late Than Never', Dyslexia, 'Arrested Development' - Jim & Sam
GyDYmgyS5Ws Mark Normand Bombing At Corporate Gigs   Jim Norton & Sam Roberts
HBDScemFRl8 Georges St-Pierre - Returning to the UFC, UFO's, Retirement, Depression - Jim & Sam
HBg4kvlzBV4 Ice Cube - Smashing Priority Records with Baseball Bat - Jim Norton & Sam Roberts
HH0eqf3cjZw Vinnie Brand & Dr. Ian Smith - 'The Clean 20' Bet With Anthony - Jim Norton & Sam Roberts
HJScmJUJWCM Donald Trump Jr. FULL INTERVIEW | Jim Norton & Sam Roberts
HQzyRh3Oo0I Bill Burr - Heckling Don Rickles - Jim Norton & Sam Roberts
HTXokwYTvd4 Jim Ross - 'Slobberknocker', Traveling with Vince McMahon, Ronda Rousey - Jim Norton & Sam Roberts
HlhLeoK-L_0 Steve Zahn - 'The Crossing', Military Movies, Time Travel - Jim Norton & Sam Roberts
I2_EF3c1fv4 Disneyland Family Brawl Breakdown - Jim Norton & Sam Roberts
IBVwtvPlIiw Mike & Rob Go To NYC Village Halloween Parade - Jim Norton & Sam Roberts
IKn5mDTQUzY Emile Hirsch - Visiting Morgue, Watching Autopsies, Going to Jail - Jim Norton & Sam Roberts
IMTsvL8-rVY Carrie Keagan - Hollywood Sexism, Circumcisions, Celebrity Apprentice - Jim Norton & Sam Roberts
IMoA36Mq4ps Rich Vos & Matt Serra in studio - Jim Norton & Sam Roberts
IO31-6vNs6Q Mauro Ranallo - 'Bipolar Rock N' Roller', Mental Health, Broadcasting Career
ISwnnq2DHaY Mark Normand Doesn't Know Black Caviar - Jim Norton & Sam Roberts
IUo6VyLx9KU Paul Scheer - 'The Disaster Artist' and Tommy Wiseau Stories - Jim Norton & Sam Roberts
I_i9oMLiBRs Joel McHale - 'The Joel McHale Show', Caitlyn Jenner, Uber Trip - Jim Norton & Sam Roberts
IuknEKKd458 Jeff Ross - Israel, Patrice O'Neal, Karate - Jim Norton & Sam Roberts
J0IiCTV_VFA F. Murray Abraham - Scarface, Juarez, Oscars, Syrian Heritage, PC Culture
J2OCtOW2F1E Troy Would Have Sex with 90 Day Fianc√© Stars | Jim Norton & Sam Roberts
J566xvGGyTc Scott Aukerman & Tom Segura - Failed Pilots, Comedy Bang Bang, Between Two Ferns
JECkvwSsem4 Kevin Hart - Tough Upbringing, Early Failures, Staying Positive, and More - Jim Norton & Sam Roberts
JW85UvlTQpA Elijah Wood & Sam Barnett in studio - Jim Norton & Sam Roberts
JotvGJbPXCo \
KAlARaS3g9o John Leguizamo On John Wick Character Being Cut - Jim Norton & Sam Roberts
KM4cZHTfhZ8 Kevin Hart Addresses Katt Williams Controversy - Jim Norton & Sam Roberts
KMGPIExQiKw Ari Shaffir - Four Month Hiatus From Stand Up - Jim Norton & Sam Roberts Show
KNWczpJ60hM Rob vs Anthony - What Happened in Los Angeles? - Jim Norton & Sam Roberts
KR_0CTwK9bE Mark Normand Befriends Jerry Seinfeld - Jim Norton & Sam Roberts
KUNooIHSKHY Bonnie McFarlane & Rich Vos Fight About Marriage, OCD, etc. -  Jim Norton & Sam Roberts
K_zQwCIoTo0 Amy Schumer - 'I Feel Pretty', Marriage, Beyonce - Jim Norton & Sam Roberts
KoqyS2hk2uE Chad Calek - 'Sir NoFace', Cockatoo Island, Mediums - Jim Norton & Sam Roberts
Kw10-QwuBHs Patton Oswalt - 'A.P. Bio', Serial Killers, 'I'll Be Gone In The Dark' - Jim Norton & Sam Roberts
KwlmSnWS0uU Insane Clown Posse - Juggalo March, FBI Gang List, Fans - Jim Norton & Sam Roberts
KwpJbb6ovgY Kerryn Feehan, Claire Parker & Emily Morse - Sexology - Jim Norton & Sam Roberts
LAug5rP7bHg Mary Jean - Adrian & Mary Jean's Rendezvous Part 2 - Jim Norton & Sam Roberts
LUuUQNf_ICU Gillian Jacobs - Donald Glover, Getting Ears Pierced, 'Ibiza' - Jim Norton & Sam Roberts
LnkdWYNU24I Sebastian Bach - Kanye West is \
LqNKPM2Baoo Donnell Rawlings - Friendship with Kid Rock
Lqq0k4jCC8c Chris Meloni -- Flying Planes, Typecasting, 'Snatched' Movie -- Jim Norton and Sam Roberts
LwxRgWFMdwk Judd Apatow, Pete Holmes, Artie Lange - Crashing on HBO, Weed, Drugs, Prison, Hecklers + more
M1XhB3yCZdc Colin Quinn - Favorite Broadway Show - Jim Norton & Sam Roberts
M8s3Oo7ZLoU Chael Sonnen - Bellator 208, PED Testing, Leaving UFC - Jim Norton & Sam Roberts
MAKE9cjYWEs Vintage Trouble - Doin' What You Are Doin' - Jim Norton & Sam Roberts
MDxQbxzdv98 Kelsey Grammer Explains Falling Off Stage Viral Video - Jim Norton & Sam Roberts
ML36sN8Zm6A James Altucher - Losing Millions, Investing, Podcasting - Jim Norton & Sam Roberts
MPp24BKD1WI Anthony Cumia & Ari Shaffir Pt 2 - Old Jobs, Johnny Cash, 'Night of Too Many Stars' - Jim & Sam
McUV4__rZTA Stavros Halkias - Sex Life, Banned from Instagram, Compulsive Eating - Jim Norton & Sam Roberts
NFi7fWqtjAk Mark McGrath's Cameo - Jim Norton & Sam Roberts
NLEj_cQ1gyo Sharon Osbourne On Why She Was Fired From 'The X Factor' - Jim Norton & Sam Roberts
NM0AYJo5Smo SiriusXM Construction - Jim Norton & Sam Roberts
NRbUwUiVrVk Adam Pally - The Shorty Awards, Mel Gibson, Syracuse Fraternity Scandal - Jim Norton & Sam Roberts
NTx4qrGPop4 Triple H - NXT, Being A Boss, Motorhead  w/ Robert Kelly - Jim Norton & Sam Roberts
NgiDYODOUqQ Henry Winkler Analyzes Cash Me Ousside HowBow Dah - Jim Norton & Sam Roberts
NiYwyg52LOg Leon Vitali - 'Filmworker' Documentary & Stanley Kubrick - Jim Norton & Sam Roberts
NkLKLy_Fuyo David Cross - 'Oh, Come On', Being a Father, George & Kellyanne Conway - Jim Norton & Sam Roberts
NmH7PQfC5Co Rob O'Neill on Presidents Trump & Obama - Jim Norton & Sam Roberts
Nn_KIWeuxCg Erik Griffin - 'I'm Dying Up Here', Donald Trump, Getting Cheated On - Jim Norton & Sam Roberts
NrfVPrdwIMo Baby Frank asks Jessica Kirson 'Pork Roll or Taylor Ham?' - Jim & Sam
Nyjf8vrlut8 Giovanni Ribisi - Sneaky Pete, Scientology & Leah Remini, Tom Hanks, Cuba - Jim Norton & Sam Roberts
O7CioDCY7P4 Donald Sutherland Farts On Command - Jim Norton & Sam Roberts
OB0HT3-tBi8 Pete Correale - Meeting Seinfeld, 'Kevin Can Wait', Camping - Jim Norton & Sam Roberts
OEWebaE4QKQ Joel McHale - Cancelled Netflix Show, Donald Glover, Correspondents' Dinner
OFpPNq6eLoU Ari Shaffir - Jim Norton Roasting & Handful of Cum - Jim Norton & Sam Roberts
OLDVAkoUzlc New Show on Faction Talk - Jim Norton & Sam Roberts
OY7WDMBe6B0 Steve Aoki - DJ Start, Therapy, Relationship with Father - Jim Norton & Sam Roberts
OYgTzfr2CoE Jim Ross - Ronda Rousey to the WWE is 'Inevitable' - Jim Norton & Sam Roberts
OhacHB47-VY John Lithgow - 'The Crown' on Netflix, Meeting Celebrities, Broadway and more
Oj3tbnWMc-Q Jon Bernthal: Kevin Spacey was \
OlvaFTGbZ9Q \
OsT8cdY-lM8 Dane Cook - Stand Up, Social Media, Rodney Dangerfield - Jim Norton & Sam Roberts
Ox1F0f1f_oA Tony Hinchcliffe - Wrestling Roast, Hecklers, Dating + more - Jim Norton & Sam Roberts
P-Qls2CFoqc Billy Corben & Bert Kreischer - 'Screwball' - Jim Norton & Sam Roberts
P-oX6VmvdwQ Bert Kreischer in studio - Fat Shaming, Doug Benson Drama + more - Jim Norton & Sam Roberts
P9loGoBTuM4 Fmr Advisor Joe DiSano on Mayor Fouts - N-Word, Dancing like Monkey, more - Jim Norton & Sam Roberts
PK8qMdwTH7c Ron Livingston - 'Loudermilk', Science, Auditioning for Pennywise - Jim Norton & Sam Roberts
PNNKwxZJQR0 Tech Talk with Bob Kelly - Jim Norton & Sam Roberts
PgpsBXz83YQ Bryce Dallas Howard - Gold, Matthew McConaughey, Black Mirror, Family - Jim Norton & Sam Roberts
PjFUQTjFh2M Judd Apatow & Pete Holmes Discuss Artie Lange's Nose Changing Filming 'Crashing'
PoSumnZkOq8 Alison Brie & Marc Maron discuss 'Glow', Wrestling and 'The Disaster Artist' - Jim & Sam Show
PttIaVTPwhg Vintage Trouble - Modern Music, Morning Singing, 'Stir Crazy' - Jim Norton & Sam Roberts
Q-KlBj7X7oc Billy Bob Thornton - Bad Interviews, Fargo, Bad Santa 2, etc - Jim Norton & Sam Roberts
Q6GTzJTKUpA Jim Jefferies - 'The Jim Jefferies Show', Circumcision, Piers Morgan - Jim Norton & Sam Roberts
QBE2cWJeVUI Paul Mecurio & Kaitlyn Farrington - Sex for Sam, Opie and Anthony Bits - Jim Norton & Sam Roberts
QHgLQnITNdA Joel Kinnaman On Kevin Spacey Allegations - 'I Wasn't Shocked' - Jim Norton & Sam Roberts
QN4ht369ysA Sgt. Slaughter Puts Jim In The Cobra Clutch - Jim Norton & Sam Roberts
QUUrDNu47JM Alia Janine & Sovereign Syre w/ Mary Jean on Phone - Jim Norton and Sam Roberts Show
QWxDgv8zQXU Alan Alda - Mother's Mental Illness, Communicating, MASH, Louis CK, etc - Jim Norton & Sam Roberts
Q_lBr93y63U Colin Quinn in studio - Abusing D-Bag + more - Jim Norton & Sam Roberts
QeogFXvzWXA Laura Jane Grace (w/ Jason Ellis) - Transitioning, Dysphoria, Selling Out - Jim Norton & Sam Roberts
Qh7_AjnaBD0 Chris Gethard Revisits The Shane Gillis Controversy | Jim Norton & Sam Roberts
QhBbc0_PipU Laura Prepon - New Season of 'Orange is the New Black', Directing, Working with Sam Elliott and more
QlcMCBLy4HE Neil deGrasse Tyson Dismisses Alien Conspiracy Theories - Jim Norton & Sam Roberts
QldrCRH4I1I Jim and Sam Sign Rich Vos Up For Grindr - Jim Norton & Sam Roberts
QyFGRcpOTT8 Judd Apatow on Garry Shandling with Bob Kelly & Rich Vos - Jim Norton & Sam Roberts
R1XyqaFuX1o Neil deGrasse Tyson - Debating Aliens, Time Travel, Speed of Light - Jim Norton & Sam Roberts
R3U_2Vg4Psk Does The Candyman Toss Salad? - Jim Norton & Sam Roberts
R40ybfmWZbE Bill Hader - 'It: Chapter 2,' SNL, Anxiety - Jim Norton & Sam Roberts
R6SJL1_RKyU David Cross - Stand Up Comedy, Traveling, Gifts - Jim Norton & Sam Roberts
R9i20HheIuk Rich Vos Takes His Shirt Off At Carolines - Jim Norton & Sam Roberts
REefjVm68pk Roger Stone Wants $25k From Alex Jones - Jim Norton & Sam Roberts
RGThnncgHr0 Sam Morril & Mark Normand - Physical Altercations, Mick Jagger, John Sterling Home Run Calls
RKJVbo6wxL0 Rev. Jesse Jackson - President Trump, Martin Luther King Jr, The Electoral College
RRPaDlDAyfQ Jodie Sweetin & Andrea Barber - Fuller House, Child Actors, + more - Jim Norton & Sam Roberts
RVXZj9v--KQ Chris Hardwick - Work Ethic, @Midnight, Rob Zombie - Jim Norton & Sam Roberts
R_HYkT9Itsw Hasan Minhaj - 'Patriot Act', Correspondents Dinner, 'The Daily Show' - Jim Norton & Sam Roberts
R_lUMWkUSgY Dana Gould & Bobcat Goldthwait - Stand Up, 'The Simpsons', Opening for Nirvana
Rg4LnFfU2Ao Richie Sambora & Orianthi - 'One Night of Peace', Boxing, Alice Cooper - Jim Norton & Sam Roberts
Ri3ker6N0-E Theresa Caputo -Long Island Medium - Skeptics, Techniques, Criticism - Jim Norton & Sam Roberts
RvK52oScmpY Donald Trump Jr. on George & Kellyanne Conway - Jim Norton & Sam Roberts
S7Fb6hTSkyk '90 Day Fianc√©: Happily Ever After' Finale Breakdown - Jim Norton & Sam Roberts
S7mbK1vM26k Roger Stone - Dinner With Assange, Sinclair Broadcast Group, Steve Bannon - Jim Norton & Sam Roberts
SC-YhTrPIlk Jon Taffer - 'Don't Bullsh*t Yourself', NFL, 'Bar Rescue' - Jim Norton & Sam Roberts
SCVtWttKA8A Betty Gilpin - Time's Up Movement, 'Glow,' Wrestling - Jim Norton & Sam Roberts
SPq8tHHmm6A Dan Soder - WTOL School Testing Video Breakdown - Jim Norton & Sam Roberts
SZjMlt3CVXY Milla Jovovich - 'Hellboy', Horror Movies, 'The Office' - Jim Norton & Sam Roberts
SZwTzTrIDTg Big Jay Oakerson - Skankfest, Porn, Getting Caught Cheating - Jim Norton & Sam Roberts
ShDuRUM7hXQ Jack Osbourne Comments On Ozzy's Health - Jim Norton & Sam Roberts
SqwR7pM9Ym4 The Candyman Travers Beynon - Sex, Haters, Lifestyle - Jim Norton & Sam Roberts
StWPUFDvI7w Mark Normand Discusses New Day Cleveland Appearance - Jim Norton & Sam Roberts
SzHbyhWVZVE Roger Stone - Not Talking To Donald Trump - Jim Norton & Sam Roberts
T-A1aghfdRo Maria Menounos - Bad Interviews, Chip Impression, Winning Over German Shepard - Jim & Sam
T1HBa-LjAjA Roger Stone Wants Joe Biden To Run In 2020 - Jim Norton & Sam Roberts
TLZXSdRWmhs Billy Bob Thornton - Fake Internet Stories, Award Campaigning, Looking Scary, etc. - Jim & Sam
TLnAP0pppD8 Tim Roth - 'Tin Star', Being a Father, Passing on Harry Potter - Jim Norton & Sam Roberts
TLu-2FeJp8M Jim & Sam On Prince Andrew's BBC Interview with Kerryn Feehan - Jim Norton & Sam Roberts
TMlGqSwYqu8 Ricky Gervais - Stand-Up, Hollywood Scandal, Twitter  - Jim Norton & Sam Roberts
TORitzrgOvI Roger Stone - Trump/Cohen Tapes, Kristin Davis, Media Matters Article - Jim Norton & Sam Roberts
TRu3kXpMvvQ Ace Frehley - 'Spaceman', Women, Firing Band Members - Jim Norton & Sam Roberts
TTEhCspPshY Mia Isabella - No Sex with Charlie Sheen, Great Friend - Jim Norton & Sam Roberts
TaqnbA0SOrY Morgan Spurlock - Rats, Film History, Health Docs, etc - Jim Norton & Sam Roberts
TgPnt51wE2A Judd Apatow & Pete Holmes talk Louis C.K.'s Leaked Set - Jim Norton & Sam Roberts
TmNebNKeXF0 Diamond Dallas Page - Nancy Grace & Ultimate Warrior - Jim Norton & Sam Roberts
TmSDhB8H2Ac Lloyd Kaufman, Zac Amico & Catherine Corcoran - Return to Return to Nuke 'Em High Aka Vol. 2
ToXXCpxb53s CNBC's Lawrence O'Donnell Meltdown - Jim Norton & Sam Roberts
Tu4moWf7lOo Roger Stone Thinks Trump Is Wrong About Central Five Case - Jim Norton & Sam Robert
Txc3BLx_NgY Mary Jean - On The Street Reporting - Jim Norton & Sam Roberts
Typ5vrPZ_1U OJ DM's Proven False by Jim and Sam (Internet Dics)
TyrF3W9ahDg Des Bishop - Irish Travelers, Living In China, Bathrooms - Jim Norton & Sam Roberts
U4wxRBjhe9g Anthony Cumia calls in - Trump Inauguration, Joe Matarese Situation, Women's March + more
U5Hq6gYyJXg Bruce Campbell Says Ash Won't Be DLC In Mortal Kombat 11 - Jim Norton & Sam Roberts
U62gVLnzI20 Michael Rapaport - 'This Book Has Balls', Ellen Degeneres, Kevin Spacey - Jim Norton & Sam Roberts
U6KBmMhoebw Joe Machi, Sam Morril, Dave Attell - 'Star Wars', Europe, Comedians - Jim Norton & Sam Roberts
UAaWsNN0Bo8 Bill Burr - Don't Interrupt Me Bob Kelly Story  - Jim Norton & Sam Roberts
UHNnY2RiR14 Joe Buck - Randy Moss, Skip Bayless, Criticism - Jim Norton & Sam Roberts
UR_P32EwReM Nick Nolte - Landing 'Cape Fear' - Jim Norton & Sam Roberts
USzRE4wZX8Y Sebastian Stan - Portraying Jeff Gillooly, The Marvel Universe, Method Acting
UVuAd1sHx0M Daniel Sloss - Netflix Specials, Professional Cuddling, Relationships - Jim Norton & Sam Roberts
Udx8WX116Xs Jason Statham - Fate of the Furious, Fight Scenes w/ The Rock, more - Jim Norton & Sam Roberts
UsxQZk89LmI Brian Regan - 'Stand Up and Away!', Comedy, Sneakers - Jim Norton & Sam Roberts
V0jfy-CUmQU Michael Madsen - 'Explosion Jones', Batman, Aliens - Jim Norton & Sam Roberts
V0yxBqvf-sc Willem Dafoe - Truth about High School Porno Film - Jim Norton & Sam Roberts
V6mpts8MWbU Kevin Hart - 'Night School', Sneakers, Bird Houses - Jim Norton & Sam Roberts
VOLZh25xh7g Joe Machi & Sam Morril - 'Tough Crowd' Reunion & Hannah Gadsby's 'Nanette'
VOzfaLrgxy8 Chris Distefano Gets Scolded On-Air | Jim Norton & Sam Roberts
VRHAYMmkmYY Jim & Sam Fill Out March Madness Brackets - Jim Norton & Sam Roberts
VaCzgNx68F0 Louie Anderson - Winning an Emmy, Baskets Season 2, Hope - Jim Norton & Sam Roberts
VgIBOOlz76Q Tyrese - Removing Studio Odor, Fate of the Furious, South Central LA  - Jim Norton & Sam Roberts
Vi_y7GKj5B8 Johnny Bench - Career, Pete Rose, Women and Partying - Jim Norton & Sam Roberts
VoRObqUdhA0 Troy Quan's Elvis Bust | Jim Norton & Sam Roberts
Vywzbb0GE6I Ricky Gervais sings pre-fame song 'Johnny' - Jim Norton & Sam Roberts
W0ZuK5sQ8Ww D-Bag Does the Nannerpus - Jim Norton & Sam Roberts
W9DuxhGp2Dg Angry Bagel Boss Guy - Going Viral, Women, Anger, Being MLK, etc. - Jim Norton & Sam Roberts
WEAiNFOjCH0 Jim Breuer - Touring w/ Metallica, Not Playing w/ Foo Fighters, 'Live From Portland' - Jim & Sam
WEIG3W7-eyA Danny McBride - Halloween Remake, Vice Principals, Alien Convenant, etc - Jim Norton & Sam Roberts
WFHfD6bLhV8 Luis J. Gomez & Damien Lemon - Starbucks New Bathroom Policy & Racial Sensitivity Training
WFauHhmedoI William H Macy - \
WJXgHSLePaY Kevin Hart - 'The Irresponsible Tour', SNL Monologue, Bob Kelly - Jim Norton & Sam Roberts
WJlC-1aUd6I Theo Von - 'Detective Pikachu', Movies, Dating - Jim Norton & Sam Roberts
WP7HkbmgdHM Kevin Smith Jason Mewes Talk 'Jay and Silent Bob Reboot' - Jim Norton & Sam Roberts
WSaXphwvVxU Ian Fidance On Stolen Valor - Jim Norton & Sam Roberts
WckVL6pE6_4 Kiefer Sutherland - Jack Bauer Action Figure, Dad's Farts, Songwriting - Jim Norton & Sam Roberts
We_q-tk5Nn4 Jon Jones - Daniel Cormier, Brock Lesnar, Reinventing His Career - Jim Norton and Sam Roberts
WrudnizgwyY Ray Fisher - 'Justice League', Playing Muhammad Ali, Being Positive- Jim Norton & Sam Roberts
X2s5ZvTjj5w Corey Feldman - Michael Jackson's Accusers & Hollywood Child Predators - Jim Norton & Sam Roberts
X2sW0VhFejE Jerry Seinfeld Left Mark Normand Hanging | Jim Norton & Sam Roberts
X7ROVkylrLg Marc Maron - Getting Anxiety, New Garage, 'Glow' - Jim Norton & Sam Roberts
X9nV7H2OhFM Mick Foley - 'Saint Mick', Concussions, Bombing on Stage- Jim Norton & Sam Roberts
XA1fwq7YAqs Ricky Gervais & Bert Kreischer - Old Bands, Jim's AA Poem, Sam's Rap - Jim Norton & Sam Roberts
XHoFrssiOQ4 Maria Menounos Reveals She Is Working With Joe Berlinger on Documentary - Jim & Sam
XR2w_5SHO8I William H. Macy Talks About Sexual Harassment in Hollywood - Jim Norton & Sam Roberts
XfY6hxaJokM Seth Rollins - Injuring Sting & John Cena, Fan Greetings, Backyard Wrestling - Jim and Sam
Xh-O4clC6eg Mark Normand - Bill Clinton's Black Son, Trump Meets Obama - Jim Norton & Sam Roberts
XhxyO7amD5Y The Miz & Maryse - Snubbed by Sam, 'Miz & Mrs', Moving to Austin - Jim Norton & Sam Roberts
Xl8OZOe-65w Jim & Sam Discuss Jim's 'The Irishman' Scene
XlRo8LpZMwg Pamela Adlon - Working with Louis CK on Lucky Louie - Jim Norton & Sam Roberts
Xse4UoudVUs Bo Derek - #MeToo, Acting, Service Animals - Jim Norton & Sam Roberts
Y46U5dBcQlg William Shatner On His Relationship With Leonard Nimoy & George Takei - Jim Norton & Sam Roberts
Y7JdQc6f3OM Talib Kweli - Rap Career, Suspension from Twitter, Race in America - Jim Norton and Sam Roberts
YA5UvppqmR0 Roger Stone Compares Mueller Investigation to Proctological Exam - Jim Norton & Sam Roberts
YAFXGl6Dl64 Corey Graves Reaction To Titus O'Neil Tripping At 'Greatest Royal Rumble' - Jim Norton & Sam Roberts
YGJTP8jE41E John Leguizamo - Linda Fairstein was asked to be apart of 'When They See Us' - Jim & Sam
YGLnY0bKf-o Nikki Glaser & Jim Florentine - 'Dancing w/ the Stars' & Dating - Jim Norton & Sam Roberts
YHWTAB3GT7M Jim Norton's List Of Hate Part 2 | Jim Norton & Sam Roberts
YO-nOksIQ8g Jon Taffer - 'Bar Rescue' - Jim Norton & Sam Roberts
YZ-pPuhPghc Worst Rock Bands with Sam Morril - Jim Norton & Sam Roberts
YatzCH87vVc Patton Oswalt - Conspiracy Theories, Weinstein Allegations, Marriage - Jim Norton & Sam Roberts
Ygz5K7fJZec Zakk Wylde - 'Grimmest Hits', Ozzy Osbourne Stories, 'Rock Star' - Jim Norton & Sam Roberts
YitczUp4xIo Donnell Rawlings - Dave Chappelle's Comedy Summer Camp - Jim Norton & Sam Roberts
Z6x_eL0mnUw William H. Macy - Sexual Harassment in Hollywood, 'Shameless', Farts - Jim Norton & Sam Roberts
ZEIxfaHPjLI Rich Vos - Takes His Shirt Off, Coolsculpting, Chris Hardwick - Jim Norton & Sam Roberts
ZGKxAhFCPHo Mia Isabella - Colin Kaepernick Relationship & Tyga Drama - Jim Norton & Sam Roberts
ZJBVAqKiS2A Jerry Springer - Cancel Culture, Calls From Wife, Judge Jerry - Jim Norton & Sam Roberts
ZM5dP25ivk0 Corey Feldman - Upcoming Documentary, Jeffrey Epstein, Hollywood Sexual Abusers - Jim & Sam
ZVgfkMM1VVg TJ Miller Responds to Alice Wetterlund Accusations- Jim Norton & Sam Roberts
ZZFu5LXuhKY Gilbert Gottfried & Shuli Egar - Cameo, 'Aladdin', Being Frugal - Jim Norton & Sam Roberts
ZzJnveJvT_Q Billy Bob Thornton - Explaining Interview Blow Up - Jim Norton & Sam Roberts
_6qvK1CRUNY Michael Rapaport - Serena Williams, Barstool Sports, 'Atypical'  - Jim Norton & Sam Roberts
_CjBU1PZY28 Vinny Guadagnino - Hosting Chippendales, 'Family Vacation', Keto Diet - Jim Norton & Sam Roberts
_NOG7DMfZuQ Tom Segura - Moving to Los Angeles, Shitting Your Pants, Tattoos - Jim Norton & Sam Roberts
_Ry8tiGImB8 Ralph Macchio - 'Cobra Kai', 'Karate Kid' Remake, 'My Cousin Vinny' - Jim Norton & Sam Roberts
_TiCUvxgThw Joanna Jedrzejczyk - Ronda Rousey, Fight Prep, and more - Jim Norton & Sam Roberts
_WRSBrMfvnI Charlie Ebersol & He Hate Me - XFL Documentary, Vince McMahon, + more
_nQKL7pehCU Louie Anderson - 'Hey Mom', Flying, 'Baskets' - Jim Norton & Sam Roberts
_xCUG23i0_k David O. Brown - 2016 Dallas Shooting, Retirement, Bridging Gap Between Police and Community
a-IEUm8mRPI Carlos Ghosn's Incredible Escape - Jim Norton & Sam Roberts
a17a6KR14ew Howie Mandel & Adam Conover - 'Adam Ruins Everything', 'Deal or No Deal' - Jim Norton & Sam Roberts
a2B5oOkbCH0 Nick Nolte - Turning Down a Million Dollars - Jim Norton & Sam Roberts
aA9bEVLcW64 Pauly Shore - Playboy Mansion, The Comedy Store, Family Deaths  - Jim Norton & Sam Roberts
aNm7AVBk5z0 Jim's Throwback Photos | Jim Norton & Sam Roberts
aNpTavqjMaY Roman Reigns - Traveling, Football, Brock Lesnar - Jim Norton & Sam Roberts
acTKanPE_-M Henry Winkler - Donald Trump & Presidential Responsibility - Jim Norton & Sam Roberts
apOOEUQQo9M Craig Ferguson Stops By (w/ Chris DiStefano) - Jim Norton & Sam Roberts
auHIZRr8KD8 Rob Riggle - '12 Strong', Being a Marine, Alien Technology - Jim Norton & Sam Roberts
avKlS9uDyb8 Paul Feig - J. Crew Suits, 'Ghostbusters', Hollywood Scandal - Jim Norton & Sam Roberts
avZtDI99BlY Tyron Woodley, Wonderboy Thompson, & Frankie Edgar - Jim Norton & Sam Roberts
ay07QzaZprk William Shatner - 'Live Long and...', Falling out with Leonard Nimoy, Stephen Hawking
b0gnYCn4-XA Jack Osbourne & Katrina Weidman -  Coffee Shop Assault, Paranormal Stories, Ozzy's Health
b4-NCW9IviI Pamela Adlon - Louis CK, Being Bobby Hill, Better Things - Jim Norton & Sam Roberts
b4WZaJegwes Jim Breuer Opens Up About His Wife's Terminal Cancer - Jim Norton & Sam Roberts
b5xLkYj1hFI Denis Leary - 'Why We Don't Suck', Bill O'Reilly, Receiving a Doctorate - Jim Norton & Sam Roberts
bANMfTjftTs Jim and Sam Re-Sign with SiriusXM
bBGBy8cJorM Gene Simmons - $2,000 'Vault' Box Set, Kiss Fans, Paul McCartney - Jim Norton & Sam Roberts
bQHv1XeHzI0 'Queen Elizabeth' Calls In - Jim Norton & Sam Roberts
b_SP8wwu0QE Dr. Drew - Jim's Childhood, Doug Stanhope, Narcissism - Jim Norton & Sam Roberts
b_nWLnySZIo Jim Norton Unboxes His Yeezys (w/ Joanne Nosuchinsky & Frank Del Pizzo) - Jim Norton & Sam Roberts
bepqq8aRYe8 Patrick Wilson - 'Aquaman', Theater Acting, 'The Conjuring' Series - Jim Norton & Sam Roberts
bt35YifPYIs Sean Baker & Sandy Kane - 'The Florida Project', Willem Dafoe, Indie Films -Jim Norton & Sam Roberts
bzH6j-JS-Ic Robert O'Neill‚Äé - Killing Bin Laden, Joining the Navy Seals, Life After and His New Book
c1DEpXqjKLc Esther Ku - Youth Court, Kid Games, High School Newspaper - Jim Norton & Sam Roberts
cHzQnw_yQLU Dave Rubin & Brad Williams - Jordan Peterson, Twitter, Stand Up - Jim Norton & Sam Roberts
cN0WKGfgGo0 Dave Attell On How The Coronavirus Has Changed NYC | Jim Norton & Sam Roberts
cQNEpasnB3M Jim Breuer - Paramount Theater Residency, Parents Death, Wife's Cancer - Jim Norton & Sam Roberts
cQ_CvOxc8e4 Roger Stone - Assange's Arrest, Not Talking To Trump, Joe Biden - Jim Norton & Sam Roberts
cRWbz0U45bY Jay & Mark Duplass - 'Wild Wild Country', Jeffrey Tambor Leaving 'Transparent', 'Like Brothers'
cdj7Ckazt-A Ron Bennington Holiday Surprise - Jim Norton & Sam Roberts
cfVlUh3UT3I Maria Menounos  - Beverly Hills Dog Show, Bret Hart Attack, Documentary - Jim & Sam
ci4DesJG0P8 David Cross On The Possibility of a 6th Season of 'Arrested Development' - Jim & Sam
cqYqW9FITA0 Cowboy Cerrone - Conor McGregor Is Avoiding Fighting Me - Jim Norton & Sam Roberts
d2f9CcZKomU Troy Quan Presents Name That Tune: Construction Sounds - Jim Norton & Sam Roberts
d6MA8laO_AI Mehran Khaghani - Growing Up In Iran, Family Relationships, First Sexual Experience - Jim & Sam
dDK7JFCVHxQ Giovanni Ribisi - Leah Remini's Motives/Defending Scientology - Jim Norton & Sam Roberts
dGCsHCexF5E Pete Holmes, Lucas Bros, Rich Vos, Bonnie McFarlane, Bob Kelly, Ms Pat, Big Jay, Dan Soder - JFL '19
dLQkwL26hYI Ian Fidance Bombs with British Accent - Jim Norton & Sam Roberts
dMaJxR9MczM Ron Bennington in studio - World Series, Obama Mean Tweets + more - Jim Norton & Sam Roberts
dPTZ7DuQA60 Doug Stanhope & Dylan McDermott - 'This Is Not Fame', Dr. Drew, 'LA to Vegas'
dYOdU__vVOQ Sharon Osbourne Talks About Julie Chen Leaving 'The Talk' - Jim Norton & Sam Roberts
dhV030YZTFc Jesse Plemons on 'El Camino' with Rich Vos - Jim Norton & Sam Roberts
dkJTChp5pdQ Greg Fitzsimmons - Writing for 'Crashing', Podcasting, O.J. Simpson - Jim Norton & Sam Roberts
do8egShKXWs Jim Norton Plays Zelda: Breath of the Wild - Jim Norton & Sam Roberts
dyOOzoYfcCk Anthony Michael Hall - Moon Landing Conspiracy, Brad Pitt, Kelly LeBrock - Jim Norton & Sam Roberts
e412oRk8duk Leif Garrett on Michael Jackson - Jim Norton & Sam Roberts
eAVW8euqkp8 David Cross Discusses His Father Abandoning The Family - Jim Norton & Sam Roberts
eEJfIRkaZBg Adrian Belew & Stewart Copeland - 'Gizmodrome', Frank Zappa, Film Scoring - Jim Norton & Sam Roberts
eGa_2ehxdHc Sam's New Baby - Jim Norton & Sam Roberts
eHm003mkbg8 Jessica Kirson Spills Her Coffee - Jim Norton & Sam Roberts
eMYYGdsSw2U TJ Miller & CJ Sullivan - Cameo - Jim Norton & Sam Roberts
ePJy-Jl2Ldk Denis Leary - \
eY5nDyOwcBc Donald Trump Jr. On Jeffrey Epstein - Jim Norton & Sam Roberts
edHv8mIuk7I Donnell Rawlings - Gigs w/ Chappelle, TMZ Incident, Twitter Hate - Jim Norton & Sam Roberts
effzm2RQrjE Dave Smith & Luis J. Gomez of Legion of Skanks - Jim Norton & Sam Roberts
ehbJ5Dd4uNk Roger Stone: Final Interview Before Indictment and Arrest - Jim Norton & Sam Roberts
ehn-F2AN0xE Chris Kattan - 'Baby Don't Hurt Me', SNL Characters, Broken Neck - Jim Norton & Sam Roberts
ejK3aghGxXA Roger Stone Will Continue To Do Best & Worst Dressed From Prison - Jim Norton & Sam Roberts
eqQ1DV9uL-M Bob Saget - Stand-Up, Poop Talk, Childhood Mischief - Jim Norton & Sam Roberts
eyCDTXSc91M Dennis Falcone Fails To Befriend Sebastian Maniscalco - Jim Norton & Sam Roberts
f0ZbdsAwruY To The Fucking Haters
f40DgtVCqxk Brad Paisley - Country Music, Female Country Singers, Comedy - Jim Norton & Sam Roberts
f9wjUDVBKMQ David Arquette - Harvey Weinstein, Career Mishaps, Justin Bieber Incident - Jim Norton & Sam Roberts
fC3JyFC5r5M Billy Gardell - Melissa McCarthy, Acting, Stand Up - Jim Norton & Sam Roberts
fCBqo5Es84M Tom Cavanagh - 'The Flash', Conan O'Brien, 'Ed' - Jim Norton & Sam Roberts
fGzWENbgvhY Ricky Gervais - Stand Up, Small Talk, Prostate Exams - Jim Norton & Sam Roberts
fJQYuWhfjcI Roy Wood Jr. - 'This Is Not Happening', Stand Up, Howie Mandel - Jim Norton & Sam Roberts
fOOrIq3XxlE The Rock Tweets Jimmy - Jim Norton & Sam Roberts
fTqQnDjEFFM Bill Burr - PC Culture, 'Shark Tank', Comedy - Jim Norton & Sam Roberts
fYjd7StlJHs The Undertaker FULL INTERVIEW | Jim Norton & Sam Roberts
fe60z-stls0 Dan Harmon & Bill Burr - Drunk Podcasting, Butt Play, Horror Films - Jim Norton & Sam Roberts
flXjzA1ZWB8 Just For Laughs 2017 - Annie Lederman, Ron Funches, Dan Soder, Moshe Kasher, Natasha Leggero
fovLqEd2cWI Elijah Wood - Milo Yiannopoulos, Media Bias, Political Divisiveness - Jim Norton & Sam Roberts
fzT9dhPXi4g Kerryn Feehan on Boyfriend Situation - Jim Norton & Sam Roberts
g1uOZ9vibMU Rick Ross - Dealing Drugs & Prison - Jim Norton & Sam Roberts
g4HwZS2qVMk Michael Cudlitz - 'The Kids Are Alright', College Scandal, 'Band of Brothers' - Jim & Sam Show
g6uBk_KMzzc Kevin Brennan - Misery Loves Company & Lenny Marcus Relationship - Jim Norton & Sam Roberts
g7D0hUJ4PSo Kyle Harvey - VMA's, Being Bullied, 'The After Party' - Jim Norton & Sam Roberts
g99rLb3Fgbg Victor Cruz - Pittsburgh Loss, Odell Beckham Jr., Humility - Jim Norton & Sam Roberts
gG2laQGgGZU Kyle MacLachlan - 'Twin Peaks', 'Blue Velvet', 'Showgirls' - Jim Norton & Sam Roberts
gHSvLtS5-sQ Ron White Opens Up About His 'Divorce' - Jim Norton & Sam Roberts
gJxXLPrkn4A Ben Bailey - Pence & Hamilton, Sabbath, Patrice, Old Roasts - Jim Norton & Sam Roberts
gMPG7jy6qLg Jim Norton's Non-Deviant Weekend - Jim Norton & Sam Roberts
gPy6aTNM9eg Anthony Cumia - 'The AA Show', Bonnie Tyler, The Eclipse - Jim Norton & Sam Roberts
gQY5IXy2WUM Jo Koy on Sleep Apnea - Jim Norton & Sam Roberts
gTyitK8VkOw George Hamilton (w/ Joey Diaz) - Hollywood, Sex, Sinatra, JFK, Zoro - Jim Norton & Sam Roberts
gfsfQllLeC0 Just For Laughs - Virgil Wants To Give Ms. Pat The 'Meat Sauce' - Jim Norton & Sam Roberts
gmbFmIZtPic Chris Weidman - UFC 217, meeting Arnold Schwarzenegger, Steroids - Jim Norton & Sam Roberts
gp29iRgmNz4 Ricky Gervais Celebrates Jim Norton's Birthday | Jim Norton & Sam Roberts
gqnDygRzXNw Donald Trump Jr. on Jussie Smollett: \
grTO80-TJ3k Ricky Gervais - Fat Shaming, Standup, The Office and more. -- Jim Norton & Sam Roberts
gvJbZeFEurM Billy Bob Thornton - Working on Fargo - Jim Norton & Sam Roberts
gxa-8hBQSSs Glenn Jacobs on Getting Into Politics with Sam Morril - Jim Norton & Sam Roberts
gxxDKxZxYPk Roger Stone is Broke Because of Legal Fees - Jim Norton & Sam Roberts
h0dO3sBhZBY Will Donald Trump Jr. Run For President in 2024? | Jim Norton & Sam Roberts
h1hzP0-JQ30 William H. Macy Thoughts on \
h4H6TnFN_fk Dan Soder in studio - Adrian & Mary Jean's Rendezvous - Jim Norton & Sam Roberts
hHMElWtL-5w Matteo Lane & Rich Vos - 'Shark Tank'  - Jim Norton & Sam Roberts
hIfhYHZF5gk Nathan Morris & Lisa Lampanelli - On Stage Meltdown, 'Apprentice' Board Room Meetings, Boyz II Men
hQklp63TqBs Ricky Gervais - 'After Life', Rude People, Annoyances w/ Rich Vos  - Jim Norton & Sam Roberts
hUEfs6_UaEI Rory Culkin - Married by Paul Heyman, 'Castle Rock', 'Waco' - Jim Norton & Sam Roberts
hViee8QG-is Sebastian Bach - Bon Jovi Dunked My Head in Ice Milk - Jim Norton & Sam Roberts
hakkGH71r7M Rude Jude & Pete Davidson - 'Hummingbird', Relationships, Addiction - Jim Norton & Sam Roberts
hdpDyuEpLSk Brendan Sagalow Raps with Greg Stone - Jim Norton & Sam Roberts
heUmbIh1mvg Amy Schumer On Racism Accusations, Being Socially Conscious and Gun Control
hgBhq2JCA-U Desus & Mero Know Why People Are Getting Sick In The Dominican Republic - Jim & Sam
hjPieqs-8i4 Colin Quinn Tells Defoe & Schrader Awful Crocodile Dundee Story - Jim Norton & Sam Roberts
hlNx1y7IWEQ Patrick Wilson - 'The Commuter', CrossFit, Special Effects - Jim Norton & Sam Roberts
hnnRDXUNhiw Rose Namajunas & Pat Barry - Conor McGregor Incident, Winning the Championship, Gardening
hpB1B_Y3Jlk JJ Abrams - 'The Play That Went Wrong', Raising Children, 'Westworld' - Jim Norton & Sam Roberts
htCDlBHZh1g Giovanni Ribisi - 'Sneaky Pete', 'Avatar', Method Acting - Jim Norton & Sam Roberts
hx96hhDZHHA Sharon Osbourne Was Called The 'C' Word By An E! Executive - Jim Norton & Sam Roberts
hyDMp-FlbNA Michael Rapaport Watches JD & The Straight Shot Music Videos - Jim Norton & Sam Roberts
hyJlzinNFv8 Asa Akira & Dennis Falcone - BDSM, Sex Work, Crying, more - Jim Norton & Sam Roberts
i4rAl86w08s Rick Astley - The Rickroll, NOT Sexting, etc - Jim Norton & Sam Roberts
i66--Rj8w7k Short Guy's Bagel Boss Breakdown - Jim Norton & Sam Roberts
iQr1fw-6KqQ Vinnie Brand Responds to Pete Davidson Walking Out Of Stress Factory - Jim Norton & Sam Roberts
iVupDk3yJOo Ricky Gervais Discusses Friendship with David Bowie - Jim Norton & Sam Roberts
iezPFxvJS8w Michael Rapaport Calls Out LeBron & the NBA over China Controversy - Jim & Sam
ilysI2H1Kzw William H. Macy Discusses Emmy Rossum Leaving \
iv3jLwoPCLI Bill Burr calls in - Letting Go of Anger, Fighting in Relationships, Being a Father
ix8WcXNjeEs Jimmy's Birthday with Mark Normand & Natassia Dreams! - Jim Norton & Sam Roberts Show
jCf0-Wm3TRo Roy Wood Jr. - Southern/Urban Comedy, Clint Eastwood, Adele, Beyonce - Jim Norton & Sam Roberts
jCrrjYBnPnE Cory Richards - Climbing Everest, Avalanche PTSD, Identity, Photography - Jim Norton & Sam Roberts
jD5THyW1Wvo Dave Portnoy - Sirius XM Channel, ESPN, Rough N' Rowdy Boxing - Jim Norton & Sam Roberts
jKLrfkTFa0E Chris Weidman talks Jon Jones, Steroids and Male-Enhancement Pills - Jim Norton & Sam Roberts
jNO_JWaLdg4 Shane Gillis - Gilly & Keeves, Agents, Bad Business, etc - Jim Norton & Sam Roberts
jT7NT3FwNzY Artie Lange - Opens Up About Addiction, Sobriety, Health Scare - Jim Norton & Sam Roberts
jZgYDc-1tA8 Bruce Campbell & Jim Norton Swap Clinton, Reagan Impressions
jaWIvQO1QqM Tim Matheson - 'Killing Reagan,' Liberal Acting as a Conservative, more - Jim Norton & Sam Roberts
jfD6caFiKNI Bryan Johnson & Mike Cannon - Past Relationships, Kate Spade, Rehab - Jim Norton & Sam Roberts
joFdUJbdduA Mia Isabella - Tyga, Colin Kaepernick, Charlie Sheen - Jim Norton & Sam Roberts
js_uCV1nAAw Bagel Boss Explains Celebrity Boxing Deal - Jim Norton & Sam Roberts
jyLq2kocmUw Natalya - WWE Using Her, Conor McGregor, Charlotte, etc - Jim Norton & Sam Roberts
k6iuHu-UvI8 Jim Norton's List Of Hate - Jim Norton & Sam Roberts
kBLfXzh9Wo0 Gillian Jacobs & Matt Serra - Musicals,  'Love' on Netflix, Fighting GSP, Retiring from UFC
kD8IybWQANo Kelsey Grammer On Frasier Revival - Jim Norton & Sam Roberts
kO9P278hdPc THROWBACK: Rich Vos - Guy Punches Kangaroo in Face - Jim Norton & Sam Roberts
kSuk3sWVJUY Jim Florentine: Following Ozzy to the Urinal | Jim Norton & Sam Roberts
kZqaylUsTrk John Lithgow (w/ DJ Whoo Kid) - Oscars Flub, The Crown, Robin Williams - Jim Norton & Sam Roberts
kZx26C3KqRw Sean Astin - Corey Feldman Allegations and Growing Up in Hollywood - Jim Norton & Sam Roberts
kccpKnORysY Ron Bennington & Earl Douglas - Thanksgiving Show, Old Radio, Jim's Sabbath Photo
kdSW-4e5GvQ Ron Bennington - Becoming A Grandfather, Kanye West, Melania Trump - Jim Norton & Sam Roberts
kgfA4-BcvZo Bill Burr - Internet Privacy, Netflix Show, Change Through Fatherhood - Jim Norton & Sam Roberts
kgn6NTNANiw Michael McKean - Better Call Saul, Filmmaking, Clue, Airheads, Laverne & Shirley
khjqJdxvAz0 Abrasive Caller Shawn Wants to Run Jim & Sam's Show
kjjynqSXZlo Justin Willman - 'Magic For Humans', Performing for the Obamas, Pickpocketing
kr4uYi1pCg8 Mark Normand's New Idea For Seinfeld | Jim Norton & Sam Roberts
l3eJI4t-DQc Kat Timpf - Donald Trump, Dating + more - Jim Norton & Sam Roberts
lI_8pVv89RU Ron Funches & The Miz - 'Champs vs. Stars', LaVar Ball, Social Media - Jim Norton & Sam Roberts
lKwH3OSNyrE The Removal Of The Robert E. Lee Statue - Jim Norton & Sam Roberts
lSNsSq6SP-c Michael K. Williams - 'Hap and Leonard', Prison, 'Solo' - Jim Norton & Sam Roberts
lekGqbL95jI J.B. Smoove - 'Book of Leon', Men's Fashion, Flat Earth Theory - Jim Norton & Sam Roberts
lh8qVTLBXzg Dr. Phil - Bhad Bhabie, Shelley Duvall, Social Media - Jim Norton & Sam Roberts
lio1nycq8AU 'Better Find A Church' JD & The Straight Shot Cover (The Faceplants) - Jim Norton & Sam Roberts
lqC9lwyu9k4 Rita Rudner - Johnny Carson, Acting, Meeting President Obama - Jim Norton & Sam Roberts
lxcyTqJ_tPA Kelsey Grammer - Frasier Revival, Sideshow Bob, Theater Acting - Jim Norton & Sam Roberts
m-mVBrfjDjA Nick Nolte - Scorsese, Mugshot, Acting with Trans Woman in 1990 - Jim Norton & Sam Roberts
mHGAMZNe83Q Dr. Ian Smith - 'The Clean 20', Trucks, Staff Ailments - Jim Norton & Sam Roberts
mIJBTtZKuuA Bert Kreischer - Stealing Wife's Thunder - Jim Norton and Sam Roberts Show
mKW5BWHClEY Diamond Dallas Page - Ultimate Warrior & Nancy Grace, Dyslexia, WWE - Jim Norton & Sam Roberts
mQkxzZ2W7Yc Morgan Spurlock - 'Super Size Me 2' & Fast Food Chicken - Jim Norton & Sam Roberts
mUZOt4kiWb0 Tom Morello - Rock N' Roll HOF, 'The Atlas Underground', Rage Against The Machine
mVXQqfLBVjE Sean Astin - 'Stranger Things', Corey Feldman, Meeting President Bush - Jim Norton & Sam Roberts
mXhJ1cN-XPE Maury Povich - DNA Testing, Donald Trump Phobias - Jim Norton & Sam Roberts
mYeWusWQaQg Jim Gasses out Johnny Branmuffins with Robert Kelly - Jim Norton & Sam Roberts
mbFQJMSTXqk Kristin Davis - Mueller Grand Jury, Roger Stone, Prison - Jim Norton & Sam Roberts
mcJbxN2p43o Jim Norton Hates Nintendo Switch - Jim Norton & Sam Roberts
moLcaLMtXg0 AJ Mendez Brooks - New Book, Bipolar Disorder, Chaotic Childhood, CM Punk, Wrestling Career
mt4jsJuaSMQ Sgt Slaughter - Wrestling After Vietnam, Becoming a Heel, Andre The Giant - Jim & Sam
n18qMHK0gzQ Judd Apatow - 'The Return', Steve Bannon, Celebrity Photos - Jim Norton & Sam Roberts
n9zD7B69hQo Haley Joel Osment - 'Silicon Valley', Traveling, Child Acting  - Jim Norton and Sam Roberts
nMsD6aGrESk Jack Osbourne Describes Coffee Shop Assault - Jim Norton & Sam Roberts
nPyX8DcsZws Colin Quinn in studio - UFC 205, Funny Photoshops, + more - Jim Norton & Sam Roberts
nVkdJ0oHHig Secret Santa Gift Exchange - Jim Norton & Sam Roberts
nsQpitZeufA Jim Florentine - 'Fresh Prints of Bills Here' - Jim Norton & Sam Roberts
nwcwT5PmYak Eric Bischoff, Jeff Ross, Bruce Prichard & John Layfield - Vince McMahon, WWE vs. WCW, Heels
o28W5wLx33U John C. McGinley - 'Talk Radio', Oliver Stone, 'Platoon' - Jim Norton & Sam Roberts
o7vA8tykkOg Michael Malice - 'Dear Reader', Traveling to North Korea, Dennis Rodman - Jim Norton & Sam Roberts
oASofncrXls Bill Burr - Emergency Plane Landing - Jim Norton & Sam Roberts
oD-Cv_aln4Y Zac Amico (w/ Tom Papa) - Roasts, BDSM, Penis Piercings - Jim Norton & Sam Roberts
oE9kKmEWORY Amy Schumer Talks Mo'Nique Using Her Name In Fight Against Netflix - Jim Norton & Sam Roberts
oESV9CC9yVo Rich Vos Takes His Shirt Off, Talks about Crack Addiction - Jim Norton & Sam Roberts
oHr8T5yq5ww Bob Kelly's Search For A Best Friend - Jim Norton & Sam Roberts
oIBTbFAQKDM Joe DeRosa Shows Up Without Sandwiches - Jim Norton & Sam Roberts
oOPQZUqu5QA Roger Stone - Julian Assange/Steve Bannon Emails, Randy Credico, Wikileaks-Jim Norton & Sam Roberts
oZI_Foj_Cok Emmanuelle Chriqui - Psychics, Cheating, Entourage Fame - Jim Norton & Sam Roberts
obNl44z09rs Ben Mezrich - 'Woolly', Turning Books Into Movies, Facebook - Jim Norton & Sam Roberts Show
of2bRpy2QDA Roy Nelson & Matt Mitrione - Bellator 194, Team Sports, Cheating In Relationships - Jim & Sam
onS2_Et-NAg Vincent D'Onofrio - Emerald City,  Stanley Kubrick, Passing on Sopranos - Jim Norton & Sam Roberts
osBIhfcxM4A Ricky Gervais - Trump, Brexit, Divisive Politics - Jim Norton & Sam Roberts
p1eHpoGXZLQ Kofi Kingston - †áänyone But Us,‚Äù Winning WWE Championship, etc - Jim Norton & Sam Roberts
p2EJ6EB7dho Kendra Sunderland - Arrest at LAX, Fleshlight, Extreme Smothering - Jim Norton & Sam Roberts
p4-5wATTK6s Rose Namajunas - Waterson Fight, Indonesia Trip, Joanna Jedrzejczyk
p6-s5makOho Jedediah Bila Talks About Leaving 'The View' - Jim Norton & Sam Roberts
p81Hfq7JhNg Joe Buck - How PC Culture Affects Broadcasting - Jim Norton & Sam Roberts
p910Qe5kBA8 Sebastian Maniscalco - Stand-Up Success, Dice Clay, Family - Jim Norton & Sam Roberts
p9wAG3Fx5FE The Industry vs Mike Bocchetti - Jim Norton & Sam Roberts
pEYlojytuo8 Jim Breuer, 'Can't Stand Hollywood'  - Jim Norton & Sam Roberts
pFYgCtiMB74 Gad Elmaleh - 'American Dream', Cursing, Bill de Blasio - Jim Norton & Sam Roberts
pIIiUmOpMtw Robert Patrick - 'The Last Rampage', Technology, 'Terminator 2' - Jim Norton & Sam Roberts
pJc4OG5rOa8 Bill Burr - Fatherhood, Donald Trump, Fergie - Jim Norton & Sam Roberts
pMQj1njKfVM The Rumors About Craig Shoemaker- Jim Norton & Sam Roberts
pYDO5bWEcyI Jedediah Bila - Getting Married, Leaving 'The View', Roger Ailes - Jim Norton & Sam Roberts
pZ3F1dOyeXA Jimmy Almost Takes a Tumble - Jim Norton & Sam Roberts
p_1jkiTheag Mike Montone Goes To Exxxotica - Jim Norton & Sam Roberts
pheG5Q1kJ1Y Courtney B. Vance - People v. OJ Simpson, Fatherhood, Comedic Acting - Jim Norton & Sam Roberts
pqXrREZg2PI Nikki Bella & Lana - Engagement to John Cena at Wrestlemania, Total Divas, more
pt54iQBaf2M Adam Pally On Getting Kicked Out of The Shorty Awards And His Regrets Afterwards - Jim & Sam
puIAhwzDyoo Georges St-Pierre On Possibly Retiring - Jim Norton & Sam Roberts
q6IDbgFMdkQ The Bellas - Brie Returning, Daniel Bryan's Health, etc  - Jim Norton & Sam Roberts
qC1fihJ4D-w Jim Norton & Sam Roberts: Shitloaf & Intern Nico
qM7qr0-0Y3k Roger Stone says Joe Biden's Face Has 'So Much Botox' It Can't Move - Jim Norton & Sam Roberts
qRbc7Qn1Bp4 David Cross - 'Arrested Development' Controversy, Walking off 'The Late Show', Superhero Movies
qS68vmPzido 1st Annual Jim Norton and Sam Roberts Spelling Bee: Intern Alina vs. Troy Quan
qXjmb0FVm8Y Roger Stone - Potential Jail Time, Pleading the 5th, Russian Collusion - Jim Norton & Sam Roberts
qgBa0HuZHQk Robert Klein (w/ Joey Diaz) - Starz Doc, Career, Lenny Bruce, Censorship, Rodney Dangerield
qrElYM-DXO8 Bruce Campbell - Shatner Impression, Actors Saving Lines - Jim Norton & Sam Roberts
qtaHpJ9u8Xk Cackling Anthony - Jim Norton & Sam Roberts
qtcRdl-0YX4 The Candyman - No Condoms, Packing Heat - Jim Norton & Sam Roberts
r3gtpoZpg1s Nick Mullen - Comic Drama, Shia LaBeouf, Jerking Off - Jim Norton & Sam Roberts
r6tNv6VuBwA Breakdown of the Starbucks Racial Bias Training Video - Jim Norton & Sam Roberts
rC7eg0JqnaE Elijah Wood - Ken Bone's Reddit AMA - Jim Norton & Sam Roberts
rLUnjGgtI9c Steve Wilkos - Parenting, Jussie Smollett, Being a Cop - Jim Norton & Sam Roberts
rMVE7teHvZ0 Gary Busey Farts on Negan from The Walking Dead - Jim Norton & Sam Roberts
ra8zjz8mTGk Matt Iseman, Kevin Brennan & Jim Florentine - Being Single, Comedy, Women - Jim & Sam Show
rb1tbzGRzdk Boyz II Men - 'Under The Street Light', Philadelphia, Fighting - Jim Norton & Sam Roberts
rc-P9kK0Jvw Bill Burr - Helicopters, F is for Family, Bob Kelly, Comedy, etc - Jim Norton & Sam Roberts
rd4YesAjl90 Ann Coulter - Kavanaugh Hearing, New Book, Access Hollywood Tape - Jim Norton & Sam Roberts
rnCiC6uSUIY Jim Florentine - 'White Chicks Inc', Bon Jovi, Dating Apps - Jim Norton & Sam Roberts
rqyZuVt8A2A Sam Worthington - 'Manhunt:Unabomber', Minimalism, 'Avatar' - Jim Norton & Sam Roberts Show
ruS4smjz0eQ Jane Lynch stops by  - Donald Trump, Foreign Languages - Jim Norton & Sam Roberts
ryViY2yn4UE Matt Serra, Robert Kelly, Mike Cannon - Virtual Reality, Porn, Supplements - Jim & Sam Show
s7JnAA8NDEM Stone Cold Steve Austin - WWE, Reality TV, Podcasting - Jim Norton & Sam Roberts
s9_C6bKSq6c Ricky Gervais & Rich Vos - Stand Up, Doctors Visits, Etc. - Jim Norton & Sam Roberts
sBYDJT8GMG8 Riz Ahmed & Swet Shop Boys - New Album, Brexit, Donald Trump - Jim Norton & Sam Roberts
sQOHNVPj-vk Tom Green - 'The Tom Green Show', Stand Up, Having Cancer - Jim Norton & Sam Roberts
sY-jtF-GVLI Chip Nixon and Edgar Nicholson w/ Colin Quinn - Jim Norton & Sam Roberts
seQ0i9yDvcw James Ransone - Hitting a Rapist with a Pipe - Jim Norton & Sam Roberts
sfyK7QZss2o Anthony Cumia - Jon Stewart Run-In, Revisionist TV Shows, Corey Feldman - Jim Norton & Sam Roberts
sgBPX2qymF4 Lisa Lampanelli - Comedy Roasts, 'Celebrity Apprentice', Patrice O'Neal - Jim and Sam Show
sgV7NIPyRCg Amy Schumer -- Turning Down 'Barbie' Movie and Work Fatigue - Jim Norton & Sam Roberts
t3CvhQyCNAc Brooke Shields - Losing Virginity, Michael Jackson Relationship, Joe Jackson, Fame, Modeling
t6AGU9d_ZIs Jon Bernthal - Kevin Spacey, Directors, Being Killed off 'The Walking Dead' - Jim & Sam
t7DasIvPTTM Rich Vos & Kelsey Cook in studio - Ewoks, Shirtless Vos, Award Shows - Jim Norton & Sam Roberts
tJVYqt0EOSo Joe Matarese - Fixing Joe Podcast Drama - Jim Norton & Sam Roberts
tVfrrvw4JzM Kyle Dunnigan - Instagram, Dating, Neck Injury - Jim Norton & Sam Roberts
thNirtTE3oQ Chris Distefano on John Travolta - Jim Norton & Sam Roberts
tk3fYe4REEI Sandy Kane, Angry Bagel Guy & Mary Jean in Studio - Jim Norton & Sam Roberts
toYdlGiYY2g Ken Kratz - Steven Avery Book, What Making a Murderer Got Wrong - Jim Norton & Sam Roberts
u-4-BkuZE6Q Bob Saget - Comedy, Dating, Bill Cosby, Fuller House - Jim Norton & Sam Roberts
u08WJhvkGv8 Love Is Blind: Taking 'Nap Dates' | Jim Norton & Sam Roberts
u7J7n7RtLds Roger Stone Describes Being Arrested By The FBI - Jim Norton & Sam Roberts
uB8sb6ZXIm8 Rich Vos - Clooney Scooter Accident, PayPal, Takes His Shirt Off - Jim Norton & Sam Roberts
uG-ClP8_Ti4 Ricky Gervais - 'Humanity', Time Travel, Award Shows - Jim Norton & Sam Roberts
uJ8Fn-xjhSA Skylar Grey - Career, Nature Living, Stalker and more - Jim Norton & Sam Roberts
uJkOE9evmDg Nate Bargatze & Bob Saget - 'Zero to Sixty', Getting Engaged, 'Caligula' - Jim & Sam
uNAy-Q-pdqY Chip The Robotic Dog - Jim Norton & Sam Roberts
uRE5C-2aVTI Just For Laughs - Sharing Dick Pics With Friends - Jim Norton & Sam Roberts
uT2NsxiOJV0 Chip Robotson w/ Robert Kelly - Jim Norton & Sam Roberts
uWr_1bCai-c Anya Marina & Her Older Boyfriend - Jim Norton & Sam Roberts
uYEoFubywsQ Henry Winkler - Hollywood Politics & Meryl Streep - Jim Norton & Sam Roberts
u_88a0h0Ffg Matt Iseman - 'American Ninja Warrior', Rich Vos' Roast, Passwords  - Jim Norton & Sam Roberts
u_IrkZ-G9Ko Impractical Jokers - Season Six, Going Shirtless, Jokers Movie - Jim Norton & Sam Roberts
uc7_vBljTFg Lisa Ann - Podcasting, Retiring from Porn, Mia Khalifa - Jim Norton & Sam Roberts
udos6brZy9I Lisa Ann - Retiring From Porn - Jim Norton & Sam Roberts
ulsaFG7CyXc The Candyman - Sex 5 Times A Day - Jim Norton & Sam Roberts
upXV2ySYMxk Dani Daniels, Mark Normand, Keven Undergaro & Ashley Daniels - Jim Norton & Sam Roberts
usRWKIT_lz4 Don't Let Me Forget That I Danced (w/ Nick DiPaolo) - Jim Norton & Sam Roberts
uwWTvRp-lt0 Judd Apatow - 'The Big Sick', Donald Trump, Stand Up - Jim Norton and Sam Roberts Show
vGT6XIIxnGw Paul Felder - UFC 223, Training, Acting - Jim Norton & Sam Roberts
vHV2y5oChxg Jeff Ross - Roasting Cops + Trump, Jim Roasts the Room, Ann Coulter - Jim Norton & Sam Roberts
vKPaSPLO-2s Rich Vos Tries To Sell Fake Yeezys - Jim Norton & Sam Roberts
vM2u_XKuHhY Daniel 'Bobo' Kurlan - Mets Videos, GoFundMe Scam, Mom Calls In - Jim Norton & Sam Roberts
vN_5d0aKw9s Sam Is Too Busy For The Miz - Jim Norton & Sam Roberts
vV8FUohCSLw Officer Good Time- Jim Norton & Sam Roberts
vZYAMFPQZ1c Ron White - Relationships, Touring, Planes - Jim Norton & Sam Roberts
vcHzJKwg9P0 Bob Kelly - Bush Craft Party Boys, Camping, Ivanka Trump - Jim Norton & Sam Roberts
vdNHLLlzBVU Jim Gets Martin Scorsese Shout-Out on Jimmy Kimmel - Jim Norton & Sam Roberts
veTaKMc52wk Moshe Kasher - Political Correctness, Presidential Election, Childhood Problems
vtFvZN2QQD4 Patrick Renna Reveals Details About Upcoming Disney+ 'Sandlot' Series  - Jim Norton & Sam Roberts
vuqmazn2HYw Rhett & Link on Youtube Success with Andrew Schulz - Jim Norton & Sam Roberts
w2V4G_gOioE Dave Attell and his Otter Facts - Jim Norton & Sam Roberts
w7WQxQKT6CE Exit Polls with Mary Jean - Jim Norton & Sam Roberts
w8j8UEThf5E TravisDawg's Birthday Presents Woof Woof Woof - Jim Norton & Sam Roberts
wA0PtXCn-m0 Matt Iseman in studio - American Ninja Warrior, Mike Francesa, + more - Jim Norton & Sam Roberts
wE8E0iQmZ48 Mall Santa Refuses Nerf Gun | Jim Norton & Sam Roberts
wKoRzRCQf5E Busy Philipps - Freaks and Geeks, Tefft's Poem, Motherhood - Jim Norton & Sam Roberts
wL1gumE5IC0 Jo Koy - 'Inglorious Pranksters', LOL Network, Meet the Creeps - Jim Norton & Sam Roberts
wNVVgmk1AIE Colin Quinn - Golden Globes Opening Monologue - Jim Norton & Sam Roberts
wOcXhzyvZOU 'Better Find A Church' JD & The Straight Shot remix (Black Caviar) - Jim Norton & Sam Roberts
wQb_Jfkc_qI Jim Plays Red Dead Redemption II - Jim Norton & Sam Roberts
whFzcD9RV2E Corey Feldman: Naming Child Abusers | Jim Norton & Sam Roberts
wmCAngt6RKI Jim Breuer - Going On Tour, Metallica, Stand Up - Jim Norton & Sam Roberts
wnOPVeblhsE Patrick Renna - 'The Sandlot', Growing Up In Hollywood, S'mores - Jim Norton & Sam Roberts
wnzpk6cfwzA Sebastian Maniscalco & Ron Bennington on Andrew Dice Clay - Jim Norton & Sam Roberts
wvU31TRHbW4 Troy Quan Challenges Neil Degrasse Tyson Again -- Jim Norton & Sam Roberts
x-gCWvy9McM Ice Cube - New Album, NWA, Acting, Fist Fight - Jim Norton & Sam Roberts
x0c9kq0OXUI Denny Sends A Fake Mail Bomb - Jim Norton & Sam Roberts
x5zjxhIMOwM PewDiePie, Leeroy Jenkins, Gamer Jim, WoW Funeral Pwnage - Jim Norton & Sam Roberts
xA9I8zgSIB0 Blake Griffin, Matteo Lane, Andrew Schulz & Andrew Santino - JFL 2019
xENTWsK2F9U Jim Norton & Rich Vos Bust a Move - Jim Norton & Sam Roberts
xGQ5hNelg9k New Faceplants Theme Song - Jim Norton & Sam Roberts
xGf-vy6ZJuo Craig Gass - Intern Nico, Ron Jeremy, Lying - Jim Norton & Sam Roberts
xJJtlLI2KrE Becky Lynch - WWE Evolution, Clown School, Return to Wrestling - Jim Norton & Sam Roberts
xNjT6cRTdpI Joe Buck - His Haters, Insecurities, Father - Jim Norton & Sam Roberts
xQ95K5BIPew Jason Mitchell - Playing Eazy E, 'The Chi', Delta Flight Confrontation - Jim Norton & Sam Roberts
xRvAERrSwEo Chip Blade & Colin Quinn - Jim Norton & Sam Roberts
xS51VeHm7do Jamey Jasta Covers 'Better Find A Church' Ì†æÌ¥ò- Jim Norton & Sam Roberts
xVXt-Jp0lxc Good Mornin' from Jim Norton'
xXTW394KMXY Anthony Cumia - Hollywood, Donald Trump, Net Neutrality - Jim Norton & Sam Roberts
xZiqJwufNi4 Wesley Snipes - 'Talon of God', Movie Career, Being An Author - Jim Norton & Sam Roberts
xfBZ-Ga5myA Jim & Sam Breakdown Rob's Alumni Communications Panel w/ Kerryn Feehan - Jim Norton & Sam Roberts
xjPpbH5Y3GI Nick DiPaolo was Mitch Hedberg's Neighbor - Jim Norton & Sam Roberts
xn7WHbqTohw Bob Odenkirk - Girlfriend's Day, Mr. Show, Better Call Saul, KISS, Comedy - Jim Norton & Sam Roberts
y0B3WcQ4x7I Rich Vos Has Trouble With His Headphones-- Jim Norton & Sam Roberts
y8h9KEO0C7k Scott Ian - 'Access All Areas', Metallica, DJing in Vegas - Jim Norton & Sam Roberts
yAun0GaCFp4 Gad Elmaleh, Mark Normand & Cipha Sounds-Norm Macdonald, Dating, Swiss Beatz Birthday
yHe9I9aFrXs Ricky Gervais SiriusXM Town Hall with Jim Norton & Sam Roberts
yNS27Wf16Xk Tito Ortiz - Relationship w/ Jenna Jameson, Supporting Trump, Chuck Liddell - Jim & Sam
yT21Gfa8eRo Jim & Sam Talk Shane Dawson's Cat  - Jim Norton & Sam Roberts
ynW0voDs6qY Pao and Russ from 90 Day Fiance - Colombia, Bikinis, Nerf Guns - Jim Norton & Sam Roberts
ynqDPrNeeRI Ti West & James Ransone - Discuss 'In a Valley of Violence' - Jim Norton & Sam Roberts
ys7hyowS_wA Rich Vos Apologizes to Sam - Jim Norton & Sam Roberts
yutG0MPjdHw Adult Entertainment Publicist Lainie Speiser Talks Ron Jeremy Allegations - Jim Norton & Sam Roberts
yvVFqzVcMQg Lance Reddick - 'John Wick', 'The Wire', 'Eric Andre Show' Appearance - Jim Norton & Sam Roberts
z1LB40CYtEA Roger Stone - Sam Nunberg, Stormy Daniels, Wikileaks - Jim Norton & Sam Roberts
zAoNyfYZcWg Jim Norton Reads Tweets as the Joker  - Jim Norton & Sam Roberts
zHBb8JqVk5I Chris Hardwick - '@Midnight', Joan Rivers, Late-Night TV - Jim Norton & Sam Roberts
zR48MxAFdSQ Billy Gardell (w/ Sam Morril) - Mike & Molly, Sun Records, Elvis, Graceland
zW9oUgxkZuQ Joe Rogan On UFOs: \
zYtNEYqAy1c John McEnroe - He Could Beat Serena Williams, Bert Kreischer is Fat, etc - Jim Norton & Sam Roberts
z_sXRyz0Wwo Just For Laughs - Jo Koy vs. Robert Kelly - Jim Norton & Sam Roberts
zmYGV9KhgrE Matt Iseman & Kevin Brennan - The Today Show, Louis CK Super Bowl Snub, Omarosa - Jim & Sam
zncBytCXpK0 John Douglas w/ Brendan Schaub & Big Jay Oakerson - Serial Killers, 'Mindhunters', Etc - Jim & Sam
zoeDMoo0bLk Jim & Sam Discuss Appearance on 'Bar Rescue' w/ Phil Hanley & Joe Machi
zqQJn3yVu-Y Nick Mullen in studio - Living in Squalor, Internet Politics, Tech Talk - Jim Norton & Sam Roberts
zxpZ7oRAhok Ron Bennington - Death Row Meals, Shark Week, Being A Serial Killer - Jim Norton & Sam Roberts
