-YR2TxHkb4c The US Military is EVERYWHERE
36j802A5sTs The Guy who Changed the Way we Shop
3OMmxKiG4LE How the U.S. Stole Mexico
3i1lNJPY-4Q The Fastest Way to Learn a New Language: The Video Game Map Theory
3uXAtUvOC-w I'm Dyslexic
4Lv0xEFtUc0 The FISH & CHIPS Wars: U.K. vs Iceland
5ho3M8i-jXA What People Get Wrong About MASKS
5tvHHcJxxiU I WANT TO MAKE MORE MAP VIDEOS
6AeZTFOrmaw Utah's Best Hike
6j5Rr9hWxz8 How Nukes Gave Us Godzilla, the Bikini, and so Much More
7fcqhU-23TA How The US Stole The Philippines
8njOx9sFBQc The Biggest Project of my Life
9PbgYReEUO8 Why the Suez Canal is so Insanely Important.. (and Nukes)
ABrzFmhHJIk The Life Where I Don't Travel
Aj4xV7XHGjg The 5 Things I Do When I Get to a New City
BkUH2tP8PYw I'm a Journalist Who Hates The News
C8YlGkoYXXM How The US Stole Iraq
D_PtYPnKBJs Control The Choke Point: How The US Stole The Panama Canal
FQ4hvLqNfqo Putin Will Lose, Here's Why
Fp2PcrRNlGo The 3 Strangest Borders on Earth
GLy4VKeYxD4 How to Remember Your Life
GsojLuJpe_0 How I Make My Maps
HBlZlmXyR5M Why is Russia So DAMN BIG?
HvN7GxrRtNA THE NOSTALGIA THEORY
HwUtjG3u8l0 Was COVID Created in a Lab? Here's What We Know
IMY4UOA7E_w How Belgian Imperialism Gave Us The COVID Vaccine
IwJzsE8CvzQ Why People Think the World is Flat
JWpJjsou99c How We Mapped the Stars
JZpaIMSgj7I The Taliban is Lying, Don't Believe Them.
K7XKmrGwmgY Where the U.S. Hides its Secrets
L8KOL8X5X5c Why Forests Burn
LJNtfyq3TDE The REAL Reason Putin is Invading Ukraine
McLgpck2i7A Why New York City is so Huge
N8IlEHb5coo My Recipe for Escape | Italy & Switzerland
NY8Rv6PaXVI The Space Border That Could Seal Us on Earth
NsXwNNcOtX8 Why Turkey is Holding this Island Hostage | Cyprus, Uncharted, Ep. 4
OAcXVIK9mjo Why I Can’t Stop Thinking About This Photo
OwqVtZn5df8 How to Force Yourself to Learn Stuff
Oz9zw7-_vhM NFTs, Explained
PJgQEpFMptQ MEXICAN COKE IS A LIE
QsXM5uUbqLA What Iceland Taught Me About Hot (And Cold) Water
RG4J4b8wXiQ I Made a Video with The New York Times
ROIK9_zh5Ts The US & Canada’s Only Border Dispute Over Land
Rb32VopxmlA Why Everyone is Going to Iceland Lately
Rr7povAInwQ 7 things I’ve learned about journalism in 7 years of being a journalist
SrDEtSlqJC4 The REAL Reason McDonalds Ice Cream Machines Are Always Broken
T-_HKFjxVl0 Shampoo is a Lie (for me...and maybe for you too??)
VNZ0so0LCoM Here’s What Happens If China Invades Taiwan
Vvvicd07zCs The Longest Border in the World
VzAErq53yZk I Built My Dream Studio
W9KFkBvJcR4 How the U.S. Snagged All These Islands
WWBCl8huNMA How the US Stole Central America (With Bananas)
WosBbOSbzvA How I Got My Start in Video
XK2MBnw6RlY How the US Stole Hawaii
XVvFRE6yNPk How I Stopped Hating Breakfast
XoEZvSl5Cg8 How the Dutch Beat the Ocean | Why Amsterdam Has Canals
YTMtvGk_Kzw Hunting for the Wild War Donkeys of Cyprus | Cyprus, Uncharted, Ep. 3
YeAxxMZf1O4 How Switzerland Stayed Neutral
YnOdULpV810 How The U.S. Stole the Middle East
ZEWbOsRgV70 How to Map a Virus
Zgu2VPtSSvw The Longest Border Fence on Earth (isn’t meant for humans)
a8pvvlI6tyo I’m going back to what I do best
aBppb2quqkE The International Date Line, Explained
aJSD8XV3qzE China's Rush Into Africa, Explained.
aTMsfOcHiJg Why I Left The Mormon Church
aq1dsm5OzzI My Favorite Places on Earth in 2019
djdU9uyi9O4 Am I Happy?: Q&A
e1EymGBTl-A How the U.S. Stole an Island
eOa1zbBureI Why Canada's Mountains Feel Like Switzerland | Banff, Lake Louise, and Sunshine Village
fqB5W-AdFqw How I Use Music | Thoughts on the Creative Power of Music
g52A2CPEi4A Why Britain is the Center of the World
gUWz6-ypQM0 GAMESTOP DRAMA, EXPLAINED (with Pokémon cards)
hBDwXipHykQ How China Conquered The Keyboard
hrORwk_RZLM The Man Putin Fears The Most
hzwfWzGmCnw How I Got My Job at Vox | Lessons About Getting a Job in Video
iXLfXm0QTkE You Ask, I Answer | Q&A
jUTdeKJ4r-M How Justin Timberlake Escaped #NippleGate
kNovwPIWr3Q Why Americans Eat Dessert for Breakfast
kqtN794yb1o Why Indonesia is Always Erupting
mqxgP8WlxJQ Here's Who REALLY Won the War in Afghanistan
p7_TZagxjyk Returning to a War-Torn Ghost Town Sealed for 50 years | Cyprus, Uncharted Ep. 1
qw-FLc7Z01Q How China Became So Powerful
rKo8Sv99MkM Skid Row, Explained
sYjBxxm0lmM Should You Go to College?
seMD5knvFgY 3 lessons from isolation
tl2SpJ0vBEs YOU WONT VOTE
uGqZDpmS08E The Border that Cuts this City in Half  | Cyprus, Uncharted Ep. 2
v0V_zkng4go How Crypto will Change the World (or Not)
wILAAYhKQnY VOX BORDERS IS CANCELED
xwvOd2Y-EyU Why Hitler Was Obsessed With Iceland
xykDDyHDTZY France Still Has An Empire
yyWjHVmZWvg Junk Mail, Explained
zBHJaMbXdhk What's With My Orange Coat
zKDe094o-Q8 How I Took a Picture of a Galaxy
