-6ZyQKiwMQw Sex and Dating Apps | Rob Henderson | The Jordan B. Peterson Podcast - S4: E47
-yUP40gwht0 Biblical Series XII: The Great Sacrifice: Abraham and Isaac
0EWelXuo2JM 007 Maps of Meaning: 7 Contemplating Genesis (TVO)
0Zld-MX11lA A Brain Divided | Iain McGilchrist | Jordan B Peterson Podcast - S4: E21
0j1XQoAwG2I Potential: Jordan Peterson TEDxUofT
0qz1ZKR4hkE 008 Maps of Meaning: 8 Dwelling on Paradise (TVO)
0v3x0ev1URY 2015 Personality Lecture 22: Conclusion - Psychology and Belief
11oBFCNeTAs 2017 Personality 12: Phenomenology: Heidegger, Binswanger, Boss
134BCxbMUlU 2015 Maps of Meaning 09a: Mythology: The Great Father / Part 1 (Jordan Peterson)
1uicRKhgzAQ New Year Resolution Help
2O_gW4VWZ5c Minefields and the New Political Landscape | Bret Weinstein - Jordan B. Peterson Podcast S4 E10
2c3m0tt5KcE Reality and the Sacred
2rAqVmZwqZM The Perfect Mode of Being | Jonathan Pageau - Jordan B. Peterson Podcast S4 E8
31Ud7-EkZEI Conversation between Sam Harris & Jordan Peterson - Waking Up Podcast #67
35e5i6FQuMw 2015 Personality Lecture 20: Conscientiousness - Industriousness, Orderliness & Disgust
3Y6bCqT85Pc Biblical Series X: Abraham: Father of Nations
3iLiKMUiyTI 2017 Personality 07: Carl Jung and the Lion King (Part 1)
3nAIAPYuD7c 2015 Maps of Meaning Lecture 03b: Narrative, Neuropsychology & Mythology I (Part 2)
3rZkv_prTOk Theory of Enchantment | Chloé Valdary | The Jordan B. Peterson Podcast S4: E77
3uJkd54p9dY 2016 Personality Lecture 07: Phenomenology and Carl Rogers
44dcUoh0oT4 2015 Maps of Meaning 07a: Mythology: Chaos / Part 1 (Jordan Peterson)
44f3mxcsI50 Biblical Series V: Cain and Abel: The Hostile Brothers
4GcU9LjuVOo Q & A 2018 04 April
4IBegL_V6AA The Perilous State of the University: Jonathan Haidt & Jordan B Peterson
4IdzC6mJzLA 20 Minutes on UnderstandMyself.com
4XMdT2cF-ZM Jordan Peterson Threatens Everything of Value In NZ
4qZ3EsrKPsc 2017 Personality 11: Existentialism: Nietzsche Dostoevsky & Kierkegaard
4tAQM5uU8uk Enlightenment and the Righteous Mind | Steven Pinker & Jonathan Haidt | The JBP Podcast S4: E52
4tQOlQRp3gQ 2015 Maps of Meaning Lecture 01a: Introduction (Part 1)
539UQF6eT6I 2016 Personality Lecture 09: Phenomenology: Heidegger, Binswanger, Boss
5Q_GIHDpuZw 2016 Lecture 06 Maps of Meaning: Part II: The Primordial Narrative continued
5eBcKlBaaoc Abandon Ideology | Gad Saad - The Jordan B. Peterson Podcast #S4E6
5efyUt5YDU0 The Catastrophe of Canada | Rex Murphy and Jordan B Peterson
5p5YEvi8CHQ 2015 Personality Lecture 21: Performance Prediction
68tFnjkIZ1Q 2017 Personality 10: Humanism & Phenomenology: Carl Rogers
6LIR2zQ-jvQ Religious Belief and the Enlightenment with Ben Shapiro
6NVY5KdSfQI 2015 Maps of Meaning Lecture 03a: Narrative, Neuropsychology & Mythology I (Part 1)
6Rd10PQVsGs 2015 Maps of Meaning Lecture 02b: Object and Meaning (Part 2)
6V1eMvGGcXQ 2017 Maps of Meaning 12: Final: The Divinity of the Individual
6_6zwVNn88o Return Home
6gFjB9FTN58 Biblical Series VII: Walking with God: Noah and the Flood (corrected)
7XtEZvLo-Sc 2017 Maps of Meaning 10: Genesis and the Buddha
7Yrrm5qccig The Education of a Journalist | Rex Murphy | The Jordan B. Peterson Podcast - S4: E27
7c-bWymbT04 The Immortality Key; Psychedelics and the Ancient Age | Brian Muraresku & Prof. Carl Ruck | S4: E37
86X5XNrgWpU Racism and Wokeness | Africa Brooke | Mikhaila Peterson Podcast | #120
8ABa4RdNPxU 2017/02/11: An incendiary discussion at Ryerson U
8yqa-SdJtT4 Tyranny, Slavery and Columbia U | Yeonmi Park | The Jordan B. Peterson Podcast - S4: E26
9S60kJA6tic Men and Divorce Court | Greg Ellis | The Jordan B. Peterson Podcast | #228
9Zji6xMkOgo 2015 Personality Lecture 08: Depth Psychology: Sigmund Freud (Part 1)
9b8kprIQ-yo Islam, Christ, and Liberty | Mustafa Akyol | The JBP Podcast S4: E56
9fKZPRAPT1w 2015 Personality Lecture 02: Historical Perspectives - Mythological Representations
A07DV3FXyPo 2015 Personality Lecture 09: Depth Psychology: Sigmund Freud (Part 02)
A9JtQN_GoVI Biblical Series XIII: Jacob's Ladder
AqkFg1pvNDw 2017 Personality 15: Biology/Traits: The Limbic System
B7V8eZ1BLiI Biblical Series XV: Joseph and the Coat of Many Colors
BQ4VSRg4e8w 2017 Personality 06: Jean Piaget & Constructivism
BSh37_x5RNY 2016 Personality Lecture 06: Freud: An Overview
BVrLqpt0APo Christianity and the Modern World | Bishop Barron - Jordan B Peterson Podcast S4 E15
Bj6HgQBNiZE 2015 Maps of Meaning 10: Culture & Anomaly / Part 1 (Jordan Peterson)
C3mZn5nimaU Justin Trudeau and the Election that Should Have Never Been |  Rex Murphy  | JBP Podcast S4: E45
CFHZyse4VGw 2015 Personality Lecture 07: Depth Psychology: Carl Jung (Part 02)
Cf2nqmQIfxc 2017/02/25: Jordan Peterson: Postmodernism: How and why it must be fought
Cn_lucBscH4 Talking with Russians | The Jordan B. Peterson Podcast S4: E 74
D7Kn5p7TP_Y 2017 Personality 18: Biology & Traits: Openness/Intelligence/Creativity I
DC0faZiBcG0 2015 Personality Lecture 06: Depth Psychology: Carl Jung (Part 01)
DLg2Q0daphE A Conversation so Intense It Might as Well Be Psychedelic | John Vervaeke | The JBP Podcast | S4 E34
DRJKwDfDbco Biblical Series XIV: Jacob: Wrestling with God
DTwEFa5NW2k Peterson Family Update - February 2020
DjYqkPrCvXQ 2016 Lecture 04 Maps of Meaning: Anomaly
DmpUQEDRIKA 2016 Lecture 03 Maps of Meaning: Part II: The basic story -- and its transformations
DtiRzQMgBDM Psychology of Redemption in Christianity
ED_TfmwjsEw 2015 Personality Lecture 05: Constructivism: Jean Piaget
EM_QPCxCkws Iceland: 12 Rules for Life Tour: Lecture 1
EN2lyN7rM4E 2017 Maps of Meaning 02: Marionettes & Individuals (Part 1)
EdhFuMDLBDM Canadian Constitutional Crisis | Brian Peckford | The Jordan B. Peterson Podcast S4: E78
F3n5qtj89QE 2017 Maps of Meaning 07: Images of Story & Metastory
F7T5cg1a77A 2016 Lecture 10 Maps of Meaning: Gautama Buddha, Adam and Eve
FCvQsqSCWjA The 4 Horsemen of Meaning | Bishop Barron, John Vervaeke, and Jonathan Pageau | JBP Podcast S4: E60
FHpvI8oGsuQ Milo: Forbidden Conversation
FXvQcuIb5rU The Immaculate Conception: Bitcoin vs Fiat Standard | Dr. Saifedean Ammous | The JBP Podcast S4: E58
Fd2wKn6-X_A Unedited: Petersons' Times Interview
G1JWRFIzppA Use This Psychotherapy Technique To End All Of Your Arguments | Jordan Peterson at Cambridge
G1eHJ9DdoEA 2017 Personality 17:  Biology and Traits: Agreeableness
G3fWuMQ5K8I 2016 Personality Lecture 04: Piaget Constructivism
G7U9el_yVhI 2015 Maps of Meaning 11: Conclusion - The Hero / Part 2 (Jordan Peterson)
GOcNihk09YM 004 Maps of Meaning: 4 Games People Must Play (TVO)
GYua-3JmnT4 Message to the school shooters: past, present and future
Gacjj2aCo7Q 2016 Lecture 09 Maps of Meaning: Genesis
GmuzUZTJ0GA Biblical Series IX: The Call to Abraham
GzRbEMzr0k8 (Reposted) - Peterson Family Update June 2020
HA4Bkybx1ps Literacy and Strength | Jocko Willink - Jordan B Peterson Podcast S4 E13
HbAZ6cFxCeY 2017 Personality 02/03: Historical & Mythological Context
HueFqvz1oDU 2016 Lecture 07 Maps of Meaning: Part I: Osiris, Set, Isis and Horus
HwU1yYDkNYA Carr On Comedy | Jimmy Carr | The JBP Podcast | #233
I8Xc2_FtpHI 2017 Maps of Meaning 01: Context and Background
IO6NvcGKZ20 2016 Personality Lecture 05: Piaget, Segueing into Jung
Ifi5KkXig3s Biblical Series IV: Adam and Eve: Self-Consciousness, Evil, and Death
IpPr5i1aHjE The Four Dos and Don'ts of Divorce | Warren Farrell | The Jordan B. Peterson Podcast - S4: E:41
Iu635BJxBQE Announcement: BEYOND ORDER: 12 More Rules for Life
Ixc9i1G7eew The Metaphysics of Pepe with Jonathan Pageau
J9j-bVDrGdI 2017 Personality 22: Conclusion: Psychology and Belief
JpA5iDpnrbw The Meaning and Reality of Individual Sovereignty
KZ-ArH19Kvs Why I Love Great Britain
KnIAAkSNtqo 2017/05/17: Senate hearing on Bill C16
KtgThjIl1Ao 011 Maps of Meaning: 11 Losing Religion (TVO)
L9HqHzA3atQ Malice, or the Establishment? | Michael Malice | The Jordan B. Peterson Podcast - S4: E30
L9bxcm7hVLU 005 Maps of Meaning: 5 Grappling with Fear (TVO)
LLyPVgeH-jo Men & Women: Personality Differences | Discovering Personality with Dr. Jordan B. Peterson
LQwP5dIBgiM Jordan & Tammy Peterson's Understand Myself Couples Report
LmYs6C8yPq0 Evolutionary Psychologist Shares How Women Select Men
MBWyBdUYPgk 2017 Personality 20: Biology & Traits: Orderliness/Disgust/Conscientiousness
MCOw0eJ84d8 45 minutes on a single paragraph of Nietzsche's Beyond Good & Evil
MLp7vWB0TeY Tragedy vs Evil
MnUfXYGtT5Q Who Dares Say He Believes in God?
MwdYpMS8s28 The Queen's University Talk: The  Rising Tide of Compelled Speech
NGIP-3Q-p_s The Psychology of Psychedelics | Roland Griffiths - Jordan B Peterson Podcast - S4 E20
NOzjfqO6-K8 2015 Maps of Meaning 08a: Mythology: The Great Mother / Part 1 (Jordan Peterson)
Nb5cBkbQpGY 2017 Maps of Meaning 08: Neuropsychology of Symbolic Representation
NoRFaiqiQGo Australia: Lockdowns and Location Apps | John Anderson | The JBP Podcast - S4: E:50
Nyw4rTywyY0 2017/06/15: 12 principles for a 21st century conservatism
OWMoPPU0wKc Message To Canadian Leaders: Seize The Day
Ov5pYNPi358 2015 Maps of Meaning 05b: Narrative, Neuropsychology & Mythology III / Part 1 (Jordan Peterson)
P1po9pNs8RU Song by Jordan B Peterson: Wake Up
P6rm0LrO9vU 2015 Personality Lecture 18: Openness - Creativity & Intelligence
P8tzXazvyHQ What the Truckers Do and Do Not Want
PH67HpFD2Ew 2016 Personality Lecture 03: Mythological Elements of the Life Story -- and Initiation
PSkQlc-6vpY Writer of Braveheart | Randall Wallace - Jordan B Peterson Podcast S4 E19
PcM3Y8kACo4 A Wing and a Prayer
PcYLzW1B6cY 2016 Lecture 08 Maps of Meaning: Part I: Hierarchies and chaos
PfH8IG7Awk0 Identity politics and the Marxist lie of white privilege
PkNv4LFpGf4 The Lindsay Shepherd Affair: Update
Q-geMoCsNAw Q&A 05-01-2021 | Jordan B. Peterson
Q7GKmznaqsQ 2017 Personality 21: Biology & Traits: Performance Prediction
Q_2UYIuvDXI 2015 Maps of Meaning 11: Genesis II / Part 1 (Jordan Peterson)
Q_zjdmkou0Q 12 Rules for Life Tour - Sydney, Australia.
QtnDpZp1Ikw If Bill 67 Passes.. This Is What Canada Will Look Like | Rex Murphy & Jordan Peterson
R-z92l0kPls 12 Rules for Life Tour - Brisbane, Australia.
REjUkEj1O_0 Slaying the Dragon Within us
RNxlEQSvh_w 2016 Personality Lecture 11: The Psychobiology of Traits, Continued
R_GPAl_q2QQ Biblical Series III: God and the Hierarchy of Authority
RcmWssTLFv0 2016 Lecture 02 Maps of Meaning: Playable and non-playable games
RdNJTP6tYMs 2015 Personality Lecture 15: Biology & Traits: Limbic System & Lower Order Goals
RudKmwzDpNY 2017 Maps of Meaning 05: Story and Metastory (Part 1)
S0P6H7cm0E4 Rex Murphy (REXTV) interviews Jordan Peterson
SEDuVF7kiPU 2017/08/08: James Damore and his Google Memo on Diversity  (complete)
SF_SwujfiYk From the Beginning to Now | Lawrence Krauss | The Jordan B. Peterson Podcast - S4: E36
SKzpj0Ev8Xs Biblical Series XI: Sodom and Gomorrah
ST6kj9OEYf0 Political correctness: a force for good? A Munk Debate
SsoVhKo4UvQ 2015 Personality Lecture 12: Existentialism: Dostoevsky, Nietzsche, Kierkegaard
T4fjSrVCDvA 2017 Maps of Meaning 11: The Flood and the Tower
TVYDdZWUWlE Conversations with John Anderson: Jordan Peterson and Dave Rubin
T_yGvI81Oj8 Message to the Truckers
U4NijLf3M-A Australia's John Anderson & Dr. Jordan B Peterson: In Conversation
UFAyBEKKIBE 2015 Personality Lecture 04: Heroic & Shamanic Initiations II: Mircea Eliade
UGLsnu5RLe8 2016 Personality Lecture 01: Introduction and Overview (Part 1)
UgRaLmCOwYU 2015 Personality Lecture 17: Agreeableness - Aggression & Empathy
UoQdp2prfmM Biblical Series VIII: The Phenomenology of the Divine
Urd0IK0WEWU 2017/04/10: Harvard Talk: Postmodernism & the Mask of Compassion
Us979jCjHu8 2017 Maps of Meaning 03: Marionettes and Individuals (Part 2)
V32WHDuy-Do Lecture and Q&A with Jordan Peterson (The Mill Series at Lafayette College)
V9Ql5V7-OQo 2015 Personality Lecture 10: Humanism: Carl Rogers
VIANLddo-ec Ten Global Trends Every Smart Person Should Know | Marian Tupy - Jordan B Peterson Podcast S4 E18
VJVMtUb-LEY 2015 Maps of Meaning 05b: Mythology: Enuma Elish / Part 2 (Jordan Peterson)
VXiLvPjeK1M Q&A 05-22-2021 | Jordan B. Peterson
W_luzlgqYz0 What’s the Most Effective Way of Overcoming Self-Deception? | Q&A 06-17-2021 | Jordan B. Peterson
WjpV9mja3Wc 2016 Personality Lecture 08: Existentialism: Nietzsche, Dostoevsky and Social Hierarchy
X6pbJTqv2hw 2017 Personality 08: Carl Jung and the Lion King (Part 2)
XY7a1RXMbHI 2015 Personality Lecture 13: Existentialism: Nazi Germany and the USSR
XbOeO_frzvg 2016/11/08: My Message to Millennials: How to Change the World -- Properly
XiEczFBS61s Auckland Clip 6: On Crippling Guilt
XvbtKAYdcZY Sir Roger Scruton/Dr. Jordan B. Peterson: Apprehending the Transcendent
YCc-Rk1GPpQ 2015 Maps of Meaning 04b: Narrative, Neuropsychology & Mythology II / Part 2 (Jordan Peterson)
YDElXTPm3VQ Ukraine Update | Frederick Kagan
YFWLwYyrMRE 2017 Personality 09: Freud and the Dynamic Unconscious
YWVmDSMl30s Deconstruction: The Lindsay Shepherd Affair
YfdaAGZvYsA AD Harris/Murray/Peterson Discussion: London
Ys2zTL-b3eE Russia, Ukraine, and the West | Frederick Kagan | The JBP Podcast | #230
ZHmklvx9oJ4 2016 Lecture 05: Maps of Meaning: Part I: Anomaly and the brain
ZKpqpBRVr8Y 2015 Personality Lecture 01: Introduction & Overview
ZQ43i5nKuZk The Symbolic World | A Lecture by Jonathan Pageau
_ET7banSeN0 Life at the Bottom | Theodore Dalrymple | Jordan B Peterson Podcast - S4: E23
_vAat1HQU0M Preview: 12 RULES FOR LIFE: An Antidote to Chaos
aI-pET9YD6A 2015 Maps of Meaning 06b: Mythology: Egyptian Myths / Part 2 (Jordan Peterson)
aLxZF_EWaLE Apocalypse Never? | Michael Shellenberger | The JBP Podcast - S4: E:51
ajtnhtEg76k 2016 Personality Lecture 02: Introduction and Overview (Part 2)
bV16NEWld8Q 2017 Maps of Meaning 04: Marionettes and Individuals (Part 3)
bjnvtRgpg6g 2016 Lecture 01 Maps of Meaning: Introduction and Overview
c-kWEDr6VS0 Q & A 2018 03 March
cFS6fPLQ024 2016 Lecture 05 Maps of Meaning: Part II: The brain, continued
d-Z9EZE8kpo AA Harris/Weinstein/Peterson Discussion: Vancouver
dAAGA9QFTEI Cruelty | Charles Joseph | The Jordan B. Peterson Podcast S4: E80
dHXxtyUVTGU No Safe Spaces? | Prager and Carolla | The Jordan B. Peterson Podcast - S4: E44
dPv1RYsi7sA 12 Rules for Life Tour - Melbourne, Australia.
dl0_mJrbPLQ 006 Maps of Meaning: 6 Submitting to Order (TVO)
dncyXvPR8uU The End of Universities? | The Jordan B. Peterson Podcast - S4: E:39
ewU7Vb9ToXg 2017 Personality 16: Biology/Traits: Incentive Reward/Neuroticism
f-wWBGo6a2w Biblical Series I: Introduction to the Idea of God
f3vqXCLhJLE Background to Lecture VIII: Abrahamic Stories, with Matthieu & Jonathan Pageau
f511uRzsHhQ 2016 Personality Lecture 10: The Psychobiology of Traits
fFFSKedy9f4 An Atheist in the Realm of Myth | Stephen Fry | Jordan B Peterson Podcast - S4: E22
fSKQfATa-1I Irreversible Damage? | Abigail Shrier - Jordan B. Peterson Podcast S4 E11
fjtBDa4aSGM 2017 Personality 19: Biology & Traits: Openness/Intelligence/Creativity II
fogGeB8YmnQ Kill Bill (67) | The JBP Podcast #234
fvPgjg201w0 2016/09/27: Part 1: Fear and the Law
g_RrYz85E1A Radical Ideology and the Nihilistic Void | Douglas Murray - The Jordan B. Peterson Podcast #S4E3
h8_OrrvaVVw Goodbye to Patreon
hJrEaLYacwc Best Lessons Learned from Jordan B. Peterson | Afterskool
hKUffHXOb8U Dr. Jordan B Peterson on Femsplainers
hXJlYjyHujI Evolutionary Psychologist Explains Why Women Fall For  Boys”
hdrLQ7DpiWs Biblical Series II: Genesis 1: Chaos & Order
hgFX-ZsOscc Investigate Your Dark Side To Take Control Over Your Life | Robert Greene & Jordan Peterson
iNV7pF8m5Uw Beyond Order as a Last Minute Christmas Gift
iVym9wtopqs Bitcoin: The Future of Money? | Bitcoiner Book Club | The Jordan B. Peterson Podcast - S4: E:40
iwQy-MVP4u0 Warning: Bill 67
j0GL_4cAkhI On Claiming Belief In God: Discussion with Dennis Prager
jKh0ni7HlNw Evolution & the Challenges of Modern Life | Bret Weinstein & Heather Heying | The JBP Podcast S4 E73
j_MXSE3wUT4 Jordan Peterson's Critique of the Communist Manifesto
kYYJlNbV1OM 2017 Personality 01: Introduction
kjqEMqOyUr8 Rational Optimism | Matt Ridley - Jordan B Peterson Podcast S4 E5
km5Em_xz8RI Oh, Canada
knEZN9U-9xc 001 Maps of Meaning: 1 Monsters of Our Own Making (TVO)
kteHW6t4G0g Ben Shapiro: Telos, Responsibility and Cultivation
kxMj_u5fQH4 Enhanced Interrogation Techniques | Mohamedou Ould Slahi | The JBP Podcast - S4: E:49
lT8TeVvBkgA 002 Maps of Meaning: 2 Contending with Chaos (TVO)
lsWndfzuOc4 Marxism: Zizek/Peterson:  Official Video
m9Njk8vpToQ Jordan Peterson, God, and Christianity with Word on Fire | The JBP Podcast - S4: E69
mJI0hVV-5Vs 2016 Lecture 06 Maps of Meaning: Part I: The primordial narrative
mO9LUWs5M60 2015 Maps of Meaning Lecture 02a: Object and Meaning (Part 1)
mXPmLZRAPSo Q & A 2019 01 January
nqONu6wDYaE Dragons, Divine Parents, Heroes and Adversaries: A complete cosmology of being
nsZ8XqHPjI4 2017 Maps of Meaning 06: Story and Metastory (Part 2)
oq2rBE5zwAs D-I-E must DIE
pCceO_D4AlY 2017 Personality 14: Introduction to Traits/Psychometrics/The Big 5
pEWEEZ8rp24 The Actor
pZKuwgcKXwY Who is Joe Rogan? With Jordan Peterson
prt9D90BvFI Questioning Sam Harris | Sam Harris | The Jordan B. Peterson Podcast S4: E81
pzhsiOwZabM 013 Maps of Meaning: 13 The Force Within (TVO)
q15eTySnWxc 2016 Personality Lecture 12: Conscientiousness: Industriousness and Orderliness
qGgEF-SlSEU Provocations: Nicole Arbour interviews Jordan Peterson
qRFxulvRC7I 2016 Personality Lecture 13: Openness and Intelligence
qa9u5t3C0AI Intro to SelfAuthoring
qgYMuRqXPr0 Islam and the Possibility of Peace | Mohammed Hijab | The Jordan B. Peterson Podcast - S4: E66
r2S58rH0PAw Russell Brand & Jordan B Peterson - Under the Skin #52
rM8JsibkrI8 2015 Maps of Meaning Lecture 1: Introduction (Part 2)
r_ShAseOvNE 2015 Maps of Meaning 06a: Mythology: Introduction / Part 1 (Jordan Peterson)
rlGqUfIgJfc 2015 Maps of Meaning 04a: Narrative, Neuropsychology & Mythology II / Part 1 (Jordan Peterson)
rnw4SXX7cGY 2015 Maps of Meaning 07b: Mythology: Chaos / Part 2 (Jordan Peterson)
s0EuQe6BOWo To Junior High, High School Students & Their Parents
sJVtAIIHxu0 2015 Maps of Meaning 10: Genesis I / Part 2 (Jordan Peterson)
sta4zLcTAII 2016 Lecture 07 Maps of Meaning: Part II: Osiris, Set, Isis and Horus
t-kfIb1dp1w 12 Rules for Life - Jordan Peterson - Official Book Trailer
t966lVrHEzo 2015 Personality Lecture 03: Historical Perspectives - Heroic & Shamanic Initiations I Mircea Eliade
tFTA9MJZ4KY Journalist or Heretic? | Bari Weiss | The Jordan B. Peterson Podcast - S4: E29
tIZb0YEcyNo 2015 Maps of Meaning 09b: Mythology: The Great Father / Part 2 (Jordan Peterson)
u6CsGY8wpGw Q & A 2016 07 July: Disney Propaganda and Why Bashing Religion Doesn't Make You Smart
ux6TVYqdN-E 2016 Lecture 03 Maps of Meaning: Part I: The basic story and its transformations
v-hIVnmUdXM Modern Times: Camille Paglia & Jordan B Peterson
v0lOv-s7Yh4 Wim Hof Teaches Mikhaila and Jordan Peterson His Breathing Method
v0s5klPtQXk Meaning, Awe, and the Conceptualization of God | Jordan Peterson Compilation | | JBP Podcast S4: E61
v3Bu7oCB8_k Maps of Meaning 01 (Harvard Lectures)
v8v7ueICWuU A Change of Heart Towards Jordan | Africa Brooke | Mikhaila Peterson Podcast | #120
vDNSnMTem98 Is Everything Better Than We Think? | Bjorn Lomborg - Jordan B Peterson Podcast S4 E16
vt90JwDHh-Y 2015 Personality Lecture 16: Conscientiousness I - Industriousness & Disgust
w1scgquS2mo 2015 Maps of Meaning 08b: Mythology: The Great Mother / Part 2 (Jordan Peterson)
w2pNqIdY_T0 010 Maps of Meaning: 10 Figuring Evil (TVO)
w84uRYq0Uc8 2017 Personality 13: Existentialism via Solzhenitsyn and the Gulag
wLc_MC7NQek 2017 Personality 04/05: Heroic and Shamanic Initiations
wNjbasba-Qw Biblical Series VI: The Psychology of the Flood
wZnqLvLbLV0 2015 Personality Lecture 14:  Existentialism: Solzhenitsyn / Intro to Biology & Psychometrics
xPIanlF6IwM The Death and Resurrection of Christ: A Commentary in Five Parts
xWhuQOVTFGw Interview with the grievance studies hoaxers
xiAqO5sJZpA Advice to Young Men in Their 20s | Jordan and Mikhaila Peterson
xrbPaCIm4yw 003 Maps of Meaning: 3 Becoming Like Gods (TVO)
xu3ux1h_caU It's Time to Live
y8wBjH8aXw4 Greenlights (and Darkness) | Matthew McConaughey - Jordan B. Peterson Podcast S4 E1
yKhAh_qfO64 The Erosion of Women's Rights? | Ayaan Hirsi Ali - The Jordan B. Peterson Podcast #S4E7
yOP4a7-EJPU 009 Maps of Meaning: 9 Becoming a Self (TVO)
yXZSeiAl4PI 2017 Maps of Meaning 09: Patterns of Symbolic Representation
zFu9nNPMiUk 012 Maps of Meaning: 12 Truths that Matter (TVO)
zQCTeGKHsVc Documentary: A Glitch in the Matrix (David Fuller production)
zooE5GE81TU 2014 Personality Lecture 11: Existentialism:  Viktor Frankl
