-RmJ8hVY6tI Letting My Wife Hold It
0Wepa81fTEU How To Deal With Bad Breath People | Tom Segura & Josh Wolf
0c2tHJ35hbw Dance Off #2 | Blind People Can Get Erections Too
0tV2qjOJgNM My Son Got Hacked
0z2pGzHFeN8 Josh lifts kilt at his show and gets a big surprise
1FeACJeNnSw Dance Off #3 | Come Get Your Mom
1c5QOro3iqc HERO JR. - GRAVEYARD OF MIRRORS - LIVING ROOM #ROCKDOWN
1fNszAxbr0c My Son Walked In On Me And My Wife
1qgd7-MFqcw Teenage Girls Don't Care About Your Feelings
2jdaMX3yc5Y Socks On | Josh Wolf
48oJH3bG6EU My Second Favorite Practical Joke
4EkqIqb98u4 Stealing Booze | Josh Wolf
4gmbmlPASAU Holy Land
4obpH_CdFQU Arrogant Bicyclists
4y8xOve78sA Birthday Crowd Work
5x79O3YN49I That Time My Son Did Acid
6DZ8V3yuEas Weird Body Hair
6gtVV0Zmbfg Best Version of \
6jDJ07Uplrk My Son Let Me Stay At His Apartment
7SQapOTRCCw Heckled By A Homeless Person
8dHkPbB4NcQ In the Kitchen - Old School vs New School Dad
9FpclP5Qa7w My Son Ate My Weed
A590reKXjgU How To Get Fired in 30 Seconds
A_iSS2Ob2so All Kids Are Assholes | Josh Wolf
An5qK9v2Xcs Father vs Son: The Fight (Part II)
BIjvqNaKxMg Tripping At A Music Festival
BU3TRL1iIDs My Brother Taught Math
BqdOhl5NYro Medical Muffin Emergency | Josh Wolf
C7W3fdGZARw Bill Burr | Tell Me Something Good
CQLvtSY7WjU Memorable BJ (Crowd) Works
CuS8ZgJmTqo Chris Kirkpatrick parodies an NSYNC song
D-goDMUJlgo Dance Off: Erect Santa Sits Down
D13zdcFGFVg I Like Screwing With People
DLFwK5Dcv00 My Son Has No Game
DrmR-7_xq-g The Weirdest Thing I've Seen in Public
Du9L-sMG3P0 My Son Is Quarantined
EFRAxQ03HBw Gifts For Guys Are Super Easy
EfK655HoF2M Josh Finds Out Things Jacob Did
Ehl3-HYfGvs Pooping With The Door Open
FFYgprzqe2A A Song About Man Boobs
FS8k9jal1lk My Son Took Long Showers
GOs3r4gOHZ4 The Leeches Go WHERE!? | s1e1 | Josh Wolf's Wonderful World Of Weird
GdWJE4J9scg Trick-or-Treating
HAnj2IdP1oU Driving Through Taco Bell High
I-PPF8OD17A Parenting Tips #1
IRvDqdxdhNs Not Bragging, Just Confused.
IjNNcA9GnG4 A Song About My First Sexual Experience
IlUaEx-JtN8 They Lie!
J-GDRGaSpYg Josh Wolf Forgets What Story He Is Telling On Stage
JDQNWhI8eK0 True Love | Josh Wolf
JxGKNeX7sl0 The Wild Wolf Band | Hungover
KCCK8oHfk1Y Here For The Fun (2021)
KHTcf0GsvYg My Son Went To A Rainbow Party
KJmDOyEUAVg Sons vs Daughters: Lies!
KKo5nM0x0kY Jump Cut Special
KZNXjI1hOhY You Put WHAT In Your Ear?!
LTqbk3LB2ZU Life Is All About Perspective
LYmv7qkb2hE Front Heavy Fella Passes Out Drunk in the Front Row
LmeYS31Gplc Taking A Bra Off My Brother
LtARrfKwRp8 Running into your Son at your Weed Store
MgKcKEFLTFU Most Embarrassing Job Ever
MnhFHbQZN5Y Ballsy Uber Driver
NBAL20h44cs Dazed Dude Doesn't Need Help
NYFujFi_Tok My Son Jacob Wolf REACTS to \
NZMdhbCqwOU I Can't Believe What My Son Did At My Friend's Wedding
NajiIbx3bF0 Imagine Parody - we’re all in this together.
NvqBfOt7OIE Jacob REACTS to \
OQYGqamWd8k My Son Might Try Stand-Up
OvUrR3KY1rw Dating Apps Are Competitive
PU58WitadU4 I Hate Your Kid
QbBTRJdoA3o Dance Off #4 | It's About To Go Down
R0VUv1J07qM My Son Walked in on Me and My Wife
SZ367U0ooZw Pooping With The Door Open (part 2)
SeXnv7KbGa8 2 Weeks Living in Nashville
SktXLgqQlVg Josh's Fantasy Date w/ George Clooney
SzIRvpRQf78 My Son Is Dirty
TGh0Yh_KhDc Just The Tip
TM2-0BXcb4A Imposter Syndrome (Remix) ft. @Ryan Sickler & @Josh Wolf
TyXSlnk0W54 Cops Caught Me Driving High
UHSfaC3REIU Messing with Bicyclists in Portland
V5ael97eyDI Growing Up With A Hot Mom
VN3DorhWSDs My Son Jacob Wolf REACTS to \
VpDHMhrxVus Best Practical Joke (uncensored)
VpioNWn0eX8 My Kids Admit Interesting Things
WQ3DoUFc6hA Drunk People
Wg_hJm9__Iw Marriage Crowd Work
WmJ3caKDzD0 Sticky Nuts
WvbT4x08gLw Getting Tear Gassed Is Not Great
XLxY9pMqoVk Fingerbanging @ A Comedy Show
XgycOI_4WTE It's Your Closet
XipTgt7DoS4 What It's Like Raising A Son
YDcbIogWMRc This Is What They Laugh At
YYUhy5aToik This Is What My Son Does To His Friends
Yaa_0PjCtas Love Songs Ruined
Yv54zm67enM Father vs Son: The Fight (Part I)
Z6jxrPCnThk Wild Woman Works The Stage
aDFpA3YFbXc The Lifelong Struggling Magician
aNu5cU0tRU4 TSA Took My Weed
aOpORyzbZ7U Josh Wolf Interviews Miley Cyrus
at2NtdKjw94 Jacob REACTS to \
at7NUtYZTNQ Say Something  (MUSIC VIDEO)
bNd4ZwqlE3o Pre-Special Stream with Jacob
bepBxlQQQIo Giant Spider Disrupts Comedy Show
cHxxtb4YsZw The Stretcher
cvSidbQ8Buk When My Son Went To Jew School
d-yacp0gfYc Everyone's Eating Ass Now
dAs58is0WIU My Son Learned New Moves
dnnlozHTLsg Old Men Exposed
f4C7Q8VVsOw Don't F— with Swans or Geese
fg-1yLxDHK4 Dance Off #5 | What It's Like To Have Nuts
fi6Ue1MiqEA Who Ordered The Porn? | ☑️My Son ☑️My Parents
h3dP4SEJVe4 How Grandma Taught Family About Cussing and Comedy
hCVX7SjrYjU The NFL Needs Weed!
i8HjSfAPdrs Father vs Son: The Fight (Part IV)
j6y39DPofYk Young Josh Experiences An Older Woman
jS5ASRXgqEs My Kids and I Pull Pranks on Each Other (PART 3)
khDA0FH9AZ8 F**k Matthew McConaughey
kox3p6P-iSM People Watching at the Beach in Florida
ksCk-Pf5tq0 Best Practical Joke Ever
kvCH4YEGZiI The Running Into A Sliding Glass Door Story
l40tFkko00s You Don't Eat Steak At A Strip Club
l58pVSAnuVw Do You Feel Like You're In The Middle Of It All?
lDJAatS-9-8 Jacob Wolf REACTS to \
lO4YaLivhGs Aggressive Cake Behavior
lSXS0m0n29o Nobody Bombed Like Joey Diaz & Brody Stevens | Bill Burr & Josh Wolf
mL_3vcz1lDQ Fatherly Advice
n6f5W1Awd4o Josh Wolf Goes To The Fertility Clinic
nXmNslqFBJo Son Reacts to Dad Thinking He Ordered $200 of Porn
oVSqUEKxVA4 Taylor Swift - \
oogjGOUwLWg D*** Pics
pSjWpmKVhOI My Kids and I Pull Pranks on Each Other (PART 2)
pdmwnO-Wy9I Heckled By A Dog
ptJLIB2STlU WTF is a Dongle?
q5ETMKfuznE Nervous About Nana
q5LuD92SEmY Dumbest Lie My Son Has Ever Told
qM0sEgFOwpw Chris Kirkpatrick Parodies An NSYNC Song
qdiHPvmeJaY Taking Edibles From Strangers
r2npD7yJf_Q 4 Non Blondes Parody
rcw6PuB_QYE My Son Walked In On Me and My Wife
sGKi378JCb0 Good Parenting
seW6EWOX7PA Jacob Wolf Reacts To Infamous Story About Him
smLeLeCviyg My Favorite Story About My Son
so5R0B83NOE When I Belly Button Fingered a Guy at a Rolling Stones Concert
tPT2pFW32RE Father vs Son: The Fight (Part V)
td3-69Voowk The Sex Talk | Josh Wolf
uCgFsRu6rfo Real Men Wear Yoga Pants
usku6p_33ds Walking In On Your Parents
utWLqy7eRBw Letting Your Lady Hold It
v3CZCTjuhq0 Jacob REACTS to \
vDhx71XEGaU The Moment I Knew I Wasn't Gay
vFpVpPuIank Dance Off #1 | Awkward Lap Dance Leads To Bizarre Breakup
vJskgagffmk Wrestler Slaps Josh Wolf's Chest
vQWf2C3_57k Father Of The Year (2019)
vl6I2ejph38 What It's Like To Go Out To Dinner With My Wife
wjm7jreTPP4 Lifting a Man's Kilt to Find Out if he's Wearing Underwear
wyuwbeCdiAY Bachelorette Crowd Work
xDHLwqxAGHU Cigarettes & Coffee
xoaOQ0LCD1E Say Something (ACOUSTIC)
xvOIeudovLs Father vs Son: The Fight (Part III)
y7rpaBC6HXQ Teaching your Boomer Dad HOW NOT TO GET CANCELLED
yMpquEoW3LA You Took WHAT Out at the Bar?!
yXwMGZNj7II Farting On A Plane
yroxtQm2UWk Bruce Willis Has No Sense Of Humor
yrpPpWNPJgA Drunk People Redemption
yycCCCmgcVw Jacob Wolf REACTS to \
zs3s5XXHhtM My Kids and I Pull Pranks on Each Other (PART 1)
zwpPnle_C7I Most Embarrassing Story Ever
zzi5GjKj6eY Fan comes on stage and helps Josh tell his joke
