-ksYl2VvIHc How Did Multicellularity Evolve?
08emOkUtHJI Microbes in Slow Motion
0C3FaLrj9zw What Is the Point of Sex?
17tug6T-4jc Ophyroglena: The Tricky Transforming Ciliate
1LyeWQZ7ZR0 Making Decisions Without a Brain
27BMPbZcn3s What Even Is A Species?
2e-2_WOcuMk The Case of the Mistaken Amoeba
2itvkvOd6rY Some Water Bears Live on Land
4LhBZ2H5SwM Where Did Eukaryotic Cells Come From? - A Journey Into Endosymbiotic Theory
4cAQsn-oiJE The Colors of the Microcosmos
4r8rEIxBkVc The Diversity of Shapes in the Microcosmos
5KzuQKT_-ek Creepy Crawly Close-Ups
5WdPno6-xkU How Do Microorganisms Reproduce?
6_ZuIG_fbTA Water Fleas: Look Weird, Adapt Weirder
9EutjfddS2c Testate Amoebas: Blobby, Modest Shell Dwellers
9rtUEPuzhbE Getting to Know Our Single-Celled Ancestors
A-g7EJTVlks Strange Stentor Stories
APwJdLOueM0 What Microscope Do We Use? (And Other Frequently Asked Questions)
A_IlpiGUAOQ Unsolved Mysteries of the Microcosmos
AiKZr3YvzUM We Upgraded Our Microscope... Again!
BitrBZy7Xkg Synura: Smelly, Flowery Confetti
CYIC70MNRWM How Diatoms Build Their Beautiful Shells
CjYl_nZHoTY How to Name a Microbe
DTElmUuOAk4 The Dark History of Sea Monkeys
DTx8oOVKtiM What Humans and Stentors Have in Common
DXGdw9DMZvw The Beautiful, Brutal Tentacles of Hydra
DctfqZFqwgM Looking at Tardigrade Sperm and Other Reproducing Swimmers
DubmVVygziw Trying to Make Sense of This Overwhelming World
ECUL22CU164 BONUS: Microcosmos and Chill
EHW4EiaLs4w We Recorded Too Much Slow Motion Footage So Here's a Bonus Video
ERF1jkn2lxc Hang out with the Microcosmos team!
G2oRwfyyQgg How Do Microorganisms Poop Without a Butthole?
GTvlQ0cAKpw The Algae That Saved an Astronaut's Life
H8b09C1WPQk Life Without Oxygen? Challenge Accepted
H9VGpym-28w You Can Support The Microcosmos!
HbwV-EzP67Q We Upgraded Our Microscope!
IOl6q9P3xAg Tumbling Down Invisible Highways
JCKG4eSV_UU How Do Microorganisms Pee?
JYkr_GmGcN0 The Gruesome Tale of the Hitchhiking Parasite
KDYCkuKrMoA The Fantastic Feet of the Microcosmos
KLi5bl-gdeQ Paramecium: The White Rat of Ciliates
KmiHo_tYwkk Flatworms: Simple Wiggly Tubes
KoGSUXiORUk The Terrifying Viruses of the Microcosmos
L-vprX2kpds Why Do Bacteria Move Like Vibrating Chaos Snakes?
LDEC8RhrCUk Some Eggs Don't Need Sperm to Make Babies
LPWAMXK92Jo We Dipped Our Lens in Oil to See More Detail
MhTq5uhAIKE The Spatula-Shaped Ciliate Family
N6mqpIifiDY Giant Microscopic Cannibals
NgZeYxl3aL8 The Complicated Relationships of the Microcosmos
NsTX57HfL0w Your Screen Is Covered In Human Blood
Nysdq_plUTg Bacillaria: Distractingly Beautiful Crystal Colonies
OQfSRk9uhYs What Are These Vorticella up To?
OTv-RQcckQc The Tiny Worlds Inside of Single-Celled Organisms
OmoL8LlQwWQ Euglenoids: Single-Celled Shapeshifters
Orw7xd2EqyM Becoming Your Own Baby Through Conjugation
OumMHAOX4RA 500k Celebration Livestream!
PKMUJdn09OU The Microcosmos of the 1800s  | The Story of Christian Gottfried Ehrenberg
PZoaKzEXzi8 Stentors: Single-Celled Giants
Pjr-f0w7ufQ Adventures in Being Eaten
PnYxeUgCMsQ The Microbe That's Big Enough to Pet
PplFgqEv5U0 Are Microbes Good or Bad for Humans?
QB5maibRSr0 Microorganisms Are Cleaning the Water You Drink
QqAY2RuySuA The Fish Sucking Lice That Aren’t Lice
R3XmQgyvDHY The Micro World Right Under Your Feet
Sb-gf0e534k How to Survive the Microcosmos
SfMwNBwIzQo The Complicated Legacy of Lynn Margulis
T1uctvvypPE Microbe Hunting in Antarctica
TPDenuw0gFo BONUS VIDEO: Hold The Microcosmos In Your Hands!
TRfPo53EuZc Amoebas: Occasional Brain-Eaters
TUf2X3hqCPU Water Is Thicker When You’re Smaller
TiPw1byKuzk How to Identify Microbes
TipFRTTY2-c Why Did We Start This Channel? (And Other Questions You've Been Asking)
Tn2NisQiaY4 The Chaotic Life of Seashore Ciliates
U3PLUeD_JAg Rotifers: Charmingly Bizarre & Often Ignored
UZZ_RmpzSFQ Copepods: The Diatom-Devouring King of Plankton
V6g3OjkhClE The Fungus That Traps and Kills Nematodes
VBmzwM76V0o Microbes Don’t Actually Look Like Anything
VxTBLJlDxNs Colorless Euglenoids: Structure and Function (and Food)
WsCAAqoJa6Q Looking for Answers in the Skull of a Zebrafish
Xw6lDWom7cw The Secret Things Living in Your Aquarium
Ygty9HxhFK4 Diatoms: Tiny Factories You Can See From Space
ZTzhx--VOHE Heliozoa: Round, Sticky, and Covered in Spikes
a2HfXTZS7-w The Highs and Lows of Tardigrade Pregnancy
aDxEiIIj638 Aeolosoma: Polka-Dotted Vacuum Worms
aHs2Vh-Llrc Can Microbes See Without Eyes?
adHpXfepuWA Peritrich Ciliates: Masters of Long-Range Snacking
bPwVOggUp4M How Do Protozoa Get Around?
bYxgQnsoTqE What If All the Microbes Disappeared?
cPbn9NiRxVM What Is Mold and Why Does It Love Bread?
d-mACduP9VM How We Find Our Microbes
dAYvd52pInY We Recorded Some Strange Goop. What Is It?
dB_xj_gOt9E Get the Music of the Microcosmos!
ekt7VujAWNE The Secret Things Living In Your Drains
elqwn7k2Wwk Slime Molds: When Micro Becomes Macro
f1P3sX1JfcA The Purple Bacteria That Are Afraid of Oxygen
foKz81ElCjM Our Paramecia Are Infected
g1m_20qh86I Nematodes: The Worm That Sculpted The World
gM2I-gvHscw Journey Through the Body of a Rotifer
gf-ZUYIkPl0 Mysterious Jiggly Crystals and Other Intracellular Structures
hEbs4KrH6Zk How Many Cells Are in a Microscopic Animal?
hu9v8CrwjkE We Found a Super Rare Microbe!
hyV3iKiP_1g Bursaria: Giant Gravity-Sensing Vacuums
i7FYxcv9bfM BONUS VIDEO: The Microcosmos Microscope
ibpdNqrtar0 This Ciliate Is About to Die
io731XY8fH8 How Microscopic Hunters Get Their Lunch
jA_gOZZhEdM Eating, Hatching, and Crashing into the Moon: More About Tardigrades
jnD_YitEk5M Hydra: Stretchy, Speedy, & Probably Immortal
kux1j1ccsgg Tardigrades: Chubby, Misunderstood, & Not Immortal
lcZCZFmoRMU Relax and Enjoy the View
lw8TvhnlMH0 Preserving the History of the Microcosmos With Prepared Slides
mEml7kTDHqY Foraminifera: Hard on The Outside, Squishy on the Inside
mdV0e2xRjYI Where Is This Anemone Really From?
mkR9hMCOIhM The Microscopic Circle of Life
mv9Rl5wSBUQ The Tiny Crustacean With the Oldest Penis
nCqlSbkN9cA The Microbe You Eat All The Time
nydm6xwfPr0 Dileptus: The Toxic Micro Elephant With an Insatiable Appetite
o2CGiH0G4h4 Slime Tubes in Search of Sunlight
oRmbWj2ZITM Death in the Microcosmos
oYZxBV18tS4 Can Algae Fuel Our Cars?
o_8OK9afr9Y Suctorians: The Ugly Duckling of Ciliates
ps2GlGs8oso How Cyanobacteria Took Over The World
qV0udTvYK6M Desmids: The Symmetrical Algae That's Full of Crystals
rWtMIQguUOo Lacrymaria: Vicious Long-Necked Predators
ryXZam912vg Moss & Lichen: Which One Is Actually a Plant?
sBw5ZfjkCoU The Schoolteacher Who Discovered 700 Ciliates
sJVtNsezGUI Why Do Microbes Explode Under UV Light?
srGuW1OkyHs These Algae Curl Up Into a Ball When They Get Stressed Out
surMKeOTLo4 The Arachnid Whose Poop Is Making You Sneeze
txJTUVpVCT4 How Do Colonies Help Microorganisms Survive?
utFxuTrTTeU Flinching Saves Lives in the Microcosmos
vSV9G5s4_SM Do Microscopic Immortals Actually Exist?
vm7y0fvpXN4 Midi-chlorians: Our Connection to the Force - April Fools' Day Video
w-pV078mYw0 The Double Life of a Fake Jellyfish
wS2mdmt4JPw Meet the Microcosmos
wje4W2XiZus Gastrotrichs: Four Day Old Grandmothers
xbT2StnPbx4 Revealing the Hidden Colors of the Microcosmos
y4B3kl9Rvrs Leeuwenhoek: The First Master of Microscopes
yD5yBzLeQUk We Filmed Tardigrade Sex!
yGlMqzfZspw Actinobolina: A Tiny Predatory Porcupine
yXiJ__5-tI8 Didinium: The Paramecium Hunter
