-7vIOEOCnYg Latest Data from Ingenuity on Mars. New Videos and Panoramic Photos
-Ecm4N0NLYI What Is Hidden on Venus under Its Dense Atmosphere? The Planet's Geography
-ZPaLR0oTNo The Dark Flow. A Mysterious Anomaly in the Universe
0KBUBYoD0M0 WHAT LIES BEYOND THE OBSERVABLE UNIVERSE?
1un3ETuq0oU A JOURNEY BEYOND THE SOLAR SYSTEM. THE MOST BIZARRE OBJECTS
2FcHbktcD5g A JOURNEY TO THE MOST UNUSUAL OBJECTS IN THE UNIVERSE
2HPSbnq2JqU What Was Discovered beyond Pluto? Quaoar - One of the Largest Objects in the Kuiper Belt
2_Zk-qAgnUQ What if Black Holes Collide?
2k1H7kGVL4g A System with Most Planets Has Been Discovered. Kepler-90
303n3NuK9V4 The Scariest Planets Ever Discovered
341xFdsz504 MONSTER BLACK HOLE WITH MASS OF 66,000,000,000 SUNS... TON 618
3zscSsk8JQg WHAT DID VOYAGER-2 SEE ON URANUS LAST?
5FJMpWkyY8E What Is the Asteroid Belt Like?
5S6rRSxeZcU What Did the Parker Probe Discover on the Sun?
5eqPpc0nL6o A JOURNEY BEYOND THE MILKY WAY
5z4Tl-g3OTY A Journey around the Solar System
6GeI8dGwTEY WHY IS THE UNIVERSE SILENT? THE FERMI PARADOX
6aVWhPSoRu0 WHAT HAPPENED DURING GLOBAL EXTINCTIONS?
6gQF9WNej9c THE MOST BIZARRE STAR IN THE UNIVERSE - MY CAMELOPARDALIS
7j3OFBeXiW8 Latest Data from Perseverance. Sounds of the Rover's Operations and New Images
7qnSTxxxa-I A BLACK DWARF, THE LAST STAR IN THE UNIVERSE
8BOeou1cn00 How Аre We Going to Explore Asteroids?
8Dn16AWUQcM THIS IS THE MOST POWERFUL EXPLOSION RECENTLY DISCOVERED IN THE UNIVERSE
95w2OhtxSpA AN AMAZING SEXTUPLE SYSTEM. CASTOR
ALze59az1j8 WHAT WAS FOUND DEEP UNDERGROUND? PERMAFROST
B-rx-J_6lww What Lies Beyond the Universe?
BqU32COIppU A MYSTERIOUS STAR WITH A TAIL STRETCHING FOR 13 LIGHT YEARS
BwjgtKmKCBU The Most Mysterious Objects to Have Visited the Solar System
Ccm7gR_eODs WHAT WAS THE LAST THING SEEN BY NEW HORIZONS ON PLUTO?
Cwx9AIncrVQ A JOURNEY TO INTERGALACTIC SPACE
DJWtZFooKaE A Journey to Incredible Exoplanets
DND82qZFMEY WHAT IS CONCEALED IN TITAN'S SEAS? LATEST UPDATE ON SATURN'S MOON
DcdItqUrGdg What Was Discovered beyond Pluto? Makemake - the Largest Object in the Kuiper Belt
EN5NAAfhrgc WHAT WAS DISCOVERED ON THE NEAREST EXOPLANET? GLIESE 832 C
EiBMsi70iLQ Where is the Centre of the Universe?
FNKC9acSBR0 MICROQUASAR SS 433. THE MOST BIZARRE SYSTEM WITH A BLACK HOLE
J4SUdqOntxQ The Most Horrifying Planets Ever Discovered
JPumThOPIjc WHAT WAS DISCOVERED DEEP UNDERGROUND? THE KOLA SUPERDEEP BOREHOLE
JYN-HUqW4Ao Spaceships Capable of Reaching our Closest Stars
LFN4cGpW4K0 A SPACESHIP TRAVELLING AT SUPERLUMINAL SPEEDS. IS A WARP DRIVE POSSIBLE?
LMA2wVYfdzc A Journey Beyond the Boundaries of the Universe
LXnJGSY-aqs Latest Data from Charon. What Did New Horizons Manage to Capture?
MFSawk8oLTU A Journey to our Closest Galaxies
M__EnlgNh5w WHAT WERE THE LAST THINGS CASSINI SAW ON SATURN?
NNf7f1Jr8qo HOW ELON MUSK IS PLANNING TO COLONIZE MARS?
Nf1wsu-_crE Latest Data from Perseverance. Panoramic Views and Videos from the Rover.
Nwvs-AI7wbQ WHAT WAS DISCOVERED BEYOND PLUTO? ORCUS, OR ANTI-PLUTO
O6tAagHIh_Q Stephenson 2-18, with a Volume 10 bln Times that of the Sun
OABw1WXLGi4 What Is Concealed under Ice on Jupiter's Satellites?
QQ3_arsOTyo How Dangerous Is the Black Hole Closest to Us?
RUdnvm7-Z2U A Journey Back to the Beginning of Times
SAcanmnDCeI PROXIMA CENTAURI B, THE EARTH'S CLOSEST EXOPLANET
T6GUHyRBgOQ Our Closest Stars. What Lies beyond the Solar System?
UK6oG1Piq-c A Journey to the Earth's Interior
VQVdtm6_Cpo WHAT IS HIDDEN UNDERWATER IN THE BERMUDA TRIANGLE?
WByrM_n50Jk A JOURNEY BEYOND THE SOLAR SYSTEM
WJtl-tUMqmc HOW FAR HAVE THE VOYAGERS GOT? WHERE ARE THEY NOW?
WUEAbSkb_eQ WHAT WAS DISCOVERED BY JUNO UNDER JUPITER'S SURFACE?
XKbQuNF0zPo Alpha Centauri. What Does the Closest Stellar System Conceal?
Xge2QRN5tTk WR102. A star that is 200,000 degrees hotter than the Sun.
Xlew4Gz8Ox8 WHAT LIES BEYOND THE BOUNDARIES OF THE MILKY WAY? THE INTERGALACTIC MEDIUM
XlqUbcD0-us Thousands of Stars Crammed in 7 Light Years. The Westerlund 1 Super Star Cluster
YWpWuUKr6so How does Elon Musk Propose to Colonize Mars? Stages of Populating the Red Planet
_ERU1mX2I38 How did Life Come onto Land?
bP6aVvunbfU SIRIUS, ONE OF THE CLOSEST STARS TO OUR EARTH
c7-RR9BeXWw WHAT IS CONCEALED ON CERES? OUR CLOSEST DWARF PLANET
d4bv2NaO9fQ What Was the Earth Like before the Age of Dinosaurs?
dL3NDTg7KUg What was the last thing Voyager-2 saw on Neptune?
eeWPNHBX1H4 The Mysterious World of Gliese 1214 b. What Do We Know about Ocean Planets?
fPhkEUOgu3U 330 MLN LIGHT YEARS OF TOTAL VOID. THE BOOTES VOID - THE LARGEST VOID IN THE UNIVERSE
g8nn2Q7JYbE WHAT IS THERE BEYOND THE BOUNDARIES OF THE SOLAR SYSTEM?
gOkBReCvrS0 A MAGNETAR, THE MOST DANGEROUS MAGNET IN THE UNIVERSE WITH THE DIAMETRE OF 15 KM?
hK5IkfdPpFo Mysteries of the Universe. A Journey to Amazing Objects
hMPne07Sa4s Why Is the Universe Silent? The Great Filter
hsBK8Llob1Q TRAPPIST-1, A FASCINATING SYSTEM WITH 7 WORLDS
jRCSuooF7iQ 1.3 BILLION LIGHT YEARS OF NOTHING... THE CANES VENATICI SUPERVOID
ksvhwB5ZBD8 What Has Been Discovered on Mars? The Red Planet's Geography
n_teJd4-GGw What Was the Earth Like When Dinosaurs Were Around?
ni2Qe3bn-DA The Most Unusual Galaxies Ever Discovered
ouWqjWRTz0I WHAT WILL HAPPEN AFTER THE DEATH OF THE UNIVERSE?
q69Umu3zDZI THIS IS THE MOST DANGEROUS ASTEROID DETECTED
qtg8Haxui6M A MYSTERIOUS LIGHTHOUSE IN THE UNIVERSE. THE PULSAR
quDcUhD3EvY The TESS Telescope Detected New Potentially Habitable Exoplanets
rEA5AsDTwOk How Far Have the Voyagers Got? What Happened to Them?
rKqZjldCfyU The Mysterious World of OGLE-2016-BLG. What Do We Know about Rogue Planets?
rzabhgLuhhg THIS IS THE BIGGEST METEORITE TO HIT THE EARTH
s1_jPxIGnWA THE CLOSEST EXOPLANETS  LIKELY TO HARBOUR LIFE
tgMiV7yIk6U Life in the Universe. A Journey to Outer Space
uAocya1dCqU A STAR 300,000,000 YEARS OLDER THAN THE UNIVERSE
uO20rm0i1Zo What Do Our Closest Galaxies Look Like?
vh8ipphQBxk What Was the Earth Like after Dinosaurs?
vsiVI3z16sQ WHAT LIES BEYOND THE BOUNDARIES OF THE MILKY WAY?
wzjkFz4b7Ho What Was Discovered beyond Pluto? The Remotest Object in the Solar System
x9e9T6pQY38 What Is Happening to Betelgeuse? Stellar Evolution
yZCTeX4H8OY What Will the Universe Be Like without Humans? The Anthropic Principle
zLL6CoMjVxU WHAT IS A BROWN DWARF - A PLANET OR A STAR?
