-12oXo7oe9o Learn English with Michael Jackson
-AP8iJn7qOo Learn English with HARRY POTTER | Harry's Magical Map of Hogwarts
-hw3hSOBKrk English with Friends: Joey Confuses Omnipotent for \
-ocbbt-iOqs Learn English With Selena Gomez
-y5FVkxOzjg Christmas English with Friends- Hot Christmas Party
0UKA1H2xpWY Learn English With Brad Pitt on FRIENDS
19fxN2lXQXU Learn English with The Simpsons [Advanced Lesson]
1v4ZMCX87tk Do You Know These 13 Difficult English Words?
2EhiOgkklY0 Learn English with Billie Eilish | \
2MlWEVKMD_M Learn English With Disney Movies | Moana
2VX6Ucdzi5I Learn English with Harry Potter | The Rules of Quidditch
2vgkSLCjEL4 Learn English With Rap God | Eminem
3kcpvIRbSnA Learn English With Shawn Mendes
3xCQrnTYmzY Learn English with Disney Movies | The Incredibles
4K2WGToUD_Y Learn English with Harry Potter: Return to Hogwarts — The Reunion
4Pu-xXFfkro Learn English With Disney Movies | BRAVE
5F5Yybsw0vA Learn English with HARRY POTTER: Luna Lovegood
5GI2oWXlNt8 Learn English with TANGLED
67E6Dl6LaW4 Learn English With Disney Movies | Cruella
703_pmFBcAk LEARN ENGLISH with Harry Potter and the Goblet Of Fire — The Yule Ball
7fjXsV7P4wM Understand Fast English Speech with TV Series | Friends: Rachel's Sexy Dream
7tcq_bjyK38 English with Friends: Chandler's Gay \
8C6523YnBbU Learn English with Toy Story 2
969P2xFN-GU Learn English With Friends: Ross' Beautiful Cousin
98Dagfhzyr4 Learn English With The Weeknd | The Best Song of 2020
AKze4Iy7FQw Learn English with the Disney Princesses and Wreck It Ralph
A_zhjxLLA08 How to Speak English Like a Native with Beyoncé
B6O50rwHkX0 Learn English With Movies | Shrek
CEWD5zOXXP0 Learn English With Taylor Swift & Ellen
CYkM3zOmjUE Learn English With Ariana Grande
CbVpH5ehj4U Learn English with Disney Movies | The Little Mermaid
DiBxjkkGb5o Learn English with Imagine Dragons | Radioactive, Thunder, Believer and Demons!
Dp1I_iFRRVA Learn English With Inside Out | How to Speak About Emotions in English
EKxTwv682nU Learn English With Disney Movies | Monsters Inc. [Intermediate Level]
EQ9RFbIHrFw Learn English With Disney Movies | Coco [Advanced Lesson]
FTHpPLghxFs Learn English with Encanto
Fa4jyM-p8zI Learn English with Peaky Blinders [Advanced Lesson]
FikAJxtVgOY Learn English with Zootopia
G3qHtTsst7Q English with TV Series: Joey's Thanksgiving Pants
GVloe3ztJhA Learn English with DISNEY Movies | The Emperor's New Groove
G_tBYGaW5VA 15 English Slang Words and Expressions with Bruno Mars
HOC50hYce0U Learn English with Friends: Flirting with Police
HUYN0uKIFUA Learn English With Angelina Jolie | Maleficent
HeQTJE99OXo Learn English with The Lion King | DISNEY CLASSIC
HgB2UHli0fU Learn English With The Lion King
IYsurU_B4Qo Learn English with Wall-E | RealLife Conversation
J135Qy4TVfQ How to Learn English with Songs | Speak Clearly and Confidently
JxWEAP0aAJQ Learn English with SpongeBob SquarePants
LALNMKcT7EA AMERICAN CULTURE: Learn 41 English Vocabulary Words with Christmas Songs
LPA52CoT44w Learn English With UP
Lllt-NcoleM Learn English with Two And a Half Men: Stu the Pot Smoking Teacher
MxkwxaXvOVw Learn English With Lady Gaga | \
OGXbcCZRvi0 Learn English With Disney Movies | Cars
OSvmxaisqLc Learn English with \
PL7niJMDu5w Improve Your English with Disney Movies | Frozen 2
PMUe_8Ae9dQ \
Ql17ws1pmiQ Learn English with DISNEY Movies | HERCULES
RjNka8csfYU Learn English With Ice Age
Ruy5jsEQrVA Learn English with Disney Movies | LUCA
S4nqUbURasQ Learn English with Harry Potter and the Prisoner of Azkaban
SZWxZ_p7ZAo Learn English With Movies | \
TsL7GeLswJI Learn English With Toy Story
TswCNV6meYM Learn English with Finding Nemo
UUAENx1NANg Learn English with Pirates Of The Caribbean
UmsR7RkmkLA Learn English with a Christmas Movie: Elf
Un1druXOpkc How To Talk Dirty In English | Learn English with Friends
V2CpllfAatA Learn English with Priyanka Chopra Jonas & Ellen
V4X-CO6ChKk 12 Words to Sound More British with Harry Potter
V9GDLcgn-JI Harry Potter Interview | Learn English With Daniel Radcliffe & Emma Watson
VAAOTyfO-Oo Learn English with Songs | RAIN ON ME by Lady Gaga & Ariana Grande
WU0W0S5ILHY Learn English with Disney | RAYA and the Last Dragon
X7IYpJ04oyk The 10 Best TV Series To Learn English
XHhKbKfJfuI Learn English with TURNING RED | New Disney Pixar Movie
Xs3npIikemU English with Friends: Joey Can't Dance
YDTw1qL0wDw Learn English with Disney Movies | BIG HERO 6
YuvoZD9H-dI Learn English with HARRY POTTER | The Sorting Hat
ZPhOj5sMmm0 \
ZYKaNpUvpOM The 5 Surprising Reasons Shakira Speaks Fluent English
Z_EsdERRRyg Native English Vocabulary for Friendship | Fluent & Fun English with FRIENDS
ZcL30q8Inl4 Learn English With Dua Lipa
_7mLAeH4pLw Learn English With Bob Marley [Advanced Lesson]
_RFTcoqSA5M Learn English with TV Series: Monica's Boob Job
aA4ejeSw0DY Learn English with TV Series: The Big Bang Theory
aTYNX1pjwwk Learn English with Beauty And The Beast & Emma Watson
ankI-HnVSis Learn English with Justin Bieber | \
atySD7QuIqI Learn English with LILO & STITCH
bKD-D3pCWrA LEARN ENGLISH with Harry Potter and the Chamber of Secrets
bUpTiOgMJu4 Learn English with Songs | Taylor Swift - Lover
bjy5IkfFwuc Learn English with Julia Roberts On Friends
bmN0Vie3Yzc Learn English with Taylor Swift - Shake It Off
cBcvpniiuO0 After All This Time? (Snape's Story) | Learn English With Harry Potter
cHWHY-JpAHw Learn English With Disney | Cinderella
cj0_XhE_qxE Learn English With Disney Movies | Mulan
cslyPxzMLWg Learn English with TV Series: Friends
d3M3dMst2jw Learn English with Books: Harry Potter | Improve Your Reading Skills
dsN6FiF9ncI Learn English with Jennifer Aniston | The Morning Show [Advanced Lesson]
duWYwbWZBq4 Learn English with the Jonas Brothers | \
e1Mno2A2N5E Learn English with Disney+ | Soul [Advanced Lesson]
fwrD70WeSzs 10 Great Songs For English Fluency & How to Learn with Music
g29qrFOk6jk Learn English With Maroon 5
g82BjCFBH-8 Learn English with Linkin Park | Advanced Lesson
gHvBLFYNzMc Learn English with How I Met Your Mother (Barney's Look-Alike)
joE-ANMPG5k Learn English With Harry Potter - Wingardium Leviosa
k7TDPa_W9xo Learn English with HARRY POTTER | Hermione Punches Draco
kIfGDsBiHaU Learn English With Taylor Swift - ME!
lQDUEQd9jIs LEARN ENGLISH with Frozen
nhtZ1R6huZo Learn English With Songs | 4 Fun & Easy Steps!
o82oNazflnc Learn English With Queen
ofFGBcaHoWo Learn English with Friends' Theme Song: \
p6X_5rkkA-I Learn English with Friends | The Friendly Finger
pqF_7126W5g Understand Fast English Speech with Friends: Joey Kisses a Man
q3UH86tOuDI Learn English with Disney | FINDING DORY
qJWJssEImV8 Coldplay's Best Songs To Learn English
qZqSPOiV0Ac Potion Class with Professor Snape | Learn English With Harry Potter
qtZRbKxmB5M English with TV Series: Joey's Perverted Tailor (Friends)
sSKSrFlQryA Learn English with INCREDIBLES 2
soZc03vH_qQ Learn English With Rap Songs | Eminem
u53Seni_i8U BLACKPINK | Learn English With Songs
u9wOwtjXeII Learn English with Songs | Guns N' Roses - Sweet Child O' Mine
uJ7sF3aLVM0 Learn English With Snoop Dogg
ufCndfbsfpw Learn English With High School Musical
um8sjbOiof8 Learn English with Friends: Brad Pitt Hates Rachel
v5XRS5nOknc Learn English with Disney+ / Soul [Advanced Lesson]
xZIh2so3-AU Learn English with Ratatouille | Describing an Extraordinary Dish
xndStP7ueCE Learn English Expressions with Harry Potter and the Order of the Phoenix
xpt3bJEjc-A Learn 15 Advanced English Words and Slang with JENNIFER LOPEZ Hit Songs
y6mK4ugKCac Learn English With Sia | Elastic Heart, Courage to Change and more!
y8RrDy0v8zs Learn English with Disney+ | WandaVision
yCzRjKEoWUY Learn English With Daniel Radcliffe
ys0SYYPLVOg Learn English With Lana Del Rey
