-1olk9BWegM Chris Hemsworth on Marvel Studios' Thor: Ragnarok
-6vAzA67d3I “Power Source” Official Clip | Marvel Studios’ What If…? | Disney+
-8CN4igaMdY Pinar Toprak - More Problems (From \
-9vLadNmcHw Alan Silvestri - Whatever It Takes (From \
-RPfJ8px7YE A New Beginning - The Stories Continue | Disney+
-YbfvsLyL_Y “Prison Break” Official Clip | Marvel Studios’ Black Widow
-iFq6IcAxBc Marvel Studios' Avengers: Endgame - Big Game TV Spot
-oSggmnmLYc “Land a Punch” Official Clip | Marvel Studios’ What If…? | Disney+
-qHzefNzj-Y Marvel Studios’ Assembled: The Making of Hawkeye | Official Trailer | Disney+
-u_fobVoL24 Legacy Featurette| Marvel Studios’ Hawkeye | Disney+
0C7K56MFhQs Power | Marvel Studios’ Shang-Chi and the Legend of the Ten Rings
0CvYjcJRvJA Ragnarok Suite
0LHxvxdRnYc Marvel Studios' Captain Marvel - Trailer 2
0LWEYReXjQs It's Showtime - Marvel Studios' Guardians of the Galaxy Vol. 2 Preview
0WVDKZJkGlY Marvel Studios’ Eternals | Official Teaser
0YCtcoO_now Who Are You? | Marvel Studios’ Shang-Chi and The Legend of The Ten Rings
0e8v6uHM8MM The Marvel Cinematic Event | Marvel Studios’ Eternals
0fCM_i5b7io Marvel Studios' Black Panther - Pray
0gBbrd4ojdQ 𠇏irst Contact” Official Clip | Marvel Studios’ What If…? | Disney+
0jNvJU52LvU Marvel Studios’ Avengers: Endgame | “To the End”
0lLEO_z3TmQ Daring | Marvel Studios' WandaVision | Disney+
0l_c8RIqeU0 Marvel Studios’ Black Panther – Don’t Miss TV Spot
0r1F2HUV00o Action | Marvel Studios' The Falcon and The Winter Soldier | Disney+
0xl-qeU_pzo Marvel Studios' Avengers: Endgame | \
1-xfM_COCmY Mischief Featurette | Marvel Studios’ Loki | Disney+
183tEhupiSQ Natalie Holt - TVA (From \
18tdyS7-jLY Christophe Beck - What Am I (From \
1AhUEGh03vc Shadows of Loki (From \
1CURxCYUQI0 Main Title (From \
1GQ9mH5Zzr0 Reality | Marvel Studios’ WandaVision | Disney+
1RohG-JzXiM MARVEL ULTIMATE ALLIANCE 3: The Black Order - Announcement Trailer (Nintendo Switch™)
1VBJ-kNsmaQ Marvel Studios' Avengers: Endgame | Paul Rudd Exclusive Look
1VpusxdcIX8 Kurt Russell on Marvel Studios’ Guardians of the Galaxy Vol. 2
1d6Sc0RZyTQ Continuation Featurette | Marvel Studios' The Falcon and The Winter Soldier | Disney+
1dJzEeQr-OY An Inside Look at Marvel Studios’ Black Panther Red Carpet World Premiere
1dOx38iLreg Mid-Season Sneak Peek | Marvel Studios' What If...? | Disney+
1dSwaYrYJF4 Iron Man 3
1sNEx1xXSIY “Introducing The Eternals” Featurette | Marvel Studios’ Eternals
1xgK8L93cX0 Best Marvel Studios' Dance Moves | Disney+
22Hy7jNoya4 \
2DRq05hA61s Marvel Studios’ Ant-Man and The Wasp | “Stories” TV Spot
2FLImUzLS80 One Name | Marvel Studios’ Shang-Chi and The Legend of The Ten Rings
2Fcn1_Uew5A Proud | Marvel Studios’ Black Widow
2FnIAKrg9TE How Marvel Studios Designed Mysterio in Spider-Man: Far From Home
2GTI0MHj3dM Marvel Studios' Black Panther - War TV Spot
2Y3dkXN6px8 Marvel Studios' Ant-Man and The Wasp | House Arrest TV Spot
2_dV8xzxZec Final Act | Marvel Studios' WandaVision | Disney+
2cR5jmwHWrM Marvel Studios’ Ant-Man and The Wasp | Prepare TV Spot
2du82cvSSXA Comeback | Marvel Studios’ Black Widow
2h3BfDOvzts Mark Ruffalo on Marvel Studios' Thor: Ragnarok
2iTahu3RQtk Lorne Balfe - Natasha's Lullaby (From \
2oPUJMrD_tI James Gunn on Marvel Studios’ Guardians of the Galaxy Vol. 2
2wlYHYFNPtM Marvel Studios' Avengers: Infinity War - One Goal TV Spot
36qh6RGA87U Choose Your Eternal | Marvel Studios’ Eternals | Disney+
3BuSSRBr1hY Xochitl Gomez on the Spider-Man: No Way Home Red Carpet!
3CKJXpYgVqw Marvel Studios' Black Widow | Meet the Cast
3ErHi-mIQEM MARVEL ULTIMATE ALLIANCE 3: The Black Order is almost here!
3L4-s8xil2o Marvel Studios' Black Panther | Black Panther In the 70s (Bonus Clip)
3MMMe1drnZY \
3Nam9Jn6bjg Marvel Studios’ Doctor Strange | Welcome to The Multiverse
3Qh3_Xpi7LM “In Pursuit” Film Clip | Marvel Studios’ Black Widow
3YRZSVcaWFU Spider-Man: No Way Home Writers on Juggling the Multiverse
3eD_REkC7ek Jaden - I'm Ready (From \
3h4cAU2Jz_Q Marvel Studios’ Avengers: Endgame | “Honor” TV Spot
3nS_wzicYX4 Marvel Studios' Black Panther - King TV Spot
3uuOreh_UsQ Run | Marvel Studios’ Black Widow
46yrQLj8Yus An Inside Look At Marvel's Avengers | Part 2
4B3gCHbDu94 Alan Silvestri - Main on End (From \
4F6HZgNAJNk Gugu Mbatha-Raw is Judge Renslayer | Marvel Studios’ Loki | Disney+
4Gi7qTlb5r8 Choose For Eternity | Marvel Studios’ Eternals
4MuUpF8a8To Mads Mikkelsen on Marvel Studios’ Doctor Strange
4QdRsNtQt7s Marvel's Avengers | Kamala Khan Classic Outfit Reveal
4W_HuzWLLpQ Marvel Studios' Ant-Man and The Wasp | Fun TV Spot
4Wx6jVUx8yc Big | Marvel Studios' Hawkeye | Disney+
4a_v7rN_0PQ Marvel's Iron Man VR | Story Trailer
4b28WqJ5z-U “Scaffolding Escape” Clip | Marvel Studios’ Shang-Chi and the Legend of the Ten Rings
4fw0N49fZxk Blue Swede - Hooked on a Feeling
4gov9swFzgk Marvel Studios' Avengers: Endgame | Thor #1 Movie TV Spot
4jfiLiGSRio Showstopper | Marvel Studios’ WandaVision | Disney+
4pZoPjMY3Ws Marvel's Avengers: Pym Tech | E3 2019
50L4rMwAWxE A Spy on the Inside | Marvel Studios' Black Widow
5Bf2PCRbybg Annette Bening Talks \
5HAhkgmyP84 Arthropodie
5TGI4_WqhmM Alan Silvestri - The How Works (From \
5TjytjtHvks Marvel Studios’ Ant-Man and The Wasp | #1 Movie/Buzz TV Spot
5VYb3B1ETlk Marvel Studios’ Hawkeye | Official Trailer | Disney+
5_tm-as-iAc Marvel Studios’ Captain Marvel | Effortlessly Cool with Nick Fury Featurette
5aqv-CKkPI0 Alan Silvestri - The One (From \
5d2OYocyzZo Daniel Rojas - M.O.D.O.K. vs Y.O.D.O.K. (From \
5iOhzJdDawE Marvel Studios' Avengers: Infinity War -- Chant TV Spot
5iTjgmp3SnA Marvel’s Wolverine – Announcement Teaser | PS5
5nEzCv5u1O8 ONE HOUR DANCING ZEMO | Marvel Studios’ The Falcon and The Winter Soldier | Disney+
5twCWC1_3kk Family Reunion Featurette | Marvel Studios’ Black Widow
5vpCIadly88 Miss Minutes | Marvel Studios' Loki | Disney+
6-xw3MOzJq0 Marvel Studios’ 10th Anniversary Roundtable: An Inside Look | Women of Marvel
62EB4JniuTc 𠇋ig Game” Spot | Marvel Studios | Disney+
65CzisMJpJ0 \
66nTGrmQrVA Triumph | Marvel Studios' WandaVision | Disney+
6Bi9rpg5BvQ Marvel Studios Assembled: The Making of What If…? | Official Trailer | Disney+
6SGUlutHc1w Return | Marvel Studios’ Black Widow | Disney+
6ZfuNTqbHE8 Marvel Studios' Avengers: Infinity War Official Trailer
6oEJZf9XM6c Truth | Marvel Studios' WandaVision | Disney+
6vD1hBHWbZI \
6w2zeOVuYg0 Tricks | Marvel Studios’ Hawkeye | Disney+
6xltj8kamlU The Fantastic Four join Marvel Future Fight! | Full Reveal
7C_vouLZvk0 10 Years of Marvel Studios
7HaWk8PrkqE Marvel Studios’ Captain Marvel | Two Weeks #1 Movie Spot
7LydHN2_eE4 Loki in 30 Seconds | Marvel Studios’ Loki | Disney+
7MH1BLrUAuw Marvel's Guardians of the Galaxy | Story Trailer
7U48ewCum88 “Steve” Official Clip | Marvel Studios’ What If…? | Disney+
7ZlPLA5rAL8 Tom Hiddleston Shares Career Tips (and Tricks) Inspired by Marvel Studios’ Loki | What’s Up, Disney+
7aTWUIsorrs Finale | Marvel Studios' The Falcon and The Winter Soldier | Disney+
7dUV7EKL0rY Taika Waititi on Marvel Studios' Thor: Ragnarok
7wzV_KMPCks Tessa Thompson and Tom Hiddleston on Marvel Studios' Thor: Ragnarok
7y4-WSywiSY Owen Wilson Joins the MCU | Marvel Studios' Loki | Disney+
7ySlvHLdxBw Join | Marvel Studios' The Falcon and The Winter Soldier | Disney+
81UOofW82FY Marvel Studios' Avengers: Endgame | \
81irXSo-GBA Ready Set Action Featurette | Marvel Studios’ Black Widow
8E1EgP7HoDM Marvel Studios' Avengers: Infinity War | Talk Back TV Spot
8EPaFXGQGTo Watch Doctor Strange’s Cloak of Levitation Save Him (Again and Again) | Disney+
8GdlkN0vqFA Comicave Studios' Abdulla Mahmood at Marvel Studios' Guardians of the Galaxy Vol. 2 Red Carpet
8YjFbMbfXaQ Marvel Studios’ Shang-Chi and the Legend of the Ten Rings | Official Trailer
8_-usYsdJKI Marvel's Avengers: Co-op War Zones Trailer
8_rTIAOohas Marvel Studios' Ant-Man and the Wasp - Official Trailer #1
8aIupxW0l5k Christophe Beck - Hexpansion (From \
8fN4YzeNW0Q Christophe Beck - Pietro (From \
8guxsR0k_AU Guardians Inferno (feat. David Hasselhoff) (From \
8j2aIaPPkhI Christophe Beck - Unwelcome Visitor (From \
8kcMqvdJYYE Marvel Studios' Captain Marvel | Secrets Featurette
8mZ-4P86_XA Karen Gillan & Pom Klementieff on Marvel Studios’ Guardians of the Galaxy Vol. 2
8nTOUCRIIW0 Marvel Contest of Champions | 5th Anniversary Trailer
8pgdfDDdYpo Who We Are | Marvel Studios’ Shang-Chi and the Legend of the Ten Rings
8qGLnD_DBCM Captain America Main Titles
8vzPn0Zmg5M Exciting | Marvel Studios’ Black Widow
90PYxX16pG8 Choose | Marvel Studios’ Black Widow
92L0TkVcs3k The Final Battle Begins
94LMvchi7lY Marvel Studios’ Ant-Man and The Wasp | War TV Spot
962z1-1MzY8 Don’t Say It Challenge | Marvel Studios’ Shang-Chi and The Legend of The Ten Rings
9BkQzoaHBpk Celebrate Marvel Contest of Champions' 5th Anniversary!
9FEJl0h7oJw Attack, Soldier! (From \
9ISqTQ_cBNY Team | Marvel Studios' Loki | Disney+
9NlQMFBYtFE Marksman Challenge | Marvel Studios' Hawkeye | Disney+
9QbltzIUV6w Marvel Studios’ Avengers: Endgame | Film Clip
9XKIkT0SAZU Loki's Best Tricks | Disney+
9pzs_Tp7EFU The Secrets Behind Miss Minutes | Marvel Studios' Loki
9tKr3m6r9NI Marvel Studios’ Avengers: Endgame | “Hulk Out” Exclusive Clip
9x5NbzoC8Tc 2 Truths and a Lie Featurette | Marvel Studios’ Black Widow
ADlaBg709FA Groot's Holiday List | Disney+
AFAhVqmI-L4 New World | Marvel Studios’ Shang-Chi and the Legend of the Ten Rings
AMSITikqKiM Marvel Studios' Avengers: Endgame | Policy Trailer
AVqJou2ngpM Run It - DJ Snake, Rick Ross, Rich Brian | Marvel Studios' Shang-Chi and the Legend of the Ten Rings
AWukhfiSZVU Captain America
AaaknR1C0Kk Captain America
Aep6kkAvnU4 Alan Silvestri - I Feel You (From \
Aqu6avbObwI Get to Know the Eternals | Marvel Studios' Eternals
BN21FhykXyQ Marvel's Avengers: WAR TABLE | Extended Gameplay
BV1n8v3grnM DJ Snake - Run It (ft. Rick Ross & Rich Brian) [from Shang-Chi and the Legend of the Ten Rings]
BfSDenNcUd8 MARVEL Dimension of Heroes | Lenovo Mirage AR
BhGvdT1n0Lc Marvel Studios' Thor: Ragnarok -- Grandmaster and Topaz (Bonus Extended Scene)
Bj-DGqRNdEw Marvel Studios' Thor: Ragnarok - It's GO Time!
Bl6cn9l0_I4 Marvel Studios' Captain Marvel | #1 Movie Rolling Stone TV Spot
BnZVmKOQY4w Marvel Studios’ Ant-Man and The Wasp | “Powers” Featurette
Bncw0ekClkk Pinar Toprak - Breaking Free (From \
BsPh-nhx-Hs Jaden - \
BunnwXfqwMg Friends | Marvel Studios' The Falcon and The Winter Soldier | Disney+
Bvw_XuM0hpc Scott Derrickson on Marvel Studios’ Doctor Strange
BynD1PEVAB4 Marvel Studios' Thor: Ragnarok - Chaos Trailer
C1sXonFe97c World Premiere | Marvel Studios’ Shang-Chi and the Legend of the Ten Rings
C4NGf35h_Ww Marvel Studios' Avengers: Infinity War | Now Streaming on Disney+
C7XFPB91J4Y Pinar Toprak - I'm All Fired Up (From \
C9cJ16v2RmU Sony Pictures and Marvel Studios Find Their 'Spider-Man' Star and Director
CC4-o0isLzk Marvel Studios’ Captain Marvel | “Good Look” TV Spot
CERIM_K29sM Got This | Marvel Studios’ Black Widow
CNbdK_8nDTM Cast & Crew of Marvel Studios' The Falcon and The Winter Soldier!
COGg-Vjauwo Need | Marvel Studios’ Shang-Chi and the Legend of the Ten Rings
CRYJeyUe_zs Marvel Studios’ Avengers: Endgame | Rolling Stone #1 Movie TV Spot
CT5wjp3Byb8 Next Level Action Featurette | Marvel Studios' Shang-Chi and the Legend of the Ten Rings
CeTwp6hoMXs Show Me | Marvel Studios’ Hawkeye | Disney+
Cfy8EcQsBSY How to Draw Marvel Studios' Black Widow with Andy Park
Ch0wMWnXjeA Mid-Season Trailer | Marvel Studios' WandaVision | Disney+
CjAVQ6iA3XU Favorite | Marvel Studios’ Shang-Chi and the Legend of the Ten Rings
CjiHZ95Hh6k Finale | Marvel Studios’ What If…? | Disney+
CjpArUyhwTc The Eternal City | Marvel Studios' Eternals
CnSNmt7e1YA Chance | Marvel Studios' Loki | Disney+
DRM52h8G5KI Amy Pascal On How We All Relate to Spider-Man | Spider-Man: No Way Home Red Carpet
DSzbpfACOIM Earth to Asgard
Du8DaObtYuw Product Testing | Marvel Studios’ Shang-Chi and the Legend of the Ten Rings
DwxzK8ipVkg Marvel Studios’ Avengers: Damage Control - Official Teaser Trailer
E-kou1J769U Marvel's Iron Man VR Gameplay at SDCC 2019
E2m5nvWoTvQ The Thing Live Gameplay Reveal | Marvel Contest of Champions
E3d3Wfgvdx8 Power Words | Marvel Studios’ Eternals | On Blu-ray & Digital Now
E9kjSww45Wg Dad Jokes Featurette | Marvel Studios’ Black Widow
EECgbmiQvDg Future Featurette | Marvel Studios' Black Widow
EF5Yah2ZroY Casting Illusions | Marvel Studios' Eternals VFX
EGhCPTz8Wtw Meet the REAL Lucky the Pizza Dog | Marvel Studios' Hawkeye
ET1l5STlrjs Marvel Studios' Shang-Chi Stars Play the Emoji Game!
EU9q6lb4eKI Next Level | Marvel Studios’ Shang-Chi and the Legend of the Ten Rings
EV18Zxw6uQY All Episodes | Marvel Studios' Loki | Disney+
EVvK10eFmo8 Doing Great | Marvel Studios' Loki | Disney+
EXiYWfUtefE After the Panel: Kevin Feige On Fan Response During the Marvel Studios Panel at Comic-Con 2014
EZT_irmCc40 Groot Spores
EhJ__cEzMd0 Let’s Go | Marvel Studios’ Shang-Chi and The Legend of The Ten Rings
EhRKpNn8fqg Tickets and Pre-Orders Now Available | Marvel Studios’ Black Widow
EnntB6cafpw Ready | Marvel Studios' Black Widow
EvFxAyNI9So Marvel Studios’ Avengers: Endgame | “Summer Begins” TV Spot
EwIgRx3vAnE Marvel Realm of Champions Announcement LIVE at NYCC 2019!
F0DCs9623oU Benedict Cumberbatch on Marvel Studios’ Doctor Strange
F9dFBc43tGU Team | Marvel Studios’ Eternals
FHFhDl2UgZQ Marvel Studios' Captain Marvel | Featurette
FKeoL0F0mfg Marvel Studios’ Captain Marvel | 𠇌limb” TV Spot
FbsRUNI7oh4 Start | Marvel Studios’ The Falcon and the Winter Soldier | Disney+
Fg1BuPEu_SA Alan Silvestri - I Was Made for This (From \
FgKNTA_CvO4 Chaos | Marvel Studios' Loki | Disney+
FhZTxu47Cwo Chris Pratt on Marvel Studios’ Guardians of the Galaxy Vol. 2
FlD7V7JqgIo Marvel’s Spider-Man: Miles Morales | Just the Facts: Holiday Gifting
Fp9pNPdNwjI Marvel Studios’ Black Widow | New Trailer
FsSa7SMOR3A Busters' Hyung-Seo on MARVEL Future Fight's Luna Snow
FuGHNWScO5w Luna Snow — 'Tonight' Remix Track (Full Song) | MARVEL Future Fight
Fxul6cx-_JQ Marvel Studios' Avengers Damage Control | Behind the Scenes!
G-7Q7bUYgKk Changed | Marvel Studios’ What If…? | Disney+
G1Js9KhD62g Paul Rudd on the last moments of Marvel Studios' Ant-Man and the Wasp | Earth's Mightiest Show Bonus
G61QhQjsvpw Marvel Studios’ Avengers: Endgame — Making the Final Battle!
GAp4x8CNO-k Marvel Studios' Thor: Ragnarok -- Digital Release Sneak Peek
GC5V67k0TAA Marvel Contest of Champions: Sentinel of Spaceways
GHSr-vxGyS4 Legacy Featurette | Marvel Studios' Black Widow
GHxJgjlIEyg Finale | Marvel Studios’ Hawkeye | Disney+
GObA6Uio6Bw “Visionary” Featurette | Marvel Studios’ Eternals
GPZCafoeiPM Meet the Warriors of the Sky | MARVEL Future Fight
GX33bIOA5aA Marvel Studios' Captain Marvel | Special Look
GZe1P6Hg0cc Tick | Marvel Studios’ Loki | Disney+
G_OV4pPC5Jg Her Story | Marvel Studios’ Black Widow
GdUVXgyjGfI Fight | Marvel Studios’ Black Widow
GgdWQBvS0_A Mid-Season Sneak Peek | Marvel Studios' Loki | Disney+
GjwjzIFcX7U Marvel Studios 10th Anniversary Announcement – Class Photo Video
Gl-O1r6WgE0 Superior | Marvel Studios’ Loki | Disney+
Go_Xzb3ZN4M Star Spangled Man
H9ui6HGyCt0 Marvel Studios' Avengers: Infinity War -- \
HFbwkI7d47A Marvel Studios' Thor: Ragnarok Superpower of STEM Challenge
Ha43rpOVzrQ Marvel Contest of Champions' Spider-Ham | Marvel 101
Hg3VXOW-LHY The Cast of Marvel Studios’ Eternals Answer YOUR questions! | Ask Marvel
HnnRyhuX_jM Marvel Studios' Black Panther - Warriors of Wakanda
HwioB_clHgg Ask The Question | Marvel Studios’ What If…? | Disney+
I0haAPw1gvo “These Are Low Level Fights” Clip | Marvel Studios’ Shang-Chi and The Legend of The Ten Rings
I8o0a71EI74 Marvel Studios’ Avengers: Endgame | “Prestige” TV Spot
I9MvvomLapA Marvel's Avengers — Kamala Khan Character Spotlight @ NYCC 2019!
IBCadx58Y9Q Marvel Studios' Thor: Ragnarok -- In-Home Bonus DVD Content
IBPKZ5Ra9C4 Jump | Marvel Studios’ Black Widow
IIeofPvwKRY Arrives | Marvel Studios’ Hawkeye | Disney+
IL0HhjHrk5U Newest Heroes | Marvel Studios’ Eternals | Disney+
IPjjbhAJyZM 𠇊re You Seeing This?” Official Clip | Marvel Studios’ What If…? | Disney+
IRA_uFpLmXo Zemo | Marvel Studios' The Falcon and The Winter Soldier | Disney+
ITSMysoZbyE First Look Inside the Marvel Studios Pavilion at D23!
IakshlFHetY “He Has The Pendant Clip” | Marvel Studios’ Shang-Chi and The Legend of The Ten Rings
Ie02_d91Tyw We Got Something Cooking (From \
IeTC39Rz2G0 Marvel Studios' Captain Marvel | \
IitHGM6LDSQ Meet The Eternals | Marvel Studios’ Eternals
IlYYWLOTqIM Destiny Featurette | Marvel Studios’ Shang-Chi and the Legend of the Ten Rings
IvBD3k5xb-4 Marvel Studios’ Avengers: Endgame World Premiere with This Week in Marvel
IwOW3WyV3wM Marvel Studios’ Captain Marvel | “Moment” TV Spot
J-pDkG0MoRY Costumes Featurette | Marvel Studios' WandaVision | Disney+
J7K07MEHEB0 Jamie Foxx Reveals His New Electro | Spider-Man: No Way Home Red Carpet
JAH5kFterr8 Marvel Studios' Thor: Ragnarok - Hela Good
JHoooTAZRcQ Marvel’s Avengers | BETA Trailer
JJkO3jsbn5I Hawkeye Story Trailer | Marvel's Avengers
JMMsx6PujHA Gift Wrapping Challenge | Marvel Studios’ Hawkeye | Disney+
JQbjS0_ZfJ0 Kendrick Lamar, SZA - All The Stars
JUd7puSBQ6k Marvel Employees React to Marvel Studios' Avengers: Endgame | Earth’s Mightiest Show Bonus
JWYPT4r9kLU Marvel Studios’ Avengers: Endgame | “Most Likely To…”
Jd7R9B4naVY Power | Marvel Studios' The Falcon and The Winter Soldier | Disney+
JoiHvULKrYY New Level | Marvel Studios’ Shang-Chi and the Legend of the Ten Rings
JrOK9cwNgSM Own Marvel Studios' Avengers: Infinity War!
JyMzIYbtyY8 Marvel Future Fight: Warriors of the Sky
JyrlYjSPlhk Strong | Marvel Studios' The Falcon and the Winter Soldier | Disney+
K8I34gxn-EM Which Goose the Cat is Real? | Making Marvel Studios' Captain Marvel
KCRQFCEHFBQ How Marvel Studios' Ant-Man and The Wasp Shot an Amazing Shrinking Car Chase!
KCSNFZKbhZE Marvel Studios’ Avengers: Endgame | Special Look
KM3Yx-5Ymiw Big Game TV Spot | Marvel Studios’ Moon Knight | Disney+
KNxOirM9ZFI Pinar Toprak - Captain Marvel (From \
KO4xEQ3--OI Call | Marvel Studios’ Shang-Chi and the Legend of the Ten Rings
KXMo6w-iEq8 Breathtaking | Marvel Studios' WandaVision | Disney+
KieJPHRHlBc Henry Jackman - Louisiana Hero (From \
KoiHv2B627c Marvel Trivia: True or False | Marvel Studios’ Eternals
L7Kp-KDIFRI Marvel Studios’ Captain Marvel | This or That s Featurette
LCtZYio-5kA Marvel Studios' Ant-Man and The Wasp | \
LDBojdBAjXU Marvel’s Avengers: A-Day | Official Trailer E3 2019
LNymnPoW4VM Emoji Challenge | Marvel Studios’ Eternals
LUzNSBIR-Yc Daniel Rojas - Time to Change the World (From \
LXPaDL_oILs Marvel Studios' Avengers: Infinity War -- \
LXXDS9yKKQA Hydra Soak | Marvel Studios' WandaVision | Disney+
Lb0GD8A1JwM Marvel Studios' Thor: Ragnarok -- Finding Korg (Bonus Feature)
Lf2JIPI8pQU Marvel Studios' Captain Marvel | Special Film Clip
LtWvevICPE4 Michael Rooker on Marvel Studios’ Guardians of the Galaxy Vol. 2
LuNYts14bUo Marvel's Avengers: Game Overview
LvgQwyz34QM Tilda Swinton on Marvel Studios’ Doctor Strange
LwtYFmu-NyU Chance | Marvel Studios’ Black Widow
Lxx0JErW4Vc The Suits of Marvel's Spider-Man | PS4
LzFc2ViT818 Marvel’s Iron Man VR – Creating Iron Man in VR (Behind the Scenes) | PS VR
LzppHWyh5pU Marvel Contest of Champions: Summoner Showdown Finals!
M0JiueZ2DN8 Willem Dafoe is Happy to See Some Old Friends | Spider-Man: No Way Home Red Carpet
M5saqawZ7P0 Breaking News! Marvel Studios Confirms New Cast Members for Thor: Ragnarok
MPMzKsnCmTc Thor: Ragnarok
MRLDpBN6-TA Captain America | Marvel Studios' The Falcon and The Winter Soldier | Disney+
MUA9yPbuuh4 Many Sides of Loki | Marvel Studios' Loki Cast & Creators
MdqY1VJ2Eeo Marvel Studios’ Avengers: Endgame — Making the Cap vs. Cap fight!
Mi-sOfJqjB8 Marvel Studios’ Captain Marvel | Goose Review Spot
Miviy8gaIA4 Marvel Studios’ Ant-Man and The Wasp | Compliment TV Spot
MjVmL5x2Uvc “Jester” Official Clip | Marvel Studios’ Shang-Chi and The Legend of The Ten Rings
Mt41Bfb1wS0 Villain | Marvel Studios' Loki | Disney+
MvSCNM0BZEs Showtime, A-holes
N53adoGagOM Marvel Studios' Ant-Man and The Wasp | Paul Rudd Playing Janet Van Dyne
N9OQO_8GS4M Marvel's Avengers | WAR TABLE Deep Dive: Kate Bishop
NA_AisaVFw4 Marvel Studios' Avengers: Infinity War -- \
NCoPycawxUk Marvel Studios' Captain Marvel - \
NEICeRssGiI Marvel’s Avengers Character Profile: Kamala Khan
NM-1xOLT8EE We’re Not Partners | Marvel Studios' Hawkeye | Disney+
NUUd7oIAAW4 Marvel Studios' Avengers: Endgame | \
NXHo8eLKmuA Wanda and Vision (Love Theme from \
NY-hW1wSCJM Marvel Studios' Avengers: Infinity War - Titan Fight
NeaUmVF0EQE Look Inside the Marvel’s Avengers Booth at E3 2019! | Marvel Let's Play
Nif59oBuGL0 The Return of Marvel Minute -- Marvel Studios' Avengers: Infinity War Red Carpet World Premiere
Nqlbw0QPklk Paula Newsome On Joining the MCU | Spider-Man: No Way Home Red Carpet
NtqhkTSpocY The Stars of Marvel Studios' WandaVision, The Falcon and the Winter Soldier, and More!
NuTe9ad258g Becoming Black Widow | Marvel Studios' Black Widow
O0HgK3NBOeM Marvel Studios’ Ant-Man and The Wasp | Skills TV Spot
O9PdJNtm0Ng Spaceship Bugatti
O9qUhSkJqCw Darren Gan- CEO of Comicave Studios on the Marvel's Captain America: Civil War Red Carpet
OBYfrOG83Wc Marvel Studios' Black Widow | Legacy Featurette
OFGMuUU1PpE Wakandans Featurette | Marvel Studios' The Falcon and The Winter Soldier | Disney+
OPNwAqIUl5g Let's Play the Marvel's Avengers Beta!
OPna5YrE-nw Breath | Marvel Studios’ Shang-Chi and the Legend of the Ten Rings
ORvr70sygxM Style | Marvel Studios’ Loki | Disney+
OSbSNIVBKDY World Premiere Fan Event | Marvel Studios’ Black Widow
OU4IjBTDNEc Marvel Studios' Avengers: Endgame hits theaters, Free Comic Book Day, and more! | Marvel Minute
OZXOu2gvdIY Small Town | Marvel Studios’ WandaVision | Disney+
OsSHmKU0t7w Can You Dig It (Iron Man 3 Main Titles)
OwxD8rJJpk0 Benedict Cumberbatch Loved the Atmosphere of Working on Spider-Man: No Way Home
Ox-8KnYw6jw Marvel Team-Up | Marvel Studios’ Shang-Chi and the Legend of the Ten Rings
P0SUhUJT67k J.K. Simmons RETURNS as J. Jonah Jameson | Spider-Man: No Way Home Red Carpet
P8u8md-NiHM Agatha All Along (From \
PCe9y7DujlQ Marvel's Iron Man VR | Tinkering As Tony (Behind The Scenes) | PS VR
PE7qSGFJgxM The stars of Marvel Studios' Avengers: Infinity War talk with Earth's Mightiest Show
PJBmeqpw3DY Marvel Studios' Black Panther - Rise TV Spot
PJSnd_cCGd0 Marvel Studios’ Captain Marvel | “Idea” TV Spot
PPsY8XGcWCU Marvel Studios’ Captain Marvel | “Origin - #1 Movie” TV Spot
PUwoAWUxezA Yelena's Back | Marvel Studios’ Hawkeye | Disney+
PUyBtmaAFMk Red Carpet World Premiere: Marvel Studios' Guardians of the Galaxy Vol 2 Coming Soon
PWVn-GTPEi4 “Variant Identified” Clip | Marvel Studios’ Loki | Disney+
PbRmbhdHDDM Marvel Studios' Avengers: Infinity War -- \
PcPIlVJ35R0 \
Pnwbfiye5Kg Partners | Marvel Studios’ The Falcon and The Winter Soldier | Disney+
PwKQM6MPbWU Visionary New Era | Marvel Studios’ WandaVision | Disney+
Py4yoD_OV3c Marvel's Avengers | Black Widow Character Spotlight
Pz9oulSuGqA Black Tears
Q4k_PtQY1uQ Official- Josh Brolin Emerges as Thanos at the Marvel Studios Panel from Comic-Con 2014
QMe8e5GcY0c Alan Silvestri - The Real Hero (From \
QWt9yrURX54 Marvel Studios’ Avengers: Endgame | 𠇎verything” TV Spot
QX9sIukOsCw Marvel Studios' Thor: Ragnarok Contender Spot
QY2rVFAaKQk Match | Marvel Studios’ Loki | Disney+
Qc20mMCqtio Champions Are Forever | Marvel Contest of Champions
QdpxoFcdORI Marvel Studios Celebrates The Movies
Qgac1Ni8rZw Marvel Studios’ Captain Marvel | 𠇎mpower” TV Spot
Qo_D_ZJFmaI Change | Marvel Studios’ Loki | Disney+
QtxeJ703w18 The Avengers
Qu70ZvpsuyA Marvel Studios -- 10 Years of Fandom Featurette
QwievZ1Tx-8 Marvel Studios' Avengers: Infinity War - Official Trailer
QzBh_O3AIko Action | Marvel Studios’ Eternals
R0K2X3JNph0 Marvel Studios: Hero Acts
R22tKYx8TzY Symbol | Marvel Studios’ The Falcon and The Winter Soldier | Disney+
R6o1UWEBVQA Help | Marvel Studios’ Loki | Disney+
RBfggCYNWNk Marvel Studios’ Avengers: Endgame | “Go” TV Spot
RFo0IwJlbgA Marvel's Avengers: The MODOK Threat Trailer
RV_wI23Ox3o Marvel Studios Legends | Hawkeye | Disney+
Ripgh8W2PMg Marvel’s Midnight Suns | Announcement Trailer
RnLI7Ku_8_k Beginnings | Marvel Studios’ Eternals
RpzqDoEHS08 Story Featurette | Marvel Studios' WandaVision | Disney+
RqA3LAo75kw The Stars of Marvel Studios’ Avengers: Endgame Play a Drawing Game
RqDsqoyjoss Marvel's Avengers: Once An Avenger Gameplay Video
RqFP_2IENKE World Premiere | Marvel Studios’ Eternals
Rt_UqUm38BI Marvel Studios' Doctor Strange in the Multiverse of Madness | Official Teaser
RuKGIhQj6VU Marvel Studios' Captain Marvel | \
Rvhrk4zjjZw Marvel's Avengers | King Thor Outfit Reveal
RxAtuMu_ph4 Marvel Studios' Black Widow - Official Teaser Trailer
S06P720i-LI Christophe Beck - Ready for Launch (From \
S1xIsfnHcxc Marvel Studios' Captain Marvel | \
S3Gb3IyY1q4 Official- Marvel's Ant-Man Cast and Crew at the Marvel Studios Panel from Comic-Con 2014
S9Qa5cN-R2s PSA: Say No to Spoilers | Marvel Studios' Avengers: Infinity War
SAPdBYB44n8 Is Doc Ock the BEST Spider-Man?! | Marvel's Long Story Short
SErwiQvQBGo Marvel Studios' Black Panther, Luke Cage and More! | Marvel Minute
SKRVqrOp-Uk Ludwig Göransson - Wakanda (From \
SPGCFXJzTUc Marvel Studios' Ant-Man and The Wasp | Quantum Realm Special Look
SRBMQ-WNLPo Marvel Studios' Avengers: Endgame | \
S_32rARQ5yw Marvel Studios’ Avengers: Endgame | 𠇊wesome” TV Spot
Sbzm_qJTC3g Becoming Maya | Marvel Studios' Hawkeye | Disney+
ScBq09EUGTQ Marvel Studios' Avengers: Infinity War -- \
Se4f7yW9XEM The Origins of BATTLEWORLD! | Marvel Realm of Champions
SeAgqTzp1nE Marvel Studios' Ant-Man and The Wasp - Sneak Peek - School Scene
Sfv_qehCl30 Marvel Studios' Loki Director Kate Herron | What's Up, Disney+
SmqeO5mj0ec In The Dark - Swae Lee feat. Jhené Aiko | Marvel Studios' Shang-Chi and the Legend of the Ten Rings
SnkcD68ox4I Most Likely To Featurette | Marvel Studios’ Shang-Chi and the Legend of the Ten Rings
SntsSsMLUWA Story | Marvel Studios’ WandaVision | Disney+
T0UPXqXcHE8 Leave You Spellbound - Marvel Studios' Doctor Strange
TGT8phM-cK0 Escape | Marvel Studios’ Loki | Disney+
TKzdahicO1M Clint & Kate: Partners, Am I Right? | Marvel Studios' Hawkeye | Disney+
TNGZPJfqVAQ Alan Silvestri - Worth It (From \
TXESYfjMGqc Alan Silvestri - Even for You (From \
TcMBFSGVi1c Marvel Studios' Avengers: Endgame - Official Trailer
Td1diFNqe6c Marvel Studios' Avengers: Endgame | \
Te6oqZQM308 Better | Marvel Studios’ The Falcon and The Winter Soldier | Disney+
Tf478vUmdfU Marvel Studios' Ant-Man and The Wasp | Powers TV Spot
TmIpM601d1M Marvel Studios’ Ant-Man and The Wasp | Universe TV Spot
TnTp9dJ0jr0 This or That | Marvel Studios' Hawkeye | Disney+
To9FBFOZxyk Thing Joins Marvel Contest of Champions! | Spotlight Trailer
U0MAG7378XM Marvel Studios' Captain Marvel: Carol Danvers in One Word | Women of Marvel
UJzsCGUp3Wc National Super Hero Day | Marvel Studios’ Black Widow
UO3qJZrZoLE Back | Marvel Studios’ Black Widow | Disney+
UQ7Vl15B7_4 Low-Key, We’re Loving These Loki Looks | Disney+
UUN0nA7261Q Ludwig Göransson - Wakanda (DJ Dahi Remix/Official Audio) ft. Baaba Maal
UUkn-enk2RU Marvel Studios' Ant-Man and The Wasp - Official Trailer #2
UrdZfODw6-A MARVEL Future Revolution | Orchestra Concert
V-WgObMS-fA Marvel Studios' Ant-Man and The Wasp | “It’s Takes Two” Featurette
V-aExUcLaMo Marvel Studios' Avengers: Infinity War - Wakanda Forever
V28PXZ60MGY Inside | Marvel Studios’ Shang-Chi and the Legend of the Ten Rings
V2RFcydPuDI Best Moments From Marvel Studios' Shang-Chi and The Legend of The Ten Rings | Disney+ Day | Disney+
VFzBMPToD3I Marvel Studios' Black Panther - All-Star TV Clip
VH_Q5flTqYs Guardians United
VLAVPVT_yFQ The Best Marvel References | The Simpsons | Disney+
VbxHpAIQq5s Fire In The Sky - Anderson .Paak | Marvel Studios' Shang-Chi and The Legend of The Ten Rings
VnMtYgMFHFA Future | Marvel Studios' Loki | Disney+
VrlD_xfI9WQ Kate Bishop-Inspired Yule Log | Marvel Studios’ Hawkeye | Disney+
VtdmIFL2zMY Mind Bending | Marvel Studios’ What If…? | Disney+
Vur0XZP1yh0 Alan Silvestri - One Shot (From \
VxJ6Irs1KPE Who’s That Tweet About Challenge | Marvel Studios’ Black Widow
VybOxMZ-NGQ Marvel Studios’ Assembled: The Making of The Falcon and The Winter Soldier | Official Trailer
W1waReygdb0 Marvel Studios' Black Panther | All the Facts | Disney+ Deets
W4XUSuFJSHg Marvel Contest of Champions: Nick Fury Spotlight
W7HBbo81KVw Hey Lawdy Mama
WBYPAaTp3-U Prepare For the Fight of Your Lives as 𠆊vengers: Endgame’ Sweeps Across Marvel Games
WLHKAxDDI-c Righteous | Marvel Studios' The Falcon and The Winter Soldier | Disney+
WOCfNvHOx88 Sebastian Stan and the Russo Brothers talk Marvel Studios' Avengers: Endgame at SDCC 2019!
WaIM63s5ylU Event | Marvel Studios’ Black Widow
WezpvuNPN1M TVA (From \
Wgod55Y-uvw How to Prepare for Marvel Studios’ Avengers: Endgame | Earth’s Mightiest Show
WjetVJ2K2nw David Dastmalchian is Ready for a Mind-Blowing Movie | Spider-Man: No Way Home Red Carpet
WjqA0dxpDTU Expand | Marvel Studios' WandaVision | Disney+
WojD3Do3h-Y Marvel Studios' Ant-Man and The Wasp | Again TV Spot
WpbZmeh97u8 Fans React to the Marvel's Avengers E3 2019 Reveal!
WqxRyBZ7xhw Jon Favreau's Favorite Spider-Man Moment! | Spider-Man: No Way Home Red Carpet
WriuIl2z7e8 Marvel Future Fight: Wave, Namor, and Silver Surfer Join Battle
Wv7q6HVJ67Y Marvel’s Spider-Man: Silver Lining – DLC 3 Teaser | PS4
WwZe5GUScec Marvel's Avengers | Iron Man Character Spotlight
X-RwiiEOa88 *EXCLUSIVE* Sneak Peek at Marvel Studios' Black Panther Extra and more | Earth’s Mightiest Show
X-yYTtBPyOE Alan Silvestri - Not Good (From \
X1a5d_tQL9c Theme (from \
X7OWNKZJve4 A Newlywed Couple (From \
X9HyU_4mzYg Finding the Ten Rings | Marvel Studios' Shang-Chi and The Legend of The Ten Rings
XLFsHdE4U_E Return | Marvel Studios’ Eternals
XPORX5Cyvo4 Leave You Spellbound - Marvel Studios' Doctor Strange
XQ2ImdWPM-c VFX Secrets Behind Marvel Studios' The Falcon and The Winter Soldier
XRC9yQGJHso Marvel's Spider-Man: Miles Morales | Family Behind The Scenes
XS0k4cQ5iEc Stay Tuned Featurette | Marvel Studios' WandaVision | Disney+
Xc-KMsZCNsE 6 Reasons We Can Relate to Marvel Studios' Agent Jimmy Woo | Disney+
Xg9UxbIQexs Humble Loki | Marvel Studios' Loki | Disney+
Xi65rX01bLo Forever | Marvel Studios’ Eternals
Xid1FmBPYbk Meet Crescent & Io — MARVEL Future Fight Character Spotlight v460 Update
XmVFnVn19Kw A Complete List of Every Marvel Studios Film on Disney+ | What's Up, Disney+ | Episode 9
Xy902Et68zc Playing MARVEL ULTIMATE ALLIANCE 3 with its Writer: Marc Sumerak!
Y2dihsI9cEQ Marvel Studios’ Captain Marvel | Intergalactic War Featurette
Y3P-RYUNqNs Alan Silvestri - Totally Fine (From \
YDncY_kxsII Marvel Studios’ Captain Marvel | Cast Featurette
YHK7IYQki4s Everything Marvel at E3 2019! | Earth's Mightiest Show
YMI-UuYPHak Christophe Beck - Missile Strike (From \
YTDVDhyik2A Christophe Beck - Reborn (From \
YZ1UN5gvLjQ Marvel Studios' Avengers: Infinity War - All of Them TV Spot
Y_JGZTlUbZg Marvel Studios’ Captain Marvel | 𠇋orn Free” TV Spot
YbejtMd0M_Y VFX Secrets of Marvel Studios' WandaVision!
YcMHnRWQKAI Can you name all these Marvel Studios Black Panther characters? | This Week in Marvel
YgmoPkJhb0c Marvel Studios’ Captain Marvel | “Ready” TV Spot
Ygxl5fEMnoE The Cast and Crew of Marvel Studios' WandaVision Plays This or That Through the Decades | Disney+
YkzH-hFIscM Marvel Studios' Ant-Man and The Wasp | Unleashed TV Spot
Ymu9IoV1eAY Rise | Marvel Studios’ Shang-Chi and the Legend of the Ten Rings
Yt9ihEgJIZs Exclusive Clip – “The Big Three” | Marvel Studios' The Falcon and The Winter Soldier | Disney+
Ywz0neBdJzI Sneak Peek | Marvel Studios' WandaVision | Disney+
YziK3KAb-ts Take One For the Team (From \
Z1BCujX3pw8 Marvel Studios' Captain Marvel - Official Trailer
Z91zAtmWAe4 Marvel Studios' Thor: Ragnarok -- Bonus In-Home Release Trailer
ZAk32wCK18g “We’ve All Been There” Clip | Marvel Studios’ WandaVision | Disney+
ZAlRq4gLGhw \
ZWSgRxebkNY Get Tickets Now | Marvel Studios’ Eternals
ZZx4yDoKgHo Marvel Studios' Thor: Ragnarok -- A New Valkyrie (Bonus Feature)
Zd_C71THulw Change | Marvel Studios’ Eternals
ZrkfMP6YC5M Marvel Studios Announces THREE New Shows and More for Disney+!
Zw2JMelz214 Once More Into the Fray (From \
_0xUKZhom1Y Marriage | Marvel Studios' WandaVision | Disney+
_1eykFE1fSA Marvel Studios' Black Widow | Special Look
_8Xvb-Dyjyw Friends Partners | Marvel Studios’ Hawkeye | Disney+
_HADoTEx7ec New Avengers - Avengers: Age of Ultron
_KzIq2ox8ck Zendaya Doesn't Have a Fear of Heights | Spider-Man: No Way Home Red Carpet
_LSyDUj8tgM The Avengers
_SGVEjTiu04 Casting Director Sarah Halley Finn On Finding the Perfect Spider-Man | No Way Home Red Carpet
_Y4Vcn0BCy4 Kevin Feige On Making His Dream Spider-Man Movie | Spider-Man No Way Home Red Carpet
_YKiiPEoWBY Roll Call | Marvel Studios’ Eternals
_etWN-3eIwc Nancy Wilson of the band Heart talks Marvel Studios' 'Captain Marvel' | Women of Marvel
_jnLIq-Wu_s Extended Clip | Marvel Studios' WandaVision | Disney+
_lF0_VSg2fk Let's Go (Pony)
_yZhhYG6ZEA Marvel Studios’ Ant-Man and The Wasp | #1 Movie in the World
a0wjKp4qSzI Morris' Origins | Marvel Studios' Shang-Chi and The Legend of The Ten Rings
a10dXUS3ch0 Alan Silvestri - Infinity War (From \
a1uXjbXwbKI Eternals in 60 Seconds | Marvel Studios’ Eternals
aA0uHRPRmdY Let’s Go | Marvel Studios’ Black Widow
aEgMkCasu-M Xochitl Gomez Teases Her Role as America Chavez | Marvel Studios' Shang-Chi Red Carpet LIVE
aFM9clctbX4 \
aJimkd7_MZo Loki | Marvel Studios Legends | Disney+
aPQClDqfmLs BFFs Featurette | Marvel Studios’ Hawkeye | Disney+
aPuyJz1i1eI Alan Silvestri - Watch Each Other's Six (From \
aWzlQ2N6qqg Marvel Studios' Doctor Strange in the Multiverse of Madness | Official Trailer
aXbUUEL78Hk Marvel Studios’ Captain Marvel | Cultural Event Now Playing  TV Spot
akpEZLMxfJQ Wakanda Tech We Wish Were Real | Disney+
aqlReuXbJjY Marvel Super Heroes on the Art of Snacking | Disney+
audRd-VV7uk Creator Spotlight: Sarah Amos, Marvel New Media | What's Up, Disney+
awC8IZIXWts Ruckus | Marvel Studios’ Shang-Chi and the Legend of the Ten Rings
aywJxEgWE2A Becoming Yelena | Marvel Studios' Black Widow
az2sQoPocUQ All | Marvel Studios’ Shang-Chi and The Legend of The Ten Rings
b4m7EnzjsZo Kendrick Lamar and The Weeknd’s “Pray for Me” Music Video ft. Marvel Studios' Black Panther
bHofahrp4aY Black Widow's Greatest Moments | Disney+
b_4gqXZahQA Spider-Man: No Way Home Red Carpet | BEST MOMENTS!
bc0KhhjJP98 Redbone - Come and Get Your Love (Single Edit - Audio)
be18ziGX4ss The X-Men and Magneto Unite For MARVEL ULTIMATE ALLIANCE 3: The Black Order
bgZTxizXwcc Everything You’ve Ever Said | Marvel Studios' Loki | Disney+
bhag7kH3zb4 Streaming Tomorrow | Marvel Studios’ Shang-Chi and The Legend of The Ten Rings | Disney+
bpT5PUdTdQI Marvel Studios' Visual Development Team on creating the look of Black Widow
bt1VPTFQMk0 Marvel Studios' Ant-Man and The Wasp | Trailer
c4Fg8y0j6fg Family Values with the Cast of Marvel Studios' Black Widow | What's Up, Disney+
c6IrgVyTl6E Marvel Studios' Avengers: Infinity War - Choices
cG2Nv4gwOrw Icon | Marvel Studios’ Shang-Chi and the Legend of the Ten Rings
cGdn6Fqv8j0 Marvel Studios’ Assembled: The Making of WandaVision | Official Trailer | Disney+
cJ1rdLIp7d8 X-Men: The Animated Series | All the Facts | Disney+ Deets
cK7Va8TUaiE Jeff Goldblum on Marvel Studios' Thor: Ragnarok
ck1OR_qoBqg Control | Marvel Studios’ Black Widow
cn69-oTB8hY Marvel Studios' Avengers: Endgame | \
crSUM5afyc8 Fun | Marvel Studios’ Eternals
cwdVRuNsZmI Marvel Studios’ Assembled: The Making of Loki | Official Trailer
cxifB--QfR4 Virtual Launch Event | Marvel Studios' The Falcon and The Winter Soldier | Disney+
cyWS2tcHClM Marvel Studios' Avengers: Endgame | Escape Room
dTcHYunzneI Marvel Studios’ Ant-Man and The Wasp | Days Away TV Spot
dWyusOS1Rqw Fresh | Marvel Studios’ Eternals
ddqEvV7FY8k Making Amends (From \
dgkTRJ-6FP0 Marvel Studios' Avengers: Infinity War - Making It Real
dsQjh63n-jI “The Lost Books” Official Clip | Marvel Studios’ What If…? | Disney+
e0m5H_OXI9s Launch | Marvel Studios’ Black Widow
e3R9DOrpUDE Save The City (From \
e3hAW-L8Bm0 Marvel Studios' Black Panther | Connecting the Universe
eCHecDyga2U Chloé Zhao on IMAX | Marvel Studios’ Eternals | Disney+
eHBmDBYbZss Simu Liu Wants You to Know He's NOT in Spider-Man: No Way Home
eOL6L7K0PGc Zoe Saldana on Marvel Studios’ Guardians of the Galaxy Vol. 2
eOXKAzT2fzw Marvel's Avengers | Kamala Khan | Behind the Scenes
eRVBh3TGPKg Calendar | Marvel Studios’ WandaVision | Disney+
eVIazBkEaNU Marvel Studios' Avengers: Infinity War - #1 Movie Opening of All Time
eblwtxEgCjg Theme
ekTy0A5HtC0 MARVEL Battle Lines Official Soundtrack OST | Trailer
em0ErGSjLB8 Marvel Studios' Thor: Ragnarok -- Director's Intro (Bonus Feature)
er3OPwYGCio Marvel Realm of Champions | NYCC Announcement Trailer
etWsdA0_Wb0 Rise Up | Marvel Studios’ Shang-Chi and the Legend of the Ten Rings
ez-imDgiD4E Alan Silvestri - Forge (From \
f3E8rrAGOLI Evolve | Marvel Studios’ Eternals
f3PwJBoQxWo Marvel Studios' Captain Marvel: Making an Authentic World | Women of Marvel
fFF_3n208YY Theme from Ant-Man
fP-XyFeaTwo Marvel Studios’ 'Captain Marvel' Visual Effects Magic | Earth's Mightiest Show
fQ8_nyXQYu8 Marvel Studios' Guardians of the Galaxy | All the Facts | Disney+ Deets
fVY3OsRxfmY Luna Snow — I Really Wanna (feat. Krysta Youngs) Single Teaser | Marvel Future Fight
fYGxMTwAYd8 One Word | Marvel Studios' Black Widow Cast & Director
fcia3VY3QF0 Hawkeye Tag Team in Marvel’s Avengers!
fqPsZlOBQok Plan | Marvel Studios' The Falcon and The Winter Soldier | Disney+
fuRmAMkGyF4 ToastMate 2000 | Marvel Studios' WandaVision | Disney+
fvLU8nnm7cs Dave Bushore talks ALL-NEW Marvel Studios’ Avengers: Damage Control VR Experience @ NYCC 2019!
fyyaDseuSW8 Cheers | Marvel Studios’ Loki | Disney+
g-HsYLz69to All of the Trick Arrows in Marvel Studios' Hawkeye!
gKnOm7IWJL8 Playmaker | Marvel Studios’ Black Widow
gL9EP2QabdQ Meet Sylvie Featurette | Marvel Studios' Loki | Disney+
gTr1C_bwR-8 Avengers: Age of Ultron Title
gTyE3geyRmk Alan Silvestri - Portals (From \
gh0KJImjkqc X-Men: The Animated Series | Unofficial Official Trailer | Disney+
giWIr7U1deA Marvel Studios’ Shang-Chi and the Legend of the Ten Rings | Official Teaser
gwX5W-zpNZ0 Christophe Beck - I Am Vision (From \
h6Y442JUAa4 Michael Douglas talks about the making of Marvel Studios' Ant-Man and the Wasp | This Week in Marvel
h7BKs8d2Bvc The Punisher Main Title
h7kea4SgU8k Paul Bettany & Pom Klementieff of Marvel Studios' Avengers: Infinity War Cast at SDCC 2018
hA6hldpSTF8 Marvel Studios' Avengers - Official Trailer
hBaI4125l6U On And On
hFc6iywTOWA Marvel’s Spider-Man: Game of the Year Edition | Accolades Trailer
hFw410LX57A Global Fan Event | Marvel Studios’ Loki | Disney+
hODeHdzBVq0 Marvel Studios’ Captain Marvel | World Review Now Playing Spot
hXp-XMBf8nE Marvel Studios' Thor: Ragnarok -- Villainesse (Bonus Feature)
hqDDUoF3Gh8 “Run It” | Marvel Studios’ Shang-Chi and the Legend of the Ten Rings
hr9ak5v5Tok Marvel Contest of Champions: BEAT THE BOSS at NYCC 2019!
hv7gVMV566Q Marvel Studios' Captain Marvel | Marvel Firsts
hvqLppeXkSc Marvel Studios' Black Panther - In 10 Days
i-LZFzZhOW4 Swae Lee feat. Jhené Aiko - In The Dark (Official Audio) [Shang-Chi and the Legend of the Ten Rings]
i0_Q80DngtU Rumble | Marvel Studios’ Eternals
i2RPCyAsFsg Marvel Studios’ \
iECT9M3ifVg Icon | Marvel Studios’ Shang-Chi and the Legend of the Ten Rings
iGcDUuAj-g0 Celebrating Pride Month with Marvel's Hero Project \
iM3u_J7og2I Rapid Fire Challenge | Marvel Studios’ Shang-Chi and The Legend of The Ten Rings
iQSHrgjayz8 Mid-Season Sneak Peek | Marvel Studios' The Falcon and The Winter Soldier | Disney+
iSZq3l-Fmbo Marvel Studios' Avengers: Infinity War - Gone TV Spot
ihPIQP3Crhs Goose the Cat of Marvel Studios' Captain Marvel | Ask Marvel
ilKcXIFi-Rc Elastica - Connection (Official Music Video)
imwSb4FyEs8 It's Been A Long, Long Time
iq_3hCpHs9c Christophe Beck - Ascendant (From \
ir-mWUYH_uo Tribute | Marvel Studios’ Shang-Chi and The Legend of The Ten Rings
irsjYO7wa4o Back | Marvel Studios’ Black Widow
isgSN8lNfyY 11 Ways the X-Men Use Their Powers for Everyday Tasks | Disney+
ixCsdtUUaeU Spider-Man Swings into Marvel Games with 'Spider-Man: Far From Home'-Inspired Event
j9vrwmQ2XO8 Guardians of the Frickin' Galaxy
jDcaajh7_aY Era | Marvel Studios’ Shang-Chi and The Legend of The Ten Rings
jHgLnHwEhvA Marvel Studios' Thor: Ragnarok -- Cute As Christmas (Bonus Featured)
jJm2WFTscDM Marvel Studios' Black Panther - Wakanda Revealed Featurette
jMvt6ndFsRw Director Jon Watts is Surrounded By Heroes | Spider-Man: No Way Home Red Carpet
jUciEs2q-_M Marvel Studios' The Eternals and More Coming in 2020!
j_QDEE4KCO4 The Most Iconic Hawkeye Moments in the MCU | Disney+
jby0VLnljXw Marvel Studios' Ant-Man and The Wasp | Flock TV Spot
jcuX_tU5flE Sitcom Clip | Marvel Studios’ WandaVision | Disney+
jdBUjYJ4-GQ Coworkers | Marvel Studios' The Falcon and the Winter Soldier | Disney+
jxFJ9h3bv9A Marvel Studios' Captain Marvel | \
jyY0WFirb-0 Str࿌ker | Marvel Studios' WandaVision | Disney+
k3XrzweXIhI Marvel Studios’ Captain Marvel | stiny” TV Spot
k9vgVL8XnjQ Russian Captain America | Marvel Studios’ Black Widow
kMIUgxvPH5o Meet the LARPers Featurette | Marvel Studios’ Hawkeye | Disney+
kQ3T3rair-s Honor | Marvel Studios’ Eternals
kT8RIuQkK0U Marvel’s Avengers – Black Panther Reveal Trailer
kWznlJ-hG_g Action | Marvel Studios’ Eternals | Disney+
kn2XCuPdej8 Marvel Studios' Thor: Ragnarok - Behind the Scenes
kpsIu6goKGg Making History Featurette | Marvel Studios’ Shang-Chi and The Legend of The Ten Rings | Disney+
kqOAwA6NtCU Marvel Studios' Prop Master Russell Bobbitt Live at SDCC 2018
kwo0wSabwBk Marvel Studios' Avengers: Endgame | \
l4Of6POl-uo Marvel's Iron Man VR | Behind the Script
l4ZqjZ160Hg Alan Silvestri - Go Ahead (From \
lD6lOflsI2s Marvel Studios' Eternals Red Carpet | Best Moments!
lFmIT8igxqo Best of E3: Marvel’s Avengers and MARVEL ULTIMATE ALLIANCE 3!
lIQ7PzDqAOE Bells | Marvel Studios’ Eternals
lIQwB5XLtEs Signal | Marvel Studios’ WandaVision | Disney+
lOjn5bf_UmE Lego Marvel Collection Available Now | Launch Trailer
lTL3OZkVMHQ Marvel Studios' Black Widow | Big Game Spot
lTsfh4O2vcM Marvel Studios' The Falcon and the Winter Soldier | What's Up, Disney+ | Episode 20
lXed5Inp844 𠇋ollywood” Official Clip | Marvel Studios’ Eternals
lkJKyRjsuck Marvel Studios' Captain Marvel | \
lrIq-RpGTnA “How Do You Plead?” Clip | Marvel Studios’ Loki | Disney+
lszrZH41oLA Marvel’s Spider-Man: Miles Morales PS5 Gameplay Demo
m2L7srq8X2A Let's Keep It Going (From \
m9E3M0NS118 Heroes
mAz8iHJA2aQ New Team | Marvel Studios’ Black Widow
mCrau6d-Iko Christophe Beck - Lovely to Meet You (From \
mGS_Ctd0S9I Ramin Djawadi - Across the Oceans of Time (From \
mJsEJmtaC-0 Marvel's Avengers | Hulk's Joe Fixit Outfit Reveal
mLf7hB-zSqI New Era | Marvel Studios’ WandaVision | Disney+
mNYBMF5a_Es Hear from Kevin Feige on the Future of Marvel Studios
mNyLzc3MU_E Announcement | Marvel Studios' Loki | Disney+
mPt8f3IPyS8 Marvel's Iron Man VR! | Marvel Let's Play LIVE!
mSAgLsrZG2Q Marvel Studios' Black Panther - Entourage TV Spot
mbyd2kvRPnw Marvel Studios’ Captain Marvel | 𠇌onnection” TV Spot
mf64lk2aiAk Angelina Jolie & Kumail Nanjiani On Connecting to Marvel Studios' Eternals
mgp1OEVDxDM The Boss | Marvel Studios' Hawkeye | Disney+
mhqKImINHKQ Infinite | Marvel Studios' WandaVision | Disney+
moKHxYykhxE Marvel Studios' Thor: Ragnarok -- Tribute to Kirby (Bonus Feature)
moyVFipHNpI Marvel's Avengers | Captain America's Secret Empire Outfit Reveal
mwCZXxK58Yg Leading the Charge (From \
myW4ia-EjXQ Reason | Marvel Studios' The Falcon and The Winter Soldier | Disney+
myZ9J7GNkBI Tickets on Sale | Marvel Studios’ Shang-Chi and the Legend of the Ten Rings
n0xiX1cKlD8 Vibe | Marvel Studios’ Eternals
n3Pt0qQVs3I Marvel Studios' The Avengers | All the Facts | Disney+ Deets
n3qsQgMhndc “Run!” Official Clip | Marvel Studios’ Eternals
n8OBGfqKymk In Kingo’s Words | Marvel Studios’ Eternals
n92qDDd9E1U Marvel Studios' Avengers: Endgame | Big Review TV Spot
nD2e8eu5568 Wakanda Revisited | Marvel Studios' Avengers: Infinity War
nMVLmvicHSI Marvel's Avengers | A-Day Gameplay
nN-Pt5urddw Ludwig Göransson - Ancestral Plane (Uzowuru and Kleinman Remix/Official Audio)
nSsQ3bQl7iQ Marvel's Avengers: Hear from the Cast at NYCC 2019!
nW948Va-l10 Marvel Studios' Loki | Official Trailer | Disney+
nahADtJiN5s NEW Advanced Tech Suit in Marvel's Spider-Man: Miles Morales! | Marvel Let's Play
nbf_1ufgCEw Hero’s Speech | Marvel Studios’ Black Widow
negmR5R80-s Episode 5 Now Streaming | Marvel Studios' Hawkeye | Disney+
ng8fDNb7lVk Marvel Studios' Avengers: Infinity War - Greatest Villain
nld1PIwVGds Marvel's Avengers | Kate Bishop - Taking AIM Trailer
ns7_LLDgJNs Why You Want Marvel Studios’ Darcy Lewis In Your Corner | Disney+
nxypt9SwLfk Marvel Studios’ Avengers: Endgame — Making the Hulk!
o7MtfYoRvxo Starting with Hulk and Iron Man - Marvel Studios: Assembling a Universe Clip
oBj4s1bkyCk Marvel's Spider-Man: Miles Morales | Just the Facts: A New Spider-Man
oDVqT9pQjuM Marvel Studios' Thor: Ragnarok -- Thor Meets The Grandmaster (Bonus Extended Scene)
oGmK4sNFyxw Vibe | Marvel Studios’ Shang-Chi and The Legend of The Ten Rings
oL0j_-1OA9A Marvel Studios' Academy Award Nominations, Conan Returns, and More! | Marvel Minute
oLP3gEEYaf0 Event | Marvel Studios’ Hawkeye | Disney+
oLjVLthGn6M Arian Moayed Teases His Role as Agent Cleary in Spider-Man: No Way Home
oOUpNxJkki0 Burn | Marvel Studios’ Shang-Chi and the Legend of the Ten Rings
ocQaSEwniY4 Explore the science behind Marvel Studios' Doctor Strange!
ojGHE581lsM Marvel Studios' The Falcon and The Winter Soldier | Final Trailer | Disney+
oqcgzj344ow Honor | Marvel Studios' The Falcon and the Winter Soldier | Disney+
ow_fRAjz7os Fans React to New Marvel Studios Series at D23 Expo!
pBVPlyM2T3Q Red Guardian | Marvel Studios’ Black Widow
pE_qNk3ALok MARVEL ULTIMATE ALLIANCE 3: The Black Order | E3 2019 Trailer
pF30_8lT7Q4 Now Streaming | Marvel Studios’ Shang-Chi and The Legend of The Ten Rings | Disney+
pLK-L_bzOjE Official Trailer | Marvel Studios’ Assembled: The Making of Eternals | Disney+
pMufQiESR_I Christophe Beck - Genesis (From \
pMw3lfwHnjI Marvel Future Fight | NYCC 2019 Teaser
pPC049JCdMg Marvel Studios’ Moon Knight | Trailer Reaction | Disney+
pS60ajcLD24 6 Marvel's Avengers Facts We Learned at E3 2019!
pS9FLpcfPr8 What a Bunch of A-Holes
pVxOVlm_lE8 Marvel Studios’ Avengers: Infinity War - Big Game Spot
pWLzEDJEJ6k Sister Sister Featurette | Marvel Studios’ Black Widow
pWi-Qtw5RBU Marvel Studios' Avengers: Damage Control | Story Trailer
pcp9FcuTfE4 J.B. Smoove is a Man of Science | Spider-Man: No Way Home Red Carpet
pdfEtCSl7tM Marvel’s Iron Man VR Arrives 2019 on PlayStation VR! | Official Announce Trailer
pdqUli1OIXU WandaVision! (From \
phE2F0PN3u4 Benedict Wong Pitches the WCU | Spider-Man: No Way Home Red Carpet
pktFnMv_pr0 Making It Up As We Go Along (From \
pydnre8h9wA Marvel Studios' Legends | Disney+
q3_-XYOYQQA Hurt | Marvel Studios’ The Falcon and The Winter Soldier | Disney+
q3e89-khTNk Victoria Alonso Thanks the Spider-Man: No Way Home Cast & Crew
qG1d39Q0j1Y Meet Kate Featurette | Marvel Studios’ Hawkeye | Disney+
qNTfxfPov7A Marvel Studios’ Captain Marvel | “Here We Go” TV Spot
qaCe-iV7aZI Marvel Studios' Avengers: Infinity War - Gag Reel #2
qeqX4d3cWqk Co-workers Featurette | Marvel Studios' The Falcon and The Winter Soldier | Disney+
qq42pd9JS8U Alan Silvestri - Help Arrives (From \
qsFj5VDU9nI Marvel Studios' Captain Marvel | The Real Star
qzJ00pVDXBo Work | Marvel Studios’ The Falcon and The Winter Soldier | Disney+
r1szV9ohCF8 A Promise
r71QYP5n-w8 Marvel Studios’ Captain Marvel | “Trust” TV Spot
rACAp_iQwP8 Cape | Marvel Studios’ Eternals
rAUWHOajCNs W-V 2000 (From \
rBkMsmUbLLs Alan Silvestri - Porch (From \
rLpyjK6o2x8 Journey to the End of the Timeline | Behind The Scenes of Marvel Studios' Loki
rOYsYMjpSaE Marvel Studios' Captain Marvel is Here! | Earth’s Mightiest Show
rTNEjE4JSw4 Marvel's Avengers | Thor Character Spotlight
rTqDhwI2yko Marvel’s Avengers: Next-Gen Capabilities Trailer
rYG04EYvP08 Marvel Studios' Avengers: Infinity War - Gag Reel
raEXlVBrZac Complete | Marvel Studios' WandaVision | Disney+
rb3rBt_jAHs Daniel Rojas - Mad Scientist Fight (From \
rccjWTc5_mg Marvel Studios' Black Panther -- Available May 8
reA8c7dAtxc Marvel's Guardians of the Galaxy | Grand Unifier Raker Cinematic
riRPXIY6r7U Play Zen Studios’ Marvel Pinball Ant-Man Table Now!
rmIDwZ78jBg Enemies | Marvel Studios' Hawkeye | Disney+
rmM0ahZzWuc Loki at Marvel Studios' San Diego Comic-Con Panel - Official
rx1iXnu4CH4 Right Handed | Marvel Studios’ The Falcon and The Winter Soldier | Disney+
s0KtWNhB1Fk Eternal Stare Off | Marvel Studios’ Eternals
s0nTq-NUvU4 Clock | Marvel Studios’ Loki | Disney+
sAKe9OI3Cog Marvel’s Spider-Man 2 – Reveal Trailer | PS5
sEZnwABWO_w Christophe Beck - Uncharted Waters (From \
sFIbcgHrGSg NIKI - Every Summertime | Marvel Studios' Shang-Chi and The Legend of The Ten Rings
sKtHn7DaG9E Spider-Man: No Way Home | Red Carpet PREMIERE!
sQgZlr5bOzw The Jabari
sS_eHdqcrM8 Dear Mr. Fantasy
sSu9LZBNRk4 Jacob Batalon's Ned is More Than Just \
sTzjjeNw3zY Marvel’s Spider-Man: Turf Wars – Just the Facts | PS4
sXoSILzgFug #1 Movie In The World | Marvel Studios’ Eternals
sgX_StgXGF0 Marvel Studios' Black Panther - Kinetic Energy Film Clip
sk8vZkwEEe4 Marvel Studios’ Sam and Bucky’s Most Memorable Moments | Disney+
sprChQ9_9kQ Clue | Marvel Studios’ Black Widow
t0KwSrqYmkg Civil War
t7SUQfYjhug Marvel Studios’ Ant-Man and The Wasp | 𠇎xperience” TV Spot
tK5XoqD_q4g Co-workers | Marvel Studios' The Falcon and The Winter Soldier | Disney+
tKoebpbJZY0 Spy | Marvel Studios’ Black Widow
tRqfX3FGLG8 Hulk and His Friends From Work | Disney+
tUk_KOMt7pk How Marvel Studios created the water bears in Ant-Man and the Wasp! | Earth's Mightiest Show Bonus
tX0Kqkk_ahk Marvel Studios' Avengers: Endgame | \
t_hzOYHNOaU “Introducing Agent Mobius” Clip | Marvel Studios’ Loki | Disney+
td3GJGoK0VY Fortnite Nexus War | Trailer
tgX65ax6pjg The Trial of Loki (From \
thsNmG_nDdk Metal Arm | Marvel Studios' The Falcon and The Winter Soldier | Disney+
tijLYuIjrxw Marvel Studios’ Avengers: Endgame | “Powerful” TV Spot
tkq-OPlOUgg United Nations / End Titles
tn9uHjqeqFQ Marvel Studios' Ant-Man and The Wasp | Who is The Wasp? Featurette
toCWVOBPU0c Westview | Marvel Studios’ WandaVision | Disney+
trcditUaQJg Marvel Studios' Avengers: Infinity War | 10-Year Legacy Featurette
u0SBlLWNe5s Marvel Studios' Black Panther - It's A Set Up
u2sxsklPDtc Marvel Studios' Avengers: Endgame | Favorite Marvel Memories
u33gH7tEwHs Marvel Studios’ Captain Marvel | “Origins” TV Spot
u6L3_lyLfFw Marvel Studios Assembled: Shang-Chi and The Legend of The Ten Rings | Official Trailer | Disney+
u7fsOxpeJvw “The Tracksuit Mafia” Clip | Marvel Studios’ Hawkeye | Disney+
u9hxX-C57iI Black Widow | Marvel Studios’ Legends
u9ksnpRimE0 Marvel Studios' Avengers: Infinity War | Infinity #1 TV Spot
uBop2FIwxbU Marvel Studios' Avengers: Endgame | \
uFmkXXet2Rg Guess The Tweet | Marvel Studios’ Shang-Chi and The Legend of The Ten Rings | Disney+
uLHy9BMbLMk Hypothetical | Marvel Studios’ The Falcon and The Winter Soldier | Disney+
uMXx35P9cmA Airborne Operation (From \
uNzmhc49VhU Marvel Studios Day of Giving
ue1xsZR40fo Movies | Marvel Studios’ Eternals
ufqIG3JniFg Ramin Djawadi - Eternals Theme (From \
uk-Vi5Zke20 Christophe Beck - It Ain't Over Till the Wasp Lady Stings (From Ant-Man and The Wasp)
umQ6OH7GXKw Marvel Studios' Ant-Man and The Wasp | Prepare TV Spot - Now Playing
unJzy1XwQ2k Marvel Studios' Avengers: Endgame | \
uvUmMoMomj8 How to Draw Marvel Studios' Captain America with Ryan Meinerding
uyPttkfTrqw Marvel’s Spider-Man: Silver Lining – Just the Facts | PS4
v-UmCsoDxKo Meet the Artists from Marvel Studios' Visual Development at SDCC 2018
v0bClKEy1HA Marvel Studios’ Avengers: Endgame | 𠇏ound” TV Spot
v2AC41dglnM AC/DC - Thunderstruck (Official Video)
v35pFciYZQo Seth’s Wish Day - Make a Wish | Marvel Studios’ Black Widow
v6HD_gP8bXU Run | Marvel Studios’ Shang-Chi and the Legend of the Ten Rings
vANgpZ_7yt8 Marvel's Avengers | Black Widow's Alternate Outfit Reveal
vCk9kUNxuzk Wanda Maximoff & Vision | Marvel Studios: Legends | Disney+
vDDOg5d-UQQ Marvel's Avengers — Kamala Khan NYCC Announcement Trailer
vEkIqUHEzNk Wanda's Theme (End Credits from \
vMd3t_E9qgk Marvel Studios’ 'Avengers: Endgame' Stars Reveal Secrets from Set | Earth’s Mightiest Show
vXGd_NB67eA Marvel's Iron Man VR: Voices of the Game | NYCC 2019 Panel
vZvf0Q61CwY A Prince Goes Home (From \
vbJ7PHxkTe4 MARVEL ULTIMATE ALLIANCE 3: X-Men Rise of the Phoenix DLC 2 | The Game Awards Trailer
vfBBCSmUM6w Marvel Studios' Black Panther | Marvel 101
vj5Ca0NksfQ Christophe Beck - The Players (From \
vlZpQDawhqg Comicave Studios' Darren Gan at Marvel Studios' Guardians of the Galaxy Vol. 2 Red Carpet Premiere
vqSn1Z5vpZk Luna Snow - Flow (From \
vw-UwLfufao Taskmaster Breakdown Featurette | Marvel Studios’ Black Widow
vyXUaNhqpqE 𠇌hange of Plans” | Marvel Studios’ Hawkeye | Disney+
w04bAp6tliw An Appreciation for the God of Mischief, Loki | Disney+
w3kIlGy__pc Hit the Mark | Marvel Studios’ Hawkeye | Disney+
wEk-dI0YHEU Marvel Studios 10 Years Sweepstakes!
wHpUqVktG74 Protect | Marvel Studios’ Eternals
wJ_GdT4HeTI Marvel Studios’ Avengers: Endgame — Comic Book Easter Eggs!
wNWrkJBG0Qk Every Episode | Marvel Studios' WandaVision | Disney+
wRWWsu9f89A Marvel's Avengers | Gameplay Watch-Along!
wXVMY2HUwXw Universe | Marvel Studios’ WandaVision | Disney+
wchbb8DXmPA Benedict Wong on Marvel Studios’ Doctor Strange
wzjQsZ_Wr50 “What Is What If…?” Featurette | Marvel Studios’ What If…? | Disney+
x-GdfQRmAgc Marvel Studios' Ant-Man and The Wasp | Girls Who Code Premiere Surprise
x2voszREYQg Spider-Man: Into the Spider-Verse Suit Reveal | Marvel’s Spider-Man: Miles Morales
x3aXPMA1Jac 𠇋randing Issues” Clip | Marvel Studios’ Hawkeye | Disney+
x5bWJAq5VsY “Thor Has Been Chosen” Official Clip | Marvel Studios’ What If…? | Disney+
x7Krla_UxRg Marvel Studios’ Moon Knight | Official Trailer | Disney+
x9D0uUKJ5KI Marvel Studios' What If...? | Official Trailer | Disney+
xDcv9Pw9_ro Marvel Studios' Avengers: Endgame | Blitz #1 Spot
xKWYO6X8G38 Dave Bautista on Marvel Studios’ Guardians of the Galaxy Vol. 2
xO2dE6FqBHI Awkwafina’s Golf Cart Tour | Marvel Studios’ Shang-Chi and The Legend of The Ten Rings
xOYgIm--OFk Meet the Filmmakers Behind Marvel's 616 | What's Up, Disney+ | Episode 5
xU4Chy_Wm5k Ronin Spotlight | Marvel Contest of Champions
xV5Wm7qixyQ Moment | Marvel Studios’ What If…? | Disney+
xVB3w1atMv0 Tom Holland says Spider-Man: No Way Home is Emotional, Heartfelt, Exciting and Historic!
x_me3xsvDgk Marvel Studios’ Eternals | Final Trailer
xd75XsCzjPE Marvel Studios’ Captain Marvel's directors take you behind the scenes! | Earth’s Mightiest Show
xjDjIWPwcPU Marvel Studios' Black Panther - Official Trailer
xzd1srfryw8 Prepare | Marvel Studios' WandaVision | Disney+
y6jr43KnA_w Marvel’s Avengers | Hawkeye Tease
y9fBzUtrKwY Marvel Studios' Black Panther - Good to Be King Featurette
yFH9iTd1QpU Marvel Studios' Avengers: Endgame Screenwriters LIVE from SDCC 2019
yH72D12BkzY Marvel Studios' Black Panther - From Page to Screen
yJO9xScVOB0 Falcon and Winter Soldier | Marvel Studios Legends | Disney+
yOvORMYxcOI Marvel Studios - 10th Anniversary Film Festival - Exclusively in IMAX
yR_7h9b2OPo Marvel Studios' Avengers: Endgame | \
yYCbSl3lGq0 Killmonger
yYQCLgQqM7g Marvel Studios Announcements from Hall H at SDCC 2019!
ybji16u608U Marvel Studios' Black Widow | Official Trailer
yfciA8beo3o D23 2017: Marvel Studios’ Avengers: Infinity War Cast and Creators Reveal Some Hints
yn6MA1VGNx4 Ready to Rise Featurette | Marvel Studios’ Shang-Chi and the Legend of the Ten Rings
z1_HbYHIiQE Alan Silvestri - Get This Thing Started (From \
z2j8jS0H2_c Marvel's Avengers: Cast Reveal | E3 2019
zSVxhGj11ww Marisa Tomei on May and Happy's On-and-Off Relationship | Spider-Man: No Way Home Red Carpet
zTGdTEHvRoc Marvel Studios' Avengers Endgame | \
zbmhbsaMQlY Christophe Beck - Three Weeks Later (From \
zkWiTLKE0mg Marvel Studios' Black Panther -- Let's Go TV Spot
zlNlkwB27lU Marvel Studios' Avengers: Endgame Red Carpet | Best Moments!
zxeY22MK42I Hulk Theme
