-6wFwF132JY Meathead Millionaire | Mark Bell on The Mikhaila Peterson Podcast #16
-JFOdNgmQLU GameStop and Robinhood | r/wallstreetbets' Jaime Rogozinski | Mikhaila Peterson Podcast #59
-LhMi76Vgfw How Men Can Instantly Look More Attractive | Tanner Guzy - MP Podcast #123
-OX2WhQbCbE Music Industry: Behind the Scenes | Yung Gravy | Mikhaila Peterson Podcast #62
0Fu9qP_UoEg Jordan Peterson's Impact on Africa Brooke's life
0ka9WBEijhk TEDx Wouldn't Post This...
16wtU87a6bU The Case For Better Meat | Robb Wolf on The Mikhaila Peterson Podcast #12
1nkRXVeLrd4 How to Improve Your Life | Ethan Suplee - MP Podcast #87
1rfZK0cZ4Rc How Liberals Have Changed | Ryan Long - MP Podcast #91
25NnmCyjpm4 Escaping North Korea | Yeonmi Park on The Mikhaila Peterson Podcast #41
2GdgwhY1bc0 Mikhaila Peterson Q and A 100th Podcast Episode
2Gw66jMmdHg How Artists Think | Tammy Peterson, Juliette Fogra, and Cesar Santos - Mikhaila Peterson Podcast #75
2Kg0q82mFzI Opposing Views: Is Critical Race Theory Solving Anything? | James Lindsay & Vaush - MP Podcast #134
2xRn8CSRuGI Psychologist Shares How To Spot A Narcissistic Person
4-SWJvSXi8w The Trans Debate, Surviving PTSD, and the State of American Humor | Yannis Pappas - MP Podcast #119
5t-pzmrV3VI Is Artificial Intelligence A Threat To Human Existence? | Opposing Views #144
6I3G-k5fs9M Simple Ways to Be Healthier | Max Lugavere on The Mikhaila Peterson Podcast #2
6eKV1Gz0f7Q Unlock your Brain's FULL Potential with ULTRALEARNING | Scott Young - MP Podcast #95
6tHLOAmzSnY WTF Are NFT’s | Matt Medved – Mikhaila Peterson Podcast #76
79lSqFzHBtc Mikhaila Peterson’s Oxford Union Debate on Meat
7XydR_kpzlQ How Your Breathing is Damaging Your Health | James Nestor  - MP Podcast #116
88md-1jBUxk Quick “Life Update”
8DQNqGbzkKk Dave Asprey talks Joe Rogan dispute | Mikhaila Peterson
8bbBiKoONuk Negotiating | Chris Voss and Jordan B. Peterson on The Mikhaila Peterson Podcast #44
8smtJsOYPN0 The Man Behind Titania McGrath | Andrew Doyle on The Mikhaila Peterson Podcast #25
993JFlmfNzc Top Carnivore Diet Doctor Tips | Ken Berry - MP Podcast #117
99UpfzBkZEE Wokeism in the Great British Church | Calvin Robinson - MP Podcast #137
9Uf2PIHc0eU Lockdowns and Sanity | Lauren Chen on The Mikhaila Peterson Podcast #57
9m96HPGUbBo Jocko Willink on The Mikhaila Peterson Podcast #26
ARJqkuE_doI Insulin Resistance and Why We Get Sick | Dr. Benjamin Bikman on The Mikhaila Peterson Podcast #43
AeWumFxclTg Plastic Surgeon Opens Up About Our Unrealistic Beauty Standards
BBcAzMXHix4 The Pegan Diet - Mark Hyman | Mikhaila Peterson Podcast #65
BCie_ZmUs9Q Going Viral with Ultra-Low Neuroticism | Zuby on The Mikhaila Peterson Podcast #7
BPDqNrtoiGM Plastic Surgeon Reveals The Celebrity Secrets To Staying Young | MP Podcast #142
BYDz5U9qw8U Rollo Tomassi on the Mikhaila Peterson Podcast #131
BhC11LbpmK8 How to Learn a Language in 3 Months | Benny Lewis - Mikhaila Peterson Podcast #71
C7VOdLRfpFA Mikhaila Peterson's delta variant COVID Experience
CFAvLaxjmu4 How to Manage Chronic Pain Naturally | Nicole Sachs- MP Podcast #110
CtqoVsQoykw The Truth Behind Antifa? | Andy Ngo - Mikhaila Peterson Podcast #74
DDs8P2BRAMA The Art of Plastic Surgery | Dr. Marc Mani on The Mikhaila Peterson Podcast #23
DR-oi7AXGnY Exclusive Interview with Duduzane Zuma | MP Podcast #97
DUfvyKa233A Answering Carnivore Diet FAQs | Dr. Paul Saladino on The Mikhaila Peterson Podcast #22
EAANkoE95IE Opposing Views: Should Gun Laws Be Changed? | Dan Gross & Dr. John R. Lott #122
Erj3Wrdr4jU Opposing Views: Is Climate Change A Problem? | Alex Epstein & Dr. Andrew Dessler  - MP Podcast #126
FdqjVcm1aGw Critical Race Theory DEBUNKED | Kenny Xu - MP Podcast #129
Fl3pUaePxWI Web Summit 2019: Mikhaila Peterson, Dr. Steven Gundry and Saeju Jeong (Noom)
GyG0JQo4Vws How to Heal Your Toxic Brain | Dr. Daniel Amen - MP Podcast #112
HLWgVpmo1e0 Family Update June 2020 | Jordan B. Peterson on The Mikhaila Peterson Podcast #9
HMVxwcGlVZo Tom Bilyeu on The Mikhaila Peterson Podcast #51
HUImaApCYvs Men and Women and Evolution | Bret Weinstein & Heather Heying - MP Podcast #114
ISHmPXOS_Og Russell Brand and Jordan Peterson | Mikhaila Peterson Podcast #68
IVZxYW-Ffug End the Finger Pointing | Ayishat Akanbi -The Mikhaila Peterson Podcast #48
JUeUjn7p-9E Deal with Stress and Trauma Effectively | Mastin Kipp - MP Podcast #101
JonSQ3SWPsw More Than A Week Long Fast (Extended to 12 DAYS WITHOUT FOOD)
KBzdmvajVPs Drinks with a Cheerleader | Nicole Arbour on The Mikhaila Peterson Podcast #21
L1H13MYLYPI How 'Nice Guys' Can Become More Attractive To Women
LBW4me2ACn4 The Theory of Enchantment | Chloe Valdary on The Mikhaila Peterson Podcast #18
LEaw3U6WboE Psychedelics, Nootropics, and Benzodiazepines | Hamilton Morris on The Mikhaila Peterson Podcast #4
LuzJ1_j6LZ8 Q&A with Jordan Peterson | Mikhaila Peterson Podcast #61
MJzQZpQ_vFY How To Grow Your Following | James Smith - MP Podcast #88
Mf_w_s-QB70 Why to Joke About Tragedy | Isaac Butterfield on The Mikhaila Peterson Podcast #15
MgJdyI3IJ40 Pharmaceuticals and Psychoactives | Hamilton Morris | Mikhaila Peterson Podcast #58
MhdQXFSY7yg BITCOIN vs. ETHEREUM | Chris Zaknun - MP Podcast #98
N-4okOuS9bY The Real Truth Behind Organ Shortages | Dr. David Weill - Mikhaila Peterson Podcast #81
NR4h4ATIT1c How to Improve Your Fertility | Dr. Ghadir - MP Podcast #89
Nxld1sksOZI Tammy Peterson’s Backstory | Mikhaila Peterson Podcast #60
O9P0tfKsVJo My Experience With Coronavirus
OKBdnBopymo High-Risk Whistleblowing | James O'Keefe of Project Veritas - MP Podcast #135
OSNwibWB0dA The Dangers of Psychiatric Medication | Dr. Jim Wright & Dr. David Cohen - MP Podcast #83
OlbVXVdzIgs How to Write Thrillers | Gregg Hurwitz on The Mikhaila Peterson Podcast #55
P18QCMefG54 The North Korean Experience | Michael Malice on The Mikhaila Peterson Podcast #13
P3AMeFlWqf4 The POWER of PERSEVERANCE | Chris Duffin & Mikhaila Peterson
PhVaQG5i0MI Opposing Views: Is Home-Schooling Better? | Dr. T Jameson Brewer & T. J. Schmidt - MP Podcast #132
Plz-D9OzWlM Opposing Views: Are Vaccine Passports A Threat? | James Lindsay & Arthur L. Caplan - MP Podcast #128
Ppm2nqQAC54 Live your Best Life | Matthew McConaughey - The Mikhaila Peterson Podcast #32
PuyRyAP6OTA COVID - What's The Government Doing!? | Dr. Zubin Damania - MP Podcast #85
Q3amYBVtuv0 The True Problem Behind the Opioid Crisis | Sally Satel & Peter Pischke - MP Podcast #127
QizsaErxoi8 Fitness, Nutrition, & the Flat Stomach | Greg O’Gallagher on The Mikhaila Peterson Podcast #3
Qq8PvS8g02M The Problems In Your Relationship | Lewis Howes - MP Podcast #86
RWdFlOhFZGQ What Relationships Actually Look Like | Suzanne Venker on The Mikhaila Peterson Podcast #5
SWWjt7YPJIM Maxime Bernier leader of the PPC | MP Podcast #94
SZ2u0EvzXv8 Eat Smarter | Shawn Stevenson - Mikhaila Peterson Podcast #72
S_3Ydotys_g Conversation Tricks From An FBI Negotiation Trainer | Mark Goulston - MP Podcast #115
T9Rpz7WGIwQ Opposing Views: COVID | Dr. Mercola and Dr. Kamil - Mikhaila Peterson Podcast #77
TFhynK0iZNE Coleman Hughes and Jordan Peterson on The Mikhaila Peterson Podcast #34
T_mswN0BdRc Plastic Surgeon Reveals The Most Common Procedures To Look Younger
U0awGdJSLeg Are Some People Destined To Be Single? | Matthew Hussey and Mikhaila Peterson
U2LLZqQk2_M Normalizing Fasting | Dr. Jason Fung on The Mikhaila Peterson Podcast #6
U8DOWrEQxuU Wahls Protocol (MS Treatment) | Dr. Terry Wahls on The Mikhaila Peterson Podcast #56
V_Hwz06n0HM Boundless | Ben Greenfield on The Mikhaila Peterson Podcast #46
VhqiEWCmCcg From Homeless to Entrepreneur | Chris Duffin - MP Podcast #102
Vmzg4OlKkzA Fix Your Health Before You're Forced To | Max Lugavere - MP Podcast #106
VsNynarfwkk Things Are Not As Bad As They Appear | Marian Tupy on The Mikhaila Peterson Podcast #37
VsubgAppwvI Would We Do OnlyFans? | Nicole Arbour - MP Podcast #107
VwRBz23jDyc Perspectives Directly from Ukraine and Russia’s Governments | MP Podcast #141
W8ALm2M09qA Wim Hof and Jordan Peterson on The Mikhaila Peterson Podcast #36
W8E7rxCdLi8 Climate Change Not Climate Panic | Dr. Bjørn Lomborg on The Mikhaila Peterson Podcast #27
WhaeZs279BQ How We Should’ve Approached Covid | Bret Weinstein & Heather Heying
X9RDzO5Nxfw How To Be More Attractive To The Opposite Sex | Rob Henderson & Mikhaila Peterson #143
XtZAlhq4iQA The Story of FreedomToons ft. Jordan Peterson | MP Podcast #118
Y1Yz9hCxBUM Everything Salt | Dr. James DiNicolantonio on The Mikhaila Peterson Podcast #40
YoMafyPk7wM Astrophysics and Alien Tech | Avi Loeb and David Sobral - MP Podcast #70
ZU4QLjqoS6Y A Conversation with a Mob Boss and a Cop | Michael Franzese & Sunil Tulsiani - Mikhaila Peterson #73
_0Y7uzeKnnc Malice in the Palace | Michael Malice | Mikhaila Peterson Podcast #66
_HkpPIGUIEA Top 3 Biohacks to Improve Your Health Immediately | Dave Asprey - MP Podcast #104
_df247vGef4 THINK Like a BILLION DOLLAR Company Owner | Ben Francis - MP Podcast #96
_r2mi3OTv0g 14 Years In Guantanamo Bay | Mohamedou Ould Slahi - Mikhaila Peterson Podcast #80
_z5A_k1D9fY Your Cholesterol Has Your Back | Dr. Ken Berry & Mikhaila Peterson
bPy0kr5xCvk Why I Only Eat Meat - Mikhaila Peterson's Background Story
bUHs8KmJQpo Biological Dentistry | Dr. Dome on The Mikhaila Peterson Podcast #42
c6jtecHLNBQ How To Look Younger Without Getting Plastic Surgery
cdulZwfGO8A The Anti-Woke Journalist | Rav Arora | Mikhaila Peterson Podcast #67
ceLuqnK1AVQ The Art Of Seduction and Human Psychology | Robert Greene - MP Podcast #121
dGDF2tTq6xw Responsibility | Mark Manson and Jordan B. Peterson on The Mikhaila Peterson Podcast #54
dROwTBoG8X0 What's Your Seduction Type? | Robert Greene & Mikhaila Peterson
dspA5-AWDbA Becoming Sober and Successful - WWE Superstar Lessons | Eva Marie - MP Podcast #93
e97slOcFdO0 Are You Sure You Want To Be Famous? | Nicole Arbour & Mikhaila Peterson
eEwM8bPR1Zg How to Fix Your Relationship | Adam Lane Smith - MP Podcast #92
eI1AG_PEQ6I How To Know They Are The One | Matthew Hussey - MP Podcast #103
eL3FybpUt0s Opposing Views: Islam - The End of Europe? | Mohammed Hijab & Ayaan Hirsi Ali #140
el1dyKjNbAo Carnivore Anecdotes | Mikhaila Peterson Podcast #69
gMfjm4NWkYU Oxford Union Vegan Argument
hGsC59DmxPI Fortitude and Mental Stillness | Rep. Dan Crenshaw on The Mikhaila Peterson Podcast #17
hYgNN_YkwnM TOP 10 PODCAST MOMENTS | Mikhaila Peterson - MP Podcast
hb4uce7Jxcw Restructure your BRAIN using your THOUGHTS | Dr. Caroline Leaf - MP Podcast #113
hycMQgz_zcI Finding God | Jonathan Pageau - MP Podcast #133
i5q7UbeUKaU Navigating Relationships | Dr. Nicole LePera | Mikhaila Peterson Podcast #63
jNM7RUvE4xY Mold Toxicity | Dr. Jill Crista on The Mikhaila Peterson Podcast #31
kse_htoXR_U How To Get Over Your Ex | Guy Winch - MP Podcast #111
kt5y2tQC2rc Dependence Forming Psych Meds | Beverley Thomson - MP Podcast #125
kwtgc2fsw2A Interview with Canadian Trucker Convoy Leader - MP Podcast #138
lCwRHU93RWQ The Purple God Lady | Shane Mauss on The Mikhaila Peterson Podcast #49
lIN-UDH_paE Suffering in a Relationship?! - Guy Winch & Mikhaila Peterson
lkKOt4SYYiY Opposing Views: Are Vaccines Safe? | Robert F. Kennedy Jr. & Amesh Adalja - MP Podcast #130
m8Ywpg7vbU0 How GymShark Made Billions | Ben Francis & Mikhaila Peterson
mLw-d37LyAw Snake Diet | Cole Robinson on The Mikhaila Peterson Podcast #14
mjr3LAZSN3k Opposing Views: Pornhub on The Mikhaila Peterson Podcast #47
mmk6aESKYWE Mikhaila Peterson's Response to The Times Article (and subsequent articles)
mo88g7xRbKQ Busting Relationship Myths | Dr. Robert Glover & Mikhaila Peterson
mr1tjwWTkzI How To Fight The Woke | JP Sears - MP Podcast #90
n4OX6QjeXYM The Truth About Fat | Nina Teicholz on The Mikhaila Peterson Podcast #52
nYifjP84m10 Psychologist Shares How Men Can Improve Their Dating App Profiles
nd3ImMRUk4Q Low Carb World Record Athlete | Zach Bitter - MP Podcast #99
od4p17U7xOo GAPS Diet | Dr. Natasha Campbell-McBride on The Mikhaila Peterson Podcast #30
otRgmgRzTzg Own Your Mind | Dr. Kelly Brogan - Mikhaila Peterson Podcast #79
p1zUlR6J_8s The Economics of Bitcoin | Dr. Saifedean Ammous on The Mikhaila Peterson Podcast #29
p7il41rsUmU Sustainable Discipline | Sal Di Stefano - Mikhaila Peterson Podcast #78
pa_fHfJDNGc Tucker Max on The Mikhaila Peterson Podcast #50
phzO0tuwLhY Opposing Views: Abortion | Lila Rose and Mara Clarke - Mikhaila Peterson Podcast #53
pzeJq9gsT6E Answering Microbiome FAQs | Dr. Michael Ruscio on The Mikhaila Peterson Podcast #24
qU7iXtHTVtI Leaving the Cult of Wokeness with Jordan Peterson | Africa Brooke - MP Podcast #120
qef9tqgXwsQ Charity Rejects $70,000 Hail Lobster Donation from Jordan Peterson
qljesLKKJZs Becoming Limitless | Jim Kwik on The Mikhaila Peterson Podcast #45
r4MzKEAxEUc The TRUTH about the Taliban in Afghanistan | Zakarya Hassani - MP Podcast #108
rgC71x30LI8 Neurotransmitters and Stress | Andrew Huberman on The Mikhaila Peterson Podcast #38
ryMRFeI3sAw The Carnivore Diet | Shawn Baker on The Mikhaila Peterson Podcast #33
s5tl8B6u8Uc Mikhaila Peterson’s Reaction to Jordan Peterson as Red Skull
sRYGtvzWafc Artificial Intelligence and Entrepreneurship | Michele Romanow on The Mikhaila Peterson Podcast #20
t6-7SmYf8eM Opposing Views: Sweatshops | Jim Keady & Benjamin Powell - MP Podcast #136
tIluqY-c9d4 Tammy Peterson on Spirituality, Religion, and Life | Tammy Peterson - Mikhaila Peterson Podcast #82
tLQWJEgRf8Y Inciting Courage | Dave Rubin on The Mikhaila Peterson Podcast #10
tY-9HSbCTYs MILLIONAIRE'S Top Business Secrets | Brad Lea - MP Podcast #109
uG9Ughixo4o The Art of The Public Hiatus | Lauren Southern on The Mikhaila Peterson Podcast #11
ugTrTLFG7T0 Opposing Views: Is Bitcoin The Future? | Peter Schiff & Robert Breedlove - MP Podcast #124
uubqd3QG4rQ Why You're Failing to Attract Anyone | Dr. Robert Glover - MP Podcast #105
wIvFBeoDYOE Opposing Views: Is Immigration Problematic or Beneficial? | Alex Nowrasteh & Mark Krikorian #139
x-4YBbI1FUE An Intro to Bitcoin | Michael 𠇋itstein” Goldstein on The Mikhaila Peterson Podcast #28
xC5HtqR5ei8 Cancel Culture | Shane Gillis & Matt McCusker | Mikhaila Peterson Podcast #64
xMqNqOyiGFM Rythmia and Ayahuasca | Dr. Jeff McNairy on The Mikhaila Peterson Podcast #19
xRGkr0LGZDA How We’re Breeding Narcissists | Russell Peters & Jordan Peterson - MP Podcast #84
xbIPC6K0D6o Life Changing Productivity and Life Hacks | Chris Williamson on The Mikhaila Peterson Podcast #8
xwSswRaBwlc Practice What You Preach & the Human Experience | Aubrey Marcus on The Mikhaila Peterson Podcast #1
yYnMUcERov0 Jennette McCurdy on The Mikhaila Peterson Podcast #39
zdc7IwZuCkE What Is Biohacking? | Dr. Olli Sovijärvi on The Mikhaila Peterson Podcast #35
