--5OW5yb-tg Riddle For Genius - When Does The Thief Tell The Truth?
--mxW3jDlGk Counter-Intuitive Probability. Coin Flips To HH Versus HT Are Not The Same!
-3T_NtTXx2A Challenge For 13 Year Olds - How Tall Is The Bottle?
-DkXXOGtVDU The Train Fly Problem - A Classic Math Puzzle
-ZbTP_IPDyA Breaking Bad Game Theory Part 3 (Tough Guy)
-etLb-8sHBc Can You Crack The Code? \
-hWatSku5v0 What Is The Area?
-lzSOZ35ciA Only 1% of people pass this logic test
-q6GkjyRM50 Math Magic Card Trick - Rolling 3 Dice
-rbozrj9poo Logic test - how many passengers in carriage 9?
-sGD3gSrTgY Math Puzzler: Can You Make A Rectangle With One Cut?
07Abat5iBbw 9 - 3 ÷ 1/3 + 1 = ? The Correct Answer (Viral Problem In Japan)
0Ai9ygHu3L4 Solving An Incredibly Hard Problem For 15 Year Olds
0SZw8jpfAk0 How To Multiply Numbers And Algebra Equations By Drawing Lines
0XZ6jMpwMm0 A Curious And Fascinating Geometry Problem
1-Bf0vc2gpA Oxford's Tricky Triangles Admission Question
1-yUywZQUIw Solve For The Radius
10t24FC0CE8 How Old Is The Father?
18Selu6pYU4 Can YOU Solve It? This Question Stumped 75% Of PhD Economists
1EkoaQJyrfk How To Solve For The Radius. Challenging 1970s Math Contest!
1IFM1ngwEb0 Counter-Intuitive Probability Problem: The 3 Cards Riddle
1WDVnOfvXKs Can You Solve A Maths Competition Problem From The UK? Factorial Fractions
1blX50Pe5bs Guess Your Age And Shoe Size - Why The Viral Trick Works
1gLtZ-6ZFzQ TRICKY: How Many Cigarettes Can You Make From 1000 Butts, If 5 Butts = 1 Cigarette?
1irvvZzbJkU \
1lHDCAIsyb8 What Positive Number Doubles When The Last Digit Moves To The First Digit? Riddle For \
1uEgvF5Xfe4 Lune Of Hippocrates - Famous Ancient Math Problem
2H8BncOEjHY What's The Fewest Wins Needed To Make The NBA Playoffs?
2IHtrEn-kqQ There is a ridiculously easy way to solve this Olympiad qualifier problem
2Seb863FnfU How To Solve This Viral Math Problem From China
2TAO_DXeWv8 How To Solve 17 x 23 Quickly - Investment Bank Interview Question
2TBQiV3onNU How tall is the fountain?
2Ub7cYtH-aw \
2cj5UanM5qA Test so hard that students started a petition
2h9lXJfi_jk Fun fact: baseball's home plate is an impossible shape!
2jrDF3WnBvo Adults Stumped By Homework For 7 Year Olds!
2pxtepwIQGc Why Group Texts Are Annoying - The Mathematical Reason
2yeEmqUfI6U When Is Cheryl's Birthday? Answer To Viral Math Puzzle
3-637-6cRdc How To Solve The Overlapping Squares Riddle
37PC0bGMiTI Ultimate Tic-Tac-Toe: The Rules
3LOCUgquM7M An Amusing Paradox Most People Cannot Figure Out - How Did 1 Line Vanish?
3QMoJVHutw8 \
3Ze-59CxFbE The smartest students solved this by thinking of pizza
3ZzvdXqhtuI Math Homework For 6 Year Olds Stumping Adults
3ajPlP78HLc Oxford's sum of sines interview question
3jnbBVpOf40 A tricky problem with a \
3li7oYhynDw Mathematical Card Trick ALWAYS Works - Red And Black Cards
3xXyauro_kc What's The Fewest Wins Needed To Make The NFL Playoffs?
4FNCIYD8HdA Solving An INSANELY Hard Viral Math Problem
4F_FVwAfX0I When is n² + 45 a perfect square? Can You Solve It?
4GSV6-5Rt-I How to Win at Sports Betting Guaranteed
4RrsQAplSmI Moving Faster Than The Speed Of Light? Special Relativity Velocity Addition Formula
4SaZxD2MYts What's The Best Soup Can Size? Solved With Calculus!
52g-Ec4g18c I Will Read Your Mind - Math Magic Trick
556JVbYDJMU Mind-Blowing trick to solve sums
5IwV4AMfe84 Crocodile Maths Problem That Stumped Scottish Students
5NxrGK9GdAQ When Is Christmas? Mentally Convert Date To Day Of The Week
5UQU1oBpAic Can You Solve The Chess Competition Riddle?
5WobZFlPWVk Challenging Math Problem That Will \
5ZVTktFT1t4 Can You Crack This Code? What Is 128 = ?
5dTJHrLgu1g A question from India's hardest test
5vhklRWogzo How To Solve For The Angle - Viral Math Challenge
6Akh2ngOJf0 So that's why it's called pizza...#Shorts
6AwfRXKvGsM A Golden Answer
6F6hw_U-AX4 A meme that is actually a good math problem
6JvTnvyO3cU Why You Shouldn't Deal To The First Ace To Pick The Dealer In Poker
6K_j4Cj7mVo Can you solve the inscribed triangle problem?
6QSS3J1rm64 The Four Color Codes Logic Riddle
6bialmEp4Xk Only 7% Could Solve This 8th Grade Problem
6pHgFqWSgWs Can You Solve A \
6qm2fCGfbNM Gangnam Style Broke YouTube's View Counter - The Math Details
7E3Sq6EHANY Miraculous Solution To HARD Test Problem
7FVs9Ep-ZdQ Can You Solve The Birthday Candles Puzzle? By Professor Henk Tijms'
7UopU0mS0Pw One Of The Hardest Test Questions - How To Solve It
7XFzuVJJKyM The angle between rotated squares
7ZLNvoDKFAc A Simple Puzzle Stumps Many Adults. Can You Solve It?
7_zC9JXHJGI Adults Stumped By Maths Questions For 15 Year Olds. Can You Solve Them?
7fZ-R7npXqw What is the area of the tilted square?
7iNwyqeEH6Y Secret Santa SURPRISING Probability Result
7iZ1TlqcqVc Calculate When New Years Occurs (The Day Of The Week) Until 2099!
8A8LTptgpGU Lattice Multiplication Explained - Math Animation
8DFzBL8-Igc A fun little intelligence test
8EITLJf1nug An \
8GnyjbUj-eE What Is The Area? HARD Geometry Problem
8XLEI9Phx3U Only 6% Solved This. Can You?
8mlH9bnvWVE How Closing Roads Could Speed Up Traffic - The Braess Paradox
8t1kkXYb8Ro A surprising appearance of pi! The rectangle ratio problem
8t7z-K1_oaI A kite question from one of India's hardest tests
8vODMR9m_Uw When is the candle half the height of the other?
8vkQ85kTVm4 Can You Solve The Code Lock Riddle? A GENIUS Math Shortcut
9EU3FlKj-3M How Many Triangles Are There? Learn The Formula For Any Size!
9HH6D5oM9hc A Super Hero's Solution To A Challenging Problem
9PVcTdSlGBA How To Solve The Pythagoras Pie Puzzle
9YZPUZS8IXk How To Solve Viral Facebook Intelligence Test (6 + 4 = 210).
9cjz4A2Kiw8 Solve The Rubik's Cube - The Final Layer (Part 5/5)
9dyK_op-Ocw Incredible Factorial Problem!
9fZB4s38Ygg The 3 Jugs Riddle
9qYukRVbO6Q And It Magically Simplifies!
9tieoNIdllM Can You Solve The Number Of Children Riddle?
9xu4eHYWp4k \
A5-Q2GdD5xw How To Solve The Alien Extinction Riddle - HARD Job Interview Question
A8aMJw6fY3w Two Grade School Math Questions Stumping Adults Worldwide Right Now
ABj3IC9pYlQ How to solve the \
AKH85K_rcDg The \
ALqPQSrSVks A 16 Year Old Discovered This AMAZING Geometry Hidden Pattern. Pascal's Theorem
ANR4g0lPrEQ The Pythagorean Theorem FAVORITE PROOF
AVUj7O0Uljk Can you solve this hard logic puzzle? Who lost the 4th game?
AZR2ND4l_5Y HARD Puzzle: Can An Integer Polynomial Connect (1, 3) And (3, 2)?
A_ynXxMOW-0 A Controversial Viral Puzzle - The Correct Answer Explained!
Aawsn6Z346o Can You Divide The Shape Into 4 Equal Parts?
AvvWG_PX19c Solution to The Marble Color Puzzle
BBT-XbNVB28 How To Perform The 5 Card Reveal Magic Trick
BPRueCu3fXU Homework From China: How Tall Is The Table?
BXSfcu7w2SM Viral Math Problem \
B_yNI3gAHNk How To Solve The Area Of A \
BbITele7neA How To Solve Amazon's Red Ball Lottery Interview Puzzle
BeuLmUjPFsk Hard Geometry Problem - Contest In Switzerland
BfZObnTIsYk Solve this integral in seconds! Question from India's hardest test
BgrWHOocYZA How To Solve For The Area - Viral Math Problem
Bt5uwmOa_pc How To Solve Bloomberg's Random Seating Interview Question
C337LdAOtYo Square In A 3-4-5 Triangle Puzzle
C6emQS14Tbk Three Runners Puzzle
C7A3uFC76G0 Simple Problem STUMPS PhotoMath! Can You Figure It Out?
C7naSQUVm3M The Walking To School Riddle
C8M_ErBgCV8 A very challenging question about fractions
CFhFx4n3aH8 A Classically Hard Geometry Problem
CJGe7FiLkoY Only \
CK-KJTrwbOM When Does Fahrenheit = Celsius?
CKt8GKvIX2Q SHOCKING DISCOVERY - A Dollar Equals A Cent ($1 = 1¢)
CZ0pELTBsRQ Proving e = 2.718... Is An Irrational Number (3 Methods)
CZKD7rffF0M The ladder and box problem - a classic challenge!
C_nV3cVNjog Can You Solve The Problem That Inspired Probability Theory? (Problem Of The Points)
CaDkq0M2v-4 Working through a 200 years old Cambridge Exam problem!
CcIas0e1Y4g The 50 Cent Riddle That Stumped Australian Students
Cd-8trV5ODs How To Solve The Shape-Shifting Triangle
Ce64D_yGDvY The Length Of A Spiral (Helix) Of A Cylinder
Cjf_Mj29uLo The Cats And Random Mouse Riddle. Tough Problem Solved With Markov Chains
CyOhrcZsXmg One Of The Hardest SAT Math Problems - Can You Solve It In 2 Minutes?
CzRJthg0mz8 A trick to solve the area in seconds!
D0XJeWw27z4 How many numbers do you see? #Shorts
D3hWpU4Pdvg How To Solve The Secret Word Logic Puzzle
D6q-26n2Oug The Seemingly IMPOSSIBLE Guess The Number Logic Puzzle
DAsjIBfGp7c What is the blue area equal to? The blue slices puzzle
DEG3XVcmakA 1000 Euro Question!
DFPOUmdMJ2w Clever method to solve a tricky geometry problem!
DNUqhfvtSgM Great 1957 Math Problem - How Tall Is The Tower?
DNmWtINlkhw The Viral Balloon Puzzle - The REAL Answer Explained (Using Ph.D. Level Math)
DOISjFviqkM A Problem WolframAlpha Didn't Solve, But You Can (615 + x^2 = 2^y)
DPzGqRDz_Gc If 9 spheres fit in a cube, how big is each sphere?
DRmS8VAYMnM A very tricky interview question: the rectangle in a triangle problem
DUop79ZKxmc Multiplying By Lines (Advanced Examples)
DWPIQf4HaW0 A tricky exponents problem from the UK
Deuxdgp2Paw Logic Puzzles From The Tonight Show, 1982
DmP3sFIZ0XE \
DmjA7j3caAQ What is the measure of the wedged angle?
Ds8ijPsg26g How To Calculate Cube Roots In Your Head
DyQjxsQ9DKQ The Seemingly Impossible Triangle Riddle
E0u7eJ7_r0Q Now Available - \
EBbtoFMJvFc The Quadratic Formula - Why Do We Complete The Square? INTUITIVE PROOF
ECHpJueKN7c Challenging problem given to 12 year olds - square in a quadrant
EM6tNa1Xk-E Can You Solve The Diluted Wine Puzzle?
ETb6MqCAo1Q Can You Solve The Race To December 31 Riddle?
EZSiQv_G9HM AMAZING Formula For Pi (π) - The Wallis Product
EbIqU_jzinA The challenging 7 squares geometry problem from Vietnam!
Exjb0msYYTo What Is The Area?
F-I-BVqMiNI The 80-20 Rule Explained (Pareto Principle)
F6SWK3Vx9M0 What Are The Odds Of A Perfect NCAA Basketball Bracket?
F6eA93n8ZRc An incredibly difficult viral math problem!
FJQKO_bq2FA The incredible uʍop ǝpısdn equation - math ambigram
FMYKfATSnoc I Can Guess Your Card - Why It Works
FPeFvs_GkC8 Piers Morgan Stumped By Simple Math Problem - Lady Karren Brady's Twitter Challenge
FRWbwOboCoo Many Adults Cannot Solve This Problem For Kids - The Fair Sharing Puzzle
FSeXoq_DR3g How To Solve The Seemingly Impossible Escape Logic Puzzle
F_kt51Qj1RI Counter-Intuitive Probability Puzzle: Random Walkers Meeting On A Grid
FaxAClz4H7s Only 30 Percent Of Advanced Students Solved This
FvWVZEK2_ro When they try to trick you in calculus #shorts
G5bBBMF2Saw Can You Solve The Boys And Girls Painting Rooms Riddle?
G7PYNi2Ovx8 What is the area shaded in green?
GGYLSNX09CU 90% of the world's top students did not solve this simple problem
GIOAG0SO0VQ How To Solve The Rectangle Length Puzzle - Think INSIDE The Box!
GJkoxJlLmWY Burger King offered free food if you could solve this
GTKH1Lg8x8E Why It Works: Quickly Square a Number Ending in 5
GXCdFgPqdFI BuzzFeed's Math Fail - The Cookie Math Problem Is Wrong
GYFHMD_ja7c The Seemingly Impossible Missing Book Pages Puzzle (From India)
GZnbclRf4wo Can You Solve A Cambridge Exam Question? Math Problem, 1802
GbQQcrwYHt0 Evil Geometry Problem
GlE8I19atYA How To Solve This Quickly (2 Minutes No Calculator)
GuqcnrtdUCc Can You Solve The Missing Sock Puzzle?
GzF5EcK8Wvw A 20,000 dollar question!
H2pOGseqQLc You Are A \
HF1vUuZDCTk Why It Works - Multiply Two Numbers Between 11 and 19
HK-8l92Mm78 The Incredible Missing Number Problem
HQc-54hQ8kw How To Solve The Hardest Easy Geometry Problem
HdBX-Hn2uYo How To Solve A TOUGH Interview Question - Ways To Give 11 Coins To 3 People
HeOrcxxjO0Y HOW SMART ARE YOU? 80% FAIL The Dance Club Line Logic Riddle
Huku6AG8O3c Adults are arguing about the viral horse riddle - the correct answer explained
Hwl4TLZRfrQ A tricky fraction question from India!
HzQRyhf0lyA How To Solve \
II56oLISDsA Number of solutions to this tricky equation?!
II61QgawnYQ WOW! A Most Amazing Answer
IPKuGk_yjPg Now Available - The Best Mental Math Tricks
IQd1oDsHVSc \
IRC7_Uv72iI How To Solve The Chameleon Riddle
ISSFVWneiJg The Velocity = Position Puzzle
IU_vEqScFJc A Clever Solution!
IaHPGnBsTV0 This Is Not Impossible! Solve For The Triangle's Area
IaQwWINzjtA How Crossed Ladders And Working Together Problems Are Related - The Harmonic Mean
IbNORo450e8 Game Theory: Why Cherry Picking Should Not Work In The NBA
Iir01CbhDls The Day After Tomorrow Is Yesterday Riddle Explained
J-X9IiaOxG8 Can You Solve The Hardest Problem From The 2019 HSC?
J8FXs_DQuPw How to say \
JE6SA7hglw8 Teresas Daughter Is My Daughter's Mother - Viral Facebook Logic Puzzle
JK9uyUKBuEw Clever Logarithm Problem
JKtooOjgINY This Is NOT A Trick Question. The Famous Snowplow Math Problem
JNId5NmvvHg How To Solve A Test Question That \
JRqkPE8ew40 What Is The Area? Challenge From Croatia
JYSI4BXG00c Dark Knight Game Theory (Part 2): Joker Mob Negotiation
JhCIkNtFIZ8 Counter-Intuitive Probability Puzzle: Will It Rain Forever?
JjeNtNLz5Xk Can You Solve A Scottish Math Exam From 130 Years Ago?
JrOG1tKAatg Can You Solve x^x^x^... = 2? Infinite Exponent Tower Trick
Jt7dH0mXGUU Viral in China - Exam Problem Stumps US Teacher
K3wYAGNmWJI Sum Of Angles In A Star - Challenge From India!
K5Sgc3UdjoM Breaking Bad Game Theory Part 4 (Breakage)
KAuMbVSVXII What is the largest cone you can fold from a circular sector?
KCT_DhnIp9E How To Solve The Mislabeled Apple/Oranges Interview Question
KEH1KtZ2eWk Homework In China Stumps Adults - The Flower Algebra Problem
KF4fDYAdrZg You are a genius if you can solve this division problem
KHLnnPix5aY Can you figure out my mystery number?
KXOjtmNUSH0 Can You Figure Out The Special 6 Digit Number?
K_MckZc8VvQ Can You Solve The 21 Flags Game From Survivor?
KcjGe5a7Lwg Proving Pi Is Irrational - What You Never Learned In School!
KfNRArPXCjw Can You Solve The DIE HARD Water Jug Riddle?
L04Rux3FDuc If you stack 3 cubes, how long is their diagonal?
LINriC_R_bY What is the volume when you fold this into a box?
LWPOlZBXtD8 5 = 3 + 4? The Staircase Paradox. Spot The Mistake \
LZGYDwjUwBI How To Solve \
Lhb1AB3pti8 A Beautiful Problem (IIT Test)
LjG1aknZBf8 A Tiny But Not So Simple Problem - What Is The Unknown Area?
LmPAcs5RUMM Why Facebook Invented A New Time Unit Explained With Math
LmVt_KiyDC4 Incredible Math Discovery They Don't Teach You In School
LrEZgcM_dB0 A challenging sum of cube roots problem
LyyHt7NfBxI One Of The Hardest Puzzles: Can You Make 24 From 3, 3, 8, 8?
M0p4i444wrs The Wind Chill Formula Explained
M2-_RbnTvwo Solving HARD Olympiad Problem With A Neat Trick
M3NQE0BaAQw Can You Solve The Marriage Logic Problem? 80% Fail
M8DrWjEo3IE Adults Stumped By Geometry Problems For 10 Year Olds. Can You Solve Them?
MBUdaAz11V8 A Clever Solution
MFnOaaXwOJk Legendary test question - π is less than 22/7
Mdqt5EknXBg Can You Solve The Dice Rolling Drinking Game?
MvA2QP5r9Xw What Is 0 Divided By 0? Why You Can't Divide By Zero
Mx0x7MoN4qw HARD Logic Puzzle - The Seemingly Impossible Counterfeit Coin Problem
N-rsAGbk26o 48ི(9+3) = ? Mathematician Explains The Correct Answer
NB8dr9FjuxQ HARD Geometry Puzzle In The Simpsons
NFpsuIaHGQs A good isosceles triangle problem
NGztSAt5kGQ Solve The Rubik's Cube - Move Notation (Part 2/5)
NM91QI2uUqI Solving Facebook's raining in Seattle interview question
NRQVFJdZTi4 How To Solve Google's Car Probability Interview Question
NalDbjj2bL4 Can You Solve A Problem That Stumped A Math Major? The Ratio Of Areas Of Squares
NhB3NVwpmF0 When will my investment double? Rule of 72
NwRC3bRhw9c Solutions to Two Puzzlers About Drawing Lines
NzhXipwiz_E A $20,000 scholarship went to the winner (2017 MathCounts Final)
O1xfxWIWE_k A very tricky geometry problem: wrapping a semicircle with a quadrilateral
O268iyVaSCA Dark Knight Game Theory (Part 3): Boat Scene Prisoner's Dilemma
O2O_Z1Nhtw4 MATHS PROBLEM STUMPING THE INTERNET - Bananas, Clock, Hexagon Algebra Problem Solved
O8KLH8nfJO4 Can You Solve The Square Inside 4 Circles Problem?
OGOzKu33zaI Can You Solve A 1st Grade Math Question From Hong Kong?
OLJDnpWr8TY \
OOzzncDp2oE How To Solve Elon Musk's Favorite Riddle - 1 Mile South, 1 Mile West, 1 Mile North
OPm1G2jHtuY Can You Solve The Lying Fishermen Riddle? A Fantastic Algebra Puzzle
OZal6R895VM HIGH IQ TEST: 83% Miss At Least 1 Question. Cognitive Reflection Test
Ocnwk-GHjG0 I WILL PREDICT YOUR NUMBER! Math Calculator Magic Trick
OdjAw4xchSs Tricky test question - maximum probability of a red ball
OgR49veBZjE The Missing Square Illusion
OiPYGr_S8K8 Two Puzzlers About Drawing Lines
OuJQaxZvlYs A Chinese 5th Grader Solved This In Just 1 Minute! HARD Geometry Problem
P9pHb3Qi_jk 5 Google Math Tricks They Won't Teach You In School
PAslxl1nIT4 Seemingly Impossible 7th Grade Math Riddle - The Coded Table
PDWPnK6pjrw A special math puzzle for Valentine's Day
PDmn6_X6xII AMAZING CIRCLE ILLUSION! Optical Illusion Explained With Math
PJHSX1F2D5U Killer Problem With A Golden Answer
POMX80Q11O0 When A 17 Year Old Proved The S.A.T. Was Wrong
PQZonEZ8usM Leonardo da Vinci's formula for a circle's area #shorts
PVFwUGE6mBU Solve this logic puzzle to get into Oxford
PWP_3yIfUCo Can You Solve The Math Riddle From The Movie \
PWWHtL1H8-M What is the overlapping area when you rotate a right triangle?
Pb7N6wqhjhg What is the rule? Challenging question for 8 year old students
PgKmstECld0 Proving pi is irrational (using high school level calculus)
Psld90n9eDw Can You Solve This Grade 12 Geometry Problem From Australia? The Marshmallow Chocolate Puzzle
PwiRVHoA8MA Only A Mastermind Can Solve This
PziKimOJ7Yg Length of an elastic band around 3 circles
Q1575oHNYRo Students In China: Solve A Math Problem For Internet Access!
QAMXSU40ZgA Can You Solve This Infinite Fraction?
QC1buX8hyY0 14 year olds in Taiwan had to solve this tricky cube problem
QHEGmJCN428 This is surprisingly hard for most students. 3 ways to solve it
QHSeOizSvjc \
QSmPrDSVLEU Make A 9x9 Magic Square! Learn The Ancient Chinese Algorithm (Lo Shu Square)
QhDDpSju3uY What Is The Factorial Of 1/2? SURPRISING (1/2)! = (√π)/2
QlC8tCWpts0 The Best Way To Arrange Eggs Mathematically!
Qowj2ImMvng How To Solve The Viral Matchstick Puzzle 6 + 4 = 4
QpLVbVWpQRc Can You Solve The Viral 9 = 72 Puzzle? The Correct Answer Explained
R7fh854CGk8 Solve For The Red Area
RI2p-e7dL3E How To Solve Oxford's Ladder Interview Question
RL6LiQy3Y6g How To Solve An MIT Entrance Exam Problem, Algebra 1869
RRS360WUUK8 Trick to convert kilograms and pounds. #Shorts
RSmZRLqkcsM A simple logic test many cannot pass
RTaQ3FH2W_A Why Mathematicians Love 69,720,375,229,712,477,164,533,808,935,312,303,556,800
RY7YKSw1t_M Insanely Hard High School Math Question - Online Math Olympiad Apple Tree Probability
Rf_SxVjMEV4 A nice sum from France solved in 3 ways!
Rjo-PcrKrB0 Looks Easy But Is Insanely Hard
Rm-xMzXMiPU The smart way to multiply numbers in the 90s
RnVWcg1dOjs Can you solve this difficult logarithm sum?
RuxhwBeTgM8 A Surprising Answer!
Rv7AucJRJis Can you solve the cornered circle problem?
RyopsLGC0u0 8 MIND-BLOWING Optical Illusions - THESE ARE ALL STRAIGHT LINES
S076Per84Js Taking Apart A Rubik's Cube And Re-assembling It - Part 1 Solving The Cube
S9FGhvosZf4 Can You Solve These Matchstick Puzzles?
SGUZ-8u1OxM \
SJfdbD2uaBg Can You Solve The Rabbit Race Logic Puzzle?
SYCRyH_-3f4 Answer To 1st Grade Math Question From Hong Kong
SkP2VBzgpKA Can You Solve The Three 3s Challenge?
Snkd7xPIjWg Solve For The Radius--A Challenging Problem!
Sz6--UpmxSw This puzzle stumps adults, but kids can solve it instantly
TCBP-SHdUnA The Answer Is Too Good
TEeN1UA1e-8 Solve this to get into Oxford - Coin flipping question
TFhKK6bWcYE What Is The Average Distance Of Two Points On A Circle?
TGukPgViEkg Counter-Intuitive Probability: Can You Solve The Pair Of Aces Riddle?
TH4NqXLBD2w MATH MAGIC TRICK - The 5 Card Reveal
TJCGTNIwmv8 The Prisoner's Dilemma Explained in 2 Minutes
TJyC77k8d54 HOW SMART ARE YOU? The Stolen Bill Riddle (Viral Math Problem) - The Correct Answer Explained
TLgtsoc1HGs If only schools taught this, math would be even harder (but maybe more fun) #Shorts
TOLCYwc4O0w The Best Mental Math Tricks - New Book Available Soon
TOf35SRT1A4 What is the area? A nice problem from Singapore
T_5DyM0NWw8 The HARDEST Logic Puzzle Ever (Simpler Version): Two Doors To Freedom Riddle
TlgGVb_o8co How big is the yellow circle? Understanding circles between rays
TpTRz0AmomU The Stable Marriage Problem (2012 Nobel Prize Economics)
Tu6h_5S64wI An evil geometry question - the 6 rectangles problem
UQnBGm1aLjY How To Solve The Probability The Newborn Is A Boy - HARD Interview Question
URcUvFIUIhQ 6ི(1+2) = ? Mathematician Explains The Correct Answer
UepJT8vT0YY A 10 Year Old Discovered This (Sum 1 To 100 - Based On True Story)
UlZSFIXsvD8 Solving an incredibly hard problem with a Russian nesting doll analogy!
UpS9VdY7Nxg A test question that stumped many students!
UsStBxY9STw Calculate The Day Of The Week For Any Date Until 2099
VGC5RzCNr4k How To Remove Moisturizer From The End Of A Bottle
VO4QElbHv-0 Can you solve this tricky sum from Indonesia?
VT76IaPudsI 90% don't know this math secret - how to multiply by 11
VU9KenfPgo8 Can You Solve The Train Length Puzzle?
VWJvnlIJsPQ \
VeOJczNso30 Breaking Bad Game Theory Part 2 (Thinking Ahead)
VkRYjSa3BlM Can you make a rectangle from one of each? Why or why not?
Vz0XeWg37II Mental Math Question Asked To The World's Hottest Math Teacher
WTzyd3e107Q SHHH! A Secret Code In Book Barcodes
W_TOq0zs6KM Can You Solve The \
WiB2_dXSSMg This Problem Stumped Vietnamese Students - Solution To Viral Puzzler
Wl5UTB_HVLg How to solve a clever sum of sums problem
WrPOMtJn8cU This Matchstick Puzzle Is \
X6C5hGpWW5A Oxford Admissions Question (No Calculator)
XCUD-4J2aZY \
XM1NNRNmZ6c \
XdT6cXH5YdQ The Marble Color Paradoxical Puzzler  (Monty Hall Style Problem)
XdZqk8BXPwg The easy way to convert decimal numbers to binary (base 2)
XqdYs1f6G0M The Rectangle Area Puzzle - The Trick To Solve Without Formulas
Xrx8oa8NeXI Viral Puzzle - Students cried after an exceptionally hard exam!
Xv2eiSfLyZw A Seemingly Impossible Car Riddle!
Y-qeXUXTiIM Math Puzzler: Optimize The Fence
Y-rQlADuhso A very hard admissions question in India
Y6caQ_8_frU VERY HARD South Korean Geometry Problem (CSAT Exam)
Y8sUJsMmkPo Could You Get Into Stanford? Admission Test From 1892
Y95ho7kQ-sw Solutions to 3 Matchstick Puzzlers
YCjU8byxT_o Solve The Rubik's Cube - The First Layer (Part 3/5)
YFkJQyDPYmY The \
YGyR4UiMRpc What Is The Square's Area?
YZ23xjcdTfs An incredible semicircle problem!
YapEnAS-kIY What is the sum? The answer is \
YhkvOwGmgg4 The answer is surprising and strangely satisfying - Euler's constant e appears from nowhere!
YmOsDTczOFs SECRET Pattern In Popcorn Popping - The Normal Bell Curve
YqbZbgWUr84 Counter-Intuitive Probability: Loading A Dice Puzzle
Yqe3XAfBvNM Does 1 Beer = 1 Glass of Wine = 1 Shot of Hard Liquor? The Math of a Standard Drink
Yughel1X4OU The Media Got The Math WRONG - The Golden Ratio
Yy1EV9XCbtw HARD geometry problem from Mensa's puzzle magazine
Z-rqRQ3KVlU The Chord Progression Puzzle
Z0Ul4dtH050 Math Trick No One Taught You - The Stacking Multiplication Method
Z2bRJRIC8Nw The Friendship Theorem - You Always Have 3 Friends Or 3 Strangers At A Party
ZB0IFCmtphE The Perplexing Integral Of (sin x)(cos x)
ZGWZM8PcUlY Can You Solve The Knight On A Chessboard Riddle? Math Olympiad Problem
ZJq9tQkj5dM An unexpected solution #shorts
ZKvEFZbmp7M Dark Knight Game Theory: The Robbery Scene And The Pirate Game
ZXO3jwV0nl0 Puzzle From A Math Teacher - If AAA + BBB + CCC = BAAC, What Are A, B, C = ?
ZYZoCSPmNf8 Game Theory Tips For Your NCAA Bracket Challenge
Z_MG30e1UFc Merry Mathmus
ZbXb5jy-NQ4 Challenging homework for 9 year old students
ZiauQXIKs3U The Braess Paradox: How Closing Roads Can Speed Up Traffic
ZtQ-ZcuoJFQ A geometry question that teachers love to ask
_2lzv41RksA Viral Math Problem From China - How To Solve With A Simple Formula!
_4k9GwA5LwM \
_Cf9e3r3o8s When a math genius misses an easy question #shorts
_HH7AJ81FDI Math Riddle From A Kenyan Bank
_I7uGjDJ0lM Delightful Geometry Problem
_JetDMSfWtg Solution To Puzzler 4 Equal Parts
_LdjcsLzLlk What Is The Rectangle's Area?
_N78vtjBB9Q My favorite word puzzle - only \
_RWsx9gU_XI Solve this to get into MIT. 1876 admission test question
_St8gcqPB7E A Math Problem That Even Geniuses Get Wrong
_WweAEdgH4Q How mathematicians multiply numbers with lines. Math class with Sia - Chandelier. #Shorts
_XfwJM1-FCw A Circle With 4 Squares
_gTClIbHreI Problem-Solving Trick No One Taught You: RMS-AM-GM-HM Inequality
_rwqs5Ol8g0 The Math Equations In The Simpsons Futurama Crossover
_vsLvOVafwA Game Theory Puzzle: The Race To 15
_z_qz8GUsy0 Can You Solve An MIT Test Question (in 1869)? The Order Of Operations
a0rCBKsLoBc When Are 10 Tails In A Row A Statistical Certainty? Fixing Mark Rober's Calculation
a5mrvScWM8Q Competition Math Shortcut: Solve For This Special Triangle's Area In Seconds
a7q3AJXeFuc Can You Solve Homework For 10 Year Olds In China?
a8xEFGljdnc Can You Solve It? Avoiding The Troll Probability Riddle
a9u1pjsfJDs A nice chord problem from Bangladesh!
aCsZsFt7Pwg Calculate BMI - The Body Mass Index Formula
aHBbo8Wb4MA World's Toughest Riddle Explained
aPFIRrXIL2E Sum of cube roots of a cubic's roots
aQsb5jfqSYo What Is The Length Of The Square's Side?
aRUABAUcTiI 0.999... Repeating Is Equal To 1, But Something Like It Is Not (Introduction To The Surreal Numbers)
ah7hwQgJ_zE How To Solve A Viral Facebook Math Puzzle. What Is AB = ?
ai3usuaGOvw Counting To Infinity And Beyond On A Chessboard
aimzQNOkGE4 Tricky Test Problem - How To Solve In 2 Minutes
amLDMD8KPzQ What Is The Length Of The Side?
amsQqss_Y4E Can You Solve A REALLY HARD Calculus Problem? Circle Inscribed In Bell Curves Puzzle
aqPnuvrm4go Test so hard that students cried - Helen and Ivan's coin question
bBSS2l1zdvA Hardest Multiple Choice Question Ever!
bKqQGISplMo Easy Math Trick No One Taught You - How Ancient Egyptians Divided Numbers
bL5eUQIMaek Multiply By Lines: Why It Works
bUkLjsRXi44 Can You Solve George Washington's Math Homework? (And Abraham Lincoln's Too)
bXuTH8Fxu54 Why You Can Square In Your Head: The Numbers 34, 334, 3334, etc. and 67, 667, 6667, etc.
bYM1wAK9SDg Chinese Math Homework Baffles Internet - Shoes, Cat, Whistle Puzzle Explained
bbKjXKV9QNA Multiply Numbers By Drawing Lines
bcUos5ueOhY The Prisoners Dilemma - The Most Famous Problem in Game Theory
bhMyvC7o97Y How To Solve Microsoft's Rectangle Corners Interview Question
bjjmuOd1fdc Beautiful Pattern In Times Table - Summing The Numbers
bpoPwSxSQew MIND-BENDING LOGIC PUZZLE - The Self-Counting Sentence
bwHnXQ0cygg Legendary time Albert Einstein gave homework help
bxHbMiTTNag HARD Geometry Problem With Clever Solution. The Integer Rectangle
c3RBovxYvC0 A satisfying geometry question - circle exterior to a triangle side
c3xyMp1hJDA See if you can solve this hard Math SAT question
cBPMgLeu3GM THANK YOU FOR 100 MILLION VIEWS! Special Puzzle: Consecutive Non-Primes
cKxn8lUJkto HARD Math Riddle - Can You Solve The Ants On A Cube Puzzle?
cLkQ5Emq8O0 Solving a tricky sum of square roots (Olympiad practice)
cNl7GypEH_A HOLIDAY RIDDLE - In The \
cOcW9SIvP7w What is the area of the ring? Solved in 5 ways, including visual calculus!
cPNdvdYn05c How To Solve Insanely HARD Viral Math Problem
chUlt9CX1oE When you look away in math class for 2 seconds #Shorts
ck5b_8Om0b0 Solve For The Red Area - Easier Than It Looks!
ct_9l70Bf6o Interesting Angle Problem From Peru
cvG77iyFvlU How To Solve An MIT Admissions Question From 1869
cyb20AgH9vQ The Cat In The Hat Puzzle
dC67_zUMoyA Can You Solve A Challenging Maths Exam Problem From Malaysia?
dF67AJH9mjM Killer Math Problem With An Unbelievably Elegant Solution
dLPaDWKMuxU Can you find the flaw in this question?
dPnOI-djLUs Genius Trick For A Devilishly Hard Math Problem - Sum Of 6s Puzzle
dQ8bBzH8hcU Solve for the radius of the three cornered circles
dRl9cnckgYE Which Is Faster: Run Half The Distance Or Half The Time?
dSPYblhjAss Incredibly Hard Puzzle 8 - 4 = 61
digoW9eIMw4 Divisibility by 11 rule
dnE21hUXi-o Incredibly difficult matchstick puzzle #shorts
dx2ZdHlPjKA Can You Solve The Cat, Fish, And Bird Riddle? This Algebra Problem Tricks Many
dz5czSY_RfM Solving NASA's Emoji Puzzle
e7-fHynqv9c Octagon Cut From Rectangle
e74VYI3Jeo4 Can You Solve This Logic Puzzle?
eEao6-F7fz8 Always Remember Your Times Table (6 to 10) Finger Multiplication  - Why It Works
eMhIHiI3fHo Simple problem confuses the internet. #Shorts
ePIKlri8FYg Can You Solve This? Infinite Radicals
eW5QKgpOu1Y Great Problem From Test In India - How To Solve It
eY3AgclKBIA Many students cried after taking this exam in Malaysia
eb7490j5hPM Can You Solve The Magical Pond Puzzle?
emzh-2i_Fzk Probability Puzzle With Clever Solution: Increasing Lottery Numbers
ez-0jkLqMpI \
f38QCE-SI8A Can you solve the sum of squares problem?
f4dA4BTv7KQ How Game Theory Solved a Religious Mystery
f7rRi0EUHiM I Will Predict Your Number - Math Magic Trick
fDqxRFbqCvk Can You Find The Easy Answer? Learn The Brilliant Trick!
fIWuebjhyaE Impossible Viral Problem
fLwFuLuh6p0 Can you solve this fiendishly difficult math problem?
fQl040dANZw The Wrong Way To Reduce Fractions. But It Works Sometimes
feHYG4Bm8jA Beautiful visual proof circle's area = πr² #shorts
fhwFQwOStYA How to remember pi #Shorts
fljbRIyzGms The Viral Equation Breaking The Internet Right Now
fpdIdtYg4YE Can You Solve This Problem For 12 Year Olds In Singapore? 4 Overlapping Circles Puzzle
fumuiX0nUK8 Find the area of the middle rectangle
fyv1i2YbNt0 Math Problem From Marvel's Agents Of S.H.I.E.L.D.
g0WEwGzyKwI Divide Numbers By Connecting The Dots
gAPNzzeNWZg Solve ABC = A! + B! + C! The Factorial Digits Sum Puzzle!
gAVMNd6vagM Impossible NFL Score Brain Teaser
gID_DrMn2hA The Overlapping Semicircle Problem
gTQeVlDsAi0 The \
gVqHAPT8zNY Hungary Math Exam Problem - The Faucet/Drain Puzzle
gYiUfrkGjL0 7 Versus 11 Sided Dice Game - Can You Solve It?
g_w0HxH_dCg I WAS WRONG! The Kite Problem Correct Proof
ga0R82g7Py8 How To Split A Cake Fairly Using Math
ga3YWM87ezw Right Angle In A Quarter Circle
gaDiyWowbUc Hard Problem For 9 Year Olds In Taiwan
geXvJ8doXYI Did You Know 2% Milk Actually Has 34% Fat?
geg76gw_3qc Why was this even on a test?
go3xtDdsNQM TED-Ed's Frog Riddle Is Wrong
guPXj_Ejya4 The interesting sum of three angles problem!
h2VMMlpEtRU Counter-Intuitive Probability Puzzle: Guessing Randomly On A Matching Test
h2vkrxvh76c How To Solve The 6s Challenge
h6Erf5xAHjE The \
hHfmInWdulw What Time Is It? Puzzle From Russia
h_fLW4xlOyA Can You Solve This Tricky Multiple Choice Question?
ha7zFHJjE5M Think Inside The Box!
hvn8-LzqKQo Bazinga! Mathematical Discovery Inspired By TBBT Episode!
i-xqRDwpilM How To Solve Google's 25 Horses Interview Question
i0dZukEw1JY The kissing circles theorem - challenging problem from Indonesia!
i2rDbfhRHok The Magical Fraction 1/999,999,999,999,999,999,999,998,999,999,999,999,999,999,999,999
i4VqXRRXi68 VERY HARD Puzzle: What Is The Distance Between Two Random Points In A Square?
iBMOxcDhLZU This shadow problem takes math to a new dimension!
iI0yzWncjH4 If AA + BB + CC = ABC, What Are A, B and C?
iZG25uBwU7M Slide method of multiplication - a very interesting technique
iszucjbTh5I What Is The Square's Area?
itmwAhBbsng The 71 Puzzle - One Dot Changes Everything!
ivWLZGXmUd4 How can you minimize the sum of distances? Sri Lankan Olympiad
j9PXeNcoagw An Awesomely Evil Test Question And The Game Theory Answer
jSA8T-OC1dg 99% Of People Don't Know This Math Secret
jSKNBtn1pUc A Secret Code in Credit Card Numbers
jUxWThup5mc What Are The Missing Weights?
jqX9nnRiD9g \
jsajsxV4icI Think Outside Or Inside The Box!
kBhrNd0cC-0 Incredible math secret - how to divide by 13 in your head
kKJFTlmuUnQ The Sum of a Geometric Series (Animated Proof)
kMOTGwyoECk 5 Facts You Should Know About Pi (Happy Pi Day!)
kN3AOMrnEUs Why did everyone miss this SAT Math question?
kQ_Nl-OH5oc A delightful logic puzzle from the Stanford Competitive Exam (1947)
kaLiagYuYPc HARD Geometry Problem: Can You Solve The Horse Grazing Puzzle?
kfijuP5HDjU \
kjQvWzjHDCE Magic square from a magical method #shorts
ksWvwZeT2r8 \
kuQCtDYebyo 4 Methods To Subtract Numbers (Common Core Subtraction)
l-PQ-pUVeho How Many Holes Does A Straw Have? The Correct Answer Explained
lDkyQdK2cUE Proof - How To Do Cube Roots In Your Head Math Trick
lIGL6IBz3fE Can You Solve The Three Digit Number Puzzle. A Riddle From Norway!
lJoBOgCfOcA Can You Solve The Three Erupting Geysers Riddle? (Amazon Interview Question)
lORQ_wt2MZY Problem From The Hardest Test - Use A Coin To Simulate Any Probability
lTJydnfGyyk Counter-Intuitive Probability: The Snake Eyes Riddle
lU-hIq2STHk Spin Until You Lose - Probability Riddle
lWIBk2DZszQ Math Puzzle: Area of a Triangle
lZa312pEcTw The Area Of A Circle Formula - Simple Intuitive Explanation
l_ffdarcJiQ How To Solve Amazon's Hanging Cable Interview Question
lcU0vVLyGPk Homework In China - What Time Is It?
lcymefKXvhI Can You Solve The Race To 32,768 Riddle? MAGICAL Solution
lmazSMHDm5E The Seemingly IMPOSSIBLE Cyclist And Motorcycles Riddle
lrND8AeL23s What is the area of the square? The 5 rectangles puzzle
m5G1hrpvnBg Solve The Rubik's Cube - The Middle Layer (Part 4/5)
mEJ-7sqW89c What Fraction Of The Total Area Is Red?
mFs9obDcgf8 What Is The Area of ABC?
mMcU1bOep2I How Predictable Are You? Three Digit Magic Trick
mOxnEn9qWwo Triangles In A Row
mgssIygqFds Mathematicians SOLVED The BEST Way To Play Memory/Concentration (Card Game)
mmIjpcjdnPI How to multiply special pairs of numbers in your head
mqDCiVM5R50 Why do we complete the square in the quadratic formula? #shorts
myzwd9wpx1E Solved On TV In Only 10 Seconds! Trick To Count Rectangles Quickly
n4M-IN9lWBo Solving a viral geometry problem from Twitter
nD9soP3j41A MATHS PROBLEM STUMPING EVERYONE! Fraction Of Square Shaded
nIzJGg6Txfg What is the area when these two rectangles overlap?
nKmuLJ1XyO8 Circle Between Quarter-Circles: Solve For Its Radius
ngUyyFd86FQ The Monty Hall Problem - Why Switching Is Better (\
nsfMtbb6Ws4 111111111x111111111 - Beauty of Mathematics
nxdd24V9BZo 3 Matchstick Puzzlers
o1qiKJfe_3w Magical Triangle - Think Outside The Box!
oERNVMMifec The Game Theory Solver: Solve Any 2x2 Matrix Game Automatically
oLls20X3AqE How Warren Buffett Tried To Trick Bill Gates In A Dice Game
oS8yKLdvVYY What Is The Area? Square Between Two Circles
oUo53pIplhc Are You Shuffling Cards Incorrectly? In A Random Shuffle, How Many Cards Stay In Place?
oV7Kxm3Zr_c How to square numbers ending in 5
oWFRU-ula-A \
oheO0YejMd8 Can You Solve The Diagonal Counting Puzzle?
ojY4y655Mu0 Smartphone App Solves Common Core Test Problems
ol2yX9gwbZg 6 - 1 x 0 + 2 ÷ 2 = ? Mathematician Explains The Correct Answer
ovjXHne5oJM Can You Solve The 3 Consecutive Numbers Puzzle?
owIEEnsMUo8 How to wish Merry Christmas with math #Shorts
owzS0ByHj4A Solving an incredibly difficult problem for 10 year olds!
p1GUHQRUjd8 Can You Solve These \
p2pP1IC6SD8 MindYourDecisions Channel Trailer
p5YjV-100Hc Only A \
pdqkrqHDF7g I Can Guess Your Card
q398AqtTEL8 A Simple Riddle That Nearly Fooled Albert Einstein!
q81fjAYRDo0 Viral VERY HARD Problem For 11 Year Olds In China
qHXsKyVSPOU How Ancient Egyptians Multiplied Numbers Quickly (aka Russian Peasant Multiplication)
qU3XtE1sR2Y Very few know this math secret - how to divide by 19 in your head
qV4yBJsRkG0 A Long Division Puzzler
qX9RIU-FrYk MAGICAL Indian Math Discovery - Numbers 495 and 6174 (Kaprekar Constants)
qaORMFeBkgM Viral Problem - How To Solve In 90 Seconds
qm8a9mUJTuY You are a math genius if you can solve this marble question
qrAgT86UzSU Adults Are Arguing About This 3rd Grade Math Problem
r5BGIi84arY How To Solve This Crazy Equation. Ramanujan's Radical Brain Teaser
rGt1VZ9Yb38 Here we go again. What is the missing length?
rHpG7uC9CKk Change Four Dots To Make This True! Most People Fail
rXIzUtLG2jE How a 17 year old outsmarted the PSAT exam
r_p0-AtRAQU How To Solve The TRICKY 10 Coins, 3 Cups Interview Question
rjhp6X72GcU How Logical Are You? The Irrationality Illusion Tricks Most
rqkxmXBY7yQ Win At Connect Four Every Time! The World's First Online Connect 4 Solver
rwDgfxTulpI Can You Solve A REALLY HARD 8th Grade Math Problem From Russia?
s1yy4RUviNw Can You Solve The HARDEST Matchstick Puzzle? \
s68Mh_3y-Fk An epic limit!
s6Tj59-qJ7Y Math Problem From Russia's Prime Minister
s6qFTfmxndM Only 25% Could Solve This 8th Grade Geometry Problem
sCtN40gp7oM What Is The Length Inside The Square?
sFhBzffSWTE Equilateral Triangle In A Square
sU-zz1wU_9g Multiply two numbers ending in 5
scCfeJhJ2TA MIND-BLOWING MATH DISCOVERY - Multiply Numbers By Lines Rotation Geometry
slc7k-R3ORk Math Magic Trick: Guessing A Crossed Out Digit
ssBzHTHjBgM A nice Olympiad qualifying question from the Philippines
szUH1rzwbAw Counter-Intuitive Probability: Buffon's Needle Problem. Pi (π) From Probability!
tBzuWwkcKzY Can you find the mistake in this SAT question?
tTNdR0U6R94 How to square very special numbers in your head
tUdFJYhqXTI Solve If You Are A Genius. Puzzle From S. Korean TV Show
tXunUuvx6_c Make Any Number From Four π's!
th3iEu20fV4 What Is 7 + 7 ÷ 7 + 7 × 7 - 7 = ? The Correct Answer Explained
tpKeR2EibCc Problem For 13 Year Olds That Stumps Adults!
ts0-abh8Bi4 The 15 Puzzle With A Twist - Can You Solve The Most Popular Puzzle of the 1880s?
tv9HjFyGPgc Can You Solve The 6 Cards Game?
tvjJppmx9Hk 6^2 ÷ 2(3) + 4 = ? Mathematician Explains The Correct Answer
u4cKzGj58q4 Why Are Gas Stations Often Located Next To Each Other? Hotelling's Game
u4wGKkbzFOY Solving Amazon's Mystery Dice Interview Question
uAnS-6nZsN4 Logic And Intelligence Test - Solve For Each Color
uJqbHaFqjmI Solving An Insanely Hard Problem For High School Students
uVXHqZUsLpw This test question never should have been asked
ufrQ2xEH3C4 How Many Triangles Do You See? Challenging Puzzle
ujzQWioEyR0 Can You Solve Abraham Lincoln's Math Homework?
ukUkVaOyI0o Google Brain Teaser - The 10 Puzzle
up3pnMijy4s Solve this to get into Harvard. An admission question from 1869
uyS1cXrsgIg The REAL Answer To The Viral Chinese Math Problem \
v1SfhbRaaTY Only the best students can solve this one
v4N0-Nsm484 Area between three lines problem #shorts
v80jDho0emQ How To Solve The Square's Length With \
v9X1j7DspH4 How to square numbers in the 50s in your head
vD83JsfXq-s Math Trick: Multiply Any 3-Digit Number By 7x11x13 In Your Head
vFwRFTL8vUM LEARN THE EASY WAY: Comparison Shopping At The Supermarket
vGqlWML7q7A A Tricky Geometry Problem Solved In 2 Ways!
vS0n1dIduDM What is (-1)^pi equal to?
vTzmdelrorI X Marks The Spot!
v_qgXp2LT1Y Can You Solve The Poisonous Flowers Riddle?
vab1EbN5eTc Finger Multiplication - Always Remember The 9s Times Table!
vaitsBUyiNQ 8ི(2+2) = ? Mathematician Explains The Correct Answer
vgqUISdGbvk Can You Solve The Mind-Twisting Logical List Riddle?
vhc4FceGjC8 \
vhp3d9XXDcQ How To Solve TRICKY Problem Only 18% Of Mathematicians Could Solve
viK-Od_7hbQ Can You Solve The Sand Mixing Riddle? (Homework For 10 Year Olds Singapore)
voQenvGIcrE Can you solve the two boats problem?
vqpWwgpDs58 The hardest test had this \
vrI3vTQteDo The famous mathematician Euler loved this problem
vtUnHqb_rfw Mean Girls Math Problems And Solutions
vueRSqaGLLI Solve For The Radius- Harder Than It Looks!
vxHrfIom-YA GENIUS Test Divisibility By 7 - Graph Visualization
w25x5AmHJBI Solution To The 15 Puzzler With A Twist
w2ckJU3-Lhk The wrong way but it works. #shorts
wL0Pgh61t6s How to calculate percentages in your head
wXl7zKoR8kk What Is The Area Of This Infinitely Repeating Shape?
weC1pAeh2Do Ultimate Tic Tac Toe Winning Strategy
wje9MLeguRI Adults Baffled By Primary School Math Problem - How To Solve The Lighthouse Puzzle
wjsG2Os0--o How To Solve  Amazon's Pair Of Socks Interview Puzzle
wooVm21j9sc Card Trick To Remember The Fractions Of 7
wvMiJ2t75Oo Pi Day Puzzle: Solve For Each Letter
wvrj8I9s6Yk What Fraction Is Shaded? Challenge From The UK!
wxunzY37zSQ The SATs Question That Made Students Cry
wzchhbrqIBI 60ཱུ(7-5) = ? Mathematician Explains The Correct Answer
x0c_9GFozL0 Four Knights Puzzle
x2Nr-f02AUY Always Remember Your Times Table (6 to 10) Using Finger Multiplication
xBPMoavS5Hs Counter-Intuitive Probability. What's The Chance Twin Brothers Are Identical?
xKjDY1mgeAc Solving a \
xVL9qbnHYrc Impossible Algebra Problem
xX_93cTzM5Y Find The 10 Digit Number Classic Puzzle And Solution
xekvNbqSk78 Make A 4x4 Magic Square From Your Birthday!
xnE_sO7PbBs How To Solve For The Area. Viral Homework Problem From China
xnG4hXv-KLA Trick to multiply numbers from 11 to 19 in your head!
yBW-saaH-PQ Norway Math Problem Seems Impossible, But It's Beautifully Solvable
yBxDB12lqUc Viral Math Problem - Solving Hannah's Sweets (GCSE Exam)
yRWpNRrHtuU You Need A Smart Strategy To Solve This Math Olympiad Game
yWgUoexSYxQ A tricky puzzle!!! #shorts
yZyx9gHhRXM How To Solve The Hiding Cat Puzzle - Microsoft Interview Riddle
yftf3fs9k6s 99% fail this logic test: how many cuts to make 24 pieces?
yiU4vUeWEYM How Much Does One Cat Weigh?
yjyNfjqy0Jg The Square Inside The Square
ytk2JPID3K0 Happy 10 Year Anniversary For Mind Your Decisions!
yvX5Mckk_LY What is the area of the red stripes?
z2P8q4QC53s Can You Solve A Challenging Calculus Problem? The Circle Inscribed In A Parabola Puzzle
z3zjyCZFzDo \
z5zi4OH04NI When the correct answer isn't even an option. #Shorts
z7LhQrZdpIc How To Solve The Two Rope Puzzle
zEeXnK11N04 Breaking Bad Game Theory Part 1 (Vs Decision Theory)
zNjoAzfOVbg Can You Be 1/3 Of A Race?
zPnN046OM34 SOLVE The 3x3 Magic Square Completely - There Can Only Be One!
zUuLgtxKI_4 What Is The Area? A Clever \
zmcL1Ut_A_Y Inscribed Circle and Square Problem
zy5g_m3by8c Breaking Bad Game Theory Part 5 (Blowfish)
