-HbM7rLMWoA How does my message know where to go?
-czOfjfVyTM Quantum astrochemist tries imaging with an ordinary camera
-iL96ucOpRw Machine with Ball Chain - Arthur Ganson
0Q6M4NLTrxY Town and Gown
0a3v8CNNDs4 Who controls the Internet?
0hT-ftS5PHY 2018 — Friday After Thanksgiving Chain Reaction
1RTUcpcZnI4 Barbara Kasten's abstract photos of sculpture and light — Barbara Hitchcock — MIT Museum Talks
2Rov_Lriqvk The Gestural Engineer - an interview with Arthur Ganson
4UJIqoxJmz8 Sneaking onto Campus
4hwLSLM4M68 2015 — Friday After Thanksgiving Chain Reaction
4j07NVyjzHA Worms, regeneration powers, and immortality — Amelie Raz — MIT Museum Talks
4pZXoayEL78 Machine with Wishbone - Arthur Ganson
5FnWX8MigsA Machine with 11 Scraps of Paper — MIT Museum Gallery Views
80qUAtEgzdE What is the Internet?
8JUyZhKPcKo 2017 — Friday After Thanksgiving Chain Reaction
9tXsMtFlXXU Tutorial: Taking Advantage of Camera Settings
CC9XKeNJNcY Directors Panel Discussion, 50 Years of the MIT Museum
Cfng7RWR-k4 Making science visible through photography — Felice Frankel — MIT Museum Talks
CyJ32C9w9Qk Cory's Yellow Chair — MIT Museum Gallery Views
DCELGp_x6rk Tutorial: Beyond the Camera – Image Editing
Gsw3BnO3cy0 How does a search engine work?
Hi8XqQ0AkCg General Impressions
HycjLP45Wxo Engineering design projects that reveal \
I2RwMFaHTL4 Tutorial: Up Close – Macro Photography
IzbEFq9Whi0 2014 — Friday After Thanksgiving Chain Reaction
K3lx96Ed80c Snapshots looking back at 50 years
Koi5qFSHwdc MIT and Kendall
KxCjm7kLy7I Tutorial: Faster Than a Speeding Shutter – High Speed Photography
LJveXVh3d2I Imaging Science 2020 Opening Webinar
MWksMmVBIcs Journey into microspace for art + research
NImEwTYr3LY 2013 — Friday After Thanksgiving Chain Reaction
RQp-timzRo8 Space-Time 1964/2014, by Jorge Otero-Pailos
TAMoeq-5Bko Reanimating Edgerton's Work: Time-lapse, Stroboscopic, and High Speed Photography — MIT Museum Views
Tcw7IvGJG9s Machine with Roller Chain - Arthur Ganson
UVkT59PmRdo The difference between the Internet and the Web
UmeauaH4yh0 Tutorial: Light Modification
VcmT5FH-BcQ Troop 77
VqrMh8qgG2A Documenting the decline of Polaroid and analog photography — William Ewing — MIT Museum Talks
WSLDIKydXdI Microspace artist tries imaging outerspace
Y-xfR5JUBgY How to break the Internet
__GhJl_UQg0 Machine with Oil - Arthur Ganson
a6aicIcQJvc Margot's Cat - Arthur Ganson
atQqJJfWbSY Imaging Science 2020 Closing Webinar
buX2tSw3Dlg An invention that inspired instant photography — Deborah Douglas — MIT Museum Talks
fCqiFTyQ7t4 Cosmic Bell Experiment: Making Quantum Observations Real
fFG-Lk9c2CI Cory's Yellow Chair - Arthur Ganson
hwM5XuOzFnk Imaging the world around us through wildlife and arts photography
i0UMWd8Ij2o MIT Students
ihyYenC8XtE MIT's Neighborhood
k-uCt34bJvM How is a website built?
k18cxfZHjmU 2016 — Friday After Thanksgiving Chain Reaction
k83cahnzdcs Wildlife photographer tries imaging microscopic creatures
kJxbcXtD29I Making the first picture of a black hole — Katie Bouman — MIT Museum Talks
kxs18u4AhDY Five takeaways from imaging at the astro scale
m77IQJbeEEI Using underwater photography to discover and reveal new worlds — Keith Ellenbogen — MIT Museum Talks
nEIbM7WE7s4 The evolution of the Internet
ptrkp3ra8J8 Exhibiting Science Project — MIT Museum Gallery Views
q2uKRuoCtGU Time-lapse: Otto Piene, Cereus, 2008
s3ygihb_Dc4 Spotlight Tour: The Beautiful Brain: The Drawings of Santiago Ramón y Cajal
uQHKvTX7-7g Tutorial: Looking Up – Astrophotography
vm2hSuRyQOQ How is the Internet connected?
wAKtUkDBlKo How Rauschenberg manipulated Polaroid photographs for his art — Barbara Hitchcock — MIT Museum Talks
wXa0QjEtzhs Energy Lines  — MIT Museum Gallery Views
xkPoM6eLBVs MiT Museum Kinetic Sculptures
xmcOjY4PDmM MIT's Impact
y36TMLUFtpQ \
yKwLJgJQJpw MIT Museum Boston
ye0tnRL5Vso Special Places on Campus
