-1ySIW5VLDQ MIT Initiative for Peace in Middle East: The Gulf War - Noam Chomsky & Michael Albert - 1/15/2001
-9ZnNG3iqkY The Shikkhok Project: Building an Ultra low Cost Crowdsourced MOOC
-GAqIgSV-hY Muneeza Patel
-SH1Li8Moh0 MIT Professor Rainer Weiss Shares 2017 Nobel Prize In Physics
-Uydq0hKaK0 2001 Nobel Prize in Physics - Wolfgang Ketterle, Press Conference
-VK8ikWFXqU Jhumpa Lahiri - Writers at MIT 2000
-aj7eCp7eBk 2.007 Robotics Competition 1997 - Interview with Woodie Flowers
0FJb62f74mU En Pie De Lucha MIT
0sOAdbA1UMI Robert B. Laughlin & Steve Weinberg at MIT - 2007 Physics Symposium
2o29Fc5iX9I Franco Modigliani, Italy and 20th Century Economics (Lect. 2) - Nobel Laureates Lecture 1996
2pHxi3NPyUY David Ho, MIT 1998 Commencement Address
3-EeHLZZ8Gk Time-lapse of the construction of the Collier Memorial at MIT
32GcC5y1mRw \
3ZB2La-oCVI Buckminster Fuller at MIT - Spaceship Earth - 1979
4AD1Go9E-Og Bill Gates at MIT 2010 - \
5QblPrPGtVA Al Oppenheim, 6.341
5ZWaFXpP4t8 Ford/MIT Nobel Laureate Lecture - John Hume, The Philosophy of Conflict Resolution 10/15/2001
5b17ftCzQIc The Making of Comusica
69ssuLcxBtA Nitya Subramanian
6cMPGL-DFI8 MIT celebrates the inauguration of L. Rafael Reif
7dVkOn6zYQw 2004 Nobel Prize in Physics - Frank Wilczek, Press Conference 10/15/2004
7lt-pK2NHrk Edu Design Shop
7y-tNt2W4Vg MIT JAZZ 50th
88I7C93DODg Santiago Calatrava, Materials & Construction Process - 1997 Lecture #1 MIT Arch. & Civil Eng.
8bbLJPHPmsI Ted F. Kelly (Liberty Mutual) at MIT -  How Did I End Up Here? 2012
92t9XLMexCs Clifford Shull - Nobel Laureate Lecture in Physics at MIT 1994
9AdUFo71_40 MIT SuperUROP Showcase 2018
9PRmn9IBg5I From Controversy to Cure: Inside the Cambridge Biotech Boom - Trailer
9l8QxS8KuPo MIT 2.007 robot competition Spring 2010
A9Deb9G2KsA MIT/Brown Vannevar Bush Symposium 1995 - 50 Years After 'As We May Think' - Part 5/5
AJCJTO5Ocmg Franco Modigliani, Italy and 20th Century Economics (Lect. 1) - Nobel Laureates Lecture 1996
APjWOqVPlSY MIT's 2020 online commencement highlights
AkSMdcwDX0Y Storied Women of MIT: Christin Ortiz
AqkoTJdelEM Allan Blanchard
As-mUL3LRyg Storied Women of MIT: Vivienne Sze
B3QjSjhFi-0 Introduction to Civil and Environmental Engineering Design
BhreGGhsiNs 2016 Killian Lecture - Tyler Jacks, “Unlocking the Secrets of Cancer”
CsyHSlfRfNw MIT J-WEL: Sparking a Global Renaissance in Education
Cy7x0HQ9vYE Neerja Aggarwal
DIRLfg6gsQ8 Kweisi Mfume, NAACP - 25th MLK Jr. Celebration (1999) - Teaching & Learning: Key to Full Inclusion
DwmoSzrJstM Susan Sontag, E.O. WIlson & Roger Penrose at MIT - Images & Meaning Conference 2001
EIQBKvhoQAM The making of the music video \
EVnO2OV3qC4 I am first generation
FXDTAOAlIR4 Andrew Song
G4VbqqLSIMo Lee Iacocca (Chrysler Corp.) delivers 1985 MIT Commencement Address
G8MnxTxxJ98 Diary Of A Pandemic Year
GWSEABDZ2C0 Teaching Track: Author or Instructor: \
Gk-9Fd2mEnI Steve Jobs President & CEO, NeXT Computer Corp and Apple. MIT Sloan Distinguished Speaker Series
Gud4Vj25vtY Officer Sean Collier Memorial Dedication at MIT, April 29, 2015
GvvXdrXcB30 2002 Nobel Laureate Lecture in Physiology of Medicine - H. Robert Horvitz '68
H1o7u4B0DkM MIT Commencement Program 1994 - Address: His Highness Karim Aga Khan IV
HAL42w5uBGU Standing on the Sidelines
I0wsbXO1hKE Rumen Hristov
IFq3DO85hqI Philip Morrison & Victor Weisskopf: MIT and the Bomb 40 Years Later - 1985 Compton Lecture Series
ImVEQdUMNWo Technology Day 1994 – Philip Morrison, 𠇊rt and Science”
J2xGBlT0cqY Jeff Bezos at MIT  Amazon - Earth's Most Customer-Centric Company
JU55SQi53WM Storied Women of MIT: Jennifer N. Rudd
JZWCKbh1tTE The Great Clarinet Summit
JduPGFNwB7A Noam Chomsky - Foundations of World Order: the UN, World Bank, IMF & Decl. Human Rights 1999
JuL3fSDEdCg Conducting...  energy, creativity and caring...  Fred Harris
KWG1Yxoa_Os Ray and Tom Magliozzi, MIT 1999 Commencement Address
KcUaEQFDzq8 Bill Gates, Mike Dertouzos - World Economic Forum 1997
KnCGMHNWVME SEXUAL HARASSMENT OF WOMEN: Climate, Culture, and Consequences
KqcJmK7AQ7M Where We Can Go: a history of MIT AeroAstro engineering
KwV2datnyb0 Roger Boisjoly at MIT 1989 - Engineering Ethics: Constructive Responses to Difficult Situations
KxkgE6uf6mI Kofi Annan Keynote Speech at MIT Sloan School's 50th Anniversary, 2002
LN2ZlDdaOA8 Elias Zerhouni, MIT 2004 Commencement Address
LdtK_oiyJAo Imagination Off the Charts: Jacob Collier comes to MIT
LegrEbpVukQ David Baltimore - Nobel Laureate Lecture at MIT 2002
Lf0YfMX_MFk Picower Institute Inaugural Symposium 2005: Future of the Brain (4/4) - Shulgin, Koch, Churchland
LfU2Qu4MzZk Andrew Grove, \
Lse6sPRrAj8 Made in America: Regaining the Productive Edge - MIT Commission on Productivity - 4/27/1989
LzAgPG2aCx4 Noam Chomsky, Steven Pinker, Jay Keyser, Hilary Putnam at MIT - SHASS 50th Anniv. Colloquium 2000
MTwga6dch2s Celebrating the Science of Jule Charney and Ed Lorenz
Mp_w03mmn8w The Z-center at MIT
N0cse4Nzvkw Storied Women of MIT: Sangeeta Bhatia
NEfNtL2tXS0 MIT Tech Day 2007: Energy in a Global Context - Nazli Choucri, John Deutch, John Fernandez
NV_j7YQLkTc MIT & BRAC: Reinventing Climate Change Adaptation
NaexRw49H44 John Hansman and Oliver Smoot on Measurement at MIT, 1995
NoO7XKVmZC8 2001 Nobel Laureate Lecture in Physics - Wolfgang Ketterle, The Story of Bose-Einstein Condensates
NrCQo72HzAc Explore MIT Today: MIT Open Learning with Krishna Rajagopal
O7yesO9w7yM MIT150 Symposium 2011: Computation & Current Research IV - Erik Demaine, Daniela Rus, Scott Aaronson
O828s4RIj5E Aishwarya Narayan
OGgjC2cand0 A year in MIT Open Learning
OMuqpbNxFSs Storied Women of MIT: Li-Huei Tsai
PXEJOkVBrIs Virgilio Barco, MIT 1990 Commencement Address
Px8Tb9Onk0A MIT Summer Research Program
Q1PM2CWTBuU Veronica Lane
Q4xyM_h8338 Paul Joe Crutzen, Nobel Laureate at MIT - Starr Memorial Lecture 1999
QNx17rQ35Gg A.I. Lab 1997 Lecture Series: Bijoy Misra - God and Computers: Minds, Machines, and Metaphysics
QShsgceWr2o Aero Astro Promo 102913
QT-oawK3FLk 2020 05 05 MIT Townhall 2
REcj-zaG4Lc Michael Feld on the Physics of Karate - MIT 1991
RSDOCAgHbNQ Michael Cima 3.091
Ry6M2esli3U Ted Childs at MIT - 33rd Annual Martin Luther King Jr. Celebration 2007
SpDqwygEqkU Harold \
StSobM33k-o Daniel Tsui, Bob Laughlin & Horst Störmer - Nobel Laureates in Physics at MIT Symposium, 1999
TPrl4k6CAYU Scott Ritter & Steve Walt at MIT, 2002: Cause for War & the Bush Administration's Case Against Iraq
TfvGRqYNO60 Morris Halle at MIT 1995 - The Representation of Words in Memory - EECS Colloquium
UNVY4JvcoAc Storied Women of MIT: Melissa Nobles
Uj638eFIWg8 Barbara Liskov at MIT - 2001 EECS Colloquium on Practical Byzantine Fault Tolerance
UuViyG19S7U \
Vivu7J5ghwA Awakening PROMO May 31st
VjMX7QArwnw Noam Chomsky & Paul Farmer on Haiti - MIT 2002 Tech Culture Forum
Vm1nIrWJ6oU Storied Women of MIT: Lydia Bourouiba
VtXbTn6FwL8 Natalia UROP Profile
WJ4oCO9UK7U Paul Krugman MIT 2010 on Economic Meltdown: What Have We Learned if Anything?
WhDQWRAAb-s EECS Special Lecture - Professor Millie Dresselhaus on Bismuth Nanowires: Structure and Properties
WnNNdVaWq2U Hurricane Disaster Tech
WzpII7AchZc The Great Clarinet Summit
XYFubaS92rw Strength Through Unity: The making of the Collier Memorial At MIT
XtHn59KhDdg Jamila Smith
YAZBg_0km-A MIT Student Greetings Trailer
YfEkSzUgwqA 50 years of Interphase EDGE at MIT
ZAgx1YcCD6Y MIT/Brown Vannevar Bush Symposium 1995 - 50 Years After 'As We May Think' - Part 1/5
ZE2Nvz5xz0k Claude Hagège at MIT, 2001 - Endangered Languages: Birth, Death and Resurrection
ZFBURQd9gY8 To The Light, To The Flame
ZHhPbv-EvW4 Frank Wilczek - The World's Numerical Recipe - MIT Pappalardo Lecture 2001
Zrn20s23QwY LNS 1992 Symposium: On the Matter of Particles - C.C. Ting - Muons, Electrons and Gamma Rays
_b-dH-CqFXk 1992 Killian Lecture - Noam Chomsky, \
_geNZbgeyAY Storied Women of MIT: Dava Newman
aPeF8XqsD2Q Claude Hagège at MIT, 2001 - English as Global Language: Real or Imagined Threat?
alrDNvV64Is MTA Playwrights Lab festival
b-2GV0T5Zpc Stephen Hawking speaks at MIT - Education and Technology Sept. 1994
b2Smhe07jCA Schwerpunkt: An Anamorphic Sculpture at MIT's McGovern Institute
bONn4Dz9pmA Nobel Laureates F. Modigliani, P. Samuelson & R. Solow on U.S. Economy Past & Future - 2000
bfIqbOi9RCQ Bill Gates at MIT 2010 - \
c3pNunxlfNM Strength Through Unity: the Making of the Sean Collier Memorial at MIT
cSMhidDwdDw Storied Women of MIT: Margaret E. Maltby
ckD_GHfcse8 LuminAR UROP
co7dEEVPoeg The MIT Office of Minority Education
dC5ouDBhhHI Super UROP 2020-2021 Information Session
dWHcIFc5q6A The Worlds of Philip Morrison Symposium 1986 -  Carl Sagan, Joining the Universe
dgoTpa-4v1c Kamena Kostova
dnMwVKp7upg The Worlds of Philip Morrison Symposium 1986 - Hans Bethe, Solar Neutrinos
e5wNvZy-ECQ Neil Armstrong & Robert Seamans Jr., MIT 1994  - Engineering Aspects of a Lunar Landing
fAZtxcd5_tA Thomas P. Hughes, MIT 1998 - Creating Open Systems from Edison to the Internet - Sloan School SDM
fDsjPpmRXw0 Department of Electrical Engineering Lecture 1973 - Harold 'Doc' Edgerton, The Electronic Flash Lamp
fZUPLZWTfrM App Inventor Video 3
faL9TwZFF5o Anish Athalye
gLOZsTMuars Carl Sagan at MIT - Management in the Year 2000: Sloan School Symposium 1987
gWZ5cpxX3wc A.I. Lab 1997 Lecture Series: Ray Kurzweil - God and Computers: Minds, Machines, and Metaphysics
hL-FM20fgKg Eric Lander at MIT 2001 - The Human Genome Project and Beyond
htw4FGFmJGo AUV Power System
i5kTdHT3yBg Rudolf Kálmán on Randomness as a Systems Phenomenon - MIT 1991 Colloquium
isJ64h5st80 MIT Sailing
j9pX_eFGmic Awakening: evoking the Arab Spring through music
jR0dWPJYEUs President Reif's Charge to the Graduates (2014)
jgbCXBJTpjs MIT150 Symposium 2011: Brains, Minds & Machines - The Roots of AI, Cognitive Science & Neuroscience
k0tmhRmPBHY Claude Cohen-Tannoudji at MIT, 1992 - Atom-Photon Interactions
kBRFeoKvpRU UROP profile: Prashanth Venkataram
kB_bhdEX8OE Margaret Atwood at MIT - 'Oryx and Crake' Revisited - 2004 Abramowitz Lecture
kWykRcysu98 LNS 1992 Symposium: On the Matter of Particles - Victor Weisskopf - My Life at LNS
lMfSZHKiPHQ A.I. Lab 1997 Lecture Series: Ming Tsuang - God and Computers: Minds, Machines, and Metaphysics
lWeH4GzljFI Paul Tsongas Speaker MIT Commencement 1989
mTO0uueOTqg Open Edx Annotation tools: breaking the unidirectionality of online course content
mgTPaO4vZe0 Frank Wilczek - Ford/MIT Nobel Laureate Lecture Series 2005 - The Universe is a Strange Place
n6EtjnfkWeM A. Bartlett Giamatti, MIT 1988 Commencement Address
n6SRpnfcPQ0 Michal Gala
nK2alHTZpNk Heal! — A Battle Poem for the Climate and Its Defenders
o7WLiWXz2Bo Practice School Trailer
oPy-Tnj-AEY Whitehead Lecture 1992: Biology & the Future - Matthew Meselson - Biological Weapons
ock9Gk_aqw4 Benoit B. Mandelbrot, MIT 2001 - Fractals in Science, Engineering and Finance (Roughness and Beauty)
oofL08FXoiU 2 10 2016 MLK Luncheon Pres Reif and Keynote
osz4NXlHlRA Walle J. H. Nauta, The Gross Anatomy of the Human Brain - 1985 MIT Course
ozfGHONpdTA Bill Gates on Software Breakthroughs & Computer Science Education - MIT 2004
pJ2difJaGQs A Community Celebrates: Creating Commencement at MIT
pdm-HWo5Flk SuperUROP Montage 12 17 15
qBb_wDSgtcM Winston Churchill At MIT's Mid-Century Convocation held in 1949
qf9OtlzWEW8 Teaching With Digital Technology Award 2020
qkIkKFTbJGc The Great Clarinet Summit
qkbPghLvyXk MIT AeroAstro Capstone
quIfco4RLCg Apollo Guidance Computer, MIT History Project Conference pt.2 - 2001
rRtyusWHgT4 Joe Gavin Lunar Module Design & Apollo Program - MIT Lecture 1996
rm4nQIJ90GE Pratheek Nagaraj
s6ym9B6I3UM Howard Zinn at MIT 2005 - The Myth of American Exceptionalism
sF9hKl6iIfc Junot Diaz Reads 'Drown' at MIT 1999
sX4fEcdWyCg The history of Project Interphase at MIT
sbLfjb_CMN0 Storied Women of MIT: Sophia Hayden Bennett
sdTQzJG19CY Muhammad Yunus at MIT - 2005 Poverty Action Lab: Ending Global Poverty
t8C8-BB_7nw Human-Powered Flight: Potentials - MIT 1998 Gardner Lecture - Paul MacCready and John Langford
t_ImiD3MfM4 Isadore Singer Interview 2010 - MIT150 Celebration
tbrwxhGqtUE MIT Video Productions Reel 2019
vIX-hekIO38 Matt Damon Receives MIT Pirate Certificate
vj-cK_KfjsI Actor Matt Damon offers the 2016 MIT Commencement Address
vptYlSHEoAg MIT's Festival Jazz Ensemble tours Puerto Rico with Miguel Zenón
wPgmcHGKvwc I. M. Pei at MIT - Tech Day 1994
wcksfgMG9z8 Paul E. Gray  Legend and Leader: an MIT Story
wirnU9Q3RqU Harrison Schmitt - A Trip to the Moon - 1995 MIT Mass Space Grant Consortium Public Lecture
wxSskSMr5wQ Rowing at MIT
xIazzFRNY-M En Pie De Lucha (Getting back up for battle)
x_2plTtPpo8 Chemical Engineering First Year Orientation
xhS9ffDcLOk A.I. Lab 1997 Lecture Series: Francisco Varela - God & Computers: Minds, Machines, and Metaphysics
xjaZ_M2fNgA Storied Women of MIT: Eugenia Kalnay
ySAXW-7WrDg Amar Bose - Life Experiences: A Chat with MIT Acoustics Students,1995
yZzJDGUxHvQ Lori Beer EVP at Wellpoint
ywUkKHPCbJE Suzanne Berger, Robert Solow, Kenneth Arrow, Joshua Cohen at MIT - SHASS 50th Anniv. Colloquium 2000
z-2mLoXqM9A Carlo Rubbia at MIT 2000 - Nuclear Space Propulsion: A New Approach
zmrBCHSACSc President Reif's Charge to the Graduates
zrV8XhgK6TY Ayush Sharma
