-3aWw93ORiA Motion Science Live - General Motion Design Q&A Session (Ask Me Anything)
-CPOgEfsYoI Motion Science Live - How I made the Motion Science logo animation in After Effects
-huwApzquok ProFlows Tip No. 11 // How to Easily Create a Glitch Effect on Text
0FseKMWMCFM ProFlows Tip No. 4 // Build Better Compositions with Cinema 4D Helpers
0jOltJK2GRw Video 3: The Polish
0xcBXPgZDJw ProFlows Tip No. 7 // How to Composite Fog the Right Way
16NsL95Fo_o ProFlows Tip No. 27 // How to Add Visual Interest to any CG Render with Lens Textures
1Mp4Cka2Khs What is StyleCraft? An Introduction.
1sznIGFqqQA 3 Powerful Tips for Motion Design Remote Artists
22PaeAa57QU ProFlows Tip No. 35 // How to Create Textured Type like the Joker Title
2gQper32COQ The Easy Way to Create Moving Textures in After Effects
3BtgUfp1nfk How to Efficiently Combine Effects and Masks in After Effects
4-_ThOH0IOQ The Easy Way to Position and Control 3D Lights in After Effects
4IcrvpKLvYc How to Design Style Frames in After Effects | Cold War - Part 2
4xTUH0edt4o How to Build a Title Sequence in After Effects - Part 1
5-ehtoIyCJk How to link effect and transform properties to save time in AE
50rDjX0xAf8 TONE in Motion
5YvzSKB2q0Q ProFlows Tip No. 28 // How to Create a Stylized 3D Graphic Novel Look
6fmAWjQE0y4 ProFlows Tip No. 18 // An Easy Way to Make Animated & Textured Type
7RWBgvwE4_o How to easily setup an isometric camera view in After Effects
7b8fSVuMzKA How to Build a Title Sequence in After Effects - Part 2
7o4JMqIe7A8 ProFlows Tip No. 33 // The Easy Way to Create Animated Textures in After Effects
80md9JOnv9I Two Easy Ways to Create Chromatic Aberration | After Effects Tutorial
8UqWqoJ6qJo 3 Websites to Find Creative Design Inspiration
8tfDnPTDumg AE Academy // Volume II: Intermediate Techniques
97nRjvC_KLA How to use the wiggle expression and make illuminations flicker in After Effects.
9DrLw1gYjWA Why You Should Use Creative Constraints
9Jvibi3JFlE How to Design a Space Scene in Motion Design using After Effects & Cinema 4D - A StyleCraft Lesson
9VPJZCmWg4E Extract 3D Camera Tracking Data and Create a Virtual Handheld Camera in After Effects
9qiYtm-KKPk ProFlows Tip No. 17 // An Easy Way to Create a Custom 8-Bit Look
9vkzt0JRjZc How to Design Style Frames in After Effects | Cold War - Part 3
BX0J9wnwuEk An Interview with Steven McFarlane - Video Podcast
BgIrLKRam2Q 3D Camera Techniques Opening Animation - After Effects Breakdown
BlQ3h7ZUAek Designing in After Effects versus Photoshop
C7acjvQRQJA How to Animate a Space Scene in After Effects & Cinema 4D - A StyleCraft Lesson
D6bd4V-ixT4 Easy Depth of Field with After Effects Cameras
D74VNQZcaxo Tips & Tricks for Typography in Motion Design
DE2ePzTBAhM Motion Science Live - How I Got Started in Motion Design
DVR3qAPokks Motion Science Live - StyleCraft Q&A
EWlZ0-AW5DI How to use 3D Lights in After Effects - Motion Graphics Tutorial
EXiZ-g7usiI After Effects: Neon Angel
F3dg6TiAHL4 A Simple After Effects Rendering Hack
FK4ESyzjkxI Advanced Media Encoder Rendering - An After Effects Academy Volume 2 Lesson
FmBOWnMViXc Dynamics in Cinema 4d - A Cinema 4D Quick Start Lesson
GBVFtHUihOE Motion Science Live - How to Use Mood Boards in Motion Design to Gather Inspiration and Save Time
GETlZ9XFxrE Do You Need to Know Design?
GUJfA_12u3o Grunge Pack - 83 Textures and Elements
HltKHBPnJ9Y How to Reduce and Collect Project Files in After Effects
ID3MbF5F4eo Learn How to Change The Duration of Any Song in Adobe Audition
IOqt9kchFvw Creating Depth with Texture in After Effects
IuuTuUoCHAg After Effects Academy // Volume 1: The Fundamentals
K7TVaNMlKKQ 3 Key Points to Become a Successful Freelancer
K8VSVAbdEaA Eliminate 3D Layer Intersections in After Effects with a Cutter Layer
Ka2WT_L_O-0 How to easily create a smoky atmosphere using Saber's distortion
LLOnvu-YleY Create an Organic 3D Grid System with the Lightning Effect - After Effects Motion Graphics Tutorial
LSDKjI4yjU8 2 Tricks to Help Polish Motion Design
LaulUT7cNuI Use Project Templates to Speed Up Your Workflow
M4qnk40aBls How to Make Sticky Blobs that React to Each Other | After Effects Tutorial
Mcv887rGU0Q How to easily create parallax in After Effects using a simple distortion effect
NAeoV57NVc4 Motion Science Live - A Few of My favorite Fonts for Motion Design
OW5IuTuLcM4 Building Contrast in Motion Design - A StyleCraft Lesson
P2UADyrq4fk Motion Science Live - How to Break Into the Motion Design Industry
P6Y09x38sFg ProFlows Tip No. 5 // Create a Beautiful Glow
P8quq7MCFtM How to Create 2.5D Depth in After Effects with Photos and Textures - A StyleCraft Lesson
PCZr3tIC5yI How to Collapse Transformations and Keep Your 3D Scene Clean in After Effects
PYijS30-HzI How to Make a Particle Preset Better in After Effects
PaiVsuS5lO0 Process Video // Camera Projection Technique from Beyond The Parallax Effect
PbaMDayPcSM ProFlows Tip No. 30 // How to Make a Retro Logo Zoom Effect in After Effects
PvyTilREOXE How to Create a Neon Angel | After Effects Tutorial
Q6bRUXtjXmc Stardust
QBds0sRQ4O0 The Rule of Thirds in Motion Design
RFNBRKzbeVY Balance in Motion Design - A StyleCraft Lesson
RUvTA83YziI Keying with Keylight - An AE Academy Volume 2 Lesson
RjCZpwAaxDU How to Create C4D Depth of Field | After Effects Tutorial
Ru4G8519OSs When to Use Plug-ins in After Effects and When to Stay Away
Ry0WhnJIQKU Beyond The Parallax Effect (The 2.5D Effect)
SK7-dkM8bvw Motion Design Demo Reel: After Effects & Cinema 4D
Sqk0Y8t9OYM ProFlows Tip No. 20 // The Easy Way to Make a 3D Neon Tunnel in After Effects
SuGJ0FShZjc Here's How To Make The After Effects Camera Follow a Spiral Path
T6nCJtlZG4c Motion Science Live - 3 Hacks to Save You Time in Motion Design
TWPNLYsD9x4 ProFlows Tip No. 6 // Easily Create Chromatic Aberration with 3D Glasses
Tn8jJy2dhvg Create Dope Parallax in Photos with Displacement Maps
TwbiT4vv-wY Motion Science Live - Let's Discuss Creative Constraints
U8Mvxl89R5g The Easy Way to Create Light Wrap in After Effects.
UPjLw2zcyxY ProFlows Tip No. 21 // Add More Visual Interest to Your Neon Tunnel From ProFlows 20
V81ErLxvZww Motion Science Live - What is Cinema 4D? And why should you use it?
WH_G6SFZGvA Effects Compositing with Masking in After Effects
WYjv5CVNIPk Online Learning is More Than Just Button Pushing
YPV7VjhsKj4 How to Use Analog Glitch Elements for Text Distortion
Yf1LB89WnXs Control Multiple Layers at the Same Time with Property Links
Z-1WpRXey9g Stylecraft Course Demo Reel 2021 - Professional Showcase Of Course Projects
Z1MPNzTB_uE Motion Science
Zl2lpxsqNpQ ProFlows Tip No. 22 // Erase Objects from Footage with Content-Aware Fill
_LFUoD-hQUw ProFlows Tip No. 14 // How to Easily Apply Depth of Field to Cinema 4D Renders in After Effects
_OEmH323NKM ProFlows Tip No. 8 // How to Easily Composite Text in a Moving Shot
b225wGZV0lg Breakdown: Stardust
bN6OKjjEoP4 The Study of Atmosphere in Motion Design - A StyleCraft Lesson
bZrDsqKvAkc Spice Up Any Fly Through Animation in After Effects with Camera Shake
cq6ibN1mJHQ Re-creating the opening of Netflix's -Project Blue Book- using After Effects
cy-cj-4_v0A ProFlows Tip No. 26 // How to Create a Retro Ghosting on Any Shape Layer
cylXOTGChyc ProFlows Tip No. 32 // How to Make Better Black & White Imagery in After Effects
d_uCoJarAJQ How to become a 3D Artist: Cinema 4D School for Beginners
dbEMri-XmN0 9 Important Elements of Design Explained In 360 Seconds
dd54ORI9nco Tracking for Content Aware Fill in After Effects - An After Effects Academy Volume 2 Lesson
dh_Tq9neHMU How To Properly Composite Fog in After Effects The Easy Way
dqTaPIiXYM4 How to Create Old Film Wiggling/Twitching in After Effects
eli4G5Psfc8 Identity
fw1c9-yeX_Q Glitch experimentation
fxiHCBoNOnA Motion Science Live - How to Use Photoshop Neural Filters with After Effects to Create Parallax
g44qsH-EYfU Main Title Design: American Soldier
gJkCV-U0M3w Every Motion Designer Needs This - AEJuice 99% Off
gQXehesyZT0 3 Simple Ways to Get Work as a Remote Freelancer
gck6ryHjMCA ProFlows Tip No. 12 // The Smart Way to Import Illustrator Shapes & Colors into C4D
gtGImKWw_ss StyleCraft Promo 2020
gyU0H4XpThA Motion Science Live - General Motion Design Q&A Session (Ask Me Anything)
hLK6-3r2qOA Create Depth with Lights & Shadows - After Effects
hUAKGMxStcs 2D Motion Tracking in After Effects - An After Effects Academy Volume 2 Lesson
hYh8tOQotnA Got Software & Hardware Overwhelm?
ht-jityOo8s Look Into My Eye
htHrz7iduHY How to White Balance with a Transfer Mode in After Effects
iK93noba_pg After Effects Quick Text Extrusions with Shape Layers
iWM5KaIaTU8 Common Lighting Setups in 3D - Cinema 4D Quick Start
iYt3YySt42c Create Better Gradients in AE with Layer Styles
iqfIuv_uju4 My Interview with Creative Director Skan Triki
ivGb_r23UDM Process Video // Style Frame Design in After Effects from \
jne-jhcHvFY Customize the Camera Lens Blur Effect in After Effects with Shape Layers
k2IVsZAlXBs How to Build Pinnochio Titles in After Effects - An After Effects Academy Volume 3 Lesson
k4i3sBJ5hmI Radical Retro Elements
kD3WJLGBNMI Video 1: The Rough Draft
kjchU7QalIU How to Use Analog Glitch Elements for Distortion and Glitch Text | After Effects Tutorial
kkYO8pzLvAI Use an After Effects Project Template to Speed Up Your Workflow
la-WSg48y68 Motion Science Live - My Favorite 3rd Party Effects in After Effects
mBdomNtrMlI Typography 101
mYmXXubWruo ProFlows Tip No. 24 // How to Stabilize Footage for a Stylized Look
mlpYU8towfo How to Create 3D Camera Shake in After Effects With the Wiggle Expression
mnr2lq1FdDM ProFlows Tip No. 25 // How to Stylize Color with Duotone Color
mq6YtCrkcts ProFlows Tip No. 31 // How to Make Better Zooms with Parallax in After Effects
nVcvcbMme4U After Effects 3D Layer Techniques
npv5WOOTJ6o Analog Glitch Elements // Product Pack
oD4rf2iPqrI Motion Science Live - 3 simple methods to improve your designs
om2v0HgCtDo Motion Design 005: Particles
p5AHOxesie0 A Powerful Way to Utilize Mask Tracking in After Effects
padjRCJ8GLU Motion Science Video Podcast - Shannon Wilkerson
pbhE5e6x-qo How to Make an ESPN Title Graphic in After Effects Using the 2.5D Technique
pqC_3uMT_GM How to Create a Tunnel Fly-Through Effect In After Effects
qfs3NZX0_U4 How to Build Atmospheric Design - The Bridge - A StyleCraft Lesson
qsBLuIsic0M Film Dust & Specs with Fractal Noise in After Effects
rEC_waXxogg ProFlows Tip No. 13 // How to Composite C4D Layers in After Effects Without Rendering
se1JFP6MGiU Neon Glitch Shapes
t7t0UoCUmZQ Environment Layer 3D Lighting in After Effects
t8t1131hQ3w ProFlows Tip No. 34 // How to Create a Stylized Orange & Teal Look
tKIjetSgwII ProFlows Tip No. 19 // Use the Wiggle Expression to Make a Flickering Light
tPB3NFHsObY Eliminate Layers with the Set Matte Effect in After Effects
uLSu3umbRbc ProFlows Tip No. 23 // How to Easily Create Neon Glitch Shapes with Shape Monkey
uOBVQrbncvU How to Create a Retro VHS Look in After Effects
udke9lMLfLQ 8 Principles of Design Explained In 4 Minutes
vGNoCZSaYJc ProFlows Tip No. 29 // How to Make Better Fades in After Effects
vX18PMX-nS4 Speed up After Effects when working with 4k footage and stills
vh8xaglYujM How to Design Style Frames in After Effects | Cold War - Part 1
w2CNWyNGztk Fun with Loops in Cinema 4D Lite & After Effects
w9T6XhFNhZI Video 2: Refining & Motion
wG9WRer9EMk Easy Liquid Blobs with Shape Layers in After Effects
wHXWn7K0PSE How to Create 3D Wireframe Renders with After Effects & Cinema 4D Lite
xAwNdTm2HW4 Motion Design 006: Particle Wall
xFye1-47EFU Ask Me Anything + StyleCraft Behind The Scenes
y3Qgs2N5z1Y How to Use Proxies to Speed up Your Workflow
zgMHWFolli8 After Effects 3D Camera Techniques
zpLBM2wttHI My Journey to Become a Pro
zz8RIfY5IZU How to Customize the Look of Motion Blur in After Effects
