---cftkedFY LeBron's MONSTER Reverse Dunk In Year 19!
-30Ra45XMak NBA Top 10 Plays Of The Night | March 14, 2022
-52pytZVHD8 The Top Assists Of Week 20 Ì†ΩÌ±Ä #StateFarmAssists
-6SpWME2N4M RJ COLD Pull Up 3 to Tie in last Minute Ì†æÌ∑ä
-7OhBnxo5nI Giannis + Liam = ‚ù§Ô∏è
-AUV_jUcYvo Dwight Does The Mutombo Finger Wag & Lakers Crowd Gets UP! ‚òù
-EAShk9FiwU LeBron Soars In Brooklyn With Back To Back Slams!
-GSYMPR02FU Demar Derozan Has Mastered The Art of The Midrange
-IrB6yO1xAQ Drake On The Call For Malachi Flynn's EPIC Half-Court Buzzer Beater! Ì†ΩÌ¥•
-JvDoj8LMGA NBA Top 5 Plays Of The Night | October 19, 2021
-OAtVy3dJn0 4-PT Game-Winner! Ì†ΩÌ¥• | Top 20 Plays NBA Week 15
-Qj6hHiN_i4 Quentin Grimes Makes Knicks History In First Start!
-TvJG8VJiQA Luka Knows It's Time For A Buzzer-Beater ‚åö
-VAdidc65HY Montrezl Harrell Monster SWAT into his own bench Ì†ΩÌ∏Æ
-eqbtf-byZg Sengun's SMOOTH Over-The-Shoulder Dime Ì†ΩÌ∏±
-fD7feiebEg COMPETITION | NBA 75
-y0xLttQoRM He's Only in Year 1 Ì†æÌ¥Ø | Top 10 Rookie Plays NBA Week 14
0-uS02JZCLw NBA Top 10 Plays Of The Night | October 10, 2021
02D_cmJjtLA Final 2:38 WILD ENDING Bucks vs 76ers Ì†ºÌΩøÌ†ºÌΩø
06kZeVT_evw Bill Walton & Brittney Elena Mic'd Up Ì†ΩÌ¥ä Blooper
08KOfpP-QYo Alex Caruso NO-LOOK DIME To DeRozan!! Ì†ΩÌ±Ä
0BFWcLhIMqc JULIUS ERVING | 75 Stories Ì†ΩÌ≤é
0ClLyPTqzZs Bam Gets Crazy Air on ALLEY! Ì†ΩÌ¥•
0G1xI5N7trE Ì†æÌµ∂ Shai Completely Loses Defender on GAME-WINNING #TissotBuzzerBeater Ì†ΩÌ∫®
0HXH6w3JDlo NBA Top 10 Plays Of The Night | April 3, 2022
0JQja8EHblg The FULL 2022 NBA #ATTSlamDunk Contest! Ì†ΩÌ¥• | 2022 NBA All-Star
0Nu_M6TG52o Saddiq Bey GAME-WINNING 3 On Nutmeg Assist Ì†æÌ¥Ø
0Ob696D2Qy0 Jalen Green Pulls Up From Logo Range at the Buzzer! Ì†ºÌæØ
0bAUIuhblNw Obi Toppin Catches Ridiculous One Hand Oop! Ì†ΩÌ∏Æ
0c-uHAM3T9Y NBA Top 5 Dunks Of The Night | April 1, 2022
0c_UdT_qZFU NBA Top 5 Plays Of The Night | December 9, 2021
0gIPdy1fpeA Final 1:06 WILD OT ENDING Warriors vs Pacers Ì†ΩÌ∏±Ì†ΩÌ∏±
0gXEMfsodFM Blake Swished A Clean Over The Head Shot Ì†ΩÌ∏Ç
0gvwcHa6rb8 Paul George Wanted a COME BACK!
0hWHyxNQiXg Opening Week Was Must See Ì†ΩÌ¥•Ì†ΩÌ±Ä
0h_xwaDcWHc Montrezl Harrell Gets On The Board For The Hornets Ì†ΩÌπå
0verZjD7sEI Lance Buries 3 To Send to OT & Dances! Ì†ΩÌ∏Å
0y7lftSU6RQ He Dunked On The Whole Team Ì†ΩÌ∏≤ | Top 10 Sophomore Plays Week 8
11-3nQv_hOc Final 2:19 WILD ENDING Hornets vs Pelicans Ì†ºÌΩøÌ†ΩÌ±Ä
14wVCExJ60A Giannis' CLUTCH 44-Point Performance In Comeback Win At Brooklyn!
1Avbdj3TuW8 NBA Top 10 Plays Of The Night | October 23, 2021
1BQMtaUZNk0 HARDEN SHOWED OUT In Philly Home Debut Ì†ºÌø†Ì†ΩÌ∫®
1Dv63K05MzQ Kyrie's TOP 30 Career Plays Ì†ºÌøÄÌ†ΩÌ±è
1H7_LazHq_s Final 0:58 WILD ENDING Warriors vs Nets Ì†ΩÌ¥•Ì†ΩÌ¥•
1J3ysicGkcI One To Remember... Ì†ΩÌ∏≤ | Top 20 Dunks NBA Week 7
1JDPZpTu_Q4 Warriors Bench Lost It After This Jordan Poole Play!
1MX9Qe5QVEI Can't Believe He Went #1 Ì†ΩÌ±Ä | Top 20 Plays of NBA Week 2
1R2hKwOvxDw KD's Goes OFF For Nets CAREER-HIGH 51 PTS Ì†ΩÌ¥•
1ScrzC7uGtA Dame Locks In For A SEASON-HIGH 43 POINTS To Defeat Hornets‚åö
1XDgejunkto The 2022 #TacoBellSkills Field! ANTETOKOUNMPOS vs CAVS vs ROOKS ‚≠ê
1lXGFHE99Vo Jayson Tatum Opens 2H on FIRE 3 Threes Ì†ΩÌ¥•Ì†ΩÌ¥•Ì†ΩÌ¥•
1okIqkIpep8 Cade Finds Bey Through TRIPLE Team Ì†ΩÌ≤™
1pb5CUIhyKo DeRozan Drains Clutch Mid-Range Over LeBron After He Blocks Him! Ì†ΩÌ≤¶
1r_Q4OMZLsE The Top Assists Of Week 12! Ì†ΩÌ∏Æ #StateFarmAssists
1teGisjjuHo NBA Top 10 Plays Of The Night | December 22, 2021
1vMQxixAX3U Killian Hayes NASTY Step-Back 3 Ì†ΩÌ¥•
1zXLI07NAW4 He's Reached The Next Level Ì†ΩÌ±Ä | Top 10 Sophomore Plays Week 13
22NNvx_TLO0 Jordan Poole NASTY Cross & SLAM Ì†ΩÌ∏¨
25ZWwMiUqRo Cade Cunningham‚Äôs MVP Performance Ì†ΩÌ±è
27DjuXPFWcU Steph Breaks Another Historic 3PT Record Ì†ΩÌ∏≤
29BxjfAvwO8 NBA Top 5 Plays Of The Night | November 16, 2021
2A7EDkUT3no NBA Top 10 Plays Of The Night | March 31, 2022
2Ds7UnAiGwk Darius Garland & Jarrett Allen Combine for 60 PTS In Cavs 4th Straight Win!
2E9msHTNF6c Final Endings of 4Q & 2OT in Celtics vs Knicks WILD THRILLER!
2LYZTGvy06c Booker & Davion Mitchell Go Back to Back to Send to OT Ì†ΩÌ¥•Ì†ΩÌ¥•
2PzXnRvBIp4 NBA Top 10 Plays Of The Night | March 8, 2022
2Q9n7e-KTRM Tyler Herro Drops New Season-High In Detroit Ì†ΩÌ¥•
2RgIEqXf5uQ Isaiah Thomas is a Spark for the Lakers! Ì†ΩÌ¥•
2Sq6JArjJw8 NBA Top 5 Plays Of The Night | March 29, 2022
2THMsVjq5gY Full NBA 75 Team Announced! Ì†ΩÌ≤é
2TsYqLFJ0Ng Trae Young Interviewed While Shooting Logo 3's Before All-Star Ì†ΩÌ≤¶
2U8MrsqFahE NBA Top 10 Plays Of The Night | January 24, 2022
2blna298O2M NBA Top 5 Plays Of The Night | November 21, 2021
2bwGLjX91qs WIZARDS at NETS | FULL GAME HIGHLIGHTS | October 25, 2021
2fFRgs6zxSQ Isaiah Thomas Makes Plays In His Lakers Return!
2hCazXp1W4Y NBA Top 10 Plays Of The Night | January 9, 2022
2hwNIaQJFl8 Austin Reaves BIG TIME BLOCK & Hustle in 1st Lakers Start!
2k4EALKEE00 Dwight Howard is EXCITED for NBA 75 Ì†ΩÌ≤é | #shorts
2kkSeXCQRw0 Tyler Herro a Walking Ì†æÌ∫£ in RED-HOT Start
2nrEGD63Epk Magic Johnson Reacts to Being Selected to NBA 75th Anniversary Team on ESPN! Ì†ΩÌπå
2pHgh7X8U_o Jokic Goes Off For 49 PTS, 14 REB & 10 AST in OT thriller vs LAC Ì†ΩÌ±Ä
2s5a-0DcjuQ A King's Jam Ì†ΩÌ±ë | Top 20 NBA Plays Week 23! Ì†ΩÌ¥•Ì†ΩÌ¥•
2tTaqzk2SyI Ayo Needs Slo-Mo on Rim Attack to Seal the W!
2v28fOaUG3I Final 1:30 WILD ENDING Bucks vs Heat Ì†ΩÌ∏§Ì†ΩÌ∏§
2wiiFwlmTU8 Chicago Bulls New Trio SHOW OUT in Debut! (Lonzo, Caruso, & Derozan)
30M4PmEhgHk Donte DiVincenzo Getting BUCKETS For Kings Ì†ΩÌ≤Ø
31a-huC0Jgg LeBron Moves Into 2nd On All-Time Scoring List Ì†ΩÌ±ë
347hGRC3vas Dell Curry Hits From Steph Range & Everyone Goes Crazy! Ì†ΩÌ∏Ü
36Tx7K2PcmI Michael Jordan vs Charles Barkley Backward Free Throws Ì†ΩÌ¥•
3CftTwl3uXQ Final 12.4 WILD ENDING Iguodala 2013 Game-Winner Ì†ΩÌπå
3JDIyZGozrE Iguodala's AMAZING Behind The Back Dime Between Two Defenders
3MSUKELj2o4 LeBron Goes OFF for 39 POINTS In Lakers Road Win!
3Mn4x0CM1ew PATRICK EWING | 75 Stories Ì†ΩÌ≤é
3RfOux_vv8s NBA Top 10 Plays Of The Night | January 28, 2022
3TOPiryfqFc The Best Cade Cunningham Plays at #CloroxRisingStars Ì†æÌµá
3TX_f-cQl7I NBA Top 10 Plays Of The Night | December 3, 2021
3WcKxRW5Z7Y LeBron Throws Down Massive Poster in Cleveland! Ì†ΩÌ∏§
3ZgCIhCWYZk Jokic Blocks Kuminga to Seal the Game Ì†ΩÌ¥•Ì†ΩÌ¥•
3akbi3K9n7g NBA Top 10 Plays Of The Night | October 22, 2021
3cjuKHkfI5M Final 1:12 THRILLING ENDING Lakers vs. Clippers Ì†ΩÌ∏≤
3i3mNHyuXdM Kyle Kuzma Was Feeling It From Deep With 6 THREES & 24 PTS Ì†ΩÌ±åÌ†ΩÌ¥•
3jp2pKAKMtM Serge Ibaka Starts 3/3 in Bucks Debut! Ì†æÌ∂å
3oLdbrN5aAo Dejounte Murray's HISTORIC Triple-Double Ì†ΩÌ¥• 32 PTS, 10 REB, 15 AST
3q7hlCgOKlo Olympic Champion Gianmarco HUGE Put Back Jam Ì†ΩÌ¥•
3qJ0boBaxXw Final 1:52 WILD ENDING Grizzlies vs Timberwolves Ì†ΩÌ¥•Ì†ΩÌ¥•
3t3VVgQlLN4 When Your Teammates Want You To Get A Triple-Double Ì†ΩÌ∏Ç
43RJG7NHxTI Cade Cunningham Wins MVP of 2022 #CloroxRisingStars Ì†ºÌøÜ
48cc-2x0iw0 Melo FIRES UP Lakers After Passing Malone in Year 19 Ì†ΩÌ±Ä
4922jWkEbsM Mason Plumlee SLICKEST Big Man HANDLES Compilation Ì†ΩÌ∏≥
4A4SuGrWwcU James Harden & KD Were COOKING in Toronto ‚ô®
4AS2IU22aDw Anthony Pulls Off SICK Windmill Dunk | Top 10 Sophomore Plays Week 6
4Fexc1RZp54 STEVE NASH | 75 Stories Ì†ΩÌ≤é
4IWlz_QtBHs Final 1:43 WILD ENDING Suns vs Raptors Ì†ΩÌ¥•Ì†ΩÌ¥•
4LQSLzliY0M \
4S2IU9ZwYT8 NBA Top 10 Plays Of The Night | January 5, 2022
4YN0-J1vUl8 NBA All-Star Starter Andrew Wiggins Celebrates The Moment With Teammates ‚ù§Ô∏è
4giyZh5yjqU Ja Wants Everyone to Notice His Hops
4jmwgc4KhKY NBA Top 5 Plays Of The Night | January 16, 2022
4uHfGQw4zY0 The ONLY Player The Bench Would Lose Their Mind On Like This... Ì†ΩÌ∏Ñ
4zdFP1hL2vs Klay's First Bucket In Warriors Return!
51RPmQYZkdY Steph Curry $5,000.00 Incredible Assist to Fan Ì†ΩÌ∏Ç
52NjDN6hywM Claxton AND-1 OOP Over Lebron in EMPHATIC Fashion! Ì†æÌ¥ØÌ†ΩÌ∏±
55UYTBHWviY Ayo Dosunmu ELEVATES For the BIG SLAM Ì†ΩÌ≤•
58r_YB8Fys0 Joel Embiid's Ability To Make Plays as a Center Ì†ΩÌ±è
5EOWafNZ-t0 Final 1:46 WILD ENDING Lakers vs Clippers Ì†ºÌΩøÌ†ºÌΩø
5H1OE33IxpI Top 2 and He's Not 2 Ì†ΩÌ∏è | Top 20 Plays NBA Week 13
5OfXcp1IvwQ Trae Young GOES OFF For 42 Against The Defending Champs Ì†ΩÌ±Ä
5PpCrJbMFOw Bol Bol Uses His Size on INCREDIBLE SAVE Ì†ΩÌ∏Ö
5QuzL7M8oKI LeBron Reacts to Team LeBron ‚≠ê
5W851X3Nw2A Ì†æÌµ∂ Devonte' Graham LONGEST GAME WINNING #TISSOTBUZZERBEATER in NBA History!
5bJW2D3pY-A The Only Dunk Wearing TIMBS!
5bkQPrsWW3M CAVALIERS at CLIPPERS | FULL GAME HIGHLIGHTS | October 27, 2021
5dUuaTmBQ1k Earth, Wind & Fire Perform at NBA All-Star Ì†ºÌæ∂
5g0h3PQa8kg Kyrie STANDING OVATION From Crowd After Hitting 39 in 1H Ì†ΩÌ¥•
5jmpVPpgJEs Giannis & Young Son in PHANTOM ‚ù§
5kb9uCYhBF4 NBA Top 10 Plays Of The Night | February 3, 2022
5kk-z43Q21A Jonathan Kuminga Impresses Himself After Big-Time Poster Dunk!
5llSpj4DYs8 Final 1:17 WILD OT ENDING Lakers vs Knicks Ì†ΩÌ±ÄÌ†ΩÌ±Ä
5n_p98RA254 NBA Top 10 Plays Of The Night | December 28, 2021
5pjcTQAp4S4 Obi Toppin Shocked Everyone Ì†ΩÌ∏≤ | Top 20 Dunks NBA Week 8
5prF55qjM4c KD HAMMER Dunk Off the Dribble! Ì†ΩÌ∏§
5wpe8jMcJc8 Jaylen Brown Reflects How He Continues to Grow | NBA Exclusive
5zPClz3B7-I NBA Top 10 Plays Of The Night | December 8, 2021
5zPf3Ydui9k Final 1:21 WILD OT ENDING Lakers vs Mavericks Ì†ΩÌ¥•Ì†ΩÌ¥•
6AnHL3-Ptpg Domantas Sabonis 22 PTS & 14 REB in 1st Kings W! Ì†ΩÌ≤™
6HhNvWN4x8Q Final 2:42 WILD ENDING Grizzlies vs Spurs Ì†ΩÌ¥•Ì†ΩÌ¥•
6HxhEfFh-HQ NBA Top 5 Plays Of The Night | December 7, 2021
6Jc0wC68yKg Seth Curry Brings Nets Back in CLUTCH Comeback! Ì†ΩÌ¥•
6NO426xXzAA Final 1:39 WILD ENDING Bucks vs 76ers Ì†ΩÌ∏§Ì†ΩÌ∏§
6PTQ8ZEYrM0 Steph Drops 30 POINTS & 5 Steals vs LAKERS! Ì†ΩÌ¥•
6TBNfLSEo3I Jordan Poole & Andrew Wiggins ON-FIRE 14 Threes & 65 PTS Ì†æÌ¥´
6YdD1xf3LO8 1 Short of 100 For Lakers Big 4 (Lebron, Russ, Melo, AD) Ì†ΩÌ¥•
6ZDfsDUu6QY Steph Can't Believe Klay Would Interrupt His Pregame Routine Ì†ΩÌ∏Ç
6dmqqs7OKa8 NBA Top 10 Plays Of The Night | November 29, 2021
6fhXmZ6BYpQ He Really Improved So Much Ì†ΩÌ±Ä | Top 10 Sophomore Plays Week 4
6fiCqpiSPjM Bulls NBA All-Stars Zach LaVine and DeMar DeRozan Throw DOWN Ì†ΩÌ∏§
6gSnvSLQQCA Grizzlies Bench & FedEx Forum ERUPTS After Santi Aldama Reverse Dunk
6hiTV23ZeFg The Best #StateFarmAssists of Opening Week! Ì†ΩÌ±Ä
6i7N1MXQxmE Anthony Davis REACTS to Top Career Moments! | NBA Lookback
6nE5WlsZKos NBA Top 10 Plays Of The Night | November 1, 2021
6qi5QsqNkMM Kyrie Hits 50 OFF THE GLASS! Ì†ΩÌ∫®
6qltVx9WpN0 Final 2:41 WILD ENDING Lakers vs Trail Blazers Ì†ΩÌ¥•Ì†ΩÌ¥•
6s2HyFpzv1w NBA Top 10 Plays Of The Night | November 27, 2021
6sJnR99rl5o The Best of Olympic Champion Gianmarco at #RufflesCelebGame
6tCDNk7mmUA Final 0:28 WILD Ending in Brooklyn Ì†ΩÌ∏±
6z0d7V8gJi4 The Bulls Pull Off Back to Back Transition Slams Ì†ΩÌ±Ä
73RDqsi_uTg Anthony Edwards FRANCHISE RECORD 10 Threes & Becomes YOUNGEST To Do it!
74CQH5BKnVw Grimes HUGE Late Bucket Sends Knicks to OT Ì†ºÌΩé
75T5-kLNZEU Chris Paul Hits Sick Nutmeg & Finish!
76JH4erQFXk WILD Overtime Finish Between Thunder & Trail Blazers Ì†æÌ¥Ø
77OWEhosT00 CJ McCollum FANTASTIC Pelicans Debut Ì†ΩÌ±Ä
7ARdqAk0Ef4 Stephen Curry FIRED UP 2022 NBA All-Star Ì†ΩÌ∏Ñ
7EkKwzI8dUc Obi Toppin Goes Between The Legs In Transition & Shocks Everyone!
7IO2nsIQBlo Steph Cooks Rivers in Unreal Behind The Back 3 Ì†ΩÌ≤¶
7Jyb6RN0fCs Final 1:25 WILD ENDING Warriors vs Rockets Ì†ΩÌ¥•Ì†ΩÌ¥•
7MdfbsJ6u4Y LeBron & The Logo Share Mutual Respect
7R9bgO_65ts Steph Literally Can't Miss
7S4i01KCLb4 Giannis & The Bucks Are Too Clutch  | Top 10 WILD NBA ENDINGS Week 23 Ì†ΩÌ¥•Ì†ΩÌ¥•
7XxZtCtVfME Ja Drops Crazy 41 PTS Powering Grizzlies to W Ì†ΩÌ¥•
7YwV3svM4hQ Monk Threw it Up & Lebron Came Out of Nowhere!
7_3_ODOphg0 Giannis in Championship Form Makes it Look EASY vs Lakers Ì†ΩÌ∏†
7aVN2hCzGgM Team Cavs Heard Around the World Ì†ºÌºéÌ†ΩÌ¥ä
7c3Tl1nAN24 Dwyane Wade Reacts to His Game-Winner vs Golden State from 2019 Ì†ΩÌ∏≤
7cWjBCl2daU NBA Top 10 Plays Of The Night | February 6, 2022
7eQz5FOZcac Kyrie HITS 60!! Ì†ΩÌ¥•Ì†ΩÌ¥•
7gzgNQMAv4w Kyrie Backdoor Up & Under Layup Ì†ΩÌ∏Ø
7h9BOHsz6MU LeBron James Collecting Signatures at 2005 NBA All-Star ‚ù§
7pnJXsDVVW8 Steph Curry Can't Believe His One-Legged 3 Ì†æÌ¥Ø
7tzkoksoKK0 Joel Embiid Has Handles Like a Point Guard Ì†æÌ¥Ø
7xInuf-tb6U Jarrett Allen TOUGH HAMMER THROWDOWN! Ì†ΩÌ∏§
7z0JlwkMEQ4 The Champ Is Back at #1 Ì†ΩÌ∏è | Top 20 Plays of NBA Week 5
8-ZrWBqUGeM Lamelo is Making the Logo Familiar Territory Now Ì†ΩÌ≤¶
81EtlVUQV3Q Seth Curry First 2 Buckets as a New Net! Ì†ΩÌ¥•
82OzAiTJPBs Jamal Crawford's ICONIC Shake and Bake Finish!
89ga3xofqGY Luka Magic Is Back ‚ú® | Top 20 Plays of NBA Week 3
8HhLi8y6lfI Final 0:50 WILD OT ENDING Hornets vs Timberwolves Ì†ΩÌ¥•Ì†ΩÌ¥•
8TnAVuAlXAM NBA Top 10 Plays Of The Night | January 25, 2022
8_3OoFHq1h4 Dejounte Murray Throws SICK Between The Legs Dime Ì†ΩÌ∏Æ
8cjvzC13wig Final 18.8 WILD ENDING Celtics vs Knicks Thriller In MSG Ì†ΩÌ¥•
8dUBwZcZnWo Klay Drops A New Season-High 21 PTS
8eeMp7QPF_c Ì†ΩÌ∫® EPIC Luka GAME-WINNING 3 on UNREAL Stepback #TissotBuzzerBeater
8fEd7Lp4Gcc Jalen Green Jelly Fam Too NICE Needs a Closer Look Ì†æÌµ∂
8h11-7dyooM A Rising Star ‚≠ê | Top 10 Sophomore NBA Plays Week 15
8jhdIuMfhBc The Best #StateFarmAssists of Week 2! Ì†ΩÌ±Ä
8laYfU-xZAg Sir, The Sky Has Had Enough Ì†æÌ¥©
8ojbvceDFKg Jordan Poole TURNS ON The Moves Ì†ΩÌ∏Æ‚ÄçÌ†ΩÌ≤®
8vJNl4CaTqM Jordan Poole, Josh Hart & Scottie Barnes All Sink Halfcourt Shots Ì†ΩÌπå
8zAttC3A6_E THUNDER at MAGIC | FULL GAME HIGHLIGHTS | March 20, 2022
8zuSbEpdF84 Final 0:59 WILD OT ENDING Pacers vs Magic  Ì†ΩÌ¥•Ì†ΩÌ¥•
942lLwz9YH0 Ja Fires In The NICE Look-Away Dime Ì†ΩÌ±Ä
96UvRzDzdJI Final 1:00 WILD ENDING Celtics vs Pistons Ì†ΩÌ¥•Ì†ΩÌ¥•
99GzQ1IU5pk King James MEAN Dunks Defying Age 36 Ì†ΩÌ±ë
9FO_Mm31puQ NBA Top 10 Plays Of The Night | January 1, 2022
9KJRPmlXKyU Final 2:18 WILD OT ENDING Cavaliers vs Nuggets Ì†ºÌΩøÌ†ºÌΩø
9Meh18AMQfs Just Like Old Times Ì†ΩÌ∏è | Top 20 Plays NBA Week 17
9O7Z38na3K8 Steph Curry Makes HISTORY! SCORCHING HOT 50 PTS & 10 AST Ì†ΩÌ±®‚ÄçÌ†ºÌΩ≥
9ORiD2AY7E8 NBA Top 10 Plays Of The Night | March 21, 2022
9Pvy4MCoLiQ Cleared For Takeoff ‚úà Top-20 Dunks Of the Week Ì†ΩÌ∏≤
9S73mz6L9Ac Desmond Bane & Saddiq Bey Win It For Team Isiah Ì†ΩÌ±è
9ZM71HQrRn0 NBA Top 10 Plays Of The Night | March 23, 2022
9e1KzZ0PU5I Josh Hart Fuels Comeback for Trail Blazers in Debut! Ì†ΩÌ¥•
9e54lz7s1jM Giannis Has Arrived Ì†ΩÌ±ã #NBAAllStar Locker Room
9ebUB5i7WzM HAWKS at CAVALIERS | FULL GAME HIGHLIGHTS | October 23, 2021
9iERaUGyPq0 Obi Toppin Pulls Off Identical Between The Legs Dunk!
9kSt7nhMi4I LaMelo Between The Legs Oop to Murray Was Crazy Ì†ΩÌ¥•
9kVVVUI0GP0 Final 1:55 WILD ENDING Raptors vs Clippers Ì†ºÌΩø
9mPUa2WavQ8 Final 2:10 WILD OT ENDING Cavaliers vs Clippers Ì†ºÌΩøÌ†ºÌΩø
9mwjfZKafk8 Final 1:11 WILD ENDING Wizards vs Clippers Ì†ºÌΩøÌ†ºÌΩø
9xPrAdBbrj0 Kyrie SEASON-HIGH 38 PTS Leads Nets to Big W Ì†ΩÌ¥•
9yAu2O1IHuA Jalen Green a Human Rocket Ì†ΩÌ∫Ä
A04EbDmNgfw NBA Top 10 Plays Of The Night | December 1, 2021
A1QZuJb_nss He Took Off From So Far Away and POSTER!
A4pbBjduZLs Andre Drummond Making PLAYS in Nets Debut! Ì†ΩÌ≤™
A73T-bVpqr8 Inside Evan Mobley's Rise from #3 Pick to Top Rookie! | NBA Exclusive
AKK1Fpdz83s NBA Top 10 Plays Of The Night | February 12, 2022
AXc1PLXQHZ4 Steph's 1st Buzzer-Beater! | Top 5 Wild Endings of NBA Week 14
AZ3mfMtXVm8 Ja Morant's Best Career HIGHLIGHT Slams! ‚ô®
Aa8NqVL3N9Q How Did Steph Make That!? | Top 20 Plays NBA Week 8
Aa_Lg3Ud3f8 Final 25.2 WILD ENDING Clippers vs Wizards Ì†ΩÌ∏≤‚Äº
AgqzRuE1Ebc NBA Top 10 Plays Of The Night | November 7, 2021
AhVfYjqRHnI LaMelo Near TRIPLE-DOUBLE With Sizzling Dimes Ì†ΩÌ¥•Ì†ΩÌ¥•
AhsyFwBvVcY INSANE 25-8 Comeback Ending Hawks vs Bucks Ì†ΩÌ¥•Ì†ΩÌ¥•
AiKiO2Hc6BY NBA Top 10 Plays Of The Night | November 13, 2021
AizSkWA8bJI KAT Flaming HOT 32 PTS in 3rd Quarter Ì†ΩÌ¥•Ì†ΩÌ¥•
AoBQs4g7U2U Stephen Curry Reflects On His Journey | NBA EXCLUSIVE
AsAu9Qtw4tQ Lance Stephenson Makes His Hawks Debut!
AzOUTrT8TjI Lavine Double Pump Smash Dunk Gets Too High Up! Ì†ΩÌ≤™
AzaFWWewGmI Portland Hits The Deck Twice on Crazy Hustle Plays!
B1bHrLOCAhA NBA Top 10 Plays Of The Night | December 10, 2021
B5c0nEXxtCw NUGGETS at BULLS | FULL GAME HIGHLIGHTS | December 6, 2021
B8FDRp6DAL0 Evan Mobley Poster DUNK Ì†ΩÌ≤™Ì†ΩÌ∏§
BD7Vl0FtyDI The Kids From Akron Hug It Out Ì†æÌ¥ó
BHythKWxZ0Y NBA Top 5 Plays Of The Night | March 15, 2022
BJ5hUdfsMIw Lance Dances and Shows Off on the 3! Ì†ΩÌ¥•
BL7zcTGUL7Q LeBron Dropped The Hammer  | Top 20 Dunks NBA Week 12
BQOaHPf-9ss BILL RUSSELL | 75 Stories Ì†ΩÌ≤é
BXLJy0hJjDc LeBron Called Winning Before #NBAAllStar Intros
BY_dWA1C2fw NBA Top 10 Plays Of The Night | November 14, 2021
BlMFwt7ReqM Final 0:20 WILD ENDING to Hornets vs Kings Ì†ΩÌ∏≤
C49PypKJEYM Best Plays From NBA All-Star Reserve Jimmy Butler | 2021-22 NBA Season
C5_-zVkyg6Q Bones Hyland Anniversary of Life-Changing Event | NBA Exclusive
C6cKl-1fp-g Best Plays From NBA All-Star Reserve Fred VanVleet | 2021-22 NBA Season
C7z3rkQaZP8 LeBron Makes Spinning No-Look Shot After The Whistle
CGFyS7wQ-YA Fave #StateFarmAssists Ì†ºÌøÄ LaMelo OR Dejounte
CHu2L2dbHYg NBA Top 10 Plays Of The Night | February 7, 2022
CKqsa5J5nCY Best Plays From NBA All-Star Reserve Zach LaVine | 2021-22 NBA Season
CNUr0u4mSeE Heat's Young Core (Bam, Herro & Duncan) Combine for 59 PTS Ì†ΩÌ¥•
COEQk_A5TVQ CAVALIERS at NUGGETS | FULL GAME HIGHLIGHTS | October 25, 2021
CPzQrVteZ0Y Best Myles Garrett Plays at #RufflesCelebGame! Ì†ΩÌ¥•
CSPQDroNR-w Gary Payton II Gifts Steph Christmas Present on SOARING PUTBACK! Ì†ΩÌ∏≥
CSPrIgWLlnM Suns Refuse To Let Curry Even Attempt The 3 Ì†ΩÌ∏Æ
CT0ffdKY-S0 MGK ECSTATIC to be Home in Cleveland ‚ù§Ô∏è
Ci5dSSpHfjI Lance Stephenson 1st Bucket as a Pacer Again! Ì†ΩÌπå
CqgZ2_6A298 The Full 2022 NBA All-Star Draft Show Ì†ΩÌ≤é
Cr4UkvVyjrU NBA Top 5 Plays Of The Night | November 11, 2021
Csb9PUHjz-Y Russell Westbrook Steals The Inbound & Drains 3 to Force OT! Ì†ΩÌ±è
CtnFurDUPhM Devonte' Graham DEEP 3 With 1.3s Left Got Zion HYPE! Ì†ΩÌ≤ß
CttWxTG9YM0 Final 0:51 WILD ENDING Mavericks vs Thunder Ì†ΩÌ¥•Ì†ΩÌ¥•
CvuDF1yDIbA Top 10 Rookie Plays NBA Week 21! Ì†ΩÌ¥•
CwAEHc_e2qM KD & Harden Feel Like Superstars That Can Do It All!
Cx33ZL0IXRc NBA Top 10 Plays Of The Night | November 17, 2021
CxC4lPKN2XY Luka Throws a PERFECT Full Court Pass Ì†ΩÌ±Ä
D2cpVJf5kAg Jalen Suggs Show Out 16 PTS at #CloroxRisingStars ‚≠êÔ∏è
D98H8Ftrxds KAT Calls Coach After Winning ‚ù§
DJvKiQ2FTV8 Top 5 EPIC Performances NBA Week 22 Ì†ΩÌ¥•Ì†ΩÌ±è (LeBron, Steph, Kyrie & More)
DTAKvvbLYr8 Michael Jordan Hugs Vanessa Bryant & Jerry West ‚ù§
DWTklkUpXAY Julius Randle's 46 PTS Ignites Knicks Comeback Ì†ΩÌ¥•
DYHogo1118A Russ Shocked Toronto Ì†ΩÌ∏≤ | Top 8 WILD NBA ENDINGS Week 22 Ì†ºÌΩøÌ†ºÌΩø
D_cTsxlqeAY Dwyane Wade Reacts To His Top Career HighlightsÌ†ΩÌ¥•Ì†ΩÌ±Ä
DawIOr_elUg Trae Absorbs Tough Hit to Get to 50 PTS on The Night ‚ô®
DbUHeXx-Iq4 Kemba SAUCY Handle ELECTRIFIES MSG! Ì†ΩÌ¥•
DfEZsWGUY7c Obi #ATTSlamDunk Contest Phantom
Do02lsIyueQ Throwback Thriller! 2OT Bulls vs Knicks 2018 Ì†ΩÌ±Ä
DqPSd7IPwKs Take a Pose, Stephen Curry Ì†ºÌøÜ
DqPuXWcrgR4 Evan Mobley NEW Career-High 30 PTS & 2 BIG BLOCKS! Ì†ΩÌ±Ä
DrJKH-V9JH4 Giannis Picks Up Where He Left Off | Dunk & No Look Assist
E-zksBseQMs Steph Curry Soccer Pass Trick Shot! ‚öΩ | #shorts
E1b-brdPilU Steph Curry 47 PTS on 34th Birthday & Draymond's Return Ì†ºÌæÇ
E4QnY19e7ow KPJ Splits Double Team & Fakes Behind The Back Pass Ì†æÌ¥Ø
E4xC9zwMvKs Top 20 Plays NBA Week 22 Ì†ΩÌ¥•
E6d_M34fxkg DeRozan 40 Piece Leads The Way For Bulls! Ì†ΩÌ∞Ç
E7xpwwZtSmI Final 1:33 WILD OT ENDING Suns vs Kings Ì†ºÌΩøÌ†ºÌΩø
EBKWyTr8OVk NBA Top 10 Plays Of The Night | November 3, 2021
EHFY4ZdwnCY DJ Khaled Reacts to Zach LaVine‚Äôs Dunk 2015 Dunk Contest Ì†ΩÌ¥•
EHNoqBrcBNU Luka Doncic Mic†Üù Up During the All-Star Game ‚≠êÔ∏è
EJyXmUBY1Ls Nikola Jokic Recorded 35 PTS in Less Than 35 Min!
EKok5J-fM6w Team Cavs Win in Cleveland #TacoBellSkills Ì†ºÌøÜ | 2022 NBA All-Star
EM-4hiNn8Bg NBA Players Past & Present React To ICONIC NBA Moments | Pt. 2
EN502fIccGE NBA Top 5 Plays Of The Night | January 6, 2022
EOdmLkhPEHc Steph & Warriors Go On Classic ON-FIRE 16-2 Run Ì†ΩÌ¥•
EQm3TLo_vhI Jaylen Brown Surprised Teammates on VICIOUS Dunk in OT! Ì†ΩÌ∏§
EdZXOimzokA Ja Dazzling 44 PTS Fuels Grizzlies Again Ì†ΩÌ∏≤
EhDJArZjbG4 The Top Assists of NBA Week 6 #Statefarmassists
ElZWNeiTvjQ LeBron Drafts #1 Pick of 2022 NBA All-Star Starters! Ì†ΩÌ≤é
EnhN5Xt5j4E KAT Shocks Teammates Banking CRAZIEST CLUTCH 3 To Send To OT! ‚ô®
Eo6TSwx9iTs When Steph Curry Broke The 3-Point Record in a Game Ì†ΩÌ±Ä | NBA Throwback
ErFa-ucDDjE STEPH DOESNT MISS IN WARMUPS! (14 Straight) Ì†æÌ¥Ø
EvxRPgb9xTU Logo LeBron is Back in Action and it's Ì†ΩÌ¥•
EwBIPIxIsfE NBA Top 5 Plays Of The Night | March 24, 2022
EwbjCOVqlfE Team Durant's BEST Plays Of The Season!
EySHpKwrF2c He‚Äôs Only 19 Ì†ΩÌ∏≥ | Top 10 Rookie Plays NBA Week 9
EzAsi1EXo8E Saddiq Bey CAREER-HIGH Performance Ì†ΩÌ¥•Ì†ΩÌ±è
F2bzdxx1Z4s NBA 75th Anniversary Team - Ultimate Highlight Ì†ΩÌ≤é
F2cUu57kpG8 Luka Goes Off For 41 PTS, 14 REB & 7 AST In The Clutch W
F4szlYpUP_4 NBA Top 10 Plays Of The Night | November 28, 2021
F8mVlqHuQ80 Michael Jordan Asks Magic Johnson to 1v1 at NBA 75 Celebration Ì†ΩÌ±Ä
F9hBrWIpRJc Final 2:13 WILD ENDING Warriors vs Nuggets Ì†ΩÌ≤¶Ì†ΩÌ¥•
FBG4jc_7g6w NBA Top 10 Plays Of The Night | February 5, 2022
FFZ90mCHIxo Baron Davis Reacts To His NASTY Dunks vs Pacers Ì†ΩÌ∏§
FFZbx9VP9XI Luka CAREER-HIGH 51 PTS Ends in Mavericks Win! Ì†ΩÌ∏Æ
FG0yB51RCOc LaMelo Pulls Up From Deep & Gets Up For A Big Jam!
FM9OnUYmDys Draymond Green Reflects on his Journey | NBA EXCLUSIVE
FQ6lIXlOs8M Can't Believe This Happened Ì†æÌ¥Ø | Top 20 Dunks NBA Week 10
FVV3iXCf6Og Haliburton + LaMelo & Suggs Mic'd Up Ì†ΩÌ¥ä
FWpkMuHZ3wo Jaylen Brown Skies For Emphatic Slam, Daps Up KG Ì†ΩÌ∏§
FYYX_qkotsk Final 4:24 WILD OT ENDING Bulls vs. Raptors Ì†ΩÌ¥•Ì†ΩÌ¥•
FZt7hDojP40 UNEDITED: Kevin Garnett‚Äôs First All-Star Game
Ff0jKR9IavI Bridges Ferocious WINDMILL!
FtYHzBvyvQQ Final 3:20 Ì†ΩÌ¥•Ì†ΩÌ¥• Paul George's FIRST GAME Since Dec. 22
Ftlvy7mxYa4 How Does He Do That? NBA Week 5 Best #StateFarmAssists Ì†ΩÌ∏é
G-wN69Qut6k Jalen Green RISES For The Wild Alley-Oop Ì†ΩÌ∫ÄÌ†ΩÌ∫Ä
G2eYRncM13s WILD Final 2:02 in Dallas! | #FantasticFinish
GAaU2dRqNHs CLUTCH Block By Giannis Ì†ΩÌ≤•Ì†ΩÌ∫ß
GCCe4mHwS5Y James & Joel Show Love to New York Ì†ΩÌ≤ô
GDFNTKEHG18 NBA Top 10 Plays Of The Night | December 19, 2021
GFe42jFJWSg Final 1:34 WILD ENDING Lakers vs Grizzlies Ì†ΩÌ¥•Ì†ΩÌ¥•
GFy_lruUuoA Final 1:42 WILD ENDING Warriors vs Spurs Ì†ΩÌ¥•Ì†ΩÌ¥•
GHqgtDyOY8M Isiah Thomas Reacts To Allen Iverson‚Äôs Crossover on Michael Jordan Ì†ΩÌ±Ä
GHysDUffyY4 Klay Thompson Heats Up From Downtown In Q2 Ì†ΩÌ¥•
GI4Yg8MoscI Campazzo Fools Everyone With The Fake & Behind The Back Dime Ì†ΩÌ∏è
GJuy5ja8QyA LeBron Was UNSTOPPABLE In Crunch Time!
GLO28jf4-bo NBA Top 10 Plays Of The Night | October 8, 2021
GLpYdTixU8s Final 2:47 WILD ENDING Warriors vs Nuggets Ì†ºÌΩøÌ†ºÌΩø
GMVaJtJ0NrA Cameron Johnson Comes Up CLUTCH vs Knicks Ì†ΩÌ±Ä
GPGaV-z8rSg Jalen Green Can't Believe His Alley-Oop Over Russ Ì†ΩÌ∏Æ
GPHvQL2ySHs Tatum POPPED OFF On His Birthday Ì†ΩÌ±è
GQqZEoRGoZQ Final 2:43 WILD ENDING Jokic GAME-WINNING Block! Ì†ΩÌ¥•Ì†ΩÌ¥•
GR4WHNclQqA \
GRfdgBjoYzM Top 20 Dunks NBA Week 22! Ì†ΩÌ¥•
GS73KlawyNw Devin Booker MONSTER SLAM Ì†ΩÌ∏§
GT4AbtgAMJU Young Stars Taking Over PTS Tonight Ì†æÌ¥©Ì†ΩÌ±è
G_OE8oPo3Fo Zach LaVine THROWS IT DOWN Ì†ΩÌ∏≤
GfJ-TSuYBbM Melo Brought The Showtime To Charlotte | Top 10 Sophomore Plays Week 14
GfKqQpCV7ro Baron Davis Reacts to 2001 Full-Court Shot
Gl04QVYjdMo Alex Caruso Did It Again! Ì†ΩÌ∏Æ | Top 20 Dunks Week 6
GmBxLfTCEc8 NBA Top 10 Plays Of The Night | March 27, 2022
GnsoNKYkcFM Final 1:21 WILD ENDING Bulls vs Hawks Ì†æÌ∑äÌ†æÌµ∂
Go_yGWfPZA8 LaMelo SHOWTIME Performance 19 PTS & 9 AST! Ì†ΩÌ¥•Ì†ΩÌ¥•
Gp1YzDy2iOI NBA Top 10 Plays Of The Night | December 29, 2021
Gpl9iDHiqFE Jaylen Brown Torching 76ERS But Embiid Answers Right Back Ì†ΩÌ¥•Ì†ΩÌ¥•
H0XhzyXHHPo Best Plays From NBA All-Star Reserve Jarrett Allen! | 2021-22 NBA Season
H1LKkf4q7cs Lance Stephenson's Drops Two FLASHY Passes
H1Rqg-xawM4 LaMelo Hangs For ACROBATIC Up & Under Finish
H4O-LwXgl6Y LeBron Chalk Toss in Cleveland Again Ì†ΩÌ±Ä
H7m5Wi8C5n0 MSG Chants RJ BARRETT After 30 PTS in 1H! Ì†ΩÌπå
HB7itHfZ9yU KD Couldn't Believe How Ja Went So Fast
HBtfOIBwuoc KD Drops New Career-High 55 PTS in ATL
HIjjkGIa5Hs Anthony Edwards CAREER-HIGH in Stellar Performance Ì†ΩÌ¥•
HKwYDgm4B8g KJ Martin Literally Gets Above The Rim On CRAZY Poster Dunk!Ì†ΩÌ∏≤
HMXmeXRydlw Final 0:35 WILD ENDING Bucks vs Hornets Ì†ΩÌπå
HPaoUUrF9ac Jalen Green & Jordan Clarkson Make Filipino NBA History Ì†ºÌ∑µÌ†ºÌ∑≠
HSIK3jOz_ik Bojan Bogdanovic Career-high & Jazz franchise record 11 THREES Ì†ºÌæØ
HT7TgvuIe50 Final 1:49 WILD ENDING Bulls vs Celtics Ì†ΩÌ¥•Ì†ΩÌ¥•
HVN5cuop4Nw NBA Top 5 Plays Of The Night | January 13, 2022
HZjB-IweluE WILD Ending in Houston | Nail-Biting Final 1:16 Ì†ΩÌ¥•
H_K2vXcidBg Chris Paul & Devin Booker Combine For 60 PTS In Suns Win!
HgNm_T02Abc Rajon Rondo Makes Crazy Plays in Cavaliers Debut! Ì†ΩÌ¥•
Hkft_lFzv14 LaMelo Pulls Another Crazy AssistÌ†ΩÌ±Ä | Top 10 Sophomore Plays Week 12
HkpxuTcs50Q NBA Top 10 Plays Of The Night | February 10, 2022
HpMAtwSQgrQ Steph Keeps Backing Up Hittting 4 Different Logo 3-Pointers vs Nets Ì†ºÌæØ
HszmwihCRRY REGGIE MILLER | 75 Stories Ì†ΩÌ≤é
HvrGLYWw8-c Final 17.2 WILD ENDING Timberwolves vs Pelicans Ì†ΩÌ∏≤
Hwqmn5x2i5E NBA Top 10 Plays Of The Night | March 6, 2022
HwyAadqJnEM NBA Top 10 Plays Of The Night | February 25, 2022
HxSeonAMrFc Anthony Edwards SIZZLES In Timberwolves Dub Ì†ΩÌπå
HxU8m8Fl3kA NBA Top 10 Plays Of The Night | January 3, 2022
HyEcn6ZEwDg Joel Embiid Led The Way 36 PTS & 10 REB on Team Durant Ì†ΩÌ∏§
I-uSb_5IpCY Adam Silver introduces the NBA's 75th anniversary season! #NBA75
I2S848qFZAU NBA Top 10 Plays Of The Night | February 14, 2022
I4WcgpKjiMM ISIAH THOMAS | 75 Stories Ì†ΩÌ≤é
I6XQ1jl9fG4 Harden & Embiid Dominant Duo RECORD SETTING in New York Ì†ΩÌ¥•
I9OLPXxgYWk Cade Cunningham Sets A New Career-High 29 PTS Ì†ΩÌ¥•
IAhBGPDJIpU Anthony Davis Reacts To His 360 Alley-Oop In 2017
IBcfXVnLm_Q CURRY FLURRY Ends with DEEP Half-Court Shot! Ì†ΩÌ≤ß
ICJnUDIOMpw Ja Head Meets Rim on Reverse OOP! Ì†ΩÌ¥•
IDXSK2Gdhm8 Trae Young's Fancy Handle And Deep Three Ì†ΩÌ∏±
IIRm9H0vpag Stephen Curry Wins The Kobe Bryant Trophy #KiaAllStarMVP
IKlllk9pP9k Top 10 EPIC Performances NBA Week 21 Ì†ΩÌ¥•Ì†ΩÌ±è (LeBron, Steph, Kyrie, Jokic & More)
IQM2sXrC6Cg Chaos Erupts At End of Hornets vs Heat Game! Ì†ΩÌ±Ä
IUlTAFHe7JI KAT Throws Down MASSIVE Dunk ‚ÄºÔ∏è
IZ6bKFtQRpY Best of Phantom Ì†ΩÌ≥ΩÔ∏è‚≠ê 2022 #NBAAllStar Game
IZPu0AoNhqw Final 2:01 WILD ENDING Cavaliers vs Hornets Ì†æÌ¥Ø
IcPb4oVZSuc NBA Top 10 Plays Of The Night | October 29, 2021
IfCc-vSpNyE The Dimes Were Crazy! | Top 10 #StateFarmAssists NBA Week 8
IjekZGeH3NA Stephen Curry RED-HOT 6/6 Start Ì†ΩÌ≤¶Ì†ΩÌ≤¶
Inyho5zaJlQ NBA Top 10 Plays Of The Night | April 5, 2022
IpSLadH6sNA STEPHEN CURRY BREAKS THE ALL-TIME 3 POINT RECORD! Ì†ΩÌ¥•
It6mELLcC9w 2022 NBA All-Star MINI-MOVIE! Ì†ºÌæ¨
ItBEsVjr_S8 \
Iuqnu7jbC4g KD Going Coast-To-Coast Ì†ºÌøÄÌ†ΩÌ≤™
IuzfuY4VEEk Kyrie Drops 42 PTS In Nets Dub Ì†ΩÌ¥•Ì†ΩÌ¥•
IwBNTfq5NxM Thor Throws THUNDEROUS HAMMER In 1st NBA Bucket! ‚ö°Ô∏è
IzIUf0SEDXk Final 4:40 WILD OT ENDING Warriors vs Trail Blazers 2014 Game-Winner Ì†ΩÌ¥•Ì†ΩÌ¥•
IzeYSv0KI6s NBA Players Past & Present REACT to Their Outstanding JAMS Ì†ΩÌ¥•
J2gHgdlJZgc Steph hits a RIDICULOUS Circus Shot After The Whistle Ì†æÌ¥Ø
J3twWpBMzOM NBA Top 10 Plays Of The Night | March 9, 2022
J40RdYB2wrI Bulls Go On a 39-11 Run in the 4th at Boston!
JDizx3uTb7g Ì†ΩÌ∫® Suns Take The Win With Cam Johnson‚Äôs #TissotBuzzerBeater! Ì†ΩÌ∫®
JELwI085Uf4 Jaylen Brown CAREER-HIGH 50 PTS in CLUTCH OT W! ‚ô®
JH3ufkChWCM NBA Top 5 Plays Of The Night | March 17, 2022
JIxr5Kf_Ji8 LeBron Makes History, Drops 38 PTS Ì†ΩÌ±ë
JOh7m8uKUoU Alex Caruso GREAT HUSTLE & First THREE in Bulls Debut! Ì†ΩÌ¥•
JOhIKf4Zuzc Lonzo Ball Wild Touchdown Pass to DeRozan! Ì†ΩÌ¥•
JR7AN7_mLPE Ryland James Performs The Canadian Anthem | 2022 NBA All-Star
JU-O3uFqJXI Giannis Throws Down A WILD JAM Ì†ΩÌ∏§
JVxx1E6wCz8 Karl-Anthony Towns Poster DUNK Ì†ΩÌ≤•Ì†ΩÌ≤™
JWE9k5dBdxc Jordan Clarkson Proves He Wasn't Joking Ì†ΩÌ∏±
JZCRfcB28e8 NBA Players Past & Present React To Their Outstanding Highlights ‚Äì Part 3
JZaLKVd5bP0 Scottie Barnes Dunked This Between 2 Guys & Into Stands! Ì†ΩÌ±Ä
JgLSs0TemEc Did it Count?
Jijaig1PbqU The Bench Reaction To This INSANE Reverse Dunk Ì†ΩÌ∏Ç
Jiz6azWSBjs Klay Thompson SEASON-HIGH 33 PTS Closes out Lakers Ì†ΩÌ≤¶
JnIDpt57uJU Warriors Bench Goes Crazy After Gary Payton II MONSTER DunkÌ†ΩÌ∏≤
Jr5GkZ-5ECw NBA Top 10 Plays Of The Night | March 16, 2022
JtXSgjwnQ50 Embiid's MONSTER Performance Ì†ΩÌ∏≤ 43 PTS, 14 REB, 3 BLK
Jz_5x4BdFVw Anthony Davis Elevates for HUGE One-Hand Oop! Ì†ΩÌ∏Æ
K-21HYjHwuc Inside The NBA Reacts to the NBA's 75th Anniversary Team...
K8fUSHaIXik JERRY WEST | 75 Stories Ì†ΩÌ≤é
K9gb7dgeKsw NBA Top 10 Plays Of The Night | December 11, 2021
KAz6jJ8gL5c Ja Morant Best Plays in His 1st NBA All-Star as a Starter! Ì†ΩÌ¥•
KFB1L9j7xPs Final 1:38 WILD ENDING Bulls vs Pacers Ì†ΩÌ∏ÆÌ†ΩÌ∏Æ
KH2w-fV-6i4 ROBERT PARISH | 75 Stories Ì†ΩÌ≤é
KIjyJtbjZyQ LeBron Caps Return to Cleveland With GAME-WINNER at 2022 NBA All-Star Ì†ΩÌ±ë
KQkTV8Fkx_c Kobe Bryant's 61-PT Performance at Madison Square Garden | Feb. 2, 2009
KWH87yNidWo SHOWTIME BULLS!  Derrick Jones Jr AND-1 After Hustle Plays Ì†ΩÌ∫®
KZLnnURpXbM Final 0:30 WILD ENDING Pistons vs Wizards Ì†ºÌΩøÌ†ºÌΩø
Kc4GPo5NrN0 Luka's FEROCIOUS Putback Ì†ΩÌ∏±
KdYOtUDtG-Y Karl-Anthony Towns Wins #MtnDew3PT Competiton! ‚ù§ | 2022 NBA All-Star
KgjoI014Afs Best Plays From NBA All-Star Reserve Rudy Gobert | 2021-22 NBA Season
KglIc80FeIg Jaxson Hayes Eastbay Dunk Ì†ΩÌ¥•
KipsvuD97lQ Harden's HYPED REACTION To His Huge Putback Jam Ì†ΩÌ∏è
Kjci1Oko2Yo Michael Jordan Clutch Jumper in 2003 All-Star Game
KkPRc4ih_U8 Final 1:36 WILD ENDING Grizzlies vs Cavaliers Ì†ΩÌ¥•
Kq4WgKbhEak NBA Top 10 Plays Of The Night | October 28, 2021
KqMBRALpvLI Trae Young Leads Hawks With 45 PTS In NYC!
Ktgpf2o5T2I Steph Curry Was SCORCHING HOT 45 PTS & 10 REB Ì†ΩÌ¥•
L0gBsSz-O7k Insane 48-31 COMEBACK ENDING Clippers vs 76ers Ì†ΩÌ¥•Ì†ΩÌ¥•
L61kTTpOWlw CP3 Breaks Out The Shammgod Crossover Ì†ΩÌ∏Æ
L6LsvN2WVeY The NBA 75 Full Team Together Ì†ΩÌ≤é
L78aitt_ERQ Top 10 Sophomore Plays NBA Week 21! Ì†ΩÌ¥•
L9CV_qK_LUU CJ McCollum SEASON-HIGH 36 PTS Powering Pelicans Ì†ΩÌπè
L9jMAzRPtGI Best #StateFarmAssists of NBA Week 16!
LIMfkuz189w Anthony Davis Reacts to his First Poster Dunk Ì†ΩÌ±Ä
LQNByyJ_a5k NBA Top 10 Plays Of The Night | November 26, 2021
LQw5ku5_2IE Ja CAREER-HIGH 46 PTS Ì†ΩÌ±Ä
LS9L-xHDJbo Lauri Markkanen & Jarrett Allen Throw Down Big Dunks Back to Back!
LUH7DVUJwzE James Harden Tallies 36 PTS 10 REB 8 AST
LW44dVPCN_w NBA Top 5 Plays Of The Night | December 14, 2021
LYLrTr5gBbo Wooo, We Gettin' A Trophy Ì†ΩÌ∏éÌ†ºÌøÜ
LYplNbQqeH8 The Best Christmas Gift Ì†ºÌæÅ | Best #StateFarmAssists NBA Week 10
LeYzd3gFL0c Devin Booker Goes OFF 48 PTS in Season High! Ì†ΩÌ∫®
LjOdg9WJQhg Alex Caruso 1st Bucket Back for Bulls! Ì†ΩÌ¥•
Lo8yU_gEzUc KAT Final 3PT Shot in PHANTOM Ì†ΩÌ≤¶
Lvgspv0CHgs Final 1:20 Wild 3OT ENDING Heat vs Raptors Ì†ΩÌ∫®Ì†ΩÌ∫®
Lw-WDKTIQ3w Ja Morant Making SPECIAL Plays in Return to Action! Ì†ΩÌ±Ä
LxU-SyRb1E0 Markelle Fultz Making Plays in Return! Ì†ΩÌ¥•
Ly54YhKa-NM Tyler Herro SINKS Deep 1st Quarter Buzzer Beater Ì†ΩÌ∫®
LzJ7DQMUnZo Joker's Footwork & Moves Ì†æÌµµÌ†ΩÌ¥•
Lzp79zKUs64 Lonzo UNSELFISH Off The Glass Alley-Oop to Lavine! Ì†ºÌΩø
M2ggnexKu0w Jalen Green's CRAZY Slam Ì†ΩÌ∏≤
M56JAi8RnWo Best Plays From All-Star Starter DeMar DeRozan | 2021-22 NBA Season
MBLjGU6pqv8 Mo Bamba ICES Game With Huge Buckets Ì†æÌ∑ä
MGI1PonA7lQ Steph Drains 4th, 5th, & 6th Straight 3s in First Half Ì†ΩÌ≤¶
MIrNKOIOxtE Michael Jordan Debates Mutombo if He's Dunked on Him Ì†ΩÌ∏Ö
MKkK23Q4FkI Joel Embiid Put The Team On His Back In OT Ì†ΩÌ∏§
MQRYWK3dfa8 CARMELO ANTHONY | 75 Stories Ì†ΩÌ≤é
MRpzZjHQfjI Brandon Ingram Hits One of The Craziest Buzzer Beaters & Can Only Smile
MSw6mNRJlCU Jayson Tatum RED HOT Q4 Start Ì†ΩÌ¥•Ì†ΩÌ¥•
MXTak-cOsgQ Toussaint wins MVP of #RufflesCelebGame Ì†ºÌøÜ
MapM5Y1OK60 Marcus Smart & Brown CLUTCH Back-to-Back 3‚Äôs Send to OT! Ì†ΩÌ¥•
MfHozBoihSk Final 1:06 WILD ENDING Nets vs Wizards Ì†ΩÌ¥•Ì†ΩÌ¥•
MiPpijkyYeg NBA Top 10 Plays Of The Night | March 4, 2022
Mj1ORtFt3YE Klay Continues To Get Buckets In Just His 2nd Game Back!
MkwadlViyic Giannis Pulls Up on DEEP 3 to Cap Triple-Double Ì†ΩÌ≤¶
MpAdGKBnB9Q Best Plays From NBA All-Star Reserve Darius Garland | 2021-22 NBA Season
MpR-Su0LqaQ Lamelo Triple-Double. Oubre 10 THREES. Hornets Go OFF For 158 PTS!
MtKf6IbFh90 NBA 50 Legendary Figures | NBA Exclusive
MyWwVlHoNxk Steph Curry Can't Be Contained Dropping 9 THREES vs KD & Nets! Ì†ΩÌ¥•
N2jdb36QQXA Julius Randle CALLS GAME on STEPBACK at Buzzer for Knicks! Ì†ΩÌπå
N30OlRABkKM NBA Top 10 Plays Of The Night | December 18, 2021
N5891cJveps KEVIN GARNETT | 75 Stories Ì†ΩÌ≤é
N6SVZdXMIAY The MVP Gets Game-Sealing Block! UNCUT Last 2:02 HOU vs DEN
N77aeFaMJUk NBA Top 10 Plays Of The Night | December 25, 2021
NCNCQSePsJQ Kevin Durant Tackles Fan After Half-Court Shot! Ì†ΩÌ∏≤
NFBzmW7pKCM Will Barton Comes Up Clutch In Close Ending | Nuggets vs Timberwolves
NJLvx2mUmnU Melo & Westbrook Tip-Off Routine is Back Again Ì†ΩÌπå
NMtLfio0kBc Ja Morant Details Grizzlies Rise ‚≠êÔ∏è | NBA Exclusive
NNCQEaUPkmY Trae Young Puts On The Moves And Drops a DIME To John Collins Ì†æÌ¥Ø
NUWYtjk86Oc Final 5:19 WILD ENDING Lakers vs Warriors For 7th Seed! Ì†ΩÌ∏±‚åö
NaPe4h5hHjE NBA Top 10 Plays Of The Night | February 15, 2022
NcFpzQrtMOc Top 10 WILD NBA ENDINGS of The YEAR Ì†æÌ∑äÌ†æÌµ∂Ì†ΩÌ±è
NeYJiRNYxbo Nikola Jokic Wins Western Conference Kia Player Of The Month Ì†ΩÌπå
NmAOE9ifJ3Q Josh Hart First THREES as Trail Blazer! Ì†ΩÌ±Ä
Nmee4cwiPZY Lamelo Ball Runs The Fast Break Like Houdini Ì†æÌ∑ô‚Äç‚ôÇÔ∏è
Npmm7J7Myd8 Logo Lebron Made JVG Impersonate Mike Breen 'BANG' ‚Äº
NrFnrMIitcc How Did He Make That Pass? NBA Week 4 Best #StateFarmAssists Ì†ΩÌ∏é
NwUsPCzt_MA 18 Years Old to 18th All-Star ‚è≥
NxsQOqJ5H4U Ja Can't Believe Himself How Fast He Went Coast-To-Coast Ì†ΩÌ¥•
Ny6wH6erbF4 NBA Top 5 Plays Of The Night | October 21, 2021
O4gPE3qaF0A Final 1:48 WILD CHRISTMAS ENDING Lakers vs Nets Ì†ΩÌ±ÄÌ†ºÌæÅ
O5I8vNNgSiA Magic Johnson, Bill Russell, and Larry Bird Share A Funny Moment Together ‚ù§
O5TkSUoOVik NBA Top 5 Plays Of The Night | January 18, 2022
O7B8UT_caww Dominique & Rodman Share a Laugh Reuniting Ì†ΩÌ∏Å
OARvLjKzjos DON'T JUMP WITH JOHN COLLINS! Ì†ΩÌ≤¢
OFHY7n8V_yw Steph Pulls Up From Half-Court At Buzzer Again! Ì†ΩÌπå
OKJ07xBEr2k NBA Top 10 Plays Of The Night | November 2, 2021
OLEaVo70MIM Cam Reddish Makes His New York Knicks Debut!
OOcN27e3IXA Final 2:43 WILD CHRISTMAS ENDING Warriors vs Suns Ì†ΩÌ¥•Ì†ΩÌ¥•
OV01uoKpVbw Was It The Fro? | Top 20 Dunks NBA Week 11
OW5DBcQPVUk NBA Top 10 Plays Of The Night | January 7, 2022
O_B3L9iGT9U NBA Top 5 Plays Of The Night | January 20, 2022
OaIos36bd_Q Steph & Warriors Bench Cheer As Jonathan Kuminga Sinks His First NBA Bucket!
OaJyibqUdUc Final 1:06 WILD ENDING Suns vs Knicks Ì†ΩÌ∫®Ì†ΩÌ∫®
OdNb04R6W1M Final 1:47 WILD OT ENDING Grizzlies vs 76ers Ì†ΩÌ¥•Ì†ΩÌ¥•
OeiFYcTj288 Ja From HALFCOURT Ì†ΩÌ∏±
OerYakdEo4o DOLPH SCHAYES | 75 Stories Ì†ΩÌ≤é
Of7kiirMPWM Okongwu ONE-HAND Throwdown on the Break!
OhjfGdIKJQo Ja Reached DEEP in His Bag
OmZw1BU_CWQ LeBron Still Jumping Out Of The Gym at 37 Ì†ΩÌ∏≥
OyCHCoxvFIE Best Of Mic'd Up ‚≠êÌ†ΩÌ¥ä #NBAAllStar
Oz4b9_lPh7s The BEST of 1st Time All-Stars (Ja, LaMelo, Garland, Allen, Murray, VanVleet, Wiggins) Ì†ΩÌ≥à
OzJs1c0qhXA Joel Embiid Wins Eastern Conference Kia Player Of The Month Ì†ΩÌ¥î
OznQgxLeUWc POP OFF Jalen Green Ì†ΩÌ±èÌ†ΩÌ±è
P0lUNq5e9yI Jaylen Brown Dropped Him! Sick Crossover & Dime Ì†ΩÌ¥•
P2HApj5UcWU Josh Green THROWS IT DOWN & Mavericks Bench went WILD! Ì†ΩÌ¥•
P2nBkjh2qxQ Klay Heating Up 3 Straight THREES Ì†ΩÌ¥•Ì†ΩÌ¥•Ì†ΩÌ¥•
P8wo44IIa1I NBA Top 10 Plays Of The Night | December 13, 2021
PD4YDV7T9W8 The BEST Reactions To Steph‚Äôs AMAZING Display at All-Star Ì†ΩÌπå
PF9pCzWRvMg LeBron James GAME-WINNER at 2022 NBA All-Star Ì†ΩÌ¥•Ì†ΩÌ¥•
PFpe42LoviM When Steph Curry's Daughter Riley Stole the Show ‚ù§
PKA64PM1MNg Final 2:19 WILD LAST SECOND ENDING Spurs vs Thunder Ì†ºÌΩø
PPlXCii1RYA NBA Top 10 Plays Of The Night | November 22, 2021
PR4--VH4HyE Ja FLOATS Through the Lane & Splits 2 Defenders Behind The Back Ì†ºÌº™
PXYP6Etac80 James Harden Ties Reggie Miller On All-Time 3PM List Ì†ºÌæØ
Pbv8kjOeIVA Young Cavs Darius Garland & Jarrett Allen Showed Out in Cleveland ‚≠ê‚≠ê
Pc-1ImUGvR8 Steph SHOWING OFF With Eyes In The Back Of His Head Ì†ΩÌ±®‚ÄçÌ†ºÌΩ≥
Pi7c1Igzwgc JTA Brought The Entire Chase Center On Their Feet With This Dunk!
Pk1zsl5KlmY Ernie Rhymes All 76 Names on NBA 75 List Ì†ºÌæ∂
PmFRYzfRD_4 Draymond Checks in to Roaring Ovation & Immediately Gets Assist Ì†ΩÌ∏é
PmeVfM00kWI LAKERS Go NUTS As LeBron Hits 50 PTS Ì†ΩÌ±ë
PtCvTlk3P1I Jalen Green Goes at LeBron in FIERY 24 PTS Ì†ΩÌ¥•Ì†ΩÌ¥•
PwKRTRbLC6M Lebron on EASY-MODE Ì†ΩÌ±ë 33 PTS, 5 REB, 6 AST
PxLh8RGof7Q KD Gets the Assist Off His HEAD Ì†ΩÌ∏Ü
Py739OVCIPE Steph & Trae Trade DEEP THREES Early Ì†ΩÌ≤¶
Q0L55_UETkU Only Jordan & Pippen Did This For The Bulls Ì†ΩÌ∏≤
Q5WyR2jYtL4 \
QCJRa0rlQLA Top 10 WILD NBA ENDINGS Week 19 Ì†ΩÌ¥•Ì†ΩÌ¥•
QCNjd6GHi0Y The Laker Legends Ì†ΩÌ≤é
QDj0aeQRnfU LaMelo & Giannis Share Respect After Trading CLUTCH Final Shots Ì†ΩÌ¥•
QDvvCoILz-w Cade Cunningham Hits First NBA 3-Pointer From The Logo!
QFR9nwjaHnM Trae Young DIMING All His Hawks Teammates Showing No Rust Early On! Ì†ΩÌ¥•
QVgRbJdqGf0 \
QYHKK1FOS4s Final 0:47 WILD OT ENDING Knicks vs Thunder ‚ö°Ô∏è‚ö°Ô∏è
QZhiq8kFZYM \
QhJYZo6ZSKQ LaMelo No Look Behind The Back Pass!
QkRpylC61IE Steph & Draymond High-Five Hilariously REFUSED By Aaron Gordon Ì†ΩÌ∏Ç
QknDyP7DuRY NBA Stars SHOWED OUT on Opening Night! (Giannis, KD, Curry, Lebron, AD)  ‚≠ê
QlwifxhYZRg His Most Surprising Play? Ì†æÌ¥Ø | Top 20 Plays NBA Week 6
QqJvBzC1WJ0 Devin Booker Shines at All-Star With 20 PTS for Team Durant Ì†ºÌºü
QrynFohxXEM Cade Sets CAREER-HIGHS in PTS & 3PMÌ†ΩÌ¥•
QwPk0v99SUM WILD Final 1:40 In Charlotte Ì†ΩÌ∏± Nuggets At Hornets!
Qz4cJA5zXhU Steph Ignites in 4Q for 21 PTS vs Rockets! Ì†ΩÌ≤¶
R56m3M7PkT8 Klay Thompson Scorching 14 THREES vs Bulls Ì†ΩÌ¥•Ì†ΩÌ¥•
R77RXDBg988 LeBron Makes Electrifying Clutch Layup!
R96cMT6GmMA Chicago Native Ayo Dosunmu IGNITES Bulls With Flashy Plays on Both Ends Ì†ΩÌ¥•
R9bmWE216Wk NBA Top 10 Plays Of The Night | December 15, 2021
RBroO_Rx0o4 WARDELL STEPHEN CURRY II BECAME THE GREATEST SHOOTER IN NBA HISTORY! Ì†ΩÌ¥•
RDrFfLMlsi4 Final 1:26 WILD ENDING Bucks vs Jazz Ì†ΩÌ±èÌ†ºÌΩø
RHQHrSSbWSY He Did That? Ì†ΩÌ∏è | Top 20 Plays of NBA Week 4
RNGzswebgkk Tacko Grabs 3 Straight Rebounds & The Crowd Loves It!
RNx-91njBhg Steph Breaks Out NASTY Stepback Three!
ROSeMq-Bti0 Stephen Curry Turns Around on NBA RECORD 15TH THREE Ì†ºÌøÜ
RP9ZNFld2xg Trae Breaks Out WILD Stepback Moves
RPEdxhMZy6Y Giannis Drops 30 PTS & 12 Reb in Team LeBron W! Ì†ΩÌ∏§
RTOAJqhlLxc Best Plays From All-Star Starter Giannis Antetokounmpo | 2021-22 NBA Season
RkZOuG_zt-k The Top Assists Of Week 11 #StateFarmAssists
Rn9UWhRuqqk Klay Thompson Back On Court & Can‚Äôt Miss a Shot Ì†ΩÌ±Ä
RnESv19Fhf0 NBA Top 5 Plays Of The Night | March 22, 2022
RrRDBzxFGBA NBA Top 5 Plays Of The Night | April 2, 2022
RsNFQzMOYOA Final 0:59 WILD OT ENDING Celtics vs Magic Ì†ΩÌπåÌ†ΩÌπå
Rv-ypo0t-2g NBA Top 10 Plays Of The Night | February 28, 2022
RwS7tdF-B4Q Joel Embiid DOMINATING 41 PTS in Clutch W!
RyW8JPwRt0o Nobody Has Done What Giannis Just Did In 62 Years Ì†æÌ¥Ø
S62dTOgYgWo Shades of The Finals With Giannis Blocking Suns Ì†ΩÌ∏Æ
SGp4NBkjaAM HE'S TOO LITTLE! Dejounte Murray Breaks Out CLUTCH Celebration Ì†ΩÌ≤™
SJb7_BeWGyc Steph Uses Fancy Acrobatics & Admires His Work
SROim8WM4VI NBA Top 5 Plays Of The Night | October 9, 2021
SRrcFblJpmE Cavs Got HOT at Home in #TacoBellSkills ‚ù§
SXT5naY4XbI OSCAR ROBERTSON | 75 StoriesÌ†ΩÌ≤é
Sg9KDnjEiXo The NBA Celebrates 75 years! #NBA75
SqxQbAF_urA Jae Crowder Dives Over Jojo Siwa For Loose Ball!
St07MxWrkXo Zach LaVine DRAINS Back to Back Deep Threes
Sy5cG-DM35g Alex Caruso Goggle Celebrations Are FRESH Ì†æÌµ∏
T0ivgUEUNlI LeBron James & Kevin Durant Draft Starters for 2022 NBA All-Star Draft Show! Ì†ΩÌ≤é
T0ly1Aj76Zk NBA Top 10 Plays Of The Night | November 24, 2021
T1k9XjcYOZQ Joel Embiid Ties A Career-High 50 PTS!
T2q8oSflWC8 LeBron James Mic†Üù Up First NBA All-Star Game in 2005 ‚≠êÌ†ΩÌ∑£
T4aLJVMxMWk James Harden 1st Bucket as a 76ER! Ì†ΩÌ¥•
T5XP4P-nUfQ Jalen Suggs Off The Backboard Shocks Teammates Ì†æÌ¥Ø
T5rlEZLTnfk Alex Caruso Shut the United Center Down with HUGE Dunk! Ì†ΩÌ∏¨
T7ADzB31Mko Trae Young Beats The First-Quarter Buzzer Ì†æÌ¥Ø
T7dBdETA8SU A RARE 3OT Thriller Ì†ΩÌ±Ä | Top 5 WILD ENDINGS NBA Week 15
T7yjycO8xso Melo Hits CLASSIC Celebration After Back-To-Back THREES! Ì†ΩÌπå
T9fGeL49_YE LeBron Drains Back-To-Back CLUTCH Triples Ì†ΩÌ¥•Ì†ΩÌ¥•Ì†ΩÌ¥•
TAUpWHtWBtk LeBron & KD Announce Charities They're Playing For ‚ù§
TB3VDFi0LDo EVERY WILD ENDING From NBA Restart In 2020 Ì†ºÌΩø
TDIgP0Euqhw Jordan & Kobe Competitive Moment 2003 All-Star Ì†ΩÌ∏Ñ
TDPHZzEocrY Scottie Barnes Brings The Heat In Miami | Top 10 Rookie Plays NBA Week 13
TG800GpjLr0 Steph Can't Miss Even When He Tries Ì†ΩÌ∏Ç
THajw9QGAI8 Best Plays From NBA All-Star Reserve Karl-Anthony Towns | 2021-22 NBA Season
TN8p366cIMM Giannis Triumphant in Return! 32 PTS | 14 REB | 7 AST Ì†ΩÌπå
TOhUVIAWBK8 STEPHEN CURRY BREAKS ANOTHER 3-PT RECORD!! Ì†ΩÌ¥•Ì†ΩÌ¥•
TRyiNAbULb8 LaMelo Throws EPIC Between The Legs Lob & Drops The Defense!
TSsNNKHTrZY WILD Overtime Finish In Raptors/Celtics Game Ì†æÌ¥Ø
TUMSmTexqWQ NBA Top 5 Plays Of The Night | March 19, 2022
TZ1Zu7bSYsw Top 10 WILD NBA ENDINGS Week 22 Ì†ºÌΩøÌ†ºÌΩø
T_CVyctILUo Tristan Thompson Can Only Smile on Funny Free Throw Sequence Ì†ΩÌ∏Ü
TdBgWipm-F8 Buddy Hield Pulled Up From Here & It‚Äôs Ridiculous Ì†ΩÌ±Ä
TdVwI6DwkTY LeBron Return to Lineup in Lakers OT W! 29-PT TRIPLE-DOUBLE
TePW9wZrJu8 Klay Thompson As Jackie Moon Ì†ΩÌ∏Ç
Tg8wUSZB2CI If This Would've Gone In...
TgByuXVjxqk The Point Guards of NBA 75 Ì†ΩÌ≤é
TgYwxTvwYtY Paul George Back-To-Back 3's Ì†ºÌæØ
TlbZJ75pYCE Kyle Kuzma Throws Down HUGE Poster Dunk!
To8BG1AW7mY This Nets DeAndre' Bembry Dunk in Slo-Mo Ì†æÌ¥Ø
TpnaYSMa7CE NBA Top 10 Plays Of The Night | October 25, 2021
Tqy_JTeNEY4 Andrew Wiggins Has Been Throwing Down Dunks Since He Came In The League!
TtFZW7vvHmY DJ Khaled Reacts to Jump Over the Mascot Dunk 2016 Dunk Contest Ì†ΩÌ∏ÆÌ†ΩÌ¥ë
Tuf-BSbM3jw Devin Booker GOES OFF For 49 PTS In Suns Win ‚òÄÔ∏èÌ†ΩÌ¥•
TxA2k_ex_hU Ja Morant Hit Some Big Shots at Utah!
U2ZfbFMv4n0 Raining 3s In Houston ‚òî
U4-QwoZ0O6Q Dirk Recalls Funny Boban Story & Then He Goes OFF Ì†ΩÌ∏Ç
U6H2G5BECIA NBA Top 10 Plays Of The Night | January 17, 2022
U7AXyFLkAm4 NBA Top 10 Plays Of The Night | October 31, 2021
UD-8_X_tzp0 Campazzo SAUCY Handle & Finish Ì†ΩÌ∏≤
UJlMvXsvz8k Joel Embiid's Scoring Outburst Fuels Philly | 45 PTS Ì†ΩÌ∏≤
UR_6wXDjSl8 Paul Millsap Brings Nets Bench Out Their Seats on HYPE Jam! Ì†ΩÌ¥•
UXo58eABaKg NBA Top 10 Plays Of The Night | February 16, 2022
UaJ79x5A4gc Giannis Breaks Free!! Ì†ΩÌ≤•
UeMz945EdpU The Full 2022 NBA #TacoBellSkills Competition Ì†ΩÌ¥• | 2022 NBA All-Star
UeaamE_VGNA Are The Bulls Lucky OR Good? Ì†ΩÌ∏Ç
UgG9czaMB04 Macy Gray Performs The National Anthem | 2022 NBA All-Star
UhruDl4ZB0o A Man's Jam Ì†ΩÌ∏§ | Top 20 Dunks NBA Week 17
Upi0Sxh2lss James Harden NOW #3 All-Time In Three-Pointers Ì†ºÌøÜÌ†ºÌøÄ
UrA8wINIxXk Dwayne Wade & Inside The NBA Announces Final 25 Names for NBA 75 Team Ì†ΩÌπå
UrKlK-i3i_k NBA Top 5 Plays Of The Night | October 12, 2021
UsqKtyLSzok Reaves Blocks Klay & Then Klay Responds With AND-1 ‚ô®
Utb8SCBnX3o Kuzma Block to Porzingis SLAM & Wizards are Rolling Ì†ΩÌ¥•
Uw1R3tTyH14 Lebron & Westbrook CONNECT for the SHOWTIME Slam! Ì†ΩÌ±Ä
Uz9Fh3WIGgI Okongwu Hangs on The Rim After POSTER Ì†ΩÌ∏Æ
V0KU_oCNKlQ NBA Top 5 Plays Of The Night | February 17, 2022
V1DVfhiB8j4 Final 29.4 WILD ENDING Bucks vs Nets Ì†ΩÌ¥•Ì†ΩÌ¥•
V4gula8eBi4 The Best #StateFarmAssists of Week 3! Ì†ΩÌ±Ä
V61ZdPNA3hk Joel Embiid THUNDEROUS Dunk Has The Crowd on Their Feet! Ì†ΩÌ∏§
V8PqibWQO-M Klay Shocks The Chase Center With Huge Dunk & Steph Loses It!
V9dAPROjyAU Final 1:16 WILD ENDING Bucks vs Bulls Ì†ºÌΩøÌ†ºÌΩø
V9lNwbnqTac That Time Steph Curry Shocked The World at MSG Ì†æÌ¥Ø
VB3CXlp3rOI Giannis FIRST Bucket & Assist of His Season!
VEFtvnitbQs When Dwight Howard Purposely Dove Into 2 Rows Of Fans Ì†ΩÌ∏Ç
VEUdFEjWKqM Young NBA Fan is SURPRISED To See Dame Ì†æÌ¥©
VJ143HJt0tg Jrue The Game Winner Hero Ì†ΩÌ≤™Ì†ΩÌ¥•
VSL1WBFhyEU Steph No Look 3s Back-To-Back All-Stars  Ì†ΩÌ±Ä
VUd1g-DV9xA Final 3:57 \
VcUEkrc8LaU Jalen Green Gets UP After Splitting 2 Defenders Ì†ΩÌ∏§
Vl5fL74DGI4 Spider Senses for Donovan Mitchell! Ì†ΩÌµ∑
Vtx3GxdjWLI CRAZIEST NBA All-Star Ending Ì†ΩÌ¥•Ì†ΩÌ¥•
VyCf_1lMW1g Final 48.5 WILD ENDING Rockets vs Wizards Ì†ΩÌ¥•
VybXKjo3380 \
W-X-6VSA0t4 Quavo Reacts To Trae Young's ATLANTA CLUTCH Highlights Ì†æÌ∑ä
W-zKDIJxeLw Kobe Gives Steph Curry Respect After Draining Long Three! ‚ù§Ô∏èÌ†ΩÌ≤ô
W2vmtmpSCNc KD vs. Harden Epic Duel Ì†ΩÌ≥ΩÔ∏èÌ†ºÌΩø
W3G53B30I1Q LeBron ANOTHER 50 PT Performance in Unreal W at Home! Ì†ΩÌ±ë
W4Vb0ADq154 King is Back! Lebron With CLASSIC Block in Slo-Mo Ì†ΩÌ¥•
W5SXOtGIQbQ Shaq Kisses Tracy McGrady on the Head Ì†ΩÌ∏Ö
W8FUdSLcKPU Dirk Nowitzki Reacts To His Top Career HighlightsÌ†ΩÌ¥•Ì†ΩÌ±Ä
W8l9fCdvWSQ Final 0:29 WILD 2OT ENDING Hornets vs Heat Ì†ΩÌ¥•Ì†ΩÌ¥•
WFDPL5lj2sM Steph Curry SICK Dribbling Skills Bring WARRIORS Crowd to Its FEET! Ì†æÌ¥©
WGQjEBmdgVQ Ja Morant Gave EVERYTHING! 52 PTS CAREER-HIGH Ì†ΩÌ∫®Ì†ΩÌ∫®
WH2j1OS1T_Y Obi Toppin ELECTRIFIES MSG Crowd with OOP! Ì†ΩÌ¥•
WLoinA8w_SQ NBA Top 10 Plays Of The Night | December 4, 2021
WPLoQXUX3JM LaMelo Records SEASON HIGH 32 Points & Near Triple-Double
WRUle2PZOEo DeRozan MONSTER Jam vs Magic! Ì†ΩÌ¥•Ì†ΩÌ¥•
WSoxYjGrFu0 NBA Top 5 Plays Of The Night | October 14, 2021
WTLgvoAAgX8 LeBron James Makes History With 10,000th Assist!
WTg5Ud7VCGI Final 2:46 WILD BUZZER-BEATER ENDING Nets vs Mavericks Ì†ºÌΩøÌ†ºÌΩø
WUe96Y5yedg LaMelo Over His Head for Creative High-IQ Dunk!
WV0Ulh4rhew Jordan Poole Hits HUGE Buckets Ì†ºÌøÄ
WYmdf2lC59U LeBron Scores 3 Straight Buckets Ì†ΩÌ≤™
WlPw3_HVs98 Sabonis Goes For Career-High 42 PTS On 18/22 FG
Wn39bKSiupE NBA Top 5 Plays Of The Night | December 5, 2021
WsqTNpQBp9w Jalen Green With Another Highlight Finish Ì†ΩÌ¥• | Top 10 Rookie Plays NBA Week 11
Wtu2kUerE9M Michael Jordan Announced on NBA 75 Ì†ΩÌ≤é
WzS-AUaj_HU Luka WILD Ball Fake Leads to Easy Bucket Ì†ΩÌ±Ä
X2MAJEPyHtI NBA Top 10 Plays Of The Night | October 24, 2021
X5WvrEbUIxE Booker & Giannis Trade Ridiculous Plays Ì†ΩÌ∏≤
X6sQwOt0vJ4 CHARLES BARKLEY | 75 Stories Ì†ΩÌ≤é
X9nU7IVO3hI NBA Top 5 Plays Of The Night | February 19, 2022
XCw_mWJdopU Russell Westbrook FUELS Lakers to OT Victory! | Near Triple-Double
XDVSomB1FeE Jordan Clarkson FLASHES Fancy New Dribble Combo Moves! Ì†ΩÌ≤™
XHBSLURK2Qc NBA Top 10 Plays Of The Night | January 4, 2022
XJU3BvVBPAg Final 0:15 WILD ENDING Nets vs Bucks Ì†ºÌΩøÌ†ºÌΩø
XO8Zc44AWSM Inside NBA All-Star Weekend during NBA 75 Ì†ΩÌ≤é | NBA Exclusive
XPENuodsG_w Luka x Michael Jordan Ì†ΩÌ∏Å
XQVWOXZWhWw Final 0:45 WILD ENDING Hawks vs Wizards Ì†ΩÌ¥•Ì†ΩÌ¥•
XURFWMH-Af0 Klay Thompson & Jordan Poole Fuel Warriors Comeback With 67 PTS!
XVfeZPOWdvg Anfernee Simons Rises Up For A Huge Dunk Ì†ΩÌ∏Æ
XX5D8FPxGMQ Steph Curry INSPIRATIONAL 41 PTS & 9 REB in 30 MIN! Ì†ΩÌ∏≤
X_aWG1vDY2Q Kevin Love & Tyronn Lue Hug it Out ‚ù§
XfjhSC0so-I Tyrese Haliburton And Buddy Hield's First Pacers Buckets! Ì†ºÌøÅ
XhH2hou5BUE Mac McClung 1st NBA Bucket as a Chicago Bull! Ì†ΩÌπå
XjXOT8HR0vw Evan Mobley's HALF-COURT Game-Winner in Slo-Mo Ì†ºÌæ•
XtmbzPOOsR0 Jeremy Lin Hits GAME-WINNER vs Raptors Ì†ºÌæØ
Xuecrc0Cm7k Fred VanVleet Breaks Raptors Single Season 3PT Record
Xv-1BVbvSck Donovan Mitchell Keeps Draining 3s in 3Q! Ì†ΩÌ¥•
Xwx5cSJcynU Jokic Showing Why His Dynamic Passing Ability is Tough To Stop
XzivEQPObt8 Final 2:10 WILD ENDING Hornets vs. Celtics Ì†ΩÌ¥•
Y-FfQ2rYq5w Carmelo ON-FIRE in Lakers Debut! (3 in a row) Ì†ΩÌ∏§
Y1s45l87NT4 NBA Top 5 Plays Of The Night | February 13, 2022
Y3qr0Zf_a64 The Warriors Put on a Passing Clinic | Warriors vs Pelicans
YAnUnp-YDYc Lonzo Ball Drains GAME-SEALING 3 & Gets Bulls HYPED! Ì†ΩÌ¥•
YCIGFDgkqPc NBA Players Past & Present REACT to Their Amazing DISHES Ì†ΩÌ¥•
YFMoGWebKec LEBRON JAMES | 75 Stories Ì†ΩÌ≤é
YLzm2x1jRbk CP3 & Jae Crowder Make Unreal Diving Hustle Plays vs Lakers Ì†ΩÌ∏Æ
YP7kgXUKnKc I Don't Think Anyone Expected This | Top 20 Plays NBA Week 14
YRODlgv5AD8 \
YS0M3vD1FqE Stephen Curry Hits 20K Career PTS Ì†ΩÌ±èÌ†ΩÌ±è
YTVCdz4fPZ4 Ja Loses Defender With Behind The Back Move & Dunks It!
YbcW9pkosZI Final 1:21 WILD ENDING 76ers vs Raptors Ì†æÌµ∂Ì†æÌµ∂
YgsfD_AlMa0 Steph Curry Keeps Up Hot Streak & Drops 40 PTS! Ì†ºÌΩø
YibrHymkZFU Jaylen Brown‚Äôs RIDICULOUS THROWDOWN Ì†ΩÌ∏±
YmGeVUI4LJc Russell Westbrook's First Assist & Bucket As A LAKER
YnyPh82YSPg Anthony Edwards Shines With 40 PTS In Timberwolves Road Win!
YoSOCPCgKwU Domantas Sabonis First Bucket as a King! Ì†ΩÌ±Ä
YohazIz9qnc Kuminga Athletic AND-1 from Ball Movement vs Lakers Ì†ΩÌ≤™
YplgpznNP_4 MICHAEL JORDAN | 75 Stories Ì†ΩÌ≤é
YsZlNbV0q30 Ja Has Put The League On Notice Ì†ΩÌ±Ä
Yv3HOyJlb1o Final 2:30 WILD ENDING Bucks vs Suns Ì†ΩÌ∫®Ì†ΩÌ∫®
Yw_SAr1qwc8 \
Z5ElI8C05Jg LeBron Salutes The Kids After The Win ‚ù§
Z8sdBi32gZ4 We the biggest. We the best. Ì†ΩÌ≤é
Z9kQmOVTFEs RUSSELL WESTBROOK | 75 Stories Ì†ΩÌ≤é
ZDb3U2fmFB8 Final Game 7 WILD ENDING Raptors vs 76ERS Kawhi Called Game! Ì†ΩÌ∏±
ZE4PoABHYGY NBA Top 10 Plays Of The Night | November 6, 2021
ZG60uVgRPkQ MVP IS BACK! Derrick Rose Returns to Chicago ‚ù§
ZGDpbGlRJaA Ja is UNREAL ‚≠ê | Top 20 Dunks NBA Week 15
ZMSbJ_zTmU8 J.R. Smith 40 FT FADEAWAY Buzzer Beater Ì†ΩÌ∫®Ì†æÌ¥Ø
ZSY9CVv1qA4 LaMelo Making Crazy Plays Nonstop Ì†ΩÌ¥•
ZUGf-trt5v8 'Showtime' Ì†ΩÌ∏è | Best #StateFarmAssists NBA Week 9
ZWeX_-cH_ww Steph Finds Giannis For A RIDICULOUS Alley-Oop At The 2019 All-Star Game Ì†ΩÌ¥•
ZXI4sp7oRA4 Rookie Steph Gets Asked \
ZXq_D-b8PMw MAGIC JOHNSON | 75 Stories Ì†ΩÌ≤é
ZYbF6yDtoNc #1 Pick Cade Cunningham Gets His First NBA Action & Bucket
ZbPZJwWzBao THE BANK IS OPEN For Jordan Poole Ì†æÌ¥Ø
Zii1XovTYvA Stephen Curry HITS 20K PTS Ì†ΩÌ¥•Ì†ΩÌ±è
ZphHJK0fqQ4 Jaylen Brown EXPLOSIVE Career-High In Points! Ì†ΩÌ∏§
ZtBnsXrLpl0 Jalen Green GETS UP For The Lob Ì†ΩÌ∏§
Ztvdkz_PPS4 Lonzo & Caruso Connect for an ELECTRIFYING Oop Ì†ΩÌπå
ZvJxFVAs7_w Myles Garrett Crazy Dunks Impress Darius Garland Ì†ΩÌ¥•
ZyJIatpLK-E NBA Top 5 Plays Of The Night | March 10, 2022
Zz1CuWTcU9I Every Point From Kyrie Irving's 41 PT RECORD Half! Ì†ΩÌ±è
_0Q4PXqKq2g NBA Top 10 Plays Of The Night | March 12, 2022
_3EYph16iAg Best Plays From NBA All-Star Reserve Devin Booker | 2021-22 NBA Season
_4cWzTIdru0 Austin Reeves Poster Dunk Has Lakers Bench Crazy! Ì†ΩÌ∏≥
_5Sx6A-wOFo EVERY. CLUTCH. PLAY. 3OT Ending Lakers vs Kings Ì†ΩÌπå
_DJMfjYreD0 Penny Hardaway Top 40 BEST Plays ‚ú® | NBA Vault
_FTenFAzrGc NBA Sophomores #CloroxRisingStars Ì†ºÌºü
_P5MCYFp8DE NBA Top 10 Plays Of The Night | February 27, 2022
_RIU10PqaqQ Lebron Passes Kobe Becoming Christmas KING Ì†ΩÌ±ë
_RcFDoDKHy4 Jalen Green FRANCHISE-RECORD in 3rd Game of Career Ì†ΩÌ¥•
_SSe9pP1QrE When Alex Caruso EXPLODED For A Career-High 32 PTS Ì†ΩÌ¥•Ì†ΩÌ¥•
_XCvs8fRJ4Y How Much Farther Can He Go? Ì†ΩÌ±Ä | Top 20 Plays NBA Week 7
_ZcxbJssPOk Herro Crafty & Clever Double Crossover Lay Ì†ΩÌ±Ä
_Zjdr2yFnUg Best Plays From Andrew Wiggins in His 1st NBA All-Star as 2022 Starter! Ì†ΩÌ±è
__e9EEdHnME NBA Players Past & Present React To Their Outstanding Highlights ‚Äì Part 4
_aTXYeEFqr8 Ja Morant Went CRAZY in Home Win To Start Season! Ì†ΩÌ¥•
_gTn2HsrWe4 Ja With The Highlight Dunk! Ì†ΩÌ¥•
_hZ7s_h6_lY James Harden ERUPTS in CLUTCH Time Ì†æÌ¥´
_hzBllT6Zn0 Steph Drains Difficult Stepback Three & Celebrates
_ihD9emY-sU NBA Top 10 Plays Of The Night | October 11, 2021
_mz9GYqsxVg Kevin Love Can't Believe Ricky Rubio's Wizardy! Ì†æÌ¥Ø
_qT8CNnJ2xg The 2022 NBA Clorox Clutch Challenge! Ì†ΩÌ±Ä
_s8-ThK9d9U NBA Top 5 Plays Of The Night | January 27, 2022
_tBstR1D7Zw Markieff Morris 1st Bucket Back! Ì†ΩÌ±Ä
_vBSZjXJuKc WILD ENDING Mavericks vs Nets Ì†ºÌΩø
_z-CcjpgGYA THROW IT DOWN KD Ì†ΩÌ≤™Ì†ΩÌ∏§
_z8ebXsXa1o Jalen Green & Kevin Porter Jr. Look UNSTOPPABLE Combining for 37 PTS! Ì†ΩÌ∫Ä
a-2Twjw5JIk Toussaint Shows Off at NBA Celebrity Game!
a3oCOjda4s4 LeBron Plays Catch With Fan in Stands! Ì†æÌ¥£
a9K9mno0Cgk SPENCER DINWIDDIE CLUTCH #TISSOTBUZZERBEATER FROM LUKA ‚åö
aCIOCUZ3qH8 Final 1:09 WILD ENDING Cavaliers vs Timberwolves Ì†ΩÌ¥•Ì†ΩÌ¥•
aFxSXC2TRTk Kyrie Gets Crafty In Traffic For The And-1 Ì†ΩÌ¥•
aIibBV9mLvg Kuminga & Klay Send the Crowd Into A Frenzy With This Sequence Ì†æÌ¥Ø
aNQSRl0C8hA JOHN HAVLICEK | 75 Stories Ì†ΩÌ≤é
aPczN9kgXuM NBA Top 10 Plays Of The Night | October 20, 2021
aQhUZzCdgTw Grizz In SHOWTIME MODE Ì†ΩÌ±Ä
aV3sAXgDLtY Cam Thomas Hits Game-Winning Floater!
adSMA4T7Dg4 Thrilling Finish In Orlando Ì†ΩÌ±Ä Final 1:26
aduPKkHQLp4 Are the Warriors the New Dunk City? | Top 20 Dunks Week 4
aeFej_8DC2Y Lance Dimes Brissett & Shocks His Teammates! Ì†ΩÌ∏Æ
aih-A_Iv59Q Giannis Drops 36 PTS & 12 REB In CLUTCH Fashion On Christmas Day Matchup!
aiiVx3TSJvg Donovan Mitchell Drops Defender, Making Plays They Can't Believe Ì†ΩÌ∏Æ
alBlW9gr8jI Team Walton vs Team Nique | #RufflesCelebGame | 2022 NBA All-Star
alxjmAovHNc Stephen Curry on CLUTCH TIME in Golden State! Ì†ΩÌ¥•
aoFfddrEx78 Alex Caruso Licks His Lips on FUNNY New Celebration Ì†ΩÌ∏ã
apaj_AD4DOw Cade or Jalen Green? | Top 10 Rookie Plays NBA Week 12
ar7FjIrJOK4 Ray x Ja NBA Brotherhood
arZ3Y_xZ8OY Shaq Breakdances at 2007 All-Star with LeBron Ì†ΩÌµ∫
atU7eNWVkv4 NBA Top 10 Plays Of The Night | March 20, 2022
auxp_y7rTjg Jeff Green 2 of Craziest Dunks of The Night! ‚úà
awa0q1ExL4w Top 20 Plays NBA Week 20 Ì†ΩÌ¥•
bKascyMGzSQ Star Power in the House Ì†ºÌºü
bLHRKwS2J8A Jayson Tatum DROPS 40+ Back-To-Back Ì†ºÌøÜ
bLththD0F10 Giannis INCREDIBLE Post All-Star Interview Ì†ºÌæ§
bVBGTNpQZbI Jordan Clarkson Gets Free And Switches Hands Mid-Air Ì†ΩÌ∏±
bXaQa4_2OkI Ranveer Singh Enjoying #NBAAllStar ‚≠ê
bZsiAVaAFlg NBA Players Past & Present React To ICONIC NBA Moments
bc0pzmh2s0M NBA Top 10 Plays Of The Night | November 19, 2021
beGlpbrx_Xg Ì†ΩÌ∫® Harrison Barnes MOBBED! #tissotbuzzerbeater
beYd5Y3PfIo NBA Top 10 Plays Of The Night | December 21, 2021
bi4IZVafH74 Anthony Edwards Takes FLIGHT Again | Top 10 Sophomore Plays Week 5
bo36UgHx62c Final 2:14 WILD ENDING Knicks vs Pistons Ì†ºÌΩøÌ†ºÌΩø
boveHG7uWdU Jalen Green & Jordan Clarkson Trade Baskets in Utah Ì†ºÌ∑µÌ†ºÌ∑≠
boy2ClEqqD8 CHRIS PAUL | 75 Stories Ì†ΩÌ≤é
bsK_EjdofSw Jalen Suggs Left Everyone In Awe On This Play!
bssbjJNvVNM Final 2:25 WILD ENDING Rockets vs Kings Ì†ºÌΩøÌ†ºÌΩø
btNysz3htBA Best Plays From NBA All-Star Reserve Khris Middleton | 2021-22 NBA Season
bx7EShU1FpE Final 1:46 WILD Ending in Mavericks/Celtics Game Ì†ΩÌ∏≤
c-Gjl1tX8iI Ja Drops 30 PTS, 10 REB & 10 AST After Being Named An NBA All-Star ‚≠ê
c1uXg1Lx_Fw NBA Top 10 Plays Of The Night | March 13, 2022
c4mPDzIDe0U Donovan Mitchell Was Hot with 6 THREES & 39 PTS against the TimberwolvesÌ†ΩÌ¥•
cHozpWDzVgA Bones AMAZING Behind The Back Pass Ì†ΩÌ±Ä
cOmCffJe-rc Gary Payton Reacts To His Outstanding Career Highlights Ì†ΩÌ¥•
cRxGxJ3714U NUGGETS at CLIPPERS | FULL GAME HIGHLIGHTS | January 11, 2022
cVDoz_N_CV4 CJ McCollum FIRST Bucket as Pelican! Ì†ΩÌ¥•
cc473Yd7C9Y Bobby Portis Gets UP for Block in Tight Matchup
cdHZFu4Pntc Tyler Herro Throws In The Halfcourt Pass on Accident Ì†æÌ¥£
cihCQ4KiLhc Isaiah Thomas 1st Bucket as a Maverick! Ì†ΩÌ¥•
ckqpQgcoYVk Lakers 37-17 4th Quarter Comeback vs Pistons Ì†ΩÌ∏§
cn7Zo37ov34 Only LeBron Would Do This Ì†ΩÌ∏Ç
cpeC43n6_Wc The Top Assists Of Week 13! Ì†ΩÌ±Ä #StateFarmAssists
cs3ejeVl9eY \
cuWn7Aw2Qqs NBA Top 10 Plays Of The Night | December 27, 2021
d2hhcC2oDd0 Jonathan Kuminga EXPLODES for Two Hand Dunk Ì†ΩÌ¥•
d3isBmSwjtU Ja Dances on Ridiculous Hang-Time Finish Ì†ΩÌµ∫
d5Eh3g9_aPs NBA Top 10 Plays Of The Night | February 8, 2022
d6z2dR02WeI NBA Top 10 Plays Of The Night | January 25, 2022
dC9L2z1mypQ Greatness Respects Greatness. Ì†ΩÌ±åÌ†ºÌøÜ‚ù§
dFm9wtZRB4I Relive Stephen Curry's Magical Game-Winner vs OKC in 2016 Ì†ΩÌ≤¶ | NBA Throwback
dGhM9mtoc3s NBA Top 10 Plays Of The Night | January 14, 2022
dJs0okDU-hM John Collins Did It Again!
dMs_EPhDBJs GRIZZLIES at MAVERICKS | FULL GAME HIGHLIGHTS | December 4, 2021
dNUfnpPrErw KD Makes it Look TOO EASY & Takes #1 Spot in PPG! (11-12 FGM in 3Q)
dQQE1jWJr5Q Lamelo Ball Near Triple-Double in Clutch Season Debut Ì†ΩÌ±Ä
dVk7VMF4-eQ WILD ALL-STAR ENDING Team LeBron vs Team Durant Ì†ΩÌ¥•Ì†ΩÌ¥• | 2022 NBA All-Star
dXHfCXIrJR0 KAWHI LEONARD | 75 Stories Ì†ΩÌ≤é
d_0HZlfgpCg A Bad Man Ì†ΩÌ∏§ | Top 20 Dunks NBA Week 21
dd-GYN7PPus NBA Top 10 Plays Of The Night | March 26, 2022
ddgwxE_J1GE Steph Curry TRIPLE-DOUBLE in Season Opener! Ì†ΩÌ¥•
di8bm1B6oP0 Final 1:39 THRILLING ENDING Wizards vs. 76ers Ì†ΩÌ∏±Ì†ΩÌ∏±
dl0AurYKwMg D-Book Thoughts on First Timer Teammates
dna-Y_hYqfM Caris LeVert First Cavaliers Bucket Ì†ΩÌ¥•
dnaSMNTYEj4 Insane Courtside View of LeBron's All-Star Game-Winner!
dvsVwU4mxSA Curry 2022 #NBAAllStar Phantom ‚≠êÌ†ºÌæ•
dyehBXIqK0M SHOWTIME Ì†ºÌºü | Top 20 Plays NBA Week 16
e0vOWKLpvN0 NBA Players React To Their ICONIC Moments in History Ì†ºÌøÄ
e4pq5Q7IO3U NBA Top 10 Plays Of The Night | March 30, 2022
e5h-bCV9zYw (SOUND ON) Announcer Goes CRAZY on Lamelo & Bridges Dunks! Ì†ΩÌ¥•
e7HOYDGtKf8 Best Plays From NBA All-Star Reserve Draymond Green | 2021-22 NBA Season
e8Z0oYHaJLU Best Plays From NBA All-Star Reserve Jayson Tatum | 2021-22 NBA Season
eFwTjg2H-5k Derozan's Family Imitates His Free Throw Routine On Court ‚ù§Ô∏è
eG5Y32TOiWo Ja Stuns His Bench Off Their Feet Twice in a Row
eIB6XpzVRH4 Ì†ΩÌ∫® Kelly Olynyk LAST SECOND #TISSOTBUZZERBEATER Ì†ΩÌ∫®
eI_SxQWRl3I He's Becoming A Star ‚≠êÔ∏è | Top 10 Sophomore Plays Week 7
eJPhJxSbNO4 Be Ready... DJ Khaled at NBA All-Star! Ì†ΩÌ≤é
eKOW6RwIeLg NBA Top 10 Plays Of The Night | December 2, 2021
eNacVRBQavY Iggy 3 To Seal Game Had Steph Going Crazy Ì†ΩÌ∏Ç
eURicy0Tlo0 Kawhi Meets NBA Legends Ì†æÌ¥ù
eaJjwNYGV2c LeBron & Carmelo EXACTLY 19 Seasons After Their Debut Ì†ΩÌπå
ebd8XJoYhSI Blake Griffin Leaves It On The Floor With ALL-OUT Hustle! Ì†ΩÌ∏Æ
edpD9QwB-Fg Evan Fournier Introduces Himself in WILD KNICKS Home Opener Ì†ΩÌ±Ä
edqLwYU9dIo Final 1:40 WILD ENDING Nets vs Heat Ì†ΩÌ¥•Ì†ΩÌ¥•
efqeBxhI4N4 NBA Top 10 Plays Of The Night | November 15, 2021
ehfyHnJWk4E NBA Top 5 Plays Of The Night | December 30, 2021
eiHH0HeMPCs James Harden Already Hitting Incredible Shots on 4 PT Play! Ì†ΩÌ±è
en0xUEvfovY Dallas MASSIVE 30-5 4Q Comeback vs Warriors Ì†ΩÌ¥•Ì†ΩÌ¥•
eqeRDDT11R4 NBA Top 10 Plays Of The Night | January 29, 2022
esaSYAsYs8I Ja SPRINTS For CHASEDOWN Skyscraper Block at Buzzer! Ì†æÌ¥Ø
excXlnY0AyY Final 07.2 WILD ENDING Clippers vs Bulls Ì†ΩÌ¥•Ì†ΩÌ¥•
eyGhEBnmC6I Jayson Tatum Gets A Season-High 42 PTS
f0hrykrU9dU Dennis Schroder FIRST Rockets Buckets Ì†ΩÌπå
f4dkwSmLXuI Steph Has A PERFECT QTRÌ†ΩÌ¥•Ì†ΩÌ∏≤ (25 PTS & 5 THREES)
f4zI_WjZzjA DG to Allen OOP in Slo-Mo Courtside Ì†ΩÌ±Ä
f6_DMtRPmeM LeBron Delivers LEGENDARY Post All-Star Interview Ì†ΩÌ±ë
fA4t1CbjdXo LeBron Does It Again Ì†ΩÌ∏Æ | Top 20 Dunks Week 3
fI3FQjDYAM8 LeBron Skies In For EMPHATIC BLOCK & Gives Mutombo Finger Wag!
fQiPtdqL8D4 Derozan ICES Hawks on Patented Midrange Game in The Clutch Ì†æÌ∑ä
fRQaZccRSWw Smart Threads The Needle With Right Hand Wrap Around Ì†æÌ¥Ø
fSGH33u6ovE Bam JUST MISSES Full Court Shot With 0.6 Left vs Wizards Ì†ΩÌ∏Ö
fXMT3Sj-a2c Wiggins Successful 1st All-Star Weekend
fXOjOwUhuJE NBA Top 5 Plays Of The Night | December 31, 2021
fYup-t_2yGc Jack Harlow 4-Pointer From DEEP Ì†ºÌæØ
fZLH0npHOlI His 'Breakout' Game-Winner Ì†ΩÌ±Ä | Top 10 Sophomore Plays Week 11
fcfU0DBQQlM NBA Top 10 Plays Of The Night | October 26, 2021
fksFroRoDjI CP3's Game-Changing Impact On The Phoenix Suns ‚òÄ | NBA Exclusive
fpdlO-9E9m4 Trae ON-FIRE 27 PTS & 15 AST in 3Q Played! Ì†ΩÌ¥•Ì†ΩÌ¥•
fq_ALJZRycY Steph Curry's SENSATIONAL Cross-Court DART To Klay Ì†ΩÌ∏±
frbotc8uTnE Steph Curry's BEST PREGAME TRICKSHOTS OF ALL TIME! Ì†ΩÌ∏Æ
ft3aiIC200o NBA Top 10 Plays Of The Night | December 26, 2021
ft7Dbjh3wJk SGA & Thunder Don't Back Down In CLOSE ENDING At Lakers!
fttkySYXOh0 Khris Middleton Comes up HUGE vs Suns in the Clutch Ì†ΩÌ±Ä
g5-JFODPiBs Final 0:56 WILD ENDING Clippers vs Mavericks Ì†ΩÌ±ÄÌ†ΩÌ±Ä
g9n4ib_eQOM Linsanity 10-Years Later: 36 PTS vs Kobe in MSG Ì†æÌ¥Ø
gAK1_q2DPnY KAT vs. Book ‚≠ê #NBAAllStarPractice Presented By @AT&T
gAab_kz6Xi4 Jalen Green Through The Legs! Ì†æÌ¥©
gEKtWwigLv0 Final 2:15 WILD ENDING 76ers vs Nuggets Ì†ºÌΩøÌ†ºÌΩø
gLoiMFjBRmM Gary Payton II Surprised Steph Curry on INSANE ATHLETIC Dunk! Ì†ΩÌ∏Æ
gTS-FOnrqZg The Sophomores Started the Season Off With a BANGÌ†ΩÌ≤• (LaMelo Ball, Anthony Edwards & More)
gUosiCvuTvE Final 2:14 Wild ALL-STAR Ending Team LeBron VS Team Curry 2018 Ì†ΩÌ¥•Ì†ΩÌ¥•
gUuqF7qYHhU Ja Morant Is Just Special
gV7lNqTTVm4 IT Drops 19 Points In Laker Return! Ì†ºÌøÅ
gVDJK9q4qnc Dunks On Top Of Dunks | Top 20 NBA Plays Week 24! Ì†ΩÌ¥•Ì†ΩÌ¥•
g_p5FFBjYCM Ice Trae Heats Up For 47 Ì†æÌµ∂
garALWpIDIg Lob City in Phoenix! Back to Back CP3 Clutch Oops Ì†ºÌºû
gbNP_eQ1Te8 38-9 Warriors DOMINATING Run Ì†ΩÌ¥•Ì†ΩÌ¥•
gdFzl-TBBNU Grizzlies & Jazz Trade Buckets In Clutch Final 6 Min!
gnyXb69xWqA Final 1:30 WILD ENDING 76ers vs KINGS Ì†ΩÌ¥•Ì†ΩÌ¥•
gqoHKW3kNCo Anthony Edwards Reflects On His NBA Journey | NBA EXCLUSIVE
gurUYNzMV8o Best Plays from NBA All-Star Captain Kevin Durant ! | 2021-22 Season
gyc7yup3nNw NBA Top 10 Plays Of The Night | January 15, 2022
h1LChIOoRus Svi Mykhailiuk Open Double-Pump Reverse Almost Rolls Out...
h3YvGEDEmz0 Lonzo Ball DRAINS 5 Threes & Throws a One-Handed Oop!
h4AxIYMv_-Q CELTICS at PISTONS | FULL GAME HIGHLIGHTS | February 4, 2022
h95m7nPDjwk Doris Burke Asks Book if He's Seen Her Hands Ì†ΩÌ∏Ñ
hFeq56gqTOs 2 Game-Winners In A Row Ì†ΩÌ∏≤ | Top 20 Plays NBA Week 11
hK4TZq8gOZA Dwight Howard Jokingly Plays 1:1 With Young Fans During Rain Delay Ì†ΩÌ∏Ñ
hLna6x8-U1w Kevin Durant Shouldn't Be Able To Do This At His Size! Ì†ΩÌ∏≤
hNb1AVc_wio These Opening Week Dunks Will Have You HYPED For the Season! Ì†ΩÌ¥•Ì†ΩÌ±Ä
hNqpKufm9bA Aaron Gordon EPIC Reverse Alley-Oop Ì†ΩÌ∏≤
hPZvMns6cxo The Journey From Greece To NBA Champion | NBA EXCLUSIVE
hT-NWNXRj-o 360! Miles Bridges Fancy Jam With Nobody Around Ì†ΩÌ∏Æ
hUe4M7sk3-o LeBron Drops 30 PTS In Lakers Win Over The Celtics
hWpcZT9yvWQ Jeremy Lamb COLD Game-Winner & Entire Pacers Team Goes Crazy! Ì†æÌ∑ä
hXFoZvokeX4 He Dunked Over 3 Guys! Ì†æÌ¥Ø | Top 20 Dunks NBA Week 9
hcTZFRfLK0U The Best #StateFarmAssists NBA Week 17! Ì†ΩÌ¥•
hclBGJNyoMs Young Shaq Shatters The Backboard Ì†æÌ¥Ø
hfQ6oGgS83k Klay Thompson's Rise & Fall (And Rise Again) | NBA EXCLUSIVE
huKFD5s8cd4 KAT Mic†Üù Up ‚≠êÌ†ΩÌ¥ä 2022 #NBAAllStar Game
huNdt0qiE6s He Went THROUGH His Legs For The Wild Play! Ì†ΩÌ∏Ö (Literally)
i1YQPVOAOIo Carmelo & Russ FIRST Buckets as a Laker! Ì†ΩÌ±Ä
i3kJHfnLB3A MSG ROCKING! Evan Fournier HUGE SHOTS Down the Stretch in KNICKS Debut Ì†ΩÌ∏§
iBLMpN43BLA LaMelo Ball Drops Career-High 38 PTS Ì†ΩÌπå
iGOhWd9G--g Best Plays From NBA All-Star Reserve Luka Doncic | 2021-22 NBA Season
iGzdqit9WfE Jalen Green NASTY Sequence to Finish The Game! Ì†æÌ∑äÌ†æÌµ∂
iJuwrErqKvM Boogie With the Amazing Spin Move! Ì†ΩÌ¥•
iOCHLeMaIus Final 2:43 WILD ENDING Nets vs Knicks Ì†ΩÌ¥•Ì†ΩÌ¥•
iQhO5znjbvk Klay 10 STRAIGHT THREES vs Lakers Ì†ΩÌ¥•Ì†ΩÌ¥•
iRMZArUw5_M Final 2:07 WILD OT ENDING Nets vs Raptors Ì†ΩÌ¥•
iTGN2x5SZXM NBA Top 10 Plays Of The Night | January 21, 2022
iXLKL9U67Uo Jack Harlow BEST PLAYS From #RufflesCelebGame Ì†ΩÌ¥•Ì†ΩÌ¥•
iYbZ0NrkX0E DeRozan Blesses New Year With Another Crazy #TISSOTBUZZERBEATER Ì†ΩÌ¥•
ibfaQVk0B4c Marcus Smart Throws Down Ferocious Put Back Dunk Ì†ΩÌ∏Æ
icBpBiqvYoM KD Goes Completely Berzerk in 3Q vs Bulls ‚õΩÔ∏è
icm1ZYQ7gVY Ja Morant RIDICULOUS Spinning 360 Layup
ieDC_kFE1QY Final 1:42 WILD OT ENDING Lakers vs Raptors Ì†ºÌΩøÌ†ºÌΩø
ieWJj-thjbw Terrence Ross 360 SLAM Ì†æÌ¥ØÌ†ΩÌ≤•
inmMqCcB5jo NBA Top 10 Plays Of The Night | November 12, 2021
iog7-AvvYog Lonzo The Paint Protector & Caruso Gets Steal! Ì†ΩÌ∏Æ
iqmR447cgXw Jalen Green & Jordan Clarkson Share A Moment On Filipino Night In Utah!
ivds7aJvs2c Final 2:29 WILD ENDING Lakers vs Warriors Ì†ºÌΩøÌ†ºÌΩø
ix7xEY-mgso Andrew Wiggins Brings The Showtime ‚≠ê
j9qxdw4heLc NBA Top 10 Plays Of The Night | March 25, 2022
jEfD8E887Uw Obi Toppin Left Power SLAM Ì†ΩÌ±èÌ†ΩÌ±è
jFME4dl84fA Klay Shocked Everyone Including Steph Ì†ΩÌ∏≤ | Top 20 Plays NBA Week 12
jHbQXmOsnc8 Grizzlies Squad Goals on 50 Piece Special Ì†ΩÌ±Ä
jNvcjEi_hPs Ì†ΩÌ∫® KAT 60 PTS FRANCHISE-RECORD Ì†ΩÌ∫®
jPDYLUekpQo Derozan MASSIVE Poster Has Entire Bulls Fired Up Ì†ΩÌ¥•Ì†ΩÌ¥•
jSwINkXJWU4 NBA Top 10 Plays Of The Night | January 12, 2022
jTeINDN5SjM DJ Khaled Reacts to Vince Carter‚Äôs 360 Windmill Dunk 2000 Dunk Contest
jV-KVZPQNmM Final 1:47 WILD ENDING Clippers vs Rockets Ì†ΩÌ¥•Ì†ΩÌ¥•
jWwMZ9BLjq0 DEROZAN One Legged #TissotBuzzerBeater Brings Bulls Victory In Indiana!
jXugz8aIpa0 NBA Top 5 Plays Of The Night | December 16, 2021
japmkT3hsSY DJ Khaled Reacts to #ATTSlamDunk Contest Iconic Dunks Ì†ΩÌ∫®Ì†ºÌºü
jbHrQdkuwKM Ja Morant Wows Crowd With 360 Layup Finish vs Bulls!
jfkXUQKw8Zw NBA Top 10 Plays Of The Night | December 20, 2021
jktQNKeHn88 CELTICS at HORNETS | FULL GAME HIGHLIGHTS | October 25, 2021
jkwZGUZq0yg GRIZZLIES at MAGIC | FULL GAME HIGHLIGHTS | February 5, 2022
jo3VXxnPdzo Top 10 WILD ENDINGS of NBA Week 17 Ì†ΩÌ¥•Ì†ΩÌ¥•
jr3-nO252gk Russell Westbrook Doing Some House CleaningÌ†ΩÌ∏Ü
k0RUeeny-B8 NBA Top 10 Plays Of The Night | January 30, 2022
k0VqMG-Fo88 Grizz Showtime! Bane Block Leads to Ja Crazy Windmill Ì†ΩÌ±Ä
k2wnDjwOEWs Carmelo Perfect Nutmeg Pass & Monk Gets LeBron Off His Seat on Half-Court Swish Ì†ΩÌ∏é
k4JhWjZVd4Q Final 1:29 WILD CHRISTMAS ENDING Bucks vs Celtics Ì†ΩÌ±Ä
k91fSAjPvXc CULTURE | NBA 75
kIX6so9yHKE NBA Top 10 Plays Of The Night | January 31, 2022
kJk5RLeARNg Davion Mitchell's CLUTCH Steal & Bucket Forces OT!
kMT_-bt5WFc LeBron First Dunk Back in Cleveland
kMvDib8Y4PI LeBron & MJ Share a Moment ‚ù§
kNKvGyqUtas Dunk Of The Year?! Ì†ΩÌ∏§ | Top 20 Dunks Week 5
kOGKWrMnQvg Magic Johnson Hits the Final 3-pointer of the 1992 All-Star Game!
kS4RgcL9SD4 Best Plays From NBA All-Star Reserve Donovan Mitchell | 2021-22 NBA Season
kSU_ybDWaZs Giannis Becomes Bucks All-Time Leading Scorer On Game-Tying ThreeÌ†ΩÌπå
kTrkgxA0xpE Cavs Show Off Their Hardware Ì†ºÌøÜÌ†ºÌøÜÌ†ºÌøÜ
kVFIZ1PR_mU NBA Top 10 Plays Of The Night | November 20, 2021
kWd78DfivlU Final 1:17 WILD ENDING Warriors vs Spurs Ì†ΩÌ¥•Ì†ºÌΩø
kWu24d6Iwwo Mike Conley From HALF-COURT Ì†ΩÌ∫®Ì†æÌ¥Ø
kXeaWFPYEZQ NBA Top 10 Plays Of The Night | March 18, 2022
kdMKM5xtmyY Steph Triumphant Tribute in Return to Chase Center Ì†ΩÌπè
km-06bwKX9U NBA All-Star Starter Andrew Wiggins Makes it Look Easy Ì†ΩÌ±è
ks_2XGLMlaw Best Plays From All-Star Starter Joel Embiid | 2021-22 NBA Season
ktfuGMrYGec Final 2:33 WILD OT ENDING  Pistons vs Spurs Ì†ΩÌ¥•Ì†ΩÌ¥•
kxEBrjI1QNs LeBron Can Only Smile After Patented Come From Behind Block Ì†ΩÌ¥•
l-e-TLZN55Q Steph Wins Kobe Bryant Trophy! Ì†ºÌøÜ
lHQ1Tz8KNjE Trae Young's RIDICULOUS Pull-Up Ì†ΩÌ∏≤
lOymZwVRmOg LeBron's Timing Is Impeccable ‚õî‚ùå
lREXs9ZRjvQ CLIPPERS at BULLS | FULL GAME HIGHLIGHTS | March 31, 2022
l_EwrGCvtwc SHOWTIME in Chicago! Lonzo Full-Court Dime to 360 Lavine Dunk ‚Äº
lb1_KUqmbtQ Melo Shows Off The Moves On A Turnaround Jumper!
lbD1B-WiNfg Final 0:49 WILD OT ENDING Nuggets vs Pelicans Ì†æÌµ∂Ì†æÌµ∂
ldOHVrIYqA4 Final 2:29 WILD ENDING Warriors vs Nuggets Ì†æÌ¥ØÌ†æÌ¥Ø
lgdzcbnBzfg LeBron & Russ ICE Rockets in Final Moments Ì†æÌµ∂
li718suI4dU WHAT A DIME! Ì†ΩÌ±å | Top 20 #StateFarmAssists NBA Week 15 Ì†ΩÌ¥•
liMmRIfCVvk Final 2:37 WILD ENDING Lakers vs Hornets Ì†ΩÌ¥•Ì†ΩÌ¥•
lpPNrOSZNzM Fred VanVleet FIRST Career Triple-Double Powers Raptors! Ì†ºÌæØ
lq0QjqzRkMo Seth Curry & Drummond Spark a Nets W! ‚ö°Ô∏è
lsXD3Rddwdk Saddiq Bey Owns the Court Ì†ΩÌ¥•Ì†ΩÌ¥•
lsceVJvxFbE Ja Had To Laugh After Trying To Dunk On Giannis
lyEkkm3MM84 Defensive Ace Dort Steals The Ball & Lays the GAME-WINNER! Ì†ΩÌ±Ä
lydEAAPPRLk Spicy P Sizzles Ì†ºÌº∂ | Pascal Siakam Drops 40!
m3DRfgfy-_U Jayson Tatum Ties Larry Bird After ERUPTING For 54 PTS ‚òòÔ∏è
mDGVdjRnKRk Final 1:14 WILD ENDING Rockets vs Pacers Ì†ºÌΩøÌ†ºÌΩø
mFMxR4XzjbI Triple-Double Kings LeBron & Russ Put Together CLUTCH ENDING! Ì†ΩÌ≤™
mMRpQR5gep8 Final 1:02 WILD 2OT ENDING Spurs vs Wizards Ì†ΩÌ±ÄÌ†ΩÌ±Ä
mNLl7vhtbFs Final 2:40 WILD OT ENDING Pacers vs Thunder Ì†ΩÌ¥•Ì†ΩÌ¥•
mNf0CT1It64 WILD Overtime Ending In Detroit Ì†ΩÌ∏±
mUNrnQZUaF4 Jalen Green Went Off! 20 PTS at #CloroxRisingStars
mXjhF_V-VI4 Obi Toppin Takes 2022 NBA #ATTSlamDunk Title! Ì†ºÌøÜ
mndEThb410U Evan Mobley GAME-SEALING And-1 in OT! Ì†ΩÌ¥•
mqs-67_V5KA From Serbia to MVP: The Journey of Nikola Jokic | NBA Exclusive
mu68C76KMcI Trae Young Goes INSANE on CAREER-HIGH 56 PTS!
muTEfbnMTck Mo Wagner & Terrence Ross CRAZY Dunks Hype Up Crowd In Orlando Ì†ΩÌ∏±
mw_RRYQv23o NBA Top 10 Plays Of The Night | November 8, 2021
mzBaTGHqSwc NBA Top 10 Plays Of The Night | February 1, 2022
mzpN0HmgKpw NBA Top 10 Plays Of The Night | February 18, 2022
n3lXzZ42OBI NBA Top 10 Plays Of The Night | February 4, 2022
n571SwG0ipQ Kevin Love Headlocks LeBron After He Dunks on Him Ì†ΩÌ∏Ç
n73HIMZdBZg Stephen Curry SEASON-HIGH Torches Trail Blazers Ì†ΩÌ¥•
nAm3Q0Sm4Jg LeBron GOES OFF For 56 PTS In Lakers Win Ì†ΩÌ¥•Ì†ΩÌ¥•
nCQz3VTMFkE The Guy Who Ordered Nuggets Dropped Another 50 Piece Ì†ΩÌ±Ä
nEtSs8-lGRI Giannis Drops 40 For HUGE Bucks Road Win
nFfdzQU550I Final 1:07 WILD ENDING Warriors vs Knicks Ì†ΩÌ¥•Ì†ΩÌ¥•
nW7xg9BdW3E Trae Young Makes First NBA All-Star Starter Appearance! Ì†ΩÌ±Ä
nZM0TVdFyrI Timberwolves Bench Lose It After Anthony Edwards Dunk
nZMMR2123PQ Russ That Was Mean Ì†ΩÌ∏§ | Top 20 Dunks NBA Week 13
namxwJgaF40 Final 1:18 WILD ENDING 76ERS vs Cavaliers Ì†ΩÌ¥•Ì†ΩÌ¥•
ndo62W1pvwg Zach LaVine Reacts to His Craziest Poster Dunk ‚úà
neEklYCCOEQ Chris Paul Breaks Down Top Career Moments | NBA Lookback
nhItnXtaU-I Donovan Mitchell FLASHY New Handle Moves! Ì†ΩÌ±ã
niv0M887THk Ì†ΩÌ∫® Kyrie CAREER-HIGH & FRANCHISE-RECORD 60 PTS! Ì†ΩÌ∫®
nkP41jYoz9k Steph Ties Ray Allen on a DEEP 3!
nmpyT-Z5NlQ WILD Final 2:27 Of Spurs And Pelicans Ì†ΩÌ∏±
nn1bxSWe3BA Nobody Can Recreate This Ja Move in The Gym Ì†æÌ¥Ø
nod9opnXSaI NBA Top 10 Plays Of The Night | November 18, 2021
nogfOihHJDU Final 0:50 WILD ENDING Warriors vs Suns Ì†ºÌΩøÌ†ΩÌ¥•
nxI_02EvWEE NBA Top 10 Plays Of The Night | February 2, 2022
nxIaf0hPRoY Joel Embiid Brings Philly Crowd To It's Feet on Back-to-back MEAN Plays Ì†ΩÌ∏§
o27LWbuXEBM RJ Barrett Banks In Game-Winner In MSG Thriller! #TISSOTBUZZERBEATER Ì†ΩÌ¥•
o4rlVQJtDFk Luka Threads The Needle With A Behind The Back Pass!
o59m81Ja7MY Steph Curry 1st THREE on Quest For 1st ALL-TIME 3-Point Record! Ì†ΩÌ±å
o7J2fNpUsrE Kobe Bryant Wins 1997 Dunk Contest ‚ù§
o9Lx1JqaDLg NBA Top 10 Plays Of The Night | November 23, 2021
oBTy7ZAOQ3E Jalen Green POPPED OFF vs. Lakers Ì†ΩÌ±åÌ†ΩÌ±Ä
oFsOeIFSQ_w LUKA MAGIC! 49 PTS, 15 REB, 8 AST & A Huge W Ì†æÌ∫Ñ
oJePMNXsUVA Luka Threaded The Needle in The Smallest Space
oJiNAR21gxA Stephen Curry NBA RECORD 16 THREES & 50 PTS at 2022 NBA All-Star Ì†ΩÌ≤¶Ì†ΩÌ≤¶
oMLFwTZz2AE Luka Doncic Stays Hitting CRAZY Game-Winners Ì†ΩÌ¥•
oMmwFlQy210 Final 0:31 WILD ENDING Clippers vs Thunder Ì†ΩÌ¥•Ì†ΩÌ¥•
oQBiKVMXBII Dwyane Wade Can't Believe Shaq's ‚ÄúShoe Phone‚Äù is Real Ì†ΩÌ∏Ç
oQY-EvUdm3U NBA Top 10 Plays Of The Night | December 12, 2021
oQbdiIjgS6k Mic'd Up At NBA All-Star 2018! LeBron, Steph, Kemba and More!
oYRmlOVHORA NBA Top 10 Plays Of The Night | February 26, 2022
obbXHRHhvE8 Dell Curry Still Has Steph's Signed Game Ball in Charlotte ‚ù§
ojL5Wp7UjwE Draymond Green Reacts Live to Stephen Curry INSANE All-Star Ì†ΩÌ∏Ü
okE8MF2FOrE INCLUSION | NBA 75
olTJXkTOFaU STEPHEN CURRY | 75 Stories Ì†ΩÌ≤é
oqmtZChAF08 NBA Top 10 Plays Of The Night | March 7, 2022
pBHiBMUPK2A NBA Top 10 Plays Of The Night | December 17, 2021
pG7g8YWAtj0 He‚Äôs Starting to Heat Up! Ì†ΩÌ¥• | Top 10 Sophomore Plays Week 2
pMXSrwG0Lqo Evan Mobley AND-1 off Garland No-Look Ì†ºÌºü
pYBOIQSx3lw Alex Caruso Gets Up For The Oop In MSG!
pYTYAlk65Uk Klay Thompson Receives Standing Ovation For HUGE 38 PTS vs Bucks Ì†ΩÌ¥•
p_1jS22fIpI Cade Cunningham Full Press Conference After Winning MVP #CloroxRisingStars
p_9JmC8BmFY Zach LaVine Could Not Be Stopped In Denver
pddiaExw84o Kyle Lowry & PJ Tucker Drain Their First Heat 3's Ì†ΩÌ±å
phwb2_6ZZ-c Anthony Davis RECORD 52 PTS in 2017 NBA All-Star Game ‚≠ê
piKSp9YasLY Final 1:44 WILD OT ENDING Clippers vs Nuggets Ì†ΩÌ¥•Ì†ΩÌ¥•
pjZxAenZkQ8 Jimmy Butler Drops A Season-High 37 PTS In Road Win at Houston!
pnnQx11k5Dc Ja Making Absurd Passes in His Return! Ì†ΩÌ±ì
ppAbT6J8oEM LeBron Flexes After Acrobatic And-1 Finish Ì†ΩÌ∏Æ
prvjNFHSOj0 Magic Johnson ULTIMATE Career Mixtape! Ì†ºÌºü
puKWuYR3KmI Harden ‚ñ∂ KD ‚ñ∂ Griffin on AMAZING Nets OOP! Ì†ΩÌ¥•
puZ1Na9Cdt0 DJ Khaled Reacts to Michael Jordan‚Äôs 1988 Dunk Contest
pvpbU8FnMDE Final 1:50 WILD ENDING Bulls vs Grizzlies Ì†ΩÌ¥•Ì†ΩÌ¥•
q11WfOsL4yw LAKERS Go Down to The Wire Twice Ì†ΩÌ±ë | Top 3 WILD ENDINGS NBA Week 16
q5yYzqvRVPI Final 2:40 WILD CHRISTMAS ENDING Cavaliers vs Warriors 2016
q6W9lHDS944 Jason Williams Legendary ELBOW Pass Ì†ΩÌ±Ä
q9OF191FpX8 Yes, No‚Ä¶ Maybe Ì†ΩÌ∏Ç
qBSbBZw1A4k Jalen Green JUMPED So High His Head Was At The Rim Ì†ΩÌ∏Æ
qCtZf1I98qw Throwback To Before Nikola Jokic Was The MVP Ì†ΩÌ¥ô
qSR0FDROhm8 Harden to Embiid Scary Hours in MSG Ì†ΩÌ∏±
qSqhrb58RBw Final 1:17 WILD ENDING Spurs vs Jazz Ì†ºÌΩøÌ†ºÌΩø
qVk2qv2-H-0 Shaq Makes a Joke About His Strength Ì†ΩÌ∏Ç
qVvfkRl7cSc Jokic Drops Full-Court Dime Ì†ºÌ≥èÌ†ΩÌ∏≤
qZhiSQtoUzs Nets Dive on Floor Twice But Hustle Pays Off In The End Ì†ΩÌ±Ä
q_30Yvac8Yw Ì†æÌµµ Steph GONE NUCLEAR 5 Straight THREES Ì†æÌµµ
qcGdlPpH-aQ Tyler Herro Was One Second Away From a Triple-Double
qdlwOC2Pq8M Ì†ΩÌ∫® STEPHEN CURRY FIRST CAREER Game-Winning #TissotBuzzerBeater
qkEeRTT-L8c DeMar DeRozan Drops 50 to Lead Chicago in OT!
qpkBcdtwuSQ The Top Assists Of Week 14! Ì†ΩÌ±Ä #StateFarmAssists
qq-Q6zrKxNY You Wouldn't Guess Who Jokic Passed To Ì†æÌ¥Ø
qr-mtAkGwmw Best Plays from NBA All-Star Captain LeBron James! | 2021-22 Season
qsTKh-wQf4g LaMelo Ball Was Jumping Out The Gym! | Top 10 Sophomore Plays Week 3
qsu5U1qlWwA Greg Brown III Pulls Off In-Game Eastbay Dunk...AGAIN Ì†æÌ¥Ø
r24YpP3DTyw Bones Hyland TOOOO MUCH SAUCE Ì†ΩÌ¥•Ì†ΩÌ≤¶
rAzSsz4h7Aw NBA Top 10 Plays Of The Night | November 10, 2021
rBvmd48BbF4 Darius Garland Hilarious Reaction to FIRST Triple Double Ì†ΩÌ∏Ñ
rGU6nZX4-y8 Boogie Earns ROUSING OVATION in Mile High City! Ì†ΩÌ¥•
rQw-BqNJvVA KD Drops Season-High 53 PTS Ì†ΩÌ¥•Ì†ΩÌ¥•
raAdUNu-_fQ NBA Top 10 Plays Of The Night | January 23, 2022
rck8DKlajPA NBA Top 10 Plays Of The Night | April 1, 2022
rfcxHWM0r88 Kyrie Season-High 32 PTS Battles Steph & Klay Down to Wire!
rfgLRkA2kwM NBA Top 10 Plays Of The Night | October 27, 2021
rhatfdVKSV4 Malik Beasley Sets Timberwolves Record Ì†ΩÌ±èÌ†ºÌøÜ
rjzJueVcOpc Klay Drops 17 PTS In Warriors Return Ì†ΩÌ¥•
roiOF1B-6KE NBA Top 10 Plays Of The Night | November 30, 2021
rpR6dIsiu_s Put Some Respect On His Name!
rpSF_UuB-8s LeBron & Michael Jordan Share Emotional Moment Ì†æÌ¥ù
rqnXJupt_Fw Stephen Curry‚Äôs Craziest Trick Shot From The Stands Ì†ΩÌ∏Ö
rw5DxJsKwKY NBA Top 10 Plays Of The Night | February 11, 2022
rwVKvHrCUIk Ì†ΩÌ∫® AUSTIN REAVES GAME-WINNING 3 IN OT HAS LEBRON AMAZED! Ì†æÌµ∂
s-Sw0ZkLXnM Final 2:00 WILD ENDING Bulls vs Thunder Ì†ΩÌ±ÄÌ†ΩÌ±Ä
s7zvRkwXcMI Kyrie COOKING For Nets in 1H With 17 PTS! Ì†ΩÌ¥•
s98KWmk53xM Final 8:22 WILD ENDING D-Wade & LeBron's Final Match-Up Ì†ΩÌπå
sCaxl2hs-oc NBA All-Star AT&T Pregame Concert with Jack Harlow and Cautious Clay
sJWNDWzYXyQ Best Plays From NBA All-Star Reserve Chris Paul | 2021-22 NBA Season
sUA67E1jqD8 John Collins FROM THE ROOF DUNK OF THE YEAR Ì†ΩÌ∏Æ (My Goodness)
sb5cXghkZZE Kyle Kuzma Playing on Another Level This Year!
sdzrv0PWNb4 Jokic Finds Morris in LAST-SECOND #TissotBuzzerBeater Ì†æÌ¥Ø
shXHTCij00k Tatum With Smart Give & Go to SWEET POSTER! Ì†ΩÌ¥•
sjg1J-OimBA Chris Paul Slick Behind The Back Ì†ΩÌ≤ØÌ†ΩÌ¥•
sn4xexmv-d0 THT Insane Dunk in Transition That Impresses Lakers Ì†ΩÌ∏Æ
sn6uYJJUKBE Kevin Love, Darius Garland & Isaac Okoro Connect On WILD Sequence
snMjmlnoRaY Top 10 WILD NBA ENDINGS Week 21 Ì†ºÌΩøÌ†ºÌΩø
soGrXmNYvy0 Carmelo Drains 3 First Half Threes Ì†ΩÌ±åÌ†ΩÌ¥•
sov2evlRhtU Final 0:58 of INTENSE ENDING to Nets vs Knicks! (Battle of Boroughs) Ì†ΩÌ¥•
ss1YlQskYlM Team Barry Best Plays at #CloroxRisingStars! Ì†ΩÌ≤¶
stXz4PD4OYI Davion Mitchell Explodes for Highlight Slam Ì†ΩÌ∏§
sy22nr0qfik Young Klay Thompson meets Michael Jordan Ì†æÌ¥ù
szWPpML6awQ KEVIN DURANT | 75 Stories Ì†ΩÌ≤é
t1Mq-1gN4dY Kyle Lowry & Big 4 Make Heat FRANCHISE-HISTORY! Ì†ΩÌ¥•
tA-NNydsCYo Jayson Tatum Scores 51 PTS In Celtics Win
tDd5ro929wU LeBron is 2nd To 37K PTS All-TIME! Ì†ΩÌ¥•
tGncW2_DRpg BIG Slam from Russ IGNITES the Lakers in OT!
tIHNKDh7v28 \
tL7OSWJtXnc Final 2:05 WILD ENDING Kings vs Mavericks Ì†ΩÌ∫®Ì†ΩÌ∫®
tTFkJPNjs34 Jalen Green Coming in HOT Ì†ΩÌ¥• | Top 10 Rookie Plays NBA Week 10
tVyhcvRGUXc Ja NEW 3-Move Combo For The Lay in Slo-Mo
tWY1BrSqr5I 5-0 Ì†ΩÌ±ë
tXiHMP8zEVo Insane 29-17 Comeback Ending Lakers vs Jazz Ì†ΩÌ¥•Ì†ΩÌ¥•
tbqtVPHBsIw Ja Morant's Head Touches The Backboard On INSANE Two-Hand BlockÌ†ΩÌ∏≤
tcFqiWbHCm8 Jalen Green One-Handed OOP From No-Look Feed Ì†ΩÌ∏≤
tcmAumC3Z0A When Chris Paul and DeAndre Jordan Hilariously Bumped Heads!
tdMoeLOU8PA Smart to Brown OFF THE BACKBOARD Ì†ΩÌ¥•
tjx0r3v5bTs Dwyane Wade Reacts To His 2011 Full-Court Pass
to5-rwqzYX4 A Few Celtics Legends on Competitiveness
tsR4JUAb6ss WARDELL STEPHEN CURRY II Drains Cold #TissotBuzzerBeater Ì†ΩÌ≤¶
ttW7S25YV-4 Best Plays From NBA All-Star Reserve James Harden | 2021-22 NBA Season
tyXwQNBlbNo LeBron Drops 38 PT TRIPLE-DOUBLE in Cleveland W! Ì†ΩÌ±ë
u-wCiqUBmG8 DJ Khaled Reacts to Jason Richardson‚Äôs Dunk 2003 Dunk Contest
u0gwfKrtjoM Joel Emiid Hits Free Throw For 50 PTS & Gets A Standing Ovation!
u2gUnv8YKUY Kevin Durant DROPS 41 PTS Ì†ΩÌ¥•Ì†ΩÌ±è
u97nMz98gKs Caruso First 3 Back!
u9MRSoaE3x8 Derrick Jones Jr. & Zach LaVine Throw Down Back to Back ELECTRIFYING Dunks
u9urqtg9ej0 Jayson Tatum Goes For a 37 POINT DOUBLE-DOUBLE On LeBron & Lakers
uAGafn1iexw Steph Drills 8 Threes For 46 PTS vs Grizzlies
uMk_a_OddyQ Obi Brought The House Down On Christmas Day | Top 10 Sophomore Plays Week 10
ueC9Tem-Qag The Full 2022 NBA #MtnDew3PT Contest Ì†ºÌæØ |  2022 NBA All-Star
uhPfqNKgDi8 #3 Pick Evan Mobley & Rubio RECORD-SETTING at The Garden Ì†ΩÌ¥•
uhjn1t_7Ti4 Nail-Biting Final 1:35 In Indiana Ì†ΩÌ∏±
uho00hPZ8GM Unreal Game Winning 4-Point Play From Luke Kennard
uizLRSrJlOo NBA Top 10 Plays Of The Night | January 11, 2022
upULK_Nvzho NBA Top 10 Plays Of The Night | December 6, 2021
utuD4R2__M8 Klay Thompson Can't Miss Making 24 Straight 3's Ì†ΩÌ¥•
v0nERP6RER8 The FULL NBA 75 Team Ceremony at NBA All-StarÌ†ΩÌ≤é
v169JUt2yz0 NBA Top 10 Plays Of The Night | January 10, 2022
v4sXGPR84Ww GIANNIS ANTETOKOUNMPO | 75 Stories Ì†ΩÌ≤é
vCXeR2ebXzY Derrick Rose DYNAMIC 28 PTS ‚ÄúStill Got It‚Äù
vFGnZmhFthc Jayson Tatum Fuels Celtics Comeback with 38 PTS ‚òò
vJXoLD0-1ZU Vassell Makes a Poster Ì†ΩÌ∫®
vL6RUDrIrQI 4 Defenders Still Can't Stop The Giannis Self-Oop! Ì†æÌ¥Ø
vNl_GIg05dc Hornets are Rocking! Bridges & Oubre Were HOT Ì†ΩÌ¥•Ì†ΩÌ¥•
vOcvaHkWdyA Jordan Clarkson Gets HOT For 30 POINTS Ì†ΩÌ¥•
vOuyNN7nYTQ Shaq Goes Between the Legs of Dwight Howard for Monster Jam Ì†ΩÌ≤™
vPRX7UN_f0s Victor Oladipo Checks In For The First Time This Season Ì†ΩÌπå
vQyD6xARMRQ Kristaps Porzingis 1st Bucket as a Wizard Ì†æÌ∑ô‚Äç‚ôÇÔ∏è
vRIS3L6Z9AQ NBA Top 10 Plays Of The Night | January 2, 2022
vTVDfHjuL2E BEST DUNKS From #RufflesCelebGame Ì†ΩÌ∏é
vbAZ4GI3MwY Garland's Career-High 41 PTS Carries Cavs Ì†ΩÌ∏§
vbRm7DcqaoU Kyrie Cooks Up Season-High 50 Piece Ì†ΩÌ¥•Ì†ΩÌ¥•
vdOLpZA6hEc One For The History Books Ì†ΩÌ≥ö  | Top 20 Plays NBA Week 9
vkwIlsGYxWo \
vlnk2cjATbE NBA Players Past & Present React To Their Outstanding Highlights ‚Äì Part 2
vmte91g3gHQ NBA Top 10 Plays Of The Night | October 13, 2021
vsbhpJGiPbk Anthony Davis Showing Respect All Day for Dame!
vxWgMD0ggRc Jokic Made One of His Wildest No-Look Passes Ever in Slo-Mo Ì†ΩÌ±Ä
vzDhbwtKvAs The FULL 2022 NBA #CloroxRisingStars Tournament Ì†ΩÌ≤é | 2022 NBA All-Star
w-oRgeLwjyY James Harden Arrives for 1st Game With Philly Ì†ΩÌπå
w1-9OL0_Ebs Facundo Campazzo BEAUTIFUL Nutmeg Assist to Jeff Green! Ì†ΩÌ∏Æ
w1CnANsiUw4 Vassell Poster Jam! Ì†ΩÌ¥•
w2EHaC8Au0I Final 1:48 WILD ENDING Hornets vs Pistons Ì†ΩÌ∫®Ì†ΩÌ∫®
w4GhCM2_9Rg Round & Round Terrence Ross's Shot Goes Ì†ΩÌπÉÌ†ºÌøÄ
wFdQdWCzxjY Jamal Crawford's MUST-SEE 51 PTS At Age 39 | April 9, 2019
wHfeRbLHuOg PELICANS at LAKERS | FULL GAME HIGHLIGHTS | February 27, 2022 (edited)
wQhJ7J-1sKQ NBA Top 10 Plays Of The Night | March 5, 2022
wVCiV7Lo6p4 SCOTTIE PIPPEN | 75 Stories Ì†ΩÌ≤é
wXJfHARCB5Y Final 0:32 WILD ENDING Suns vs Rockets Ì†ºÌºûÌ†ºÌºû
welHDbZ0KBY LeBron Jokes After Steph Misses Free Throw Ì†ΩÌ∏Ç
weq8UB5VCWY Cole Anthony Off The Glass at #CloroxRisingStars ‚≠êÔ∏è
wezghOsqp8M Your 3PT & Dunk Contest Participants Ì†ΩÌ±Ä
wfGUqeB9mok Russell Westbrook CLUTCH Triple-Double in Lakers Win Ì†ΩÌ±Ä
wgtKOAHQeeI Trae Young Puts Up 43 PTS And 6 Triples In Hawks Win Ì†ΩÌ¥•Ì†ΩÌ¥•
wqvhFFX7uBs RAY ALLEN | 75 Stories Ì†ΩÌ≤é
wwrGvHQq4ms Steph Curry MVP Performance Ì†ºÌøÜÌ†ºÌºü
wzxqCUe5Ekc \
x3foChtrwdM Metu Game Winner Shocked His Kings Teammates! Ì†ΩÌ∏Æ #TissotBuzzerBeater
x6JGZYcpak0 Kyrie Irving Scores 22 PTS In Nets Return!
x9i5bxVXRXE LeBron James DOMINANT Performance Against Trail Blazers!
xBZAPglWID4 Wild OVERTIME Finish In Orlando Ì†ΩÌ∏≤
xBaQvfqDQGY Best Plays From All-Star Starter Stephen Curry | 2021-22 NBA Season
xGeRe9C-kSQ The 2022 #MtnDew3PT Field! Trae Young, Zach Lavine, CJ McCollum, & More‚≠ê
xGq30nQPDsY KPJ Crazy Instincts on Bounce Pass Dunk to Himself! Ì†æÌ¥Ø
xNpMUyULAc0 Jame Harden DOMINATES Philly Debut 27 PTS & 12 AST! Ì†ΩÌπè
xQvvP2LkkbA Giannis & Middleton in a GROOVE With 46 PTS in 46 MIN! Ì†ΩÌ¥•
xSK1D4IdU7A NBA Rookies Ì†ºÌºü #CloroxRisingStars
xi1A_2HzYXs Russell Westbrook's VICIOUS Dunk In Jazz vs Lakers!
xi2w1tUqRjc Kuminga Impact Slam Ì†ΩÌ∏§ | Top 10 Rookies Plays NBA Week 16
xpCgGo-DJGY The Best Of Team LeBron From The Season So Far!
xvPlNNPQYAU Coach Pop Becomes #1 ALL-TIME Winningest Coach in NBA History! ‚ù§
xviIsxIQIWI Tyrese Haliburton OOP To Tristan Thompson Brings ROOF DOWN! Ì†ΩÌ¥•
y4LrAF8UNN0 Stephon Marbury's Top 10 Plays of His Career! Ì†ΩÌ¥•Ì†ΩÌ¥•
y78nAZDgFhs The Top Assists of NBA Week 7 #StateFarmAssists
yFW6rMI4OuQ This Steph 'No-Look' THREE Is So Hype Ì†ΩÌ±Ä
yFv1UTOb_O4 DOMINIQUE WILKINS | 75 Stories Ì†ΩÌ≤é
yOtcsJMG4HM NBA Top 10 Plays Of The Night | March 1, 2022
yT3LZe-n0j0 Stephen Curry BEST CHRISTMAS Ever 5 Threes & 33 PTS! Ì†ΩÌ±®‚ÄçÌ†ºÌΩ≥
yTwAjgnuj1U KD IS A BAD, BAD MAN! Sent Him Flying Ì†æÌ¥Ø
yWKZ9tppcos Zion Is Mind Blown By His Teammates INSANE DUNK! Ì†æÌ¥Ø
yWMi9SsWIUs Eric Gordon Puts A Little SAUCE On The 3 Ì†ΩÌ¥•
yaQsDyca5T4 Best Dimes From Week 19 Ì†ΩÌ±Ä #StateFarmAssists
yhhwCb27BNY NBA Top 10 Plays Of The Night | January 8, 2022
yhpj4y47CN8 Lonzo Ball a Walking Highlight in Transition for The Bulls! Ì†ΩÌ¥•
yjs9ad_60lM NBA Top 10 Plays Of The Night | December 23, 2021
ykZwlhDjrzs Ja That 360 Is Just... ABSURD
ylD7AKUyquo NBA Top 10 Plays Of The Night | November 5, 2021
ypcIs595arQ Franz Wagner ROOKIE-RECORD 38 PTS & Career High! ‚ô®
yr2vrb_KuDI NBA Top 10 Plays Of The Night | March 11, 2022
yrDWeSTb1wQ A King's Return Ì†ΩÌ±ë | Top 20 Dunks NBA Week 16
yuRoEqoa-SA Behind The Scenes: DJ Khaled x NBA Ì†ΩÌ¥ëÌ†ºÌøÄ
yua6jEwKC8U We Can‚Äôt Believe it Either, Ja
z24p_cvMQsM Ja Morant, Miles Bridges & More Put on a Dunk Show!
z2M16S01BJY NBA Top 5 Plays Of The Night | January 22, 2022
z3AkTw8hPBU HOLD ME BACK! Jaxon Hayes MEAN Putback Slam Ì†ΩÌ∏§
z3XX2iX0Z7Q BIG-TIME Giannis SLAM & a Wink to Celebrate Ì†ΩÌ∏â
z5ljEq-qYu8 Final 2:00 WILD ENDING 76ers & Nets 2019 Ì†ºÌΩøÌ†ºÌΩø
zFqOthr5u9Y Goran Dragic 1st Bucket as a Net! Ì†ΩÌ¥•
zJ-HmGttrG8 NBA Top 10 Plays Of The Night | February 24, 2022
zLXcSo3GwyQ Harden Showing Off 2 NASTY Dimes Ì†ΩÌ∫®
zWsTcz51Kg0 Max Strus' CRAZY Stepback Loses The Defender Ì†ΩÌ∏±
zXYpY2eGLLM Final 3:11 WILD ENDING Bulls vs Wizards Ì†ΩÌ±ÄÌ†ΩÌ±Ä
zXoTcE1jQKk Final 3:16 WILD ENDING Lakers vs Pelicans Ì†ºÌΩøÌ†ºÌΩø
z_aFKyn4LTI NBA Top 10 Plays Of The Night | March 28, 2022
zfnC7K7314I Final 1:46 WILD ENDING Lakers vs Jazz Ì†ΩÌ±ëÌ†ΩÌ±ë
znUY3vuWobw Jokic Creates NBA HISTORY in Dominating 46 PTS, 11 REB, 11 AST Ì†ΩÌ∫®
zufO_V-eVrE James Harden & Kevin Durant COMBINE For 44 PTS! Ì†ΩÌ¥•
zvEds1Y3INk Kristaps Throws HUGE Dunk in the Rim!
