-fRWz5dvgsc Special Cabinet
0bIhUBYjVZ8 Standards Committee
1TY9j5yT8tw BSL video for survey introduction
21rPU6888VE Job Awareness Month: Kickstart Scheme
273czW4uQos Flex Memberships from ꌣ - Enjoy all of our Districts Leisure Centres for one great price!
2W_eBmdy9vI Planning
2id9EZn4L8M Council
2s74NmGtWig Learn how to sign: Order drinks - using British Sign Language
59MUUlJN83Q Cabinet
5MChLxhpxF0 Learn how to sign: Handwave for key workers - using British Sign Language
5dB4Tc-q1hg Sign Solutions, BSL Video Interpreting, Q and A session
5e0_Jn4wkAg Cabinet
61Kjko5Jo1I Learn how to sign: Clap for NHS - using British Sign Language
6Ax9sim0_o0 Organisational Scrutiny Committee
6ND74lEzNnE Council
72aPpZ8WPZU Planning Committee
73YvZ0fHE-c Leisure centres -Helping you to pre-book activities
7AFycmo371w Planning Meeting (Morning Session)
7FJloivZYJM Learn how to sign: Finger spelling names - using British Sign Language
7MCvhpGoPpQ Cabinet Meeting
7qDijc7cogI Learn how to sign: North East Derbyshire Council contact details - using British Sign Language
80qI47Ylu3Y Annual Meeting of the Council
8Y8WSBBCKc8 BSL Coronavirus information on www.ne-derbyshire.gov.uk
8dWddsKyszU Planning
8i-owibwVgg What services do North East Derbyshire District Council provide?
8kl4mQx8tt4 Employment & Appeals Committee
8msCvGJCfNg Learn how to sign: Hobbies - using British Sign Language.
8qOjAGnW4tQ Learn how to sign: Food items - using British Sign Language
8sCSBHZ4oDQ Leisure centres re-opening - Be patient
8ti-Fv76SnY Clay Cross Town Deal
9XbUVzxaAGg Cabinet
9z6gPkUm5H0 Learn how to sign: Stay at Home, Save Lives - using British Sign Language
C1uFfEXoOaI Armed Forces Day 2020
CKZO0SBvfzs Planning Committee
CTknufn9NIU Meeting - Joint ICT Committee
CWfcmuT5YN8 Cabinet
CiMSy7xPNqo Special Audit
DE0bPvpRmmo General Licensing & Gambling Acts Sub-Committee
DE5sFQFdFB4 Meeting - Audit Committee
DJKJVxuqVqg Planning Committee, Morning Session
DQqaUCSJlLs Tiny Tumblers NEDDC
Dil5iUxXRq8 Climate Change – How North East Derbyshire District Council is helping the environment - COP26
E9HA_NGCWMA Eckington Pool refurbishment update
EKkx1XIj2hM Clay Cross Town Board
F2DhpSrlYCY Planning Committee Afternoon Session
FAXZsip5NBw Organisation Scrutiny Committee Meeting
FWYD5styh0E Cabinet
Fmc8vE5nJPE Annual Council
GRWgNwotHH8 NEDDC Growth Scrutiny Meeting
HMeYpdFnFCg Keeping Connected Leaders Update - December 2021
HYfgbkcw378 Council
IOGK26YvnwE Communities Scrutiny
IplMWPTdcrU Keeping Connected Leaders Update - September 2021
IszjNDjTXpQ Planning Meeting 19th October 2021
JYvvlvfTn_k Planning Committee recording from 21 September 2021
Jax1sisWPnc Council
LPAp2xTw07M Clay Cross Town Board
LUfBDu2qgdc Keeping Connected Leaders Update - February 2022
Lzjik9YZGWk Planning
MSN_VRFKzW4 Audit Committee
Mf6xRgFgdsw Planning
N78Pqu4nSlA NEDDC Virtual Cabinet  Meeting 14th May 2020
ND2G1Z8ZGSA Council
NtONiHz9Bgc Growth Scrutiny Meeting
OaTI7MQCJKc Organisational Scrutiny Meeting
PPIJNrboJGs Learn how to sign: Basic Greetings - using British Sign Language
Pdrz4wFI2ts Cabinet
PvRd6cw0fro Joint ICT
QhbznsEZmeg Standards
SA0agJuwwgk Cabinet Meeting
SwXcnD6_SFU Planning Committee
SxetatbN4fQ Planning Meeting (Afternoon Session)
U90gDjyOhPU Licensing Sub-Committee
UG9FulUlNQk Council
URT46fh3cyk Cabinet
V2iQuPeZpyU Standards
WTTfRRLa5Ko Joint ICT Committee
WVSriFRTTqs Cabinet Meeting
XTEe_job4Z8 Graduate Recruitment
XYex04nGdfg Learn how to sign: British sign language common signs - using British Sign Language
YuvbBG---qs Planning
ZdvYspPhOVw Joint ICT Committee
_5Icw5iw6KY Planning
_VALkPTN2Yo Growth Scrutiny
_XVEKThEnKc Planning
_jnDMbvNRvk Clay Cross Town Board Meeting
aC6IsmFwqvg Leisure centres - Returning to the pool
bTEYL0oLodg Cabinet
bkgZvm5oK0A Audit Committee
bzk0q0j8-Tw STANDARDS
cL_SGbK0afY NEDDC Council Meeting
cNgVtxcJvio Clay Cross Town Board Meeting
c_gSC-rXG_8 Planning
cmZXn4DkUW4 Council
czFXSuKGr9k Special Cabinet Meeting
dPgWONTpSx0 Keeping Connected Leaders Update - February 2022
eDnyBA8lBsM Growth Scrutiny
ePwluq1EB-4 Learn how to sign: Family - using British Sign Language
ejwWAEqgnsQ Clay Cross Town Board Meeting
erhRZ6FZkH4 North Derbyshire's Got Talent Competition
heFgwRnndrs Keeping Connected Leaders Update - November 2021
iGncQMnuMhE Extraordinary Council 12/10/20
ihmYYzpLWI4 Lesiure centres - What to expect
jdPlTiW9_r8 Cabinet Meeting
k4vnDcl99iE Council
kLZz4Ad8L5k Standards Committee
kd6z2s066v8 NEDDC Council (ANNUAL), 3.00pm, Monday 18th May 2020
kyY10ws9p-s BSL video for the survey
l1eg3acwjaQ 򣅐 Energy Rebate for Households
lhStsV-15NY Cabinet
lkK92afk2vo Clay Cross Town Board
lrb68_u-YKA Learn how to sign: Emotions - using British Sign Language
mVv344K6l2s Council
nTkCqpZcPqU Clay Cross Town Board Meeting
nYHdF8jwhMM Killamarsh Sports Centre refurbishment update | North East Derbyshire District Council
naoy1I11TC4 Killamarsh Sports Centre refurbishment update | Nov 2021| North East Derbyshire District Council
oEzrq9Rdtog Meeting - Planning
oNk_1l9EXCE HADL Webinar
oc0-9dKrwNA Planning Committee Meeting
pHjn76DTekM General Licensing
p_wLSvbrvPI Planning Committee
qfx7jVbPwUQ APSE Award interview with Councillor Charlotte Cupit
qkC3vyIZW8Y Cabinet
r30c7aDnN7g Audit Committee
s9kNY6Fm_VQ Communities Formal 14/01/21
sUPdf_tKyOU Planning Committee
tgqdDR0597M Communities Scrutiny Committee
uKqT1luurvA Cabinet Meeting
wLTDxtHCCo4 Planning
wWgbCL94dEE Special General Licensing Committee
wwAyxK-ZU-o Clay Cross Town Deal ꌤ 1m funding award
x7BL0pXHpjA General Licensing Committee
xHq9-Rgu8Dg Benefits of working for the Council
xfKBWgzriFk Growth Formal
y6baz6d1e3o Cabinet Meeting
ycAm3rKcrhI Planning Committee
yuNCPaGXsyU Council
zz_-CDlMaCM Licensing Sub-Committee
