-NHDEz9ZYJM Ping Pong Battles against Strangers 3
0GPHlwgbUSQ Ping Pong Trick Shots
0GmVfONwlBA Pongfinity Match Highlights 3
0Ph8j4A0VUo Finnish Championships Semi-Final [Pongfinity]
0xrC8vaddcg World's Spinniest Table
19LN06_kTJw Best Ping Pong Shots 2019
27PMlDC2jx8 Frozen Ice Racket Challenge
2F1u1hyShv8 How Pongfinity Reached 1 Million Subscribers
2XUIWi8Zg3E JENGA Ping Pong Trick Shots
31XlYr_rAeE Weirdest Ping Pong Match
3hCSuu3BZGw Sumo Ping Pong
3x_C6xRmKAM Lake Ping Pong 2
3yqmcLvnIfs Ping Pong: Expectations vs. Reality
41ugiG2r-2M Pongfinity Match Highlights 4
4LxPaQG_JnU Playing Ping Pong with a 50kg Dumbbell I Pongfinity
4azZL4uXDoM Bruce Lee Ping Pong [Nunchaku]
5Cs3KqNjboA Ping Pong with a Gigantic Ball
6nfUeKO3rc0 Wheelchair Table Tennis ft. Pro Player
7ZFOJzFOehc Table Tennis Spin Serves (Challenge)
8EZxpgFvdf4 Table Tennis with an Olympic Player
8FyBGECxonc 1 Rally, 100 Different Items (World Record)
91dOFShmtos King of the table [Pongfinity]
93rU_8QWnac Trick Shots with a Subscriber
9Dz6yuZAKh4 Pongfinity Match Highlights
9qZPbd-YYvo Giant Bouncy Ball Ping Pong
B2IigwBPI4c Frozen Table Challenge
B5x1J1zDlgQ Ping Pong Stereotypes 4
BW_hCOJCFqg Pongfinity Tournament (Racket Bottom)
BpbpOHOU8Bk Pongfinity Highlights in Real Matches
C2o8zA1htSo Pongfinity Match Highlights 5
CABqlL02I28 Best Ping Pong Shots 2020
CHzIQmOiYoU The Coolest Way to Play Ping Pong 2
DWhRf6be6rQ Weird Ping Pong
E8hEovhvX2s Golf Ping Pong Shots
EAhHvV0oDIs Craziest Ping Pong Shot BATTLE
ECdqrJFTLDM Ping Pong Gun Game
EHAcsOBsZfo Funniest Moments 2021
EPwShNQ9KAQ Can you serve AROUND THE NET?
ESrSmuMw5_E World's Weirdest Ping Pong Set-Ups
F3HVeUMHv40 The Xu Xin Trick Shot
FKvzXcxDR5E Floor Ping Pong
FcHU2U62BH4 Ping Pong Gun Game 3
G-OjvVyxz3I 2 vs 1: Giant Ping Pong
GD6QikQAH34 Slice an Apple by Hitting it at a Knife
HLJGr3ukE7c Funniest Moments 2019
HTVVvsCWmnE Ping Pong... But After Each Point The Racket Gets Smaller
HenqASCe7so Ping Pong... But the Table Changes After Every Point
In5REqMrTa8 1 Hour Ping Pong Challenge
IuBxajNkuqQ Trick Shots HORSE
IuPAFpaGPXw Bubble Bursting Trick Shots
IyoWy2LfGtE [X] Ping Pong: 2 vs 1
J3QVnagIjqE Ping Pong Battleship 3
JfRJIhOupDg Table Tennis Trick Shots by the World's Best Players
Jp0FWd9uLy4 Ping Pong Trick Shots (old version)
K9hnwZmTLGA Return My Serve, Win $100
KtSoqmke8fE The Funniest Ping Pong Match in HISTORY
KxCy5irb3rE Giant Ping Pong
LaoztTJ-snw Bouncy Ball Ping Pong 2 (crazy spin)
Lm-lTmXryV4 Playing Ping Pong with a Cricket Bat
Lp4O796dGtI School Trick Shots
M1yAMZt9T5U Banana Table Tennis
MGtVHEIcCTw Hands Tied Ping Pong
Nj8XNBZZsxY Best Ping Pong Shots 2018
NlwmO2m02Iw Ping Pong Stereotypes
NpMxzKMXKUM Pongfinity Game Battle
O4jaq47uKy0 Chinese Style Table Tennis
O8rQmp0GlyQ Pongfinity Ball With 100 Holes
OATJ_Y-2mNg Finnish Championships Final 2020 [Pongfinity's Miikka vs Benedek Olah]
OOHtdCHP_uE Ping Pong Gun Game 2
OXrQ3cQ1jbE Christmas Ping Pong Trick Shots
O_ROwulB_C8 Ping Pong ROBOT BATTLE ft. Michael Maze
Oj-uHz7MMeA Best Ping Pong Shots 2018 Part 2
OwkLmxisEU4 Ping Pong Shot through a Card House
PAI4SneUVbw Pongfinity Match Highlights 2
PrpCejd8-sQ Ping Pong with Musical Instruments
QMzVUd9SGvI The Pongfinity Game
QSmZWIveIPs Left Hand Ping Pong Trick Shots
QW2uD-TsS4c 50 Around the Net Shots (Pongfinity Challenge)
Q_GCRUKitoY Weird Ping Pong
QeLXo54aWb4 Pongfinity Tournament (Weak Hand)
Qu9LX7eDJ84 Frisbee Ping Pong
RRkEQC6A84g Triangular Ping Pong
S5jn2r--B0g Skip a Ping Pong Ball on WATER I Pongfinity
SIvRaJ-0vy0 World's Fastest Table Tennis Serve
TPeTpY3vJMs Z-Pong
TjH471mEAuo How many shots can you do in 60 seconds?
TpVPJTkrLMQ Slice a Banana by Hitting it at a Knife
TriV6B0Eew4 Can you play ping pong with a BLOW-DRYER?
U48nJvfhO5k BLOOPERS I Pongfinity
U7xZsYNlFC0 Top 10 Mind-Blowing Ping Pong Shots
UC0zzsCO28w Mid-Air Ping Pong Trick Shot [Challenge]
ULq9SYjh4Y0 Ping Pong Battleship
ULyRGEmulOA Tennis Trick Shots
USZ9CbD6Aj0 Weird Ping Pong Challenges
VRPCMCRcT68 Giant Ping Pong 3
VSzgzU9_N3s World's Longest Ping Pong Shot
Vufcl7bK2R0 Bouncy Ball Ping Pong (crazy spin)
VxpjgpJK1OI Giant Net Ping Pong
WNtfRFLTNYY Pongfinity vs Football Goalkeeper
WQeMZlUI5Oc Hole in the Racket Challenge
WT1aWbVwixM Badminton Trick Shots
XA8caKYet-U Finnish Championships Quarter Final 2020 [Pongfinity]
XTkpIUrYPbg Ping Pong Stereotypes 3
XonGGnR5vdA World's Best Backhand Shots
XqgION5q_4o Padel Trick Shots
YvtDWV2XJOE [T] Ping Pong: 2 vs 1
Z73EHUH88UA Table Tennis Spin Shots
ZTGDOLt8xPA Ping Pong Stereotypes 5
ZjqJnnnUPnc Play Ping Pong Against Yourself (crazy spin)
_MWvQDbYJ-I A Flying Ping Pong Paddle
_MsC_O3ByDw Game of Trick Shots
aELychMIajM Does Wind Affect Ping Pong?
b-xdakQMypo Head Ping Pong
bN60oFG5Tgo Can you play ping pong with a MEAT HAMMER?
bTtEob8jMOs Ping Pong Battles against Strangers
bgea0X8pZMw Can You Play Ping Pong with a Knife?
boFnmo_OXn0 World's Most Ridiculous Ping Pong Serves
cENRg5Aci-Y Skills To Learn At Home
cKqmAfkUmCs Table Tennis Trick Serves
dCIHRYBgYCY Pongfinity's Miikka vs Otto
dPfr8ai_FRY The 500K Match I Pongfinity's Miikka vs Otto
eJShZCsL2-s Split a Ball by Hitting it at a Knife
ezw2TXQkoGY Pongfinity vs. Pro Badminton Players
fpdoFaYyDTw Ping Pong Explosion Game
gEVAMPDpK8c 1 Year Experiment: Table Tennis Chopper
gEdr-cR6zgY Table Tennis Trick Shots with Pongfinity
gJTFAWr49ow How Many Shots Can You Do In 10  Seconds?
h0Lc73jM_5Q Sync Pong
h4DaikpOlVk Split Table Tennis Racket
hUBfmH5TS2Q How to Defend in Table Tennis
hgrEwrnfE6A Ping Pong with Tira the Dog
iF2xwNkdvIY Broken Ping Pong Balls
iRmVDCWcd9o Crazy Ping Pong Shots
iVbImIsfT9s Ghost Ping Pong
iajYa15YcDE Play Ping Pong Against Yourself (backspin)
idL2DoJEuio Bottle Cap Challenge Trick Shots
ipSX5rBtosA Celebrating the Golden Play Button [1 Million Subscribers]
jPiCaYQjqrU Jenga Battles w/ Ping Pong Shots
jZIE93AgY0A Play 20 Around the Net Shots I Pongfinity
kLc3xe-kPPU Wide Ping Pong
knZl_HNckcg Dizzy Ping Pong I Pongfinity Battle
kxU2KCrVMqs The Coolest Way To Play Ping Pong
l3advn0qZEE $5 Racket Vs $140 Racket
lDjy4ZQGKHU Broken Ping Pong
l_tzXQC4His Ping Pong from Level 1 to 100
lmKavdebSxE Tennis Ping Pong (epic serve)
lyl8sCakFl8 King of the Frozen Table
ml5PUb6ge6s We made our own table tennis racket! [Pongfinity Sensei]
n-VBx4VuVaQ Win a Point, Wear More Clothes I Pongfinity Gun Game
nZ9vGlKgdm8 Finnish Champions [Pongfinity]
nqRj3Ds_nws Extended Ping Pong
nrrmUIEdIFU Pongfinity Table Tennis Training
o9_4ZY5fnXU Greatest Ping Pong Serves and Shots
oBR0WdbZGu0 Extremely Hard Ping Pong
oovyHcmja6Y Vertical Ping Pong
pEcZoZ4zMPc Zach King's Best Ping Pong Tricks
qG749egNMZI Trick Shots from Level 1 to Level 100
qHkjZVGNVCE How Many Balls Can You Play With?
qILccONIRcY Funniest Moments 2020
qWqn9T7gBUs Building the Perfect Ping Pong Racket
ro_AcM_N-rE Giant Ping Pong 2
sJxPDfJj0k8 Pongfinity's Otto vs Emil
t3bAP5ZSGwg World's Thickest Table Tennis Racket
t8niCFTWRrw Things You Didn't Know About Table Tennis
tGDj783Y6kQ Frozen Ping Pong Ball Challenge
tMzxjJygrH4 Table Tennis Training Session with Pongfinity
tPybIFqLUOE Ping Pong Battleship 2
tgKPIXNctns Pongfinity's Emil vs Miikka
tlNO7TnJ2fE World's Biggest YouTubers Try Ping Pong
uJXGnaVW6zs Darth Maul Ping Pong
uQGIgQy4qIM Ping Pong in a Forest
uUlvHNQsMuI Mini Ping Pong
vaiQR9HRWaI Play 10 Backhand Around the Net Shots
vnI5BSU6c0w Weird Ping Pong Ball
wTneNW5gUiA Pongfinity Match Highlights 6
xPalvQ2z1O8 Break a Glass with a Ping Pong Shot
xVmfc4lCo2A Best Ping Pong Shots 2017
xX8dsFhUryE Ping Pong Battles against Strangers 2
y92wA82J7-8 Liu Guoliang Table Tennis Trick Shots
yGKhapoXg_k Ping Pong Stereotypes 2
yd9KynKccDo Table Tennis Multiball Training with Pongfinity
yhhfZlCzgns Ping Pong Battles Against Strangers 4
yyL9UTW4rSE Ping Pong In the Middle of a Lake
zZRIcG1iIkk Romantic Dinner Trick Shots I Pongfinity ft. SGAG
zd0yXpkyrWY Quadruple Ping Pong
