0JLzvRtHVL0 How to face painful realities caused by your mistakes
0qMxEt8GrqA Bridgewater Associates (2/2): Market
1XuUlRo2ab8 Why we must learn from the lessons of the past
3WvpGBgmHM0 Top 5 Most Valuable Principles #3: A great manager is essentially a great organizational engineer
7KqyXF9f1dc Why radical truth and radical transparency are keys to success
8BaNOlIfMLE Как действует экономическая машина. Автор: Рэй Далио (на русском языке)
9ShGk-CYEoI Ray Dalio Honored by the National Committee on U.S.-China Relations
B9XGUpQZY38 Principles For Success by Ray Dalio (In 30 Minutes)
BXvLTDokHPM Principios para el éxito por Ray Dalio (en 30 minutos)
CDmLI4zlBH0 Principles for Success: “Your Two Biggest Barriers” | Episode 6
FRW3Nv0X1Uw The key to personal development & organizational effectiveness | Adam Grant & Ray Dalio at Collision
Fcl_W0l2gxE The Value of Understanding the Cycles of History to Deal with Today and What’s Next | Ray Dalio
FhngXhqdjOw 「Principles For Success（成功の原則）」レイ・ダリオ著分版）
GIMuC9cQ1H4 Bridgewater Founder’s Foundation Gives Connecticut $100 Million Donation
J2Qrm9UB7qY Principles for Success  Radically Open-Minded” | Episode 7
MkNbky2cPtI Where the U.S. is now and what we need to do
MoGuH3JbMPw Come funziona la macchina dellonomia
NRUiD94aBwI 30分で判る 経済の仕組み Ray Dalio
NcBe4hmcFGA Davos 2014 | Ray Dalio Explains Where in the Economic Machine We Currently Are - CNBC
OAmUhGaSzGU Bridgewater Associates (1/2): Bridgewater Culture Updated
PHe0bXAIuk0 How The Economic Machine Works by Ray Dalio
Q2TJjCILnmU How idea meritocracy works like a machine to produce successful organizations
RKwa4AxSsfg Top 5 Most Valuable Principles #1
S7hNda9DVxo How to have an idea meritocracy in any organization
SCCfk2a2O5o Diddy & His Mentor Ray Dalio | Inside a Meeting
SKXUeIk9QMg It's Always Better To Know What's True | Angela Duckworth, Ray Dalio, Adam Grant — WPA Conference
Tfrrubw7pcE Principles for Success: 𠇎mbrace Reality and Deal With It” | Episode 2
URqYnvcB2c0 Πώς λειτουργεί η οικονομική μηχανή από τον Ρέι Ντάλιο
Um4jnbZakbA Principles for Success: \
X2ag_mfUgBU Is the stock market in a bubble? | Ray Dalio | June 2021
XMvbd9mztaE \
ZY-BzPDj868 Money, Monetary Policy, and Bitcoin | Ray Dalio at Consensus 2021
_b51yIj6-Xk Understanding the Archetypical Big Cycle of the Rises and Declines of Empires
aYqoicJOUuk The Five Step Process: Top 5 Most Valuable Principles #4
cePUx1W-AS4 The value of understanding yourself & others | Arianna Huffington, Adam Grant, Ray Dalio - Collision
dJMiVGlnLSc Wie die Wirtschaftsmaschine funktioniert in 30 Minuten
dKz095P7LdU Principles for Success: \
eP8HgdHFMRQ Ray Dalio’s Free App, Principles In Action, now on iOS and Android in US, UK, India, Spain & Germany
gQn1H-7Ibnk Why My Transition is My Dream Come True - Ray Dalio
hFk7CeuNgQU Ray Dalio & India’s PM Narendra Modi Discuss Meditation, the World, and India
https://www.youtube.com/playlist?list=PLykIL_1_MFWk38AEDdpP7505PMdTcsQcq
https://www.youtube.com/playlist?list=PLykIL_1_MFWkTx9B2iiwlUt2z7E0FXRYm
https://www.youtube.com/playlist?list=PLykIL_1_MFWkWDDgvdZ6L7rsvKCKl-39j
https://www.youtube.com/playlist?list=PLykIL_1_MFWkYsR0EyZHU_3zlUK8ZNoYH
https://www.youtube.com/playlist?list=PLykIL_1_MFWlMnsHknYc4HUeRvb3ak7MZ
https://www.youtube.com/playlist?list=PLykIL_1_MFWmS82OuK8CBCow_QHUJuBes
https://www.youtube.com/playlist?list=PLykIL_1_MFWn372SWnwHA8jFVSHdXTCPV
https://www.youtube.com/playlist?list=PLykIL_1_MFWnDnFu7GgeF5rBSPts-7wOS
iGYLaQEwvWE Geoffrey Canada & Ray Dalio | Supporting Education in Underserved Communities
jNYN_QcpAUU Principles for Success: \
jTE2E42mpHo Principles for Success | An ultra mini series adventure in 30 minutes and in 8 episodes
jZGFJ_iZoQQ How to get and stay in sync with coworkers and teammates
mMN17uBzCw4 Paul Volcker & Ray Dalio | State of the US Economy & Government
mimgvjtixt0 Top 5 Most Valuable Principles #2
nYY-1KxXnSg Principles for Success: “Struggle Well” | Episode 8
npoNbXXS4oQ Cómo funciona la máquina económica, por Ray Dalio
pp5SFiVxq5U Die Prinzipien des Erfolgs von Ray Dalio (in 30 Minuten)
qDhXzZoAsE8 La mnique de la machine ຜonomique en 30 minutes, par Ray Dalio
rFV7wdEX-Mo 经济机器是怎样运行的 (时分钟) Ray Dalio
ryD8lfSEGio Principles for Success: “The Five Step Process” | Episode 3
s8jwBezj6zg Diddy & His Mentor Ray Dalio | Inside a Meeting Part II
vKXk2Yhm58o «Приницпы успеха» Рэя Далио (за 30 минут)
vKxxnFs9xp4 Looking back at Principles from a higher level
vcQ1ELhyQKE Dot Collector to be made available for use on Zoom
w9HiSsJjbF8 Principi del successo di Ray Dalio (in 30 minuti)
xguam0TKMw8 Principles for Dealing with the Changing World Order by Ray Dalio
zI9I6MaS5OE Recognize Your Two Barriers: Top 5 Most Valuable Principles #5
zpZ3dxAcvDM Introducing my New Book, Principles for Dealing with the Changing World Order | Ray Dalio
