0H6Cj324tcA Questions for Pseudoscience | Black Salve
0TUN86tLQ_Y Questions for Pseudoscience | Essential oils
2ZRTTT2_BHU What Happens When You Eat PURE GLUTEN?
44x4iv8XSj4 Science of the Gallows
527qhSHoBtk Questions for Pseudoscience | Crystal Healing (ft. AddictedtoIgnorance)
5OTI9COSVJs What Happens When You Drink Toilet Water?
5n_zoW_Rg6M The Bad Science of Micellar Shampoo
9UyRbUmwwaw Brain Eating Amoeba (by getting water up your nose)
9Wgn2kyQ8RU What Happens If You Don't Eat Fiber?
AlMfJdY1wZ4 My dog is a flat earther
D6XoSw3oaeQ What Happened to the People on the Titanic?
FOBwg3_m_2k Questions for Pseudoscience | Hydrogen Peroxide Therapy
J1tE4Iu2oFI Brushing Teeth vs. Mouthwash (Tested)
Mo_xEcuo1fY Floating Teabag trick
N6WOBm_O28Y Anatomy of Decapitation
NFtQOxjWfaA Anatomy of a Headshot
NiJPopkynTI Can you survive a headshot?
Q97dUEG8fzg What Happens When You Drink Bleach?
QiA8QGDsi5U 1000 Sub Thank You and Updates
R29ZcVWv7HY How did Elisa Lam really die? [Hypothermia?]
TsGyr6K9Yjk How to Make a Match Percussion Cap
WKXYuVDl_B0 My computer died
WcNGmuoeaA4 Which Should You Use: Hand soap or Hand sanitizer?
YXL01Nvrtnw Dog Stomach vs Human stomach
YuZXQjdeiqY How Do Cough Drops Work
ZUL94lDyapE Your Brain On Chocolate
Zi6c0By_44w Everything Alcohol Does To Your Body
c6i63BhBt5Q How Cyanide Poisoning Works
cCi3WXvxBxg Questions for Pseudoscience | Alkaline Water
cgQzmB46cjo What happens when you drink RUBBING ALCOHOL?
dsAoMMPu3p8 Why Hydroxychloroquine May Treat Coronavirus
f-s4Ghq6nwk What Happens When You Overeat?
gpt9HApNa6A What Happens When You Drink Racing Fuel?
gqwrrBnU704 How Brain Damage Works
hK9yAYJGeUY What was the Demon Core?
k3w7r932zlU Difference Between The Flu and Coronavirus?
kACaynD23T4 How Chemotherapy Works
kXWSf3Um24Y What Happened To All My Videos
nQ9wu_Qpa2M Does Stretching Really Work?
piRr-KjFsEU Questions for Pseudoscience | Cold Fusion
qwyNtUTPAws Questions for Pseudoscience | Does Fluoride Lower IQ?
rrb5dMhNSEM How Paracetamol Overdose Works
u2IwzIs0agw How Carbs Make you FAT
uQ2H4ma7iEQ Muscles You Didn't Know You Had
wtiDQ8TddsA Questions for Pseudoscience | Magnet Therapy
wuB5FxIlGA4 How Fast Can your Heart Beat?
xlfCal2IzWI How Long Can An Organ Last Outside The Body?
yZWrRm0eYxw Why Does Alcohol Make You Pee?
