1iQIzR56M4k Best wishes from Radio Canada international
2XeUkz1D3nw How indigenous knowledge is changing what we know about the Arctic
2vaVDCnfuT8 Do mobility devices in the Arctic need a rethink?
6aroDvmF8OA The New Raw
7fuXjP5Pv3I \
7pZjttjg7Bs Helping youth discover Blacks in Canadian History: Omari Newton
8OxBGaxF7P4 Muskox Health - The Interviews
AKxNaC6WGlU Sample Kit Collection - Cambridge Bay, Nunavut
ASfoYVgyTqc Arctic Art: In studio with Jimmy Kamimmalik
Arq4vdlYVAc Greenland, Newfoundland and Labrador: Lucrative Future - Part One
D8oc2VUkQPE The Making of a Tapestry: Pangnirtung, Nunavut
DmdrcqIa4f4 Dene Hand Games: more than just a slight of hand
EepJPsuDL-c How Inuit knowledge is informing climate research in Canada (Cree language with English subtitles)
HeThdYaPhTY Sixteen Minutes with TuuMotz
I-xrotE77C4 The Greenland Story: Interview with Annika Henricksen
JSlBzt1CpUM La reconnaissance faciale aéroportuaire est elle nssaire au Canada
K4Sn67UqJhQ The Greenland Story: Interview with Mikkel Myrup
K5XcfIja6tw Driving on the ice road in Canada's Northwest Territories
KyU0kQ6BUGg Seal Ban: The Inuit Impact
Ln7Mc9Wk8lU Trudeau vacille devant la danse des compagnies d'assurances autour de l'ADN
MMV0U6cZp64 RCI- Marc Montgomery interviewing Elan Mastai
N01bZInNxiQ Interview w Minister of Diversity B. Chagger: \
NQiOK1M90tw The Greenland-Newfoundland: Lucrative Future -- The Fibre-Optic Connection
Neip5QmREz0 The Greenland Story: Interview with Shawn Skinner
OO4cPRXHdQ0 Losing their Words
PWQD2PGmrLU Talking Muskox Health
Q3pAR9VRj2M Bridging the Divide
QS5N8U2Ngy4 Marc Montgomery interview Ryan Alford
QfCaY44Aiv8 THE UP-AND-COMER - Ningeokuluk Teevee
QwZgdKRkf9o Noah Richler interviewed by Marc Montgomery at RCI
RPIN2GNKHXw Arctic Hunting Now
T6SiW4ktTv4 Marc Montgomery interview Rob Green
XlvwvD3BJ00 THE REBEL - Jutai Toonoo
YiAeu8r6Qb4 The Link On Line
Z8l4VJEgAxY Arthur Lapointe - Diary entry for the battle for Hill 70
acy-madVNPM Arctic Hunting Now - Teaser
bNsUSbpkoqk Greenland, Newfoundland and Labrador: Lucrative Future - Part Two
gXyhMeTtBt4 THE PRINTER - Niveaksie Quvianaqtuliaq
gwvA6YfQGrA Canadian Rangers -- The Watchers
kJ44YMglf3g \
lflPXV1E4WA Inside Russia's push to lay claim to the Arctic | Dispatch
msZnGQQFXlk Is climate change making the muskoxen sick in Canada's High Arctic?
oFNDYVeyw9Q THE MENTOR - Louie Nigiyok
oNIn4siCHUE Arctic sea ice loss linked to spread of deadly virus in marine mammals
pN7chUba16A THE PIONEER - Kenojuak Ashevak
qpAVGHGstgs Dຜouverte de toute une série d'autres dangers liés au Zika
rQY1CYrYrLk Mental Health in Canada - Can community programs in Arctic Canada make the difference?
ubzNQkYudHI Changing Sea Ice: Nunavut Ice Monitoring
w5bTxCB-CZM Changing Sea Ice: The Ripple Effect
wAi6yrRcpb4 Interview with Jenny Liu: COVID 19 pandemic and your resilience
wPHjB2xaXqY Aider les parents à faire le deuil autour du dຜès de leurs bປés
xJnb5pf8wQM The Greenland Story: Interview with Ove Karl Berthelsen
xLjoaqRKkjE Caring for our People: Inside Arctic Nursing
xbny0dROHxA What happens after the diamond mines close?
zF0Cv5R45wo THE CARVER: Toonoo Sharky
zrq4plwosGE INSIDE ARCTIC COLLEGE - Visit an Arctic College class in Qikiqtarjuaq, Nunavut
