-DTcZnHHTA8 The Challenge of COVID-19 Testing
7wdrJYpsm8w Have We Found Life on Venus?
7zmKaschEew Why You Wouldn't Exist Without Viruses
8X9qBEQsS-k Can We Create Universal Blood?
9HiADisBfQ0 The Secret Language of Trees
Bh4jKXsquWA The World's Most Dangerous Blood Type
Bmy8hqYvEyw Surviving the World's Deepest Dives
Bz1Lb55GNwY Invisible Polar Bears and Other Arctic Adaptations
CAUOhG_c4Go The Insane Biology of: The Venus Flytrap
CH91AVrcEFg Why Steroids Are a COVID-19 Game Changer
DK5kRGs0HX0 The Truth About GMOs
DmanbWwMa5w The Truth About Lab-Grown Meat
FA1qPdeeJ5s How Dolphins Protect the U.S. Navy
GimCcrwYxdE The Insane Biology of: The Orca
JG-VUOM03jU Why Evolution Hasn't Gotten Rid of Allergies
JXST_9ach1w How Malaria Was Eradicated In The U.S.
KAFoRozn6Oc The Most Important Deep Sea Discovery
L7kClV8j7-k Why Hybrid Animals May Take Over the North
LlKueC2XNzs Why British People Can't Donate Blood in America
MxjIk_vXGlw The Giant Fish That Makes Milk
NDnQ4pAjBUg The Power of Bee Democracy
RrIS7mia36k Florida's Plan to Release GM Mosquitoes
S1l6BchEoZM The Vaccine to End the Pandemic?
TIGCdA2YLyY Can Humans Breathe Liquid?
TbvWnJh9e-g Why Spider Silk is Stronger Than Steel
VLBDVXLiWxQ The Insane Biology of: Ant Colonies
Wh2du5SOjmY The Insane Biology of: The Platypus
_bWZNNqmFcc Programmable Bacteria: Nature's Most Powerful Tool
bFkIG9S2Mmg The Insane Biology of: The Axolotl
clc6VwDepa4 How Brain Damage Can Make You a Genius
eoJWQNg7egc How Arctic Frogs Survive Being Frozen Alive
ezfwqmKC9Uc How Gene Editing Is Curing Disease
gYwiZKPWCp8 Is China's Coronavirus the Next Pandemic?
iJi61NAIsjs The Insane Biology of: The Dragonfly
jM5jf-8ekVA The Zombies That Live Among Us
lgTbQlfOSKE The Insane Biology of: Hammerhead Sharks
mFP_AjJeP-M The Insane Biology of: The Octopus
mV6GL7RrXz8 How to Actually Save the Rainforest
oXVnuG3zO_0 Why Horseshoe Crab Blood Is So Valuable
q4fXD1mw_ic Why Evolution Has Screwed Sea Turtles (And So Have We)
tuX5vgH-Rdo Australia's Most Destructive Creature
u1l4aXh1UG8 How We Accidentally Started Making Infinite Robots
wJOXCpSHG1M How to Bring an Extinct Animal Back to Life
waCW-WJsaeE How Electric Bandages Accelerate Healing
