-MzVtENLHFM Rob Practicing Pool - 10 Balls in a Row
-WQ1Vgc_2ao Fun with Boomerangs! My First Origami Convention & Meeting Fans
-trD1s55UUE How to Solve a Rubik's Cube Faster - Introduction to F2L
1DXR3b5qPfk My BiRTHDAY Glasses!
1WA3SBcubpo The Transforming Double Ninja Star! (Easy and Awesome)
1jieEydN5wo How to Make a Super 8-Point Ninja Star (Compass Star) - Easy
2Xi31Qct3Qk How to Solve a 5x5x5 Rubik's Cube - Part 3b - Advanced Edge Pairing
2rHJlAK0lng DIST-8 vs. RED BEAST?! (+Leela Kitty)
2thee7fq7m8 AMAZING Portrait of Rob! ft. ThePortraitArt  - Rob's World
3coU9lGXu-g How To Solve a 5x5 Rubik's Cube - Part 2 - Finishing Centers
3h_zXSA_MBo How to Fix a V-Cube 6 - Part 1 - Formation of the Core
40u729EkBHQ Meffert's 4x4x4 Master Cube Solve - 1:23.88
44G7P-Q5E94 How To Solve a 5x5x5 Rubik's Cube - Part 1 - Centers
4IzUXJSvB_g How to Make a Paper Ninja Star (Shuriken) - Origami
4Uxa2sqGtdA Paper Cranes for Japan! (+Update)
4VD1OrdP-fA How to Make a Double Ninja Star (DIST-8) - Origami
4anBuKlhn0Q How To Solve a 4x4x4 Rubik's Cube - Part 2 - Edge Pairing
4rB4l4jI3uw V-Cube 6 Solve - 4:54.03 - First time sub-5 minutes
50zLuwGirBE How to Make a 3D Origami Heart Locket - Rob's World
5H49vDxsH9E How to Make an Origami Spiky Balloon! - Rob's World
66GP0WlfE2s I'm NOT Dead! (+Contest Winners)
6uhFy79HHrs V-Cube 6 and 7 - Introduction and Review
70CuIM0xl0g EPIC Paper Popper Stunt Plane! (Loud and Flips)
8MTpAQ8bDOI How To Fix a V-Cube 6 - Part 3 - Finishing Last Three Layers
8flc9471b8o How To Solve a 6x6x6 V-Cube 6 - Part 3 - Edge Pairing
96vBhCFBbQk Rubik's 4x4 Cube Revenge Solve - Speedsolve 1:54.1
9kbOFNS8Vwc Origami Christmas Tree Animation (Stop Motion)
9vd60H6HlTo How to Make a 5-Point Ninja Star (ft. Jeremy Shafer)
9yt2DvCANng How to Make the Easiest Ninja Star Spinner! - Rob's World
AXwvMX1rJ2w NEW Paper Cup Boomerang & Helicopter (Now Out!)
AqfbBkYoRWo Rob Playing Moonlight Sonata (Part of First Movement)
Bmd3iAKA0Gw 2 EASY Paper Planes! - Boomerang Glider and Eagle
BtoVJaFBq-k The MEGA Mini Magic Ball Challenge! | Time Lapse
CRRdHjZD-w8 Poke Your Eye Out! - Rob's World
CzvyMTW_F98 The Transforming Ninja Star! (4-Pointed) - Amazing and Easy
EOqxYQaiomk The Rubber Ball Popper! - Rob's World
EZbZJEgFEDw How to Make an Origami Flapping Bird - Rob's World
EeIx-THys_I My Cube Collection and Rubik's Thank You Package
FSijU52XJ7w How to Make a Paper Crane (Origami) - Rob's World
G9LI6qVBsxw Black V-Cube Collection Review and White V-7 Core
Ga9z4gF3QDc How to Solve a 5x5x5 Rubik's Cube - Part 3 - Edge Pairing
HBAT5k7kekM How to Make an Origami Rose - Part 2 - Finishing the Rose
HFHZJ7bvWKg How to Solve a Rubik's Cube - Part 3b Answer - Swapped Edges
HdyutS_IDSY How To Make an Origami Ninja Star CUBE! (+ Ornament)
HnCh0bfaZ9U How to Solve a Rubik's Cube - Part 5 - Complete Top Face
Htoli7ax9RU How to Make an Origami Dragon (Eastern Style)
I5AZZiA2yUM How to Make an Easy Paper Crossbow Gun! - Rob's World
I8Rvsf1-Uk8 EPIC Origami Ninja Sai! (Awesome Spinning Sword) - Rob's World
IFPfXrmdGk0 Ultra-Lite Ninja Star Boomerang! | Returning Paper Star
IQ_sp1EYxPE How to Solve a Rubik's Cube - Part 1b  - Cross Examples
IdBTayjyt1I How to Make an EPIC Triple Ninja Star! (Tri-Star) - Rob's World
J7NyyCUGpuI 5x5x5 V-Cube 5 Solve - 2:34.63
JAwDT1VWYcY How to Make an Origami Gift Box (Intermediate)
JGgANpCXvm0 A Day in the Life of Rob (Dental School Student)
JXXsYA7Sgdc How to Make a Paper Popper! (Easy and Loud) - Rob's World
KgmJg5PSifw How to Solve a 5x5x5 Rubik's Cube - Part 4 - Parity Errors
LGWXXzH9e24 How to Solve a Rubik's Cube - Part 4 - Top Cross
M_1wvBYN6J8 2 EASY Paper Planes! - Pelican & Dive Bomber (Flips and Glides)
Mq3Vo-qW52g How to Make a Mini Origami Boomerang- Rob's World
NORB3SfNTXI How to Solve a 4x4x4 Rubik's Cube - Part 1 - Centers
NhuDfRwkGlc Who is Rob's World?! (aka RobH0629)
OUU22JeVROE How to Solve a 4x4x4 Rubik's Cube - Part 3 - Parity Errors
OyPIPtPHBjA Up Close Footage of the Moon 9/8/08 - Rob's World
PRRMGdo41wk How to Make a 16-Point Ninja Star (Shuriken) - Rob's World
PcCS86eikJs How to Make a Transforming Ninja Star! (8-Pointed)
Pp64dsUnM7Y BATTLE OF WEAPONS...YOU CHOOSE!
Q195SqHiWoU How to Solve a Rubik's Cube - Part 7 - Finishing the Cube
QEJxrXY_xpw Origami Gift Box with Cover (Easy) - Rob's World
Qi3xwubUr1E Origami Ninja Star Ring! (Fun & Easy) - Rob's World
QxO54OfqcsE How to Solve a 4x4x4 Rubik's Cube - Part 2b - Advanced Edge Pairing
RTIwzFuczxw How to Make a Paper Flick Football (Origami) - Rob's World
SC3CuAYJ0Ds Alive and Kickin' - Rob's World
SgdkonIEnvg EPIC Paper Cup Boomerang & Helicopter! (2-in-1 Model Returns and Spins Down)
T3XA8Jyf9ng How to Make a Mini MAGIC BALL (Dragon's Egg) | Easiest Method
UK8wPLdmtps 5x5 V-cube 5 Solve - 3:30.40 minutes - Speedsolve
VJjtkXj0EFs OVER 20,000 SUBSCRIBERS! - Rob's World
WBG-EL85bRE The Paper Helicopter Spinner! (Flies and Spins Down)
WhZKTFQ_-7s How to Solve a 6x6x6 V-Cube 6 - Part 2 - Finishing Centers
WjFA88telGo The Easy 1-Minute Wallet! (Easiest Paper Wallet/Card-Holder)
X4L5nDDgEEk How to Make an Origami Butterfly - Rob's World
Xx0MNGbmKpU 7x7x7 V-Cube 7 Solve - 8:04.29
YFeiGhXIyPM TRAINED EVIL KITTY! - Rob's World
YYe46aZuOUY Meffert's 4x4 Twin Master Cubes - Unboxing and Review
ZJtXkh4P5GM How to Make a Transforming INFINITY Kaleidoscope (Spins FOREVER!)
ZPScsJmKr6U How to Make 2 Easy DIY Stick Boomerangs! (Bi & Quad-Blade)
Zg5lKh_03DI How to Solve a Rubik's Cube - First Layer Clarification
_kprLtErg8U How to Make an Origami Boomerang - Rob's World
_wajlLiw9eE How to Make an Origami DRAGON! - Rob's World
_yU-EwlRRvc How to Solve a Rubik's Cube - Part 1 - White Cross (Easiest Method)
a23v0cPIaGI 7x7x7 V-cube 7 Solve - 9:48.52 (+2) - First time sub-10 minutes
aBLnRuWhUNI Potato Gun After Dental School
aEjGNo1C8cQ How to Make an Origami Beating Heart - Rob's World
aOkcgDNlBH0 How to Solve a Rubik's Cube - Part 2 - Bottom White Corners
aT2oZI1Vl64 How to Make the Super Origami Boomerang! - Rob's World
adsm3Um7cR0 6x6 V-Cube 6 Solve - 6:52.49 - First time breaking 7 minutes
blPGeWtNqw0 How to Make an Origami Rose - Part 1 - The Base
bvveXvA7rJU Origami Windmill Boomerang! (Awesome Paper Star Flies Back)
c1nLaI7opKI My Portrait Drawings
c4-yAJv_PL0 V-Cube 5 - Unboxing and Review
dt7qoMHD6x8 How to Juggle (For Beginners) - 3 Ball Cascade and More!
eVvJduBLaVY MAKING A GIANT PAPER CRANE! (Time Lapse)
f0zTNCRg-Uc How to Make an Origami Swan (Intermediate) - Rob's World
fUqiDVDtmcg Rubik's 3x3 Cube Solve - 24.30 second Speedsolve
g7-qt8UcWqc The EPIC Ninja Star Boomerang! (Amazing Origami/Paper Star)
gyx6kmu4pOw How to Make an Origami Dollar Ring (Moneygami) - Rob's World
hX3n_OdvxEU 5x5 Rubik's Cube Solve - Speedsolve Eastsheen 3:54.38
hp1afuuZ5HE How to Solve a 6x6x6 V-Cube 6 - Part 4 - Parity Errors
k5FZqNCRjMg My New PET RACCOON?! -Rob's World
k9BDyi6-zn4 How to Make an Origami Blowing Spinner - Rob's World
kyGgi9mQ4sI How to Make the Super Ninja Star (6-Pointed Shuriken)
ljlEb6qznW4 Rubik's Cube Solve 16.34 and Update!
mBA3WBV1Pg0 How to Make an Origami Christmas Tree (Modular)
mNIPfRjlGjc FISHING ON A JET SKI! (+Update)
mj-cJdXzWZY Rob's Random Obstacle Course (1 Min Challenge)
ns6UY8xgbzk Multi-Pocket Ninja Star! (Interlocks + Joins Together)
pR170XAbvHQ How to Make an Exploding Stick Bomb! (Cobra) - Rob's World
qL9r2vXIJqs How To Fix a V-Cube 6 - Part 2 - Arranging Layers 1 to 3
r1mvvuoeoYU How to Make an Easy Paper Wallet (Origami) - Rob's World
r49V-J6Ikt4 How to Make an Origami Ninja Star (Shuriken) - Double-Sided
s8cTGP0nqaw How to Tie the Ninja Knot! (Ian's Knot) - World's Fastest Knot
tSMLk_zGzf4 How to Make a Paper Balloon (Water Bomb) - Origami
tUl0BhMjdUQ How to Solve a 6x6x6 V-Cube 6 - Part 1 - The Centers
ud5hdd27ocU EASY Cardboard Boomerang! (Comes Back to You)
v1bv0RoJjzY How to Make a Paper Rocket Ship (Origami) - Rob's World
wKNPqsIfdNo LIGHT UP SOUND CUBE! - Rob's World
wTPOqmBame0 How to Solve a Rubik's Cube - Part 3 - Middle Layer Edges
x9quLv9Zc9o How to Make Mini Origami Fireworks (Transforming Star Spins Forever!)
xsKilAetSmQ Amazing Ninja Tri-Star Boomerang! (Flies Back)
y7DoZukyJoQ How to Solve a 4x4x4 Rubik's Cube - Part 3b Answer - Top Edges
ywae7J4gD9c How to Solve a Rubik's Cube - Part 6 - Top Corners
