-AO9gPYpjos Review Committee 3 March 2015
-BNeVUis-2k UK Transition -  Continuing to trade
-DGTqhBzjAY Development Committee 19 July 2018
-Zd7-atmEug Licensing and Appeals Committee -  30 September 2021
-c-uzM8h_vA Development Committee 25 January 2018
-fSYl7hFVA0 Full Council 19 May 2015
0KKYYHwlCEc Development Committee 31 March 2022
0gPs4CmFZOM Full Council 11 February 2020
10CjSmXkoNY Audit Committee 27 November 2018
18nFdiRHM9k Development Committee 17 October 19
1C0eF10nXL0 Top Recyclers in the Country
1EKa_1iMJFk Review Committee 13 June 2017
1OhuekxdQDI Executive 9 November 2016
1X7iYStsOkg Development Committee
1ehQzHH_JQ4 Extraordinary Council  21 February 2017
2B_3PVrbc7o Extradordinary Council 13 February 2018
2TScw-m-LHs Investment Board - 17 March 2020
2rsO_ENYJuI Rochford District Matters - Autumn 2012
2vXgT_ywZhM Review Committee 2 July 2019
2vdlzOCKmU0 Executive 5 September 2018
3FRhMSUXMvc Annual Council
3IRsTIHcuA8 Extraordinary Council
3Tn4ocd6OZ8 Rochford District Matters - Autumn 2011 - Part 2
3b66oazOeW4 Rochford District Matter Winter 2011 - Part 2
3hyE0iLUy_Y Development Committee 14th December 2017
3rzBcL7vgqk RDC Spatial Options Consultation Information Webinar
4Nb-8whjA8Y Tributes in Honour of Sir David Amess MP from Members of Rochford District Council
4SUzRvtYN0k Improving mental health outcomes
4UCRMlQb9tY Development Committee
4VwOz4pfA5o Development Committee 26 February 2015
4kbab--F2Ls Audit Committee
4onFoBIO0G0 Investment Board 18 January 2017
4yzTwYOhjrg The hunt for HMS beagle
56kmtqTSx30 Olympic Torch Relay, Rayleigh, Friday 6 July 2012
5CGxLLiHO10 Development Committee 11 September 2018
5UfBzBz6jdo The Executive
5frysztDr34 Rochford District Matters - Summer 2011 - Part 4
5hfbQ3u4sMY Rochford District Matters Winter 2011 - Part 5
5lW-asg24dM Full Council 16 July 2019
6cDek6Hmpx0 Licensing & Appeals Sub-Committee: Part 2 - Decision (Crafty Casks)
6lW4sDO5g08 Implementation
6n31NPUxNCA Review Committee 8th February 2022
6uk6K2-0DoI Executive 15 July 2015
6w7GGPWo8t0 Development Committee 9 December 2021
6yCP14yIJ2o Review Committee 6 October 2015
77rpXgMLxLY Review Committee Treasury Management Task and Finish Group 27 January 2015
7O7liUZJcWE Executive 3 April 2019
7OgDt73c5Dk Review Committee - 10 April 2018
7RxsIekVfnE Rochford District Community Response Hub
7Vkp_Nz5Je0 RDC - Planning Application Public Inquiry - Live Stream - Day3
7fBlrA9ZKwM Statement of Commitment Holocaust Memorial Day 2021
7nuZKVl9DkY Rochford District Matters - Autumn 2011 - Part 1
7vHIM75jpRk Annual Council 14 May 2019
8C0rNzvZyMs Executive 1 March 2017
8eZGn76vMoA Licensing Hearing (Part 2) - 96 High Street, Rayleigh
9IZ66TQhEmg Council
9LaXZkQ1Epg Council
9MKoT-vfWZk Investment Board 4 February 2016
9hzPiMlKyhE Battery Recycling Halloween 2021
9ovRIq_ujSo #ChristmasRecycling2020
9udcHtvMj4s Standards Committee 9 April 2015
A0IPEy2pIH0 The Executive
AE8etTQfyK4 Licensing & Appeals Sub-Committee (Red Door)
AI4Al4jYxNc Review Committee
AQ0N-txZCuk Audit Committee 28 September 2016
AW9MOOoAfew Investment Board 16 March
AdVuedGqx0M Review Committee 30 November 2021
AjEQLqGs-RA Review Committee 11 June 2019
AlF519w6Vc4 Executive 5 June 2019
Avoqe1TXHag Full Council - 12 January 2016
B0ijbsRl-vM Development Committee 4 June 2019
BQmeEWX2bvw Licensing & Appeals Committee
BVV42vWM98w Development Committee 11 January 2018
BVy-lnJ6GZw Development Committee - 29 January 2015
BYAydPJ1eRA Executive 10 July 2019
BfG8nmddDa4 Standards Committee 11 April 2017
BkGqbXriWd8 Development Committee 29 August 2019
C4Fxhb7K9O4 Investment Board 11 July
COAaY5riAdM Rochford District Matters - Autumn 2015
ChOhShU8y8o Accessing support
ClUNbP3Y3T0 Review Committee
Cp3LoZmjLqQ Standards Committee 14 April 2016
D2ayIeA4v6o Development Committee 23 April 2015
DCPutQB4Qf8 Rochford District Matters - Summer 2011 - Part 3
DMV-lH9x4fQ Full Council 20 July 2021
DQYVzDlnrYA Development Committee - 22 March 2022
DSGy2hUgYRc The Executive
DjRCLRnRd7w Full Council 2 December 2021
Du9sayeufPQ Open Doors Community Space is launched
DumPT0dVFyM Full Council 10 December 2015
EASxb2pIloQ Development Committee - 18 October 2018
EJt6kieT1ls Development Committee 26 March 15
EKVu0jCTWbo Licensing Committee 12th September 2016
ETwwpWIF_xo Executive 26 July 2017
ElTCiClHkPA Rochford District Matters - Spring 2011 - Part 1
EnDOA640ojo Executive 4 February 2015
EnkguBagFiE Full Council -  17 October 2017
EtHTY9kkGYo Licensing Sub Committee 1 December 2017
FPZngXeij2I Full Council 30 April 2019
FUw3VJrAx-M Crafty Casks Licensing Hearing: Part 1
FerUmoZzlxg Full Council 9 February 2016
FlsWqlqSij0 Group 8 - Promoting tourism in the Rochford District: Rayleigh Windmill
FnHPvMN5PLw Mental Health workshop zoom recording
G3wk0NjQPdU Review Committee 4 October 2016
Geov-9TNSfY Development Committee 19 December 2019
Gt0Pfa6YFX8 Rochford District Matters Winter 2011 - Part 1
Gyc0gKBqEKY Development Committee 23 February 2017
H0iKQVckBnY Review Committee Treasury Management Task and Finish Group  24th November 2015
HQxz4sIJOF8 Early intervention and prevention
H_uB8v0JrPQ Executive 30 November 2016
HbJCWlMg4gQ RDC Development Committee
Hx8_fWYpMBU Executive 10 June 2015
I0UxktEYto4 Annual Council 15 May 2018
I2NrS_Szo4c RDC - Planning Application Public Inquiry - Live Stream - Day6
IDAJi557Des Standards Committee 28th September 2017
IF2107MwcBo RDC Standards Committee
IFZewEG3VVg Investment Board 16 January 2019
IGMLmtTOEbE Executive 1 November 2017
IKdjHqt68Rs Audit Committee 5 December 2019
IQ9qFK1zimw Review Committee 3rd October 2017
ITHV4N2npuE Audit Committee
Idbqz_YcGC0 Review Committee 6 November 2018
Iks-pKz7bMY Review Committee 12 June 2018
IlG1cdgsl5g Review Committee
IyyJ4UdSWS0 Planning Policy Sub - Committee 22 June 2016
J2bqCKHV-3c Planning Policy Sub Committee 11 April 2019
JJCZtkr-Z4k Development Committee
JMynX5Q4A4Q RDC Licensing Sub-Committee - Crouch Valley Showground
JNGXr2TqhPI Development Committee 16 March 2017
J_7RzMrJrrc The Executive
J_RLXslQtLo Executive 6 December 2021
JbajtSore8Y Review Committee 29 November 2016
Jd_2QWITEnQ Executive 4 November 2021
JeQlt1ER1fo Review Committee 8 October 2019
KC_t0xpsus0 Licensing Sub Committee 5 March 2018
KJNbmKEGt4k Rochford District Council’s Holocaust Memorial Service
KUZFHAg2TBA Full Council 10 February 2015
KfY-EFNnBTs Rochford District Community Response Hub thanks volunteers
Km1_kLYFC7U Review Committee 9 June 2015
KwWI1EJuYaM Rochford District Matters Winter 2011 - Part 4
KxUq7DRsScM Extraordinary Council - 22 February 2022
L7H6xQCS9IE Licensing & Appeals Sub-Committee 10 Decmber 2019
L7vhh1cfBO8 Extraordinary Council
LDWrIEpHSYY Full Council 19 April 2016
LLk2q6PPr6A Rochford District Matters - Spring 2015
LPMvBTzr7-Q Review Committee 4th April
LPYCGxeihpY Full Council 25 April 2017
L_KG5YgvqIg Development Committee 19 April 2018
L_nlo_7HsXU Audit Committee
LngOPo2piOI Development Committee
M8QnW_LySs0 Standards Committee
MGm-sgXYtOA Development Committee 15 February 2018
MKkyGb-LjTs Audit Committee 27 July 2021
MMHcyZnI1Ug Development Committee 19 January 2017
MSTUuwL42XA Licensing & Appeals Sub-Committee: Part 2 - Decision
MYLKu04ISAY Executive 22 July 2021
MZA1vLCE0ss Review Committee
MdZH9BvG6dA Extraordinary Council 25 January 2022
MtYwhKNvyx0 Development Committee 25 February 2016
NAD14ZjYJm8 Review Committee 9 October 2018
NGcSu_o0GiQ Review Committee
NNJ15tqkWkU RDC Flood Forum - 1 November 2021
NT0Drn_ElPQ Rochford District Matters - Autumn 2011 - Part 4
NTewVeSA1O0 Development Committee
NVFGNwltIFE Licensing Hearing Part 1 (43 Tillingham Way, Rayleigh)
NVTSlxkjxUs Poo to me
NbMbXwZZJ3U Development Committee 30 June 2016
NtLqMoNvMPU Investment Board 14 November 2018
O2mvl7QZ2Ls Review Committee 3 July 2018
O6bAvSIovcI Remote Council Meeting
OASbyMKR3v8 Review Committee 14 March 2017
OAk04fN9X9A Development Committee 21 January 2016
OF53q72Yv8w Licensing Sub Committee May 22 2018
OIFNWXJGmJk Rochford District Matters - Autumn 2011 - Part 6
OWZU0i3gSmM Revamp of Great Wakering play space
OX-g6Q312No Investment Board 16 November 2016
Oa9mwiwAcYM Review Committee 10 January
OiQZ8nBzMf8 Full Council 24 February 2015
OlPsQJHWEDA Group 4 - Promoting tourism in the Rochford District: Rayleigh Windmill
OoJEJX_AFGE Development Committee 29 July 2021
P8Ixt02NbvA Review Committee 14 April 2015
P9CPbivT0Ko Rochford District Matters - Spring 2011 - Part 6
PEG5KWvMRI0 Standards Committee 16 November 2017
PS2-BMjzT-Q Audit Committee 20th June 2017
P_aa8UKuvNY Executive 6 April 2016
PmWSJicX0Q8 Ageing Well Workshop with audio
PylbPSvZ9bY Executive 10th February 2022
QK5U_iB-wcU Planning Sub Committee 24 September 2018
QV4OHroRZo8 Licensing & Appeals Sub-Committee: Part 2 - Deliberation
QaKzlIvHEHE Rochford District Matters - Winter 2015
Qh5nI3SryMA Full Council 21 April 2015
Qiht1UDYui4 Review Committee 9 January 2018
QnM-OAeKGhk Licensing & Appeals Sub-Committee: Part 1 - Hearing
QoA0nE9f3p4 Statutory Officer Personnel Committee
R0Bevyh1tK0 Audit Committee 26th September 2017
RGPcrAmvTIw Citizen of the Year Award Winner 2021
RK2gCUvTYAs Review Committee 5 February 2019
RLeKvkngEiQ Full Council 23 February 2016
RSyYrOSl2RQ Development Committee 13 December 2018
RaYp9zyCvhU Audit Committee 22 May 2018
RgXKkuf6qDM Rochford District Council's Christmas Recycling song
RkAAeVBLfl8 Development Committee 17 September 2015
RqdMi52DOaU Executive 15 April 2015
Rz3GvR7hQ0w Development Committee 13 February 2020
SHyitReTiBs Review Committee 1 December 2015
SXQHQgAmX5Q Executive 9 October 2019
Sl8u_2ANnKU Licensing & Appeals Sub-Committee: Part 1 - Hearing
So5KCQr7Fv0 Standards Committee 12 July 2016
TA7Ji62_AdU Council
TPNsmGC_Wek Physical Health Workshop with audio
TSHeitD0-Eo Development Committee 22 March 2018
TysXywx5RHY Investment Board
UHIpLsq24eU Rochford District Matters - Spring 2013
UZPxMhzjXbM Executive - 2 December 2015
UfOPic8oqWA Review Committee 7 November 2017
Ujz7pV9_bWc Executive 7 October 2021
UmA978QBzLU Audit Committee 10 March 2020
UnXWINDpcyA Executive 7 November 2018
Uuu24_HH_J4 Rochford District Matters - Summer 2011 - Part 5
UuurXyZxKZc Clean Crusaders - Anti Litter Champions
UwYVlvHwCMc Investment Board meeting  7 December 2015
V9EIyDlOFIw Audit Committee 10 March 2015
Vdyn3MwYjXI Licensing & Appeals Sub-Committee
VuC8Y05LIE4 Development Committee 10 December 2015
W1AvDpc0it4 Investment Board 17 July 2019
W3CRw0GTsB0 Development Committee 20 July 2017
W4Z3gtUgPJ0 Review Committee Treasury Management Task and Finish Group 14 July 2015
WMtSy5ElJCM Review Committee 13 January 2022
WND01pGNzjw Development Committee 24 August 2017
WdZtPEK0TzI UK Transition -  Resources and support
WucZcIVUMlE Review Committee 7 July 15
WyVS-LJXjP8 How the Windmill Worked
X0ZETK5MR8o Allocations Plan Interview -- Frequently asked questions
XACXR93RsdI Investment Board
XGD8iQ9PcDQ Development Committee
XZ-VIn8f9Rc Licensing & Appeals Sub-Committee: Part 2 - Decision
XZqfZPb2WSU Review Committee 7 January 2020
XbJwJQN9PY4 Development Committee
YAoGdvfEjTo Rochford District Matters - Spring 2011 - Part 5
YToqgLYkGw0 Executive 9 September 2015
YlLQ4GZsBkQ National Hate Crime Awareness
Yo6iTjm0jfE Crafty Casks Licensing Hearing: Part 1
Yxinsa1bwCU Winners – Group 1 - Promoting tourism in the Rochford District: London Southend Airport
Z38QeQosu7o Executive 9 September 2021
Z70Gne-8bps Review Committee 3 February 2015
ZNtqh2A59-g Full Council 2 November 2021
ZO-wUJo9tmg Mental Health workshop with audio
ZTa932KlrAM Development Committee 20 September 2018
ZX7CIllQvuE Development Committee 21 November 19
ZYYQYopMweQ Review Committee 4 July 2017
Zn6RmrNLwF8 First wedding at The Old House
Ztjms5pZfZQ Review Committee 6 September 2016
ZuaFaAmYFVg Group 3 - Promoting tourism in the Rochford District: Wallasea Wetlands
ZwIvneM4cIA Licensing Sub Committee 24 August 2018
_ARnKSPN8m8 Development Committee
_AhoRQ1DbEM Review Committee 3 September 2019
_E0Ow0AbMaM Executive 4 September 2019
_Fx0cw9thmk What is community resilience?
_G0IPiacA8M Development Committee 19 November 2015
_YMjwUaMTho Review Committee 5 July 2016
__TNQ52NYtk Empowering people to age well
_cM0PT2Huvw Development Committee 22 November 2018
_dkjHxbPvLo Executive 6 December 2017
_fWfFgp3CbQ Review Committee 3 December 2019
_npa62tLBfY Group 6 - Promoting tourism in the Rochford District: Rochford Hall
_vbyik-E6HI Full Council 18 February 2020
_y_yWgA-ftU Review Committee 5 February 2020
aJv2vX4jVPQ RDC - Planning Application Public Inquiry - Live Stream - Day1
aQwUMy31NbQ RDC - Planning Application Public Inquiry - Live Stream - Day4
aX-GUmEMCRs Licensing & Appeals Sub-Committee: Part 1 - Hearing
aatd5rT6HLY Rayleigh Windmill Exhibition Floor
ab9oTmFGBZo Development Committee  7th June 2016
adh7MKTzdc0 Appeals Committee 29th September 2017
akYLQak-cFs Review Committee 12 March 2019
b1YrfKBK9tw Planning Sub Committee 9 July 2018
b8q-8Bk1zMg Development Committee 30 September 2015
bG4eTQORnno The Executive
bGehuaqukQI Review Committee 2 February 2016
bW8to82AK4Q Licensing Committee 12 March 2015
bntps2eMsjs Community resilience
bo-04n0MmB8 Ageing well
bwy-6Esxjs8 Council webinar live recording Assets Delivery Programme - Rayleigh
c6Gqt7MpwNU Standards Committee 27 September 2016
cEg3HIP_Xok Full Council 20 February 2018
cGan5d0HytE Licensing Hearing - Part 2: Decision (43 Tillingham Way, Rayleigh)
cUXAUpQmUIs Supporting health campaigns
cVMlceEm_xA Cllr Mike Webb talks about the refurbishments at Clements Hall Leisure Centre
csbIog4RlDM What can you do in 5 minutes?
d5BZfRpa9fE Rochford District Matters - Summer 2011 - Part 2
d7wcM3edERg Licensing Committee - 29 October 2018
dAbUOnSb-JU Licensing Committee 16th November 2015
dJ5JThEENBI Full Council 24 April 2018
dX4nwSMJWdA Rochford District Matters - Autumn 2011 - Part 5
dlSEeiZtqIY Full Council 18 July 2017
doa6XjYTHD4 Chairman’s Message – 23.04.2020
dr_Mf7jhGl0 Full Council 11 December 2018
dtUeAdImS5E Standards Committee 1 October 2019
dz7VtZj3L1A Full Council 19 February 2019
e5MGrdrCfek Audit Committee 21 May 2019
eKVrftZr8X0 The Executive
eVYniL_iKbE Licensing Committee 16 July 2018
eWynySuyAcI Executive 4 March 2020
ejm2D6vjGt8 Executive 4 November 15
f6EC3OvRmVo The History of Rayleigh Windmill
fHvDiai7dJo Development Committee 29 September 2021
fT6zb3mZWTQ History of the Rayleigh
fUg8cY34oTI Extraordinary Council 22 June 2017
fUlw3dAJlJU Development Committee 1 June 2021
fW72jQp1N-M Remote Council Meeting
fWUuTU_g7Kc Full Council - 17 May 2016
fhUU1NAPuTQ Rochford District Matters - Spring 2016
fwloWM7_iK0 Review Committee - 5 January 2016
g3tt-_9BkBE Audit Committee
gGSN_BCs_dY Review Committee 3 November 15
gHMF8RagEWg Executive 4 March 2015
gJZoaXu7huE Executive 6 September 2017
gJpE-eq6ukY Rochford District Matters - Winter 2014
gasDq2KL7vo Standards Committee - 23 June 2015
gbZ0CDzI5Xg Full Council 15 February 2022
gdq5a_nD8gc Rochford District Matters - Summer 2011 - Part 1
gqoG9KrPPvs Rochford District Matters - Summer 2012
gw0oS3SRR2I Rochford District Matters - Autumn 2014
h8kBB9wDBC8 Review Committee 8 January 2019
hEy-Pc0J-Yg Development Committee
hK5sYoIv9kE Standards Committee 11 December 2019
hNLJbQeUCQ4 Review Committee
hg_xQFvCwU0 Rochford District Matters - Winter 2012
hniM9dn8puw Mental health and wellbeing
hwQ2c05smeY Executive 7th September
hxcaXeJMXds Development Committee 23 January 2020
i3U0bAQu99A Review Committee 1 March 2022
i4TkDdvjtQE Full Council 22 October 2019
iJnbg2rpHm0 Development Committee 21 May 2015
iM-mUKSGH8I Rochford District Matters - Summer 2015
irftOLrlpyU Remote Council Meeting
j9Pd55P40cY Full Council 30 October 2018
jIMQHaTxhFE Development Committee 9 January 2019
jaUn2bF15Lg Executive 2 March 2016
jiKt-cqIHW8 Development Committee 25 May 2017
jlfRUa-RNvo Development Committee 26 October 2021
jum9Ho1-l_s Rochford District Matters - Spring 2011 - Part 2
jvxcs_c-B8U Standards Committee 28 March 2018
k1rg2f7GuPQ Up to ਲ.1m of businesses grants still unclaimed in the District
kS1CsBuNaPk Rochford District Matters - Summer 2013
kTsYhEaCxhM Planning Policy Committee
kaHwf3PCHjA Review Committee 7 September 2021
kmnVHg5gfm4 Group 7 - Promoting tourism in the Rochford District: Wallasea Wetlands
kpw2AFWa01E Executive 12 July 2018
ktzlp5uecs0 Two Minutes Silence for HRH The Prince Philip, Duke of Edinburgh
ku_XUZqiScE Review Committee 6 February 2018
kw3-M3c8xN0 Chairman’s Speech – HRH The Prince Philip, Duke of Edinburgh
kxsOZbuym8U Rochford District Council: Flood Advisory Group
l5IoSC7Zb8o Review Committee 7th February 2017
l9N-I3BLr34 Planning Policy Sub-Committee 20 January 2020
lDFRgRgJo3U Review Committee 8 June 2021
lPCXcqywmVw Development Committee 22 February 2018
lmuqqsh6DOQ Review Committee 13 March 2018
lu2v4Vz-qo8 Executive 5 October 2016
m3bEIlSL_Sk Planning Policy Sub Committee 17 November 2017
mBPA_1H7xSo RDC - Planning Application Public Inquiry - Live Stream - Day2
mBbRRds7IDg Licensing Sub-Committee: Outcome of Hearing
mFqCpcgkk_4 Council webinar live recording Assets Delivery Programme
mcHlj4HVnS8 Investment Board 15 March 2017
mg0MX85C6FI Rochford District Council on BBC Breakfast
my5gCjt3-8o Audit Committee 28th September 2021
n64fX97Yr_E Free Meals video
nHQ74siVmTk Standards Committee
nKWdNLawXtc Review Committee 1 June 2017
nR8Q67_j6t0 The Executive
nV9Pk12K-Gk Rochford District Matters - Spring 2011 - Part 4
n__21FDsW-k Review Committee
n_niLoMT9iA Young Entrepreneurs Winning Team
ndmAY28QYXM Executive 6 February 2019
nid-OQ9uWcc Audit Committee
no3VVbfhZPc Rochford District Council Business Breakfast November 2019
o-wx-5NTx3g Development Committeee 24 January 2019
o9HGWlTNaOQ Community Resilience workshop zoom recording
oHiyXg1TxFM Extraordinary Council
oVqYpXfFQdY Audit Committee 15 March 2022
oW95LmbObs0 Rochford District Matters - Spring 2012
omIJBA7iyF4 Audit Committee 17 June 2015
ooKmCbojC_Q Full Council 17 December 2019
osXQu9-8tU8 Full Council 18 May 2021
otslWEgyaWU Audit Committee 26 February 2019
p2NO0ZuSKT0 Development Committee 28 June 2018
p2wIEHbfr24 Old House Restoration Project - Rochford District Council
pBOygG0JJos Rochford District Matters Winter 2011 - Part 3
pM5PoIGKcao The Executive
pSgNEaGKCPk Executive 13 July 2016
pXReVQgcecc Review Committee
qA3v-TDcfD8 A message from Cllr Mike Steptoe for Rochford District Residents
qF6g2O7uAFY Volunteering with the Rochford District Community Response Hub
qF8sd8-NAWM RDC - Planning Application Public Inquiry - Live Stream - Day5
qHynTygk9Hs Development Committee
qOJtoGVR6_E Licensing & Appeals Sub-Committee 18 June 2019
qQ-yT-r6kuQ Audit Committee 16 January 2018
qYONsi_uVh4 Executive 6 November 2019
r2TSWn0KsR8 Flood Forum
rPMnEUPlz6Y Licensing & Appeals Sub-Committee: Part 1 (Crafty Casks)
rR3ezrs6lv0 Licensing & Appeals Committee
rrGW0MNs7Mk Development Committee 21 March 2019
s9IXkMuKOmQ Virtual Tour of the Rayleigh Windmill
sJ3XU_g5UHE Licensing Committee 10 April 2015
sdwSX5TVwR0 Licensing Hearing (Part 1) - 96 High Street, Rayleigh
sqtAqu1Ytno Executive 24 March 2022
ssZJ_bjGHrE Licensing & Appeals Committee
suOHiefq-dg Windmill Wednesday – Making Flour with a Quern Stone
svD8z6_mXlw The Executive
swtFyMZYHZE Rochford District Matters - Autumn 2011 - Part 3
t7vNp5kmbHE Licensing Hearing Part 1 (Crafty Casks TEN Application)
tB-dy6mlpRU Licensing & Appeals Sub-Committee: Part 1 - Hearing
tZ9gdeg-z3E Planning Policy Committee 23 June 2021
tcNLyvsI9oQ Audit Committee 7 March 2017
tfNbngeDbmU Introducing the new Castle Point & Rochford Health and Wellbeing Strategy
tkJl8nTTNLE Development Committee 24 May 2018
u0UA_4uLEfI Standards Committee 20 June 2019
u2IzJBycdmY Council
u5n9-DHRz84 Full Council 12 December 2017
u6jEeAFk8Xk Review Committee 4 December 2018
u9lLyh6HTUA Review Committee 5 October 2021
u9sbbjRYFGk Executive 10 June 2021
uEowytRfbw4 RRAVS thanks Volunteers
uGpU2IKL96o UK Transition - Key dates and stages
uUHwqNFX0R8 Development Committee 24 May 2016
u_kGL_BQ06g Licensing Hearing Part 2 (Decision) - Crafty Casks TEN Application
udRDlG-P1cA Development Committee 27 June 2019
uh15XS5ADf0 Development Committee 27 January 2022
uhbWjJg3gz8 Rochford District Matters - Summer 2014
ukHwjBy4Z40 Planning Policy Committee
uuLSfZBaUNM The Executive
uvLmcZwwhrc New funding initiative for the District
uwzYudqnH3c Development Committee 21 April 2016
vAJ7Au2gf-I Annual Council 16 May 2017
vCVbRAGc4kk Investment board - 12 September 2018
vJf53GegykA Review Committee 5 September 2017
vhCaFtaeib8 Rochford District Matters - Spring 2014
vlW7787cl8E Full Council - 7 December 2021
vnQ9PM02tH0 Rochford District Matters - Spring 2011 - Part 3
w78VVpstnAk Review Committee 6 July 2021
wAvrU10FFBU Development Committee 19 October 2017
wGQJc35Rs5g Review Committee 5 April 2022
wS4wgzWfk-Q Physical health and wellbeing
wWU3eKJclOM Are you ready for the UK transition?
wWX3JrZtzhM Full Council 17 July 2018
wn9_B4KPLiA Development Committee 23rd November 2017
x0NQj0bWuvE Planning Sub Committee 31 January 2019
x8otttZ6rEc Chairman -  Community video
xKSuUKAKy6w Review Committee - 5 December 2017
xhIwf2ULJEc Audit Commitee 24 July 2018
xiZWvnHVCt4 Audit Committee 8 March 2016
xjjpe5b1p_Y Development Committee 17 March 2016
xmtSxcFG2Rg Extraordinary Council 28 November 2017
xrDVgZm1TKU Development Committee 13 October 15
xt7Djsadu10 Licensing & Appeals Committee
xucgFua3_Co Community Resilience Workshop with audio
y6WN1XhOrmc Rochford District Matters - Autumn 2013
yI4DSRx9FH0 Extraordinary Council 14th February
yIeYMEszafM Development Committee
yiqFagiuxuI Review Committee 14 June 2016
yxgLi8JciY8 Planning Policy Sub Committee 28 November 2016
z87t3DxxgWs Executive 7 February 2018
z9rWeaCCTsI Executive 5 February 2020
zOHM57g419g Chairman's Christmas message
zOaHZWUVUjg Group 2 - Promoting tourism in the Rochford District: Rochford Hall
zRh4699OzS0 Review Committee 8 November 2016
zX6zynJJI1w Eat well, waste less – 1 minute smoothie
zcP-CSkFj_E Planning Policy Sub Committee 7 October 2019
zrVSM0JwXk0 Extraordinary Council 12 February 2019
