3odQSZIWna4 Roland-Garros Takes Off
5W17iBIAdoE The quality with Hesperide I Roland-Garros 2021
9QEm0VSjs7E New Stadium - Match Point | Roland-Garros 2021
9t8gJu6dMGQ Get to know Carla Suarez Navarro I Roland-Garros 2021
A3KVusH3MEw Stars Set et Match - Niveau 2 I Roland-Garros 2021
AnGyx1eyQBE Virtual Tour Roland-Garros 2021
Bcb-DVlteLA Get to know Kei Nishikori I Roland-Garros 2021
DB_oziCG84M Roger Federer, Serena Williams, Rafael Nadal and more - Practice | Roland-Garros 2021
DSUJBDV3jDY Novak Djokovic's interview | Roland-Garros 2021
KN7pSIgjhio Get to know Lorenzo Musetti I Roland-Garros 2021
MyJiMSnxthE La Roland-Garros Style Expérience – Visite immersive de la Grande Boutique en 360°
N9EgLWCVahw Iga Swiatek - Practice | Roland-Garros 2021
OgumGafM8aM Stars Set et Match - Niveau 3 I Roland-Garros 2021
SHnT8JBBLuU 5e Set (bande annonce) - Film de Quentin Reynaud
VvvvZlKaJVk Roland-Garros eSeries by BNP Paribas : Emission nଁ, le replay
WFMuqrRvjN0 Roland-Garros never stops
ZjeAN5D0n2s Get to Know Carlos Alcaraz | Roland-Garros 2021
ZrXYVqoLHN8 Beauty Shots #1 - One Day to Go | Roland-Garros 2021
ZusJwa49w3A Get to know The Italian power I Roland-Garros 2021
_cS8i40WADc Barbora Krejcikova's interview | Roland-Garros 2021
dhwqB9iPx5I The Cloud Kisser I Roland-Garros 2021
l4DA0u9B648 Sculptures to mark the tournament’s history I Roland-Garros 2021
lvqvY9gDdog Get to know Pablo Andujar I Roland-Garros 2021
tE4uznKMh1o Get to know Cori Gauff I Roland-Garros 2021
wFZiM5s5hv0 Ashleigh Barty - Practice | Roland-Garros 2021
wTats1L63Cc A story of Roland-Garros
wd6IRCxjnhI Get to know Paula Badosa | Roland-Garros 2021
wfu964uG0Ys Get to know Daria Kasatkina I Roland-Garros 2021
