-1Xg1-5btvA What Movie Would You Use To Ruin Movies Forever? MOVIE FIGHTS (CARLSON vs ELLIS)
-6Zc8Co2H3w Honest Trailers - Star Trek: The Next Generation
-6_-w5uokJk Honest Trailers Commentary - Jumanji: Welcome To The Jungle
-84w_rF34Q4 Honest Trailers | Marvel's What If...?
-9h8otWQShs Honest Trailers - Fifty Shades Freed
-CMhg9eryvQ MOVIE FIGHTS: Hellboy, Hellfire, & Brimstone
-D15FdGRDwM Honest Trailers - Superman (1978)
-HqZNQGybqY Honest Trailers Commentary | E.T. the Extra-Terrestrial
-Ik2ikgOyNU Honest Trailers - Transformers: Revenge of the Fallen
-JK-MAPJwYM Who Should Play Joss Whedon's Batgirl!? - MOVIE FIGHTS: COLLIDER ALL-STARS!
-KJLfAzeono Honest Trailers Commentary | The Mummy (1999)
-Kuk4ir54KI Honest Trailers - Finding Dory
-O_FzaMHGis Best & Worst Graphic Novel Movies
-PxK-1sjnMc Honest Trailers Commentary - Rampage
-TF7qMGvjxA Honest Trailers | Street Fighter
-YlX5viLxuc Aladdin vs The Little Mermaid vs The Lion King! - DISNEY MOVIE FIGHTS!
-ZPDN3yKcrM Worst Comic Book Movie (TRICK QUESTION) - MOVIE FIGHTS!!
-_of2OsZ0E8 Serious Questions - Star Wars: The Last Jedi
-_p7K-OTrPw Honest Trailers Commentary | Cowboy Bebop
-apyTyck7Ws Will Batman v Superman Be Great? - MOVIE FIGHTS!
-f0GPBmuQ-U Honest Trailers Commentary | Hobbs & Shaw
-jtCTE3OVkM Marvel vs DC | Power Levels
-pHr_ub7HeA Honest Trailers Commentary | The Suicide Squad
-qE38V0wXnk Magneto vs. Gandalf - Best Ian McKellen Movie - MOVIE FIGHTS!
-sTXxAsaVg4 We Made a Galaxy Quest Documentary! | Official Trailer | Feat. Tim Allen, Sigourney Weaver & More!
-u9Qxxkbjmg Star Wars vs Star Trek! - MOVIE FIGHTS!!
-zxzK3CrYwY Honest Trailers Commentary | The Shawshank Redemption
0-T9GTl_8Qs Honest Trailers Commentary | Mortal Engines
00_NaPafgNs Honest Trailers - The Emmys
05tyrZonnmw Honest Trailers - The Incredibles
0A0JnqB5OZ8 They Were in THAT?!
0Bqw_290Gpg Best Star Wars Character Ever??
0CyWgcpBso4 Superfan of The Rock Does Worst Interview Ever
0D3WZxYxWd8 Honest Trailers - Ghostbusters 2
0MelyV1X9QM Honest Trailers Commentary | The Oscars
0RXhcqdewf0 Honest Trailers - Mad Max: Fury Road
0XDXzW0yEso Cobra Commander Reviews G.I. Joe: Retaliation
0fOCZS0J3qM Honest Trailers | Joker
0fRlIQsZPQE Honest Trailers | Men in Black
0fWuP12dpdc Movie Science: Interstellar
0fzFwxmQTDE Honest Trailers Commentary | 500 Days of Summer
0gugBiEkLwU Honest Trailers - Twilight
0lNB3-qqKG8 Screen Junkies 2018 Oscar Nominations: Our Academy Awards Picks
0mRwAHbOPqY Best Tarantino Movie? - ScreenJunkies Show
0rI1k9KVpCY Honest Trailers | Reefer Madness & The Big Lebowski
0sEN3hj4orE Honest Trailers - Furious 7
0sKRRY5tQz8 Honest Trailers - Phantom Menace 3D
0vKkwJwL77Y Honest Trailers - Star Wars: Episode VI - Return of the Jedi
0zNqEiNB4fE Honest Trailers | Ghost Rider 1 & 2
16BhJOQiZG0 Honest Trailers - Aliens
19l2Qqf9Evs Honest Trailers - Ant-Man
1Ad5k5DD5b8 Worst Children's Show Host MOVIE FIGHTS!!
1FzZKJLWxKQ Happy Father's Day, Walter White! [feat. RJ Mitte] (Dads Of Our Lives)
1GqmWiVZdQw Drunk Waxing with Judd Apatow, Paul Rudd & Leslie Mann
1PVZ2ajOnKg Honest Action - Die Hard 2-5
1SXYYDSAZZY Which Kids' Franchise Needs a Gritty Reboot? - MOVIE FIGHTS!
1VqUhHMt7Q4 Worst Movie of Summer 2017?! - MOVIE FIGHTS!
1XY8dPnIORc Honest Trailers - Honest Trailers (Written by a Robot)
1ZVRCat2vyQ Honest Trailers | Frozen 2
1aVz529yml4 Honest Trailers - Hook
1cQLfU0o2As Honest Trailers | The Shining
1d7FbXh_4ds Honest Trailers Commentary | The Witcher (Season 2)
1hJcA3pUXew Best MCU After Credits Scenes Ranked!
1muADPtsw10 WORST MOVIE THAT CRITICS LOVED
1qmC4u--QkA Honest Trailers Commentary | The Kissing Booth
1uSsgXGGXfc Screen Junkies ALS Ice Bucket Challenge!
1yT2vcPKozQ Honest Trailers | Twister
1yY0tnsxtL0 How to Fix NINJA TURTLES 2
1zjC6c5SJlA Honest Trailers | Every Streaming Service
24hhfrM46Ao Most Underrated Horror Movies
2DyKHcZMzes Honest Trailer Commentaries - Star Wars: Episode VI - Return of the Jedi
2IsBkbARGsU Welcome to Wakanda! Black Panther - Feature Destinations
2JZ1rGENlDM Vince Vaughn Googles Himself!
2La01bkCP1E What Horror Movie Should Jordan Peele Remake? MOVIE FIGHTS
2Nbb_JHYnjU Honest Trailers Commentary | Terminator: Dark Fate
2OAZYNbnbXQ Who Should Play Female Wolverine (X-23)? - MOVIE FIGHTS!!
2PTEfzkaUp8 Why Can't Harley Quinn Quit the Joker? | Fandom IRL
2W2Tfqn-qAY Honest Trailers Commentary | Kung Fu Panda
2X6ExLY20js Honest Trailers - Happy Death Day
2XjLK8pvEMw Honest Trailers - Daredevil (2003)
2aX9twMlYMc How to Fix THE EXPENDABLES
2b5qhGPbpyE 2013 Screenies Awards! - The Best & Worst in Movies & TV
2d7xZCjiWtY Star Wars: The Force Awakens Rewind!
2n9358zVHwM Honest Trailers - Alice in Wonderland (2010)
2ryeJwmIwdY Movies That Deserve Sequels
31T3iRvyHWM ScreenJunkies LIVE @ SD Comic-Con 2016 ft. Disney's Moana & the cast of Lights Out!
33XxhKZ0Qs4 Biggest Summer Blockbuster of 2017?! Spider-Man: Homecoming v Guardians Vol 2! - MOVIE FIGHTS!!
38_c6dh6Y6M Honest Trailers - Sherlock (BBC)
3CAqo_-K3_k Most Terrifying Movie Moments
3DNQJE8eHjw HONEST REACTIONS: John Wick Directors React to The Honest Trailer!
3ErL9qgH0Kc TMNT Trailer - Superfans Respond!
3KGbHikU2VI The COMPLETE Star Wars Saga Recap for Rise of Skywalker | CRAM IT
3LHmkVqYgKo Honest Trailers - Game of Thrones Vol. 2
3NEh6vneEXE Honest Trailers Commentary - Tomb Raider / Pacific Rim: Uprising
3P_kPiibW04 Honest Trailers | Iron Fist
3Q2SrzH5LvQ Best Christopher Nolan Movie
3Tl0czTWYoc Honest Reactions: Thor Writer Watches Thor Honest Trailer
3VCCbT6_S58 Who Should Play Boba Fett in the New Star Wars Spinoff? MOVIE FIGHTS
3XCNJ9LqaCo Carol Roasts The Walking Dead! - The Roast of Rick Grimes
3X_dzM-L68o Real Witches Against \
3YsWm5FPks8 Honest Trailers Commentary - Fantastic Beasts: The Crimes of Grindelwald
3ZzzWuGaML4 Best TV Show of 2015? - TV FIGHTS!
3mc-8TwRFy4 Honest Trailer Commentaries - Transformers: The Last Knight
3o-aEUulEDQ Honest Trailers - The Oscars (2017)
3qhVms-V_hk Honest Trailers Commentary | Black Widow
3xtUCieijGY Star Wars: The Force Awakens - Trailer Reactions!
3zqN2KfXpCM What will be the best Live Action Disney Film? - MOVIE FIGHTS!
49MpLTgUFj0 Honest Trailers - Batman Begins
4CsNHcLs1mA Is Star Wars in Trouble? - MOVIE FIGHTS!!
4D91kz3_KUA Screen Junkies Answers Your Questions!
4EJHTBWVAgA Honest Trailers Commentary | Marvel's What If...?
4QwHqPZsP0w Honest Trailers Commentary | Mulan (2020)
4US0Fjr4Rb8 Honest Trailers - Planet of the Apes (2001)
4Vf-Ftbh6tY Lucifer Showrunners & Zack Stentz  LIVE @ San Diego Comic-Con 2016!
4ZwZbspyS90 2018 Movies To Remember Come Oscar Time
4eAgsrEX_CA Honest Trailers - Thor: The Dark World
4eMW0TKNlpQ The COMPLETE MCU Recap | CRAM IT (Avengers: Endgame Edition)
4eeBeELRU_8 Marvel Comic-Con Footage Breakdown! Brie Larson is Captain Marvel! Spider-Man! Guardians Vol. 2!
4gKulpll9Yw Honest Trailers Commentary | Galaxy Quest
4hKpOi09qqE Honest Trailers - The Fault in Our Stars
4kXMaToMQTE Honest Trailers - Die Hard
4kfOSwbSJvQ Top 10 Zombie Kills Ever!
4kwsiGCKkjs Fantastic Four Trailer - 10 Big Reveals!!
4l5eZp8Ae9c Honest Trailers - Star Wars Ep III: Revenge of the Sith
4nJS-LPcFfw Honest Trailers - Star Wars: Episode II - Attack of the Clones
4ubwGb-vLA0 Honest Trailers - It (2017)
4z56JFMueFY Best & Worst Movie Robots
509z7Gynh-0 My Mom Watches Human Centipede
51_HeycfunA The Craziest Star Wars Interviews You’ve Never Seen! (Until Now!)
55OgiwXjFzU Every Star Wars Movie Before The Last Jedi (Cram It!)
5FWfg__wKSY Honest Trailers - Skyfall
5PtE42FnOvU Biggest Movies of 2016! (Everything You Need to Know)
5PwY2jR-c6M Best Zombie Movie w/ Walking Dead Creator Robert Kirkman! - MOVIE FIGHTS!!
5QqrtXGBsMY Dream Sequels: INDEPENDENCE DAY 2
5WjcDji3xYc Honest Trailers | Avatar: The Last Airbender
5bJ_gb19pKQ Honest Trailers - Thor: Ragnarok
5cxhIypXrOg Honest Trailers | XXX Franchise
5kSQlZFDo-E The Best Disney Streaming Service Show Ideas - Millennial Falcon w/ Maude Garrett
5pjRu2rMxFo 2015 Fall Movie Preview!
5qRVAgjHTaI Honest Trailers Commentary | National Treasure
5rkirbTtb4I Honest Trailers - The Oscars (2016)
5twEC1IDeHI New Ghostbusters Trailer - Should We Be Worried? - MOVIE FIGHTS!
5zyYzdsmeBU Does Belle from Beauty and The Beast Have Stockholm Syndrome?
6-czE2maW3g Honest Trailers Commentary - Japanese Spider-Man (Supaidāman)
61OZAtKfYzU AVENGERS: ENDGAME MOVIE FIGHTS (SPOILERS)
67EMdxF7inQ How to Fix DIE HARD 5
67W7JCohZMo Honest Trailers | The Lion King (2019)
68BILWRS8ac Should Star Wars Ditch George Lucas? - MOVIE FIGHTS!
6B22Uy7SBe4 Honest Trailers - Star Trek Into Darkness (Feat. HISHE)
6Cbw4RKmR44 Honest Trailers | Raya & The Last Dragon
6D5aDkAkZIk Honest Trailers Commentary | Army of the Dead
6EnoTTnhRxY Honest Trailers Commentary | Con Air
6FGCpGNld0s Worst Movie of Summer 2018?! MOVIE FIGHTS!
6FNHhL79Sl8 Honest Trailers | Scream
6GYOuZiNAPw How Should DC Move Justice League Forward? MOVIE FIGHTS
6Gv-AMiofEI Honest Trailers - The Notebook
6Pt1_VvVZVY Honest Trailers - Cinderella (1950)
6Sxk2MJANXQ Star Wars VS Star Trek - MOVIE FIGHTS!
6V1_Xc5_IqU Jack Black Impersonates The Rock (Jumanji Cast Interview)
6ZkFEtmVAMU The Year in Movies: 2016 Cinema Supercut
6bBHeRobiI8 Most Traumatizing Kid's Movie? - MOVIE FIGHTS!
6gevgV40HCE Movie Science: Guardians of the Galaxy
6kdSN4NBvCA How Max Landis Would Fix the Star Wars Universe
6n1ntwMNrI4 Honest Trailers | Dune (2021)
6oykezQu1oc Django Unchained Toy Review in South Central
6w9A7q4vnoA 2012 Screenies Awards! - The Best & Worst in Movies & TV
6x4qNdSM4dA Honest Trailers - After Earth
6x77yhA6FJ8 Honest Trailers Commentary | Game of Thrones Vol 3
6xKvW9xma4U Honest Trailers | Money Plane (ft Pitch Meeting)
7-jCllazaoY John Cena vs Teen Talk (Decoding Emojis w/ Blockers Cast)
7-vS65rHqho Update: We Are Joining FANDOM
77jIbLJLTQU TV Shows You Should Binge - Right NOW!
7Bn121d5Fk8 Honest Trailers - Back to the Future
7GblgBFT1-s Honest Trailers - Willy Wonka & The Chocolate Factory (Feat. Michael Bolton)
7HcdqgWGFno Worst Performance of 2016 - MOVIE FIGHTS!! (Fan Fights!)
7JaSs-x2tRI Honest Trailers | Firefly
7RKH3GeXXKM Honest Trailers Commentary | Aladdin (2019)
7SCBl_SkWq8 Honest Trailers - Dumb and Dumber To
7YtvsxB9xQY Honest Trailers - Independence Day
7ZsJbAw_2K4 Honest Trailers Commentary | A Christmas Story
7b-KPl7jhiw Honest Trailers - Saw
7juZJq6ZGTY Honest Trailers Commentary - The Incredible Hulk
7sQfLySYkNs New 'Star Trek' Show: Dream Crew!!
7tKCcsh0mVw Best Suicide Squad Trailer Moment? - MOVIE FIGHTS!
7w7z6exJQzs How Will Game of Thrones End? | WATCHING THRONES PREVIEW
7wSacDvwQTs Dream Sequels: Patton Oswalt's Unbreakable 2
7zsyUDcFxqk How To Fix X-Men
89zySl09rAU Honest Trailers | Shazam
8BfMivMDOBI Honest Trailers - Inception
8CJlyPy3cEo 7 January Movies You Need to See!
8LZu1xoGAb4 The Tournament of Nerds Feat. Doug Benson LIVE @ SD Comic-Con 2016
8R9XdMtSW5E Screen Junkies Update: What Happened, What's Next
8Rm29tfSSNI Best Comic Book Movie? - MOVIE FIGHTS! Live from Comic-Con 2016
8T1toif1GRM Honest Trailers - Mary Poppins (1964)
8VkZ8YLO5CE Honest Trailers - Ready Player One
8WKgNyvsNDM Honest Action - Home Alone
8blZcoL3yL0 The Rock + Zac Efron + Oil = Best Baywatch Interview
8btyt146NoA Watching Fifty Shades Darker With My Mom!
8c584LpO2cs Honest Trailers Commentary | Knives Out
8e474h0NhFc Honest Trailers Commentary - Venom
8fG2GuXbAvg Deadpool Director & Creator React to the Honest Trailer! (Tim Miller, Rob Liefeld & Stefan Kapicic)
8gr9TJRqCXo Serious Questions | Star Wars: The Rise of Skywalker
8lZR9Xb_8so Honest Trailers Commentary | XXX Franchise
8m6GbzdYJgs From Harry Potter To Fantastic Beasts CRAM IT
8npZ1IkWFRc Top 10 Summer Movies 2016!
8pg1obK0Qfo Honest Trailers - Star Wars: Episode V - The Empire Strikes Back
8tWG2t_ZugU Honest Trailers - Every Tim Burton Movie
93zYOeRK0aM Honest Trailers Commentary | Godzilla: King of the Monsters
95Q6gcw3iTk Honest Trailers - Scott Pilgrim vs. The World
95kTDwGuQrA The Best Movies of 2017... So Far!
96DC11xve18 McConaughey in the Marvel Universe?! - MOVIE FIGHTS!
9766Pb90m4c Honest Trailers Commentary | Joker
9A7DzqvyqWQ Epic Movie Explosions! - Supercut
9DUNHNJQOZo Honest Trailers - Glass
9HH23DmZgQM Top 10 Summer Movies 2014
9HiaLKum8N8 Honest Trailers | Justice League: The Snyder Cut
9KE7d0nIB5w Wonder Woman Sequels!?
9Q-ovNuireY Summer 2016 Movies: Hits and Misses!
9QhCjdUE7_E TV Science: Stranger Things
9SGOCVFP6Uk The Best Disney Princess EVER!
9Wj03A4yjsM Honest Trailers | The DCEU (400th Trailer)
9Y8rOUqyFFA Summer Movies 2014: Hits & Misses!
9YIsVNVQeec Worst M. Night Shyamalan Movie??
9gMNGLwvNjY Guardians Director James Gunn Answers YOUR Questions!!
9s8_DkpUjQs 2016 Screenies Awards! - The Best & Worst in Movies & TV
9uPq-o1A0po Honest Trailers | Cats
9ukcf_6QYXs Honest Trailers | Bad Boys
A2v0jnd794k Best Spider-Man Performance?? - MOVIE FIGHTS!!
A3CxQ-OmLkU Honest Trailers | Star Wars: Clone Wars (2003)
A4V6rvcLsk8 Honest Trailers - Minions
A7YQFu5oXgc WTF is Guardians of the Galaxy?!
A8OAiyPEz7k Honest Trailers Commentary | Glass
A8ScwhLh7uo Honest Trailers - Stranger Things
AIvhu_YNCJg Honest Trailers | Captain Marvel
AK85kH5s2zc Oscar Snubs 2015: Who Got Screwed?! - MOVIE FIGHTS!
AOIi9SjJvgU Honest Trailers - The Lord of the Rings
AP2NzW2k95o Honest Trailers - Rudolph the Red-Nosed Reindeer (1964)
AZwsKVL6JfM Honest Trailers - Fight Club
Aa-rfmbUG24 Honest Trailers - Pirates of the Caribbean
AaC0v4v73kI Honest Trailers Kommentary | Mortal Kombat (2021)
AcNdCAZbiic BIGGEST OSCAR SNUB? - MOVIE FIGHTS!
Ad5sf1ea0_c Movie Science: Thor Ragnarok
AdAl9-9TUyY 2010 - 2019: A Decade In Film | Supercut
Ag9dooZd4nc Comic Book Movies: Most Hated & Underrated
AhwuphVrVig Honest Trailers | Donnie Darko
Aja16H_5wFQ Best DC Movie?! - MOVIE FIGHTS!!
Akm4BdBIMXQ Honest Trailers | Squid Game
AoLXRErjzco Honest Trailers - Twilight 2: New Moon
ApON6w9K0yo Greatest Animated Disney Musical of All-Time? | MOVIE FIGHTS
AsTk1CVwSnE Honest Trailers - The Purge
AyB4xUONs0k \
B3YbODo7ieQ Honest Trailers - 300
B7ZvoNFYBi0 2013 RAZZIE Nominations: Worst in Movies!
BCqpogcljQs Honest Trailers | Jingle All The Way
BH8pVzuu81c Honest Trailers - Halloween (1978)
BLhfAsxOoMY Honest Trailers Commentary | The Witcher
BOC8sq5EAzk Honest Trailers - The Meg
BONldMyFHtA Honest Trailers - Face/Off
BP30-73Bd2g Movie Science: The Martian
BRW0_-oK28A An Urgent Message to Obama from All Nerds
BSSieSPoQ6w Honest Trailers Commentary | Us
BVBpzd8-iA4 Cast The Justice League Dark Movie! - MOVIE FIGHTS!!
BW2__Ldpi1o Honest Trailers - Rampage
BX5k1BzdoS0 Honest Trailers | The Witcher (Season 2)
BXQLseZOiFI Jedi Mind Trick Prank (with RomanAtwood)
BZ3VQkK6Upo Honest Trailers - Captain America: Civil War
BZtIpO3DV9U Honest Commentary - Point Break (1991)
BdAlV8zqTBw Honest Trailers | Godzilla: King of the Monsters
BiT9HmPz5GU Summer 2015: Hits and Misses!!
BjobWguWIRk Honest Trailers - Labyrinth
BlKwTo9YcR8 7 Awkward Minutes with the Cast of Furious 7 (The Rock, Vin Diesel, Jason Statham and More!!)
BtngPGCbkMQ Honest Trailers Commentaries - Kong: Skull Island
Bvy4M4DlRUE Honest Trailers | F9: The Fast Saga
BzpIB5TJ7LI Honest Trailers - The Wolf of Wall Street
C0-5vQJu4OQ Before They Were Famous #3 - Oscars 2015 Edition
C39YJymGp3Q Honest Trailers - La La Land
C4HKi06CaBU Star Wars: The Last Jedi - Review! (No Spoilers!)
C9uOaDZDT-s Honest Trailers - Doctor Who (Modern)
CA-eyG7lUv8 Honest Trailers - The Little Mermaid (feat. AVbyte)
CCgUWHvKPg8 Honest Trailers | The Oscars (2021)
CGgA9t7mghY Honest Trailers - Predator (1987)
CKwM4ZEfYdk Honest Trailers | Every DCEU Honest Trailer
CO72JNivnB4 Honest Trailers | Mean Girls
CR0KKDqDYAg Honest Trailers - Fantastic Beasts & Where to Find Them
CR2PAHnJ7QA Who Should Play Young Han Solo? - MOVIE FIGHTS!
CSMOJNjwv0A Avengers 2: Age of Ultron VS. Batman vs Superman
CU4bFiU8F7Y Honest Trailers - Transformers: The Last Knight
C_tUI8rtO3Y Lion King Remake Must Haves? - MOVIE FIGHTS!!
CaE0JD1X12g Honest Trailers - The Greatest Showman
CfdZCyOuqAI Honest Trailers | Terminator: Dark Fate
CgPyUUGp9cM Honest Trailers - Fifty Shades Darker
CoFQfP6lV8w Did \
Cpyr4yj2rtE The Roast of Darth Vader
CqYr7qqOS0w Game of Thrones Stars: In Real Life!
Csnsq9f_ZkQ Honest Trailers - The Incredible Hulk
CtBca6H6Teg Honest Trailers - Batman Forever
CvFN2_6IkyI Honest Trailers - The Fast and the Furious: Tokyo Drift
Cw_QBtlryIs Honest Trailers - Beauty and The Beast (2017)
CzUePApEOK0 WTF is Jessica Jones?!
CzmIrPvIzxk Honest Trailers - The Emoji Movie
D0viq4s_-hw Movie Science: Could Jurassic World Ever Happen?
D145-YiiSlo Honest Trailers Commentary | Wild Wild West
D4ZAm9wktcA Honest Trailers Commentary - Every Wes Anderson Movie
D54jYQuhzs0 Honest Trailer Commentaries - The Santa Clause
DCvFUE6dNnA Disney World’s Star Wars Land: Dream Ride!? - Movie Fights LIVE!
DFtBjc1dz7w Honest Trailers - The Lion King (feat. AVbyte)
DGHit1susl8 Honest Trailers Commentary | Pokemon: The First Movie
DJMPl4s0l00 Honest Trailers - Halloween (2018)
DKO0t3PZ9ik Honest Trailers Commentary | Men in Black
DPuVkdnDttQ THE GREAT AMERICAN MOVIE FIGHTS!!
DSCNqJqsen0 PLZ Explain Mr. Robot
DSNrecrVjAY Honest Trailers | Us
DSXTpOn2rRs Top Ten TV Show Cliffhangers
DhxH_J71pnk San Diego Comic-Con Roundup 2016!
DzJ8s9trbVQ Honest Trailers - Pixels
E28KDhsJ65U Honest Trailers - The Princess Bride
E5B9H-sJkvc Who Buys Star Wars Toys at Midnight?? Force Friday Exposé! - Millennial Falcon
E8CrIdBOjpo Honest Trailers | Clueless
EASy90YNx4k PLZ Explain...Luke Cage!
EBcr8HVThzg Honest Trailers | Mulan (2020)
EC8-ELSwRJ8 Biggest Movies of 2018! (Everything You Need To Know)
EHD32OpSxMg Honest Trailers Commentary | Spider-Man: Far From Home
EIJjvxDakxU Honest Trailers | Encanto
EIW5cDcs4y8 Honest Trailers Commentary - The Incredibles
EKL86h3CpdU Honest Trailers - Catwoman
ESXd2Aabdw8 Happy Father’s Day, Jerry Maguire! (with Jonathan Lipnicki) – Dads of Our Lives
EVZzNDYGYT8 They Were in THAT?! #2: Horror Edition
EXrkxKhlFmQ Spider-Man: Homecoming! Story Pitches - MOVIE FIGHTS
EYWRMeSWL0Y Reading Star Wars Fan Fiction: Rare Pairs! General Hux + Harley Quinn, etc - Millennial Falcon
E_xQhwP05KA Honest Trailers Commentary | Space Jam: A New Legacy
Ec30mIHxLsc The Best Movies You've Never Seen: Vol. 1!
Eef-1HLKgoQ Honest Trailers - Wonder Woman
Eia5v9m3iCY Honest Trailers | Cruella
EoKGNch3Uto Honest Trailers - Taken
Eq0u_ipNvCg Honest Trailers | Kung Fu Panda
Eq8cNosV4EQ Tommy Wiseau Acts Out Other Disaster Movies
EqTP7d19lSk Halloween Horror Nights - Screen Junkies Scare!
EskNsLql-VI Honest Trailers | Eternals
Ezg14iA6F7Y Screen Junkies Universe LIVE! 11/18 - ep 1
F1gPXC6ztDg Greatest Lightsaber Fighter - Star Wars: MOVIE FIGHTS!
F3EnDf3Rb7U Honest Trailers - How to Train Your Dragon
F9d3SFCids4 Dumbest Movie Premise of All Time? - MOVIE FIGHTS - Last Fighter Standing!
FB3YjXV33D4 New Star Wars Lightsaber - Awesome or Useless? - MOVIE FIGHTS!
FBNs9rk0FGo Better Call Saul! - Leaked TV Intro
FCS_kif7qfk Honest Trailers - Batman & Robin
FCeetoU7LYE Honest Trailers | The Simpsons Movie
FIUmwdHnTv4 Honest Trailer Commentaries - Spider-Man: Homecoming
FLcADSgRBx4 Honest Trailers Commentary - Honest Trailers Written By A Robot
FO8XZ4uBQKk Honest Trailers Commentary | MCU
FSU5_TqQuA8 Honest Trailers | Invincible
FUAxSV1q35Q Biggest Box Office Bombs! - MOVIE FIGHTS!!
FVB9xA7aIMA Honest Trailers | Shrek 2
FWQ_piBJJNE COMIC-CON MOVIE FIGHTS 2019: Best Batman Movie + The Snyder Cut
FceeToGt6bM RECASTING THE WATCHMEN!!!! MOVIE FIGHTS
Fd71IPe6ChA Honest Trailers | The Boys
Ffc6y_yzOU8 Honest Trailers - Doctor Strange
FgCLTRgH3hQ Serious Questions - Jurassic Park Franchise
FgRGx4EswPQ Honest Trailer Commentaries - Batman Forever
FjLF4M_WLjE Loki Goes to Therapy | Fandom IRL
FjQuV5OFUgQ Honest Trailers Commentary | Toy Story 4
FnZQ4KMXOBY Best Mutant Powers!
FpWA_hRECxc What Franchise Should Die Forever?! - MOVIE FIGHTS!
Fpk1TE2_Gcc Russo Brothers' Honest Reaction to Winter Soldier Honest Trailer
Fq7xB7ruepo Ben Affleck as Batman? Boston Fans React!
FxB9DMV-F6M Power Rangers Cast LIVE @ SD Comic-Con 2016
G0wRiRflmok 2016 Fall Movie Preview!
G8lWo_cU9U4 Zombie Acting Tips with Rob Corddry
G9P16XlhNE0 A Real Lawyer Defends Animated Joker | Fandom IRL
GABCneYEE84 Honest Trailers - Justice League
GBTTrtXy804 The Worst Comic Book Movie Villain Ever!
GCUblRB7M8g An Idiot's Guide to Game of Thrones (Seasons 1-2)
GFefgQ61Vjg Honest Trailers | Game of Thrones Vol 3 (Seasons 6-8)
GMOZPdBHJyA The Idiot's Guide to The Walking Dead (Seasons 1-3)
GP7xokV7OBQ What Superhero Should Return When They're Old? w/ Paul Scheer & Kumail Nanjiani
GT9APzoM7aM Honest Trailers | Knives Out
GTo6yvJ5SCM Honest Trailers - Home Alone
GVtNRpsLqJU Fantasy Fantasy Football (with Paul Scheer!)
Gaz9BGlKg_w Honest Trailers Commentary - Black Panther
GeDJAKvcZ9o Honest Trailers - Avengers: Age of Ultron
GhgofbEoQG4 Honest Trailers | Toy Story 4
Gkebn0-iG3k Honest Trailers - Batman (1989)
GlEtxRP1a-w Mission: Impossible vs. Fast and the Furious - MOVIE FIGHTS (SDCC 2018 Panel)
Gs0Ml_l5QKQ Skip the Rewatch: A Transformers Recap
GzgjsTzwlU4 Honest Trailers - Leprechaun
H3VnQE3qXHE Honest Trailers - The Last Airbender
H53183mVc2o Everything Wrong with The Amazing Spider-Man 2 in 13 Minutes or Less
HDuyh0wXV0Q How to Fix TERMINATOR 5
HFuPQCmYjjk Honest Trailers Commentary | Scream
HPvhcucvg_8 The Rock Smacks Down High School Bully
HVUrZw20A88 Honest Trailers Commentary - Avengers: Infinity War
HVwtCU48Koo Honest Trailers - The Happening
HdZW2b0FzPc Honest Trailers - Paranormal Activity
Hi7lXUv4lgA Honest Trailers - Ghost In The Shell (2017)
HpHp1Xp5oDo Marvel Phase 4 Movies We Want to See Most (w/ Max Landis) - MOVIE FIGHTS!!
HqBR9BmIpoI Twilight: Breaking Dads! - Trivia Showdown!
I1CI3e4w9CI Honest Trailers - Kingsman: The Secret Service
I2cS5Fv5xIQ Honest Trailers - World War Z
I8BobmZglOk Honest Trailers - X-Men: The Animated Series
I8jlXlXAX4w Pacific Rim 2: Pitch the Dream Sequel - MOVIE FIGHTS!
IA94QUHG_eg Honest Trailers | Snake Eyes: G.I. Joe Origins
IB78yaPo6Os Batman v Superman: Fun or Failure? - MOVIE FIGHTS!
IBYfA3zTxFE Honest Trailers - Les Miserables
ID3PxZb4PMs Honest Trailers Commentary | The Lion King (2019)
IE8Vm6Q9UO0 Marvel Superfan Gets Big Surprise - Prank It FWD
IFKu_bwMoYE Honest Trailers - Indiana Jones & The Kingdom of The Crystal Skull
IHFdK6zMwRM Honest Teaser | Star Wars: The Rise of Skywalker
IM8JLtMyIKc Elijah Wood & Max Landis Talk Dirk Gently’s Holistic Detective Agency! LIVE @ SD Comic-Con 2016
IOA6G5PhnRM Honest Trailers | Godzilla vs. Kong
I_fXIZ4yjGU Honest Trailers | Zombieland
IcTOOFXAGeE Honest Trailers - Bill & Ted's Excellent Adventure
If75XsbYCZw The LAST Last Jedi Debate! MOVIE FIGHTS (MANTZ vs NICHOLSON)
IjIJ-fm0uKI What Is The Worst Part of Independence Day: Resurgence? - MOVIE FIGHTS!!
IjWzPiz4i54 Who Should Play Green Lantern? - MOVIE FIGHTS!
ImLoGdczLU0 Best Moment in the Batman v Superman Trailer? - Movie Fights!
IpN_wAlYZSs Honest Trailers - Every Christopher Nolan Movie
Ist0v3Xhqzk Honest Trailers - Captain America: The First Avenger
IvqQbwY0HeM Batman v Superman Trailer 2 Reactions!
IxcVbWTgnsI Honest Trailers | Star Wars: The Clone Wars
IzsiRE8XUi0 Who Should Direct Star Wars: Episode 9? - MOVIE FIGHTS!
J-B7UJtvlLM Dwayne 'The Rock' Johnson's Wedding Surprise!
J6jLhu0FRWE Bucky Barnes Roasts Captain America! – The Roast of Captain America
J9IJ83BJuNc Honest Trailers Commentaries - Blade Runner
JAKHZerZ2jM Honest Trailers | Birds of Prey
JASEeLBaqUE Which Batman Villain Should Get Their Own Movie?! CONTENDER FIGHTS
JApDdCVg6Dw Honest Trailers | The Mandalorian Season 2
JFsOtqGUuMk Honest Trailers Commentary | Avengers: Endgame
JGGOEgKLig0 Best & Worst of 2014 - MOVIE FIGHTS!
JH5bZu4UfV4 Honest Trailers Commentary | Batman Returns
JHkCaL2eQdc Honest Trailers Commentary | Bad Boys
JOIjmLw0iQc Honest Trailers - Zootopia
JQeCXccBcUU Greatest All Ages Film?! MOVIE FIGHTS CHAMPIONSHIP!
JRQlji3bCZI Honest Trailers - The Martian
JSIwu1qT5K0 Marvel Misfires!
JSyWyuYkafs Honest Trailers Commentary | Tenet
JUJ1ADprBuQ Honest Trailers | Trolls World Tour
JWfFdnTUZvE Before They Were Famous #6 - Oscars 2016 Edition!
JXgLI5XXncc Honest Trailers | Halloween Kills
JZoO1Ftj-bM Honest Trailers - Get Out
JZx887udEnM The COMPLETE Game of Thrones Recap | CRAM IT
J_vUvpSTMa0 What Movie Should Aquaman Join? MOVIE FIGHTS
JcNF7Hj-vq0 Thanos (Avengers) vs The Death Star (Star Wars)! | Power Levels
Jh_xTqrna9s MOVIE FIGHTS CHAMPIONSHIP! - E.T. vs Jaws - LIVE!
JjE3ThA2OPU The COMPLETE X-Men Recap Before Dark Phoenix | CRAM IT
JnANfZk3Io0 Is the Emperor in Star Wars Episode 9 a Good Idea? | MOVIE FIGHTS
Jpe5OKyL3Xg Honest Trailers Commentary | F9: The Fast Saga
Jq28EHoMGhA Oscars 2015 Review: Academy Award Awards
JqF1sYyTm-k Avengers Haters Assembled!
JvHyk2ESFCI Honest Trailers - Captain America: The Winter Soldier
Jyi9UbMfiNU Valentine's Day Movies To Get You Laid
K-BbkX5H8cs Oscars 2013 Review: Academy Award Awards
K4ECNJDHjz8 Best Performance in a Spider-Man Movie? MOVIE FIGHTS
K6XWsLVAZio Jason Statham's Many Jobs - Supercut
KAa1Uswwk2I Every Fifty Shades Movie Before 50 Shades Freed (Cram It!)
KECerjejUDs Honest Trailer Commentaries - The Blade Trilogy
KFu_26DrLE4 Honest Trailers - Finding Nemo
KTppbv5-miE James Franco Recreates Bad Movies as Tommy Wiseau
KUkdEV9_O_s Honest Trailers - The Spider-Man Trilogy
KZ2loLercIw Celebrity Foreign Commercials
KkQdTApKhLE Most Disappointing Superhero Sequel Ever? MOVIE FIGHTS
Kpc0FCAzhaM Honest Trailers Commentary | Demon Slayer: Mugen Train
KsGkMSY_Fag Honest Trailers - Super Mario Bros.
KueEWP91tWc Honest Trailers - Teenage Mutant Ninja Turtles (2014)
Kw1nKk2c2Z0 Should Marvel Fire Andrew Garfield as Spider-Man? - MOVIE FIGHTS!
L04EArAUT-k What Is The Most Influential Film? - CLASSIC FILM FIGHTS!!
L1rpZh6XzE0 Summer 2017 Movies: Hits and Misses!
L5qY1tWq6Fo Honest Trailers | E.T. the Extra-Terrestrial
L77ASwdeNQE Top 5 Underrated Box Office Bombs
L9QbhTvoDUk Worst Comedy Sequels
LAxyd0SkI5A Honest Trailers Commentary | Snow White and the Huntsman
LFmNhkv-qDI Movie Science: Arrival
LJhXI8AARjA Honest Trailer Commentaries - Showgirls
LMDA-zEEQUM Honest Trailers Commentary - The Oscars (2019)
LOyVy7CTUJE Honest Trailers - Godzilla (2014)
Le3kuCrE8VQ 2014 Screenies Awards! - The Best & Worst in Movies & TV
LlkyuDbvd6A Honest Trailers Commentary | Alita: Battle Angel
LmtWHjlrvF8 Honest Trailers - A Quiet Place
Lt-tS_4Wc8g Best Sci-Fi Movie of the 21st Century? MOVIE FIGHTS (HOWARD vs MISS MOVIES)
Lxq6JgKLNXI Honest Trailers | Lost
M-C-0cxcaF4 What is the Best Movie Alien? - MOVIE FIGHTS!!
M01SDF3PAWY Screen Junkies 2016 Oscar Nominations: Our Academy Awards Picks
M45HVD4RsCI Casting J.J. Abrams' Star Trek: The Next Generation Reboot
MACaqTydZw8 Lego Movies They'll NEVER Make w/ Jackie Chan & Ninjago Cast
MCo9b60H3B8 Honest Trailers | The Mummy (1999)
MFOZFET1m5s What Character Could Kill John Wick? MOVIE FIGHTS
MMO5yEnxDFs Was Jesus A Hufflepuff?! - Harry Potter Serious Questions
MNcRMSYi-2w Best Horror Franchise!
MOTk1Gi5zoA Honest Trailers - Fast Five (Feat. CinemaSins)
MURigSnzUBk Honest Trailers - The Jungle Book (1967)
McGFQP9wcik Best Simpsons Episodes
MhVjH4ERKTs Mindblowing Movie Easter Eggs 2!
Mi-cMWcXtBI Honest Trailers - Peter Pan (1953)
Mlc7TXsJLpQ Honest Trailers - Elf
MpJ-M8Twevw Best & Worst Remakes!
Mq6egGnAENU Honest Trailers Commentary | Firefly
Mu4kFqmv3RM Honest Trailers - Spectre
MuNBpC8EXwM That Came Out This Year?!
MynQ4k6Xu8Y The Idiot's Guide to Game of Thrones (Season 4)
N8-PL7dJ5V8 Honest Trailers Commentary | Lost
NJ_svydMwCk Honest Trailers | John Wick: Chapter 2 & Chapter 3 - Parabellum
NKOho71qX0c STAR TREK MOVIE FIGHTS!  w/ Star Trek Beyond Cast! LIVE @ SD Comic-Con 2016
NLdkLbLPn_4 Best Part of The Wonder Woman Trailer? - MOVIE FIGHTS!
NMkv3vlRs4s Ultimate Fantasy Franchise Showdown!
NMmaCHPVSGc Stoned Fights: Who Should Direct the Batman? (w/ Doug Benson, Greg Proops and Horatio Sanz)
NXm3Guq3eiw X-Men Franchise Review with X-Writers
NYxZwbaJcsk Honest Trailers Commentary - Mission: Impossible - Fallout
NaqzrqAi5a4 Black Panther - Review! (spoilers)
NeflqMz342E Honest Trailers | Venom: Let There Be Carnage
NfFOxoA8EWs Comic-Con 2018 Roundup! Cosplay, Exclusives, & More!
NjANWAlcmA4 Captain America: Civil War-  SPOILER MOVIE REVIEW
NrjneJvS6dk Honest Trailers - Batman v Superman: Dawn of Justice
Nsv4b5GWN0M Is Will Smith the Biggest Movie Star of All Time? – SMASH HIT!
NtlZanp6hNw Who Is The Best Hollywood Chris? MOVIE FIGHTS!
Nxb04JvZkos The Joker on Trial: Joker '89 | Fandom IRL
NxhyJEjsPNg Honest Trailers Commentary - Robin Hood (2018)
NySpbUn1OAY Craziest Cult Movies!
NzIsz3fU9xQ Christopher Walken Reads \
NzJuDo5ots0 Honest Trailers - Transformers
NzUkhaHjH8g Best Movie Presidents
O4bNxNuIcBI Which Pixar Movie Deserves a Live-Action Reboot? - MOVIE FIGHTS!! (100th Episode!)
O4pN5wxPTcg Honest Trailers | Star Wars Visions
O7a10a_D8nE HONEST TRAILERS MOVIE FIGHTS ROUND 1
O7dq_wo5eto Honest Trailers | Star Wars: The Rise of Skywalker
O81xSipISOk Cast Aladdin’s Live Action Genie! - DRUNK MOVIE FIGHTS!!
O9jWL-sRmto Screen Junkies Holiday Special!
OB02mSgy5lU Best Movie of Summer 2019?! MOVIE FIGHTS
OCr1xWuk1UA Honest Trailers - Shrek
ODMt1-Qg7kY Honest Trailers | Batman: Mask of the Phantasm
OP4Lhj2Y3xU Which Superhero Wins The Hunger Games? - MOVIE FIGHTS!
OSKRQWFAXcQ Honest Trailers | Black Widow
OTfBH-XFdSc Honest Trailers - Star Trek (2009)
OjxD-1I1m1A 2019 Summer Movie Review: Hits + Misses
OmXzqn66Pfc Top 9 R-Rated Comic Book Movies
Om_zGhJLZ5U Every DCEU Movie Before Justice League (Cram It!)
OoMgPX1pwTk Best '90s Action Movie!
OotSa6LSDkc Honest Trailers | Demon Slayer: Mugen Train
OtPjOT_mIFg Top 10 Summer Movies 2015
OxcrNPqaZuI Honest Trailers | Army of the Dead
Oz6WmUSnCdM Which Avenger Should Be a Skrull? MOVIE FIGHTS
OzMJkRwOxjs Honest Trailers - Wreck-It Ralph
P1M69CVXze4 Honest Trailers | Starship Troopers (ft Casper Van Dien)
P1XAxaBHlvM Honest Trailers - Rocky IV
P6PMy6gUAHk WTF is Doctor Who?!
P7jFY8SORPE Batman v Superman v Wonder Woman: Who Wins? - MOVIE FIGHTS!
PA576VinXT0 Honest Trailers - X-Men Origins: Wolverine
PB0j7LOezvc 9 Movies Destined To Be Classics!
PE6cfsfKOKc Marvel: Phase 3 - Everything You Need to Know!
PExKBUqIq5c Honest Trailer Commentaries - It (2017)
PSi6gAiyrgk What Movie Character Would Have the Best Instagram Account? - MOVIE FIGHTS!
PXtOT-dzkYc Honest Trailers - The Amazing Spider-Man 2
PekgZDKv5GY Honest Trailers | Hobbs & Shaw
PhIyb9WzXQw Honest Trailers | Jungle Cruise
PjMCUpYh3vQ Family Guy Cast ALEX BORSTEIN & MIKE HENRY LIVE @ SD Comic-Con 2016
Pk_ENry8EzQ Best Comic Book Origin Movie Before Black Panther? MOVIE FIGHTS (DJ vs MARKEIA)
Pmlft9oybyY Honest Trailers Commentary - Baby Driver
PnHKv2G0wCw Honest Action - Die Hard
Ppe6w3F68ZI Super Bowl Movie Trailers 2013!
PqFwqBrtkA8 Shocking Celebrity Cartoon Voices!
PsVJZ1xNHpA What Avengers Actor Is the Most Replaceable? - MOVIE FIGHTS!!
PuwK0KFKI30 Russo Brothers Fantasy MCU Faceoff!
Pw2dh6rUTOk The Best & Worst of DC Movies! DCEU MOVIE FIGHTS
PwOyj62XP_c Who Should Direct Guardians of the Galaxy 3? MOVIE FIGHTS
Q-j8XXtwSO0 Honest Trailers - Pitch Perfect
Q5HxrqLSLEg Who Should Be Wolverine? MOVIE FIGHTS
Q5xYtbp5EbQ Deadpool 2 - Review!
Q8MUdWhSjuA Comic-Con 2014: Marvel vs. DC - Who Won Comic-Con?!
QBkKOIwCpZw 2019 Summer Box Office Preview
QDajL441mZc Honest Trailers - The Avengers
QOOubfu4kHE Game of Thrones Kids' Books with Bran Stark!
QPSEGnQM_7w Before They Were Famous...
QWNqbqcV4dU Honest Trailers - Superman IV: The Quest for Peace
QWtGXs-L1aE Deadliest Movie Reality Shows
QZ6KIK7taGc Honest Trailers | MCU
QeAb8qnQrLg Honest Trailers - Friday
QnL3hqZ3e0M Honest Trailers | Coming to America
QnjoiqfhDtQ Honest Trailers | Galaxy Quest
Qtd_6BK8Jwk Honest Trailer Commentaries - Ghost In The Shell
QxCf11i-rX4 Honest Trailers - Watchmen
QzWTt1I3xvU Best '80s Action Movie
R-IEsJVNNM0 Before They Were Famous #4 - The Walking Dead
R0vAUAmDkK8 How to Make Star Wars Episode VII Good
R34aQFv3BHU Honest Trailers | IT (1990)
R8BCkJzo6to Who Should Join Black Panther? - MOVIE FIGHTS!!
R9ct8VLK95Q Honest Trailers - Moana
RAEKsTDmkpM Best Movie of 2016 - MOVIE FIGHTS!!
RAuFdxae9gI Getting Drunk at Lebowski Fest 2013
RBaKqOMGPWc Honest Trailers - Prometheus
RF_4lpdaruE Honest Trailers | Blade Runner 2049
RGJiR65aS6M Honest Trailers | The Shawshank Redemption
RIxCIN1LZdI Best Lord of the Rings Movie (Feat. Elijah Wood!) MOVIE FIGHTS!
RJC_PdwDoFQ Honest Trailers | The NeverEnding Story
RLv7vUvk9Vw How Many Toads Can Pikachu Explode? | Power Levels
RM-8x4SfNcc Honest Trailers Commentary - A Wrinkle In Time
ROZgx6HXw2k 2017 Screenies Awards! - The Best & Worst in Movies & TV
RSWmzdYVoGQ Who's the Most Powerful Character in the MCU?
RbDVKsJd5UI Honest Trailers Commentary | X-Men: Dark Phoenix
RjhgHNlC4Qk Honest Trailers - Split
RkHLTm_bDDg Honest Trailers | Indiana Jones Trilogy
Rlkf2mW96ao Honest Trailers Commentary | The New Mutants
RmFbmlwWa0k Honest Trailers - Toy Story (feat. Will Sasso)
Rn1Eu5z4tvU Marvel Characters Too Weird for the MCU
RssOaO71px8 Pitch the Matrix Sequel - 90's MOVIE FIGHTS! (1999)
Ru3ode4a-j4 Before They Were Famous #2
Rv1tjRgEN-o Worst Inflight Movie Ever! (Airplane Crash Supercut)
RxCzwRk8sZw What Monster Movie Could Save The Mummy’s Dark Universe?
RygpaqDUjRw Honest Trailers - Despicable Me 1 & 2
RzODMcmaquA Honest Trailers Commentary - Gotti
S9CnXTY-zwc Honest Trailer Commentaries - Justice League
SGkFKRu7kwY How Will Darth Vader Return in Rogue One? - DRUNK MOVIE FIGHTS!!
SM-l_3RaYsk Honest Trailers - Ghostbusters
SMy1jueEp9k Before They Were Famous: Wonder Woman & DC Extended Universe!
SSZg1Wy7H0k Honest Trailers - Boyhood
SVaD8rouJn0 Honest Trailers - Game of Thrones Vol. 1
SZwJBuy9d6k Amazing Spider-Man 2 Trailer - Secrets Revealed!
Sbl4nCcO0qo Honest Trailers - mother!
Sc32YdEWHzo Honest Trailers - The Hobbit: An Unexpected Journey
SdWkmcVbG4o Avengers: Age of Ultron End Credits Scenes! - MOVIE FIGHTS!
SeiDhVu7TGM Honest Trailers Commentary | Masters of the Universe (1987)
Sge5sUNJkiY Honest Trailers - Man of Steel
SggkMHx4GhQ Honest Trailers - The Oscars (2018)
ShAeafYCqxk Honest Trailers: Jupiter Ascending
SmBg86ti0gM Oscars 2014 Review: Academy Award Awards
SnsE3fkMLok Is The Force Awakens The Best Star Wars Movie? - MOVIE FIGHTS
Sq7pxsJvSE4 2020 OSCARS MOVIE FIGHTS
SqZmpPBsrRE American Dad Cast - Scott Grimes, Wendy Schaal, Rachel MacFarlane LIVE @ SD Comic-Con 2016!
Ss76lmjC4ao Kevin Smith & Max Landis - ALL-STAR MOVIE FIGHT!! (Live from SD Comic-con 2016!)
SsDd_BVZqxQ Honest Trailers - Magic Mike
SuRiUW_7t8g MOVIE FIGHTS March Mania 2017!!!
SxLqEggjyo8 Honest Trailers | Zack Snyder's Justice League
SxTOcTx1oSU Honest Trailers Commentary - Ant-Man and The Wasp
Szy4MxdJw_o Honest Trailers | The Suicide Squad
T1GOjBNogzk The BEST Fast and Furious Character Is...???
T6-oAzYu1dk Honest Trailers Commentary | Shazam
T658KkK5nmo Honest Trailers Commentary - Every Tim Burton Movie
TDBK0tLWCNg Best Pixar Movie Bracket!
TDaeZE0cBls Avengers: Age of Ultron - Overhyped? - MOVIE FIGHTS!
THEVg_U7XB8 Jessica Jones & MCU Team Up?! - MOVIE FIGHTS!
TILF7noJRNo Honest Trailers Commentary | Venom: Let There Be Carnage
TJqSq7350ZQ Who Should Join The Justice League? - MOVIE FIGHTS!
TLkxPcrJUoQ ScreenJunkies 2015 Oscar Nominations: Our Academy Awards Picks
TOeloEkQw6I Honest Trailers - Doctor Who (Classic)
TQBir1LHRRA Honest Trailers Commentary | The Oscars (2020)
TZ6bXKsSZ44 The Incredibles' Frozone vs Frozen's Elsa | Power Levels
TZdvm_IyOZY PLZ Explain Warcraft
TaIALtWIoFo Honest Trailers Commentary - A Star is Born
TdQp85nN4to Honest Trailers - The Secret Life of Pets
Ti1Ds6sbfwg Honest Trailer Commentaries - Star Trek: The Next Generation
Tma-1--ODHw Honest Trailers - Unbreakable
Tnk5VOwEZxc What Star Wars Character Would Win The Hunger Games? - MOVIE FIGHTS!
TomEfA0Hygk Daredevil Easter Eggs: Punisher, Civil War, & More!!
Tq5M2UcZ9FA Honest Trailers - Independence Day: Resurgence
TsdfFTBXqUc Best Animated Sequel? - MOVIE FIGHTS!
TyQRp_1PjbU Star Wars: The Force Awakens SPOILER Review! (feat. Max Landis)
U-aVkMClvBs Honest Trailers - Aladdin
U55NGD9Jm7M Honest Trailers - Hulk (2003)
U5sb8LBeaQQ The COMPLETE Before Infinity War Recap | CRAM IT! (Avengers edition)
U7d5ZuM3ePU Will X-Men Days of Future Past Suck?
UObmGRuijbY Honest Trailers - Incredibles 2
UOrFeiNyjaQ Honest Trailers Commentary | The Fast & The Furious
UR4PgGrS54U What's The Best Coen Brothers Movie?
UYAnkdhe9KE Honest Trailers - Batman: The Animated Series
U_UY7RuaSTM Oscar Nominations 2014: Snubs & Flubs!
UcbFg__aMvA Honest Trailer Commentaries - The Mummy (2017)
Ugcxj14buK4 Honest Trailers - Pearl Harbor
UiJlxVf2jfg Jewish Elf - Official Trailer
UicYjxhWx_s Honest Trailers - Memento
UmGAqU0sng0 Best Science Fiction Movie Of All Time? MOVIE FIGHTS
UxFq16IG_k0 Honest Trailers - Top Gun
Uz0Vsrx8o4o Exclusive Set Visit to Key & Peele's Keanu!
V2pag_DfRfU Honest Trailers - The Nightmare Before Christmas
V7h01x1oiQs Honest Trailers - Spider-Man: Homecoming
V7nYbTWs4BU Dream Avengers Phase 4 Lineup - MOVIE FIGHTS!!
VAC83P0nu00 Honest Trailers - The Blair Witch Project (1999)
VGbuI6WpZk0 Honest Trailers Commentary | Tangled
VJGYEVFGrDc Honest Trailers - A Wrinkle In Time
VLNE2AmIxrs Every Mission Impossible Before Fallout - CRAM IT
VLTggBNLhiA Honest Trailers | Batman Returns
VMT6tiUM_-I Honest Trailers Commentary | The Boys (Season 1)
VTlA6u2asPQ Guardians vs. Minions! Top 10 Summer Movies 2017!
VXjz_G6FUrg Honest Trailers - Terminator: Genisys
VbZndPjp1Lw What Should Disney Do with Star Wars Now? MOVIE FIGHTS
VfOY1-kgf1M John Cena Has Serious Questions About Transformers
VjiJYGgk7Qk Before They Were Famous #5 - Summer 2015 Edition
VlaQXJCjcpI Honest Trailers Commentary - The Conjuring
VmIzH101Hgk Who Should Play The Joker? - MOVIE FIGHTS!
VmYR5ua-_Qc Honest Trailers Commentary | Donnie Darko
VnuIYbkkU7c Worst Movie of the Alien Franchise?! - MOVIE FIGHTS!!
Vz8oiKetEI4 Deadliest Horror Villain?! - HORROR MOVIE FIGHTS!!
VzzLngXfCcI Honest Trailers - Gravity
W8_T7MMywcs Honest Trailer Commentaries - The Room
WAvSAGPJA6Y Rogue One: Did We Need It!? - DRUNK MOVIE FIGHTS!!
WCsduAXsf98 Can a Dog Use The Force? - Star Wars Serious Questions
WD164gKkBDQ Honest Trailer Commentaries - Stranger Things
WJsCUsZBdyk Mechanics on the Mechanics of Fast & Furious
WK-CPBPoGZU The Future of Movies (Josh Hutcherson and the cast of Hulu's Future Man)
WNMABe3qTp4 Honest Trailers Commentary - The Purge
WQJuGeqdbn4 Honest Trailers - The Dark Knight Rises (Feat. RedLetterMedia)
WYKgStQxixs Lion King Director Reacts to Honest Trailer! - Honest Reactions w/ Rob Minkoff
WlxuSILjRl0 Honest Trailers | The Mandalorian
WsOiE4FYHUo We Mustache Henry Cavill Some Mission: Impossible Questions
WvUXbzxxdo0 Honest Trailers - The Flash (TV)
Ww9ZHVYLpJM Honest Trailers Commentary | Avatar: The Last Airbender
WzOOPQSEOEg The Idiot's Guide to SPOILER ETIQUETTE
X-pVlbhRqZE Horror Movies So Bad They're Scary
X10LGzeueGI Honest Trailers Commentary | Ghost Rider 1 & 2
X3D_7HBPwt0 Best Movie of 2015? - Movie Fights!
XA7tQc_TU_I America, F*** Yeah!: Patriotic Movie Moments!!
XBy-lYxiyyc Honest Trailers - Iron Man
XCVtb1Cgud0 Who Should Play the Punisher? - MOVIE FIGHTS!
XDhyNbR6v1w Honest Trailers | The Falcon and The Winter Soldier
XFAGVVt0HvA Honest Trailers - The Hobbit: The Desolation of Smaug
XKsUrYe1Jns Honest Trailers | Con Air
XN3TbgtHGjs SPIDER-VERSE MOVIE FIGHTS (All Spider-Man Questions)
XQCc8JchYk4 Honest Trailers - Green Lantern
X_aDRkaWssI Superheroes on TV!!
Xct0qtKwnQU Honest Trailers Commentary - Fifty Shades Freed
XkO-Wp8HrB0 Honest Trailers | Tenet
YOupZ8luUwc Batman V. Superman Secrets & Spoiler Review!
YR5dedmfQcI Most Disappointing Movie of Summer 2016! - MOVIE FIGHTS!!
YRvVDDxs3TM Honest Trailers | Sonic the Hedgehog
YSvTkMPB9mI Honest Trailers - Teenage Mutant Ninja Turtles 2: The Secret of the Ooze
YWtQcMHMf58 PLZ Explain Daredevil Season 2
YZFw-Q8T5nI Best TV Shows Turned Movies!
YZMUOgqk-PA Kids' Scariest Movie Monsters
Ye1ir8MQS4w Honest Trailers - Spider-Man: Into the Spider-Verse
YeLcsWB5K_I Justice League vs. Avengers - MOVIE FIGHTS! Live from Comic-Con 2015
YhK7xw0ojqA Honest Trailers Commentary - Halloween (2018)
YijNX8oORic Honest Trailers Commentary | Clueless
YkhFVlaMhj4 Honest Trailers | Waterworld
YphEKSDPwk8 Godzilla vs Stranger Things?! APOCALYPSE MOVIE FIGHTS
YrIqNayLHSs What Should Wolverine's Last Movie Be About? - MOVIE FIGHTS!
Yu8u65ZxlaE Batman V Superman SPOILER FREE Review!
Z3dUQkeVeUk The Best and Worst Prequels of All Time!
Z4SDqrIBlPM Honest Trailer Commentaries - The Emoji Movie
Z68sNckphnk Star Trek Beyond Trailer: Good or Bad? - Movie Fights!
Z72wzFvi89Y How To Fix TRANSFORMERS
Z9cB0TjfIkM Honest Trailers - The Room
ZIqAUQdiFRI Honest Trailers Commentary | Cruella
ZMd9RTsEcwg Dream Ninja Turtles Movie Crossovers - MOVIE FIGHTS!!
ZNfZJuz_1Bk Honest Trailers - The Maze Runner
ZQkf3jHEpqY Iron Man VS Darth Vader - MOVIE FIGHTS!
ZYW0pzjeH7g Honest Trailers | James Bond: No Time To Die
Zb5IH57SorQ Honest Trailers - Frozen
ZbZ1rnJWk3c Where Does Civil War Rank in the MCU? (w/ Kevin Smith!) - MOVIE FIGHTS!!
ZdIB0nHKhV4 Hottest Animated Characters!
Zm9q2ycbSpM What's the BEST Scene in the MCU? | AVENGERS MOVIE FIGHTS
ZvPAqP6mBYk Batman v. Superman Trailer - Awesome or Awful? - MOVIE FIGHTS!!!
ZvT91FX7Hx4 Should Indiana Jones be Rebooted w/ Chris Pratt? - MOVIE FIGHTS!
Zy-A2bYwg2o Captain America: Civil War - Trailer Reactions!
Zy_9K_FGTeo Honest Trailers - Jurassic World: Fallen Kingdom
Zz5vEfa7UvI Honest Trailers - Transformers: Age of Extinction (變形金񒖴 灭绝重生)
_2PdknH3FWo Kingsman 2 Cast Spills Secrets - LIVE in Studio (SDCC 2017)
_4LDlBCkA2g Honest Trailers - Ghostbusters (2016)
_89XhQjKbqc Honest Trailers - Jaws
_ALADmtroew Honest Trailers Commentary | John Wick: Chapter 2 & Chapter 3 - Parabellum
_MKl7XsxH0Q After Justice League: The Future of DC Movies (Spoilers)
_PFkxU2mp-w Honest Trailers Commentary - Star Wars Spinoffs
_TthWp3y4y8 Best Comedy Sequels!
_UIMEBsNCcA Are There More Good X-Men Movies Than Bad? SMASH HIT
_XEGNO6AMu8 Casting Shazam! opposite The Rock plus HUGE SJ NEWS!! - MOVIE FIGHTS
_d70S7hmc14 Honest Trailers Commentary | Halloween Kills
_g1Q3ElKIRw Honest Trailers Commentary | The Shining
_hp_xsUg9ws Honest Trailers - The Hunger Games
_lUiJsnGXh8 Honest Trailers - Jumanji
_ozcY4lW4QI Best Movie of the 80's!! - 80'S MOVIE FIGHTS!!
_pT0aIIXWjc Who Should Be Batman? MOVIE FIGHTS
_qIRtFE6aIc Honest Trailers - Deadpool (Feat. Deadpool)
_ta_SXy6vaA Oscars 2019 Review: Academy Award Awards!
_uw0QliwDBI Honest Trailers Commentary | Spider-Man: Into the Spider-Verse
_voxJ9E12E0 Best Villains of 2018
_xwRxtM4wlE Worst Marvel MCU Villian? - DRUNK MOVIE FIGHTS
_z1ems5fAkM Best Stoner Movie? with Doug Benson! - MOVIE FIGHTS!
_z8DO-O_HVg Star Wars VFX Breakdown - Making The Kessel Run
a1ACsKff_sY Honest Trailers | The Oscars (2020)
a2_Hkn5kGRw Best Joker Performance? | MOVIE FIGHTS
a5v8L_I6N2s Honest Trailers | Lilo & Stitch
a7XNnH0NnF0 Honest Trailers Commentary | Braveheart
a8dEbIsR2to What If Every Robot Was A Dalek? - Supercut
a8yhdePFEvY Honest Trailers - The Predator (2018)
aEJDA-SFqB4 Should Disney Stop After Star Wars: Episode 9? MOVIE FIGHTS (GILBERT vs NAPZOK)
aFf7PaUesTU Finding Dory Spoiler Review!
aJGXsVHkhrk Honest Trailers - The LEGO Movie (feat. Epic Rap Battles of History - Nice Peter & EpicLLOYD)
aLEEkdDH7rg Honest Trailers Commentary | Speed
aQaRRJbVOMI OSCARS 2019 PREVIEW MOVIE FIGHTS
aXO7owEIjXE Improve a Movie By Adding Predator! - MOVIE FIGHTS!!
aXiUsq9Qji4 Watching Fifty Shades of Grey with My Mom!
ad4T7c7T1So Man of Steel 2 Pitches (Feat. Max Landis!)- MOVIE FIGHTS!
ai9GoqrpjtU Honest Trailers Commentary | IT (1990)
an5vV5aw74I Disney Rides That Should Get Their Own Movie (w/ Max Landis)!!! - Millennial Falcon
arQ6vvxn9_Q Are We Weird For Loving Harley Quinn? | Fandom IRL
b1p44MCn7GI Honest Trailers | Dune
b5PGklsD5j8 Honest Trailers - Fantastic Beasts: The Crimes of Grindelwald
b5QyAhr3b5E WTF is Suicide Squad?!
b6cL73POy5A Honest Trailers Commentary - Predator
bBxzGEGB3_U Idiot's Guide to Game of Thrones Season 6
bPXwXq_P6U4 Honest Trailers Commentary - Happy Death Day
bRkTv1Z16jc Honest Trailers | Space Jam: A New Legacy
bSlc7GBolH4 Pitch Indiana Jones 5! - MOVIE FIGHTS!
bTwoWrns-Co Honest Trailers Commentary - Every Christopher Nolan Movie
bVnHisJl7Uc Honest Trailers | WandaVision
bho786mLBNU SJS 1 Year Spectacular! (ft. HISHE, CinemaSins, Nostalgia Critic, and more!)
bjH0HOIdlA0 Most Epic TV Drinking Games! (Breaking Bad, Homeland, Game of Thrones, Girls, Etc.)
blLzFlz1CO8 Honest Trailers Commentary | Every Quentin Tarantino Movie
bsb9ZTmbSKQ Honest Trailers - Star Wars
btfbIru-_nE Honest Trailers | Men in Black: International
bu0m_UdtoaU Serious Questions: Avengers Infinity War
c-85lSmMk5w What If Force Awakens Isn't Good?
c1rDR87-aso Best SNL Sketches of All Time!
c2voGahVuPM Honest Trailers - A Star is Born
c8xB3QqI8BM Best '90s Movies
cArfrBtqyno Chris Pratt & Guardians of the Galaxy Audition for Avengers!
cBBE4zk36Fw Honest Trailers | Arcane
cE6RwwAoK4s Is the \
cI5RYgvPHLU Honest Trailers - The Blade Trilogy
cJY-fSVp_u4 Best Nicolas Cage Performance?! - CAGE MATCH!! - MOVIE FIGHTS!!
cOuj1aCoSnI Honest Trailers Commentary | Street Fighter
cPwQE_gQW78 Independence Day: Resurgence Spoiler Review!
cb89OMBzdfA Honest Trailers Commentary - Jurassic Park 3
ccVzQYl3JTM What Marvel Villain Needs To Return For Infinity War? MOVIE FIGHTS! (GREER vs JANDREAU)
cdiFhv3gsyo Honest Trailers - Suicide Squad
cg7vgiDcHcg Who Should Be the Next Wolverine? - MOVIE FIGHTS!
clEaI8fqcPk Interstellar: Just the Murphs - Supercut
coR8Hf3mj7s Honest Trailers Commentary | Pokémon Detective Pikachu
cvkCv5cCD5Y Honest Trailers - The X-Men Trilogy
d0ECO_Dvi1A Would Heath Ledger's Joker Get the Death Penalty? | Fandom IRL
d1W-LmKxET4 Look At Me! Supercut
d3n0dgyjeFQ Dream Back to the Future Sequel - MOVIE FIGHTS!
d5NCSx5HF8c Honest Trailers - Japanese Spider-Man (Supaidāman)
d61MkuYttDI Honest Trailers - Frozen Fever
d8tmJbaFuYM Honest Trailers - Jurassic World
dDAlGl_8f9U Honest Trailers - The Santa Clause
dDDPNrs4qBQ Honest Trailers Commentary | The Rock
dGxc-5Zz2Tk Honest Trailers Commentary | Reefer Madness & The Big Lebowski
dHw06qFSG98 Honest Trailers | Alita: Battle Angel
dKvcXnbBNSA 2018 Summer Movie Preview - Everything You Need To Know
dMG30Mt0tPU Honest Trailers | Ted Lasso
dMTAxFwvRUk What Is The Best Movie of 1994? - 1994 MOVIE FIGHTS!!
dMUxFSETaCY Honest Trailers | 2020 (feat. Patton Oswalt)
dO7rWlGHaQM What Suicide Squad Means For The DCEU
dOyJqGtP-wU Honest Trailers - Guardians of the Galaxy
dRUCuLUfl8E What's the Best Year in Movies EVER!? - MOVIE FIGHTS
dTzfMxj-q3k Honest Trailers - Bird Box
d_nXMF3ktEo Honest Trailers | How the Grinch Stole Christmas
daXwWFZF5rk How to Fix ROBOCOP
dbgPETJ-J9E Jurassic World TRAILER FIGHT!!
ddSrvv7dU-8 Best Quentin Tarantino Movie - MOVIE FIGHTS!
dnFCfUq2Q5Q Fake Movies in Movies - Supercut
dnfO7Giom6g Honest Trailers Commentary - Bird Box
du1-ScWU-p0 Honest Trailers - Mission: Impossible
duG4XIsebMA The Evolution of James Bond
e3r4FklA4gI Honest Trailers - Iron Man 3
e8stIZt1_q8 Honest Trailers Commentary - Rocky IV
eB1p18YeShg The MCU Ranked (with Avengers: Endgame) | MARVEL REVIEW
eBoSXKaa9w4 Summer 2018 Movie Hits & Misses
eCRcVEzT3p4 Honest Trailers | Cowboy Bebop
eFzKF2ETKd8 Best Animated Disney Villain? MOVIE FIGHTS
eI70kDOLFHM 2019 Oscars Best Moment? MOVIE FIGHTS
eJbGJCathBY Who Should Get Their Own LEGO Movie? - MOVIE FIGHTS!!
eM5dcg-7agM Best Movie Decade Of All Time? - Classic Movie Fights!
eUTtt14G31c Honest Trailers - Avatar
eUxtmELaTss The Idiot's Guide to Breaking Bad (Seasons 1-5)
edJhYd8wSTs Skip the Rewatch: A Guide to Pirates of the Caribbean!
ehfoIVlzmOo Honest Trailers Commentary | Every Streaming Service
eimAxBrt6B0 Honest Trailers Commentary | Raya &The Last Dragon
etpfs1FUlB8 Honest Trailers | Mulan
ev7DCzaiPGM Honest Trailers | Braveheart
evCymu92ZNs Dream Superhero Movie Director - MOVIE FIGHTS!
exAkhKwheYE Cast A Live-Action Minions Movie (w/ Rob Corddry!) - MOVIE FIGHTS!!
exgoaU3Fr5E Honest Trailers | The Witcher
f-NMpvtq1DM 2018 Screenies Awards! - The Best & Worst in Movies & TV
f-gRgdC1y7Q Honest Trailers | The Fast & The Furious
f4W5DUKMBIQ Jurassic World - Fun or Failure? - MOVIE FIGHTS!
f7KaKINEhTg Jenny's D23 Recap! (Incredibles 2, Star Wars Land & More!)
fB1HqpQRjAU Worst Movie Character Design? | MOVIE FIGHTS
fDu0plK5ORs Twas the Night Before Chris-mas (Poem)
fLAyeJgIyrc Pitch the 1980s Guardians of the Galaxy - WEIRD MOVIE FIGHTS!!
fPpTWEIoRZs Honest Trailers - Bright
fQZ6eZCPT0Q Visit Stephen King’s It (2017) In Real Life: Tourism w/ Pennywise
fRwLx2j_Ec8 The Screen Junkies Geek Games!!
fY9UhIxitYM Honest Trailers - The Matrix
fYaWS6s9S_Q Honest Trailers - Armageddon
fZ28gGCa_jI Honest Trailers - Avengers: Infinity War
fdONd-JVpsk The Year In Movies: 2017 Cinema Supercut
ffhPG8_ukDQ Pitch The 1990s Avengers! - WEIRD MOVIE FIGHTS!!
fjNks6EUO6E Honest Trailers | Batman: The Movie (1966)
fkDR3OCAB0o Honest Trailers Commentary | Shang-Chi and The Legend of The Ten Rings
folh9Rboqsw Honest Trailers Commentary | Ghostbusters: Afterlife
fpK7ZeROg-M Despicable Memes: Steve Carell & Kristen Wiig React To Odd Minion Memes
fuCs8xXVsxE Honest Trailers - Captain America (1990)
fupWquPNoTc Honest Trailers - Pacific Rim
g0ULoF8SqcY Celebrity Ghost Hunters!
g0dg7BVLRAU Honest Trailers - Fate of The Furious
g1sqp71MzqU Does The Hobbit Suck? - MOVIE FIGHTS!
g245SnoPE7E Honest Trailers | The Evil Dead Movies
g6cZc05AQEw Bonus WWE Interviews with Seth Rollins, Dolph Ziggler and more!
g7l7n2qukiE Recast the MCU Avengers - Marvel Movie Fights!
gFDtdnBZIU0 Pitch The Next Big Fast & Furious Action Sequence - MOVIE FIGHTS! (Feat. Max Landis)
gFzLMGKtY04 Honest Trailers - Dragonball Evolution (Feat. TeamFourStar)
gHcfWy4BWIk Honest Trailers | Loki
gIfbU_nz2UY Honest Trailers - Warcraft (Feat. MatPat of Game Theory)
gIntDen7fv0 Superman vs. Jesse Eisenberg - Supercut
gOJTaEdYJbI What's the Best Spielberg Movie?
gUgAde2ikwI Thanksgiving Thanks! - 2015
gZyfDajJM4I This Is Your Batman: Ben Affleck Supercut
g_v2O8OYvCo Honest Trailers - The Revenant
gfIlAh15Il8 The Best of Horror! MOVIE FIGHTS HALLOWEEN
giq7KdN4X-Y Honest Trailers - Love Actually
gqbvCuI73n0 What Was the BEST Movie of 1989? | MOVIE FIGHTS
h2U0PgGtzM8 Honest Trailers - X-Men: Apocalypse
h5u1mAMMIms Pitch a Solo Batman Movie (with Kevin Smith!) - MOVIE FIGHTS!!
hR5HuQK5fYY Honest Teaser - Batman v. Superman: Dawn of Justice
hTdFfTnlnUM How To Fix Pirates of the Caribbean - MOVIE FIGHTS!!
hWkS1s0val0 Honest Trailers Commentary | Free Guy
heFafzlJATc Best \
hkwrbTZRJV4 Honest Trailers | Spider-Man: No Way Home
hnNt69PxQ8U Honest Trailers Commentary - Star Wars: The Last Jedi
hnmLeCTS59E Honest Trailers Commentary | The Mandalorian
hoo17zOQPBU The Roast of Harry Potter!
hrNPzhAY1AA Honest Trailers Commentary - Deadpool 2
i1ySnDQY1-E Honest Trailers Commentary | G.I. Joe: Rise of Cobra & Retaliation
iDUSRIMRN1k Ultimate G.I. Joe / Transformers Crossover - MOVIE FIGHTS!!
iEYJXTHnZBw From Jurassic Park to Jurassic World - CRAM IT
iQpxMuIMTSg Honest Trailers - Showgirls
iYnJa-ssCkY Honest Trailers Commentary - Batman: The Animated Series
ibkBTCdm6e4 Honest Trailers - The Hunger Games: Mockingjay, Part 1
ic8nZlFISBg Han Solo vs Indiana Jones - MOVIE FIGHTS! Live from Chicago Comic Con
ifeSkqQ972w Honest Trailers Commentary | It Chapter Two
ihCciBFdbkw Honest Trailers - Big Hero 6
inA4T1bzABA Best Movie Sports Teams
iopcfR1vI5I Honest Trailers - Fifty Shades of Grey (100th Episode!)
iqBqALIov5o Honest Trailers Commentary - The Predator (2018)
irlyF7MskC8 Better Franchise: Mission Impossible or Fast & Furious? - MOVIE FIGHTS!
irzcCkqvV4I LIVE @ SD Comic-Con 2016 - Son Of Zorn Cast Cheryl Hines, Tim Meadows, EP Eric Appel
ixWB-nhzcTg Our Oscar Nominations 2020
iyyP7xOsKTU Honest Trailers Commentary | Batman: The Movie (1966)
j-c1rBaK4TU Who's The Best Harry Potter Character? MOVIE FIGHTS
j3QMGbz81uM Back to the Future: Doc! and Marty! - Supercut
j6_QHcnLhuc Every Movie With The Predator - CRAM IT
j7LH0nQVv9I Most F***ed Up Movie Scenes
j80lfRKGX60 Honest Trailers Commentary - Halloween (1978)
jApIcfIHe1E Honest Trailers | National Treasure
jBZk6NvHKMg Galaxy Quest Documentary | Never Surrender Trailer #2
jFnP4dLUxpk Who Should Marvel's Spider-Man Fight Next? - MOVIE FIGHTS!
jIZytYUfP7o How to Fix MARVEL
jLl7-Ks_dcw Honest Trailers Commentary | Star Wars Visions
jM8z_XXVD1U Star Wars: The Last Jedi! WILD UNNECESSARY SPECULATION! - Millennial Falcon (with Steve Zaragoza)
jN_Sf1bkXLo Honest Trailers Commentary - Doctor Who (Modern)
jOYi84yqJ4s Everything You Need To Know About Westworld (Season 1 Chronologically) - CRAM IT
jSiVi800um0 Honest Trailers Commentary | The Simpsons Movie
jSkVUBvpQIQ How To Fix The Fantastic Four - Movie Fights!
jTBp65NbaZ8 Behind The Scenes of Movie Fights!
jXSYybCVxVM Morgan Freeman Reads The Fox by Ylvis
jYhRN5AF5WM Honest Trailers | Luca
jcYauXYnowM Honest Trailers | Aladdin (2019)
jiOMF6MIJ5E Honest Trailers | Masters of the Universe (1987)
joeU-41peAs Honest Trailers Commentary - The Meg
jvcex-loSJ4 Honest Trailers - Forrest Gump
jvi9GjU4-ro Oscars 2016 Review: Academy Award Awards - Leo Wins, Chris Rock Hosts!
k3knxf582kQ Honest Trailer Commentaries - Memento
k7Jv2oD_sxo Did Defenders Ruin the Netflix MCU? HOT TAKES!!
kCfmNOCY9Wg Honest Trailers Commentary - Bright
kHAB3dojx44 Honest Trailers Commentary | Zombieland
kHpFpEzGc9I The COMPLETE Stranger Things Recap | CRAM IT
kL1aqfnIr2Y Honest Trailers - Harry Potter
kMVWz55OAqo Honest Trailers - The Boss Baby
kWaJCOyORvI Honest Trailers - Blade Runner
kWewQveDX-w Spoiler Alert! - Supercut
kYlTg3HEBcg Honest Trailers | The Oscars (2022)
kaYcEQNqvug Marvel's Civil War vs. DC's Justice League!
keX2PpRzZqw Honest Trailers Commentary | WandaVision
kgU62jbvU7o Honest Trailers Commentary | The Falcon And The Winter Soldier
khY8ncy41ck Who's The Infinity War MVP? MOVIE FIGHTS
kkGFARAz6qs Have We Had Enough Comic Book Movies?!?
kpRxBmEE7-c Top 10 Summer Movies 2013
ks5Cu9uKbF4 Who Should Make the Red Dead Redemption Movie? MOVIE FIGHTS
ku5LEcgpvFM Honest Trailers - The Social Network
kuQDcrkltzA How James Gunn Could Fix Suicide Squad
kwKNuuoKgzc Honest Trailers Commentary | Godzilla vs. Kong
kyhtnuKR_Rw HONEST TRAILERS MOVIE FIGHTS ROUND 2
l-1wldsq8_8 Honest Trailers - Gone Girl
l-eVnMCf0Bg Honest Trailers - 8 Mile
l-rW-Qfbp1U Movie Time Travel DEBUNKED
l16eu4a6LaE Honest Trailers - Superman Returns
l2KSPiTOMR8 Honest Trailers - The Amazing Spider-Man
lFXvdaTcnco Pitch Austin Powers 4 - MOVIE FIGHTS!!
lGRzAAV1yCk What's the Best Superhero TV Show?
lS41XvrBFvU Honest Trailers | Every MCU Honest Trailer
lSFqokNWxAY What Will Be The Best Movie Of 2019? MOVIE FIGHTS
lTZiRG1Hys0 Honest Trailers - Cars & Cars 2
lWgyTW7JHFE Black Widow Goes to Therapy | Fandom IRL
lYO2Bv_9LA8 Honest Trailers - The Bourne Trilogy
lZ9UlGrCYds MOVIE FIGHTS LAST FIGHTER STANDING
lZMzf-SDWP8 Honest Trailers - Interstellar
l_n-Cw_whls Honest Trailers - Deadpool 2 (Feat. Deadpool)
lezpgPPidYY Game of Thrones vs The Hobbit | Dragon Power Levels
limqs2MuH8E Honest Trailers Commentary | Jungle Cruise
ll1HhgZy0Uw PLZ Explain X:Men - Apocalypse
lncyMStTj6I Does The Walking Dead Suck?
lousIaqwIcA Honest Trailers | Pokémon Detective Pikachu
lpOW-h81lQs Honest Trailers Commentary - Jurassic World: Fallen Kingdom
lqnWjflHobM Honest Trailers - Dawn of the Planet of the Apes
ltX3WHGaTDY Honest Trailers - Aquaman
luWszLI09R0 Which Superhero Would You Want To Be? - MOVIE FIGHTS
m0t7IrkG5yg Honest Trailers | Speed
m1J-PsF1I2w Best Movie Sex Scene! (w/ SETH ROGEN) - R-RATED MOVIE FIGHTS!!
m3EkamOomRs An Awkward Anchorman Christmas
m4a96aU1rqI Honest Trailers | Scream (2022) ft Ghostface!!
m5Gt9s6xDB8 Honest Trailers | The Book of Boba Fett
mBLubFSYyAY Pitch a Worse Movie Than The Emoji Movie!! - MOVIE FIGHTS!!
mDS-kzbCO08 Ghostbusters (2016) Trailer Reaction & Breakdown!
mFYYlksNdkk Best Marvel Phase 3 Movie - MOVIE FIGHTS!
mFmkUfrxNS4 Honest Trailers - Teenage Mutant Ninja Turtles: Out of the Shadows
mFvqAVj8P9s Deadpool Red Band Trailer Reaction: Hit or Miss?
mG1a025KbmA Honest Trailers Commentary | Spider-Man: No Way Home
mJyEwzF7mh4 Honest Trailers | Red Notice
mKrlkMnAVJE The Ultimate Christmas Movie - Supercut
mMw97hvxvVg Honest Trailers Commentary | Batman: Mask of the Phantasm
mOOBRBCyzXI 2015 Screenies Awards! - The Best & Worst in Movies & TV
mWZtOzA9dlU Honest Trailers Commentary - Deep Blue Sea
mWyncgcwyoc Honest Trailers - Solo: A Star Wars Story
mkpiXeTCZUE Honest Trailers Commentary | Frozen 2
mn49DiI9Gag The Wolf of Wall Street: Just the 'F' Words - Supercut
mnWgstFkXdI Honest Trailers Commentary | Total Recall
mv-cj6mBkPk Honest Trailers - Gladiator
mz3OFYDmwKo Honest Trailers | Tiger King
mzGnVADfKWk Honest Trailers | Cobra Kai
n-8w4Sv50zE Honest Trailers - Fantastic Four (2005)
n2FL6gwchco Honest Trailers - Ant-Man and The Wasp
n37nuEpbVCQ Honest Trailers | G.I. Joe: Rise of Cobra & Retaliation
n58qukrgdXQ Real World Impact of Avengers Endgame
n8iG646Mhvo Honest Trailers Commentary | Squid Game
nJAFihCZZZc Honest Trailers - Mortal Engines
nLwUrlcXqsY JUSTICE LEAGUE & WONDER WOMAN TRAILER REACTIONS! - Comic-Con 2016
nO1N-Gdsefg What Superhero Movie Performance Deserves an Oscar?  - MOVIE FIGHTS!!
nXX8dR-tNLo What Schwarzenegger Character Would Win in a Battle Royale? - MOVIE FIGHTS!!
n_PNIX0xH3I Hal’s Mom Gets Advice From Melissa McCarthy (w/ Life of the Party cast)
ngnDQEKH8c8 Honest Trailers Commentary | Lilo & Stitch
njlXBc8Q7o4 Honest Trailers - Alien: Covenant
nk9znClAM0E Honest Trailers Commentary - Aquaman
nmrqYcw_xsE Honest Trailers | Avengers: Endgame
nnYPqippKVw Honest Trailers - Twilight 3: Eclipse
nxQyrxwa8hM Honest Trailer Commentaries - mother!
nxr2SV5znwI Honest Trailers - Terminator 2: Judgment Day
nyHgAPTsBJY Does Interstellar Suck? - MOVIE FIGHTS!
nzcOqUXXywo Honest Trailers | Hackers
o-RpxWHokGA THAT'S a Remake??
o40kjpoOY4Q Doug Benson Loves Movies & ScreenJunkies Live @ SD Comic-con 2016!
oBBVx3g_GBU Plz Explain... Deadpool
oC7kvxkz7MM Star Wars: The Force Awakens - Final Trailer Reactions!
oDNWixeX_1I Honest Trailers Commentary | Snake Eyes: G.I. Joe Origins
oDqGAUvWKkU Honest Trailers - Breaking Bad
oIu8okjbbx4 What Franchise Should Wonder Woman Join? - MOVIE FIGHTS!!
oJa4UPZEkU0 Serious Questions: The Walking Dead (feat Chandler Riggs)
oSYZekLljpg Honest Trailers - Batman: The Killing Joke
oUfPnQVpldY Honest Trailers | Total Recall (1990)
o_QBk4VwnIA Honest Trailers - Mortal Kombat
oaoSYqjPY7s Age of Ultron Trailer Debate - MOVIE FIGHTS!
obFnUXknFo8 Honest Trailers Commentary | Jingle All The Way
of-F44HGa2k Honest Trailers | Every Quentin Tarantino Movie
ofcGAAf_QDc Should They Reboot Ghostbusters? - MOVIE FIGHTS!
ogrybh-Qhxk Worst Rom-Com Ever? MOVIE FIGHTS
omC09TjifVw Honest Trailers Commentary | Coming to America
omQNRgzFSFo Honest Trailers | Mortal Kombat (2021)
onUrZWxJYbI Honest Trailers | Romeo + Juliet
oofDaNaUgYo Best & Worst of Fall 2018 Predictions!
opyonJc-ISU The COMPLETE Fast & Furious Recap | CRAM IT
oqDSrMK_Gyg Honest Trailers | Friends
oqmSgcP83mg Honest Trailers - The Hunger Games: Mockingjay Part 2
owAdiQq4cvQ Game of Thrones: Best Season Ever??
p0d2ocAnd0k Honest Trailers - The Conjuring
p9EP4JPuznY HONEST TRAILERS MOVIE FIGHTS ROUND 3
pA1qb1tkKNo Honest Trailers | The Matrix Resurrections
pDMXIb1wd5M Mindblowing Movie Easter Eggs
pEj9r3KDBSI Honest Trailers | X-Men: Dark Phoenix
pFZs9K7m-SM Everything You Need To Know About Westworld (Seasons 1-2) | CRAM IT
pGemfKLV1JA Honest Trailers - Robocop
pHWrsASpk2s How to Fight an Avenger | Fandom IRL
pI3T87CXM04 Honest Trailers - The Oscars (2019)
pI417jeeUNg Kevin Smith vs Elijah Wood! - CELEBRITY MOVIE FIGHTS LIVE!
pItZ51GCPj4 Who Should Play Robin in the Next Batman Movie? - MOVIE FIGHTS!
pJlHBIa_htU Honest Trailers Commentary - The Greatest Showman
pJqoioY0q0Q Which Director Will Be The Next Spielberg? MOVIE FIGHTS
pR0Hi0HashE Best Action Hero Ever? MOVIE FIGHTS
pSryeC-g0Jc Honest Trailers | Wonder Woman 1984
pYT-BU3U0a4 Honest Trailers Commentary - Alien: Covenant
pYaOGMuoGOM Honest Trailers Commentary | Every Sean Connery Bond
pZ3AyBssp8A Honest Trailers | Snow White and the Huntsman
p_ncGxe-zVw Honest Trailer Commentaries - Get Out
paWSduN6CTk Honest Trailers | A Christmas Story
paxgKBUK4wQ Honest Trailers - Star Wars: The Last Jedi
pegJQPIzfs4 Honest Teaser - The Force Awakens
peiIpcGsM3E The COMPLETE Terminator Recap for Dark Fate | Cram It
pgt1VN5VZos Zack Snyder's Aquaman - Awesome or Awful? - MOVIE FIGHTS!
pnWs71j1EBg Honest Trailer Commentaries - Guardians of the Galaxy 2
pqBemyfzDuk Are Original Movies Dead?
prXCYZsmfrQ Best/Worst Movies of 2017? MOVIE FIGHTS (RADFORD vs STARR)
pvJqvA0QU1g Honest Trailers - The Hunger Games: Catching Fire
pxAOMhzUFlI Movie Science: Fantastic Four
pyLK6lT8qpA The Craziest Star Wars Director Picks! MOVIE FIGHTS (MURRELL vs CUSHING)
q-SLXcD5JJg Honest Trailers Commentary | Encanto
q439BsPPAd8 \
q8FndNOrOh0 Honest Trailers | Ghostbusters: Afterlife
q8muLnwzjU0 Honest Trailers Commentary | Loki
q9HN6-1SId4 Who is The Best Pixar Character? - MOVIE FIGHTS!!
qDrShJ_ItNk Honest Trailers - The Divergent Series: Insurgent
qDv2u59mDmY Honest Trailers – Mighty Morphin’ Power Rangers: The Movie
qF0zKbIT2mw Why Does Everyone Hate Ghostbusters?
qHpbKpYGTn8 Is Harley Quinn Crazy? | Fandom IRL
qJFfUH4X2mQ Best Tim Burton Movie? | MOVIE FIGHTS
qK4XFkS1Zpc Honest Trailers Commentary | The NeverEnding Story
qMh5gXn2guY The Idiot's Guide To Game of Thrones (Season 5)
qNQz7azzSzk Worst Terminator Sequel? - MOVIE FIGHTS!
qNw3J52miA0 What Will Be the Best Movie of Summer 2018? MOVIE FIGHTS
qPUZo3dQSEM Honest Trailers - Divergent
qRyFZsNTXlM MOVIE FIGHTS EXTRAVAGANZA!! (50+ All Star Fighters)
qgeRdxy7GhY We Recast Star Wars: A New Hope - Cast Away!
qrE4pXtV0Xs Insane Walking Dead Fan Theories!
qu5x7tYtfqs Henry Cavill Explains The Witcher
qyrp3aR-ytE Honest Trailers | Every Sean Connery Bond
r4xxym2tyEM Honest Trailers - The Hobbit: The Battle of the Five Armies (feat. HISHE)
r9bf8VkCN0M The Force (Star Wars) vs Magic (Harry Potter) | POWER LEVELS
rAA0NGmXeGY Honest Trailers Commentary | Captain Marvel
rFtoNjPs9bA Honest Trailers | Hawkeye
rGNdPEbYy3I Disney's Star Wars Auditions!
rGipOggNbyw Honest Trailers - Teenage Mutant Ninja Turtles: Out of Their Shells (feat. The Nostalgia Critic)
rNxvo8AcpQQ Honest Trailers - The Walking Dead: Seasons 1-3
rOUDX_-qGZs The Idiot's Guide to 24
rUp-a_09mxo MOVIE FIGHTS CHAMPIONSHIP
rXGlYz49nc4 Honest Trailers Commentary - Thor: Ragnarok
rZmgSEYzpaw Dwayne \
rfBAqauWxzs Patton Oswalt Talks DC, Marvel, Star Wars & More!
rh_84ExOdhU Star Wars: The Force Awakens Review! (No Spoilers)
rpN0aupUQpk Honest Trailers Commentary | The Mandalorian S2
rygbTpOokZU Ultimate Game of Thrones Spin-off Movie? - MOVIE FIGHTS!
s-1g_LX4SEQ Honest Trailers Commentary | The Matrix Resurrections
s1ZQnYUsmyc Honest Trailers | The Fifth Element
s32F2Ot_tAs Honest Trailer Commentaries - The Boss Baby
s37gM2fLM4I Honest Trailers - The Walking Dead: Seasons 4-6
s6mMvBeEPT4 Honest Trailers: Titanic
s6zFL6sy7gE Who Will Be The Stand Out Character From Rogue One?
sATnivgGifI Luke Skywalker: Good or Evil? - MOVIE FIGHTS!
sLNvbCVU9Ws Thankful (Hateful) Comments of the Week!
sLiQ3EAz40E Sinbad in Batman?! WEIRD MOVIE FIGHTS!
sSzGHtdpNUs The Best and Worst Batman Moments!
sWbPEeu73Zw PLZ Explain... Dr. Strange
saTFPCuQfvw Honest Trailers - Kong: Skull Island w/ Jordan Vogt-Roberts
sgjDSfbB2ok Honest Trailers - Jurassic Park
sk_VGwFDA2g Honest Trailers | Howard the Duck
skeD2-vUMDs Oscars 2017 Review: Academy Awards Awards – Best Picture Chaos, Moonlight Upsets La La Land!
spmaP8g-fDY Honest Trailers Commentary | Waterworld
svGtjopXLu0 Darth Jar Jar?! Insane Fan Theories!
t6E1RWEfDsI Suicide Squad Spoiler Review!
t9-pTStLGGo Honest Trailers - Rogue One: A Star Wars Story
tBEei-Y2Ao8 Professor X is a Wimp - Supercut
tBbWFx3mvOI Vin Treesel: Auditions Before He Was Groot - Supercut
tBnotI3Qxv4 My Mom Interviews Ice Cube and Kevin Hart!
tHGC4qVCW30 Honest Trailers | The Old Guard
tHtDpDuaiv4 Are You Kidding Me?! - Supercut
tJAZ35-EO1s Honest Trailers | Spider-Man: Far From Home
tL7-jISeoWY Biggest Movies of 2017! (Everything You Need to Know)
tMJL9Uq_drg This is the Best Batman to Take Down Joker! | Power Levels
tNTF9V4VCZg The Ultimate Star Wars Spinoff! MOVIE FIGHTS
tSr5SRfK1XA Which Marvel Hero Deserves a Streaming Show? MOVIE FIGHTS
tWDK9rK-f1Q Honest Trailers - Baby Driver
tXvFXpbOVHE Honest Trailers - Robin Hood (2018)
tY8a1fxMyyE Who is the Greatest Director of The 1970s?! - CLASSIC FIGHTS!!
tb1btj4PuFA Honest Trailers - Deep Blue Sea
tchiKLRKZLo Unboxing Star Wars 1997 Interactive VHS Game w/ Footage! - Millennial Falcon
temAt9jTjnE Meet the Avengers! (Marvel Feature Destinations)
tgEv22m2gnA How to Fix MAN OF STEEL 2
tmmNeNLpVCA Honest Trailers - Tomb Raider / Pacific Rim: Uprising
tpHKA36qBdE Honest Trailers | Free Guy
trWLY6NrS2Q Honest Trailers - Every Wes Anderson Movie
tsY9W_8Lj9Y How Much is a REAL Star Trek Phaser?
twCs_FPhirw Best Performance in Any X-Men Movie? | MOVIE FIGHTS
u4Qbuhw6EnM What Wins: The Force vs The Hulk - MOVIE FIGHTS! Live from Comic-Con 2017
u5iQyVg7TVc ScreenJunkies Plus - Announcement Trailer
u843KNE-exo Honest Trailers - The Dark Knight
u8MeW2r_qq0 Best Superhero Movie of 2017?? MOVIE FIGHTS SNEAK PEEK!
u8zBSe2BsZg Honest Trailers Commentary - How to Train Your Dragon
uBYzYji4rmE Honest Trailers - Black Panther
uHXsMUSipPI Honest Trailers Commentary | Invincible
uHnPM1rNwI4 Who Should Play Supergirl? MOVIE FIGHTS
uIrnl1DtykY Honest Trailers | Wild Wild West
uKCF63Ux4x8 Honest Trailers - Iron Man 2
uVOzAXC891M Did Godzilla Suck?! MOVIE FIGHTS!!
uWafq35m4lc Ant-Man Secrets Revealed - Wasp, Dr. Strange & More!
uWbkh1VlJUM Honest Trailers | Tangled
uZIM2WPwwKo Honest Trailers Commentary - Ready Player One
uj_or3kdC_o Honest Trailers - Power Rangers (2017)
ulMgeGS18Ts Honest Trailers | Pokemon: The First Movie
upZAIN0dahU Honest Trailers - The Expendables
upt1wHntDws Screen Junkies 2017 Oscar Nominations: Our Academy Awards Picks
usXVUI5Fw8g Godzilla vs King Kong!!! Movie Monster Showdown!
ut6UYwbt6Xk Honest Trailers - Jumanji: Welcome To The Jungle
uv5mYQnSnDw Ghost in the Shell – Will It Work? - MOVIE FIGHTS!!
uv9TRJlZWNQ A Lawyer Defends Joaquin Phoenix’s Joker For Real
uvr1xiEaICU Honest Trailers - The Lost World: Jurassic Park
uwNMgmIYABU Best Movie Character Prom Date? - Movie Fights!
uwodlwn5tFY Honest Trailers Commentary - Doctor Who (Classic)
uxu7GxP3AiQ Honest Trailer Commentaries - Face/Off
uzVo_6B1hRI Best & Worst of 2015 (So Far)
vAftc4fwl3c Honest Trailers | It Chapter Two
vFQ8hsZsDkA Honest Trailers - Star Wars Spinoffs (Holiday Special & More!)
vNw3yD3vuQY The Cast of Orphan Black LIVE @ SD Comic-Con 2016
vSQckEErMwE Best Movie Fight! - Movie Fights 1 Year Epic Battle!
vWXjOCFAQX8 Tips 2 Not Get TAKEN 2
vXNiM2lDvSE Captain America vs. Iron Man - MOVIE FIGHTS!
vXVs9PJhfHU The Best Movies You've Never Seen: Vol 2
v_SyrpYk-Ik Honest Trailers - Logan (Feat. Deadpool) - 200th Episode!!
v_bcnVS4AVw Too Many Reasons Why Disney Fired Star Wars: Episode 9 Director Colin Trevorrow - MILLENNIAL FALCON
v_mlHABsnBw What is the Most Badass Movie Scene Of All Time? MOVIE FIGHTS (JTE VS JAY)
vf08NXm4wyI BLIND MOVIE FIGHTS What 2018 Movie Will Win Best Picture?
vmN2sWupYpM Honest Trailers | A Goofy Movie
vo82kRT0uvU Best Summer Blockbuster Ever!
vqa0SMP0Bzo Honest Trailers Commentary | Luca
vs3sVrm_W4o Honest Trailers - Star Wars: The Force Awakens
vtzSP8VjkcE Honest Trailers - Godzilla (1998)
vuZHZIQjL1M Best & Worst Video Game Movies
vwqWao8xvig Honest Trailers - Mission: Impossible - Fallout
w2AlamArRYg The Best Movie Toys EVER!
wDEWKx0PtUg Honest Trailers - John Wick
wEtOqCyKBtI Suicide Squad: Rotten or Fresh? - MOVIE FIGHTS!!
wIEFNByU-MI Every Michael Myers Halloween Movie CRAM IT
wJ3ujtJxVDE Con Man's Nathan Fillion & Alan Tudyk, Michael Rooker & The Unlocked Cast LIVE @SD Comic-Con 2016
wRFZ9xBQ6os Danny McBride & Jody Hill -  Cast of HBO Comedy Vice Principals LIVE @ SD Comic-Con 2016
wUl-7OqBrtg Honest Trailers - Gotti
wVkwxjXb7CA Wes Anderson: Horror Director?! - MOVIE FIGHTS!
wW3t1m4HrU4 Most Embarrassing TMNT Moments
wW6ncUY-8ZA Star Wars Spinoffs - Good Idea or Bad Idea? - MOVIE FIGHTS!
wWW6lYETVDQ The Idiot's Guide to Game of Thrones (Season 3)
wZ7SkXH1ZfE Honest Trailers Commentary - Elf
wZ88SIbkCus WWE Superfan Does Worst WWE Interviews Ever! (Feat Daniel Bryan, Paige, Xavier Woods and more!)
wb6mcEdcjXA Honest Trailers | Shang-Chi and the Legend of The Ten Rings
weMMywZyrwQ Man of Steel: The Animated Series
whPDaFWCYv8 2018 Fall Movie Preview - Everything You Need To Know
wkFEyZL9f_M Honest Trailers - Fantastic Four (2015)
wmCnXGaPAL8 Captain America: Civil War Final Trailer Breakdown - Spider-Man Revealed!
wmjIHhUaXss Honest Trailer Commentaries - Jumanji
wwu8XNTGX5o Honest Trailers - Beauty and the Beast (1991)
wy1153sBEfA Our Robocop Remake
x-GQbjzrKrU HONEST REACTIONS: Ant-Man and the Wasp Director Reacts to Honest Trailers
x-Wb5UHKa4g Honest Trailers Commentary | Eternals
x3fO9kEBqoI What to Re-Watch Prior to The Defenders
xC5yWVe6XZw What is the Best Harry Potter Movie? - HARRY POTTER FIGHTS!
xG_a7wELSmU Black Panther - Review!
xIj3phAYdkc Honest Trailers | The New Mutants
xJLXkxfexrE Honest Trailers - Entourage (TV)
xKRez2PiyzY Honest Trailers Commentary - Hook
xKXr3BZ0EFg Get Down! - Supercut
xPJKtUbkZrA Cast A Famous Animal As James Bond! MOVIE FIGHTS w/ NICK MUNDY
xPKFR489W_A Comic-Con 2019 Roundup! Cosplay, Fan Theories & More!
xPbGrImlTZo Honest Trailers Commentary | Wonder Woman 1984
xXYHPsTXzP8 Honest Trailers | 500 Days of Summer
xZGCpN7vQws Should Avengers 4 Even Have a Trailer? MOVIE FIGHTS
xaikGc3mTQI Honest Trailers Commentary | Dune (2021)
xciv0j3S73s Honest Trailers Commentary | Ted Lasso
xdphodsonKE Honest Trailers Commentary | Men In Black: International
xt6uagFjJsU Honest Trailers - Agents of S.H.I.E.L.D.
xugHzZoSUIk Honest Trailers Commentary | Iron Fist
xyTxgLNbzNQ Stars That Didn't Get The Part!
y-CviMKOlmc Biggest Movies of 2015! (Everything You Need to Know)
y2mi74MLHg4 Honest Trailers - X-Men: Days of Future Past
y2truxhcBko Honest Trailers - Inside Out
y4xHLcZ2EHc Honest Trailers | The Kissing Booth
y5ISvHxTjYc Honest Trailers - Maleficent
y5xRnQGk-Xg Honest Trailers - Jurassic Park 3
y6Q1QKce0NA Before They Were Famous #8: Marvel Cinematic Universe
y7swYiJigr0 Honest Trailers Commentary - Incredibles 2
y86wbFdQLcQ Talking The Walking Dead w/ Greg Nicotero LIVE @ SD Comic-Con 2016
yAW6BkoBWCk Honest Trailers Commentary | Howard the Duck
yJKnnThTfNY Honest Trailers - Space Jam
yWhuLnPaMqo Honest Trailers Commentary - Unbreakable
yXxAx8hZSZY Kingsman Secret Agent Training - Screen Junkies in London!
ya-QhPeH3mg Honest Trailers Commentary | The Old Guard
yduSuwU-MhI What Is The Best Movie Of 2016 (So Far)? - MOVIE FIGHTS!
ygVSBPXXsv0 Best Movies of 2018 (So Far)
ygWvAqvTrVI Dream Sequels: Max Landis' Man of Steel 2
ygmjKeAiHIw Plz Explain Ant-Man Trailer
yiZjaBIGnlI Fake Ads in Movies - Supercut
yjJf-CNUYVs Which Disney Character Needs a Spin-Off? - MOVIE FIGHTS!
yp5oxYDAFfg Honest Trailers - The Jungle Book (2016)
yriTmsxl2ZA Comic-Con Trailer Reactions: Batman v Superman, Suicide Squad & More!
yvo5_Zi-Yxs Honest Trailers - Twilight 4: Breaking Dawn
yxHevzdAc8E Honest Trailers Commentary - Solo: A Star Wars Story
yxohMmHFRUU Which Franchise Would Be Most Improved By Adding Pennywise? - MOVIE FIGHTS DEBUT DEATH MATCH!!
z-B7Ncb8ckQ Honest Trailers | The Rock
z2bws_gETGg Pitch a Deadpool Sequel (w/ Kevin Smith!) - MOVIE FIGHTS!
zBOk_gJx3eo Honest Trailer Commentaries - The Oscars (2018)
zCcS8wrNZos Honest Trailers - Venom
zF54DoCO_Mo Honest Trailers Commentary - A Quiet Place
zFQvTATZB5g X- Men Apocalypse SPOILER REVIEW!
zMNWmsJOfFU Honest Trailers Commentary | Zack Snyder's Justice League
zQJhbD4kCHo Will Jurassic World Suck? - MOVIE FIGHTS!
zReaGgLDySs Honest Trailers Commentary - Mary Poppins (1964)
zSjWiE72UL4 New Justice League Details - What Do They Mean?
z_p3OEpeviM Honest Trailers - Guardians of the Galaxy 2
zaKwsLcGXxc Honest Trailers Commentary | Indiana Jones Trilogy
zajF2_81ixE Oscars 2018 Review: Academy Award Awards
zc9KcRSxVqY Honest Trailers - Point Break (1991)
zcFOthNlCtg Honest Trailers - Grown Ups
zcNWeWxgw5M The Best Movies You've Never Seen Vol 3
zg-6eQl6OO4 Honest Trailer Commentaries - Wonder Woman
zgJtA4hR-4k Hollywood! STOP The Movie Remakes!! UNLESS...
zgLtEob6X-Q Honest Trailers - The Mummy (2017)
zic6bX5aIZU 2013 Bloopers & Outtakes
zl4g0nsnP1c John Boyega and PUPPIES! Pacific Rim Uprising
znHh6mTJj3M New Year's Eve - Supercut
zqYIDFK519k Honest Trailers Commentary | Mean Girls
ztTG4P44164 Honest Trailers - Thor
ztjjMqDxS4E Batman v Superman Ultimate Cut - Easter Eggs and Secrets
zxyHs1_ezGo What is the WORST M. Night Shyamalan movie? MOVIE FIGHTS
zzBQSrGnqXA Could Captain America: Civil War Suck?? - MOVIE FIGHTS!
