-4xqKwTcq5A A Talk On Helping-Monika/Patrick Cady Foundation
-9CjK1ZRqxA Recovering Crack Addict-Norman (March 2021 update)
-AtACj3eYeY Crack Addict interview-Ricky
-EYp59RmTp0 Conversation With a Prostitute-Trina (follow up)
-IJpNkiczo4 Trick interview-George
-Pds7aZGLLI Spice Addict-Andrea (summer 2020)
-VbsfLKgZaw Exotic AKA Asriah (follow up)
-Z6FQXZcgKY Ketamine User interview-Saturn
-d_YPd_vPIA Crack Addict-Gabby
-eHogJgvlMQ Sex Offender interview-Ian
-eg5LvAwZlM Heroin Addict interview-Ryley
-mBPEpWSp9Y Stripper interview-Diamond
-vogycooR0g Heroin Addict-Darnell
006FyoNQIPI Conversation With a Pimp-Sharp
03nveZ1_1dk Crystal Meth Addict interview-James
05rjgeY6wSU Transgender Woman interview-Balea
06cXaDwvAfQ Crack Addict interview-Georgetta
08WIBFQKwQ0 Spice Addict-Andrea
0JeXPw3ZcPg Prostitute interview-Lil' Mama (update July, 2021)
0LBHFLh68BY Gang Member interview-Alex
0Q1Nt0RYeE0 Meeting God On Skid Row-Ruby
0WL1Jsd9XqI Appalachian Woman-Shannon
0llZm4jwWR0 Sex Offender interview-Ed
0lrsX9dxkk4 Fentanyl Addict interview-Carlos
0s1p6HA6tgQ A Talk on Honesty, Family and Friends-Philip
0uaI9tNpdwo Alcoholic and Fentanyl Addict interview-Angel
0z_oHKkSnwk Miss Mara
12uP2umUqfw Appalachian Man interview-Rice
13CBmUrTk1c Fentanyl Addict interview-Damian
15B0se78gd8 Crystal Meth Addict interview-Andre
18tpGe0QKEk Gypsy interview-Bobby
1E9l5i6ZzLc “There Was This Guy...”-Louis
1EQr-CHfkGo Heroin Addict interview-Jennell
1M3r5m8lE1A Brothel Worker interview-Susie
1NiNG2WZ288 Pimp interview-Bishop Don Magic Juan (2020)
1f79fpB3hnI Repeat (April, 2021)
1g2NCWivcYo Homeless Woman interview-Angel
1k_pUnSIFJ8 Alcoholic interview-Timothy (follow up)
1lKxLYuDEjY Compulsive Pot Smoker interview-Charles
1qiSLNlkX08 A Night in the Life (of a Prostitute)-Royalty (PROMO CLIP)
1rmOx8ckDGs Drug Dealer interview-Ben
1rzBLRp9b34 Pimp and Prostitute interview-Master J and Lil’ Mama
1s_hOQeq6sQ Max Dream
1uCyblaFL3A Ex Prostitute interview-Jazzy
2-xl5KTlHiw Johnny-Family Stories
21z3JfId60c Rebecca (May 2020 update)
23VaDoaF_BY Amanda (May/June 2020)
23qqwPhb5ww Homeless Man interview-Clive (reposted)
24KF4Us-yas Appalachian Woman interview-Sue
24RlHuBRss0 Alcoholic interview-Melvina
28Rbii20e2M Clive (follow up)
2CVXTwy2SvI Prostitute interview-Corrine
2DFQYbNKAyY Crack Addict-Melissa
2DfGSeylQ5o Shooting Victim-Jerry 2020 (Part 1)
2FXife-z2gE Questions for a Sex Addict-Philip
2FjCZfvjKXo Crystal Meth Addict interview-Dani
2GDekxFOSQQ Rebecca (January, 2021 update)
2GZKHZc4M2I Pimp Story-Reilly
2MP9_yYjigM Transgender Woman-J
2RcnYN_UxVo Heroin Addict interview-Cynthia
2UYilyBbEY4 Transgender Woman-J
2VowRc_Nx2k Heroin Addict interview-Alex
2W9i3nrvuqc Heroin and Crystal Meth Addict interview-Dawn
2X9lYwW_gbg Homeless Woman interview-Royalty
2Z_Tlrjdyj8 Pimp interview-Louis
2_gQZzmm7Pc Transgender Prostitute interview-Mariah
2hdHbYSBxAw Homeless Man interview-Marty
2qJVFn_PPsc Homeless Woman interview-Ruby (follow up)
2r2Nfel8-sE Ex Spa Worker interview-Tiye
2rlLpopPSuE Appalachian Man interview-James
2wb361_imEo Alcoholic-Adrian
2zQu8omeO1s Crack Addict interview-Norman
344uBKnckgY Drug dealer interview-Michael
36XJ8akXdFM Marisol
3Cdge1V9U9Q Pill Addict interview-Heather
3EKyf01-ZUo Transgender Woman interview-Ruby
3S_bIkU2GQs Trick interview-Monty
3Ti2Z5xPtDU Prostitute interview-Dymond (follow up)
3ZtkMmVDNEo Black Hat Hacker-Gummo (follow up)
3cyn9C-cCas Fentanyl Addict interview-Jimmy
3j7juCPg92s Fentanyl Addicted Prostitute-Jayme
3pzuqYlyfh0 Prostitute interview-Queen
3vGZ1AQEptg Homeless Man-Ray
4-xG-Zopn6w Skid Row Resident interview-Wendell
41eSn__ZfUk Fentanyl Addict interview-Gregory
42wn3DWgc60 Cam Model interview-Charlotte
4ErVQmOK_yE Porn Actress interview-Raven
4NLcmLew5SQ Homeless Man interview-DC
4NR8Xq3Txq4 Appalachian Woman interview-Ashlyn
4OZDCSfb2SY Heroin Addict interview-Whisper
4Pb1F_XD2yc Wrongfully Convicted Man-Leslie Vass
4UwiOC7WRr0 Prostitute interview-Ann (follow up)
4WMv_35oPrg Homeless Woman interview-Sharon aka \
4dAzMH0ShL8 Sex Offender interview-Patrick
4fHSMp4wwPY Psycho-March, 2022
4hQlQ_uYSbo Xanax Addict interview-Scarlett
4hmieUDTOwk Pimp interview-Bruce
4mGjyOUap6Q Reflections of a Gangster 7-Spooky
4nSt-E5c00o Crystal Meth Addict-Lin (seven week update)
4whoJFInlns Nihilist interview-J
5-U2q0mOB9c Pimp interview-Chosen
50wjUlOXWDI Street Performer interview-Marquette
528eT64iUeM Heroin Addict-Caroline (update fall 2020)
597xMzkrLsI Crystal Meth Addict interview-Stephen
5M-_2opDzH0 Pimp interview-Sharp
5M2-fEoBCfI Drug Addicted Couple-Melinda and Lanyis
5Sv-p3nStfQ Skid Row Stories-Part 1-Cigarette Man
5Tx4sKCHs8s David sa (follow up)
5WtQeej59JM Ex Prostitute-Beautiful (update)
5fmasrNpfc4 Heroin Addict interview-Kristen
5hhiz1XJ5kw Alcoholic interview-Arnie
5vglOG-XBpY Body Transformist interview-Tiamat
5zyroDmCnW8 Crack Addict interview-Tanya
65AJoLukt8k Transgender Prostitute-Mariah
68RVQaAHOwQ Fentanyl Addict interview-Philip
6Bn_LgJwkVI Prostitute interview-Menage
6HrkPcY9Teg Royalty 4c
6JO6aA0NRJ0 College Student interview-Wiaam
6MqaGJ6lzpQ Crystal Meth and Heroin Addict interview-Rocko
6RxaoEaDETQ Amber AKA April (May, 2021 update)
6aKGmRpLZko Prostitute interview-Quiera aka \
6iGs-sIDRCw Fentanyl Addict interview-Jenny
6iy_gkjRwnA Pimp interview-Late the Great
6kyTuQRo_nw Psilocybin Mushroom User-Doug
6rzQ86co6hs Crack Addict-Alisha (Part 2)
6t5Y3MymE6U Koncrete interview with SWU/Mark Laita
6vU4WLE4lO8 Crack Addict-Todd (follow up)
6wKNjj2uur4 Alcohol and Crack Addict-Doris
71XdAZ2IbXQ Trick interview-Timothy
77monsjD4eY Crack Addict interview-Jessie
77zJ3G8LtVE Fentanyl and Heroin Addict interview-Miranda
78vvYdzFziY Homeless Man-Levi
7A38ky_Xl0Y Fentanyl Addict interview-Jimmy (follow up)
7CZbONkxjls Crystal Meth Addict-Chelsey
7ECoqQfGahw Pimp interview-G Gov
7Fsr9Je5r4w Drug Addicted Couple-Monique and Kyle
7KOIq-3kXKk Appalachian Man interview-Zach
7OVXQIKRypk Homeless Woman-Tammy
7SqtxRKl5Yw Pregnant Homeless Woman interview-Baby
7WprHpcoTPM Heroin Addict interview-Tori
7Xm8R2z_a7Q Teenage Runaway-Kristina (follow up)
7_aM5LRMWro Ex Crystal Meth Addict interview-Patricia Ann
7kBwGx4hT6I Gang Member interview-Michael
7v-vAFzh1t4 Escort interview-Frenchie
7xdFhH2PNt0 Fentanyl Addict interview-Dakota
804IsefSYLk A Life On Drugs-Billy
86euGIHul3w On Drugs-Johnny
88t-kD-Wz0c Ex Opiate Addict interview-Tim
8Bb1OVZKs9g Heroin Addict interview-John
8KHatTI96-c Gang Member interview-Ckairo
8MSG2Ml8IoU Pimp interview-Black Diamond
8NLTKTHlW5k College Student/Stripper interview-Alexis
8R0al7pZWLA Transformation-Tyrone
8UshKwmQCQs Homeless Man interview-Justin
8VKxwmZWMzw Albino African American Woman-Trevon
8WY1J47-jMg Homeless Man interview-Maurice
8XBBNdR1ruY Gambler interview-Don
8aqf_SyNbXk Alcoholic interview-Latia
8gBTqcdQ2Cw Graffiti Artist-Asher
8iTkrWRV-Rs Crystal Meth Addict interview-Wild Bill
8lkkrGLUrWU Teenage Runaway interview-Maddie (follow up)
8oFwMlkMQGo Pimp interview-Romaine
8t29m6w6kMo Reflections of a Gangster-SB (Part 1)
8wJhZj6JYYk Heroin Addict interview-Mackenzie
92bTuO6TdjA Recovering Crack Addict-Norman (Nov. 27, 2020 update)
96WvgtAUfaw Heroin Addict interview-Crystal
97Em3BwuEHI Heroin Addict interview-Rogan
9AP0CP-YU8U Drifter interview-Deke
9Kg-S2X1Pi4 Homeless Man interview-Darryl
9OY3L-LhAd0 LSD User interview-Steven
9Of2t0LeKp4 Intersex Person interview-Jolie
9P5ImgfQCzE Gang Member interview-Bogart
9VxpxCZLhbs Stripper interview-Orylan
9WHymNyMFrI Homeless Man interview-Jesse
9YbmDj3cAaI Pimp interview-Hop
9b4V8nv2jLI Prostitute interview-Jasmine
9bGjcHWhmFI Shooting Victim interview-Jerry
9cTt1m7xg7w Crack Addict-Melissa (follow up)
9gKE7rYlmzg Homeless Schizophrenic Man interview-Steve (repost)
9tHJUr-kbIk Cam Model-Kristy
9xaY0-lPqjY Heroin Addict interview-Cindy
9zICefTsDKI Recovered Opiate Addict - Travis
9zicM3rIp7w Ex Gang Member interview-Alejandro
A0YSvxlACFA Dominatrix interview-Mistress Diana
A1TBak0j1Pw Fentanyl Addict interview-Michelle
A9OazeMnbxE Teenage Runaway/Prostitute-Chyna (update)
AA_Y9X88dZQ Prostitute interview-Gucci
AAmsizec7Zc Ex Gang Member-Jamal
ABOsyOtI4bU Gang Stories-SB
AD9Ul6pKatc Ex Prostitute interview-Quiera aka \
ANSTTdBirvw Alcoholic interview-Leland
ANpgEnkRKJ0 Figueroa Street/Pimp interview-Pretty Pimpin' Dino
ARhaq8YRPk0 Crack Addict interview-Savannah (follow up)
AU5HSiVY9x8 A Prostitute's Life-Amber
AVocYEyiNhU Ex Crack Dealer interview-Chango
A_ZDy7aH7mU Homeless Transgender Woman-Lindsay
AatcbU6e_b8 A Talk on Racism-Hines (follow up)
AeRC80WRQlY Homeless Woman interview-Lee Ann
Alz0tOOFcJY Frenchie (January, 2022)
Amk8hOOWpGk Fentanyl Addict interview-Jenny
ArfLN_VZr5A Transgender Prostitute-Stephanie (follow up)
ArjLkPyGYTA Stuffing the Pain-Tyrone
AshwWN7ngG0 Crystal Meth Addict interview-Michelle
AwsgYmOp8WI Spice Addict-Andrea (follow up)
B25oJ87zIZA Homeless Woman interview-Monique
BaCvbHzc5qI Trick interview-Frankie
BbCD5D9DCQA Prostitute interview-Amber (july 2020)
Bec99jsOuKQ Former Crack Addict-Justin
Bnpm3a2qoIc Crack and Fentanyl Addict interview-Josh
BuVm-CjH2DM Heroin Addict interview-Jennifer
Bxd9dcJvBFE Ex Drug Dealer interview-JT
Bys43mitgFw Crack Addict-Doreen
BzDVlBwXKPY Homeless Transgender Man-Math
BzDi4AvwIoA Crystal Meth and PCP Addict interview-Loren
BzLcmIc39B8 Alcoholic interview-Louis
C2sATOZpyzs Fentanyl Addicted War Veteran-Holly
C3hDLFXP3Hk Ku Klux Klan Member interview-JD
C42Zj9iU770 Appalachian Woman interview-Shonda
C81AhvRbmuM Drug Addicted Prostitute-Sweet Pea
CGwDrZwq1LE Gang Member interview-Country
CH2qMKUTM3k Reflections of a Gangster 5-Johnny
CM-d7AKYxVg Homeless Woman interview - Cora
CR5unyzNwzI Heroin Addict interview-Christian
CUNjYleaKMs Heroin Addict interview-Ashley
CZdg_bXSL30 Heroin Addict interview-Scott
CaoElP1FO1c Appalachian Man interview-Chris
CmhOx9S6BFU Poly-Drug Addict interview-Stephan
Cq8kWAG3iL4 Drug Addicted Couple-Mike and Tina
CvNIi_HKw_k Transgender Woman interview-Adriana
CwmB5OiuZo8 Transgender Prostitute interview-Angel
CxHMRZSlFUg It Is What It Is-Ivy
CzvbrN9nGWU Crack Addict interview-Edgar
D-63pBs0OlE A Talk On Helping (Part 3)-Monika
D3mMSsYSD2Q Prostitute interview-Precious
D5NQzFNkZAk Fentanyl Addict-Annika
DA-9FNN2khQ Homeless Man interview-Jamie
DKkvD3LBNWk Sex Offender interview-Tony
DOFybthCNaE Died Ten Times-Spooky
DesS74LbYQo Crystal Meth Addict interview-Rosie
DgDBN0CN1ls Crystal Meth Addict-Brandon
DhpvdcyiyN4 Ex Drug Dealer interview-Floyd
Dhwnzcsle0A Reflections of a Gangster 15-Johnny
DiXGR_YqBqc Homeless Couple interview-Patricia and Sam
Dio0Tb_dyd0 Cigarette Man-Philosophy of Life-Part 3
DjU-Q29LG3A Transgender Prostitute-Stephanie
DtPWgDJYH5Y Pimp interview-Late the Great (follow up)
DwK1aNpOKn4 Prostitute-Queen
Dwge7oB71Pg Pimp interview-AP
Dwiww1OlaSs Porn Actress interview-Sidra
DxlnkmcCm_Y Stripper interview-Charm
Dy2E4_EtpDE Poly-Drug Addict interview-John
Dy3bvGfbXdo Mimi
E3FODMwOxrM Cherry p
E660YklRDDY Prostitute interview-Beautiful (follow up)
EGcND9zj15g Lima on Amanda's Recovery
EGsU65GZatQ Prostitute interview-Hennessy
EHKIkUHSScY Crack Addict interview-Patricia
EI0XN01SNY4 Heroin Addicted Transgender Woman-Bethany
EJtAFpdG1xw Alicia and Patience-Update (September, 2021)
ELbl87SzyV8 Skid Row Prostitute Kidnapping Story-Solo
EQ2gQZrsmas Con Man interview-Matthew Cox
EWAhbn6Bauc Nudists/Swingers interview-Hunt and Yvonne
E_yOrljpJ30 Prostitute-Tameka
EbLbC99Y-vE Rebuilding My Life-Eric
EfMEJ5GSaxg Pimp interview - Ron G
Efs2oPO1f1w Crack Addict interview-Georgia
EggulMS9Aaw Crack Addict interview-Keesha
EjUO8lIMVVU Norman (April, 2021 update)
ElEhl5BgCDM Crack Addict interview-Bee
EocALB6YMik Retired Pimps interview-Gino and DC
ErS6f4OVmHg Teaser-p
Et3L8pMniVk Prostitute interview-Tasha
ExOdxH8luok Recovering Fentanyl Addict-Jimmy (July, 2021 update)
EydoveTv044 Heroin Addict interview-Caroline (9 year follow up)
F3-av5MHuQ8 Ex Porn Actress interview-Crissy
F5RcnNcN1OE Heroin Addict interview-Christie (1 year follow up)
F9ti1FsJqMY Pimp interview-Dino
FCFCphDOqZY Rita Update (August, 2021)
FD4kkPbHFx4 Heroin Addicted Gang Member-Adrian
FHpvxXjO4Fc Prostitute interview-Juicy Fruit
FJ40fSRpvhA Sex Offender interview-Mike
FRPvA8idp80 Gang Member interview-Smiley Ru
FYE2bpQkbFg Prostitute interview-Amber
FeS7Aoznmuo Thief interview-Austin
FgGW-ivQ8z4 Heroin Addict-Ronnie
Fk1boRdyMjw Homeless Transgender Woman interview-Chelsea
FmO2pps1bmM My Struggle With Anxiety and Depression - Giana
Fpce97x0wzo Trick interview-Reggie (follow up)
Fu6UqgeRL40 Nudist/Swinger/Cam Model-Sasha
Fx5ZqjkVgxc Stripper interview-Eden Gold
Fz4jlReYXzE Crack Addict interview-Norman (Oct. 31 update)
G8L-XN7gSak A Million Dollars In Crack-Louis
GA3nTrbPgVU Transgender Woman interview-Jennifer
GBk3v0or3jo Recovering Heroin Addict-Matthew (update-August, 2021)
GHkL6iQFjwg Fentanyl Addicted Couple interview-Matt and Megan
GJSCQG5waUk Transgender Woman interview-Kasey
GQ1wWlN-0Ko Fentanyl Addict interview-Zach
GRoP_JwCi2I Teenage Prostitute interview-Momo
GTiFEvD7g0E Gigolo interview-Nick Hawk
GW5PSU5ap5c A Life On Drugs-John
GdqWjVT6bfk Prostitute interview-Sasha
Gf45csChhZo Transgender Prostitute interview-Rebecca
GhwT_9lHz9M Homeless Woman-Rita (follow up)
Gir-x3toi1k Ex Con interview-Solo
Gl4sV4aXgKQ Corrupt NYPD Cop interview - Mike Dowd
Gm6A4rSRnLY Fentanyl Addict interview-Terry
GnHs0_iNUMI Thirty Trips To Rehab-Eric
GpqzbZ4WTps Transgender Prostitute interview-Isela
GqlfOenKYW4 Homeless Woman interview-Vicky
GssatwDnAkg Alcoholic interview- Yolanda
GyKH3EzSSZw Clean Up Man Story-Louis
H1vAk-XZesI Homeless Transgender Woman interview-Ruth or Esther
H4hpimzG5x0 Crystal Meth Addict-Ishii
HJv03cGb48w Reflections of a Gangster 6-Johnny
HMwKIVhbX8o Terrified of My Own Father-Louis
HNtvYU1VSNs Gang Member interview-Junior
HRzhNcOUyhk The Black Sheep of the Family-Jeannine
HSWApU2vmRk A Life On Drugs-Chris
HUgcxcYuqpo Anna Maria
H_bckweZrok Opiate Addict interview-Shana
Hc5cPHj6HEA Drug Addicted Appalachian Couple-Lurch and Amber
HlcXSl3J7rw Schizophrenic Man interview-Chris
HmaVNBNpT4o Ex Gang Member-Flat Top
HoxowGBfCtQ Porn Actress interview-Zoe
HuRwznkg0HM Crack Addicted Prostitute-Amber (January 2021)
I-e85B6jAuU Lady Midnight
I-lmyozZHrg Escort interview-China Doll
I1t5bSu3Avs Nineteen Trips To Prison-Eric
IC4mY-SY7rQ Moonshiner interview-Beaver Bailey
ILzJRIb0N7A Homeless Prostitute interview-Mimi
IOeKwaYLMMk Alcoholic interview-Patricia
ISv1fDImxWg Gang Member interview-SB
IYQD70_hXxI Crack Addicted Prostitute-Snow White (follow up)
IdkGWSAzfAg Stripper-Hillary
IeY8amQB7pU Trick interview-Reggie
Im4xasXEbb0 Heroin and Crack Addict interview-Whisper (2021)
InUQWTrY7jo Pimp interview-Sabrina
IocFRqO9jVs Homeless Woman interview-Miena
IsrFaQhV3BE Pimp interview-Luciano
ItUUmukrKM0 Prostitute interview-Exotic
IxYQb6XeEKQ Gang Member interview-LD
J3YeJbmfPls Crack Addict interview-Patrick (follow up)
J6N9Esq3hK0 Fentanyl Addict interview-Josh (follow up)
JB8EqJTU3XY Prostitute interview-Hot Topic
JBGa8nHblBA Sex Offender interview-Tracy
JEWO2iWGmX4 Prostitute interview-Kelly (poor audio version)
JEz8IXWOdi8 Appalachian Woman interview-Ruby
JGNItBkI_Io A Life On Drugs-Mark (Part 1)
JQ4PR-xybCA Heroin Addicted Prostitute-Ariel
JSXLcDDW8Q4 Gang Member-George AKA “Lil Jungle Boy”
JWa1y0yu_uk Gang Member interview-Shanerrick
JZUz_S8EGxE Pentecostal Pastor-Chris Wolford
Jdy9l4nk764 Amanda (May, 2021)
Jmkl_HLuaqg Heroin and Crack Addict-Megan
JvgIk0--VIk Porn Actor interview-Jack
JxZX88qo81w Ex Gang Member interview-Smooth
K351viNVATg Prostitute interview-Antionette
K9GdZuOK_P0 Sex Offender interview-Frankie
KBkwVVpuM3k Recovering Crack Addict-Patrick (March 2021 update)
KCU9LRgoZ3k Stephanie (January, 2021 update)
KEMYzgEzaco Stripper interview-Meokie
KFYC2nIvyC8 Heroin Addict interview-Paper Doll
KKvo7htbbH4 Crack and Heroin Addict-Heather
KXX7j6Dhtio Porn Actress interview-Gwen (follow up)
KXrrdhFv0iI Homeless Man-Jim (follow up)
Kb4pDUwdKKs Heroin Addict-Libby
KcUszTLIioA The Heart of Skid Row-Latonya
Ki8QmVmOnLs Homeless Woman interview-Evelyn
Kv_-MM05Vsc Joseph
KwXAKFzwvHs Prostitute interview-Royalty
KwoOI3Xy4Y0 Biker Girl interview-Haley
Ky5crQ92hso Biker interview-Billy
L5TpQzmpoZ8 Appalachian Woman interview-Geraldine
LAEp4t-iDlo Heroin Addict-MacKenzie (follow up)
LAZu1VEZuxw Heroin Addict interview-Tiffany
LBJxL30WhWU The Powerlessness of Addiction-Louis
LD28IA69VY4 Cross Dresser interview-David AKA \
LFpJvnF16j8 Homeless Man interview-Tyrone (follow up)
LHFQoINtrII Rita (May 2020 update)
LL19xfUS1nQ Crystal Meth Addict interview-Juliana AKA 𠇍iamond”
LOvaexC3FLA Appalachian Man interview-Markum Ray
LWoXclXeSkA Transgender Prostitute-Alysin
LX6kgBp2KfQ Heroin Addict interview-Bob
L_N-TB0-K4E Fentanyl Addict interview-Connor
LbHtpCybSEo Car Thief interview-Matt
LgAS3ir5rSk Ex Heroin Addict interview-Ronnie
LozRynpk2Cw Prostitute interview-Trina
Lt6qyhTm25I A Talk On Helping (Part 2)-Monika/Patrick Cady Foundation
Lu5Ozxq-Gpg Prostitute interview-Margaret
Lv32YPqwUMg Fentanyl Addict interview-Royal
LvNGjlAlV7c Heroin Addict interview-Cameron
M2_GxX55DcU Escort interview-Princess (follow up)
M4KpFZML_QY Gang Member-Commodore
MAhhhwQQf7g Amanda Update (September 25, 2020)
MCaueoOZExA Maria
MEOiZMb3AhU Heroin Addict interview-Amber
MF0yEar8Akw Sex Addict interview-Philip
MU5kcLLYKPI Crack Addict interview-Kiki
M_YtyKFC_xE Appalachian Interracial Gay Couple-Randy and Steven (follow up)
Ma-XJc_CqPI Skinhead interview-Donny
MbndAaZjRzg Pimp interview-PNutty da Pimp
MefwUztJmDY Stripper interview-Nubiana
MjsQTx9g578 Ex Gang Member interview-Jose
Ms-CQxEYqzA Trick interview-Chris
N05CaN8YZ8c Porn Actors interview-Marcus and McKenzie
N0ujotp6maU Prostitute interview-Bree
N61FkUrw-VM Heroin Addict-Jennifer (update)
NNhcXFhXwOw Prostitute interview-Tasha G
NPeyMoSWQsI Sex Offender interview-Lee
NV-5v4_JNu0 Functional Heroin Addict-Matthew (follow up)
Ndex3cCAbBM Homeless Woman interview-Lydia
NfnoiQ8GRho Stripper interview-Leona
Nnaz_0R4Ez8 Hoe Hustler (Pimp) interview-New York
NpkMe8tZWis Trick interview-Alex
Ns7aqBeJ7nY Prostitute interview-Treasure
NsjnZg7FY_g Prostitute interview-Bentley
NtQ5zE9YDFo Reflections of a Gangster 2-SB
O19F4W1uVVQ Fentanyl Addict interview-Kay
O3yIFoyIVGs Appalachian Woman interview-Samantha
O7HA-Y6jz10 Incest Survivor interview-Star
OL-8Rj6GUlM Fentanyl Addict-Ryley (follow up)
OT0tfC4NDYM Prostitute interview-Amanda (2)
OdjAothoiJ0 Monika-Patrick Cady Foundation
OjqoJLEgS_Q SWU Subscription Channel
OlSjjAadEqg Conversation With a Trick-Ernesto
OmfHYMYOUFQ Prostitute interview-Breanna
OvF-y8QG7XM The Gym and Recovery-Eric
Oy0Th7b4J_w Prostitute interview-Tiffani
Oz_pGLziQcE Transgender Woman interview-Michelle
PEDGunXfgpA Fentanyl Addict interview-Kim
PIdYkEiwIUE Momo (follow up)
PUZWj6wJIh8 Fentanyl Addict-Tracey
PW5SQSKTMmU Transgender Prostitute-Tiffany
PalmH3fRfHg Peter Santenello Skid Row Promo
Pc1ILXwtN9Q Crystal Meth Addict-Janet
PdTopXI0TTs Prostitute interview-Jean
PhiUlY3g1Bo Heroin Addict-Caroline
PmiyeOKRrEs Alcoholics-Red and Debbie
PnM0SPoJKVA Homeless Man interview-Tyler
PuNjwuCUAIc Diamond
Pv0hlUXoy7k Prostitute interview-Coco
PvuZuwc-Dgg Heroin Addict interview-Crystal
QISSUCPs2fY Luna Moon
QIwUwX0WWVU Ex Drug Dealer interview-Lay Low
QK_M31LKThU Fentanyl Addict interview-Tori (follow up)
QPYO-nydmmE Male Stripper interview-Masin Knox
QWMdc3jn9nM Ex Crack Addict interview-Regina
QaNWGsOF6NA Heroin Addict-Ronnie (4 month update)
Qc9wCG1ErdQ Skid Row Stories (Part 2)-Latonya
QkR5vVdpEew Crack Addict interview-Joy
QskrfTk82B8 Escort interview-Kysch
QtS2IvtJM7k Crack Addict interview-Deanna
R8a3r9POVRA Rock Musician interview-Ivan
R9kQuy90OGM Brothel Owner-Freddy
RCak7iEBl7c Appalachian Man interview-Wren
RFMHqvSQS8Y Fentanyl Addict interview-Brian
RHlJDpYB8po Heroin Addicted Gang Member-Octavio
RJDhyBhgxVg Crack Addict interview-Bridget
RJWWnIWOS_k Escort interview-Meiko
RNiNCua9Dko Appalachian Man interview-Clifford
RVd4BTBwR8k Prostitute interview-Dymond
RcCkY3JWFCg Prostitute interview-Amber (follow up)
RctYHwkK5rA Homeless Woman interview-Baby (update)
RjMxJux_sJE Crack Addict interview-Juan
RjaqpNEoKO8 Alcoholic interview-Stephen
RjwnDF2dRgI Mafia/Mob Boss-Michael Franzese
RoMctnWtmR8 H.I.V. Positive Man interview-Amado
Roxp4GR23Sk Fentanyl Addict interview-John
Rq5C9YBaNdw Fentanyl Addict interview-Trippy
RtBOUK-cRJw Drug Addicted Prostitute-Princess
RtIhVM5VSks Crack Addict interview-Vicki
S1hjIMyRtv4 Gang Member interview-Sharky
S72aEizKuFE Stripper/Porn Actress-Sommer
SAlkRyc3nic Heroin Addicted Prostitute-Emily
SCVQg1H1tXw Pimp interview-Mack Sheldon
SDaznEV5JN0 Fentanyl Addict interview-Samara
SFQI7VIk6kU Fentanyl Addict interview-Tiffany
SL4cQcSAMJk Heroin Addict interview-Bree
SOGlOkm2Lic Crack Addict interview-Diane
SXd1TTz2UG8 My Recovery Journey-Matthew
SbadZrnT9bs Heroin Addict interview-Stephen
SjRSFsKjkYY Prostitute interview-Spicy
SozWG_WAWl0 Crack Addicted Prostitute-Amanda (spring 2020)
Sp8yR8aaF1I Ex Drug Dealer interview-Soul Brother (repost)
SuJ4Rng5BBg Heroin Addict interview-Chase
SuuUvkjY-qI Fentanyl Addicted Gang Member-David
T7pDjSwQTyQ Fentanyl Addicted Couple - Crystal and Jason
T8UZ4_7HKg0 Prostitute interview-Dymond
T8W7Ikmmef0 Spice Addict interview-Kristal
T8fAdLJwabg Homeless Woman-Evelyn (February, 2021)
TFDYJPlt6mU Fentanyl Addict interview-Josh
TG4SYGCpaPY Homeless Woman interview-Florencia (repost)
TJbvmnecVOU Meth Addict/Gang Member/Prostitute interview-Arianna
TTfrD5JjAO0 Drug User-Brad
Taf5g5mk3Hw Pimp interview-Gorilla Joe
Td4FA_vrwKM Prostitute interview-Jasmine (follow up)
Tf7-HTN2HOg Ex Stripper interview-Kitten
Ti0yrx2HkDw Skid Row Resident-Trixie
TmdfSiQI_Xg Ex Prostitute interview-Ivy (June, 2021 update)
Tmh-mOrO70k Preacher's Daughter interview-Elizabeth
Tpf8y1labZA A Talk On Mental Health-Eric
Tr3R_77US1M Ex Prostitute interview-Ke' (follow up)
Tv07H3DNVCk Prostitute interview-Ivy (follow up)
Tvbozlg4VtE Prostitute interview-Faith
TxSOFHe6qgo Prostitute interview-Madison
UBroafT9I2U The Downfall of My Existence-Steve
UC9mKTUZ01Q Recovered Crack Addict interview-Debra
UCjWRhyACFI Gang Member interview-Sergio
UKaokBZeN74 Pregnant Homeless Woman-Baby (follow up)
UcVPIOCpygo Skinhead interview-Psycho (follow up)
UiUZ0w93lh0 Homeless Man interview-Joe
UmZKBRA2X8o Spice Addict interview-Valerie
UpSarX8jsuk Pimp interview-Diamond D
UpiVPJkGZ5k Gambler (High Roller) interview-Archie Karas
Uqwy0dPRVOw Appalachian Man interview-Elmer
Us5E8A_X75k Homeless Man interview-Tabunic
UtquSQ72FK8 Ex Gang Member interview-Gilbert
UvyDmSWZL3U Teenage Prostitute interview-Faith
UxETRXYKb8g Homeless Teenager interview-David
V-Z98n33kNI Cigarette Man-Philosophy of Life-Part 1
V0zTvCLdhDM Prostitute interview-Tanya
V45IvJF06HA Alcoholic interview-Montgomery
V513f-Wvxtw Amanda Update (Oct. 29, 2020)
V60rO4LWGoc Skinhead interview-Psycho
V8a1c4IxPf0 Ex Transgender Woman interview-Brian
VBHkYEVUanM Nudists interview-Teresa and Mike
VBJ0jz50Ivw Pimp interview-Big Memphis
VDD1Vx5klfc Nudist/Swinger interview-Carolyn
VELjSmSpt7w H-Johnny
VH4OLQkWbHI Ex Prostitute-Michelle AKA \
VJa4GQ9XTH4 Heroin and Crystal Meth Addict interview-Crystal
VLQdIg5p5iY Crack Addict interview-Cindy
VOSoB8npGYM Crystal Meth Addict-Chyanne
VTtMIZLwq5M Becky-p
VVrIBtQBGbk Conversation With a Cross Dresser-Rebecca
VanOWgNihqo Poly-Drug Addict-Juliana AKA \
VbJIHJEhS_s Coal Miner interview-McKenzie
Vi5eoAbZldQ Pimp interview-Kenny Red
VqVFBUKa9Cs Cuban Refugee interview-Iris
VwooWH2ltAw Carrie
VyXk-o3cznA Crack Addicted Prostitute interview-Latoya (follow up)
W02HJ8j3vAk Teenage Runaway-Kristina
W0xqf5dG9ms Prostitute interview-Nikki
W2n8vEwIbrg Crystal Meth Addicted Prostitute-Courtney
W5Hm_qWYfrI Fentanyl Addict interview-David
W6OW6vJ7Dnk Alcoholic interview-Brad
W9OnD2RvjFk Retired Professor interview-George
WGLE9WwAhrU Soft White Underbelly T-Shirts
WJnD76PlPKM Gang Member-Arthur
WKGOoWSI17E Stripper interview-Amber
WN6Sb4SrK4c Ku Klux Klan Member interview-Steven
WOIT2sAQ75A Repeat-Life Story
WU-XLrWSWr8 Cigarette Man-Philosophy of Life-Part 2
WXVuoJSZ8l0 Trick interview-Juan
WZsIfjZNQao Religious Trauma Survivor interview-Jill
WaBXcfg825g Poly-Drug Addict interview-Casey
WgWwL2NeMs0 Sex Offender interview-Marshall
Wkglp5ElCDc Fentanyl Addicted Couple interview-Matt and Megan (follow up)
WmzLhiUkhEo Homeless Woman interview-Trixie
WnglgfaetRI Transgender Woman interview-Sammy
WpgDPwo64lo Rapist-James
Wq0spzLifI4 A Talk on Sincerity and Personal Growth-Philip
X0mzS6nqzvQ Crystal Meth Addict interview-Jamie Lynn
X16bVfqD8Is Homeless Teenager-Honey
X48sGCBlTc8 Heroin Addicts interview-Kaitlin and Ozzy
X5M1J3Zah6k Fentanyl Addict interview - Billy
X7bAS7nr9EE Heroin Addict interview-Maggie
X7ycWdu7wHo Homeless Man interview-Benjamin
XLGH9ETep9s Prostitute interview-Ivy (January 2021 update)
XLOaBb8cyYo Alcohol and Benzo Addict interview-James
XSJ3o3EpRlU Prostitute interview-Bonafide (follow up)
XaTSt493_GA Alcoholic interview-Rodney
Xc8_MlmF0rc David sa 1
XigXQoF2eLs A Life On Drugs-Ryan
Xj1CtGvv-DE Skid Row Prostitutes on the strangest requests their johns have made.
Y0Bpv0TTrDM Emily-p (follow up)
Y6sGJLoLTQM Debt Collector interview-Scarface
Y8uyhwd7j4w Mafia/Mob Hit Man-Frank Cullotta
YGazM0u3Mzc Appalachian Man interview-Clarence
YMYJi82sftU Heroin Addict interview-BJ
YOpJ4Xkpk48 Eleven Year Old Skid Row Resident-Patience
YQJIb0tWmJc Corrine
YQNBJg-vNSk Pot Smoking Alcoholic interview-Kandee
YWLgzpTmqh8 Homeless Couple-Roman and Jessie
YXU9GWtlZVI CHS Homeless Solutions-Tony Borges
Y_QTvYTEnSY Homeless War Veteran interview-Hines
YiTI6tMdjBQ Crack Addict interview-Kelly
YkzXF2WlVzY Crystal Meth Addict interview-Chris
YlKmbw2L-Rg Appalachian Man interview-Jerry Lee
YlQeXrENAw8 Transgender Woman interview-Tasha
YnRDh6zi4qc Ex Prostitute interview-Martina
Yr0PEvSjJjU Homeless Man interview-Ronnie
Yrdm-d7eKJk Maria
YxeTSfmGPYw Resentment-Tyrone
YzUPK1_tWQ4 Alcoholic interview-Carolyn
Yzwrpf754yA Pimp interview-Grandmaster Virgil
Z0bXXUPoFk4 Schizophrenic's Ex-Girlfriend interview-Gabrielle
Z13oXX-oVRQ Escort-Oceannea
Z2k4Alkk30s Appalachian Interracial Gay Couple-Randy and Steven
ZGapVkSD6wE My Ankle Monitor-Ty
ZHTeNQA5INA Prostitute interview-Magical
ZHrY2t3tmiQ Prostitute interview-Selena
ZJrtba6FDSA Heroin Addict interview-Katalia
ZJxHOtdJVgk Transgender Prostitute-Cassie
ZLG_BPgxDLs Prostitute interview-Kesha
ZTL_Wyw9awk Crack Addict interview-Wendy
ZVVXFj1TIoA Fentanyl Addict interview--Adrian
ZWC4iv6cW0o Pimp interview-Kenny Red
Z_UY_0a02uI Pimp interview-Slim Diamond
ZbFztZQRz50 Fentanyl Addict interview-Rachel AKA \
ZxS3OcQWhAY Crystal Meth Addict-Lin (3 week update)
_8hnUhnNggw Heroin Addict interview-Asha
_8yHigpdGXs Recovered Crack Addict interview-Tyna
_GsKZMMVyeE Fentanyl Addict interview-Autumn
_LC1DUD6RmE Crack Addict interview-Victoria 2
_PEYyx2RShs Gang Member interview-C Note
_RxUHd4roeo Teenage prostitute interview-Harmonie (May, 2021 update)
_S7mvEPQITo Crack Addict interview-Levi (repost)
_TWUnMnIT4w Growing Up Without a Father-Eric
_V83ckq5jb0 Pimp interview-T
_XuaiWV_W-4 Alcoholic-Louis (Part 2)
_aEXKCmHy7w Hayden-The Dream Center
_hJkvVILGKk Stripper-Rebekkah
_ic7K009UI4 Drug Addicted Mother and Son interview-Kelly and Shane
_lNRRrxF7RM Crack Addict interview-Kathy
_n3Q8ydFDpY Prostitute interview-China
_p4Ln53Kk_Y Ex Gang Member interview-Rigo
_tcV2r4s7SE Crystal Meth Addicted Prostitute-Anastasia
_u5ivA_5zyw Poly-Drug Addict interview-Michael
_wRjHg0FgDU Spice Addict interview-David
a9hcdHwNPcI Fentanyl Addict interview-Scooter
aCLPFg4X9qg Prostitute interview-Rosie
aDBJJWUp4YY Gang Member interview-Sharky (Part 2)
aEbpGkO3w9k Prostitute interview-Vicky
aEs69FgrGBU PCP Addict interview-Kimberly
aFFyAx6qyFQ Heroin and Crack Addict-Marla
aIUHcGurKTI Black Lives Matter-Eric
aM23yPwZzPk Gang Member-Spooky
aMLzOHuf_JU Heroin Addict interview-V
aQ_9aihHCT0 A Message to the Homies-Spooky
aR2_D6ieGWc Pimp interview-Pastor Troy
aSfA8GWx9Ew Sharp (April, 2021)
abRB2bGlKYU Prostitute interview-Faith (follow up)
ackOMHhbCII Crack Addict interview-Victoria
aoykZkbprpg Ingrid-p
b-5V5D1u4Uw Heroin Addict-Heather
b-99_w2kMmY Crack Addict interview-Savannah
b0twUppY6Z4 Aura-Lima Jevremovic
b3KzHU-aLz8 Homeless Woman-Ruby
b6Xhxuf2xuw Summer
bCsHLUs8mZE Crack Addict interview-Candace
bFWh7A7ELYk Heroin and Crystal Meth Addict interview-Samantha
bFlIlPzv_00 Illegal Immigrant interview-Raul
bLW_gr7sQgY Crack Addicted Trick interview-Patrick
bN0g-tVYoQc Transgender Woman-Gwendolyn
bPwhoJ57jFQ Reflections of a Gangster 12-Arthur aka \
bQMpC9yovz0 Homeless Woman interview-Elizabeth
bRserItYTE0 A Talk on Low Self Worth-Eric
bTWv28Zxi8w Gang Member interview-Ice
bTsr-Pt_Na8 Prostitute interview-Sabrina
bX3qvhf3S6E Heroin Addict interview-Brittneyy
bbjnO0xBjxA Fentanyl Addict interview - John
bcjpKRgFoZQ Porn Actress interview-Ziggy
bdCZNAX-Q0E Addicted to the Streets-Amber
bm7s1hR-XHs Heroin Addict interview-Natasha
btlzXgKOfAc Serial Killer Survivor interview-Reilly
buD2Cs4hRHM Heroin and Crack Addict interview-Cassandra
buFRu1m88gk Crack Addict interview-Armonda
bwzISQzmM1c Gangs and the Drug Trade-Johnny
c3UkQDel3j0 Drug Addicted Couple-Jason and Tasha
c6SPVpZ3jA4 Homeless Woman-Evelyn (follow up)
cCzO1G34Zbo Transgender Prostitute interview-Rose
cDW1Itu2JXQ Butterfly
cKKcy21nr7g Fentanyl Addicted Gang Member-Pablo
cX1c8Er-R_Y Crystal Meth Addict interview-Marshall
cYkrXBvUtIw Prostitute interview-Paradise
cahaPj3pAjw Homeless Transgender Woman interview-Rebecca
cfczGu0xnf0 Prostitute interview-Theresa
cgVi9ssOVbQ Reflections of a Gangster 14-Johnny
chyc8a_KKcU Mariah
ciN_iIgDm4A Wayne
cryNE4XBwT0 Pimp interview-Johnny Dollar
cxCsNedsEpU Trick interview-Brian
dGUzYwRum30 Swinger Couple-Mike & Rosie
dHP4Hz987DM Nudist interview-Fritz
dJFZsakdOto Sexual Abuse Victim interview-Bobo
dL3pGut7K3Y Rita (March 2021 update)
dMH2qIoe_yE Heroin Addict interview-Sara
dNzs62LveLs Homeless Woman interview-Lisa
dPPdYWpYd4c Heroin, Crack and Crystal Meth Addict-Ally
dVHTwtH6JP0 Alcoholic interview-Vern
d_oB7rDHI4A Prostitute interview-Amanda
dfqTx_AXM3w NPR interview with Mark Laita/SWU on Watching America
dicMbhc2w04 Sexual Compulsionist interview-James
dkTiPz7SdhI Gang Member interview-Q
dsKsvvAivyY Gang Member Christmas Message-Smiley Ru
dugsFZ6SGrI Baptist Minister-Reverend Alfred LeGarde
dvVw1TETiWs Ex Homeless Woman-Glow (follow up)
dxxxEShMvag Porn Actress interview-Luna
dyk9rRnn3g0 Crystal Meth Addict-Edwina
e1xqrtwVia0 Pimp interview-Bishop Don Magic Juan
e2ODL_1Vbvs Heroin/Fentanyl Addict interview-Kevin (follow up)
e3Ao34bKxSM Ex LSD Dealer interview-Phillip
e4qtEQsUIAQ Crystal Meth Addict interview-Anaya
eAkXVNtlMT8 Crystal Meth and Fentanyl Addict-Ehab
eGXYLnQV_0k Ex Gang Member interview-JJ
eIH7j0TTPUg COVID-19 Lockdown Casualty-Loyalty
eIJxEMSqm-I Reflections of a Gangster 10-Johnny
eIPyVad0THM Appalachian Man interview-Mountain Man
eKjLQkuMj6k Prostitute interview-Devon
eL3CSujvfSY Heroin Addict interview-Steven
eMhcMBeJnYs Trick interview-Bob
eMzcA01K2u8 Fentanyl Addict interview-Garrett
eNAikdDEFEE Recovering Fentanyl Addict-Damian (update)
eNJzvK8AFv4 Crack Addict-Darnetta
ePVhE89F4CY Nudist interview-Michele
eQnUuSBtwb8 Shooting Victim-Jerry (Part 3)
eT5RrTZKbso Reflections of a Gangster 8-Commodore
eURD--blEUg Prostitute interview-Cookie
eVUYJs8aEb0 Gang Member interview-Blue Devil
eWyJu3lkT5c Fentanyl Addict interview-Jacob
ec0lVvF6xDI \
ecFns0SOtQs Crack Addict interview-Kaitlin
eda9IU4XZtw Cross Dresser interview-Steffi
eex2tmTXxcY Prostitute interview-Destiny
ek9mNP_6ihE Prostitute interview-Ke'
ep5g9m69txI Ex Prostitute interview-Princess
euk9UaTj1Eo Heroin Addict interview-Cody
ewxL2jonO68 A Life Of Service To Others (Part 2)-Mark
ezarCHZajNg Crack Addicted Trick-Todd
f5zItfk5TPA Crystal Meth Addict-Gloria
f7rEVUTvykw Crystal Meth Addicted Trick-Jimmy
fBNrfqEKTqw Drug Addict interview-Shiann
fHmIb-yEb6s Crack Addicted Prostitute-Francesca
fRltyi0huVE Appalachian Woman interview-Cathy
fSGZIU1nCM8 Prostitute on a Farm Story-Reilly
fSOchfPG-7U Madam interview-Hollywood
fTtYK6Ll8rM Conversation With an Ex Prostitute-Latricia
fbLLDX3KA1Q Caroline (February, 2022)
fbqF5nAEu9M QuickFire
fcHByuxpuU4 Crack Addict interview-Norman (follow up)
fcrGzewbKzY Aura Scholarship-Lima Jevremovic
ffPu5R9zhys Alcoholic interview-Ingrid
fjh6lpDfHP0 Prostitute-Snow White
fjuHCCp7bxw Prostitute interview-Unique
fk862takh04 Rebecca Update (September, 2021)
fkkQjl53op4 Prostitute interview-Tee Tee
foN5ULb_3qo Birthday Lament-Louis
fq7FOMOxR5c Heroin Addict interview-Nick
fr0wkf2u_Ck Heroin Addict interview-Sylvia
fvetzM-17-o Blind Prostitute interview-Nautica
fwqqAr8_gsE Street Hustler interview-Carlton AKA \
g3kavLBYAA0 Sex Trafficking Victim interview-Clover
g4078UJeNVg Crack Addict-Steve
g6igTJXcqvo Hacker interview-Gummo
gDaQ4kPhT-w Crystal Meth Addict interview-Buffy
gJpjWPZLQWE Fetish Worker interview-Kitten
gNT3pcZN0XY Childhood Stories-Johnny
gPN7kNW4Zsw Reflections of a Gangster 4-SB
gWUSbcgc-Ts Escort interview-Valentina
giTZP3lAnxs Porn Actor interview-Ron Jeremy
gjDwzgH5T-w Alcoholic interview-Imesha
gk-cIyLcfN0 Pimp interview-Minister Seamore
gkrvGsYHpq4 Crystal Meth Addict-Jillian
gqOCaoR4eDQ Ex Drug Dealer interview-Scotty
gybgyVrLRDQ Redd
hA50FoqW-MY Soft White Underbelly Intro Video
hBEjFfWq_yc Crystal Meth Addict interview-Kristen
hC6NNeGslHw Reflections of a Gangster 9-Johnny
hFdTTtMn5SU Crack Addict interview-Maria
hGD-CZIwFs0 Crack Addict-Alisha (Part 1)
hMGhs6-4kFk College Student interview-Ariah
hNnGX_h6Bc4 The Shit Drugs Made Me Do-Louis
hPvLoXfenmA Prostitute interview-Amanda
hQ-SkM9josE Heroin Addict interview-Madison
hSyxc6YdZYA Pimp interview-Fillmore Slim
hTCqjpXiUN0 Elizabeth (follow up)
hW_R4mRx2oA A Pimpin' Manifesto-Pimp Dro
hbTSAx6RuHI Ex Drug Dealer interview-Greg
hh9ZewaoTo0 Crystal Meth Addicted Gang Member - Randy AKA \
i3UpHh-0TLQ Prostitute interview-Pamela
i74WKXFxuek Skid Row Resident interview-Richard
i9PyMdoAeQA Recovering Crack Addict-Norman (Dec. 23, 2020 update)
iMlCq2A19IM Alcoholic interview-Jobena
iYqd9XOOiLg Prostitute interview-Butter
ic8rdifH7E4 Prostitute interview-Janeth
ieWm7wv5xaU Louis (January, 2022)
igGSmPasVS8 Charles Manson's (Alleged) Son-Matt
iiIhGDPqMlI Prostitute interview-Beautiful
ikhhimZ04hA Homeless Transgender Woman interview-Rebecca
il4VRmlilGk Trick interview-Henry
ipNX8Eg_FiA Pimp interview-Black Heff
iqXVN8_GHhE Transgender Woman interview-Cherri
izsxWtiI5SY Ex Gang Member interview-Kevin
j016DHtTZCA Crack Addict-Norman (update-October 6, 2020)
j3QoJXdqMXk Rebecca-December, 2021 (short version)
j3linmeXJdw Heroin and Crack Addict-Kayla
j6FnB2GSJOM Heroin Addict interview-TJ
jTGO6eunjCc Pimp interview-Pimpsy
jcJHrp5eNRI Pimp interview-Big Knowledge
jg-9bVn7V4A Fentanyl Addicted Couple-Norma and Chrissy
ju3DLEtUfno Appalachian Man interview-Lehman
k4vdIcrWgXE Amanda (summer 2020)
k55_UpE_cmQ Heroin Addict interview-Tony
kChtHEemJ2s Teenage Prostitute interview-Harmonie AKA \
kH3K2H4PFfY Amanda Update (September 2020)-Larry (Amanda's father) and Lima
kHn54F5Pdb4 Welfare Recipient interview-David
kLP_Z5nyYzo Fentanyl Addict interview-Adrianne
kP9ey8WDjmk Heroin Addict interview-Elizabeth
kQwn1Eo0kH8 Fentanyl and Crystal Meth Addict interview-Jamie
kVQtytoPU5U Spooky Update (October, 2021)
ke6HfzDGs9Y Fentanyl Addict interview - Carl
khNvDx2-0UA Prostitute-Bonafide
khRbRllJp98 Transgender Prostitute-Sonyah
kiL03oAt-9k Prostitute interview-Amber
kiieGokiFIg Prostitute interview-Heather
kqGfJtrJFD0 Poly-Drug Addict interview-Elijah (follow up)
kqx1jZOJwgY Prostitute interview-Jackie
kxYgZMNcNOA Heroin Addict interview-Benny
l-9YcgL3Q8o Crack Addict interview-Hye-jung
l-ck6xzyFdc Fentanyl Addict-Alex
l02Qgbaf0kw Debt Collector interview-Stone
l2tofJ3y0e0 Xanax Addict interview-Kristina
l4aAIF-iW9U Inbred Family-The Whittakers (follow up)
l6Ub6p8y9XQ Poly-Drug Addict interview-Elijah
l85yoD3Oo5o Heroin Addict interview-Julie
l9K1ddUsqAw Pimp interview-Mac Rooster
l9Z1uTX7z58 Functional Heroin Addict interview-Matthew
lBLQX55CipM Reflections of a Gangster 11-Johnny
lErHNd16pfE Heroin Addict interview-Ryan
lFXGUtP1a2M Fentanyl Addict interview-Ricardo
lKUIA4Bp6pI Crystal Meth Addict-Scott aka \
lLWvKupHx6o Crack Addict interview-Yorel
lMF2SrngCc8 Ex Prostitute-Tanya
lMF8PwT2YTE Prostitute interview-Ivy
lQTPnbpsAIc Amanda's Autopsy Results-Lima
l_sM_lvFUlo Poly-Drug Addict interview-Dominick
le79aKbZfLk Homeless Mother and Daughter-Alicia and Patience (follow up)
liSb__ULWjw Pimp interview-Cucuz
ljGezHvkYhk Homeless Sex Worker interview-Maria
llC-BtLkvo4 Heroin and Crystal Meth Addict interview-Damien
lmzF9P5UExI Sexual Abuse Victim interview-J.J.
lpS3_y7P1Eo Gang Member interview-Hazel
lpra2tmEaEA Trick interview-Alfredo
lxtM_c9Mc1A Sex Offender interview-Bill
lzDqKrWKZAw Prostitute interview-Ann
m2YyjotbIls Fentanyl Addict interview-Alexis
mAF_aF68Gdg Crystal Meth Addict interview-Baby (March 2021 update)
mARtrZPl7ow Homeless Woman interview-Maria
mAnRYvr-zTI Fentanyl Addict interview-Eric
mDa22JczYPs Ex Child Prostitute interview-Tiffany
mEhilwpYWLk Homeless Woman-Evelyn (January, 2021)
mGIPtX2Bqk0 Homeless Man-Marty (follow up)
mMIeBqvJnsQ Childhood Stories-Reilly
mOptI41XuC0 A Talk On Helping 4-Chris's Family
mZCU9nkn6TI Prostitute interview-Girlie Girl
mhvfI6FgumE Fentanyl Addict-Damian (update)
ms-KswXXYRY Transgender Woman interview-Cleopatra
muqXemFH5JU Prostitute interview-Amber (update)
mysbsbKD6d8 Crystal Meth Addict interview-Jessica
mziAfHmh_8M Stripper interview-Alanna
n0ApqA1s9f0 Prostitute interview - Essence
n5pmU91T8pc Heroin Addict interview-Neahbbahh
nFGgiqQghOQ Crack Addict interview-Alisha
nHkX8D1Kc3k Crystal Meth Addict interview-Toya
nKCOYh4NuVs Crack Addict interview-Rosa
nV6Sq5DH2V0 Gang Member interview-Alfonso
nWwKePTgECA Asriah AKA \
nZIiHAtOntA Heroin Addict-Kevin
ngguwqBFvJc Prostitute interview-Sway
nkGiFpJC9LM Inbred Family-The Whittakers
o-8C55X3juQ College Student interview-Zack
o2hLryMLDYg Drug Addicted Couple-Phoenyx and David
o3x4Op7s62w Shooting Victim-Jerry 2020 (part 2)
oHhwU9zGBOo Crystal Meth Addict interview-Adriana
oHi0DIP2Vac Homeless Woman-Michelle
oIC7VMYK9AA Appalachian Man interview-Shane
oJjLRv4YyHs Escort interview-Sandy
oLy4RRKVhJg The Drama and the Bullsh*t of Skid Row-Latonya
oNGNNXXUgIs Barbie
oPquN8vyQm4 Crystal Meth Addict-Elizabeth
oQRknF5eRXg Selena (follow up)
oTS6KDD_GUc Appalachian Brothers - Leonard and Jerry
o_QhT-qqpYI SWU Subscription Channel-February, 2022
ogkee9_DpDU Porn Actress interview-April
omKtJug5gQg Robbing Criminals-Repeat
op0n4JCDwBc Teenage Runaway-Maddie
osHR6rQ-mys Crystal Meth Addict interview-Gary
otwAnKpzpxU Poly-Drug Addict interview-Caroline
p0iDZFJ3CrY Marisol (follow up)
p56Qie7dhkU Crystal Meth Addict interview-Sellah
p6CtF-NyUKw Skid Row Resident interview-Tina
p8wsvEggFrg On Meth-Louis
p9SqcbHZv7U Pimp interview-Old School
pCvNlMsOOKc Fentanyl Addict interview-Tony
pIcYZm6WKR0 Transgender Woman interview-Kristyna
pLCFRY4bL20 My Tattoos-Johnny
pNBBRR5iEZs Prostitute interview-Char
pNHy_s4bJlo Homeless Woman-Kallie
pdZ6rEpfjzM Gang Member interview-Baldacci
po9z-gCN3-A Crystal Meth Addict-Karina
porZEE9fZws A Talk On the People In Our Lives-Eric
psB98WPOYDs Transgender Prostitute interview-Bebe
puvxjr1XpAc College Student interview-Rowen
px-Ug66qv_I Crystal Meth Addict interview-Flakha
q8MF4cdhgYI Crystal Meth and Ecstasy Addict-Sonya
qCIS2prGpis Appalachian Woman interview-Mamie
qCORFVj-5as Transgender Woman interview-Trixie
qGGmbUy-mW8 Crystal Meth Addict-Christine
qIeOOz12wG0 Prostitute interview-Wendy
qVj7GVTATkw Drug Addicted Prostitute-Briana
qdcaBLUsgGQ Gang Member interview-Johnny
qfn8AdE3xKc Fentanyl Addict interview-Nicole
qlX24T5WEHk Crack Addict interview-Jacqueline
qsB0RYldSl0 Pimp interview-Laid
qx7Ik2a9dpg Prostitute interview-Denise
qx8PrExFUd8 Ex Con interview-Sleepy
qyLmzO2Wrpo Crack Addict interview-Jamie
qzlvAcnRCcs Heroin Addict interview-Lucas
r0y9k17Ygbw Crack Addict interview-Michael
r9H_QCXPSlQ Schizophrenic Man-Chris (follow up)
rAJ3bM8gv4k Homeless Woman interview-Paulette
rBja902kiNM Prostitute interview-Gingerbread
rKtVcZK36pk Crystal Meth Addict-Tanaysha
rSqHWzQ8nZw Heroin Addict interview-Sam
reS2DeLjHp4 LSD User interview-James
rnJa1o-q0o8 Homeless Woman interview-Rose
rrjpEYm3x9I Reflections of a Gangster 3-SB
rt9OoLSavKM Amanda Update-April, 2021
rzMfzRYrq08 Pregnant Stripper interview-Faith
rzeaEbK6Q2g The Aftermath of Childhood Sexual Abuse-JJ
s1fXG-8YDh4 Gang Member interview-Lucky
sByHDzfK1uA Homeless Man-Cigarette Man
sCuKUfCcGsI Transgender Prostitute interview-Peaches
sFPUywIbiOc Thirteen Year Old Prostitute-Chyna
sIzhBIK_m04 Crack Addict interview-Cookie
sUM1dhtq27Q Birthday Stories-Louis
sVfgrW-AZoQ Homeless Woman interview-Robin
sWf5vCECrhs Pimp interview-ATM
sYv0k86hp4A Homeless War Veteran interview-Will
sboa3ESq-Uo Trick interview-Kenny
sj2XDiiajbc Prostitute interview-Cassy
suzmO1lQCZg Homeless Woman-Lin Update (spring 2020)
svfF5vXMJGo Crack Addicted Prostitute-Latoya
szhhvLipOnw Heroin Addict interview-Danielle
t32C_6JotbA Heroin Addict interview-Robert
t7fKYUfkQBM Crack Addicted Prostitute-Candace (follow up)
tGhQdBizQGg Megan AKA \
tHJutLGcIO0 Crystal Meth Addict interview-Tabitha
tJNREd-GZP4 Crystal Meth Addict interview-Ahli
tKGsY0okuWc Gang Member interview-Face
tMiyY5oxJ7s Panhandler interview-Saul
tZrY1TovZ8s Transgender Prostitute interview-Chanel
tcfWYrJTmmk Reflections of a Gangster 13-Jessie
tlg9bF97tUU Prostitute interview-Loddy
tnsrCmG4vZ0 Crack Addict interview-Patrick (February, 2021 update)
trNpXHAsQtU Pimp interview-Sharp (follow up)
tuhbJMxZNO8 Prostitute interview-Paradise
txjoETIepVA Trick interview-Hector
uAhWaY3mYlI Jumped In-Johnny
uFM61Hg8AmQ Alcoholic Sex Worker-Jessica
uHSMLBBYpqI Prostitute interview-El
uI4S0mIg8DY Crack Addict interview-Alicia
uIjCIxEz_Qw Crack Addict interview-Michael
uOA-uI-_1sc Prostitute interview-Lil’ Mama
uPQTMCDvXqw Crack Addict interview-Helia
uSpJfGbeyoI Homeless Woman-Rita
uWsFENEfQaE Crack Addict interview-Michelle
uZMwOKeuJqk Crack Addict interview-Valerie
ubmeeu1Y0eg Gang Member interview-De'Angelo
ucixW90yIII Prostitute interview-Taylor
udgCK4fo2NQ Crystal Meth User-Ian
ugDDxevMW4A Alcoholic-Niqi (Update)
ujulLx9YDuE Alcoholic interview-Ernie
ukScqAsqY6c Transgender Woman-Lauren
uoRzwx1iyUc Heroin Addict interview-Anthony
utsluflkPPo Fentanyl Addict interview-Everett
uuFQRBUyE6g Escort interview-Heather
uyUI4tC7RCY Train Hopper interview - Kayla
v0b2lmbOHX0 Homeless Woman interview-Mahogany
v1tcktsXVvU Crystal Meth Addict-Lee
v2AVifplXfg Fentanyl Addict interview-Maxine
v6yLtKdCjr8 Debt Collector interview-Stone (follow up)
vD0FOo1Ldsg Crack Addict-Norman (update Oct. 20, 2020)
vIqbtmiGlWE Crack Addict interview-Robert
vO0Wj7jLwPo Transgender Woman interview- Leanna
vS_kXRWp30Q Homeless Woman interview-Velanta
vURIstmCUwk Homeless Man interview-Angel
vX8lveq4-tk Crystal Meth and Fentanyl Addict-Anthony
vYHukjDHgQo Drug Addict interview-Brett
vYr1vXAXFL4 Gang Member interview-Suicidal
vffJ63TnXhw Alcoholic interview-Niqi
vl6zFq50BLw Porn Actress interview-Maddy
vlB1jHKVc-8 Homeless Woman interview-Linda
vlDIXOBJ9qo Crystal Meth Addict-Jillian (follow up)
vqnROeZ3O9c Medical Exam Fetishist interview-Helena
vtSk-Ca9mUk Drug Addict interview-Debra
vv3W1KGEAEY Ku Klux Klan Member interview-Chris
vwJPaIUrFAM Prostitute interview-Pricey
vzbTZPshHKM Homeless Man interview-Craig
w3p2KjfqTpo Skid Row Resident interview-Annie
w7RMt6MHY00 Fentanyl Addict interview-Samantha
wBc0da3zXPg Fentanyl Addict interview-Jessica
wKcMKHkxDdI On Crack-Eric
wV4IzumUk6k Prostitute-Girlie Girl (April 2021)
wbEFvcL-Gys Dominatrix interview-Red
wbx6248CnGw Gang Member interview-Bobby
wmx5BpETE_Q Crack Addict interview-Honey Bun
wnuzlkwXZdQ Warden/Executioner interview-Charlie Jones
wocQ2fhzF84 Gang Member interview-Nazir
wpqLt5o90Gs Credit Card Counterfeiter interview-John Boseak
wqkpeb9kzIA Alcoholic interview - Victoria
wr4ncEgkp-k Heroin Addict interview-Jonah
wrLY-Ay1OEE Ruby update (summer 2020)
wv4bywjxYyo Holiday Stories-Louis
wvzFPWrA1PE Transgender Prostitute interview-Tanya
wzSXIzpI-kw Prostitute interview-Jada
x-5-N7oiL3M Appalachian Man interview--Randy
x06ncDzgWw4 Childhood Sexual Abuse Survivor interview-Carl
x0i_jTwfgXc Transgender Woman-Demi
x3ldwCm7pHo Transgender Woman interview-Q
x4IRFPf-l_Y Pimp-Wizard Silver Dollar
xExb5SsdD6k Ex Crystal Meth Addict interview-Patricia Ann (follow up)
xGY0NEODVk8 Walmart Shopping Trip-The Whittakers
xKe26KN1RbM Prostitute interview - Royalty (follow up)
xRDD2HPCiKs Pimp and Prostitute interview-Laid and Taco
xVpVGxAB75Y Crack Addict interview-Stacy
xizoAWkadvk Patrick-Update (September, 2021)
xmQlU-Bs88k Fentanyl Addict-Adam
xsi5sJwAEu8 Crystal Meth Addict interview-Chris
xzHnwEnDHtU Homeless Man interview-Pepper
y5h55xB7Z_Q Crack Addict interview-Marlon
y9dIgRpuzq4 Homeless Woman interview-Glow
yBrn4e714WQ Fentanyl Addict interview-Colin
yCwC-I00Tyc Appalachian Man-Matthew
yH1HnWF13BU Homeless Woman interview-Clara
yNzY56z681Y Pick Axe Story-Repeat
yQWZvb-ND_k Heroin Addict-Christie
yW7hJnd3800 Heroin Addict interview-Launa
yZmZDFpQsIY Heroin Addict interview-Ruby
yfCfmXDW4A8 Crystal Meth Addict interview-Eli
yjPbeZbWNws Heroin Addict interview-Victoria
ylB5OME5Mcs Pill Addict interview-Shaletia
yrzYb2IZdmo The Boogeyman is Real-Tyrone
yxqQjkHV_qk Ex Stripper interview-Nancy
z-SKBgnSn68 Fetish Worker interview-Aundreaxx
z5kbuwWkO8s Lin - Update (October, 2021)
zHzww7Zub_A COVID-19 Lockdown Casualty-Loyalty (follow up)
zJDmcWh5EoI Porn Actress interview-Gwen
zSFw3SVKqq4 Escort/Cam Model-Rylee
zVqagN3qtKU Appalachian Teenager interview-Selena
zZDC1ige_oc Homeless Man-Jim
zZKE7G9HzB8 Street Hustler interview - Shark
zZcqkJO7udU Crystal Meth Addict interview-Eli (follow up)
zeZFmW6r3IM A Talk on Life in the Streets-Raymond
zgYw1KSewvg Appalachian Man interview-Audy
zjcpy8mFnAY Crack Addict interview-Ressy
zmLRJNZ4vss War Veteran interview-Repeat
znO_joUBISM Crystal Meth Addict interview-Lawrence
zpUFEWGLwxw Ex Gang Member interview-Carlos
zqRJVNPmhwQ YouTube Membership Channel Termination
zyGQtyDQIxM Gang Member interview-Arthur AKA \
