0MM-psvqiG8 The difference between winning and succeeding | John Wooden
0lrHG8y_9C4 The Power of Democratic Process in Schools: Jerry Mintz at TEDxYouth@BFS
0pcAU9o3ZJ0 Teaching Leadership in Elementary School
1-sjUoGO250 Deliberate Practice: Achieve Mastery in Anything
17T3fZIpT8I How IQ and Intelligence Affect Our Life (or Not!)
1wOtoMD4IYg Nietzsche: Sheep and Wolves
2kikmVr4gCU Effective Practice of Musical Instruments
2poUFamZYiU Top 10 Most Common Disorders
38v6cDzxpUg Pitch Your Business
3FDL4ZYEfcw 36,000 Kids You Don’t Want to Mess With | Short Film Showcase
3jFNcfkVxKo 6 Weeks To Mother's Day Trailer
3ogmz49PDY8 Tragedy of the Commons
40meQNZl3KU The Learning Organization
4FGnb2lgPBA The Dunning Kruger Effect
4aN5TbGW5JA The Pygmalion Effect
4uFmGqB1VAo The Powerful Placebo Effect in Modern Medicine
55bBiQLSM1w Ball-Parking: Get Better Grades Through Elimination
5AuM7DSrPig Buddhist School Education
5d71xhEbjDg Learning by Doing (directors cut)
6oyKH5WVE3U Study Smart: Prepare for Exams Effectively!
7n2hCebmT4c Reggio Emilia Education
8I2hrSRbmHE Vygotsky's Theory of Cognitive Development in Social Relationships
9VzJk5GF8sM Chunking Lessons to Increase Retention
9X68dm92HVI Are we in control of our decisions? | Dan Ariely
Au0z3EtUiBg You Think You Are Smart? There Are 9 Types of Intelligence!
BkrgkslnD9g Waldorf School Education
CR8LQTfLvfw Bernard Roth: Reframing Problems and Getting Honest [Entire Talk]
D64TZ-wcLCY Exam Anxiety: The Science of Learning and Fear
EYbCE1udazw Piaget’s Schema: Accommodation and Assimilation of New Information
Ew5-xbc1HMk The Baby Human - Werker - Ba/Da Study
FWSxSQsspiQ The \
FYlzJc8aaC0 That’s How You Learn a New Language: 7 Effective Methods
GPcIrNnsruc OCD in a 3 year old
GRYcSuyLiJk Robert Sapolsky: The Biology of Humans at Our Best and Worst
GST5f7xEJ4g AUTISM: First Sign at 6 months old
G_39TcxPhaE The Limitations of Multiple Choice Tests
GzFdHN_lQsA Nietzsche: God Is Dead
H3EaJLGD7Z8 Teaching for Mastery Learning
HLiasZwWTjA Extrinsic vs Intrinsic Motivation
Hj1d8xJdPvU Neglect: The Lives of the Forgotten Children
IB1FVbo8TSs The Big Five Personality Traits
INdKgBPEI-8 The Non-Violent Communication Model
IbFr5DAyZBM Peter Principle: When People Get Promoted Into Maximum Incompetence
IhcgYgx7aAA Piaget's Theory of Cognitive Development
JIokpqpiFK0 Lang Lang Lesson 1
JawhTCCbVZM What Science Knows About Learning with Passion
Jz55Uk9EH6U Cognitive Behavioral Therapy (CBT)
K4sL2YHiVOc Simple Autism Test For Infants
KUWn_TJTrnU Growth Mindset vs. Fixed Mindset
KVLTxKyxioA The Science of Teaching, Effective Education, and Great Schools
Kho5KvPBDSw The Confirmation Bias
Kjcx87JmhvM Clayton Christense on job to be done
KsY_J02kfgk Skin in the Game: No Risk No Learning
KzGjEkp772s Dangerous memes | Dan Dennett
M1Qz5Wow-lk Change Your Life: 14 Tips to Motivation
MEt2exDk_eI Right or Wrong: Practicing Kindness and Compassion
M_TQNpZUqJA EARLY SIGNS OF AUTISM SPECTRUM DISORDER (INFANTS)
Miwb92eZaJg How to organise a Children's Party
N7oz366X0-8 The Cynefin Framework
NNgp1_B-6c8 Early Childhood Education: The Research
NNnIGh9g6fA 1. Introduction to Human Behavioral Biology
O-4ithG_07Q Maslow's Hierarchy of Needs
OW0y7Dj1_0Y Education Reform: The New Orleans School Experiment
OtngSHtz-cc The Baby Human - Scale Error
OtwOz1GVkDg The Party: a virtual experience of autism – 360 film
Q5hS7eukUbQ Professional Vocal Warmup 1 - \
Qbxnk5SKaTA The math of learning | John Mighton | TEDxCERN
QkiW1tPP02s ADHD at School: Signs, Symptoms, Examples and Solutions
RhUx1pArrO4 Democratic School Education
SCuG0WVTdGg Mastery Learning
SJ93HTeKc98 Subtle Signs of Autism 0-7 years old
SpPWmul6gVs Sapolsky’s Theory of Evolutionary Psychology
TxngqMavda0 Summerhill (2008) -AMAZING- Best Freedom Movie Ever!!
UA-Tk9qlG9A Prenatal Development: What Babies Learn in the Womb
UzmvtVAuuyI Montessori School Education
V09FuazW8bc Watson’s Theory of Behaviourism
V5zuiMjbKsY The IB Program: The Global School Curriculum
VH5Xq2Z7aQg 10 Rules of Learning Math Scientifically
VpX6ts5Z2cU Dark Triad Personalities: Narcissism, Machiavellianism, and Psychopathy
WIBq_yG3JLU V.O. Complete.  21st Century Mathematics is pure creativity. Keith Devlin, mathematician
WTr12dK2Se0 Focused vs Diffused Thinking: Solve Hard Problems with this Simply Trick
WZsJ6BtOh60 Top 10 AMAZING SAVANTS With REAL SUPER POWERS
WjOowWxOXCg The Attachment Theory: How Childhood Affects Life
XIqTPGhKOmc Channel Teaser: Why We Make These Videos
Y4JpqH-Sqzw Situative Learning: How Context Matters
YXZamW4-Ysk Brainstorming Techniques: How to Innovate in Groups
_KOl3S5z-Ak The Feuerstein Method: Learning Through Mediation
_r0VX-aU_T8 The Design Thinking Process
a2278dNH5v8 Public Speaking: 12 Rules for The Perfect Speech
aF63HHVbpQ8 Experiential Learning: How We All Learn Naturally
aYCBdZLCDBQ 8 Stages of Development by Erik Erikson
acg6HivAu5E Carl Jung’s Theory on Introverts, Extraverts, and Ambiverts
awOAmTaZ4XI Sudbury Valley School
ayefSTAnCR8 Bloom’s Taxonomy: Structuring The Learning Journey
bj1XEmnj2uc Fruit Salad: A Game for Groups, Classrooms and Workshops
bnu0vE2E4-M A Skeptic's Guide to the Mind | Robert Burton | Talks at Google
bounwXLkme4 Kohlberg’s 6 Stages of Moral Development
c5AN0JDmQY4 Video Games in Education
cYhgIlTy4yY Creative Thinking: How to Increase the Dots to Connect
cotOIg7daWQ The Classroom Pledge: Teaching Democracy in School
dkRUrMiuIg4 The Hoffman Process: Changing Lives in 7 Days
eVlvxHJdql8 13 Study Tips: The Science of Better Learning
eWqO-V02IzQ Nietzsche: Master and Slaves
eYHQcXVp4F4 Noam Chomsky - On Being Truly Educated
esPRsT-lmw8 The most important lesson from 83,000 brain scans | Daniel Amen | TEDxOrangeCoast
fyO8pvpnTdE 5 Parenting Styles and Their Effects on Life
g6pUQ4EDHeQ Bronfenbrenner's Ecological Systems: 5 Forces Impacting Our Lives
geeoy3BMmE0 Project-Based Learning: How It Works and Why It’s So Effective
gnArvcWaH6I A typical child on Piaget's conservation tasks
gyM6rx69iqg A crash course in creativity: Tina Seelig at TEDxStanford
hXyN9lXlNQY Dyslexia: When Your Brain Reads Cryptic Puzzles
hydCdGLAh00 Chunking: Learning Technique for Better Memory
iYaA_e0FMW4 Rent Seeking: Taking Without Giving
j3PrAqJ-H9k Autism Spectrum: Atypical Minds in a Stereotypical World
jHSJdtgKb1g Cold Calling Students to Keep Up Attention
jd7Jdug5SRc Pavlov’s Classical Conditioning
jtsfidRq2tw McGurk Effect (with explanation)
k-rWB1jOt9s The Baby Human - Shopping Cart Study
kQEYo2loBsQ Symbols of Success:  New Representations for Teaching and Doing Mathematics
l3jI19vR5bI Playful Inventions and Explorations: What's to Be Learned from Kids?
lieFOzjLHM8 Froebel’s Kindergarten: The Origins of Early Childhood Education
mhG-twzaE_g Freud’s 5 Stages of Psychosexual Development
ne6o-uPJarA Skinner’s Operant Conditioning: Rewards & Punishments
oIpcZbAmDOY Finding New Ways to Learn Science - Carl Wieman
p9IOqd1LpkA The Memory Palace : Can You Do It?
qdKzSq_t8k8 The Flipped Classroom Model
rZfAsbhfL_Y Bruner’s 3 Steps of Learning in a Spiral Curriculum
rhGnM-SuFSM Active Learning in an Introductory Physics Classroom
ros3OBED8tM 1 Million Subscribers - Thank You!!!
sZmElSGKBG8 Executive Function: Your Brain's Control Center
thFlKOqHJog The Future of Work: An Economic Theory by David Autor
tkm0TNFzIeg The Feynman Technique
u49uLLCUlEk Language: The First 5 Years of Life of Learning
uHBQbEP23kY Whole Child Development
ug3M-LC3Ps8 Guardiola coaching session with Bayern Munich
vdo0h3DQQmw How to Change Bad Habits and Become a Better You
vzle_Puyg5o GRIT: Traits that Matter for School, Work, and Life
wth3z38vdWY Vision Test: A Simple DIY Eye Check for Schools
ww47bR86wSc Bonhoeffer‘s Theory of Stupidity
xxVxgQJwV7w The Active Learning Method
y3fm6wNzK70 John Dewey’s 4 Principles of Education
yS2gCgjSq3U Process-Oriented Learning: The Way To Reach Excellence
ycS4AUIPtiQ John Locke: Educating Clearly Thinking Minds
yi0hwFDQTSQ The Scientific Method: Steps, Examples, Tips, and Exercise
zsXP8qeFF6A Chimp vs Human! | Memory Test | BBC Earth
