--J7F6khJD0 Koopman Spectral Analysis (Representations)
-FvrON0OmYc The Anatomy of a Dynamical System
-RNIBaG2hcM ME565 Lecture 15: Properties of Fourier Transforms and Examples
-fNoz5K5FHA Control Bootcamp:  Benefits of Feedback on Cruise Control Example (Part 2)
-hO-AnFYm6M Nonlinear Control: Hamilton Jacobi Bellman (HJB) and Dynamic Programming
-mD3bGD3Nbc Extremum Seeking Control Applications
02QCtHM1qb4 Least Squares Regression and the SVD
0MNVhXEX9to Reinforcement Learning: Machine Learning Meets Control Theory
0XJHgLrcPeA Controllability and the PBH Test [Control Bootcamp]
0_lKUPYEYyY Types of Machine Learning 2
0dvF2jesB4E Discrete-Time Dynamical Systems
0iqz4tcKN58 Q-Learning: Model Free Reinforcement Learning and Temporal Difference Learning
0mnTByVKqLM Control Bootcamp:  Laplace Transforms and the Transfer Function
0o98Jz4euW8 ME565 Lecture 4: Cauchy Integral Formula
0y1LzRhQ4-I SVD: Eigenfaces 4 [Matlab]
1Y17d59FdEk ME564 Lecture 19: Vectorized integration and the Lorenz equation
1YMTkELi3tE Linearizing Around a Fixed Point [Control Bootcamp]
1YfU0E1V60I Data-Driven Control: Balanced Proper Orthogonal Decomposition
1Yp7b35OHaU FTLE field for a pitching airfoil at low Reynolds number (with Force)
1_UobILf3cc Linear Quadratic Regulator (LQR) Control for the Inverted Pendulum on a Cart [Control Bootcamp]
1tt-Xh0jix4 Exponential Growth: Overview
1vrsBg92Xzo Sparse Nonlinear Dynamics Models with SINDy, Part 3: Effective Coordinates for Parsimonious Models
28_pQIMZsD4 Airfoil pitching about quarter-chord (+/- 20 deg, Re=100), with FTLE visualization
2HMv7Lx86K0 Data-Driven Control: ERA and the Discrete-Time Impulse Response
2MI2dNdX7jk ME565 Lecture 23: Laplace Transform and ODEs with Forcing and Transfer Functions
2mB74QhDznI Spectrogram Examples [Matlab]
2wYx01STfTM Airfoil pitching about leading-edge (+/- 43.2 deg, Re=100), with FTLE visualization
3fOXIbycAmc Machine Learning for Fluid Dynamics: Patterns
3yU2k8R9JeU Machine Learning Control: Overview
46Hpy4FiGls Unitary Transformations
4cfctnaHyFM Complex Fourier Series
4d6EeRJZLbo ME565 Lecture 17: Fast Fourier Transforms (FFT) and Audio
4koVAJ33_so ME565 Lecture 24: Convolution integrals, impulse and step responses
4tLSq_PEFms Compressed Sensing and Dynamic Mode Decomposition
5-LY6wBIKx8 Beating Nyquist with Compressed Sensing, in Python
5CXhHx56COo ME564 Lecture 18:  Runge-Kutta integration of ODEs and the Lorenz equation
5Ea1bNgnc7M ME565 Lecture 22:  Laplace Transform and ODEs
5hPD7CF0_54 Laplace Transform Examples
5kDhxmo4XtE Deep Delay Autoencoders Discover Dynamical Systems w Latent Variables: Deep Learning meets Dynamics!
5ket_A4BpDg Machine Learning: What is easy, medium, and hard?
5mLeJUv0Ow0 Repelling FTLE field for plunging plate in a quiescent fluid
5s2XU6FHoCs SVD: Importance of Alignment [Python]
6F2YVsT9dOs Data-Driven Control: Linear System Identification
6KNuJn6dVy4 Machine Learning Control: Genetic Programming Control
6VEPQ_jOJ-Q Neural Networks: Caveats
6VUYWa3OCgg Extremum Seeking Control in Matlab
6hgakq4yNL8 System Identification: Koopman with Control
6zCItxQmzMc ME564 Lecture 8:  2x2 systems of ODEs (with eigenvalues and eigenvectors), phase portraits
73xfX0dGdrY Magnetic field reversal and Measles outbreaks: HAVOK models of chaos
76B5cMEZA4Y Sparsity and the L1 Norm
7GjnvuKeWI8 Control systems with non-minimum phase dynamics
7Hrqmz-mrZ8 System Identification: Regression Models
7ICYxBuS2iw ME565 Lecture 13: Infinite Dimensional Function Spaces and Fourier Series
7UvtU75NXTg The Laplace Transform: A Generalized Fourier Transform
7haZCrQDHpA Solving the Heat Equation with the Fourier Transform
7lzH-HnUFZg Control Bootcamp:  Sensitivity and Robustness
7rIE7V1Xj2I Data-Driven Control: Balanced Models with ERA
8-hoWTJwmrE Sparse Nonlinear Dynamics Models with SINDy, Part 2: Training Data & Disambiguating Models
831Ell3QNck Hankel Alternative View of Koopman (HAVOK) Analysis [FULL]
88_wgLgx0_k Linear Regression 2 [Python]
8FZ4P92eIvE Airfoil pitching about three-quarter-chord (+/- 43.2 deg, Re=100), with FTLE visualization
8e3OT2K99Kw Machine Learning for Fluid Mechanics
8nDHVVmFqLU Data-Driven Control: Error Bounds for Balanced Truncation
98VixA3MjAc Fourier Series and Gibbs Phenomena [Matlab]
9Of8WCmFGpg ME564 Lecture 26:   Potential flow and Laplace's equation
9_Udmwvq0gU Particle trajectories integrated through the double gyre illustrate heteroclinic tangle
9eGMJ3-wmm0 Sparsity and Parsimonious Models: Everything should be made as simple as possible, but no simpler
9vJDjkx825k SVD and Optimal Truncation
9vwgcaw7vgY ME565 Lecture 28: SVD Part 2
A8W1I3mtjp8 Beating Nyquist with Compressed Sensing
AFyfEqh6g3I Randomized SVD Code [Matlab]
AX_ZDX6aTT0 Linear Regression 1 [Matlab]
AgvjPPzy64I Deep Learning for Turbulence Closure Modeling
AiHSEIyQ-_A ME564 Lecture 10: Examples of nonlinear systems: particle in a potential well
BCexJ-yfdi8 Computing Derivatives with FFT [Matlab]
BCygBhyrl8k Sparse Sensor Placement Optimization for Reconstruction
BTLZu-1IMcE Control Theory and COVID-19
Biiby6ky71M Data-Driven Resolvent Analysis
BkA7ncY0b7I Solving PDEs with the FFT [Matlab]
BkpORajO3Ak Control Theory and COVID-19: Control Design
CBHaInynRzU Machine Learning and Cross-Validation
CPy--Xlcw7M ME565 Lecture 3:  Integration in the complex plane (Cauchy-Goursat Integral Theorem)
CZE86BPDqCI Machine Learning Control: Genetic Algorithms
D1WfID6kk90 Uncertainty Principles and the Fourier Transform
DKgqLmobFtc Sparse Representation (for classification) with examples!
DLytfA10RR8 Control Bootcamp:  Observability Example in Matlab (Part 2)
Dt2WYkqZfbs Why images are compressible: The Vastness of Image Space
DvbbXX8Bd90 PySINDy: A Python Library for Model Discovery
E8HeD-MUrjY The Fast Fourier Transform (FFT)
EDPCsD6BzWE Linear Regression
ENrQNiXfaLk ME565 Lecture 12: Fourier Series
EOYaKcjFa3o Sparsity and Compression: An Overview
EfWnEldTyPA The Spectrogram and the Gabor Transform
Em-zYt9Bpfc ME564 Lecture 23:  Gauss's Divergence Theorem
EnsB1wP3LFM Simulating the Lorenz System in Matlab
FLByezr38Ps Controllability, Reachability, and Eigenvalue Placement [Control Bootcamp]
FcXZ28BX-xE Shannon Nyquist Sampling Theorem
FsLmBDfwQCY Data-Driven Control: The Goal of Balanced Model Reduction
FsSrzmRawUg Intro to Data Science: What is Data Science?
G9apWx4iaks Control Bootcamp:  Cautionary Tale About Inverting the Plant Dynamics
GaXfqoLR_yI Robust, Interpretable Statistical Models: Sparse Regression with the LASSO
GnYQ7cPtD-w Airfoil pitching about leading-edge (+/- 20 deg, Re=100), with FTLE visualization
Gt56YxMBlVA The Frobenius Norm for Matrices
H4_hFazBGxU Control Bootcamp:  Linear Quadratic Gaussian (LQG)
H7qMMudo3e8 SVD: Image Compression [Python]
HKJB0Bjo6tQ Interpretable Deep Learning for New Physics Discovery
HVR2DaaD0Xo Beating Nyquist with Compressed Sensing, part 2
HasvumXl_vE Control Bootcamp:  Three Equivalent Representations of Linear Systems
Hh1zufQUUjM ME564 Lecture 20: Chaos in ODEs (Lorenz and the double pendulum)
I6cmIKIdROU SVD: Eigenfaces 2 [Matlab]
IBLR1TcFSCI Finite-Horizon, Energy-Optimal Trajectories in Unsteady Flows
IUiKAD6cuTA Deep Reinforcement Learning: Neural Networks for Learning Control Laws
IXMSOSEj14Q Machine Learning for Computational Fluid Dynamics
Iat_fcIA3_Y Extremum Seeking Control in Simulink
Idl2wlnpDHU Machine Learning Control: Tuning a PID Controller with Genetic Algorithms (Part 2)
IlrnTjwujBk Data-Driven Control: Balancing Transformation
IplgGeivmpk ME565 Lecture 8: Heat Equation: derivation and equilibrium solution in 1D (i.e., Laplace's equation)
J1MIaTdOL5A Koopman Spectral Analysis (Multiscale systems)
J7s0XNT96ag Koopman Spectral Analysis (Overview)
JJaxltAN9Ug Koopman Spectral Analysis (Continuous Spectrum)
J_yzmBj_7TU Robust Regression with the L1 Norm [Python]
Jfl3dIlSTrU Deep Learning of Hierarchical Multiscale Differential Equation Time Steppers
JhUJrUjxj2U Airfoil pitching about mid-chord (+/- 43.2 deg, Re=100), with FTLE visualization
Jt5R-Tm8cV8 Vector Calculus and Partial Differential Equations: Big Picture Overview
K-7l0q920io System Identification: Dynamic Mode Decomposition with Control
K2Hl7m2Ty_4 Machine Learning Control: Genetic Programming
K5CRbC4yqnk Koopman Observable Subspaces & Finite Linear Representations of Nonlinear Dynamics for Control
KF5LaUVTBOY Robust Regression with the L1 Norm
KGiV_2i713I Image Compression with the FFT (Examples in Matlab)
KTj1YgeN2sY ME565 Lecture 16: Discrete Fourier Transforms (DFT)
Kap3TZwAsv0 Data-Driven Dynamical Systems Overview
KmQkDgu-Qp0 Deep Learning to Discover Coordinates for Dynamics: Autoencoders & Physics Informed Machine Learning
KtI6FGGgTxY FTLE field for a pitching airfoil at low Reynolds number
L1f5qF7Sdkc ME565 Lecture 16 Bonus: DFT in Matlab
LTNMf8X21cY Motivation for Full-State Estimation [Control Bootcamp]
Lgq4R-F8SX8 Control Bootcamp:  Kalman Filter Example in Matlab
LiALux_oiMU Airfoil pitching about trailing-edge (+/- 43.2 deg, Re=100), with FTLE visualization
LvHEmisvl6w Neural Networks and Deep Learning
M0ewnewuciY Data-Driven Control: Change of Variables in Control Systems (Correction)
MB6XGQWLV04 Fourier Series: Part 1
MJAvyt9v0g4 Unitary Transformations and the SVD [Python]
ML0eYMyhqOs Parseval's Theorem
MZJMi-6_4UU Control Bootcamp:  Full-State Estimation
M_jchYsTZvM Pole Placement for the Inverted Pendulum on a Cart [Control Bootcamp]
MmMNQe_EtCw Sparse Nonlinear Dynamics Models with SINDy, Part 4: The Library of Candidate Nonlinearities
MuT2ZzgS4DI Sparse Identification of Nonlinear Dynamics for Model Predictive Control
N9uf0YGDaWk Linear Systems of Equations
NZ25MQ5W2eA ME565 Lecture 5: ML Bounds and examples of complex integration
NZNl-M040NY Deep Reinforcement Learning for Fluid Dynamics and Control
NxAn0oglMVw Sparse Identification of Nonlinear Dynamics (SINDy): Sparse Machine Learning Models 5 Years Later!
OAB2bHsee9Y Intro to Data Science: The Nature of Data
OaCmD08xxGw SVD: Importance of Alignment [Matlab]
OfJgbaib3nk Modeling synchronization in turbulent flows
Oi4SJqJIL2E Principal Component Analysis (PCA) 1 [Python]
OnhW-hOO2wY ME564 Lecture 22: Div, Grad, and Curl
PP5ox7evg7o Fourier Series [Matlab]
Pi7l8mMjYVE Control Bootcamp: Overview
PjeOmOz9jSY Linear Systems of Equations, Least Squares Regression, Pseudoinverse
PrfxmkBsYKE Cayley-Hamilton Theorem [Control Bootcamp]
Q8VzAtGGlDQ Hankel Alternative View of Koopman (HAVOK) Analysis [SHORT]
QDlWRWbFvhg Data-Driven Control: Eigensystem Realization Algorithm Procedure
QKs6cwLUelE Airfoil pitching about mid-chord (+/- 20 deg, Re=100), with FTLE visualization
QM0ATZRlbKQ ME564 Lecture 1:  Overview of engineering mathematics
QQ8vxj-9OfQ SVD: Image Compression [Matlab]
QWtNLqF2Omc ME565 Lecture 11: Numerical Solution to Laplace's Equation in Matlab. Intro to Fourier Series
Qczvz-SeRfI ME564 Lecture 13: ODEs with external forcing (inhomogeneous ODEs) and the convolution integral
QpzQYDcczRQ Machine Learning Overview
Qxy5D4aINZ0 Exponential Growth is a Lie
R-Qcd-a-DGA ME565 Lecture 18: FFT and Image Compression
RDFkhLAeH2s Intro to Data Science: Answering Questions with Data
ReAmUJMb1d8 Control Bootcamp:  Limitations on Robustness
RilggJd1_LY Solving PDEs with the FFT, Part 2 [Matlab]
RiwUoSgAejA Data-Driven Control: Balanced Truncation
RkewD966Y90 Turbulence is Everywhere!  Examples of Turbulence and Canonical Flows
S5C_z1nVaSg Machine Learning Control: Tuning a PID Controller with Genetic Algorithms
SD4NfEKZ_p8 SVD: Eigen Action Heros [Matlab]
SbU1pahbbkc Compressed Sensing: Overview
SlpSwTDd4L8 ME564 Lecture 6: Matrix systems of first order equations using eigenvectors and eigenvalues
SsNXg6KpLSU SVD: Eigenfaces 3 [Python]
TJGlxdW7Fb4 Spectrogram Examples [Python]
TSvijVOVtXs Data-Driven Control: Balanced Truncation and BPOD Example
TsdBeI6CKUM Data-Driven Control: Observer Kalman Filter Identification
U6DQyTszGRI ME565 Lecture 21: The Laplace Transform
U6eZOzHLSM0 Identifying Dominant Balance Physics from Data - Jared Callaham
UXXMbpLI7AM Randomized SVD: Power Iterations and Oversampling
Ud9Xtxsi2HI Fourier Series: Part 2
VIMFjnuJYSk ME564 Lecture 9: Linearization of nonlinear ODEs, 2x2 systems, phase portraits
VTBl4f_ESFY Extremum Seeking Control: Challenging Example
VnaAKf6lsZA ME564 Lecture 21:  Linear algebra in 2D and 3D: inner product, norm of a vector, and cross product
VqjJ5YYt78Y Principal Component Analysis (PCA) [Matlab]
W6_2_BAIA5U Airfoil pitching about leading-edge (+/- 27.1 deg, Re=100), with FTLE visualization
W8g8TCXZMzU ME564 Lecture 2:  Review of calculus and first order linear ODEs
WEGbuHwMMTA Airfoil pitching about three-quarter-chord (+/- 27.1 deg, Re=100), with FTLE visualization
WHhDgxkiR9c Deep Learning of Dynamics and Coordinates with SINDy Autoencoders
WmDnaoY2Ivs Singular Value Decomposition (SVD): Dominant Correlations
XBI_hQRqMvM Control Bootcamp:  Observability Example in Matlab
XHRp4DyCr-4 Robust Model Discovery with Ensemble Learning and SINDy (applications to active learning & control)
XHsYx1kpTXg Linear model for chaotic Lorenz system [HAVOK]
XrKvnzLilSc FTLE field for an airfoil in rapid plunge maneuver at low Reynolds number
Xw4voABxU5c Computing the DFT Matrix
XwTW_YA3HG0 SVD: Eigenfaces 1 [Matlab]
Y6MRgg_TGy0 Control Bootcamp:  Introduction to Robust Control
Yd0UtAbdLOs Airfoil pitching about quarter-chord (+/- 27.1 deg, Re=100), with FTLE visualization
YlGEQyEM_a8 Types of Machine Learning 1
Ym885bIqThs Airfoil pitching about quarter-chord (+/- 43.2 deg, Re=100), with FTLE visualization
YqTL8dwYT54 Digital Twins
YwodGM2eoy4 Model Predictive Control
ZNHx62HbKNA Degrees of Controllability and Gramians [Control Bootcamp]
_-Jkq-Faa2Y Underdetermined systems and compressed sensing [Python]
_BvAkyuWhOI Simulating the Logistic Map in Matlab
_HTjxl_sdUA Linear Regression 2 [Matlab]
_mLqvBpb94k ME564 Lecture 14: Numerical differentiation using finite difference
_vFor3vAJ-g FTLE field for a pitching plate at low Reynolds number
_wOt50VnJw4 Unitary Transformations and the SVD [Matlab]
aECk8s0FS7Q Intro to Data Science: Historical Context
aHCyHbRIz44 A Compressed Overview of Sparsity
aIZtJqtzdQs Neural Network Overview
aOl7Beajb64 Examples of Exponential Growth
ab9mqRczSbE ME565 Lecture 2: Roots of unity, branch cuts, analytic functions, and the Cauchy-Riemann conditions
afu9ReE-X78 Airfoil pitching about mid-chord (+/- 27.1 deg, Re=100), with FTLE visualization
b6CKpnzdflk Data-driven nonlinear aeroelastic models of morphing wings for control
bfeT_4k61N0 Data-driven Modeling of Traveling Waves
bk-tQo5yPt8 Attracting FTLE field for plunging plate in a quiescent fluid
c15oQQFRt0Y ME565 Lecture 1:  Complex numbers and functions
c249W6uc7ho Denoising Data with FFT [Matlab]
c4lntPrjGnc ME564 Lecture 28: ODE for particle trajectories in a time-varying vector field
cfzF6gRr6t0 Stirring Faces: Mixing in a Quiescent Fluid
d5d0ORQHNYs The Fourier Transform and Derivatives
dN4hIUhjUt0 SVD: Eigenfaces 3 [Matlab]
dZrShAGqT44 Fourier Series [Python]
dx2f4exDZnU Koopman Spectral Analysis (Control)
e-8y4MTT7NQ Control Bootcamp:  Example Frequency Response (Bode Plot) for Spring-Mass-Damper
eF5gVuR8C48 ME565 Lecture 26: Solving PDEs in Matlab using FFT
eJLF9HeZA8I Image Compression with Wavelets (Examples in Python)
epoHE2rex0g SVD: Optimal Truncation [Python]
evjIHvze7xs Robust Regression with the L1 Norm [Matlab]
fJ2EyvR85ro Randomized Singular Value Decomposition (SVD)
feMB0Ed_fyQ Airfoil pitching about trailing-edge (+/- 27.1 deg, Re=100), with FTLE visualization
fkYcCCujOjc Control Bootcamp:  Loop Shaping Example for Cruise Control
fkf4IBRSeEc Principal Component Analysis (PCA)
fu7uXxZMzC8 Principal Component Analysis (PCA) 2 [Python]
g-eNeXlZKAQ Inner Products in Hilbert Space
gGEBUdM0PVc Image Compression and the FFT
gLPJAjyiUxA ME564 Lecture 27: Potential flow, stream functions, and examples
gSCa78TIldg Sparse Identification of Nonlinear Dynamics (SINDy)
gXbThCXjZFM Singular Value Decomposition (SVD): Overview
gb_C9LcjDSI Machine Learning for Fluid Dynamics: Models and Control
ghZyoOFjAe8 ME565 Lecture 7:  Canonical Linear PDEs: Wave equation, Heat equation, and Laplace's equation
gpIhGAUoeNY Reachability and Controllability with Cayley-Hamilton [Control Bootcamp]
grdAW4oUUXk Robust Modal Decompositions for Fluid Flows
h7nJ6ZL4Lf0 Stability and Eigenvalues [Control Bootcamp]
hDeARtZdq-U Solving PDEs with the FFT [Python]
hEQdr1G5H2w Control Bootcamp:  Sensitivity and Complementary Sensitivity (Part 2)
hLNyvp6MrXs ME565 Lecture 9:  Heat Equation in 2D and 3D. 2D Laplace Equation (on rectangle)
hTu36q5yx20 Control Bootcamp:  Sensitivity and Complementary Sensitivity
hmBTACBGWJs Compressed Sensing: When It Works
hxY-IWByn-Q Extremum Seeking Control
i7q8bISGwMQ Reinforcement Learning Series: Overview of Methods
i8v7cFIxonU Data-Driven Control: Change of Variables in Control Systems
iBde8qOW0h0 Laplace Transforms and Differential Equations
iRZmJBcg1ZA Control Bootcamp:  Observability
iadtBBzQCsc ME564 Lecture 25:   Stokes' theorem and conservative vector fields
igVq9HVGfRg ME564 Lecture 5: Higher-order ODEs, characteristic equation, matrix systems of first order ODEs
inr-nGnVc0k Compressed Sensing: Mathematical Formulation
jNC0jxb0OxE Fourier Analysis: Overview
jVYs-GTqm5U The Fourier Transform
jclknhNJBrE Image Compression and Wavelets (Examples in Matlab)
jidUQPnRvM8 Exponential Growth and Euler
jmfsSmHAQ2o Control Theory and COVID-19: Models
jrk_kZdRFAo Data-Driven Control: BPOD and Output Projection
kVbEHH_laNU Dynamic Mode Decomposition (Code)
kiXMyQ9U4t0 Airfoil pitching about trailing-edge (+/- 20 deg, Re=100), with FTLE visualization
lE8H0Z8-Ez8 Data-Driven Control: ERA/OKID Example in Matlab
lKXW7DRyyro Div, Grad, and Curl: Vector Calculus Building Blocks for PDEs [Divergence, Gradient, and Curl]
lOGuPjB50tQ ME564 Lecture 12: ODEs with external forcing (inhomogeneous ODEs)
lPbl5HZqdL0 System Identification: Full-State Models with Control
lURKzwwVjGo ME565 Lecture 19: Fourier Transform to Solve PDEs: 1D Heat Equation on Infinite Domain
ldSbuedcaKw ME564 Lecture 24:  Directional derivative, continuity equation, and examples of vector fields
lveOu7jLNh0 Lagrangian Coherent Structures (LCS) in unsteady fluids with Finite Time Lyapunov Exponents (FTLE)
mDt-HJEXK6g Turbulence: Reynolds Averaged Navier-Stokes (Part 1, Mass Continuity Equation)
mJt5Qavr5FU ME564 Lecture 7:  Eigenvalues, eigenvectors, and dynamical systems
mMdIxa5qC9Y Solving PDEs with the FFT, Part 2 [Python]
mOiY1fOROOg The Fourier Transform and Convolution Integrals
mpkfYmnCZJw ME564 Lecture 15: Numerical differentiation and numerical integration
nbBvuuNVfco Singular Value Decomposition (SVD): Mathematical Overview
neTO1_RuLdU Data-Driven Control: Eigensystem Realization Algorithm
nl9TZanwbBk The Discrete Fourier Transform (DFT)
nnLEszpTn64 Particles starting near positive-time LCS attract onto negative-time LCS
nyqJJdhReiA Linear Systems [Control Bootcamp]
oHLZM8u1vrs Data-Driven Control: Balanced Truncation Example
oJNHXPs0XDk Neural Network Architectures & Deep Learning
ofM8LE9Zeaw Machine Learning Goals
ofWji_wQBEE SVD: Eigenfaces 1 [Python]
ooNvhfepD_c Control Theory and COVID-19: Sensors
otr1YwNBWfc Underdetermined systems and compressed sensing [Matlab]
oulLR06lj_E Data-Driven Control: Overview
pY2iJnngk4g Sparse Nonlinear Dynamics Models with SINDy, Part 5: The Optimization Algorithms
pe6AxHpvBJU Turbulence: Reynolds Averaged Navier Stokes (RANS) Equations (Part 2, Momentum Equation)
pnGsQAt0od4 Koopman Observable Subspaces & Nonlinearization
pzo13OPXZS4 Intro to Data Science: Overview
q6ksri0LeDE Linear Regression 1 [Python]
qOdwRel-1xA Koopman Operator Optimal Control
qfZcTtjBTSA SVD and Alignment: A Cautionary Tale
qjhAAQexzLg Inverted Pendulum on a Cart [Control Bootcamp]
qkdNITXomxs ME565 Lecture 6: Inverse Laplace Transform and the Bromwich Integral
rBmwRyshbOc Artificial Intelligence
rdB9vN2YxKs ME564 Lecture 16: Numerical integration and numerical solutions to ODEs
reRT8LbPhBs Control Bootcamp:  LQG Example in Matlab
rejJ5ZNcs5g Validation of forward-time FTLE field for vortex shedding
rs63fnUWJkk SVD Method of Snapshots
s2K1JfNR7Sc Denoising Data with FFT [Python]
sCGXuDmIj2k Validation of backward-time FTLE field for vortex shedding
sJIFUTITfBc Model Based Reinforcement Learning: Policy Iteration, Value Iteration, and Dynamic Programming
sP8JXF9_wAs SINDy-PI: A robust algorithm for parallel implicit sparse identification of nonlinear dynamics
sQvrK8AGCAo Dynamic Mode Decomposition (Overview)
sSvj1nCC6_o Fourier Series and Gibbs Phenomena [Python]
sXV6NQzxl5g Data-Driven Control: Balancing Example
s_9InuQAx-g The Kalman Filter [Control Bootcamp]
sfNwLmgK5sE Control Bootcamp:  Loop shaping
shOPcVublVA ME564 Lecture 4:  Second order harmonic oscillator, characteristic equation, ode45 in Matlab
sjA7GAj1yJ4 ME564 Lecture 11: Degenerate systems of equations and non-normal energy growth
sooj-_bXWgk Matrix Completion and the Netflix Prize
tX-4ajGqtsM Vorticity field for plunging plate in a quiescent fluid
tijFA1zsUh8 Example of sparse spatial dynamics on a toroid for compressed DMD
tnsWsMwYbEU Controllability and the Discrete-Time Impulse Response [Control Bootcamp]
toj_IoCQE-4 The Fast Fourier Transform Algorithm
tuPRiA5kk3w System Identification: DMD Control Example
u4LG9z4AAdM SVD: Optimal Truncation [Matlab]
u5Sv7YKAkt4 Controllability [Control Bootcamp]
uB3v6n8t2dQ Image Compression and the FFT (Examples in Python)
uL5VVB_6Gmw ME565 Lecture 25: Laplace transform solutions to PDEs
ugYidKzfLf8 FLTE field showing separation bubble bursting for flat plate airfoil
v3IlcbDz9eQ What is Sparsity?
v5IoP9Pc-Y0 What Is Turbulence?  Turbulent Fluid Dynamics are Everywhere
v7BU6YOiAcE ME565 Lecture 20: Numerical Solutions to PDEs Using FFT
vDSi271vUWk Randomized SVD Code [Python]
vNjLugdaGvs Linear Regression 3 [Python]
vSKra51VJC0 ME564 Lecture 3:  Taylor series and solutions to first and second order linear ODEs
vi5AZqup5bg ME565 Lecture 14:  Fourier Transforms
vuJCOfdlN6Q System Identification: Sparse Nonlinear Models with Control
vvtaAmTO63Q ME565 Lecture 29: SVD Part 3
vxTJMGqjGdg Control Bootcamp:  Cruise Control Example with Proportional-Integral (PI) control
w5jDfxz5UTc Particles starting near positive-time LCS attract onto negative-time LCS (zoom out)
wDVteayWWvU Overview of Deep Reinforcement Learning Methods
wheHQAhJWco Dynamic Mode Decomposition (Examples)
xHDU8cQq9SM Airfoil pitching about three-quarter-chord (+/- 20 deg, Re=100), with FTLE visualization
xy3QyyhiuY4 Singular Value Decomposition (SVD): Matrix Approximation
y4H03UOjlas Control Bootcamp:  Benefits of Feedback on Cruise Control Example
y7KLbd7n75g Wavelets and Multiresolution Analysis
y8SqkjoKV4k Computing Derivatives with FFT [Python]
yA66KsFqUAE ME 565 Lecture 27: SVD Part 1
yDpz0PqULXQ Robust Principal Component Analysis (RPCA)
yYdYrAKghF4 SVD: Eigenfaces 2 [Python]
yon8iO0nW3I The Bitter Lockdown: A stop motion recipe for an exceptional hot toddy
yx_CneyA1RA FTLE field for a plunging plate at low Reynolds number
z2F9dbvK0Ws ME565 Lecture 10: Analytic Solution to Laplace's Equation in 2D (on rectangle)
zIQpxmLwbXQ Turbulence Closure Models: Reynolds Averaged Navier Stokes (RANS) & Large Eddy Simulations (LES)
zJ2z__5mepA Sparse Sensor Placement Optimization for Classification
z_CZ_VyMDXE Sparse Nonlinear Models for Fluid Dynamics with Machine Learning and Optimization
zdz1q4tJOmE ME564 Lecture 17:  Numerical solutions to ODEs (Forward and Backward Euler)
zsJ0bbEvx5c Control Theory and COVID-19: Summary
