-KgkSFmJDMg Margaret Cho & Ryan Hansen - Interview
-PHIA862HtA Avengers: Endgame - Spoiler Review
-SjNgBIcLnM The Wheel of Time Episodes 1-3 - Spoiler Review
-Y_uGEIlJSg The Handmaid's Tale Season 4 Episode 3 Review \
-i3z5djxwEc Dexter: New Blood Episode 4 Review \
-iBXshDYfdE Johannes Roberts (Resident Evil) - Interview
0RNq9giJ2MU The Batman - Spoiler Review
0Y9npoyNfGI House of Gucci - Review
0cFQBgrPIus Brand New Cherry Flavor - Review
0jzPCAWm9SQ Shirley Review - Spoilers
0kcOPNWdHCg Craig Ferguson - Interview
0uow7Nqgx8M A Quiet Place Part II - Review
1A_V4Hd2YhI Nine Perfect Strangers Episode 5 Review \
1pQhBje0QTo Wonder Woman - Review *Spoilers*
1ujMtoEJB1Q Yuh-jung Youn - Interview
2065tZPQ8dw Your Honor Episode 2 Review
2MIilUYoLuM Lauren Schmidt Hissrich - Interview
2bsrooGux8M Your Honor Finale Review
337_woJAh6I Mindhunter - Season 1 Review *Spoilers*
3Pebg6bB-bI The Witcher Season 2 - Review
3Ryelt5Vtt0 Yael Stone - Interview
3SbU-WQoOEU Amanda Brugel - Interview (The Handmaid's Tale S4Ep4 Spoilers)
3ylz32VfmiA The Widow - Review *Spoiler Free*
4OJrkF7lDGo Seth Gilliam - Interview (The Walking Dead Season 10 Finale)
4Yz8h8wn5DU Severance Episode 7 Review \
4ZGoFbO9Vhw Ike Barinholtz - Interview
4mwiKBJbzwc The Wheel of Time Finale Review \
50gk1RKCcPo Mecia Simson - Interview (The Witcher S2 Spoilers)
543WIG8SOng Piercey Dalton - Interview
5D79ed4QKM8 Riki Lindhome - Interview
5Q2HujKLPeY Dexter: New Blood Episode 5 Review \
5ybhA0k2qaE Nina Kiri - Interview
60HUa9lZKVs Emilia Jones - Interview
61ozyO3meeE Ready or Not - Spoiler Review
69HFlLNgZVM Cobra Kai Season 3 Review - Spoilers
6PojX_fNBYo Severance Episode 4 Review \
6dfsGuXfplU Alias Grace - Season 1 Review *Spoilers*
6gMl-8TgGD8 Nine Perfect Strangers Episode 7 Review \
7FAFSxLbmWM Vernon Davis - Interview
7inMJAw5x-I The Handmaid's Tale Season 4 Finale Review \
8566iifm1wg Nine Perfect Strangers Episode 6 Review \
89MzdDyRdfA The Wheel of Time Episode 6 Review \
8Y_mCu9gCeM Brand New Cherry Flavor - Spoiler Review
8kiOhPKS6ZE Shadow and Bone Review - Spoilers
9fU75MQ2Kck Matt Passmore - Interview
9jYlB6VA8no Kristine Froseth & Diana Silvers - Interview
A1vzMO542xY The Conjuring: The Devil Made Me Do It - Review
ABnHHb5aLY0 Therica Wilson-Read - Interview
AFPm6Ua9Ig8 Alyssa Milano - Interview
AFch5AHEuXA Your Honor Episode 4 Review
AWTipoxg65M The Handmaid's Tale Season 4 Episode 6 Review \
AhlgMZcDdPY WandaVision Episode 7 Review \
BDi7qqOeTvw Georgina Campbell - Interview
BMGRzDLIUlk The Cast Of \
BMnZesPVUFA Ian Harding - Interview
Bw1p7RDoVQY Dexter: New Blood Episode 2 Review
C8sdM07Hags Lia McHugh & Angela Sarafyan - Interview
CAIDlC4iWAc The Handmaid's Tale Season 4 Episode 4 Review \
CPkxnTgFfpg Jeremy Allen White - Interview
CRYfFJFl5PM Laysla De Oliveira - Interview
CfTha-eFI9E Roman Griffin Davis - Interview
CrdMenB_WgY Fresh - Spoiler Review
D-VOHll6JAg Catch-22 - Review - Spoiler Free
DPXNr-Nr9DI April Bowlby - Interview
DWo6X0YPIog Kristin Chenoweth - Interview *Schmigadoon! Ep. 5 Spoilers*
DfXPA06tsSM Diane Guerrero - Interview
DsZ7U9tPu3o No Time To Die - Review
E7LwHospKcc Charlie Cox - Interview
E9jot5u_ChI Red Notice - Review
EBy7OVwrPRs X - Spoiler Review
EZg4eh-d7Ak WandaVision Episode 6 Review \
Ebafi0nxGJ8 Kristine Sutherland - Interview
Ef8och64Wxs Mindhunter Season 2 - Spoiler Review
Emz8d1xON4c Bruce Miller - Interview
Eoeu149R8M0 Altered Carbon - Season 1 Review *Spoilers*
F1StijzRpL4 Tom Hopper - Interview
F8svf7rU5UM Your Honor Episode 9 Review
FSWPikM8_TY El Camino: A Breaking Bad Movie - Spoiler Review
FhpYhb11tkQ Samantha Hanratty - Interview (Yellowjackets Ep. 9 Spoilers)
FltOQ1YGWG8 Yellowjackets Episode 9 Review \
G6Lfy2HHM5o Babyteeth Review - Spoilers
GFTDWr_FQT8 Your Honor Episode 5 Review
GZ_UGLYGwpM Becky Review - Spoilers
GcshtB2qFPc Euphoria Season 2 Finale Review \
Gj3HyYINtDI Curran Walters - Interview *Titans S3EP5 Spoilers*
GtYz41wuenE IT Chapter Two - Spoiler Review
GvN6Z_Jf99U Old - Movie Review
HCRznSS97Ls Dexter: New Blood Episode 7 Review \
HQl6T2QHIfU Unbelievable - Spoiler Review
HYPCTI9dDAk Sylvia Hoeks - Interview
HbacZm3uAt0 Flatliners - Review *Spoilers*
Hgh53TNlo1A IT Chapter Two - Spoiler Free Review
HifvpfWAazE Dina Shihabi - Interview (Archive 81 Spoilers)
I1zEVXzjRMQ Frankie Grande - Interview
IaqRoWKx9KI Christian Convery - Interview
Isc_-IyM1-E You Season 2 Review - Spoilers
IyVP6Edqyj4 Kingsley Ben-Adir - Interview
JjWtGD31XDU Tamlyn Tomita - Interview
JptOIvtJWuM The Wheel of Time Episode 5 Review \
KHTQQuTw9DM The Handmaid's Tale Season 4 Episode 1 Review \
L24yJBrkLMU The Boys Season 1 - Spoiler Free Review
LBMCB7taRwE Your Honor Episode 6 Review
LZdN5zIDUlA Grace Van Patten - Interview
LiFOH_kjJ1c The Wheel of Time Episode 4 Review \
M-eS-7PevtA Max Minghella - Interview (The Handmaid's Tale S4 Eps 1-3 Spoilers)
MdSbERK6cFM Madeline Brewer - Interview (The Handmaid's Tale S4Ep4 Spoilers)
MgItxXT9BkY Nina Kiri - Interview (The Handmaid's Tale S4 Eps 1-3 Spoilers)
N1GHNjQN9eA Sarah Adina Smith - Interview
N4st8VRC5vQ The Handmaid's Tale - Season 1 Review *Spoilers*
NIw-MX5hl2U Happy Death Day - Review *Spoilers*
NaTxybGXeCE The Rental Review - Spoilers
Nnw5ehm8OkI Carly Pope - Interview
NqGylJ66aeg Patrick Fabian - Interview
O-v0zGGvf98 Dexter: New Blood Episode 8 Review \
ORV927sYamk Christina Milian - Interview
OVDohH-Zncw WandaVision Episode 4 Review \
Ol1QmM8kga8 Madison Iseman - Interview
OmA7s-mv_6k Michael Mando - Interview
P8NhcRgBqmw Your Honor Episode 3 Review
PLCNWJLCICk Taissa Farmiga - Interview
PbMPka4a_4g Locke & Key Review - Spoilers
PqbeOf3FvS0 Old - Spoiler Review
QEdR3s2yoRI Happy Anniversary - Review *Spoilers*
R9-JhnUIpNo Josh McDermitt & Eleanor Matsuura - Interview
RLjqtmXeEkA Godless - Season 1 Review *Spoilers*
R_CUQHOwzkI The Handmaid's Tale Season 4 Episode 2 Review \
RdUoV0_uNoQ El Camino Christmas - Review *Spoilers*
S7cuk8PXcg4 Nine Perfect Strangers Finale Review \
S7tHj1Zir1I Kodachrome - Review *Spoilers*
SAQC7PldliU Severance Episode 8 Review \
SJmh017Emiw True Detective - Season 3 Review *Spoiler Free*
SUgKyMLVD6c Tony Dalton - Interview
SoU7mpwdDOw Ben Schwartz & Sam Richardson - Interview
T5Vsh20aCec Juliette Lewis - Interview
TMVEAY3AO44 Carlson Young - Interview
Uez21Yc-sRQ Adam McKay & Joe Wright talk Improv in 𠆍on’t Look Up’ and Cyrano’s Nose | Directors on Directors
UfhL_2HjJKM Iliza Shlesinger - Interview
Un8F5yUpCXs The Handmaid's Tale Season 4 Episode 7 Review \
VABPDnH28jA Dexter: New Blood Episode 1 Review \
VRwCDsFZD7c Paola Lazaro - Interview (The Walking Dead Season 10 Finale)
VT2gyBpVh3s Deadpool 2 - Review
Vk2XskkV5cI Midnight Mass - Review
Vx6cNkM6JfY The Haunting of Bly Manor Review - Spoiler Free
VxSfgzbCTWY Cary Elwes - Interview
W40BB97pj-w Sydney Park - Interview *There's Someone Inside Your House Spoilers*
WPQrq0dsjl0 Tomb Raider - Review *Spoilers*
WSVLCUuqwIk Karen Fukuhara - Interview (Karen's Reaction to \
WzystJs8W5Y Euphoria Season 2 Episode 4 Review \
X3GXk0l-uqs Euphoria Season 2 Episode 6 Review \
XI2UPgGF2Vs The Handmaid's Tale Season 4 Episode 9 Review \
XJmaA-mDFgI WandaVision Episode 5 Review \
XNhtEFMkwGI It - Review *Spoilers*
XVWDbhuh_Cc WandaVision Finale Review
XXiAZ28WGjc Jessica Sula - Interview
YW43msk0e0k Spencer - Spoiler Review
Za6Jk7qRyRg Severance Episode 5 Review \
ZkY3feqOMZo McCabe Slye - Interview *Fear Street Part 2: 1978 Spoilers*
Zwx_G9gqseU The Haunting of Bly Manor Review - Spoilers
_5qlOIyVhm8 Lamorne Morris & Blake Anderson - Interview
_67jpuefSL0 Severance Episode 3 Review \
_KuK-Cs39IA Ready or Not - Spoiler Free Review
_R06GfUKY2o Gerald's Game - Review *Spoilers*
_aCAzoJheb0 Fear Street Part 3: 1666 - Spoiler Review
_gwt4ZjoBpI Servant Apple TV+ Review - Worth Your Time? *Spoiler Free*
_rXv1ffIZpU Sarah Sokolovic - Interview
bDRCX2i2PlU Kunal Nayyar, Elizabeth Henstridge & Tom Rhys Harries - Interview
bVaBOlP-Sj8 Elena Kampouris - Interview
bdCYtaQ4_Vc The Titan - Review *Spoilers*
bfwcIer93HI Michael Mando - Interview
bpSkyTa_tIc The Mummy - Review *Spoilers*
c9BpZ4mMxjw Your Honor Episode 8 Review
cducoPANGIM Julie Ann Emery - Interview
cpyVoaQKYuY Nine Perfect Strangers Episodes 1-3 - Spoiler Review
cwJOAOoc3jM Madeleine Knight - Interview
czqhqhh2Z-s The Handmaid’s Tale Let’s Talk About THAT SCENE S4EP7
d0DZWIVCCP4 The Boys Season 1 - Spoiler Review
d4uW_VLU6SA Your Honor Episode 7 Review
dDtoxhD2oiM Khary Payton - Interview
dSpFb7dCS1w Stranger Things - Season 2 Review *Spoilers*
dgU5E1UTF00 Ray Nicholson & Olivia Scott Welch - Interview
dsz-BrQsm2c Wally Lamb - Interview
e-6Pi0YpWH8 The Wheel of Time Episode 7 Review \
eJaFFaNOVgE Rhea Seehorn - Interview
eMQmJ0AVWyo Locke & Key Review - Spoiler-Free
eNSpS-TvfjQ Douglas Hodge - Interview
ezcYb-pzYrw The Outsider - Review *Spoilers*
f1qczpDjCso Mamoudou Athie - Interview (Archive 81 Spoilers)
fJHnIrK_eQs Dove Cameron - Interview
fT2CkQep6Fg Madison Iseman - Interview
fWYwQUp39pw Cobra Kai Season 3 Review - Spoiler Free
fYwN9fKMxLs Palm Springs Review - Spoilers
fqUr9SZfPFg Euphoria Season 2 Episode 5 Review \
gFHZ7YE-YMc Jackson Robert Scott - Interview
gJgISIt5QFY Yellowjackets Episodes 1-8 Spoiler Review
gb0is4ClpvI Yellowjackets Finale Review \
hOCWLga_voY Midnight Mass - Spoiler Review
hr3yToUdU3k Dark Season 3 Review - Spoilers
iWnYsDL0bw4 The Umbrella Academy Season 2 Review - Spoilers
iw7nb5j8Nbk Truth Be Told Episodes 1-3 Review
j1Dsc2PFAX4 Cara Buono - Interview
j577gJI_yqw Anna Cathcart - Interview
j8f7xCmF8Wg A Quiet Place - Review *Spoilers*
jCH13gYDmYA Catch-22 - Review
jI-nm8-Gxoc Fear Street Part 1: 1994 - Spoiler Review
jO-TkQ9UTxY Edi Patterson - Interview
jQVTRxu-erw The Widow - Review *Spoilers*
jg7zBCeJx4s Mark O'Brien - Interview
joaeYkIvCYE Allure - Review *Spoilers*
jt71Vhu_3AY Happiest Season Review - Spoilers
k5zMv4-ziYc Spider-Man: Homecoming - Review *Spoilers*
k9_eor9937k Olivia Scott Welch - Interview *Fear Street Part 3: 1666 Spoilers*
kD6ZFE5rMqs WandaVision Episode 8 Review \
kMJJdMpA-KM False Positive - Spoiler Review
kPYMDqO6_KY Greyhound Review - Spoilers
kRZUI30OoWw Dexter: New Blood Finale Review \
kSt2rtn4EiA Cassidy Freeman - Interview (The Righteous Gemstones S2Ep2 Spoilers)
kbSS7hxKnDc Dexter: New Blood Episode 3 Review \
lEJyKVBEVr8 Sweet Tooth (Netflix) - Review
lL85Vvy3uM8 Meagan Good & Jerrie Johnson  - Interview
lTc_iKsT_fA The Adam Project - Spoiler Review
lxGlkCQ411o Sam Jaeger - Interview (The Handmaid's Tale S4 Eps 1-3 Spoilers)
lxIUSL3gWv0 Dexter: New Blood Episode 9 Review \
m0WDAAkdQUw Fear Street Part 2: 1978 - Spoiler Review
mdlHcf1gqBM Eurovision Song Contest: The Story of Fire Saga Review - Spoilers
mi_7DbBYNV4 Halo TV Review (Spoiler Free)
mstjksxG41E Sweet Tooth - Spoiler Review
n2rg-ghTCNo Rob Huebel - Interview
nYybmnB1PoQ Eleanor Lambert - Interview
n_-mFXY4D-g Severance Episode 6 Review \
nnkCoeXAvXY Jupiter's Legacy Review - Spoilers
ntT288mgdck The Punisher - Season 2 Review
oGB2hcCjJTs Ryan Simpkins - Interview *Fear Street Part 2: 1978 Spoilers*
oed5GDSho3w Armando Iannucci - Interview
ous0FFkuAc0 Dennis Quaid & Jimmy Gonzales - Interview
ozKnRvKMbyY Henry Lawfull & Gil Kenan - Interview (A Boy Called Christmas Spoilers)
pKqqH7u9VY0 Lesley-Ann Brandt - Interview
pwUbcO2pLMY You Should Have Left Review - Spoilers
px20IfBtj2I Ruby Rose - Interview
qL4vc-KnF6M Lil Rel - Interview
qgIBwG61rDg 1922 - Review *Spoilers*
qmYYOMRZl_o The Witcher Season 2 - Spoiler Review
rHVuhXLSkg0 Nine Perfect Strangers Episode 4 Review \
rK9SAWqcN08 The Batman - Spoiler Free Review
rcaAvf-3YjM Brenna D'Amico - Interview
s9djUvCERc8 Eli Goree - Interview
sR25655cVLw Jay Pharoah & Sinqua Walls - Interview
sSZ8Fr7JWIc Nina Kiri - Interview
t4-DjAaNB8o Dexter: New Blood Episode 6 Review \
tBn33_8_P2E Georgia King - Interview
tXE9VrHWTPw Grace Byers & Shoniqua Shandai  - Interview
tcIcsd8eP20 Janel Parrish - Interview
u02NWrALMd0 Hannah Kepple - Interview
uEkLHCL4hmA Eternals - Review
uGCKqxHRtWM Daniel Radcliffe & Steve Buscemi - Interview
v6lqO6y5dWA Shelley Hennig, Mary Holland & Christina Anthony - Interview (TWITH Spoilers)
vCP08v8f2to Severance Episodes 1-2 Spoiler Review
vMuQCIfXvXA Your Honor Episode 1 Review
vRv4f-kNEPE Joker - Spoiler Review
vfkCaOeXeu4 Hunters Review - Spoiler-Free
wQYktfiz39I Shadow and Bone Review - Spoiler Free
wjZH26-vRWM Blue Miracle (Netflix) - Review
wvkIZsFCzus Damson Idris - Interview
xHjGWGk8J3c The Handmaid's Tale Season 4 Episode 8 Review \
xS8gdE348aY Relic Review - Spoilers
yCwXhnqWlm4 Julia Rehwald - Interview *Fear Street Part 1: 1994 Spoilers*
yOkWxuK-iP4 Euphoria Season 2 Episode 7 Review \
yeMhWvW1w24 The Queen's Gambit Review - Spoilers
ypdpHWnK7CM Olivia Taylor Dudley - Interview
z2fQRuFR0CI The Handmaid's Tale Season 4 Episode 5 Review \
ziywbKQkBsk Space Force Netflix Review - Spoilers
zlEsm6x_w9s Natalie Erika James - Interview
zme-WUUHkik An American Pickle - Movie Review
