3IroC4pHorY Hacking Through the Air | Contactless Payments and NFC
8Su9cPzDHD8 Watch This Before You Buy Bitcoin
9ST5cMEXmDU 6 Ways Your Identity Can Be Stolen
9klQPtrMjPg The Dangers Of Public Wi-Fi | Beware Of The Free Cheese
BWqDrEOUrT0 Digital Forensics: 5 Ways to Spot a Fake Photo
G1RG0zWyc5c QQAAZZ Group: How Cybercriminals Built a Money Laundering Empire
GMQ6mNEZG9o How To Make Yourself Invisible To Advertisers | Explained
I9iUnl7ueKU The Gatwick Airport Drone Incident: How Modern Technologies Are Being Weaponised
IZeN03GV6Po Wake Me Up When September Ends: Love, Death and Bots
JT2kxvmhhkA Filter Bubbles & Echo Chambers: How the Internet Affects Your Mind
KLSnfJrktnM The Wild World Of Bots | How Many Real Humans Are On The Web?
Ly_iLF-UTZA Mind Reading, Extraordinary Memory and Supernatural Human Senses | The Future of Neuroscience
MGGVnYkLrRs Chargeback Fraud | Explained
O0oF4YrzNEM What is Digital Identity and Do We Really Need it? | Explained
PlbUYl67LTY Earth's Most Wanted Hacker
Qx60rSWtgio How To Remove Your Personal Data From The Internet | Tutorial
Tqvp4txufO0 How Computer Viruses Escaped Into The Real World
U6074yAJopQ Advanced Anonymity | Figuring Out the Wage Gap and Preventing Fraud
U_j5AaVi07A How Dangerous are Deepfakes? | Explained
XJv5AP2UZvg How To Disappear Completely and Never Be Found
XR5WrsNl2JA CSAM: How Apple’s iOS 15 will scan iPhone photos and messages
XmnQHIcVA04 Apple Vs Android | Which Is More Secure?
YbLR9briQQo Using a Fake Passport to Pass Verification | Experiment
Yphv8--hQzU Chasing the Cicada | The Internet’s Most Puzzling Mystery
Zqzh2p3_KOc How to Launder Millions of Dollars Through Art, NFTs and Fine Wine
_gPK6RPIlUI What I Found On A Stranger's Laptop From eBay
bU_ydNRZ_9s How to Prevent Social Engineering Attacks | Experiment
dc-4osAdIUE Nothing To Hide! Are You Ready To Give Up Your Privacy For Safety?
fwKM8WA_EEA How Some Of The World’s Famous Hackers Got Caught
g27hECFgkQ0 What If Walter White Could Launder His Money Through Crypto?
h1UXj6mTnso Web 3 | The Future of the Internet?
haTmqmdYvGw Is Your Smartphone Listening To You? | Experiment
iNg4phW5esM Never Share Your Phone With A Stranger | Offline Digital Security Tips
j5M65MW_Cns What Digital Traces Does Your Computer Leave Behind?
kyT1p30Dz_4 What’s the Safest Anti-Spoofing Technology? | Explained
mlnO_jb3mEY How To Hide Your Digital Secrets
ms56ne4Ujr0 We’ve got a second channel! Watch the video to find out more
pu-AxtvKbu8 When Will You Die? Calculating Life Expectancy Online
qyV5sSxtKvQ How To Stay Anonymous | PROXY vs VPN vs TOR
uVZEyIPnKgw Hunting Down My Subscribers | Experiment
vHwXQ7WepcQ What Makes Quantum Cryptography So Scary?
xMPkgtOxlfo Hacking: Movies vs Reality
z0dhy4Ifx_w Metaverse 2031 | A Day In The Life
zUs32ftRq2k Can You Solve My Riddle? | Zero-Knowledge Proof Protocols
