--iiMJx8jgA Thanet District Council - Licensing Sub-Committee Meeting - 16 February 2021
-hYDncG3Oqo Recording of Thanet District Council - Cabinet Meeting - 18 March 2021
-y1KuuMVCic Margate Town Deal - A guide to the Town Investment Plan
05DdxUOAabY Licensing Board
0ECdXf8605k Recording of Thanet District Council - Joint Transportation Board- 22 March 2022
0WebWVWOvC8 St Peters School Choir sing the 2012 Olympic theme song for Thanet Young Ambassadors
0obDGZqdRPE Thanet District Council - Full Council - 9 July 2020
1Hf2-s70cYw Garden Waste Services Sign-up Explainer
1TCeb6eWNbs Recording of Thanet District Council - Planning Committee - 17 March 2021
1hc9dwC-aqs #FiverFestThanet 2022 - Milk & Cookie
1mA3dpcHwRs Street Scene Enforcement - Fly tip investigation
1pHP02I5_Q0 Recording of Thanet District Council - Extraordinary Overview & Scrutiny Panel - 17 March 2021
1zRsu3y64Kk Full Council Meeting 07.02.2019
2AkI3tePk64 Full Council Meeting 23 February 2017
2L9ZlDh9DQQ Recording of Thanet District Council - Joint Transportation Board - 16 March 2021
2sSz3x9f5EI Thanet District Council - Planning Committee - 20 October 2021
3IZWdFAZA4c Thanet District Council - Standards Committee - 10 March 2022
3j0wV-DkRo0 Thanet District Council - Governance & Audit Committee - 23 September 2020
4B6qOyZTQdc Thanet District Council - Planning Committee - 20 January 2021
4KgDUN-b8z8 Thanet District Council - Cabinet - 18 November 2021
4MeGqeVozak Thanet District Council Christmas Card 2018
4vmYaax6aV8 #FiverFestThanet 2022 - The Store
4wGQFHyJiLo Recording of Thanet District Council - Planning Committee - 17 November 2021
5B5x66DgTSI Thanet Distrcit Council - Extraordinary Planning Committee - 05 August 2020
5JkL29D0ekk Fort Road.boutique hotel coming to Margate
5WsXuwTZo3g Youth Matters speaks to Brian from Big Brother in Margate
5dYpfVTmVqQ 13 October 2016 Council Meeting
5dc-pSxFc8M Water Safety Code 3 Don't go alone
5hbLMv2zQRQ Thanet District Council - Planning Committee - 15 July 2020
5ka1Oqgoq8k Thanet District Council - Overview & Scrutiny Panel - 21 July 2020
5pC9cu_I7kU Recording of Thanet District Council - Constitutional Review Working Party - 11 November 2021
6EdLoHlGMOk What support can we offer a new councillor - Nick
6gyar4t12m0 Thanet District Council - Planning Committee - 16 December 2020
7Lgw6aiy-Mg The Queen's visit to Margate
7NPPSoH4Rt0 Recording of Thanet District Council - Overview & Scrutiny Panel Meeting - 26 August 2021
7e9GqEWh9n8 TDC Planning Committee
82PSUWvH1Kw 'Your turn' to help the Turnstone of the North East Kent coast
8FRcwyRm0Vs Thanet District Council - Planning Committee - 18 November 2020
8ewPKwew8hM Recording of Thanet District Council - Overview & Scrutiny Panel Meeting - 20 April 2021
8i6zDftjy-A Public Inquiry Shottendane Road APP/Z2260/W/21/3280446 - Wednesday 12th January 2022
8lC8foPfb94 Thanet District Council - Planning Committee - 15 September 2021
8oikn4XllIg Restored Sunshine Cafe windows unveil panoramic views of Margate sands
8sb7BBXRS8w Thanet Coast Coastal Wardens 2008
9NW1gLaEnDE Thanet District Council - Cabinet Meeting - 17 December 2020
9PkjhKmnmJM Water Safety Code 2 Take safety advice Part 1
Ah7SEGY8rR0 Thanet District Council - Planning Committee - 11 November 2020
B3ILouxDZa0 Cllr Chris Wells - Mid-term review
B7KIJEGUR9A Thanet District Council - Constitutional Review Working Party Meeting - 5 November 2020
CQzeJwkwIRk M19 162 Margate video V8
CRcTnKu0AK4 Full Council Meeting  9 February 2017
CkzyDe3q2RU Thanet District Council - Governance & Audit Committee - 25 November 2020
CuZF4-6clJE Westwood Industrial Estate Fire
D_Oq-1OWIgo Thanet District Council - Cabinet Meeting - 14 January 2021
DeiWEfAr4S0 Recording of Thanet District Council - Full Council - 25 March 2021
Dp-iwm0V7Pw Thanet District Council - Cabinet Meeting - 28 January 2021
EQYzaQywGtU Thanet District Council's response to the Coronavirus lockdown
EZh99oY3rW0 Thanet District Council, Leader's vlog - Local Matters September 2021
EjrqKJeLhR8 Water Safety Code 2 Take safety advice Part 2
EzmTlSNlnwg Recording of Thanet District Council - Cabinet Meeting - 29 July 2021
F7kcrAEqHhk Update from Cllr Rick Everitt, Leader of Thanet District Council
FD6pT4lgSmQ Recording of Thanet District Council - Cabinet Meeting - 31 August 2021
FDKNor3z5tg Thanet District Council - Extraordinary Cabinet - 22 February 2022
FOUrCQSMbpQ Thanet District Council - Cabinet - 27 January 2022
FijyCf1CNfY Recording of Thanet District Council - Planning Committee -  16 March 2022
FkO6We76tjY Meet Brian Horton, the new Chair of Margate Town Deal Board
GSHM63cM248 Recording of Thanet District Council - Licensing Sub-Committee - 10 March 2022
GrauJ7R6TxQ Recording of Thanet District Council - Planning Committee - 21 April 2021
GvBkw7PvDhk 200 years of Ramsgate Royal Harbour
GvLVK47XciA Thanet District Council - Overview & Scrutiny Panel Meeting - 8 July 2021
HNOjw9sQ45s Thanet District Council - Cabinet - 17 March 2022
HcpUTwEhuRY Council Meeting 11.7.2019
J2nDNg8M4zM Thanet District Council - General Purposes Committee - 07 April 2021
J3FQKOoKGsA #FiverFestThanet 2022 - Pixies
J3lF6Vrhqlg Recording of Thanet District Council - Licensing Sub-Committee Meeting - 26 April 2021 Agenda Item 3
JGghtLPRiAY Thanet District Council - Standards Committee - 09 March 2021
JGkTHwQJvl4 Thanet District Council - Planning Committee 17 June 2020
JHx3HabRHYQ Thanet District Council - Constitutional Review Working Party - 23 February 2022
K1F3doKxDX8 Thanet District Council - Cabinet Meeting - 23 September 2021
KN4fPXdqV-8 Full Council Meeting 19 07 2018
L-GY8-GwHfQ Full Council Meeting 22.3.17
LitCQ3xqI7E Port of Ramsgate Travel Links
Ljls0vkU7M8 Full Council Meeting 27.11.2018
LoY3IH5lpmI Recycle Now animation   Recycling around the home   subtitles and audio
LxavwFb2odk Thanet is beautiful trailer
MOtN3DcVDh0 Thanet District Council - Overview & Scrutiny Panel - 23 November 2021
MyCMHE9JcQA Recording of Thanet District Council - Licensing Sub-Committee Meeting - 25 June 2021
NUj7PFrshV0 Recording of Thanet District Council - Licensing Sub-Committee - 17 February 2022
NXvGHKbj-s8 Thanet District Council - Overview & Scrutiny Panel - 18 January 2022
O6bpo8YQe1s Thanet District Council - Overview & Scrutiny Panel Meeting - 20 July 2021
OTxpcgpmY3I Enter the Thanet is Beautiful photo & video competition
O_H9PJFGEEg Recording of Thanet District Council - Cabinet Meeting - 29 April 2021
ObFV37BpJDM Thanet District Council - Extraordinary Full Council - 22 April 2021 - Meeting Cancelled.
OthpCA2H0WA Public Inquiry Shottendane Road APP/Z2260/W/21/3280446 - Thursday 13th January 2022
QCSUyuGFczM Recording of Thanet District Council - Planning Committee - 23 June 2021
QOaFA2cNAmg Thanet District Council - Overview & Scrutiny Panel - 27 October 2020
QZNs7C0s904 Full Council 13 07 2017
RD4OWcmkETc Ramsgate Conservation Area Appraisal Online Briefing Meeting - Wednesday 8 December 2021
RHThNEa5abg Recording of Recording of Thanet District Council - Local Plan Update CAG Meeting - 28 April 2021
RPOf4JmcvIc Thanet District Council - Planning Committee - 02 December 2020
Ruj3F2qa6yw Recording of Thanet District Council - Overview & Scrutiny Panel Meeting - 20 April 2021
SG4_i9w8XJc Sea Defences in Margate
SXa_fX0P0fw Thanet District Council - Full Council - 10 September 2020
Sp8zT14I9EM I Dream of Dreamland
SqyUDWKG8Fg #FiverFestThanet 2022 - Priceless
TAfWNBNwT64 Local Plan Review CAG meeting
TuSAe4DNieM Margate's Big Event 2010
U-Q01la68KY Council meeting 10.10.2019
UDpfvElFvKU #FiverFestThanet 2022 - Mandy's
UeEYmiQlAWM Copy of Thanet District Council - Licensing Sub-Committee Meeting - 6 July 2021
UmXFRk0f2rY TDC Cabinet Meeting
V8JOZwW15WA Thanet District Council - Full Council - 25 February 2021
VJQZULv8tKE John Walker, Chairman of the Ramsgate Society, on Ramsgate's Town Investment Plan
VT8d-PFVHJs Water Safety Promo
V_Tf2txSRyU Summer season in Thanet: Statistics show impact of Beach Management Plan
VhfmwBtXzpI Full Council Meeting 6.11.2018
VsXDvRKl2ZE Recording of Thanet District Council - Council - 24 February 2022
WBh1U5xaJlk Annual Council 10.5.2018
WIvySlVrD4A Full council Meeting 22.2.18
WyIxByEtemE We're launching a new online Waste & Recycling service...
YLo6_mCMYsY Thanet is Beautiful - The Coast
YxNINuzmMWI Council Meeting 12.7.2018
ZFSRO4i0nWk Water Safety Code 4: Take safety advice
ZnU800aka3Q Recording of Thanet District Council - Planning Committee - 18 August 2021
_LE6biJ6KyA Licensing Sub-Committee 16th June
_Xsyg427UQQ Recording of Thanet District Council - Governance & Audit Committee - 28 July 2021
_nXE3N0e0fw Water Safety Code 1: Spot the dangers
a-q6-ZRlB7c Thanet District Council - Constitutional Review Working Party - 23 February 2021
a8NhIKrlTSs Thanet District Council - Extraordinary Full Council - 23 September 2021
aRgNujjaj9g 4. Advice and Encouragement
aWalv38uvHA Thanet District Council - Overview & Scrutiny Panel Meeting - 19 January 2021
afKUYfJb6sc Full Council Meeting 12.4.18
asuaZt8mop4 Recording of Thanet District Council - Council - 31 March 2022
auOO1b5MOL4 Margate Town Deal: Have your say!
b2kjuG_-YOg Recording of Thanet District Council - Extraordinary Council Meeting - 2 November 2021
bPJoVxsCPBw Recording of Thanet District Council - Planning Committee - 19 January 2022
bZwWyKOS1nw Council Meeting 6.9.18
b_frb0RMRYk #FiverFestThanet 2022 - Headturners
bnclzWdAH-w Thanet District Council - Planning Committee - 17 February 2021
c8uKaZ93k1U 2. A typical day as a councillor
cdoQrL87USU Why become a Councillor -  Cllr Iris Johnston
cpxQ60N_Q30 Paper v2 English Subtitles 1080p
cs-dAb87S_Q Dane Valley Demolition
cuFp4_pcdzw Local Matters - November 2021
d0tkrN6kkY4 Full Council Meeting 1.3.2018
dZi6npsnsaQ Recording of Thanet District Council - General Purposes Committee - 22 April 2021
dmqEh1UEI68 Merry Christmas from Thanet District Council!
dnfXOE-WTus Thanet District Council - Question and Answer Session- 9 September 2021
dvEmNX274pQ Thanet District Council - Extraordinary Planning Committee - 1 July 2020
dyLSUaGKYFo #FiverFestThanet 2022 - Monty's
e-se7YrS_oY Annual Council 11.5.17
eE6JC2Hsll4 Summer Blast 2008
esQl7kXo93Y Recording of Thanet District Council - Cabinet - 13 January 2022
f9L_htAx0JU Public Inquiry Shottendane Road APP/Z2260/W/21/3280446 - Tuesday 11th January 2022
fCK1tMTXVoY Licensing sub Commitee
fG4F__yZya4 Recording of Thanet District Council - Standards Committee - 24 June 2021
fKaegRxh2WU Thanet District Council - Cabinet Meeting - 30 July 2020
fTdV10Cw7H8 Recycling Plastics
faTmi7qxBC0 Thanet District Council - Cabinet Meeting - 19 November 2020
fw69fM_37dw Thanet District Council - Extraordinary Cabinet Meeting - 08 June 2021
gBigk101cgY Thanet District Council - Licensing Sub-Committee Meeting - 10 November 2020
gC4FPNzSfN4 Public Inquiry Shottendane Road APP/Z2260/W/21/3280446 - Friday 14th January 2022
gOgiJLogxLU Youth Matters meet Gary Rhodes at the National Junior Chef competition 2009
giuPx3nEXWo Thanet District Council - Overview & Scrutiny Panel - 27 August 2020
hMvn54dQA5E Recording of Thanet District Council - Governance & Audit Committee - 03 March 2021
hc9LDJVxyw0 A Partial Update to Thanet's Local Plan
hjyidLbvhW0 1. Introductions and Inspirations
i4AVi3ylKGg Council Meeting 28.3.2019
itnVVfn04mk Recording of Thanet District Council - Governance & Audit Committee - 01 December 2021
jeYJjigL4w8 Thanet District Council - Planning Committee - 15 December 2021
jivuinnA1bA Recording of Thanet District Council - Licensing Sub-Committee Meeting - 16 March 2021
jnWRjn5HqC8 Thanet District Council - Governance & Audit Committee 10 February 2021 - 10 February 2021
jpr3bReGJbU Recording of Thanet District Council - Joint Transportation Board- 14 December 2021
kGYZwYX8Q-0 3. Favourite thing about being a councillor
kz-bwPmjpQM Thanet District Council - Cabinet Meeting - 17 June 2021
l1TZfUqUDNs Recording of Thanet District Council - Constitutional Review Working Party - 15 June 2021
lOYxd66CKUU Rebekah Smith, Town Promoter for Ramsgate Town Council, on the Town Investment Plan
lxp7R9Lng7U Thanet Distrcit Council - Governance & Audit Committee - 22 July 2020
muykU7EjzaI 5. The importance of a diverse council
mwRRMpD3y_U Recording of Thanet District Council - Planning Committee - 14 April 2021
mzXCLlL0Yqc Recording of Thanet District Council - Overview & Scrutiny Panel - 17 February 2022
n-8ck-LefU8 Ramsgate Town Investment Plan
n8BN5nrKgQg Margates Big event 2009
nC_xa7LYKvo Why I became a councillor - Cllr Reece Pugh
nQKr79wvxa8 Full Council 07/09/2017
nuXqTp3TbKE Tikspac dispensers across Thanet
o0gREiYw0vE Thanet District Council - Governance & Audit Committee - 09 March 2022
oL5OWgQ7cwc Thanet District Council - Overview & Scrutiny Panel Meeting - 18 February 2021
oRKePaxMFFw Full Council Meeting 11.10.18 and 15.10.18
pKkbTSBtmRE Thanet District Council - Planning Committee - 21 July 2021
pfGHz9qUMVE Extraordinary Council 10.10.2019
qMMLUHQ7xag Full Council 7.12.17
qY0KhG-jhjk Thanet
qiVLqOgfkcI Thanet District Council - Planning Committee - 16 September 2020
r3MLARjOBaM #FiverFestThanet 2022 - Plantlet
rIsrEtcLW2g What support can we offer a new councillor - Emily
rpsIfANDdZk Recording of Thanet District Council - Licensing Board - 27 July 2021
ryWL5ZLkUvQ 14 July 2016 Council Meeting
sERyKAzouL8 Thanet District Council - Cabinet - 16 December 2021
sXL752WYGgU Let's sort it out together - Recycling changes in Thanet
seYgvojSiuk Thanet District Council - Cabinet Meeting - 17 June 2021
t9Iz0sQffoI Leave room for larger vehicles
twSEL_vgFVo Thanet District Council - Cabinet Meeting - 18th June, 2020
u1h7bDdhz5E Food Waste  Animation
uySDgKLPZKc Extraordinary Council Meeting 7.10.2019
v2D1Cg9qHwI Empty Homes
vYEfJCGWUm4 Helping to eradicate Polio with Margate Rotary Club
vbWWDrSNqck Thanet District Council, Leader's vlog - Local Matters February 2022
vfgphte0mg8 Thanet District Council - 2017 Christmas Card
vxtPn46MaEI Fly-tip investigation (part 2)
wOkSjpDOXBo Thanet Community Safety Partnership, Marine Terrace
wfBY2WOGeQk Thanet District Council - Standards Committee - 25 November 2021
wowEPs_e4Ns Full Council Meeting 06 12 2018
wrY2jUInSSQ Full Council Meeting 8.2.18
xLyYHxSisWQ #FiverFestThanet 2022 - Batchelors Patisserie
y6wYr5iyLCk Thanet District Council - Full Council - 11 February 2021
yI2w2UPSo1I Margates Big event
yIy9Y78cYlQ Thanet District Council - Council- 10 February 2022
ydvBJZq4JWY Council Meeting 1 December 2016
yefQN3Scb7s Thanet District Council - Full Council - 14 October 2021
z1t9eCmneqo #FivreFestThanet 2022 - The Recovery Well
z3yil6xsiKU TDC Extraordinary Planning Committee
z98LydUhKJ4 Thanet's new mechanical street sweepers in action
zEZrpHCj3IY Recording of Thanet District Council - Licensing Sub-Committee Meeting - 26 April 2021 Agenda item 4
zs8ZmKF0Rlg Overview & Scrutiny Panel Meeting
