-Gpv_ggcChE 2021 Candidates Tournament Rd 12 Caruana vs Giri
-SmyoVG5Fwo Steinitz Defense - Ruy Lopez Variation
-brW5HhIWlc Candidates 2016 Round 13 Topalov vs Nakamura and Finals Preview
-iIw8XZ92Wg Chess Traps:  Bobby Fischer Trap
-qGlSDA4w6M Chess Openings: Benko Gambit
-rUUyS4aBMc 2013 World Chess Championships Anand vs Carlsen - Game 9
0AiutGr5eQk Giri vs Topalov Round 8 - Norway 2015
0H0_b7iob3I Luer Chess Trap
0ITi9Jc0J-o Chess Openings: Fried Liver Attack
0JZ-D0O-BV0 MVL vs Grischuk | FIDE Candidates (2020) | Round 4
0N25jX2kS5A Ponziani Countergambit Declined
0RlupWm5Iao Chess Openings: Queens Indian Defense
0ZTGcJPAH9g Top 6 Greatest Queen Sacrifices
0rGcR8iQdsg MVL vs Wesley So Round 9 Sinquefield Cup 2016
10NBxQiAQdk Stafford Gambit Declined: Chess Opening
186Zh5-Kjik Candidates Tournament 2018 Final Round Grischuk vs Caruana
1GMUB2uKAmw 2017 GP Geneva Round 4 Peter Svidler vs Michael Adams
1OeoOKlIzgk Chess Olympiad - Oscar de la Riva vs Anish Giri Round 1
1rTMfayZatI 2016 World Chess Championship Game 4 Karjakin vs Carlsen
2Ah9-4RG5jk World Chess Championship 2014 Game 11 Carlsen vs Anand
2TBV1hlzQCc Zurich 1934 Iconic Match: Max Euwe vs Emanuel Lasker
2flPdsk9uz4 Chess Openings: Latvian Gambit
2qJg3WaHVnw Blumenfeld Gambit: Chess Opening
3-IMsSOtXDg Evans Gambit Declined
38UAeMH0xtU King's Gambit: Schallop Defense
3BnuL2oPL90 Tata Steel 2018 Round 4: Vladimir Kramnik vs Peter Svidler
3MayldDJHDc Champions Showdown 2017 Day 4 Dominguez vs So
3NUx4xWkM9o World Chess Championship 2014 Game 7 Carlsen vs Anand
3R2dXjuNK5s Candidates Tournament 2016 Intro and Round 1 Anand vs Topalov
3_rxH1XRCoY US Chess Championship   Nakamura vs Akobian   Round 2
3tgaTLW4GL0 Vincent Keymer: The Next Bobby Fischer?
41rPFNY_CAY Chess Openings: Ruy Lopez
4AEI2qhA6ao Candidates Tournament 2016 Round 7 Nakamura vs Topalov
4Ef_mtsBivE Levon Aronian vs Nakamura Round 8 Sinquefield Cup 2016
4GiPAJp_eS8 2021 World Chess Championship Game 3 - Nepomniachtchi vs Carlsen
4OWCUVUuN3k Chess Traps: Magnus Smith Trap (Sicilian Defense)
4Rrt0Lm176I Chess Openings: Scandinavian Defense
4aDHHjc4PZA Candidates Tournament 2016 Round 9 Anand vs Aronian
5LTTTErAoWI Candidates Tournament 2016 Round 8 Caruana vs Nakamura
5Q8KK5kI6UY Chess Traps: Queen Amidala Trap
5ciozjv31GU London Classic   Round 3   Vachier Lagrave vs Topalov
5lqauJ7dIkc Closed Sicilian - Chess Opening
5n6HnImC0Zc 1971 Candidates Tournament: Petrosian vs Bobby Fischer Game 2
5t6CN028XqM Chess Opening: Grob Attack
6IAczFEZgvk 2018 World Chess Championship: Game 8 Caruana vs Carlsen
6Vhu9qDkkws Chess Traps: Halosar Trap
6p9BQHz9S_U 1963 US Chess Championship Bobby Fischer vs Larry Evans
6qoybx52FKA Centurini Position: Chess End Game Tactics
6s2yw-pm82k Chess Basics: Bishop Overview
76UGh1fAM4c FIDE Grand Prix Baku 2014 Round 1 - Karjakin vs Caruana
7EefLHPtFEY Candidates Tournament 2016 Round 3 Topalov vs Aronian
7JwlOjMI420 2018 World Chess Championship: Tiebreaker Carlsen vs Caruana
7ZMOtT51M6I 2017 GP Geneva Round 3: Pavel Eljanov vs Ian Nepomniachtchi
7ueGcKAoYzY Match of the Century: Fischer vs Spassky Game 14
7v4JNg3sD9A Evans Gambit: Conquest Attack
7z66hiJAqmo Chess Openings: The Pirc Defense
86FDipB7cQI Kadas Gambit - Scandinavian Defense
88hYVdN0cRo Match of the Century - Spassky vs Fischer - Game 5
8Jd6oRNGJZs 2018 World Chess Championship: Game 9 Carlsen vs Caruana
8LlvxBi58ac Chess Openings - Semi Slav
8PfxSkp3qZ8 2018 Rapid and Blitz Round 6: Vachier-Lagrave vs Mamedyarov
8S8IEH20E3I Bishop's Gambit
8V2-D1oT8Pg Chess Openings- Dutch Defense
8cc6ejLiDZA 2019 Grand Prix Riga: Topalov vs MVL R2 G1
8jO9W_9pZI8 Kieseritzky Gambit - King's Gambit Variation
8kE_XmgAO0M London Classic: Final Round: Carlsen vs Grischuk
8uMHQpFz42c Kramnik vs Svidler Candidates 2014 Round 10
93kY7pXf1k4 Winawer Variation: French Defense
96jiMkdcaPk 2021 FIDE Candidates Rd 8 Fabiano Caruana vs MVL
9DKCWZ_Oe9g Bishop's Opening (Sneaky Good Attack)
9HTiFbGyYZ0 Chess Openings- Slav Defense (Queens Gambit Declined)
9XwVfQVO1x0 FIDE Grand Prix Baku 2014 Round 7 - Nakamura vs Karjakin
9ojIGBlg6NQ Deep Blue vs. Kasparov 1996 Game 1
A1bSpMwciBc Famous Chess Game:  Lasker vs. Capablanca 1914
AEW6HbxbbNQ Chess Game Play- Game 1
AL7GE8Ajqhc Mikhail Tal vs Vladimir Simagin - Russian Championships
AuRVHhSbDA0 2013 World Chess Championships Anand vs Carlsen - Game 2
Ayfo1CfaMAc Chess Trap:  Blackburne Schilling Trap
Az7Wkvmy5DM Candidates Tournament 2018 Round 8: Grischuk vs Kramnik
B-wMTei3m_w Famous Chess Games: Anand vs Lautier Part 2
B3Oplt-7AQE Candidates Tournament 2018 Round 2: Alexander Grishuk vs Wesley So
B4xEOv25dtE US Chess Championship 2017 Ray Robson vs Alex Shabalov Round 5
BFZtajhTC5U 1971 Candidates Tournament: Bobby Fischer vs Petrosian Game 5
BMOqHMrqj84 Alekhine Fried Liver Trap
BNU3b2TSp_0 2014 Candidates Round 5 Svidler vs Topalov
BNvq7OnB3v0 World Chess Championship 2014 Game 4 Carlsen vs Anand
BO_VXXSM8BA 1971 Candidates Tournament: Petrosian vs Bobby Fischer Game 4
BV0NcT0FprY Champions Showdown 2017: Intro and Day 1 So vs Dominguez
BXZbcJAWZOc 2018 World Chess Championship: Game 11 Carlsen vs Caruana
BakZpcj_Yek Chess Openings: Blackmar Diemer Gambit
BnL3BqalJFI Chess Tactics- Windmill
Bw8VIZGhfgI Chess Tactics: X Ray
CJVUK8SF2g0 Match of the Century - Spassky vs Fischer - Game 3
CcE_gqKJD6U Stafford Gambit Accepted
Cdl1rKSDa9M Chess Openings: Evans Gambit Part 2
CrA9RXYu9eg Triple Muzio Gambit: Greatest Chess Opening
Cv_MBWKcSa8 2019 US Chess Championship Round 4 J. Xiong vs R. Robson
CzppHnJud38 2019 Grand Prix Riga: Mamedyarov vs So R3 G1
D3m3Okj3JMA Tata Steel 2018 Round 7: Magnus Carlsen vs Hou Yifan
DHJz6JgEfnU Tata Steel 2018 Round 1: Magnus Carlsen vs Fabiano Caruana
DPAw37BR-MY Match of the Century: Fischer vs Spassky Game 12
DT7brEoqhsc 2020 US Chess Championships: Rd1 Battle of the Teenagers
DdmCuc-SZok 2016 World Chess Championship Game 8 Carlsen vs Karjakin
DfGSHfZvImo 2016 World Chess Championship Game 11 Karjakin vs Carlsen
DmiYFvJ2DBY US Chess Championships - Jeffery Xiong vs Hikaru Nakamura - Round 7
DyDVQPwk6fY Chess Openings: Petrov Defense
ENlRqLbHjXE Czech Benoni: Chess Opening
EXvGfhMVuXA 2017 GP Geneva Round 2: Shakhriyar Mamedyarov vs Ernesto Inarkiev
Ef0YKI93g9s Chess Stratagies- Trading Part 1
Ejv7e4gf7cQ Chess Openings: Tennison Gambit
EnXIlR_wqQI Chess Mating Patterns Part 1
Eom185Y9ooM 2018 Rapid and Blitz Round 1: Anand vs Nakamura
EqvPpvP-xRs Chess Traps- Elephant Trap
F5R4GrcXL9w Greek Gift Sacrifice
F8OUM7d7rLM Chess Openings- Reti Opening
FUoRrjw-pog Sicilian Pterodactyl Opening
FjQ9k2ZKZB4 Chess Strategy- Open vs Closed Games
FnHES8O7ToQ 2021 World Chess Championship Game 4 - Carlsen vs Nepomniachtchi
FvFLNvQ93bQ Chess Endgames- Checkmate with Two Bishops
Fyc-a4YAV7o Lucchini Gambit - Every Move is a Trap
FzUC8-5K794 Match of the Century - Fischer vs Spassky - Game 6
G0ctAe7bGzs Chess Openings:  Alekhine Defense
G6ibarpspSo End Game Strategy and Tactics Lesson 1- Minor Pieces
GABa2tg3q9A Tarrasch Defense - Queen's Gambit Declined
GEeXLjHztJo Icelandic Gambit
GXMO6YPFw6A Famous Chess Game: Fischer vs Panno
GdNtV7hXNFc Tata Steel 2016 Loek van Wely vs Anish Giri
Gi5LiLIKlDw Armageddon - Zurich 2015: Anand vs Nakamura
Gj2iek8J5z0 Tata Steel 2018 Round 8: Magnus Carlsen vs Gawain Jones
GnvBgIyp0lU Sleazemeister Trap
Gssol4R3yMg Chess Mating Patterns Part 2
GufLdwuXCGM Magnus Carlsen vs Vishy Anand Round12 Rapid Championships 2014
GwkKnuSifew Levenfish Attack: Sicilian Dragon Chess Opening
H6p9k4ihryI Levon Aronian vs Peter Svidler Round 4 Candidates 2014
HCv4mSs2LMA King's Gambit: McDonnell Gambit
HHuJTdHOnNQ Locock Gambit
HIlCjWJz8L8 Candidates Tournament 2018 Round 4 Vladimir Kramnik vs Fabiano Caruana
HLHkrY04AV8 2018 World Chess Championship Game 5: Caruana vs Carlsen
HOqQ8ZcSlLY Sicilian Defense: Moscow Variation
HdHWAuQRG7E Chess Openings: The Queen's Gambit
HfMcFNZ_ZsY 2020 Candidates Tournament Rd 2 Fabiano Caruana vs Kirill Alekseenko
HuHkMom9oy0 Chess Openings: Evans Gambit Part 1
IR8NZdRlhmI Tata Steel 2016 Fabiano Caruana vs Loek van Wely
IRq0C_R30-Q Hyper Accelerated Dragon: Sicilian Defense
IWwt4QuVzI0 2021 World Chess Championship Game 11 - Nepo vs Carlsen
Ib8XaRKCAfo Top 7 Aggressive Chess Openings
IlQHEja8LQQ Match of the Century: Fischer vs Spassky Game 20
Iq_-7DJC-go King's Gambit Modern Defense
IteUnJzILfQ Topalov vs Anand Round 9   Norway 2015
J1hAI-f4wQE 2019 US Chess Championship Round 1 T. Gareev vs J. Xiong
JIJy9JEn7QU Chess Traps- Bird's Eye View
JLQtOWt4Jzs TheChessWebsite - Queens Gambit Declined
JineKRMWyUE Chess Traps- Kieninger Trap
JmRDa2LUQZc Levitsky vs Marshall   Gold Coin Game
JuBQFmsGOzI 2018 Rapid and Blitz Round 9 Nakamura vs Dominguez
JxowVaeoxfY Zurich Challenge 2015 - Caruana vs Nakamura Round 1
KEpt80Z2dHE US Chess Championship 2017 Wesley So vs Fabiano Caruana Round 3
KUuRD4bxnu0 2018 World Chess Championship: Game 6 Carlsen vs Caruana
KW5sdQlCfks Portuguese Gambit - Chess Opening
Kbjg9a4W7ok Mikhail Tal's Immortal Game - Who Needs Pieces?
KfLYXrMoxT0 Sicilian Defense - Najdorf Variation
Kp5N_d3JS6Y Sicilian Defense: Scheveningen Variation
KrHDqW3bkC0 Chess Game Play - Blitz Game
KzG-mJgj-E4 Top 8 Chess Mistakes
LOv5E8HqMbw Sinquefield Cup - Round 3 - Wesley So vs Grischuk
LQzQUtrZ124 US Chess Championship 2017 Wesley So vs Alex Onischuk Round 4
LjrC5AiaOlI Chess Traps: Marshall Trap
LoxY0wvvH2k Sinquefield Cup   Round 4   Wesley So vs Aronian
M624T3PTggU Game of the Century - Bobby Fischer vs Donald Byrne
M7EEfa-5lOk Top 6 Checkmates You Must Know
MBZAxvr1MI0 Match of the Century: Spassky vs Fischer Game 21
MR_My-gNrJY Most Popular Queen's Gambit Opening Variations
MXBNo5UleuY Carissa Yip - Youngest US Chess Expert
Mg2OOsQPURs End Game Tactics: Saavedra Position
MryLqgEC5as 2017 Grand Prix Geneva: Round 1 Giri vs Radjabov
MscX1bVZ5ug 1966 US Championship: Pal Benko vs Bobby Fischer
MypoFv20qbg 1996 Deep Blue vs Garry Kasparov Game 3
N3NpVmGR0t4 2013 World Chess Championships Carlsen vs Anand - Game 3
N8mNUgzFD0s Chess Openings- Benoni Defense
NQ4c1DBXM4I Petrov Defense Variation: Boden-Kieseritsky Gambit
NWHGmHXEtIE Italian Game - Chess Openings
N_zG_jRX26A Deep Blue vs Kasparov 1996 Game 5
No518Nja3UQ Famous Chess Games: Baze vs Palmer
Npv46QHBvxY Match of the Century Spassky vs Fischer Game 11
Ny1_Ig7A27k Chess Endgames- Bishop and Knight Part 1
O0hWWfcfEHg Chess Openings- English
O1uZKg5tP_c Chess Openings: Danish Gambit
O2GUVHoWKYk Chess World Championships 1985 - Karpov vs Kasparov (Sicilian Defense)
OQM4NK8kQ3E Queen vs Rook Endgame Tactics
O_k2aP4WLIE Chess Openings- Scotch Game
OzsRXHo_yRE End Game Tactics: Prokes Maneuver
P0-3Qy7O9iY Fantasy Variation - Caro Kann
PUuxPIqj99I Zurich Challenge 2015  Anand vs Aronian Round 2
Pw-5FbiOJ70 2018 World Chess Championship: Game 10 Caruana vs Carlsen
Q2AAI2gPVNo Tata Steel 2016 - Caruana vs Eljanov
QEgEDta6Y7Y Candidates Tournament 2018 Round 3: Levon Aronian vs Vladimir Kramnik
QGeSLm5uLO0 Lasker's Deadly Combination
QHDV3x7maig Double Poisoned Pawn Trap - French Defense
QIiaeY76VY8 Top 5 Greatest Chess Sacrifices
QIjvkZ2EWbY 2016 World Chess Championship Game 10 Carlsen vs Karjakin
QQ5RffztBuk Nakamura vs Caruana Round 3 - Norway Chess 2015
Qac6OFDHdTs Chess Traps- Fishing Pole
QcTYNhE78oQ New Website and Chess DVDs
QkcPx24axhM Day 2 || Round 4 || Shankland vs So || U.S. Championship 2020
RFD6a87bEms Chess Basics: Queen Overview
RPEUF-EzYdI King's Gambit Nordwalde Trap
RRGGyg9Y2kQ 2021 World Chess Championship Game 9 - Nepomniachtchi vs Carlsen
Rb8MPAmhEqc Top 8 Chess Gambits
ReABq1LUKT8 2013 World Chess Championships Anand vs Carlsen - Game 7
RptrNJFFJJw Chess Traps- Lasker Trap
RuHEXDKQouM World Chess Championship 2014 Game 10 Anand vs Carlsen
Rz52KbTZr4k Stafford Gambit Fishing Pole Trap
S4BtjwKzeUg 2021 World Chess Championship Game 10 - Carlsen vs Nepomniachtchi
SA5mq2FhOUw 2015 Sinquefield Recap and Best Game
SC3ZxFEWs-Q Chess Openings: The King's Gambit (Part 2)
SLYaCka5NYs 2021 World Chess Championship Game 2 - Carlsen vs Nepo
SdimvnNIzd4 Match of the Century: Spassky vs Fischer Game 19
ShaVeTdSrF8 London Classic Intro and Round 1 Coverage
SkGM2WSBVvQ US Chess Championship 2017: Jeffery Xiong vs Wesley So Round 9
Sn1tQqjN0uU Magnus Carlsen vs Anton Korobov Blitz Championships 2014
SokeGlx0ti4 2016 World Chess Championship Game 2 Karjakin vs Carlsen
Spm3wNnkRpU 2013 World Chess Championships Carlsen vs Anand - Game 8
T7F6qnc-KDA Match of the Century: Spassky vs Fischer Game 7
T8EMKkDUa5E Lucchini Gambit - Accepted Variation
T8LExOf_fRI Chess Openings - Colorado Gambit
TI7glQwG7Yo Chess Puzzle Explanations
Tg9fEn7FkCE 2016 World Chess Championship: Intro and Game 1 - Carlsen vs Karjakin
Tp1B22zazzo Chess Tactic: Blockade
Ttyhi6AoJ1I Hinrichsen Gambit - Falkbeer Countergambit Variation
Txvz97tzDfM Top 10 Chess Openings
TyYkhp7Vo9o Rubinstein's Immortal Chess Game
U0yrrdi1iXU Nadanian Attack: Chess Opening with a Twist
U1bmT0NZr5U 2016 World Chess Championship Game 5 Carlsen vs Karjakin
UDUMIL_vfi8 Champions Showdown 2017: Day 2 Grischuk vs Caruana
UUF3Ql796FQ Tata Steel 2018 Round 5: Shakhriyar Mamedyarov vs Fabiano Caruana
UV6m1eNKE9s Champions Showdown 2017: Day 5 Liren vs Carlsen
U_ZOzqR4uCI Kasparov vs Deep Blue 1996 Game 2
UjIABnVC08U 2020 Candidates Tournament Rd 1 Giri vs Nepomniachtchi
Ujt0ovqyqwk Free Giveaway / New Channel / New Website
UkuMJPY9IXA Attacking the Brussels Gambit
UlomtPUfYBE Chekhover Variation: Sicilian Defense
UvNVHzDItyY Chess Endgames- Bishop and Knight Part 2
V-UcVihtK9M Chess Endgames- King and Pawn
V051J79GllE 2021 World Chess Championship Game 8 - Carlsen vs Nepomniachtchi
V3ifabHKTjM US Chess Championship 2017 Fabiano Caruana vs Gata Kamsky Round 6
V4PDldKA_sM Zukertort's Immortal Game
VDfjsMXlcek Chess Openings- Albin Counter Gambit
VSDX0DZh-08 Sicilian Defense - Rossolimo Variation
VYKQbXLC3pQ Chess Traps - Old Benoni Trap
VpO8mvurHi8 2018 World Chess Championship Game 3: Caruana vs Carlsen
WS6fZIJcM2s Chess Tactics: Deflection
WZrjDfSzEmM US Chess Championship 2017 Wesley So vs Alexander Shabalov Round 1
WdexjTLH2So 2014 Candidates Tournament - Round 2 - Svidler vs Andreikin
WeJOLvctznU Never Stop Attacking: Nakhmanson Gambit Declined
WtBMFWuwv1E Chess Openings: London System
X1VeRikew48 Match of the Century Spassky vs Fischer Game 9
X6UxTLhDSds Bobby Fischer vs James Sherwin 1957 US Chess Championship
XGpeOCA-DVo 1971 Candidates Tournament: Petrosian vs Bobby Fischer Game 6
XhVgYT1p7vo US Chess Championship 2017 Fabiano Caruana vs Daniel Naroditsky Round 8
Xie7oY0QnG8 Candidates Tournament 2018 Round 12 Karjakin vs Caruana
XrxYHxFs-9Y 2019 Grand Prix Riga: Dubov vs Mamedyarov R1 G2
XuvJgMgInXI Italian Gambit - Chess Opening
Y8Ib1vWiZ_Q Chess Basics- Rook Overview
YFydlMqz3gk Kings Gambit Declined - Classical Defense
YV01EUWed7Y Match of the Century: Fischer vs Spassky Game 8
YVDNM8Zi3Sw Match of the Century - Fischer vs Spassky - Game 4
Yaps3NM1Z-o Champions Showdown 2017: Day 3 Topalav vs Nakamura
YeHUifdppM4 2018 World Chess Championship: Game 1 Caruana vs Carlsen
YgVJRyUaLGg 2020 Candidates Tournament Preview
YzFEGGnMsik Caruana vs Carlsen Round 2 Sinquefield Cup 2015
ZGqems2m7rE Candidates Tournament 2016 Round 2 Karjakin vs Nakamura
ZVNY10G0RGo End Game Strategy and Tactics Lesson 3- Playing for a Draw
ZctB1qDfVxQ 2021 Candidates Tournament Rd 9 Giri vs Hao
ZmF64w13ZU8 Lolli Attack - Chess Openings
ZtGLHip7yk4 Chess Openings: Kings Indian Defense
_GDViK2w2wY Candidates Tournament 2016 Final Round Karjakin vs Caruana
_JKi5DVmf4c End Game Tactics: Vancura Position
_XzVaoWbSxk Magnus Carlsen vs Naiditsch Chess Olympiad 2014
_Y9hriLylIo Kasparov vs Deep Blue 1997 Game 1
__0dZsY57tI Famous Chess Games: Anand vs Lautier Part 1
_dR0qnjVM-s Levon Aronian vs Fabiano Caruana Round 4: Sinquefield Cup 2016
_zW3DLLlXQs Chess Openings- Falkbeer Countergambit
a42sH58WaT0 Chess Olympiad Round 4 Nakamura vs Solomon
aM0nmbCdZDE Chess Basics: King Overview
aXl3WH3Mu_Q World Chess Championship 2014 Game 8 Anand vs Carlsen
aktRfAe1Uns Chess Opening: Urusov Gambit
am16zmvq8Eo Tata Steel 2016 Van Wely vs Carlsen
aqvZUREOEhQ Match of the Century: Fischer vs Spassky Game 16
asABL_YtD6k World Chess Championship 2014 Game 6 Carlsen vs Anand
aswYuhbOUWc 2020 FIDE Candidates Rd 5 Nepomniachtchi vs Wong
at1G0CEHHws Vishy Anand's Greatest Chess Game
avG_-gZPe78 Tata Steel 2016 Magnus Carlsen vs Ding Liren Final Round
axWdicKaBpE Levon Aronian vs Magnus Carlsen Round 1 - 2013 Candidates Chess Tournament
azhfQ09Qca0 2020 Candidates Tournament Rd 3 Liren vs Caruana
bHUu1fDonzM Match of the Century: Spassky vs Fischer Game 15
bP8Ae1hWNxA Kasparov vs Deep Blue 1996 Game 6
bW2AU-OXrmk 2019 US Chess Championship Round 6 F. Caruana vs J. Xiong
bdSnmxhFJ0I Matinovsky Gambit - Chess Opening
bo8xD3y_NIA Bogo Indian Defense
boYoLbnWRzk Chess Opening: Elephant Gambit
bs6tCFAW9Xw Poisoned Rook Trap - Evans Gambit
bvVXVDUoD24 Grand Chess Tour - London Classic - Round 4 Nakamura vs Anand
c59ngPmuQc0 Chess Openings- Smith Morra Gambit
cACtJz6PM28 Bird's Defense: Ruy Lopez Chess Opening
cS4JKQcV0JU Eduardo Bonelli vs Nakamura World Rapid Chess Championships Round 1
caYjV4vJFhY Chess Strategy: Prophylaxis
cekNkd34rew Famous Chess Game: Botvinnik vs Capablanca
cgUyGHbQ9kc Wesley So vs Topalov Round 6 Sinquefield Cup 2016
chpEm5bbqSE 1971 Candidates Tournament: Bobby Fischer vs Petrosian Game 3
cqVwuJHS5zY 2017 GP Geneva: Round 8 Ian Nepomniachtchi vs Levon Aronian
cv8UGck_t4k Chess Opening - Vienna Game
d7KGYXxg_zo Chess Openings:  Grunfeld Defense
dERTvmQ630g World Chess Championship 2014 Game 9 Carlsen vs Anand
dEpZle9c11s US Chess Championship 2017 Yaroslav Zherebukh vs Fabiano Caruana Round 7
dHQq9T3j6no More Videos, More Often, Get Excited
dRK5_y8RcxM Mamedyarov vs Anand 2014 Candidates Tournament Round 3
dWWM-E5xeFc Orthoschnapp Gambit: Crush the French Defense
dtkKP_cOuCI Match of the Century: Fischer vs Spassky Game 13
e1NWex7KAwk Chess Basics: Knight Overview
e1i-irvlqL4 Candidates Tournament 2016 Round 4 Karjakin vs Anand
eBMAELb12NQ 2020 FIDE Candidates Rd 7 MVL vs Nepomniachtchi
eSZU_tuXinE Chess Tactics: Decoy
eclStFntWGE 2016 World Chess Championship Tiebreakers Carlsen vs Karjakin
eq0937cBPJ8 2020 FIDE Candidates Rd 6 Nepomniachtchi vs Liren
esbm4nL5G-A Sicilian Defense - Dragon Variation
f-sXfhoTBro 2017 GP Geneva  Round 9 Ian Nepomniachtchi vs Teimour Radjabov
fAEWbeqfSC4 Italian Belloni Trap
fHYAD9SgyZY Chess Traps- Siberian Trap
fivycaInrBM Tata Steel 2018 Round 2: Adhiban Baskaran vs Magnus Carlsen
fn1qM1nPjtg Match of the Century - Spassky vs Fischer - Game 1
fsGe6YUzs-M 2013 World Chess Championships Carlsen vs Anand - Game 10
fsqz_Zaf1sw Chess Opening: Ponziani Countergambit
g0-5uXFtyKA 2019 Grand Prix Riga: Duda vs Mamedyarov R2 Tiebreakers
gfJqhWkTbjU 2016 World Chess Championship Game 7 Karjakin vs Carlsen
gruCn2CKuGo Chess Strategy- Trading Part 2
hEHFjA_d4W0 2018 World Chess Championship: Game 12 Caruana vs Carlsen
hIMswuHvjyY Champions Showdown 2017: Day 2 Topalov vs Nakamura
h_oJEi-tGHo Chess Openings- French Defense Part 2
hcmMtNqEm4o Chess Strategies- Skewers and Pins
hmRlmBz8ryk World Chess Championship 2014 Game 2 Carlsen vs Anand
htNc9zFPdQs Chess Openings: Nimzo-Indian Defense
iCGlW9EgNkQ 2018 World Chess Championship: Game 2 Carlsen vs Caruana
iGqWsB9RV_o Chess Openings - Calabrese Countergambit
iHwBh1_a73Y Match of the Century: Spassky vs Fischer Game 17
ikFbzsTH6rc Adelaide Counter Gambit - Kings Gambit Variation
ileKy3jWpbk Wesley So vs Hikaru Nakamura Round 1: Sinquefield Cup 2016
j-efzGbT95w World Blitz and Rapid Championship & New Microphone!
jEXWS4WDoE0 2016 World Chess Championship Game 12 Carlsen vs Karjakin
jbyjCanSEVw 2019 Grand Prix Riga: Grischuk vs MVL R3 G2
jd4N1qm8HVo Pure Madness in the Kings Gambit - 2. f5!
jfnp9eZS1Po Flagship Trap: Ponziani Chess Opening
jgjnuHeTVsM Scotch Gambit
jmr964mze4Y 3 Chess Engines to Help Improve Your Game
joP26cWP9x0 Fabiano Caruana vs Magnus Carlsen   Norway Chess 2015 Round 2
jp0ecSsFRZI Candidates Tournament 2018 Round 11 Aronian vs Karjakin
jtGVYnv91ps Chess Endgame- King and Rook
kGNrLiBL09U Budapest Queen Trap
kURU67G98O8 Chess Basics: Opening Principles
kmRaAS8Kdss Alexandre Gambit - Attacking the Giuoco Piano
lEHcnhzvhSU Candidates Tournament 2018 Round 7: Sergey Karjakin vs Wesley So
lISI_mRw4y4 Chess Opening: Chebanenko Slav
lPqzTBmGV-s 2021 World Chess Championship Game 5 - Nepomniachtchi vs Carlsen
lWeIQd0_C_s Englund Gambit Trap
lcag_slhDWo 2019 Grand Prix Riga: Topalov vs Nakamura R1 Tiebreaker
lfpZvtGXj_Y Danish Bird Chess Trap
lg4GX8C_grY Chess Openings- Birds Opening
lprNGTkGl0s Alexander Petrov's Immortal Game
m1IpJSlCuyg Shakhriyar Mamedyarov vs Peter Svidler Round 6 Candidates Tournament 2014
mAf-YuGPYMo Philidor Defense - Chess Openings
mIImEq4SUy8 US Chess Championship 2017 Gata Kamsky vs Var Akobian Round 2
mNmd1UzKM-E 2016 World Chess Championship Game 9 Karjakin vs Carlsen
mWXes8auzk4 Chess Middle Game Tactic: Bishop Sacrifice
mn69UGy5jlg 2013 World Chess Championships Carlsen vs Anand - Game 5
mrWC-H3R8zQ Immortal Chess Game- Anderssen vs Kieseritzky (Kings Gambit Accepted)
mxV5VpB5RXQ World Chess Championship 2014 Game 3 Anand vs Carlsen
n4zgMVCyqHo 2016 World Chess Championship Game 6 Karjakin vs Carlsen
n5ImJ2row6E Chess Openings- The King's Gambit
n8TVpObgR9M Judith Polgar vs Yangyi Yu 2014 Blitz Chess Championships
nG1GDX3KQfo Famous Chess Game: Sergey Karjakin vs Viswanathan Anand
nIyPBz3zO0g Tata Steel 2016 - Wei Yi vs Magnus Carlsen
nUwQSxW4wY8 2018 World Chess Championship: Game 4 Carlsen vs Caruana
nWMU5rYbLCg Great Chess Channels on YouTube
nfeY0ikzxTU 2018 Rapid and Blitz Round 17 Nakamura vs Mameyarov
o1T7TuP0Ad0 Chess Strategy- Outposts
o5FiW2kAAJ8 Easy Wins with Simple Pirc Trap
oAAHkEshdY8 2018 World Chess Championship: Game 7 Carlsen vs Caruana
oTOjIYeoYjQ End Game Strategy and Tactics Lesson 2- Triangulation
oZtlwxgGKv8 Chess Traps- Mortimer Trap
ou-UBba5qRI 2021 Candidates Tournament Rd 11 Giri vs Liren
p5PXrLFkXJg 2021 World Chess Championship Game 6 - Carlsen vs Nepomniachtchi
p8pDyLguQhk 1959 US Chess Championship:  Bobby Fischer vs Robin Ault
p9rK4cvNsOA Chess MIddle Game Strategy: Attacking f7
pKoAIMLaus8 Vishy Anand vs Magnus Carlsen Round 4 - Norway 2015
pMhR_cJP6go Nakhmanson Gambit with 6...Nxc3!?
pNILn33kAq8 Sicilian Defense - Alapin Variation
p_5rEkoDPOU Sinquefield Cup  - Round 1 - Nakamura vs Anand
phI82EetT_w Chess Strategy- Good vs Bad Bishops
pijn84KmtXg Kings Gambit: Muzio Gambit Variation
pt6K1FtCXW8 Champions Showdown 2017 Day 6 Liren vs Carlsen
puMr2MzVD9g The Whale Opening
pueNWLKqqBc Evergreen Game - Anderssen vs Jean Dufresne
pxRQm7nbOfc Chess Openings - Jerome Gambit
q8E7Ew8HFnk Tata Steel 2018 Round 3: Vishy Anand vs Fabiano Caruana
qNgzkDwVESY Belgrade Gambit - Chess Opening
q_YGopw-AVE Fabiano Caruana vs Viktor Bologan FIDE World Rapid Championship Round 3
q_p5lsB4c08 2017 GP Geneva  Round 5 Pavel Eljanov vs Alexander Grischuk
qhuwrmV2lpA 2019 US Chess Championship Round 2 S. Sevian vs A. Liang
qljtMH3m1Zg US Chess Championship   Ray Robson vs Kayden Troff
qnL8-4l8dFM Candidates Tournament 2018 Round 9: Karjakin vs Kramnik
qzydxPgPKzs Chess Openings: Sicilian Defense
rBBXWC75Y1c 22 Year Old Snaps Magnus Carlsen's 125 Game Streak
rTD4f26422w New App And Free Membership Giveaway
rTNN7-Wwpzs Chess Openings- French Defense Part 1
r_xRX1TsZ0I World Chess Championship 2014 Game 5 Anand vs Carlsen
roz1YeJjvUY Chess Openings- Halloween Gambit
s4qyqbfZc_8 2013 World Chess Championships Anand vs Carlsen - Game 6
s9Sbg2A8Go0 Chess Middle Game Tactic: Pinning the Knight
sA8YpN0veM8 Anand vs Aronian 2014 Candidates Tournament Round 1
sBu6Wk29_X8 New Chess Website is Up
sKTAYd-fQOA Chess Openings: Giuoco Piano
s_yVADJq-Jw Candidates Tournament 2016 Round 12 Nakamura vs Anand
scSaA0S4qeg World Chess Championship 2014 Game 1 Anand vs Carlsen
shAxjSfsdKw 1971 Candidates Tournament: Bobby Fischer vs Petrosian Game 1
stJdtMbtiOU Larsens Opening
sxqeOAWjUqk 2021 Candidates Tournament Rd 13 Grischuk vs Giri
tECz6Mv4XBQ 1962 Candidates Tournament:  Fischer vs Tal
tODZqbbe5Hk US Chess Championship 2017: Daniel Naroditsky vs Wesley So Round 11
tWfFx2Pa6zU 2016 World Chess Championship Game 3 Carlsen vs Karjakin
tYGRI7nFHG8 Chess Opening: Wing Gambit
tYOnym3ZINU Top 6 Chess Traps
te4yVda5mhI Chess Openings: Traxler Counter Attack
tkuW0bocGXo Fastest Checkmate Possible:  TWO MOVES
tmvFSTunGSo We Hit 500K Subs! THANK YOU.
tpSaoxLkyK0 Von der lasa Gambit - Center Game Accepted
uLfrt7Atldo Chess Openings: Caro Kann
uW6YZf90vAY Tata Steel 2018: Tiebreaker Magnus Carlsen vs Anish Giri
uepupmG50Xo Tata Steel 2018 Round 12: Anish Giri vs Adhiban Baskaran
uh4HX21-HZI US Chess Championship 2017 Yaroslav Zherebukh vs Hikaru Nakamura Round 10
uh6SHTHCnt0 Candidates Tournament 2018: Round 1 Fabiano Caruana vs Wesley So
ukIIHkff2Ks 2019 US Chess Championship Round 3 H. Nakamura vs S. Sevian
urITvqQleUE Chess Openings: Budapest Gambit
vAeFBH3Pbg0 2021 Candidates Tournament Rd 10 Ian Nepomniachtchi vs Kirill Alekseenko
vQQ4TQO8iPY Magnus Carlsen vs Vladimir Potkin World Rapid Chess Championships Round 3
v_caorxTE2w Chess Opening: Ponziani Opening
vt3BKHAr_4o Alejandro Ramirez vs Jeffery Xiong - Round 11 - US Chess Championships
vuwbdv-OmG8 Chess Opening: Reti Gambit
w3SVorXyxkw Chess Endgame- King and Queen
w40R3zBk6x4 Sicilian Defense: Kan Variation
wF3r_vuMxT8 Chess Analysis from TheChessWebsite.com
wHQPdDnjGJs Tata Steel 2018 Round 10: Svidler vs Mamedyarov
wK2e8ZKhIm8 Bobby Fischer's 1st US Championship
wPm9k6ul9EI Famous Chess Game: Kasparov vs Topalov 1999 (Kasparov's Immortal)
wSOm7lEZ5W0 Candidates Tournament 2018 Round 13 Caruana vs Aronian
wU9VDomLo6Q Tata Steel 2016 Wei Yi vs David Navara
wZzULdU0_Yo Chess Traps- Legal Trap
w_TcthrhrbM Chess Traps - Budapest Trap
wbJFlz-NMqw Match of the Century: Fischer vs Spassky Game 18
wh4XQQhIOiQ 2018 Rapid and Blitz Round 24: Vachier Lagrave vs Caruana
x8Q8iAQJsnw 2021 World Chess Championship Game 7 - Nepomniachtchi vs Carlsen
xIQtuggCOdw 2013 World Chess Championships Carlsen vs Anand - Game 1
xMkXAvpYOkM Le Quang Liem vs Ian Nepomniachtchi Rapid Chess Championship Round 7
xODyqQ95zV0 Chess Endgame- Rook vs Knight
xSnRhUbVzHA What to Expect in 2011, FAQs, Giveaway
xTXaodr4B_Q Subscriber Contest
xViVnhPAhBs 2013 World Chess Championships Anand vs Carlsen - Game 4
xdMNoDieOFs Match of the Century - Fischer vs Spassky - Game 10
xkr4VaMO2sk Candidates Tournament 2016  Caruana vs Anand Round 10
xzbeuvrbN00 US Chess Championship 2017: Wesley So vs Alex Onischuk Tiebreakers
y2CzWUGvmd4 Top 9 Aggressive Chess Defenses
y2dT7fUIuUY 2021 World Chess Championship Game 1 - Nepomniachtchi vs Carlsen
yOfyjuvwa-s 2019 Grand Prix Riga: MVL vs Navara R1 G1
yellEkdVtY8 Chess Basics: Pawn Overview
zFFnibwxOxU 2019 Grand Prix Riga: So vs Karjakin Round 2 Game 2
zJxBUyfpFL8 Vachier-Lagrave vs Vishy Anand Round 2: Sinquefield Cup 2016
zNjMY2FRLvE Insanely Aggressive Nakhmanson Gambit
zcowUpBqim8 Massive Chess Giveaway
zryxFb8Cigk Chess Tactics: Pawn Endgames Part 1
zvJ8pw0fgP0 Sicilian Defense: Sveshnikov Variation
zzJV750f80k Levon Aronian vs Boris Gelfand Round 2 Candidates Tournament 2013
