-Mk8Yq6ptxI Deliveroo Founder: From ਰ to ਵ Billion: Will Shu | E88
0kOtvoX88J0 Mel Robbins: This One Hack Will Unlock Your Happier Life | E108
18iBvgUbSMk The Secret To A Good Nights Sleep with Stephanie Romiszewski | E64
1DV6I5hK6ro Jaackmaate: The Untold Story Of My Battle With Health Anxiety & OCD | E127
2PeHDoThIp8 NotOnTheHighStreet.com Founder: Rapid Success Lead To My Darkest Days - Holly Tucker | E92
3N4p8VY8Mi8 How To Build A Following Of 10 Million: Mrwhosetheboss | E95
3j0TeHIZxHo Rochelle Humes: Learning To Be At Peace With Uncertainty | E118
3lkcGdU7BlY The Secret To Loving Your Work with Bruce Daisley | E66
3uLDin9A9pc Jordan Peterson: How To Become The Person You’ve Always Wanted To Be | E113
5rOHOGA4oME David Gandy: Highest Paid Male Model Opens Up About Insecurities & Imposter Syndrome | E102
6WgIOKFLrHY Molly Mae: How She Became Creative Director Of PLT At 22 | 110
6m_UrMIN3rI Jack Maynard: The Untold Story: How Being Thrown Out The Jungle Changed My Life Forever | E71
7zn7WqAyhiU Why We're Getting More Depressed, Anxious and Lonely | E55
ALV6ItXdUYI How To Finally Stop Procrastinating: Oliver Burkeman | E125
AehL3u-H7FI Grace Beverley: How To Build A Multi-Million Pound Empire At 24 | E69
ApZZxvw0muo How I Built 5 Multi-Million Dollar Companies: Marcia Kilgore | E99
BuuDztcqnko The Subtle Art Of Not Giving A F*ck: Mark Manson | E111
CLcqXg0fFvY Russell Howard: How To Laugh Through Fear, Anxiety & Imposter Syndrome | E109
Ck2yqXMofoc Productivity Expert: How To Finally Stay Productive: Ali Abdaal | E93
CwpSViM8MaY Rio Ferdinand Reveals The Training Ground & Dressing Room Secrets That Made United Unbeatable | E76
DAVw-yQRUjE Calm App Founder: From $0 To $2 Billion By Making The World Meditate: Michael Acton Smith | E117
ExTFPDITHww Jim Chapman: Overcoming Failure Anxiety, Finding Love & Life-Changing Therapy | E78
GGTtZpswgfg I Won 11 World Titles Because They Said I Couldn't - Anna Hemmings MBE | E65
GX51Wwv2GM0 Suicidal Drug Addict To Elite Military Commando with Ben Williams | E68
JF-_w4gvZec Eddie Hearn on Selling Matchroom For 5 Billion | E58
Jn5S-eX5twE Moonpig Founder: How I Built A $150 Million Business WITHOUT Sacrifice: Nick Jenkins | E97
K8UgjzJTdHw Gymshark CEO: How I Built A $1.5 Billion Business At 19: Ben Francis | E112
Kj6ZssVhzW4 How To Chase Your Dreams Without Fear Holding You Back with Fran Millar | E67
KpLvcl9mULk How We Built A $200m Company At 27 Years Old | E52
OMfc98lOw_M Matt Hancock: Opens Up About His Affair, Mistakes & The Pandemic | E121
OZN7xRCAz58 Addiction, Childhood Trauma And Depression With Joe Wicks (The Body Coach) | E60
OpANpfEjNw8 How I Make $1.2 Million A Year From This Podcast | E94
OqLAZuie06U World Leading Mindset Expert: How To Reach Your Full Potential - Matthew Syed | E84
P51RrJvsWXE Overcoming Depression, Burnout, Anxiety and Insomnia with Dan Murray-Serter | E54
QNYPRdyVq0s Klarna Founder: From $0 to $46 Billion: Sebastian Siemiatkowski | E98
QRTimA9lvZI Elizabeth Day Opens Up About Heartbreak, Miscarriage & Failure | E77
R0ibd_SSXH0 World Leading Sex Therapist: How To Avoid Having Bad Sex: Kate Moyle | E73
RQKUt_sN2dw Everything 2020 Taught Me (part 2) | E63
TovCz1Qh_24 Liam Payne Opens Up About His Darkest Moments, Failed Relationships & Entrepreneurship | E83
U-NJZJOAz88 Phones 4u Founder: The Pain Of Becoming A Billionaire: John Caudwell | E124
UbF4p4yTfIY Patrice Evra: Learning How To Cry Saved My Life | E105
VYta88JUbBs Dr Rangan Chatterjee: 3 Steps To \
XDYAYrvI5LM Reggie Yates Reveals The Secret To Staying Driven & Reaching Your Potential | E90
YHtZZ-kSGU8 The Rise, The Fall & The Rebuild Of True Geordie | E87
ZTA2RJ6dEFc Life Changing Lessons From 100 Of The World’s Greatest Minds | E104
_CLli3_Vlrc Roman Kemp: Why Communication Is More Important Than Ever | E123
_vSymiIrKP8 The Real Trick To Long Term Motivation: Daniel Pink | E130
_wSO42jYP6Y Extremely Honest Q&A | The Diary Of A CEO | E70
bEhrajW_uGg Starling CEO: Building a $1.5 Billion Business Against The Odds: Anne Boden | E107
br5jH40svQ4 Israel Adesanya: Becoming World Champion Was The Lowest Day Of My Life | E126
bsrvIIsXBVo Diplo: College Dropout To World's Most Iconic DJ | E128
csA9YhzYvmk The Happiness Expert That Made 51 Million People Happier: Mo Gawdat | E101
d4lxJoEL8ic Everything 2020 Taught Me (part 1) | E62
dZFUv3ai42Q I Tested Positive... | The Diary Of A CEO | E53
e_TO4e5MlWg Ann Summers CEO: The Heartbreaking Story Of One Of Britain’s Richest Women: Jacqueline Gold CBE
foScUA0qbNs She Cheated On Me and Thats Not All - Dr. Aria | E56
gP2_QOCrVO4 Monzo CEO On Death Threats, Depression & Digital Banking Wars - Tom Blomfield | E86
iLlrIi9-NfQ World Leading Psychologist: How To Detach From Overthinking & Anxiety: Dr Julie Smith | E122
j1i4WkJ4qFo How She Built Her Confidence, and Then an Empire with Krissy Cela | E57
k8voKz-2vBU Ant Middleton Opens Up About His Personal Demons, Being \
kNOX7a7-kwQ How To Fix Your Focus & Stop Procrastinating: Johann Hari | E114
kSmFjdisM6Y Mary Portas: How To Stop Living A Life That Isn't True To You | E85
kTuUtxjMCRA Ben Fogle: Overcoming My Lifelong Battle With Self-doubt | E81
ke6KS8WuPUk James Smith: How To Create The Life You’ve Always Wanted | E120
lDDNI3irZMg How To Take Full Control Of Your Mind: Prof. Steve Peters, The Chimp Paradox | E96
ls9be-9C-uk 6 BEST Pieces Of Business Advice That Made Me Millions | E103
nTiqySjdD6s The “Winning Expert”: How To Become The Best You Can Be: Sir David Brailsford | E115
nYrjhv-AFZA Jay Shetty: The 3 Simple Things A Happy Life Needs | E119
o2YAqL0YkGc Fearne Cotton: THIS Is How To Build Confidence & Set Yourself Free | E116
prw1xtkdfhs World Leading Psychologist: How to Succeed in Life & Work - Jamil Qureshi | E61
qWwrcivl3qQ Jonny Wilkinson: Winning The World Cup Led To My Darkest Days | E131
qeEwAKeB4Ow Patricia Bright: How She Made Her Millions | E91
qrX3fPA9eps Lessons From 50 Of The Worlds Greatest Minds with Jake Humphrey | E59
roROKlZhZyo Jimmy Carr: The Easiest Way To Live A Happier Life | E106
tXuPfMXsIyw Johann Hari: Everything You Think You Know About Meaning & Happiness Is Wrong | E82
teVW3Vw_B20 Russell Kane: How To Build Confidence & Stay Young | E79
wdpiD1_kaUo Dr Alex George: My Hardest Day in A&E, Family Suicide & Finding TRUE Purpose. | E89
y2c-GQP2Rcs Professor Green: How To Overcome Life’s Hardest Challenges & Find A Purpose | E80
yH5YplNDjJM A Billionaire’s Guide To Healing Your Mind And Extending Your Life: Christian Angermayer | E72
