-BmCr6GRloo Everything's Coming Up Beanie: The Morning Toast, Thursday, August 12, 2021
-Lu8GoWX-0s 'The Bachelor's' Lauren Bushnell & Chris Lane Tell All About Their Relationship
-e5jTihiJ7E The Slap Heard Round The World with Leah McSweeney: The Morning Toast, Monday March 28th, 2022
-ezUjJw_3GE I'd Rather Be a Has-Been Than a Never-Was: The Morning Toast, Tuesday, March 17, 2020
-fEy-j61Mlw The Morning Toast, Monday, May 6, 2019
-oQI1_OmsyI Claudia's Roids and Jackie's Hobbies: The Morning Toast, Thursday, January 20th, 2022
-wXojTIaLN4 Bits on Bits: The Morning Toast, Tuesday, November 2nd, 2021
0101HhW5FWg The Morning Toast, Friday, May 3, 2019
01yN8LgjIqo A Sneaky Brown Noser With A Hidden Agenda: The Morning Toast, Wednesday, October 20th, 2021
01ztKYlFhgE The Morning Toast, Tuesday, August 13, 2019
09x7e8zqZKs The One Without Snitch: The Morning Toast, Tuesday, September 10, 2019
0JbxqmB9Myo The Zoom Toast: The Morning Toast, Monday, April 13th, 2020
0LbEQE4IHC8 The One About Growth: The Morning Toast, Monday, June 29, 2020
0azwjJ1hpSw The Morning Toast, Tuesday, April 23, 2019
0c8MdPuvXN4 Our Ship Is Coming In: The Morning Toast, Tuesday, May 19, 2020
0nZtReSSsCw Am I A Heifer?:  The Morning Toast, Monday, September 27, 2021
0rw_Xu1v1WM Astroworld, the NYC Marathon, and Shah-rrested: The Morning Toast, Monday, November 8th, 2021
131hHXPs-mo The One Where We DoN't LeT hEr GoOo: The Morning Toast, Tuesday, March 10, 2020
15JT3Ak4uHA Toast Is Blind: The Morning Toast, Monday, February 24, 2020
1LV-wlxWZug You Are Not The Father: The Morning Toast, Friday, January 29, 2020
1byoqPCwfPY The Messy One: The Morning Toast, Friday, March 27, 2020
1gIqekyamz4 The One For Shmucks: The Morning Toast, Thursday, April 2, 2020
1hfb7XQyxik Two Truths and A Lie: Monday, April 12th, 2021
1kLbivuokFg The Morally Corrupt Jen Shah: The Morning Toast, Wednesday, March 31, 2021
1l7mERAPp6c The One Where We Rise and Shine: The Morning Toast with Tayshia Adams, Friday, October 18th, 2019
1n1eRYJ59_8 Forty Quiet Minutes: The Morning Toast, Tuesday, May 25, 2021
1rrBqnuMr6A Go Home Shorts: The Morning Toast, Thursday, March 18th, 2021
1to-0EfMWr0 The Sensational Snitch: The Morning Toast, Thursday, 2020
28H3ohDm2r0 Hollywood's Hottest New Throuple with Tyler Cameron: The Morning Toast, Thursday, February 6, 2020
2ClPc1B_Wk4 Francesca Farago from Too Hot To Handle on The Morning Toast: Tuesday, April 28, 2020
2KqvEZjOL_M Live From Buckingham Palace: The Morning Toast, Wednesday, September 22, 2021
2MtRc5ldStQ The Morning Toast, Monday, August 27, 2018
2SA6VWzbqGY The Live IV Drip: The Morning Toast, Friday, May 7, 2021
2YDPV6YcNUw The One About Music: The Morning Toast, Friday, April 17, 2020
2aOZtuYdMTg Clowning on Mayim: The Morning Toast, Thursday, December 9th, 2021
2lItihG9D7o The One For The Governor with Jac Vanek: The Morning Toast, Tuesday, November 5, 2019
2qaX588DWXs Trauma at The DMV: The Morning Toast, Tuesday, December 14th, 2021
2rBBkaMOLAo Selling Sunset Steens: The Morning Toast, Wednesday, September 23, 2020
2uWjswTV4Ks The Morning Toast, Thursday, September 5, 2019
3-dLXla8vYo The Morning Toast, Thursday, May 10, 2018
35Gont-EHms The Phillipa Toasters: The Morning Toast, Thursday, June 3rd, 2021
3BUyzZmulwI The Morning Toast, Tuesday, June 4th, 2019
3EgCbOXr8H0 Let's Talk About IGTV: The Morning Toast, Tuesday, July 21, 2020
3FHGJ4Glm4g The Morning Toast, Tuesday, November 6, 2018 PART ONE
3J4iy2EDywI The Morning Toast with Alexis Waters, Monday, July 9, 2018
3R4rGGYz_BE The Morning Toast, Tuesday, July 16, 2019
3YpwFRTsJng The Morning Toast with Ramona Singer, Thursday, April 11, 2019
3g1NPp7q6Bo Osteeny Vibes Only: The Morning Toast, Tuesday, December 17, 2019
3h7dHXqygFA The One With Shakira: The Morning Toast, Friday, September 27, 2019
3htW23xDoSA 2004 or 2020?: The Morning Toast, Wednesday, August 5, 2020
3o1_C2mumxo New York Times Bestselling Fat Shrek: The Morning Toast, Tuesday, May 11, 2021
3w9P0e0pnrk The Morning Toast with Keltie Knight, Wednesday, September 4, 2019
3zMBuk1z7rg Trivial Queen: The Morning Toast, Monday, November 16, 2020
404kIpQF4vI Euphegenia on The Ones and Twos: The Morning Toast, Friday, October 22nd, 2021
479Q4JrguKI The Morning Toast, Tuesday, July 10, 2018
47vZ8d7gRKs The Morning Toast, Friday, November 15, 2019
48i45Y4VYbw The One About Old News: The Morning Toast, Wednesday, July 1, 2020
49DUwEKCzHM The One About Rascal Flatts: The Morning Toast, Tuesday, January 7, 2020
4ROSpUBJr7o Kevin O'Leary, Mr. Wonderful, on The Morning Toast: Wednesday, June 9, 2021
4SRZ-DIK3js The Morning Toast, Tuesday, October 16, 2018
4dwftr0v-bs The One Where Claudia Has Something In Her Eye: The Morning Toast, Tuesday, November 3, 2020
4iK_R7aAq2k Justice Smollett: The Morning Toast, Friday, December 10, 2021
4kS0GGq4rSk The Morning Toast, Monday, August 5, 2019
4q5pgDWS50I The Morning Toast with Jerry O'Connell, Friday, September 21, 2018
4sRRHgzzkGY The Morning Toast with Ryan Serhant, Wednesday, May 30, 2018
4x8YAqCtYE0 The Morning Toast with Ben Soffer and Catherine Cooper, Thursday, August 16, 2018
5Opf_aluuoI The Morning Toast with Joey Camasta, Thursday, January 10, 2019
5ToO17t5rQA Humane Airlines: The Morning Toast, Tuesday, September 28, 2021
5W_eNp-F7EY Gayshia for Tayshia: The Morning Toast, Wednesday, November 11, 2020
5_4CuvgcBC8 The Morning Toast, Thursday, June 20, 2019
5qrd2xWPTvw New Jacey: The Morning Toast, Tuesday, August 24, 2021
5uscFbLNmPo The Morning Toast, Tuesday, June 18, 2019
60qaA70L_QM The Morning Toast, Wednesday, April 18, 2018
6HOFgvJ0FMo The Morning Toast, Monday, July 16, 2018
6IcawSKVNnU Intermittent Bursts of Excitement: The Morning Toast, Wednesday, January 27, 2021
6USWytr8GfE Day 64: The Morning Toast, Friday, May 16, 2020
6iPkR3J7duI The Morning Toast, Monday, April 1, 2019
6sSRGIaz20U The Morning Toast, Monday, October 15, 2018
6sZhtHi9Eqs The Irrelevant Uglies Who Didn't Go Abroad: The Morning Toast, Friday, November 1, 2019
6uAEptC70Jo The Morning Toast, Tuesday, December 11, 2018
70BBUlBFrAE The Morning Toast with Jennifer Aydin & Jackie Goldschneider, Wednesday, February 6, 2019
79y0mmuYLXQ The End is Near: The Morning Toast, Monday, December 14th, 2020
7CkT5pJ6zIM TV Recap Extravaganza with Taylor Strecker: Thursday April 29, 2021
7K1lu-abS7U The Morning Toast, Thursday, April 12th, 2018
7SwtlxCEO0Q The Morning Toast, Wednesday, July 25, 2018
7XGIcXAS7dQ Ben Aflac: The Morning Toast, Thursday, June 10, 2021
7XwAX1AZ4ac Some Boooook News: The Morning Toast, Thursday, May 28, 2020
7cA4K-OOTlQ The Morning Toast, Tuesday, July 17, 2018
7eWbj-dkSzQ The Morning Toast, Friday, June 21, 2019
7uWX_dOhaH8 Thank You Simon: The Morning Toast, Friday, July 30th, 2021
7uwB8QiorgQ The Morning Toast with Countess Luann, Wednesday, March 13, 2019
7xjUtH_nLY4 The One Where Theo Turns 21: Monday, April 20, 2020
8AVHDZv7QR4 The Morning Toast, Wednesday, August, 1, 2018 with Betches' Aleen Kuperman
8CPYFVGSACc Chelsea Handler on The Morning Toast: Tuesday, June 8, 2021
8TldVOQA_Dw The Morning Toast with Rachel Lindsay, Tuesday, August 7, 2018
8WbFyJ-1wPU The One Where We Cut To The Feeling with Siesta Key Cast: The Morning Toast, Monday, Dec 9, 2019
8cvJWsJnqlk The One Without Precedent: The Morning Toast, Tuesday, September 17, 2019
8jmQMyAh4TI The Morning Toast, Wednesday, August 7, 2019
8lL8_sSVceg It Was The End Of A Decade: The Morning Toast, Thursday, December 19, 2019
9Erq2ywmt2A Porsha Williams on The Morning Toast: Tuesday, November 30, 2021
9M0ku0YKtTY The Quaransteens: The Morning Toast, Friday, March 13, 2020
9MhjaN0Z-3o Businessman Beau: The Morning Toast, Tuesday, December 1st, 2020
9Mvp_oxszMk Sharks Don't Speak English: The Morning Toast, Friday, July 16, 2021
9PkdAfsyDSU The Morning Toast with Brian Kelly, Thursday, August 23, 2018
9SaGPzuvJZU The Seven Husbands of Christina Haack: The Morning Toast, Monday, September 20, 2021
9ZKAIrDmrAc But The Start Of An Age: The Morning Toast, Monday, January 6, 2020
9_A9DOAsPRM Attn: Governor Cuomo: The Morning Toast, Thursday, May 14, 2020
9aCw6pj8DrY Easy on Me Challenge: The Morning Toast, Friday, October 15, 2021
9f-wnGt3NhU Let's Talk About Tuesdays: The Morning Toast, Tuesday, November 17, 2020
9iqvpl75j2Q This One's For Bru: The Morning Toast, Friday, September 24, 2021
9pT28pg56zE Goodbye Bachelor: The Morning Toast, Tuesday, March 16th, 2021
9v-bziKlVYg Toasters in The Locker Room: The Morning Toast, Monday, January 24, 2022
A8Y_MT59oDA Good Mood Claudia: The Morning Toast, Wednesday, May 19, 2021
A9xfV3iBcT0 When One Ship Sinks, Another Sets Sail: The Morning Toast, Tuesday, January 19th, 2021
AAoFNqwjsRA The Morning Toast with Ben Soffer, Friday, March 29, 2019
AFQxigrCxN8 The Morning Toast with Blake Horstmann, Wednesday, April 10, 2019
AK4Q_YRl9GY The Morning Toast with Derek Peth, July 24, 2018
APSA2Z49wMc America's Sweethearts: The Morning Toast, Wednesday, March 4, 2020
APflCcJZwy4 The Morning Toast, Thursday, April 19, 2018
AQnf3qcQm50 Black Sabbath: The Morning Toast, Wednesday, August 11, 2021
AdhVig3lkl0 The Morning Toast with Justin Sylvester, Tuesday, March 26, 2019
AqE7gZBW4FM The Insecure Cannibal: The Morning Toast, Wednesday, January 13th, 2021
AwDTuWuvbEo Spritz Society: The Morning Toast, Tuesday, August 17, 2021
AwlxrsxrX7o The Morning Toast, Tuesday, August 20, 2019
AxbMl-Pxpj4 The One Where We Feel 2 Ways: The Morning Toast, Wednesday, December 11, 2019
BJ2qWDzVu3g The Morning Toast, Wednesday, October 24, 2018
BKicfJ4kvck The Morning Toast, Wednesday, June 13, 2018
BKz3LFsAieQ The Morning Toast, Friday, June 1, 2018
BPrFBHEDbUg Dr. Deborah Birx on The Morning Toast
BQgA2hb5hLg Bred Ennui and Restively Ness: The Morning Toast, Friday, April 16th, 2021
BT-ZgTZFWVQ The Foolish One: The Morning Toast, Wednesday, April 1, 2020
BTnJCeHurbQ The One With Headbands and Hymens: The Morning Toast with Margo Oshry, Thursday, November 7, 2019
BXlclII2-Fs The Rural Juror with Kristen Doute: The Morning Toast, Tuesday, January 14, 2020
BZZNUUKMCj8 Flip Phone Appreciation Episode: The Morning Toast, Thursday, January 23, 2020
BcyfcPsB_G0 Free Britney: The Morning Toast, Thursday, June 24, 2021
Bh5MEgPosM4 The Monday Toast: The Morning Toast, December 2, 2019
BkbVjDpA4Hs Queen of Getting Shadow Banned with Hannah Berner: The Morning Toast, Friday March 25th, 2022
Bq65CF_hygY Toast - Claudia Oshry
C1h_TV27kQ8 Loren Gray on The Morning Toast: Thursday, May 21, 2020
CByMQL5FHLA The One After The TPG Awards: The Morning Toast, Tuesday, December 10, 2019
CM6Ka1fUV0g Comma: The Morning Toast, Tuesday, February 9th, 2021
COlE53l67Mg Relationships in The Q: The Morning Toast, Thursday, May 7, 2020
CZi06iB674I The Expeditious One: The Morning Toast, Monday, July 13, 2020
Cm9vWMHV5FQ The Beautiful Hump Day: The Morning Toast, Wednesday, April 15, 2020
CwE4yDQf6hE Miley Cyrus, WTF Did You Do?: The Morning Toast, Wednesday, January 5, 2022
D66Cg13f-zU The Morning Toast, Wednesday, February 20, 2019
DKV3-E5sLlU Karen Cruise: The Morning Toast, Wednesday, December 16th, 2020
DKaTe6D7D0g All The Fall Tings: The Morning Toast, Tuesday, October 19, 2021
DanVsabMBfk The Morning Toast, Friday, November 2, 2018
Dbza2WLnm7M The One In Phase 2!: The Morning Toast, Monday, June 22, 2020
DcPbH0jHBx8 The One Where We Disagree: The Morning Toast, Monday, October 26, 2020
Deo8CLABe6g The Beginning Of A Short But Important Week: The Morning Toast, Tuesday, January 21, 2020
Df93Bh7yQnA The Morning Toast, Friday, July 20th, 2018 with Kristin McNamara
DhHiYITcDHc The Morning Toast, Wednesday, April 3, 2019
DilysefSTVY In The Q With The Ks: The Morning Toast, Friday, May 1, 2020
Dj9dXGF3c5k The Morning Toast, Wednesday, June 19, 2019
DkCZsEdcfcc The Morning Toast, Friday, December 7, 2018
E0BOkyyHhIc The One About The Oscars With Madeleine Arthur: The Morning Toast, Monday, February 10, 2020
ECZgeMHkr4o The Morning Toast, Monday, July 2, 2018
ED_K0CeVDGk The Morning Toast with Olivia Oshry, Friday, October 5, 2018
EDlYwRUGjmk The Bold Type: The Morning Toast, Monday, May 24th, 2021
EHH_KCu-ZD4 The One About Boners: The Morning Toast, Wednesday, October 2, 2019
EHlUnEfwusQ The Morning Toast, Thursday, August 1, 2019
EIaZ8YATyKM Bad Stories, Great Show: The Morning Toast, Wednesday, June 30, 2021
EK3hCJwzpQA The Morning Toast with Heather McMahan, Friday, August 10th, 2018
EMo85EGYSTg The One About Everything We Missed: The Morning Toast, Thursday, October 10, 2019
E_4Rh2dMyOY The Morning Sitch with Mike and Lauren Sorrentino: The Morning Toast, Friday, March 6, 2020
EbDlZcMkwpU The Morning Toast with Shep Rose, Thursday, July 11
Eo1nqw5PRYQ Maddison Brown on The Morning Toast: Wednesday, May 5, 2021
Eo9O76soIWg The Morning Toast, Thursday, May 17, 2018
EsIu0q5uMEs The Morning Toast, Monday, August 26, 2019
EuktIw1GsC4 In Our Own Little Corner: The Morning Toast, Friday, February 19th, 2021
EvUIn_3gKwc Stormi by North: The Morning Toast, Monday, February 22nd, 2021
F79jq8pGrwU The Morning Toast, Thursday, April 4, 2019
FIig4cn0wHg Tabula Rasa: The Morning Toast, Wednesday, October 13, 2021
Fjb3I1v1ESk The Morning Toast with Ryan Hurd, Friday, January 25th, 2019
FkP39vcj6l0 The Toast Tank With Daymond John: The Morning Toast, Tuesday, March 3, 2020
FsfF9FJo__0 The Controversial Confrontation: The Morning Toast, Wednesday, March 17th, 2021
FucW-mnKTY0 The One Where We Scrub In: The Morning Toast with Becca Tilley & Tanya Rad, Weds, October 16, 2019
G-GUeml7ouw Boogers and Earwax and Toenails, Oh My!: The Morning Toast, Wednesday, July 29, 2020
G0I7J-00o1A Too Hate To Handle: The Morning Toast, Tuesday, July 6, 2021
GJuHgV4ZiYA Breakup Season: The Morning Toast, Thursday November 18, 2021
GMSbG7I-_fo Claudia Oshry \
GOAqp4pgqtk The Morning Toast with Margo Oshry, Wednesday, May 15, 2019
GVx3nRGxToI The One Without Megxit: The Morning Toast, Wednesday, January 15, 2020
GXZQmbevdKM The Morning Toast with Ben Soffer, Thursday, August 9, 2018
GYuo53cR-w4 The Morning Toast, Thursday, August 29, 2019
GaFAmKQ9e7E The One About New York: The Morning Toast with Rachel Lindsay, Wednesday, September 11, 2019
GaIHi56F0Gg This Is A Case For The FBI: The Morning Toast, Thursday,  August 6, 2020
Ge80adgv-DY No Ragrets: The Morning Toast, Tuesday, March 30, 2021
Ge8OsuncXY0 The One Where Merch Drops: The Morning Toast with Kameron Westcott, Friday, October 4, 2019
GfqnM0uemP0 The One Where We Throw That Cooch: The Morning Toast, Thursday, April 30, 2020
GgnpNxnbUSQ A Very Toasty Olympics Recap: The Morning Toast, Wednesday, July 28, 2021
GiX7IDWnsYU The One Where We're Back in Studio: The Morning Toast, Wednesday, June 24, 2020
GrqVMVt8-uQ The Morning Toast with Jenna Ushkowitz & Kevin McHale, Wednesday, August 14, 2019
Gzi79tIMbGQ The Morning Toast with Daryn Carp, Friday, September 14, 2018
H7swOImxy4Q The Morning Toast, Friday, June 15, 2018
HHMGXGtGpTs The Morning Toast with Jared Freid, Monday, March 25, 2019
HSyzR-2kEqI The Morning Toast, Thursday, May 3, 2018
HWnxIDmNAtA The Morning Toast, Tuesday, June 26, 2018
HX-rSvkXumE Doodylicious: The Morning Toast, Thursday, July 16, 2020
HXK6liHMEwM The Other Side Of The Week: The Morning Toast, Thursday, July 29, 2021
He7HoIM34yw The Morning Toast with Danielle Carolan, Friday, November 30, 2018
HeB-_j-gqY4 The One About Boobs and Burgers: The Morning Toast, Tuesday, November 19, 2019
Hnba0Cm71mk The Curious Question of Bedrooms at Kris Jenner's House: The Morning Toast, Monday, April 5th, 2021
HoPvcm3jaMI The Morning Toast, Monday, July 30, 2018
HpFQHzUgSZI PR Moves with Girl Boss Town: The Morning Toast, Tuesday, March 29th, 2022
HqbsW3FFl9o The Morning Toast, Wednesday, September 12, 2018
I0hr3t3JI6A The Morning Toast with Corinne Olympios, Monday, May 7, 2018
I4d-urJ9EOk All Roads Lead to Girardi Keese: The Morning Toast, Thursday, July 15, 2021
I8ME5NyX5_E The Morning Toast, Wednesday, January 30th, 2019
ICezldK_DLA Mr. and Mrs. Gun Kelly: The Morning Toast, Monday, July 20, 2020
IM-hskNtSck The Morning Toast, Tuesday, June 19, 2018
IRgS0yKy5IM The Morning Toast with Margo Oshry, Monday, September 17, 2018
Ib7KmuDaWxI The Morning Toast, Thursday, January 28, 2021
IfBG455RgJg The Short One: The Morning Toast, Tuesday, June 16, 2020
IhdA_90_ecY The Morning Toast with The Lost Kings and Margo Oshry, Wednesday, December 12, 2018
Iq2lBx1wOAI Ummmm It's Friday!: The Morning Toast, Friday, July 17, 2020
IrD-O0LJRVs The Morning Toast with Daryn Carp, Monday, February 4, 2019
It0bWL2_HsY Pop and Lock and Jam and Break: The Morning Toast, Tuesday, December 8th, 2020
Ittvb7rtmeY The One That's Closed On Sunday: The Morning Toast, Thursday, October 24, 2019
J5Y-0fL5hWc The Morning Toast with Taylor Strecker, Monday, August 20, 2018
J5stef6WtHs Rise and Grind: The Morning Toast, Thursday, September 24, 2020
J87X9bdOU0s Weenieland: The Morning Toast, Tuesday, October 20, 2020
J8C9tsy8g80 The One About Jim Carrey and Ariana Grande: The Morning Toast, Wednesday, February 12, 2020
J9ERcynnkJk Cam Girls: The Morning Toast, Monday, January 10, 2022
JCVy5LYG8n4 The Morning Toast, Monday, April 22, 2019
JD2ZdA7af1Y Sniff Sniff Snort with Ben Soffer: The Morning Toast, Monday, October 25th, 2021
JJX4WvFb5j4 The Morning Toast, Friday, January 4, 2019
JeRSPhtTLgI Social Climbing, Networking, Thirst Monster with Taylor Strecker: Wednesday, April 21 2021
Jf6P-_ZPcj0 To Top Sheet Or Not To Top Sheet: The Morning Toast, Friday, October 23, 2020
Jvdt9kcfCdY The Morning Toast, Monday, June 1, 2020
Jx_MUt9MMxo Truckers For Adrenaline: The Morning Toast, Friday, March 19th, 2021
Jzyf1jQpB0o The Morning Toast, Monday, April 9, 2018
KA31Ejz8YK4 Beat The Crunch with Ben Soffer: The Morning Toast, Tuesday, March 15th, 2022
KCK_U0Dgo3w The One Where We Get Connected (For Free): The Morning Toast, Tuesday, October 8, 2019
KD2s4MNw6Cg The One About HSM: The Morning Toast, Tuesday, April 14, 2020
KJhjM4Iuzic The Morning Toast, Wednesday, January 22, 2020
KPPCqazXD7w Folklore Friday: The Morning Toast, Friday, July 24, 2020
KUp30cX_BPo The End of All Industries with Ben Soffer: Tuesday April 27, 2021
K_MkIdCeZV4 Jackie's Pregnant!: The Morning Toast, Wednesday, August 25, 2021
KeNSDAm8G_M The Beautiful World of The Morning Toast: The Morning Toast, Tuesday, October 22, 2019
KeqdqkEIqf4 Camp Toast 2019
KfAuo_ZML2U Imagine All The Cringe: The Morning Toast, Thursday, March 19th, 2020
Kso1h_t8fz0 The Morning Toast, Monday, January 7, 2019
L20TeBg9cL4 The Morning Toast, Friday, July 19, 2019
L80q534cZdQ The Second Monday in September: The Morning Toast, Monday, September 13, 2021
LJeA5rCgaMM Pretty Toasty with Alexis Neiers Haines: The Morning Toast, Wednesday, February 26, 2020
LRp_in07HAs Access: LIVE From The 2018 CMA Awards Red Carpet
LVVseksJGss The Morning Toast, Tuesday, May 22, 2018
LfjSwYT3HF8 The Cloudy Friday: The Morning Toast, Friday, May 29, 2020
LgYwH2s5dYI Mrs. Hat and The Heartbreak Claud: The Morning Toast, Monday, November 9, 2020
Liwmb3Klrc0 The Morning Toast with Taylor Strecker, Thursday, September 27, 2018
LnQ9dDXM5kk The Kids Are Not Alright: The Morning Toast, Wednesday, July 8, 2020
Ly99rN8BdPM Message Received: The Morning Toast, Monday, November 30th, 2020
LyxI81CEiUw The One With The Squatter: The Morning Toast, Wednesday, October 23, 2019
M1ox925TF_c We Should Be Alone Together: The Morning Toast, Friday, March 20, 2020
M6vdyxGVMnM People, Places and Plants: The Morning Toast, Thursday, November 19, 2020
M8r35LThUIc The Morning Toast, Monday, September 24, 2018
MBm9zOlKxnE The One About Cults: The Morning Toast, Friday, October 11, 2019
MBn1nJxMZoI The Morning Toast, Thursday, May 31, 2018
MDRMmKSZhpU The Morning Toast, Monday, February 11, 2019
MGVDidfXNp4 The Morning Toast, Thursday, January 3, 2019
MaYl90nvTSw The Morning Toast, Friday, June 7, 2019
MvEN5NWBOqw The Morning Toast with Taylor Strecker, Monday, March 18, 2019
MvYHrtFb9Gc The Reality TV Salary Cap: The Morning Toast, Tuesday, September 15, 2020
My8IV05wcgE Robert Flatts: The Morning Toast, Thursday, December 10th, 2020
N8tng7fTsng Fofia Yanklyn: The Morning Toast, Wednesday, February 9, 2022
N9BWVBZcExQ Ghislaine and Jussie On Trial: The Morning Toast, Tuesday, November 30, 2021
NBi4FfvbC9U The Fabulous Monday: The Morning Toast, Monday, August 3, 2020
NOVbE5SzTTg The Morning Toast, Wednesday, November 28, 2018
NPOdoxpBNVo Red Flags: The Morning Toast, Wednesday, July 7, 2021
N_GL85bjnK4 Ciao Millennials: The Morning Toast, Tuesday, October 26th, 2021
NeeMw-qK8V0 Biggest Upset: The Morning Toast, Tuesday, September 22, 2020
NsI31EpOxqM The Morning Toast, Wednesday, July 18, 2018
Ny1WWF7pIyQ Unburdening Ourselves: The Morning Toast, Monday, November 29, 2021
Nz9RkhlPMts London McCallister: The Morning Toast, Tuesday, April 13, 2021
O7UCCAAXVoY The Morning Toast Zachie O Recap, Tuesday, February 19, 2019
O95_DKgNX14 The Morning Toast, Wednesday, September 1, 2021
OIEbLib4nIA Best Friends Back Together: The Morning Toast, Monday, March 21st, 2022
OL6fTfTuWM4 Lemony Swiftie: Thursday, February 11th, 2021
OOul63_2-TA The Morning Toast, Monday, August 19, 2019
OSKOdZbPoAw The Morning Toast, Thursday, July 26, 2018
OSmctiGmi8o Blake Moynes??: The Morning Toast, Tuesday, August 10th, 2021
OY-ATHFPzRs The Morning Toast, Friday, August 2, 2019
OZuzHDkvsGU The Morning Toast with Brian Kelly, Tuesday, March 19, 2019
ObYmHFpkc9o The Morning Toast, Tuesday, October 2, 2018
Oh4gikBe9Mc The Morning Bris: The Morning Toast with Ben Soffer, Thursday, December 5, 2019
P1FIafQ8HO0 The Morning Toast, Thursday, August 2, 2018 with Daryn Carp
PJ7BlhYsOTE CMAs, Alec Baldwin and The Scott Disick Age Gap: The Morning Toast, Thursday, November 11th, 2021
POoFT0X80jU Theo In The Fridge: The Morning Toast, Sept. 16, 2020
PQg0jyj6ucU The Royal Toast: Friday, October 30, 2020
PUrolh-RCMI Amuse My Bouche: The Morning Toast, Monday, October 19, 2020
Pg0E89DX2jE Cease and Desist, Sis: The Morning Toast, Wednesday, January 19, 2022
PgbAp5KDWD8 The Hate U Give: The Morning Toast, Monday, June 8, 2020
PiOVGWA19no 1,487th Friday: The Morning Toast, Friday, June 18, 2021
Piw8Q9OKNXM The Dramatic Granny: The Morning Toast, Wednesday, April 7th, 2021
PmudAoEYefs CLAUDIA WROTE A BOOK!: The Morning Toast, Tuesday, October 27, 2020
PtXMxRnxEhE The Morning Toast with LeeAnne Locken, Thursday, September 20, 2018
PwAtXMOe_nw The Morning Toast, Monday, June 24, 2019
Q-SWwYNLN3E Content Uppers: The Morning Toast, Friday, August 7, 2020
Q-b2SBeCHIY Alarm Free Living: The Morning Toast, Friday, January 22, 2021
Q6qqU8ALHJ0 Hot Lava in The P*ssy: The Morning Toast, Wednesday, January 12, 2022
Q7FSbohiGZ8 Gotta Get Down on Friday: The Morning Toast, Friday, June 12, 2020
Q7NYlEdrUCc The Morning Toast with Heather McMahan, Thursday, February 7, 2019
QBewzpaxs_o Clarevoyance: The Morning Toast, Wednesday, October 21, 2020
QDuY1jOZELo The Morning Toast with Bibiana Julian, Wednesday, September 5, 2018
QHO43tPaFdU Olivia Rodrigo and Lucille Ball: Tuesday, January 12th, 2021
QJuYGHYKiVo Our Attorney Will Get Us Out Of This with Sofia Franklyn: The Morning Toast, Thursday March 17 2022
QKZqYStuy5Y It's Giving Grinch, It's Giving Shango, It's Giving Scrooge: Thursday, November 4th, 2021
QXKmZNejN_Q The Morning Toast, Thursday, March 12, 2020
QpWQ01jA3SQ The Morning Toast, Thursday, July 12, 2018
Qqc5Pt4acvk The Morning Toast, Tuesday, November 6, 2018 PART TWO
QyOKZOb8kpQ The Morning Toast, Thursday, August 8, 2019
R-dcJ9dVKKU Sofia Franklyn on The Morning Toast: Wednesday, February 9, 2022
R7vMKiQsxOU The Early One: The Morning Toast, Thursday, January 16, 2020
RGuCZmEr0sU The One That's Egregious and Snitty: The Morning Toast, Thursday, December 12, 2019
RHQX1AmAwQ4 Forevermoooreee: The Morning Toast, Friday, December 11th, 2020
RbFohcC0sUc The One That's Bittersweet: The Morning Toast with Margo Oshry, Monday, November 11, 2019
RhX4o9uCbaU The Morning Toast, Tuesday, August 6, 2019
RhpoEHYkdWs The Morning Toast with Raven Gates, Wednesday, July 11th, 2018
Rk4iEVcftPU Let's Talk About Paul Rudd: The Morning Toast, Wednesday, November 10th, 2021
Rszm2W1ikac Justice For Snooki with Shannon Ford: The Morning Toast, Tuesday, April 5th, 2022
Ru0qpagy62E The Morning Toast, Tuesday, April 2, 2019
Rx4wj1qaV9I Team Jackie: The Morning Toast, Thursday, February 18th, 2021
Rzr1xCV59H0 The One With Theo's Dad and Aunt: The Morning Toast, Monday, October 7, 2019 with Ben Soffer
S6XnB8ViWD4 Folklore: The Morning Toast, Thursday, July 23, 2020
S9gdAaGRTM0 A Productive Monday in The Q: The Morning Toast, Monday, May 11, 2020
SAFFx_mc5bg The Morning Toast, Wednesday, August 28, 2019
SBlAZYck4XI The Morning Toast with Daniel Eichholz, Tuesday, July 31, 2018
SHotc2-j290 The Morning Toast, Monday, May 20, 2019
SKVDicc9T24 Something Ain't Right: The Morning Toast, Tuesday, July 14, 2020
SMP0HtYq5z8 The One With Black of Hair: The Morning Toast, Friday, October 25, 2019
SOHmdLHjzeQ The One Jackie Almost Slept Through: The Morning Toast, Tuesday, December 3, 2019
SQPzzN15jbg Why Now, Why This Tone-Deaf Initiative?: The Morning Toast, Friday, September 17, 2021
SVaNDgiyVL0 The Morning Toast with Tamra & Eddie Judge, Monday, August 12, 2019
Sbw6HFkq3tI The Morning Toast with Heather McMahan, Thursday, December 6, 2018
Sf8-gHUAGqQ Summer, Summer, Summer: The Morning Toast, Thursday, May 27, 2021
SjHa896zyD0 The Morning Toast, Friday, May 11, 2018
SnFg_Nwnq6I The Morning Toast, Thursday, February 14, 2019
SrV1tF_JevU Get On Your Feet: The Morning Toast, Thursday, September 30, 2021
SwBW_4yjf1s The Morning Toast, Wednesday, August 15, 2018
SxmdLMX4O4g Clare Learn Your Lesson: The Morning Toast, Tuesday, August 4, 2020
T-2CFaJNz_U Love, Toastie: The Morning Toast, Tuesday, April 7, 2020
T6JH6r1mrz4 Reality Show Has-Been Support Group: The Morning Toast, Thursday, June 25, 2020
T7awpuzH_xo Biz News That's Personal: The Morning Toast, Monday, May 3rd, 201
T8r-39WzKy4 The One That Passes The Bechdel Test: The Morning Toast, Wednesday, September 18, 2019
T8sPOx7NEkI The One About The Fabulous Pussy: The Morning Toast, Thursday, October 3, 2019
TG5wGNNi-XA The Morning Toast with Stephen McGee, Thursday, July 19, 2018
THN9HFTw92g The Morning Toast, Friday, May 4, 2018
TK-ivLJY-_k And Just Like That with Taylor Strecker: The Morning Toast, Tuesday, July 20th, 2021
TPg39kFGHJU The Morning Toast, Monday, August 13, 2018
TXTzQPkEke0 The One Where We're Back: The Morning Toast, Monday, Sept. 14, 2020
TXnxpMg2d9s The One We're Thankful For: The Morning Toast, Thursday, November 21, 2019
T_BALFgqxUM The Morning Toast, Monday, January 14, 2019
TrbbyvKPrcw The Fast Five and a Half: The Morning Toast, Tuesday, November 16, 2021
TxtdS2x9k_4 The Morning Toast, Tuesday, May 7, 2019
U3Iu4a-FM_4 Intro To Mindlessness: The Morning Toast, Thursday, June 17, 2021
U7FTZqOLUZY Going Deep with Andy Grammer: The Morning Toast with Andy Grammer, Monday, December 16, 2019
U8dw327joFI The Morning Toast with The Skinny Confidential, Friday, June 29, 2018
UG3ODGwDBfY The Morning Toast, Friday, May 10, 2019
UG8INhnRrzA There's Nothing Better Than Family: The Morning Toast, Wednesday, July 15, 2020
UGdJD1AgCQc The One About Podcasts: The Morning Toast: Wednesday, May 20, 2020
UU8CdrJwmH4 The One About Gym Class: The Morning Toast, Friday, December 13, 2019
U_Qv7X3-xng The One in SKIMS: The Morning Toast, Monday, September 9, 2019
Ua1AqkxxGKw Kim and Julia and Kanye, Oh My!: The Morning Toast, Thursday, February 10, 2022
Um-_dTAJICo The Two Year Anniversary: The Morning Toast, Thursday, April 9, 2020
Umg3dbH2CtA A Sad Day For Justice: The Morning Toast, Thursday, July 1, 2021
UsBfIaEprI8 Shake It For The Birds and The Bees: The Morning Toast, Wednesday, May 12, 20201
Uv1d3XXlpdk Fat in Hollywood: The Morning Toast, Wednesday, December 8, 2021
UypB9nIT_DQ Snitch on the Toast! The Morning Toast, Wednesday, July 22, 2020
UzpTVPTimeo I Need A Little Fabulous, Is That So Wrong?: The Morning Toast, Monday, June 15, 2020
V19rWeLYI6o Fancy Sneaker Show: The Morning Toast, Wednesday, May 5, 2021
V4KF5NB06rM The Morning Toast, Wednesday, December 5, 2018
V9J3F3H3aho Mason Ramsey Strikes Again: The Morning Toast, Tuesday, January 25, 2022
VIm34TQaiaY The One About Megxit: The Morning Toast, Thursday, January 9, 2020
VLK1_453Tas You Could Try Sears: The Morning Toast, Thursday, August 26, 2021
VLoM-b3amaY The One About Business: The Morning Toast with Lauren Elizabeth, Monday, October 21, 2019
VNKo55bkk3Q The Morning Toast with Siesta Key Cast, Thursday, January 17, 2019
Vc0PI2bN354 The Morning Toast, Thursday, August 30, 2018
VhTQH6ItiIc The Mother Effing Jazzy Gals: The Morning Toast, Tuesday, September 29, 2020
ViJ4Ogede-0 Growing Up and Glowing Up: The Morning Toast, Friday, April 9, 2021
VpXwl7rLaLg It's Giving Ramona: The Morning Toast, Tuesday, November 9th, 2021
VrV-hnfiuEU The Morning Toast, Tuesday, January 29, 2019
VrYOtxOVY0k The One With Lots of Wolfiness: The Morning Toast, Monday, November 4, 2019
Vu_JQ-ilhcU The Morning Toast, Thursday, January 24, 2019
VxrXZetzZew CMAs 2018: Kacey Musgraves Reacts To Kendall Jenner Blurring Her Out On Instagram! | Access
WBjSf_BiRsU The Morning Toast, Tuesday, August 14, 2018
WCJaem8Iamg CMA CGM Marco Polo: The Morning Toast, Friday, May 21st, 2021
WIZjv2tkApI Not Skinny But Not Fat with Amanda Hirsch: The Morning Toast,  Monday, July 19th, 2021
WIswKJKHIDQ Crypto.com Stadium: The Morning Toast, Wednesday, November 17th, 2021
WJWxYBiL0I0 The Morning Toast, Tuesday, February 12, 2019
WUqd31hfr6c Leaving On a High: The Morning Toast, Friday, November 20th, 2020
Wfdt4crkh3Q The Morning Toast with Luis D Ortiz, Thursday, March 28, 2019
WjkfKqblDJU A Knock Down, Drag Out Episode: The Morning Toast, Friday, February 11th, 2022
WtHNVyZIZ4U Episode 3, Minute 20: The Morning Toast, Tuesday, June 29, 2021
WwC8WfN9btg Girlwithnojob.com/book: The Morning Toast, Monday, January 25, 2021
WyTkm5rysKg Swimming in The Suez: The Morning Toast, Thursday, July 8, 2021
XBHGGSGUG44 Brokeback Queens: The Morning Toast, Tuesday, March 24, 2020
XLT0Qcen_0g The Morning Toast, Tuesday, April 10, 2018
XO7yQ5XfhVQ Justice For Ms. Darbus: The Morning Toast, Wednesday, May 6, 2020
XPSuHYaMPFk The One About New Content: The Morning Toast, Wednesday, April 22, 2020
XQJs21-mayg Julie. Julie Corkey: The Morning Toast, Wednesday, March 25, 2020
XRvmjwl8844 We're All In This Together: The Morning Toast, Wednesday, March 18, 2020
XS94tmXktu0 See A Lizard, Send A Lizard: The Morning Toast, Monday, October 4, 2021
Xwl_qjmYIpk The Morning Toast with Sara & Erin Foster, Monday, December 17, 2018
Y18AyDGdAwM Stanley Tucci Appreciation Episode: The Morning Toast, Thursday, September 17th, 2020
Y6iPY4YRlBk The Morning Toast with Margo Oshry, Wednesday, April 24, 2019
YCRcCprNuUA The Morning Toast with Joey Camasta, Tuesday, October 9, 2018
YCbCpu3znPE The Toasty Gang With Lady Gang: The Morning Toast, Thursday, March 5, 2020
YFInmvqcXkc Welcome to The Morning Toast!
YLqT0BBDew4 Joe Gorga Appreciation Episode: The Morning Toast, Thursday, February 20, 2020
Ya9E3QBqFb0 You Know My Lifestyle: The Morning Toast, Thursday, May 20, 2021
YpdQKAmB7sM 2020 At A Glance: The Morning Toast, Friday, December 18, 2020
Ys7H9TFoqbU Flip or Flop with Olivia Oshry: The Morning Toast, Thursday, July 22nd, 2021
YsKXs_2QK3E Simon Huck and Melissa Washington on The Morning Toast: Tuesday, September 29, 2020
YufwaBtAyNA The Morning Toast, Monday, June 25, 2018
Z-uI1af7gNw Pennies and Nickels: The Morning Toast, Monday, February 7, 2022
Z69QBgkDrxs Tough Love: The Morning Toast, Tuesday, June 8, 2021
Z9Z7c6kqlHo The Morning Toast with Amanda Stanton, Tuesday, September 3, 2019
ZGFVNyd8Imk The Morning Toast, Thursday, October 11, 2018
ZKRIvmEcM5Y Hubie Doobler Dubois: The Morning Toast, Friday, July 9, 2021
ZOYqOt1Wb-A Happy People Are Annoying with Josh Peck: The Morning Toast, Friday, March 18th, 2022
ZP2Rxys1wVo Happy Chanooka: Tuesday, December 15th, 2020
ZPaYSvzm5f4 Eating Crow: The Morning Toast, January 31, 2022
ZV6A_Wfe5xA The Morning Toast, Wednesday, May 16, 2018
ZWXn5Xh-nr4 Emma Chamberlain on The Morning Toast: Wednesday, August 19th, 2020
ZaHXZ_700Fs Ms. Frizzle Appreciation Episode: The Morning Toast, Friday, June 26, 2020
_7jhzRHfj_g The One About Towels: The Morning Toast, Wednesday, April 29, 2020
_AnTEaFw-LY 100 Percent: The Morning Toast, Friday, January 21, 2022
_AtAVlGfPzI The Morning Toast, Monday, June 17, 2019
_B0NipgNgL4 Sooo Sexy: The Morning Toast, Wednesday, November 18, 2020
_D8Vic2qfTY The Morning Toast, Monday, March 15th, 2021
_H2qWGr5m-A 6 Hours of Television: The Morning Toast, Thursday, November 12, 2020
_Jc1rmvulaQ The One Where Jackie Turns 27: The Morning Toast, Wednesday, November 6, 2019
_ZifxRjuTRc Tristan and Khloe and Kylie Oh My!: The Morning Toast, Monday, December 6, 2021
_htFDGsvHn8 Ja'mie Bond: The Morning Toast, Wednesday, September 29, 2021
_iI5MYx0wBE The Morning Toast, Tuesday, November 13, 2018
_jON_lrs6cU Yikes Massie: The Morning Toast, Wednesday, September 30, 2020
_k7mhJ9iGWg Seeing Things Differently: The Morning Toast, Thursday, May 6, 2021
_p76XJ5TqWU The Housewife, The Hustler & Chrissy Teigen: The Morning Toast, Tuesday, June 15, 2021
_rVEaA4wDzA Waiting All Year For Yom Kippur: The Morning Toast, Wednesday, September 15, 2021
_vIBEaE8qEo The Morning Toast with Golnesa \
a-y_EuLbCTc The Morning Toast, Thursday, December 13, 2018
a7j73RFUPV0 The Morning Toast, Wednesday, October 17,  2018
a7yHOJThnIQ Universality, Relatability, Community: The Morning Toast, Tuesday, April 6th, 2021
aEvA7vNb4Sc The Morning Toast with Vinny Guadagnino, Wednesday, May 9, 2018
aG2t6HH-A6A The Second To Last One Of The Decade: The Morning Toast, Wednesday, December 18, 2019
aGp7fCPeHuY Date Night, Interview Mag, and The Big Jeans Strike Again: The Morning Toast, Friday, January 7 2022
aSY8rco8YiU The Morning Toast Halftime Show: The Morning Toast, Thursday, October 14th, 2021
aSkWpZDcZMU Throupling with Brian Kelly, The Points Guy: Friday April 30, 2021
aYqMKtFjty8 Norma Kamali on The Morning Toast: Friday, February 19, 2021
aZmt15Dwkkk The Morning Toast, Tuesday, January 22, 2019
a_WBkJ7EvHI The Morning Toast, Tuesday, January 8, 2019
aapBdk-SgLI The Morning Toast with The Skinny Confidential, Monday, April 8, 2019
bIbAJpP4WEY The Morning Toast with Zach Weinreb, Monday, March 11, 2019
bJElJlm3-U8 The Morning Tangent: The Morning Toast, Wednesday, October 30, 2019
bQHyWgJKSFQ The Morning Toast, Monday, December 10, 2018
bV0dcm6Wheo The Morning Toast, Friday, August 23, 2019
ba8v8oxS5qA The Morning Toast Camp Toast Recap, Tuesday, May 28, 2019
bc0JE5zB--Q Balls To The Wall: Monday, November 2nd, 2020
bcDhcYyd8J4 The Gloomy Friday: The Morning Toast, Friday, April 24th, 2020
br5UTr-MAkU The Worst Shape of My Life: The Morning Toast, Tuesday, May 4, 2021
c0liOQRRJ24 Maternity Jax: The Morning Toast, Monday, March 14th, 2022
c7SmHphIlgQ Giving Them Lala: The Morning Toast, Tuesday, June 22, 2021
c9N78FsOcSQ The Morning Toast, Monday, August 6, 2018 with Dominique Penn
cEAtTX6d2Ws The One Where Emily DiDonato Is a PGOW: The Morning Toast, Friday, February 21, 2020
cF0OwGQUjpo Babies and Condoms: The Morning Toast, Friday, September 25, 2020
cTwSvBHSTDA The One That's Soo LA: The Morning Toast with Brad Goreski & Gary Janetti, Tuesday, October 15, 2019
cZNO88-hJ7Q The Morning Toast, Friday, July 13, 2018
cbZUdiehzGQ The Masked-d Dancer: The Morning Toast, Thursday, October 29, 2020
ciAPzDRTI1U Number 12: The Morning Toast, Thursday, February 4, 2021
cklJn1hF1s4 The Morning Toast, Monday, July 1, 2019
cz-SiBuqibY Crunchy Angel Dora: The Morning Toast, Tuesday, June 9, 2020
d0CCH5MqPWw The Morning Toast, Tuesday, April 17, 2018
d82_dMhC2fc Menstruation in Space: The Morning Toast, Tuesday, December 7, 2021
d9XhvsrQZ0M The Morning Toast, Tuesday, January 15, 2019
dAJd9QoU-qI The Morning Toast with Margo Oshry, Friday, February 8, 2019
dEuajHx7JYU Tracy Morgan Appreciation Episode: The Morning Toast, Wednesday, April 8th, 2020
dO2HrxEUWKI The Morning Toast, Wednesday, May 8, 2019
dXce-Oqq16g The Morning Toast, Thursday, May 9, 2019
dbiIl3Xh3-I The Morning Toast with Nick Viall, Tuesday, March 12, 2019
dh7dcrYCkdY The Morning Toast, Wednesday, August 21, 2019
doLqy5Z1ooc 'The Morning Toast''s Jackie & Claudia Oshry Hilariously Reveal The One Person Who Makes Them Fight
dtkwd6WN_7k Negative Vibes Only: The Morning Toast, Tuesday, May 18th, 2021
dtyQffJxq6w The One About The International Prankster: The Morning Toast, Tuesday, October 1, 2019
dzm-fzQUzg8 100 Percent - Claudia Oshry (Lyric Video)
e2GjYgx99Ck The Morning Toast 2018 Recap, Tuesday, December 18, 2018
e7bOtSU8aG8 The Morning Toast, Monday, June 18, 2018 with Ellen Marlow
eCjwwAQEsYg Quarantine Bebes: The Morning Toast,
eHxlgcfPrkE The Morning Toast with Natalie Halcro and Olivia Pierson, Tuesday, May 21, 2019
eKuf-fXckgM The Positive One: The Morning Toast, Monday, April 6, 2020
eT6-kMBBrH4 Katie Stevens, Aisha Dee and Meghann Fahy on The Morning Toast: Monday, May 24th, 2021
eVldI0sKM5A Go Elon, Go Elon: The Morning Toast, Monday, May 10, 2021
edhm4Vy9Cvs The Fast Four: The Morning Toast, Thursday, April 16, 2020
efVUp9ztDVE Slow News Day: The Morning Toast, Friday, September 3, 2021
elLBZ1e2Ig8 The Morning Toast, Friday, April 13, 2018
elvPwkBAdOY The Morning Toast, Tuesday, July 9, 2019
emaEEBFpxwA The Morning Toast with Margo Oshry, Tuesday, October 30,  2018
fE8bWxmjmHo The Morning Toast with Lela Orr, Thursday, May 23, 2019
fFO9ckvyxdg The Morning Pop: The Morning Toast with Morgan Stewart, Thursday, October 17, 2019
fGdQyZAitWU Goodbye Golden Globes: The Morning Toast Monday, December 13th, 2021
faS_f5TPVP0 The Morning Toast, Tuesday, May 15, 2018
fprgoTWxXz4 The Bucolic One: The Morning Toast, Wednesday, May 13, 2020
fsMbmqbCauM The Latter Half of The Week: The Morning Toast, Thursday, April 8th, 2021
fyOWQ6NrqWc The One With A Pep in Our Step: Tuesday, May 12, 2020
g2C3Ypz6ZkM Covid Aladeen: The Morning Toast, Friday, February 4, 2022
gNXrqhvRXow The Morning Toast, Wednesday, July 10, 2019
gQospNOi_8Y The Morning Toast with Margo Oshry, Tuesday, May 14, 2019
gU2CEvKoU2g High School Musical 4: The Morning Toast, Monday, November 1st, 2021
gYHSrTL_thA The Morning Toast, Wednesday, October 10, 2018
goo-ZBVlD4o The Morning Toast with Jason Tartick, Thursday, June 6, 2019
h1h6nW4q-9I The Alti-Toots: The Morning Toast, Tuesday, August 31, 2021
h1kT5SfNhBw The Morning Toast, Friday, June 28, 2019 with Margo Oshry
h938oP9yXXQ Prude or Prudent?: The Morning Toast, Tuesday, February 8, 2022
hJ6hEgLEQ_w Streaming War Casualties: The Morning Toast, Thursday, October 22, 2020
hJC-nPD8OY8 Ready, Set, Toast!: The Morning Toast with Simon Huck, Tuesday, February 4, 2020
hLkwurwSxCc The Morning Toast, Wednesday, April 11, 2018
hMIP8Gvs8uA Snow Boots and Reboots: The Morning Toast, Thursday, December 17, 2020
hdF94a1CUKY The Morning Toast with Margaret Josephs, Monday, November 5, 2018
hqfPuNrW_fY Beef Of The Day: The Morning Toast, Monday, June 28, 2021
i4YiSKO6N-M Give Andy The Pulitzer: The Morning Toast, Monday, June 21, 2021
i55ZxwhMGMw Ship Happens: The Morning Toast, Monday, August 23, 2021
iLzpzhA6rog The Morning Toast, Friday, April 19, 2019
iOp7GhdR_Os The Morning Toast, Tuesday, August 27, 2019
iQjb0Z7sh0c The Brothers Cuomo: The Morning Toast, Tuesday, March 31, 2020
iVKvNys-SIg The Morning Toast with Olivia Oshry, Friday, October 26, 2018
iWYnct8hvus GIPHYJIFFY: The Morning Toast, Monday, May 18, 2020
iWpPhc5rXBo Chase Rice Is Loving All The Attention He's Getting From 'The Bachelor' Ladies! | Access
iXcTWCD5vbk The One About Streamy Vibes and Taking The Bus: The Morning Toast, Wednesday, December 4, 2019
iYpI6bdLKco Week 7 in The Q: The Morning Toast, Monday, April 27th, 2020
ifJlbgEQ1qg Pub Day!!!: The Morning Toast, Tuesday, January 26, 2021
iffjhP-TqGE Life Is Short But Quarantine Is Long: The Morning Toast, Monday, March 16, 2020
iqT9J3TfCfE A Potentially Great Episode: The Morning Toast, Wednesday, July 14, 2021
iv-RIY77KEg The Anti-Daylight Savings One: The Morning Toast, Monday, March 9, 2020
iwux-Y9Gfvw Life Isn't Fair: The Morning Toast, Monday, July 12, 2021
j37AgnW-d4M The Morning Toast, Wednesday, January 16, 2019
j45aUeUGpz8 Put Our Foots Down: The Morning Toast, Thursday, January 21, 2021
jbFf2zsKsNI The One About A Bush: The Morning Toast, Wednesday, February 5, 2020
jfG4v6eJvOo Popping Off With Purpose: The Morning Toast, Wednesday, January 26, 2022
k5mV_RsSWkw Hump Day & Merch Day: The Morning Toast, Wednesday, June 16, 2021
k6cHzhIxggw The Morning Toast with Margo Oshry, Wednesday, March 27th, 2019
k8wP-MInllQ The Morning Toast with Ben Soffer, Thursday, October 18,  2018
kE_kP2GPZP4 Roach SZN: The Morning Toast, Tuesday, June 23, 2020
kVY5ZDKjIas Podcasts Without Borders: Wednesday, January 20th, 2021
kjg3ukvZPVM A Very Erotic Hump Day: The Morning Toast, Wednesday, September 8, 2021
kkDWcDYcHyU Theo's Birthday Extravaganza with Ben Soffer: Tuesday, April 20, 2021
l-XJ_ILWcIo What Do You Want, Cuh-lare?: The Morning Toast, Wednesday, October 28, 2020
l-YH48qODLY That's OUR Show: The Morning Toast, Wednesday, February 3rd, 2021
l72NlilArT4 The One With Much To Discuss: The Morning Toast, Tuesday, July 7, 2020
l7x4zr-37nY As Predicted By Us: The Morning Toast, Tuesday, July 28, 2020
lDnxs3D6v8Q The Morning Toast with Teresa Giudice, Wednesday, November 7, 2018
le333dqZQ4k The One About Society: The Morning Toast with Chris Appleton, Tuesday, November 12, 2019
lfRyGM_5sDE The Morning Toast, Monday, October 1, 2018 with Anthony Vazquez
m0zO1zlPl6w The Morning Toast, Thursday, November 29, 2018
m4ck0fE9_dY The One That'll Make You Crave Whataburger: The Morning Toast, Monday, September 16, 2019
m5y4d5Gq4Og Love Island's Shannon and Josh on The Morning Toast: Friday, August 20th 2021
m810pT_fR2E A Euphoric Episode: The Morning Toast, Tuesday, January 11, 2022
mFykjlqjLk8 Chessie-Gate: The Morning Toast, Friday, September 10, 2021
mKuHjRo8xgk Housewives Heavy: The Morning Toast, Thursday December 3rd, 2020
mOWU5ez1Nbk Taking Out The Trash: The Morning Toast, Monday, May 4th, 2020
mUaKWeI3jT4 Press Play: The Morning Toast, Wednesday, December 2nd, 2020
mgsJmtACUbw Transition Lenses with Ben Soffer: The Morning Toast, Thursday, October 21st, 2021
muCD9PCVjLQ The Morning Toast, Tuesday, June 12, 2018
mvGoEW52H5o We Need New Friends: The Morning Toast, Wednesday, December 9th, 2020
mx606hiW1wg The Morning Toast with Nick Viall, Thursday, February 21st, 2019
myAvZs67rEk The Morning Toast with Ben Soffer, Wednesday, August 22, 2018
mzzlDMVQS0c The One About the Government: The Morning Toast, Thursday, September 12, 2019
n0hJlONeAa8 The Merry Toast: The Morning Toast, Friday, December 6, 2019
n9QQRQKOALU The Morning Toast, Thursday, April 18, 2019
nBsM7A9hlHg Don't Worry, You're Not Getting Pulled Over: The Morning Toast, Wednesday, January 8, 2020
nDWL4Je547o Is Doody Funny?: The Morning Toast, Wednesday, December 15th, 2021
nHgowDz7kQ0 The Morning Toast with The Skinny Confidential, Thursday, November 8, 2018
nKAs6bUo-Cg Disgraced Queen Day: The Morning Toast, Tuesday, June 30, 2020
nN45WZ6dHNI The Morning Toast with Heather McMahan, Thursday, October 4, 2018
nOUWZ4hgg2Q Hey There Upper East Siders: The Morning Toast, Friday, June 11, 2021
nTU_P6NXR4Q Sure, Bill: The Morning Toast, Monday, May 17, 2021
na8YTmPyiBE The Morning Toast, Wednesday, May 23rd, 2018
nc4002-0BlY The Morning Toast, Wednesday, May 29, 2019
nh1eVxsKFXE Dorit Kemsley on The Morning Toast: Wednesday, August 26, 2020
nh25LMrMqIw Conjunction Junction, What's Your Function?: The Morning Toast, Thursday, June 11, 2020
nl9DKdmYNr4 The Morning Toast, Tuesday, April 9, 2019
nlEpGjwwK5A Blended 2: Kravis: The Morning Toast, Monday, October 18, 2021
o-kXr5Qjc6I Fast Fashion, Fast Food, Fast Five: The Morning Toast, Thursday, April 15, 2021
o9H13nbLanw The Morning Toast, Thursday, March 14, 2019
oD2L8PN9guk The Morning Toast, Friday, September 28, 2018
oOKHM8OibFc 1 + 1 = Sock: The Morning Toast, Tuesday, July 27, 2021
oVhQc22rdgw Seven Degrees of Southern Charm: The Morning Toast, Tuesday, July 13, 2021
oZ6kgzEadUo The Morning Toast, Wednesday, January 23, 2019
og2V2nYwA9I The Morning Toast with The Points Guy, Tuesday, December 4, 2018
ol3dujCM15M The Morning Toast with Lauren Elizabeth, Tuesday, September 18, 2018
om7VrZBb2lA The Morning Toast with Daryn Carp, Monday, February 25, 2019
opLN_oG9TtM Hot Du Summer: The Morning Toast, Friday, June 4th, 2021
p2cxiqDwXAI Reverie: The Morning Toast, Friday, August 13, 2021
pDU-hus2qbY The Morning Toast, Wednesday, March 20, 2019
pLbQLgksS0Q The One With The Fly: The Morning Toast, Tuesday, October 29, 2019
pYTvuJ8Vc_8 A Wonderful Wednesday: The Morning Toast, Wednesday, June 9, 2021
pbFvQFPoYW4 2021 in Music: The Morning Toast, Wednesday, December 1, 2021
pbcSBhSV_a4 Check On Your Local Party Girl: The Morning Toast, Tuesday, November 10, 2020
pdHKXn3kqOI Fraud Island: The Morning Toast, Monday, August 16, 2021
phvfTH11nUM The Morning Toast, Monday, May 21, 2018, Royal Wedding Recap
pwyAx0ls-6Y Viall Files Episode 56: Steeny Vibes with The Morning Toast
q26aeppt-Yk The One That's Everything Of The Sort: The Morning Toast, Friday, January 31, 2020
qG25k0kq2U4 The Morning Toast, Thursday, July 18th, 2019
qI4XnBqKuGI The Morning Toast with Astrid Loch & Kevin Wendt, Wednesday, October 3, 2018
qNLuzemxPZY One Hit Wonder: The Morning Toast, Wednesday, April 14th, 2021
qXhtREYyB38 Two Take Tuesday: The Morning Toast, Tuesday, February 1, 2022
qc5HE6v66B0 Redheaded Julia Roberts with Taylor Strecker: The Morning Toast, Wednesday, March 16th, 2022
qvIcVMKakCY The Morning Toast, Wednesday, January 9, 2019
r-P7L5niDSk The (4th) One With Nick Viall: The Morning Toast, Thursday, September 19, 2019
r0oorNcCXyE Bend & Snap with Tyler Cameron: The Morning Toast, Wednesday, July 21st, 2021
r6h-D8QZJao The One Where Justice Is Served: Tuesday, February 25, 2020
r7HcYgCLPsA The One With Bruno: The Morning Toast, Friday, November 13, 2020
rB5CeC4-xkQ The One About Pump Rules: The Morning Toast, Wednesday, June 10, 2020
rJNZvpvFGHI The Morning Toast, Thursday, June 14, 2018
rOWFFafVZY0 The Morning Toast, Thursday, September 13, 2018
rPq2xPxaksg The Morning Toast, Thursday, November 1, 2018
rcmJGkk0THY The Morning Toast, Tuesday, February 5, 2019
rdm6UIf1CqY Doxing Through The Snow: The Morning Toast, Monday, December 7th, 2020
rid3Q8P3e28 The Morning Toast: Met Gala Extravaganza with John Targon, Tuesday, May 8, 2018
s1_pzG_zcnw The Morning Toast's Camp Toast Video
sBDJ-u5rr44 The Morning Toast with Melissa Gorga, Wednesday, February 13, 2019
sIZ7ygFqnEo The Morning Toast, Friday, March 15, 2019
sLOhFNMP40E The One Where Caprice Sits On The Throne: The Morning Toast, Monday, March 2, 2020
sNFC7Ns4MZA Kelly vs. The People; The Morning Toast, Thursday, OCTOBER FIRST, 2020
sQK_Hqh4g5s Barb The Beefer: The Morning Toast, Wednesday, March 11, 2020
saGzNokXRik The Morning Toast with Connor Deurmit, Monday, April 16, 2018
scLoydIP46A The Last One Where Claudia is 25: The Morning Toast, Thursday, July 9, 2020
se5HqKU-6R4 The Morning Toast, Friday, May 7, 2019
si_ZV_Ecuz0 The One That Could Be Nominated For a Grammy: The Morning Toast, Wednesday, November 20, 2019
sj5k1ZSumxc The Morning Toast, Monday, December 3, 2018
skFL1BxHgf4 Welcome To The Morning Toast!
sxAISrpBs_4 Guaraunty: The Morning Toast, Friday, December 4th, 2020
syjLDTkChsM Meet The Mets Owners: Tuesday, April 21st, 2020
t0sj2NXeL_w The Morning Toast, Tuesday, August 28, 2018
t39GBuUFNd0 Erin Gilfoy and Carly Incontro on The Morning Toast: Tuesday, September 21, 2021
tJhlH_K1eQo The Morning Toast, Thursday, May 30, 2019
tQIF0N9NwDg Jackie & Claudia Oshry Reveal The Real Reason Why They Created 'The Morning Toast'
tbdk-0GD5nk The Morning Toast, Wednesday, August 29, 2018
tdbFROrkt0Q The Morning Toast, Thursday, August 22, 2019
tlh20XhxRo4 Justice For Jon Favreau and Cheerleaders: The Morning Toast, Monday, January 13, 2020
tsQsZcXLqYU It's A Fabulous Time To Be Pregnant: The Morning Toast, Thursday, September 9, 2021
ttYgoWqwP8Q The Morning Toast with Love Island's Alex Stewart & Dylan Curry, Thursday, August 15, 2019
tuZs5gH3ayA Lashon Hara: The Morning Toast, Monday, September 21, 2020
txfQTynvOY0 The Morning Toast, Monday, June 3rd, 2019
tyrO4c13Rgk The Morning Toast, Monday, May 14, 2018
u-H3DKfC1Eg The Morning Toast, Friday, May 18, 2018 with Daryn Carp
u1qIFfzmeU4 Dial 6 vs. Dial 7: The Morning Toast, Wednesday, November 4, 2020
u2DkQNpiDWk Spoiler Alert Central: The Morning Toast, Monday, January 11th, 2021
u3EVve1DAbA The Law Is Reason Free From Passion: The Morning Toast, Tuesday, May 26, 2020
u7G3Rgx-hF8 From Iconic To Moronic: The Morning Toast, Thursday, January 6, 2022
uPl1Xluqj-s Claudia's Birthday!: The Morning Toast, Friday, July 10, 2020
uRRHxA__oHQ Lala Kent on The Morning Toast: Tuesday, June 22, 2021
uXwx9xtRApI The Morning Toast with Margo Oshry, Monday, October 8, 2018
udHFuEyH5Y4 From Travis to Pete to Harry: The Morning Toast, Thursday, February 3rd, 2022
ueIkGxp0Egk The One About Walking The Walk with Mercedes Javid, The Morning Toast, Thursday, February 13, 2020
ugO7RUBxzTE The Morning Toast, Friday, April 20, 2018 with Theo Soffer
unwbnUK5Jjw The Morning Toast Live at The CMA Awards Red Carpet 2019
ura5RkAAw3U Bravo, Bravo, Bravo With Paige DeSorbo: The Morning Toast, Wednesday, April 6th, 2022
utr132sYlbI The Morning Toast with Rachel Lindsay, Thursday, October 25th,  2018
uvUFFIuA_Qg The Morning Toast with Ben Soffer, Wednesday, September 26, 2018
v0Y8a2BpaL0 The Morning Toast, Monday, July 8, 2019
v2a8id6nXrA The Morning Toast, Thursday, June 28, 2018 with Daryn Carp
v2jb248defc Cinco De Mayo: The Morning Toast, Tuesday, May 5th, 2020
vAo-_nKVw9E The Last One Where Jackie Is 28: The Morning Toast, November 5th, 2021
vKQdt7Z8lnU Germane To The Conflict: The Morning Toast, Friday, September 18, 2020
vPbNAwxF09M The Morning Toast with Olivia Oshry and Birch Event Design, Friday, January 11, 2019
vcxWuofj_Gk The Morning Toast, Friday, November 9, 2018
vhG-ILGHfWc Simpatico: The Morning Toast, Tuesday, September 21, 2021
vmEHjusPUNk The Morning Toast with Ashley Jacobs, Wednesday, May 2, 2018
vnaIBUYWnNM The Morning Toast, Wednesday, June 27, 2018
w02Z5ZR77mk Megan Fox Kelly: The Morning Toast, Thursday, May 21, 2020
w2KgnoxOZ1c Weddings, Weddings, Weddings: The Morning Toast, November 15, 2021
w6osMKG8Gug Back At It Again With The White Loafers: The Morning Toast, Monday, August, 9th, 2021
wA8H-4Ph2o0 Fashion Hogwash: The Morning Toast, Tuesday, September 14, 2021
wIWr1XmAn-U The Morning Toast with Peter Hermann, Wednesday, June 5th, 2019
wQih5yB48Ls The 700th Episode: The Morning Toast, Monday, July 26th, 2021
wQu7vobrnss Two Weeks To Flatten The Curve: The Morning Toast, Wednesday, February 2, 2022
wUsgyPlsHQc The Morning Toast with Nick Viall, Wednesday, July 17, 2019
wViVcstF3aw Flames Emoji: The Morning Toast, Wednesday, May 27, 2020
w_14lA1WpPo The Morning Toast with Reza Farahan, Wednesday, February 5, 2020
w_KQfmcgxak Stickittothemaneosis: The Morning Toast, Thursday, November 5, 2020
wfA3PKdLqo8 Claudia vs. Harry Styles' Butt: The Morning Toast, Thursday, September 23, 2021
wgF8XX9rj8k The Morning Toast with Peter Kraus, Tuesday, October 23, 2018
wn8g7VWg9LM The Morning Toast, Thursday, March 21, 2019
wpRqthwEHMc The Morning Toast with Rachael O'Brien, Wednesday, April 17, 2019
wr-ENsRmsso Love Is In The Air: The Morning Toast, Wednesday, February 17th, 2021
wrzyT9iQtpU The Dinner Party From Heaven: The Morning Toast, Thursday, September 2, 2021
x3Cc_5WATCs The One With Baker: The Morning Toast, Thursday, September 26, 2019 with Abigail Hawk
x9J0GxpqGPQ Frosty The Sex Symbol: The Morning Toast, Thursday, July 2, 2020
xGPZ1orNdR0 Giving Us Nothing: The Morning Toast, Wednesday, November 3, 2021
xH7bZzFJ2bM Subway: The Musical: The Morning Toast, Wednesday, February 10th, 2021
xMaS4ilKrYU The Morning Egg: The Morning Toast, Friday, April 10, 2020
xRHbsAn1C0s The Morning Toast, Monday, July 23, 2018
xUTEyqcBD3g ApRiL fOoOoLs: The Morning Toast, April 1st, 2021
xVDZpmXTxMg The Noon Toast: The Morning Toast, Monday, March 30, 2020
xji4RHO_OJc Lil Bit Diana: The Morning Toast, Monday, June 7, 2021
xl6Jxzh_OjA To Preen Or Not To Preen: The Morning Toast, Friday, May 22, 2020
xnO-VncGuuY The Morning Toast with Juliette Porter & Kelsey Owens, Friday, February 8, 2019
xr8aJvksrLQ To Snoop Or Not To Snoop: The Morning Toast, Wednesday, June 17, 2020
y8n-D6uPpI4 The Morning Toast, Tuesday, July 3, 2018 with Sophia Schoenau
y9GOVg0XZ_Q The One About Spanking: The Morning Toast, Tuesday, September 24, 2019
ySD-VVAgnM0 Deez Nuts: The Morning Toast, Wednesday, June 23, 2021
yauDg2SoH8c The Self-Loathing Carries: The Morning Toast, Tuesday, February 11, 2020
ykzb936M53g Claudia Explains It All: The Morning Toast, Wednesday, June 2, 2021
ylt8j7D8RzY The Morning Toast with Becca Tobin, Friday, September 6, 2019
ymmuXfj8ZHI Staying Abreast with Bruce: The Morning Toast, Friday, April 2nd, 2021
yop8CNfURbw Remi Bader on The Morning Toast: Wednesday, May 19th, 2021
yp7GEmN5p5g Sports Adjacent Relationship News: The Morning Toast, Monday, February 8th, 2021
ypAh2tOL4so The Morning Toast Halloween, Wednesday, October 31,  2018
ywWCOD61mSI The Morning Toast with Margo Oshry, Friday, February 1, 2019
yxhPYfRGsfs The Morning Toast with Margo Oshry & Nastia Liukin, Friday, August 3, 2018
yzYk5AEWU40 The One About The Pastor: The Morning Toast, Wednesday, February 19, 2020
z42cBA9n8xA The One With The Jonas Brothers: The Morning Toast, Thursday, October 31, 2019
zE0Q1M21xRA Brian Kelly on The Morning Toast: Wednesday, January 26, 2022
zIc8NI84cAs Another Day in The Q: The Morning Toast, Thursday, April 23, 2020
zKvbC4i3OLg The Morning Toast LIV: The Morning Toast, Monday, February 3, 2020
zL5G2gWXylk We've Cracked: The Morning Toast, Monday, March 23, 2020
zNvAiohd8ns Love Is Blind's Lauren Speed and Cameron Hamilton on The Morning Toast
zR4QziPsPYU Pete Asked Kim To The Prom: The Morning Toast, Friday, November 19th, 2021
zYKUlREhTkk The One About Apologizing: The Morning Toast, Wednesday, September 25, 2019
zcuUE8pGcgo The Morning Toast With Taylor Strecker, Tuesday, August 21, 2018
zknXEEPlbtc The Morning Toast, Wednesday, May 22, 2019
zseogLoK2BI Instagram Was Down But Our Spirits Were Not: The Morning Toast, Tuesday, October 5, 2021
zwZE_Vy8yJ4 The One Where Theo Is A Perfect Angel: The Morning Toast, Friday, February 7, 2020
zwlQHC4JnDo The One About EGOTs: The Morning Toast, Monday, July 27, 2020
zxJWNn3IYS0 Mike Tattersfield Said \
zyhQQVa8Go0 Engaging: The Morning Toast, Friday, February 5th, 2021
