-9dHiTwp4Z4 Cinnamon Challenge - The Slow Mo Guys
-BCwcr606g0 How a Film Camera works in Slow Motion - The Slow Mo Guys
-Iktr62DFEY Slow Mo Rainbow Fire Tornado - The Slow Mo Guys
-_5Ce7JgBPM Iceland’s Geyser in 4k Slow Mo
-xN12kR4TLc Cat Jumping in Slow Motion - The Slow Mo Guys
0K0SZglR5jI Diving into a Moving Swim Cap at 1000FPS - The Slow Mo Guys
0_avPbgxw28 Filming Inside a Slow Motion Vortex - The Slow Mo Guys
0fP_k6y9ows Mid-air Paintball Collisions in Slow Mo - The Slow Mo Guys
0fyXnhAGS6A Sledgehammer vs Clock in Slow Motion - The Slow Mo Guys
0gDVWPPgMKY Sumo Wrestling in 4K
0vUgGSLTtOg 25 Airbag Rainbow Explosion in 4K - The Slow Mo Guys
0yxvYfJ5gjY Exploding Fruit in 4K
1A9epPJraho Hydraulic Press in Slow Motion - The Slow Mo Guys
1Dp-P_a0afA Magnet Smash in 4k
1hfx6AVDoLY Magnet Smash in 4K - Bonus
257ulh06BJA Slow Motion Vomit - The Slow Mo Guys
2NS1umhAAeg Fire Tennis - The Slow Mo Guys
2kH9-yyUzew Ultimate Backflop - The Slow Mo Guys
32ijgF3kKM8 Crashing through 200 Coke Cans - The Slow Mo Guys
3BJU2drrtCM How a TV Works in Slow Motion - The Slow Mo Guys
3HmP-fq6r9M Exploding Sand Castles
3dRt8Ui4l5U Imploding Drum - The Slow Mo Guys
3owqvmMf6No How a Hard Drive works in Slow Motion - The Slow Mo Guys
4Uhe7pNqCFo Running Through Glass in Slow Motion
4lm75v4Ndlg Rainbow Paint on a Speaker - 12,500fps - The Slow Mo Guys
4vk3tlSJzqc Jackie Chan Coin Challenge - The Slow Mo Guys
56KE9-Tdhok Giant Weather Balloons
576HwhU6PMM Taser Impacts on Bare Skin at 28,000fps - The Slow Mo Guys
5MTFVaaB5mU Exploding House in Slow Mo
5WKU7gG_ApU Paint on a Speaker at 2500fps - The Slow Mo Guys
5clXuoK5Lm4 Giant Balloon Pose Off
5mZovjRlkWs Jelly Tennis - The Slow Mo Guys
5nGaXY5Gxy4 Inside a 6ft Air Balloon - 4K - The Slow Mo Guys
5ndU8XuUaOI Slow Mo Rainbow Flame - 4K - The Slow Mo Guys
6UpmhbPaOHY Convertible Aerodynamics at 1000fps - The Slow Mo Guys
6WUxgmMDts4 Blowing up Capacitors at 187,000FPS
6phdJWRi_vw Seatbelt Pretensioner in Super Slow Mo - The Slow Mo Guys
6y-JIVmKn0Y Corn Drill in Slow Motion - The Slow Mo Guys
705OzYq7cXU Gravity Defying Cat - The Slow Mo Guys
7XwIJdDcmNk Massive Crusher - The Slow Mo Guys
7Ys_yKGNFRQ Filming the Speed of Light at 10 Trillion FPS
7oJXt43N4ZQ Fluorescent Light Bulbs SMASH - The Slow Mo Guys
89OduOlMc0M Crossbow at 2500fps - The Slow Mo Guys
8OH1CKIQdpw Tablet vs Paintballs - The Slow Mo Guys
8haPaV0YBPI Painting with Bullets in Slow Motion
8iQvZueIBrA Soggy Flappy Faces in Slow Motion - The Slow Mo Guys
9HhhS3f2AEQ Exploding Melon! - The Slow Mo Guys
9VWDqq4JsrA What Happens if you Sit on an Airbag? - The Slow Mo Guys
A9J1gkw9BI0 Pouring a Liquid Mirror in Slow Motion - The Slow Mo Guys 4K
AVqdwiGiif0 Egg Destruction - The Slow Mo Guys
AYOx-iCMZhk Red Kites in Slow Motion - The Slow Mo Guys
AaBfFZ2lObk Slow Mo with a High-Speed Robot - The Slow Mo Guys
AhXaER53CHQ Firing a .50 Cal Sniper Rifle in Slow Motion - The Slow Mo Guys
Atx-0_G1KHQ One Second Salad in 4K
Azf2tbSfF-Q Gas Rocket - The Slow Mo Guys
BFWI0GQZA14 Rubber Wrecking Ball in 4k
BtYKDamqo2I Breaking Youtube with Slow Mo Glitter - The Slow Mo Guys
CO5OKAo8aIw Slow Mo Molten Thermite in Water - The Slow Mo Guys
CQwJffsycPA Air Pistol Vs Candle Challenge - The Slow Mo Guys
CdM0ywYQzBs Leg Waxing at 28,000fps - The Slow Mo Guys
CmjeCchGRQo Inside a Camera at 10,000fps - The Slow Mo Guys
CuVB8YpQlYQ Front Flips and Back Flips in Slow Motion - The Slow Mo Guys
D1fH6Vuajeo Lighting a Candle Without Touching it in Slow Motion - The Slow Mo Guys
D3MwoaYrKrM Bottle Bomb - The Slow Mo Guys
D7sj7L1uLiw 4 Ton Wrecking Ball in Slow Motion - The Slow Mo Guys
DU7HDgv8Zzg Slow Motion Punch in the Stomach - The Slow Mo Guys
DfdgY-QOphU Fire Hose in 4k - Bonus Clip
DlR437Pltbs Paint Cannon Salute in 4K
E5rGFZWQfzk Underwater Explosions at 120,000fps - The Slow Mo Guys
EE7ug2okU-E Spark Plug vs Car Window at 800,000FPS! - The Slow Mo Guys
EIEwy8rPik4 How the Apple Watch Ejects Water in Slow Mo - The Slow Mo Guys
EjIbmQsWtqc Macro Pupil Constricting in Slow Motion - The Slow Mo Guys
EkP3eDAROhM Spinning a Million Sparks  - The Slow Mo Guys 4K
F8Z-ayQkK2A Fire Breathing in Slow Motion - The Slow Mo Guys
FIG_n7RrCH0 Electric Face Puncher in Slow Motion  - The Slow Mo Guys
FOJ7JAUK6EU Spinning Ink out of Pens in Slow Motion - The Slow Mo Guys
FVo2qdXxQ7o Gnarly Water Spirals at 1600fps - The Slow Mo Guys
Fmg9ZOHESgQ My Iris Wobbles! - Eye In Slow Motion
G-6UNE09kW0 Sniping a Slow Motion Camera - The Slow Mo Guys
G-INZytOAj8 Fast Reptiles in Slow Mo
GIMVge5TYz4 How fast does glass crack? - The Slow Mo Guys
Gmi2JbKs9jE Bear Trap Power
H93n-k3SkiQ Paint Exploding at 15,000fps - The Slow Mo Guys
HSLxNHPVtxY Dropping a Living Room
HUmLN6AGldM Satisfying Slow Mo Fruit Ninja - The Slow Mo Guys 4K
HWgfFYCAsX8 Slow Mo Gargling Uvula - The Slow Mo Guys
Ip45GkOy9iA Towers Collapsing in Slow Motion - The Slow Mo Guys
Iv4G420TaRM Submerged inside a 6ft Water Balloon - The Slow Mo Guys 4K
JGWXm6voaK4 Kicked by a Taekwondo Expert
JV14tr3qHgk Paintballs against BARE SKIN in Slow Motion - The Slow Mo Guys
Jh2cZKQZ1XA What if Every Second Lasted an Hour? - The Slow Mo Guys
K4sA4Itrca0 The Earth Inside a Macro Water Droplet - The Slow Mo Guys
K5ls-rAcaHs Airbag Explosion in 4K
KRcajZHc6Yk Airbag Deploying in Slow Mo - The Slow Mo Guys
KtA3Wp8eNgA Hollywood Stunt Falls in Slow Motion
L-3nkSdyto0 Visualising Frequencies in Slow Mo
L4PKj9UNyGM Compressed Air Cannon in Super Slow Mo - The Slow Mo Guys
LLlKZeVA4bw Paint Explosions - The Slow Mo Guys
LctF35WM2sk Apple Golf - The Slow Mo Guys
Lf42yiZP3og Chinese Spouting Bowl in Slow Motion - The Slow Mo Guys
Lov0T3eXI2k Opening a Condom in a Wind Tunnel
Lqwj5bACKbU Tesla Coil
M5_4kHZsdyc Match Stick Rockets in Slow Motion - The Slow Mo Guys
M5lMRDBseac Underwater Submarine Explosion in Slow Mo - The Slow Mo Guys
MH5x4Om_7so Axe Through a Deodorant Can - The Slow Mo Guys
MyZEWzvhVEY Planet Slow Mo - Official Trailer
NI95LMyPGcc Mammoth Stomp - The Slow Mo Guys
NMbM-ERy2Lk 6ft Man in 6ft Giant Water Balloon - 4K - The Slow Mo Guys
NXAgjKDFc14 How a Fire Sprinkler Works at 100,000fps - The Slow Mo Guys
NeKXvINnk04 Lego Plane Crash in Slow Motion - The Slow Mo Guys
ODfzJ6AIShQ Showered by a Giant 6ft Water Balloon - The Slow Mo Guys 4K
OkZ9Eq0DQqQ We gave Will Smith a Flame Thrower - The Slow Mo Guys
OlY_8ulFEuY Tony Hawk Ramping Things Up
On1CsbTwlDs Football to the Face 1000x Slower - The Slow Mo Guys
OubvTOHWTms Underwater Bullets at 27,000fps - The Slow Mo Guys
PK8dsAeMmPk Rubber bands vs Water Melon - The Slow Mo Guys
PNWONhxILFA Flaming Wire Wool In 4K Slow Mo - The Slow Mo Guys
PbgdRR4yj8Y Explosive Oil Fire at 2500fps - The Slow Mo Guys
PwhCtaVcaic Falling onto a Giant Water Balloon at 12,500fps - The Slow Mo Guys
QCzJbpcCLgI Tongue in a Mouse Trap - The Slow Mo Guys
QwoghxwETng Fire Tornado in Slow Motion 4K - The Slow Mo Guys
QxvbHFtZ1Jw Combustion Tube in Slow Motion - The Slow Mo Guys
RAsSrg2Q-2g How to avoid a Backdraft
RKTXn_c2tyQ Falling on a Moving Treadmill in Slow Mo - The Slow Mo Guys
RkLn2gR7SyE Non-Newtonian Fluid in Slow Motion - The Slow Mo Guys
Rz37I23NT9s Home-Made Goop Cannon - The Slow Mo Guys
SAT1eBpJyG8 Sledgehammer vs PC in Slow Motion - The Slow Mo Guys
SFILzbSO0oQ Welcome to the Super Slow Show!
SXzs1G9fuiQ Crashing Through a Wall in Slow Motion
Sb7D_BlQxfM Thermal View of a Geyser
SkmaMSiFT6g Fire-breathing Backflip with Steve-O - The Slow Mo Guys
TDJfNgGcbTI Champagne Saber in 4K Slow Motion with Rhett and Link - The Slow Mo Guys
TTDfBBxmqTk 1200ଌ Molten Copper in Slow Motion - The Slow Mo Guys
TXYcj5wS-R0 Slow Mo Aerodynamics
TdrHYPeWxwc Smashing China plates, Baseball bat - The Slow Mo Guys.
Tmg5WOvPKpU How a Pinball Machine works in Slow Motion - The Slow Mo Guys
UAK8HDP1NnA Day 3 -  Exploding Lego House - The Slow Mo Guys
UddlsDsoIWs Fastest Clapper in The World - Bonus Clip
Um5pYt73d-I Smashing a TV in Slow Motion - The Slow Mo Guys
V3bAOhEwIws Paint on a Drum in 4K Slow Mo - The Slow Mo Guys
VCERs0v1OoI Tuning Fork at 1600fps - The Slow Mo Guys
VCcp7IY7qj8 Tiny Plasma Cutter in Slow Motion - The Slow Mo Guys
VZqwvGhoHKU Mouse Trap Finger Challenge - The Slow Mo Guys
W1YrcmtVTYA Det Cord Shockwaves in 4K
WMs3NOW1TDs World's Biggest Jelly in Slow Motion
X3uKmTdgmQg Shattering a Wine Glass with Sound at 187,500FPS - The Slow Mo Guys
XMIc4uTAMh0 Super Slow Show Outtakes - Bonus Clip
XjwO9InuFJk Football to the Face in Slow motion - The Slow Mo Guys
Xtqr1C6eDmY Splitting Pellets with a Knife in Slow Motion - The Slow Mo Guys
Xz5z1hBxejg Slow Motion Water Balloon Fight with 1500 people Starring Freddie Wong
YAfmZKX24Zs Spinning Water Galaxies - Interesting fluid physics - The Slow Mo Guys
YDHos3Q1NcA Van de Graaff Generator in Slow Motion
YGKRraZXp_4 Rainbow Jelly Tennis - The Slow Mo Guys
YHdOh90kGHQ Slow Mo 4K Kittens
YcBg6os2dPY Bullet vs Newton's Cradle at 100,000 FPS - The Slow Mo Guys
YskVs5VyqHk Splitting Bullets in 4K
ZIMPbZepjPo Flaming Hand Fireball - The Slow Mo Guys
ZJ8QsMeTR2M Sledgehammer vs Mac in Slow Motion - The Slow Mo Guys
ZVNZqL642fY Slow Mo Car Explosion - The Slow Mo Guys
ZiZx1HKE3UE Huge Puddle Splash at 2500fps - The Slow Mo Guys
ZyCCWuO0mQo 4K Slow Motion Backdraft
_5JpzUBXISY Popping a Bubble from Inside at 50,000FPS - The Slow Mo Guys
_BKsV2rpFrA Cat Sprinting and Pouncing in 4K Slow Motion - The Slow Mo Guys
_UyyKkKvqpI Hammer through Mirror at 120,000fps - The Slow Mo Guys
_lhibYD39Gs Head on Car Crash in Slow Mo
a-4vRhg0Rt4 Swim Cap Trick in Slow Motion - The Slow Mo Guys
a1awSV62WZc One Year Anniversary Special! - The Slow Mo Guys
aDMd6BeReAI Condom Challenge - The Slow Mo Guys
aRdJ0T-vEno Throwing a Needle Through Glass in Slow Motion
a_SbGwxWWGs Water Jet Hamster Ball
aeT8-BqNDws The Happy Gilmore - The Slow Mo Guys
aqsVgNr84nA More Catapult - Bonus Clip
b6u9WJ01Oxs EPIC Mentos and Coke - The Slow Mo Guys
bAkEd8r7Nnw Slow Mo Katana Sword - 4K - The Slow Mo Guys
bTUu4ZLtDSs Huge Building Explosion at 2500fps - The Slow Mo Guys
cNI-LIVs-to Droplet Collisions at 5000fps - The Slow Mo Guys
cnaYtU_CiJ4 Exploding Batteries in Slow Motion - The Slow Mo Guys
d2xP9hcoU2w Sledgehammer vs TV tube in Slow Motion - The Slow Mo Guys
dHfQYGGUS4U Massive Explosive Chain Reaction at 200,000fps - The Slow Mo Guys
dOyc98tV5kA Fly Eats Fly in Slow Motion - The Slow Mo Guys
dY2OeY5QEC4 Liquid Fire Spreading over Glass in Slow Motion - The Slow Mo Guys 4K
dqR5oApXQYU Paint Pendulum in Slow Motion in 4K
dqvp4pSzHdU 360 Degree Fireball
duj1cO8J5DQ Backstage Bonus. Tour the viewing room with Dan and Gav, (+a few surprises)
dzdfj-xzXAg Air Pistol vs Coke Can at 2500fps - The Slow Mo Guys
e-5xPpBxihI Super Slow Motion Birds
eJVpYL44jUQ Arcade Machines look WEIRD in Slow Mo - The Slow Mo Guys
ep_mf6ZE9U0 50 ft Flamethrower in 4K Slow Motion - The Slow Mo Guys
ewGAmiLuYCw Diving into 1000 Mousetraps in 4K Slow Motion - The Slow Mo Guys
f63BmPpHw8k Crane Drop in Slow Motion
fZI5oZ-1NdA Crushed by a Giant 6ft Water Balloon - The Slow Mo Guys 4K
fhdIYS2gOBU Match Head Bomb at 2500fps - The Slow Mo Guys
g1Lxmjidfmw Flame Throwing - The Slow Mo Guys - 2500fps
g9pyKmmF3VM 1500rpm Slow Motion Paint Flinger - The Slow Mo Guys
gD7pd03L43k Fully Automatic Assault Rifle at 18,000fps - The Slow Mo Guys
gZ66wJFD3bs Slow Motion Sneeze in 4K - The Slow Mo Guys with Dr Anthony Fauci
gaJMEgf31c4 Paint Drill
giLoJgfR7SY Over-inflating Footballs in Super Slow Motion - The Slow Mo Guys
gpybxbeZfn4 Slow Mo Memes - The Slow Mo Guys
gzkB574jivA Hypnotic Ink Physics in 4K Slow Motion - The Slow Mo Guys
h76cs45ZwcU Action Heroes in Slow Motion
hMjL76obRLI Melon Fragmentation at 2500fps - The Slow Mo Guys
hrWnTf4acqA Flying Fish to the Face in Slow Motion
i3jA40arq9Y Super Hydrophobic Surface and Magnetic Liquid - The Slow Mo Guys
iWKFPTgkpXo 90 ft. Vertical Spike Wave in Slow Mo
indr-6Q7Fdo Slow-Mo Pulse Jet Engine with COLIN FURZE! - The Slow Mo Guys
itRi5aziaWU Coke & Butane = Slow Motion Rockets - The Slow Mo Guys 4K
j3I21M0XB8k Inception Bath Tub - The Slow Mo Guys
jKv4Pb0SEJE Daytime Fireworks in 4k Slow Mo
j_OyHUqIIOU Giant 6ft Water Balloon - The Slow Mo Guys
jdtM3ZI9o6g Catching a Mid-Air Fish
jlzVmOUP1is Insane Taekwondo stunts in 4K Slow Motion
jy-tpTD5JuY Fruit Stand Smash
k9oBTSIV8To Ultrasonic Obliterator at 170,000fps - The Slow Mo Guys
ktvZ2Z_s4Bo Bubble bursting at 18,000fps - The Slow Mo Guys
kuOEpC4u6Tg Slicing an Arrow in Half Mid-Air in Slow Motion - The Slow Mo Guys
lNqChN3WHh8 Water Condom Head Balloon - The Slow Mo Guys
lfvceHUBWnU Molotov Cocktail in Slow Motion - The Slow Mo Guys
lj3x2U4CaEs Beer Bottle Trick at 2500fps - The Slow Mo Guys
llv8BFB_k-A Bowling in Slow Motion with Blue Man Group - The Slow Mo Guys
myinpF0Nl30 6ft Rockets in Slow Motion - The Slow Mo Guys
n-DTjpde9-0 Spinning a Record to Pieces at 12,500fps - The Slow Mo Guys
n-vb1kBDoD4 Kevin Durant Walks On Air in Slow Motion
nHO50-7l-Vg Slow Mo Belly Flop
nP82xPoaZlU How to Drive a Tank
nVOb3RzS5t4 Dropping a Car from a Crane
naE7fK-gCPs How Fast Can a Hummingbird Flap?
nedusgCUZC4 Spinning an Apple until it Explodes at 28,500fps - The Slow Mo Guys
oKKdCiiF0N8 Bike on Water in Slow Mo
oRKJaPzHM0Q Sledgehammer vs Xbox 360 in Slow Motion - The Slow Mo Guys
of-UPoEnw_w Card Throwing Speed Test
omuRkUFnnv4 How a 3D TV works in Super Slow Motion - The Slow Mo Guys
p0uR48cg_D4 Filming at 1000fps in Reverse - The Slow Mo Guys
pW-mfHHWNkc Slicing Rubber Band Ball - Bonus Clip
p_7Qi3mprKQ Popping Popcorn in super Slow Motion - The Slow Mo Guys
pglMl92P-OA 100mph RC Car in Slow Motion - 4K - The Slow Mo Guys
pvDJ_d1n5mI How do you film the Speed of Light?
pyLOlkpqHVA Firework Rocket Launcher - The Slow Mo Guys
q4BByh4zrWs Giant Bubbles Popping in Slow Motion - The Slow Mo Guys
q9fmMIEvQ4c Slow Mo Pellet Penetration - The Slow Mo Guys
qLra6OjJJXk Catapult Skeet Shoot
qO9g1_BTz0o Flint and Steel at 5000fps - The Slow Mo Guys
qQKhIK4pvYo Lightning Strike at 103,000 FPS
qeCmHYDFaog Exploding Condom on Head - The Slow Mo Guys
qi6BqGZKv-E Champagne Cork to the Face - The Slow Mo Guys
rAlZRFZTwxM Ice Sculpture Explosion
rCw5JXD18y4 How a Slinky falls in Slow Motion - The Slow Mo Guys
s5VHaVplbas Exploding Lighters in Slow Motion - The Slow Mo Guys
sCQ5FvCTpHw Microwaving an Airbag in Slow Motion - The Slow Mo Guys - 4K
sFe7sKz8HSU Massive Petrol Fireball - The Slow Mo Guys
sfg46f7hQ94 Leaping Slow Motion Doggy - The Slow Mo Guys
soMV-AkSOtA Paint Spinning Drill 4K - The Slow Mo Guys
t7klO0p092Y Moving Truck vs Low Bridge in Slow Mo
tIgMCDwYUT8 Planet Slow Mo Outtakes
tO7LIRhGbfo Mousetrap Chain Reaction in Slow Motion - The Slow Mo Guys
tcJOWmX-1WY Under pressure in 4K
tcQ37OfknJA 10,000fps!? - The Slow Mo Guys
tmM9a6vNDYo Paint Blast Portrait in 4K
tzJBm3ThjJ8 Fruit vs Fruit
uAIP84aTuOc Tidal Wave
uc-h9mQKl34 Human Speed vs Animal Speed
uvY0duvd4QI Catapult Launch
uynBcLr8fEc How a Tranquilizer Dart Works in Slow Motion - The Slow Mo Guys
v-fIAIDuUAo We're All Heroes in Slow Mo - Schmoyoho Collab 2017
v0ujtrHvOTk Space Laptops - The Slow Mo Guys
v2hjeC_PoYw 1000 Paint-Covered Mousetraps in 4K Slow Motion - The Slow Mo Guys
vPBM0g9usMs Snapping a Steel Rod 1000x slower - The Slow Mo Guys
vV1OmDM2zdE Paintball Shotgun in 4K
w3PHD__2wsE Firing a 2 inch Gun at 12,500fps - The Slow Mo Guys
w8okHnF7yF8 Slow Motion Camera INSIDE Giant 6ft Water Balloon  - The Slow Mo Guys
wGzBI26vbUc The Matrix Bullet Dodge - The Slow Mo Guys
wNK-9CGQ9eM The Slow Mo Guys - Trailer - FIRST VIDEO
wNTNEknnAiw Tour of Destruction
weQkUHbr-Ww Exploding Spray Paint at 2500fps - The Slow Mo Guys
wtAN1JH7sos Detcord Underwater in Slow Mo
xaElXLQT978 Lucha Wrestling in 4K
xbuvcQrAOSk Glass Explosion at 343,000FPS! - The Slow Mo Guys
xpJ8EoGmLuE WWII Tanks Firing in Slow Motion
y9sriE5VMQc The Slow Mo Guys Answering YOUR Questions - FAQ
yGbodsAV03M Water vs Fire in slow motion - The Slow Mo Guys
yKeOPsptTwE Day 4 - Exploding Planet Earth - The Slow Mo Guys
ynk4vJa-VaQ Surface Tension Droplets at 2500fps - The Slow Mo Guys
yqJPavtUKFs Dan has an accident
ysB-SH19WRQ Bullets vs Propeller in Slow Motion - The Slow Mo Guys
zLemSAMaKfY Giant Paint Explosion - The Slow Mo Guys
zNcYm6WjbWI Balloon Bullet Time - The Slow Mo Guys
zTspzONOomw Fastest People in Slow Motion
zWg4Z6Lyr5A Sledgehammer Week - The Slow Mo Guys
zbtyaKAMDdk Bullet Racing
zs7x1Hu29Wc CD Shattering at 170,000FPS! - The Slow Mo Guys
zsN1GvqSG2I Cannon Firing in Slow Motion - The Slow Mo Guys
zvhPEl09OP4 Day 2 - Exploding Bowl of Cereal - The Slow Mo Guys
