-X96F0Vezac IN THE TALL GRASS Ending Explained!
-c4fayby4DE AMERICAN GODS Season 2 Episode 1 Breakdown & Details You Missed!
-lAkj8PxkF4 TURNING RED Ending Explained & Easter Eggs!
-q7gt0t-100 PARASITE Ending Explained!
-trbRAivL9U Maniac Ending Explained and Questions Answered!
06p5PStBIrk SEE YOU YESTERDAY Ending and Time Travel Explained!
08gbklxvXtw NEW YEAR, NEW YOU (2018) - A Think Story Takedown
0EaRoZiAtV0 THE DEVIL ALL THE TIME Ending Explained!
0Kb4fUhwyAY AHS: Apocalypse Episode 3 Breakdown and Details You Missed!
0MAvZsZON-I THE MANDALORIAN Episode 3 Breakdown, New Theories, and Details You Missed! \
0W85v7UjJ-Y Who Will Be Cast in Dune Part 2???
0_1qN2QBZDA THE DESCENT (2005) Ending & Alternate Ending Explained!
0c-uEAm1cGk THINGS HEARD AND SEEN Ending Explained!
0mfS7NqGNDU AMERICAN GODS Season 2 Episode 3 Breakdown & Details You Missed!
13qeb1_g210 JUDAS AND THE BLACK MESSIAH Ending Explained & Real Life History
14ObDSHNRy4 HANNA (2019) Ending Explained!
19COhT9SOGw How Disney Tells A Story Through Song - Writing Story in Song
1LnS6pQWoiI FATE: THE WINX SAGA Ending Explained + Season 2 Theories!
1PLCT0yGg40 LOVECRAFT COUNTRY Episode 3 Breakdown, Theories, and Details You Missed!
1gybDW-lvwU THE BOYS Season 2 Episode 1 - 3 Breakdown, Theories, and Details You Missed!
1jAUduje55k THE MANDALORIAN Season 2 Episode 3 Breakdown and Ending Explained! Who is Bo-Katan and Ahsoka Tano?
1n9dgor-pKQ THE UMBRELLA ACADEMY Ending Explained!
1rGII68Z4hc Castle Rock Episode 9 - Promo Breakdown
1tFKqpioKHM Black Mirror: Striking Vipers Ending Explained & Easter Eggs! Season 5 Episode 1
24YOExPkxL4 MALIGNANT Ending Explained!
29ws5byaevo BLACK MIRROR: BANDERSNATCH Every Ending Explained!
2KjouTxoDNQ DARK Season 2 Ending Explained! Unanswered Questions, Theories and Predictions
2MquicwgsuU SHADOW AND BONE Ending Explained!
2NIbnMx5cZU THE HAUNTING OF HILL HOUSE Ending & Ghosts Explained!
2SSnoUa0RJs TROLLHUNTERS: RISE OF THE TITANS Ending Explained!
2bi2P-3rVEk YOU Season 3 Ending Explained, Twists & Season 4 Predictions
2g5vDPAo_pA RAGNAROK Ending Explained | Netflix Norse Mythology
2n_qFNatrHg The Chilling Adventures of Sabrina Episode 1 \
2x2i4_D4BUU AHS: Apocalypse Episode 2 Breakdown and Details You Missed!
3-62kb4Sep8 THE MANDALORIAN Episode 2 Breakdown, Theories, and Details You Missed! \
3H_PeeNZqAg FARGO Season 4 Ending Explained!
3bFFKUt5Kn8 Is This the Weirdest Script I've Ever Read? - A Quiet Place
3leEABlqqgQ DARK Season 3 Ending Explained!
3ta8lKUrugs INVENTING ANNA is a SCAM: Why Shonda Rhimes' New Netflix Show Falls Flat
40P2Xk_cK18 Captain Marvel Trailer Breakdown + Details You Missed!
43OoIf2H53Q How AHS: 1984 Should Have Ended
478yLFWpmh0 AHS: Apocalypse Episode 1 Breakdown & Details You Missed!
4BMHWxMX7tM AMERICAN HORROR STORIES Episode 5 Breakdown, Easter Eggs & Ending Explained!
4CTHb5LnsuQ GAME OF THRONES Season 8 Episode 5 Breakdown, Recap and Theories! | Was It Bad? | The Bells
4G1K3YCMcQE 73 Mind Exploding Plot Holes, Questions & WTF Moments in AHS: Double Feature Season 10
4RbHLeK0QE0 The First and Last Lines of Dialogue from the Top 50 Films of All Time
4huaKfYz1xc HOME SWEET HOME ALONE Is Bad!
4icAG2YKiGY NIGHTFLYERS - A Hot Mess In Space
4qB249r9E2M AMERICAN HORROR STORIES: Episode 4 Breakdown, Easter Eggs & Ending Explained!
4t-AYNt9uX4 AHS: 1984 Episode 2 Breakdown, Theories, and Details You Missed! | \
5F8ngoG5WjA THE WRETCHED Ending + Monster Explained!
5JbSmBLzh4E CHILLING ADVENTURES OF SABRINA: PART 2 Trailer Breakdown!
5gS2q7fvQy0 THE FALCON AND THE WINTER SOLDIER Episode 1 Breakdown, Theories, & Details You Missed!
5j3Od3oOhdo THE CROWN Season 4 Ending Explained! Real Life History and Season 5 New Actors!
5kIUS6ih9I8 MANK Ending Explained & Real Life Similarities to CITIZEN KANE
6CmgEedlx0c THE BATTLE OF WINTERFELL Explained! Game of Thrones Season 8 Episode 3
6IZh21Ri_AM Castle Rock S1E10 Explained + Ending!
6LpboCXfWpE WESTWORLD Season 3 Episode 3 Breakdown, Theories, and Details You Missed! Who Is Charlotte Theory!
6VisacKzXwk GHOSTBUSTERS AFTERLIFE Ending Explained, Post Credit Scene Breakdown & Connections to the Original!
6VpaRGK1Q3U I'M THINKING OF ENDING THINGS Ending Explained!
6badBK5Q-4M AHS: 1984 Episode 4 Preview Breakdown!
6dO-MiDu6Ig CASTLE ROCK Season 2 Episode 4 Breakdown, Theories, and Details You Missed! | \
6k4-HWJSfto OLD Ending + Twists Explained!
8GvAqSeUlCA GAME OF THRONES Season 8 Teaser Breakdown! Dragonstone!
8Xa-EEYAK8g How to Fix Bad Videogame Movies - Writing Adaptations
8lwvL49GGZo HOST - The Insane Horror Movie Filmed Entirely During Quarantine!
8wHJpuwqedE HUNTERS Ending Explained! Season 2 Theories and More!
9Ij-dQZqPQw ARCANE Ending Explained & Season 2 Theories!
9KHZPT4S6N0 AHS: 1984 Episode 5 Preview Breakdown! | \
9XHtckTtAvM LOVECRAFT COUNTRY Episode 9 Breakdown, Theories, and Details You Missed!
9bSkErN7sZM How AHS: Apocalypse Should Have Ended
9csvbMK0fxQ THE I-LAND: Netflix's Worst Show Ever!
9e9UpFDf_pY Nightflyers Episode 5 \
9mntL7atEHg THE GREEN KNIGHT Ending Explained!
9reAYCVSNmM Exploring Manifest - Episode 2 \
AACDqlpXLRg THE PASSAGE: Worst TV Pilot Ever
AIHYInl-rmw THE PERFECTION (2019) Is Far From Perfect
ANcRULf61qk TOO HOT TO HANDLE Season 2 Is Back and WORSE Than Ever!
AUsZuNBymP0 WESTWORLD SEASON 3 Trailer Breakdown, Hidden Clues & More Explained!
AV0lX2deH8I CARNIVAL ROW Ending Explained!
AbOBLHPTgUI AHS: DOUBLE FEATURE Episode 1 & 2 Breakdown, Theories, and Details You Missed!
Ae4OMzMr3bk TOO HOT TO HANDLE Is the BEST and WORST Dating Show Ever!
Ajl1E21BwXc Chilling Adventures of Sabrina: A MidWinter's Tale Explained!
AumPva-aK8M LOVE IS BLIND Is Back and WORSE Than Ever!
AxYJl1OPV18 THE FALCON AND THE WINTER SOLDIER Episode 4 Ending Explained!
B8xruaHNIsg AHS: 1984 Episode 3 Preview Breakdown | \
BJ-6hdYGJKs THE IRISHMAN Ending Explained! Real Life Mobsters and What Really Happened To Jimmy Hoffa?
BR7P8kc1kfY THE DARK CRYSTAL: AGE OF RESISTANCE Ending Explained!
BRQcYPatkV4 YOU SHOULD HAVE LEFT Ending Explained!
BS_kYEejI88 AHS: DOUBLE FEATURE Episode 9 Breakdown, Theories, and Details You Missed!
BfqDrFsn6XQ How Much of THE KING OF STATEN ISLAND Is True? | Pete Davidson's Life
BxQHqw4T6QU RAISED BY WOLVES Episode 8-9 Breakdown, Theories, and Details You Missed!
C256R1GRjmc CHILLING ADVENTURES OF SABRINA PART 2 Ending Explained and Questions Answered!
C4KC7embu4M THE MANDALORIAN Season 2 Episode 1 Breakdown, Theories, and Details You Missed! Is BOBA FETT Back?
CAD9OjOppgI AHS: DOUBLE FEATURE Death Valley Teaser Breakdown! Episode 7
CFRT5W77rQ0 WATCHMEN Episode 8 Breakdown! New Theories and Easter Eggs!
CRICiygCxcQ THE VAST OF NIGHT Ending Explained!
C_Kz8Pw-j-g AHS: DOUBLE FEATURE Episode 8 Breakdown, Theories, and Details You Missed!
D4GBHfhCxgM LUCIFER Season 4 Ending Explained | Season 5 Theories & Predictions!
D8noAwqkUQM LOVECRAFT COUNTRY Episode 8 Breakdown, New Theories, and Details You Missed!
DAEoh3zNmSE ALTERED CARBON Season 2 Ending Explained!
DOM1MBqAeXQ Watchmen Timeline Explained! Season 1 and Comic Connections
DTlgJ_t28lY JESSICA JONES Season 3 Ending Explained!
DnQBY1KMZnI WU ASSASSINS Ending Explained & Season 2 Theories!
DoCRmpv0K6o TREEHOUSE (2019) Ending Explained!
DukMwCPhd3Y Star Wars: How to Write Character Arcs
E159f4GbJXM The GOD-AWFUL Ending of DEXTER: NEW BLOOD Explained!
E9nDCKMvR7U BELOW ZERO Ending Explained!
EFchEQlo30k LIVING WITH YOURSELF Ending Explained!
EV8_uzTXOpM THE BOYS Season 2 Episode 5 Breakdown, Theories, and Details You Missed!
EZT9ENuiCvQ Chilling Adventures of Sabrina Season 2 Teaser Trailer Breakdown!
EihOPRGmJL0 THE MANDALORIAN Season 2 Episode 2 Breakdown, Ending Explained, and Theories!
FA3tpP58Whc CASTLE ROCK Season 2 Episode 7 Breakdown, Theories, Easter Eggs, and Details You Missed! \
FDzf2VBBpPU THE WITCHER: NIGHTMARE OF THE WOLF Ending Explained & Connections to the Witcher Universe!
FSDzLbNuPZo AHS: 1984 Season to Come Trailer Breakdown, Crazy Theories, Multiple Mr. Jingles?
FSHXHKtkgdo WATCHMEN Episode 4 Breakdown! New Theories and Easter Eggs!
FTYVvkShc7s I AM NOT OKAY WITH THIS Ending Explained! Season 2 Theories & More!
Fk6TqcGB59c AMERICAN HORROR STORIES Episode 7 Breakdown, Easter Eggs & Ending Explained!
G0mncEl4nVU How Game of Thrones Should Have Ended
GGaW5BACANc THE WHEEL OF TIME Ending Explained & Season 2 Theories!
GLHG4OoV7BE How to Fix ARTEMIS FOWL! Worst Disney Movie?
GLRIg21mJBo How to Write A Great Meet Cute
GM4suo0mK-U THE FALCON AND THE WINTER SOLDIER Episode 5 Ending Explained!
GiIpzWRJmcM AHS: DOUBLE FEATURE Episode 4 Preview Breakdown & Theories! - \
Gih6FcUgiiM RUN Doesn't Make Any Sense... But It's Still Dumb Fun | Here's Why
H4mXDvuTEgU THE MIDNIGHT SKY Ending Explained!
H6hGX2Tc2Ak MINDHUNTER Season 2 Ending Explained!
HBmeYZkIvNY AHS: 1984 Final Episode Preview Breakdown! Episode 9 \
HIWtWOA5mAw THE MANDALORIAN Episode 7 Breakdown! New Theories, Moff Gideon, and Details You Missed!
HNq0jUhVuq4 THE MANDALORIAN Episode 5 Breakdown! IS BOBA FETT BACK? New Theories and Details You Missed!
I-Q0R4U4SgI WESTWORLD Season 3 Episode 8 Breakdown, Theories, and Details You Missed!  Twists + Post Credits
I7oRX5l3mrk TRIBES OF EUROPA Ending Explained & Season 2 Theories!
IJi5Z5G__Ws 64 MAJOR Differences Between DUNE (1984) and DUNE (2021)
IQEY62oUVqs THE BOYS Season 2 Episode 7 Breakdown, Wild Theories, and Details You Missed!
J5yP2nYl43I RAISED BY WOLVES Season 2 Episodes 1 & 2 Breakdown, Theories & Details You Missed!
J8YqX80Y3FQ True Detective Season 3 Trailer Explained
JIP4UE3Y34g FALCON AND THE WINTER SOLDIER Episode 2 Breakdown, Ending Explained, and Details You Missed!
JRZpV7q608E WESTWORLD Season 3 Timeline Explained!
JTgzUsXq5wU AQUASLASH - The Water Park Horror Movie That Shouldn't Exist
JeqS_7mhcY0 GAME OF THRONES' Biggest Prophecy Revealed! Is Jaime Lannister Azor Ahai?
JfyRiuvCTpA AHS: Apocalypse Episode 4 Breakdown and Details You Missed!
Jl8SGiUwmX4 DARK SIDE REY: EVERYTHING WE KNOW | Star Wars: The Rise of Skywalker Theories, Palpatine, and More!
JrgKtTYI7t0 ARMY OF THE DEAD Ending Explained & Details You Missed!
K4bcQAaTGJI JURASSIC HUNT - The Jurassic Park Horror Movie That Shouldn't Exist
KFA2nORvk_M RELIC Ending Explained!
KGZ0stJ1Cxg 73 Hidden Connections Between GODZILLA VS KONG and the MONSTERVERSE | Easter Eggs
KNMmP9cG_uo Timeline of The Best Science Fiction Films of All Time!
KSbMa9drY74 AHS: 1984 Ending Explained and Episode 9 Breakdown! \
KWNPovxBVs0 THE WITCHER Season 2 Casting Update Explained - Mark Hamill, Mads Mikkelsen, Kristofer Hivju
KZXf0A42hTQ LUCA Ending Explained & Easter Eggs!
KbJLHOicLCc VELVET BUZZSAW Ending + Monster Explained!
KipS92_sIJU AMERICAN HORROR STORY: 1984 | Season 9 Trailer Breakdown, Theories, and Plot Details!
KpG0EJKU7qs DUNE (1984) Ending Explained!
KqG-sLpJ0xk AWAKE Ending Explained! This Movie Is...
KzW35eGZp50 Red Letter Media Accurately Predicts The Star Wars Solo Trailer
L0Ab4DzDEL8 DUNE Ending Explained, Visions & Part 2 Theories!
LJsQabc5iAE AMERICAN GODS Season 2 Episode 7 Breakdown & Details You Missed!
LKNbyYUo8Lk The Chilling Adventures of Sabrina Episode 3 \
LxK2K6uxS5w AHS: DOUBLE FEATURE Episode 6 Preview Breakdown & Theories! - \
M9EbD0mB_UM RESIDENT EVIL: INFINITE DARKNESS Ending Explained & Connection to the RE Universe!
MBL3_fmAWEg 11 UNANSWERED Questions from THE FALCON AND THE WINTER SOLDIER Finale!
MF_uGuxibVg CASTLE ROCK Season 2 Episode 6 Breakdown, Theories, Easter Eggs, and Details You Missed!
MOM-IGcZ9X0 AHS: 1984 Episode 6 Breakdown, Theories, and Details You Missed! | \
MomwVi1QIjk Castle Rock S1E04 Explained
MqMxISTHf-I DRACULA Ending Explained!
Mr7uQh5K3p4 THE MANDALORIAN Episode 1 Breakdown, Theories, and Details You Missed! Season 1 Chapter 1
MukjxrVBhsY DANGEROUS LIES is DANGEROUSLY BAD!
MzjF9IapZQg Maniac Episode 1 Explained!
N-HIodvmojk CASTLE ROCK Season 2 Episodes 1-3 Breakdown, Theories, and Details You Missed!
N3YM6zRldNg How THE UNDOING Should Have Ended
NEvhSL2_Vhg Why KONG is the BEST KAIJU!
NHRUbvnLsQY CHAMBERS Ending Explained!
NI2WWI__zLY AHS: DOUBLE FEATURE Episode 10 Breakdown, Theories, and Details You Missed!
NPuaXx3VW3s AMERICAN GODS Season 3 Ending Explained!
NQQf2E4RKDM POLAR (2019) Ending Explained!
NSBd8AoBn8w WESTWORLD Season 3 Episode 5, Breakdown, Theories, and Details You Missed! Who Is The Anomaly?
NTCHftTISDw Castle Rock Episode 10 - Promo Breakdown
NTaO8Vc_LP0 AHS: DOUBLE FEATURE Episode 4 Breakdown, Theories, and Details You Missed!
NUwBMT7Yky4 Castle Rock S1E08 Explained
N_U_ycMOsSg LOVECRAFT COUNTRY Episode 7 Breakdown, Theories, and Details You Missed!
NdkaZfvmNHk LOVECRAFT COUNTRY Episode 4 Breakdown, Theories, and Details You Missed!
NjUtqEcGOJw THE OUTSIDER Ending Explained!
Nqm0FZ72MTo DARK Complete Series TIMELINE in Chronological Order Explained!
NvYlt6SPdTE Hidden Meaning and Symbolism in Childish Gambino's 'This is America'
O0SBkTcEKrw THE SILENCE (2019) Ending & Monster Explained!
O4rFG2wyEZw Game of Thrones: The Last Watch...But Only The Good Parts | Memes
O8NeUoZCcsY THE BOOK OF BOBA FETT Ending Explained!
OEWP31PK4cY BIRD BOX Ending + Monsters Explained!
OSs82_OIIqw STOWAWAY Ending Explained!
Owd1LDgiJpY CHILDREN OF DUNE Ending Explained! The Sequel to Dune
PQNruKmv748 FALCON AND THE WINTER SOLDIER Episode 3 Breakdown, Power Broker Theories,  Explained and Easter Eggs
PwdEwZcFwCM STATION ELEVEN Ending Explained!
QDBFCOUTEnI THE KING Ending Explained & Did That TWIST Really Happen?
QIkvE57Tk8g OUTSIDE THE WIRE Ending Explained!
QY8YRLiAcG0 THE POLITICIAN Ending Explained!
QjVPXN4sDII RAISED BY WOLVES Season 2 Ending Explained! Season 3 Theories, and Details You Missed!
R2k1_0Txx7Q AHS: 1984 Episode 8 Preview Breakdown! \
RDaYxJeUw1w RAISED BY WOLVES Season 2 Episode 5 Breakdown, Theories & Details You Missed!
RP6wkhc9uOY CAPONE Ending Explained and Real Life Comparison!
RRA58dpJlGU GAME OF THRONES Season 8 Episode 4 Breakdown, Recap and Theories! | The Last of the Starks
RhTq5oPWMh4 Chilling Adventures of Sabrina Ending Explained, Missed Details, and Episode 10 Breakdown!
RxHGmN-9fLg KATLA Ending Explained!
S40H6eClxyc FOUNDATION Ending Explained!
SVtWe3pmvYk AMERICAN GODS Season 2 Episode 2 Breakdown & Details You Missed!
SrRfpImPkk0 THE MATRIX RESURRECTIONS Ending Explained!
StHBlP3jNuk EXTREMELY WICKED, SHOCKINGLY EVIL, AND VILE | REAL LIFE OF TED BUNDY VS. NETFLIX MOVIE
T1H-iCfYo1A Castle Rock S1E02 Explained
T5blmKUeG8s THE BOYS Season 2 Episode 6 Breakdown, Wild Theories, and Details You Missed!
T88-qmYwDI4 Chilling Adventures of Sabrina: A Midwinter's Tale Trailer Breakdown!
TheZJ0PSLCM The Chilling Adventures of Sabrina Episode 2 \
Tv4aPe1CLZk AHS: DOUBLE FEATURE Episode 3 Preview Breakdown & Theories! - \
U5t-S9qyjbw Castle Rock S1E07 Explained
U6jmWR5UgqM AHS: DOUBLE FEATURE Episode 5 Breakdown, Theories, and Details You Missed!
UAFLoPefW4Y ARES Ending Explained! | Netflix
UVzHiK6eH7I TRIPLE FRONTIER Ending Explained!
UWPZU2v3c1g BRIDGERTON Season 2 Ending Explained & Season 3 Theories!
UYxTDrOZLKQ BLACK SUMMER Is Bad!
Ud9kgk-xBG4 GAME OF THRONES Season 8 Episode 2 Breakdown & Details You Missed!
UdHJ0pvSch0 RAISED BY WOLVES Season 2 Episode 7 Breakdown, Theories & Details You Missed!
V2UPIKoEIaM CHUCKY Season 1 Ending Explained! Episode 8 Breakdown & Season 2 Theories!
VEjdfNMaawA REMINISCENCE Ending Explained!
VGAEhz54HfM JUPITER'S LEGACY Ending Explained! Season 2 Theories & Comic Connections
VH7YEY0GWZk LOVECRAFT COUNTRY Ending Explained! Review, Breakdown and Season 2 Theories!
VJeomWvdqt8 AMERICAN GODS Season 2 Episode 6 Breakdown & Details You Missed!
VQljeqzppjs TRUE DETECTIVE Season 3 Ending Explained!
VV-MzT_4hhE FRESH Ending Explained!
VV201_LMsKc THE MANDALORIAN Season 2 Episode 7 Breakdown, Theories, Review, and More!
Vc_2_YhO-x0 TEXAS CHAINSAW MASSACRE (2022) Ending Explained! Post Credits and Comparison to the Original
VhUhPSaTM-g Ghosts, Demons, and the Craziest Lawsuit in Hollywood History
Vm2btfs8lO4 135 KEY Differences Between JUSTICE LEAGUE (2017) and ZACK SNYDER'S JUSTICE LEAGUE (2021).
W9NXkZoPrJM Castle Rock S1E01 Explained
WA-y-6nJDvI GAME OF THRONES Season 8 Episode 6 Preview Breakdown, Theories and Predictions! | Final Episode
WJJXgV9PPWY 72 KEY Differences Between THE STAND (1994) and THE STAND (2021)
WMxVsQasyEU YELLOWJACKETS Ending Explained, Questions Answered & Season 2 Theories!
WNbv_LbBPXc 26 KEY Differences Between THE CROWN Season 4 and REAL LIFE!
WRYQSc9W4ws JU-ON: ORIGINS - Netflix's INSANE TV Show Based Off THE GRUDGE Is Worse Than We Imagined!
Ww4Alp6sOlY AHS: DOUBLE FEATURE Episode 8 Preview Breakdown & Theories! - \
Wx_VBep03is Every ARCANE Easter Egg I Found In Season 1!
XRhZLPvdCZA MIDNIGHT MASS Ending Explained! Twists and Big Questions Answered
XqJe5YZlIzQ THE LITTLE THINGS Ending Explained & 17 Clues Who the Real Killer Is
YDNsPH_t_-0 DOTA: DRAGON'S BLOOD Ending Explained!
YLfXzZykMIA RAISED BY WOLVES Season 2 Episode 6 Breakdown, Theories & Details You Missed!
YLlkYJYWdCU AHS: DOUBLE FEATURE Season Finale Preview Breakdown & Theories! - Episode 10 \
YbaDcRZhqP8 Exploring Manifest Episode 5 - \
YfIC05IcxuY GAME OF THRONES Season 8 Episode 5 New Photos, Clues, and Predictions!
Yh0mHnN52pc The REAL LIFE Filming Locations of THE BOYS Season 2!
Ymzt4WrdVQc AHS: 1984 Episode 1 Breakdown, Theories, and Details You Missed!
Yqm19o9rOOU Chilling Adventures of Sabrina Episode 7 \
Yt68DWCG_s0 LOCKE AND KEY Ending Explained! Keys, Demons, and Season 2 Theories!
Z3x1cOMMKtQ DOOM PATROL Season 2 Ending Explained + Season 3 Theories!
ZJV1SXNQJ2A AHS: DOUBLE FEATURE Episode 3 Breakdown, Theories, and Details You Missed!
Zci-54NbeMo Writing Strong Characters - The Important Distinction Between Want and Need
ZmGgsVAHLFM AMERICAN GODS Season 2 Episode 5 Breakdown & Details You Missed!
Zmf3Q6NCCCc AMERICAN HORROR STORIES: Episode 1 & 2 Breakdown, Easter Eggs & Ending Explained!
ZqGYa5Np3q8 LOVE, DEATH + ROBOTS Season 2 Every Ending Explained!
_HBqxtuZLF4 43 Ways CRUELLA (2021) Is Just Like JOKER (2019)
_uoJN9_lcFk Black Mirror: Rachel, Jack and Ashley Too Ending Explained & Easter Eggs! Season 5 Episode 3
_xOXZuBmzh4 THE WITCHER Season 2 Ending Explained & Season 3 Theories!
a6HyVf7FWIY DARK'S Top 10 WORST Character Fates Ranked!
a90gChoF3p4 THE MANDALORIAN Episode 8 Breakdown! New Theories, The Darksaber, and Details You Missed!
aGBJljdLROA AHS: 1984 Episode 6 Preview Breakdown! | \
aYCwk4_OICE THE UMBRELLA ACADEMY Season 2 Ending Explained + Season 3 Theories!
bKTpmozj_Uo AHS: DOUBLE FEATURE Episode 7 Breakdown, Theories, and Details You Missed!
bUH-yAr6fuM 37  KEY Differences Between THE WITCHES (1990) and THE WITCHES (2020)
bVDvo9AWZQM THE PUNISHER Season 2 Ending Explained!
b_2KV9qsRrg PLAYER 1 DID NOTHING WRONG!
bjjkosgOLvA AHS: Apocalypse Episode 6 Breakdown and Details You Missed!
bkfUkJdL-4E THE MANDALORIAN Episode 4 Breakdown, New Theories, and Details You Missed! \
bsM8g12wZRs CAM (2018) Ending Explained and Algorithm Theory!
c6dk5WD0mFI Maniac Episode 2 Explained!
cBxprMkdPXo PEACEMAKER Ending Explained, Season 2 Theories, & Details You Missed!
cCjQaoA5-DA Chilling Adventures of Sabrina Season 2: What We Know So Far!
cFiOaXUMS_Y WESTWORLD Season 3 Episode 4, Breakdown, Theories, and Details You Missed! Who Is Charlotte Revealed
cK97fA3HXrY ELVES Ending Explained & Review!
cW3C8VaWrFc THE WITCHER Ending Explained!
cnhXNxIbG3w AHS: Apocalypse Timeline Explained!
cnp7x_SSZ5Y 30 COINS Ending Explained!
d7HfBIprhMo NARCOS MEXICO Season 3 Ending Explained! Amado, El Chapo & Real Life Characters Where Are They Now?
d7K7GktkfYk 66 MAJOR Differences Between SPACE JAM (1996) and SPACE JAM: NEW LEGACY (2021)
dCQ0n0i3SZI THE WITCHER Trailer Breakdown, Easter Eggs & Details You Missed!
dENzGq08pzs BRAND NEW CHERRY FLAVOR Ending Explained!
dNeU6g6lPNI DEVS Ending Explained!
daHousBVci0 Castle Rock S1E09 Explained
dgeBdg76JHQ 2020's WORST Horror Movie You've Never Heard Of! WELCOME TO THE CIRCLE
dq9pno8RfyE Chilling Adventures of Sabrina Episode 6 \
drLpL1_yPwE AMERICAN HORROR STORIES Episode 6 Breakdown, Easter Eggs & Ending Explained!
dt7ZZZ0aZTA The Chilling Adventures of Sabrina Episode 4 \
dtTI5jQMWpU THE MATRIX 4 - Theories, What We Know, and Keanu Is Back!
e0hz9ycS4tc Chilling Adventures of Sabrina Episode 5 \
eGg7hAxijzw Scaring Is Caring - How to Write Empathy in Horror Films
eJNoau1JMeU CASTLE ROCK Season 2 Episode 5 Breakdown & Annie Wilkes Origin Story Explained! \
eMDFr8G3bFI AHS: 1984 Episode 8 Breakdown, Theories, and Details You Missed! \
eNT_DzCGBFA POOKA (2018) Ending Explained!
ePuoGgO0XOs LUCIFER Season 5 Part 2 Ending Explained! Who Reigns Supreme and Season 6 Theories!
eTGX0zt4Msk WATCHMEN Episode 2 Breakdown, Theories and Details You Missed!
eX71OEa1vVc YOUR HONOR Ending Explained! Will There Be A Season 2?
eaC8si8WezY WESTWORLD Season 3 Episode 1 Breakdown, Theories, and Details You Missed!
ed-gwYb4jXA AMERICAN GODS Season 2 Episode 4 Breakdown & Details You Missed!
ejdQFo0eQH0 The Real Life Serial Killers of MINDHUNTER Season 2!
f4ttV8NP3Cs STRANGER THINGS Season 3 Ending Explained! Season 4 Theories and Post Credit Analysis!
fB-WsWe40GY AHS Complete Timeline: 1500s - 2024 ALL SEASONS!
fFuzRY8y6bE ENOLA HOLMES Ending Explained!
fOtaT5TQ0lE RAISED BY WOLVES Ending Explained! Season 2 Theories, Episode 10 Breakdown, and Details You Missed!
fOyi0qC6JN8 INFINITE Ending Explained!
fVem3lSilvM RAISED BY WOLVES Season 2 Episode 4 Breakdown, Theories & Details You Missed!
fWZEO8AjhMc AMERICAN HORROR STORIES: Episode 3 Breakdown, Easter Eggs & Ending Explained!
fhzabGPc2l4 CASTLE ROCK Season 2 Episode 8 Breakdown, Theories, Easter Eggs, and Details You Missed! \
fjLebLpB-TU TALES FROM THE LOOP Ending Explained!
fosCP7f7QvA AHS: Apocalypse Episode 10 Promo Breakdown!
fvMXuyVqXhE THE BOYS Season 2 Episode 4 Breakdown, Theories, and Details You Missed!
g-beX68qdLc Nightflyers Episode 3 \
g3e4P6WlDjk FINCH Ending Explained!
gQYSx2kPPso RAISED BY WOLVES Episode 4-5 Breakdown, Theories, and Details You Missed!
h2k0tUI1lxE AHS: 1984 Episode 7 Breakdown, Theories, and Details You Missed! \
h3rE9B9dD9U AHS: DOUBLE FEATURE Episode 9 Preview Breakdown & Theories! - \
h5qKtsez_lA Nightflyers Episode 2 \
hRQCrcw1Mw0 CANDYMAN (2021) Ending Explained & Connections to CANDYMAN (1992)
hZjkAp1-hZ4 LOVECRAFT COUNTRY Episode 5 Breakdown, Theories, and Details You Missed!
hdljlFuOldU CHILLING ADVENTURES OF SABRINA Season 4 Ending Explained! Is It Really Cancelled? Part 5 Theories!
hiTvGYyQ8Pg Exploring Manifest - Episode 1
hxTD_CL7aAM Exploring Manifest Episode 3 - \
i-YzVniknRo 48 Nostalgic Similarities Between THE MIGHTY DUCKS (1992) and THE MIGHTY DUCKS: GAME CHANGERS (2021)
i2t9g893oCQ WATCHMEN Episode 3 Breakdown, Theories and Details You Missed!
iLAyBVBxq5c LOVECRAFT COUNTRY Episode 2 Breakdown, Theories, and Details You Missed!
iQIQLj11Bmo Castle Rock S1E06 Explained
iTIPP5dUvGI Black Mirror: Smithereens Ending Explained & Easter Eggs! Season 5 Episode 2
iaVpiErzr2w AHS: 1984 Episode 3 Breakdown, Theories, and Details You Missed! | \
iqOM0lptGgs THE HUNT Ending Explained!
ixdNpY1d3Io THE ORDER Ending Explained!
j0ztndE2If0 SHE DIES TOMORROW Ending Explained!
jEmQxgoLscc What's The Best Screenwriting Book I Should Buy?
jKU77rEVyDI SERVANT Season 2 Ending Explained & Wild Theories!
jOOK7igXRwk WATCHMEN Episode 6 Breakdown! New Theories and Easter Eggs!
jTBw_3uxlh0 AHS: DOUBLE FEATURE Trailer Breakdown - Red Tide Part 1
jXVV3NYeAu0 GAME OF THRONES Season 8 Episode 4 New Photos, Clues, and Predictions!
jibxR_83Qi8 DA 5 BLOODS Ending Explained!
jjz6PG9-yTM APOSTLE (2018) Ending Explained + Details You Missed!
k-42IZWfZ-Q THE OLD GUARD Ending Explained!
k0H4Ap-dXkM GAME OF THRONES Season 8 Episode 1 Breakdown & Details You Missed!
k0J8wLNCR-4 LOVECRAFT COUNTRY Episode 1 Breakdown, Theories, and Details You Missed!
k4ec3Q6zKeQ WATCHMEN Season 1 Ending Explained! Easter Eggs, Season 2 Theories, and Unanswered Questions
kZev8De_nT8 EL CAMINO Ending Explained!
kcgMOauUtiA Nightflyers Episode 4 \
keydE8ojZrM NOS4A2 Ending Explained | Season 2 Theories!
lTYwDXQvfSE RAISED BY WOLVES Episode 1-3 Breakdown, Theories, and Details You Missed!
lUNG6xokJjQ GAME OF THRONES Season 8 Episode 5 Preview Breakdown, Theories, Clues and Predictions!
lYuhEcmPC7g MORTAL KOMBAT (2021) Ending Explained!
lxbx_8F_OPs PROJECT POWER Ending Explained!
m8lFwgCypZc LOKI Ending Explained! Season 2 Theories & Easter Eggs!
mIIKLfLQebE WATCHMEN Episode 1 Breakdown, Theories, and Details You Missed!
mSHX4kcH65Q AHS: DOUBLE FEATURE Episode 5 Preview Breakdown & Theories! - \
mYqsaOwem0s SPACE FORCE Ending Explained!
mj_GMYLoz3M THE BOYS Ending Explained! Review, Breakdown and Season 2 Theories!
mzJnQ--pcvk AHS: 1984 Episode 4 Breakdown, Theories, and Details You Missed!
nBSElh4K0d8 EUPHORIA Season 2 Ending Explained & Season 3 Theories!
nXojsjnx0F8 THEM Ending & Ghosts Explained!
n__QvxXosu8 SONGBIRD - The COVID Horror Movie No One Asked For | Explained
novI0fJN93g THE OA SEASON 2 Ending Explained!
nsvEWlbTCGE 56 KEY Differences Between MORTAL KOMBAT (1995) and MORTAL KOMBAT (2021)
o-Iodcbg_9Y THE BOYS Season 2 Ending Explained! Review, Breakdown and Season 3 Theories!
o8S0vKJdi08 Chilling Adventures of Sabrina Episode 9 \
oCdCYFtDN4o WESTWORLD Season 3 Episode 7 Breakdown, Theories, and Details You Missed! Caleb's Past Revealed
oKAQJEgH6MM SQUID GAME Ending Explained! The Game Show From Hell!
oclGDXtu-eQ THE LAST KINGDOM Season 5 Ending Explained! Real History & Season 6?
of3Qr30467U THE HAUNTING OF BLY MANOR Ending & Ghosts Explained!
ohZikI1RuDw DELIVERED Ending Explained! Into The Dark Hulu
onOvedbXljU Clash of Ideologies - Writing the Perfect Villain
ouM5qWosXXE THE MANDALORIAN Episode 6 Breakdown! New Theories and Details You Missed! \
p0oIaFCGAHU KFC's Lifetime Movie Is Finger Lickin' Bad! A Recipe for Seduction Explained
p0rJ4OhQ4gE CHILLING ADVENTURES OF SABRINA Season 3 Ending Explained + Season 4 Theories!
p3TiL7zbsvk AHS: 1984 Episode 7 Preview Breakdown! | \
pVt2bMAfjso IO Ending Explained - Netflix 2019
p_Q6GMhou9Q Is MOFF GIDEON SNOKE!? Dr. Pershing's Experiments Explained! The Mandalorian Chapter 12
piyV5iiys9M 13 INSANE Problems With 13 REASONS WHY
pvdG_Cl50Qw THE INVISIBLE MAN Ending + Twists Explained!
q4SBn2bSgxw AHS: 1984 Episode 5 Breakdown, Theories, and Details You Missed! | \
qDJs7JRJs18 ALICE IN BORDERLAND Ending Explained & Season 2 Theories!
qJGdAgx2quc NIGHTMARE ALLEY Ending Explained!
qLTTXkNHAJI GOOD OMENS Ending Explained!
qcxa3RVr4YE Carrie: How to Write Tension
qgadK3w8h_Y AMERICAN GODS Season 2 Ending Explained!
qi_zseaaYPg THE MANDALORIAN Season 2 Ending Explained, Post Credits, & Season 3 Theories!
qqK86DFrjEY RAISED BY WOLVES Episode 6-7 Breakdown, Theories, and Details You Missed!
rEqDLFcymsE Into the Dark: Down - One Minute Review!
rKIyTTso8og SECRET OBSESSION Ending Explained | Crazy Ridiculous!
rbFAeGcjsoM THE DARK CRYSTAL (1982) Ending Explained!
rqkwuKGxK7k THE FLIGHT ATTENDANT Ending Explained & Season 2 Theories!
rwbhbyWCR2U CHILLING ADVENTURES OF SABRINA Part 3 Trailer Breakdown! | Music Video Trailer Explained
rxxAg67KUnE SPENSER CONFIDENTIAL  Ending Explained!
s26lFYR5hJg Does CURON Have The Darkest TV Ending Ever!? - Explained
sHg11LAlgCQ LOVE, DEATH + ROBOTS Every Ending Explained!
sVQqb1mO-I8 LOVECRAFT COUNTRY Episode 6 Breakdown, Theories, and Details You Missed!
sXD5_KjRGL0 Chilling Adventures of Sabrina Episode 8 \
senPgcFlqjk Nightflyers Episode 1 \
shT46njguq8 CASTLE ROCK Season 2 Ending Explained!
sjjX6Z_D-oo Exploring Manifest Episode 4 - \
sqHw7IkPzi4 WESTWORLD Season 3 Episode 2 Breakdown, Theories, and Details You Missed!
tFc7PWnu1tc PALM SPRINGS Ending Explained!
tZUQm4vOwE0 THE CROWN Season 3 Ending Explained! Season 4 Theories and Real Life History!
teKZ0TN8exE AHS: Apocalypse Episode 10 Breakdown and Details You Missed!
twDCPHdEYgs WANDAVISION Ending Explained! What Happens Next and Post Credit Scene Breakdown
tzeuR_vaE2Y POOKA 2: POOKA LIVES Ending Explained!
u3n-2b5LjWw THE MANDALORIAN Trailer Breakdown, Plot Details, and More!
uCHN8I2p6X4 The Real Life Spies from Netflix's \
uFD8pcVZNww Castle Rock Episode 8 - Promo Breakdown
uHxZ1IM2-Yc RAGNAROK Season 2 Ending Explained! Netflix Norse Mythology
uK-Y19eVSjI Castle Rock S1E05 Explained
uOlYDQBAbow CHILLING ADVENTURES OF SABRINA Season 3 Trailer Breakdown!
uQZ3rI1Z5J8 WATCHMEN Episode 5 Breakdown! New Theories and Easter Eggs!
v-uWLhnLeiY AHS: Apocalypse Episode 8 Breakdown and Details You Missed!
v55UMiX1Ox4 Castle Rock S1E03 Explained
vDQtNXNIN70 THE HAUNTING OF BLY MANOR - Hidden Ghosts, New Photos, and Plot Revealed!
vHg6KTaJ7r8 WESTWORLD SEASON 4 Theories & Season 3's Unanswered Questions Explained!
vLO8TkGIeyw REACHER Ending Explained!
vMl-g-GJ1Ac THE PLATFORM Ending Explained!
vcqs86k0OlQ GAME OF THRONES Season 8 Episode 6 Breakdown, Recap and Theories | The Iron Throne | Final Episode
vrXFbdXyuhQ THE ADAM PROJECT Ending Explained!
vuIP2TdlnlU GLASS Ending Explained - Unbreakable and Split Connections
wC-lhRfZSRU WATCHMEN Episode 7 Breakdown! New Theories and Easter Eggs!
wCb3-lndI0M AHS: Apocalypse Episode 7 Breakdown and Details You Missed!
wPeG990YoGU AHS: Apocalypse Episode 5 Breakdown and Details You Missed!
wY0nvA2_5z4 CASTLE ROCK Season 2 Episode 9 Breakdown, Theories, Easter Eggs, and Details You Missed!
wgRxbK98jo8 Hidden Easter Eggs in the Castle Rock Trailer (Stephen King References!)
wnlpo5n7x5Q Home Alone and How to Write the Hero's Journey - Joseph Campbell and Dan Harmon Story Structure
wpM-JUcfFhg RAISED BY WOLVES Season 2 Episode 3 Breakdown, Theories & Details You Missed!
wvEetrgCxh0 THE WILDS Ending Explained & Season 2 Theories!
x-3R5rJUUvE LOVE IS BLIND is the CRAZIEST show on Netflix!
x3rvj2FA198 THE PUNISHER Season 1 Ending Explained!
xGg2q8YJHJs RUSSIAN DOLL Ending and Timeline Explained!
xP3Wqdn2mj8 LUCIFER Season 6 Ending Explained! What the Hell?
xVjOxPl9bj0 WESTWORLD Season 3 Episode 6 Breakdown, Theories, and Details You Missed! Who Will Help Maeve?
xzEg8c5Ajt0 LUCIFER Season 5 Ending Explained! Part 2 and Season 6 Theories
y5hX8X8w0A0 THE HAUNTING OF HILL HOUSE Season 2 Teaser Breakdown!
yGb8AiEUZ2Q DOOM PATROL Ending Explained!
ygcf8gO8TGk AHS: Apocalypse Episode 9 Breakdown and Details You Missed!
z1yTKCeBcFo SCARY STORIES TO TELL IN THE DARK Ending + Monsters Explained!
zKg2T0SRsZo AHS: DOUBLE FEATURE Episode 6 Breakdown, Theories, and Details You Missed!
zRe5bWw0FZI THE TRIAL OF THE CHICAGO 7 Real Life Characters and Ending Explained!
zhOCOFSPAcU BARBARIANS Ending Explained + Real Life History!
zvftAanJHd8 I AM MOTHER Ending Explained! Netflix 2019
