-5prWVrsF7I Plans Meeting
-uUgtVwddsw Plans Committee
-wvBdK0dnPU Full Council
0A5MNhgzZ6c Community & Resources
0DSN59Ow9BI Community & Resources
0LC9S3q2pGE Plans Committee
1plC2hoGCsI Extraordinary Full Council
2HNKDAtRpEc Harbour Board Committee Meeting
2Xa24Whn-2Q Audit & Governance
2npE5M7IVhE Audit & Governance
3U8d6UtoaqA Full Council
4J9xa2mLc2E Plans Committee - 6 August 2020
4WKUATF3ia4 External Overview & Scrutiny
5G4RXJEVT6A Isaac's Yard virtual Town Hall event
5RZbxHIF7Sg Full Council - Budget Special
5mC7xlfA8q8 Plans Meeting
5w3XFq_R2Vc Plans Meeting
6f1va5T-MFU Community & Resources
84bo5hKNo9c Plans Meeting
9mfY2vgv5Qw Full Council
A-pB0nvD-ME Skernscapes 2 FINAL first complete version modified sound Aug 13, 19
AT45s0sZtHU Audit & Governance
AvN11EH7764 Full Council Meeting
BIVtM9R38V4 Special Community & Resources
Bux0nc4t6QM Community & Resources
C4OX8kusb6g Annual General Meeting
CbjReJctgiA Licensing
CgwgEaKbEs8 Internal O&S Committee
CoT5bQwinU0 Plans Meeting
DEERuVOkkNA Extraordinary Full Council Meeting
DVIMPI6moVU Internal O&S Committee
DloWHvX_5GA Full Council
E7x9aqZ015I Extraordinary Full Council
EAGnh93U_uA Plans Meeting
FbMwJ6GBJ-k External Overview & Scrutiny
FjpZaNmmCE8 Full Council
GAzmzpnZ6M8 Standards Committee
GjW74Hm_-NE Full Council
HQBoNnIvT_c Special Community & Resources
HYlfpQhSQgc Community & Resources
Hogxu_zO5co Internal O&S Committee
HrI_6bGrQbQ Plans Committee
IVlXD3cNlUk Holsworthy Town Centre Recovery Webinar 2020
IrZHtwsduPw External Overview & Scrutiny
JD54c5XHIPQ Internal O&S Budget Special
Jn7G3qT6oaY Full Council
Kw1CSfwWfZo Plans Meeting
LfQKsvqdg-s Full Council
M73X0qB3pno Plans Committee
M8djJAFGs4Q Licensing Sub
MAKqB-dbUDU Harbour Board
MdOjEdf_7qw Plans Committee
Mmcdilvny3U Audit & Governance
NIDkGMQMlTw Internal O&S Committee
NZgoh-09vcE AONB relay blokart leg
Nhg2UikYNaE Audit & Governance
PZn_B56tXvA Full Council
PzLfeDmTL9w Internal O&S Committee
QFVaVg_RWkM Torridge District Council  - External Overview & Scrutiny Committee
QQKXKx2CtKg Community & Resources
QyTDI0KiDs0 Plans Meeting
Qznv4twFuKY Community & Resources
RY4n2Clw0Ag Full Council
S7_XqIbVTxI Community & Resources
SRM266rEong Full Council
SzIkoTf4ZD4 Great Torrington Recovery Webinar 2020
TXqQgVLrfBw External Overview & Scrutiny
TymVLhIUlfU Special Community & Resources
U2eGFNwE0XE Community & Resources
U6xXM2swxPU Community & Resources Budget Special
VWdesq5xeDc Extraordinary Full Council Meeting
Vfgkt1OnOKM Westward Ho! Birds eye view - Torridge District Council
VrHjZOjBDfE Standards Committee
WA7Pzj8s8SU Internal O&S
WbeYTsPq4ZI Internal O&S Committee
XR7BcS0PKP0 Extraordinary Full Council Meeting
XYBY9d83geI Plans Committee Meeting
XYCLRDISNBo Plans Committee
XyUEPCW4dnM External O&S
Y-Pz6QZeT5U Internal Overview & Scrutiny
YYJS16n_2QY Full Council
YpcDei156Ys Community & Resources
YyjHFfG-eCY Plans Meeting
ZFnE_hJVf4s Plans Meeting
ZV0b_EvK33Y Plans Committee
ZootNTTfQKY External Overview & Scrutiny
_1fEDfG47x8 Plans Committee
_MYjHtBWeD8 Internal Overview & Scrutiny
_jMv3_gQGWc Plans Meeting
_z1G0ZkKlXU Plans Committee
aeURzpnSfpo Plans Committee
b8VdbYU9UcA Harbour Board
bAxQmvSCo-E Plans Committee
bVai5N6Faiw Community & Resources Budget Special
c0vt5ilFoFM External O&S
cO2-ouSoMfc Welcome to Issac's Yard.
ceMM6RnKBhM Extraordinary Full Council Meeting
cqlnyPHYRtM External Overview & Scrutiny
dfmC9DFgZk8 External Overview & Scrutiny
dp6zRAfsNec Community & Resources
dqg-kfFh_-8 Harbour Board
dsSMrA9ctYw Full Council
e1haqW6NjR0 Community & Resources
e67Tu6LsXS4 Audit & Governance
e88V6DDJNLg Full Council
f3R8D-MVknI Standards Committee
fNAcLu8JThA Internal Overview & Scrutiny
g_Emo3-gmJ4 Plans Committee Meeting
gh5Jc7oAfqE External Overview & Scrutiny
iQ5pzFZ_9Iw Licensing
ihkONgHGyaw External Overview & Scrutiny
iw9HkDjXyFI Harbour Board
j5fk1O3WeGo Audit & Governance
kLccjJG84lM Audit & Governance
lein5bkXEF8 Working for Torridge District Council
liVFXmy6iII Plans Committee Meeting
lk8V3pHJkC8 Armed Forces Day 2018
m9Hg7JxBa1E Extraordinary Internal O&S
mS19jGXZZ0Y Internal O&S
oMd96k7DmNU Community & Resources
ojcwrXQa-zY Community & Resources
pT1lP5w3RyM Plans Meeting
pTegNKMlEdM 10xGreener
paczBmOe6eo Extraordinary External Overview & Scrutiny
q20pzYEOvEE Skernscapes 1 YouTube final
q8wa8t7oJLE Full Council
qd7WSFbTERA Extraordinary Plans Committee Meeting
tlaSU_3qd9A Internal O&S Committee
uKIQPW1t1sI Extraordinary Full Council Meeting
wDzz0b2ZE6U Joint Area Advisory Group Meeting
x3C0W19iQME Bideford Town Centre Recovery Webinar 2020
yBZ29jdlbsA Internal Overview & Scrutiny
yFgEZ56k1bc Internal O&S Committee
yGcU5KdPh-c Standards Committee
yvMMBPZBMlw Audit & Governance
yyx-9qDYEE8 Licensing
zUHYsNLKK8M Extraordinary Full Council Meeting
