-IbMYZtjSUo Gohan: The Power Level Series - Episode #5
-aZWykwg9hk Goku: The Power Level Series - Episode #7 (Finale)
-hw41i-O2ps Fixing Dragon Ball Super's Manga
-pssDr5hV0k 100% Blind HUNTER X HUNTER Review: Heavens Arena & Zoldyck Family Arc
-ttV8v5UYiM 100% Blind ONE PIECE Review (Part 18): Zou Arc
0a2L8f0P5Ns 100% Blind HUNTER X HUNTER Review: The Chimera Ants Arc (3/3)
11vl2VinVyY Jiren: The Terrible Antagonist | The Anatomy of Anime
1gM_vaKd68w 100% Blind HUNTER X HUNTER Review: The Hunter Exams
29GuD1QQL8I 100% BLIND Review: One Piece TV Specials - 3D2Y, Heart of Gold, Episode of Sabo & MORE!
2R0jo4wFIzc Gohan: The Power Level Series - Episode #5.5
30y1b6moiv4 BERSERK: A Blind Review - GOLDEN AGE ARC 1/2
31tIMhde7mI Dragon Ball TV Specials | REVIEW
3ci1Wq2hby8 Checkered Fate: How One Piece Will END
3dnuJbYmCm4 The Importance of Waiting (Dragon Ball) | The Anatomy of Anime
3yPI56np2v8 100% Blind ONE PIECE Review (Part 13): Return to Sabaody & Straw Hat Ranking
4BMBPapPsRA Is Super's Animation Good?
4LddR4UF9q8 What Disney has Forgotten
4kcms3GZBOQ 10 WORST ANIMATED MOMENTS OF DRAGON BALL SUPER: RESURRECTION F ARC
4lOuhxjE8n0 Master Roshi: The Power Level Series - Episode #1
4vYmt3tD5i8 Transforming Dragon Ball Super into Dragon Ball Z | EPISODE #2 | The Anatomy of Anime
5-UpsXOG3YY Who Did it Better? - Goku's \
52zS1eWkaMI 5 Times Krillin Should've Used the Kienzan (BUT DIDN'T!)
5LFsVz0XyHs Attack on Titan: The Colossal Review
6fQbqp1aMTs Google Translates Dragon Ball Z: Episode 2
70J-6tPRvvY 10 BEST ANIMATED MOMENTS OF DRAGON BALL SUPER: RESURRECTION F ARC
74_EP6kv7Zw BERSERK: A Blind Review - GOLDEN AGE ARC 2/2
7PSfuqDG4Jg 100% BLIND Review: Every ONE PIECE Movie (Part 2): Movie 5, Movie 6, Movie 7 & Strong World
7QzLpWBGtZE Dragon Ball Z: Battle of Gods | Honest Review
8Kv2UgNEJtM Google Translates Dragon Ball Z: Episode 3
8Q7RFPRJrH4 Tenshinhan: The Power Level Series - Episode #2
8tLASpyLvKc Dragon Ball Perfected Fighting | The Anatomy of Anime
93JWIGAFajw 100% BLIND Review: Every ONE PIECE Movie (Part 3): Strong World, Film Z, Film GOLD & Stampede
95XjDnHR3nM 10 Times Dragon Ball Super Made Fans RAGE!
9GTGAn9j1xk BOOTLEG Dragon Ball Movies - TotallyNotMark
9HaZbOGYrgo Reviewing EVERY Spider-Man Movie | Andrew Garfield | SPIDEY-CEMBER
9aADhDUG2yA How to Draw ANY DRAGON BALL CHARACTER
9vN874qlI7s JoJo's Bizarre Adventure REVIEW (Part 6): Diamond is Unbreakable (2/2)
9woPNIQireI Dragon Ball Z: RESURRECTION F | Honest Review
Ae7k9UpXVAI Adult Gohan: The Hollow Character | The Anatomy of Anime
BId4Lxe0JfA Every Difference in the Dragon Ball Super Manga
BSBNB2zJjNc 100% Blind HUNTER X HUNTER Review: The Chairman Election
BZM_Jxj_Y5c WE WON... sort of (TOEI UPDATE)
CJvdl1Y-VV8 Top 8 Scariest Dragon Ball Moments (Halloween Special)
DrEnDouTs8A 12 Times Dragon Ball Super's ANIME was Better than its MANGA
DsFRonykqjs Super Dragon Ball Heroes - Series Review
DuJ2YS9gOmA Dragon Ball: GT Review (Part 3) - Super Android 17 Saga
ENFeyOLJXrQ BERSERK: A Blind Review - Falcon of the Millennium Empire Arc P2
EcZ7srAcEAE Dragon Ball Z Abridged did it BETTER?
EhGgWWAbQ6M Best Animated Moments of Dragon Ball Super: Universe Survival Arc (Part 2)
GFQVzjAevvk Dragon Ball: SUPER Review (Part 5) - The Tournament of Power
GI9_Q7AGjxA Dragon Ball Z: Kakarot gets a NEW COVER!
Gi4_qqwOti8 100% Blind NARUTO Review (Part 11): This was PAINFUL and Awesome - The Fourth Shinobi War Arc (2/3)
GjCA53ZRcaA Rewriting the Buu Saga (FINALE) | The Anatomy of Anime
GoffRaLCAG8 Dragon Ball Minus VS Bardock: The Father of Goku
GqASkQUVpho Reviewing EVERY Spider-Man Movie | Tom Holland | SPIDEY-CEMBER
GvAVDwARPHY Who Did it Better? - It's Over 9000?!
H5P3c1qpLtw BERSERK: A Blind Review - LOST CHILDREN ARC
HV-iXP9KDWI 10 BEST ANIMATED MOMENTS OF DRAGON BALL SUPER: FUTURE TRUNKS ARC
HoKBIj9FCsA Dragon Ball: SUPER Review (Part 1) - Battle of Gods & Resurrection F
INKi3A44E9Y Would You Rather Be a GOKU or VEGETA - Psychology of Dragon Ball
J5BkNwS0ibI 10 WORST ANIMATED MOMENTS OF DRAGON BALL SUPER: UNIVERSE 6 ARC
JAjw7pJth3M Classic Dragon Ball Films | HOT TAKE
J_UbGKw9spA 15 Dragon Ball Easter Eggs and Secrets
JuO-ByWRoFE Dragon Ball: GT Review (Part 4) - The Shadow Dragons Saga
K5NiiXO2udU Original Dragon Ball: Complete Series REVIEW (ft. Team Four Star): The 23rd World Tournament
K5uscyx0OpU Dragon Ball Super Manga: Embarrassingly BAD?
KgR8fFLPTfM Drawing GOKU in 9 Different Styles
Kh71lD7oFWE Dragon Ball: GT Review (Part 5) - Complete Series Review
Kq5fvzAGVmw 10 Most Surprising Moments in Dragon Ball
L6bU6BqLNsM Who Did it Better? - Vegeta's Sacrifice
LIB_Fxy2KS0 100% Blind ONE PIECE Review (Part 16): Dressrosa (1/2)
LRcynmXd9tU 100% Blind ONE PIECE Review (Part 20): Whole Cake Island (2/3)
LWDJL5LHiVA Trunks: The Wounded Character | The Anatomy of Anime
LZs7n03cxSY Broly: The Missing Ingredient | The Anatomy of Anime
Lj0naJ74FF0 English Dub vs Japanese | Dragon Ball Super
Mb6skhi6mFo Moro Arc Review - Dragon Ball Super (Super's Best Arc)
MfQzDMKVNJE Dragon Ball: SUPER Review (Part 6) - Complete Series Review
MvY38lpRClo The Hidden Genius of Dragon Ball's Music
N-ErqlS44zU 100% Blind ONE PIECE Review (Part 5):  Jaya - Skypiea
NIaAPZTQ3iw Nostalgic Dragon Ball Films | HOT TAKE
NLrgUha4t8Q Why I Love Dragon Ball Super
NPYF-ThmRJE Would You Rather Be a BAKUGO or MIDORIYA - Psychology of My Hero Academia
NXHXFaD12I8 10 WORST ANIMATED MOMENTS IN DRAGON BALL SUPER: BATTLE OF GODS ARC
NkURF92SsRE BERSERK: A Blind Review - The Black Swordsman Arc
NncNYoIbBHM BERSERK: A Blind Review - THE CONVICTION ARC
NrzyF8pO8N8 Original Dragon Ball: Complete Series REVIEW (Part 2): The Red Ribbon Army Arc
Ns2GvGSBsok Son Goku: The Misunderstood Character | The Anatomy of Anime
Ny71xuaQgQk Who Did it Better? - Goku's Super Saiyan Transformation
O1MkAJlnKiY 100% Blind HUNTER X HUNTER Review: Yorknew City Arc (1/2)
OHsC3bK6okM Rewriting the Buu Saga | The Anatomy of Anime
OKVLWBdsF9k How is Super Dragon Ball Heroes this Popular? - Series Review
OTvpWRhrqVo JoJo's Bizarre Adventure REVIEW (Part 1): Phantom Blood
OZVqWhBKzFw 100% Blind ONE PIECE Review (Part 10): Sabaody Archipelago
OcvH6pRcKiQ 15 Best Easter Eggs in Dragon Ball Super
OnpwISsfRIc 100% Blind NARUTO Review (Part 6): Tenchi Bridge Mission & Akatsuki Supression Mission
OpJWwzeWGm8 I Watched Every Dragon Ball Z Movie and... | HOT TAKE
Oxd5dYah-qE Top 10 Times Frieza Embarrassed His Opponent
P-hf-3TyFck 100% Blind NARUTO Review (Part 7): Sasuke Vs Itachi, Tale of Jiraiya the Gallant
PI7g-1hVmGo Dragon Ball Super Vs Battle of Gods
PWVsMO7Aoog Son Gohan: The Forgotten Character | The Anatomy of Anime
PiARuIk6Mzw Every Dragon Ball Super Episode Reviewed in 10 Words or Less
QUbhpXQxEiU 100% Blind NARUTO Review (Part 4): Sasuke Recovery Mission Arc
Q_rR1x86E3w Piccolo: The Humiliated Character | The Anatomy of Anime
RJ0meBqA1d4 Zamasu: Turning Characters Evil  | The Anatomy of Anime
RPnBKCImu-k Dragon Ball Z Abridged Reviewed in 10 Words or Less
RVw4vH-n8OI DOES JIREN SUCK?
RZSCseNIghQ 100% Blind ONE PIECE Review (Part 21): Whole Cake Island (3/3) & Reverie Arc
ReDnxpkys4Y Dragon Ball GT vs Dragon Ball Super | The Anatomy of Anime (Review)
RsqNhetCBEE 100% Blind ONE PIECE Review (Part 6): G-8 & Long Ring Long Land
S7zvMDM_EME Best Animated Moments of Dragon Ball Super: Universe Survival Arc (Part 1)
SA3C_S4W1ts Dragon Ball Super's Crazy TV Ratings
SL9vdgHhCyc JoJo's Bizarre Adventure REVIEW (Part 5): Diamond is Unbreakable (1/2)
SRK0xZ1KpIs Dragon Ball: SUPER Review (Part 4) - The Universe Survival Arc
T6T7hj4gVzg The WORST Dragon Ball Super Dub!
TI8aZ3tSv0M 100% Blind ONE PIECE Review (Part 17): Dressrosa (2/2)
TUbTreWSt08 Beginner's Guide to Dragon Ball Super
TVxdIW9_3IU 100% Blind NARUTO Review (Part 9): The Great Sakura Debate & the Five Kage Summit Arc
UaMsnWLIRSI Dragon Ball: GT Review (Part 2) - The Baby Saga
UizCix_v1p0 9 Things You Remember Wrong In Dragon Ball Super (SPOILERS)
WB5Z9qKCjY4 Drawing From Memory - Dragon Ball Characters
WfW1IrMRk7A WINNER? How Dragon Ball Super Ends Theory
WgX9QQU9ckA 100% Blind NARUTO Review (Part 1): Prologue - The Land of Waves
XC9rJz04B2k Transforming Dragon Ball Super into Dragon Ball Z | EPISODE #1 | The Anatomy of Anime
XEHHstf8xRI 100% Blind ONE PIECE Review (Part 8): Enies Lobby & Post Enies Lobby
XQaCz-dFslY Fixing Dragon Ball Super's BAD Artwork | EPISODE ONE | The Anatomy of Anime
XRbrIqCkzVA 100% Blind ONE PIECE Review (Part 24): The Wano Arc (Act 3)
YTXFjH5SFME Yo, Son Goku and His Friends Return! (and other OVA/Specials) | HOT TAKE
YXv2VvY9suo 100% Blind ONE PIECE Review (Part 23): The Wano Arc (Act 2)
Y_PIJZ666PY Vegeta: The Power Level Series - Episode #6
_XP83_i_9Hc JoJo's Bizarre Adventure REVIEW (Part 3): Stardust Crusaders (1/2)
_YV5TT2BrwA Every Dragon Ball Super Enemy Reviewed in 10 Words or Less
aZxnL6Bk3Aw Attack on Titan: The Final Chapter Review
aeg9XPsi33A 100% Blind NARUTO Review (Part 10): The Fourth Shinobi War Arc (1/3)
ahb34Wl4rEA The Confusing Canon of Dragon Ball Super (SO MUCH FILLER!)
ampuvFFttVM The Batman - The BEST Batman Movie Ever Made? (SPOILER FREE Review)
b9E0ay65Ue4 100% Blind ONE PIECE Review (Part 1): Romance Dawn - Baratie
bTYAgZpK1tA What Dragon Ball Super's Return Might Look Like! (MANGA to ANIME)
bbyDYlFMs20 Piccolo & The Androids: The Power Level Series - Episode #4
bzZgIalmBYI Dragon Ball vs One Piece | WHICH IS BETTER?
cHZ1aOpunB4 100% Blind ONE PIECE Review (Part 2): Arlong Park - Loguetown
cZMpxO3qpOk BERSERK: A Blind Review - Falcon of the Millennium Empire Arc
d9GAJbVQCLc Who Did it Better? - Super Saiyan 3 Transformation
dOEmUSuloOc WEIRD Dragon Ball Commercials
dtjHDFqJJto 100% Blind ONE PIECE Review (Part 11): Amazon Lily & Impel Down
dxCh1wkQ5R8 50 DRAGON BALL SUPER FACTS: Only Super Fans Know
e_L5gaDUBTU Google Translates Dragon Ball Z: Episode 1
ekWcY_ASL04 10 BEST ANIMATED MOMENTS OF DRAGON BALL SUPER: UNIVERSE 6 ARC
h5O29LqZx14 Original Dragon Ball: Complete Series REVIEW (Part 1): Pilaf Saga - World Tournament Saga
hDc_rJJEG40 Pok√©mon: The Devolving Designs (ft. Tom O'Regan)
hX7yMOH3yQo The Importance of a GREAT Opening
hgKE39xtWSg JoJo's Bizarre Adventure REVIEW (Part 7): Golden Wind (1/2)
hvv2eZSJ9P4 Fixing Dragon Ball Super's BAD Artwork | EPISODE TWO | The Anatomy of Anime
hxdkaAoYkzs Every Difference In Dragon Ball Z Abridged
i9urgtfDC3s 100% Blind ONE PIECE Review (Part 7): Water 7 Arc
ifVjB6Wi3HY Avengers Endgame: How to Write Emotional Scenes
ijrlwRDNa8I Dragon Ball Z Abridged: Behind the Scenes | The Cell Saga
irE8gxvmVHk Universe Survival Arc Reviewed in 10 WORDS OR LESS
jKTXgAoT1BU Problems with Power Levels | The Anatomy of Anime
jUuQbQmNMis 100% Blind HUNTER X HUNTER Review: The Chimera Ants Arc (2/3)
k27UPBIZDkg Ì†ΩÌπå TOURNAMENT SCOREBOARD!!! Ì†ΩÌπå Who's eliminated the MOST?
k9vKI1tiqyY 100% Blind ONE PIECE Review (Part 19): Whole Cake Island (1/3)
kGdeuRzV8tw Every Dragon Ball Super FIGHT Reviewed in 10 Words or Less
kJvwfWSWWZ0 12 Times Dragon Ball Super's MANGA was Better than its ANIME
kc4ox0qTFGg 100% Blind HUNTER X HUNTER Review: Yorknew City Arc (2/2)
kcfFK9HWu4g Krillin: The Power Level Series - Episode #3
lED4moD4AUk Reviewing EVERY Batman Movie | Zack Snyder Era | Batman v Superman, JOKER & Justice League
logUymY20ik 100% Blind ONE PIECE Review (Part 22): The Wano Arc (Act 1)
m0rpj2ZgENE Reviewing EVERY Batman Movie | PRE 2000's | Adam West, Michael Keaton & MORE!
mSqEn0Szhfw Who Did it Better? - Kaio-ken x20
mZoNm4fz9BQ Goku isn't Overconfident | The Anatomy of Anime
mhzBd36W_nU 100% Blind ONE PIECE Review (Part 14): Fishman Island
msrybfebiuk Does Disney Need to Change?
mtImDcJj4VE Dragon Ball Super: English vs Japanese
mzMcUIS3m0U DRAGON BALL SUPER VS RESURRECTION F
nYCccM5i49M JoJo's Bizarre Adventure TIER LIST & REVIEW (Part 8): Golden Wind (2/2)
ngF2uu6aoSM Dragon Ball Super (DOCUMENTARY): 100 Episodes Later
o0KYMBNd6yY JoJo's Bizarre Adventure REVIEW (Part 4): Stardust Crusaders (2/2)
oBtF7WfmqXA KEIJO: A Secret Shonen Masterpiece
pL0Fj6wIvxU Beerus: The Problem Character | The Anatomy of Anime
pORy7MNy8C8 Dragon Ball: GT Review (Part 1) - The Black Star Dragon Balls
pPFtKqRKhmE Dragon Ball: SUPER Review (Part 2) - The Universe 6 Tournament
qvZJNYYe5cI 100% BLIND Review: Every ONE PIECE Movie (Part 1): One Piece: The Movie - The Adventures of Dead End
qw2xQdS0scc Majin Buu: The Mishandled Mess | The Anatomy of Anime
qzh-QcbJQKQ Bulma: The Female Character | The Anatomy of Anime
rubB-7qGm9g 10 BEST ANIMATED MOMENTS OF DRAGON BALL SUPER: BATTLE OF GODS ARC
rx6Ird7Ded0 100% Blind HUNTER X HUNTER Review: GREED ISLAND (2/2)
sFnoael4oIk Frieza: The Power Level Series - Episode #8
sHzd2UZAxCs 100% Blind ONE PIECE Review (Part 4): The Alabasta Arc
sLKF0ozCiKY JoJo's Bizarre Adventure REVIEW (Part 2): Battle Tendency
sRdRNrtMu_Y 100% Blind HUNTER X HUNTER Review: The Chimera Ants Arc (1/3)
srcz73p95pY 100% Blind NARUTO Review (Part 2): The Chunin Exams
st9_0eiQrJ4 The Genius of Attack on Titan
sw1o1K1oyhk 100% Blind NARUTO Review (Part 8): Pain's Assault Arc
sw6lDja0zxk The WORST Dragon Ball Super Dub: Resurrection F OFF!
t-MhMo-gL6A Freeza: The Unsympathetic Villain | The Anatomy of Anime
tCajHkPA6OM Reviewing EVERY Spider-Man Movie | Tobey Maguire | SPIDEY-CEMBER
tDOMLu1GwRY Top 10 Dragon Ball Z Abridged Episodes
td8wt_ClPus Vegeta: Super's Boring Sequel | The Anatomy of Anime
tzoPcs_lJ8Q How to introduce your Villain | The Anatomy of Anime
u2-3RORt5x8 5 BAD Things No One Talks About in Dragon Ball Super
u7PQVcgwGmc 100% Blind ONE PIECE Review (Part 15): Punk Hazard
uB7VzlBUips The WORST Dragon Ball Films | HOT TAKE
uU5eDAXloLc Dragon Ball Super Manga: DOOMED TO FAIL!
uUhmEaNB6Ww Top 10 Dragon Ball Christmas Episodes
udNXBm24VLE 7 Things Dragon Ball Super: Broly NEEDS
uuTdXQFvp28 Original Dragon Ball: Complete Series REVIEW (Part 3): Fortune-Teller Baba & 22nd World Tournament
vKuoYCrONzM Dragon Ball Z Abridged: Behind The Scenes | The Freeza Saga
vLkorGkuDQM Dragon Ball: SUPER Review (Part 3) - The Goku Black Arc
vvBGNxlMHU4 10 More Dragon Ball Super EASTER EGGS
vval2R577BQ Whis: The Defective Mentor | The Anatomy of Anime
wdCmKH3dGJo Moro: The Troubled Chapters | The Anatomy of Anime
wuEDWVyLk9I 100% Blind ONE PIECE Review (Part 9): Thriller Bark
x4zdqTcqxSM 100% Blind NARUTO Review (Part 5): The Kazekage Rescue Mission
xOVzo4Vnc-w 100% Blind ONE PIECE Review (Part 12): Marineford & Post War Arc
xddvEi3umPg Dragon Ball Heroes: BEST or WORST Thing Ever?
y0cHHia9uig Dragon Ball Super: BROLY | Honest Review
yWktbuPKYWY One Punch Man: Redefining Heroism | The Anatomy of Anime
yaXCPpR-l2g DRAWING ULTRA INSTINCT in 10 HOURS, 1 HOUR, 10 MINUTES & 1 MINUTE
yc7W3B5_jqQ Goku Black: The Narrative Nightmare | The Anatomy of Anime
yi58sGqSaYI 100% Blind HUNTER X HUNTER Review: GREED ISLAND (1/2)
zEdUBl60unc Whis DEFEATED by Oolong! | THE IMPOSSIBLE SERIES
zKBYainbp-M 10 BIGGEST LET DOWNS in Dragon Ball Super
zQdZ1-RLpjM Who Did it Better? - Gohan Vs Cell
z_Rh3126GsE 100% Blind ONE PIECE Review (Part 3): Reverse Mountain - Drum Island
zioCB3whaP8 100% Blind NARUTO Review (Part 3): Konoha Crush & Search for Tsunade Arc
zsMrn9qTpMo Vegeta: Perfecting Anti-Heroes | The Anatomy of Anime
zspotJS58xw Reviewing EVERY Batman Movie | 2004 - 2012 | Christopher Nolan Trilogy & Catwoman
zw1PJN6QQa8 Bakugo: POWER vs HEART (My Hero Academia)
