-831R10CSbU TESLA STOCK ANALYSIS: BUY-THE-DIP AT 750 AND SELL THE RIP AT 1030
07eoOjQIebs AMC BULLS ARE IN CONTROL ! NO WEAKNESS FOR ME, 15 WILL BE TAKEN THIS WEEK !
0l09II7xx3o AMC REAL SYNTHETIC SHORT EXPLAINED HEREÌ†ΩÛùâüOR A POTENTIAL GAMMA SQUEEZE !
0mot778I9Ik AMC GME: The Squeeze is on Ì†ΩÌ∫ÄÌ†ΩÌ¥•
18PWI3spLsk AMC Bullish Case Explained through the Synthetic Short and the Option Market
1ePVIvW57mE HOW TO BECOME A SUCCESSFUL TRADER: GOLDEN RULE#4 (WORK WITHIN A TEAM, TRADING IS LIKE POKER)
1wd86xIDvVE Bitcoin (BTCUSD) BREAKOUT Ì†ΩÌ∫ÄÌ†ΩÌ¥• ! Find out how to Play it Here
2MnnZU7ALvU AMC (and GME) is the Real Play Ì†ΩÌ¥•Ì†ΩÌ∫Ä
2eT8eiUbVLk WE ARE STARTING THE 3RD WAVE ON GME Ì†ΩÌ∫ÄÌ†ΩÌ¥• 220 DIP WAS EXPECTED AND IS A GOOD OPPORTUNITY Ì†ΩÌ∫Ä
2hBA2kwfd2A GAMESTOP COMPLETE ANALYSIS FOR THE WEEK AHEAD Ì†ΩÌ¥•Ì†ΩÌ∫Ä
2xFm-44XSRM AMC Huge Update Ì†ΩÌ¥•Ì†ΩÌ∫Ä We are entering the Third Wave of the Larger Degree Fifth !
37Wigae0BYU US 10Y Yield ANALYSIS
38J7yHP-3Ew Chinese Techs Alibaba (BABA) and Tencent seem undervalued, is it the right time to Buy The Dip ?
3Cf402pZG3E YOU ABSOLUTELY NEED TO WATCH THIS NOW IF YOU HAVE GME GAMESTOP SHARES
3Dtl_H05KAA AMC AND GME HUGE UPDATE !! WHAT ARE THE LEVELS TO WATCH AND HOW TO PLAY THE NEXT MOVE UP Ì†ΩÌ¥•
3FkQLnC01-g Buying shares AMC LIVE Ì†ΩÌ∫Ä DAY TRADING AMC and GME !!
3GiwEPpencM AMC GME End of Week Market Update Ì†ΩÌ¥•
3KgrJIE74Og AMC FINAL BATTLE IS APPROACHING Ì†ΩÌ¥•Ì†ΩÌ∫Ä FIND OUT WHEN AND WHY HERE !!
3jQlAK5ncr8 GAMESTOP STOCK ANALYSIS: ELLIOTT WAVE PRINCIPLE APPLIED TO GME SHOWS US THE WAY
43YES0N6dXM GAMESTOP (GME) REAL SYNTHETIC SHORT INTEREST FINALLY REVEALED USING PRO TRADER CALCULATION
4IQtQD3hFYo AMC RALLY DESPITE THE CRAZY SHARES EMISSIONS AND RUMORS OF 500MN MORE SHARES EMITTED
4X6CgIJd2Hc SOCKET MOBILE STOCK ANALYSIS: CRAZY RALLY ! WHERE TO BUY THIS ?
4XlPdfACSdc AMC Massive Expiry coming Ì†ΩÌ∏± Gamma and Vega explained !
4fsEtia-Yz8 HI DOLLAR FREE CRYPTO EXPLAINED: EVERYTHING YOU NEED TO KNOW HERE Ì†ΩÌ∫Ä Ì†ΩÌ¥•
4hflFy9g-SU GME MASSIVE UPDATE !! THE MOASS IS ON Ì†ΩÌ¥•
4w2PISo7-5U FUBOTV IS BREAKING OUT Ì†ΩÌ∫ÄÌ†ΩÌ∫Ä WE HAD THE CONFIRMATION OF THE RALLY TO COME !
4zYLlK0PJ5o GME IS STILL IN THE SECOND WAVE AND THE THID OF THE THIRD WILL COME Ì†ΩÌ¥•Ì†ΩÌ∫Ä
52wBnHq1AXM GAMESTOP BB MASSIVE UPDATE !! FIND OUT MY SCENARIOS FOR NEXT WEEK HERE
5OhKJwYgmzI AMC COMPLETE ANALYSIS: ALL YOU NEED TO KNOW TO UNDERSTAND WHAT CAN HAPPEN THIS WEEK
5QLxjtKGA-Y DXY TECHNICAL ANALYSIS: IS A RALLY COMING ?
5XHK4pLxhx4 AMC IS STRONGER AFTER HITTING 38 Ì†ΩÌ¥• VOLUME IS STILL VERY HIGH !! BULLS ARE RETAKING CONTROL !!
5q9I10wkRoM 87 is the level to take back !
5rfiiSO_OLU SPY (SPX500) QQQ(NDX100) Is it time to BUY THE DIP ? US10Y an indicator of the inflation
6Iz-lODuUWM GME HUGE UPATE ! GAMESTOP IS COMPLETING ITS FIRST IMPULSE OF THE WAVE TO 800 AND MORE !
6m0uldlMhYM AMC GME HYMC Live Trading and Market Update Ì†ΩÌ∫Ä
6xgUNeNyays AMC Taking a Breath before Shorts are under Pressure Again Ì†ΩÌ∫ÄÌ†ΩÌ¥•
7CAExKpXxuk AMC EARNINGS Approaching Ì†ΩÌ∏± Buy the Rumor Sell the News Situation Ì†ΩÌ∫ÄÌ†ΩÌ¥•
7DZoAUmVw_s AMC MASSIVE UPDATE FOR THIS WEEK Ì†ΩÛùâöLL YOU NEED TO KNOW HERE !
7eCxJJWR1WQ AMC Huge Update Ì†ΩÌ¥• After the Evening Star come The Hammer !
7gW47Ei92ko GME Retest after Breakout !
7v8MG2zqt9M ANY and BTCM squeezed Ì†ΩÌ∏±Ì†ΩÌ∫Ä What's the next move and how to play it !
7zgj-E5Hl4s AMC GAMESTOP MASSIVE UPDATE Ì†ΩÌ¥•THE REVERSAL IS COMING SOON ! HERE ARE MY LEVELS TO BUY THE DIP
85d-Nv4_oTA AMC STRONG BULLISH CASE EXPLAINED WITH FACTS
94cswkM8nvI AMC IS REACHING THE TARGETS Ì†ΩÌ∫ÄÌ†ΩÌ∫Ä ONE BY ONE, NEXT ONE IS 135 Ì†ΩÌ¥• HERE IS WHAT YOU CAN DO TO PLAY IT
9AlANWXtUAs GameStop will be Back ! QQQ levels to trigger Margin calls and Squeeze Ì†ΩÌ¥•
9UBBrRc-c3o CLVS STOCK TECHNICAL ANALYSIS: READY TO TAKE OFF AND GO TO THE SKY
9YA0oXuNbHM GME STOCK PREDICTION: GAMESTOP CONSOLIDATES BEFORE THE GAMMA SQUEEZE
9gmZ_POdJ-4 AMC: The Movement is still on Ì†ΩÌ¥•Ì†ΩÌ∫Ä
9iDXisi0jX0 AMC IS CONFIRMING ITS TARGET OF 35 !
9kvyX6GKKu8 AMC STOCK ANALYSIS PART2: HEDGE FUNDS WILL KEEP SELLING SHIT IF SHIT CAN BE SOLD
A3TibQ4xhA0 YOU ABSOLUTELY NEED TO WATCH THIS VIDEO CONTAINING PRECIOUS DATA ANALYSIS ABOUT THE SQUEEZE
AdJXHjo6iyA GME STOCK ANALYSIS: GAMESTOP IMPORTANT LEVELS REVEALED HERE
B7-hkVzozH4 MASSIVE UPDATE Ì†ΩÌ¥• AMC REACHED 35 AS EXPECTED  Ì†ΩÌ∫ÄÌ†ΩÌ∫Ä HERE IS WHAT WILL HAPPEN NEXT !
B7TmpEeQFcU CLVS STOCK ANALYSIS: PULL BACK AND CONSOLIDATION TAKING PLACE AFTER BREAKOUT BEFORE THE REAL MOVE UP
BDyRp5upDmw MRIN and ATER are squeezing Ì†ΩÌ≤•Ì†ΩÌ≤é Short Interest (Synthetic + Regular) and our targets here !!
BE3KwTdidBo BITCOIN CRYPTO (BTC) TECHNICAL ANALYSIS: TRIANGLE PATTERN FORMATION, STRONG MOVE TO COME SOON
BHyIGhLN91M CRYPTOS INSANE PREDICTIONS AND LEVELS ! DOGECOIN ETHEREUM BITCOIN: ALL YOU NEED TO KNOW IS HERE !
BJaYNDS9eG8 TESLA STOCK ANALYSIS (TSLA), 04 March 2021: IS IT THE TIME TO BUY TESLA ?
BWNGUpy6_bI GME WE WILL START THE 3RD WAVE SOON Ì†ΩÌ∫ÄÌ†ΩÌ¥• HERE IS WHAT I WOULD DO TO PLAY IT
C6T_5O6aUyY AMC HAMMER CANDLE Ì†ΩÌ∫Ä Margin calls kicking in Ì†ΩÌ¥•
CAvGwsReIVU GAMESTOP STOCK ANALYSIS: GME WILL GAMMA AND SHORT SQUEEZE ABOVE 480 AND I TELL YOU WHY !
CE-wEX_fY5c THE MOASS WILL COME WHEN GAMESTOP WILL TAKE BACK THE 200 LEVEL FOR GOOD
DD0vJFjcozs NIO STOCK ANALYSIS: PULL BACK BEFORE LIFTOFF
DJVEIkIexGs FUBO STOCK ANALYSIS 10 March 2021: CONSOLIDATION PHASE, PATIENCE IS KEY
DSphAeTvees SPY ALERT Ì†ΩÛû™çon't let yourself trapped by the B wave !
DVKa6cR0h6E Are SPY (SPX500 ETF) and QQQ (Nasdaq 100) going to CRASH more Ì†ΩÌ∏±?
D_eh39dJq3M SPY (SPX 500) and QQQ (NDX) Full Price Prediction Ì†ΩÌ¥•
Dt2tcU87-NE AMC GME: The Squeeze is on Ì†ΩÌ∫ÄÌ†ΩÌ¥•
E4Ai4ofHHgY Something is about to Happen on Gamestop Ì†ΩÌ≤£Ì†ΩÌ∏±
E8PeFZhnBE0 GAMESTOP ANALYSIS PRICE PREDICTION
Eaus0BbnFTg Oil is only pulling back Ì†ΩÌ∏à
EqpE9CQGZLg AMC HUGE UPDATE ! WE ENTERED THE THIRD WAVE FINALLY WITH VOLUMES PICKING UP ! WHAT'S NEXT ?
EuSKwt7-FAQ S&P GOING TO 3750 ! NKY TO 27000 AGAIN ! AND SX5E BACK TO 3800 ??
FBwMQ7lgk0M BITCOIN CRYPTO RALLY ABOUT TO END ! BTC TECHNICAL ANALYSIS: FIBONACCI, ELLIOTT WAVES, MACD,
FEac9rYg36Q GAMESTOP ANALYSIS: WHAT YOU NEED TO KNOW FOR THE COMING WEEK
FaYbCnXcPyI REDDIT STOCKS INSANE UPDATE ! FUBOTV CLVS RKT SKT: WHAT'S NEXT ! based on 16/05 data
FltedYt94u4 FOREX DXY and EURSD TECHNICAL ANALYSIS: USD INFLATION IMPACTED BY THE FED QUANTITATIVE EASING (QE)
FtMmSxwmdiI SOCKET MOBILE (SCKT) STOCK ANALYSIS: CONSOLIDATION TAKING PLACE
G88PMu0wFhE AMC ANALYSIS: ELLIOTT WAVES COUNTINGS THAT YOU NEED TO SEE
GCEJe8l0-sU BITCOIN TECHNICAL ANALYSIS: ELON MUSK TESLA BOUGHT 1.5BN USD
GDeMralCaiY GME STOCK: YOU ABSOLUTELY NEED TO WATCH THIS
GcRfmkZJObM FCEL AND PROG ARE SQUEEZING Ì†ΩÌ∏±Ì†ΩÌ∫ÄWhat is the best strategy to take profits here !
GfK56bBH5VM TESLA TECHNICAL ANALYSIS TARGET: ELON MUSK THE RICHEST PERSON ON EARTH (ELLIOTT, FIBONACCI, MACD)
Gps8Q153NBg THE SQUEEZE IS ON  Ì†ΩÌ∏±Ì†ΩÌ∫Ä WE ARE ONLY IN THE FIRST WAVE Ì†ΩÌ¥• TARGETS 130 and 860 are BACK !!
GsQ2AJEFeEY AMC (HOLIDAYS) HUGE UPDATE Ì†ΩÛùâõULLISH HIDDEN DIVERGENCE ON THE 4H GIVES BULLS THE ADVANTAGE !
HDcNT2JMYJw GAMESTOP Huge Update Ì†ΩÌ¥•Ì†ΩÌ∫Ä Targets, Synthetic Short, Scenarios
HDwv5SmDV1I AMC MASSIVE UPDATE Ì†ΩÌ∫ÄÌ†ΩÌ∫Ä HERE IS WHAT WILL HAPPEN AND HOW TO PLAY IT (PRO TRADER OPTIONS Ì†ΩÌ¥•)
HGyF1spb8GY Market Update: SPY, CEI, HUSA, OEG, NINE Ì†ΩÌ∫Ä
HJWIrLDhjY4 AMC GME: THE THIRD WAVE CAN START TOMORROW OR THURSDAY Ì†ΩÌ∫ÄÌ†ΩÌ¥•
HNSZ9RE-Yo4 AMC GME Massive Update Ì†ΩÌ¥•Ì†ΩÌ¥• Apes bought what Adam Aron and his friends sold
HcpXhAkKY4s BITCOIN COMPLETE ANALYSIS Ì†ΩÌ¥• AND WHY WE ARE GOING TO 130,000 Ì†ΩÌ∫Ä
Hfhfu5J9wlc FUBOTV (FUBO) STOCK ANALYSIS, March 04 2021: IS IT THE TIME TO BUY?
IJsMcY5N1Zk CLVS STOCK ANALYSIS 30 March 2021: CLOVIS WILL BLOW UP SOON
IeQpTj1dg6I S&P500 (SPX) TECHNICAL ANALYSIS: LAST MOVE UP BEFORE THE CORRECTION ! Fibonacci, MACD, Elliott waves
IhFO8Z4RMy0 DOGECOIN PRICE PREDICTION USING ELLIOTT WAVES THEORY
JL-2o7J3tY4 DOGECOIN RIPPLE (XRP) BITCOIN ETHEREUM CRYPTO ANALYSIS: NEW TARGETS FOR REDDIT ON WALLSTREETBETS
JcHs_Tkf_cI TILRAY STOCK ANALYSIS (TLRY), APHRIA CGC SNDL SUNDIAL TECHNICAL ANALYSIS: WEED STOCKS ARE HOT
JlmmYstNQD0 AMC GME Squeeze IS ON Ì†ΩÌ¥•Ì†ΩÌ∏± What Can WE EXPECT TOMORROW AFTER THIS STRONG AFTER MARKET HOURS ??
JuygrgleIvU AMC Breakout on Increasing Volume Ì†ΩÌ¥• Ì†ΩÌ∏± Find out what should happen now !Ì†ΩÌ∫Ä
JzI9Od4MJ8s AMC GME FULL INSANE UPDATE Ì†ΩÌ¥•Ì†ΩÌ∫Ä SHORTS ! TARGETS ! GAMMA ! SQUEEZE !
JzT8_8lKhSs BLNK - Blink Charging STOCK ANALYSIS SIG - Signet Jewelers STOCK TECHNICAL ANALYSIS
K2vvGBUQlGY DXY(DOLLAR INDEX) TECHNICAL ANALYSIS: POWELL SAID MORE STIMULUS, BUT FOR HOW LONG ?
K2wBx5Il3NU The Truth about Fibonacci Ratios and Trading Techniques
KAxlI-CYXHA GME STARTED ITS 3RD WAVE TO 800 Ì†ΩÌ∫ÄÌ†ΩÌ¥•HERE IS HOW TO CATCH THE TRAIN !!
KHE5LI8R21Q Hi dollar Crypto currency Breakout Ì†ΩÛû†änd Potential Good News Coming Soon
KOaBkOppcLk GAMESTOP WILL GO TO 800 ONLY IF WE STAY ABOVE 110 ! GO CHECK HOW I FOUND THAT (13th of May data)
KRJsfgOYgDU AMC IS BREAKING OUT Ì†ΩÌ∫ÄÌ†ΩÌ∫Ä WE ARE JUST COMPLETING THE FIRST WAVE UP, A FEW MORE TO COME SOON Ì†ΩÌ¥•
KWa3r2HohpU BITCOIN AT 55K NEXT YEAR !?? PRO TRADER VIEW
KfZ248qkbFo AMC IS DESTROYING THE 35 LEVEL !! WHAT'S NEXT ?
KyLCbXDRE0w AMC GME Margin Calls triggered by a Global Selloff Ì†ΩÌ∫Ä + BTC analysis with Gabriel !
KzpeH2K5bXA SPY (SPX) Price Targets :Ì†ΩÌ¥• VIX DXY or Copper are good indicators to build up your View
L3X4P0KD_CE YOU ABSOLUTELY NEED TO WATCH THIS VIDEO IF YOU HAVE DOGECOIN BITCOIN OR ETHEREUM !
L4LjwjpG50w Elliott Wave Theory for Beginners: Part2 Corrective Waves
L7qMz4xTkr8 THE NEXT SHORT SQUEEZE LEVEL PREDICTION EXPLAINED WITH PRO TRADER CALCULATIONS
LIz3JYTEjSo AMC STOCK PREDICTION: WHY AMC IS MOVING SO SLOW AND WHAT WILL HAPPEN
LL0YySSHYd8 AMC STOCK ANALYSIS: HOW I KNOW AMC WILL GO TO 35 USING ELLIOTT WAVES AND FIBS
LMw4DPP_fvo GME BREAKOUT ! Ì†ΩÌ∏±Ì†ΩÌ∫Ä The Synthetic Short and Gamma are ready to kick in Ì†ΩÌ¥•
LilQKqvh7j8 GME Massive Update Ì†ΩÌ¥• We are at the edge of a cliff Ì†ΩÌ∏±
LoX5H6I3cYs Gme update Ì†ΩÌ¥•
Lqu9TMPfG6M Panama lifestyle Ì†ΩÌ∏é
MWU65lSSQOc RKT STOCK PREDICTION: ROCKETS COMPANIES IS IN THE PERFECT SITUATION FOR A STRONG MOVE UP
MZGHKxlmqBc GOLD TO DOUBLE AND GOING TO 3700$ !? PRO TRADER VIEW
N22tV7NzNCU YOU ABSOLUTELY NEED TO WATCH THIS VIDEO IF YOU HAVE FUBOTV SHARES
N6j3V1tH96o LCID AMC GME: Thursday Market Recap Ì†ΩÌ∫Ä
N8EG8dNpf28 AMC: WATCH ME BUILD AN EASY STRATEGY TO MAKE MONEY WITH OPTIONS
NNWyTdnX-wU BTU, NRP, Crude OIL (WTI) Is Breaking out Ì†ΩÌ∫Ä Full Price prediction here !
Nd2EKFDuT7M THE WHOLE MARKET IS CRASHING BUT GME AND AMC ARE HOLDING STRONG !
NeBBtSErTuk AMC GME LIVE TRADING Ì†ΩÌ∫Ä
NfeB_bLwaac AMC HUGE UPDATE Ì†ΩÌ¥•Ì†ΩÌ¥• THE INEVITABLE WILL COME SOON !!
NjkUVBT1W6A Taking some energy for Monday Squeeze Ì†ΩÌ∏éÌ†ΩÌ¥•
NpiCUtiNZOc AMC MASSIVE UPDATE Ì†ΩÌ¥•WHAT HAPPENED LAST WEEK AND WHAT IMPACT IT HAS !
NuvhXJuS3g8 MASTERCLASS FOR BEGINNERS: TECHNICAL ANALYSIS STUDY CASE of S&P500(SPX): ELLIOTT, TRENDLINES, MACD
NvUv-0vNw8Q CRYPTO OPPORTUNITIES Ì†Ω AXS XRP LUNA ARE BREAKING OUT ! Ì†ΩÌ¥• HERE ARE MY TARGETS !
Nz4MDr1juLA CLVS STOCK ANALYSIS: CLOVIS WILL BLOW UP SOON AND IT WILL BE NASTY
O4laFUOpxC0 AMC GME Talks with 9to5 Trader Ì†ΩÌ¥•Ì†æÌ¥ôWe discuss also FAMI SESN and share our views and levels !
O6Nv7zMZ78M BREAKING NEWS ! TESLA IS ABOUT TO EXPLODE ON THE UPSIDE ! TARGET 2000 IN 6 MONTHS !
OETJyGANkig AMC GME ONLY PULLING BACK AS EXPECTED Ì†ΩÌ∫Ä THE SQUEEZE IS ON !!
OMs1oq9K6c8 Live Market Update Ì†ΩÌ¥• AMC, GME, FCEL, BLNK, RIOT, QS
O_9x9Edn7r4 BITCOIN ALERT Ì†ΩÌ∫® IF YOU HAVE BITCOIN YOU ABSOLUTELY NEED TO WATCH THIS VIDEO !
OeWDIW5i0Dg AMC STOCK ANALYSIS March 10 2021, AMC IS ABOUT TO BREAKOUT AGAIN !
OqRFtKz6NQE INSANE GME STOCK PREDICTION AND NEWS ! HERE IS HOW TO PREPARE FOR THE SQUEEZE
Ov35fuoyN3I AMC GME HUGE UPDATE Ì†ΩÌ¥•WHAT ARE THE LEVELS TO WATCH FOR THIS WEEK !
POqxVtmAcd0 YOU ABSOLUTELY NEED TO WATCH THIS VIDEO IF YOU HAVE GAMESTOP (GME) SHARES
PXPenhv3MuQ RKT STOCK ANALYSIS, 17 March 2021: ROCKET COMPANIES IS ABOUT TO BLOW UP VERY SOON
Pddjd847Tvs Happy New Year to you all ! AMC GME rallied in 2021, what about 2022 ?
Pky_tVvyzfM AMC LCID CVS BTC Market Analysis
PmSab0sfE0o AMC RETESTING THE 38 AREA AS EXPECTED !! HERE IS HOW TO PLAY IT Ì†ΩÌ¥•
PuSkNiWmYgU HOW TO MAKE MONEY ON THE MARKETS: SKT STOCK ANALYSIS
PyNdW9xnfcY GAMESTOP STOCK ANALYSIS: WHY GME IS IN A STRONG BULL RUN ABOVE 175 (MACD, VOLUME, TRENDLINES)
Q8-HLqtsEAQ AMC STOCK MASSIVE UPDATE ! YOU NEED TO SEE THIS NOW
QNhr5BtgcBI THE ONLY VIDEO YOU NEED TO WATCH ON GAMESTOP (GME) THIS WEEK
QQyEDKHIXvY MASSIVE UPDATE Ì†ΩÌ¥• AMC REACHED 65/75 AS EXPECTED  Ì†ΩÌ∫ÄÌ†ΩÌ∫Ä HERE IS WHAT WILL HAPPEN NEXT !
QX2ZBbhFPh8 AMC PARABOLIC ARC FINALLY EXPLAINED Ì†ΩÌ∏±Ì†ΩÌ¥• WHAT WILL HAPPEN AND WHEN IS THE RIGHT TIME TO JUMP IN Ì†ΩÌ∫ÄÌ†ΩÌ∫Ä
QiW_kduicPc BITCOIN TECHNICAL ANALYSIS (BTCUSD) Part2: BITCOIN IS GOING 300,000
QpM63n9jBSc BITCOIN TECHNICAL ANALYSIS (BTCUSD) Part1: BITCOIN IS GOING 300,000
R7Tu4oDIAT8 YOU ABSOLUTELY NEED TO WATCH THIS IF YOU HAVE AMC SHARES
SbqU2tgh2hM AMC Margin Calls could happen soon !
T7kTrsaBtCU AMC SMALL DIP EXPECTED BEFORE THE REAL MOVE UP Ì†ΩÌ∫Ä
THkAIuzPoA8 Trading Games: AMC GME PROG AVDL Massive Updates Ì†ΩÌ¥•
Ta6kNvQOiLs AMC  is back on tracks above 14.5 Ì†ΩÌ¥• What now ?
TzsO0VvuQj4 AMC MASSIVE UPDATE Ì†ΩÌ¥•Ì†ΩÌ∫Ä TRIANGLE IN THE 4TH WAVE PRECEDES THE 5TH WAVE TO 135 Ì†ΩÌ∫Ä
UBSKnVMn1Rc GAMESTOP (GME) STOCK ANALYSIS 04 Mars 2021: THE GAME WILL NEVER STOP
UTDIDdyfn6c Margin Call on AMC Ì†ΩÌ∏± forced some Shorts to cover Ì†ΩÌ∫ÄÌ†ΩÌ¥• This might be the signal many were waiting for !
UUyZZD8OBak GAMESTOP STOCK ANALYSIS SHORTSQUEEZE EXPLAINED: FINANCIAL REVOLUTION (AMC CLVS)TECHNICAL ANALYSIS
UqEbDRbVZU8 AMC STOCK TECHNICAL ANALYSIS / CLVS STOCK ANALYSIS: NEXT TARGETS AFTER GAMESTOP
V0tUDvQI5Qg AMC Huge Update Ì†ΩÌ¥•Ì†ΩÌ∏± Will GME breakout trigger the 5th wave on AMC ?
VKC-Nt9Euic AMC MASSIVE UPDATE Ì†ΩÌ¥•Ì†ΩÌ∫Ä ELLIOTT AND FIBONACCI SHOW US THE WAY  !
VYUb4IWaTp8 FUBOTV STOCK PREDICTION: TIME TO BUY THE DIP ON FUBO
VfSQFUwf3cY SPRT BBIG BOTH GAMMA SQUEEZED Ì†ΩÌ∫ÄÌ†ΩÌ∫ÄMASSIVE SYNTHETIC SHORT ON THOSE TWO !
WrF9KF4ozms Is AMC about to enter the 3rd Wave of the Major 5th Wave that goes to 135 and more !Ì†ΩÌ∫Ä
X-KOoVV1YKo SUNDIAL (SNDL) TILRAY (TLRY) STOCK ANALYSIS: WEED STOCKS GROWING POTENTIAL IS HUGE
X1cVkE3cO0Y Groupon (GRPN) and Marin (MRIN) are two strong candidates for a potential Short Squeeze Ì†ΩÌ∫ÄÌ†ΩÌ∏±
XT7JNKDrnL4 AMC GME TECHNICAL ANALYSIS FOR TODAY Ì†ΩÌ¥• HERE ARE THE REASONS WHY I'M BULLISH
XTSdIvBg-AI BLACKBERRY AND BBBY HUGE UPDATE Ì†ΩÌ∫ÄÌ†ΩÌ∫Ä FIND OUT MY TARGETS IN THIS VIDEO !
XWWxznGwSzg THE MOASS HAS STARTED ON GME !! SO LET'S GET INTO IT ! ON THE ROAD TO 800 AND MORE!!!
XiZpefg_IjU AMC STOCK ANALYSIS - 04 march analysis: TIME TO FLY
YWWFYuCRKJo GME Stop Hunting (Bear Trap) Situation Ì†ΩÌ∏±Ì†ΩÌ∫Ä
YxcroyKF2_0 BITCOIN TECHNICAL ANALYSIS ETHER RIPPLE (XRP) CRYPTO ANALYSIS: MY KEY LEVELS AND WHAT TO DO NOW !
Z-0tiTWKBbQ Elliott Wave Theory for Beginners: Part1 Motive Waves
ZKEKsI59IQY AMC vs Global Market Ì†ΩÌ≤• The Story of Apes vs Shorts
ZN3l9KjM1KE AMC HUGE UPDATE Ì†ΩÌ¥• WE HAD THE BREAKOUT ! FIND OUT HERE WHAT IS THE NEXT MOVE !
Zdhmex9-sRE AMC BREAKOUT AND RALLY: ALL YOU NEED TO KNOW TO ANALYSE THE COMING WEEK
Ztgi5Y7BltQ GAMESTOP STOCK ANALYSIS: GME POTENTIAL GAMMA SQUEEZE TO 800
ZvYRNGT4QSA AMC and GME Squeeze is only delayed
Zzc_qaU1JE4 Tesla (TSLA): Should you BUY NOW or WAIT ?
_-e1sY7hoZE YOU ABSOLUTELY NEED TO WATCH THIS VIDEO IF YOU HAVE GME GAMESTOP SHARES
_5tMj2QWwhI GME Guide for the Coming Week Ì†ΩÌ¥•Ì†æÌ¥ô
_A_DxDXNTNQ Trading Games Top 3 players Ì†ΩÌ¥• (24th November data) and incoming Christmas Games Ì†ºÌæÑÌ†ºÌæÖÌ†ºÌøª
_MLsXIbaC_A YOU ABSOLUTELY NEED TO WATCH THIS VIDEO IF YOU HAVE GAMESTOP (GME) SHARES
_X-0jiWMLE8 GME Negative BETA at play Ì†ΩÌ¥•Ì†ΩÌ∫Ä MARGIN CALLS Kicking in Ì†ΩÌ∫®
_bpBm5GdpuI TESLA STOCK ANALYSIS: BREAKOUT OF 750, WHAT DO DO NOW ? UPDATE ON 25 FEB
_brihbvLuYE IF YOU INVEST IN BITCOIN (BTC) YOU NEED TO WATCH THIS NOW
_h23Qsl0Xbw AMC STOCK ANALYSIS: BULLISH SIGNALS USING MACD DIVERGENCES MOVING AVERAGES AND TRENDLINES
_q3pnKkSWCw GME Massive Bull Flag Ì†ΩÌ∏± to burst before Jan22 Ì†ΩÌ∫ÄÌ†ΩÌ¥• Shorts would cover above 250 and the Gamma kick in
_yi2nKBrhaU AMC Huge Update Ì†ΩÌ¥• We broke out below 14.5 Ì†ΩÌ∏± What's NEXT ??
a53V729Y42E Live Market Update: AMC, GME, BGFV, BBBY, PLBY
aS7tW5ZbbF0 SNAP TSLA FUBO BEAUTIFUL SETUPS !! THE LEVELS TO WATCH ARE HERE
aWZwxmsVlyk AMC GME LIVE TRADING Ì†ΩÌ∫Ä
ak2ti5d-jDw GAMESTOP COMPLETE ANALYSIS: ALL YOU NEED TO KNOW FOR THE COMING WEEK
av3tam84V-w DAWC and PHUN Sucked out the flows from AMC and GME Ì†ΩÌ∏±
b0i_3f0IIIY TODAY IS A VERY IMPORTANT DAY FOR AMC STOCK ! YOU NEED TO SEE WHY IF YOU HAVE AMC SHARES
b53sgMrcpYE AMC MASSIVE UPDATE Ì†ΩÌ¥• MY STRATEGY FOR THE RALLY HERE !
b5SVnsP2LBw IS IT THE TIME TO BUY MASSIVELY BITCOIN ETHER OR DOGECOIN ? FIND OUT BY WATCHING THIS VIDEO !
bEZiJ-QxPJo FUBO ANALYSIS: WHAT YOU REALLY NEED TO KNOW FOR THIS WEEK
bL0pjKyIG30 LIVE Monday Market OPEN: AMC GME
bL8n93qsfkA BREAKOUTS TRADING SECRETS: HOW TO IDENTIFY AND TRADE A BREAKOUT (AVOIDING FALSE/FAKE BREAKOUTS)
bOmRAL6mg7c YOU NEED TO WATCH THIS IF YOU INVEST IN FUBOTV(FUBO)
ba5D8GJ5Ajc TESLA STOCK ANALYSIS (TSLA) 10 March 2021: CONSOLIDATIONS CAN LAST LONG, BE PATIENT
bkOxQuAaFUo AMC: Can we Squeeze Again ? and WHEN?? Synthetic short, DTC, let's talk...
buVsZEZ8cW4 GME Gamma and Synthetic Short are absolutely Massive Ì†ΩÌ∏±Ì†ΩÌ∫Ä
c1b-f2m3D9w TESLA @ 600 AND APPLE @150 NEXT MONTH ??!
cSVgkUJ22iw CLVS STOCK ANALYSIS: CLOVIS IS RETESTING THE 6.5 LEVEL ONE MORE TIME BEFORE LIFTING OFF
cT1vYlpZKII SPX TECHNICAL ANALYSIS: SIGNALS OF A COMING BUBBLE (AMC, GME)
chmhEzC8WfU BITCOIN IS ENTERING CORRECTION AND WILL REBOUND AROUND 42K/35K IN JUNE/JULY
e8ULCwLXFJM AMC DROPPED BELOW 31, WHICH ONLY DELAYS THE INEVITABLE !
eHVsYmMPDvQ BITCOIN IS BREAKING OUT Ì†ΩÌ∏±Ì†ΩÌ∫Ä ETHEREUM AND DOGE FOLLOW !! WHAT TO DO HERE !
enFjzMvFErc DWAC, BBIG: Is it going to Squeeze Again ? Ì†ΩÌ∫Ä
ezvG5rB3bJE AMC: Can Margin Calls Ì†ΩÌ∏±Ì†ΩÌ∫® be triggered by a Global Selloff and force Hedgies to cover their shorts ?
fYVVhMEbuGA AMC IS CONFIRMING ITS TARGET OF 35 !
frgObldGZeE GME Synthetic Short and Price Action Analysis Ì†ΩÌ∫ÄÌ†ΩÌ¥•
gMrLZxURBLA STOCK MARKET PSYCHOLOGY MECHANISMS: TRADING IS A CONSTANT BATTLE (SPX TECHNICAL ANALYSIS, ELLIOTT)
gNFJNcly9kI TESLA (TSLA) Trend is BROKEN Ì†ΩÌ∏± Full Price Prediction here Ì†ΩÌ¥•
h9Rta53voxk AMC Breakout or Fakeout Ì†ΩÌ∏± Let's check these Bullish Signals Ì†ΩÌ¥•
hGv1dreaBIg TESLA (TSLA) Huge Update  Ì†ΩÌ¥• We are in the major 5th wave and here are my targets !
hIY2LvA554Q SKT STOCK ANALYSIS (Tanger Outlets) 10 March 2021: PERFECT SITUATION FOR A SHORTSQUEEZE !
hMQgwFNT-s4 ELLIOTT WAVES AND FIBONACCI TRADING APPLIED TO BITCOIN Ì†Ω ETHEREUM DOGECOIN !
hSX52pHz4ao AMC HUGE UPDATE Ì†ΩÌ¥•Ì†ΩÌ¥• ALL YOU NEED TO KNOW HERE !!
hTDUsBsyTdw GME (and AMC) is the Real Play Ì†ΩÌ¥•
hV3ELYlf6HQ PGEN - PRECIGEN STOCK ANALYSIS DDS - DILLARDS STOCK (after AMC CLVS GME): 2 VERY NICE BREAKOUTS
hdpbuTlcalE AMC STOCK ANALYSIS, 24 March 2021: AMC IS JUST TAKING SOME AIR BEFORE COMING BACK
hfPrVghoGC4 AMC STOCK ANALYSIS: AMC WILL BE READY TO LIFTOFF SOON
hqd2ybl-LbI FUBO STOCK ANALYSIS AND BBBY STOCK TECHNICAL ANALYSIS: NICE BREAKOUTS AND POTENTIAL SHORTSQUEEZE
i4ipxYa00IA GME Massive Update Ì†ΩÌ¥• We are Holding Well above the 200 level !
iYmYLQCbTcg BBIG SPRT Full Market Update Ì†ΩÌ¥•(Breakout, Synthetic Short, Elliott Waves, Fibonacci)
iaC-5f0WI3U TESLA STOCK ANALYSIS (TSLA), 04 March 2021 Part2: IS IT THE TIME TO BUY TESLA ?
inRalowiqFQ EUR/USD AT 1.35 BY THE END OF NEXT YEAR !? JPY/USD COLLAPSING
ixyLUXe1qCE Gamestop (GME) Trading Tips and Levels that you need to Predict the Next Move
jNYw6mUzgIk AMC SELLOFF IS DUE TO EVERGAND DEFAULT SPECULATIONS ! WE WOULD GET BACK ON TRACKS IF THIS IS SOLVED
jgke58SRsy8 AMC GAMESTOP GME GAMMA SQUEEZE EXPLAINED USING PUBLIC DATA ON OPTION OPEN INTEREST
jj3PEE4VTZY OIL TECHNICAL ANALYSIS (USO STOCK ANALYSIS) on March 04 OIL IS A LEADING INDICATOR OF THE EQUITY MKT
jkttaylkkys AMC GME Synthetic short is close to ZERO now Ì†ΩÌ∏±! What does it mean ?
jrDWnMQE3G8 GME OPTIONS: HOW TO PROTECT YOUR CAPITAL WITHOUT NEVER SELLING YOUR SHARES
jvwoal3V0EI AMC HUGE UPDATE Ì†ΩÌ∫ÄÌ†ΩÛùâöND POTENTIAL NEXT SQUEEZE TO COME !!
k5Vt91j3Hv0 TESLA STOCK ANALYSIS: TSLA WILL REMAIN IN ITS CONSOLIDATION PHASE UNTIL MAY BEFORE GOING TO 2000
kPhMFHCVacE BITCOIN TECHNICAL ANALYSIS (CRYPTO, BTC): CONSOLIDATION TAKING PLACE AND UPSIDE BREAKOUT EXPECTED
kQ5FYf1xsIg Is X (United States Steel Corporation) about to SQUEEZE Ì†ΩÌ∏± ??
lOok_vKvpE4 SPY (SPX 500 tracker) Breakout After Divergence in a Wedge Pattern Ì†ΩÌ∏±Ì†ΩÌ≤• Beginning of a correction ?
lUM-Tls0Tvw SPY and QQQ: Is it a bull trap ?
lWxdm-hKQE0 Very low Volume on GME Ì†ΩÌ∏± A ticking BOMB Ì†ΩÌ≤£ is placed
lcUCdEjG2D4 GME COMPLETE PRICE PREDICTION: ALL YOU NEED TO KNOW
lhkWFoShbWg GME broke out below 87 Ì†ΩÌ∏±Ì†ΩÌ∏± What now ?
lhrK8lrIrrk AMC GME: What can Trigger the Squeeze now ?Ì†ΩÌ∫ÄÌ†ΩÌ¥•
lrlcSOd58sg How to build your own options strategy on Gamestop for zero cost
m8Dh7qh8zj8 Live Market Update Ì†ΩÌ¥• AMC, GME, RIOT, BLNK, FCEL
mHzT5JRMQCg GAMESTOP (HOLIDAYS) MASSIVE UPDATE Ì†ΩÌ¥•GME IS CONSOLIDATING IN THE SECOND WAVE
mZ4zIq0oRLw SPRT BBIG Synthetic Short close to 100% Ì†ΩÌ∏±Ì†ΩÌ¥•Squeeze Targets in this video Ì†ΩÌ∫ÄÌ†ΩÌ∫Ä
mvg4t-DMtzU SPY (SPX500) QQQ (NDX100) Full Market Prediction Ì†ΩÌ¥•
mzr4GfcWA_k AMC BUILDING UP SOME ENERGY Ì†ΩORE BLOWING UP TO THE MOON Ì†ΩÌ∫ÄÌ†ΩÌ∫ÄÌ†ΩÌ∫Ä
n5-t5LpYQ0U GME: SAFE AND EASY WAY TO MAKE MONEY WITH OPTIONS
nEMk7dArf54 Amc broke 14.5 Ì†æÌ¥¶Ì†ºÌøª but on low volume.. what can we expect now ?
nGZMFA-yTHs CLVS STOCK ANALYSIS March 05 202: CLVS IS PLAYING THE RETEST AT 5.5
nHgZTNktn3o AMC GME: When Would it Stop ?
nJHBL8rhy44 HOW TO BECOME A SUCCESSFULL TRADER: GOLDEN RULE #2 My story
nc2Sf_vcfI0 AMC GME Huge Update Ì†ΩÌ∫ÄWe are well positioned for the next move up !
nuWZxlwfa3c Are we going to see a Global Sell-off Ì†ΩÌ∏± on SPY AMC and BTC before the Squeeze ? Ì†ΩÌ∫Ä
nvI3cZw6lXQ Live Market Update Ì†ΩÌ¥• AMC, GME, BLNK, PROG
oLbyECFEuaI AMC STOCK ANALYSIS PART1: ROUND2 ROBINHOOD INCREASED LIMITS
o_JiLuedt7M GME STOCK UPDATE: YOU ABSOLUTELY NEED TO WATCH THIS VIDEO IF YOU HAVE GAMESTOP SHARES
ofqa0Xtm3hQ GAMESTOP STOCK ANALYSIS 10 March 2021: GME TARGET 780
oizHDe87zkk GME MASSIVE UPDATE Ì†ΩÌ¥• EVERYTHING YOU NEED TO KNOW HERE !
p-EQuhDT3Mw NASDAQ (NDX) IS ENTERING ITS BIGGEST BUBBLE IN HISTORY (AMC, GME, GOGO, TESLA, SKT, FUBO, CLVS)
p-UM3BNdaTo AMC STOCK ANALYSIS: ELLIOTT WAVES THEORY APPLIED TO AMC
pcM_6k3Xd_Y AMC STOCK ANALYSIS: UPDATE ON SHORT INTEREST (12% on 25Feb) AND STRONG MOVE UP TO COME - 24 Feb data
pue9tFpjRYk GAMESTOP MASSIVE UPDATE ! ON THE WAY TO 800 AND MORE
qbg67_sawZg GAMESTOP STOCK ANALYSIS: GME ELLIOTT WAVES THEORY APPLIED
qfUSkJSrvY4 Key Fed Meeting incoming Ì†ΩÌ∏± How to tackle INFLATION?? SPY QQQ US10Y OIL
qlM1-QRZyzU GOLDEN RULE 3: DO NOT FOLLOW THE HERD (Greed, Panic, Fear)
qtgpefJVvpU FUBOTV TESLA BLACKBERRY HUGE UPDATE Ì†ΩÌ∫ÄÌ†ΩÌ¥• BREAKOUTS ON THE WAY FOR TESLA !!
rT2dhfQ9yFo AMC GME Is it the time to reload heavy Ì†ΩÌ∏± ?
rX-m83qDCUc AMC HUGE UPDATE Ì†ΩÌ∫ÄÌ†ΩÛùâöND HOW TO PREPARE FOR THE SQUEEZE !!
rdNHPUE52DE AMC IS ABOUT TO BLOW UP AND HERE IS WHY Ì†ΩÌ¥•Ì†ΩÌ∫Ä
rfb1vhU0CzM DOGECOIN WILL GO TO 0.90: FIBS AND ELLIOTT WAVES ANALYSIS
riDSUjSdixA GME STOCK HUGE UPDATE ! THE MOASS IS COMING
rjTV_tRFxAQ GOGO STOCK ANALYSIS - SKT (Tanger Factory Outlet) STOCK ANALYSIS, WHO'S NEXT AFTER GME AMC CLVS
s3V13kpF0e0 GAMESTOP STOCK ANALYSIS: WHY GME BULLISH CASE IS INTACT (LOW VOLUME MEANS NO PAPER HANDS )
s7QD2wMsiqA AMC HUGE UPDATE Ì†ΩÌ¥• THIRD WAVE IS ON THE WAY !!
sWCU2qSlMdU ATER, NAKD and PROG: Three Stocks that have a nice potential Ì†ΩÌ∫ÄÌ†ΩÌ¥•
scXFgRLYCR0 AMC HUGE UPDATE AFTER BREAKOUT AND RETEST Ì†ΩÌ¥•Ì†ΩÌ∫Ä
seJkLviWIQ0 SPY ELLIOTT WAVES ANALYSIS: WE ARE IN THE FIFTH WAVE WITH POTENTIAL DIP AT 4000 AND TARGET AT 5900
svckDT1-WWs GME HUGE UPDATE: I FINALLY FOUND WHAT IS HAPPENING WITH THIS STOCK !
t10mke9whWg GME MASSIVE UPDATE Ì†ΩÌ¥• ALL YOU NEED TO KNOW FOR THE WEEK AHEAD !
t88FJw6KF6s AMC STOCK ANALYSIS: IS THE COME BACK STILL POSSIBLE ?
t901sdsVnFo AMC DIP IS NOTHING, WE ARE STILL IN THE THIRD WAVE ! IT LOOKS VERY GOOD
tK6_WlqVIas OIL TECHNICAL AND FUNDAMENTAL ANALYSIS: OPEC vs ECONOMIC RECOVERY !
tSpbhO8avOk AMC BIG BIG UPDATE ! WE ARE IN THE THIRD WAVE ON THE WAY TO 35 AND MORE !!
tzCPpV2eJ2k YOU ABSOLUTELY NEED TO WATCH THIS VIDEO IF YOU HAVE RKT SHARES
uQBuJ87XKvg AMC Hammer Candle
uXF1vQM09vU AMC is the New SAFE HAVEN Ì†ΩÌ≤∏ because APES are a TRUSTFUL Community Ì†ΩÌ≤é Ì†ΩÌπå Ì†ΩÌ≤é
ua8mSHBQivc HERE IS HOW TO SURF THE WAVE AND GET A FREE OPTION WHEN GAMESTOP GOES TO 800 !
ubK0Z_oNjVc HOW TO COMPUTE YOURSELF THE REAL SYNTHETIC SHORT ON AMC EXPLAINED
urAt7wJ2QEs AMC STOCK ANALYSIS 17 Mars 2021: HOW I KNOW AMC WILL GO TO 35
v4MEJ19m2pg Live Market Update: AMC, GME, FCEL, LCID, TSLA...
vXqN_21H0S8 YOU ABSOLUTELY NEED TO WATCH THIS VIDEO IF YOU INVEST IN BITCOIN
vebQ1y3Mpzw SPX500 REVERSAL? END OFTHE BULL MARKET? TECHNICAL ANALYSIS(Elliot waves, Fibonacci,MACD, divergence)
vwEOD1hZElU S&P500 (SPX) TECHNICAL ANALYSIS: BUY THE DIP, SELL THE HIGH AND BUCKLE UP (Elliott, Fibonacci...)
w-2LVBV3W8U BECOME A SUCCESSFUL TRADER: GOLDEN RULE #1 The story of Jiuseppe
w7s0ZbYB1vc BITCOIN CRYPTO BUBBLE ABOUT TO BURST ? END OF RALLY ? BTC TECHNICAL ANALYSIS:FIBONACCI ELLIOTT WAVES
w8Qa0TqXX5c Welcome to our First Trading Games Ì†ΩÌ¥• Prizes and rules revealed here !
wYkydf6RlwM NIO BBIG BMRA ATER Ì†ΩÌπå are all heavily shorted and might squeeze Ì†ΩÌ∫ÄÌ†ΩÌ¥•
wZZy9bSPPNs RKT (Rocket Companies) STOCK ANALYSIS March 10 2021: TIME TO GO LONG
wm6TWBmWYKU AMC STOCK MASSIVE UPDATE ! ALL YOU NEED TO KNOW IS HERE !
wqaWogV8a2A AMC IS ABOUT TO BREAKOUT SOON Ì†ΩÌ∫ÄÌ†ΩÌ∫Ä FIND OUT MY DIFFERENT SCENARIOS AND HOW TO PLAY IT HERE !
wvAkall7vfo Hi Dollar exploding Ì†ΩÌ¥•Ì†ΩÌ∏± What is it ? and what is the easiest way to get in !
xSAmXuxG4Cw TESLA AMD MARA Ì†ΩÌ∫ÄÌ†ΩÌ¥• NICE BUYING OPPORTUNITIES EXPLAINED !
y07Np6Kh9Iw AMC WEEKLY UPDATE Ì†ΩÌ¥• ALL YOU NEED TO KNOW FOR NEXT WEEK !
y2o-c6zfv1g LIVE Market OPEN: BBIG, MULN, AMC, GME and more !
y3RM30NHhIA AMC BULLISH ENGULFING ! Ì†ΩÌ¥•Ì†ΩÌ∫Ä Negative BETA at PLAY the last two days !
y45B-ollfDA Massive VOLUME on SPY(SPX500) and QQQ (NDX100) Ì†ΩÌ¥• How will the WAR impact the market this week Ì†ΩÌ∏±
yBzkLRTC4nw AMC DETAILED MEDIUM TERM ANALYSIS USING ELLIOTT WAVES AND TRENDLINES
yXbiA3aDoks GME COMPLETE PRICE PREDICTION: ALL YOU NEED TO KNOW
yXgFY_E7zuk Market Update: TESLA/NKY/SPX/SX5E - 17 November 2020
yhazLHa6W14 IS IT THE RIGHT TIME TO BUY THE DIP ON BITCOIN ? FIND OUT WHAT I WOULD DO IN THIS VIDEO
zGdU5i7LGfo AMC COMPLETE ANALYSIS AND PRICE PREDICTION
zHZzdYmYC-0 HOW TO BUY THE DIP ON GAMESTOP AND NOT PANIC DURING A SELLOFF (BACKTRADING GME)
zR7Z23XWeJg BTC (Bitcoin), ETH (Ethereum), ADA (Cardano), SOL (Solana) are breaking out Ì†ΩÌ∫ÄÌ†ΩÌ∏±
zVYaEC_CgtQ FUBOTV BLACKBERRY TESLA BBKCF COMPLETE ANALYSIS
zxuMY_tLS9A AMC STOCK ANALYSIS: UPDATE ON SHORT INTEREST AND KEY LEVELS
