-DYWEHnGsi0 Everything Wrong With The Mandalorian \
-Qta3lh4Bh0 Everything Wrong With The Archer \
-cAW_ULT6to Everything Wrong With Loki - \
-sVai1tSDlg Everything Wrong With Squid Game - \
0Fce3Zxol7M Everything Wrong With Rick and Morty - \
1G0anvtQuM0 Everything Wrong With Rick and Morty \
1Pio5eiS3n0 Everything Wrong With Loki Season 1
1fMIwSYoqqU Everything Wrong With The Handmaid's Tale \
1xobPCkK1hY Everything Wrong With Avatar: The Last Airbender \
26iixYliz98 Everything Wrong With Grey's Anatomy \
2CilxJVbJFM Everything Wrong With Squid Game - \
2GX0Hj4dIsg Everything Wrong With Gotham \
32W6WrNG3Aw Everything Wrong With The Simpsons \
35Jv-G7ZKDk Everything Wrong With Rick & Morty \
39hmcux7A7o Everything Wrong With Rick and Morty \
3C6yfHh2LIM Everything Wrong With Psych \
3csszY9NqP8 Everything Wrong With Phineas and Ferb \
3lCyKOM56dI Everything Wrong With The Walking Dead \
3p11V-t1QsY Everything Wrong With Loki - \
46mk4D7LDhE Everything Wrong With Rick and Morty \
4T7_m0bullc Everything Wrong With The Walking Dead \
4_3eX3HGEA8 Everything Wrong With What If...? - \
4e46qTUmmiQ Everything Wrong With Invincible - \
5GKv-EoHAm4 Everything Wrong With The Simpsons \
5LYCK3sLDKs Everything Wrong With Invincible - \
5Ly5JKlB2Qw Everything Wrong With Game of Thrones \
5S2XIU7EBEM Everything Wrong With Riverdale \
5_yErUlqVng Everything Wrong With What We Do In The Shadows - \
5b3Xs7fp0E8 Everything Wrong With Big Bang Theory - \
5d0YDaKic8o Everything Wrong With Modern Family \
5d7amT9H104 Everything Wrong With Friends \
5pSDvvogUGU Everything Wrong With The Book of Boba Fett - \
60vKa57QKkg Everything Wrong With The Office - \
6ARMLFWyOrc Everything Wrong With YOU \
6B6NDzx1I6I Everything Wrong With Gravity Falls \
6SUnoxxAve8 Everything Wrong With WandaVision - \
6T7qIjWHRSA Everything Wrong With How I Met Your Mother \
6XhVNSm-mpw Everything Wrong With The Big Bang Theory \
6gBZKiO8SrU Everything Wrong With Spongebob Squarepants - \
6yMG8cdMcTU Everything Wrong With Watchmen \
7cV6OEt_tIg Everything Wrong With What If...? - \
7cW9npKzx3Q The Book of Boba Fett - \
7dAP7Dv9wGQ Everything Wrong With My So Called Life \
7fgpWFf_w-o Everything Wrong With Rick and Morty - \
7gnjLc19618 Everything Wrong With Rick and Morty - \
8XMTVdhNG5A Everything Wrong With Game of Thrones \
8XiDKEeg6yk Everything Wrong With Avatar: The Last Airbender \
94qqTaWldlA Everything Wrong with The X-Files \
99U41y_HdrQ Everything Wrong With My Hero Academia \
9ho3wrRAkF4 Everything Wrong With Brooklyn Nine-Nine \
AW_EV7J_rvo Everything Wrong With Hawkeye - \
AYBj632sdpQ Everything Wrong With Rick and Morty \
AZ5sP03zH9E Everything Wrong With Big Bang Theory \
AdX3LpEml6k Everything Wrong With  Legends of Tomorrow \
Ah66MLVCx8A Everything Wrong With Breaking Bad \
AqONzq20H4s Everything Wrong With Star Wars Rebels \
AwGF4bhLq-E Everything Wrong With Rick & Morty \
BB1kbPhWbBA Everything Wrong With The Falcon and the Winter Soldier - \
BKSjdP0-bwU Everything Wrong With WandaVision \
BWCffb5w0SY Everything Wrong With The Office \
B_wJlPZyy14 Everything Wrong With Better Call Saul \
Bs6RpEQWGDs Everything Wrong With What If...? - \
BsIre5Lw9yY Everything Wrong With SpongeBob SquarePants \
C7NRUNSWsTo Everything Wrong With Rick and Morty - \
CO2hDHuNk_w Everything Wrong With Rick and Morty \
Czv5m_2to_s Everything Wrong With Phineas and Ferb \
D-csdI-EDsI Everything Wrong With The Office - \
D3yDXWcCau0 Everything Wrong With The Mandalorian - \
DEPNZw2aJ0I Everything Wrong With M.O.D.O.K. - \
DGcrorOHFqs Everything Wrong With X-Men: The Animated Series \
DIDYpWw0Kug Everything Wrong With The Mandalorian Season 2
DKdUk3O14ao Everything Wrong With The Mighty Ducks: Game Changers - \
DnAqfm0-0RM Everything Wrong With The Simpsons \
E-3GkgwKbxg Everything Wrong With The Office - \
EqfcA-JgXCI Everything Wrong With Fear The Walking Dead \
EwcVFWBq8Lg Everything Wrong With The Mandalorian - \
F8RxfdDJfps Everything Wrong With Phineas and Ferb \
FCx0w0R_tAI Everything Wrong With Phineas and Ferb \
FXEu45JMQNo Everything Wrong With Friends \
Flalh1oNatc Everything Wrong With Friends \
FyuduEqiS10 Everything Wrong With Veronica Mars \
GAJgZ1HEurA Everything Wrong With Rick And Morty - Season 5
GEFc43F832s Everything Wrong With WandaVision \
GGMTLpbuYpQ Everything Wrong With Rick & Morty \
GOB3e9qSQ14 Everything Wrong With The Office \
GQsZLrLvZlA Everything Wrong With The Office \
GWGuKdgViRU Everything Wrong With Schitt's Creek \
Gco0fv91s2E Everything Wrong With WandaVision \
Gw6wYBf5xok Everything Wrong With The Book of Boba Fett - \
GxB7MdGBnls Everything Wrong With Dexter - \
HJSCI7ij-yY Everything Wrong With Brooklyn Nine-Nine \
HUkL0ezYM28 Everything Wrong With Friends \
HWZ4QePxr74 Everything Wrong With Arrow \
HdBT3_bkrjg Everything Wrong With Friends \
Hf_mpU5fZD8 Everything Wrong With Star Wars Visions - \
HfzFUZnmMwQ Everything Wrong With Rick and Morty \
HgqlQiRXNKM Everything Wrong With SpongeBob SquarePants -  \
I-kZCZQXtPk Everything Wrong With The Office \
IG1mSzZWQO0 Everything Wrong With Doctor Who \
IQzzLK1_szk Everything Wrong With What If...? - \
IWRzm5vk3aM Everything Wrong With Rick and Morty \
IqzAWVt6PVU Everything Wrong With American Horror Story: Coven \
Iuf01_5HR-Y Everything Wrong With Modern Family \
IykfJS2onlc Everything Wrong With Archer \
JEOaMtN7e3k Everything Wrong With SpongeBob SquarePants - \
JFnogkEB4yY Everything Wrong With Doctor Who \
JOczCDrWY2U Everything Wrong With The Flash \
JRl6oIZcLVE Everything Wrong With Peaky Blinders - \
JsKZNjpOhy4 Everything Wrong With The Office \
LAyW58htJaY Everything Wrong With The Walking Dead: World Beyond \
LVLR00idLZ0 Everything Wrong With The Falcon and the Winter Soldier - \
L_PLmJeGPLM Everything Wrong With Westworld \
LkgNcBFMOXc Everything Wrong With the Bates Motel Pilot \
MRu0up2grWU Everything Wrong With American Dad - \
MS8XpW8aBVY Everything Wrong With Star Wars Visions - \
Maeq2BFrxqQ Everything Wrong With Friends \
MivyQkhoOOg Everything Wrong With The Walking Dead \
MqnCARvXV9s Everything Wrong With The Mandalorian \
MuPGeaFQtdg Everything Wrong With South Park \
N8WUPnbzeUc Everything Wrong With The Walking Dead \
NYHTRDHk-74 Everything Wrong With Brooklyn 99 - \
Nq_NVcxu1SE Everything Wrong With The Falcon and The Winter Soldier - \
NyfMwiH4DC0 Everything Wrong With WandaVision - \
O5RlCQx6kSw Everything Wrong With Rick and Morty - \
ODkNu6HzMiw Everything Wrong With Spongebob Squarepants - \
OZnR7pOVhDY Everything Wrong With Avatar: The Last Airbender \
PT4j9ZDvt3k Everything Wrong With Rick & Morty \
PeigPvyGAsw Everything Wrong With South Park \
QCuKW5U4PdI Everything Wrong With Rick and Morty - \
QIKArsx8iRc Everything Wrong With Loki - \
QYxVo2pKe3o Everything Wrong With Invincible - \
R6K-Km5eWSI Everything Wrong With The Walking Dead \
RNrCCkcrraI Everything Wrong With How I Met Your Mother \
RUE7q_pXE8U Everything Wrong With Steven Universe \
RYu0fvTmfvY Everything Wrong With The Book of Boba Fett - \
Rh_ySU53Vt4 Everything Wrong With the Seinfeld pilot, \
RisewUNB9pc Everything Wrong With The Falcon and The Winter Soldier - \
RnXNCDW61hU Everything Wrong With Star Trek \
RwF7oo9Tgx0 Everything Wrong With Pokémon \
SVDpfY97MS4 Everything Wrong With The Falcon and the Winter Soldier - \
SVe8nlxYpzs Everything Wrong With The Simpsons - \
ScHrqIQFvCw Everything Wrong With Breaking Bad \
SeZpRXTX4nM Everything Wrong With Avatar: The Last Airbender \
SpSVmEUV8Qs Everything Wrong With Hit-Monkey - \
SreJCj4Kpcg Everything Wrong With Monsters At Work - \
T7HXWktk7s8 Everything Wrong With Rick & Morty \
TJySdKCVR6o Everything Wrong With The Witcher - \
TNPZz8uSwTk Everything Wrong With The Book of Boba Fett - \
TjU92UgW-LM Everything Wrong With Friends \
UFaDVTc-QUU Everything Wrong With Phineas and Ferb - \
UYcmUkmCGYQ Everything Wrong With Friends \
Uam-WqPrZPY Everything Wrong With the Family Guy pilot \
UmMRoI-uVTI Everything Wrong With WandaVision - \
Ur2js5Qo1Ng Everything Wrong With Rick and Morty - \
UsDLeUd3-PE Everything Wrong With Survivor \
Uy0sRGniFgc Everything Wrong With Game of Thrones \
V44GHucVBPM Everything Wrong With SpongeBob SquarePants \
VAU1N3-c7rc Everything Wrong With Star Wars Visions - \
VC0BxyPcatU Everything Wrong With Yellowjackets - \
VP7706KxKrU Everything Wrong With Doctor Who - \
WF1PjHpzI_A Everything Wrong With Spongebob Squarepants \
Wbc9S4_W0m0 Everything Wrong With The Mandalorian \
XCM4x2Pvo6Y Everything Wrong With SpongeBob SquarePants \
XI5XpeHvr5I Everything Wrong With The Walking Dead \
XIs1hdUxpXc Everything Wrong With What If...? - \
XJ7nC7SzX8s Everything Wrong With The Simpsons \
XQgxC_XEVpQ Everything Wrong With Archer \
Xr80XIF06vo Everything Wrong With Hawkeye - \
Y-Oc3ph4Swk Everything Wrong With Falcon and the Winter Soldier - \
YSsvKPJKlpU Everything Wrong With The Boys \
YypBqXaX3b0 Everything Wrong With The Simpsons - \
Z0053EwDYig Everything Wrong With Sons of Anarchy \
ZBE09a_tSi8 Everything Wrong With Arrow \
ZC_79NBAxpc Everything Wrong With Breaking Bad \
ZHb2j1VgzNA Everything Wrong With Grey's Anatomy \
_0ZnObTR4Ys Everything Wrong With Black Mirror \
_2-4ebuJjGM Everything Wrong With Friends \
_KxVQp6c55A Everything Wrong With Game of Thrones \
_O8Fvdoe3Fw Everything Wrong With American Horror Story \
_SC6xrfUScg Everything Wrong With Rick and Morty - \
_TMqYJJskW4 Everything Wrong With Invincible - \
_l3bhb2ZlOk Everything Wrong With The Flash \
_pz-Fi89nfU Everything Wrong With What If...? - \
a4-ttE_rcBI Everything Wrong With What If...? - Season 1
aOFnJxOrvQk Everything Wrong With Family Guy \
aOkKM_wT9SE Everything Wrong With FRIENDS \
aPdMz8Livhw Everything Wrong With Loki - \
aYdHhnHNkbg Everything Wrong With Hawkeye - \
amw2Te_lIxA Everything Wrong With Hawkeye - \
ao1fOeFov9s Everything Wrong With Game of Thrones \
aoMfqrRyFkA Everything Wrong With The Walking Dead \
bBOExJumSco Everything Wrong With Game of Thrones \
bZhLND4lx34 Everything Wrong With The Vampire Diaries \
bcJzbzvle8Y Everything Wrong With WandaVision - \
bh_falsQBlI Everything Wrong With Brooklyn Nine-Nine \
bhl-LwApWjE Everything Wrong With Loki - \
bjZ_sX6TaTw Everything Wrong With The Mandalorian \
c3CCspUIj8c Everything Wrong With The Sopranos \
cU01Ql5ikkE Everything Wrong With What If...? - \
cnucP9iGHIY Everything Wrong With The Mandalorian - \
copwuN4Hrps Everything Wrong With Parks & Rec \
cuN5NZ_QPG8 Everything Wrong With The Office \
cwmytjlVFWM Everything Wrong With Solar Opposites - \
d9X3mnSwf-o Everything Wrong With Spongebob Squarepants - \
dBIejmNjdYQ Everything Wrong With The Mandalorian \
dJgAtYjjrBU Everything Wrong With Loki - \
dLUNjoqogIg Everything Wrong With Scooby-Doo \
dYxQSoKeLLs Everything Wrong With The Book of Boba Fett - \
dn3wQRCwhIc Everything Wrong With The Mandalorian \
dnt3xvSqJ68 Everything Wrong With Invincible - \
dtanYtzTI-E Everything Wrong With The Crown \
e-hJS5DKSNU Everything Wrong With Rick and Morty - \
eDKeeBSWS-0 Everything Wrong With Avatar: The Last Airbender \
eNDeCqjz5x0 Everything Wrong With Brooklyn Nine-Nine \
ePLZ7Eyp5U8 Everything Wrong With Lucifer - \
eVVvbncoypc Everything Wrong With Rick and Morty - \
efaMCBTppKg Everything Wrong With Outlander \
emF_I_Q9jNo Everything Wrong With The 100 “Pilot”
eo5vR-ltdnw Everything Wrong With How the Grinch Stole Christmas
f27hjV_DwbM Everything Wrong With Star Wars: The Bad Batch - \
f2ULw8_xCoY Everything Wrong With The Good Place \
f30IroKvj80 Everything Wrong With Archer - \
fNo_JxSeei4 Everything Wrong With Rick and Morty \
fPv-lochSYU Everything Wrong With Game of Thrones \
fSlkNc0fxrw Everything Wrong With Rick and Morty \
fVapaSgtZgQ Everything Wrong With Rick and Morty - \
fll-4PDqzCw Everything Wrong With Supergirl \
g5bm0tjVa7w Everything Wrong With American Gods \
gRxdr9xcOc8 Everything Wrong With Agents of S.H.I.E.L.D. \
gVR0ddHkygg Everything Wrong With What If...? - \
geIv6fkAEP0 Everything Wrong With Fargo \
gkEaxCXo8cA Everything Wrong With Rick and Morty - \
gmZmBAd3tcU Everything Wrong With The Simpsons - \
gxQCi61DVAo Everything Wrong With Game of Thrones \
h8XnnAhNNPY Everything Wrong With Rick and Morty \
hHVKrm4la1Q Everything Wrong With Squid Game - \
httBWWODwKU Everything Wrong With Phineas and Ferb \
huQmb7vE7T8 Everything Wrong With Regular Show \
i8gt9zXRE1M Everything Wrong With Adventure Time \
iJ-sptos4KU Everything Wrong With Rick and Morty \
iN88Ed4w4Tk Everything Wrong With This Is Us \
iQA4mmuMHyE Everything Wrong With Supernatural \
iST1VEX7ETI Everything Wrong With Game of Thrones \
isdof7QZrXo Everything Wrong With The Good Place \
isrCgBsnJ-Q Everything Wrong With Breaking Bad \
iu8lvnbh0Cc Everything Wrong With Resident Alien - \
j4B5YxpSftE Everything Wrong With Friends \
jKFNYhpxi6k Everything Wrong With True Detective \
jZQHaeL4tFU Everything Wrong With Futurama \
jiWiiujgyrA Everything Wrong With Steven Universe \
jjm2WHYAMCA Everything Wrong With Squid Game - \
k1dm2nTQ6nY Everything Wrong With Hawkeye - \
k83bbHCmgeI Everything Wrong With Grey's Anatomy \
kDhVbAG2qDw Everything Wrong With Futurama \
kGj2mWQwN_s Everything Wrong With Futurama \
kKnoOUlt6xo Everything Wrong With \
kURW1kpYEvc Everything Wrong With American Crime Story: The People vs OJ Simpson
kXWr-ar7Jus Everything Wrong With The Flash - \
l8WXuiRoMo8 Everything Wrong With Avatar: The Last Airbender \
lM3Xmn9JMAU Everything Wrong With Family Guy \
lPSvrdxm8Tg Everything Wrong With Squid Game - \
lS5hb_zKJZE Everything Wrong With It (1990) Part 2
lhImAuZAQwE Everything Wrong With The Mandalorian \
luspnf57ejs Everything Wrong With The Mandalorian \
m2nTYqJ6ehY Everything Wrong With The Office \
m50Yg2Z9p-o Everything Wrong With Rick and Morty - \
m6AOKHjVQ1M Everything Wrong With \
mP4vdGmnddI Everything Wrong With Rick and Morty - \
n9Bj-yUaLnU Everything Wrong With Star Wars Visions - \
nCAeHxdLTr8 Everything Wrong With The Mandalorian \
nJLBo6ZA8yk Everything Wrong With Stranger Things \
nWgo6e56u4w Everything Wrong With WandaVision \
o1WJWJ6zAZk Everything Wrong With Game of Thrones \
oPlNK4yFwcw Everything Wrong With Big Bang Theory - \
oVJ60fpM4mk Everything Wrong With Doctor Who \
oX-pxiIK3SY Everything Wrong With Rick and Morty - \
olblmwCAWxI Everything Wrong With Rick and Morty - \
p5YZnrkKqDY Everything Wrong With Rick and Morty \
p5nMjfBlnS4 Everything Wrong With Firefly \
pWunOGFL-Vs Everything Wrong With Arcane - \
psEeRRtF-PQ Everything Wrong With It's The Great Pumpkin, Charlie Brown
qDNQuNB6eeQ Everything Wrong With Parks and Recreation - \
rhtpOhQ7boQ Everything Wrong With Freaks and Geeks \
ru2UNQrZs8k Everything Wrong With Suits \
s1jImKyW7w4 Everything Wrong With Lost \
sGLMg_sgasU Everything Wrong With Buffy The Vampire Slayer \
sJjEqs_W7zA Everything Wrong With Naruto \
sKd7BUtOYhs Everything Wrong With Bob's Burgers \
sLO4IQJxtAo Everything Wrong With SpongeBob SquarePants \
soRFtvW9W-o Everything Wrong With Supernatural \
srOF90Hkc3E Everything Wrong With The Office \
suJD22YNimg Everything Wrong With Spongebob Squarepants - \
t-KTaBuoQtw Everything Wrong With Studio 60 On The Sunset Strip \
tKIjV0FLmto Everything Wrong With Rick and Morty - \
taxuKZ2bzRc Everything Wrong With Cowboy Bebop - \
tn8lfyySTYE Everything Wrong With WandaVision - \
trUy1ZMuKjM Everything Wrong With WandaVision - \
tyaR4GI0bEw Everything Wrong With Rick and Morty - \
tyxizsuxsOk Everything Wrong With The Falcon and the Winter Soldier - \
uHb0GuklAzo Everything Wrong With Squid Game - \
uR88nsOi7wk Everything Wrong With Frosty the Snowman
v9kq3yVCYZg Everything Wrong With Rick and Morty - \
vMtwL1lb2_A Everything Wrong With Rick and Morty - \
vSknPtqyl5U Everything Wrong With Spongebob Squarepants - \
veYQuV0F24g Everything Wrong With Rick and Morty - \
vfjq_5l4Ouw Everything Wrong With Cobra Kai \
vkkLN74L5Yk Everything Wrong With SpongeBob SquarePants \
vkoR4NoI0Ls Everything Wrong With Big Bang Theory \
w1bvHpJx-RM Everything Wrong With Game of Thrones \
w5bC5PcisXk Everything Wrong With Stranger Things \
w7WeL6fUDOw Everything Wrong With SpongeBob SquarePants \
w8AKjqBuIzk Everything Wrong With The Simpsons \
wBMQB7zrgwA Everything Wrong With Curb Your Enthusiasm \
x3LgkT2hjUE Everything Wrong With Ted Lasso - \
x53DZsinGtU Everything Wrong With Twilight Zone \
xSEQ5KaOmYY Everything Wrong With The Simpsons \
xULLSCbb0C8 Everything Wrong With Criminal Minds \
xVqHeJfBiKg Everything Wrong With Shameless \
xqWu3wZF8Q0 Everything Wrong With Brooklyn Nine-Nine \
yXp3jVLnNgg Everything Wrong With Squid Game - \
yZLyjRMPDhE Everything Wrong With Breaking Bad \
yayEQmRUNws Everything Wrong With Community \
ydYZo2jqhzk Everything Wrong With Hawkeye - \
yeebt3jG0_s Everything Wrong With SpongeBob SquarePants \
ystXy0ARrbU Everything Wrong With Peacemaker - \
z59Y7_C5CRQ Everything Wrong With DuckTales \
z8VUJjWDd4w Everything Wrong With Star Trek Discovery \
zD1meTVXvsM Everything Wrong With SpongeBob Squarepants - \
zPmnKpyXvXU Everything Wrong With Rick and Morty - \
