-1C2kL5pTbs TU Wien Rendering #34 - SDS Transport, Photon Mapping
-4M-xoE6iH0 This AI Creates Dessert Photos...And More! Ì†ºÌΩ∞
-6Xn4nKm-Qw OpenAI‚Äôs Image GPT Completes Your Images With Style!
-IbNmc2mTz4 This Neural Network Learned The Style of Famous Illustrators
-Ny-p-CHNyM Finally, Instant Monsters! Ì†ΩÌ∞â
-O7ZJ-AJGRE Is Visualizing Light Waves Possible? ‚òÄÔ∏è
-R9bJGNHltQ Deep Neural Network Learns Van Gogh's Art | Two Minute Papers #6
-WQu7cLuniM TU Wien Rendering #37 - Manifold Exploration
-all65C-dh0 Fast Photorealistic Fur and Hair With Cone Tracing | Two Minute Papers #126
-cOYwZ2XcAc None of These Faces Are Real!
-dbkE4FFPrI Interactive Photo Recoloring | Two Minute Papers #50
-jL2o_15s1E Beautiful Gooey Simulations, Now 10 Times Faster
-rf_MDh-FiE Surface-Only Liquids | Two Minute Papers #69
-ryF7237gNo This Adorable Baby T-Rex AI Learned To Dribble Ì†æÌ∂ñ
08V_F19HUfI Artificial Superintelligence [Audio only] | Two Minute Papers #29
0ISa3uubuac Opening The First AI Hair Salon! Ì†ΩÌ≤á
0OtZ8dUFxXA OpenAI‚Äôs GPT-2 Is Now Available - It Is Wise as a Scholar! Ì†ºÌæì
0Xc9LIb_HTw Decision Trees and Boosting, XGBoost | Two Minute Papers #55
0sR1rU3gLzQ Google's AI Clones Your Voice After Listening for 5 Seconds! Ì†æÌ¥ê
0xlbzCXJpLM Should an AI Learn Like Humans?
0zaGYLPj4Kk NVIDIA‚Äôs Face Generator AI: This Is The Next Level! Ì†ΩÌ±©‚ÄçÌ†ΩÌ¥¨
14tNq-fqTmQ NCsoft‚Äôs New AI: The Ultimate Stuntman! Ì†ºÌøã
14zkfDTN_qo DeepMind's AI Learns Locomotion From Scratch | Two Minute Papers #190
1F-WnarzkX8 Neural Materials Are Amazing! Ì†ΩÌ¥Æ
1PNhuHa7lS0 Reinforcement Learning with OpenAI's Gym | Two Minute Papers #72
1SHW1-qKKpY Real-Time Oil Painting on Mobile | Two Minute Papers #143
1U3YKnuMS7g AI Learns Geometric Descriptors From Depth Images | Two Minute Papers #148
1aVSb-UbYWc Painting with Fluid Simulations | Two Minute Papers #33
1ct_P3IZow0 What Makes a Good Image Generator AI?
1gWpFuQlBsg AlphaZero: DeepMind‚Äôs AI Works Smarter, not Harder
1ypV5ZiIbdA What is Optimization? + Learning Gradient Descent | Two Minute Papers #82
1ziudxJT884 TU Wien Rendering #26 - Low Discrepancy Sequences
1zvohULpe_0 How Do Neural Networks See The World? Pt 2. | Two Minute Papers #211
22Sojtv4gbg Intel's Video Game Looks Like Reality! Ì†ºÌº¥
27PYlj-qNb0 A parallel genetic algorithm for Roger Alsing‚Äôs EvoLisa problem (triangles)
2Bw5f4vYL98 How Well Can DeepMind's AI Learn Physics? ‚öõ
2FHHuRTkr_Y OpenAI's Gaming AI Contest: Results | Two Minute Papers #265
2VyhmbEjs9A AI Learns To Recreate Computer Games | Two Minute Papers #195
2ciR6rA85tg AlphaZero: DeepMind's New Chess AI | Two Minute Papers #216
2i1hrywDwPo Reconstructing Sound From Vibrations | Two Minute Papers #12
2jwVDRKKDME Burning Down Virtual Trees... In Real Time! Ì†ºÌº≤Ì†ΩÌ¥•
2kOCTf8jIik 3D Printing a Glockenspiel | Two Minute Papers #17
2pWK0arWAmU Remember, This Meeting Never Happened! Ì†ΩÌ∫∂Ì†ΩÌ∫∂‚Äç‚ôÄÔ∏è
2qMw8sOsNg0 What is De-Aging? Ì†æÌ∑ë
2qqDwaZlkE0 Glitter Simulation, Now Faster Than Ever! ‚ú®
2vnLBb18MuQ Digital Creatures Learn to Navigate in 3D | Two Minute Papers #153
2wcw_O_19XQ This is What Abraham Lincoln May Have Looked Like! Ì†ºÌæ©
2wrOHdvAiNc All Duckies Shall Pass! Ì†ΩÌ∞£
2xWnOL5bts8 Rewrite Videos By Editing Text
343n8xwozJI Interactive Green-Screen Keying | Two Minute Papers #174
38ZXwJj6j8k All Hail The Mighty Translatotron!
3IFLVOaFAus Can An AI Perform A Cartwheel? Ì†æÌ¥∏‚Äç‚ôÇÔ∏è
3UZzu4UQLcI NVIDIA‚Äôs AI Recreated PacMan! Ì†ΩÌ±ª
3Wppf_CNvD0 Google‚Äôs Chatbot: Almost Perfect Ì†æÌ¥ñ
3wHbeq61Wn0 Man VS Machine: Who Plays Table Tennis Better? Ì†æÌ¥ñ
3yOZxmlBG3Y Pruning Makes Faster and Smaller Neural Networks | Two Minute Papers #229
4CYI6dt1ZNY This AI Learned To Stop Time! ‚è±
4Df_BluxwkU Simulating Wet Sand | Two Minute Papers #160
4J0cpdR7qec This AI Makes The Mona Lisa Speak†â™nd More!
4MfG9CDufPA Deep Learning Program Simplifies Your Drawings | Two Minute Papers #107
4Y7RIAgOpn0 The Dunning-Kruger Effect | Two Minute Papers #58
4etSuEQOzDw All Hail The Adaptive Staggered Grid! Ì†ºÌºêÌ†æÌ¥Ø
4gXPVoippTs TU Wien Rendering #3 - BRDF models, The Rendering Equation
4h0uC9FPVMQ How To Get Started With Machine Learning? | Two Minute Papers #51
5-xMV3sT3Tw 3D Printing Auxetic Materials | Two Minute Papers #96
548sCh0mMRc This Neural Network Creates 3D Objects From Your Photos
54YvCE8_7lM Is Simulating Soft and Bouncy Jelly Possible? Ì†æÌ∂ë
55PJtqpXAm4 Stanford Invented The Ultimate Bouncy Simulator! Ì†ºÌøÄ
58tsN03IXlw Should You Take the Stairs at Work? (For Weight Loss) | Two Minute Papers #47
5NM_WBI9UBE This AI Creates Human Faces From Your Sketches!
5PSWr2ovBvU Deep Learning and Cancer Research | Two Minute Papers #64
5ePD83StI6A This Is What Simulating a 100 Million Particles Looks Like!
5vpklJw7uL0 Designing Decorative Joinery for Furniture | Two Minute Papers #157
5xLSbj5SsSE Fluid Simulations with Blender and Wavelet Turbulence | Two Minute Papers #1
62Q1NL4k8cI OpenAI Performs Surgery On A Neural Network to Play DOTA 2
674DL39dOOQ Randomness and Bell's Inequality [Audio only] | Two Minute Papers #31
6DVng5JVuhI Image Matting With Deep Neural Networks | Two Minute Papers #209
6FzVhIV_t3s Gaussian Material Synthesis (SIGGRAPH 2018)
6IsIGp1IezE Brain-to-Brain Communication is Coming!
6JZNEb5uDu4 This Neural Network Optimizes Itself | Two Minute Papers #212
6SJ19OgHi4w Soap Bubble Simulations Are Now Possible! Ì†æÌ∑º
6aF9sJrzxaM Overfitting and Regularization For Deep Learning | Two Minute Papers #56
6c2T2cykE_A Animating Elastic Rods With Sound | Two Minute Papers #175
6fo5NhnyR8I OpenAI - Learning Dexterous In-Hand Manipulation
6hkiTejoyms Watch Tesla‚Äôs Self-Driving Car Learn In a Simulation! Ì†ΩÌ∫ò
6oQ0Obi14rM OpenAI‚Äôs Jukebox AI Writes Amazing New Songs Ì†ºÌæº
6rNcAVr-U4s Fermat Spirals for Layered 3D Printing | Two Minute Papers #77
72_iAlYwl0c Separable Subsurface Scattering | Two Minute Papers #66
7JbN9vXxGYE 3D Printing Acoustic Filters | Two Minute Papers #109
7O7W-_FKRMQ Episode 500 - 8 Years Of Progress In Cloth Simulations! Ì†ΩÌ±ï
7SFw6sdyzcQ Real-time Control and Stopping of Fluids by K√°roly Zsolnai and L√°szl√≥ Szirmay-Kalos
7SM816P5G9s Is a Realistic Honey Simulation Possible? Ì†ºÌΩØ
7WgtK1C4hQg Simulating The Olympics‚Ä¶ On Mars! Ì†ºÌºó
7aLda2E0Yyg Amazing Slow Motion Videos With Optical Flow | Two Minute Papers #119
7wt-9fjPDjQ Disney's AI Learns To Render Clouds | Two Minute Papers #204
7x2UvvD48Fw Real-Time Hair Rendering With Deep Opacity Maps | Two Minute Papers #171
7ymM4cG1zfQ Storytime & Reading Comments | Two Minute Papers
81rBzfbFLiE OpenAI Codex: Your Robot Assistant! Ì†æÌ¥ñ
86QU7_SF16Q Remove This! ‚úÇÔ∏è AI-Based Video Completion is Amazing!
882O_7hsAms AI Learns Human Movement From Unorganized Data Ì†ºÌøÉ‚Äç‚ôÄÔ∏è
8AZhcnWOK7M Waymo's AI Recreates San Francisco From 2.8 Million Photos! Ì†ΩÌ∫ò
8GUYAVXmhsI DeepMind's AI Learns The Piano From The Masters of The Past
8GVHuGCH2eM DeepMind‚Äôs New AI Helps Detecting Breast Cancer
8YOpFsZsR9w Simulating A Virtual World†âØor A Thousand Years! Ì†æÌ¥Ø
8YWgar0uCF8 Semantic Scene Completion From One Depth Image | Two Minute Papers #147
8qeCjeJTnvI Is This Simulation Wrong? Ì†ΩÌ±ï
8u3Hkbev2Gg Stable Neural Style Transfer | Two Minute Papers #136
8xjTtE3JCDw Automatic Lecture Notes From Videos | Two Minute Papers #22
8ypnLjwpzK8 OpenAI GPT-2: An Almost Too Good Text Generator
9BOdng9MpzU AI Learns 3D Face Reconstruction | Two Minute Papers #198
9IqRdEs4_JU Simulating Breaking Bread Ì†ºÌΩû
9JZdAq8poww Is OpenAI‚Äôs AI As Smart As A University Student? Ì†æÌ¥ñ
9L5NqNDZHjk Finally, Beautiful Virtual Scenes†âØor Less! ‚òÄÔ∏è
9M18rc9-VWU This Jello Simulation Uses Only ~88 Lines of Code
9RzCZZBjlxM AI †áärtist‚Äù Creates Near-Perfect Toonifications! Ì†ΩÌ±©‚ÄçÌ†ºÌæ®
9S2g7iixB9c Curiosity-Driven AI: How Effective Is It? | Two Minute Papers #257
9XM5-CJzrU0 Light Fields - Videos From The Future! Ì†ΩÌ≥∏
9b2dxc1QalM OpenAI‚Äôs Robot Hand Won't Stop Rotating The Rubik‚Äôs Cube Ì†ΩÌ±ã
9bcbh2hC7Hw DeepMind's AI Creates Images From Your Sentences | Two Minute Papers #163
9gX24m3kcjA Can We Teach a Robot Hand To Keep Learning?
9kllWAX9tHw Differentiable Material Synthesis Is Amazing! ‚òÄÔ∏è
9wOBkJJ-w2s Automatic Parameter Control for Metropolis Light Transport | Two Minute Papers #30
9xlSy9F5WtE New DeepMind AI Beats AlphaGo 100-0 | Two Minute Papers #201
A7Gut679I-o Simulating Breaking Glass | Two Minute Papers #4
AGCH1GR7pPU Burning Down an Entire Virtual Forest! Ì†ºÌº≤Ì†ΩÌ¥•
AGm3hF_BlYM This AI Learns Human Movement From Videos
AHl2JjGsu0s Extrapolations and Crowdfunded Research (Experiment) | Two Minute Papers #44
AOZw1tgD8dA Adversarial Attacks on Neural Networks - Bug or Feature?
ATN9oqMF_qk Are We Living In a Computer Simulation? | Two Minute Papers #28
AUKLBdyvFxw TU Wien Rendering #13 - Easter, BRDF++, Depth of Field
AbcRlDBnwjM OpenAI - Non-profit AI company by Elon Musk and Sam Altman
AbxPbfODGcs This Fools Your Vision | Two Minute Papers #241
Aq93TSau8GE This AI Learned To Create Dynamic Photos! Ì†ºÌºÅ
Ash4Q06ZcHU TU Wien Rendering #19 - Space Partitioning 1
B-zxoJ9o7s0 Google‚Äôs New AI: This is Where Selfies Go Hyper! Ì†æÌ¥≥
B1Dk_9k6l08 This Neural Network Turns Videos Into 60 FPS!
B70tT4WMyJk Neural Programmer-Interpreters Learn To Write Programs | Two Minute Papers #34
B8RMUSmIGCI 3 New Things An AI Can Do With Your Photos!
BQQxNa6U6X4 An AI Made All of These Faces! Ì†ΩÌµµÔ∏è‚Äç‚ôÄÔ∏è
BS2la3C-TYc This Image Is Fine. Completely Fine. Ì†æÌ¥ñ
BjkgyKEQbSM What Is 3D Photography? Ì†ºÌæë
BjwhMDhbqAs AI Creates 3D Models From Images | Two Minute Papers #186
BpApq2EPDXE This Magical AI Makes Your Photos Move! Ì†æÌ¥≥
Bui3DWs02h4 9 Cool Deep Learning Applications | Two Minute Papers #35
Bv3yat484aQ Multilayer Light Simulations: More Beautiful Images, Faster
C3DtGTr0jX8 TU Wien Rendering #38 - Awesome Rendering Papers from 2013-2015
C6nonNRoF7g This is How Google‚Äôs Phone Enhances Your Photos
C7D5EzkhT6A OpenAI DALL‡≠æ: Fighter Jet For The Mind! ‚úàÔ∏è
C7Dmu0GtrSw Google‚Äôs PlaNet AI Learns Planning from Pixels
CIDRdLOWrXQ Building a Curious AI With Random Network Distillation
CSQPD3oyvD8 Simulating Water and Debris Flows
CfJ074h9K8s The Tale Of The Unscrewable Bolt! Ì†ΩÌ¥©
CqFIVCD1WWo WaveNet by Google DeepMind | Two Minute Papers #93
D4C1dB9UheQ AI Learns to Synthesize Pictures of Animals | Two Minute Papers #152
DMXvkbAtHNY DeepMind‚Äôs AlphaStar Beats Humans 10-0 (or 1)
DTqcPEhSHB8 Adobe's New Method: Stunning Creatures... Even Cheaper! Ì†ΩÌ±æ
DW1AuOC9TQc Reinforcement Learning With Noise (OpenAI) | Two Minute Papers #225
DglrYx9F3UU This AI Reproduces Human Perception | Two Minute Papers #248
Do_00r8NGMY AI Learns Real-Time Defocus Effects in VR
DuMmcVOsNcs These Neural Networks Empower Digital Artists
Dvd1jQe3pq0 Hindsight Experience Replay | Two Minute Papers #192
DxW_kk5LWYQ Beautiful Elastic Simulations, Now Much Faster!
DzsZ2qMtEUE Sound Propagation With Bidirectional Path Tracing | Two Minute Papers #111
E69UxMz2Q9A TU Wien Rendering #22 - Reinhard's Tone Mapper
EFiUalqhWDc Yes, These Are Virtual Dumplings! Ì†æÌµü
EGnbAgbRIh4 Refocusing Videos With Neural Networks | Two Minute Papers #173
EQX1wsL2TSs This Technique Impersonates People | Two Minute Papers #254
EWKAgwgqXB4 This AI Creates Beautiful Time Lapse Videos ‚òÄÔ∏è
Ee9vF5eChhU How The Witness Teaches Scientific Thinking
EjVzjxihGvU This Neural Network Restores Old Videos
F-00NhYUnH4 This AI Learned How To Generate Human Appearance
F0QwAhUnpr4 Finally, Deformation Simulation... in Real Time! Ì†ΩÌ∫ó
F84jaIR5Uxc AI-Based 3D Pose Estimation: Almost Real Time!
FMEk8cHF-OA DeepMind's AI Learns Object Sounds | Two Minute Papers #224
FMHGS8jWtzM Time Varying Textures | Two Minute Papers #78
FYVf0bRgO5Q DeepMind AlphaFold: A Gift To Humanity! Ì†æÌ∑¨
FZZ9rpmVCqE Ken Burns Effect, Now In 3D!
FeMSEaHR8aw Water Wave Simulation with Dispersion Kernels | Two Minute Papers #110
Fevg4aowNyc AI Learns To Create User Interfaces (pix2code) | Two Minute Papers #161
G00A1Fyr5ZQ New AI Research Work Fixes Your Choppy Videos! Ì†ºÌæ¨
GNx8rgNcw5c Light Transport on Specular Microstructure | Two Minute Papers #193
GRQuRcpf5Gc AI-Based Video-to-Video Synthesis
GdTBqBnqhaQ 4 Experiments Where the AI Outsmarted Its Creators! Ì†æÌ¥ñ
Gm7szS1hQxs TU Wien Rendering #4 - Diffuse, Specular and Ambient Shading
GniyQkgGlUA Can An AI Create Original Art? Ì†ΩÌ±®‚ÄçÌ†ºÌæ®
HANeLG0l2GA This AI Sings | Two Minute Papers #230
HNJPasJUGqs Do Neural Networks Think Like Our Brain? OpenAI Answers! Ì†æÌ∑†
HO1LYJb818Q AI Makes 3D Models From Photos | Two Minute Papers #122
HOLoPgTzV6g Creating Photographs Using Deep Learning | Two Minute Papers #13
HSmm_vEVs10 Real-Time Noise Filtering For Light Simulations | Two Minute Papers #181
HTUxsrO-P_8 Deep Photo Style Transfer | Two Minute Papers #150
HUFh8cEDeII Visualizing Fluid Flow With Clebsch Maps | Two Minute Papers #170
HZWwaLVATA8 TU Wien Rendering #17 - Monte Carlo Integration: Sample Mean & An Important Lesson
Hc9zu5-O7Eo TU Wien Rendering #36 - Vertex Connection and Merging, Path Space Regularization
HcB3ImpYeQU Deformable Simulations‚Ä¶Running In Real Time! Ì†ΩÌ∞ô
He4t7Zekob0 How Does Deep Learning Work? | Two Minute Papers #24
HnkVoOdTiSo Can An AI Design A Good Game Level? Ì†æÌ¥ñ
HvH0b9K_Iro This AI Performs Super Resolution in Less Than a Second
HvHZXPd0Bjs Interactive Hair-Solid Simulations | Two Minute Papers #90
I04zRq6UlIg This Magnetic Simulation Took Nearly A Month! Ì†æÌ∑≤
ICr6xi9wA94 An AI Learned To See Through Obstructions! Ì†ΩÌ±Ä
IDMiMKWucaI NERFIES: The Selfies of The Future! Ì†æÌ¥≥
IFmj5M5Q5jg How DeepMind Conquered Go With Deep Learning (AlphaGo) | Two Minute Papers #42
IMZkLVBhcig DeepMind‚Äôs New AI Dreams Up Videos on Many Topics
IUg-t609byg Mind Reading For Brain-To-Text Communication! Ì†æÌ∑†
IXqj4HqNbPE 3D Modeling This Toaster Just Became Easier!
Ih8EfvOzBOY Google DeepMind's Deep Q-Learning & Superhuman Atari Gameplays | Two Minute Papers #27
ImIaoKsjgUE Designing 3D Printable Robotic Creatures | Two Minute Papers #37
IqHs_DkmDVo Finally, AI-Based Painting is Here!
ItKi3h7IY2o OpenAI GLIDE AI: Astounding Power! Ì†æÌ¥ñ
JJlSgm9OByM This Robot Throws Objects with Amazing Precision
JKYQOAZRZu4 Rocking Out With Convolutions | Two Minute Papers #73
JKe53bcyBQY Elon Musk‚Äôs Neuralink Puts An AI Into Your Brain! Ì†æÌ∑†
JSNE_PIG1UQ 7 Years of Progress In Snow Simulation! ‚ùÑÔ∏è
Jkkjy7dVdaY Recurrent Neural Network Writes Music and Shakespeare Novels | Two Minute Papers #19
JmVQJg-glYA Painting the Mona Lisa...With Triangles! Ì†ΩÌ≥ê
Jnj7OmmOm2Y This AI Hallucinates Images For You
JtBTffVVa-c Multiple-Scattering Microfacet BSDFs with the Smith Model
Jy_VZQnZqGk This AI Creates A 3D Model of You! Ì†ΩÌ∫∂‚Äç‚ôÄÔ∏è
JzOc_NNY_zY Real-Time Fiber-Level Cloth Rendering | Two Minute Papers #132
K-0KJtk07YU Artistic Manipulation of Caustics | Two Minute Papers #48
K940MNp7V8M Simulating Honey And Hot Showers For Bunnies! Ì†ºÌΩØÌ†ΩÌ∞∞
KEdrBMZx53w Infinite Walking in Virtual Reality | Two Minute Papers #262
KL6U6iasUxs AI-Based Large-Scale Texture Synthesis | Two Minute Papers #252
KZhoU_3k0Nk Finally, This Table Cloth Pull is Now Possible! Ì†ºÌΩΩ
KeepnvtICWo NVIDIA's Magical AI Speaks Using Your Voice! Ì†ΩÌπä
KgIrnR2O8KQ Simulating Viscosity and Melting Fluids | Two Minute Papers #40
KhP7lTLTipc 6 Life Lessons I Learned From AI Research
Ks7wDYsN4yM Neural Portrait Relighting is Here!
L7MOeQw47BM Manipulating Photorealistic Renderings | Two Minute Papers #9
LB6NGEHtD7Y TU Wien Rendering #31 - Unbiased, Consistent Algorithm Classes
LBezOcnNJ68 NVIDIA's AI Makes Amazing Slow-Mo Videos! Ì†ΩÌ∫ò
LD5YS8-0Rkg Blender Rendering - Top 7 LuxRender Features
LD6xRkCJ6ek TU Wien Rendering #6 - Snell's Law and Total Internal Reflection
LU3pdWTD4Rw Adaptive Cloth Simulations | Two Minute Papers #14
Lcxz6dtYjI4 Generalizing AI With Neural Task Programming | Two Minute Papers #206
LhhEv1dMpKE Training Deep Neural Networks With Dropout | Two Minute Papers #62
LmYKfU5O_NA Digital Creatures Learn to Cooperate | Two Minute Papers #128
Lp4k4O_HEeQ One Simulation Paper, Tons of Progress! Ì†ΩÌ≤á
Lt4Z5oOAeEY This AI Gave Elon Musk A Majestic Beard! Ì†æÌ∑î
LtyvS7NYonw Beautiful Fluid Simulations...In Just 40 Seconds! Ì†æÌ¥Ø
Lu56xVlZ40M OpenAI Plays Hide and Seek†â™nd Breaks The Game! Ì†æÌ¥ñ
M0RuBETA2f4 A Repulsion Simulation! But Why? Ì†ΩÌ∞∞
M2QJ9iyGQ48 Watch This Virtual Dinosaur Fall Into A Cactus! Ì†æÌ∂ñÌ†ºÌºµ
MCHw6fUyLMY Efficient Viscoelastic Fluid Simulations | Two Minute Papers #220
MCq0x01Jmi0 New AI: Next Level Video Editing! Ì†æÌ¥Ø
MD_k3p4MH-A Can We Simulate Merging Bubbles? Ì†ºÌºä
MPdj8KGZHa0 Neural Network Dreams About Beautiful Natural Scenes
M_eaS7X-mIw Meta Learning Shared Hierarchies | Two Minute Papers #210
MbZ0ld1ShFo Perfect Virtual Hands - But At A Cost! Ì†ΩÌ±ê
MfaTOXxA8dM Image Colorization With Deep Learning and Classification | Two Minute Papers #71
Mnu1DzFzRWs This Neural Network Animates Quadrupeds
MrIbQ0pIFOg This AI Creates Beautiful 3D Photographs!
MrKlPvWvQ2Q NVIDIA‚Äôs New AI: Journey Into Virtual Reality!
Mrdkyv0yXxY Is Simulating Tiny Cloth Wrinkles Possible? Ì†ΩÌ±ï
MtWtY4DdiWs Text Style Transfer | Two Minute Papers #121
Mu0ew2F-SSA AI Learns To Improve Smoke Simulations | Two Minute Papers #188
MvFABFWPBrw DeepMind Has A Superhuman Level Quake 3 AI Team! Ì†ΩÌ∫Ä
MwCgvYtOLS0 TecoGAN: Super Resolution Extraordinaire!
Mx8viOFKiIs Sound Propagation With Adaptive Impulse Responses | Two Minute Papers #95
N6wn8zMRlVE How Do Neural Networks Learn? Ì†æÌ¥ñ
NEscK5RCtlo Terrain Generation With Deep Learning | Two Minute Papers #208
NlZJlFCh8MU This AI Creates A Moving Digital Avatar Of You
NnzzSkKKoa8 Human Pose Estimation With Deep Learning | Two Minute Papers #106
Nq2xvsVojVo Better Video Impersonations with AI | Two Minute Papers #258
Nz-X3cCeXVE This AI Helps Testing The Games Of The Future! Ì†æÌ¥ñ
O-52enqUSNw Is a Realistic Water Bubble Simulation Possible?
O8l4Kn-j-5M This Robot Arm Learned To Assemble Objects It Hasn‚Äôt Seen Before
OEQf0AtSSsc Tighten the Towel! Simulating Liquid-Fabric Interactions
OV0ivJB2lyI Liquid Splash Modeling With Neural Networks
OV3Xcv42JSw No Such Thing As Artificial Intelligence | Two Minute Papers #60
Oo9oOuC2zOo TU Wien Rendering #18 - Coming Up Next: BVH, Tone Mapping, SSS
OwRuzn3RAhA Extracting Rotations The Right Way
OzHenjHBBds Enhance! Neural Supersampling is Here! Ì†ΩÌ¥é
P0fMwA3X5KI NVIDIA's Image Restoration AI: Almost Perfect
PMSV7CjBuZI Crumpling Sound Synthesis | Two Minute Papers #115
Popg7ej4AUU Beautiful Results From 30 Years Of Light Transport Simulation! ‚òÄÔ∏è
Q-XKOPNIDAg Cryptography, Perfect Secrecy and One Time Pads | Two Minute Papers #25
QFu0vZgMcqk Breaking DeepMind's Game AI System | Two Minute Papers #135
QPwhEnAILa0 Should AI Research Try to Model the Human Brain?
QR5MFQnZM3k NVIDIA‚Äôs Stretchy Simulation: Super Quick! Ì†ΩÌ∞ò
QSVrKK_uHoU Amazing AR Effects Are Coming!
Qgsos_kz6pM TU Wien Rendering #11 - Recursion and Heckbert's Taxonomy
QkqNzrsaxYc Computer Games Empower Deep Learning Research | Two Minute Papers #105
QmIM24JDE3A AI Beats Radiologists at Pneumonia Detection | Two Minute Papers #214
QpptSohzuDo This Experiment Questions Some Recent AI Results
QrsxIa0JDi4 These Smoke Simulations Have A Catch! Ì†ΩÌ≤®
R5t74AC6I0A Simulating Cuts On Virtual Bodies | Two Minute Papers #164
RUDWn_obddI OpenAI Outperforms Some Humans In Article Summarization! Ì†ΩÌ≥ú
Rdpbnd0pCiI What is an Autoencoder? | Two Minute Papers #86
ReBeJcmIlnA Virtual Reality Fluid Drawing Is Here! Ì†æÌµõ
RoGHVI-w9bE DeepFake Detector AIs Are Good Too!
RuBjYa4Q3dA TU Wien Rendering #32 - Bidirectional Path Tracing, Multiple Importance Sampling
RygQnpQMdPI Elastoplastic Hair and Cloth Simulations | Two Minute Papers #176
S-Jj3ybaUNg This New AI Creates Lava From Water! Ì†ºÌºä
S7HlxaMmWAU Artistic Style Transfer, Now in 3D!
SA4YEAWVpbk One Pixel Attack Defeats Neural Networks | Two Minute Papers #240
SC0D7aJOySY Real-Time Shading With Area Light Sources | Two Minute Papers #65
SEsYo9L5lOo Google‚Äôs New AI Puts Video Calls On Steroids! Ì†ΩÌ≤™
SIGQSgifs6s Baking And Melting Chocolate Simulations Are Now Possible! Ì†ºÌΩ´
SWW0nVQNm2w Neural Image Stitching And Morphing | Two Minute Papers #256
SWoravHhsUU StyleGAN2: Near-Perfect Human Face Synthesis...and More
SauCsNkGr-E Iridescent Light Simulations | Two Minute Papers #165
SfvRhqsmU4o NVIDIA‚Äôs AI Transformed My Chihuahua Into a Lion
SmyiKmfnbhc Building Bridges With Flying Machines | Two Minute Papers #11
Sr2ga3BBMTc Can An AI Design Our Tax Policy? Ì†ΩÌ≤∞Ì†ΩÌ≥ä
SsJ_AusntiU This AI Learned Boxing‚Ä¶With Serious Knockout Power! Ì†æÌµä
St5lxIxYGkI DeepMind Publishes StarCraft II Learning Environment | Two Minute Papers #182
Su6mJp6NYY4 TU Wien Rendering #23 - Monte Carlo Integration: The Solution
SxIkQt04WCo How Can We Simulate Water Droplets? Ì†ºÌºä
T29O-MhYALw This AI Creates Real Scenes From Your Photos! Ì†ΩÌ≥∑
T7w7QuYa4SQ Finally, Differentiable Physics is Here!
T8YOzqy7t5Y This AI Learns From Humans†â™nd Exceeds Them
TItYXBoJ1sc What is The Best Way To Simulate Liquids? | Two Minute Papers #189
TRNUTN01SEg Capturing Waves of Light With Femto-photography | Two Minute Papers #2
T_g6S3f0Z5I AI Learns Video Frame Interpolation | Two Minute Papers #197
Tb6-JfI0HA0 TU Wien Rendering #16 - Monte Carlo Integration: Hit or Miss
TbWQ4lMnLNw The Story of Light! ‚òÄÔ∏è
Te0L5_u_wIg Faceforensics: This AI Detects DeepFakes!
TrdmCkmK3y4 This AI Creates Dogs From Cats†â™nd More!
UBORpapdAfU Instant 3D Floorplans From Your Photos | Two Minute Papers #142
UEPbzj-ekAI Modeling Knitted Clothing | Two Minute Papers #140
UGAzi1QBVEg Deep Learning Program Learns to Paint | Two Minute Papers #49
UMSNBLAfC7o This Robot Adapts Like Animals | Two Minute Papers #246
UPcR7S8ue1A AI-Based Animoji Without The iPhone X | Two Minute Papers #236
U_VsRE0-SQE Simulating 800,000 Metric Tons of Ice! Ì†æÌ¥Ø
UcI-RnWzASk TU Wien Rendering #30 - Dispersion and Spectral Rendering
UePDRN94C8c Time Lapse Videos From Community Photos | Two Minute Papers #5
UiEaWkf3r9A AI-Based Style Transfer For Video‚Ä¶Now in Real Time!
UjuBLS15JqM Algorithmic Beautification of Selfies | Two Minute Papers #159
Uk9p4Kk98_g Google's AI Plays Football†âØor Science! ‚öΩÔ∏è
UkWnExEFADI Neural Material Synthesis, This Time On Steroids
Uo6hFVRsjpA High-Resolution Neural Texture Synthesis | Two Minute Papers #221
UoKXJzTYDpw Why Are Cloth Simulations So Hard?
UrB-tqA8oeg This AI Helps Making A Music Video! Ì†ΩÌ≤É
Uxax5EKg0zA Artistic Style Transfer For Videos | Two Minute Papers #68
V1eYniJ0Rnk Google DeepMind's Deep Q-learning playing Atari Breakout!
V6G717ewUuw Can an AI Learn To Draw a Caricature?
VMCYRCCqR5Q This AI Learned Physics...But How Good Is It? ‚öõ
VQgYPv8tb6A This AI Makes \
VqeNSZqiBzc A Simulation That Looks Like Reality! Ì†æÌ¥Ø
VrgYtFhVGmg NVIDIA's AI Dreams Up Imaginary Celebrities! Ì†ΩÌ±®‚Äç‚öñÔ∏è
WAuaCBmHa3U Can A Goldfish Drive a Car? Yes! But How? Ì†ΩÌ∞†
WCAF3PNEc_c Enhance! Super Resolution Is Here!  Ì†ΩÌ¥ç
WFOjJR3nWyQ TU Wien Rendering #12 - Assignment 1
WMr9ljLomUI An AI For Image Manipulation Detection | Two Minute Papers #261
WT0WtoYz2jE Deep Learning From Human Preferences | Two Minute Papers #196
Wbid5rvCGos NVIDIA‚Äôs New AI Draws Images With The Speed of Thought! ‚ö°
WhaRsrlaXLk DeepMind Control Suite | Two Minute Papers #226
WovbLx8C0yA Enhance! Super Resolution From Google | Two Minute Papers #124
Wtz-bNywXBY We Taught an AI To Synthesize Materials Ì†ΩÌ¥Æ
Wxb0jN0X7cs How To Train Your Virtual Dragon
X1cPSvPagNI Full-Time Papers, Maybe Someday?
XM-rKTOyD_k This Blind Robot Can Walk...But How? Ì†æÌ¥ñ
XSWqLb0VyzM Exploring And Attacking Neural Networks With Activation Atlases
XbuEYcFfl6s How Do Hollywood Movies Render Smoke? | Two Minute Papers #127
XcxzKLrCpyk AI Photo Translation | Two Minute Papers #243
Xf8JUM8g7Ks 250 Subscribers - Our Quest & A Thank You Message
XgB3Xg5st2U AI Learns Visual Common Sense With New Dataset | Two Minute Papers #169
XhH2Cc4thJw AI Learns Semantic Image Manipulation | Two Minute Papers #217
XmM1tF7AxdA Automatic Hair Modeling from One Image | Two Minute Papers #92
XpwW3glj2T8 Neural Material Synthesis | Two Minute Papers #88
XrOTgZ14fJg This AI Can Deal With Body Shape Variation!
Y6ezNI0Idsc Watch This Statue Grow Out Of Nothing! Ì†ΩÌ∑Ω
Y73iUAh56iI We Can All Be Video Game Characters With This AI
YCur6ir6wmw AI Makes Video Game After Watching Tennis Matches!
YFL-MI5xzgg Do Neural Networks Need To Think Like Humans?
YPpIWQnufu8 What is Impostor Syndrome? | Two Minute Papers #46
YTup-cvELK0 Beautiful Layered Materials, Instantly | Two Minute Papers #260
YWK-bnyXvbg Space-Time Video Completion | Two Minute Papers #137
Yd4blFeRTEw Large-Scale Fluid Simulations On Your Graphics Card | Two Minute Papers #123
YjjTPV2pXY0 AI Learns Noise Filtering For Photorealistic Videos | Two Minute Papers #215
Z6iTo7KY7lw Can an AI Learn The Concept of Pose And Appearance? Ì†ΩÌ±±‚Äç‚ôÄÔ∏è
ZBWTD2aNb_o What Can We Learn From Deep Learning Programs? | Two Minute Papers #75
ZDItmrqfxwI This AI Stuntman Just Keeps Getting Better! Ì†ºÌøÉ
ZEjUqZU1hNQ Simulating Honey Coiling | Two Minute Papers #158
ZHoNpxUHewQ Task-based Animation of Virtual Characters | Two Minute Papers #83
ZKQp28OqwNQ BigGANs: AI-Based High-Fidelity Image Synthesis
ZUa5sNVSjGw Shape and Material from Video | Two Minute Papers #131
ZZ-kORb8grA This AI Learn To Climb Crazy Terrains! Ì†æÌ¥ñ
ZaAUFqcfDJg Patreon Update - New Machine!
ZaFqvM1IsP8 What Do Virtual Objects Sound Like? | Two Minute Papers #41
ZhN5-o397QI TU Wien Rendering #10 - Camera models
Zi_CVTgqJqI TU Wien Rendering #8 - Surface Normals
Zj1N4uE1ehk Colorizing Fruits is Hard‚Ä¶Why? Ì†ºÌΩì
Zl36H9pwsHE TU Wien Rendering #33 - Metropolis Light Transport
ZolWxY4f9wc 3D Depth From a Single Photograph | Two Minute Papers #54
ZtP3gl_2kBM AI Creates Facial Animation From Audio | Two Minute Papers #185
Zwj94pIAwzg Volumetric path tracing with equiangular sampling in a 2k binary
_4fL4jnC8xQ Is Simulating Wet Papers Possible? Ì†ΩÌ≥ÉÌ†ΩÌ≤ß
_8ExhGic_Co DeepMind‚Äôs Robot Inserts A USB Stick! Ì†æÌ¥ñ
_9Bli4zCzZY This AI Creates Virtual Fingers! Ì†æÌ¥ù
_BPJFFkxSbw Deep Image Prior | Two Minute Papers #219
_DN2rzHkpZE Verifying Mission-Critical AI Programs | Two Minute Papers #179
_S1lyQbbJM4 Face2Face: Real-Time Facial Reenactment
_ZLXKt4L-AA Awesome Research For Everyone! - Two Minute Papers Channel Trailer
_r-eIKkyAco 3D Printing Objects With Caustics | Two Minute Papers #38
_s7Bg6yVOdo OpenAI Safety Gym: A Safe Place For AIs To Learn Ì†ΩÌ≤™
_x9AwxfjxvE OpenAI GPT-3 - Good At Almost Everything! Ì†æÌ¥ñ
_yjHPu1aYCY Terrain Traversal with Reinforcement Learning | Two Minute Papers #26
a-ovvd_ZrmA How DeepMind's AlphaGo Defeated Lee Sedol | Two Minute Papers #53
a1z6GXj8QK8 Peer Review and the NeurIPS Experiment | Two Minute Papers #84
a3sgFQjEfp4 Photorealistic Images from Drawings | Two Minute Papers #80
aAsejHZC5EE Real-Time Modeling and Animation of Climbing Plants | Two Minute Papers #146
aJq6ygTWdao This AI Makes Amazing DeepFakes†â™nd More!
aKSILzbAqJs 10 Even Cooler Deep Learning Applications | Two Minute Papers #59
aMo7pkkaZ9o Synchronizing Animations To Sound | Two Minute Papers #108
aR6M0MQBo2w Latent Space Human Face Synthesis | Two Minute Papers #191
adHjNqh5iGY Can You Put All This In a Photo? Ì†æÌ¥≥
atcKO15YVD8 Ubisoft's AI Learns To Compute Game Physics In Microseconds! ‚öõÔ∏è
atzPvW95ahQ Is Videoconferencing With Smart Glasses Possible? Ì†ΩÌ±ì
b2D_5G_npVI Next Level Paint Simulations Are Coming! Ì†ºÌæ®Ì†ΩÌ∂åÔ∏è
b8sCSumMUvM Is Style Transfer For Fluid Simulations Possible? Ì†ºÌºä
bB54Wz4kq0E Shape2vec: Understanding 3D Shapes With AI | Two Minute Papers #138
bLFISzfQCDQ Estimating Matrix Rank With Neural Networks | Two Minute Papers #94
bQKy3N4TshU TU Wien Rendering #7 - Ray-Sphere Intersection
bVGubOt_jLI Physics-based Image and Video Editing | Two Minute Papers #187
bVXPnP8k6yo This AI Learned to Summarize Videos Ì†ºÌæ•
bXzauli1TyU This Neural Network Regenerates‚Ä¶Kind Of Ì†æÌ∂é
bYGL3fLYudM TU Wien Rendering #39 - Assignment 4, Farewell
bcZFQ3f26pA This AI Learned To See In The Dark! Ì†ΩÌ±Ä
bdM9c2OFYuw Google's Text Reader AI: Almost Perfect | Two Minute Papers #228
bfuBQp1JmX8 Can We Simulate a Rocket Launch? Ì†ΩÌ∫Ä
bnm7skt2aYE An AI That Makes Dog Photos - But How? Ì†ΩÌ∞∂
brs1qCDzRdk Automatic Creation of Sketch Tutorials | Two Minute Papers #134
cD-eXjf854Q DeepMind: The Hanabi Card Game Is the Next Frontier for AI Research
cDi-uti2oLQ TU Wien Rendering #29 - Path Tracing Implementation & Code Walkthrough
cEBgi6QYDhQ Everybody Dance Now! - AI-Based Motion Transfer
cLC_GHZCOVQ OpenAI's Bot Beats DOTA World Champion Dendi | Two Minute Papers #180
cS4Am7Q8wmM Procedural Generation of Hand-drawn like Line Art
cTqVhcrilrE This AI Learned To Animate Humanoids!Ì†ΩÌ∫∂
cUWDeDRet4c Multiphase Fluid Simulations | Two Minute Papers #113
cVZzkSaxKmY 3D Printing With Filigree Patterns | Two Minute Papers #89
cnquEovq1I4 We Taught an AI To Synthesize Materials Ì†ΩÌ¥Æ
cpxtd-FKY1Y These Natural Images Fool Neural Networks (And Maybe You Too)
cwS_Fw4u0rM This AI Creates Beautiful Light Simulations! Ì†ΩÌ¥Ü
d3njVfnCdN0 From Mesh To Yarn... In Real Time! Ì†æÌ∑∂
dH1s49-lrBk Adaptive Fluid Simulations | Two Minute Papers #10
dJ4rWhpAGFI DeepMind Made A Superhuman AI For 57 Atari Games! Ì†ΩÌµπ
dQMvii1KGOY Wow, Smoke Simulationross Space and Time! Ì†ΩÌ≤®
dQSzmngTbtw Stunning Video Game Graphics With Voxel Cone Tracing (VXGI) | Two Minute Papers #117
dVa1xRaHTA0 NVIDIA‚Äôs AI Puts Video Calls On Steroids! Ì†ΩÌ≤™
dZ_5TPWGPQI New AI: Photos Go In, Reality Comes Out! Ì†ºÌºÅ
dd1kN_myNDs AI Learns Tracking People In Videos
dqxqbvyOnMY Video Game Graphics To Reality And Back | Two Minute Papers #203
duCQUu8EQVA Real-Time Holography Simulation!
duo-tHbSdMk New Face Swapping AI Creates Amazing DeepFakes!
dvzlvHNxdfI This AI Learned to ‚ÄúPhotoshop‚Äù Human Faces
dxOHmvTaCN4 AI Learns Human Pose Estimation From Videos | Two Minute Papers #237
dyzn3Fmtw-E This Painter AI Fools Art Historians 39% of the Time
e-WB4lfg30M Recurrent Neural Network Writes Sentences About Images | Two Minute Papers #23
e0yEOw6Zews NVIDIA's New AI: Enhance! Ì†ΩÌ¥ç
eI_QUtgJHH8 Interactive Editing of Subsurface Scattering | Two Minute Papers #39
eQRZ7FUkwKo Simulating Bursting Soap Bubbles! Ì†æÌ∑º
eSaShQbUJTQ DeepMind's AI Takes An IQ Test
eTUmmW4ispA This Neural Network Performs Foveated Rendering
eTYcMB6Yhe8 Can Self-Driving Cars Learn Depth Perception? Ì†ΩÌ∫ò
e_9f5Z0sMYE Simulating Grains of Sand, Now 6 Times Faster
eaSTGOgO-ss NVIDIA‚Äôs New AI: Superb Details, Super Fast! Ì†æÌ¥ñ
eksOgX3vacs Meet Your Virtual AI Stuntman! Ì†ΩÌ≤™Ì†æÌ¥ñ
f0Uzit_-h3M Metropolis Light Transport | Two Minute Papers #16
f9z1I_81_Q4 DeepMind Made a Math Test For Neural Networks
fE9BqmJrrW0 Can We Simulate Tearing Meat? Ì†æÌµ©
fPrxiRceAac These Are Pixels Made of Wood! Ì†ºÌº≤Ì†æÌ∑©
fSB4mqnm5lA TU Wien Rendering #2 - Radiometry Recap, Light Attenuation
fTBeNAu18_s This Autonomous Robot Models Your House Interior | Two Minute Papers #222
fcnjHmBcLNQ 3D Style Transfer For Video is Now Possible!
fcvhOC5Q1dI TU Wien Rendering #9 - Hard and Soft Shadows
fklY2nH7AJo AI Learns Painterly Harmonization | Two Minute Papers #249
fl-7e8yBUic Real-Time Soft Body Dynamics for Video Games | Two Minute Papers #103
flOevlA9RyQ Visually Indicated Sounds | Two Minute Papers #79
fpd_wiOsgDk 5000 Fellow Scholars Special! | Two Minute Papers
fzuYEStsQxc This Curious AI Beats Many Games...and Gets Addicted to the TV
g1sAjtDoItE Cubify All The Things! Ì†ΩÌ∞Ñ
g7bEUB8aLvM Can We Teach Physics To A DeepMind's AI? ‚öõ
gHMY40kEXzs The Science of Medal Predictions (2016 Rio Olympics Edition) | Two Minute Papers #85
gfMyGad1Gmc 5 Fiber-Like Tools That Can Now Be 3D-Printed!
gnctSz2ofU4 DeepMind's AI Learns To See | Two Minute Papers #263
goD36hVVl7M How Can This Liquid Climb?
gvjCu7zszbQ This AI Learns From Its Dreams  | Two Minute Papers #247
hFZlxpJPI5w Sure, DeepFake Detectors Exist - But Can They Be Fooled?
hPKJBXkyTKM 10 More Cool Deep Learning Applications | Two Minute Papers #52
hW1_Sidq3m8 NVIDIA's AI Creates Beautiful Images From Your Sketches
hYV4-m7_SK8 MuZero: DeepMind‚Äôs New AI Mastered More Than 50 Games
hYWr67i8z5o AI Discovers Sentiment By Writing Amazon Reviews
heB2tD0-r-c On the Complexity of Two Minute Papers | Two Minute Papers #87
heY2gfXSHBo Schr‡Ω≠inger's Smoke | Two Minute Papers #70
higGxGmwDbs Muscle Simulation...Now In Real Time! Ì†ΩÌ≤™
hkSfHCtpnHU AI Learns Facial Animation in VR
hnT-P3aALVE Hallucinating Images With Deep Learning | Two Minute Papers #74
hzpxXZJQNFg DeepMind's WaveNet, 1000 Times Faster | Two Minute Papers #232
i4KWiq3guRU Finally, A Blazing Fast Fluid Simulator! Ì†ºÌºä
i6KDgYk5Nzg TU Wien Rendering #25 - Path Tracing, Next Event Estimation
iBaWVuaSQ-Q A Photo Enhancer AI | Two Minute Papers #235
iKNSPETJNgo TU Wien Rendering #5 - The Fresnel Equation and Schlick's Approximation
iKrrKyeSRew How Do Neural Networks Memorize Text?
iKvlOviWs3E This AI Creates Images Of Nearly Any Animal! Ì†æÌ∂â
iM4PPGDQry0 GANPaint: An Extraordinary Image Editor AI
iOWamCtnwTc Neural Network Learns The Physics of Fluids and Smoke | Two Minute Papers #118
iTRnr6p7iYo Procedural Yarn Models for Cloth Rendering | Two Minute Papers #76
iXqLTJFTUGc AI Makes Near-Perfect DeepFakes in 40 Seconds! Ì†ΩÌ±®
iZA9bl-t6J4 Virtual Bones Make Everything Better! Ì†ΩÌ≤™
ia-VBSF4KXA This New Method Can Simulate a Vast Ocean! Ì†ºÌºä
ihYsJpibNRU Now We Can Relight Paintings†â™nd Turns Out, Photos Too! Ì†ºÌæ®
iuJwmM2-JWM Be a Part of Two Minute Papers on Patreon!
izZofvgaIig Why Should We Trust An AI? | Two Minute Papers #233
j7XWCCvBrwU 3D Printing Flexible Shells For Molding | Two Minute Papers #114
j8tMk-GE8hY NVIDIA‚Äôs New AI: Wow, Instant Neural Graphics! Ì†æÌ¥ñ
j9FLOinaG94 Breaking Deep Learning Systems With Adversarial Examples | Two Minute Papers #43
jDxsGW5KUP0 Self-Illuminating Explosions | Two Minute Papers #156
jMZqxfTls-0 From Doodles To Paintings With Deep Learning | Two Minute Papers #57
jjfDO2pWpys DeepMind‚Äôs AI Watches YouTube and Learns To Play! ‚ñ∂Ô∏èÌ†æÌ¥ñ
jl0XCslxwB0 NVIDIA‚Äôs GANCraft AI: Feels Like Magic! Ì†ºÌº¥ †â™lso, 1 Million Subs! Ì†æÌµ≥
jtlrWblOyP4 DeepMind‚Äôs AlphaStar: A Grandmaster Level StarCraft 2 AI!
kBFMsY5ZP0o This AI Senses Humans Through Walls Ì†ΩÌ±Ä
kLnG073NYtw Hydrographic Printing | Two Minute Papers #7
kMa_B3wLxAM Designing Cities and Furnitures With Machine Learning | Two Minute Papers #36
kQ2bqz3HPJE Digital Creatures Learn To Walk | Two Minute Papers #8
kf-KViOuktc AI Builds 3D Models From Images With a Twist | Two Minute Papers #129
kfJMUeQO0S0 Learning to Model Other Minds (OpenAI) | Two Minute Papers #199
kie4wjB1MCw Virtual Characters Learn To Work Out†â™nd Undergo Surgery Ì†ΩÌ≤™
knIzDj1Ocoo This Blind Robot Learned To Climb Any Terrain! Ì†æÌ¥ñ
ksCSL6Ql0Yg StyLit, Illumination-Guided Artistic Style Transfer | Two Minute Papers #91
kwqme8mEgz4 Sound Synthesis for Fluids With Bubbles | Two Minute Papers #97
lCBSGOwV-_o This Magical AI Cuts People Out Of Your Videos! ‚úÇÔ∏è
lCoR-4OlIZI Style Transfer...For Smoke and Fluids! | Two Minute Papers #264
lLa9DUiJICk Making Talking Memes With Voice DeepFakes!
l_C3KFeI_l0 AI-Based Sky Replacement Is Here! Ì†ºÌºì
lc93pVlewGM TU Wien Rendering #35 - Stochastic Progressive Photon Mapping
ldO7RD3s4_s Text-based Editing of Audio Narration | Two Minute Papers #167
leoRHsBsv6Q Finally, Style Transfer For Smoke Simulations! Ì†ΩÌ≤®
lf3ViWEeKqc On-the-Fly 3D Printing While Modeling | Two Minute Papers #144
luwP75lPExo NeuroSAT: An AI That Learned Solving Logic Problems
lws-2u3LbYg This AI Learned Image Decolorization..and More
lxNEWuO6xQk Controllable Fluid and Smoke Simulations | Two Minute Papers #145
lxzGraohijU 5 Crazy Simulations That Were Previously Impossible! ‚õì
m9XyXiL6n8w AI Learns Real-Time 3D Face Reconstruction | Two Minute Papers #245
mECv52eSjBo Real-Time Global Illumination With Radiance Probes | Two Minute Papers #200
mFnGBz_rPfU New AI Makes You Play Table Tennis‚Ä¶In a Virtual World! Ì†ºÌøì
mGHKFMXdjKU DeepMind's AI Learned a Better Understanding of 3D Scenes
mL3CzZcBJZU DeepMind's AI Learns Audio And Video Concepts By Itself | Two Minute Papers #184
mU-5CsaPfsE Separable Subsurface Scattering - Unofficial talk by K√°roly Zsolnai
mUfJOQKdtAk Everybody Can Make Deepfakes Now!
mY2ozPHn0w4 New Weather Simulator: Almost Perfect! Ì†ºÌº§
mb6WJ34xQXg This Neural Network Makes Virtual Humans Dance! Ì†ΩÌµ∫
mjl4NEMG0JE Can We Detect Neural Image Generators?
mkI6qfpEJmI Real-Time Facial Expression Transfer | Two Minute Papers #21
mmeoUZ_wRm4 Transferring AI To The Real World (OpenAI) | Two Minute Papers #202
n3aoc36V8LM Structural Image Editing With PatchMatch | Two Minute Papers #139
nCpGStnayHk This Neural Network Learned To Look Around In Real Scenes!
nJ86LCA0Asw Building A Liquid Labyrinth! Ì†ºÌºä
nK3giIsNAHg Generating Tangle Patterns With Grammars | Two Minute Papers #102
nSHU-4Yt4eQ AIs Are Getting Too Smart - Time For A New \
nfPBT71xYVQ Narrow Band Liquid Simulations | Two Minute Papers #61
ni6P5KU3SDU Evolving Generative Adversarial Networks | Two Minute Papers #242
nkHL1GNU18M Physics in 4 Dimensions‚Ä¶How?
nsuAQcvafCs Audio To Obama: AI Learns Lip Sync from Audio | Two Minute Papers #194
o-LU_Dja6Ks This AI Shows Us the Sound of Pixels
o7dqGcLDf0A These Neural Networks Have Superpowers! Ì†ΩÌ≤™
oHLR287rDRA This is Geometry Processing Made Easy!
oWpp1YYcCsU DeepMind's AI Masters Even More Atari Games | Two Minute Papers #238
oYtwCZx5rsU Surprise Video With Our New Paper On Material Editing! Ì†ΩÌ¥Æ
o_DhNqHazKY This Neural Network Combines Motion Capture and Physics
ogL-2IClOug NVIDIA‚Äôs New Technique: Beautiful Models For Less! Ì†ºÌº≤
oitGRdHFNWw Deep Learning Program Hallucinates Videos | Two Minute Papers #120
oleylS5XGpg An Efficient Scattering Material Representation | Two Minute Papers #151
oltKUPTBz9Q Efficient Yarn-based Cloth Simulations | Two Minute Papers #166
ooZ9rUYOFI4 Simulating Dragons Under Cloth Sheets! Ì†ΩÌ∞≤
ozUzomVQsWc This AI Learns Acrobatics by Watching YouTube
p831XtyLA5M AI Competitive Self-Play | Two Minute Papers #205
pAiiPNg0kDE SLAC Dataset From MIT and Facebook  | Two Minute Papers #227
pBkFAIUmWu0 These AI-Driven Characters Dribble Like Mad! Ì†ºÌøÄ
pQA8Wzt8wdw OpenAI's MuseNet Learned to Compose Mozart, Bon Jovi and More
pVgC-7QTr40 Building Blocks of AI Interpretability | Two Minute Papers #234
pc_k-sgUYmY DeepMind‚Äôs Take on How To Create a Benign AI
pjc1QAI6zS0 TU Wien Rendering #1 - Introduction
prMk6Znm4Bc This AI Learns About Movement By Watching Frozen People
psOPu3TldgY Learning to Fill Holes in Images | Two Minute Papers #130
pv8Sl2rWyCQ Google AI's Take on How To Fix Peer Review
q22XWPM0Egc AI Learning Morphology and Movement...at the Same Time!
qKhSZmS6aWw Photorealistic Fur With Multi-Scale Rendering | Two Minute Papers #183
qeSoAbJoi7c Can A Virtual Sponge Sink? Ì†æÌ∑Ω
qeZMKgKJLX4 This AI Removes Shadows From Your Photos! Ì†ºÌºí
qk4cz0B5kK0 Can We Make An Image Synthesis AI Controllable?
qkHK1QdQ2Fk This AI Clears Up Your Hazy Photos
qtOkktTNs-k Adobe‚Äôs New AI: Next Level Cat Videos! Ì†ΩÌ∞à
qwAiLBPEt_k This AI Controls Virtual Quadrupeds! Ì†ΩÌ∞ï
r52zC2VpMng Announcing LuxRender 1.5
rAbhypxs1qQ Image Synthesis From Text With Deep Learning | Two Minute Papers #116
rCWTOOgVXyE Artificial Neural Networks and Deep Learning | Two Minute Papers #3
rGOy9rqGX1k What‚Äôs Inside a Neural Network?
rSPwOeX46UA This is Grammar For Robots. What? Why? Ì†æÌ¥ñ
rawsSOLNYE0 This AI Makes Digital Copies of Humans! Ì†ΩÌ±§
rskdLEl05KI Synthesizing Sound From Collisions | Two Minute Papers #15
rzIiuGrOZAo 9 Years of Progress In Cloth Simulation! Ì†æÌ∑∂
s6i8AV-m4W8 TU Wien Rendering #21 - Tone Mapping Basics
s8Nm_ytwO6w Soft Body Wiggles And Jigglesortlessly! Ì†ΩÌ∞ò
sSnDTPjfBYU Gradients, Poisson's Equation and Light Transport | Two Minute Papers #20
sTe_-YOccdM Two Shots of Green Screen Please!
sWZQxB2es88 Building a Community Around Two Minute Papers
sg0pAwOSNGw TU Wien Rendering #15 - Rendering Equation Properties
slJI5r9rltI This AI Captures Your Hair Geometry...From Just One Photo! Ì†ΩÌ±©‚ÄçÌ†æÌ∂±
szOMIn0YyUM Ubisoft‚Äôs New AI Predicts the Future of Virtual Characters! Ì†ΩÌ∞∫
t33jvL7ftd4 This AI Learned Some Crazy Fighting Moves! Ì†æÌµä
t7nO7MPcOGo This AI Makes Beautiful Videos From Your Images! Ì†ºÌºä
tB0AVkPDDJU Precomputed Deformation Simulations | Two Minute Papers #112
tGJ4tEwhgo8 Differentiable Rendering is Amazing!
tRHFQHYfAVc Better Photorealistic Materials Are Coming!
tU484zM3pDY NVIDIA's AI Removes Objects From Your Photos! ‚ùå
tWu0AWdaTTs This AI Makes Puzzle Solving Look Easy! Ì†æÌ∑©
t_7qpPOmsME This AI Produces Binaural (2.5D) Audio
tfb6aEUMC04 OpenAI Five Beats World Champion DOTA2 Team 2-0! Ì†æÌ¥ñ
thQ7QjqNPlY This AI Makes The Mona Lisa Come To Life
tiO43nJKGJY Is Simulating Jelly And Bunnies Possible? Ì†ΩÌ∞∞
twWHwVaBfM8 Phace: Physics-based Face Modeling and Animation | Two Minute Papers #172
txHQoYKaSUk This Robot Learned To Clean Up Clutter
u3C4zkxNtok Biophysical Skin Aging Simulations | Two Minute Papers #45
u4HpryLU-VI From Video Games To Reality‚Ä¶With Just One AI!
u5wtoH0_KuA This AI Does Nothing In Games†â™nd Still Wins!
u7kQ5lNfUfg AI Makes Stunning Photos From Your Drawings (pix2pix) | Two Minute Papers #133
u90TbxK7VEA This Superhuman Poker AI Was Trained in 20 Hours
u9UUWqVquXo AI Creates 3D Models From Faces | Two Minute Papers #149
u9kvJbWb_1U How To Steal a Lost Election With Gerrymandering | Two Minute Papers #104
uBGY9-GaSdo Adobe's New Simulation: Bunnies Everywhere! Ì†ΩÌ∞∞
uGhyOBSzdTs Bubble Collision Simulations in Milliseconds | Two Minute Papers #231
uOiOhVgR3VA Building Machines That Learn and Think Like People | Two Minute Papers #223
uVC5WowQxD8 This is How You Simulate Making Pasta Ì†ºÌΩú
ua8Aaf-XIO8 TU Wien Rendering #20 - Space Partitioning 2
ugdciqeOPeM Simulating Liquid-Hair Interactions | Two Minute Papers #155
uj8b5mu0P7Y Modeling Colliding and Merging Fluids | Two Minute Papers #18
uuzow7TEQ1s DeepMind‚Äôs AI Plays Catch†â™nd So Much More! Ì†æÌ¥ñ
v1oWke0Qf1E Universal Neural Style Transfer | Two Minute Papers #213
v5pOsQEOsyA Finally, Video Stabilization That Works! Ì†æÌ¥≥
v8n4JEMJrrU Wow, A Simulation That Matches Reality! Ì†æÌ¥Ø
v9aOsn8a-z4 Is Simulating A Jelly Sandwich Possible? Ì†æÌ∂ë
vPwiqXjDgeo TU Wien Rendering #27 - Russian Roulette Path Termination
vS0g9SVHRFc TU Wien Rendering #14 - Global Illumination Benefits
vaFhLAbPi8w Game AI Development With OpenAI Universe | Two Minute Papers #125
veWkBsK0nwU DeepMind's AI Learns Complex Behaviors From Scratch | Two Minute Papers #239
vfJz7WlRNk4 Near-Perfect Virtual Hands For Virtual Reality! Ì†ΩÌ±ê
vmkqFRyNUWo AI Learns Semantic Style Transfer | Two Minute Papers #177
vx7H7GrE5KA Can An AI Heal This Image?Ì†ΩÌ±©‚Äç‚öïÔ∏è
vzg5Qe0pTKk DeepMind's AI Learns Superhuman Relational Reasoning | Two Minute Papers #168
w2D5JR83pFI 3D Printing Materials With Subsurface Scattering | Two Minute Papers #98
wBrwN4dS-DA Deep Reinforcement Terrain Learning | Two Minute Papers #67
wEgq6sT1uq8 A Bitter AI Lesson - Compute Reigns Supreme!
wR2OlsF1CEY DeepMind's New AI Diagnoses Eye Conditions
wVtOuvFlczg Augmented Reality Presentations Are Coming!
wXaVokqhHDk Microsoft‚Äôs AI Understands Humans†â´ut It Had Never Seen One! Ì†ΩÌ±©‚ÄçÌ†ΩÌ≤º
wg3upHE8qJw Can an AI Learn Lip Reading?
wlAgyf_e-hA Style Transfer For Fluid Simulations | Two Minute Papers #162
wlndIQHtiFw Real-Time Character Control With Phase-Functioned Neural Networks | Two Minute Papers #154
wm8tK91k37U This Evolving AI Finds Bugs in Games | Two Minute Papers #250
wsFgrzYwchQ This Beautiful Fluid Simulator Warps Time‚Ä¶Kind Of Ì†ºÌºä
wz9cUncBdxw Geometric Detail Transfer | Two Minute Papers #141
x2zDrSgrlYQ Beautiful Glitter Simulationster Than Real Time! ‚ú®
xHpwLiTieu4 This is How You Hack A Neural Network
x_cxDgR1x-c DeepMind's New AI: As Smart As An Engineer... Kind Of! Ì†æÌ¥Ø
xjiFVSSMkfI Control of Newtonian fluids with minimum force impact using the Navier Stokes equations
xlrGOfvYcQc AI Creates Near Perfect Images Of People, Dogs and More
xp-YOPcjkFw DeepMind's AI Learns Imagination-Based Planning | Two Minute Papers #178
xpqMmmUkc_0 This New AI Can Find Your Dog In A Video! Ì†ΩÌ∞©
yEOEqaEgu94 OpenAI + DOTA2: 180 Years of Learning Per Day
yX84nGi-V7E Transferring Real Honey Into A Simulation Ì†ºÌΩØ
yc1WpkthV3g This AI Made Me Look Like Obi-Wan Kenobi! Ì†æÌ∑î
yptwRRpPEBM Photos Go In, Reality Comes Out†â™nd Fast! Ì†ºÌºÅ
z9p2nis3amM TU Wien Rendering #28 - Assignment 3
zDTUbtmUbG8 This AI Makes Celebrities Old†âØor a Price! Ì†ΩÌ±µ
zL6ltnSKf9k This AI Learned To Isolate Speech Signals
zLzhsyeAie4 Bundlefusion: 3D Scenes from 2D Videos | Two Minute Papers #81
zZZ4xW0WaY0 TU Wien Rendering #24 - Importance Sampling
ziMHaGQJuSI How Do Genetic Algorithms Work? | Two Minute Papers #32
zjaz2mC1KhM Distilling Neural Networks | Two Minute Papers #218
zrF5_O92ELQ These Are The 7 Capabilities Every AI Should Have
zzwCbhI2iOA Peer Review #1 [Audio only] | Two Minute Papers
