-hPEILT72PY Naddniprianshchyna from above · Ukraїner
-hVdRj6gaUQ Radar station Pamir in Carpathian Mountains · Ukraїner
01lKPDllv1Y New life of legendary Kharkiv apartments • Ukraïner
05INHzdTuug An entire hamlet saved during the Holodomor • Ukraïner • Museum of the Holodomor
0CyIMmK2di8 Poltavshchyna from above · Ukraїner
0DxcOiJg7ww Kryva Luka from above · Ukraїner
0REM5cGXQsk Basalt Columns from above · Ukraїner
0WtIqKf1kGE The Carpathian Tram from above · Ukraїner
0XscDU12dMs Dzharylhach from above · Ukraїner
2FK3kNlR0WU Russian warship? Go fuck yourself! Ukrainian army fight for democracy in Europe
2iyw_Wu2KAI Cultnaked dresses stars worldwide • Ukrainer in English
4ONosrCSEtY Ukraïner During the War • Ukrainer in English
4OhkEH-FDbk The Kryvyi Rih Metrotram from above · Ukraїner
4SWmsZkT4zI Dvorichanskyi Park from above · Ukraїner
4gYTQPDJ5b0 Making Family Sauces
4mXJ9UijEk8 Shagany Lighthouse from above · Ukraїner
5aWkQ5J2IzU Trakhtemyriv Peninsula from above · Ukraїner
5cAOd0jQIBA Monastery in Berdychiv from above · Ukraїner
5roEfes8wcA The Corps Garden from above · Ukraїner
66_hLNAtu_A Vylkove. Ukrainian city of canals · Ukraїner
66ooTzhvy8I Orlivka from above · Ukraїner
7cWytxfWpZk Shuvalov Hunting Palace from above · Ukraїner
7pRcFah8PJ8 Kormotech feeds cats and dogs in dozens of countries • Ukrainer in English
7tQFJWujZrM Ivano-Frankivsk will resists • Ukraïner in English
7xLHMlVApXg Lubart’s Castle from above · Ukraїner
89mKo3OjyzM Kherson fights back • Ukraïner in English
8ZEEwZhhK0c Vernadsky Library from above · Ukraїner
8p7zRXOEXiw Ar-Rahma Mosque in Kyiv from above · Ukraїner
9W_21hT9-Ms How foreigners get evacuated from Ukraine
9wKv4TEJxhY Akkerman Fortress from above · Ukraїner
AfbKIXQ2SFo Lviv. Revitalization of the Hnat Khotkevych Palace of Culture • Ukraïner
Aj5tFYLBjHE MacPaw. Who created software that runs on every 5th Mac on Earth? • Ukrainer in English
Aks30UT_wa4 Dnipro Center for Contemporary Culture • Ukraïner
Au1mgbfAgkU Views of Vytachiv from above · Ukraїner
BP1QOLmrCwc Kholodnyi Yar from above · Ukraїner
BaUlj4n21eo The war against Ukraine: on the verge of a global environmental catastrophe • Ukrainer in English
CS7aPAJfNXo Vorokhta Viaduct from above · Ukraїner
C_ocDz-uUpA Mizhrichynskyi Landscape Park from above · Ukraїner
CvPnKIh915A Lizhnyk (sheep wool blanket) from above · Ukraїner
Cymvym5CFlc She survived the Holodomor and saved a boy • Ukraïner • Museum of the Holodomor
DVKU6JsH8t8 Nobel Lake from above · Ukraїner
DcrgXgrYJYw Mariupol fights back • Ukrainer in English
DjRYCMbL434 Samchyky Park from above · Ukraїner
Eh2jHbsVLrw The Slovo Building from above · Ukraїner
F5i3RgOowA0 Rice Fields from above · Ukraїner
FVH6548lpfE Busha Open-Air Museum from above · Ukraїner
FyXR4K-SyHQ Polissia from above · Ukraїner
G2zk1QcA_dI The Tunnel of Love from above · Ukraїner
GFyB2SQpN0w Solar Energy in Bessarabia from above · Ukraїner
GIaplNNSqqU Olesko Castle from above · Ukraїner
GJ3otUYQyYg Kryvyi Rih fights • Ukrainer in English
Gb0techvS3E The Holodomor in a global context • Ukraïner • Museum of the Holodomor
GchzG4hEyEE Chernivtsi National University from above · Ukraїner
H7v2MHT5yas The world’s largest radio telescope from above · Ukraїner
HRvl7h7fKIM Trailer - Ukraïner. The Movie.
HdNMEIXfWPQ Timeline of events: Russia attacks Ukraine
HiXv81KEgOY They endured on potato peels from Belarus • Ukraïner • Museum of the Holodomor
I4IAa70HWC0 How to start exporting? Faina is a sensation in international exhibitions • Ukrainer in English
I7Sojeafg9E Zalishchyky from above · Ukraїner
IYyTEioR6_0 How Ukrainian people \
IyhHlXam6qQ Kyiv Metro from above · Ukraїner
KQr9rbUex-Y World celebrities support Ukraine • Ukrainer in English
L-B0QhhnpPM Kamiana Mohyla in the middle of Pryazovya steppes · Ukraїner
LWaj1fMYvM0 What do we know about the Holodomor? • Ukraïner • Museum of the Holodomor
MDhzcsWnzbY Shatsk Lakes from above · Ukraїner
MIODISgBwlc Volyn from above · Ukraїner
MQZa1QlxQww Sivershchyna from above · Ukraїner
Mrs8Qu9Wy0o Henichesk Lake from above · Ukraїner
NSdoO5lnCj4 Tavria from above · Ukraїner
NqyIoy-Z-O4 Zolochiv Castle from above · Ukraїner
NtFM00v5pHA Innovative metalworking in Ukraine • Ukraïner • greencubator
OCqC0Atazok Turning chicken manure into fertiliser and a source of energy • Ukraïner • greencubator
OGNDxRxIU04 Pidhirtsi Castle from above · Ukraїner
OZP8s0Qk-p4 Jamala and her Crimea • Ukraïner • VR Crimea
PDSCZPfAY2s Putin's new fake  • Ukrainer in English
PGmzi6JF8vg Ukrainian e-bikes conquer the world • Ukraïner • greencubator
PIYbyMHGcv4 Sofiivka Park in Uman from above · Ukraїner
PJeN1qvk3UA How does the Holodomor influence Ukraine today? • Ukraïner • Museum of the Holodomor
PKtWEw0xOjY Podniprovia and Zaporizhzhia from above · Ukraїner
PQfr6w5Dy0Q Heroyske. Salt extraction craft from above · Ukraїner
PtN5WkFuSFM Explore Ukraine! • Ukrainer in English
PzCOASEex1Q Svirzh Castle from above · Ukraїner
Qm889jcOc9M Synevyr lake in Carpathian Mountains · Ukraїner
QyIK8cVfPKE Duga from above · Ukraїner
R6X0qXr5SsI Dykanka from above · Ukraїner
RD6pdltFVDQ Oleg Sentsov and his Crimea • Ukraïner • VR Crimea
RTdCABNG0XU How Russia lies to the whole world • Ukrainer in English
RknODKTu5mM The world supporting Ukraine • Ukrainer in English
SFEmQYPdMHo Arabat spit from above · Ukraїner
SI2It45AFus Chaika Maritime Museum from above · Ukraїner
SI6vyP8VkCk Buky Canyon from above · Ukraїner
TiACpeFhwJA St Nicholas Cathedral from above · Ukraїner
Tvw_tghCWn0 Odesa fights • Ukrainer in English
Uza_pG99FA0 Tarasova Hora in Kaniv from above · Ukraїner
V77OO7yZ0d0 Halychyna from above · Ukraїner
VZsc1u_G3Tc Malanka from above · Ukraїner
VdoMwv4D3-A Developing the infrastructure for electric cars • Ukraïner • greencubator
VrqVUM3_rGo Cliffside Fortress of Tustan from above · Ukraїner
WbcyXL7mNu8 The Elektrovymiriuvach revitalisation • Ukraïner
WcVMyU8-2q8 Making Passive Houses in Ukraine  • Ukraïner • greencubator
XAeSgCzKMXA War and children • Ukrainer in English
Y6_c1vOddqc Never take what is not yours • Ukraïner • Museum of the Holodomor
YHepEdvHvZY BRUM Shopping Arcade in Bila Tserkva  from above · Ukraїner
YKzfj46sbUU Adzyhol Lighthouse – highest in Ukraine · Ukraїner
YcfmgIbWHUQ Zhovkva Castle from above · Ukraїner
ZYq1l0y-kI8 Kryvyi Rih Quarries from above · Ukraїner
ZZapkuHzkeE Kyiv cycle track from above · Ukraїner
_9Y1NpXLNg8 Prypyat-Stohid from above · Ukraїner
_eKrXW0RaQQ Ukraïner During the War #Shorts
aMb-pdR1M4I Zatoka beach in the South of Ukraine · Ukraїner
bmdc4GDzjko Kachanivka from above · Ukraїner
bod2oGB_5iM Ukrainian ventilation innovations • Ukraïner • greencubator
c9nnHECLvIk Yalpuh from above · Ukraїner
cTvPM1xKISc We are Crimea • Ukraïner • VR Crimea
cU3HA7mt2fU Ukraine VS Russia. Feel the difference • Ukrainer in English
dFMcmnF_kTI Transcarpathia (Zakarpattia). Ukraine from above · Ukraїner
elf7HCVIrPM Efficient energy use solutions of Ukrainian developers • Ukraïner • greencubator
f9CrmZMiRKE National Expocentre of Ukraine (VDNH) from above · Ukraїner
fOiQ5Q_ydkU Opishne from above · Ukraїner
fTL6duJc3IM Berezova Rudka from above · Ukraїner
fmgloG5HOlg Vlachs from above · Ukraїner
g49rOwtDPoY Tarakaniv Fort from above · Ukraїner
h735Un8YG4A The Holodomor: Mosaics of History • Ukraïner • Museum of the Holodomor
hH4djokMcLw Kytsivka Desert from above · Ukraїner
hJjul-rteYs Sloboshanschtschyna from above · Ukraїner
iC6QknZNrsw Saint Miklosh Chynadievskyi castle from above · Ukraїner
iGjuVXfRMPk Ukrainian invention measures food safety • Ukraïner • greencubator
ibm4plQEqU8 Tokivske Falls from above · Ukraїner
ik5wJ9zzynY Spivochi Terasy from above · Ukraїner
jFUfGCpN41U Polissia Narrow Gauge Railway from above · Ukraїner
jdyLzoA_Q44 Korostyshiv Canyon from above · Ukraїner
jn5dGw17VgY Askania-Nova from above · Ukraїner
k8oFoFHuBi0 Akhtem Seitablaiev and his Crimea • Ukraïner • VR Crimea
kE1qY2X_gqc What is Ukrainian literature? • Ukraïner
khux1xkAzkg Bessarabia from above · Ukraїner
lK5RaBDCAFI Sluch River from above · Ukraїner
lNaleQNt4To Zakarpattia (Transcarpathia) from above · Ukraїner
mL_4szj05yo Going global. Ukrainian backpacks that conquered Kickstarter • Ukrainer
mnH9moFA2D0 Blakytni (Blue) Lakes from above · Ukraїner
mnc5CfZC2D0 Visit Lviv Region • Ukraïner
mxaxKWI-vJw Borzhava narrow gauge railway in Ukraine from above · Ukraїner
n3ai27gjtOY Skole Beskids from above · Ukraїner
n6IKnk8p6tQ Common Lies about the Holodomor • Ukraïner • Museum of the Holodomor
n940CmvK3sA Zhmerynka from above · Ukraїner
nfN5Tg8tR5E Fortress in Kamianets-Podilskyi from above · Ukraїner
ntpi-KrjzXQ Mavrynskyi Maidan  from above · Ukraїner
o0WoVFRAo4c Kyiv Fortress from above · Ukraїner
o7ul5ia74dI Pryazovia from above · Ukraїner
oC1Hs3e3hjo Bilsk Hillfort from above · Ukraїner
oW0RjCF5weM No Waste Kyiv. How the capital is preparing for defence  • Ukrainer in English
oWX8zXoh2vM They even took pillows away • Ukraïner • Museum of the Holodomor
pWbyabM6qPU Mustafa Jemilev and his Crimea • Ukraïner • VR Crimea
pYl1bLF3UwM Sharivka Palace from above · Ukraїner
pwuh6wTbwb0 Scythian ramparts from above · Ukraїner
qNwi6Q2wGrU Bukovyna from above · Ukraїner
qPJYSoXf8F8 The Poltava Museum of Local Lore or Natural Museum · Ukraїner
qaDwsUTaBF4 Baturyn from above · Ukraїner
qcgT1wkEkwM Khotyn Fortress in Ukraine from above · Ukraїner
rqeCtNBtPhw Sharhorod from above · Ukraїner
s895uidsfk4 Salt and Oil from Drohobych from above · Ukraїner
sIEXnIWhqK0 Lviv fights • Ukrainer in English
t_FzsL1eAhg Smart window blinds made in Ukraine • Ukraïner • greencubator
ttrssSHjhKQ Kyiv Funicular from above · Ukraїner
u2RRf3ZnM7g What is the Holodomor? • Ukraïner • Museum of the Holodomor
uIp-INwwwfI Pyvykha Hill from above · Ukraїner
vGkGEbMOmj4 What is the Ukrainian language? • Ukraïner
vkopetIlwno Sokyryntsi. An old Palace of Galagan's · Ukraїner
vvYunfjhtlE Pelicans in Ukraine from above · Ukraїner
wTBfzk8ZDzk Utkonosivka from above · Ukraїner
waCYUI3I2Lg Tuzly Estuaries National Park from above · Ukraїner
wy--QkWC6oo Kyiv History Museum from above · Ukraїner
xB92NrmlENA Putin’s war against grandmas and grandpas • Ukrainer in English
xuYqtBwaGKs Podillia from above · Ukraїner
y40JCiz2OeA Ukraine which you didn’t know about · Ukraїner
yjV1uXvgI1Q Malyi Tataru from above · Ukraїner
ykVPk617vzQ Wild islands in the heart of Zaporizhzhia from above · Ukraїner
yn6Z4-0TQnI The National Art Museum from above · Ukraїner
yyQH098f61Y Zbarazh Castle from above · Ukraїner
z0A92nl9Wcs What does UNESCO protect in Ukraine? · Ukraїner
z0HJlqWcNiU The Grocholski-Mozhaisky Palace from above · Ukraїner
z1k7VzW8gFs IZONE creative hub from above · Ukraїner
zEtZzGGhViU Exploring Ukrainian Australia · Ukraїner
zbTGqj1pJq4 The Carpathians from above · Ukraїner
