-Ht_aLcl8ig اللهو الخفي: ما الذي تكشفه الوثائق السرية عن مآساة البوسنة؟
-miibWYGxZ4 اضطرابات داخل عملاق التجارة الإلكترونية الأفريقي .. ماذا يحدث بالضبط؟
0MPJgHZMXoU الصراع الخفي.. لماذا خرجت شركة \
0hbtFToBR7g هل ستزيد أسعار الذهب وتتخطى 3 آلاف دولار الفترة القادمة حقًا؟ - المخبر الاقتصادي
0uZtiqzuZrg دولة حبيسة.. ما هي نقطة ضعف الاقتصاد الإثيوبي القاتلة؟
1DBrlazwXus لماذا بدأت السعودية حرب نفطية على روسيا؟ وتأثيرها على دول العالم؟ - المخبر الاقتصادي
1ccRz8UY8Fs حروب المياه: لماذا تبني إثيوبيا سد النهضة، ومن يموله؟ - المخبر الاقتصادي
2MnfKiE9d30 هل تعاقب الصين \
2Ohu8Lc8Dow المصانع مغلقة والشوارع في ظلام.. كيف أصبحت الصين فجأة بلا كهرباء؟
2VIynhb2S3A هل يصل سعر البيتكوين إلى 100 ألف دولار قريبا؟ ومن هم حيتان العملة الافتراضية؟
3-jFZpyL41I كيف انقلبت الصين وروسيا والهند على الدولار؟ وهل ينهار قريبًا؟ - المخبر الاقتصادي
39LunJMMuXA إزاي استثمر فلوسي.. في الدولار ولا العقار ولا الدهب؟
3FoDZ2qOF64 لماذا يتسوق الناس بجنون في أوقات الكوارث مثل كورونا؟ - المخبر الاقتصادي
3jEc07prW8s لمصلحة من؟.. لماذا ندفع جمارك على السلع المستوردة؟
436sSzVwKtc كيف ستغير عملة الفيسبوك \
5-okbWa09_o كيف تحصل على البيتكوين بأرخص وأسهل الطرق؟
50ygtM_8aoM إزاي تشتري سبيكة ذهب، وتتأكد إنها مش مغشوشة؟ خطوات عملية من المحل
5ACHx2ISr14 كيف نشتري أسهم أرامكو، وهل الشراء فرصة جيدة؟ هنستفيد إيه؟ - المخبر الاقتصادي
5GUpV3fRmKk الحسناء التي أذلت مارك.. كيف خسر فيسبوك 50 مليار دولار في يوم واحد؟
6t7bfLLPMzI ديون من غير حساب.. لماذا قد تتخلف أمريكا عن سداد ديونها قريبًا؟
80V8iHVpoqA الصراع يشتد.. من يقف وراء تنحي \
88lef6BJQ5Q من الإفلاس للصعود.. كيف نجحت شركة \
94aEobTO6zY ليه الدولار بينخفض في مصر؟ وايه توقعات الأسعار الفترة الجاية؟
9TS90RRyrYI قوة الادخار.. كيف بنى \
9VsgVb3Ucic كيف ضاعف سهم \
9leu23CnwUw معلومات خطيرة عن أخت رئيس كوريا الشمالية! وهل مات \
ArVYGmJmExI كيف تتحكم المافيا في الاقتصاد الإيطالي؟ أسرار أخطر مافيا في العالم
Bc8MoAq4ONI كيف ستحد اتفاقية التجارة الصينية من النفوذ الأمريكي؟
C9uDrgXlUYQ أخطاء كارثية تقضي على مشروعك الصغير - المخبر الاقتصادي
Ca6_tROc0EM حرب تكسير عظام .. الآلة التي تخشى أمريكا أن تمتلكها الصين؟
D90ajZsPQME لماذا تريد فودافون الخروج من مصر؟ - المخبر الاقتصادي
EKkAT0FtkSk ما سر انتشار عمليات الولادة القيصرية رغم مخاطرها الكبيرة؟
EOZ6kaRHETk كيف تنجو من ارتفاع الأسعار وتحفظ أموالك في 7 نصائح؟
G8b0D-t_UkA خطط أمازون للسيطرة على السوق المصري.. ما هي أهداف \
GZQfMOlPU9E رعب في بريطانيا.. كيف وضعت الصين يدها على أكبر مصنع لأشباه الموصلات في بريطانيا؟
I6KH_mYsjnc مستقبل كرة القدم في خطر!.. من يقف وراء ثورة السوبر ليج؟
IG1HZLnIPl4 أسرع من الصوت.. لماذا فشلت طائرة \
IKEYa3wDapY كيف تصبح غنيا؟ نصائح إمبراطور الاستثمار الملياردير وارين بافيت
IMiC7Pxsxpk إزاي الدول العربية هتتأثر بشدة لو وقعت حرب بين أمريكا وإيران؟
IbgZAmVypDs إزاي محمد صلاح بيأثر في الاقتصاد المصري؟
JFGCg_qcnqw ليلة سقوط \
JLgl3UndrNo حرب Gamestop.. كيف تلقى أباطرة وول ستريت صفعة من صغار المستثمرين؟
JLiOmeU3s-E كيف تؤسس مشروع تجارة إلكترونية ناجح برأس مال بسيط؟
JN0E9Z6OucU لماذا تضطهد الصين مسلمي الإيغور؟ الاقتصاد يحكم - المخبر الاقتصادي
K0s7ROu_EmQ هذا ما نخشاه!.. كيف يؤثر رفع الفائدة الأمريكية على الدول العربية؟
KMLEKJPrOUc بعد الحصار الأمريكي.. العملاق الصيني \
LI01TdYVxuE لماذا تريد أمريكا تدمير شركة \
Lpim4Py-cD8 هل تستطيع الهند معاقبة الصين اقتصاديًا والثأر لجنودها؟
MW56LiMQbDk عملاق أشباه الموصلات التايواني في خطر.. لماذا تحشد الصين قواتها في مضيق تايوان؟
Md70t3FOyVQ تسريبات خطيرة من بنك عالمي يتعامل مع بعض أثرياء روسيا وطالته العقوبات الأمريكية .. ما هي أسراره؟
Mk4zOA6zXCY لماذا تخفض البنوك المركزية أسعار الفائدة؟ - المخبر الاقتصادي
NOQ-BLwJtZs بدأ بـ 30 قرشًا وأبهر اليابانيين.. قصة صعود \
ORF7B01AIwg بعد دخول قوات بوتين أوكرانيا .. لماذا قد تدفع الدول العربية ثمن الحرب الروسية الأوكرانية؟
Ok-FZ5CMbDA تُراق لأجله الدماء.. المعدن الذي تتصارع عليه أكبر شركات العالم
OunlXxEI_WM قصة المشروع الفاشل الذي أحرج الألمان أمام العالم
P53-hTNT-oA سر قوة الدوري الإنجليزي، وتأثيره الضخم على الاقتصاد البريطاني
PJZsQumxK_g انخفاض أسعار البنزين في مصر؟ - المخبر الاقتصادي
PNC94I-OH0Q الخطة السرية ل\
PkhvCHp_3XI على وشك الإفلاس.. لماذا تتخلف الشركات الصينية عن سداد ديونها؟
QdKYaMpcBQs كيف يخطط ملياردير أمازون الماكر للسيطرة على صناعة الشحن العالمية؟ - المخبر الاقتصادي
QlChv5yHrW4 دولة هي كنز لروسيا وبوتين .. ما هي ثروات أوكرانيا الهائلة؟ وما مصيرها؟
Qnh67DmRqs8 هل لبنان في طريقها للافلاس بسبب ديونها الكبيرة؟ - المخبر الاقتصادي
QvZT9VicE6c صدام وبوش ونفط العراق.. تفاصيل تنشر لأول مرة في الوطن العربي
R3ZlNP-YJZc الدولار والذهب والنفط وجنون العملات الرقمية .. ما هي أهم توقعات 2022 الاقتصادية؟
Rao1nduK_H8 لماذا تشتري النساء أحمر الشفاه بكثرة في أوقات الركود والأزمات الاقتصادية؟
Rc5WoWLYY-Q قصة نجاح شركة \
RryKYd0OaMg كيف تصبح فقيرًا في 7 خطوات؟
S95pDOn006Y الصراع الخفي.. لماذا ضمت أمريكا شركة \
SYYcQpNJTsI البحث عن فضيحة.. كيف أضاع \
SzFQ-SG2QQM لم ينجح أحد في اختراقها!.. ما سر الغرفة 39 التي يدير منها زعيم كوريا الشمالية اقتصاد بلاده؟
T-oLum9wPAo كيفية الاستثمار في البورصة والتداول في سوق الأسهم ببساطة؟
TEeTz57uOEY أكبر هجوم إلكتروني على أمريكا.. لماذا اخترق الروس الترسانة النووية الأمريكية؟
TMiJ3ui39_0 شاهد لحظة حصول المخبر الاقتصادي على درجة الدكتوراه في الاقتصاد فبراير 2021
U9CrRqanvSc ببساطة.. لماذا انهارت اسعار النفط 2020؟ ولما لا تستطيع الدول تخزينه؟ - المخبر الاقتصادي
Uy3FjG-uFyU ايكيا أو كيف تصنع 59 مليار دولار من لاشيء؟
V2HrbipCebM تجار \
VYuCC6c0ZFk اغبى اقتصاد في العالم؟ - المخبر الاقتصادي
WHJiqITI0cw فكرة عبقرية هتكسبك ملايين من تجارة العقارات
WWNZTojtW5s ليه الدينار الكويتي أغلى عملة في العالم؟
WpbZKa7R1gA Pi Network قبل عملة شبكة باي اكبرعملية نصب في العملات الرقمية وسوق البتكوين - المخبر الاقتصادي
WtTKL2lOu5g ما قصة فضيحة \
YEdLv7fmHEk كيف يخطط \
YcgYHiPwso4 السباحة عكس التيار.. لماذا تنهار الليرة التركية؟
YnTAWX_xw_E الاستثمار في العقارات هو السر.. بمبالغ بسيطة كيف كون رجال أعمال عرب ثروات بمليارات الدولارات؟
ZLL3oMLGSFY خنقوها حتى الموت.. كيف استغلت الشركات اليابانية غباء عملاق التصوير الأمريكي \
ZiIub3kxiDc عاد لينتقم.. كيف تمكن الثلاثيني الشاب من هزيمة إمبراطورية فيراري؟
Zu1tWHRFGp4 مقبرة مخصصة للعرب.. كيف تكسب الصين مليارات الدولارات من تجارة الأعضاء البشرية؟
_3yCsONKgdE مشروع عملاق.. ما هي تفاصيل التحالف الاقتصادي بين مصر والعراق والأردن؟ ولماذا تخاف منه بعض الدول؟
aB6IHkT-NzI لم يحدث منذ 14 عام.. هل يؤثر عجز أمريكا التجاري على الدولار؟
aRhaO46AXYM كيف تُباع الانتخابات الأمريكية بالمال؟
ajAONOaiXCE كيف تنهار عملات الدول؟ ولماذا تُفلس الشركات بعد سقوط العملة؟
bK252EcJm9M الكابوس الذي يهدد روسيا وبوتين!! المخبر الاقتصادي
bY5y4fe2ADI المخبر الاقتصادي 10 | لماذا لا تطبع الدول الأموال وتسدد ديونها وتصبح غنية؟
c6NWdrnyBhs تأثير تخفيض الفائدة على الدولار والأسعار في مصر - المخبر الاقتصادي
cAPAYePH8hE إفلاس شركات النفط الصخري الأمريكية.. هل نجحت خطة السعودية وروسيا؟ - المخبر الاقتصادي
clH6YBfIvy0 خسائر تجاوزت 2 مليار دولار.. كيف هُزم الاقتصاد الإسرائيلي في حربه الأخيرة على غزة؟
ctqpFWU5Qeo متى يحكم الاقتصاد الصيني العالم؟ - المخبر الاقتصادي
cwlsOWRaDp8 المليونير الصغير.. كيف تُعلم أولادك إدارة المال؟
dC08Csn3ZLA صراع العمالقة.. لماذا تتسابق الدول والشركات للوصول للقمر؟
dQdSdQ5fEFI متى تتضاعف أموالك؟ القاعدة 72 الذهبية
dmNhRVCvKtk صراع شركات الأدوية.. من يصل للقاح كورونا أولًا؟ - المخبر الاقتصادي
eWjoCYLsG7E الأزمة تتفاقم.. كيف تهدد \
eYDkGPRjI-s بشاشة وكاميرا وجويستيك.. كيف أصبحت مليونيرا؟
egFhmRE59eY ما هي \
fA9FkuWDqvY إيطاليا تواجه كارثة.. هل ينقرض الإيطاليون قريبًا؟ - المخبر الاقتصادي
g2F-5ctONa8 لماذا تتقاتل الشركات الصينية والأمريكية للهيمنة على كابلات الإنترنت البحرية في العالم؟
giMWxYE0LIU أحسن طريقة.. كيف نحافظ على قيمة أموالنا ومنخسرش؟
hBsechcWaZY كيف تقترض اليابان تريليونات الدولارات دون حساب؟
hPPQGYnPpvw إزاي نسيطر على الناس بطريقة مذهلة؟
harNWh7QuBM الدفع بعملتنا أو قطع الغاز.. هل تخضع أوروبا لبوتين وتدفع ثمن الغاز الروسي بالروبل؟
hseIelyPzgo دفعوا تمن غالي.. إزاي أمريكا خسرت تريليونات الدولارات من حربها ضد طالبان؟
i6RCN7tAwck أسس إمبراطورية بـ 48 مليار دولار.. كيف تمكن الأمريكي الفاشل من اختراع منتج يغزو العالم؟
iJH-g6havCA لماذا تريد السعودية بيع شركة أرامكو؟
ijilEEYKplM هل ستنهار أمريكا بسبب ديونها للصين؟
izQdqCu9eAU تكسب 70 ألف دولار في الدقيقة.. تعرف علي أغني عائلات العالم
j-4nEsWfPjk عقاب مؤلم.. لماذا تنتقم الصين الآن من شركات الملابس الغربية؟
k6q5Z3XF6vo الهندي الذي احتال على بنوك الإمارات وامبرطوريته امتدت لمصر، كيف تم كشف التلاعب؟ - المخبر الاقتصادي
kF4llUtWaOs مفاجأة صادمة.. القناع يزيد من الإصابة بفيروس كورونا - المخبر الاقتصادي
kJkmJHe36hg كيف تمكنت شركة تجسس إسرائيلية من أختراق هواتف أهم الشخصيات في العالم؟
ksytpolDFzY بحركة بسيطة.. كيف تسبب \
lAVFkwI8XQM لماذا تُخفي أمريكا والصين ملايين البراميل من النفط في مخازن سرية تحت الارض؟ - المخبر الاقتصادي
mWRUuhB3rkk طموحات خطيرة.. ما سر تغيير \
mpwlKtUyQr0 كابوس شركة \
mr5hh7GClXI من بيتك.. إزاي تحقق مكسب ٤ أضعاف من الاستثمار النفطي؟ - المخبر الاقتصادي
n8owIvAhpqE الاقتصاد المصري وانهيار أمريكا وتوقعات 2022.. المخبر الاقتصادي يجيب على أسئلتكم
nEKIh_WmjTg ليه لازم تشتري ذهب دلوقتي؟ توقعات الأسعار ٢٠٢٠/٢٠٢١
nGo8RxyhGkY مكاسب ضخمة.. كيف استفادت أمريكا من غزو روسيا وبوتين لأوكرانيا؟
nkBp7TQAezc بسرعة الصاروخ!.. لماذا ترتفع أسعار عملة \
nnOozeeqQ50 قصة الإدارة الفاشلة التي أغرقت المحيط بالنفط
nxm8iVe86Mw روسيا تضرب من جديد.. كيف أغلق القراصنة الروس خط أنابيب البنزين الرئيسي في أمريكا؟
o6UdTN1Hxfg ثأر قديم.. ما سر العداء التاريخي بين بيبسي وكوكاكولا؟
oZkOjjzcca0 كيف سيغير \
o_uAgKolpfk لماذا يعتبر \
obEAe4eNkFM اقتصاد المفاعلات النووية.. كيف تهيمن روسيا على صناعة النووي في العالم؟
pa5V5gocHEY هل بدأت نهاية الاقتصاد الصيني؟ ولماذا تهرب الشركات إلى الهند؟
qIvlEUHRWb4 كشف المستور.. أسرار اقتصاد كوريا الشمالية الأكثر سرية في العالم - المخبر الاقتصادي
r-hpvYy6Jvc ببساطة.. إزاي نفهم طريقة تسعير البنزين في مصر
rVnaCNT-jfU تاريخ \
rr_tDpFXk9s فخ الديون.. كيف تحتل الصين الدول الفقيرة؟
rt1NjYTOvho مأزق بكين.. لماذا لا تساعد الصين روسيا وبوتين على الوقوف أمام العقوبات الغربية؟
s5gzbxjuJs4 تعرف على الشركة التي تبيع بضائع ب ٣٨ مليار دولار في يوم واحد فقط - المخبر الاقتصادي
sS5FCpnWqQk خدعهم واختفى!.. كيف سرق شاب تركي 2 مليار دولار من متداولي العملات الرقمية؟
tWq6en6rHwY إزاي تحول ألف جنيه لـ مليون جنيه بطرق مجربة؟
tbgR-K8rv04 أكبر مالك للأراضي.. لماذا يستحوذ \
trrqWeTZprk هل ينهار الاقتصاد البريطاني بعد خروج بريطانيا من الاتحاد الأوروبي؟
u3nbvgDMoOU احتياطيات الذهب.. لماذا تتسابق البنوك المركزية على شراء كميات ضخمة من الذهب؟
ubKpOKar_3E هدد بفضح هوية مخترع البيتكوين.. هل انتحر \
v-rfXeNq9_4 ديون ب 1.5 مليار دولار.. كيف سينهار برشلونة وتحدث كارثة اقتصادية لإسبانيا بعد رحيل ميسي؟
v7raGEdcEO4 من يتحكم في الاقتصاد العالمي؟
vjVQtAAmtb8 ميركل تصف وضع ألمانيا بالمأساوي.. لماذا أصبح أكبر اقتصاد في أوروبا في خطر؟
vv9sPO2RQ6s انطلقت من شوارع القاهرة.. كيف وصلت قيمة شركة سويفل ل 1.5 مليار دولار؟
w3IViqJRRE0 بفكرة بسيطة.. كيف تحول عامل تنظيف حمامات هندي لملياردير وصاحب إمبراطورية فنادق عالمية؟
y6mk_KU3jFs ترامب والمظاهرات الأمريكية.. من سيدفع ثمن خسائر الاحتجاجات في أمريكا؟
yETKNGi2E4g هل تؤثر حملات المقاطعة على الشركات والدول؟
yohf9GBgZyw تريليونات الدولارات من العملات الرقمية.. لماذا ينبغي أن تستثمر فيها ولو بمبلغ بسيط؟
zEfNFixrQq4 ما هو الفوركس والربح من تداول العملات واسباب خسارة الفلوس؟
zyzsnnJUm38 جيف بيزوس لا يرحم.. هل تخطط أمازون لسحق نتفليكس؟
