-Ef1AzQoUdo أقوى فيديو تحفيزي عربي للعام الجديد 2019 : ضع أهدافا واقعية !!!
-kMY4wBcLvo أقوى فيديو تحفيزي للدراسة بالعربي 3: تحدى نفسك !!!
1QmIn_Ce1Ss انتهى وقت الأعذار (أقوى فيديو تحفيزي 2019)
4DHnC1KASNY أقوى تحفيز للدراسة بالعربي: هل مازال هنالك وقت؟
BQjMALxN30I أقوى تحفيز للدراسة بالعربي: توقف عن التأجيل والمماطلة!!!!
BdKWSTq1u70 فيديو تحفيزي للدراسة بالعربي (لا تتوقف ولا تستسلم!)
DgxGppJcf2I لا تستمع لهم (أقوى فيديو تحفيزي بالعربي)
E65WdvPySpI تحفيز صباحي للدراسة ٢٠١٩  Morning Motivation
JFlJ6mjEb_c أقوى فيديو تحفيزي للدراسة بالعربي ١: ابدأ الدراسة فورا!
KMvoOmTtQsw الدراسة هي أولويتك: فيديو تحفيزي للدراسة سيغيّر حياتك
L_j8wP_GUIE فيديو تحفيزي عربي للنجاح 2019 (عقلية النجاح)
PVb3s5VamFU لا تضيع وقتك (أقوى فيديو تحفيزي للدراسة بالعربية 2019)
Qepi_EBdEy0 أقوى فيديو تحفيزي للدراسة بالعربي (كيف أبدأ؟)
cRJfUPRwa0E أقوى فيديو تحفيزي عربي : (هل أنت مستعد لتحقيق أحلامك؟)
ecwDCpaMbro أقوى فيديو تحفيزي للدراسة بالعربي (هل أستطيع النجاح ؟!)
ha-IrTr6A-I أقوى فيديو تحفيزي للدراسة بالعربي 4: تخلص من الخوف والقلق !!!
iQmlU6aUZDs نصائح للدراسة والامتحانات: 11 طريقة ستتمنى لو أنك عرفتها من قبل !!!
ilNdlfEDbw0 فعلت كل شيء ولكن فشلت؟ (أقوى فيديو تحفيزي عربي 2019)
jg4MULAqjHs أقوى فيديو تحفيزي عربي (استمر مهما حصل)
k2ZhkVCjqRc أقوى فيديوهات تحفيزية للدراسة بالعربي (مجموعة)
lAn5nXgGwT8 تحمل مسؤولية نفسك (أقوى تحفيز للدراسة بالعربي)
nkxjgsp0QKI موسيقى للدراسة والتركيز 2019 (موسيقى حالمة لراحة الاعصاب, رافعة للمعنويات)
raWpMfCplWw لماذا ندرس؟ أقوى فيديو تحفيزي للدراسة بالعربي
sadbies2xhY كيف تتعلم الإنجليزي (٥ خطوات سهلة وسحرية) + أفضل تطبيقات للهاتف
u3wnSHoOcu4 أقوى فيديو تحفيزي للدراسة بالعربي 2: الناجحون ليسو أفضل منك
v8fYR7MSU5A Most powerful STUDY MOTIVATION (Translated from Arabic) Don't give up on your dream !!!!
ydD5dHZITTw خلي حلمك كبير (أفضل فيديو تحفيزي عربي 2019)
zN4i7y1I0sM أقوى فيديو تحفيزي للدراسة بالعربي ٥: كن واثقا من نفسك وقدراتك
