-KRpTDLIxmo 2019 en 365 secondes - #1secondeveryday
09UWs27w11Q REPOUSSER LES LIMITES
1YDHTVSLz20 La couche d'ozone expliqu‡∫û en 3 minutes
1aDhHHsWJv4 Ì†ΩÌ¥¨ CELLULES DENDRITIQUES & AZOTE LIQUIDE
1t7klITz5Rs La Mer Morte : L'endroit le plus bas sur terre !
22kxpxWmaPg La fusion nucl‡∫öire expliqu‡∫û en 3 minutes
29mnXyRpfDY L'astrophysique expliqu‡∫û en 3 minutes
2DxPO_xP8C0 TOP 5 DES ENDROITS LES PLUS CHAUDS DANS LE MONDE
3rjvrJKpyxI Ì†ΩÌ¥¨ IMMERSION dans un LABO de RECHERCHE en BIOLOGIE
3zTp8QDFzrM Comment parler √† un complotiste ?
5ddZ4oRRXLI Les r√™ves expliqu√©s en 3 minutes
5o4GaedJWW0 La Gueule de Bois expliqu‡∫û en 3 minutes
6BLHKefQTj8 L'incroyable Programme Spatial de la Zambie
6u8AaA50h5k Une FLAMME : C'est quoi ?
8cGZjDQE6Wg Pollution : Combien de CO2 √©met une vid√©o Youtube ?
8mr4xBo9byI FIGHT SCIENCES : Le TRIANGLE choke
9DCqgLcpMCA Comment ils ont gagn√© le prix NOBEL de physique!
9VLB9AoqYxI L'ordinateur quantique expliqu√© en 3 minutes
9VbmNPKqn90 Les trous noirs expliqu√©s en 3 minutes - Ft. @ScienceClic
9yXm-4WdADA Comment le Pendule de Foucault montre que la terre tourne - EXP√â #4
AuQJJHuMPKE Les tests PCR expliqu√©s en 3 minutes
COD7_H4BB6w TUTO - Comment d‡∫úouvrir une PLAN√àTE ?
CTT2VzD4mG0 Les Arcs-en-ciel expliqu√©s en 3 minutes.
DjyB_-quieA Le r‡∫úhauffement climatique expliqu√© en 3 minutes
G7tLAPvIpE0 O√π sont panneaux solaires ?
G9-uWYwFZtc INTELLIGENCE ARTIFICIELLE : POURRONT-ELLES DETRUIRE LE MONDE ?
HMFRHhDP69w ‚òÑÔ∏è Sur les traces des AURORES BOR‡≤öLES - EXP√â #1
IK5byS-sDR0 LA POL√âMIQUE NULLE ! (Terre plate)
IefVXoyeK4Q L'√©volution expliqu‡∫û en 3 minutes
IrLq4tk04Xw FAIRE BOUGER LES LIGNES
J8OyrGsX9U4 Comment fonctionne la 5G ?
Kp3xfv-dpsg LES GENS SONT-ILS CONS ? (La sagesse des foules)
LRAQG_Es7gE LA TERRE EST PLATE !
MAdIMlPcCR4 Comment sauver les coraux ? - EXP√â #6
MPWDkdwmXYo Les 6 articles WIKIPEDIA les plus BIZARRES !
MkAJmFsgXho UN ABRI ANTI-ATOMIQUE SOUS MON ECOLE ?
MwsIxHPBB_s Les centrales nucl‡∫öires expliqu‡∫ûs en 3 minutes.
N4ZuYCsh4sE La Th√©orie des Cordes expliqu‡∫û en 3 minutes
NJDRFJ5rbpI We look for a hiden USB stick in Lebanon.
O2W80wUoCiw Pourquoi y†Üö des roux ? expliqu√© en 3 minutes
PSEDTHmwq8o LEVURE : Comment monte un g√¢teau ?
QjMEPdmA87c Ì†æÌ¥Ø Le PARADOXE de la FIN DU MONDE !
RORs2LTOdk8 LE SECRET DU COCA-COLA !
SEbb7DiDeW0 Derri√®re le Parkour - Ft. Hit The Road
T1ULidcJck8 [TEST] PEUX-TU DEVENIR ASTRONAUTE A LA NASA ?
UNEsA_nRdLw DEVENIR UN SUPER-H√âROS ! (l'adr√©naline)
UcQ_Uv574Aw Ì†ºÌø¢THIS IS THE WORLD'S THINEST BUILDING !
VUrNzoOGz4M La t√©l√©portation quantique expliqu‡∫û en 3 minutes
WC85BTRBJh8 3 CLEFS USB CACH‡≤ûS DANS PARIS ?!
Wya_RSiwL58 Pourquoi l'H√âLIUM donne la voix AIGU√ã ?
X1HSeKJD7h4 Les ‡∫úlairs expliqu√©s en 3 minutes
XypOk7p5HPU Dead drop : ON CACHE UNE CLEF USB DANS PARIS
YCnCNM7TSqM HOW DO A RIFFLE WORKS ?
YF-o9BM6O4M Le cerveau des ados expliqu√© en 3 minutes
YMUFgxUEKzs EMBOUTEILLAGES : COMMENT ILS SE FORMENT ?
ZF4HWtMDnNs Il cherche des bact√©ries contre le cancer - LABO #2
Zw3DchTPJzI Comment se forment les volcans ? - EXP√â #5
_R22zEQFxsU La radioactivit√© expliqu‡∫û en 3 minutes
_YeMufLZ-Bk La militarisation de l'espace expliqu‡∫û en 3 minutes
_arq25_PWpQ Ì†ºÌºä La plus grande VAGUE du MONDE (feat. LouanneManShow) - EXP√â #2
_pGFsRVNcUg FIGHT SCIENCES : Les COUPS de PIED au TAEKWONDO !!
a9USh0GiCPc Les Volcans expliqu√©s en 3 minutes
aBmd5a_ZEy4 Le rapport du GIEC expliqu√© en 3 minutes
aGaqI6TIROU Tu ne sais pas dessiner la carte du monde.
aN2ILiURCuE Les tornades expliqu‡∫ûs en 3 minutes
bihEKwYIojM CE QUE VOUS NE SAVEZ PAS SUR LES TSUNAMIS
cJSQE61Fu5g Comment fonctionne un micro-onde ?
dJKe20V0Rck Une ann‡∫û √† plein temps sur Youtube.
eAsv6-mAfBE La lecture al‡∫ötoire n'existe plus.
eGgm3DZVJLA Les gauchers expliqu√©s en 3 minutes
fJTT3sJarrs LIBERLAND : Il cr‡∫û son propre pays !
fOhEfP7o4Vk DES CLEFS USB CACH‡≤ûS DANS TA VILLE ?!
fTFTFF8oLUU Le corail expliqu√© en 3 minutes
fsRSiuMRekg CAPTCHA vous fait bosser gratuitement Ì†æÌ¥ñ
gsQowxxzKVY POURQUOI PERSONNE N'A REAGI QUAND CET HOMME S'EST NOY√â √Ä VENISE ?
h4A6Qmqdqt0 F     A     Q : Les r√©ponses √† vos questions !
ilTAo9PXKQA Le sommeil expliqu√© en 3 minutes
j2Eh8mWBxTU Le point commun entre un V√âLO et un SATELLITE ?
jXbZ4mNZ72M Ì†ΩÌ¥¨ En immersion dans un labo de microscopie - LABO #1
jv_q_m9Gygc Ì†ΩÌ≤â Comment fonctionne le VACCIN contre le COVID ? (ARN-messager)
kb5e25OjmBE Comment faire du jazz ?
kcNBAk4POoQ 9 HEURES, 2 V√âLOS & 1 PIZZA
kxMwJQOgQ-c R√©ponse a Dr Nozman : la Chain Fountain expliqu‡∫û
l1ITvF1Ow-8 Les DISQUES DURS VIVANTS ! (qui se multiplient)
mcpB8YYj5rs On teste la sagesse des foules (Feat. @LouanneManShow  & @Gaspard G)
mhhQX44rWVU Le micro-onde expliqu√© en 3 minutes
nQDY2sJKx2s Pourquoi le ciel est bleu ? expliqu√© en 3 minutes
o-jS4UTv7Xs Peut-on communiquer avec les BALEINES ? (Feat. @LouanneManShow & @Gaspard G) - EXP√â #3
oHODhgdlgP4 Comment les parasites contr√¥lent des animaux ?
qAHGqVZtJ5c FAIS-TU PARTIE DES 40% ?
qrYEvyeJqOg Pourquoi les oignons font pleurer ? Expliqu√© en 3 minutes
r0Wn7omCiWY POURQUOI LES OIGNONS FONT PLEURER ?
s1WiK7kvgKo La relativit√© d'Einstein expliqu‡∫û en 3 minutes.
sjAgtWk4GDY J'ai Crack√© l'Algorithme Youtube
smlnYJXMKbo Ì†ºÌ∑±Ì†ºÌ∑ÆLe Liechtenstein : ce pays random
uMu7q9j7n_g LA VRAIE VITESSE D'UN HAND-SPINNER
ufrm5BH4Cdg Run To The Rain - Ft. Hit The Road
x9NtAI_yMgk Ì†ΩÌ±©Ì†ºÌøª‚ÄçÌ†ΩÌ∫Ä Les OBJETS invent√©s pour le SPATIAL Ì†ΩÌ∫Ä (feat. Galactic Chlo√© Show)
yCLVp31eOsU Dites adieu au glacier (Feat. @LouanneManShow & @Gaspard G) - EXP√â #7
ysxjmHgO5WQ [LA SOLUTION] PEUX-TU DEVENIR ASTRONAUTE ?
