-170Jkldvkc FAQ: Les Dinosaures de France. Partie 1: La Provence
-6sKuh_MhKM C'est quoi ces membranes ?
-U1L8H79Zko Météorite ou volcanisme: crise K-Pg, le mystère enfin résolu ?
-iWTCfWzfOo Quel est le dinosaure le plus féroce ? - Cliché or not Cliché #4
04jTuCqZQ5Q Fossile vivant Vs Esp panchronique - Cliché or not Cliché #1
0CbZBmtTAxk Paléomammalogie #2 Perissodactyla et Cetartiodactyla
0NU7_m9FgDI Le Spinosaurus aquatique en PLS ?!
0RBCk2GW838 Carnet de Vacances
1EiUmzViHRQ Les Requins, des fossiles vivants ?
1IuZTH2UUKI L'origine de la Vie
1KPmvziJ5U0 Evolution Vs. God ! Dປunkage et Pénitence #13
1os-OVPapdI Ancêtre ou pas ancêtre ? - Cliché or not Cliché #2
1uzm40jpeLU Vous n'avez (peut être) pas compris Jurassic Park !
1vxgoWH63fM Le fossile vivant
25o-2g_FFm8 A quoi servent les fenêtres temporales ?
27wHOeXt328 Sur la Terre des Dinosaures ! Dປunkage et Penitence #7
2CBJhJH8Xfs Embryon de dinosaure, reptile marin gບnt et terrible loup
2FhR0PCxZSw Classification, poules et Rock n' Roll !
2GF5h8jQ_OI Tyrannosaurus rex Vs Topman: la révélation finale !
2c4ZFhXHqPg La symbiose
2lcTqMbF9ag L'évolution en contrepèterie
376Gpk60Xm0 FAQ: Lucy est-elle un babouin ?
3Rvnvy7qXtc FAQ : La critique POSITIVE de Jurassic World par des paléontologues
4_R9INc2WJc Une dຜouverte d'homininés en temps rພl
5E5Deut3kdA Non, on ne vient pas tous d'Afrique! Dປunkage et Pénitence #8
5J3G0i0D6Eg Paléonews 2- Un T. rex qui voit rouge, des rayons-X et des tortues
5U60dvILnGM Let's play anatomique avec des aliens !
5gzN82YJoBM Species named after US presidents (les esps nommພs en l'honneur de présidents des USA)
5jLywLGDO-s COVID-19 ? Merci Nບndertal !
5qMXUAO48Lw Le Gaz de Schiste
6IBgaCL_r4o Les esps intermຝiaires existent !
6Ufea3iR3Yo Vrai oiseau ou modèle 3D ? Les astuces pour les différencier ! - Miss Plume
6jqCWpheH6A FAQ : l'Homme a fini son évolution ?
6p4QbmsC8S4 Les extinctions de masse (effet papillon et théorie du chaos)
7IXeBeDv34A Paleonews 10: THRINAKS et chiot sibérien
8WWyquTqJpA Les chevaux, origine et évolution
8q-rHwfp6WM Les dinosaures
91HT7vcb4Pg Dinos à plumes : Jurassic World vs Transformers 4
94ZYuTPwz5c 6 dຜouvertes qui invalideraient la théorie de l'évolution
9LvVVsBdQ_k Paleonews 6- Dino dans l'ambre, Venin préhistorique et Lascaux
A-yjDVNcOwc Paléontologie des vertປrés #4 Sauropsida (ou Reptilia)
AONFSKBDigc Le mystère du Giant Hyrax
B3kOIKkyTnk Les tortues, origine et évolution
B5Fa3jST-jQ Paléomammalogie #8 Synapsida
BNe5x4INH1g Fichez la paix à Darwin !
BdKHEMkK0PU Critique: Premier Homme (2017)
CitkvMFp0Pk Faux raccord anatomique 2
D4ffE9yePKQ FAQ : L'Homme descend du singe ?
DT9gooYClZw Elon Musk, des milliards de T. rex et les vegans le détestent
DlRa6vbD410 Paléonews 5- Fossiles martiens, paléomolຜules et culture nບndertalienne
DpBli92rgDA Tyrannosaurus rex ne court pas dans cette scène
DpDhzuInvp8 Mangeoires, mode d'emploi - Miss Plume
DuysqfiucfQ Un jour... Un fossile: jour 3, Giraffatitan
E9d89Dswzrg Paléomammalogie #4 Carnivora et Micro-mammifères
ET5HRx5VYMQ Les Calaos, champions du #confinement - Miss Plume
Edwu0wgbU6Y L'Europe, berceau de l'Humanité ?
EyOW8Uai1qM Chaînon manquant ou intermຝiaire structural - Cliché or not Cliché #3
FR2Mg8mnlTc Top 5 des parties de votre corps qui datent du fond des âges !
Fr-7sdliClA Paléonews flash 1- La taille du Mégalodon et la morsure du T.rex
G1k97aHcUFU A quoi sert la paléontologie ?
GlF7yUilXiM Pourquoi meurt on ? Les raisons darwiniennes de la mort
GmOnL6avYUY Jurassic Park, un film anti scientifique ?
Gq5rWlefZSI Les noms d'esps inspirés par Star Wars
HWUIqvkNSoM L'anatomie pour les nuls dans les églises
H_WalNxh6i0 La Curiosité de l'Auriole
HlXWYOGnSuU L'Anthropocène, c'est quoi ?
Hu6V3TWrwSc Conservation Compassionnelle : doit-on laisser faire la Nature ? - Miss Plume
HyTyjf-tvIA Homo naledi enterrait ses petits morts ?
IleIDJE3Xsk Le dilophosaure est-il un mâle ?
JHuX_kYCDYo Evolution du cerveau et de l'intelligence chez les Hominini
JawzJxw-Gqw Origine(s) de l'endothermie chez les ancêtres des mammifères
JcgDyJOeXu8 Le paradoxe du chaînon manquant
JhY2L1ndxbs Science en Terre du Milieu
Jia5wR2BYrY C'est quoi ce charabia ?
JlzMPlfcKYk A t'on dຜouvert de l'ADN de dinosaure ?
K-vW0ASVjTE L'imposture de Piltdown dປunkພ
KV_PNvNSnOU Faut-il nourrir les oiseaux sauvages ? - Miss Plume
L9SUVLkXhvM Les (vrais) animaux mangeurs d'Homme
LawU5SV9YH4 L'ambre est faux
LwVuL_d9Wkk L'évolution humaine, comme j'aurais voulu qu'on me l'explique
MMkQ3qy0l9E Paleonews 8- Trilobites sociaux et congrès de la SVP
MQ4ybYmudXA La tenue de Grant, un cliché ?
MSofjYoseL8 Les esps primitives
MUdGMbk-t8U Paléomammalogie #7 Amérique du Sud
MapGEG0H7tU Paléontologie des vertປrés #2 Actinopterygii et Sarcopterygii
NR4Im2C3Lmg Documentaires sur les dinosaures: mes recommandations
NTQ6k4tASHE Comment Alan Grant sait-il tout ๺ ?
NpWBv3hhtjE Fouilles aux Schistes de Burgess et ຜlipse solaire
O8Bn6whxU-M Les mammifères qui ont survຜu après les dinosaures
OOhBkXEpFKQ De Smilodon au chat de salon, l'évolution des félins
OoYdU959lwU Un lent dຜlin pour les dinosaures ?
OpYRd5A5D_E Paléonews 3- Homo, Lucy, Angeac et le plus vieux fossile du monde
OrYQRIiWATY TP d'évolution humaine
P2OxA7-UOcs Paléontologie des vertປrés #3  𠆊mphibiens’ et Amniotes
PPzsW65DWDI le Délatosaure
PgQkbq0OB34 Max Bird - le Triceratops n'a jamais existé ?
QFe5U2SB2N0 Dຜouverte d'un mystérieux oeuf gບnt du Crétacé à coquille molle
QI8fNEFzOQY Les Siréniens
Qm4mphVubUc Jurassic Park, la critique scientifique
R5ZX3bqs96E Le Dernier Jour des Dinosaures
R8AJo5G-7Xk Paléontologie #2 Invertປrés
RL_BJ_1Xp9g L'évolution au quotidien
RQ49QBX8XYI Jurassic Park 3, un film visionnaire !
RSL6kafh0hU Jurassic Fight Club - Critique
SBhRcNh5hEE Mes recherches, la météorite qui a tué les dinosaures et Homo sapiens en Asie
SKKsQarrUZo Paléomammalogie #3 Paenungulata
TqCiNdk91MA L'anatomie pour les nuls et les végétariens
UtSZJOSI2fk FAQ: Little Foot, Australopithecus prometheus
V-xG0sMbIgM Les fossiles
V10JGJRCZcE L'anatomie pour les nuls avec des crânes mystérieux
V2LCPOBSKQc Non, les canards ne nourrissent pas les poissons - Miss Plume
VG7cbK2tHoo Comment dater un fossile ?
VPEScRY5-Os Paléomammalogie #1 Phylogénie et mammifères mésozoiques
Vdh4ya83_ZQ Le Marsupilami
ViVBk3wBopU Nessie et autres monstres
WA4mjW4OevU Ours des cavernes, Coelacanthe, Megalodon, Archaoepteryx et ptérosaures à plumes
WW__dmoIrVw Le dessein intelligent (intelligent design)
XI5SnAjcWg4 Paléomammalogie #6 Hominini, l'évolution humaine
XIJ1hzD82qo Paléonews 11: plus fort que Nanotyrannus, une révolution !
Xij1xVhP3rQ Paleonews flash 3-  La bipຝie a t'elle prຜຝé l'Homme ?
YZPtwT5EtAg Paleonews 4- le mystère de Piltdown, anthropocène et extinction
ZbAQC4eQ_ng Les coulisses secrètes du Royal Tyrrell Museum
ZfT94Z6RFdk L'origine de la vie  - Cliché or not Cliché #8
ZkwRycTl8cc Biostratigraphie du Karoo (partie 2)
_82GUPVdB1g la Glande Pinບle ou \
_MewzSO2AMg L'anatomie pour les nuls avec des Aliens
_mSR6vElCBQ Mokele Mbembe, 5 raisons de ne pas y croire
aSJOuur0gxE Paléonews flash 2- Un nouveau berceau de l'humanité au sud de l'Afrique ?
adqjnkZQgCs Des plumes dans Jurassic World 3, l'Homme Dragon et un nouvel Homo en Israel
bm8A8MWDm8E FAQ: Les spinosaures
bwlOEMT4KjM Les dinosaures n'ont jamais existé ! Debunkage et pénitence
ciorqnqMjTE Une dຜouverte qui boulverse l'histoire de la lignພ humaine... Encore ?!?
cl0M-iZ1DL0 Paléonews 9-  Des dinosaures à l'autre bout de la galaxie
dAtzXSkNzmk La complexité n'existe pas
dBWY1qauKn8 Les raptors ne chassaient pas en meute !
dBvpx35oUDM Saurischia Vs Ornithoscelida: la controverse
eS2W8XsH1Hg FAQ: Tyrannosaurus rex
fLn4v0766wQ Survivre à l'extinction
fMLhcHFJNmc Les tortues, dinosaures ou pas ?
g-iyguoPm_U Les dinosaures avaient-ils des lèvres ?
gEq04qJfwYg Paleonews 7- Du nouveau chez les homininés et autres
gJPJ3AlLs8w Toumai etait-il un gorille ?
gKF2zpx_Bso Les manchots (et pas les pingouins)
gSZe6fS9_v0 L'Homme n'évolue plus - Cliché or not Cliché #6
giwLHr-Gzn4 Top 6 des utilisations de fossiles les plus WTF !!!
h4TtrRtiY7M Le bêtisier de l'évolution : les Epic Fails de la Nature !
hX5BT5X-8mg Les Extra-terrestres
h_C4EKI17Gs Cloaque et illes de dinosaures
hgZl1-mdrcA Des plumes chez les Dinosaures - Miss Plume
hq47b4ttXj8 Sahelanthropus et le propre de l'Homme
i5QAayO2hq8 Spinosaurus va au Brésil, mais danse t'il la samba ?
iJRPYKZJ2bY Ces oiseaux qui vous mettent le feu ! - Miss Plume
iMuG41ySCO8 La course de l'évolution
ioF3NkDcrDc Théorie du Singe Aquatique, partie 1 : dປunk
isrTt-3Njx4 Le chaînon manquant
ivPoiEgKj_s Une nouvelle esp humaine : Homo luzonensis
j1hM5hUs6vc FAQ: L'origine africaine de la modernité culturelle
j6WucEaV0Es Critique: l'Europe, le berceau de l'Humanité ? (2020)
j8lZ8AlyPpo Paléontologie #1 Introduction générale
jZz27_pQzPc L'évolution des chats
jdrEc9o4ZzI Les noms d'esps inspirés par Tolkien- Species named after Tolkien and Lord of the Rings
juEi_D4qSP0 Paléonews 1-des poils, des dinosaures et des pokémons
jwHErsq15Ko Un point de vue africain sur l'évolution des cétacés
k5zqMwKSGjI La vérité cachພ sur le plus petit dinosaure du monde
kwVwGsB4gsY Paléontologie des vertປrés #5 Archosauria
l29yGTJAWdY L'évolution n'est pas scientifique ! Dປunkage et Pénitence #9
lAAHuN4Q9Xs Dragons et Dinosaures
lIV3vl6bAno Tout sur Spinosaurus aegyptiacus
ltRUm0gd-oI Faux-raccord anatomique 1
mEYeiJq3MQs Kékຟé la Bestiole : Une jolie traine de feuilles - Miss Plume
mVi-1D27a9Y Quetzalcoatlus, Elasmotherium sans corne et Dimetrodon à sang chaud
nMkFQe6fmhk Et si une autre esp était devenue intelligente ?
nTORIBak5yI FAQ: les dinosaures de France, partie 2, Ronan Allain
nsgTKhWiMF4 Des plumes et des couleurs - Miss Plume
nxUqS5pFx-Y Homo sapiens neanderthalensis ou Homo neanderthalensis ?
p1TcHepqLls Les siréniens et la macro-évolution
pc5hzCsD1E8 Quel était le plus gros dinosaure?
pziWN-nuvcQ Ils ont étudié un vrai embryon de dinosaure !
qBbyyQpMoA0 Biostratigraphie du Karoo (partie 1)
r67U1yzJy3M Les fossiles vivants pour les nuls et les crບtionnistes
s87IOjhzfmo Top 5 des fossiles les plus extraordinaires
sFW1DD4YpEM Kékຟé la Bestiole : L'aigrette parapluie - Miss Plume
sa_Ys2g-nHc 5 mythes à propos de Lucy
tB6el-oc7iM Combat de T. rex et empreintes magnifiques !
tCRcEssibQo Jurassic World 2: Fallen Kingdom ! Dປunkage et Pénitence #4
tIDssZDcsqo Paléonews- Spຜiale Japon
tOyUzLv-Idw Lady Sapiens (documentaire): critique
tV7huPy0i6Q Kékຟé la Bestiole : Danse, Sittelle, Danse ! - Miss Plume
tWWce0_J1n4 Answers in Genesis ! Dປunkage et Pénitence #6
td0eeOcna3U Les quenelles
tgpV8fKwpS0 Paléontologie des vertປrés # 1  Agnatha et Chondrichthyes
uCLS32DK7fc Le rຜhauffement climatique
uRL3SgNEiyI FAQ : Le Point sur Homo naledi
uxW9D1d3uz8 Le Carbone 14
v01wQf-BRXg Sur quoi ils montent dans cette scène ?
vUdZRxQ5rns Homo naledi, l'annonce officielle de la dຜouverte
vbFSYVwzJSE Paléomammalogie #5 Primates
vhTolHRKpuM Preuves de l'existence des gບnts ! Debunkage et penitence #2
w5iAVQQke40 Islam et Darwinisme ! Dປunkage et Pénitence #11
w6A3J5o_qQM Kékຟé la Bestiole : Me touche pas ! - Miss Plume
wJbrv0FA-c4 Pourquoi les théropodes ne chassaient pas en meute ? #debunk
wTo4McWzUzc Evolution du cerveau et de l'intelligence
wdPYBxt-WZE Un fossile vivant qui prouve l'évolution
wshNaNcJ6GE L'Arche de Noé retrouvພ ! Dປunkage et Pénitence #10
wsmKhuojiIU Les dinosaures ont-ils inspiré les dragons ?
wvP_goZqvAc Les chats, leur histoire et leur origine
x2LZvEbIW-k C'est l'histoire d'un mème...
x2tLsyAcvaU Les paresseux, origine et évolution
xPP-v4D8-Sk Preuve du déluge de Noé ! Dປunkage et Pénitence #12
xXEZXBHLOuw Le Nombre D’or et Alan Turing
y0m7OgiqrnA DIY comment pèse t'on un tyrannosaure ?
yOVz9pj01d4 Les dinosaures, comme j𠆚urais voulu qu’on me l𠆞xplique
ysnrJuP-2B0 Un jour... Un fossile: jour 8, le premier australopithèque dຜouvert
zA41HfHVBXg Trailer Reaction: Camp Cretaceous
zM-o9d9FnzY L'évolution de l'Homme (en musique!)
zXVQVl-Qq40 Histoire des paléosciences en Afrique
zlbBAKQuX3k Un dinosaure intelligent ! Dປunkage et Pénitence #5
