-6YggOqkZJw Obligé de remporter cette RARETÉ aux ENCHÈRES (un casse-tête très rare)
-CNvMYLSGCI How to revise at the last minute !!!
-N9r41mfmjg Quelques secrets sur Apple
-Yk0gpZHITw Je mentalise une magicienne
-eVANCWLuW0 Comment j'ai fait craquer un recruteur - True Story
-sOkvUXAhUs Le véritable sens des jeux de cartes
-vGXLf9melg Discours Corona : Je dຜrypte la gestuelle d'Emmanuel Macron - Analyse  #13
-xEyxxPGA80 I've got my period!
0-nzzbSMDqI LE MEPRIS - Micro-Expression #6
0A7A4fbpIIM Tombale pas trop vite, le test des psychopathes - ENIGMES DE L'ETE
0K49uGtEXv4 Explication d'un tour mentalisme avec des dés
0a7iemK7GiA Find your Mac lost in a train.. I succeeded ! - 105/366
0htb3gMQp04 ANALYSE D'UNE PARTIE DE LOUP GAROU
0sLnaQfd9M8 Forget School, here is how to become an intelligent rebel.
0vv63qY4MC4 Je mentalise une abonnພ sur Skype ! #3
0wMFThKBwC0 3 expériences sur les changements du cerveau - MG#3.5
152SVEhs7zo Il faut sauver Willy (c'est la bille !)
1MGYoyptLsw On m'a créé un Casse-Tête personnalisé inຝit !
1agPXXu5RzQ La vraie signification des logos de 7 marques
1b9kiAWkTR8 Comment se concentrer en 2mns
1jwkryWUDgA Du Mentalisme avec Karim Duval
1mepmAxqwHM On analyse des TOURS de MAGIE RATÉS avec Amixem
1r-f-SB2JaQ Analysez moi pour trouver mes mensonges !
1wOetm3mcKQ 2 techniques de mentalisme lors d'une rencontre
1xPxpOEJzRU Comment avoir des idພs !
21QsKmFwI9c The 3 unknown brain problems
22ZNydy_V-Y Mentalisme et tatouage
23lVZLfBVmU Résoudre le SECRET de la Z-Box !
27ghrNF_LIY Testez votre cerveau !
285kezs8AD8 WHY DO THEY BECOME SERIAL KILLERS? (With the story of Ted Bundy)
2LaTogvGJvw The worst nobel awards !
2LouJGSYC-o Carré magique et mentalisme
2YB1aLLSrhA Tour de prຝiction magie/mentalisme fait maison
2eqc4TCUtU8 Comment imiter un chanteur ou un politique ?
2gxRVRrGY8c L'antiguide de la MANIPULATION
2sZqx1pSKzo Dans le cerveau #5... des L.E.J
2wqCCoGgT7g QUE DISENT LES SCIENTIFIQUES DU MENTALISME ?
385EgycIJCk CE JOUR OÙ UN SPECTATEUR AVAIT TROP BU... Les moments bonus du spectacle #2
3R7nMlyFQ5w Le sosie de Sylvain Durif
3_Cl6gL1r-s COMMENT AMÉLIORER SON SOMMEIL ?
3fOn0igD-QU Un déménagement IMPOSSIBLE ! Mais genre impossible...
3g9gSJIvWG0 Des extra-terrestres intelligents arrivent-ils sur terre ?
3gvi7IaqBAc 2 ASTUCES POUR MULTIPLIER N'IMPORTE QUEL NOMBRE MENTALEMENT ET FACILEMENT
41qo589ZVa8 Cluedo interactif en vidéo - Vidéo interactive 3 - Fabien Olicard
4HWZ7fyzp0o Exercice de mentalisme interactif
4XU9BjyAVbQ Ces inventions ont été faites... par hasard ! (6 exemples de sérendipité)
4Y7zd3Aa30Q Résoudre un Rubik's Cube en 2mns #ETAPE5
4nDeedGwzX8 Les secrets de la boîte à Pistons ! (51ème casse tête de la chaine)
4oF3IrI-MYs Test interactif en ligne sur le mentalisme - Vidéo interactive 2 - Fabien Olicard
4r8Jc6sGGJw Analysis of the 3 most legendary brains (Einstein, The Missing Brain and O'brien)
52PlYa1441w 3 Nouveaux CASSE-TÊTES
58C-RXAHRto L'importance du contexte en mémoire - Vlogmas 9
5Ar579KJ4EU Comment retenir une date en Histoire !
5FmdBD5oz5w How to boost your creativity
5cY99zkU_-o Analyse non verbale du Duel Eric Zemmour Vs Yann Moix - Analyse #14
5qWVhc-EbSQ 5 MENTALISTES CONFRONTENT LEURS PENSEES ! Viktor Vincent, Luc Langevin, Clément Freze Rémi Larrousse
5wU1_p1DQp8 Picasso, Einstein et le Chauffeur : 3 légendes urbaines
60sO8tXxEIo How was created this new instrument : the Dualo
6K34mMhvZTI Les astuces pour tenter de gagner au Loto et aux jeux de hasard
6KgCKtep3NA Résoudre un Rubik's Cube en 2mns #ETAPE6
6e7XPVH9xJA NOUVEAU : LA PARTITION MENTALE
6nHs06hJkTw Comment Gagner au Time's Up !
6tVHjQi2FvM How do they walk on embers? (Resisting pain)
6umiGWuo7gE LA PEUR - Micro-Expression #5
7GHKtyD17Gw NOUVEAU palais mental + le jeu des assassins - Vlogmas 7
7GKGs9UBHhI Comment sans cerveau, ou presque, des personnes ont pu vivre ?
7Sdff9fkqvg Dຟis de chifoumi version Pro ! (FT. Doc Seven)
7cu_uzgBuuM 13 Astuces Psychologiques de la Vie Courante
7gWQQyh_DGY 6 stylish experiments made on the brain #3
7guArwhugs4 Tour de mentalisme pour trouver un objet avec un pendule
7uC2A5b99TI Mon avis sur Bernard Werber
7vz_d62Jxow Comment être encore plus crບtif ?
7xzo-UgfO70 Les accords toltèques et le mentalisme
8VHj7BqRitM Comment forcer mentalement un nombre ?
8ViUkbVws5Q COMMENT IMITER LES BOGDANOV ET D'AUTRES VOIX - FEAT SUPERFLAME
8ah1dpZ49eM Un mentaliste et un producteur - expérience mentale
8jwTDyVBwag Comment retenir efficacement ! Astuce mémoire
8kV6Ra-hHQo Et si vous ne posiez qu'une seule question à Bernard Werber ? - Vlogmas 8
8q-x9LYyqWs Histoire vraie du soldat qui aurait mieux fait de se rendre - ft.  @Louis-San  - CC10
8sPNV6wqYTg J'analyse 10 mensonges à la radio - Analyse #20
8sc5eUvNR-o Les origines de Sherlock Holmes
8uzI-usR46E CLUEDO GEANT DANS LA VRAIE VIE avec Amixem, Pierre Croce, Emy Ltr et Doc Seven
91OQ53r14qg BOÎTE SECRÈTE À DOUBLE DಜLENCHEUR
977DeYYHn78 6 TERRIFYING beasts that really EXISTED in France
98E2LZzfHyk Les relations autrement avec L'Analyse transactionnelle
9ILhcYNr948 ANALYSE D'UNE CONVERSATION OÙ L'ON MANIPULE L'AUTRE PERSONNE
9WFNEO4I3P4 LE JOUR OÚ LES DOUANIERS M'ONT TOUT VOLÉ - TRUE STORY
9YPjvAOwnfs Résoudre un cadenas de niveau 10 !
9YncZkQjK3g D'où viennent ces cartes qui prຝisent parfois la mort ?
9bIBwi2ZfIM Mentalisme sur Michael Hirsch avec un Scrabble
9dZNfc5VmU0 Comment apprendre ses cours et ses examens - Mémoire
9hd2zt7Kghs Calculer Mentalement une Racine 5ème
9kvD0QWkYe8 Comment je suis devenu Mentaliste - True Story
9lYPzvF7LGA A quoi sert la publicité ?
9lpf-arf71s Quels films se cachent dans ces émoticônes ? - Vlogmas 14
9rwk-mFl_-w Le casse-tête le plus dangereux (et le plus gros...)
9txis28fqr4 Ma F.A.Q en ALPHA-Q - Ft. Carine Erseng et Barange -
9wAW3oZbelw LA CITÉ DES TÉNಋRES à Hong-Kong - ft. @Les Revues du Monde  - Cabinet Curiouz 7
9xQ9lvOFIX4 How to remember your dreams upon awakening
9zs_uCyZBuM Why is doctor House named like this ?
AA61sA17aDE J𠆚i reçu une ÉNORME boîte mystère d’un abonné !
AKulAbYuErU Comment faire une hypnose simple
AXxQpXeHDZE Conseils de magiciens avec ArmandTv
AYet_ytGHlQ Je me suis fait passer pour un voyant (et ๺ a plus que fonctionné !)
AZGMc1UAVd0 6 ados qui font des choses folles (mais vraiment ils m'ont bluffé)
AsrQqWEyIlE Quel livre cél຋re a été ຜrit pour plaire à une fille ?
Aw0i5-cJGow Je mentalise en jouant avec les chiffres
BRU4eP9Xbl4 Explication d'un tour mentalisme de petits papiers
BZodPcTi5Vs 3 Jeux rapides et marrants ! - Vlogmas 19
BaF-H9aTdbc LOLA DUBINI EST-ELLE MENTALISTE ?
BdOPO0rd2dk UNE BOITE A OUVERTURE SECRETE TRES COMPLIQUEE
Be-xv19COV8 Le Magicien François Martinez
BgVVPCpHfak 10 NOUVELLES ILLUSIONS D'OPTIQUES AVEC FAROD
BgdCAkUBBW4 Je mentalise un abonné sur Skype ! #4
Bl4-vsmVpU8 Magic Trick REVEALED Lighter Disappear - 101/366
BnKen9PUbvc Ce Youtubeur est riche ! - ENIGMES DE L'ETE
BxQcUU9bbuo Le pire labyrinthe pour ouvrir cette boite !
C2gM6PxgEQw 5 manières d'être dans l'instant présent
C4MW_wuXAyo Le secret de l'escargot - ENIGMES DE L'ETE
C7VItME62x0 Je trouve un numéro de carte bleue en direct dans TPMP - Analyse #19
CE4XD9ke8wY La calendrier perpétuel avec Amixem
CEyGScW-Tww L'Art de la guerre de Sun Tzu
CIzhl57QI4w Let's talk about our (biggest) failures - Feat a lot of people -
CRUP8mbtFmE Quelques secrets de Retour Vers Le Futur...
CTe1rSjlAKs The impact of caresses on the brain!
CTzVzh06jjU UNE EXPERIENCE D'ASTROLOGIE ?
CYmUzc-m90Y Vos Pires Prຝictions pour 2019
Chl_N9bemVE Explication d'une rພlle technique de mentalisme pour deviner un prénom
Cp__wcNsPFM Qui est le premier ? - ENIGMES DE L'ETE
CxXyhW0gQHw Que dire du putaclic et des placements de produits sur YouTube ?
D3nvJ9qV2e0 I HAVE HACKED THE BLUE CARD OF EMY LTR
D9o3Ay75JHg Tour de magie interactif
DBwE5l6oOZw I UNLOCK A SKILL IN YOUR BRAIN ! Feat Poisson Fຜond
DISPm3H50Uk Excalibur, le casse tête le plus complexe ! #1
DNg_I6WF8NY Apprendre les kanji japonais
DWVbQjoKMts On se prend la tête avec Lo໼ - Duel de casse-têtes
DemKFu75Iqw Résoudre l'étoile du temps (étoile et serpent)
DjEmbGERfyA Le Mentalisme sur scène c'est ennuyeux ?
DjITJRkgqQU Le meilleur jeu solo en mode Escape Game - Vlogmas 3
DkR8dGeInXw La mystérieuse voiture - ENIGMES DE L'ETE
Dn8qWjh7Pd4 Divinations de signes astrologiques en Mentalisme
E-1MfAFeCvE La grande question de Dieu et du Diable - ENIGMES DE L'ETE
EC8H0GTGhHc Je mentalise un commercial
EL-wXEnfsds Comment travailler sa mémoire pour ne plus oublier
EQ9DRpdjgJQ La télévision s'invite chez moi pour parler de mentalisme et de mémoire
ESlWQwrF2HM 3 people turned into geniuses... by accident! (And how to do like them...)
EYJfygKajHM J'apprends le mentalisme à Nicolas Meyrieux
Ebj8OgFyTFI Comment savoir si on nous ment #2
EgxT1dpP1jA Dans ma vie pendant un mois
ElYPpyeNfYc Comment ne plus s'angoisser avec l'auto-ancrage et la PNL
EvZJ-UfpplM Je fais un casse-tête à 4444€ ! (Il n'en existe que 44 au monde)
F4N15Vr-D8A JE VOUS DEBLOQUE UNE COMPETENCE DANS LE CERVEAU #2 ! Le morse
FBgUyelhnow 3 énigmes de logique pour les génies !
FOPVyITw9r0 Cet endroit où le temps n'existe pas ! (Votre temps est infini ?...)
FPJZln2yX7U UN CASSE-TÊTE A UN MILLION D'EUROS !
FPUcpR_AZxM 3 ASTUCES POUR QUE VOTRE CERVEAU PARLE MIEUX (Yes it is possible Bryan)
FhSK99N1rds La Smiley Box Casse-Tête (qui rigole quand tu galères)
G0rGnxpaRjM Koh Lanta des mental vlog - ENIGMES DE L'ETE
G15ZqcceFsM Résoudre un Rubik's Cube en 2mns #ETAPE2
G6dIpzpCGQ8 Analyse du professeur RAOULT par un mentaliste - Analyse #16
G8isovalZM8 Du mentalisme sur ma première abonnພ
G9DGLMytwsM Ce que l'on ferait si on pouvait lire les pensພs
GBUZNHUcnzQ J'ai menti aux m󩷬ins sur mes yeux -True Story -
GJx8ikgv3t8 OUVRIR UNE SERRURE SANS LA CLE AVEC JOJOL - LOCK PICKING
GK3wAS0viMI LA COLERE ! Micro-Expression #1
GMQe_XTQ8sI J'AI PIRATÉ NRJ AVEC MICODE
GPcsMa37gP8 Confrontation d'avis à propos de ma chaîne de mentalisme
GRE-wrKZXg4 Le jour où j'ai sombré dans la folie... (Casse-tête difficulté 10/10)
GSNyHtQewSg How to force the choice of an object
GUhLzcxFpwA L’IDENTITÉ SECRÈTE DE JACK L’ÉVENTREUR RÉVÉLಞ ?
GVDGZOk5SSs Trouvez la solution et criez eurêka ! - ENIGMES DE L'ETE
G_U3DKbdbpA Conduite à l'aveugle - ENIGMES DE L'ETE
Gm1ITmM-zHQ Le dຟi du génie - ENIGMES DE L'ETE
Gp1WuwxR7xQ 17H pour résoudre ce casse-tête...
GrBGQ8tOv_g 7 techniques de manipulations expliquພs - Mentalisme
Gz9O2kiCg7k 3 crazy (but true) stories about Intuition (including a cat that predicts deaths)
H4UPtiZ5rv0 Que va devenir cette chaîne de Mentalisme ?
H5vrSeeYRq0 Un véritable casse-tête en TANZANIE
H9ErnM1MnDc Comment gérer son Stress ou le Trac ?
HBPDyHsKdB8 Le légendaire for๺ge psychologique en Mentalisme
HInaDcbkoIg Je fais un casse-tête à 3000€ !
HS4vtffpJOQ Where to go when you won the lottery ? - trick of mentalisme - 120/366
HXZ3b1tZ0oY 1 + 1 = 1 - ENIGMES DE L'ETE
H_p_xLnFmck Pierre-Jean fait-il VRAIMENT des poissons d'Avril ? - Analyse #21
HdCPQk0jj3k J'ai pas vu Game of Thrones - Vlogmas 21
HeMu4tY9T84 Iinfluence sur une pi - Explication Mentalisme
HeoA_WZXzrA Est-il immortel ou est-ce logique ? - ENIGMES DE L'ETE
Hff3IsevyW8 Ecrire un livre gr à la DeadLine - Nanowrimo
HpJeBNfBRYU Comment sortir de sa zone de confort ?
HriwaJ5aimQ On repart sur un casse-tête exponentiel ? (la dernière fois j'avais mis 17h)
HwPDy_UeKGI Trouver le code d'un téléphone - Mentalisme
I2mAJv_6Xps RÊVE COLLECTIF  - Feat Doc7, Margaux, Max Bird, Vérino, Céline H - S1#ep5
I3EjLnmLYmQ Comment analyser le duel Zemmour VS Mélenchon ?  - Analyse #23
I95b6BWrD7I How to motivate yourself in the morning
IC4ANBT22wY Who will manage to pass this test of attention ?
IbnuPFXdMqg DORMIR C'EST DANGEREUX ? (Rêves lucides, Paralysie du sommeil, Tueur Somnambule...)
Ie-N9AmVysg LES SECRETS DE CETTE ARNAQUE
Im_6Kfrptuo Je mentalise TechNews&Tests et Akinator
IuQXfppkY2A J'ai pleuré dans les toilettes du train... - True Story #9
J4g3PBmnGYQ Handle the gossips - Life Hack
J7IEYWk_aWQ 6 astuces pour ne plus subir le démarchage téléphonique
JIOiSlUXDGQ Dans les coulisses d'un magicien
JJIZFTUVzsg Enigme à résoudre pour empຬher une explosion !
JKDTTJK2VRk How to never lose at Noughts and Crosses
JabwnSPlw2o Vlog de mon premier MeetUp pour les 100k
Ji97tc3ZJ8A The proof that CHANCE is actually ORGANIZED!
JmhJ6mMf-Sc BATTLE DE COMEDIENS - Ft Cyril SuperKonar et Céline H
JtltJF4O5ak 5 techniques de manipulation
KGRsTT8m1qg Tel père, tel fils ! - ENIGMES DE L'ETE
KH6D5MZ4Fqg Pouvoirs Psi : L'effet Mouton Chèvre
KJO3NbnqUuk Excalibur, le casse tête le plus complexe enfin résolu ! #3
KXUxvc-MNgs Comment Retenir des formules de Maths
Kn8Zn4SSP34 Elections Présidentielles 2017 : Il y avait une solution Alternative
L0l539XvETw Comment faire des rêves lucides pour les contrôler
L0lsQRcgOew A l'assaut pour résoudre la TOUR CASSE-TÊTE !
L3IHN_-meDs J'ouvre la boîte de pandore (PANDORA BOX)
L9Jb2-Rlh6Y Petits jeux pour tuer le temps - Vlogmas 23
LC9s_rahtCk Explication de tour de mentalisme sur 3 personnes
LTdmEidO8M4 Comment je vais rບgir à mes détracteurs
LURRVvw3k3Y Un an de rushs coupés ! Les images inຝites de la chaine.
LYRZC5Mp7t0 Dans le cerveau #1... de PIERRE CROCE
LYnJpp_qpyg Comment faire passer les migraines et le hoquet
LYvFrPXjmSs 4 mois de tournages et enfin voici le - Vlog 1 -
Lf3MX3yJEEo Je mentalise Romain Henry
Lhaq3Zd1BSw Le rêve prémonitoire du gardien - ENIGMES DE L'ETE
LhfEINNXAO0 Comment ouvrir 3 Casse-Têtes SHERLOCK HOLMES
LkwFj7PiF2o Le code secret à résoudre - ENIGMES DE L'ETE
M1PECTD_5K8 Une transformation de carte
MVHqk3j7roY Mentalisme et Paparazzi
MWWmQwimeCw Qu'est-ce que le mentalisme
MZpKv1SDtl0 Bilan d'une vidéo par jour pendant 6 mois
MeJasH1jHK8 Comment prendre une dຜision ?
Mewm-bf1q3o D'où vient la légende du Baromètre de Bohr
MhTl0kFGVLA ANALYSE D'UN ASTROLOGUE (On analyse ma prຜnte vidéo)
MkZ58uJ1YjY Conseils pour se lancer sur YouTube
MmhVLd27tgc Mentalisme au Sénat
N3diZiMj0vA UNE NOUVELLE FORME D'ILLUSIONS D'OPTIQUES
N7MtGG3TOoo Le cannabis du président George Washington
NAgFSpV-yMU 10 sites qui vont vous retourner le cerveau (et qui sont souvent utiles !)
NDLZHAGn9BY Des anecdotes pour faire taire les génies - Vlogmas 6
NHBqZwYis88 L'ours et le chasseur - ENIGMES DE L'ETE
NRIrL7rgEfs Réussir ses révisions et ses examens avec le Mind Map
NhjkymKv6uE I'm doing a 15 000€ brainteaser!
NtjRgtGjgj0 Le Cold Reading en Mentalisme
O7NoLqxkt3w COMMENT LE DIAMANT DE 1 MILLION A ETE VOLÉ ? (Fin)
O88owIQjgOc 5 astuces pour passer à l'oral
OICzLtH01pg Excalibur, le casse-tête le plus complexe est de retour ! #2
OTTJArhssDc Extraire une racine carrພ mentalement
OTet8VPw6d8 MG#11 Votre cerveau est (trop ?) prévisible - Avec @Ludovic B
OU3xLNvMOBo Calculer mentalement une racine cubique
ObYgJSovkH4 The real logos' meaning of 10 brands
ObsAXOW0aKc Comment voir si quelqu'un ment ?
OhNWah38Isk Une semaine d𠆚lcool dans leur cerveau ? (Feat beaucoup de gens)
OkV8N4ilUf0 Tour de mentalisme interactif et expliqué
Op5QKYbhkuk Analyse non-verbale des 8 candidats (La France face à la guerre) - Analyse #25
OtJRPY0jhqg Comment faire un bon poisson d'avril ?
OuvFl0CP0bg Je forme JOYCA au Mentalisme à la RedBox
PAFcPyyTpCw Les univers parallèles - Vlogmas 20
PIZYejXejEs Que faire sur la chaîne après les une vidéo par jour ?
PMz3eYqIhvw Where is Xavier Dupont de Ligonnès ?
PZATH7TVDng Comment mémoriser un jeu de cartes - Astuce mémoire
Pbc20r4jyMQ COVID19 : Je dຜrypte la gestuelle d'ಝouard Philippe et d'Olivier Véran  - Analyse  #15
PdnP_aM5tDY MG#10 Dປloquez des skills dans votre cerveau ! PART 2 - Avec  @Lola Dubini
PphZ1ZGsEQk CE JOUR OÙ UN SPECTATEUR M'A HUMILIÉ... Les moments bonus du spectacle.
PqVoRxPC0R0 Comment gagner des pourboires
PrNaduFPErI Astuce pour deviner un prénom pensé - Mentalisme
Q8ubhcEc1fY Test of Clairvoyance or Psychological Profile by video - Mentalism - 115/366
QEyYWKE0Jec 6 stylish things to know about IQ (Intelligence Quotient)
QLv4x4_6OWI Gagnez UN MILLION en résolvant cette énigme !
QNKoU1rFwec Le pire tour de magie
QNNwv7si4qU Apprendre le morse et d'autres codes secrets - Vlogmas 4
QOFWelXu6-o Tour de magie dans un parc
QZErvwo3Tv8 Empຬhez Big Ben d'exploser... - Vlogmas 12
QbEzyAJ-yjo Mon setup de Youtuber
QdBQUxmkLhU Apprendre 50% d'une langue en 5 minutes !
QoU7XJ-NPX4 L'HISTOIRE DU PLUS GROS CASSE DU SIECLE (100 millions d'euros)
QwN0_xiC7QE Je mentalise Aude Gogny-Goubert
R0c-yXFGVAY Résoudre 2 casse-têtes qui donnent du PLAISIR
R2aEAvcB85U Artus et les Hallucinations Collectives
R4JxAJ98jZo J'ouvre vos 7500 lettres !
R50PEa1ImEs En quoi ce génie va transformer son plat ? - Enigme -
RKjYZmLWSag Livres et formations pour devenir mentaliste
RUdzVPfZd58 Retenir 2 fois plus vite en boostant sa mémoire
RaBRhx05dN8 6 stylish experiments made on the brain #1
RtefKANDtQE Je fais un tour de magie à Céline H.
S0WbV62yxzc Taupe 10 nous révèle son tour de magie...
SMdea__2KZg 2 PARTIES EPIQUES DU JEU MENTEUR MENTEUR Feat plein de gens !
SOd2uWtilbI Comment savoir si quelqu'un ment ! #3
SR3m_YlnXXs MG#12 - L'épisode que vous n'oublierez pas - Avec @Cyrus North
SSpF4-9RgIs Un Casse-Tête (très) inattendu !
SVGf6uJ3v1I Enquête interactive en ligne - Vidéo Interactive #5
Sg5_9pd4pDI Comment la Tour Eiffel a été vendue... deux fois !
Shpk7o31GKQ How Bigflo managed to guess a stranger's name - Dorian Gray Effect
SqE9n2119o4 Je vous raconte ma pire angoisse en voiture avec Philippe Roche - True Story
Su8aur5_wc8 Comment utiliser le Cumberlandisme pour lire les pensພs (Ft. Chicco Nono)
SxjGLwS8THE Le pari de la tasse impossible à perdre - ENIGMES DE L'ETE
T-u0LvtiPPs Mentalisme et Maya
T0PKiP8hNxg LE DEGOUT ? Micro-Expression #3
T8NFJwzO9PM Je vous offre les cadeaux que j'ai présentés ce mois-ci ! - Vlogmas 24
TCOcxeytryk This girl lets go himself to mentalism in the park - 102/366
TCwYFTRPOIA Tour de mentalisme à apprendre
TRixdezHX68 La science face aux vampires ! Mini Docu
TTf4RP3EnY8 A logical experience - Mental Experience -
TVNJyeeMdF8 Le BOUBA KIKI influence votre cerveau ?
TZDBQXwZHY0 How to spot a lie ! - Mind Vlog 90/366
TbSTaQMXTG8 La boite gouvernail rend FOU à ouvrir - Casse-tête niveau 6/6
Tc7sA7WYqks Pires que les insultes basiques : Les secrets du point Godwin
TgViftqzfz8 Loft Story, the 15 years - Trick of mentalisme - 117/366
TutzLuSZtpk Comment Léonard de Vinci a inventé le futur (notre présent quoi...) avec 6 inventions ?
TzR5o6yuw44 Aussi stylé que compliqué à résoudre
U0jV7tzqFdg Tours de magie avec TAO
U6PwU033PXE PADLOCK, LE CASSE-TÊTE DE DIFF 83% !
U9bgYVDmbGk Déjà 100 vidéos, on continue ? - Point sur le dຟi de une vidéo par jour -
UIi8oSuJ8kY Je vous raconte mon premier ApéroTube
UK2lLEGOX1A How can we manipulate with words
UOZBYrqaOt8 Retenir un jeu de carte entier avec le système PAO, technique de mémoire
UQCrbWV1jw0 Je devine à quoi il pense, et vous ?
UWgrGBK1wiA J'essaie d'imiter les personnes que vous me demandez...
UZsEwhiXk-0 Rencontre avec Bernard Werber
V8XF_3gzWmo 24h dans une tournພ
V9GN6hK_u1k La tour Hanoï - Vlogmas 16
V9uh1ZKlrLQ Les accords magiques avec Lola Dubini
VJiNT1238w0 6 things you didn't know about laughter
VNXio0DqCTo Sommes-nous tous mຝium ? - Expérience Mentale -
VOjzSwi9XPs Draw my Life de Mentaliste - 1 an de vidéo -
VRGpR_Yk19E 6 things I wish I had known 10 years ago
VSepz3yvIyw Guess a password - Pierre Croce
VSxSOdGQ9qE CLUEDO GEANT DANS LA VRAIE VIE 2 avec Amixem, Pierre Croce, Emy Ltr et Doc Seven
VTpNjd7RB-Q Détecter Les Micros Expressions - Le mentalisme à la Paul Ekman
VWTegH4EQPY Comme prຝire la fin d'une partie de Domino
VdnDFzVsbkE Spectacle à Lausanne + Concours
ViUMUmttUNs Max Bird prend le contrôle de ma chaîne !
Vk2Jc86UVXU 6 génies avec des habitudes vraiment étranges...
Vu9iWDsNSSw Deviner la carte que prend un spectateur - explication
VvdO6zrEfJo 5 de mes chaines prຟérພs sur YouTube en 2016
VxmvLNA09ug Mentalisme sur un peintre
W-deXED5m-k Coulisse d'un plateau de stand up
WDc-LTcxZdE True Story - Une serveuse Ukrainienne croit qu'on l'insulte !
WNH5XVEPuq8 Programme de l'été sur la chaine de mentalisme
WdJbuo8KxKw Le mystérieux manuscrit qui sidère historiens et scientifiques - ft. Nota Bene - Cabinet Curiouz 5
Wf4Fu3VTgok LA TRISTESSE - Micro-Expression #7
WidsFVzKs1s The secrets not to procrastinate anymore ! - 104/366
Wim8ZyT6Mj4 Du mentalisme sur un comຝien
WkKKFC9reLo L'énigme la plus fragile du monde - ENIGMES DE L'ETE
X10Q-RwhjaI Je vous dປloque une compétence dans le cerveau #5 Deviner un signe astrologique !
XBOO2tzLirY Mentalisme avec Gérémy Credeville
XD88mVXZNA0 Sortirez-vous vivant de ce labyrinthe ? - ENIGMES DE L'ETE
XMdYpuTin6A After this video you'll be able to remember every sequence of numbers !
XNNFaIiG6qI Memory, Gyropode, and mentalism ! - Trick of mentalism - 124/366
XQc2QcjupK8 Find who lies in those 6 peoples
XYxX-w-qzAA Les pièges des rêves Lucides
X__-uD0ZnyQ RENCONTRE DANS VOTRE VILLE !
XlCkR9SBVg8 Explication du premier tour de magie m'ayant bluffé
Xla0rLPkzAw THE SCAM OF THE PYRAMID SCHEME - From Ponzi to social networks
XmFvKWGSabk Mentalisme sur Skype #1
XtGQJZoDT4o J'essaie de ne pas me couper un doigt... CUISTOLICARD #1 (avec @Juan Arbelaez )
YCuCSoEdPX0 How to get free in Disneyland - You decide - 133/366
YJx7rqiXOd4 Vlog de tournພ !
YMB6haEOdD4 5 ENIGMES pour les génies (ou pas !...) sur le thème des AGENTS SECRETS
YQ3QPQuFp8k Les pires perles de la police ! - Vlogmas 15
YV8JZ7EikMA Je mentalise Yacine Belhousse
YXsZ9HD1MPs LES PIRES PREDICTIONS DE L'HISTOIRE - Ft Vérino et CélineH
Yfz4btq49aQ PNL et VAKOG pour mieux communiquer
Yi1kpH3fujQ Entrez dans la matrice pour trouver le code - ENIGMES DE L'ETE
Yr3y7jNTgcY 2 BOÎTES SECRETES, QUELLE EST LA PLUS INTENSE ?
Yv1qM_RcM7w Quand Artus fait du mentalisme
YzHgNiHA62o MG #6 L'enfer de prendre une dຜision - avec Tibo Inshape
Yzo8ekvdubE Mieux comprendre les divisions et le calcul mental
Z--R6mRtcjE Je regarde et commente vos Mind Maps
ZD-gVPTBIIk MG #1 Le cerveau est un gros mytho - avec Benjamin Verrecchia
ZK330cX22k8 Un trésor de 50 000€ encore enterré en France
ZKKAwa9V9a8 Dans les coulisses du plateau de Vérino
ZOONHTH4fRQ Je vous présente Cozmo mon robot - Vlogmas 17
Z_xnumQbs_I Passer un nouveau test d'aptitude des agents secrets ? (Je le tente...) - AS #2
ZaFfEiyCiiQ Une énigme de Sherlock Holmes
ZfNtCkPdMqM 3 tours de magie révélés par Tao - Explication de tours
ZkU-_LN3BUw Test your talents of mentalist in video - 103/366
ZlCHBZVFAT8 L'hypnose fonctionne-t-elle vraiment ? (pourquoi comment tout ๺)
ZpyUw9VjqiE Le retour du TRICHEUR de YouTube !
_3aFi1NIhb4 True Story - Qui est cette jolie fille ?
_8cp4y9ykWc Comment influencer un choix psychologiquement
_ED2Q9iAn0o Tour spຜial de mentalisme expliqué
_QzR9FV24ts The mystery of Easter Island finally solved ?
_SLPl3sZhcg SOON BACK TO SCHOOL !
_XompnnqP08 Les nouveautés de la chaîne de mentalisme pour la rentrພ
_cDgFpJCZqw Combien je gagne sur YouTube + 5 astuces pour gérer son argent
_dEtsUv5uUw Comment atteindre son objectif
_dvSa4Snp8s LA SURPRISE ! Micro-Expression #2
_eYLWgqdoNs Le magazine de l'Humour !
_zQ7cjvGoUQ Les coloc's m'invitent dans leur Clip \
a-j9eJ7eK6o Cette illusion de Moebius existe dans la rບlité en casse-tête !
a3fPQzWCbAg Démonstration sur Barange pour la focalisation des mains
aD0EYiHugt8 L'énigme de l'euro manquant
aFIWO9L-2i0 Qui d'entre vous gagnera contre Akinator ?
aJ3GVgEdeN8 ANALYSE A l'ENVERS DES MENSONGES (Balkany, Benalla, Cahuzac, etc...)
aJ6fZzCgHlc The (very stylish) visual paradoxes in works of art #1
aLmTV-qsl6w Comment aborder un(e) inconnu(e) ?
aOZLI5K9y6k 5 choses importantes sur la chaîne
aPsiMCGnCrs Poisson Fຜond nous explique comment trouver le sommeil
aRGeP_XMN7E Un an à chercher une chouette à UN MILLION enterrພ en France (Mon 1er DOCUMENTAIRE)
a_NJEfEb0aE Quelle recette se cache dans la tête de FastGoodCuisine ?
aepsC3vRAJ0 The entertainment workers cost a billion - Master Class ' - 121/366
akV4wDIgGkM Retenez Pi en ຜoutant cette vidéo avec As2piK
arI49-fR-Rs Résoudre le terrible EURO FALLE 05 - Niveau 7/10
asm5gzwyXiI Comment gagner au \
avSq-DdP3Zs Dຝuire la vie de 6 personnes #3 - Mentalisme
b-iEKN0wGWw Do geniuses sometimes share a little atypicality?
b5V2ED3iw9Y Tromelin Island and his history
bNydbtt19Z0 Le Livre \
bP8ob15SM18 Casse-Tête du Nautilus (avec Lo໼)
bRxbruSFItY Comment faire taire quelqu'un qui parle trop ?
bVJ48ZqjMFw Un tricheur me dévoile ses techniques
bZsibc_1Y2Q Escape Game En ligne ! - Vidéo interactive 1 - Fabien Olicard
b_oCUQlk_Uk Résoudre ce Robot Cube impossible - Feat Céline H et Jeanne fait son cinema
bgYZrwa7QCk Cet agent de la CIA connait-il les secrets de la zone 51?
bvaKjagDkgQ Des dauphins qui dealent des mouettes !
bxsgbbRyxhg Comment compter les cartes au blackjack
c-WLckr543Y Contacter une personne en 5 poignພs de mains
cFnzFQhhhXU Le palais mental (ou Mind Palace) - Méthode de mémoire
cG4irtSXfZ8 analysis the anecdote contest of President Emmanuel Macron VS McFly and Carlito...
cMGTLRgQQP0 Le palais mental, technique de mémoire.
cXws1TiV6uI Comment réviser au dernier moment ?
cf3bb4lQGOk Comment être crຝible
ckUYAeQY3y4 Your brain is Extraordinary !
czkR-lNDTu4 Retenir Pi avec Max Bird
d4U3bh7B1a0 Mon spectacle de MENTALISME chez vous (tous) (genre vraiment)
d4y4pZ13894 Les chats sont des psychopathes - Vlogmas 13
d6bxh2rau_I les coulisses d'une conférence de mentalisme
dAjgGO-Jk3w Passer le test d'aptitude des agents secrets ? (Je le tente...) - AS #1
dEVk3CBmxXg La balance logique du mentalisme - ENIGMES DE L'ETE
dF3oiw6JIvA Les milliardaires et l'argent (et puis... nous)
dQc75S6XD78 Les sectes et leurs dangers
dWCdIK8Jnlg Ce labyrinthe à 360° est beaucoup trop ADDICTIF (perplexus)
djattlecOyI Analyse d'une partie d'Among Us - Analyse #18
dnsVmxvdT2s 42 La grande question sur la vie, l'univers et le reste (c'est à la fois ouf et marrant)
dpPBYeldBe4 Comment garder le contrôle...
dyNrwo28eHE Posez votre cerveau pour jouer à ces 2 jeux - Vlogmas 5
e7Utox9_U6w LES PROJETS ET RESOLUTIONS !
e9oUvTb8LM0 Rush de 5 casse-têtes ! Du plus simple au plus dur.
eFoynBI_QEQ Devinez l'objet mystère avec de la logique - ENIGMES DE L'ETE
eOi9JHS63ZI Mentalisme et Rubik's Cube - Feat Le Corps la Maison L'Esprit
eTKWahpW7c4 La table de rappel - Technique de mémoire
eT_G9uGeN3s 19 fun facts sur le cerveau (rntes !)
egfH7W2xtx0 Une enfant magicienne
eoDMOTgP3LE On m'a proposé de fermer la chaîne !
erPOK4kZ5Mc 5 GROSSES ASTUCES POUR TOUT NEGOCIER (mais des trucs cool sans manipulation négative)
etAd0CTDdoM Comment fonctionne la synesthésie ?
euRoL4wmHvM Mettez le feu à ces énigmes ! - Vlogmas 10
ezZBykWxW2E Pourquoi le docteur Who ne s'appelle pas comme ๺ dans la série ?
f3Dtgmu5Jss La clé infernale bi-nary ! L'objet le plus stylé de ma chaîne
f5Lz9TyEdbs BACKSTAGE OF UNDERGROUND COMEDY CLUB - VLOG - 123/366
f6JhK3JwIS8 FAQ SNAPCHAT
fVW6kKkmZ7o CABINET CURIOUZ #1 - ROSA ISLAND
fXqGS_D139E Le Mentalisme ENFIN expliqué !
fZpNOcas4jY J'ai reçu deux trophພs YouTube au lieu d'un !
fl7pDI7-k2E MG #3 Votre sens Logique est un super pouvoir - avec Luc Langevin
flRn4DcjrwI Dຝuire la vie de 6 personnes #1 - Mentalisme
fuJCQ99ef9Y Livres de mentalisme
g-nmFPTcvhM Je vous fais visiter mon logement
gBRAYG3aDrU MG#8 Pourquoi notre cerveau aime les Fake News ? - Avec @Emy LTR
gEawD_zsAGI La règle de 3 et le produit en croix expliqués clairement
gScux6ER2TM DE NOUVEAUX MOTS NAISSENT POUR DE NOUVELLES EMOTIONS
gXGNZ5_zNbI Je challenge Squeezie sur le human benchmark !
gdYGAn_3J70 Comment pratiquer Le Cold Reading - 2 -
geItvoCasXA MG #4 The worst intuitions of your brain - Feat Pierre Croce
gftcWj2NeFU J'influence ses pensພs - Feat Gil Alma
hBVV0sjjJ3g La vache pas folle mais mentaliste - ENIGMES DE L'ETE
hR6SdXStKK4 CASSE-TÊTE EXPERT (Que j'ai envie de balancer contre le sol...)
hTCGwjWZ-L0 Battle de Bluff (et de connaissances marrantes)
ha4_K2CBae4 Les chiffres romains - ENIGMES DE L'ETE
hwRgD_GDgQs Mystère à résoudre deux fois dans l'annພ - ENIGMES DE L'ETE
hzJmR9sAUNA EXPLICATION POUR DEVINER UNE PHOTO - FEAT SIPHANO
iLd1e0oj9wM Mentalisme sur Anne Cordin
iLxEuyIIn7o PSYCHOPATHE VS SOCIOPATHE ? (Avec les histoires de Laundrie et Heaulme)
iOmZIPZo524 Comment ils ont rentré ๺ dans la bouteille ? (Casse-tête du cigare)
iZDoqiPcGLE Comment visualiser en 3D dans son esprit - Mémoire
iaNZBIYz9zc Mentalisme : Comment interpréter VRAIMENT les mouvements du regard ?
iqjJi-SR5J0 Un casse tête bien stylé à résoudre
irRgG3h-i2c Les chevaux du Roi - ENIGMES DE L'ETE
iwEpvxH2G74 Un casse-tête révolutionnaire qui va vous faire craquer !
iwuQ-GZp2Y8 Comment retenir tous les prénoms et les visages
j2nRA_rpV3c Que penser de l'Astrologie ?
j2zXUz_ju-4 5 Astuces d'illusions d'optiques
j4GZyCZgl7s Je me plie en 24 pour Noël ! - Vlogmas 1
j7OH2zeZR-M La Vérité sur le Mentalisme !-  Dຟinition d'un mentaliste
jLosEFLaBO8 Le jour de PI, Pi Day !
jSASvL3jsCs Comment manipuler la conversation pour avoir raison
jT1kzFvBwHk Comment un like donne-t-il du plaisir au cerveau ?
jVnddw8D-Rg I FIND THE EUCLID SECRET Extreme difficulty
jaZoTUqYhVw Je fuis mon contrôle fiscal ! #2
jpJ9SgKM9zw Love is everything
juKbjc6StXY Comment calculer mentalement facilement
jwL71xKnZnw POURQUOI LA TERRE SERAIT PLATE ?
jwMLVxnCQuM 10 IDEES RECUES SUR LE CERVEAU (La 7ème est... en 7ème... mais elle est bien aussi)
jx1tlC8cyII Vérino dຜouvre qu'il a une super mémoire
jyQHWXx13JE Résoudre un Rubik's Cube en 2mns #ETAPE3
jzvUPv1adOk Mon top 5  des chaînes YouTube de 2016
k-QodkOo4Ug 4 Astuces pour Gagner au Chifoumi
k59dNYxjLps Savoir répondre pour avoir raison - Vlogmas 11
k8nf36hD44s Le citron métallique diabolique - Casse tête
k8vz28xiFms Je mentalise Mehdi de la chaîne l'Obèse
k9MSktOiv_E I'm giving a MENTALISM TRICK fto ALL my subscribers !
kFicwLYbx1o Je cherche à comprendre le fonctionnement de l'astrolabrium (et j'y arrive)
kNBsoV0JrQY Captain America Civil War, the captain is a woman ! - 113/366
kSXP7INZNwc Explication d'une prຝiction sur un tour de mentaliste
kWt8OixlmMU Comment prຝire le résultat d'une addition libre - Explication de mentalisme
kb17OTAOZ_s Je mentalise Super Konar
kclTalSrGyU Je tente d'ouvrir un verrou biiiiiien compliqué (mais biiiiien cool) - Schloss 55
kiS-xW0F0xo Avons-nous tous les droits avec un million d'abonnés ?
ksEglbr3xkc Curfew analysis announced by Emmanuel Macron - Analysis #17
ky16ABiZL5E Il faut trouver comment ouvrir cette boite avec ce gros ressort (titre non putaclic au possible)
kz8tvCNbKS4 How to face an agression with Franck Ropers
l3oDhb26f4Q Comment programmer son cerveau pour crພr un rappel
l5BrKqBzGpw Je teste la Switch avec Le Jeu Videal
lFmbQb-SjPQ Résoudre la pire boîte casse-tête (et perdre patience...)
lI7DZhRnfCI Comment faire plusieurs choses en même temps ?
lMNkBgkAQMY Je mentalise la Carologie
lgdb09Tiiis Peut-on résoudre ce casse-tête tonneau en 3D ? (Difficulté 4/5)
liFhKk8zXsA 4 astuces pour Gagner au jeu du Post-It
loM_ESpdkk8 Sommes-nous tous Addict ? - Vlogmas 18
lpKmefEPLjI Pourquoi le Pique... Nique ? - Origine d'un mot -
lrXcPYnQ6fU Je mentalise le chanteur Barange
ltNelOgM1EQ Learn a text - Master Class' - 114/366
lzeNiun9PTA Solve the puzzle and I'll give you my trophy!
m-O-Tm3KrLE Essayez de répondre sans rຟlຜhir - Expérience Mentale -
m0iGcsFfnDw Roule ma poule et pond pour moi ! - ENIGMES DE L'ETE
m8rryJT0aG8 Quelle est la solution de l'énigme et Qui gagne mon trophພ ?
mDq6fzbUxvw Un cheval mentaliste qui dຜrypte le non verbal !
mTcpDZG2UWc Comment apprendre les cartes de géographie !
mVT-8ZDiUzY Le PLUS GROS concours de calcul mental avec des abonnés
mW9AwDjxc3Q Les liens entre 10 personnes Ft Clara Morgane
m_cAYGScO6Y Je Mentalise Le Jeu Vidບl
ma3qFCyEzHY CE JOUR OÙ UN SPECTATEUR A QUITTÉ LA SALLE... Les moments bonus du spectacle #3
mecxDc05ziE Comment prຝire une carte (explication mentalisme)
mkW2Oy4RUOI MENTALISME : EXPLICATION D'UNE PREDICTION
mnrUlZ7pDH4 Comment mຝiter pour la première fois ?
mueKScsz-Jc Je mentalise un abonné sur Skype ! #2
muuIgfkXDXo ENQUÊTE sur la SECTE Colonia Dignidad - ft. @Victoria Charlton - Cabinet Curiouz 9
mz4COLNC1wk Are we (still) passionate ? - Feat a lot of people - #2
n11Hoc8t0tI Le cerveau d'Amixem fait-il des cuts ?-  MG#14
n3CkA3Qc8kY Les Flash Cards pour réviser et retenir efficacement - Mémoire
n7Ofulii1yA Pourquoi je ne me mettrais plus JAMAIS le doigt dans l'oeil ?!
n7alujg1SIE Sommes-nous des fourmis ou des rats ? - Ft. Bernard Werber
nOp0MlKmPWM The beach towel riddle
nXpOlvhgz_k Je mentalise une spectatrice
nYHFSJD7R4M Hacker un code de carte bleue avec du mentalisme
na23OItvCK4 Je Mentalise DocSeven
neMOfINwmuc Une histoire de trous... (๺ c'est du titre !)
nsAqFGHVpcQ Un abonné m'a fabriqué un casse-tête (mais un truc trop bien qui m'a fait galérer)
nuElf8tJxbg I mentalized Safia Vendome
nvUW0rNRO4o 6 BUGS DU CERVEAU BIEN RELOUS (Du genre : le 5ème va vous surprendre)
nzV1Wx9YV5I Analyse du visage d'Hollande pour son discours envers Trump
o0QlQvrRRpc Un casse-tête à 25 000 € !
oCNaSWjHpYA J'ai CONSTRUIT ce casse-tête pour CACHER un cadeau à l'intérieur !
oEGCOvMKQ4E Vacations, summer program and video
oFnBBYBuZGQ Manipulation sur quatre personnes en même temps ! - Mentalisme
oJ51FeBaU3E Touche pas touche, mais touche touche pas - ENIGMES DE L'ETE
oJIRlne-yho Le casse-tête unique de Nikola Tesla !
oNKzxBr67QY Comment lire plus vite avec la lecture rapide
oTjMWwp3UVU Réussir son entretien d'embauche en 15 points
oTtDwfZhV-A Les boites secrètes japonaises (12 moves)
oatc3JsAQd0 MENTALISME DANS LA RUE #2 LILLE
opGVfPv31Cg 6 Mystères non résolus (en tout cas pour le moment...)
orwUFq1wwiE How can I open this box enigma ?
p-1R-HPjCCc How to hack a password with MiCode
p3hWCM3a5x0 La F.A.Q des 30 000 abonnés
p9bnWP3f4wc Quelques trucs mnémotechniques utiles
pCyEj3FmhkQ FRENCH CHAMPIONSHIP OF MAGIC 2016 - VLOG - 116/366
pLvnH-6K7Ys Joey Starr VS Gilles Verdez, how to avoid the slap - 111/366
pO9p0hvlyfk Analyse de mon pire passage en TV - Analyse #24
pV01TZn3YDo SUIS-JE MEILLEUR QUE JOYCA ? (Et qu'un chimpanzé du coup...)
pWUtexpi7PQ Comment l'autorité peut nous pousser au pire - Milgram -
pYJU9N55vRI POURQUOI DISSEQUER LA DAME ?
pmgZH-1skcs Réussissez ce casse tête ! - ENIGMES DE L'ETE
pohcqcdMj4o Le loup ou le renard ? - ENIGMES DE L'ETE
q5597F0CLQA ANALYSE DU CLASH PASCAL PRAUD VS CLAIRE NOUVIAN
q5TGLxJi4XU Comment gagner une suite de Pile ou Face
qLoiMaY754E Sommes-nous moutons ou chèvres ? - Résultat d'expérience -
qOH0USzJbi4 La très stylພ boîte araignພ d'Einstein
qQjaCYH-ypQ Les Pouvoirs Psy des poussins ! Et autres expériences de mentalisme
qmWPYk_7fo4 Enigmes à la Sherlock Holmes
qpqCQ7nJrdA Comment retenir les prénoms et les visages ? - Astuce de mémoire -
qu4s5-K08KY MG #2 Vos 5 sens sont des gros mythos - avec Marie EnjoyPhoenix
r42D-xL_ACk Dຜouvrez 3 Tours de MAGIE avec Luc Langevin
r6JjPin4DqY Venez à mon premier MeetUp !
r8CK_Dv3Tas Essayez de voir les micros expressions en temps rພl !
rDP_Kg8jsys CAN WE LEARN WHILE SLEEPING? TRUE/FALSE BATTLE  Feat AMIXEM
rRCcb2iRW4I Mentalisme et ຜole primaire
rSGAO6Kz00o I unlock a skill in your brain #3 Lucid Dreams
rmUo74V7m0c Explanation of a magic trick that you could do this summer
rr_YDS8L5Xo Extrait de mon spectacle en première partie Lamine Lezgad (Naïm)
s09kwtjIBKc J'ai fait Escape Game avec YouTunes
s22NS1v3rI8 Vous êtes joueur ? Mr. Jack L'éventreur aussi (Le jeu)
s4mf4Vv2c08 Le Parquet INFERNAL  - Casse-tête difficulté 4/5
s6wFHCPSI94 COMMENT RETENIR LE NOM DES CAPITALES avec un champion de mémoire !
s89Yy9kJxYs Comment devenir Agent Secret ? - Vlogmas 2
sFk8kPNJ0XE 4 tours de mentalisme pour trouver un objet caché - Explications
sHTyLljGbSE MG #7 Le cerveau cache des Supers Pouvoirs ! - avec Juju Fitcats
sNuvOMBb8i4 Je Mentalise l'esprit de Joyca !
sc6T2dmTIr4 Du mentalisme sur plusieurs personnes en même temps
sm4uVGzqqaE Je prends des conseils beauté avec Je suis Modeste
smfqNH1Erm4 Les syndromes étranges (et pas si rares) de notre cerveau
soes7bIa-YY Dຝuire la vie de 6 personnes #2 - Mentalisme
sr9x6LHMTBo La véritable histoire des logos et noms de 9 marques
sxT0MWx6dh8 UN ABONNÉ M'A FABRIQUÉ UN ENORME CASSE TÊTE (mais genre ๺ rigole pas en terme de difficulté)
sxpV1VilSbY The enigma of the youtuber challenge
t2vt7kzgHiw I UNLOCK A SKILL IN YOUR BRAIN! #4 The flags
tG5_Sa_b4RU Casse-tête à 9€ VS Casse-tête à 130€ (et 270€)
tKJNCaHv-kw Quel est votre nom d'agent secret - Vlogmas 22
tg-YMCUxzbE Technique de mentalisme pour deviner un film
tlXFtuPUvZU 5 ENIGMES INEDITES QUI VALENT DE L'OR
tnl1MlfAD0k Comment lire des pensພs en 3mns
tsJgoi8-WNs Are we clones in our answers? - Experimental results -
ttK99Rvsc3Y Casse-tête à 9€ VS casse-tête à 270€ ! La suite (enfin... depuis le temps...)
tz4PdUYgvb8 Un TUNNEL quand on MEURT ? (explications et témoignages)
u0gqISPH-F4 Explication du jeu des bâtons de fort Boyard
u2G2D2HMoOU Comment négocier avec des Astuces de mentaliste
u49d70Tu4mU L'énigme des 3 frères - ENIGMES DE L'ETE
u5Hq6F_PvXk Aller sur la lune avec une feuille de papier et l'ຜhiquier de Sissa
u7Nziwgex5Y Elle ne se lave qu'à l'eau depuis un an ! -  Explication du Minimalisme -
u7ciq1KYWuw Viktor Vincent fait du mentalisme sur mon équipe !
uASd5SBj-Ng Cette vidéo fera 203 000 vues (Arrêtez de me faire changer de titre merci)
uGfEZOaIyzk JE RETOURNE LE CERVEAU D'AVNER
uNwTqd7gTHI 5 informations non verbales que révèle votre visage
uOMMRsaaJ0c Comment forcer une action (mentalisme et explication)
uT3XHZI-1Zw Expérience logique des présidentielle du YouTube Game
ub0aETXfMcM Comment se rບlise un feat sur YouTube - Avec Michael Hirsch
ufyUyDInhSU 6 stylish experiments made on the brain #2
uguTrUI6Xvc Un casse tête d’un nouveau genre (mais stylé !)
ur1jSl89zII DEFI DE CHIFOUMI AVEC GUILLAUME PLEY
utFuBKqKDXs Démonstration de l'Oreille Absolue
v1q38iBLWeQ Explication d'un tour de pis
v2vL4jqAXyM I mentalize Studio Vrac
v8-FN4AVapU Astuce de pickpocket
v8GrMXoU3sY Je mentalise mes abonnés à la chaine !
v9Im9teuE0c Guess of which song thinks a spectator - Explanation of trick - 122/366
v9XFtcDq2Qk 4 astuces de sຝuction indispensables
vHs7vvmRTV8 Multiply all the numbers without calculator - Cleverness - 118/366
vIAOk9ic-fA 6 énigmes de logique pour les génies !
vRtsYdJ8Cxc Ces pis d'ຜhecs sont des Casse-Têtes très originaux !
vUM_-HzBl5g Comment ຜrire un livre en étant dປordé ?
vWYOB08TsNM 100 000 ! J'ai des choses à vous dire !
vXNYdESZU34 ANALYSE DE JOUEURS DE POKER
vYQ3NZEZZjQ COMMENT MELANGER LES CARTES COMME LES PROS - #BOTHIE
vfS_I_H6sUo MG#9 Dປloquez des skills dans votre cerveau ! PART 1 - Avec @Romain Lanéry
vrDyW90Euog Dຝuire la vie de l'Agent Secret Benjamin Verrecchia #4 - Mentalisme
vtCLUxRtAlo Comment faire une multiplication avec un dessin
w7QITMcjgGg TROUVEZ NOS MENSONGES - Ft Doc Seven et Juliette Tresanini
wCeiMWnLEeU Je lis vos histoires personnelles d'apprentis mentaliste !
wH4JMwPBlfc La mystérieuse disparition de 9 personnes... - ft. Mamytwink - Cabinet Curiouz 6
wLUruwDXexE MENTALISME DANS LA RUE #3 LA ROCHELLE
wNmNexR9tyQ Hacker la VIKING BOX ? Ft. MiCode
wPrwdfO4FjA Je vous raconte mon plus gros Fail sur scène
wQW5FfSObYs Pierre croce me fait du mentalisme
wj6kyCXpjOE Comment hypnotiser un bras
wzCKgvV9aTg Les Zombies ont une recette de fabrication
x6F3LVoId_w Comment retenir un jeu de carte avec Le Corps La Maison L'Esprit
xA2onFgQvuA Mentalisme et musique
xMwLyIeetj8 Je vous emmène au YouTube Space Paris
xOBF9B_Dipg I made you felling shocked and disapointed !
xUte9w8nlAM Comment aider la crບtrice du Hand Spinner ?
xYJCvT8MJdY VIDEO A REGARDER DANS 3 ANS (capsule pour les futur nous de 2024)
xdEXp1Dwmgk Mentalisme, Fabien Olicard
xeNbaB4GZ74 Comment compter et calculer au Boulier
xkdgNsyVLXU JE CHANTE DANS UN ZENITH ? Feat BigFlo et Oli
xwsh_uuXsPA MG #5 Your brain biases on you - with Simon Astier
y0pGbpbQnA4 Devons-nous ignorer la douleur physique ?
y4ynGzazjbs Test interactif en ligne sur le voyage dans le temps - Vidéo interactive 5 - Fabien Olicard
y7ibtNgzzc8 Magic trick on a dog
yAI4lr-Lr48 Ma première FAQ
yDtE_ZBGbRA TRIANGLE DES BERMUDES : Disparaître sans laisser de traces - ft. @LE GRAND JD  - Cabinet Curiouz 8
yFB6ROqkxFw Comment retenir les numéros de téléphones
yJ8H6kGduWI Le livre de Doc Seven
yN_-afNUGNg Yes Man ! Un dຟi relevé par AutoDisciple
yXKpasFoh80 Résoudre un Rubik's Cube en 2mns #ETAPE7
yY7rMOCLiec La dຟinition du mentalisme... selon vous !
yfXiWE9VrmI Explication d'un tour de magie pour la fête des mères
ypKQwEBFpQo MG#13 - Tous des mythos ! - Avec Mac Lesggy
yq5yt1qwjjk Résoudre un Rubik's Cube en 2mns #ETAPE1
yuKW2RhB7TU LA JOIE - Micro-Expression #4
z9g_Ok7s9q8 L'histoire folle d'une chouette à UN MILLION enterrພ en France (mais on sait plus où)
z9tFwLIED1U Le plus nul des calculs ! - Blue Monday Fact -
zCZRVQ9v9Q4 Les techniques des speed painter !
zKyP53WBPkY Apprendre les verbes irréguliers en Anglais
zP712s4rizw Quel livre de mentalisme faut-il lire pour commencer ?
zRZj__wcXXA Résoudre un Rubik's Cube en 2mns #ETAPE4
zTTRamXc7hk Je mentalise un abonné à la Nostradamus
zbuDfoUodNQ J𠆚i reçu un coffre secret !
zeOxVU8xilU Faire disparaître une cigarette avec Artus
zgbOZWTz1cM Le touriste à la plage - ENIGMES DE L'ETE
zwX8m1AzcAc Casse Tête Spຜial Harry Potter
