-0X1xAHGHgI Salif Keita \
-RcgCDqVC9k Diogal Sakho \
-wW7FuCqJgg Vinicius De Moraes, Toquinho, Maria Creuza \
06fx77eii4M Salvatore Adamo \
0B14-dsRS9Y Wasis Diop \
0Bnejd7ENJc Rokia Traoré \
0paPTdTl7wk Baaziz \
0rmxSa6cW74 Average White Band en concert au Théâtre de l'Empire à Paris (1979) | Archive INA
1DTi3ktq9Sg Wasis Diop \
1Um1JjLt_4o Hanino \
1bpRJRxZLq8 Catherine Ribeiro \
1hjIlWltdJk Raphaël \
1zTAbZ9S-yE Maria d'Apparecida \
2_r8KMzeA4o Nino Ferrer \
2qrQ68zSahQ Magic Malik Orchestra \
37XMDq0sj-8 Lili Boniche \
37XT1Ht8KyE Tinariwen \
38qBtPm2-ng Les Etoiles \
3B46sbobylw Poni Hoax \
3ZAvnJvqAcw Franco Battiato \
417VxYp7soY Cesária Évora \
4qqyxcoIO6A Marc Perrone \
53FGE3ul6Dw Serge Reggiani \
64lfFzKEWWY John Cale \
6MWdhVh97bM Jamiroquai \
6OR1hhFVRCQ David Bowie \
6yXKp9WiMOA The Clash \
8dMTMbmlHnw Arthur H \
8vhcrSMJCLE Mud \
90SZVTdqfLY Camille \
972uKu_bN-w Baden Powell \
9Kx7SY2c6xc I Muvrini \
A2hXIQ2Tq8M Raphaël \
AGPrravG1Lc Ronny Jordan \
AKkoRHyCE6E Rokia Traoré \
AbksJUeFjJQ Geoffrey Oryema \
Auh3AIr9pck Billy Ze Kick et les Gamins en folie \
BHeNobbvhbI Staff Benda Bilili \
BQQat6eLhQ4 Juliette \
Bf23r9EaWR4 Denez Prigent \
BqH2wlEFVUU Alain Leprest \
C4HojifORI8 Cyril Collard \
CNZU9UKyUZQ Alpha Blondy \
CiQTplvvVoY IAM \
D8aZZ4FzgaA Les Innocents \
DCoHW_rw_2I Alexandre Tharaud \
F0dfS1ll7ns Reda Taliani \
FYk5N3uvOo4 Vinໜius de Moraes \
Fw8c51V545o Vinicius de Moraes, Toquinho et Sacha Distel  \
GTN2nDyqzeA Dire Straits en concert au Théâtre de l'Empire à Paris (1978) | Archive INA
GdvP1IRCGZ8 Rachid Taha et Jeanne Added \
Gj4FWlxu2Kg Thomas Fersen \
Gmm6N2n_D98 Denez Prigent \
GxfgnuUDmm4 Izia \
HB4-AODQ3m4 Dmitri Khvorostovski \
HbKq6CqkEFc Cheb Aïssa \
HjJ9oAdfYP0 D'Gary \
Hs864CA5OGU Tryo \
I5pC0uxnNNM Idir \
IH9zgyt9QEM Jacques Pellen \
IZv3C-7R4tw Romane Bohringer et Jacno \
Ih1zPbj7iS0 Philippe Léotard \
IoSbxOT25IY Sandrine Kiberlain \
JKjpDNPIh5Y Calvin Russell \
JQmWO5pKbeI Madness \
JUEX9KcyMaM Lobi Traoré \
Jf-sWa72rZY Bako Dagnon \
JkVIwgfPLH0 Astonvilla \
JpIIbrav62Q Madness \
JypBRp-wW3A Eddy Louiss \
Kv7rWtnhS5Y Paul Personne et Calvin Russell \
L7POUNGSwYs Petru Guelfucci et Voce di Corsica \
LG5vq8N8R6M Georges Moustaki \
LIFNYi8qfYo Cat Stevens \
LkNUzz80Yfs Karim Ziad \
LsPJP_vJ2H4 Sacha Distel et Dionne Warwick \
LwSpJfMW790 Idir \
M-__BiiKahU The Police \
MHpQBacac50 Isnebo et Faadah Kawtal \
MaV3kXZIg-c Sergio Mendes & Brasil '66 \
Mg8FZ8jlnHU The Police \
Mm5t4p7CpME Sergio Mendes & Brasil '66 \
N1IbigrsD7g Archive \
NFR5hG3paYY Louis Sclavis, Aldo Romano, Henri Texier \
NgKSPEdr5T4 Jacques Higelin en concert au Théâtre de l'Empire à Paris (1978) | Archive INA
OtKkuMLDGQA Vincent Delerm \
P1_S6Tr20sA Emilie Simon \
PPyZOt0xQr4 Enzo Enzo \
PrScAonpZZE L'Affaire Louis Trio \
PtvJusgW2WI Little Bob Story : concert au Théâtre de l'Empire 1978 | Archive INA
PyHqnAyIylA Isabelle Moretti \
Q-QITfqH7Os The Cure \
QB8BcudM_YI Trio Esperan๺ \
QRQV-KwdWbE Mory Kanté \
QjlqcUq6Cx8 Jeanne Cherhal et Jacques Higelin \
Qp-uD_hriEY Art Mengo \
R-PP3JApoD4 Gilberto Gil \
SIHCYMc59m0 Thierry \
SYaboB3kigQ Dominique A \
TBVlB7CuXT0 Moon Martin \
TLAd3XOoIfY Diogal Sakho \
Tmp2B4VsXYM Téléphone en concert au Théâtre de l'Empire à Paris (1979) | Archive INA
TsxhKeBlE7M Morphine \
Ut7uZTKnC-g Manu Dibango \
V20YvqKh1uk Oumou Sangaré \
VPRHXvLi66s Wasis Diop \
VRgAiOPP6ZE Philippe Katerine \
VwLcOp8R58w Elis Régina \
WM4ZuwSJ-H0 Stanley Beckford \
WmGWaaAmv6w Filomena Moretti \
Wt0Q2PPkLIk Hubert-Félix Thiine \
WzfJ95qGFEk Mes Souliers Sont Rouges \
X_83BliFcFg The Velvet Underground \
Y2IT5dtERSk Mariza \
Y7AZ_bMarIQ Paco Sery \
YgBy1zlQNrM Angélique Ionatos \
ZKSE78s1rFQ Richard Desjardins \
ZS2luPi--UE Les Yeux Noirs \
_-OlqEPbliQ Abdelkader Chaou \
_8XWQSJW3ZU Astonvilla \
_F2YXfnNdY0 Vince Taylor en concert au Théâtre de l'Empire à Paris (1979) | Archive INA
_OdLkO02myw Idir \
_RSMrVjnflk Salif Keita \
_XaVTHSJco8 Hasna El Becharia \
_ZwHvEzRV_Q Paolo Conte \
_hwIpxOuomA Vicente Amigo \
_uLHYOX-lvI Erick Manana \
adEmgavmv9U Marla Glen \
amBYF2pHZ1E William Sheller \
bHcuWfCdeX8 Véronique Sanson \
bNL8OrwPuYk Jean-Jacques Milteau  \
bXR1P5DPncU Noir Désir \
bxawNLYdcrE Susheela Raman \
cdCwWnvQqFw Gonzales et Guesch Patti \
cnAEuAd_6Lc Dire Straits \
dUY0ZG1x158 Hanino \
dVtBgNKqNjk Bonga \
ds3fUDRkHus Aretha Franklin \
e2nJ5qbIOKM Cheb Mami \
eIOrGPcjmsQ Jamiroquai \
eKrtobv3inM Mano Solo \
eYz9kslGYUo Kim Carnes \
e_SMNwvIeyw Le Maximum Kouette \
eaOrY6LCFzQ Anis \
eeoBscdP7bQ Bako Dagnon \
eze6ZCbzs4I I Muvrini \
f4KnyLnPjt4 Caroline Casadesus et Didier Lockwood \
fFse-HRAr7M Mano Solo \
gMd4JOGWLwg Jacques Higelin \
gXaJbu6M5e0 Salif Keita \
gkPal_AynKY Elis Regina  \
gyJRMOt1PWs Catherine Ribeiro \
h2BxpmZ-NSI BB Brunes \
hs2hYDRY1YQ Fabrice Eurly \
hz4DsxCxXpE Calogero \
jAW7DTsOAts Mano Solo \
jB7sY3FzsEk Miossec \
jJ5UNHdlnqw Anna Prucnal \
jWXGPfD7l2g Karim Ziad \
kLfttQSg0eo Mikidache \
kzYYxrOCO2Q Vincent Baguian \
l4SMkdUBsV4 Sergio Mendes & Brasil '77 \
lkVWsAs3hYM Paloma Pradal, Vicente Pradal et Rafael Pradal  \
m5slvpmsPnY Mano Solo \
mA3_mZDiV7E Cheb Bilal \
mB55P78IF-U Diam's \
mEZ3-XRrEEs Ridan  \
mH9Uey4Ki9g Yann-Fanch Kemener & Didier Squiban « Plac'hig eusa » | Archive INA
mNsFNjvjzBQ Oumou Sangare \
mbId0gjuVFY Wasis Diop \
nOYq5UmO4IA Billy Paul \
o1ML47Fz2q8 Paloma Pradal \
oz8MmGPjy-I Souad Massi \
pxmAYiCVn4A Moon Martin \
qMELKC9IJjQ Zaz \
qdm5IhX1BrQ Matmatah \
qksZf2Ws_f8 Oumou Sangare \
r4c0IaushYo Melaaz \
rJf2ebz7d-E Reda Taliani \
rRvC0d53wHw Clarika et Bernard Lavilliers \
rXMcklX7H-E Roberto Seto \
rzsWpYQ2mIs Elvis Costello en concert au Théâtre de l'Empire à Paris (1979) | Archive INA
s0k4GF3f99Y Yvette Horner reprend David Bowie au piano | Archive INA
s6cFI9IukBE Femmouzes T \
sTuievsw918 Björk \
sUAXFRPg9nQ Francis Bebey  \
swWN2-Bs2oE Denez Prigent et Louise Ebrel \
tabcu-KXnqc I Muvrini \
upWDKP7CdIE Us3 \
vbP3hrral8Y Raul Paz  \
wLjaK_PQ5ws Cheb Bilal \
wYdujkN_i0E The Jimi Hendrix Experience \
x4AlWhmSIXU Laurent Korcia et Jean-Efflam Bavouzet \
xGu1eFs_Z5U Izia \
xaX-ZqRun8E Seu Jorge \
y6vl5CQZic8 Sapho \
yn6czSY5ye8 Jacques Higelin et Brigitte Fontaine \
yubEggp6wEw Tom Novembre \
z3twwjsMym0 Wasis Diop \
zSQ0sqf0NdQ A Filetta \
