-7cnQFMSUos Ì†ºÌºã  Les volcans d'Auvergne peuvent-ils se r√©veiller ?
-Rzg4wZieOo Ì†ΩÌ±• Journ‡∫û mondiale du travail invisible -  #ChezJamy - Confinement Jour 17
-okKDJBiCy8 Ì†ºÌºã J'ai mis la main sur une bombe... volcanique ! #ChezJamy - Confinement Jour 9
0754B8E07RU Pourquoi dit-on \
0cUyC5azvFU Ì†ºÌº∑ L'histoire de la tulipe Ì†ºÌº∑ #ChezJamy - Confinement Jour 8
0u2yxybsoqg ‚ù§Ô∏è Pourquoi on dit‚Ä¶ \
10Ne-hvG2Q8 Ì†æÌµ¨ L'artichaut devant !
188_6Jl-v1k 2Ô∏è†∏∞Ô∏è†∏∞Ô∏è‚É£ 0Ô∏è†∏∞Ô∏è†∏∞Ô∏è‚É£ thanks: the milestone of subscribers reached in less than 2 weeks Ì†æÌ¥ìÌ†æÌ¥ìÌ†æÌ¥ì
249Y-Rt0qmo Qui est l'inventeur du smartphone ? #shorts
2vC7p4hTgrQ Ì†ºÌΩΩÔ∏è Quel lien entre hu√Ætres et ostracisme ? Sur La Planche !
3HJkSI-l-tM Ì†ΩÌ≥£ Pourquoi n†Üöimons-nous pas entendre notre propre voix ? Ì†æÌ¥î #ChezJamy - Confinement Jour 27
4JD9v3i90zU ‚ú® This is how shooting stars are formed Ì†ΩÌ±Ä #ChezJamy - Lockdown Day 37
4XKpnZVjuMQ Ì†ºÌΩø Comment se forme le popcorn !?
4hvcnEUNImM Ì†ΩÌ∞ù Comment les abeilles rep√®rent les fleurs qu'elles butinent Ì†ºÌºº
4ikWptPK1VM Ì†æÌµ´ Savez-vous comment la bo√Æte de conserve a √©t√© invent‡∫û ? Ì†æÌµ´ #ChezJamy - Confinement Jour 36
55R8qUQEisE Ì†ºÌΩì D‚Äôo√π viennent les fraises ?
5B9P7-V2waA Ì†ΩÌ∏¥ Aujourd'hui, je ne fais rien. Je  ¬´ coince la bulle ¬ª Ì†ΩÌ∑®Ô∏è #ChezJamy - Confinement Jour 34
5a44Y28X_9c Hamburger : plus app√©tissant dans les pubs que dans nos assiettes ?
63y9DSdZ22U Comment le p√®re No√´l livre ses cadeaux en 24h ? Ì†ºÌæÖ Bien Re√ßu
68CdeZXFkVk 7 r√©ponses sur les animaux 2 ‚Ä¢ FAQ Dis Jamy Ì†ΩÌ∏∫Ì†æÌ∂ãÌ†ΩÌ∞üÌ†ΩÌ∞†Ì†ΩÌ∞îÌ†æÌ∂ú
6I9Xw6CRl0o Ì†ºÌºû SUMMER SOLSTICE ‚Ä¢ THE LONGEST DAY Ì†ºÌºû
6j9L-oCE_-M Ì†ºÌºà LES SECRETS DE L'ARC-EN-CIEL
84-psaOw-Tg Comment se forme le brouillard ? Ì†æÌ¥î #shorts
8JUhoRWwOtM Le micro-ondes est-il dangereux pour la sant√© ?
8KJWBfd1_J0 Ì†æÌµ¨ Chou de Bruxelles : pourquoi est-il si petit !? Ì†ºÌ∑ßÌ†ºÌ∑™
8eUK7PNtX1U Ì†ΩÌ±è Savez-vous d'o√π vient l'applaudissement ? Ì†ΩÌ±è #ChezJamy - Confinement Jour 47
8irbW1Q_bC4 Ì†ºÌº¨Ô∏è Avez-vous \
8nFizBNzlTw Ì†ΩÌ∞ü Connaissez-vous l'origine du 1er avril ? Ì†ΩÌ∏ú #ChezJamy - Confinement Jour 16
97WDFpcxtLU Ì†æÌ∑à  Beurre, margarine : quelles diff√©rences ?
9M1Rw7h05Xk Ì†ΩÌ≥± Comment faire durer nos batteries de t√©l√©phone plus longtemps ?
9MGGAZyq1Mw Ì†ºÌºä Pourquoi la mer est-elle sal‡∫û ?
9l-Rpjm-PU4 Ì†ºÌºû Journ‡∫û mondiale de la m√©t√©orologie ‚òÅ #ChezJamy - Confinement Jour 7
9qPK-UqDQv8 ‚òïÔ∏è SEB : YouTube, La Papouasie, L'Inde, son album... Bien Re√ßu
9sJCNKWGkGQ Pourquoi dit-on rouler dans la farine ? #shorts
A5p6SilviMI Ì†æÌ∂ú La plume et ses myst√®res  Ì†æÌ∂ú #ChezJamy - Jour 24
Ae-rw9zw-es Ì†ΩÌ∏∫ Pourquoi on dit... donner sa langue au chat ?
BFRh2yWtQuQ Ì†ΩÌ≥à Le come back du p√¢t√© en cro√ªte Ì†ΩÌ∏ã
CKI2BB0nfM0 Q #DisJamy - Je r√©ponds √† vos questions sur le Vend‡∫û Globe.
CYGhuX0FzRI Ì†ΩÌ¥≠ 7 r√©ponses sur l'astronomie Ì†ºÌºû FAQ #DisJamy
CaZzOFmfYTg Ì†æÌ∑Ä Pourquoi la fondue fait-elle des fils ?
Cl8eaEfBZd0 Ì†ΩÌ∞õ √Ä quoi sert le ver de terre ? #ChezJamy - Confinement Jour 18
Cl_EPFoIChA Ì†ΩÌµõ Pourquoi y a-t-il 24 heures dans une journ‡∫û ?  #ChezJamy - Confinement Jour 12
Cn32MvD6nmI Ì†ΩÌ±ª Des chercheurs viennent de reproduire la voix d'une momie Ì†ΩÌ∑£Ô∏è #ChezJamy - Confinement Jour 31
CvahjN75er8 Ì†ΩÌ≥≤ Comment recycler son smartphone ?
DGPKdp4KCKU ‚≠ê Pourquoi V√©nus est surnomm‡∫û \
EYjXiIKHdUI Ì†ºÌΩå Voil√† pourquoi la banane noircit Ì†ºÌΩå #ChezJamy - Confinement Jour 23
FGtEA6SvCEk La Lune peut-elle s'‡∫úraser sur la Terre ? Ì†ºÌºçÌ†ºÌºï
F_3k_H469Zk Pourquoi dit-on √™tre le dindon de la farce ? #shorts
GTGn6YFGYHg Ì†æÌ¥îPourquoi On Dit... \
GaUN95Sag4o Ì†ΩÌµØÔ∏èPourquoi On Dit... \
Gef3_TRtUO8 Ì†ΩÌ±É Pourquoi la moutarde nous monte au nez !?
GfpK1u_h7_U Pourquoi les jours sont de plus en plus longs Ì†ºÌº≥ #ChezJamy - Confinement Jour 4
GjuWPSBBJ2Y ‚úçÔ∏è How the eraser ... erases!
GpRHDdr7vTI 3 espÓ£és animales disparues #shorts
H2O4yhpNZt0 Pourquoi dit-on \
HJlz--RiHOo Ì†æÌµ∂ Pourquoi ressent-on cette fra‡ª¨heur en croquant dans la menthe ? Ì†ºÌº°Ô∏è#ChezJamy - Confinement Jour 49
HpItzT23h6w Ì†ºÌΩÇ Pourquoi les feuilles changent de couleur puis tombent √† l'automne !?
HpLV6K7qjuk Ì†ºÌæ§ Comment fonctionne... LE MICROPHONE ?
HqsP6U9FouY Ì†æÌ∂ï Comment estimer l'√¢ge des dinosaures ?
IEde4iX9mXI Pourquoi dit-on casser du sucre sur le dos ? #shorts
IMZXVSaN3RQ Ì†æÌ¥î Pourquoi on dit... \
IVdbuKpvVlU Ì†ºÌæ§ LE CHANT DES CIGALES
IzsAzKBkzwk 3 lieux historiques du Japon class√©s au patrimoine mondial de l'UNESCO #shorts
JHvH-P_82fU Ì†ΩÌ∞± Savez-vous pourquoi les chats n'aiment pas l'eau ? Ì†ΩÌπÄ #ChezJamy - Confinement Jour 50
JTqjY3OX6jQ Ì†ΩÌ∏¥ Pourquoi met-on la main devant sa bouche en ba√Ællant ?  #ChezJamy - Confinement Jour 13
Jqt0cIUGKkY Ì†æÌµ© Pourquoi le sel conserve la viande !? Pourquoi les carottes sont-elles oranges ? Ì†æÌ¥ì FAQ
JrktNVwja7w ‚ùì FAQ #DisJamy de la semaine Ì†ΩÌ∫ÄÌ†ºÌºÉÌ†ΩÌ≥ñÌ†æÌ¥ì‚òÅÔ∏è
K9GEXkzkejg Ì†ºÌº¨Ô∏è Pourquoi la bombe a√©rosol refroidit quand on presse la valve ‚ùÑÔ∏è #ChezJamy - Confinement Jour 39
KdRpmbf-diU Ì†ºÌΩΩÔ∏è D'o√π vient le topinambour ? Sur La Planche !
KzsyixImtac Ì†ΩÌ∫Ä Comment d‡∫úolle une fus‡∫û !? (Partie 2) Ì†ΩÌ±®‚ÄçÌ†ΩÌ∫Ä
L1I0LrF7YCc Ì†ΩÌ∫Ä Comment va d‡∫úoller la fus‡∫û de Thomas Pesquet !? Ì†ΩÌ±®‚ÄçÌ†ΩÌ∫Ä
LfhzEA2tR7I Ì†ºÌæÇ Comment fonctionnent les bougies magiques !? ‚ú®
LmgPTfSp8CM ‚ùÑÔ∏è LE GLA√áON DANS L'AP√âRO Ì†ºÌΩπ
M3SFh_d6iGk Ì†ºÌΩû L'histoire du Croque-Monsieur Ì†æÌ∑õÌ†ºÌøª‚Äç‚ôÇÔ∏è
MV-phTtJlBc Ì†ºÌæâ 1 an Epicurieux = Ì†ºÌæÅ 1 tournage avec moi Ì†æÌ¥ì
MqC9zLcP5L4 Ì†ΩÌ∞ì Pourquoi on dit... \
MvkgmfEd1hY Pourquoi dit-on \
Ndszrlk7jy8 Ì†ΩÌ¥ß TUTO photographie √† la chlorophylle... avec des √©pinards ! #ChezJamy - Confinement Jour 53
NnkbnQvt7Q4 Ì†æÌµß Tarte Tatin : la l√©gende est-elle vraie ? Sur La Planche ! Ì†ºÌΩΩÔ∏è
Nrxxh0aaM4g Ì†ΩÌ≤Æ Le muguet : connaissez-vous la particularit√© de son parfum ?¬†Ì†ΩÌ±É #ChezJamy - Confinement Jour 46
NuWEpCD6uTA Pourquoi dit-on monter sur ses grands chevaux ? #shorts
NxT7E0D69uU Ì†ºÌº∏  Pourquoi les fleurs s‚Äôouvrent et se ferment Ì†ºÌº∑
PCvpVmEazDM Ì†ΩÌ∏∫ Comment les chats font-ils pour voir dans l'obscurit√© ? Ì†ΩÌ±Ä #ChezJamy - Confinement Jour 42
Pript1xTdl0 Ì†ΩÌ∏∫ 7 r√©ponses sur les animaux ‚Ä¢ FAQ #DisJamy Ì†ΩÌ∏ªÌ†æÌ∂ãÌ†æÌ∂äÌ†æÌ∂áÌ†ΩÌπÄÌ†ΩÌ∞äÌ†æÌ∂ü
QLsFriL0_hY Ì†ºÌΩ´ Pourquoi du chocolat √† P√¢ques ? Ì†æÌµö
QqYZx9kYzdY ‚òÑÔ∏è L†Üöst√©roÓøû 1998 OR 2 vient de passer dans le voisinage de la Terre ! Ì†ºÌºç#ChezJamy - Jour 44
QxNY90MSdgo Les 3 arbres les plus extraordinaires au monde #shorts
R1pPHLLcUIs Ì†ºÌΩ¥Qui aime les asperges ? Attention √† l'odeur de l'urine Ì†æÌ¥¢ #ChezJamy - Confinement Jour 30
RhSD5h82L-Q Ì†ΩÌ±®‚Äç‚öïÔ∏è Ì†ΩÌ±©‚Äç‚öïÔ∏è Comment sont prot√©g‡∫ûs nos donn‡∫ûs de sant√© ? Ì†ºÌΩ™
S4qHdTAHUX8 Bient√¥t d‡∫úonfin√©s, mais nous resterons en lien Ì†æÌ¥ì #ChezJamy - Confinement Jour 55
S8BDcmidsiI DIS JAMY - FAQ 500 000 abonn√©s Ì†æÌ¥ì
SCprI5wgAIg Kebab : Grec ou Turc ?
SDVAjnvXH1U Jamy dort dans un igloo (4 activit√©s √† la montagne)
TWzas6LzllI Ì†ΩÌ±®‚ÄçÌ†ºÌΩ≥ D'o√π vient le kaki ? Sur La Planche !
UTqIPEapa3Q Ì†ΩÌ∫Ä Savez-vous comment d‡∫úolle une fus‡∫û ? ‚ú®#ChezJamy - Confinement Jour 35
UnhC7NdEdWg I am launching my Youtube channel ! Ì†æÌ¥ì
V0iR1uSodk4 Ì†ΩÌ∏∑ TUTO MASQUES - Comment bien les utiliser Ì†æÌ¥ì#ChezJamy - Confinement Jour 54
VaMQofgjNT8 Ì†ΩÛúã¨omment la vache fait-elle du lait ? Ì†æÌµõ
Vj3sHR0s8qQ Ì†æÌ∑ª But where does the toilet paper come from? #AtJamy's - Day 10 Containment
W1DoOV4SyUM Q #DisJamy Ì†ºÌæÉÌ†ºÌº≥Ì†ºÌºë
WXw_TOB8KkY Savez-vous comment on change de peau ? Ì†æÌ¥î #ChezJamy - Confinement Jour 43
WZAGclmFvGI Ì†ΩÌ±ëÌ†ºÌºûLa couronne du soleil : c'est quoi ? Comment l'observer ? Ì†ΩÌ¥≠ #ChezJamy - Confinement Jour 48
WbRstHXfPrM Ì†ºÌº°Ô∏è My mowed lawn: 72‡¨å Ì†æÌµµ Do you know where this heat comes from? #ChezJamy - Lockdown Day 40
XA1mHjiC4mo Ì†ΩÌ≤∏ Pourquoi On Dit... \
XPahjvm6iek Ì†æÌ∑Ä Le reblochon : d'o√π vient son dr√¥le de nom ?
XU8to6SUkIU Ì†æÌµê D'o√π vient le croissant ?
Y6065J56uI4 ‚õµ Des √©tudiants √† l'assaut de l'Antarctique (avec Mike Horn)
YMR_WaCqhyQ ‚ùì FAQ #DisJamy de la semaine Ì†æÌ¥ØÌ†æÌ∑™Ì†æÌ¥ìÌ†ΩÌ∏®
YfnO9NCHMh8 Ì†æÌ∑Ä D'o√π viennent les trous du fromage ? Ì†ΩÌ∞≠ #ChezJamy - Confinement Jour 11
YsWoFCpwI6Y Ì†ΩÌµµÔ∏è‚Äç‚ôÇÛæÉæncre invisible : comment ‡∫úrire un message secret fa√ßon James Bond ? Ì†æÌ¥ì #Shorts
YtzLAmVH2EI Ì†æÌ∑º Je ¬´ passe un savon ¬ª au coronavirus ! #ChezJamy - Confinement Jour 3
ZRJlcse3rlg 1 million de fois MERCI ! Nous avons r√©ussi √† atteindre le million d'abonn√©s et c'est grÓãé √† VOUS !
ZmkQKOuuEFc Ì†ºÌΩΩÔ∏è D'o√π vient le cardon de No√´l ? Sur La Planche !
_N9ha-7Boqc Ì†ºÌΩæ Pourquoi On Dit... \
_pfPqLCPKtg Ì†ºÌº∏ √Ä fleur de peau ? Observez ces orchid‡∫ûs Ì†ºÌº∏ #ChezJamy - Confinement Jour 32
aq9zw82-a3I Ì†ºÌæÉ Citrouille et potiron : quelles diff√©rences ?
azVlhz5q28k Ì†ºÌæâ Bonne ann‡∫û √† toutes tous Ì†æÌ¥ì #Shorts
b2-z9hFhXyY Ì†ºÌºã L'incroyable origine volcanique des ciels rouges de Turner
b40htkjiAoI Ì†ºÌºä Comment se forment les mar‡∫ûs ?
bPT3rFalapc 5 animaux quasi immortels | TOP 5
bzJXWLgJnXw Ì†ΩÌ¥•  Comment marche une allumette ? #Shorts
c33KiNRItFY Ì†ºÌæÖ Pourquoi le p√®re No√´l est en rouge ? #Shorts
c9eQA4qyGG8 Ì†ΩÌ±î Pourquoi On Dit... \
cT-cBImvj7M Ì†ºÌΩê La Poire : ce fruit dont raffolaient les rois Ì†ΩÌ±ë
cY-FCgET6TI What's the secret to the Perfect Pizza?
cdRUrvhfDWQ Ì†æÌ∂† Comment fonctionne le vaccin !?
crwdzTHonc4 Ì†ΩÌ∫¨ Les fausses bonnes excuses pour ne pas arr√™ter de fumer Ì†ΩÌ∫´
cybeqjQ_6ms Ì†æÌ∂Ü Pourquoi les canards n'ont jamais froid !? Ì†æÌµ∂
dful7toXdWA Ì†ΩÌ≥Ö Le lundi de P√¢ques Ì†ΩÌ≥Ö #ChezJamy - Confinement Jour 28
e7FL2PNTUsw How are candies (really) made?
eH2P9qLbkoc Ì†ºÌΩ¶ Pourquoi la glace fait-elle mal √† la t√™te !? Ì†æÌµ∂
eIDhqnT86lw Ì†ºÌºã The Piton de la Fournaise has erupted!  Ì†ºÌ∑∑Ì†ºÌ∑™ #AtJamy's - Containment Day 21
eYeRjAeVNHc Ì†æÌµï Pourquoi les carottes sont oranges !?
f358ml62hOk Ì†ΩÌ∫Ω Pourquoi a-t-on envie d'uriner quand il fait froid ? #Shorts
ftq1bhw4wGA Ì†ΩÌ±ë Pourquoi tire-t-on les Rois en janvier ?
gMBpk14Hahg 3 lieux extr√™mes sur Terre #shorts
glUzKPQYuh4 ‚ùÑ Pourquoi les ours polaires n'ont pas froid !? #Shorts
hXAVJbDDaV0 Pourquoi dit-on d'un homme qu'il est un Don Juan ? #shorts
hh0N1Ms9eY4 Pourquoi dit-on \
hxcOu7oadJw Epicurieux, bienvenue dans l'aventure Ì†æÌ¥ì
i4vPB3hJuSU NETTLES Ì†æÌ¥ï #ChezJamy
iDKdPABPBBI Ì†ΩÌ∏≠ Why does the onion make you cry?
jQTuqNsj2Vw Ì†æÌ¥î Pourquoi les flamants roses sont roses !?
jq1RYB4TjNQ ‚ôª World recycling day ‚ôª #ChezJamy - Containment Day 2
kA65XKugnsc Ì†ºÌº∂ Pourquoi le piment br√ªle !? Ì†æÌµµ
luyHWKJn-GI Ì†ΩÌ≥ö Le livre voyageur : partageons les belles histoires ! Ì†ΩÌ≥ñ #ChezJamy - Confinement Jour 5
m3tSuD2_h0U Ì†æÌµö L'histoire de l'oeuf de P√¢ques Ì†ΩÌ∞£ #ChezJamy - Confinement Jour 26
mNA-MWRrdtk Ì†ºÌºè Pourquoi ne sentons-nous pas la Terre tourner ? Ì†ºÌºè #ChezJamy - Confinement Jour 52
n6M7NnV37l0 Ì†ΩÌ≤â Quelle est l'origine du mot ¬´ vaccin ¬ª ?
nIp3lHrZBUI Ì†ºÌøî Classes d‡∫úouvertes en Auvergne-Rh√¥ne-Alpes Ì†ΩÌ∏É
nqwCi1xc9Tg Ì†ºÌΩØPourquoi le miel ne p√©rime pas !?
nyIt0cbMoy8 Ì†ºÌº¨ D'o√π vient le vent ?  #ChezJamy - Confinement Jour 14
oCHpO1-9MZg Ì†ΩÌ∞ö Pourquoi entend-on la mer dans un coquillage ? Ì†ºÌºä #ChezJamy - Confinement Jour 51
osYdM8ejN2s Pourquoi dit-on √™tre plein aux as ? #shorts
ot0vsLHwLO0 Pourquoi fait-on de la fum‡∫û avec la bouche quand il fait froid ? Ì†ΩÌ∏óÌ†ΩÌ≤® #Shorts
pdwxfewdwoI ‚ùÑ Comment produit-on la neige artificielle ? #Shorts
pthaN3Cm9ro Ì†ΩÌ±Ä Pourquoi pleure-t-on ? D'o√π vient l'acn√© ? Pourquoi l'urine est jaune !? Ì†æÌ¥ì FAQ
q0Y-XL2vMmc Ì†ºÌΩæ D'o√π viennent les bulles du champagne !?
qrkztgCaAt4 Ì†æÌ¥ù La poign‡∫û de main : origine... et alternatives Ì†ΩÌ∏õÌ†ΩÌ∏∑ #ChezJamy - Confinement Jour 41
rDdXVXEKGic Ì†ºÌºû Photosynthesis Ì†ºÌº± #AtJamy's - Containment Day 20
rW1-d7j73g4 Ì†æÌµñ Pourquoi y a-t-il des trous dans le pain ?
sGWpHC56ht0 Q #DisJamy - Vos questions sur le lancement d'√âpicurieux Ì†æÌ¥ì
sOSboG1eKyM Ì†ºÌ∑®Ì†ºÌ∑≠ La Suisse
sRWI9nvgB1E Ì†æÌµû Pourquoi fait-on des cr√™pes √† la Chandeleur ?Ì†ΩÌ±®‚ÄçÌ†ºÌΩ≥
sih7BHqLQxU Ì†ºÌº∞ Ch√¢taigne, marron : quelles diff√©rences ? Sur La Planche ! Ì†ºÌΩΩÔ∏è
tFcci1F2t7w Qui est l'inventeur du Wifi ? #shorts
tjfi4-BGMCE Ì†ΩÌ∫∞ Notre corps est constitu√© √† 6†∏µ‚É£% d'eau !  #ChezJamy - Confinement Jour 6
u2V5R5mZDXc Ì†æÌ¥î Pourquoi On Dit... \
uZp0VBz0hVk Pourquoi On Dit... \
ux2JuPglPhU Ì†æÌµá La dr√¥le d'histoire des JO
v1D5E3qo-IM Ì†ΩÌ∏ê Pourquoi on dit... \
vI4pfWU_zd8 Ì†ΩÌ¥≠ Pourquoi parle-t-on de trou noir ? ‚ö´ #ChezJamy - Confinement Jour 25
vMIed3rlZtg The great mystery of the baguette
vjRHE66Ul2E Q #DisJamy - Vos questions sur la moutarde, les feuilles d'automne et le Vend‡∫û Globe
vlcpORmYr0w ‚ùì FAQ #DisJamy Ì†æÌ∂ñ‚òÑÔ∏èÌ†ºÌæ∂Ì†ΩÌ∫Å‚öúÔ∏è
vq09O-VXG2Y Pourquoi avons-nous les extr√©mit√©s du corps froides? Ì†æÌµ∂ #Shorts
w350H26pYwA ‚õµ Vend‡∫û Globe : comment ces bateaux font-ils le tour du monde !? Ì†ΩÌ∏Ø
w9OhqgY1JGc ‚òïOn parle vulgarisation avec Bruce de la chaine E-PENSER
wUM5wEstvQY Ì†æÌ∑Ä  La folle histoire du Saint-Nectaire !
wg19OicGGiA Ì†ºÌº± Herbe et cataire : pourquoi nos chats sont fans ? Ì†ΩÌ∏ª
wqGAEojt8o0 Ì†ΩÌ∫ó La voiture √©lectrique ‚ö°Ô∏è
wuuFlGaQY4k Ì†æÌµµ LA TRANSPIRATION Ì†ΩÌ≤ß
xVn26z8oK_E Les lieux √† d‡∫úouvrir √† l'√Æle Maurice Ì†ºÌºã avec Bruno Maltor
y2X_4cnDqYU Ì†ºÌºù Cette nuit : plus grosse pleine lune de 2020 ! #ChezJamy - Confinement Jour 22
yM1AF5YW3jI Ì†ΩÌ∞å Les escargots en bavent autant que nous. Voil√† comment Ì†æÌ¥ì #ChezJamy - Confinement Jour 33
zW828D4MYzM Ì†æÌ¥ß Why do you close your eyes when you sneeze? #AtJamy's - Day 19 Containment
zb0S0CDMiIc Ì†ΩÌ∂äÔ∏è Savez-vous √† quoi sert le petit trou du stylo Bic ? Ì†æÌ¥ì #ChezJamy - Confinement Jour 29
zbVbCgcx42U ‚òÅÔ∏è Pourquoi les nuages sont blancs, gris, ou presque noirs ‚òÅÔ∏è #ChezJamy - Confinement Jour 45
zbh5_TSAWvk Pourquoi dit-on faire l'autruche ? #shorts
zcqNNobJ6aE Ì†ΩÌ≥± Les fake news VS notre cerveau Ì†æÌ∑† avec HugoD‡∫úrypte
