-VanvsFB-4U Comment transformer un conservateur en ຜolo ? [PSYCHOLOGIE ET POLITIQUE]
0H2bp50M88c Un peu d'histoire: Sparte et son fonctionnement politique (LaChroPol#2)
1NF_DHRAkLA ISRAEL / PALESTINE : quelques faits pour sortir du manichéisme
1PrMRu7bknQ Féminisme post-moderne: une idéologie contre les femmes ? Le cas de la question transgenre
2hYni1_d8kI [CRIME ET POLITIQUE] Un parti fran๺is a du sang sur les mains, mais lequel ? (un peu d'histoire)
3YTK31tE6L4 Comprendre la crise au Venezuela (2/2) : Maduro et la crise ຜonomique et politique (LaChroPol #5)
3v5gwflIMmE Comprendre les idພs du géographe Christophe GUILLUY (géographie, France périphérique ...)
4VUIwsR9ZQA A quoi sert le sénat en France? (sur le bicamérisme et l'équilibre des pouvoirs)
6Ea8D5xS_bM [CRISE ECO] Entreprises ZOMBIES : quel DANGER pour l'ຜonomie ? (Tesla, Uber... vers la crise ?)
7RmMRZQiTiA GUERRE UKRAINE-RUSSIE:  TOUT SAVOIR SUR LE GENOCIDE AU DONBASS
8N1SRJ0pNAU GUERRE EN UKRAINE: être droitard et pro-russe, une trahison des valeurs occidentales?
8gr6llHmOG8 Une histoire de l'esclavage aux USA à travers la question géographique
9mqBS_URtt4 Itinéraire d'un militant (1) : mon parcours universitaire, mes études, etc
9qTbIwDKGY0 Une histoire du NEOCONSERVATISME aux USA (comment des Démocrates deviennent Républicains)
Cs207PVMQwQ \
G-gSMQqvK64 PRINTEMPS REPUBLICAIN : quel avenir à gauche? Analyse à partir du livre d'Amine El Khatmi
HHAfYFvm8X8 Vers un néoconservatisme à gauche en France ? [islamogauchistes contre néors]
IEf1Fh9Cg2I Mais qu'est-ce que l'islamogauchisme?! Dຟinition d'une insulte très politique (LaChroPol#6)
JkX97n1it8w LaChroPol: présentation de la chaîne (2019-2020)
LnkvcOaFWRU Mahomet et les Juifs : aux racines de l'antisémitisme musulman (sur le \
RYrzJsMFx4I La໼ité : remarques/rappels historiques sur une notion dévoyພ au nom du \
TW64LlJnGv0 ETATS-UNIS : la police commet-elle des crimes racistes ? (ce que disent les statistiques)
Tgf-IT3OzRU LE ROI LION, UN DESSIN ANIME OPPRESSIF, SEXISTE, RACISTE, HETEROPATRIARCAL (je rejoins le Wokistan!)
Tiw_hCFX0MU QU'EST-CE QUE L'ANARCHISME ? Bases théoriques, courants de pensພ, etc
XbBHVuaeC2A Macron: dຜryptage et analyse de son discours (LaChroPol#4)
ZjPW1bhbFQg Quand l'antiracisme vire au racisme (histoire d'une insulte \
aYBeTGQtJfM MELENCHON, 10 ans hors du PS: rétrospective de ses stratégies et analyse de la France insoumise
bmQNT1unyGc Une réponse à Usul et à ses arguments douteux dans «਌ommunisme et objectivité »
cLCXZr09xsM Charlie Hebdo vs Mediapart : Edwy Plenel expliqué en 3 minutes (quand Edwy soutenait Septembre noir)
dhdULp74LqY Le Parti Socialiste a-t-il trahi la Gauche? ( comprendre l'ຜlatement du PS)
e-2z7cQLgwM DES MILITANTS ANARCHISTES DÉNONCENT LE WOKISME DE LEUR ORGANISATION ! Analyse du texte de démission
fP9l-glGsfA Qu'est-ce que la DEMOCRATIE ILLIBERALE ? (Pologne, Hongrie, Union europພnne et démocratie)
fU48__o8Lvs Comprendre la crise au Venezuela (1/2): les annພs Chavez
gNRT0qNQDWk Dt ZEMMOUR vs MELENCHON : dປrief et analyse (qui m'a convaincu?)
gYGFjRjdQyY Le Media, journalisme engagé ou propagande? (Occurrence, un comptage fiable?)
hJKPSIayx1A Panafricanisme / afrocentrisme : quand l'idéologie vire à la pseudoscience
hLh88qlHAW8 ERIC ZEMMOUR : analyse des derniers mois (antifas, candidature, haine mຝiatique, avenir)
kVFXtv1IEpQ #GAUCHE : Partis/syndicats : pourquoi des relations aussi compliquພs ? ( Charte d'Amiens et autres)
n0R89BNuCfY Démontons les arguments pro-ຜriture inclusive (sur le féminisme radical et le structuralisme)
nWPggMEXwrQ Sociologie électorale: existe-t-il des musulmans de gauche en France?
oJ2L7UtYjtI HOUELLEBECQ : Soumission, analyse d'une fiction politique polémique (un roman islamophobe? r?)
oa6gD2vOj9Q La gauche universitaire contre la démocratie ? (sur les théories du genre et l'ຜriture inclusive)
olssjd-0PnE Quand des FEMINISTES assassinaient des enfants trisomiques au nom du progrès
q6SHgieSZqE [ISLAM] Chiites / sunnites, quelles différences? (historiques, théologiques, politiques)
qWqTmyRP4ho Qui sont les inspirateurs de Mélenchon ? (sur le \
qY41hRGGYg0 Business: quand la FRANCE vend des technologies MILITAIRES à des DICTATURES (sur Osirak)
tCwwgPYmxnw Le BLACK BLOC, c'est qui ,c'est quoi, d'où ๺ vient ? (tout comprendre sur le fameux Bloc noir)
tT4fcn-2xFM UNEF : mon expérience avec le syndicalisme étudiant (magouilles, pratiques douteuses...)
tuVK5XmfUcI L'Union Europພnne, une DEMOCRATIE digne de ce nom ? (des institutions europພnnes bancales?)
wg_ezDIoQEs RETOUR SUR LE PIRE 14 JUILLET DE L'HISTOIRE ! (Back to the 80's! #JackLang)
xOc2xuHiNIk Comprendre la Corພ du nord et son idéologie délirante (Juche, nuclບire et dictature)
xqzcR3mBs0M [UKRAINE] EUROMAIDAN, rຜit d'une REVOLUTION en Europe (histoire, fonctionnement, etc...)
