0X4e2OSzHTA La Matière noire
0oe32CrcYPM Tomber dans un trou noir rບliste (VR 360°)
21RiZ39Y1Vk La Dຜohérence quantique
2PMKHJU5TC4 L'Expansion de l'univers
30mRF1ctMWw Les Trous noirs sont des Bulles de lumière
4BANxqiLH1A La Sélection naturelle
5QQHwyzwxyE Électrodynamique quantique et Diagrammes de Feynman
7hXdlNZJ_BY Une nouvelle façon d'illustrer la Relativité Générale
7zHoVF9m-xU Relativité Générale 8/8 - Résumé et Applications
9IkT7L0PyVE Le Système solaire
9fUwhR9ANfQ Relativité Générale 2/8 - Vitesse spatiotemporelle
9o-g1FNoX40 Le champ Électromagnétique
CU-xsDckAGI La vie d'une Étoile
EkE229ybABc Où va le temps dans un Trou noir ?
H5Mpw4oSojw Les Trous noirs
J3FYIgIvJuE Relativité Générale 3/8 - Géodésiques
Ki86Apbro40 The Doppler Effect | ScienceClic
KiJ9xr8_GSI L'effet Coriolis
NVOEnu2X71s Relativité Générale 4/8 - Métrique
OSNBW41rFwY Les Forces sont-elles des illusions ?
PmbNWJY6yQk Le Vide
PqZyHgm6o-c Les Symétries de l'univers
QPnKnlt7LPs Les Mirages gravitationnels
QpppDWL3z-w Le Rayonnement de Hawking
RLp5T-0jSfk À la dຜouverte de Saturne | Documentaire immersif
SGE8T1o0IKs Relativité Générale 7/8 - L'équation d'Einstein
UATFH3ChivE Les Salles anຜhoïques
UGVmRhzNUdQ Relativité Générale 6/8 - Flux d'énergie
UQHqqdKFVn0 Gravity according to Einstein | ScienceClic
VE0dyCLTLcQ L'Énergie sombre
Va-WLeObSSo La Superposition quantique
WpUbR8eWXEk La Matière baryonique
WsPM-vdXmbY La théorie Quantique des Champs
Xy07QVrE2lY Les Trous de ver
YzQhjOLLuAs 30 Questions scientifiques
_iZ9cl0CCA8 Relativité Générale 5/8 - Courbure
_m6ObgJozVw Le théorème de Pythagore (Pilote ScienceClic)
_mYfze3NTD4 L'effet Centrifuge
_vt9P0nKCWo La dualité Onde-Corpuscule
a4c_Vomo0BY L'Antimatière
bqMXlgUZCVw Température et Chaleur
cjMfVe8wScM Visualiser la \
ctxhR2O66hk Le Plasma
eaibXuVXo5s Les Ondes électromagnétiques
efQNpe7GOAw La Relativité générale
f0e-Soo1qFQ La théorie des Cordes
fAueNOcLhNw La Lumière
feu644HOgIY Quarks et chromodynamique
flz_aSIJS0A Entropie et flຌhe du Temps
gzGUio7rBQk Les ಜhelles de l'univers
hmMak2lMJNs Le Son
hv5EhRlx-DA Les Ondes
kELX0GEQ0H0 Plus vite que la Lumière ?
l6qcSTNbJuw Que verrait-on en tombant dans un Trou Noir ?
lPrZZLfcBVU L'Apesanteur
mZWA2UetWAg La Gravité selon Newton
nF-RlZF3g1I Le Modèle standard
nOuDInZRVhY Géodésiques et Relativité
q0MDIsEjhR4 Rຟraction et mirages
rNUwjlXR8fg La Relativité restreinte
sBd3Pvg785U Les fluides Supercritiques
sg2BBldgKpo Relativité Générale 1/8 - Ligne d'univers
su3enZAh2v8 Pulsars et Étoiles à neutrons
tlsnXIVS6D0 Les Orbites
yCww8oYqQeU La Formation du système solaire
