00dH2kvbndk L†Üûngouement pour les vid√©os scientifiques - Table Ronde Festival Vid√©osciences [FVS2017]
17cNUsu7coU Fake news, tous coupables ? | Angle Droit | Le Vortex#44
1Sens0ETEpY Le Redoutable : visite d'un sous-marin nucl‡∫öire
3Kib786d49E Qui Veut Gagner Des CrÓßûnces? (Jeu TV Live !!)
3dGYIeJB1Ko Replay Twitch : Ì†æÌ∑Ω Tout sur le blob avec Audrey Dussutour
4o1E4rmBHV8 Pourquoi RAOUL Est TOUJOURS Un H√©ROS Ì†ºÌøùÔ∏è
5Bhfmmd1z-I Teaser Saison 4 I Les vacances du Vortex !
5ioYlx3a5dk Pourquoi on aime les serial killers ? | Un Cr‡∫ötif | Le Vortex#26
6lFNZWgviyo On n'a jamais march√© sur la Lune / Mytho-th√©ories - Info ou Mytho
7rPpdvTPTZk #CEPHALUSLIVE au #PAF2020 avec Science du Comptoir, Seb #leSOW, Science4all, MrPhi, Robin Isnard
90QzvfSkghA Les petits cacas de l'espace, c'est la vie ? | Science de comptoir | Le Vortex#29
93ZTC_04gt4 IL LECHAIT LES CAILLOUX : le collectionneur s'√©touffe !! | Angle Droit | Le Vortex#31
948_mkXO0aQ JE FERME UNE G√©ODE ?!? (et c'est incroyable)
A-cBOwjCECY Les Reptiliens / Mytho-th√©ories - Info ou Mytho
AHT9BdqL9Zw Myths Cleaner #03 The Other Land of The Gods (The return of the revenge)
DY_X8szLrbU La philosophie morale ne sert √† rien ? (ft. Valentine de Science de Comptoir)
DmWVqpj0uPI Les FAILS des VULGARISATEURS et aussi le zircon
EqF_bNq2Xg0 La vie sociale cach‡∫û des ¬´ pingouins ¬ª (Science de comptoir feat Aude GG)
FRSUfIUipmg FRAMES Live #5 - Valentine (Science de comptoir) et Thibaut (Monsieur Phi)
Fdf69qCiSrs Ì†ΩÌ±∑ ON A VISIT√© UNE MINE ABANDONN‡∫û (et ta maman) Ì†æÌ∑®
HHCiNPtR1NI Peut-on pr‡∫ùire les futurs crimes ?
HNqu_Q7V4rA \
HhLFGElO4D8 Fin du game pour le p√©trole ! (et c'est chaud) | Stupid Economics | Le Vortex 48
IQB4A4EEr4E La Terre plate / Mytho-th√©ories - Info ou Mytho
J3r36awGX-s Une LANGUE pour les GOUVERNER tous ! | Linguisticae | Le Vortex#32
Kdtd6Zv1ktw [#FDSLive 4] YouTube et le format vid√©o au service de la m‡∫ùiation scientifique.
L6eLV2D7IZo Les Illuminati ? / Mytho-th√©ories - Info ou Mytho
LimoOg7WFrw Les chemins du vivant | Marie Wild | Le Vortex #47
M-0pk1MuWao Qanon / Mytho-th√©ories - Info ou Mytho
M3Rd8twwZlY ‚úàÔ∏è Maryse Basti√© - La bravoure et l'amour du ciel
OPvBLG4LTqo Une histoire des parcs d'attractions parisiens (Doc G√©raud feat Science de comptoir)
OhjARTjyOXk Pourquoi Red Bull ne donne plus d'ailes ? | Un Cr‡∫ötif | Le Vortex#30
Q2VAW831408 Dites-le avec des angiospermes Ì†ºÌººÌ†ºÌº∑Ì†ºÌºπ | Un Cr‡∫ötif | Le Vortex#35
QQ3Hc3jnBP8 Pourquoi Kaamelott ne fait pas rire tout le monde ? | Linguisticae | Le Vortex#28
RDCbo-TTYnw Ivre, Elle L‡∫åhe Des Cailloux (Pour Une Bonne Raison)
SNNrT1B_xI4 Le b√™tisier de la saison d'√©t√© :D
SfRkIVzcM50 Comment vulgariser l'√©nergie ? - Festival √ânergies & Oc‡∫ön
T2D4qwOAKms Prostitution √† la Une : un tabou dans la presse (On se laisse la nuit feat Science de comptoir)
TB25Vvhk4Sg Mercredi 9 septembre 20h : QUIZ !!
TTD-wCmvHLA Vous ne savez pas pourquoi la musique est bonne | Florent Garcia | Le Vortex #39
UnmcZlEUaM4 Ì†ΩÌ∏† Ne Dites Plus CAILLOUX !!!! Ì†æÌ¥¨ ft. Fiona
WX4rNCRd0K4 TRAILER SAISON 3 / LE VORTEX
WYbdxAVg5ls D√©rider la science, ft. Valentine Delattre de Science de Comptoir (Salon de Th√© #1)
WchWa3lgJRw LES MATRICES, C'EST QUOI AU JUSTE?
X1EXsXFa-dQ Science VS Fiction - Marathon mini-conf√©rence [PAF2018]
Xpm-8ZVXrHg MiniConf G√©ole n‡¨à - Valentine Delattre - Science de comptoir, vulgariser la g√©ologie sur YouTube
XyGiyAw6cCo Valentine Delattre \
XycSCp9SeeE STORYTIME: IL M4A BRIS√© LE C≈íUR (en mille morceaux parall√©l√©pip‡∫ùiques) Ì†ΩÌ∏∞Ì†ΩÌ∏≠Ì†æÌµµ
Y75kkQrGUAw Ì†ΩÌ≤ÉÌ†æÌ¥π‚Äç‚ôÄÔ∏è PERDRE DU POIDS SANS SPORT AVANT L4√©T√© ¬ß¬ß¬ß¬ß Ì†ºÌΩ®
Z7UmYuaENiY Quand Ì†ºÌΩëÌ†ºÌΩÜÌ†ΩÌ≤¶ remplacent les mots | Linguisticae | Le Vortex#34
_K6R_tHmdDg Ì†ΩÌ¥¥LIVE 12 | La FABULEUSE aventure de la datation de la Terre (Cheh Darwin) Ì†ºÌºç | Science de comptoir
a6g4nLLkBdk Une femme sans pudeur est comme un plat sans sel | Science de comptoir | Le Vortex #38
aBG0P9P0vxM √Ä quoi sert le rire ? | Science de comptoir | Le Vortex#25
bXBfuukv904 √Ä qui appartient l'Antarctique ? | Angle Droit | Le Vortex#27
bilIQ8xweew LA PIRE BLAGUE SUR LES L√©PREUX Ì†æÌ¥° (c'est honteux)
d5zRNrGKoQE Interview Science de Comptoir [PAF2018]
dXWX0T5bMNk Ì†æÌ¥†Ì†æÌ∂ñ 24H dans la peau d'une G√©OLOGUE (ft. @La bo√Æte √† curiosit√©s ) Ì†ΩÌ≤é‚õè
dsTY8dUIf8U Ta Grosse Concierge Folle d'Amour
gUVITE9dRfY L'animal est-il un meuble ? (oui) | Angle Droit | Le Vortex#33
jdWX-tYCHCk CRACS 2017 : YouTube, un tournant pour la vulgarisation scientifique ?
jqQ8yiQzeRM VsurV #3 - Science de Comptoir & Dirty Biology
lDRQTJ0y-7Y Ì†ΩÌ∞ü √©OLIEN EN MER & BIODIVERSIT√© : mariage (mal)heureux ? Ì†ΩÌ∞† ft  @Le R√©veilleur  & @monsieur bidouille
lhbGHInmfxc Tu n'es pas le centre du monde (mais tu avais de bonnes raisons de le croire) | MrPhi | Le Vortex#41
lx8W4ZM8Q_0 On a FaceApp√© Jean-Michel Aphatie Ì†ΩÌ∏ÇÌ†æÌ¥£Ì†ΩÌ∏≠
mJflQJA4rzs Ils nous VOLENT notre TRAVAIL ! | Linguisticae | Le Vortex #37
ni98BrNBP_A La limule, cette mamie au sang bleu
pUdJ5BphNz4 Pourquoi les roux puent ? | L‡∫ö Bello | Le Vortex #40
qj3qj6Fhy2s CRACS 2017 : La vid√©o dans l'enseignement : YouTube va-t-il remplacer les manuels scolaires ?
qvjJDXg1Cpc Ì†ΩÌ¥¥ Les CAILLOUX PENSENT-ils ??¬ß¬ß ft. @Monsieur Phi et @Homo Fabulus
qyCt9HcYaas Les super-h√©ros sont-ils tous de droite ? | C†Üûst une autre histoire | Le Vortex #42
rHLTEpr_7tM Blindtest de philosophes - Ft. @Science de comptoir @Trucs de philo et autres philosophes √©m√©rites
rRBEE9-8cSs La France est-elle encore catholique ? | Linguisticae | Le Vortex #43
ro2mAGCdAPw SmartPoop : Mon nouveau livre de science-fiction !!
sx5qDPVV3Ug Cr√©tins des Alpes : ou pourquoi votre sel est Iod√© (Science de comptoir feat On se laisse la nuit)
tDHVdxewFsQ [MC3M 2017] Science de comptoir
tLLOY_nzdcc Nuit blanche des chercheurs 2021 - Le replay
ttaPgMlqHME CRACS 2019 : Youtube, un endroit r√™v√© pour les sujets de niche
uZEumZFFfX0 ‚ö° 24H SANS ONDES CHALLENGE ! (j'ai r‡∫ölign√© mes chakras)
vbRzlNLNf9A Interview avec Valentine Delatre - Science de Comptoir
veNMtTKdnpM Quelle est la meilleure des sciences ? (D√©so les p‡∫ùologues) | Science de comptoir | Le Vortex #46
vzLVLtn1eZ4 Ne pas tomber dans l'oubli en mourant correctement | Science de Comptoir | Le Vortex #36
x3aQj49nMMo Bande Originale - 24h de la vie d'une g√©ologue
xOqcgkg61Xg Quand la notion du temps n'existait pas ! | Nota Bene | Le Vortex #45
xWex5aTnneU Les chemtrails / Mytho-th√©ories - Info ou Mytho
ye7jyJx4RZw Ouverture des √âtincelles du Palais de la d‡∫úouverte - Mercredi 9 juin 2021
z0Hi9Q22Y-A CRACS 2019 - S†Üûxprimer m√™me si on n†Üö rien √† dire, un effet pervers des r√©seaux sociaux ?
