04MnmN_0b-I Est-il rationnel de voter ? (feat . A. Downs et M. Weber) - SocioloQuick #5
6bXbPGilwAI Le Granit vote à droite, le Calcaire vote à gauche - SocioloQuick #3
7Wwqk9CBqcg Aux origines des Zombies (2/2) - SocioloGeek #5
AOzYGcaAYMI Pierre Bourdieu : Ceinture Noire de Sociologie - SocioClassic #3
HbUTAq0yiLw Du clone à l'individu (Star Wars) - SocioloGeek #3
LK8Kr88qzuw Norbert Elias - SocioClassic #1
MEhSEjCSREI Noël, un rite moderne (feat. Levi-Strauss) - SocioloQuick #4
VkFgZA0OU7Q Jouer un rôle - SocioloGeek #8
WrXqTIRTnio Sport et Civilisation - SocioloGeek #6
YtrG8LZypWA Matrix et la socialisation - Sociologeek #2
_JkSgom8X68 Aux origines des Zombies (1/2) - SocioloGeek #5
dC4iJIAvdU4 Lévi-Strauss chez les Dothraki (Game of Thrones) - SocioloGeek #4
dKzfBKqFCXU Mark Granovetter - SocioClassic #2
exVsg-W1B9M La voiture libère les femmes ? - Hors-Série #2
fnkSkRpCaPk Salaire et masturbation - Hors série #1
hiysC4wKefo Qu'est-ce que la sociologie ? - SocioloGeek #1
mo2qcKaaiyc De la littérature à la sociologie - SocioloGeek #1.2
rSktRAnk9p0 Introduction aux réseaux sociaux dans Game of Thrones - SocioloGeek #7
rsUI9Bs77Oc La mode - SocioloQuick #1
yK0MxbYrazA Addendum Structuraliste (ຜole, patriarcat, langage et féminisme) - SocioloQuick #2
zaqwqTuWohs J'ai ຜrit un livre ! - SocioloGeek Annonce
