0fFoSVVMl6o Le problème avec la représentation des combattantes kurdes au cinéma
2ndgnb6-_5k L'ART COMMME OBJET SOCIOLOGIQUE ft.Charlotte @une_peinture_une_histoire
72Z8zia47F4 Bibliothèque tour
7dX9X1gvrxY Pourquoi j'ai failli ne jamais faire de thèse - Mon parcours
GiyOhl6X3bQ Lectures, déménagement & couchers de soleil - Journal de thèse #2
JYkGQ4l3_5U MON NOUVEAU PROJET - La sociologie en mouvement(s) - 00
LzS3Ok22a1w BILAN CULTUREL #2 - Annette, You, Petite Maman, The Father, livres & podcast
MBfaaBeNHJ0 CE QU'ON NE VOUS A JAMAIS DIT SUR LES SORCIÈRES
NaE-SV7ELMs L'ຜhec de mon départ sur le terrain - Journal de Thèse #3
VPz-5z5ag7A Le problème avec les sondages
WJuE2ZUFYlE Pourquoi y a t-il plus de droitiers que de gauchers ?
aJEI2NVC2sA La prison est-elle obsolète ?
boiu-o8jPTQ Voyager seule quand on est une femme ft. Lucie Azema
fWyQDEaxfYY Végétarisme, véganisme : un truc de privilégiés ?
l51JU2p5fgo Le problème avec le journalisme d'infiltration
mW3xMWxWeVI Dປut du doctorat de sociologie & déménagement en Turquie - Journal de thèse #1
oH_WBaftMdk Le Mouvement de Libération des Femmes MLF - La sociologie en mouvement(s) - 01
p0HeOvC4d4o MES CONSEILS D'ORGANISATION POUR LES ETUDES / Zotero, Motivation, Pomodoro
qKR5JydzgBs Les universitaires qui ont changé ma vie
t9KtUGZ2_XM Conseils de lectures pour s'initier à la sociologie
tCu98QIYjg0 FEMINISME, BLACK PANTHERS & POMME I Bilan culturel #1
yeXw2NgDgKQ La langue fran๺ise est-elle sexiste ? ft. Eléonore de Beaumont
zsqXPbeWXdw La puissance politique des mères
