1eNY4WCNm0s L'Union Europພnne : qui fait quoi ?
27-kmwIiKjM Les compétences des Collectivités Territoriales ! #CollectivitésTerritoriales E02
8tza3wZuL8U Qui est le Président ? #NosReprésentants E04
CUEvlZ6jlV8 Le Parlement Europພn #InstancesPolitiques E03
ElvrRdldNdQ Communes et Intercommunalités #CollectivitésTerritoriales E03
F9fYE5dfm98 Qu'est ce que les Partis Politiques ? #OrganisationPolitique E01
GClHcUbC6HU Qui sont les Sénateurs ? #NosReprésentants E01
GyW-A43m1jw Qu'est ce que le Conseil Constitutionnel ? #NosReprésentants E05
I_g72GzF51w Qu'est ce que le gouvernement ?  #InstancesPolitiques E02
PnNdgYhfJPo Qu'est ce qu'un Dຜret ? #Normes E02
QBXaaWKFLO0 Qui est le Maire ? #NosReprésentants E02
SVW_bYjTz7M C'est quoi les Collectivités Territoriales ? #CollectivitésTerritoriales E01
bGzT1PIsJO8 Qu'est ce que la Constitution ? #Normes E03
djncoBoH2qk Qu'est ce que le Parlement ? #InstancesPolitiques E01
iGV9LQjNvao Les différentes intercommunalités #CollectivitésTerritoriales E04
jhafojsh6So Comprendre les élections législatives #Elections E01
qxuu992e7qs Comment on modifie la Constitution ? #Normes E05
urmhE-ENaE4 Qu'est ce qu'une ordonnance? #Normes E04
wZQouwTArQ8 Qu'est ce que la loi ? #Normes E01
xRVBZjkVj24 C'est quoi la République ? #IdພsPolitiques
z61vMJ31gMQ Qu'est ce qu'un Député ? #NosReprésentants E03
zu40-KUPijM Ordonnances VS 49-3 #Normes E05
