-DuOex7iWBU Un piano virtuose | #BA2Sc #16
0rRYGtqEGvk De la glace dans le champagne ?! - ZdS#6
1NVvkVMIVTo Des arbres... en stress ! Ì†ºÌº≥ | ZPP#04
2XGbOaE38m0 Costume insubmersible et hangar gonflable | Dr√¥les d'inventions #01
2sKzPy-cmGw La science des ballons - ZdS#1
3vD34iu9fAA Les gouttes qui pulsent - ZdS#10
4mFNQk5Wie4 [Rediff.] Ì†ΩÌ¥¥ LE GRAND LIVE : @Un Cr‡∫ötif  @C'est une autre histoire  @Linguisticae  @Micode etc...
4zEisa6_MGU Le repas du futur | Zeste de Science & Manon Bril | Le Vortex#20
5tSnQXGRJuU Comment mod√©liser une foule math√©matiquement ? | ZdS#25
73c00M8AYSI Gare aux dards ! - ZdS#17
7QXrrU7wp30 L‚Äô√©lectrom√©nager a-t-il r√©volutionn√© la vie des femmes ? |Manon Bril & Zeste de Science|Le Vortex#18
B9WKC2bQu0A Le myst√®re de la reine des termites | #BA2Sc #12
CCXtQm9Ncu0 Comment faire danser le disco √† un bout de plastique ? - ZdS#9
CEq1aJeBfZo La fiabilit√© des articles scientifiques | Hygi√®ne Mentale & Zeste de Science | Le Vortex #15
CtCK75lfE7A Peut-on simuler l‚Äôhistoire du cosmos ? - Feat. Sebastien Carassou - ZdS#4
CwE36-XUFUU Votre cha√Æne ZdS s'√©largit !
Dqaskkju8sU Le t√©lescope des abysses | #BA2Sc #17
Dz9ub0Y47sk Une fourmili√®re virtuelle - ZdS#7
ECRbQJdqeVU Cris et chuchotements des cellules | ZdS#39
F4PDTG-D9Pc Pourquoi le vin remonte sur le verre ? #larmesDuVin
FFwQY4LxEHw Est-ce que Facebook a toujours exist√© ? | Puits de Science #01
G-hstOuZ5EE Quoi de neuf chez #ZdS ?
HHYGUZf54Ys Les aventuriers du littoral perdu | #BA2Sc #07
HIo5WqLYg_o Pourquoi devons-nous tout mesurer ? | Puits de Science #02
H_ximF3oFIU Comment tu regardes l'art ? - Feat. NaRt - ZdS#15
HmkC8nmJNFI Drones : Independence Day | ZdS#33 (mini)
HrOYkgpKYDs Une chimie verte qui se fait dans l‚Äôherbe Ì†ºÌæµ | ZPP#03
I-DBgozFiuE Il entendait quoi l'anc√™tre des baleines ? - ZdS#5
Inht0oOXMgQ Des momies tomb‡∫ûs du ciel | ZdS #40
IwGxNh5TKzo Nano Future | #BA2Sc #19
Jk6UnicJRhw TRAILER 2.0 / LE VORTEX
KbRPMl3lnPw Le Signal | #BA2Sc #04
LgIp9-mv5So Un peu de physique d√®s le petit d√©jeuner ? - Feat. SCILABUS | ZdS#34
N4EONcAEYFc La Terre, un puzzle g‡∫önt ? - ZdS#13
PrNlLpaxGyo Objets Baromorphes | ZdS#31
QEA7iCK28qU Les toilettes du futur Ì†ΩÌ∫Ω | ZPP#01
QKx2-DKVtcw Des grenouilles fluorescentes l ZdS#28
QOGowaxNKGA Live 200 000 abonn√©s - quiz avec plein d'invit√©s !
R3y1mMB-y4o Vous ne ferez pas de vieux os‚ò†Ô∏è (mais les poulets oui !) | Zeste de Science & Axolot | Le Vortex #23
R9nrRnGiTv8 La machine √† laver | Dr√¥les d'inventions #03
SvjqBzxzNYs Cr√®me (tr√®s) fra‡ª¨he ! - Feat. Davina - ZdS#16
SwIMKNHi6WU Mission Digiscope | #BA2Sc #05
T5_c4bO3Zx0 Un laser vers la Lune | #BA2Sc #14
T8AupTdMolo Objectif Jupiter | ZdS#29
V9fgZ3lFsZk Des colonies de robots-cafards ! | ZdS#22
VFCftbvLdd4 Foudre | #BA2Sc #06
VjfCBUit3D8 Distanciation sociale chez les animaux  | ZdS#38
W7gtAfUMKcw Que restera-t-il de nous dans 50 millions d'ann‡∫ûs ? | L‡∫ö Bello - FDS2019
Y-CeLd87q5w Les poissons aussi ont des chagrins d'amour | ZdS#30
YDNORWY-sc0 L√©zards vs Ouragans | ZdS#23
YXn41xAesNw Les envahisseurs √† pattes jaunes | #BA2Sc #01
YugNjV1w5pA Comment traverser un oc‡∫ön de magma ? | ZdS#24
_dLsqEnG1XU Les b‡∫õ√©s sur ‡∫úoute | #BA2Sc #13
aZNbyNxmwJw Les couleurs de l'idole de Pachacamac | ZdS#36
bPrZwGDKrC8 FRAMES Live #2 - L‡∫ö Bello et Nota Bene
bYDoSVfNdJI Zeste de Science c†Üûst quoi?
bmQe3FWjFXw Voir le magn√©tisme ? - ZdS#19 - Archive
bxTOhpuATfU Des ‡∫úureuils sous pression sociale | ZdS#32 (mini)
d8Gt0XcoPMM Les Mayas √©taient des ploucs - Feat. PASS√â SAUVAGE | ZdS#26
dMmVV4pp1pU Les visiteurs de 1515 | #BA2Sc #11
dgqYvqxKJ7I Pourquoi les arbres ont-ils cette forme ? - ZdS#12
eZbiq1T9pOM La FAQ de Zeste de Science !
frm356j82aI Lunettes et ‡∫úouteurs sous-marins | Dr√¥les d'inventions #02
g0VLesOi11I Comment faire un sable mouvant ? | ZdS#21
hHos3fT56cM Comment ne pas renverser sa bi√®re ? - ZdS#2
jamCm3SnDAI Punaises vampires et sang froid - Feat. Pierre Kerner - ZdS#11
kkF5NbB5jcU Ì†ºÌºç Zeste de Science s'engage pour la plan√®te !
lGg9OorpBvs Dans la t√™te de Nina | #BA2Sc #09
lP79A1xyRQg La Barge | #BA2Sc #18
lqlrbVk9VO4 La vulgarisation sur Youtube | Le Sense Of Wonder et Zeste de Science - Cabaret de la Science
nUJqRXGwhHI Faut-il √™tre mignon pour survivre ? | Zeste de Science & Hygi√®ne Mentale | Le Vortex #16
nUcUD5sAwAA L'affaire Little Foot | #BA2Sc #15
p4f3iwHht2Q Ì†æÌ¥ñ Revivez le d‡∫üi #FutuRobot ! | Live CNRS
qPL12ob13Oc Face √† l'Univers | #BA2Sc #10
qktkisCVzwo Le th√©or√®me du carreleur - Feat. L√™ - ZdS#8
qsYzogYdmOU Les Maisons aux Images | #BA2Sc #03
rRzF2QegY-M D'o√π viennent les formes du vivant ? | PdS#03
tMbeMqSkL1c Punk Pas Mort | #BA2Sc #08
uFuVvJ9yH1I Voir le son ? - ZdS#18 - Archive
umNNbqSGCW0 Voir les objets transparents ? - ZdS#20 - Archive
xPqIGQNePgg Fossiles en mouvement | ZdS#27
xbysF507mBE Des poissons ‡∫úonomes en √©nergie - ZdS#14
yNP9qmWG50c Parkour Fourmis | ZdS#35
yNitd0o3HiA Le cri gla‡π∫nt du glacier Ì†ºÌøî | ZPP#02
yaLgQAWf8do Le robot et le papillon ! | ZdS#37
ywJv3bYLkFQ Pi√®ge de glace | #BA2Sc #02
zmRzsb7qbuU La chute de la mouche - ZdS#3
