-06eDPA0dMU
-3tr-Hs6eEs
-7TIV2zP6yA
-9Wb-51qQPw
-BPBtcUskvQ
-F39m7yF-OM
-FF3SgxD_I4
-GIRuPPPyNg
-HF_tUtHWQc
-KlsHbIC3aw
-L2730ndf8A
-LEmaGMPDuY
-LmV86de0c0
-Ojv4hiFfPQ
-PTwZVzw0Gg
-QW5BBhAr-s
-QeULo_nQr8
-Rt7D6oFZPs
-U7v4K4Alg4
-Y8QrusZCNo
-ZW5XxQud3k
-h3GpwOT25g
-iIARLLpaAA
-kzzJ8SUIcE
-pxxLex_P5g
-rbC1VPW6Rw
-t9vXM938bs
-vBwhe9aUk8
-wL5zJjpQyQ
-xKaKtsJ85Q
-zuQDDAC44U
0-fyV4rdbMs
01ExTLxMrAU
02gQ2izqil8
03CJTLW9M4g
03PnTcA4t0A
07_d0VcoiX0
08qG3kYf7X8
090HiiVxgUU
09BMsF0WpS8
09CKqr23Yhc
09kOkyE1I0U
0BRkDG8NMv4
0CLLHj7Os14
0CpiG0WFC_I
0Fkxj8iSoeg
0GbVgV3F1L0
0GoFSkULifA
0H0Z7oulkXc
0IBp6-mBm-U
0JUBdUBx-HY
0Ji92PKvob4
0Jpn6UvraBo
0LSfok8s3ME
0LxiVUsBMHE
0NKrlTVqBTI
0NsvQlwmjTI
0OFzrtEjmHs
0PzXRmkgdyc
0QBe_S6ZwW4
0ViBF8IHkSQ
0YRWaRTTu28
0i77AHe8T7Y
0iC8ooRjxw8
0jlvbJ8-7nc
0joZvhmt_Fk
0lxXZZGjZIA
0mtOEyVZync
0oz5lqocPso
0pZ237DIBgo
0ryONZTXWg8
0trVTvlmkvc
0uIeNIVmNmo
0wKwetM4n20
0xMsVngtSZE
14lnJ5MXpao
15F0HFitjFo
1Avv5zM20xY
1CLe07e91iU
1Ere35_QQUk
1FKPjI6PXqo
1H5vGPgS_4M
1KOaFfFtPdc
1KVbbmZD-sU
1LUvqRUFumM
1MYzu5x-9iE
1Nf8xR2KovE
1OOQ5MHyvgw
1RWNaaJ_NTM
1SPZl6mVEkg
1SWU8-eJi6E
1TCqMGTXpAw
1TElzN7jwgw
1WbTP1YXh2Q
1ZR5Be9DTfA
1a6wB1A-A44
1cD_KdTUEAA
1dltbFQmHQQ
1eBDSxygCu4
1euh2eeMs6E
1eumZ66-Fk4
1fbFYlKkDhY
1hOimtRq89U
1ko8vkr6l8Q
1m2phCzlFS8
1mZeZZeN3wI
1mpoxK4zWsk
1qn5oC3HOT0
1reeTzQjmfg
1s5IDBDPP4s
1vDetIddSTg
1ypEyUe2Kh8
20FNFA5H5BA
21AYCDAwOAI
22EFaHyW-Ig
25St3g6JL4g
26nPq0KeCL4
27fs0vEHDM0
2B8WJHnMrqg
2C1itGnEE9M
2DxNayLEh0o
2E9qrcZmMOs
2EKyvq6Ippg
2F73-DyjZc0
2Jtu0TZyHw8
2Lv977jK-s0
2NCEfUU_IqE
2No_qCpBYp4
2OQ_cdfwaC8
2ObJbMDSifw
2PnMFHW_HcA
2SaiBI2c278
2V_sVNS2cXM
2Vu0QhFAklw
2Wl4A5ajliU
2Zp0v84tKtI
2b2UKs63amQ
2bJqHTQT0yM
2exfDwlTecI
2fXKIYfSb_g
2gz4F3h-ptc
2hYKtJdLhmY
2nw8XiNEPuI
2q6Sh46h1lY
2r7lBJnjOLg
2sXsIis-8n0
2swcAMewF1k
2tLJC7wPeVM
2v3ItObDYy4
2wEDSGFrFW8
2yfG5zKnkCM
31csfuQpsmQ
32263xXjTmQ
335zBA3fPr0
34p05O-NOcI
38-ODkdI_K4
3Ei7H5x5leg
3FqgBPh903g
3Jh1uFc2TK8
3KlZXfz-Lxg
3NKtU84E8x8
3O2QqlAAbZ8
3OZr5Ljvq-g
3P8h71w8tlo
3QWz37ZkqbA
3SPy1YrRVHs
3W_sytL3M_0
3XUl45ekyOs
3_I1KGAnIak
3_gYg2UTgBY
3aVwmtp9oxA
3cjrXtQqdYI
3dI5e3MSKPo
3hsftJIjM9Q
3jKPazp0rF8
3kRtDqwzIps
3mCThpobeOA
3naajeam1KM
3o8Wf5ex28I
3rbaULDL1Bc
3vHWhhKG-oA
3xogjGWQbHA
3yuHvW14OOw
401_onBmkus
41_-mC2A2Hs
47FqyEr35s4
47taaDk9KjI
47yUypqzUZk
497HwZU-yBk
4BkxzhVs4dw
4DhYrTYPb3w
4GbmZhW9zYY
4LHrWFDMPis
4O_tMJq25Rc
4P5DQcwghLk
4QpWv_Pz7kA
4S19YmQWT3E
4Sd0Gp7hjPc
4VtEgtENZF0
4XUQJtu36BE
4atflpfIPHg
4cFkz91q2fs
4fuQ5YeDjqI
4hM13GvuxLk
4mEhKz4fHk8
4pSkGrmbeq4
4u1rb0lx45s
4wqulnb6A28
4xNPhaNmM1g
4xjEfZNuRGM
4yTz9J3AkrU
4zOqkiZbdKk
50TXwUs6WPQ
51LL0Hd7jUc
53xttvzJWqQ
55PBpXAoa64
56Z-CIMnNwU
58hS30IHOAQ
59OywMPydhU
59ivOp_iA6Y
59z1dtWw1uY
5CfdRZJ9Ano
5EuEi2npDS8
5IPHJhk45Gg
5Mvzug5tP5w
5N6eCCW3G4Y
5N6qELcCOts
5Pa7QqteJg0
5Q4-ztemfsQ
5SHx0Nfhshg
5TwLrp492eE
5WGjcR6o0PM
5XTKfgBHQcA
5YYaYGo3cPY
5ZJNCSd3oSc
5ZTUNjZnIj0
5ZX3z6HVWkQ
5Z_NKb0vrxo
5ZaONJ_8dp0
5_rnDuE20U8
5aVvZbOc61E
5fdQ9DLPfiU
5h_JEUzt_qQ
5iw1bf-yHsc
5j8--lFc8_Q
5jaUHZp3lnM
5md3G1EeHzQ
5oMvsqFUYz0
5p3mZyFtEiw
5pw2EhZLE9A
5q4cHFjpHAg
5qG5ZcizYU8
5qTP6G2PvNk
5twBfVwByXQ
5v2QWqY8bWg
5xDTDBKPwHQ
61auODSY64w
647yvr-WyLo
65RrY7ftET4
68_ye4fEAT8
68a77MKZcdI
69kOvNykFcQ
6CV_OBd0tck
6DkP1d_PINU
6Jy8NeimvBs
6M7FmQAr7oc
6O-WhEywxeY
6PJoeHSakeU
6PqFZqXPZTA
6Q2gXu-v3vk
6QFGWxaXGd4
6VZf6FHZVPI
6XE7602kogo
6XP-GqNKeAo
6YAkqK_QFWc
6Zu6Qt2vjqA
6cVe1dhrQOA
6duac8MNjmE
6f2_9N7_pkQ
6gWc0fnyEoA
6jXzZmD2VNs
6jv2H047E2U
6sXt1C6zskI
6tAtYb6iLzY
6vkwdgpFI20
6wAjoHqUk40
6xb6YqT8lH4
6xrPWGm91kw
6zma93nnJJU
70WJOAfDwWY
72XYc9TioK0
73kcO0P0MHs
7566_XDw9R0
78Z5pLh5a2s
7A6CWcoZeew
7BLUdt1qD-o
7BmZ9OeSSQU
7DbTAE6M5bk
7FL0mMfhQFg
7FkUSzvLJbo
7FpPknYD4zw
7GXjqaOs9o0
7Gz6V0pFCcM
7HjdXK3V2Wo
7InwLLVCX54
7It43mbAmp0
7KHmIR1ooNg
7O-ZRFbpCsQ
7O00T_gHpp4
7PO5_5GPfcw
7Tr5tra2-qk
7WVnReJ_y0k
7YJVL01hMGk
7YY42rEt8NA
7Z-Xs89kkTo
7_A830-kKGQ
7_x9IfWYtMU
7gSbEhbyHug
7hbS-4zduys
7hz89-dZi-4
7izItDizeXY
7lNcstjAubk
7lzG0fG5eok
7mAGVbuB_vk
7msBI5ZiOas
7qsAhWzzbAU
7ujSajVmP7c
7yMrRPDEGic
80ffDAsaxzE
83LwnMEJPdY
840WQWOABCs
85LSs_rlmVc
87n4Bw1wzl0
8BytKOrCsLE
8CYm9YuA5wU
8D3MaJeZXac
8DPDcftZt9Q
8E6diINcXNI
8FwaiDA22mE
8GNnw4jOAwU
8HypXEqC_kA
8JG247jhZRM
8JJkHALw3uo
8PGj2KMbZOM
8QgQm2IlQcA
8Qq-IOlJTIw
8S4-Nez_cZI
8UzyWkDk4n0
8VWuhwv1B2U
8Vo9TlRQOJU
8WGTgSv1GP0
8ZytxiRZgqs
8_m93CmrxOM
8aLOQIWg02c
8b3rnTgpCOE
8f4qhDxMpqA
8gcn5svsXcs
8ml9RPFun7s
8r9HnQOVze0
8rKfjK_k2ZU
8sEnWv2_BhE
8u0Um1s9EWk
8uEJ_X4Xvj8
8yyrlKgpXvo
90cPnIXiLUk
90nL-p4_IyU
93Dh-27t4G8
99S7eh04u54
9CcIVzBPMLQ
9HebHj-txe0
9I0nptJ1IpE
9I_MuywoVUE
9IocYJG4pKY
9Kj_ga3noK4
9Let6SozmEE
9N01KuaPEZo
9Nms26w1De4
9O6WAEiVpH4
9OuB-J9x_p0
9SPIEPgO3pE
9UCCUEV2QSM
9XXvaByiTXc
9d1o859PcK8
9djPX8Hvb_4
9f2bKHJOmls
9gch_hRA9eE
9k5-KlBROeY
9lMfHOkUfLQ
9o8a5z6_9KU
9o8oa1mZ4u0
9o90cdQgggk
9oruz1vYjsM
9sK9XmJ68L4
9sW8xSzNFyY
9tQRUSROT3g
9vvdcOqrVwg
9yfp1afy7kQ
A-8rXW0M9Yo
A4MPi2Qma6Y
A84FZAV2wjM
A9Axn2vTvBM
ADTPKdRg5Zs
AG0LdkHhvuM
AI2etEufHgI
AJp45uhqkJU
AK5SW4xTsxY
AKCUOeknMfo
AKrlkvJbSDs
AL2y-6K6JHQ
AMIWpYpm9tc
AMc9a14bxTY
APlKpvvkHiQ
ASFp0SdUJ-Q
ASWWm01hDGk
ASd52S4R7vo
AVUPs_YwiiE
AVuAFc_5OlM
AWThJp5e8Z0
AWlmAdG-z5w
AZLLFsatFcM
Ac6Znh_Ef5Y
AfccYAN_qps
Agre12zyRsc
Ahj8duuOgZA
AhkiFZHEItA
AlaXDzEb_UE
AltHyvi319Y
AmHV5oLzBds
Ap5MOeRhQOQ
ArWs0aJ3rvk
At_YsQBbTW8
AzOzQT7NavU
B0KVxUktIFc
B2Y3sfjSnOo
B3DItrnWJyc
B77AQ-S0WtY
B8jQi9tFadQ
BAkS6WCnwkU
BFzQJdiGn1g
BHEt2fpp5gk
BHUh3N6GoFw
BJVedLtC5kA
BMSZt23Tn1Q
BNIkHN0jUAc
BOJXynfPwA8
BOZRismkKR8
BOukLVY5Noo
BP1bFQG0cxo
BPbEiXYhbD0
BPdyPHBmJ2Y
BQtBsXkOulo
BR2wInEU8L0
BUisxuCba-0
BV4DGyzKnDc
BZRwricCwHQ
BatTPGKohBk
BbI4595A7ow
Bc-nBM-Jx28
BcWTV4CzuM4
BhNns0dTFN8
BlTz2iiCAjk
BmSXIegcXPA
BslmVEjg7E4
BsyxQBmEJCM
BtEduVYl5j4
BuzjIlBHGpc
BwVIzAS1-ww
BwnV88U2KOY
BzF4DXHIvu0
C0Rxuy9KhSA
C2p6FDdPPAs
C66lONdVmdY
C8TTwisb_aY
CBBZL-vEbH8
CCuh_gCY5x0
CDAXHA0x-UY
CDB0UpwYVuM
CF9vWBsyux8
CJkq0w8Dzz4
CKp4VTwsv_0
CQapFp7SdYI
CU_wRG4d3FY
CW4sZYNXPfs
CYfuZ9Zfxcs
Cdf59aWr6qo
CdvFAzaxuwI
CgFKp9WtyZA
CjhbHO9bnjg
Cmq9zDkc9lM
Cn7ILQwzaFw
Cps2G-xUwmI
CsMAEusbZ-o
CvF2qIsvqE4
CvtOfUwd7Z8
Cz0LTr_RdyM
D03wL1vJ-5s
D1HknHp-3_8
D1rJzr2PqnQ
D2KqbYALQzk
D3ZxrvJj3aA
D8brqAY1WoQ
DEAey5Gac6s
DJ95kFer8uw
DK4kwlU1pB8
DL12gqomWM4
DNVFSj4pr0s
DPkhub6LuHQ
DTuNKRgFwOc
DUhL_-gvhsU
DVRJ-2EN-IQ
DWSRbMaIWLw
DYAyx56__VQ
DZb9W2koQiI
DaTb116Ci_g
DbEmVK02dhM
Dcgywmf3G-s
DddM9yEKFMU
DemcTTBhGPM
DhPO1Fzbg9w
Dnp7irvJqt8
DpBd--kTWWk
DqvVVAAh3c8
DsNcWkzeOZ0
DxZZOq-TUWo
DxlZf1gyhh0
Dybdqs31Fxw
E-MIh5Mhi6E
E-qYKCUpinU
E3N4X2BEN2A
E883-jJHXAM
E8D8JCY9PoM
E8Xo-teQTLk
EGhMHZMt2lc
ENCodxFvQL0
EO43b_2GJIQ
EO5tdNr2ZHU
ERwbxk1xJGU
ESL7Cm33rlE
ETxerv0ODjs
EW3GWUzri8A
EZyb2h1dfPo
E_XhAYkwdl8
Ea9KITH96_s
EaW4rMXczmk
EdMy0RX7LBw
EfTtMKBn_os
Ei050HgUHn0
Eop5wrEmbII
EsAK2_sq5sU
EtOqWDF5YtI
EtP-Tk1arEk
EvWouNA9nlk
ExLKW_RyGRo
F-OWeYp5fFo
F-Rzz8iaBRI
F0TN8GcVjEo
F3_o0FM0Xc8
F3fkw22h0vw
F4_KwDqs2sE
F4rvflIKJBw
F7sn9-FkYjs
FDfe7OjNJ5Q
FHBD9fmLMkQ
FIM8Wd9WGTE
FKQFcGggiSA
FN0OxZmXjzI
FQERcsgj2_A
FRYLniyv1yk
FTq68ESgKyM
FU8T5JNv2r4
FXGgboAyjp0
F_PKi3Mz-VQ
FbKppyVLCSk
FcUSQ5nz0Dg
FdoBKlu1Ivc
FeT5f0Scg20
FezBa-laeOM
FiHoVJOoIsk
Fm_71y9W71k
FqxVCtQtzto
Fv1Tnk9N2r0
Fx-VGsMmdkY
G-8LzV-I3u0
G0OKZaiPfX8
G8_-LxLgM9s
G9MZfz5fUTU
GB7GzMTbFnY
GDmzDPmAqyQ
GG1Zw8NhfH0
GG61uZl7qHw
GJqn6Xh4zj8
GLQ4tlswRME
GLujjTLu01Q
GMKvATvj2HI
GORWi7AQjt0
GOZenq5iyIM
GPzzlxcbyts
GRmEgvqVgz8
GSSfnJnehXo
GT6FoLONOpk
GZJMjZM7ogw
GcZwGDSE4lM
GhIXyWziU7s
GkBmLStaetM
GlLyN07AnY4
GlS52ITk5rE
GpG4k90WZSE
GpidNsmuqxU
Gr-zfdZAUZs
Gs5xk0mO2V8
Gslhlf06MjM
Gtz9T4zVDn4
GuXISomPlck
GvO543kE7_4
GwbYSy5bFcc
GxGw4FrvXxI
GxHqUlXGEtg
GxnhQXbQLKA
GyefP_5JhF4
GzcJJf9rxO0
GziosLaWZXU
H-ly1ErJY8E
H088JY6dSk0
H0jkmZ1-KeE
H6XRxUws0XI
H6e2hK6Jsk0
H7U8M2sAQ20
H99bwJRHMFE
HDVakzcdlIg
HFePeVBGTl8
HFnXUTeDggA
HJRM9nCCA8U
HMtHgXIazyA
HN4VPMxagd8
HQNqNUC0RL8
HRgBFTvxKDk
HSf3jlHKJEE
HfCm8eK64bw
HfY5pJTQ-dQ
Hi56espQTLQ
HjC_fbnABRE
HjF2DJyksWQ
HjP0VJbRypE
HmV_SgY4haA
HneMh5Xi2-o
Hp-FQvTN3dc
HqTZh1UDIsM
HtmQ76mLaJQ
HvL_-5-4H5U
HxWKWeoTxic
I-kCxo-9Gn4
I0HRlH6WU4c
I5C3MGWO41c
I5hENfrPX9I
I7mXwRmCddY
I8U4TswdgKs
IAbIAKDnK-A
IBA7NTZqdTc
IBUT00gVpUA
ICvsMoDCuE0
IE4YWgCXxYI
IEL5dT7mhVs
IF297WOk5CA
IJ92ASYXeDQ
INvoC3H-AtA
IQ0ip3PrpG4
IQUKska2fRc
IQqjnqPB2P4
IQvAFNh4Cg8
IRCjxo5zrWk
ISA44Ok4stg
IWh8zp5XR74
IZ01HRU0Y5c
IbD08BDE7BU
Id7acW1vpXs
Iedn-YfsnDk
IevHWFd13gI
If7sTe5s7Ho
IfK7c7aB04c
IpbFZc2c_Jg
Iq0cQ9MEMWs
IrzRzzlnqBM
IyIrLavlMhI
J4TDkpLo7Ng
J8CoHyXP2Ik
J9ZlfF5tXag
J9zTssTTxLs
JBSIHsYWaN0
JEJWOl7a4a0
JGWTDZNuCC8
JHZIQfO_NaM
JHabM2YR-sw
JJrwt70SLZg
JMlQH6iLjlU
JMyJE3cpRDI
JOBbk4bwbdQ
JS1hSsRlG1M
JW8J-N3GcU0
JYQuWZr7gvc
JZbukOs16Lw
JaurH7LL6aw
JbkME-hIOs4
JfC1I6Lnzxc
JkXQxpkSXAI
Jm9dNUtZL-w
Jn7mCjV3uk4
Jo_1-lcGCy4
JrwY4mu64Qo
JwhfXXqSr8Q
JyfAioGmO8Q
K-1s9mm9Agk
K-lRQHkeDsM
K0A5dB-EuLg
K0VeZYMgE0w
K1UsGMn_0Gs
K1vW0FftLQw
K7RY4B-s-SI
K7b4eGJPTAQ
K8VZja7BWcE
K9L-hfOnoSE
K9QKwRxVLBU
KBA0lL8VMeg
KE6V16Pehvk
KGsrt-A0djQ
KIaP9vtx3-k
KM-oLLf0piM
KMb_arFNPSg
KOOE5h6M6r0
KS-6eABBen0
KSM4aKpPEfQ
KSj0hxV8S6E
KUJVx-QRzlM
KVCo3nALtlo
KVHL6SK3WTs
KYst3gB_tGc
KbCTfvOr5po
KeQkjGjvSpw
KfzN-GtsM_s
Kh24oSN_1mA
KljSlYUcD08
KmMLXy6do2c
Kn-9S2hwuvM
KnNAZ52hQoE
KnkR6f1YK_I
KqLVnBha4Qc
KrRkhswd4uM
Ku1xs-h0HTg
KxkBMVHCPUI
KydCEHduyd4
Kz8k95J5T8s
KzEtuwFk2ZQ
L1Rjqx8TjPI
L3Nuy9F2hjU
L48aLyWx-no
L6izH21YbkA
L78XP80TMBA
LBc2Wn185NY
LE4u7jaufnw
LIpt_2Eijbg
LM4YsIsV6ok
LOC2VZuZOzA
LRSp00DX0Jc
LRUCE9BNnoA
LU9qEBmMnTU
LYma1kjgQ3s
LYmdmV4VULM
L_W7Pjy19dc
LahYHVwyD50
LdHMMsLA_i4
LdcOvg6x2bo
Lf9031y8Eus
Lg5Jf-s72no
Lhg0xs10N-o
LkAJPjPhj6E
LlzYXXHPwYs
Lq2lXDxe40g
LqeiBS_ZoaI
LrAo3_MPMbo
LsWXmdZ5K2w
Ludo8-P6_Ho
LwO6lSpRSfQ
LwWTHo4LILc
LwYuLL86-fw
Lygxae4Gqk8
LzoQbSFbdzg
Lzrwsb7OQyY
M-UPqfrBMto
M2UGGO_jjfs
M3fOsAWAth0
M43gE5Kqq8M
M5JHCcmJPNA
M5qseLKta1I
M9VGSq3KML8
MBN6_duHL2c
MCe7VKZ-PSM
MDQna1ISes8
MGdxbDFJhnQ
MJnOSqehVU0
ML62dPfqkCw
MLq5Rsdv4hc
MM1oCoJ9x8o
MPSwx1Wr-TQ
MSGw5qn4-6I
MVe5sP75tBU
MXnC7SN-dZk
MXsGFXDm66Q
MYe0vuZf_uI
MYtrxq_lm10
MaP8TSpHXIE
Majjb_Nw7uw
MbEqOjWUcGk
MdeGN9orvlo
Me0tK4B0mt4
MeC36A-e9jI
MfOYvRGT6MQ
Mg_mhA8YrhI
MgpaRr4k01w
MiTS1BLcSYk
MlWoa3eGC_Q
Mnd-z00IoZI
MpFCKL2a99s
MqbM87jnbgI
Mqt4JhPtjDU
MsW2cCV1V5k
MsYdQxcEKfw
Mt7SBZDTy9Y
MxOJTtTzQpc
Mz_pD3xsFKo
N0NF3cxtEV4
N0wEkkHTbnw
N16m2og4Ng8
N1X6QzyiLyk
N1yA2fyzMPI
N360zfpqpY4
N7q0JTqCmWs
N8R57xVJlEM
N8ul4BJmiYc
N9NU3dy_RAs
NBUoRl2G7m0
NIs3RGVM3TI
NMXuhRCaS14
NN3sAl_7teQ
NO1yUuylVYQ
NO4_4E0YS1U
NPHnJxOeaJk
NPkGFfUtDGQ
NQz-olBcc8I
NS627Yh_m9Q
NU4lME2mUfQ
NUODDdHOMgk
NUVZ6N2ePk0
NUdwWM_TRgs
NXHl0NXv054
NY7bSH8EyW4
NYMM6CNym6o
N_sPDIjxn9M
NbY9Tc47eC8
NcI3S6eGxsI
Nd94nmcNqhY
Nf8WEVGZbPQ
Nifmfl2Lcz8
Njvei8uQpEc
Nr6vkj0ZE1w
NscqpFBsOBs
NtXWUYkof3o
Nthq23kXh10
Nu_cIJaNO20
NzfZOq2FAPg
O12qoWXjjeY
O2afoQaXtN4
O3jKysjdA7Q
O5gEPvUdP5g
O6JcOU_wV5c
O9kawVkEhBk
OA1GeAVRbkc
OCBTBTTy52c
OD2h4Ui_8BQ
ODB15Sk0xro
OEnSba7z5XQ
OEovw3VZ0iI
OFNUOnkl5Tc
OGSJaiFgAbs
OH8piRKHb6c
OIEoimxBENA
OImWgVCR6Iw
OKuHctmh_j8
OMV9ujjCH1s
OMihZzAXX9U
ONfhqDyOAgU
OQ24lFTU3m4
OSQy-pRAHeE
OTZfprqge2k
OU05P-829Ho
OWDaaPdd6pk
OZRiZdbknRY
ObF0MHkiZvA
Oc0GxL2wp4c
OdOFhgxrEiQ
OeSYiEiIb1E
OgOEzFI6154
Oi0aeP4joZo
OpBlWQftl-w
Or98j74nFM0
OrZ2ZjE5yG4
OsCdGZwt9vs
OugM-scRbSE
OwgE9zRGQZA
OwrqIrVcquk
OyoE0t8teRU
P0JFhJBh4hY
P1A0gqWHwAU
P29CCTGn9MI
P6D3B9cWJyY
P6GxS0_qoF0
PBI-GuAzR3g
PEQFtylBQvI
PHMgT6jsWCE
PHPgmnBKd_U
PMJcFlRYKQk
PNTdETp7epE
POpJvM3QG9A
POzupYh7azs
PQNqGnpdL7c
PZKJ-nib1fU
P_1dZgJdr6U
PfD4rK6ov3Q
PfaJoeUhxbw
PhH2VPasHjI
Pj6aQejMdEg
Pl59Ky0ZJfE
Po-dBL3Syrs
Pvm6LkUC2As
Pwwc6qCtsfQ
PxB-J3xjjLw
PxwgVg9aucw
Q-OwD6V2__E
Q0NP6QSuPzU
Q3JAmIKj5JY
Q3vzGvkUQK4
Q4vpKeWjg4I
Q5gO4GMFy_w
Q6PPyJabKx0
QAbPgVylmHY
QAfwdYQ1jyA
QDPx9U1eVgQ
QDQJr-tZbrE
QK1VbPJ-weA
QKwWTGIhV3I
QLGkzN602n8
QPL5I9YfeN8
QQu7d81heDg
QToP_DB9lP0
QV1XRh6sjFk
QWjnm7T5Jn0
QXG2caQkqSU
QYguxv9Z6Jw
Q_Lk4vpAyc4
Q_dcoee-XS4
Qa8073yLXLo
QbeOqflG-_0
QhnOxy1kxeA
QjJiG1b-UWo
QjV9uXLkRLs
QliT_vaIq8c
QmdvpMTF3Kw
QmustJYgtdY
Qn6-jKAHLlU
Qo_qckmacq0
QomQYMxMrTc
QroHXs6BXwg
QtCdjDXnmTA
QvxL2mThZz0
QwhbbXqGZ0A
Qx0RqZ5y6wo
QxxwzE-65Yw
R-ZrkWTeLyk
R4h-WYEtscg
R5ILmqO9ej4
R6KSWSVUkck
R7rIwH382HM
RBM4r_erbtg
RDPyd5w7zCQ
RDoHKQ6w9QU
RFWrlUistJY
RG5FnlYfB78
RGoJmIRLpuY
RHB1EFDm9Io
RLw93skFld0
RMf5VQc5NTY
RMqS5vZryF8
RNoYX5q_Ib4
RP37y2wRXGI
RQEIeEf0JuQ
RRQvCtHcc6w
RT8TdS9L-5A
RTx2Kv71QsU
RYIRnrj5f1k
RYbXOhxi55o
RYc2yfzq1O0
RZqoe9akIhQ
R_-ESliXLk0
R_9b_jOAxLE
RgrgDb5vpp0
Rl6CPvZtkc4
RmIAmc5QBes
RmvmujbMFiQ
RpSqxY8_w_Q
RpiNhUzLdss
Rt5eogxnNGw
RxZPTPCJpRc
RyFZ7IaS2BE
RyjNhfWP95k
S-CHP1u0ml0
S3bebJBnmXU
S4lsOUsmkU4
S6HRGUbSMbg
SAnaO3rHzVI
SD22NmwIbGY
SHYUs1Pe_x0
SMre5QOhXQA
SQhkWkvEmPk
SR0YIsPQs74
SRDPnbkhe4c
SRQS-FgxcS4
SSkaw9ynFgQ
SX4ad_GLGx8
ScRCXw6H5MU
SdBckFgFLe0
Se11wo6kNhc
Seak9hPI0fc
SgIMzfX1ZLI
SlSlAO14c9A
SnfkN-rjFzM
T-3PWQbt9Ww
T2IMcvsb-OE
T3n3h3n20NQ
T4yC6G61E6s
T7BPSQ9SwWk
T81CJV19WrY
TA8Rhf71Ga4
TDpAU6VJVqY
TE1_WnCDTSk
TIjfbnjxQ04
TKsNSgQ59rQ
TMd73X6sias
TMtFl4ztGYE
TN6J-EtJOlU
TSgxTEb39UY
TTiCWHOiQog
TUFxlEBLsm4
TUb5fncl8ZU
TYgWihjEc5k
TjtG3D8k0V0
TkPFk-QzAtw
TlfMeHQa4G4
TlpW7yU3rZE
TluogDnH-Ow
TqdjBm2TCGI
Tsoa2rx5824
TugEWDBi1Y0
TvNfbDAnX1I
Ty5pchdGhSQ
Tzw4dsv82zc
U1YTituh0Ww
U852cCQRiBQ
UCbLVDos70E
UNTUGpjnPEU
UNVd4gu6-rM
UNkX8k8eavg
UPGwvV2MYfU
UPHzl4knF0g
UQQxQhzNYS8
UQjqOqfDexs
UR3TcIgej8s
UR7K6aM1e6E
UTJpQ13Jinw
UVU6l7Nh2Dk
UVkeH46hyWg
UXnS_T5JD5s
UZk8g0OzGbk
UanU0gCQHe4
UaxGtZ26TfI
UcAWrm_KtSo
UcPq3UV_vSk
UdHZuWQHo08
UdSP97j5Ik4
UdrcYXvwDVo
Ui2r88ktKok
Umj7tfvQZ3w
UqaBq3Ys8Y8
Uw8ClTeagOw
UwADuEO3jX4
UwAvLNtGg6E
UwRwBVuBGXs
UwVSIfH4r8M
Uxr69W_W17I
UylSG0MzcrM
V-yOEZBJMKc
V1OfNOLtpPo
V3b-sMItKLg
V5CiZU22CDk
V6KIaA2YMYo
VC0XMuqcM04
VEx2VHGDwPM
VHfvdtC-icU
VKIJEn33oqU
VMDAIEDMt9A
VNFBVvT5vmA
VNXCR2JZtO0
VP-axnGzs4s
VQKHQ3NFRyc
VSE0JkPQVEs
VTfOrwVKNg8
VUnu9NWCTw0
VW07dQENfRA
VWHxWaU3kAk
VXfz1bAZ5Do
VZihxtqpm3E
VaHPIYs0ZmQ
VfGLNyl95H8
VgFnoaRxwq8
VgFrhOXkezo
Vhawx3Mzt-s
VhegWzxdysI
ViVjtiBK0JY
VizqfJ9xry8
VozxmylSW-Q
VpJXr3UXCvo
Vt2RXbCeoLU
VtaQJQzulRQ
Vwc2zFEWpxE
VxnXMaZE4B8
W03yRwmGfco
W1bMXYJTYJc
W1gMb4FVSnQ
W3uwkuZ1xSQ
W6nf_4OvMOE
W9iXzDcFfNA
W9m4F7W2Ovc
WAiyFhIuR8s
WB6UZTfhsc0
WG4ZERER9-Q
WHg2ZvPQxSg
WKx688OWTTM
WPMC_hPEt4s
WQjIDVGz2BI
WS2UPSGDkJQ
WV83KtQy-ys
WVXoFywzGi0
WXUSgMaIcI4
WZGAknAlrNU
WdanZLDFjBg
WmKWxAddpUg
WnCwVb8pKRk
WnE-JdV6foI
WnJT4RqXOLg
WsTvZ3Nyr0s
Wu66ehUUVA0
WzUXsNMMLEE
WzhoS64pv_I
WziOsRQspRg
X2axfsfoBJc
X5rgSDIUrp0
X68sVIzPoY4
XAEi3NdRpRk
XD83a_R9_h8
XDxoG4vbqys
XEoCB7fbiDQ
XF5MwQeeL2I
XIU3LIh3_cg
XJ_ViVLB9ds
XKddxmMbX-Y
XKxf7K5oU44
XMj_BHQ1VVQ
XNrT7YQgNTk
XPAGq9I1KnQ
XRH9QhzJkxs
XR_9svXHZX0
XTZx2D1PM2Q
XVLcY8n-7zs
XVfnqL8QPiQ
XX1DY0x9HEI
XZ-ulFq4xAw
XZt7_h-Rp1Q
X_IQE778t5s
X_UZOvODzg0
XcaRXCTsxV8
XipBqSRBgIY
Xjp6auYJutM
Xk4rRHs1Js8
XlRZcLJe9ko
XmWiyHlAm5M
XooEyjRql6w
XtlGoIeuYwM
Xu0pnGKNNJ4
XupFBl_UswE
Xw9PEV3kKPE
Y0m-RUt6iqk
Y3Eq3XwXEXI
Y4G6HTtLb3g
Y6Z7iCosepI
Y73SyI0ZZJM
Y85hk5tjLr0
Y9xKX3XJSxA
YAKk8LPUXGU
YCZMW5t43XM
YEOwdUZAOe4
YFE70lj67bs
YJoBIlozBas
YKg0y4Fwn6c
YR5EmaRNHio
YTUxTyIiHg0
YUx2V294yHE
YWcEgl7PAiE
YXry_zVYBt8
Y_BLhrIMzzA
YjnvIIMhvWw
Ym9Rhjji2TA
YniShwsNsRM
YrnSoT-5WJE
YyYbfp3VCVQ
YyzkDxtsuSI
YzGPqEM_v6c
Yzw3oQm52JQ
Z7D64DwfwsY
Z9mGeIdWnMA
ZCAqzFdlM-s
ZDSnKZJ_PoA
ZDdoXcuukVE
ZGrB0p8Iark
ZJQBkNVeyFE
ZJmdpDMjm-U
ZKSKQ_cnTeE
ZM3RBH_NmH8
ZRg0NujLgBg
ZTfxTTC2nxo
ZU4LjaMmdf4
ZVqOUfAc-R0
ZVrn6pFVpoU
ZWjCS1IffDM
ZYCvAWPwyGs
ZZ5-AoU4g_U
Zde9iVtI6Us
ZdxNcFHDAWE
ZgpzyZg4TY4
Zh7D3G6vDfY
ZiZSUivvlfU
ZjKoDCP3y4E
ZjWTpPUjBfI
ZlvSd-jXHlg
Zo_h65mSM64
Zq89EG91Z58
Zwc5ZrJhm7Y
ZzRRcyplJHI
_4nnQFEDtiU
_4t8frBVoEU
_62J0bubfUM
_7-4znrfRpc
_A0OZ7U2JCw
_A8NONtQt5E
_A8eCPDpTEc
_Afh0b23Lik
_AzN4TxZsb4
_FEihOnFe0A
_HG4ceGrCQE
_MA5zx08GF0
_MUtHiyqEJY
_NelEPqW4V4
_QqekavU7TM
_R54BToG6zw
_RJ_LaPl1xc
_Rdqm4pCIsQ
_SFGkujVXJQ
_UK9b7hMnXo
_WpYMeuAhhw
_XPw4BKSb30
_ZBo39lN6-o
_a3qYXIJFjQ
_bFzUeAOMqE
_bm9SfxDUPc
_bptapOHeWA
_cm07Wijhi8
_fQE6ML7eg0
_fg4I6gCztg
_fnvtvoOnsc
_gcfhyDroc0
_honyxMc5Tg
_hruTXJaLpg
_i50Da81tYs
_i5u82gk4Cc
_jPcuQx5dEs
_oikOE91cAY
_sBXp3FCzG4
_t6D1sD6YUc
_vAcSMjUb78
_vwdFmbDX-w
_wBBmgZ-St8
_y0ufin73W0
_yPTRBsGZhI
_zvXQguDNo4
a-EZwOo6wzQ
a-IC1m49pxk
a4wdRFiZBSI
a6R1XTqknP8
a9fuVlXKjfQ
a9wNP4daWSI
aA_px5U2wmo
aBQ4Q2Aavy0
aBYlKG49uak
aDWbqI1yD58
aEqzl9YE6ZY
aKY41uAo63I
aMksaT9fyi4
aP9yqMSdSPo
aQ9q9jfZzC8
aQKdHToZuHw
aTcM_LDKMk8
aUfQZq8DzG4
aUinBLF-84E
aV6JWhAO8Eo
aYDfPPRkG9g
aY_3Oq-a-BY
aedlJ9wy3bc
ajnNtMlHShg
akAbezJPC1I
akJuriivHII
ak_fDDgkMEM
amV76CkhWLo
amyyHTW8qEI
ap1JO0kCPrk
aqm5gCWb2kI
arzOM_0dGVE
askUwWq0GJI
av_jpZzTwH8
axd00taH4A8
b19taXXYJF0
b7e1kJh0WDo
b9e8kpBxUZI
bAW4xLrPfF8
bD3o_I05tnc
bEeud-brv8c
bEfx96lp7YE
bFbP70yJPWo
bIqS6JLEuPE
bLK2d5ql0oc
bMjTX0iSjCQ
bNwuAyVCooE
bQ3IpFhN-wo
bSY_qQcq3m0
bSqqe6s-99Q
bSuRE6CNsi8
bTbDzqMVdiQ
bU9sXKMi64M
beM7X6dXMBQ
bgUS5RpLxTE
bhlh0PNqDMM
biNmyYGh7Nc
bjEdizcOFGU
bjn72urynwc
bkMZhx-EsFw
bnSpdzhkWcI
bpgi-tpVx2A
bu1TzABg3uU
bx0RmPPH3js
bzoytciy9sc
c0q75eqF_gg
c6s7HyOlUtI
cFF5WyeFSQc
cFQax2GRy_Y
cGhY0xgShTw
cLfqjyocFWg
cMD6Y5cgWeQ
cNNyg71ZZZY
cNnJkCDq8aY
cQUbulpBzmY
cTtrDrkW0cs
cUYATjWxu_E
cWsauoZ_Nhs
cXSFoG8qy70
cX_Fr2hF-SA
cZyXbTPgL28
ca6u0jIHxt8
cbMwioBlzd4
cd4Cq28BecU
cdDOPPMv--M
cek_D6ENy4M
chNFRRZb5hA
ckVyO6TdfL0
ckn41HHLPK0
cmmQyjqyfac
coK2VQY3Eos
cq_Ur0KHu2o
cqq5-Kc3DJ8
cqxojNiLn4U
csCMM3yOUyQ
ctoaVOnYRPs
cv8JCh6hc58
cwu1C5R_qb8
cwxvLybHBXQ
d-PY9ZmJ6o4
d0ZCWNf38aI
d1aMD_qHYMg
d1rEtUnGlag
d3CFzS_AR30
d3WlpK3d9Fk
d7gI9poKQv0
d8VXoV0McOA
d9UKe-B-5YI
dAmfCxlGeEo
dDrGkwVQdH4
dFdCqAbwI70
dFep2tQcWDQ
dKhKyeh9Pc8
dKyW88FV-Ow
dLI4FzjoGn4
dLUlOW-pBrE
dP-Xd8czwCU
dS84FjhsMeI
dTXUDqP757Q
dYLXHldh_IE
dZc4v9VEgH4
d_pwz3uwKEQ
d_yXJSNSqLw
dbV1KbheO6Y
ddLx7Dc81ws
ddi4WE-EZMg
deovuSgYL7I
dhKWSzb2nzk
dih_8DPMN1A
djIJJcxtX9o
dmpprI0btms
dngEBRHn_JU
dtYNFsebaYU
dvtiyedb_60
e-k3YmvJsgo
e3qQRgs36fs
e5sTwhQXyX4
e6cHewse240
e6gZtGBmBEQ
e88kuEVze0Y
e9mhnt-O6mo
eCgTXZd3VUg
eEz5tNMUqTQ
eG_3cWPjYu0
eI7j8MZqcqw
eI9WYN1ufno
eLF6Mit7pL0
eMdRfkvb-Y0
eMkOaM1zShM
eNmFXfEUUQs
eOeWfyYQeTU
eQcRrcKfRnU
eQkKSnPR2Ug
eR5J6zVmF_M
eSNvC11jEEY
eTG9zjCCnYc
eUy4D6ajYzs
eXxCxnaL24c
e_0_k_XUwSQ
eaEBW8iU8JQ
eaqCR_Hgyq4
ecvX76TDrjE
efmpYCQ6_1g
en7lpcLLtyM
enfJgUsGr8o
eqrDDSU9QYw
erWq-ys1gDI
erYj8n39a8A
erfi5F_GNrc
erox-u2xiy0
etk-qeRHdHg
evjc2AHAIYE
ewk3qiQ6GEk
f2ZlmWDgONw
f5vJ_J_TuAE
f6jSN4hUg9c
f71b2jU-ufI
f85XOQjt87c
f8joRlSepDM
f9aTR_L2HoE
f9f5-OGnGq0
f9w1_glXm14
fEdNL8Ty-GM
fF4uZl6X7MM
fIFGIyWybB8
fJUt6YjaaXc
fLTg0xYUxUo
fMqaAi8xOaE
fRGo_gNgWBo
fSVeitMFgvU
fV8GqtgwAgI
fWRiEFtajc4
fZPmezkklvA
fbDdBAqF1iU
fdcuP-niXp4
feF3FV7zhis
feTttXY5a9Q
fitJie07Ybk
fkl0PNBzFD8
fmB3sD6SDIA
fogbXkZredU
fs9omHFyJYY
fudjmqOflEg
fxuryBSUeNA
g--lnyq5Nhw
g9eEw2QEM0c
gA2TZ4fSWt4
gBgYxpAdofs
gCwgDzbwLoA
gEv51lM3ILc
gFpHtnuO1Hw
gGyljHwK0GY
gL0FXeEruLU
gMQgUnP8On8
gMz_pcXiHFA
gO85e1XxnsY
gRDIPMWmOg8
gZpQcc4mxe4
g_H4Fv52-cc
geIszgr8WPw
gesRV0-WTVc
ghtqAQ0k0Uo
glQxVYulsIs
gmTCssAm0EA
gprK29dsajo
gsfSZw8JPI8
gstNQ0Jmkoo
gtBJJ4XUBCo
gvKgDvGk8Oo
gwdux9DWA58
gzh61nymy04
h-Gu_y-DmIs
h2bbcxLpGBQ
h2sDGb1k1RY
h36POyZbH_0
h3TDubZen3E
h4FvWkrEPU8
h5TzJ0TnXfo
hA6yKXN1e3k
hBv3nA1ZzP0
hFe10bXiSWg
hFkN_F-XPm8
hGrrHYAFe5A
hKrQeR04vl0
hOoCJXCMRR4
hPa-k62gqrw
hQ4XkDNM6Xo
hQCpSpdhiig
hRdRvvsIywI
hRlelYfIcMQ
hSDhdYjfsas
hSV2l4U2Wlg
hX4ipSMnEfQ
h_a1Q2gTsc4
hdGxMY2vbaI
he9ACZYvRGY
hpm5s1o2Myg
i0exSbEmUlg
i123ALjI9DI
i23NYHNAACA
i5aF3NC2JPM
i6HCeFaFtX4
i7DfUk45iM0
i8PdjNGFjGc
i9F1LNB6P74
iCLnEK6qqP0
iCc9HQZtaXU
iDYU8RSwVCQ
iDjo2heCP0o
iE0i8LtWpAE
iGbfXVEEuZk
iHfAMGndFi4
iJ6xXZ3O530
iJMMoT3uRlY
iK2HrcHM23o
iKrTvLdU3PE
iOPZYUooAjQ
iSlWYE1Hjs4
iUyHfIaXju0
iZWnjXul2XA
iZk9AyHHy-Q
iZp4ONAm40A
icpYg1ms7Nw
idQvlh1Moyw
idkWIrcYoHs
idkb7SziRHQ
ieLUAhyjG7k
ieNw2FNNibY
iqSoj5-tGAM
is5Xobzpy1c
iu2T_2o2Q0U
iw9Sq_8l23c
iyhDC8DL63A
j7V_U-OfRrI
jBmzIcnwosk
jCH5RCyGNGg
jEh0Y3o-Yks
jGRuMIZ2doo
jGc9coawHcQ
jLKaY29ZhXQ
jMwA9eRPrn0
jQ1OOe0a7lA
jRo9DZiaCrI
jSXpRs5HFOc
jUBhS4Q53iE
jUWZkADpbwY
jVMyO72PTPo
jVQlw7F9z-k
jYLmJ3TOL-4
ja8LWLX-gnI
jcePByPwDEI
jd5CtrTQYNc
jhZQ0dWonIo
jklXjP_b5w4
jlUj4lAUpYI
jspzdlUoors
juLhBfhu8fA
jvjag1JGyhQ
jxOoblHc5E4
k4Q2wrJLHQ0
k50wLMzgm7g
k9FkLj6bcDU
k9TPbnKON3U
kD7czq3U8lw
kGC2G2VFtiw
kHgbbf66cPM
kIFvjNbuWCI
kLP-Tw-Xrxg
kNF21YUG0TA
kOCqV-bNC5M
kOjPl4CcQUU
kPj-8EAgStE
kRLR-bC2svI
kRMw8Mm_8ik
kSJdPaxOdUo
kUD06K6YTgQ
kV6KWgtM_qw
kX-e5ZLQsFM
kYRpBf-mFpQ
kYy6SZTh5QU
kZo1POJIgrc
kbBtX1Pn3kA
kcvLbT5ErR0
kfaUhYd0hGQ
kjLOXp6z8DI
kkErsJ_9T-k
kkhkc_gvczk
kll9SJXTWhw
km2NyxvKHX8
ko-rfeqxGIE
krYZ_OFf-jE
l0m-8eAMnkQ
l3OzIsQsJzo
l7tJLYqz78o
l9AsbksY3C8
l9jYC23nMq0
lAY3BE3l8ak
lC4GUWRWJQc
lCsR9w_PtL0
lHeNVcQKbOM
lJXEVUSW3ls
lPD-waIsm7I
lViv74hp4M0
lXn3a5DQKQc
lYXAuEC6Vjc
lZVs4bfKIgY
ldeyyMFZXuE
lipCfld794w
ljJ4UbGjaYA
lkjwyAojg6k
llFC_KBhBSI
llrHED85xnw
lnGwikQFxO4
lqTwnpeWhBo
lsAnpuS4vqo
ltrTP8IQzgo
ltufwqC2Z6E
lujum4kVteY
lzdod3XkunU
m1GtS4s25LA
m2IRoAWq4T8
m2aNVteuNpE
m7EGyVMkABE
m8L38hHc76M
mA3w6jKRtek
mC3c4sTn1UI
mDymA8ZWq1c
mF1DU10ms7g
mJqcizsu4FI
mJsyXIs-qyo
mP0d_Um-4cw
mPdrYsNMgnc
mR77WXN_dTA
mSc0ZD0MjDA
mUYhCBeAh-A
mWamlznTkiw
mX5UWJdXrZo
mXV-WS8vsWw
mZPska-pLNE
mc94F61lYfE
mchph2Qp8aA
mdPOyobNQfo
mfcsKIsky5U
mg0LvXO-vsk
mgCsiMM1u3U
mhA08NdKS9k
mjw6rCH6hp8
mlJ2XVvJsDg
mlYVby87tEA
mmwpJCa9Lao
mpA27YRHA4w
msI33akN_KU
mtrrWiGARlc
mtuTSX-neWo
muHOjQsSdCU
mwVdPl6wtPg
mwexMyaOOLI
n3P7viAE8uc
n59m25PJkFY
n6fQpQ4c5qU
nAgJlUW45bk
nBsGqeEUt6k
nCRr8B40d-U
nD2Acj0tvAo
nIDHWP6UJD8
nJPLi8cNKMA
nN4LgePzvSw
nOgMA1QcYlM
nPOwNufx4Jk
nTEG13ybxD0
nVjxHabQxZQ
nXWdpqwijYI
nXdyxrR-4GQ
nXjtpynoPTM
nYAiaCCYYxw
nYwckI4IeJ8
nZ-sZ5xJ6YU
naW7acmBeNU
nab4nz3b2Jk
ndCjVDItNEU
ndpO2jMZyHo
neOyvD5pzMo
neW1xa1dsf8
nhha6XEmzv8
nhjqeiFMGpY
nies06dXEvY
nk6m7bKHaJE
nlCrd5Tul5M
nt7iBTyTBis
nu_MeaX1O7k
nvHYahlGqX4
nvLRpF8sFto
nx7NWSNTIPc
nxVnN5fjJTs
nyrDogFdyUA
nzKLD1PKVo8
nzc9guvaxDI
o-4PccbHPe4
o-Ei3Y8_xyo
o1EbBy6GG0k
o1oIqlNlE-o
o45whDz5d3g
o6Iu05NLAzE
o9L8r9fFhiU
oBlzaIJTCTk
oCIJfauBFk0
oEP3zaKAe4U
oFsoHE1BCL8
oGLfoRtP_dw
oOev-mkR7jk
oQaxzZ6W09E
oUaXI31uB-Q
oWw1az2vj9A
obW9bqbChSg
ociA40U4-fo
ofx1BAuGqOs
okAkNxOxHyo
okG6jDui2Aw
okSYdhz9UH8
omEcZp3vV70
onR-bXurfLA
ooYquLpzvuE
opoDyB4BhuI
oq7D1OUmZsc
oqKAwt0QGbk
orKC1kW76uU
ou4Nhw25Nsk
p0ejCtl-Xc4
p0zmpS8F-EU
p1yh_taMqmE
pB1ApplhBss
pFlwe7-WBlI
pGS10HLPdVc
pHkk1_jn_K0
pIQorGuapQs
pMTrG8drHF0
pMsuCkwRTvY
pNJlcdGfs8E
pNzm8UdE5w4
pOHb07Gh1EU
pPNVqH5FkTQ
pQi1sDOrlQs
pSj8VQYFaYo
pX_kcrjmbww
pbStPRyXPxw
pcqwxgiKB-8
pe5-wQam9gw
peCwtumSdnU
peJtaERJVus
pjHqUfw6W_A
pmrZ_UOEWZU
pnGtmgQDaS8
pngnvs9YDWw
pp20sA8U5-Y
ppci0OLaa4Y
prPJ5vE82Vc
pu8TaUE-h8I
pvCU2oTjs9U
pwJZ0MXGHUA
pxglly7JLSo
pzP9A0GcsUg
q0qumnOUC00
q1qG8XA8A_o
q4REur50GNE
q6Aq58ko9yI
q8c6UMrF01I
qDZXwVFxSOc
qF3ZjX9o86U
qFk725rf4rw
qH5tAKhgazU
qI98gE5eVjU
qLpXy1Ok0RU
qMrVdmj9zeE
qMzYbSLi0v8
qPE1dHj92rE
qPWPnVGMf80
qPoS4Mgz-3Q
qPr9E2CDtv0
qVMJEIBIIU0
qVwKFJ8he1k
qZc7fEWq4I0
qbzZ8CRxSow
qfRLthm5IVc
qfgGA5vzCtg
qiVXkbzW844
qkKXMIvAhGg
qlCQmnv9cEE
qpimV3F8blY
qqBGxUjimIs
qt7Q2Hnij4w
qtrI0NW2vyM
quREpuuzQFA
quzahThnklw
qwn-YoVqEpI
qxJkU6lQ1oE
qyc_ptKmEK4
qzUaszIwSM0
r0hTfCJR1Xs
r1AoRN-_qBo
r1UuHr_zAuc
r1n2DrC06wc
r4FkH37RgsQ
r4lXqwwtR_A
r80KKxsBjms
rBVnWXGMIZ8
rCdnSXYCxWE
rDFysdd3ZFQ
rEY_xP_XWnU
rFWiQPFwE58
rJB5TDzH3nk
rL7BePg5Mrw
rN4WjdDmqDE
rORnQ_kOf3Q
rRjjwmediII
rS-0fHJOwlE
rTLWBWNsRYU
rYoOoTcavJw
r_G3IagdbUM
rczh1pxkNGI
re2NiuVPUek
re_AWUSD7zk
rgPe7ed0Zjw
rl2zZ6-KPSQ
roLydjW50Gg
roMUzQMqPNM
rpxFmOH2ihM
ruoasyFxHAo
s2Kx1QTXi90
s2gxMq09tUk
s3pvRaq8Ktk
s6_oV4JW0VI
s7Mp3t8bxjk
s9_QyhOHejo
sAtIDPdwp8M
sB44wPM7Fg8
sBBnHus-VWw
sCSI8sDMa1E
sDWuXUvVdjY
sFoctbh-7dI
sFzH6Ip2cOY
sHIoU6vzbG8
sKgmeFSqSKI
sMXiIZxjOL0
sNrYDgEf09o
sOtRVqKc00c
sP5w_xOoX0Y
sQgG2hNjnVQ
sRuLRXoEarM
sU06hTdftHY
sh55zI6EDvM
si830m8w7dc
skqUaoe3Iaw
smQKPN4OPqc
srJa0jxOHn4
stvPfuUoKjM
suOHpDlE3F0
sueaNAoZFVo
sxI3sgbw8S0
syUVMSX2m1Y
t-AvfXieLGY
t-iOX3HsckM
t3VI7OtqLEc
t4gppyNJBAA
t8iyatS4cl0
t9cYE8oKQI4
tA78mV3D75E
tAViqfjryB0
tB2k5248k_8
tDsFhwX2XHg
tEr6oed711w
tK6V2Be3SBs
tLv1ap9zozA
tLv4s-PLMp0
tQNzTfta9bM
tSbglfYyHa4
tT70RQon3Ck
tTVc8bFqPrA
tXBRjbKPKNo
tYL1OZL7tRk
t_YPpD4Lx3U
tctY4u1NW8g
td4CG8ISeKQ
teWb5kja7Hg
tjyHSxRz2Bg
tk5n78LAKew
tkvY5UpxK-E
trqVTWLBnbE
trxKKdUI21E
tyZJ267Jksg
u-433NKOLaI
u-yrqIV37yk
u1iDn3cBYyA
u25W8-Dksf4
u2j0O4BzrsE
u6xMKr4XXiU
u7Ga0sheYDo
uFI2EY6hJ4Q
uFn7tUgWOtM
uKtoaoFFS3s
uMM0g6-xCmo
uMiWTVLBmYo
uPbnzEQbT00
uSKkY3or1WU
uUG705wkny8
uV5uT-WWNF8
uVNe679uOpY
uWPdRjpQMmo
uZH8KA1Vte8
uZQ3HvQ_h1U
u_0cmP_gYkw
u_ZIaBt7gqc
ucURVTmCfGM
ufDiDbN503g
uo7dEy2eQm0
uq0TMp7_MrA
uq_f7BOHFzU
usrsRocMAxg
uv0wr4RuTa8
uwMXE7CX3WM
uy_YGGxvI3k
uycrTu662c4
v1Y3uGFB2WU
v3mbagtkPjw
v9Dk91BUUYA
vCNRwYaxtCk
vCWG2Bn46gs
vGNBo54vh2s
vGqAkXY0UDw
vHxfqzfkDZc
vJ7UaxEvwdc
vKfuCngoniw
vMH2NYWA-Jc
vPXSOf3jQzk
vPy6bDvMBiM
vR_TXq3A1K4
vWU-1VLFu-0
vbdNGSDMGpY
vclayiLvbmE
vdZF4gc_Ge4
vddL7bVpCyU
vepnkDExTok
vh09yDE8-g4
vhHnW57ic_E
vl561vDXeOI
vo2e_7o5ZIA
vq7bRhUs36M
vrp-CTNj8PA
vu-oBiLwAw0
vwvKUdOlZI0
vzILAx3pOmU
w-4y448qeAA
w1IjIIR8tiQ
w23IGeYhLLU
w3WWY2X-Oos
w42l7F5nvbQ
w4noBI6x6W8
w5Ogh6rnx-Q
w7B_6mXoA9E
w8VefuW9TCY
w9Y-JhLb3d8
wAM2eCdcN7E
wD8928eD5Vs
wGPnvy47a8Y
wGiICGqmFjg
wHIuBiyjCzU
wHN7J2WcKeI
wHbQcmfEUV8
wIjyF3Hxiiw
wKUAIH71pc0
wKWTbEIvtDU
wMjyTJYVjtA
wNM2r0glMm8
wOeAQwf2F74
wQl-wd54ZNw
wRL4FbRszb4
wRS74zFNOxw
wTStT1SL5jw
wUTa7hvLM_c
wXsvo3l_RIQ
wbL_jal1YWY
wg1Z4VpnuQw
wgC1dYnXE8A
wgQFmURF-Ic
wmEl6_Qccm0
wpNCOeWPi_M
wpXyL6Twdx8
wx3ZKvk8-PE
x-VUg5RVM38
x0dr0r7hlH8
x0iwoQAQyWg
x2KHjRxVQNM
x3KxSqunhOo
x3QhhuNtUv4
x3RN0-Ax4DI
x61C6Icrlv0
x6Agvsp18jU
x6EoWdTJymQ
x6pov3BygQg
x8uBTgIq2t4
x9_cRnjXuYI
xBOwGLpkeOY
xD43AYdNWv8
xE8opndKWHc
xHFeq4Pz9zk
xHSvlV8cg6s
xI2wD46GM2M
xJtSC_zlgas
xM8D4LDvKlw
xMfy1ZEpI4Q
xN4M2BI8sSU
xO8Dlf_Je7E
xOK-IKZp4TI
xPOKuZw8HlI
xPONnP8mqek
xRYlTb_0JD4
xUmnhH8ITKI
xVU-WlohD8I
xXxNtultKwc
xa6plytwJsw
xbKiTz57slE
xdzfkEAB1Iw
xfENY-dWJ1Q
xfbrK7X6OsY
xgZKHMlE-8s
xjibJi-YPms
xnXl_0yUI2Y
xqXR5KmTuoQ
xsA-WahVuNs
xtIOaxDdDu0
xtf8icy6K2U
xylqTArphsg
xzzzezjH5yE
y1VW8ZdXY8c
y2I9sicU4Zk
y4cjBj9Lj-k
y5HFi5veCpc
y5JDRELP5R0
y67NFdsvI94
y6jTYcinQb0
y7ZlwOWqjKE
y7v7dg6tLJ4
yAiKn6k5r2w
yBO5StnV-Lo
yDnFEsVgvcE
yEve2JqGSUg
yItW_OfWMc0
yLxBB9busCQ
yRwgIpLvLeQ
yTEAJgbjKoc
yW_U98g0vnE
yWt_Y2Nq4hk
yYKHuAEhjBU
yYjJRj-SX2s
ybUtXQ9oL3w
ydA8vRrW4Gk
ye0CaxBlxE0
yf0lX4167To
ygqnFknel00
yjmZIf4XpC8
yjytKrKah9M
yrAwPeMyVrM
yrhfFrJOQZg
yxivWaTAhEE
yycaJh-i-vI
yz43l-ubVGM
z39Pjhe82WA
z4W-WD_2ls8
z4u4KP-QacI
z5li3jhD6Us
z7N8j7wuxwY
zCjIx16DVpw
zDeBqABq9L0
zFzM1I5M7CI
zJXezsBCG6g
zKkcr4R5Wq0
zLWXFgzLwqM
zOlp2_Hxgkw
zQGrG7DRTnY
zQIf7bLJUVU
zSCmKW9jTGA
zTLSA4jWERM
zUNmrbNzTM4
zWCn25XkEpY
z_TNx4wdVw8
zdW1DnyFV98
zf_afxDRDLw
zj2w5k7XIRY
zji7cJ5lh2M
zjrecZdBF3k
zsB2sn-KJYQ
zss-0x77i88
zuAB2h_gb1o
zulhG6-WZ1c
zuziKHj3ydY
zyF-rr_OvzE
