-1JxfgQXlb0
-MduMFVecaA
-kdRSOiDvqI
-lfWBDjrhPk
-n3CqlhNw_g
00BiHP_0lmY
00rMkIs0e6c
03YwaTZdPsc
0A4qBaohLHo
0Cjd6SwsHQk
0IUU9yiDS3Q
0IXPnVscK_E
0SN6-UGd13g
0UKMT-0PCY0
0WMV7-PcH6M
0cPTmp8UY8k
0dV1rFPbxik
0fCsynsxzDU
0hNvExsyoyI
0lrWE0cZBvI
0mZ91VSCOV4
0r4J9alwzp8
147APh95ygg
1MVeztkSft4
1PsoLn1fbZU
1X0-p6e9Y5M
1YYOo4cfYok
1_vDikyLYVE
2OwgpRRnPTM
2Yxz6GblbzA
2k8JdH_U_gQ
2mm-iJ45h7Y
2oDzxywU-W0
2saoyciQaP8
2sl4TiavOEM
2zJm7s6he90
35B2slJQmPg
36jZOlXv6dw
3B2a-xPq6MQ
3QbhrkzFx7g
3XMnjhUfnYI
3v5GDWB0TLg
4042S7yDD4k
40CHWpqkXlY
4GGmEAeFHqU
4HVS3tx4kqw
4RxqDNGSids
4ccwFSG8yys
4igGHsSx7-8
4mOur6buNHM
4syH_Pa4P6c
4vtONYY5oZ4
559f1-P49Bo
5KAXGvPOAvE
5ZUB2kpPzGU
5gk6jkQvPrI
62FbEhQiEHo
68HSCU65Gmg
6KqBRFSlbR8
6mwfzsuz-xs
6nZ96gYFpXE
6tqy6S75bEM
6utSrrwJZLM
75IX6a8EcD4
7Iq0eWKp26Q
7SU8Q5L0I9M
7U1V3T7ngno
7j8U7vKai2Y
7kTEIWUVN5g
7p3LUaJMEOU
7uYA0GB1YgM
7vFGs08lIeo
86NchYwtMfA
89Tq9VBeZIs
8FhV6LyxVQs
8YGBUxZPGNI
8xq87AkvVhE
92b5tMPxQIo
98sTn_xmUyw
99mTVP6t7wU
9LxB4aLu3is
9N0dPIlMALw
9Tnyn_0RgGs
9WVXxnDN4rQ
9aWgorPjtqc
9nZpg2N-jM8
9zrdUQoGlOU
A9ZLM2-Q9ZU
ATNpSRG-XfM
AapFQbU2LJM
AkybsDuD_bg
B5VQ6mrlhMo
BBOl2c6kEJU
BFK_ChD4Fxw
BIj2l-qX0YE
BJkeOOWq42g
BMsxk_nEV7o
BNab6q9ORy4
BTWB1RGmnWE
BhSgaQ035d8
BkkhedP7LEc
Bx4-R60b4sg
CEmdZXAbZcc
CGBmc8nzhvk
ClZWGuWecJk
CrWRoZyGTWw
Cw05B_NmzBM
Cybb5ZpdrsY
D4eZE8O9MeM
D84I2TfbULs
DU9fsYIj7Ls
DuPqpQVA62k
E3lxHcAOirM
EE3ZeDSDpUk
EJYe9Jga1ys
ELZLKbnbCvQ
EQgdqVpruzA
EWzk-QkocAI
EbDqKqWys2E
EfFjrvRGT2k
EozJCpsLGQ0
EueswEz4jew
F0L83p7Yu20
F3K07XwwYqQ
F6p-uagEx7Y
FDQxv0tF7sc
FNSmak5zX54
FbiDjuEBNXA
Fe3FrWdlJV8
FhnOigm3wGw
FkpoT483LEM
G0hchfd5KYQ
G5_72eExPtQ
GJ7r4KyNVCg
GSuWEK56lng
GUmX0MHDFqM
Gk-65vjLAdQ
GkC7ocEieiI
GsbOr-jm80Q
H5K8-Cqteuc
H5dnW0mYn7w
HA2Jlquw5Xg
HJ1g0V4fymQ
HNt5xcwuixQ
Hb3-CE8bUX8
HbKk2ULMNG8
Hc1pMIIBd7c
HlBDPQLUpHE
HnSp3EQDWEA
HuGiDXUVOjk
HzJAdU1m_wI
I-56zw9rWuU
I2aIjjAPdXA
I8ypv-K47m4
IDTEPewEFWc
IFgjrLZYpb0
I_HnsjkVDpM
IbtXepiIzqI
IlhhZOa_omE
ImwJBeQdJo4
IuHQ--tp8LA
IvZcK7UUMI0
IwJdqsKnVjk
J8GphxIr5n4
JATbNQ49Pwk
JLqq7aPFom4
JV_FjuZJ5m8
J_f8gwOoXZk
JdE-CDK-vl4
JztAoXGMTxQ
K497r9PLKBY
KG1y-lk2f0E
KP9W2vWJwA4
KjSFvnEewbM
Ks9vACsFhX4
KzXAz9wKFRM
L98p4epyBK4
LH-ONDxcgxQ
LLHWff9EqXE
LYc3N_fv9as
LcKUV0xQVBI
Lj7MKiZ-qRQ
LuvXerId06Q
M-fRfdFDlgw
M8JduAD-KIo
M9zafFeizrs
MGtqBLl267g
MHhqFakbQHM
MNbb9eRxqeA
MYUChY0UaVE
MbZpj5mbuOQ
Mv2XyFcJtGk
N5hdYfzKIkw
NWZNBtQrzCs
NblhGtsEXRg
NhYnAvpf8Yg
NloUvnHo49U
NlvnPPY7pmE
Nr2FJ7T2d7A
Ns6zaOaJCgE
NumrwWjbLBg
NwD64ZTfXFg
Ny0ovfMnO9k
O-MSFJHt1iY
O1GCXPxAAhA
O7mYIBtzPMA
OO8HL6Pq1h8
OPDCpV4r1Yo
OPyZY2QeRo4
O_Fer6DO_vI
OarTBeBi1DI
OdJQGi8GfTw
OfTC3MhRhJ0
Oi-t55SYdq8
OjjENXQf1T8
OtRrkl84YwE
PNdOVvvogvY
Pcw6fO3oxaA
PdcwLTfgRlE
Q3v2pBsGy8A
QN0UknExHSE
QRTjimsOJdQ
QVM1y0OAzEA
Qf35uVG_MVM
QjFRdXPa3Uc
QqSTUq-nvX0
QuSHwN_-7Zo
Qv7i_WYlYPE
R3szJcVN7NU
R8WmIaDASPk
RAbzslym6o0
RPV1hFAGsjg
RlFnqy5GkNI
Rx6dB6L03ss
S6fhWiHHl6M
SZFMRElj9yQ
SfRX2XYytFs
SgMcvlYOj7I
Sh762lJmVp4
SnNo6Tuku0c
T9SeLTFjtVM
T9oV7YrZDMg
T9z3P3ReB7M
THlKV3agLnE
TJ2tPac8dO4
TKuz7Y_X6i8
TQ9pqlRUtLU
TkYsyudDBIE
Tl54o5FlHR4
TlV32QKg0R4
ToFf0P0JHk4
TwnOi2K-o4w
U9K1X9HOpEo
UB3B5PepMLg
UFiIk2u9hH8
UFrF4EoZZtU
UG6MWSbGkk0
UIL9V2dGv9Y
UKEL4bn8kik
UKhboAcMaoc
UN_m6e5r5QE
UrNWd2m6m8o
V61HCcNym-U
V9gV9MLKGv4
VBTnbmPmjlI
VE4ZYwH2lq4
VKNyKKu7VHM
Vdw3Ah2dThA
Vi_UhwPOd44
W-Hnwvx_i0s
W4zEKo8V3oo
WFpQjJlpOw0
WHMYX2n0TaA
WSlrFPwTVLs
WTZYW81Hzbk
WlFXkC0f3GE
WlwHKNKuEDc
WuN0VZGO4FA
Wv0AqnX5z7U
XKUvMjRBNVI
Xyzd4kjor2k
YBEWUKJFdWY
YJzNQ7b1Z4A
YS8BqjfY3AU
YUIgqoJv7gI
YZ1gLXnjSCA
YdxDnUb6IUA
YiVHZI1CXgc
YlA4PjmEZ_w
YoU-I-nE4k8
Ys5OcfsD9FY
YtVlQePpDx4
YwMXVnxuL-0
YyCMVqxns5Y
Z856GBympOw
Z8Qk8AWsgDQ
ZHthCFa1egc
ZMkaVW4G33Y
ZQhG-B_7MU4
ZXRB7lPJyDo
ZYesMwLiMHE
ZsomL6u8ywo
Zuc9XM8ewi0
ZvtbNy1fu3o
ZxT32l8IUCU
ZxrHRmGgrsg
_8vsVBdtVIE
_IYJ77R7Cjg
_IugMpWyYaQ
_TTdPm6-ZdA
_WD0ENSzC1I
_WMElEx6faM
_aPxIaIjl9o
_g006v4k4HA
_q0wnmwTwKg
aHRhcpevdEg
abfKjwdI1ew
adHlFe-ud2M
aewIO29mzo8
annlesFomPs
arOa9jcqsv0
b1NaGo0SZhY
bQrnQqGDhxQ
bVwOO-djAzI
c6QLFf6liZo
cC-2Fecf1RM
cD1uZgxDTPQ
cLwlEV2Vgj8
cNqWa-Dq-0k
cQdPln23hWQ
cTurnCEEN5M
cmdoQFEHldY
cz58E_9t0aM
d1Jk2J2j6e4
d5gA6Vq1kIs
dCD7zK38Seo
dCipVHsOk7o
dCpiz42cRvI
dOZC1JZKrcE
dOjEcssJmvs
dPabBWYkb0k
dS2uvZIFEIE
dTnRNN46SUE
dZR4vLgSOWQ
dfIl-12NUdw
dgnei0KBJJc
djFkt2DrFcQ
dsRNnZndB8k
dyazFkOBLLw
e7AeiBeSrAE
e7DRqj82X8s
eLEl_AcO1OA
eWcDr2-kHBY
ec7JAEeefCk
edQjMCxD-LY
epiK5rmGcIo
eqgtS1TFoQ4
ey3gxUuejJs
f0hkrxf3Jjo
f7E2ckbkRVE
f83k4yzLiVE
fAh6UmEkkUw
fWGkVxp92WY
fY5a18P3psQ
fv0YIf0sKIo
fwlh_v5yHcs
fz4JfIDRPWw
g1GxW4mahJs
g8M55YgCmek
gA-DwOGRQXY
gGyP5dueBWc
gNe5_SRw9as
gWdrGlf_SBI
gkKVvrWQGF4
glwFtCwQlW0
gtNLF0HPJ_U
guNV4coAL3I
hAVlvJaACAM
hUI2MrDABGs
htO6vL7F2ms
hyGZoOZTdgA
i2STgy0oeW8
i8qdVo3KNwA
iOddF0C-c8E
iWECuz9WkOc
iYwUCn7S1eI
iZQmAAE4zEg
iocssKqbqpw
ito966yrNVQ
j1ObI6iF3-k
j2QhNOY2wdQ
j2a7bDWdyM8
jFnw6c-ZFuI
jqSkfShpwU4
jr6udm0a3OE
js2mld5iArA
k3xei-FLJBc
kBgnXKY4n5s
kHrtkH2nni8
kJMgdGOZHUY
ki_JtVvHe8Q
klkHp_K9ig8
ksYlaR_LLRw
kz_hQeeH1iE
lbFE-vJSPX8
lrNKjRbLUF0
mBtPGSfZ5iY
mKBaGZu5h8o
mNm_SIGIlkU
mf5PcHnSwnA
mfXX_wx7ikU
mqP6A4vb7-M
n8R_2jVaQkw
nCpxBjMkm_Y
nHZclIPa3M0
nlTy7bT6icI
npBnFowhueQ
nqReOxAjuWg
nqsaJunOaoU
nzinhYw2KVM
o1BXpyMcgjc
o3ZBb5alMks
o3cGqJIkyVE
o8uSVMKxaz4
oECus1-uibU
oQBHNtpeZ6w
okeGrfmvpQc
pIHyE-t7vIc
pT-euPvSkqs
pVKwxuMUGb0
pb3SweHEyeE
pf9OO5N0POg
pkXzEv4oCnw
po3SDsMOwAc
q46s9wn5gH0
qAm5s_nkiEU
qIWQFvPx-Sg
qRfG0XjAe6I
qTYwY8SwOuk
qVZDFLqoRoM
qWXOuww-gsY
qYdNRQiYaXg
qlAPZoOWEeM
qy0cKq5EPJo
r39bxiZWtR0
rIykggW19NU
reaTTGERUSI
roqvolxvFnU
sCM35rAyjmo
sDEgdenEtzE
sJhxocYOoLU
sPj7Eus3bUg
sX1xttuglKE
sn0tQquT4n0
swUDuwyMPLE
tArzcCwOSBU
tH90NpMc93I
tIIii2aG2SU
tRWkHu4Nln0
tRqJZWkekpw
tVIeGmbhczY
tf3WncjLGPU
tgraeGV8eUM
thIglTcV2ms
tiT32KsSeN0
tiYvMwR9JfI
tkgdxzFwNFE
u5x4IBRdCIM
uFfJcUDh3Y4
uHfWYmBgvoE
uh5c3-1Qjgc
ul-lBguYDO0
vFlizZS2Fqo
vLkGeRwaF9E
vMmQA5jgOb8
vRYYRrsJLOg
vWwOu0SvOE4
v_wyB4Cg57Q
vb0ZWc70gOk
veAWovd8vT0
w8K18mNX2IA
wCljpjjz4fA
wFvBp3CYTfQ
wRjOaLHNmLg
wW0gpLb7JtA
wWLRFZ3y-nQ
wXdOtGLJwlk
waNu-1oCAdg
wdTecKM87Lg
wfejII7ChSU
wubrrYIHAKQ
x8QhjYy-QbI
x98V0v-o0Ok
xUfjJhpLc7A
xWaMO2C8Ugo
xhQhGuqXIDE
xnR6W8ufogc
yAb4xOQpKgs
yE61lOcmuHs
yM2vf2cMn4s
yNHiTbcZ4gU
yPPMQO7zDm4
yVvt03uBfrg
yXcUR6nSM1Q
y_u5X3eaZLo
yahdScOEM7Q
yi73fqck_DY
ytQ2Ugf0wO8
yylJZLnJV6k
z7fQ6yqKOFU
zDthsT550Qw
zGyT1eFUk-I
