--5L2x_1Mvs
--wIksVG62Y
-1CdSs05J4k
-1uwTjMCkZU
-2VZ-eVOSQg
-2VgR0-JiiE
-2we_IahTiE
-5OKe3q4xfQ
-5Yvrrp5Fwc
-9Lgedm-_RM
-AE1ShWX7_c
-FBnP5kNr4Q
-HLGoSTKjIg
-HdG-E1uT80
-Hpve245hIA
-IbUe34CJYw
-J4ZnJq8QZ8
-La3BzzByNQ
-MpHTk0iDl0
-MuMJe9F0tg
-NDKxtRsA-g
-RotmSqq-fI
-TiJEFTrtJY
-UPxxBBmYqc
-V2nPSq6HT8
-WaWeTa8LjQ
-YhjaJReFYw
-Zx5x7Yw5dg
-agQy8_hHxY
-bNLkmeMXvs
-dHhf05PIJI
-e1shdemk9k
-fJJFJfmWqs
-g2XKxyJOSM
-hTgEGQy4zc
-iLmPEtH2Qg
-jN5O57QQqI
-mOVJmq_VR0
-oUI3PwwxmE
-owXqPKkWuQ
-tz-AU7LfCU
-u6ditdTA6w
-uyaOvYsUn4
-yyfw4RnYJg
02qYx6Hm4jg
02tmDeTMb24
03zCOxlibPU
04lo_8AVkGA
06r7oSxJ_n8
07yqlz3mg78
097HZWbHsWQ
09Y1--7jp-A
0DktVAoQP18
0G09Q4X2O04
0H6dKAVPK-M
0HNF1TQfn60
0IqKCPKj2VA
0JJDrE8YnfY
0Jrr0UzGw-k
0LdPba7Sq7Y
0RBwx9_GkSo
0RF0JugxnDw
0Sq7zNL41pk
0Yj5kkT0mKc
0Z8sFPY5JJ0
0aZVi0yRLtg
0chND99Q7YU
0dpAZBd2uXc
0fNDhVCD4u0
0fiiwUN60IE
0gRCG3D6kGI
0jY63rEZqB4
0k7iDsxaiNw
0kEmSaJWS10
0kPaot2DQaI
0nstrESdeEQ
0o2nJk29rqo
0oZB51-a6wE
0ti5PrKy2T4
0y7bp42S_ho
1-X0CuL-4aU
10qds6ZnG-s
11m_sqcaE1M
15PIcGOzX8U
15QL1DCPsuA
15_46LnxHaw
17mLbyQaKQM
18qWM980-lU
1AC32jhTCIw
1CaH2_uoi9k
1EeRv98f3nQ
1F2-wz8EHt0
1FdFCzMfIAI
1JfBi1TGebo
1KOyaSzJM5A
1MYLlBuzHL0
1O4-dtfVXZ8
1PRSLwkt5cw
1QmXJe-nYnY
1QsG5ASm6ZQ
1TXfF-cHTlo
1Uj5gXce4DA
1VDKkjSvles
1WvKMlcQq3k
1Zg6IpoR8ZA
1eB_usp5Kww
1esd5P5Jo0c
1iw-KyrQUoU
1iyUnodt5hg
1k0X26V5x7U
1mJXyKConOA
1n5tWsuOtRg
1nuqERLzECI
1qZD61XHxDk
1rrDxc0CA3k
1rvwO6gTM0U
1sMTT6e_X3M
1u5WkPkknBg
1vfiwssk3ms
1yY8Xsi1GBk
1zdaPJgBSZc
2-BYo4L7GUE
24Y6AbK3v2M
25PCqsXp8H4
27EX1Jb27nI
29JkxwwEUwc
2Al5yr7FI6U
2AwLnH0w54Y
2BcSsmphPNw
2CA4loS3Qo8
2CFgNe7_R8E
2ClZiz4UTo0
2EJPAKH6qgo
2EMFAgiSW6E
2EpPsyHfpuk
2G9N7IOtPpo
2GQiHpPsT2s
2IF1VYOYv8s
2J0o-zVATyk
2KF5Mj0fhFk
2OPQyHLj4Z0
2PCJ26Ost2c
2PW2UIQ5e1Q
2Pur58Z9ZfM
2Q9Hu53_L_A
2QxdUJOKdMo
2R88BCPM51o
2RCmfN6OHl0
2RvwQiDsBCg
2TelXw29KgM
2U4ic9_-nhg
2X0R34Ok3Sc
2_Hiuh8VBgM
2aS5R0gs5Kc
2bf6pol0dAA
2bvUQD-D5lk
2cBUzlEXPc0
2d2gR5CWkFQ
2epyEJ6c6TI
2fF1JX8vjCw
2faNsZj47xo
2gGIpNX0sQU
2nNgeUhYOdA
2obxve_1xwk
2qS3VQTLyJs
2r1rDaxLl8w
2rvl_SBrK30
2uNkjlmtBHo
2uycOVxSEWg
2vtRzasqI6g
2wGHVLIDpec
2wLgwDk0SgU
2zZfl4wxbd4
3-RG6u23LF8
300m1o8MkRs
32Wfrr0X_I4
32fhJUhC4Tw
34U_k-zciBE
3540JHTVySc
38e2Tdsf0q4
38g3m5P0ais
38pN_UfdoMI
38sFzSwTbIo
38syl3BiHvw
3B32ZrGo2BA
3BATiBhnZ24
3DCf8ymMNMI
3HUU_Q6hZng
3KxFyNynlm0
3Kxg452nhkM
3LJHEApQLEY
3NXSzrCx4rw
3OjM6cX-23o
3PfcT7w6q5M
3Q2Z2Ivhflk
3QYWlN4pvrQ
3SQ0bgRWdqE
3TVELjt0FRs
3VNeOk-R5ns
3XlU6hAxLXw
3YWgcI49D6A
3Zn0M2bJ2BY
3bxvvoDaYNo
3i73pI0USbk
3iP5puhOWxU
3iYSNXqzM9c
3jHjWgm_Jh8
3kDdHunHNII
3n-zUnAMCpU
3o5d3OFq89c
3o6LV1GZ0sQ
3oRe7BxY7is
3oUaBGy4cfA
3p2rYJuZ278
3pecCQJyGXU
3qSs-ZsCHiQ
3rXSW0koVqA
3rj-hPbQE4w
3t1P4FrMyWQ
3tkqtmNrIOw
3tsUkXGNleE
3u3zl3lOlaA
3udj9Hs2NCM
3ueaCkA_WL0
3vYttve4pS0
3wObn98XGdA
3x-23fKhVNk
3x2ax4Ad0jg
40h6XdAWzqE
40n3rNhvWEA
41Wp3yjZEbs
472ySTBN3ng
47OqSnUap_8
49Nn9lxPx2g
49QimIwyRqo
4AYUIcsjjM4
4AydM8Ui3TI
4D8LrlfOtm0
4E4Wnlngu4Q
4ER2UB0wCNU
4EwOlSOo9zI
4FITrq6bubQ
4G44XXXk9CM
4GP1Km4qyAg
4Gd57pENI_Y
4HSZ1VehaL0
4HVeOAZooqE
4MxwAN89Du4
4N-wuLvg7rY
4O0d-rGfvII
4QAB78mHw2s
4Ue8lsARPtI
4Vaw0psgY3s
4Vhh0ju5gjY
4YZa7LJpDso
4_fT__Tqqy0
4bwOKPrN_vc
4c6aKw4nIMQ
4dr0LS3AQxg
4dtk10y6vGo
4g-m1LadaiM
4gqt7ISZ2cI
4nGZLMfJPFA
4nxBRJXLw5M
4p0_evKE_bw
4pBGG9ef428
4qiFO2iMOqQ
4r0xIPRBbzg
4rfMTNfCIVo
4svzb3jvyEs
4uMyDFVrboI
4v2K6W4jteg
4vuq_K6Cha4
4w_NBxClVEg
4xsevF2gypY
4z-_55ScBBM
4zFYYFD-5E4
5-ty6rH7YYg
515Bu2VTaYI
51Q-aMZ5zEs
53lxCz3e6rg
54aYEfPQ_r0
54is4LpVMpA
55g59--m054
55yetwP0Mfs
562V1xgDyfw
57ap7JmamAo
57f9kkpar-A
58eiVlAHMcI
59X1e3KVoDc
59wXw3CMxYk
5CleCrf_PlY
5D_4mQnqCzI
5EgCdtjwoa4
5F4nRoWf6j0
5F6Rftx4Y1o
5FT1t5tcjEs
5Fe9W2irLTs
5G7ePJnqcYo
5GREnR6rXvo
5GeNm-yM_pU
5HbMP0ADjVc
5MG70WJ6xfs
5NJwd0uPHwY
5NyNPP-ALNc
5PBTWDK_FIc
5QblEskiwuA
5R7X1Fvdjis
5RMNXllmC50
5SkAkdZOzZs
5W_5tRwRubg
5Xkp7anqbkE
5e5yOkEDMEI
5eg9yGfT-vs
5gb1oic_Oug
5ghEehTTcd4
5gs_fR5N5xk
5hKeyDYQ65U
5igiG6Zowzs
5jBNvzaTplE
5k4v9NdG6dE
5l0a8GV7Fdg
5ntzBIAsW5o
5ojJybmxbbU
5rFy0PQs6Ak
5t5jHBtLo5A
5uNkiyM5cWY
5vcahqzIFrA
5w9c3ymm4c8
5xbq2svnl9Y
5xdLvX97IE0
6-cobXliqZk
61XsNVh23ok
62rgsxF8Q_I
64EJFRGWNaI
64T2_2Eb2MU
64oJoQdD4jY
64pVT4Ko61w
654SMAccpQ0
66bEax9CIcY
66kM0F9BUqk
67w_NNRBUKA
69P_g5VedW4
6AiccSv9iCE
6AtobBNVARI
6BQbCB5hAw0
6CNM10qR50w
6DFcSJQpqmM
6DGdvhP3eBk
6DT020l5gZg
6DjInEqMYgE
6E4i-bH8Png
6Fs9fryJxZg
6Gu0d7iiYVQ
6HUhTKeOGUs
6JygkYTR1cY
6KVQLXjQS4I
6LJv1nbAfZo
6LZAxFUFEZM
6M15sHy9PKI
6NHEtT9ioug
6NHrLxzbSmU
6NQNik-KgC4
6Nb7JbNADpU
6QoKiOUpS5o
6RaL1GVDwyQ
6SWD8YCbWdM
6V4J40ckvUU
6V8iLHJZnE4
6VIClYE6bkM
6_NhBzDP1DE
6aDGDKmqHV4
6becbUTaZks
6dNkXFswn-4
6ewzxoyRmpo
6gAL_BJHmh8
6gDsx8Wz8iI
6lH_indoCEo
6mImYMObiqY
6mK2zy7SPBU
6mlkkk0S0Uk
6oxE3djXh2E
6qKf0Ck01LM
6qnUAc0DnUU
6qxD8O3kMIg
6tE-_0Z87EY
6uW9rtmBDhg
6v_hza_TSkI
6vvsSCWlOZY
6xAxYXbgiBs
6yShHnXxIso
72DSD6-ZGQY
72McR1hQGQQ
72ic3Sj7LAI
74J200rE1rw
74MCHbjtPPE
75ytURnhFDo
760w4WrIMtQ
7642aoD5VjI
78cyRJG5W70
78evsbq91Eg
792tGDrBjno
79CSSqWI4m0
7BfoN0fRLpQ
7BxSdkflSTM
7DzBdZqPNTA
7ExnVRNO6ck
7F0kq_YOJEY
7JDVhl48Ouw
7LALhikXNEs
7Mwkj9chImg
7OZKqvkEZKI
7PwLW1yhuWw
7QPAMWwFW9o
7QnkRLnZv9s
7QspgvnjIh0
7RLDijVBvAU
7UvM6_c49Vo
7Vcd989NqGc
7WM8CYn-paA
7WjAe0XUtgc
7Z9gpj_Gt_c
7a7D7m_-B4E
7aFd1_VZ0NE
7ccxv7rK1HQ
7f7iyBta_eM
7id7dOdzwD4
7ipPFJ8po4w
7jhGPnmpu3U
7kVyiQU5xfQ
7lCwNWBCXbU
7nDtiE10mEM
7neRnk76hvk
7oprKpHuCzA
7qO_8oH80Wg
7qjGkXAJw18
7qm_UqbibZA
7rUB9tGIlfk
7tU3xNxbxkk
7zMeb2ShV6I
80FZE2xoO-E
82NOmDhRidw
83Bgy0nrBFI
84nGnuCPqQk
879JvbkFz5o
89Ax7XUjDyo
8Bukjk3wuwc
8CKlUF2PChw
8CjSV9-Xr6M
8DWXNpdpT-Y
8Db1aSJ7OM4
8LdUYoAhsl4
8Lm6o_BrndQ
8OWsNOQ6kgY
8Ol5ng0tUq0
8POkWBEJq_g
8QGfebLgL7A
8QKODqgFaaQ
8SlJOlbIlyY
8U1RQVbpCiE
8VJaBSQuXNQ
8VT3o5yhYIc
8Vm1ygi-3GI
8W_WmQv0H-g
8Xu1F0a24ek
8ZcqpcZruCM
8_VdlXub0Yc
8aH71PQEj9U
8acjz48Pcxs
8bJmkIxqRrQ
8c6vzaTYA7E
8cVE8HerO2I
8dID052pDQ8
8eBJs2FGi2I
8eHtY8Xw-jU
8f-DwYd-cXc
8fWEB0HQADU
8jni5n9vTs4
8jrBicV-Isw
8kYsrW9R2mY
8khR6acM4oE
8mJb2nVAHA8
8mRwb31Yp28
8nxgpRiupWE
8qrrOP-2rdU
8rOSRp3TDus
8sZyTOsgiQc
8tVEu2comsQ
8v2ca0I2Bq0
8wvccDwXEsA
8wylPE6zkt8
8xI7cmYDfIE
8zac6kOj0ho
9-Q3zKMtkVA
902TE9qpXLo
90AJZfLyZUI
90H-axmiTR8
91OTK3lwP-E
92Lb_LNbj98
936UFQrpqe8
9372l1_PyR4
93WTMg-hkGY
94xzVbeGnaM
96P31TZxYyY
98atpQlSa7c
99W3XSjelH4
99cumdqNoNU
9AM-AqdXR_U
9BzRjVu1Iv0
9Ds4_i2tr-o
9Gzkqnhcrws
9HRxUHwudv8
9HaIj-OXcGk
9HtWoBL2Ack
9I4vw13aNKY
9LnvcpjeQiE
9LySGFsPbfQ
9MJ3M0oobbM
9OIZZZxlmc4
9Qth8PrT3A8
9SlnAS96ZSo
9TTECb236hQ
9VIOqHLOLhw
9b-9skwFWPo
9b13B6A7OiU
9cgXpqSUWRE
9d_sGXVmSL8
9fQmJThBNv8
9fmgCzsFang
9ggszXpkYN0
9gz9992HLfY
9is1qRKnxHM
9jdiN49N5iY
9k_5OWzla4A
9l0vKuo6fls
9mWwVgcD6cQ
9mZELmQTewY
9n4fOZ66UWc
9plLwUAYvMQ
9s7rSp78-gw
9sKOS01qT6Q
9t7iGhjfZMM
9tNSC7UV_cg
9tumlU_1wBk
9tyj99jp97o
9u7CJmE-A4I
9v6pJU6sA54
9vEl72DTSMI
9vYZb_rxgCg
9vpQCK42o0g
9wS02kJBZiQ
9yWApzFba2M
A2phYuL8SzA
A32oVCYcDrs
A4ZsoBkAEHY
A5RNFKidJyQ
A5TqETQQR1M
A6uyOjpSG6c
A9fRlV_-bX8
AAk2N4jAYrU
AAqtbDO_VtQ
ABInnZ-yJNg
AC4kkvodd9k
ACPRIJ4VzO4
ADNYFdDvIgk
AFFkkD22DEA
AJYFtXO9t1E
ALE6mxpMHKE
ALMJtgJ-hmg
ALoM6o-UEP0
AMxovnh3ni0
AN1FfCRvv3o
ANWRpGAd9HA
ANiWjoW0XhM
AOGqW-mzL60
AOTz9zhs-SI
AOlMLQ_eJbk
AQIIXIlUeHo
AQK3hVBPHKA
ASlz6Y5AmgA
AT5ZwHjfgwI
ATHxWkDNnVg
ATmloiPFdRQ
ATseYOBKfRI
AaCNIqpCz-k
AaRYzhLdX1w
AbHYCC5M16A
AdWvJgQqHkA
Ae_72Vi1LKE
Ag4lAflByEg
AgJx7U7fdbM
AggFOCGJ_8Q
AhV0H-lOOlo
AjNTth-95JI
Ajbul85PwNE
AkNuQ0i9zqQ
Akcqu4n7ou4
AnINtXJaVZc
AnaVJBgqGY0
Ap59pbyTfFk
Aq8FQ1bS9kk
AserVg7vtI8
AwiFZD5vhv8
Az-r-JVxtw4
AzzK51oGgpA
B-fjIUG24iI
B0pchM3DBvU
B202yRdCegg
B68sH-51tBY
B6MeSmPhgy4
B6iY1qEvYCA
B7AOWIEchQo
B8Ev2PvP6oY
B8l5Y35YZ2o
B9Za6fEdx-g
BB5VZ6h3unw
BDNMHJT40Jw
BDO534i7fkQ
BDckZ09AK5I
BEYOzzi6aOA
BFsGs_qB3GA
BGSGBYkW1H4
BJNJCZ7FHq0
BK_Teuqhn5g
BMoVMN2NwRQ
BPHgQYtcRjg
BPXOY2t2Y8M
BPY80Bwu_Sg
BQLGEZnFGLw
BR6d03Lo4sw
BS0ZaVzCuVo
BTT49lAVOJc
BWVXPNLicng
BWkLXAETHYE
BXJcBXkGnHY
Bbantk84Uxw
BcZJpIIjNZc
BcdHBsvqFqg
Bg3Xm1br6Ns
Bh0VdMlC8cA
BhUF3bYnjL8
Bi43xODx1x8
BixUvwhakNo
Bj_hE--vZtE
BmK3AmCRb84
BnAYhz4YL4M
Bnry9UV_UI0
Bp0g8EF7Ef8
BpPuBiQ0f88
Brk_bm7sEWg
BsB-FFNIZro
Bwex4T7KYJw
BzkggwRLwQw
C-GxSEtNaPo
C0gs2HezutQ
C0mK1vTDmc0
C1VbqM1pwqk
C3GuGLg34kk
C3U-jI7_YSI
C4eJTa3ysyU
C4xuArHC3Ks
C5Mh-bqPYYs
C7J5eyAl7D8
C7RLCBwBQUQ
C7vjGH5yV40
C94an9ayNC4
CAdsk3FrVxU
CCqFFGAM10Y
CDLb76_HqAE
CDbZcUYgIYM
CIfRPYVv0rI
CMTuP5Mv0as
CMqe732FKtI
CNsBLoFvRts
CO0WCXhFk6g
CORqTiTUo18
COvGbNI9xsk
CQDW29X6a4Q
CRpAuR4tvIA
CTjTDWXw0Gw
CVGtlp5dFkM
CVQPHlYCbyI
CW9ZNegB0Dg
CWSyt1_kIc8
CWpR89j2-Ks
CXsnJnAepvE
CZrm3m3sK8c
CZu3g7XLFPQ
C_1LnKNJzMo
Cc48cVl4o6A
CcJR52OZwdU
CdRK4kYgFRQ
CdmphGvT740
CeCAdp-dH6o
Cf6igEC-oI4
CfXC4EeTTyk
CgEGvWEY0Zk
CkqCLpCEyvM
CmJktb2zFT8
CpbaFk4XW6A
Cq4IrpXh_-8
CqJTWwq26FI
CqLDQRYqmK0
Cve8EhG4Fho
Cw-QNXgPITQ
Cw29nDBiJms
Cx5AW1e7Edw
CyTW_ubXPrc
D3LcQQBhx30
D3Zk7btMc4g
D6y9pr7_B1s
D7dzzQ7CeKs
D9nbpT1HAKE
DAEdxCwBjoI
DCDdpZkTNRk
DCkxglz1FJA
DEXRba0jczM
DG8TxRVsx8Q
DJWbv99QCCQ
DL_8wJ7K5rE
DLkBXB_497I
DNh3R4uxe4k
DO_6QvMuRqQ
DQTpOL8obv4
DS166uLLuPQ
DS41m06-k94
DTMAnMlfhK8
DU2fhAmmFIw
DVjmOozhIro
DVkjRdWU12Q
DVp-EktzS6M
DWGJz9tbVzQ
DWKDIB4tJVg
DWupP3lgXDg
DWz7NzzYkVQ
DX9aspPjklo
DXGJIt0rDTY
DbWF5S-Sp2c
DeOB-o0faSg
DeqXGDH8RHQ
Dg5QLXMfTs0
DgsVA8qDzwo
Dh1NGnm67y8
DhmYJfkT-9I
DiVI68GJUfY
DjcI78X8Y1Q
DnTd4gb4Yro
DnY3C8-905o
DnaWTySHr6w
DntsHg1yjU8
DobSXe2iiSY
DpMThnWg25c
DpppUy1tDtk
Dqe73aGnHAY
DrpFQveBHhE
DscNj65TLs8
DssdeHGs4V0
DuWrKhPALmc
DvE_a1_QVrQ
DxIjgPV01r4
DyMpjq_hHJA
DyfbwFPL57Q
DyxMoz82laQ
DyxsmIEezzE
E-8xq51NVgY
E0RNrV4ef2g
E1TrmqJTAsE
E20OSjB2TpU
E4tT-rT0k90
E5HBZuHY6Yg
E6lkAe2rQDc
E8SatOtdq7k
E9ZvPqHO7oU
EBDRNsL3Gag
ED0ukCXiegY
EFkL-dY2Zc0
EGfLYptikyQ
EKop2cfTdWA
ELifj7iNjaE
ELrXEsfpXSQ
ENpHGtJ4vAc
ENz7rHq4joY
EOgVdI4QhKA
EP99ufBcYd0
ESiNZ6u1oHk
ETNg2C6B60g
ETaPvkvguyg
EVPgGUDW970
EX-IylDEmX0
EXiAp8uw4tI
EXowtTJRXMI
EZ4L5z7tTCQ
E_tmaKx25a0
EaZ0wkYiYxY
EbfLnYhuKSk
EbyJTtA4tLY
Eci4ucfVXJ8
EdAj8ilEfjs
EeYzvQVEszU
EfMcPHOnxPc
EhPQGRDBBhE
Ehx25Vtetns
EivpIcN30wM
EjAvPLdUw9s
ElLLJRvAlzI
ElNWZGSLaLU
Elg0HcSI9O8
Enqrw-AjwDE
ErKTxL16QNs
EsXPJAZj16M
Es_OoDf3SZg
Eu_zSo86GRs
EvU_8MlJE8g
EwCEaPEXDXM
ExCWEdKBuEw
Ez8ndrKAeCA
F--SIPMNtWs
F-GtpKqVk6g
F-zguaI7_mE
F0fZg7Ye6s8
F20Jr0U6cn8
F4AqWq-A-SI
F8zNkPsPvJY
F9gKXTSDDYE
FADtdH-NaW0
FCI_PeiBB1E
FCNAvY7mQoI
FG92aiNqR3M
FGKUKB3F2RU
FH7z7QwRsWQ
FKt7IcAb_cU
FLGVlmiwabQ
FMgiKzhNBBE
FN63Nlgjznw
FNJHvZKae4o
FNk6oJXtfeU
FQoc4Kes_7I
FRH7DdNJCg4
FRU5Tdsk0sY
FS854V3vdtA
FSAXpSj1Sto
FULiohe3Pe8
FVDegYxxZ00
FXf5dx6xCxY
FYPEIIOVWSM
FZFHsX_kffw
F_CvEoQaPQI
F_dmLZaUQpg
Fa1X9jSMxrk
Fh7JZDrkQ2Y
FiJB5YQ1o20
FjxggDzo6-I
FlvtHMO6XHY
Fofihil_WDI
Fp0JE3dLNYw
FsWqfDlJGFo
FuZNDQg0miM
FvIc5v4RGJw
FwMt4v-R2pE
G1iCw3bnFwM
G1mK9MMrnkA
G5GAEQVitDU
G6-eFYV0pHs
G83Qj6ngcgU
G8M61thhMoY
G9K-ufvPcbs
GCnA1CO6j2o
GF2ikwq-_V0
GGNzXMNxzCo
GGPcdONRYoQ
GJpcO9Efqpg
GLvMvv3Zk_0
GNGzV-h_EaM
GNI9Kcxxzmg
GNZVMuWL5yE
GP9wBDiDMgk
GQbSbaP6WCk
GWxt8QvlvM8
GX8WHrz78cQ
GZviMRdVQCc
GaS4k01NKIc
GbGlY-rAoaw
Gcfgb6Hwl-4
GedEkHLzFKY
GgL8lTEnapA
GgN2LcIB7cI
GguyYt_56x0
Gh-9EN8HR2U
GhgQidOJQRc
GiEBXE8vlhc
Gj7i6y_iB8Y
GmGIs79JsWs
Gmy8_pngv5I
GogQQ67G6Co
GpNqKKnJbeA
GpQVnB1xZNU
Gr4eFeUgPkc
GrpiitZYWNc
GsgeliRh3QM
Gt7ZpYnEY6w
GurIubUhTNg
GwuA8NnKFvM
GxM0eFzoPeE
Gy5qsXSK2nE
GyuaRejOtu8
GzciPL4Cvm8
GzljVQzT75s
Gzx_Cn6tLQM
H1KmNlp2154
H4JDvBeawHE
H5WpVsaUxL0
H5lV3aUlXcE
H91W3E7ZIfM
HALyrwfM25c
HBxaIJE86zs
HDXkF5tF4Ww
HFZn3E6_Uvw
HFgUKI1Pbac
HIPMbo-8BW4
HObpcnbyZBk
HOoeNg7CqXc
HOr9794qmn0
HQhvJnpQo3k
HQzXF-QqUXE
HS4sX78X_vE
HSyypkzzPBs
HT4koBCgf1g
HW2C5a0Xwjw
HYkB2WFB31o
HbuWJpLwRQE
HcKcNggjt7A
Hck9EYJHNrY
Hd_qcaHAp8o
Hf6Rf8uQGqQ
Hf98VZ9UJqk
Hi-IOzvbnDA
Hj2PPgn4CUo
HmeOkCsd9Ho
HmrCSINCChw
HnP55UN_egM
HoLBaXywPd8
HphG2eMMMqk
HqbINu2t4IQ
HqhqqWHZB4A
Hqmwkgevm0g
Hr6EImiGUZs
HrbSeSNA3PA
Ht_A3nV0wc0
Htme_K7pcj8
HyafFI_GWtY
HyvhyQPOoZ8
I-ADdAJ-its
I-W7ns0-aAY
I-qLVAU6zWs
I0Bng0_dZ8w
I0_Phitec_4
I1noerqEqUk
I2BvG4E1BOE
I6Uj43AL5RQ
I6bvDzbA0Rw
I7gjOtIJj1o
IFRxWJRh3Jw
IGDP6rwMYHw
IHhf3ZQG9cI
IIAIYeDxoQg
IIWRQhsTbUk
IKWcfRavyhE
ILNTYS4qTUU
IOITOhLixNM
IOuOydPpyyw
ISC9USujj8w
ISPTHnI-vKo
ISfujRrg1Dc
IU9e4A-EojM
I_JyHVprrHw
IaKJHsk8t5Y
IdHSB3qpR6U
Idm8OyKhWK8
IeCqYuFHQYM
Iepkxz1XaMo
Ifc9VGQa1_Q
Ig2T9sqPy-M
IinP8A7950Y
IjmtIX-ioR4
Ijts5pF5fIs
IleL8kcKW-I
Im8b_FyJU8w
ImcbzjFcwZs
IpRdf0r2OtM
Iv8U93Tt93g
Ivv7vxOTVPM
IwHgw3aewqg
Iy1l8F24orA
IzfwVQj40vA
IzsDmb1B-iE
J1nFrPNaIbs
J2IKmH9vNqI
J4g-yTyb49c
J6Di--HQvIk
J9l3WYO0hJM
JAkOul0ED7M
JBBhihyw7eQ
JBmaP7lS8hg
JCcRxm2dYnA
JDWiNYDQqkU
JEvhL31qrMg
JFu0ZPXd1T8
JGFP3wGC6h8
JGS2XOx7hMU
JGx6rXFjjOc
JI4XE5ZMdmY
JIEVLJof1ik
JK4TyqkSjRc
JKKfv3tm0so
JKTfwdB9kEQ
JKk21rvaQvg
JMlHye59GlU
JNMd2Nqqd98
JNc3FPjASJ4
JQYUZEn2W9o
JR1lx7z_1O0
JU8tldFE5j4
JUTyjQPYiPY
JV0DOaxlJaA
JVbiOa5v8t0
JVjRWOYpHsM
JWuVvPR93ds
JXTDCd3zVdg
JXyn3IDDLLY
JY5JxvGJeQU
JYCXfNimxJs
JYMN9nKUA30
JaG2zfstA9w
Jab5R2rzo2w
JcC6vVg22zQ
JcPU4wBILb8
JePdI0s_C4k
JfHoE2Wsx3M
JfU3JAa9gSM
JfxaWykxCDI
JiqQr4du6rw
JiqWfITzjBM
JjFqOtgfa88
JlTXazihvx0
Jlo063fgm5w
JmAIi6hYv3s
JmLHPs4MV6c
JnDvURJWpX8
JnryfB0J8jo
Jnx6WqxrEnM
JpOiQJjJcWU
Jpr965_K1_k
Jq9xiHchCwE
JqlcPjvgwWQ
Jr27bMU0x6Q
JwrR7bo7QLE
Jxl8SJCPMYg
JyIMsVOEyI8
JyP6KPWtLmw
JzijmHi4koM
K-S_aSC8yCk
K-XzSY4Rb3Y
K02T1aRyJ2M
K08Tm5q-GdY
K3rlVyDsOdc
K4MSCsJeZsg
K4oZd8RoCNg
K5rDBx-ZJUM
K68YIAoE1EU
K7JMk5YxEiU
KDFZ1c6RZ-o
KDKIdbEvqkk
KDOsPl_0VBk
KD_OXuSYTPo
KFH3fWCxAnc
KGUzZ24LJLs
KJyk3QP-eyA
KLVa-78pdF8
KLmlM4JwDsA
KM69ARg_EvU
KSmVWDDDYaI
KSqtlRHh1C0
KTMAOv5Ngpk
KUgJ1HI9eO4
KVMgfnddFbs
KVOSGTzNX2Y
KXD5U9FQUS4
KXuCGKuW9JU
KYWg8Q17I5Y
Kb78a_7ix0I
Kb9dfmrJ1r0
KcB1McJBfHs
KdMk-AZ_x3c
KeUP2w8IGY4
KierN8Fd034
Kj4HJaPxNnE
KjH0nlUAfHA
Kjun0Ekkj8k
Kkf5sYX-nzs
Kkr4F2j9PaU
KmX0VG85_bw
KohUczc2YD4
KqUBMGt2QeE
KqfrX3gkoFg
Ku-7HRqpD5U
KusPbAfj-q4
KvIa8fChUFk
KvYIWIY036o
KwgwsQO6aG0
Kx_B_PKpoPQ
Kxzh6LmrpW0
L2McaRO5CIw
L2o9gsaaI6w
L3ZirEksyuo
L4jj-9SMKrw
L5Ml2ZtaFhc
L8CPc75Px7A
L8ClFW0Ux94
L8jiLyeS9Pg
L905TRPKdKg
L9lF-Uih2IM
LAQip_pyC3M
LARV8Lrw70w
LCbkzcOtkPA
LDodM9d-yHc
LE3TWL9h33E
LGmzxZK4S9M
LJ0K5tsgC6A
LJXF0ieuq_o
LLnB4DJp7gc
LM7vnhWjPnw
LMQrhkaep2Q
LOL5ADniumU
LOZT49wioAs
LPzrlAaQvFo
LRtwgF5B1TY
LTYliT90470
LTdzhFDAnPQ
LTjxVSDv2h4
LU05wK6RBwk
LU73j6KJTCE
LVEn7-dRysE
LXhM1uFvXuQ
LYzEyTE2JQ0
L_R27DwYn18
LawLyB7XJgk
LcaBR_LCBJk
Lcmbgm4w3kY
LedkRI3LeSM
LehW_YhDEPc
Leld6Z1dJFg
Lf4JBAZZ9PQ
LgFF6cqWRhI
LgMn3lk4xpE
LhZBCHJFiO0
Lis0Cz7NacM
LjEDGBmM26g
Ll-gJLGm6MM
LlKz6WM9fsE
Lo2PxxwWf6Q
Lr8f2rPZDR4
LrzBtYTDce4
Lt0vI7_HOic
LwKErouARJY
LwyycHomgPc
LymvOTc9OL8
M-x82N_M8IM
M1bB7aetprI
M23f1aB2PxU
M3DBXw85dTM
M5JxVJ6eoEo
M6FZ-N55-_s
M6jkmIgDAAY
M6uLwG78_4M
M9SOA3E4lLc
MAR28xtEoTo
MAagwMTDy_g
MCFhpyv4mrg
MEdEe4oRqUM
MG4lg6jTfLQ
MGbFURj604k
MI2UOY2trMQ
MIpqOdvZTu8
MKkD6UvtHCE
MLEScMXc9rA
MMygtg7CifY
MN3eJ3HauK4
MOcn4N_HNs8
MP-NaZmuVtU
MP7V78QEx_U
MPIXF3juxjw
MPXyoss1Dgw
MRlykBH6YY8
MTGtvg_c2vs
MTquNeFiEWY
MVVykSPoX9o
MWJoM0r5nT4
MYqucV_u8iU
MamkPcryPC0
MaylJgVWfek
Mbvx1T5nubw
Mbz18LNbgqM
MgMJpPY9f54
MgVZfeErTqg
Mh_d-T2I5xg
MiHy02Jix1Q
Mlta_zhQGns
MoB3MzaYk3E
MogykDXx7Hg
MpDVlnM9TJE
MpZH2nM-bqE
MpraI_hxcik
MqRoW-DFH-Y
MqyaGzOjL-E
MrMcn6p6tr0
MsbMWKbI5Wg
MtxgmeeKoQU
MvMAIfo5R-A
MvdF06qswKk
MxYDXbEFKSU
N0RVzPO3kYU
N1mKzSFB6fE
N5OaAymbN5k
N5tP0TgRnRw
N6ZxX4_xEOE
N6wJV-gxQTs
NAwq5Yz7n-Q
NBy3VsHqFSE
NFHiMRlF2yA
NFkekrI521Q
NIoYhzdXXkA
NJ7S2PMAkS0
NJV8DbXVIpo
NK_mBbFwdsI
NM21QEjHPOc
NO7oI6MGn3o
NPTODS3X_pI
NV0CH5fhB7A
NX5iLJnEBY8
NYigZ7t15eE
NZSyloMbw70
NbCI5ZfMQfY
NdRd2RoLF1Q
NdUAccqPJkY
NgaiE-2K-gI
Nia0iGG0CTU
NjZ_QPm2S64
NlD6yQtyWt4
NrsUDwVHSl4
NuiBgxEMNIU
NutvguRkFrc
NvmWaQ8cK38
Nw6M56FW7zI
NwTDvwmJrQI
NwVwt2K9VNw
NwkdVcfjMlY
Ny3-DkQ-EzM
O-HVCpANfQc
O316krh8RLM
O3WE-RuCGq0
O3rFIk4mbx4
O4bWdLTHqGY
O7QIeOiZsjs
O8xzkTM3o74
OC4-PCUiE_4
OEoHyHvDQqI
OFkBO2Y_y2k
OGQXiGTENyU
OGnr2VvNP9s
OI3Zjtf_LTw
OINCl3DBvIU
OIZlMOzpv5I
OJrMtBaWT2s
OJt3rdPPNfc
OL4PoYIhA-s
OLoNYK26bYw
OM8qISRukV4
ONk0ZyN8B-A
OSt8D8ObIXM
OSwV8A_Bx7o
OTQa5hJEIDo
OU8lH2U_R5A
OWZ94s6PIn8
OYErtfp8cLM
OY_FG1jgKtY
Od4YC5VuSCg
OdJQ8qS-D3o
OdnZkW3-GRM
OeBt1fA3QQg
OeaIz7VdMek
OfZycIKjr34
OgSFhkEFUbo
OkX7frQvhfk
Ole7ydFzv7Q
OmmMAkPxGJg
OnepdsMHEDM
OnssHH64Ulc
Oqfcr3n_b7E
OrkW_9hPy2g
OspUiugpwzA
OtEXA2cKUrQ
OuJE4XiYrdU
Ov7TLJv8a8k
Ov7z34JUy54
OzJxx01nx7E
P-cMRY_biPE
P0IeRvXxlNs
P3ahe5C0nwg
P4D6AjeB0uo
P4DXWSLdtqI
P4KubYIWmHc
P4uTIuJUXAs
P6TXbQYHfhk
P6r_m0MM1pc
P9V_sdbz4lM
P9fSDTsdi68
PAUEHokMpbE
PBFbqzlw9OY
PBOd3xKTs1E
PBXOIUCefGY
PBpHVzFgR4w
PCQsArSp4es
PCz7ZIq3KLg
PEvq-oNbY1M
PGtjOkX4KXM
PHWMJqr3V8I
PIAF03svKVI
PICehvZ-ZJ4
PImLP3Q7_Gw
PImPWVjlDOU
PJeXE06rLzM
PKQXfbYqKlE
PPrWIniEgtU
PRN-5GNzXoA
PRzRIMEYivk
PS4iT7vLkO4
PS7KEe9dedk
PSLV9dfLsRA
PTyXpD65yXM
PU0E9d_0Hf4
PVGQquO3otw
PW7hc6j3xsE
PZlJ-JE3eb0
Pa9ck0v_WRA
PbFIWKt8RsE
PbwkXWclal8
PbzpBC0v6fc
PcCTr9uxisk
Pe0DHKXC4OQ
PefPycCVWDs
Pgsvxp-xYTU
PhfqQNL-aYc
PkRvF0JDBc0
PoZtWCEmf_E
PpH4Ad3E5uI
PrklvxiyulQ
PtbY5MQrcSc
Pu5si8bv3Qg
PvAqRbU6WvM
PvxuJF6czQw
Px_NH4y3ODo
PyBjRgWRUCY
PysiERNi9Yw
Q2_jHb0cST0
Q3onpZq1EOQ
Q5LW45XHW1A
Q6qtxoXZirE
Q8FLOL8bU6k
Q9jcTEfk0Mk
QAMZ60wND70
QBI1qtjm54c
QEO9hZSFPJg
QEUK7rRD-xc
QFdmjX87eCk
QHal6EHggEw
QJhmHgJD58U
QL6WM2_llGU
QMgPc61Cvug
QORdtUD3_-o
QPsI37AKaf0
QTHbDYaLskI
QUaKruT-F78
QV794NdnNLM
QWk2ZWZ76X0
QXP5FymUvzA
Q_NyhqrgdTs
QbFbeuDlnE8
QbwXvfxs3_4
QdrpaRfv0sg
Qi0lzhL6e9Y
QjjB9wQtkzw
QkRNuURnyTo
QmWc5zIqL0c
Qn-NbzGGUT0
Qnfw8U2vHCs
QoFJyLks0ng
QpXPNAd7KbQ
QpoYfDPYWUI
QrAwkV9yI2I
Qs0HdjlYizs
QsHZVuO216I
QsXTjwOhFAw
QtdbEcK1PWE
Qw4N7bMijWQ
QwiICAx_WpQ
QyO6WFs3Glk
QyZFu6yLeNM
QzgNW4khNHk
Qzwq_rNGrJI
R0Keo8vo6ic
R21t0_LFuGE
R2VVMHJHQck
R2uB5ZwccLA
R376cMdQjeo
R5VaKOx-sfo
R5XcfNcKX0Q
R6cRXfJXMwM
R8gNnWRVbqk
R9bB7HxhVaU
R9dg2iqw9H8
RC67rauHuPQ
REhLiTzvVL4
RI9fm7gz8Es
RIYDpxxz5SE
RIbiBN-Z4Ew
RJGCWlVQpwo
RJb1Ck7Gw5A
RKx9PwQ3ZnY
RLdOLhgBFMI
RPNUi1pRSlc
RSFuKKbHvbQ
RSyJ80vSAso
RTOXXl0U_90
RVHbxCQ7p_o
RVVKI0F6Iug
RVscAprw_v8
RWXC0NBA-sw
RX-EuEndoGA
RYZtqFoqhBY
R_7sxcPHL8s
Rb6JvU7gS6c
RbM1kbXVY4c
Rbkbuwd1m_E
RcEVbcfWOPo
Rd84-QA5Ado
RdXKO-I4C4M
ReiKGw3b7ow
RhkDiVIvSUk
RiUxrbHdbwg
RkT8HBazeX0
RnEhk0lhQ_M
Rp9MYvlpZ84
RqAvSSdOq0w
RqDdHilyNGw
RqIhgd4N8Nw
Rqh_i3nWlbg
RrpHs5Wapdk
RsdsJapEAio
RtATHhCV8-4
RwJNZYFBsvM
Rw_4In1_Eww
RwfNdtAwAV4
RxJkDeA6I9Q
RyM4yxpoVP0
Ryf1A86jd7I
S-ELqd3yhEA
S01l6nFRmt4
S07hp-763Co
S0tlHte_-9o
S1P-7zfLr0k
S3FOXjoPaEM
S4gfBpjKXdE
S5fPTrT83-A
S5fUrnLYE5o
S7wquF3X7gE
SBFCtcKI3k4
SCEwZsjapVU
SCf8qQfXJn8
SDwX7tR-z2o
SH3-rHClaT8
SIyHaGMTOSA
SJNeduE67ok
SKN6czepTLQ
SM37k19ZPQM
SM4SUZXZRVs
SMF3VpNG2wo
SMFOo_TIh10
SMRhgRR4WpE
SNh6qUxP7Yw
SOv1zzYC7PA
SQj4-nt2la8
SRU9zld9CdE
SRxazmMVz9s
SStYeHTSLdA
STI7feda-Z8
STXpmN-UCIs
SU6NgJUgVEk
SVbbFgopipw
SVwV96z2snY
SWN9u69TBrA
SYpNyPX8Ur0
SZnvZxgpHd8
SZyVZhiqFWs
SaRw5v1wHnY
SajLqsQDyms
SbHXntPnU6Y
SeYJ8KO9C2E
SefD1SX5Ass
Sf-6yLtIMe0
Sf1JwtQnAYc
SflKeh9BLJA
ShRTmxCR_2U
SjAutE79wxg
SjLZK8vovw8
SjqXa5sI4mg
SlgNbcHkLk4
SmiZKGzzETc
Sn1RhzXTjoU
Sn6bedUx9W4
SoCvR8AfX5g
SpN-31qQQ-Q
SrGtLyLHr5c
SrIfQxU5_AM
SrJYZk7harU
StSO1mZCUW4
SvJXuSdwZqk
SveV0GUkZzI
SxBmhSxnKdE
SxU5Tjv7dZs
SyiSY4co4TE
Syk6SOOyXPE
Sz306Aa4Q2I
T0SX3a8jpqM
T0ZvM2RQlAw
T1PTUkYy2ns
T2BmDSg9t0I
T4LoB_BshOA
T8W_NO5IZZM
T8ZT0TseMEU
T9c4rg34LD0
TA9-m2w6JOI
TAKdq0n_nL8
TANs32j6lm0
TBO3SqoLlW4
TFic46KTvTI
TH85YRQO4NY
TIt-lagpV2Y
TJm6hhEURVA
TL9u4G9SyOk
TM4nA9gznxs
TM94zrIeAjE
TMqYxc6To5Q
TNDSm--IB4o
TNyc6m2wT9o
TP9KVB4biEI
TPHmrJNM6wE
TV0eJP9m30M
TVPKEtp4JeI
TYVeWUr4utE
TYtzQyfhmzw
Tasej3pE9Os
TdMxxhEV5lg
TdZgwZ1VHDo
Tdj1zepHMSo
Te3nFnlivNA
TfUM4nUCf70
TgDpXSl3aT0
ThfAYqYmcF0
Tkf8FkwWGbo
TmMHsczRdDQ
TnD-BXamT7I
To0h4mqz7vQ
TqO-4aMuOsQ
TsThZZAvw8M
TtQVwREZsA8
TuB1HxiGLy4
TuFdcVOt5os
Tue3uGUb6RQ
TwdNFZ-OdJw
U-VJtyXj_jQ
U0saZmY8T6o
U5_aWQ3CRoo
U8CpMnUe2SE
U8ktEhoe91g
UAqAxXV_p64
UBkpvfDLzi8
UCjUzzTsybg
UF-UEmNeZCI
UGjmI-2O5Nw
UH9wx9lb7JA
UKoXaN1psSU
ULF4gurp2MM
ULNxkspA7XI
UM0MmS0UQ_E
UMAtOawKRmM
UN8TFWLi6jg
UOFa9EhYvmQ
UOK_VkVseko
UOeYBd6Sw1g
UPrE3BigF_c
UPtStdVmMn4
UQroCFOySII
URYiBb-6VC0
USp9Bq75wMo
UTVYFi5igRY
UUFtPCUpfqI
UWf4Popziyg
UXTdFECCYNs
UXl5IWyQn_g
UZnU0X4hhsg
U_R-J6wLQIs
U_hyQJuIJb0
UevxzrrBhIo
UfBcnTQrOT8
UgdO8bji8gA
Uh3pZZNSab0
UhGqKJcyRMc
UhWOqNaBwAY
UjDZT2TqIic
UjeZ0x72kMk
Unt5pkKeOBU
Uo96MsDLBOo
UorwpN2BgHs
UpWJlh6La68
Uq5SeBq6saM
UrT2bd1rX68
UsJg4YoF-jg
UsdrBYkaC_M
UtlfA9Q1Qo4
UuwVDtZZgHA
UwLLoBfV05Y
Uwl1zhFqBus
UwoZtHW6kVM
UxM66l7sgbQ
V0oeo3ugGMU
V1L98-rDC0Y
V1wYDspLOrI
V39iTM_BCXw
V3xBvzKBZ2Y
V3xYa8wwF_k
V4On-alLgA4
V4s5N-oAoAQ
V5GV21pBxbI
V5Q0xxymnu8
V5i3DESkxEQ
V62nAC42pVI
V7P09klam3c
V8twGUcpsAg
V95YBEIi1hA
V9VkaT_G2BY
VAOKkxyfeHY
VDNP6WAYIIU
VF40Onxphgw
VG7DF3qBnfQ
VGqHae1tchM
VGtlHL_lVRA
VHfyI-DN9U8
VIh_VjGIVKI
VJE-ORXGtkg
VJTv7r33CjY
VJe-SACa-Mo
VK502EqBbuk
VKb4iux6Hhw
VKy2fCH66MI
VLOIwLj5VSM
VQUKbo1BBt8
VR5lUduQfX4
VSK101NpxBA
VSWT4OJsq44
VTWWHZofNbI
VUUjUGYgon8
VXHct8qDZLo
VXuTLwgKgdc
VZVDgwSwElM
VatMpqMsPMY
VbzRbHRE5es
Vcxb8C3xgHM
VeUxUUHAbjg
VfJ3GZpBqg0
Vg67leoXcB4
VgJU4diThV4
Vh37hh0Yl1A
Vi63FsnUtL0
ViAScTQ8jM0
ViZtDV87UdY
VlZxo6mORHw
VngJ2vzEFMA
VouwD7EBtYM
VpletvPEpqs
VptDnf3oukg
VxNX7MDR2zw
VxpCkgcELPU
VzJKjSE_WWs
W1bO29FcOBE
W27lVn1WI0U
W2TjQiTY5u8
W4hunvtPDAE
W8NGskxyvag
W9Ga1cSBbGg
WDhTeU45GGE
WEgBpL05owc
WFBwFhmssrg
WG3xFGMRQQ8
WGCyNSy88a4
WGeNhpml5Ug
WIinDcRv_-0
WJeztA3RYA4
WLh0TNQkDeE
WMNwv55Wd_A
WNKjqAAZpag
WPqaLhUJR7g
WQlJZc930JU
WRa5ko3CcFI
WTOA0xJgMco
WUCO42lMXWU
WUJnYz-LXmA
WVEnWuJB_xk
WVQ-ZSypWvM
WWoQUrp9BwY
WXu1HUHn974
WY4Q_Ng9qRA
WYwOik4qC8I
WZIBzxgs7J4
W_tXuRVc3pw
WaBuh8ZGZlM
WavTMN-YDu8
WbQAtCacYHw
WccLwHKd_AI
Weo5EXUFcm4
Wez04s4dE3s
WfrJKixrG6o
WgXUiwgjQ8E
WhJU-vk_dKQ
Wj8UO74aZMk
Wjbe6To-UBI
WoV4YOzLIAU
WqAuIgrtWdI
WrBkhHHIkxk
WsouDYLaxMo
WxdKc83D7bU
WyYmrXWRPpY
WyZcpLRJ9e8
WyzWZngp8e4
WzPDzg92bWY
WzYJ2NZN89Y
Wzk99kAgPgw
X0-LfUe0RC8
X1dtXCwyj70
X2-sSW19BKk
X6enCg2pUv4
X6kwD8sjUgc
X87rGdt5dtU
XC4NshDiIfM
XEZVF5oZ334
XFGwhSFalfY
XGVZmA8PFcM
XHt_tuRT9AA
XJg-og13jU0
XKeL22wgKU0
XLCJcJyBA0I
XMi1eZPbC3o
XPfX7EGblXU
XPs0UVZ068s
XQ_mUIRQ_j8
XSk5giEYS9Y
XTyJ4yAWu1w
XV3NqZ0_ZEc
XVDgSSKSFXA
XVVKUY-xKdw
XVbiRiDdIAk
XW0CQldrEIc
XaFlfJgRaJI
XbnObab4Mtc
Xcwn0fKfCg8
XcygPf16KZA
XdPKeJW7VcI
XhHuZXck9oI
XiNq6fO6VdQ
Xjqq_yoAsR4
XkKcWK5pH1M
Xkacq-6SMew
XlDukZstJyM
XlG5t3OJ2mI
XlJ9myxs5mI
XtyljCrX7zY
XuO_eh3ZTm0
XvKv4gvQzrw
XvMt_fpYvr4
Xxo6wp4AdmY
Xxwgs-zcWoA
Y06ASCiBKkA
Y1onoJwW3yI
Y2C8wgwSxjg
Y2DFLWHGxuU
Y3o4jJxJeJc
Y4qUgOad2WE
Y5TQEokKqSw
Y5Xh4oMLrGc
Y6UWqBiO5nM
Y87frPYDsvI
Y9A2Vl91XLg
YCNjjHD4nyc
YCmdf9nI5Ew
YD5c1scve1E
YEpzLtFM0r8
YEut9q3H2fc
YGewzvsWbvM
YGk9IR14EDM
YHh_XYZlBL0
YHviRHmZmQs
YISQMc4rxtE
YITzpuwKCCQ
YJmEBPGNOds
YJpGUr790hE
YKLHbHHum2A
YNFrXC3pmkE
YObjMU3Igbs
YOr2Ra7cK4c
YP_BXhzYZck
YPpl1EUNgDk
YQXy16H5yy0
YRIWzDSWNfk
YTZNG5TaBcM
YZR1cRaafhs
Yb8jl3CFfFM
YbPxc_2BoQs
Ybj30IR-kf4
YdG7hoe43L4
Ydv03DiWxH8
YfTbuUjnAhg
Ygfv-B0CLbE
YhXABd49HiE
Yi5JqYDaDiU
YjN_EbxZIw4
Yk1lavhfhSY
YkCg5s0Kkq0
YklUTQJ-lgw
YlNBwhd2yr0
YlXqzlYQOwM
YnpxxHE0H9g
Yo4UO2abD5E
YoQBgH8sLGI
YqMt1w4cjdc
Ys7vTmXK3qk
Ys8rOUzzsA8
YtRzzYFT3dA
YuBMI_fDNLA
YwIUK9g2rIk
YxlH4HkfV2s
Yy9cTmqKJ5M
YyQP4UBP5NE
Z-VSmNdexFY
Z-aMO2zxjsA
Z3LOUW3vsSc
Z3XU9_yZWuo
Z3x2nb1eW2I
Z48TKYWZeDI
Z4rxwtzkEOc
Z6xPN5a3j9Q
Z7fTrH7_4sI
Z8oxsY2iE_I
ZBA5Wt9VK6s
ZCo0QEVi9TI
ZDyX4OLLTcg
ZErPR_Kf5W8
ZEvbA6XIDOc
ZEyAkyecS9o
ZFXgxsG5h8A
ZHXeKHc3RT8
ZIahTRfvyJA
ZLQ_In8RcZo
ZMY6ywD0ON8
ZPQn5EeUQZ4
ZPSnG3PO0vg
ZQVu6aOKHHM
ZRi9aGydeDo
ZT4R9TuGIrs
ZV81K6IjFXU
ZWqkhY7iA_c
ZX1I6F4RE6E
ZXBpkR5JScg
ZXEYBffw7RE
ZYyBnLdCw9A
ZZk9SkteaXE
ZZz7rHeQtfY
Z_BMIWOauIM
Z_Mmm-iiF70
Zaw-yPzJAtw
ZcnPm2mFQZc
Zcol7V384fw
ZdFEWacG4uM
ZdLn0d2nI_s
Zdg2S3pY91A
Zdlyi2wZaJg
ZeaMHVsbB6g
ZhewAaF9haY
ZhgR8l2nBDA
ZhntbTAMM6A
ZiJmq8SqL28
ZkTrSVYhlYs
ZmVm6g0ceK8
ZtQksKcLKCc
ZvVHljN0Znw
ZwReW3sWMZ4
Zwsc2cUZwPY
Zy4tnaTkWMg
Zym5rjjIkUw
ZzX0TuWxNhA
_1c3JqUVYbY
_2Rymu-UIv4
_3Jmc1WhPnk
_4mD9H2GFgA
_60Gnr6gRPM
_672J51a8GY
_83zWt5Oo1M
_AKsOXGGA70
_AL0j5tczY4
_CxLb5gqz5I
_D6znYKkruI
_DVHVDm8Yy8
_EzEC-4JBuI
_FEqMHEHgYY
_GIcClexIoI
_Irb2Rf9QL0
_MpAkq0-n-Y
_NCmBjnXObU
_NY1E2oFM5g
_NifYRGCiPg
_O0WhHlUPjo
_OGjBFD2qHg
_R265-xDBx0
_RN9xmjM3MI
_Sr00BH8-LM
_SxROVEgV4M
_TIZNufXjHg
_VESJxeYmrQ
_VQky8pwQH8
_VZLxZ_GIA8
_W9Vjpg7lXQ
_WX-OmqGuJo
_Wm-lRWIbpY
_XUlcJwnuGY
_Y0a50yHXIg
_Yx4ikbSGf0
_Z0vtMeF4Bk
_ZfuQjiwlH8
__Hp3T9Nr6Q
_aZzNaWwhN8
_bFymJh86HU
_d6QYpvbNio
_dZBLCeo6NQ
_eyqNbQ5Meo
_fRJUtraxxE
_g8HRNbVg9Q
_g8jiLSmhkw
_gcjIo16efo
_gzf903oKq0
_iBg133sSfk
_iXJdHB_Y_o
_igoNhUjfOY
_jZUHYl-olk
_kNpbJ6oUZI
_lNtNDFzsfs
_nD8uhD16Bg
_nXG0ozIDdc
_pNP3jicHaE
_qP7H-wjEzI
_rnN5UDCM1U
_s-b6k7_Gd8
_sXWgKq8mmY
_swEQpVczGI
_tMhu5aRLLU
_ti6-VnL6To
_vZ5Fmb7RZg
_w6cWLZhgAc
_ylPRLHkMLQ
_z347xVcVmc
a-T2UfqKR6E
a-W5ZH9KpOg
a3fGy5-wP0A
a5dbM5KC9jw
a5yuViAZExQ
a5zewPNS5u8
a6HAqdaKxUo
a74XvZRScS4
a8gs27HvZQo
a9cCE0O2tAM
aA92K6hZO4I
aAm9BFVR0Pg
aBXVqmceYQo
aD5Pha7NB5Q
aF7a89MKaUw
aLFdBlaqpSk
aNZqKVwh6AI
aOo2eWPv9jU
aR_GNrhN-0U
aT_kU5LLl5s
aV5n8bDEYbA
aVA9hYBd7cw
aWBsy3GOpzI
aY21DgE4Zj4
aYXq6iy4ILA
aa5IedUHdaQ
aayP49ug-8I
abegv8fumVE
acDelZz21QM
aeJcrFZqkpw
aeyQ78pYCQA
agIJG7klcqc
ahv-khLRmjE
aj9jU9WnYhs
ajiFyf0BEQY
ajn1jAwruuI
akAPVRu9So0
akGCgx5ZH6U
amcGvKJfNL4
aoT7F280B4Y
aqAzZ4hYva8
arq97lBYcQw
arrMMMTbe9E
asPjJlCf34A
asg_8Zmbmko
atO-cGbQSIk
auiAD2ej2os
av9LkXN3sXs
ays7IE3tqV4
azDQD9CURsg
azPOh3jXcSk
b-4QIKuDFa4
b1SFHB__8m0
b1vFBawGpWc
b2SOn-krDNQ
b2vILCe7ezQ
b3yBlCwXM0c
b62dOiXB59w
b6S_LBVF4cc
b9A0EAUeXRE
b9Uga5YenkE
bCkUKPiJKoc
bDDtS47Jr5s
bExW2Rd8WI8
bFRZlczpp4c
bHecY3iJick
bJhkkjDqtGM
bKZwU92zIdI
bKcT3weohwY
bLjTJyN2rpg
bM3A3d_0DYQ
bMXatWMID9c
bMvOmrM25T0
bMzXfEIcjCg
bNFt6t8s-tw
bOQvklSJqZQ
bQKkGjBkxWA
bRiXCjNOF1Y
bSuooVohULc
bV8eg0ndnL4
bVVzu4HciJY
bWm1ER42mV4
bXAxJfSmTS8
bXJ8dXdLxN4
bXx7WbyAiCQ
bZp53xmWlUw
baDmNBIAj38
baT2v2h-0ug
bbYntwk1g08
bdWMKYdt3Aw
bet6dZoX7i4
bevLuvC9cTE
bfXIOrneCF4
bi6MDbEpbDw
biJ5HjqRnQI
bi_Fl6MtqoI
bj6-2XyCG4M
blu1nnqZc68
boPIeUan_xc
bpFSTEbICQg
brrOnMgpK0o
bsKM-ZysMU4
btBBzs0OCOY
bugjS9tKaDA
bvU0ksnYJVk
bvVtncEjJCw
bxHkB6BABV0
bxiu9B49z7Y
by1cmHKn_B0
by9XgbkKQpo
bzK2NifE7hw
c-HfbUA_IkU
c-qV_41k2II
c0oLbnw2u-4
c316Kix-YPs
c5QEIr9GOe8
c5_RzSDfcp4
c6c3X99aCPw
c7f3HXqTylY
c7uIABDTO9Y
cA3o2pGmVz0
cCvl4PwgBkE
cFtI7LEZ6UA
cGiMC3ZPkGg
cGoProakNRI
cH8eSueBLuk
cHpHlY54MP8
cLCuqtWcbw0
cNBq0nLLG3A
cRmdas_nIxc
cRqdEeDhhYc
cSxHaY41f20
cUEi3kxwr-Q
cVWixJ_fj6k
cWPq6acKbdQ
cXhtenpTzVU
cYSjb0sj9ms
c_5hxkzLkvo
c_uvs06tnh8
caS5C5tuQxM
cdVFYY0AShI
cgBG_CUdik0
ch2J6o9fctY
chCWTAewV10
cik-M4veMLg
cik46o66ahk
cjZzq0dHotA
ckdJxZHXt1s
cmChlxI4pok
cmHqbanRJlg
cn3Nu1PLTtQ
cnDy8PFSauY
co3YR00gIw0
cpYt-dUUFpg
cqt4iOiOSs0
crKlOhU2T-0
csKaPYkDnp0
ctqyzQuiFxY
cu1yAtPlleY
cws_mJPKdYQ
cxm1eV6991o
cyXqYkkNPzA
cz3VT5dzdu4
d-Mz7FEaBsI
d05zJ2hrxcs
d0ZpdusffG0
d1DnAyWdLHc
d1xy-LmigDE
d5GGAL5HZOY
d6KVFyOKhkU
d7r6-ThsYFo
d93lzQSL6GM
dCTz6ISQdmk
dCZIjsigMU4
dDsGetfAzTg
dEKkZZg7eLM
dErNhpOd0Y0
dGJ3lI3Dbzg
dIFcUcvu3Io
dJ15Cqk0oc8
dKjxSzOWE4M
dN-_mxd1zpo
dOFBRJRdGsI
dPHrbwbbrlE
dPWtEfNUccI
dQWINaCHoMQ
dS0bTSeRRjQ
dS_6-e7pF68
dSbnuSOnrEw
dVU0HKxlLnI
d_hVuc75tQI
da-k1y-hryc
dahKzMJJNcQ
dc1yylNoNwo
dcE8XyutXME
dcz0biNjpnI
ddcBN3UMilU
dfbFxJZQWAM
dfl8X-44c68
dgoMxpYK1yM
di61us2ncdY
dilzpbpcP1E
dkz1pklttGU
dmiJ-m_B4TE
dntk-IMlkeY
doSYyj5A0OA
doZU7EOjzAs
drninmt_n1Y
dvBfs_8NO3k
dvRmAlGOq8I
dvaKyJnXpTs
dw8w-cZGEpQ
dxfPiyiqYJQ
e-V8tcz_XHk
e0EKsoGzXcM
e0llJ8oJBco
eAOZ45lYQMQ
eAz3q7iQ4yA
eBsUQ6YHLLM
eCVQWOmHtJs
eDVtaNQMONI
eFYRvu0aRmw
eGSeOg4Iu-A
eH5QewQK3Ys
eIKTMC7GfrI
eKlwc2bi1S8
ePDypQwn_fA
ec9bxB67BLg
ef3raWD_80c
ehofVPKBCvo
eiG1YmXXN40
ej0mWPo99GQ
ekxZZIbxdYc
el4GVFrmgj4
em2cX6C0FBo
eoGPoIXHiSk
eoSwrgL9V6Y
ep4HR8HO9p0
ep66VAktq7M
epWKJ_STmsw
ephQ_o3_lEA
eqhfFdLUXlQ
erdzLhfpEeI
ese2Qpr908I
evzPyK7y4q0
ew22gf3t8GM
ewtvODPBm0Y
ewzMqR2uywg
eyKObHXG-a0
ez9tPPXhhLw
f-ZMdNfgkCM
f0kY_3QmYbg
f1OxC5oceHc
f1urT7jzRvo
f2_1iINcoKo
f2fJM6-CZzU
f2qljWmCyXg
f3QRhzMow54
f3qishMuSco
f6sdoN6TcDI
f98lJCKwhhY
f9n6qo9SM4M
f9qK6_IsmCY
fANqoSXONrA
fAtoVuDV1WY
fC6CKU5iUVE
fEj8UTsTguI
fG2sfQT-Hbw
fGDPIzvhs6M
fHCU5Yf0mOU
fHimdL_Cy0o
fID2t-VHoUU
fKBb7GSA4Og
fL-QNn0X9Vs
fL53U-ZMWWc
fLu_SAnGfvM
fMh13OBA6A8
fN1zHb-BmWY
fRIcj5w4Otc
fRg1NgO3_bE
fRq4OUt_H74
fRvwxMNVUyA
fSKrWIClt-I
fSO_-8j7Lmk
fTui4i8fxow
fXIKQVDzFY4
fY-TsxkxYwA
fYQNLAT3XW0
fYd548uOiRw
fYtr7rUKjdY
fZ3bZ360XtI
ffceeFyoe9U
fgHiYYh5jY4
fjdkdV9r7Tk
fji89LjCj0Y
fkATv8GyylE
fkRLz62wWA8
fntkpwJqmhk
fpi6ZGyKpSk
fqCxieOf_jo
fsLgwjYCNfM
fskmq2N3gX8
ftQnOPMTKAk
ftux7DkXWak
fuYNaHaSLyc
fwwy_n4Lg4M
fxFUayiPLGA
fxnoE15eLik
g-NemkwvqTs
g02vnWcx1bk
g0keeZGxGbo
g1VnsYfp3yQ
g2Oey_voRMI
g2_eJFDxX_c
g3Jer4jEMF0
g4a6ZIVYaOM
g5Dy17TTBes
g6DQYQH3KJc
g7LNEXZ7VwY
g8rp25DPeRE
gACaBX1GCyo
gBBvMjO3z44
gBe25M6sm_o
gCUFH0FARGg
gD_d7q8taXY
gEJJrxyX16Y
gEkwzUfxwq0
gFDhc7etXWg
gGQwkG4wCiE
gHKnTDWw0TI
gIqgrlTL7tg
gKHHkWigOi4
gKiroWX1fqQ
gLs2nAZ1qpA
gMH8BD1Sxhw
gMec9eR6fWQ
gPy3-azOkAY
gRICwJ0hM0A
gRappKmtvN8
gStezMNnzUY
gSxl7QnggRg
gUcXqQZhoHo
gVB1VzL75KQ
gW4aH4gTCSY
gWdKEANqIqs
gXbiYVvEsEQ
gYKGzT5x5VI
gZ5_R2GLkD0
gZqE5tt0A6k
g_wRWMHRoe0
g_ywKEzLJKc
gaV4OyPiCBY
gdOXkhhs2tA
gdWhqQ7fuqs
gkYg_Uzue7g
gnr7Vwcl54k
goJZ2tyU0Xk
gqD-VgV80Dg
grJAJ1SGJ8U
grQg2uTg4RE
gre9nqx5sS8
gtPCqmLSdFU
gvK8Slgmi08
gxZJMpjI230
gxhBw683N6c
gyUa8H4QbNA
gyVdAAwoUeY
h-7iW48Dtwc
h4N3incMS68
h4m5zwPrXeg
h4wmb6ZsvSo
h6jGtZzFHUw
h7PuS4pL-CQ
h8HBhTh77Vo
h8UzWDmzrHo
h9Q_gE2MhKk
hA9UQ1zNJBo
hCMLUjNLgC8
hCRZjbEk2zw
hCw2D6Ld3tM
hDBJrZD6kU0
hH5wylpXvDs
hHMIDiS3ID8
hHmCrkxrCUM
hJEVTeQ1Ygs
hLGoPyUHuTA
hLJ0Qed8sCI
hLevjDHG-cs
hNuP22wfrrw
hOe3ll1W7GI
hPPiJ0y1Q5I
hR6MQnu-cns
hS-7taZFv4s
hVc6HGxAA6s
hWiw_prLa2M
hYNKBqGMoHA
hbRnZGCXZ2w
hd-sR3Cu3UM
hegt-Me9ZYk
hhG06ZE14Po
hjlsT3mOCB4
hkL6IkSIZBM
hne5BYPHjdY
hnz6_FE57zM
hodNoSnOnvA
hsEDQJ4pWEI
hu2gZkFeWIQ
huUXMvdHu04
hvSkCCjWplQ
hvZiqunq-H8
hwI-FaKuW6w
hzPoq78E6Ws
i-HSj5zmfag
i-MRr2ZYg6M
i-_8hXO0bxg
i-u9KBbA31c
i008QkLWW2s
i11hG1wHdcY
i1EN7x5sUc4
i5CLdYcN2vM
i5dui7krRVE
i5gElvISALs
i8pigykA5G4
i90cO7P1P3I
i97tVSoRFV0
i9rVU29cIZU
iD6CpqJow7w
iDXEYURAf3o
iE73mlZ-Z3g
iEPf0tbEKyc
iEZpIP5S9jE
iEl12fku2E4
iG5f1v08FKk
iGAL70jXyWk
iHLtt6NuT88
iIHEVSiXnAM
iJ26VLjo_CA
iJe6W_Tg1Js
iKlMHUH4Dn4
iKqGAYYH3OA
iNxSqzIvTzo
iTTpo86HENs
iTqwngCq3b8
iVsbF4AB-vo
iWDH8E5l7t0
iWbY4M0VBW4
iYkVlF0tZsQ
i_3J5YoX97g
i_LJRazXq7Y
iaXSs4oVPgU
ibrADAb-U8c
idGWFZZRj0k
ifXHtVxJwfQ
iifMgfBQGbQ
inbl-36xpb8
ipRWQGGE-VQ
ipp48k3Vm4I
irA8vmRelUM
irnxcMVVXP0
ixTMaZ6hCyg
ixmV032zK7k
iy0P9kMObrM
j-AKwHL5L_A
j0hoEl77xqs
j20d5_taFy8
j6sMZcI4KAk
j7hPlOzZHIA
j93rZ6O-a90
j9PUTHPlCZE
jARw2IYKiL4
jAsod1mZ5IY
jC4CDlBv1No
jCOcborrRCk
jCboHlBwMAU
jCwOgQ7KLyY
jE9V3gGWr7w
jEHkSKbDHCs
jEQXucosUxo
jEq0NIavxQE
jGkv-yx_LYk
jHCLTqg9bVk
jHU88OBLaQ4
jHz7wnRJI0Y
jIbVjoKqFpM
jKA2im6a1yI
jLRbhF05S0M
jMrOqiDgtRY
jOWtNA5_Hak
jQ9V9TIGv9U
jQNTawHIr7I
jSx-qOVAYzs
jUXjC_c00fI
jXlOa6KVIyY
j_mvlS4HPC4
jatWubIL5q4
jb4aXgNchSs
jcC4NFolDwE
jcnxnhAFSFo
jdZB_dRVBrk
jdZxnSrTuQs
jdjCjaL4GKw
jfCN3-lP87w
jglnSpT2snk
jhrFJhQ34EE
jk1FWAGnaNE
jkpSwPDyZC4
jpasNab-4h0
jt42aiJdj0g
jtHEDQaBVoA
jvBHx9bSQq4
jviQwwv1zC0
jw1Ct4nJrXM
jyJUek84hYQ
jyaSwWmg0OA
jyqHmGcNkuI
jzCNcMLfvwc
k-3OF-LjTB8
k2aGwEatvsA
k4S2PSadieA
k5OcotGMD9s
k6GM8CtqqDI
k8aWdsmu8kw
kClip7N853M
kGKVUiLmjR8
kIdZYbYNPSM
kIguWg4f_go
kJQ6X1aRp4M
kKMX5etPQCQ
kL0qFcwfJhA
kNPMyXhP4xU
kO4SziSHitA
kOqT3szetx0
kSalOC-lsNg
kV-rK3a78ts
kVNvCqYeK-w
kVPr_tDW24U
kVv7dqD-dTQ
kWRGEtzgVPA
kXXOk5hK_FE
kXc5NCi8HZQ
kZq5A1dfgxc
kaPuf4sRkUo
kbctdAIMRnw
kbfYWMnPOL0
kbjrLAkH9UM
kdUz19qFsCk
khM4-lwEI0I
kk3gU4NcP8U
kkZbMg0yqQU
kniXnLYEyyc
kq5Cm10Boc8
krQZXgI-8wc
kzIGFko523k
kzIag4N-6D8
l-7CtA7iNlI
l0NvNFh1MPo
l1EQAV09jok
l1b3rqNcH1M
l2p1Y5zMaP0
l3I9TEfNLmU
l615inri10g
l6fZiNOB0CQ
l7AETLjCvWs
l8ufGUXDPac
l9w9wXYOMGA
lBDEGx9hzKg
lDKu2Mj4Uy0
lEcCJnE_bKA
lHeDqq_m5kg
lIJqRLxVVl0
lJ9bL_Heo8Y
lJkXBILGPNU
lL06h5nW8zE
lLOF6_h7vHo
lLpBQV69R-A
lLrX_c5dmzc
lOep7L7Tp8A
lQ65Z9qK0D0
lRW0UZF3rW0
lSOhZCSB3Yk
lSqgtjFaXko
lTel68WTckk
lUhJvoAH60I
lWXe4SxvNMs
lYIYXKPIuS8
lYalurVWwF8
lYmlQGzxFxo
lZfQ5UtERc8
l_qrwO5ALMs
la1jQpGNyQk
lbSGKZ8Hd3U
lc7iJVwuXqM
lcKCdKN5Bu0
lhEBFbsGBfs
lhHk5VgQauI
liInB-t_-MY
liMA07M3qxQ
ljC4yzylHks
ljNV94xXesI
lm-qlkDdp8A
lmPjTng0IaM
losDpkhJlJM
lpQ442znPo0
lqiTyhKIlFM
ltPZjv3_mho
luZF52fs_eU
lurECAs2hYs
lx0oSYPShEE
lyEcgM2pokw
lzJSkmFMzt4
m-7VCJtMKs8
m1kpy_MFHBk
m246eRxQX2U
m3iXOKnxwvw
m45ig675axM
m46mNLg0WaE
m56CmfHWR90
m5bfiWy4dWM
m6AqcpRQzB8
m6ckzyf1ZaI
m6xFtFvsYR8
m898RBKeV08
m9nvULm9cWU
mACZUcnlrmI
mBPnG9S3y_I
mFPXzS-62Lo
mFkJiZ8m4AI
mGK3hZsflOA
mIWhWhQxMuM
mIz4292d5Lo
mMgZTXb-bCM
mMxONPQ8Ry8
mO8tjUBQ5h0
mPyFtjh8dpU
mQ2aAHB_m0U
mQ4AtKFopak
mRdBgtqd7Ms
mRfpJizkuTY
mSYslnEHPu0
mVL2--0b37Y
mVNNC95W9m8
mXXcz4N3FS4
mYBwbm_A4nw
mYgW4gQ4vwY
mazYojreNgM
mc-OsWuv5rc
meINPM-U8pY
mew91LFTEUY
mgrfxgQh-hI
mia9YF68mnc
ml24Z6XsIDI
ml5a50ipppU
mlGX8yf5H6g
mldvsf0I-ak
mo5-Im-u8n8
mpu1bV17EGs
msH8kedaVBA
msx-fVnDIAQ
mtOa6IYX9qs
mudvVq5ZmB0
mumXuIGh7RU
mw4bJr-3s4E
mwOi-4R9FLQ
n358UomYz8M
n5v22-X8NwU
n7PGh0m9h3k
n7YUmIEmg2Y
n8f657MLSpI
nAWiDmiJUxs
nCQ8vpMc_g8
nCoTnXb44rY
nEOCZ4i06As
nEbUWeth4XA
nF5MC5kBKrY
nFJx8mGRVgk
nG3smLlLJrQ
nH0pguswV-g
nIKnFSptiSU
nIv-s6j73y4
nKQRB5VbmfM
nKlp2ez2LHE
nMhRP6azKX0
nO0ymNDwto4
nPXQvOYXCQ0
nQwIc2hXa_A
nU_CAPqmOo4
nVbBJ5K32hU
nWgG09NoQI8
nX-9MJUYkWs
nYmJoB7bWjY
nZKBg8U3pWE
nZfcVY7CW38
naetOes3M_w
nbSL2tIIAS8
ncwMvD8eUf0
ndkHFGBePIo
neEnctdsaBU
nfK_7iDPxAM
nl9gCQhBp4Y
nlwlu6LtfUg
nmWCl8pOdFs
nnZbuBwnAD8
noSFbLwg_tQ
nrvvXhLL9II
nsx_l2m9xHA
ntQRgbyAz_g
nu1qyn2Yp4M
nuiUrwVlSiE
nxCVfSFu4I4
nzbNUanIFtI
o33-JNcDdek
o3XfO5-1LRk
o3msV3P_TbQ
o5DJ2LsGsrQ
o5oPjmY2HLs
o6YwaPSPris
o6ZTQnh2gtc
o7Q_SZsVsAM
o7UNS_g20Zo
oAS2TE6VwFU
oAYCVRroaEk
oGWZFhsObZw
oHKDGA6B8Rc
oHLfDLfCsQw
oJXuANSv-p8
oLf8TUupDzs
oM-vPDUi6Bo
oMjxaztePL4
oMuXgwNQLrk
oN54N2F_bEo
oN7H5vRexHY
oN9ygwpbO5o
oNI0-lU23QY
oNgivSrSa14
oOjnXJqQ4jo
oRKfSABG9TA
oSA4IwF4e7c
oSKRjR5doLY
oUWkmpxGHto
oUlQGTouD9U
oUtJP7cy9E0
oVeKQYXI7GE
oWPG_p7wl5g
oXThBXBE_5o
oYW8XnBUGlE
oZAcdHHusZc
oZMb0pKKhHk
o_OXeMG6C9A
oaOd_AQgI_4
odhwl4zOC9k
og_VW5xgXOg
ogfdL1bh5OI
ohNGPwkZBys
ohQMBD4W-Dg
ojGWoETsi8I
okwuRxA973o
om6fx1rzeTo
onRzS4eTYlU
onbGdszDIts
onoQAMDUdaQ
onteH4Fl_EU
ooaC0fTe4wQ
oqGTjMLZM_g
oqM1S_-kY6U
oqRMovKqwJg
osN6Ym_laDo
ot87bfOllYw
otQarAbMpwU
oypN90Ghox4
oysHB4XJtfc
ozv7o779b4U
p0qPcxolhnI
p1bCxIesdZs
p1dkM9awp2Q
p2DryEI3m1Y
p2cNEVgdAic
p4TsE0xDRjA
p556p5R6nIE
p6ADP7zmfxg
pA4lmjTJPo4
pBF7fpSfXo4
pDTAjoWcByM
pEpvzFkaRqA
pIOkqdW08fE
pK-m9qiv-jQ
pLutP-RO8Ko
pMvn-QpTpkA
pNoEtY91f60
pNsjlPP8uG8
pPOkJptFzrQ
pPpw_rxodTk
pSrKIyRjViY
pXTf3j654r8
pY2jk424Cyc
pYVi91B7rIA
pbwNSf3R2TU
pbypOHZxpMs
pc_8YfMIrTs
pf9mgvPhNqg
pi_HZ9fa2cc
piatJ1Kg_1I
pjTYoMwOzT0
plRNnfpxGEw
po07Bk2fhxc
poL3G4BiZ0o
poX4cAirPX4
ppPNhY-1-x8
pr-oEe2jHjM
psJhPEbIvrc
pueiEjE19fg
pvS467lmswc
pwUESbcBwvg
pwYEyWegSwU
pyxFD1dsLKo
pyyl1aOleK0
pzHEoOMlqn4
pzq5PAWGkA8
q-6kp0FORl4
q-LreDqIjVs
q-TlLo9xdXc
q-cx0_y3xt4
q-rjfJSlM4Y
q1-m-irVpEE
q1D0zuUBHbc
q3PU872AW0Y
q3nxJ6n7VKM
q3rE9NvxBNw
q5NolI-0OwE
q5W2JEgEwhs
q61oX-kC32U
q6Js4AewPiw
q6TayD-Shus
q8NBaG-QeKE
qAJqesOSkXM
qAlrsotPLtk
qBvwZGvXnYE
qD3F49FUqMU
qDshx4mtg5M
qDw5NuUCo1o
qFHqtpMZnys
qFzjW-DKUEo
qHiVZiY521g
qHnPKUV0eSY
qIO7ht8eFzI
qJFBqM24pic
qJUmRDlPOI0
qKdsYpi6h7M
qMHmMXfvqUs
qMYc0NpotOc
qONBtGXCvpw
qPE2QYjzjUM
qPKvrICCFbU
qSX-F9zmQVU
qT6MI5ROSKc
qUZxiAZdeaY
qVlcKUlDwLQ
qVp39ej22rU
qVs6A0tbGjw
qWiafgqXsmk
qX-OEQj3FVI
qY_xycubH0c
qYfZ7tNs9N0
qZVzOsAxNRk
qaagTDRjwgc
qcDEoQX570E
qcPuy2ccZlw
qeksqt_a7sM
qg2d0lCOFqI
qhpOExX-hDc
qi7im1OLxg4
qkr94tU4qRE
ql_U4qWng0w
qlvtYOQk6Ts
qmSFNBvl8RM
qmqTxFQk4Xo
qmz_bSS0xx0
qqYYtf7O3_c
qs4BfuGiAz8
qtrxY5i_whg
quTgBsbY6sE
quX_hZC6bwE
qv14YwrR4WA
qvJ9MxnakOA
qwO9lPMLJVw
qz17RIBBEeM
qz8x8R7Ue6A
qzcIknO87Tk
r-j9sqkui4Y
r-rZe22yv7k
r-uxD7UgkOY
r0aZ5pY-3R4
r5QrfQjrzDM
r6VxOEtaoVw
r9J8bNhjuuo
r9_PMYF-Lrk
rAVsZVnhic8
rB1T8UvkYBs
rBbi73B5NCQ
rD0QvG_m-Zc
rDDYfvO51SM
rFwNARSvIp0
rFz0bPbLYu4
rGhMMhnoxmU
rGjpwKiSzeo
rH-IMqycLJ8
rLbg83NXYZI
rOaQlZs1-WU
rOmytkMxnQM
rSyw8hwv7Vc
rTS9dTKCSxE
rTnsvIT2OiU
rU8VHLd6Sq4
rUtKNbCIazo
rVXe99kD73g
rWE5cVzlZqo
rXdjTtOk08s
rYYUVD7WJ4s
rZfFBiZJguo
r_d7XxZtjOo
rb9POFp5W2Y
re7yy-D3Rzs
reg6AW7R5qA
rfCJi3CseLA
rfxvTkQLzu4
ri6vEXQ-gUA
rjbnXNPkO0I
rkw5eD2GL98
rl_xoozttzs
rmzqBN6tNoo
roUXG9sxkik
rpLorusYZUo
rpmxDBDpKY4
rusohDn3dWI
ruyLZgueMpE
s-A5fIKJJ_E
s-CMaGFimfQ
s-q5kZCFr1M
s0pjCWZHdnM
s0q01HxIYWU
s1dGnilAyhY
s1qsYiD4jlM
s2TMNGKm3bg
s2X0ocYCXO8
s52xWkf4QsI
s5xVpfDGJXU
s6afYEwi0dg
s9nP1MIFYdg
sDxzdxVfQtk
sE_bQGQqBMM
sIDRZTtZ20c
sLIZNynU2CA
sMVSAVkgoA8
sOMs1D3OUL4
sPm7_m498FQ
sPpCvMSqCTY
sQXNcKWKOjo
sS92TtWHHT0
sTxbvOCeG2Q
sUwxvFLcidI
sV1CrvSO_mw
sV1wPgMW4bM
sVFRxTwqMds
sV_781BA6I0
sW7Pmceu8Wg
sY25KQkLhJE
se9_PemXts0
sg70_nOp_cw
sgWIK7FlLjY
sibYwIOEcwI
skt40QRM008
sqKEHPmmcqU
sq_FlH4rykM
srDDt4hrBkQ
ssV8FcWi_qs
suxIH5gm2Cc
sxRt0B7xVLM
syGPrY-qHqc
syKHOahEyMA
szBT_Qh8A5M
t0Y1O9ftgaM
t1i4sORCR0E
t2U1AyrqCJw
t54jP4Wvsg8
t6qkcO6A-V4
tBW6h4Tf5Yc
tDDzdTq3AyQ
tEQ9UqPP3rY
tESkfwglyTA
tEg9KUovLRo
tIQusarXtJI
tIX_cb0HmZU
tJn2gy_yX8M
tKikwTaWN_U
tMFbGu7Zk7Q
tMY-4frb-6U
tMdhtpRNU7M
tMmOonIqWIE
tOzdY6r8o6Q
tP11NYKsfv0
tPYn1E-kn-w
tQN37i5q7f0
tRGh8RX6P7c
tSQC9zvjA7M
tT29pCQiURE
tTEoJLtpNE8
tUKZIekNBNw
tVt6ukYiILs
tbmGy2k8QWM
tbwhjVvOQ68
tciyWRwbdUc
teBaDwVvE_M
tfDzRRoewKE
tgo1vUiNJJ0
tiHoChmnCDc
tjHU5KpKd1U
tjRTxghpSeM
tjvYpdLRPWw
tkj4wmUxhjU
tl3pXrZpCeo
tlb3D2ftcGg
tlb9TUrjuHI
tpY4h-6Ceq8
tqiAYKv-kuA
ts1YBvzXTXA
tsj-5PUcnOs
ttai8Mhd60Y
ttrEt7pMoZE
tuLcVCQZEZQ
twiYVUIATX8
txBqNfcbk48
txTMRQkGscU
txqXSYT1Xkg
ty6xTI5_KD0
tyM5pPvzN38
tyukCg2_L1k
tyxjRjYTM78
u19YH409NQw
u2ntEA-NhXA
u3uozOnyly0
u6WpkNJ0JfA
uAHf402pwJ0
uBCAn7Xo5h4
uBhhV6bhGRY
uBv4JnyhB70
uDrph57V8Zw
uFU7LSb-Bkk
uJBHW-rk_BI
uJzz-wGi6zg
uKei968w-RY
uLd6ZUynn2M
uNH2N5qgi9A
uO9kWjHRgzU
uPYYcx9Yvu0
uPykzF0g-Uc
uRSyvNbNR4c
uTvKYNEdrVw
uUHU6N41dDU
uV0rdX7HV6w
uZI8sCSq7c8
u_ctKWQ0GcQ
ubx-vQnHtqo
uc-IC1yh8rw
ucZJmKh0hro
ueKC--QknNk
ugfiGJpu6i4
uh9ppNe0GDU
uhOD6CSLoh8
uiX_Go6UGIQ
uk3jzE5p6tg
ukJmLg3_w3U
ulKCSe12QyA
un5dUoH96jE
uocj7RQrZ_w
upzXv5p22D0
ur-UaGG5vew
ut1eqJxBSUU
utORIGd91wE
uthdUvElGic
uvKjETxvmwk
uw1Yh9SLVLA
uxjdNWXVzLo
uyvZuvdM4pY
uzHjephOov8
v-czrwqfUHY
v-ekA-4mCCo
v2UbvNTWfKY
v3ZwSbLWLpw
v5UGwO5Pls0
v5fhrcFU6Ys
v7f5VSvQTig
v9D-iWsruvk
v9tQ3HWcJMU
vB1qyhywzTM
vBO9Pa49NB0
vBQr9SND_EI
vCF-Rpu5zrY
vHep72UxNZw
vKjSXsL-S7c
vL79ksjsppM
vLt_Z3kx_8Q
vM7DiB6Hstc
vN8u72JaiQg
vNAiLRsoU7o
vPGei53xqa4
vPXjUe8gi68
vQIMuLMbYZ8
vSh7VMdGNUM
vVPtg0TdlVU
vYQOTIF1oiU
vZrLF6KUCD0
v_wM0rlN7BA
vbC1mMoV3Es
vcxH_nUwo-E
vdwUdISvVQ0
vgn2CK2inRM
vgu4rsoDaws
vjhDJcSfz58
vlWuqYuZMYU
vmqEJJYTbtE
voCq47oaYIE
vokuNH1sDrk
vowxQff4QMM
vpKFj97WMyY
vpkK8pYpDJs
vr7LJC7IKu0
vrSgYvYgBR0
vs6ua0MicoQ
vsalPWdFvTA
vv_zeVULxIc
vygn2QpywHk
w-WbMdSW3I4
w159LIU_VGk
w19rlJ79VTQ
w1GKBvvE_V4
w1LNHzaUXL4
w2WV9iCryp0
w3b5E7m0HOI
w5Boo-xt0m8
w68gWqLZE6A
w6i9CoqxmkY
w7nz6DWLU7Y
w8YFb10gXwg
w9yemZOP0xc
wAAn_X14rCE
wEkAiIUnwvE
wFum3XkMpu0
wHUlYIX1qZk
wIFNrCcnj4I
wKMQ-X0IbLo
wLdLCcw_St0
wMVfXXbLgLM
wMifIxAYzDU
wMkPd1bsoH0
wPjZOoJ8OEc
wPzH8c9-3tE
wQM7zYSjuSo
wR1Go5SztQk
wWwI6U9uCHY
w_gh-U1BVKQ
waF4xNCPl_A
weTWvYP_uEI
wfZo3vR9Zi8
wgMZQ7ZrI-A
wjWzjlY_vO4
wlpaR8UCzKI
woDWohRO3pc
wr4GpFSJ9C8
wrtV82swrsU
wv14NRRhA6I
wvptdWw8zHE
wxRD2Qkdmpc
wyqsNeS12vc
wzQjpEAtGcI
x-0oNztcB44
x08vHgAmslQ
x09dKT0Uo7s
x13LAZr2qfI
x2qXvaNOHlM
x69xW6Y1Y64
x6feN8A_6oY
x7QCLIn7o88
x9eutncVBEo
xD4mLHZle5Y
xEvNglchDi4
xH3rhM5PfEI
xKUDqjK_iSI
xLmr5Ph924M
xLtJRDg_G0k
xOVjawuuhhk
xOWNSEBLEnk
xP7GuIPQJTk
xPtWmLkrUj0
xRGw7CX-dUM
xTMSk7GVims
xVblqrKqn6w
xWLK4enWHz8
xWXXg4oO7wg
xYjmfBtIQCA
xZmnMT4K5uo
x_XTNEfgF_A
xcW83Rb1JNg
xcrSLZFQDqc
xeCsA7SwXvc
xgW04C5MWj0
xkG1-i6F7FA
xl4zAknF5aM
xllquA3ADr4
xsRKzMIwi2w
xwv6QAtx55k
xypV8GIohcI
y0iOeQA693I
y11v0H0ziiQ
y28QhjEZVSU
y33MyGgb1KI
y49RaGq_hm4
y6JndgVCkDk
y74vlZQAAO8
y9TmVopqi1s
yAHN2AzLVSI
yCO9aPJTf1M
yF_LF-Pd40c
yI1VPdIC6qU
yIpVUUvdMxA
yLIFGwxKIlM
yM088cZaI64
yMfelHMtxeQ
yNknXufWQ7U
yNz_89vOzWQ
yOGejpeUnLo
yR6Kr3PmIYU
yS3nTu9OuTI
yTzepCXlEDY
yUCflb5kAss
yUR9b3mEBgM
yUcMjZi8b9c
yXEHDgEtSUc
y_IsfVRCCFw
yaREumLoYPE
ycRIUQR2rFo
yd2Nm2uxAko
yeBFmUw-M1o
yf28_GvO7V4
yg6HBAokchc
ygGGtrWrtiw
yi8GDLezAow
yjr_745khCk
ylNEe6pSemE
ylbqybNzPiE
ymiJ3bOHVJA
ynT0KlAgTT4
yniCjqm9lKA
yow2YZaIN3M
yqOTWiAm_GE
ysMJ97VBvNU
ysmWuIL9aD4
ytBCUKQ7gEo
yuEYZTKu6e0
yueqNkKfaY0
yumpkopFlVQ
yvp7nn77b7Y
yw7YMvS9WFs
yzCT1Aq3g_Y
yzFCgS-q7no
yzLuTtrc4RY
yz_AsNp_Sxg
z7b1EtEZ6bw
z9ckc5gpGDU
z9uqI6mHjYg
zBBrHA2ky58
zEHEJvLNGC8
zGfc7-e4kiI
zIWMDaJKSCE
zLUe03pkM1U
zMpaY625Pvc
zPNmExYqsWQ
zPod___-hk0
zPw_q2EWg1Q
zRs-MRswvrE
zS9jKyac4Es
zSIGRcrAYiQ
zTHPE3Kwf4Y
zWso9RF78HE
zX_-EiABo2s
zZZ_VO1kG-Y
z_43leSyNjs
zaTvwikTNNo
zayDyRgIHQM
zcTbiWfXEYc
zcfAdytz_yk
zcqEsrl5_VY
zfYRIw2oj3Q
zgx8aB8BXKg
zgyvuSAdmD4
zi16bZroK8M
zm-FdSbsQ2c
zm2Euf8Vjjs
zoFQvyp6M2w
zpUw63o0OTA
zqRyneukODM
zq_d-Alw8nA
zrFmzszhmzI
zsyjVUi-IDo
zu8KTYbW70M
zu8uhPpuRxE
zwTdBurnVZU
zxKajbqYxkg
zxk6dHrBCTE
zygwn6IYM30
