-VoXwDLmzQM
1EoQqVbF2P8
1ihgwOzGTag
2KTcfQeIKE0
2mjE8kkJTZs
3tjJkHuhuWY
4E_0CFbl-Es
4c49qEWveEA
51T8FF_moi0
5XGze1SiFSo
5gDQwQxhAEk
5yU72tBREMs
68AVWTKpE_U
6uAstP_8ezQ
7NTVLxEX_fQ
7P-vXJskn7w
7pKyYvLvhik
80FKHEuQTwE
8JAsI4Du1Rk
97fAoAsyVHM
9bmXsLML9hk
AfNlH_rA4EY
Ayy4rMQRzcg
C7ec6zxLq3Q
Cou1MMgIReg
D3wtoEZ9UCo
DAxC7N_7PK8
DZNdQODjlfM
ERohgOXok1w
Ecu-V5ZkF7Y
FUwR0cpWE2Q
FYeCnyd3kKo
H24rPK9_UgM
Jc4tpG5mUjc
KaHTYgJEzUY
LGFbXDUfrJk
LRqkpIx1ge0
L_ajUmGEzro
L_yuvqH3UJA
LqbdpETD0Zk
MDPTRjnOY6A
MjcfjG-afzE
N_BYR08IAZM
NztCKzfL4Gs
OVZaq3D8vWo
P0TSoQUzXd4
QAiggCKoP6c
QfaGLd47Zdk
RkZ3WRyJNSA
SKXf9vMW4AM
TDeGSq8XDuY
UZhyPIr-kco
Uc769mOdvXw
V6UPk0oBOcE
VbJ26_T4Pk4
VlgdKyfVgRw
WC5CCZIYjCE
XElN17gswuI
YEJZ_Z3h3Ew
ZQ11qeMtNUw
_5NzwwLuLTA
_dsCEFIvkDQ
_vT3Sr1MbCI
bB3wCHzoEt0
bTLw_saplSA
brh1xRLAn_w
e1q4fD6AQ-8
e3fi6vCHxeA
eXqddx6GMZ4
fVx_X71foa4
fyGCe5PgMa0
gRAil8sgIE0
hA2yY64oLU8
hkV4pG9sQTc
iJVneStgGAg
iKXjQun4wEI
iNagaGP9-eU
iiUEpV7TaNE
iqdm4CHEI-4
jaBcGoNb4Cw
k1f9gMssn-I
kNiXKV1dkoI
lFFvMlCeiE4
lNduNyXFGxg
mAr2v065NqI
mL4EGO3vW3s
mbOcNzgxJlA
mzkgcxplwPE
nJwBGC5YMS4
oQnw-rvdmtg
p3O46oF133Y
pMT3CbAEff4
plhfJ3o-sEk
qQIw_9JyZok
qqNH8pPU5Qs
rFEp4g-B5lI
rVjJ-dSHuVc
rdetUvdBuxM
s8QejOdZ_Dw
tkn7bAFWrPU
ttIwN4ZY6Jw
uC363V1vSJU
uRQBbJJ7AyA
udnZVs2dwXo
urTit1dra8Q
vCIJ80zIOeU
vQKI89SJvVc
xGKJayCpQYo
xoPRAe98cMU
xq8LxKe--3E
y6Cq-DLQrn8
yNPWe_Kwots
ygnKUWLOe5I
yoGq_TgzSaA
z9wX6DxGMnU
