-1Lpgtfeb24
-3Pqx98PX28
-84yo5-RvOQ
-8SZ-s1QQM0
-JGPYAQbuLI
-K7avuvtYfM
-WyfyGqD6kY
-cAMRAvagXA
-dSWDhyAQ7I
-kDisoFEisE
-lm0V6e-1CQ
-o3BxagNXQc
-rme20DZdoQ
-rvRY5pUdKk
-sm_Ui9wOm0
-veeXJhJQRw
-vkfzktmDns
-z3TKFDGcsc
0-njV3UEOJY
03xVtqqjOoU
0BWVrbCGytE
0CEZ6tii3f4
0ExVRiPF_us
0FyLoocPNLk
0H22U1IRnzE
0JKC3_O7KLc
0Pm_6nOchlU
0SZCt9sDJbA
0TA94lz5T8c
0WQOywHMgZ8
0XDt98qn_PY
0ZgbmlorxGk
0ZygJg_CuDg
0eiyK7f6lbg
0fMzulrGGCA
0pToh3ShYRs
0px4LcUOIsQ
0q5L3l2MsJE
0yT5vTG02pM
0yeF3IJACQ4
12AGkOHeQbI
16orWNIUic0
1F2bdcocS88
1FZPRR8-XCE
1GUR_kjiJdQ
1IHHB7ZKdhA
1K8pAuHkcOM
1LZE0dVwpBw
1MgKsyavMuA
1NunZjJqUS0
1WQNr-wHRzQ
1XOf7fikhSI
1bbpWNTh8rY
1gPp1L1lW14
1h4alUH6-aA
1leQaZsYLlo
1urQ-94Nb-s
1w7l9I44hkc
1xpGFcVH_7w
1y4c_-Jf0Mw
1zP7_9XHp8M
2-k-ngVRZL0
25NSWNQnNIs
27A-vDRT-Ek
2NyNpoRykDs
2fm4FINpV4k
2oR6RF7H7HE
2ouX0bWaSn0
34Fe2nUUwlM
3H0AUw49OeI
3L2F-dETtlY
3NsRvMkVYTc
3TAZRXpkwTA
3V70cu4CYp0
3fWjRUQ1D9g
3kOOKovWN14
3mQ7ISnGzxI
3pZo0qShSAo
3sbnhwpFKUU
3vC6a7nF9u8
3wcOPfyxitU
3xbZOps0V6A
415sWwn-Olw
46YtdX_tr1o
4A3kAZSBbKk
4AdORBalTsM
4EAAV6CTooA
4K2Zty5NVew
4Ko3ffZYZs8
4LztJKgp11c
4NA3-9vjHy0
4RlnmeHrMZU
4S4d1P7EBCg
4UTUGMs4s7E
4Vuuu4jO6Qk
4YE1ph-PFQ4
4a86EtNZUL0
4aaMNirnKAc
4gMsJ4KAQQM
4i4Cc7YUvm4
4jH5vv35b94
4qpp7HMFa0A
4wAAQFTqAcs
4xVIuSZSW64
50350wUef-I
57j629avio0
5Llz8h2zxks
5Unzi7MfNSk
5V2fR7fJquE
5_Ddu7VIokA
5fGMPEO26OI
5h4V8jlGUx4
5lTh2GL2CgU
5oKiO8CwdN4
5shw9KatBoU
5xgSiLYXLQQ
5zKiJ-kN4wo
6-6rS2ED66Y
6-JR5TCcA3w
61RGrrULAvc
64i-2jAYy04
65nNTU7bWX0
66-iGvK1AdU
6AGk5VXsKaw
6ChAqMKDm5U
6EFvaU34bn0
6I-cNr0pMJk
6Me1VxV-myY
6VB5AYaAf4I
6X-bOb8Rcb0
6ZlyT4fTBsk
6ZqqoXq6Zww
6_r7bTsZQRo
6behIBRsAwE
6jXtco2GHqc
6k8JNVx6TZw
6lLrSYO7pHs
6nA6dYUuAVM
6pjSGSBXhA4
6t0iwSfhSTA
6uwh1Cdf7WU
6xcTFpietY4
74a7wG6GsIQ
76nY1b96oqI
77cuYhekSRI
7EMSR0AES7o
7FjHOmw4Luo
7I030N4x4c4
7KDkfFv9TLs
7N5azeosocU
7S_cKKXkTKw
7UB4wxiVjhg
7WNp49tT3dc
7YPzT4J1698
7YixqESvRuo
7fMO5p4cmrg
7iICaS60Fos
7igsaGXMOG0
7k_Enpqdz9Y
7luYbp0-RYc
7oNatjIIbZA
7oXiUciEQOk
7t8bQM_-_e4
7ux7DVCsiyY
7zLeAGOqziA
7ziIkmxrhcQ
80NtKTHJlb4
822vuYEipMY
8261UsJeaNE
8CMMvovPHrg
8DlSBNp9F1Q
8Et4Gq_5Sko
8HlbHg5hBu8
8IfLBcjtWcQ
8MfQ1GAzr4E
8Qv2ZdiFsTE
8T3yJEKTDPA
8WMq8lxdZV4
8b4pKT0OkZU
8dEpwebWLm8
8fhGWsJvlYE
8g1nvf0unJ4
8ocMkArGeBc
8qLLD1Ix12c
8saDpP5H3JY
8sroEZdTHtA
8wLVkBVhZqE
8x73HvB8KgA
8zpdtV7gPjM
91Ljrh6H-B4
91sDXEkhFAM
94GyKukH4UM
94QREdIZws4
9EO0NZTp598
9EuktUSVqTc
9HDm-aXFQkY
9K3OPrKXz3w
9KaYlA-6bN8
9OuudLX37nk
9QlKYWFji5Q
9WmkOXNbbLA
9XJF3Nq6Zh0
9YH5MLlve1c
9YMezvDqcLo
9bZ0q4n1KyI
9dIEG_HVrrk
9gdvHOyOJug
9h5JZYPgG5E
9j6V8kZ3Ea0
9jzeFKYtoG0
9lD2Q8GgDcY
9zeIU4U_0Fk
A2t7o6XzICE
A3Vpv9gbnZU
A5GCtez7xyU
A5jw9dbwwx8
A68b-NFiiyI
A7PEqJrhG70
A7XIwGv07PI
A8OmF-yYYX8
A9PUyJeLU90
AAX3wTHbAas
ABCChJe1rxM
AF_bznhUQzM
AGqBKYionkE
AKKw1c1Ox1s
ANJg9zYtGck
AN_M30U3cAU
AQEvy8GtQeA
AXTUDZlhDpE
AbEwcNEkfVA
AfHerQs3wuw
Al7LcfxSCoY
AnM_Nom4dv0
ApkEqd7qOgQ
AwTeB_t2WPg
Awv88xOTZdY
AydoHI_k_8I
AzwL5yBcOxQ
B7TZ777wNMY
BHCu5BtuOZY
BR0kxHdK4nE
BT9ZNofpgKw
BU78_O01fWo
BUGkcWGhcvY
BYX09SPEkY4
Bdp-n9jUZEc
Bfos0nEKJSU
BqS0SMNnNdQ
BsFPSy96uwQ
By7AqxSwPeU
C-25AcS8nds
C7V4SsI8VaI
CLY0Wi4OgrU
CNtW4HMNcBY
COe9V62ZIOE
CX93efNoBHE
CZL4Kxufe94
Ce25K-pZL58
CfjGkNyySjU
ChNppdqEAoU
Cr7-ZZoww8I
Cry22APCGCc
D33PfG1as9g
D6qQvAY5Xu8
DCfIkShyeHg
DGWOK9mjy8w
DImw1MbZLTU
DJd4Trgq1wY
DOJvzHFQWCw
DSJJnRxNYqM
DTZxYcTSJOA
DTyinozAXjA
DWnps4Sn4uc
DbIsjTP3fLE
DdVqJXhbfx0
Dh0sVBrySgo
DlJzbgqgxpk
DoKXLBgriDA
DqbFIVKHZms
DrCWo4B2NnU
Dsg4lGzUhfA
DufBJ8tO3S4
Dvfd_EdNcuE
DwLUtfLzOi4
DxAu3d31WB8
DxJFJk9rKaY
E-TRN9_6wE0
E3xfHXP4Xho
E9anQV_SBRs
EKv-4hS_tf4
EL120uPdpgc
EMTTLXQh3D0
ENvOprybEB8
EOp06Ejh_zI
Ebdkb4VLIZw
Ecebj8FB2SI
EdtIY_YK6bI
EecOL01rnhs
Eih3tuYH2Hs
Epjw_6XucvI
Es3A14ci1y8
Ex8MiLRaYzU
EyoOkDy_fj0
Ezwj6sq07rY
F1kHp2Re9dU
F7rfAnNijOw
FByM0qpxwPg
FCG2AF9hzvs
FEPvsFA28Qo
FGTgBQ25uGQ
FGYOV1mUq98
FGtt8Ne10tk
FJX7mXvduak
FPEMoffQj54
FTFeO7c3bF4
FV2e-nL8LqA
FV4TWL-ZBz8
FVV56QhFz-k
FZj8eiTE2rI
FdHtMex54NM
FeYf922hhck
Ff3YmGRBg_s
FftnMtfAzzo
Fh38QAQnH7E
FjSL9BRF9QM
FoJUCJ1fATQ
FpWy1apeZRo
Frdy_T7iWFU
Fs68Z7B6j4I
FuQLWAr5woE
G0RGoIGkrSo
G2Ca2TK9HxE
G2_1R0nU9E0
G3vjpVzGUcU
GClodySpx38
GEnfHfP9ufY
GFs-OL9ygR0
GGHrtznp97o
GJptLfvr5KM
GLN2HBn0-54
GMPMle1-cQ8
GMQouQeWUvU
GNCmV_MxrRA
GNMIGUWKnzY
GQktWngIhsM
GSY4xp0AQdY
GSy6kg2tdkE
GWgC1PwJt74
GZboFKi798c
GZumUOtuc-s
GfDSKO3HZ8k
GhJNIawpf1s
GonufNTM_hk
Gq2Ne0UxPAc
GxI3odNpM-k
GxxIoEd61t0
H1NEiISsFfc
H5uoc9TkPqQ
HAVb1mkDWTY
HJbZAh5aXQ8
HMXkjBZPPrk
HNFAuOxiINE
HP8Hkfn5Dsk
HTL1V7NBHxs
HXIVecl_zh8
HZ8rjQozGkg
HZBvWlpqPeU
H_L_rj595qE
HcCvRFrBYZk
HexpFPfTQmM
Hg9G6ThcJQc
HkwgAUYqNBA
HmM1CRMpd5w
Hmv7LVGXvRc
HwT-iht9R7o
HwgIxsygDjw
HxXb0Jxsgxc
Hzgf-MnhTow
I0PScGV1nO0
I39lgtp4S8w
I7hFr_deQxY
IA9RqVcJHhw
IB-p3iBqohc
IBDJJGLaNZQ
IJKT6977PSY
IPTtT2l04Bg
ISlpLZv54HE
IV3G-Q4oQFQ
IVdcpgZhHVU
IX7MkI_BO5k
IY21IvGoDqg
I_gfJOkwTWM
IdQBC_CR6K4
Ih_xp7N64AI
IiUecDS7p1I
InsciCv_apU
IujmnureLnY
J1ayvedakKM
J6VSeBjVCMU
J91BsQ3-_rc
JCR9DQzUVl8
JDBgL44WX-Q
JIk8r3PVMe0
JKI-eWrVO6I
JNDsqEcSJIw
J_qBki2Y49w
Ja_qQblXhCw
Jg4ljP6zIEI
JggkmCwDnmo
JmpqG9vC-98
Jo7TF_1EoXU
JoXhO9-vZkg
Jsd771uNZ4k
JtTJrjz5Oxc
JuhFUqfN34k
JwoakkU_S4s
JzbzFLaZtaE
K00MlDaFc-Q
K47PJq0y9rU
K8n9omzrLlY
KEpu54c_HWo
KEx7fvvlLDQ
KF9jHnFbSus
KFTaV0rtXR0
KFaQoyHknx0
KPEoqaaoqI4
KXMNvPo2v2o
KfwQeY2wwGs
KgDQsI7dubY
KgxXncV99uo
KhQmScZrxSQ
KmAZTjjyugk
KrlktF1G7rg
Kw08RVS8AKU
Kwci5jFYugc
KyYw5MqnAhs
KzELkEtz-CA
L-MEUdGlPlU
L3olUet0mkY
LH97sQSCKV0
LKcGib0Gmas
LMkU6oZku8Q
LQd3p2PcVmY
LRJrngTTank
LTsGiUw3ipA
LUB8FwXiM1U
LVrNchYSAvg
LW9emoQo7q4
LcdPZgrSB4o
LeMquqgRxD0
Lgw9T9xVxBc
LjgO2u0stmo
LmG1V2hJESE
Lmo571MXuws
LtiCPamHwSw
LtwsBpFRcuM
Lv_j1ot2h5k
LxTup9WnySw
Lzefagerw_c
M-I-OFxAHIQ
M02cNChQznA
M1BHCXrqZ04
M7Rl3ZqZJEo
MCDXIKVIJl0
MCZ4zf-gJE8
MEKvFfLok5c
MF4lBl3MGZI
MIh3Tnv98bU
MIyKFWngVD4
MN0ql0L0Zo0
MQTLu_w7OBc
MSyY_X88jZw
Mb__TkIqRCQ
MinG8hewuoE
MjIKNpkrI1w
N3nQF6H8wIM
N7JugorerLc
NAuMXL6rHK0
NKVcPVjubEM
NPn48_t9PLQ
Naqo7J-U7-k
NeFHm7a1bbI
NeqbRcsk3Cw
NgL98owNvSU
NjrRpoM5I5U
Nl6m-UF33NI
NmE4M0_XtCY
NoXPZd0EJpA
Ns57EyXSoN8
O17LWBCumFo
O3Jw5lgPbJQ
O9TT5KOfeYk
OA-2AzhLvVc
OCzwLNAhkhE
OD36-4Z7HwM
OErxutXlPMU
OMZp9NIJ4V8
OPp8xDN5biA
OTgmj4WjdZM
OYzl59Z6lDs
Oa7kJViIzWA
OaTtzSk_jiY
ObCRQZPK5Dk
Ofq5dRNenC4
Oi9lYSxo2X4
Onz_8f7eTz8
OojEoFvvwwU
OptRzArhgZM
Oqa6Ph1ftm4
Or6GAsGW0_E
OrFUnc2oBt8
P-vrINRAivI
P8XWS_r7lvI
PAX--Ksjns4
PB8zPtkG8_Y
PGGEErA7KrI
PK9fjdfp3Co
PKNqRd1smFA
POz-zxBEIks
PPVPPbSbXW0
PSrzkYzVRDk
PUGF-7tm6qQ
PWZxZ5sW2_A
PX_G_7XD6Gw
PY6vMfTS8fs
P_LLxFflCys
PaANrkF4hI8
Pcoew0chugQ
PfbURbmrHw4
Ph3C4RQaxX0
Pi2TIVemuOs
PjWZCOdWX80
PkhVYP-g8D0
PoUTGAaUovA
PqUSYr996HA
PteGSGssP-o
PvmEmQSTU-Q
PxrOjb2YV14
Q-HSdnYFw8M
Q-MR4dJzlSo
Q3NKSL34_40
Q6b4BGNKgfw
Q709p1P3dhc
QAzeNJo00Js
QDmmwdUfjmM
QL-ILcv20js
QLjOGVXaktg
QNb_xbqNYbQ
QTqLbGt8gus
QWVZ8SZhjY8
QYTUlAKqgx8
QYpkfWfzdl0
QZc2mHpPTFo
QgMMmmo_Xi0
QgWDkp0EyxM
Qgcfh2F7L-Q
Qh33m1NapUI
QnFBKx7L5Bc
QrivfhvF7gY
QsLwas1BV6c
QsgclWE32ec
Qsyqisi8Kys
QyOaP1GvCEw
R-Dy-X93nEQ
R-VpQKaJ0o4
R0iJNydqy28
R4tkXpw6eTU
R8TgiNRBlPg
R8jhL1c6aCc
R9dtiK856aw
RBKg87xqALk
RCDcGjiZ9ZY
RF6RIoqPx1k
RRXKGjY7ycQ
RTVU4Maj43E
RU1Y4aRCxmI
RbvVEpxzFgA
ReJSxpV1KNY
RnQd8-jQomU
RnpmPFOFlDs
RxA8hSUc98Q
Rzl-XPdv31A
S-SEuzxyqpo
S4W_nWE0R-I
S5VY0_tBN90
S6GTX7w-Dqc
S8zwnwOJk14
SACoMcpBKbw
SBiP4eFzHuM
SFgP4e7hYk4
SI3WYYXiF44
SNHQHCO5IqM
SNI6bPTHjFU
SO-6wcWU2zw
SOs60uT1NpQ
SVj1CcKQa2A
SWxIs1Jjeeg
SX99j1MSv8Y
SZ4ufm3eJ-s
SZu0gkGtR-A
SaElc4s75Mo
ScldvykMsZc
SfnQf_3f9Fw
Sglv64_eMZo
Snyk_I2S9E8
SsL7hPN87rg
SuqQe7rOgC4
SvGCDkn4QKE
Sx4poYzbtL8
Sx81_pxuHHA
SyV0U2UTE_Q
T-iIVTxvBjU
TC459QFAvL4
TSUnlv0VbJA
TULHCsLuAbE
TUcbSmxqCC4
TV4qf9vLdSE
TaeRK0NVZZ4
TbMsmuV8Fis
TbWM6bx2XRw
TcR5df3mdOA
ThWojJ0zc84
TplsCvEHvzA
TzcjYkmwAbA
U2fR23q0pas
UBj67p8LG6U
UH9t0oExfJ4
UIFceP33MMs
UItJX88QekY
UU1Vt3okLbs
UWCN5BUP_Q0
UYjLFoCr10w
UfEVt2Prcp0
UiJI5TVMqcI
UlhzaDbVJAs
UqPnI1TLVRs
UyC03NZoiJM
V1VLKa0yf9g
V3me7BTNhtA
V5AHPjmX4qQ
V8fm7-NDpxk
VClEIEp9Evg
VE3NSsVozko
VEV54wh4Ge0
VEmDz6SOn6Q
VIhPzzu2eRI
VLQnNoTCL-M
VNlCsMoWTWw
VRQ2AyerEMg
VSLs5j0zVGg
VV43HqdW6SM
VZXjWO5Of9g
Vas6T1kNvek
VfosxSIgLoQ
Vh6VfF7PJjw
VhY9Pqy9tn0
Vvb6qlnj1h4
Vx9kHpjzYh8
VyF95oGzK0E
VymxPSRTbA8
W1BFITYktnk
W1DeH-NctUI
W1lC6STYmP8
W5kwopuZyuI
W7GljUffg4s
WA3l1Qq_X9A
WB89AkzQMRE
WCFkg2qata4
WF60PUgOiwA
WKIutgZGGN0
WMCNK-bLraA
WQL775cc_rc
WZeUWoVmNoQ
W_GqTabS80g
Wb-i3HCWBaI
WgrIWW_V0C0
WoyaSwvF_lI
WrUyWXHETvo
WtPh1M6JJhI
WwLUCkeZYF0
WwMiBQSV818
WyK9CJ_be9E
X-3myCyEyiQ
X1XH_FKVL_g
X4LKv6X4hj8
XCoMI1X-HT0
XE3t31-mErM
XEbRDmrUX4M
XLPIb9yvDyI
XUQVUOvH6N4
XU_YptettK4
XYOjVC874cw
XZZlNfKyB70
Xb2AcjdlPI0
XcxtLzgCfUg
XdVp6ndVVAs
XjhO1xcGprY
XkTNNLJ8Fpc
XpXRHP6qF30
Xpj1POJ4jr8
XrG5YrK7Sdk
XuEENb3IPBQ
XvABbOCq81Y
Y41UojL9fKk
Y5Fz-51X430
Y9jIvh-ECZY
YBU5mID2cBk
YCrsbxh008Y
YD4DaBULmQ0
YErTUmxm7s8
YNqohjBxuV0
YPi0kBIhSYw
YRc4G_wScAs
YT4jssKkd7g
YZDeVXusofo
YbDDmXdBetE
Yc4cnmX0OqQ
Ygd5mrekJpY
YhpNFZ5Q88g
YkBtupSA0EU
YlAqU2SD3kk
YnvxbXFExvI
Yp0wtZeaYWM
Ytokc4vvcOY
YxPOZb5LINw
Yzz2z-MEFX0
Z-kHvb8o6Mk
Z3Fo-IGqDI8
ZCOHWnvWs3o
ZDbgHY7vsk0
ZOViuvFQk0g
ZOwWvoLqqyk
ZP99_JrTigI
ZQ8fIhLKzpA
ZSEzhgAvZxU
ZT0VkcsCteU
ZTBvj6zrLSE
ZVTQAqikkAU
ZVU3J7Ks2Hs
ZZ0sfEkGejI
ZeG1gOMwrhA
ZfIP89esn_A
Zg5jZIlEeck
ZgJ1G2Fm4Kg
ZiFCa7WfE4M
ZijoCs0jjS4
ZnNN66-D7Jo
Zp8N3um2JXk
ZpOQGo2nz10
Zx9aR9K6fWA
ZxMumMLgI-Y
Zy-xQgsIoMs
_-WjPtXQ_jQ
_41FZ6KSW2A
_64QGY5ffNE
_8eJ9_yyXzk
_8mlJL9Lm24
_C-v6ZvWBdI
_M77FJfwfks
_NMBqpyMgWI
_Y5FZSVjGyA
_ilZr9u2zGo
_k-dfbEr54o
_kKxAjt5kMI
_oQiz3Noo9k
_pi6jUF_NSw
_xdZlXkQ-ME
_y_kRx4UHb8
_z0Iew8UWlY
_z9xqQEfVOQ
a0aF9l_UYnY
aDIrC7xHyag
aO20zwiFLEA
aRixvsjvHGM
aTaJTbgVdMo
aYil1sDNR1o
a_cnj6aZPhE
abJn6oR_Weg
adwSAcj4xS0
aeSRiZQzc5M
afHWYKKh6T0
amOC47Dfdfk
aovDdC-gyQQ
ar7cUtwvJ9Y
ara_h6qq5CQ
ayvoIx9FGS0
b6mjHm5Z5q4
b7H6hCiAw2I
bB-guHqLzUw
bDfjeNDcitY
bGKZdCub_C4
bO4ZU6kvuvU
bO7BkTl0YTs
bPES5BnQBN0
bYk8qr_W2cU
bhvLal-Bqrw
bxMnqTqjUtw
c19I0kNThc0
c53cBunkQsI
cCJ3pl4BtWI
cZ1s7rYBjVE
c_O7ztN-Yis
c_TYd9rg14o
cmdHlZ5J3Ew
cnZDvzNBdhM
cyqeDsTey_E
d2bOGcUjcPY
d63kBhhGeS4
d7I_b-xgNk8
d886irJDJS4
dDXO1IFt_1s
dJxBQzQR7Kw
dJzfIMfmdaI
dKnfdGLJewg
dLqIuyekfYw
dMtiN2HVTpM
dPoq6OdUk9Q
dQIhdIjRumk
dS5O9ivoLUU
dUmKFI5puYA
dViXaAsES3Y
dWAY2WPSHSM
dXlwBA7_8Hg
dZarg-nlho8
daWewREkTXg
dbTpK9vYJRQ
dcHa33FGygM
dhvXEGCxtHk
diRCwrLasY0
diYYRN53VQ0
djnTET6Mpwo
dl1lrkb56ZI
dlP-p-qU_QY
dojj0C_EK-E
dqUqsmN8K0A
dyXCaMRZL5o
dzME3iR6j0U
e-pSeNuvK90
e0T4jB6gpJY
e3jbtVQhCMk
e76qI2O0egw
e8DNoHNtWfs
eJZWPxpp_hg
eLp6FpDR_BA
eMakDTuDnKY
eOFH69pS_cc
eSqZz63u694
eTv6tpPFsg8
eXBI98F7Doc
eYcVWj_Txi8
eaB8IDKNQ4c
ec4_UGKieTQ
ee5fGfImI6o
efKfyC_0_GQ
ejylIf4yrq8
enQ-ZV_DNb0
ennX1uDlo5c
eoKjm80sbP8
epfEmP4Xv0A
epwjZ7waWck
es8XsJe-HO8
euwUg4u2gD0
ey0wDr7W08Q
f6HNuk0ndQs
fAbVnEwDLao
fGB9z07gvxk
fLGVkVO7M1k
fMkiizpXZyI
fN5Z6itzvug
fPjJFE2jys0
fSMfMDSxR-Y
fXWF_rrnOPM
fXb2ouSt2HQ
fXfCMe1W8qk
fY0UiVmM38g
faG_X26jWow
fdoGwHN5Y_Q
feYVRVqa4f0
ff7AcwrdekI
fq6dcXuqjeY
fqNTcupyfzY
fqeJJ9V008U
fsja_9ZQbbA
fuOx0jWvF9Q
fv4V_IlmYEQ
fy3PZpr8S8s
g0va-3kvls0
g51mXvHG1Z0
g5AN8VAyZRU
g5_4q4UT2lw
g8OC02f_dbY
g8mUqCqnTzc
gKYLawp28DY
gMBOIszfSoU
gNHrT2F7Tkg
gNhMf4lj7wo
gOmi2eQ4Xzg
gQvpjbAzAJs
gc4oy8KFtII
gekF5E85C1c
gg0WfxzIAz8
ggEJ2IhBhgc
gh40HYpWBX0
gma8V4BLnCI
gsSvx58y0zc
gtbOSlUYNB8
gxsOBs-o2dg
gzO8HOB_D2U
gzocXc39Jzw
h0UQCXTe1Vg
h2XCRL547AE
h5C_dC9rRus
h7sgSP4ZNQE
hEYtIUFviHg
hQ4jT4gQCKM
hRNdQsxfm3s
hWYp5BpbTSQ
hZi4-kbL9tQ
hZnwJeHehs8
h_txl075CNA
hdsEIWrVFrA
hnHXJw3hKM8
huJeqwNl8cA
hwPIJKftnTY
hxye7ZrktIM
i1CZ8UO-jBM
i2Tz0BJeOOc
i2nMTXU-0_g
i3v--sUApMs
i4VhxVsJZ8Y
i6ta79AHEto
iCsNkMW_E-8
iKCLipMkNVQ
iLJjfiVsjHg
iRnVKm9VHwY
iSbuvY5PVO4
iVrzGvO5HVE
iW6JwbsHLt4
i_f-w4HNp8Y
icvKmRssjlw
idIWmrnHpDs
idMu9ckoosA
iiUd6DrYJU4
ilsNb7gofdo
ipw0NEoYGk8
iqQORgRf2JQ
iuAuDTfckq8
j-zBKLC6l6M
j5fXI9JfoWg
jCyQYHbaTqo
jFua3jXfIgg
jGSgo2cIiQM
jMOadTvL_Y4
jQYv3zkocG8
jS0OUXqcqw0
jZIYMsprNqg
jZt95jW0Tu0
jaOrkGH7fRg
jbYqbI8TRUo
jcW-uYWiTwU
jkHrXCyysxQ
jxO4QVhY3Mc
k0mTMlilMTA
k0tYFB9iTY4
k2hpy8LDchM
k3xBOBuU7N0
k5_FXOqJaUY
k73WTa_ijyI
k7lClMK4NNo
kFYKUGB9pG0
kGmjX_6TOSA
kNdjqTiandg
kQuF_MmG_Mw
kUxCJEuGgn8
kZKaySOMbSQ
keBUcyatiyw
kha3o60Q8-4
khhiNEwCSgE
kj1X-lxbRAU
kmY_nJY5C0c
kmjBiDjhC9k
kmvVUR-pp8Q
knP265OJ8II
koanRKHDcMw
korWvJHqEmw
krP5orTrigw
kvM3c1Nu_TE
kwvV79a_vjQ
kzlg23mdY9s
l-hPK_JTr0A
l3CjM5QxuCg
l4pLJfx70T4
l6pfsCIAiHE
lEXyzKuIl7g
lFf8Jy6E_Lw
lJNIdBd4k-c
lJO3eB7I9_A
lJdAN2jwrQM
lMxJEw0ByyM
lOHs1YZRxrQ
lP6xwEl2KBw
lP9tRSarn5g
lPucfHCiE5w
lRBS0IBlzxA
lSt9v8kGbAQ
lT5ad5-Lsg0
lVUMrnJ3yiE
lacaLNU5fEk
leSYYKkaEMg
lh4HCnSqhQ4
liUQw2XQQhM
liuD5H7pu_Y
lntXKYJdolc
lvaG-EdMKlc
lwI32m9M8p4
m0kClFokf5k
m6MaRvPryCc
m9Lwr8npXNU
mOwRLd1IBCM
mPoQl11MONk
mU8jrPiso2c
mUbRrj4SPcg
meGD4tPD5Rw
mjSBtI-tUHM
moP0uX-3PqE
mpy3PsIOYVQ
mwpJCDDrJfc
n5WL3fS-lJw
nCZoTLgqWvU
nCjyPTHGipQ
nHDtrPT6XMs
nJMrcCGvaFY
nJUyxeOLXfw
nRLNSL4Ys8Y
nTQEA97lx6I
nVDsJz6g_ZM
nf4XAtnHSl8
nfqSxTVuAxM
nhQEL_qQg4M
nlOcBJ9UVUw
nmz2EuMAg2M
nr8W1Ke7RcI
o3Sm4_uP0UI
o6C9ayxVQIM
o8U43aZYHWk
oAjflvIg7_Q
oBpeDxjO0Es
oCXDoPka5JE
oDUP86pI-hg
oDeteAqLSAU
oEVx_mejDPw
oFFKEcdcUmk
oIe0XR3DgKw
oSUv6DA6z60
oSfge4Dqesg
oUh7RM1UDf8
oWGr_HeqZX0
oc-al9FXW4A
od79HoY2fJU
olhUTYV6n58
opm8yeOeRfc
oskKE4C0y40
osxgTHS7FIg
ovZIVzdoT6Y
p3MhMp9Sh68
p6Tq_TbMWjs
pAQF5O3OpWI
pJ2jbKCqoMw
pJM1wlJGITw
pZOi1hBn1KM
pZvGmjyvUT0
pbgXIsdz07Y
pcFJUBe6aNY
pdXU5xPjgmw
phg9NKxAAWE
pm1nLDwcR2s
puSFh-CM_xQ
pud9Y7HhxQw
q0-1jmOmoi0
q28suEReav0
qJh00As41Ow
qMmsHZpuC8c
qPBkUI4CAko
qQdbD9HEVpM
qT8us-2DGe0
qUaiA5R0-_U
qYiTgu76dsM
q_2YaUfFUU0
qasOIjApHWA
qcH92GGxRxs
qcJxFs-BNPA
qdpf08S-On4
qeMcqEcN4I8
qekE3ZOJeA0
qmWlWNQkLoA
qnxO8v9sxVQ
qvKUlWzXVag
qy850rqhV4I
qzwgelCnwvQ
r1k_vyFgXgo
rBE07d2zmO8
rBtsnR3de4E
rDiQDlZWcFI
rE3TOQYdCfM
rGLunL2sbYI
rGqiMnf3B-A
rLjKZ1nWX0Q
rOD1WRhv7oI
rOkcj9epkBo
rVzvXNsK8LU
rarMRoIOFCE
rbGmGKYxw7c
rdYKw6bURA4
re9kCsuXbdk
rk2EY8ZJwrY
rknQZLbQarc
rlEu91zM1sg
rpL0FXw3eVY
rsSc71utg8k
s-akAoE0veA
s2qSbtKZjEw
s4lriRGVSFU
sABlrIT9SjI
sBx66-eAvso
sD_7qokXhzk
sIgZzvsb_Yw
sQPKHAOwXj8
sQxJvhrhvjk
sSZuJ9tav9c
sVnd_dncbOs
sVrB2dMl-4A
sW5EmHO39Ys
sWkBkLzY3OQ
sXkPQzGzU5c
sZ_Qr-vZk5Q
s_kZ_nCZZF4
sc3Gsu5kzLI
sdWlMfjmMA8
seZsXJ3GD8I
sgJICwywMQQ
sgoZnklNnDA
smAORRP5lUo
smzXwWaM2p0
sqLDdkRNJ34
suZ18iPHLnA
suqmpQGuGxE
sykcTFparOQ
t8-qaHyBVe8
t8gnvNh870o
tAZX7Ek3RQQ
tG825TYxkrQ
tOiXpGNJxf4
tSZKcYNzvu4
tTm55Mh0gNo
tWgxYztP9Ac
tYww9p4K7ds
t_VxBpaNb8o
te1e_J3vB20
tkJwcKJY2fA
tlAPb2yJ3vo
tm-LSVRfw04
tmBVnKNepP0
tnErli9kXWk
trlfUvJX-dc
tvAC_37S0EI
tvjOw2TRrdM
u-Dguq8JD3M
u0xj-Hbfch4
u3LnmaWJGY8
u7CjGNi4VDY
u8nGVaLmMmQ
uKRCZSdiRDA
uOKBs-cJkRg
uQQVB1Eob2g
uTZcssRDGEg
uZHY4l8y1fU
uZvD7K0vAik
uaArsEKeviw
ueNkIKxkzrE
ugq5Y10YqKA
ulh-vJugSME
uqFWtM7E9ZI
urqL6-b-Qkg
uvJhRPfvGT4
uyprZtpwBZI
uzBiCyAZTyI
v8r5i6ixQPk
v9JGStS5PEc
vAh23lSIicQ
vERJrLHIimg
vFQ6PBhRliU
vFsjvrCGtGw
vJZZ4K3Ur4w
vLwrNsY53Ts
vN4OWPRvDQg
vNTAAd-pOeI
vNyTGXeoN_Q
vOWt7mHYXvo
vOdJuqF3J3o
vOjJYYwCw6Y
vQsK6K15YCI
vWsH4Vyl4FQ
v_-27IcVsTc
vbU-iGXESWY
vbkYfCIJN0s
vgXPeZs1O88
vjqP8EPsjt0
vuk0KJDWWII
vvDyfJmUg7k
w1FU6i6whds
w1QkyCb2adk
w3-teRsl-QY
w3JKkskkKaU
w5m_NKhyQog
wIiRo32Yk6c
wJ59Q3vtoik
wUR1ESkOVx8
wVBjTlGzQDw
wZU-_VXmDKw
wdrRBX9XehI
wgSB4wy0hIw
wj5Y2F2SKlA
wm3bLICbBEU
wnF3uG1Fm-M
wnyLb_tfOdg
wqEpHIK_FC0
ws-utdxyBnM
wtNEkfVijTk
wxk8UzKtqnA
wznfMSB8CGI
x4fbpQAgX70
x61cbiy5J5g
xBfs6E886Ks
xEKrhFu6RUQ
xHf08pUFGjc
xKrGp1Nshq4
xL-Iob_dPd0
xPMAOb5DPgg
xQXMzS2HN2M
xQ_VhRIahoI
xVrPB-H0X5s
xXD7xkqLv18
xYfqPteR9Ko
x_R5wk5xpJA
xcNDrdVeO_s
xd42AWtTXJ4
xiCB8BrgEyE
xtGTu9-nuBw
y0xtXGErl8c
y1Mo7eXVQHw
yBivcPyeglM
yDZWbhGkgJ0
yJ6Cv-h8mIE
yJTM0YMeDQw
yN-PeqwMga4
yQ9DYZ1x2NQ
yUYKOnRkeJ0
yaT9wWwDVE0
ydOsA6yWdvU
yliY0rYhqbI
ymhc3vGtdyI
ynSgy3y7TU4
yoBhy0409L0
yovIrhYvFbM
yp6l3zYYzEw
yqbgl20EJfc
yqlDpYnUnyw
ysbDlnQcz_U
ysuU99tqBRs
yxqzPURxN-w
z190ziGAoIQ
z1UsuZA7jg0
z36UE_avqG8
z70AmR5Pftk
z7STbrimh2A
zCIPrD2kKCE
zMz75jOeqDk
zRvEh1SVZ6k
zSG4sx34-0k
zTMK9Ri8f0c
zZ11EJSfHTc
zadPKN8f6L4
zf6QU1YdEME
zgOBFp52dK4
zl-KCWGymBA
zrVvshg1JHg
zt_qtx_BUCA
