-28m0yvb3ow
-2XL244U-zo
-6K_hNGwUTU
-K_xgaI2Egg
-L8wIDiN6Go
-OXiVtxkysE
-RFH1HsW8Xk
-hf8OFEOy7g
-i5FpfnoT30
-ktt-xPnprU
-lSwsO8ZIGU
-rv6d66U10U
017aYluSzVE
04MAqQLaV8Q
0CB0ps_G578
0D7B0rFKDxA
0L0g5naTjIY
0cQf5LY96bI
0khFxUjGpW8
0nNh1Rd8amU
0tNtdCWJJJI
0uIj7bvC9_A
1IeQxzUhllo
1MKZcGDGK5k
1W6eAPsLAXg
1XKsCpNNiD8
1j83SqAl0ho
1jHH49eP0TM
1ojL89TIRRg
1uoyjZUAB1M
1wTgpKE0eaw
1yGIjFeRiXk
226IVpjdIVU
2LRyA4iuAqE
2S4i_wR1PsM
2ZnNyMOE2-Q
2bn6MwB3z80
2r-GkLkd8qk
2yyYBTQPRNI
3C1XJ27Kslo
3ExB7FhFWfk
3L3LvHMUJoQ
3ObQVJB0uWM
3OvcqWnyCsU
3TozIviVXac
3Ts3olY6SEM
3WPdvszjCik
3cLZt59a4WI
3dbPCntrRNo
3nCqdO9Aw7M
3ufN_bnsklA
3xyuPCquT0s
40Ms5hLRe74
41oeQahnKpE
49z-mkocWq0
4EFkmgOJWwY
4HRWE0MXuaw
4Nb3giLNKxg
4OwDxyrfq4Q
4bGGFDJRLOM
4pWTGKP23p0
4r_IiVEtlgc
4s63CB8M6xI
4vt0XTpscJ4
4vynaRFV_FI
51O_EvH3GAI
53dDBjjdkJ8
54UuhtSLMJ0
55WDkwX9k7Y
55k42ig2gLU
5KM7FtzpuIk
5QD-jz4stlg
5_11g5fl4-A
5cXPbyYYuWc
5xMo6hm6FAk
6-rUo6lPYyE
67MXIU24eGE
69kaXEQH5FI
6FTTIAzAL4U
6H4qKlR88d8
6LbuRC35Ulk
6VUCcAS4Im4
6hIYqiVrb60
6t1U7jqNK1w
6vWs5zK3JzY
79HDy7mf1VI
7CFVoGgNkOg
7D0nmYOzmDc
7JcqoykSm7E
7Ly1OVYnmmY
7o20egqZGWo
7oxwPUi7haQ
7pT5NqdP75k
7sYt8qejkgw
7vtzn5yjfck
8C2VTaJtrE8
8K3GQ0ighs8
8MLffKO6w8E
8NXTinRqNiY
8TkcDry7Dbg
8Ynx8SG58L4
8_mq6-ah7FQ
8bfmYa7KGqE
8e6sJtiXU9Q
8eehGIuligw
8jsusGAF2PM
8k0gXny_RuY
8nbJpsEjeWY
8oiGOButVUo
8rV0dfDFG6w
91C-XLnFMRE
93-okq3d8_8
94WuiYjYScg
95lnfMZUvWo
99sH0L8muB4
9SJDWY7aW0A
9Wkq3wLxOkE
9YG3vHJX5k8
A0S2a-b2g7k
APOh9o_I6eY
AQOxDEmtG-4
AWqHsqkH6r8
AX8btonrETs
AXwbTtlyToo
B4PJyZceFd4
BAEjB3dE22Y
BCVV6Jf9dvE
BCyRKdIptJw
BQhLYikt6_M
BQwR96jxuOY
BTlvExq0_jE
BZmhvSQwAQ8
B_x9TPMMqzo
BgBAUW8Rk7c
BhI1teWx-4I
BieUUT5quGs
Bnd5042BygU
BtTfd8_fzE8
C-4IwIEc6sw
C0Jtt5D8LLE
CKr-gPBQpcU
CPjG-d8eYPs
CQ9Gm8lpHVo
Cg7UNBb_JKs
CkHx3TDZ-cs
CkaSK1TDN2s
CtSkM_B8NAM
CyCK25OhFuE
D1OWMh3wLsA
D33tFfKOisM
D7eq6vO1tQQ
DB4yUxJcxTw
DGcSHAXFAhQ
DMr22QiJkYA
DOm3zWWAWBo
Db-UUb1-mEs
Dfj_Jpr4BzE
DlFcDRBTySM
E2EvhdlWMcI
E39xkN0BaG8
E3OaUdGkaBU
EC1_Ote5I0U
EM6Yp4tnCGU
EQoXCCycsLA
ERNbW6SaqTI
ERxXSXaxaJ0
ESlI-cSMsac
EwerNDiNnms
EzEd9wfcruw
F5o9cqhpyXY
FDVN6ueEv68
FKp6cVihOns
FNb-rEZ-Z-A
FWcFAOpMmco
FY5RhIGsnc0
FgvtyoAA38g
FkE5mtzdX34
Fr-N1AfWyuw
G7O58B4EP6w
GCzZwaU5FKU
GE7p6evlB2U
GOeOUxY9Uvg
GY5EYCfR5ps
GbNKyDqxLNE
Gcfzo8zfGp8
GdVUy_sxHeA
GmExVZUDoIc
GmfjwI3601w
Gt3uDcqmGC0
GuJyYzTwFWg
H-hDP0k7SkI
H8a5tKawocs
HNAyywf8crU
HOygkUlJxxc
HSD6or1qpHc
Hq7xDyX6C-Y
HxqrGRr304M
I3LcMxV_FQA
IENydmrO25M
IGlSPwbphgk
IGqYWaRvIZI
IPhh9T2nkHE
IZXpQMXeqtc
IfaXlQtReg8
Ifx_CfylkTc
IoP5b6SsjFg
IsGV-ALYmTY
IwJq_liqRwc
J0Bo2rh6zP0
JBTjSy_XX9U
JC4b_CcgPzE
JCeCnTe-4bY
JLjRIrOJGaw
JLvDLLYUneo
JNMWVb_r_kc
JU5ZHB7gl28
JUEoMGmFiEo
JXEwFlP3GqE
JXhoyps3KPs
JkuC-oKx100
K3mHWVF9Qug
K9EjTqU3L4U
KUYGHNQTD_g
Ka9QiU6h7Yw
KbkKmF5819g
Kg5L4avSG6k
Kimf_BqKAY4
KjOKfKbNHEs
KpxKJDXiwcY
KrmGIZVmojI
KtThGPzck2A
KxKACNBdDZU
LArDydJ10UE
LD3mI4RkKqk
LG-OdupzNTo
LOz0SYV0ARo
LRbJXv8NXjE
LTgKE24PVkk
LgLv46Sj2qo
LlDEGrF_X8w
LtPb_jXGUe4
LzcRBKGMcXE
M-jrUEyukgI
M0XYgP5se1Y
MDXWxMRIZbo
MHxIOQuKbGw
MaCoFvDu60c
MbI7pczTHkU
MvcubVjWpCA
MyB1o3cCfa0
N63vSU0x9Vk
NCXWckOr3EI
NEn9apBdfyw
NGUlWxGd9Ho
NPLqaCNqzFg
NT307t7yP9M
OJcZIzoSm80
OOApkAYDEx0
OckeQDDe8Qs
OjA5hoSEIlY
OkTQjTGjgmI
OlJTjQLdR8M
OmyLA4uA8i8
P490iUCN8tY
P72v43k1aFA
P9a-jJFrDNU
PBAtWdEleCY
PM0u7dse6wA
POVQTVrSzkU
PXVhHKJFLwE
Pf51pEJ3YPs
PizQyfT53TA
Pq-nt7XWYUY
PyX32tHdHco
PzE5b11vk_A
PzuL9_D_Xas
QEtuRKnLCBI
QI7hTJn3eUI
QI8lO2y4djI
QaZK9AJQYww
Qlhu6kyeHlQ
QrJ9Tttc7v0
Qwc9zWB03gU
R8scSqRWUlM
RAgReSFJCM0
RHV8kfcCgfI
RQliSfEBg4Q
Ro4Z-yj0Cas
Roszsx8Wezg
S-lVdCD8lLA
S4xPPnIhVcc
SJZDmirbSBI
SPxL78lXaBI
ShvWlhyDbGc
SmMrIpkWxRY
SrW-jYcW6MI
St9CDSU-OCQ
TGfGMCo8K04
Ti3JfatAaRY
Ti3yf_D4cZc
Tih5yfxgAq8
ToM4IcyxS5w
TwE4B8i_8HM
UHKW1m2VGO4
UIAcQYMiX3A
UUf4RV078e4
UrZ27rsUlgg
Utn4blb4gQ4
Uvq3sze69RY
UzaqXpiMnw8
V1nOKdpIE6I
V8cZgByumaQ
VEj797lGbgg
VFkCu7qMbu4
Ve2oIELhhRc
VkS-VquhQKQ
VlUBJ4N7sl8
VqDpSDQ1580
VswPUH-kRrQ
VuHvYkPnuvQ
WH3Hb-I-Dw0
WNQvHr3UNIs
WV9fw7xysNE
WbpFXHgz4MI
Wf3eSsRG7FU
WhSyc4s4H8c
WqsGQaho3Sg
WuE8wBPjTBM
X0TmNRK5VkU
X2B7ghOP9aI
X2rY1KxLrM4
XB1e7BWjmZk
XCNkoJoMzro
XO6PxNFlDiw
XUwThyf9Sdw
XYcGWf9vBN0
XYz5ckyZttw
XhhHxdKwUn4
XmUmUz8vQJ8
XwyWoG7UMkY
XxlCmBUMZyo
Y2cTuPOlSqY
Y3idZUmPvQA
Y5HdJAq9F1I
YB3AyDPOh5c
Z5slh1jRAQE
ZHAYeBFMyd0
ZSaZovdN1Ck
ZSefRe54zW8
ZTzGSWzD2Xs
ZUZg4_6d_xk
ZxWlzlChMpU
ZzAvr_Ii5zw
_4x8S5g2EqE
_BdKsuxGJgg
_Bg8uSW3qLQ
_CerLxte-I0
_DILwfrCgR0
_D_aZUtexJ0
_HtsdzV5028
_PCF8B8gqsc
_YQ3b8Yxq24
_mytqEYnC9U
_uTpIKQgCHc
_v1FdpYuZGw
a9KN8HoOLb4
aDVI7Exfnmk
aS6SKjBXCJ0
adRlCC-qpoM
aq2_dEBgPeg
avDEniFVAGQ
b2k4lQYBnlA
b2kUH9bnuyU
b3SLVHc22Yc
b5VhNWm7lMo
b6EAy5qmSuw
bSXevdEjnGE
bbv8d11xrYo
bhDDrxiuRUM
blpLu29Ot3s
cEzLdFzhzyk
cS7rUipsUuE
cSfb8mhII1k
cdvUaT-qO50
cgBh8UDv_LY
ciJMXycMkts
cjehjTYxcYI
ckVSQiqVS9w
cmda0F4jPLo
cq0mdthqfho
cw3QjfKsaYc
d4RMRSqH30E
dC3zuABYQzo
dFy7XS0EBcM
dMp5zQy8tPM
dOifjuGgpHI
dSqt9Orz4WU
dfcUSh3QcSQ
dkOKzRhXkug
dnnuFrnzTRY
dqYkylv2Rls
dzVXLspSTMM
e-ZxrDj5Kes
e5hGyKsFweQ
eA6c4mAoQNc
eOnY2FaKpfs
ePFMnetdIfE
eUUCyxbyzG0
e_Z-eEb2mLM
f21SN-iQ98s
fIilaPHGnaw
fJnwpgMaHOQ
fKkwe6m6cKI
fNYbbvNOGm0
fcbOcFIdru8
fegrVuBFv_s
g3D-bnvghv0
g6vk6fiB_jQ
gL9qyqvy0sQ
gUUdaqvtYxQ
gVI0ZmCEOWs
gpASNfspMks
gwo-XTPzSzs
gxQmPGO3-vk
h3GaSZoQWW8
hA7eSSCRqAQ
hGGMuYSnGTc
hO7vwy5h7ac
hVOh79hjzco
haWSrzUo-_g
hb2OeowVf1M
hbuKGARzFPs
hctlbL_JWUg
hhBF7SfrBvs
hihJI53nERE
hn2gS6HTj0k
hzU1q_I2kbk
i2IHHqFBS3I
iMPmEx7ndnY
iMegjJN4ME0
iNErnrrCycs
iOeyDu4mnGY
iXb9swkyCuU
ify9NppaDmc
j3RUcmUbjrM
j8tlcZ1-QgA
jB83hmHZyo8
jJgSAIrMKUQ
jQj7Td02wsQ
jTX83-54hEM
jW0lqU0VyOc
jdM9e67PRCE
jkWarjDihGI
jrcrkTeuF5w
jxSSNbEtNbM
k3k0729mj3Q
k81f8UMFG5U
k85xTfxHHH8
kUbV02UNUGw
kbzL0vczLkI
kfUYqJ6Nz0E
kqq8nwwwCC8
kx-Zk0UfOao
l3LmBbbTcLE
l6z12zfVCBs
l7wtlDOqpvA
lKpgbOoAKl8
lPi2zCkxJqo
lXPPCQchUGU
lbez91J3Lfk
leOfphrhWgo
lejv0Q7kfW0
m8lrJXk1nxQ
mIcXPcY6qZM
mOr7LU3Hw-k
mWN1bTahsWM
maUZmMIk3fY
miOVIHuEx_o
mlWt6AkpwLE
mnyz_a8WqKk
n140jrdgia8
n5nzbrh--mM
nC9kgfAOLYg
nOTzJCrf-8E
nSJn5pczEao
nYinwV4SvXM
n_C89haPr4Y
neKioxd6djc
nekrA5Boksw
ngMPjJ8LmF4
niq8uG2SiX0
npdIoZI4jhE
nqW6XeS7BzE
o-1ws-O2gmw
o0j2gQ0aV9E
o10MXV8XR2g
o9efTjqQ7hE
oeEn-_JQIz8
of_KnofjAHw
oj4m-SKF2JA
osudgIAqpvA
oup3oajB9zE
p3-qCafU424
p9wsbmpTH3c
pBy8WqXMHPc
pFP4DeA0-h8
pUcVfwRvb5U
pWeu69RD_5k
pp9AGHPZ02s
pw9Iuh_Gupo
pzI5ImXUEEw
q4DfF8-3zbk
q6AjuY4fozo
q6nVtRoAd_Q
qE8I9_uriiA
qHMNlzBr3VY
qK0voi7SWNU
qPFheqFaEZs
qatn6c3bgYI
qlKfUDrvKqQ
qvBnEnH56-8
qvM9uefKfYw
qwnIVFukSnk
qxyP-bG4AAI
qzoMK5ctH0A
rEKuj7BIcTY
rPnMH2bNjzI
rTV0A6M3dUg
rUtQ5U0Y4oY
rYG2qIUmue4
rZOH6BjibPA
rZhvHNLP44A
rcClCuZ078E
rdXsyIDweFM
re08jgAvAZg
rfzKpaIqAoA
rp575-_U1tE
rx1IT9FWZAE
sH6F8fiqLmI
sHkNDuMuRJk
sLJH0BPKRE4
sSKND9uKqZs
sXBozkstgPM
saaORbM5X98
slRbiNgdU-Q
sy9QMZgaQ4Q
t1k5Ks8b7qE
t4u8XiPRBiQ
t5Q5wSEUopY
t7LPeBQMPsY
tCxlPTui3pE
tHZN4_fNd4Q
tK8s-qm49lE
tS34sV1Dc-M
tVofafZPgl0
tZ3wOu9teyw
taVq7zBd2Bg
th5DYbixgKA
tzVMDPSDSCg
tzqwKrkRXDU
u1l8rxns3DU
u70eyKdWZDw
u8QPtlyg3Js
uBVLbxHhnZ0
uCBRQRnEoy4
uORLaZHnFy8
uS2RpsfkKD4
uZszo9to0w0
ufK4smj8TdQ
uijGDYhgvnk
uk2S_RU1bIA
umW69iEB_xU
uxt0sJht4P0
uzQeaRFnim8
v0RPBA7nV58
v1s2qihY-Jk
v7_YXVGGt_M
vNb7AYg16Cs
va9cfszVIY0
vdPy10Lt_HQ
vdwZiGEJcV0
vgPRiWcj8fk
vhr4ZhAim50
vi6WXYJJcWQ
vkuQxim9tOU
vquZKr6K7gA
vwTW3C7w9jE
w2vTb-ZsY2A
w7OIj83F35w
wH4h0kadTgo
wIo60ph41yM
wNWbsr7g8jQ
wOS6Z6R7Vpk
wU8glfhf5Lc
w_wRG0fxkHQ
wa4idPSNkIw
wdrydxwJt2s
wh2p1YF7ZJU
wmEiNy6m8oY
wv5C4FjLUqA
wwTpXUpj1Lo
wxihbntYMr0
x1kUz6PzCn0
x5MpSKlBhxo
x7AuuP78WdI
xFwqDDpEllE
xJhpP2jQ0i0
xLMuqSPI9Qw
xUsBdpq5RlY
xY2B5EK-RiY
xaJFSXG55Aw
xt3YgPJ7CPs
yAjXvTM9rjc
yCJiKx2zUWg
yMu_TixLS70
yjqtHF6B1Zw
ylBBYKKxuKs
yrq9Ccij49A
z6VftJcX3ak
zEzxWiGIlNY
zKI3aekIyok
zP92tLYzCWM
zUcjf1NY4mY
zeqjyx_MW_o
zkpLi-1j0yM
zwn6Bkv1B-Y
