0C98m5X3ehg
4jVRsvo54uI
60qgHzIdQTU
6LOgHmWTb1g
6zt18gXSfvY
78eAE0w-me0
7XAfg23NdKg
9YMsU79GAFs
AMfGWiEsh14
Aialw3MykrY
BmENi2Ud5bw
C7dKkXhhQzA
CK89i7qXfOo
F9k9sB5-yME
FwRrAfdbAh0
GzCP5QnvmD8
JE9zXPPBvzM
JP6FQ0EJsWE
JzpcVbsL6a8
KusfgaI8Nbk
L-EtwcdeEVA
LwuSdGq_j64
N-57ABCdA0E
NX2dxLkUJ6k
Q6UQ63S7M-o
QQBtWy98wWE
Qfdp7vaynas
Qj4tdm8lbFI
Ql5HR4wS3Lw
S0_vm2bVdNA
SjzGdYlrCus
TaD5D2kdAmw
UCjzpqjbG6U
VyqGn8l0SJA
XJ72BErMNtQ
Y9P_uciRGw8
YFzmNijK070
YM7Em3zeP3s
bN1b2Wy1y6c
bhEh95mVPL8
c2C9_5DkyzQ
cZ3FBvazlpQ
dHaOu1PaaKQ
e3jnqbMHgF8
g1E8yoQGV3E
hHjh2hpOg4g
jt9z6XxbC9M
kIRD-Hqnew8
kzmq8i8afks
nXlCzoFxmiM
o6gIXBLbGdc
oejK0MbP-Kc
qBZhnkbO3ww
qdFiCHyuYHA
rjCy9pi8rbQ
sZTTg7-hono
t4ZdNboAzp8
tNm7RMztvNA
tvMLRCmFUuk
u9ok-55LYA8
uTXbgNzIjYs
vGSlfDXAbRQ
wgimyMmOJUE
y2h9C6zKNX4
zEc8DmrI4RE
zZ77fQNNwt4
