-0JvNtmPAdI
-13PntzyLPs
-54TOIaQvQM
-7I0d7Kf-yU
-A_XQW360wc
-DDb0HdRO7Y
-ElkXE_A0M0
-JZP_ZoCMvE
-KRt9UmFzz8
-NAysnP5dIE
-O_FhBPKZ4I
-P5of_z291Y
-QLT_lq1IBQ
-QybTcYCHZo
-S7YgJQrAmA
-SAsFb2bcMY
-SlTtFfiz8o
-V4cAXngDys
-VR0o8PLvI4
-XwQ9vF1JJ0
-ayEtbhpkog
-cEJPaOyijM
-cYvXHPonzI
-kJgp3hzwWU
-lLajyqsh8E
-nYfATkkANs
-se_R_axVCw
-wHY6YK2M7c
011ui76erbw
02eHTtZEAcs
044YKJ9VrOo
04hWan-3cRA
0CY4uhn0Tgo
0EGndnteM-E
0GYalANNYY0
0IQ1kI_KR-o
0JvXw1vuYDk
0KY3Q8RLV2Q
0L24fYKp4aQ
0NfYfjWdzPg
0PfWfa9zSto
0Z0y02ezw_Q
0_rLl1Al5FA
0aOZ0PbsreQ
0iTmY_REpms
0rPsO8QQqU4
0wL6rr-Ezns
0wnc4J9WUD4
11kytsTx2eE
19nyvDLZxk0
1ArpmJ0n1yQ
1DpySTwU2wM
1KTaEGeNHF0
1L_Apa5GYW0
1UwDB4L_VfE
1V7QfNMGWGQ
1Xuz8K7iIpk
1Zh5166XSnE
1ajfTZL-JC0
1dGE7ZI76ts
1djrw332wvQ
1eGDawEAo9M
1eTI_ocGGKk
1n9sRg6wKS8
1nf-MezouIc
1qqO-cBE-Ms
2045x9A0Vo4
21V5NZMT0To
2354IBn0orE
2E_MveMhtvs
2FaV9gtRkYY
2G2orUSg4ys
2KPvB8il_Oc
2LGqw18Dcb4
2P0GYu477Xo
2URkVJumiZU
2UzHcTyVILU
2Vl3Uf7f_tY
2VpkSauRppg
2XuWOeTtc1Y
2aqAuDdQT7c
2bhU_FVVyto
2djJi3_lpI0
2g0O4sOxj-M
2gHRQE-Rrhk
2kjPtjPfZEM
2mgiXeZZLug
2qT28CioAIA
2rtoNUJu4h4
2te-cE5hhIk
2xLvOCaBG1Q
30WUX2ppgSc
31tWVNxAgQg
33R8pngeB2Y
35SbFIHY8fk
37GMuLmn5ag
37he898j3Hk
387tYBU-Lm0
38s2L_SJxC0
3CRAdHTOEcc
3K5EincMq-s
3M5lu_2RG5w
3THYmJ8yeOw
3abauG45-5I
3f-msYvfbPs
3f1EvvGYCB8
3hawuqeIigw
3ncvoDshj5c
3rUoSsGGGRw
3sAWBhH4fBQ
3wLdJyoN9Vs
4-ZHCB3ZKLE
41x2z-8i4Y8
48IDmB0mEOs
4Ba7I9secwA
4DuvwLVX7Is
4ELvWbLeLVk
4HhumkYvrdA
4LR_yIOGcio
4PtXlQMmYdI
4Qs7M4UYO0Y
4SsppuGGMXM
4SvTYY2qJo8
4UX0uUw57ls
4XaN-JErTHw
4ZVC_7j31Pk
4aOOo_LuyHc
4bsvyb4GJ7Q
4cOctC84ie8
4gwpoFDO5Xg
4h6Fa6JB6v0
4nZs2z2KoPA
4pB-27CIH-s
4smBZTczcnY
4vQz5yH3_jc
53_JSrXZk8g
54VlC82L00c
55wJnAv3uVo
5DXzHspQdRM
5L8oN1upDOo
5R-EvzAs7hg
5S4xt8grgB4
5X7N0SKHBns
5Ywuzjhs-zE
5aJlKjaN8Y4
5cUGgN7wo0I
5eJuts6Tctg
5eQZfXvKaAs
5eTK6v2_af4
5hPvUkWO8DE
5i5_NkljOOU
5kJs-RhASvA
5lXEfKf_MAE
5s61nkbOImA
5s_XQcDUX3M
5t9eJNJie3Q
5uUvGUPYaug
5vzLw6nM6sg
5wfARmAQLLI
5yA-GxdXiss
5zIu7U8U0so
60p-WATPxw0
61-EgPs3osY
63wz4f3mAeA
67IuXxz-mc8
67bzH5NJD_k
6NeAbjXYqX8
6RQYEHVaQZM
6S21m4qZWTA
6VmQMmemK_o
6ZF8P-pq0Fc
6_FIka5ZG7I
6aJ1vHwykUM
6cIQ9QUjavI
6kqUWZgDiH8
6rwBGAhJzFE
6uTAWVh6jLY
6vzacQFSZSY
6wgk446se2U
6wqQpyIRT0M
6wx6P1fG5EQ
6y8c3rJ4GhQ
7-yylI2C2Ks
73aJQyqm_yY
7CqC6an4jqY
7Eca3hTeh7E
7FFdmmnZ7xc
7FgSDTnW2OU
7GuPClrSiAE
7IuraCIDp80
7JWWoNWYlko
7LmYhCJ11H0
7M4wYSTP9Nc
7QCfPrWWMT0
7XwtWExQMsk
7_cBiMFIbUY
7_jgY_g7QUI
7dlsBmPbpis
7gDfV49o29o
7jg39yzDzqE
7l3Ymr3iJJ4
7lr62CpkeYQ
7n2SE23NcYI
7q_FdqU6ibM
7sKf_d5-vDU
7t28whxiTss
7tdWsCGmWVw
7ygcG6QHkM4
89EJaWgJ15Y
89ykYL45NU4
8A1UdAcTj0s
8B1vu8KB8ZY
8DhmE_zQ-u8
8L-Lb0S6TLk
8UWHL0fdTSA
8hZRZsmW7ms
8khpbPHJPSs
8oKLsG9lzAM
8ouGZV7oKlE
8wiUsdLgetM
9-hcr2g3vA0
90KU5GtAPTg
90LhqB0F-8I
91Nbthn_DKw
981ydWPAhFg
99TPrxXwp68
9B0nCvkDVWc
9CAFGvY3W6g
9G3LNNaQ6sg
9GdW2W5m3_I
9IKg9mDmDrM
9R3Moil6wv0
9UxFdhyVKIc
9XbRDRcxrbo
9biawil3cAQ
9hu4GbUX8oU
9nuDStSHrfU
9pFFLzHWOss
9rChyxNEYG4
9um9fWFL6ss
9zeqm_TBUy4
A4LDMWrIR8s
A4dyE87oOX0
A4i6JjclS9s
A6X51thKNPE
AB3dm1nKj4M
ADTz9Q4R_e8
ALEikf8RrVY
APZFuJORy3A
APbyo7R9USw
AS4yxls-XMI
ASHHqP_J4vU
AVKZjohM7DU
AbticN7P9gk
Ai38i_iZtPI
AkOQQtfuPCg
AoFlCjASgVI
AodJ95wN4cE
Ar9l8Iiu9eM
AvOPRJhKL68
AwaCPBNWZRo
AzFHGZ-GiIQ
B61DFhhRmdc
B9hK9eCVUkY
BArSKJS5dI4
BHsaHlCr110
BK7Bv-Qknw4
BM3YK7B24QQ
BU-3-VDz7UE
BUeAjAjCWdg
BVvRK0lu2Cg
BWj9tyJvkj4
BYKsu9PUqNQ
BYvbMYGyr7M
BeL7CacR44k
BqzfUvPd7j8
Brc2QbIrSgo
Bt7cuHpSvuk
BuobTxsYxw4
BwdNNPojHPM
BxFC946IaxM
Bxa_ThpjDk0
Bxpl2qVw4nA
BzNPVb41Inw
C-lZPhZmXnc
C0uYHLhIdbs
C13-ymBdO9k
C1SJ19v2908
C8AVj0tED1k
C9rLJoBKB7w
CAJgKA2ygk8
CALWU9uv1xk
CDBw9NiQzK8
CDOZ04kaoZA
CFjtITtszdk
CJhuSXLognk
CMwSU2N_GZY
CN9_WlNOPJs
CQXk1tYQ77g
CUPzVbWrxJ0
CZrVmK2kyFQ
Ci-nPUUvTIY
Coxuo2M0OQM
CqKoZs_AYcc
Ctu-pAGak80
CxYVQNYBDAE
D08RB2_bnOw
D4w-9pK7Wzc
D5FwlYcEZDA
D6eAV5fBu54
D7t_Sodbx7A
DBUhM0XurA8
DDEO3wuHVAc
DF9ClV_ozCE
DHmsSlOQfo0
DTJFstfq57g
DTiyZdAlDGM
DXWHTk8rqqU
DYR2DuKT0vw
DdHkKGoPB5s
DewT7fzfJ0o
DgJ_RJkTz2k
DhY_pseLc38
Dhy7Dn9J5bY
DiHx8keryGs
Dj5-1NPZ0wE
DlVp04rxGyc
Dpp4xqAtLc4
DsrBAci2uuc
DzBlx-O_Org
DzwpxNn27UQ
E1N21p7MvQA
E2IKcOX3n1E
E46k_rbnhmI
E6U064UfSHE
EC5rPSHmb9A
EDVWVQsWB98
EFzSYRaMnG8
ENk1I5ueTcg
EPa62Jn7F1o
ETS1QK917rc
EUOmQMublsI
EYiufkorAsQ
EcQpueZpoQ8
EcVpYpUvHu8
Ei29qEys78k
Ei4BQCKIDvs
Ei_6NYOHE_M
ElAetnmczSs
EpVBlGRQ5sA
EvjSZKXDrE4
Ewk6u0XnUXk
F7Oiv8q4wIg
FCUOaAojFyc
FD7c3fQdd5U
FJ5AHxpMp3k
FM5lvQtATx8
FNgNLE0qy-Q
FOzWCzBug5M
F_T_t3KBkGs
FiIEqldT7os
FjTXmtYQXYI
FjYOImcerdg
Fj_v9pxCrtQ
FoZlzEEUjeo
FsTgim3p4F0
FxHnz6srGbg
FyOe6lEjP_A
G00y-1emfdc
G4Ykb4zvhWU
G7O1Li2CTPM
G7_RO8XucW0
GAhNaQjDZZ4
GIJbxsgdBlM
GLZTVxL0Do0
GMYkM--R-d4
GMiw58bM5cM
GNLOidOGWzM
GO3pLYOMYio
GP6gjo4jUcE
GQzzltbtfAc
GRDNQCGvesY
GXd7zvVg-ls
GZJfthlfJj4
GhFlpjeN9U0
GiIdm45PTk8
GiStzKOMK3U
GoZg-XL-cKE
GrvGCFrwB7c
Gs3ZWPcKH4s
GykPCHqJoJs
H0IawHLJzek
H2TCkAzrQkA
H5NUAAqFT04
H8h7oSNy_Nw
H8pdbTmCqB4
H8vl8vApQWQ
HB8qQajfjAI
HDeRY8eioHY
HHTBIrmEEZM
HHVOfp-i_ck
HKNb3palkSM
HOjPlCFHpLo
HPnOt1RXHuE
HXiRlESaiRM
HXnaPQaoidw
HYk6tyZmEXs
Hd6WPQUrf6A
HfciPJxgN90
Hh9Ox8P8nW8
HhOin1bvfZg
HigCHXIvfjk
HlFq6F_ZcoM
HupGMo_cOyw
Hw5PrWueo30
Hz0mlZBoSRA
I2-R7Et_pr4
I2ZoBhMu6mk
I5Xv7Qc-A74
I7OYBfZj_mc
IAS0esb7xUU
IBwi_ZiKT_c
ICcbQ9KwYjA
IDlbyxZfO1k
IGSJ2F1C2lo
IHQlbxbcjkE
IIhKWoX-Hmg
IJlOUgadoo8
IKUHhiW1vtE
ILSp9_fh_VQ
ILa4tf_n3Js
ILkbibQT5Jg
ISdgiuAySCI
I_Bykp1Ruws
IfjueqFR45Q
IgZmfrUXMc0
IhsvIttp1OI
IjmG2ADkY6M
InQ2AyAsrrc
Io3R1H6a_C8
IvII1XHFy-s
J03eNi0zdw0
J2ZqHXFQEq8
J44PI_k6Xqg
J5JPlwDlI7A
J8U6e03-1nA
J8csVWI02rg
J9iac-Pr8EU
JEXkRj6rul4
JEZu5KdMiBA
JFWVZpOzYTw
JHP2QHbGJ-8
JI2fPAhBknc
JJFIbP9lfok
JKsosYxNtd4
JPfynIBvOLY
JR6THZwEsuM
JVmpbYdyru4
JWYELA6gzok
JWrW1CbcBvk
JY6A0eKbPSE
JZTZjMpCsa4
JaMYGp5CHSA
JdR-JsWnMNE
Jeb8m-ycbV8
JjCxSTOSOJs
Jm9I8o_yfi4
Jp3Iv3IMPbQ
JqdaSlqV0rk
JvldEGmx0QY
JwW6fAqlxZA
K3x9C4riwes
K7hpTE_mqe4
KBsUORqu7N8
KIh4bEA0VYs
KIymLhH3sAw
KN6uc93CwmQ
KOcWTlBBHkQ
KOrLLSlLOjQ
KQwA5doH5RQ
Kf7TTPxxq0A
KivYcsv3kPA
KjxoxE0PjwM
KnB7TVANxQ8
KnDYqBra3MQ
KvK36dEVOTg
KwJKcRqAx3Y
L18g6BOrS4Q
L3ugfNsCUYM
LIvOP0A8O7I
LKnd32BwyNs
LPdcKnDcrAI
LRDRsso6EoA
LSXJ8qupiXY
LZIjzRnW_8E
LZS_Yk-l1WU
Le634H7Zzeo
LfYK3OJ0k0w
Lgl9HeXMgJU
LhxPlxvAzck
LkfM7heAwRI
Lo0K_k4UmC8
Lo_h98AlpHA
Lq2qTBxqcjM
Lrogo8irV0A
Lseb0xnZiK0
Ltj8m8kbZ80
LuefVSLsB4I
LwM75SAuDBM
Lx80UsB8OHU
LzgOqj2o3C0
LztSFLDD7ks
M3wa_jexEGI
M6O5Ydx06sQ
M7z1UqLksnk
MBK5Itkom5w
MBicAPoedlk
MHEQdJ9ul4g
MHhF3U8Kflw
MIOsQu9KQKo
MKL67BS4dGc
MKaLGmtiD2U
MP4xICs4nTQ
MROjlnZg6YE
MUNQdQjQbPY
MWWnX2IVGBU
MXwjqlF0w0k
MbkyrUYZGzo
MfGd6PSC-X8
Mg7QDxmOnU8
MieVgf0kQDk
Mml2LzoRxlc
MqQBluxiM6c
MrUa7mpXkjQ
Mv9oPyR8YFE
Mw0W4U_k_sI
Mw_1G0t2kzM
N-HcOdDZaXA
N-Z6lYvmsX4
N08yqArjeNc
N7KE_JEy-t0
NBT_JTLVqhU
NHCGvfHtUuc
NJbN1bE5KQk
NLWg_jEDCDo
NPYxn3dHThI
NThkW7tZTBo
NWXMaGfKePQ
NYGt42SZBbg
Nauy-ggz8i8
NeCd_uApWWM
NhvGHLI0piM
NiM1YKBAZv8
NiZKI87H1Lo
Njef9G5bpE0
Nk57gJkhDU4
Nl651CSBGv0
NlQmVJ4-ryM
NnDXsNhJxQk
NpLKQ2Zgv8A
NrgjFIIa5dI
NwbAZjuuRKw
O13fGZWFwlc
O8FwUkI2TxM
OC0A3xXoZg4
OCX66hR6cYc
ODHW-2anWbI
OF5pXbwwbNw
OFU3aMWMxSo
OGs7fv6p3Kk
OHfBYQBpoH8
OHwPCEheNwE
OIPG0OH-19M
OKb6NsRz6Q0
OMx1bxdIgEY
OP4O56zioOQ
O_4nt9bIKAY
ObC_6IZZ6uU
Og43BbHjlf4
Oh1R53kONR8
OjVpM4Tg1W4
OopNElH-MtE
Op94tbp7UZA
OsHBA7ZTpN0
OwBO9pCoz9M
OzWnarP0xYk
P1enLV34r9E
PCGOKqx202A
PDBBPqPLYkE
PEMntCtXeFE
PHrmg-kq5UQ
PJH3eqrjsJ0
PLdf-Gwn9yw
PM-sD5ASwiM
PPbzVoXIimk
PSPgvLvmNz4
PUKFrLFPdFM
PcR3WcdlNvU
PfYEDfP59T4
PifMZgixa4A
PionoBZx9-c
Pj6XnJRO088
PlKzs77aCM0
PnEMleDR5Qc
PpVEg5HzsBE
Prm1anD_eOY
PrmhuzVVP3o
Psl8DG02yQQ
PvWwPU6wx3k
Q-j3GXts_SI
Q5dHWnzSlKc
Q5gdfG-Lzjw
Q6JqX82zcqQ
Q8Xk_LlDB5o
Q916jQHXDP4
Q9ivqRzguOo
QBQzF-Ncq7U
QFzLlS9RvLE
QTOnJdUd7vE
QcWWCsX-JUU
QcvXSaXBFJ8
QeQEMPefAjs
QijqmB9rI_Q
QjW9_hP9iHA
QlPW8FtusvE
QtAKLbWNijc
QtsTFgIPjtQ
Qx7G3aIqWwA
R8FdNiUowVU
R94BLNNpqFQ
R95MV7a8pYk
RAKrFWUJwes
RC9bTak4UXQ
RCjGCl3xUY8
RDhRXq5XIVE
RG3NVt16E2A
RJLqkEIMVzw
RO8dBcTv3t8
RT4oiZyOtYM
RUT52DAgZOY
RVaDLWc3cb4
RWNYnwMDKB0
RWZNaG96Yy4
RaZSyuKaZps
RbEWlUfhVBU
RdD2FmFDO0Q
RfIIkYCYPFQ
Rh_o25SK588
RiODhkNd954
RoPeRNLNPzE
Rq4QlNETXmE
RtqBW2xFLQw
Rut37w5ztDg
RvQlM184MDw
RwUKEp7v808
RwlbZZNo0Vc
S-6uxpNdX2A
S0yhHowbAVA
S5jlpt7Wr6w
SExZc5xRYPI
SFhtodIiEhE
SJ1F70fdQ3Y
SMoDi3w-3-o
SP6yZT93xtM
SPoJUOo18Aw
SYQCosSMF94
SYhIbdKCO5A
SbVHCydfMXs
ScQ2mHmujA4
SckInEy-VUs
SdWvkYOVsO4
SeeAM9GMyV0
SikaYVYqekk
SjaQQYPU6Ac
SlUF4VAWLiY
SmhR_WPaxrg
SmmF4bu4nSs
SoItBR9qfdI
SpEY26271m4
Ssr_2XUpiDA
StievCePNH4
SwMmUFEfE-w
T-pBYiFa130
T2g2MJKS0bg
T7A12ozdm48
T9RgJtc2Vm4
TH9l9eFIWm0
TKgqfWaxNu8
TMPSuJ-x_AM
TRbVPd6HEeo
TS0smpRqCBo
T_TUZQw6fu0
TfofljDnsbE
TgYu2BU__0c
TpWcNNRHoL0
TsaMr0pfgpE
TtKlrtsL4hk
TtVqIAEY9hs
TuTr9KQRxE4
TwjLfUmIseE
TwoA5J4rBqg
TxQQoL3eqwM
Tz-BxqsUlfE
U0eu9IBIvsM
U0sZaEzexCc
U1kghWV7OCg
U4Av4gXCERI
U4mXycTqHYA
U9maYccMD-I
UAFqFD9ptQ8
UArXAWsbcvU
UC9BgWTbhvs
UCBtg9U_YxE
UELIO4htuD8
UEwEz8vW4FA
UK6K_vk1e1I
UKt0XZ3Bm-s
ULyXaqZBXvE
UNYjUQ0d8AA
UQOFh262oNk
UR3xye7fvko
UR_hxNW99PE
USANH5PRk0k
UStijl8ZXd0
UUUC-Pch1Qg
UUtSRFoP2s8
UWNXkic1TwA
Udn3sI7AEFg
Ug96p84EpDY
UgofBvujNHA
UjcxGm509Xo
UpYxZGtrjqA
UuMGG0FF2uE
UzacmgmsH88
V2Agutd_AQc
V2VEF9qZYtU
V2ffyfoXJOY
V4EnhDsEPX8
V8DoYUAPaeQ
VITdj9qCzbI
VJ6xRt9TdC4
VLTeMBA2EnQ
VM2AIaQeQ7U
VMQPF6FoPW0
VNlyuvO6IfY
VO2W1SewR3A
VPt88Q5r3Hw
VTCN7y4JqM4
V_XsT47ScXk
Vbddt4ouPyc
VefZuYgfuVY
VgdOarC5kvU
Vmkg8lAS4BQ
VpiO4eFrkRs
Vvv_Txgd37w
W-IAyFzQDRo
W-WqN9qiAWc
W-ti0IJ_fWc
W2bjXX5AJ5Y
W5WtZ9_mP5w
W6NIc-F7qqc
W7qtG6n6ucI
WDvyQvW6Nfc
WENm6aGJ1FM
WLObZCPGqlY
WN8Wb-uKuIY
WPfma7sFTNI
WW2qnZKq85U
WetuZxm9_x0
WkMQBdmFhhY
WllEJcsPXZU
Wr_oBKQuTuc
WuA2tChoEBE
WuKIyxqAm0M
WuKM2ZqwKVI
Wy0IJUADuPc
WzT9oR5zxXM
X1cHM79hMkM
X3QUnJK7e54
XA35bBponoo
XA7__493BkA
XBFpcp_0IT0
XEC9aQjWGnw
XFNDtP_561A
XGRVFqwb2aM
XHzhkcvkQec
XIe-a6Lm6i8
XLbGmxF406o
XRlMmhAM2rc
XVZHUNb1JMk
XVpdJG_kjBk
X_zoWQ9mY_E
XaT8FRhO_go
XbwgJVUqwfY
XcJSqvhDBYE
XfNVpURbOBA
XgHJgcd5a1o
XiQpPxsg0cU
XjzmHWmW6eA
XqL6G-GJEDU
XrgrUbUxB34
Xtt84fXeT5M
XuzvIIQsORg
XwUiN1NJXkw
XxP_3tLBrZs
XxSNFfPXnvo
Y9DE6vGISJI
YAooNj18jwc
YLNfko4uiak
YLrNHb8N014
YNehvdlQaCA
YOBAr6-fpiY
YRb8capQBHo
YSY5zM7BfVQ
YSx9f2m1yrk
YTUzmprvbLE
YUKwBCj5J0k
YVIu6EbX5_8
YWvEKbcbk2s
YaiNQj4bQFQ
YgLKVWPwhcI
YizZGlyQZuE
YlbX4P979YM
YldDIzc0QqU
Yo1aO086Y5M
Yq5RXd7HElg
YrkiKULDYlk
YrplHyxk0xw
Yu1mDpKxJko
Z-nYuFf9tQg
Z06iWXdOkrA
Z24SfvSRq8A
Z4mPatQ3Y74
Z7cBUynzTfk
Z9VI0e4YPBI
ZAzYXnDz2oQ
ZBfnDwm6NyE
ZGMM8WrETWg
ZJav2wTTkFY
ZMQOxmSm4YI
ZMvr_5bFkkU
ZOT8ezMx_DE
ZRdWx_OgpN0
ZReg-k7c6K8
ZW6rzayeWhE
Z_RWRYsTz2I
ZgkVuJLGlaU
Zhs0pf6wUdQ
ZouOSgliBrQ
Zp9eP__vVQ8
ZpFeez8g3Xo
Zq4L_VotYJE
Zq8F9lCrn24
ZtuFoSHwEcQ
ZvcrsdItwoU
Zyrfhoc90qw
_1Wkle2EVcY
_2Wm6Idwzqo
_94Ptge7la4
_Ewb4Rp4GoQ
_JRpgKsssuc
_LEGgcziOIk
_Ny3FYU64xA
_OChyPm619A
_Ov8QOL4Xcg
_U8nQJGD5zg
_UldawX_S2c
_VykIviaLfY
_eJyJe0ozwk
_fkrV091uWg
_jUp_KxQI2c
_kbOD8mq4Jc
_l9Hjdo6YGE
_onaokxzZr8
_pCqbnsEkpU
_qtvS1fd6FU
_rhjgis-AXw
_tCe9Q4aqKc
_xYEpD6niuc
a13QfJyB_54
a1ggohzGKnQ
a4WRhZPnrhM
a6IxgXwC0Ko
aAJmk4CZEXo
aNkkzwdSE0E
aPdaNl_yHRo
aPmqjA-Re6U
aRPO-Z2OO_U
aW0c7kYudEU
aW_deAOXthw
aeKeus3_420
agrQOGH2xQQ
ajWvClMG9Zs
akTy19xNSWY
amG0MQvvo6w
ao4qDBRbKI0
aoXiK8zbOdw
apqwT8r6vI0
b73ZMhUMKdk
b7UialksA7s
b9R-ec-4l1s
bAJ-uxhRZxg
bDa7z5eGsdc
bMzt7dGyQME
bR6W0Mu81_0
bRdBHEaYlQs
bW1emZbfcRk
bWM9cKJG4cs
bX71k5sYp18
bbX6X1reNKU
bi05yzKnES0
biBBSD8Ev_I
bopeRzgwJ24
bpR76N6WDi0
buxLVqZkFMs
bxuxl3AmFQs
byA2ePG5PqY
bz3EDftyAV8
c-3kqQOgVSA
c-S-MTALSKw
c4g5TAI8e_8
c5ZAI6YbUT8
c6XUjd9JDwE
cBXX_RjcSmA
cBdGZcywpCw
cBuuY01fc7k
cGQhqPipzR0
cH2sXwoCDhs
cIP7ai9KMMs
cKMx0uYowL0
cPHJ5V4a59Q
cRrtQ4AkoEs
cXT5pdX59_M
c_-k81hkwxM
ceeOO6p15vk
cfg9kwZygeA
ckwI0wwlm6o
cpOPdqffQTg
cph2nmCpG5A
cuImX_nhkSI
cv9gE8MYFto
cw6APr6obtE
cxLayFXNR2g
d0jYdYTgNCY
d12iQkutMCA
d30bKv7r1OY
d3AOErgmwqo
d5Jmo4XHeHE
dGJbgEIcTCk
dI9vOgL6xOg
dIN_dkwuJTU
dMEJjmSt2gw
dMxBVbckDvo
dOiPfxU1TTE
dPfxh1dJUlE
dQIrBk7hI9M
dRlElYrJwcI
dVKXMqiWH1M
dZ4KvSDkJBw
daw8ZJjac70
dbncZ-Xm88s
dfmJOJiv2qM
dhB-WepQDAw
dirtWS9uCmo
djDY4078w-8
djn0NMiiAF4
dkDpitCt1zk
dlByprJNAQU
dlmnz5ca0Jk
dySuEBYPUOw
e0oVxn3wU_Y
e8d-sZDSBQ0
e9ltMWdHsik
eA6hZfvt5c0
eIFpbQffTNA
eMoZvuXc_w8
eSaXHOSs0GU
eTNgLjYFcQM
eWUoBGqlDfk
eXwwy3Wqcnw
e_B8fgDdQyQ
e__JpPwUA-Y
eadBNoDXYNA
ebH1xPq7p0k
ec9v68XAArU
ee90jNFGfo4
eiUJ1Wf9KV8
es79II2eY3A
etGeNu_CBI4
eu0_pMb-Dwo
excigC6nO_k
f2RUk1OFk6Q
f4PlDy0cqYg
f4oRLvSEyd8
f8T6U0JStTY
f9OBtU4vZkU
fD72bIe7Hqg
fHNxQlH6pIc
fIY27znQ7Tg
fI_nlVvewxQ
fIfSu-9wSVA
fL45BT36c6I
fOUnaL_sX6U
fOyGS9C8rhI
fX2Kz4Z14JM
fZ10qyGvkfg
f_9wrHgg0oc
fcDzMDIB4fg
fgylgBDlrbg
fqlE8QCzHv0
fyIwBb5u46U
g0UvGxZzHEo
g4BRkvjGM2k
g7dkwMbFpFQ
gAHvuHMlKEs
gF11_HfM5H0
gFkNX0TF_44
gH4fTxZCTDY
gIZKAuUh34I
gQB1O3T4jug
gR8N-HFF18c
gVHeq7a_mek
gaOEKPRkYeU
gd7PX4L3aeo
gdP8fHBhweM
gfPbWwgzO-8
ggMfOoZebBg
ggfdFAxZeGE
gkmwHlg-f7w
gm3Co1FPdls
gmTliTq7Cr8
gmYCQ8wr704
gmajPjIFC1M
goJXg8Gze1U
gwj_R_tt46A
gyiyCzKIte4
h--xsoMETXo
h2BOkRAthGU
h8X_xfZ_lzo
hBkUp1vQSnU
hD8BZhHT42Q
hGEr6-yHEnI
hI9GD_LXzwM
hJ1ajxaDX30
hJWiFGRIb3g
hMp1iClCt0s
hN1ylNqw__0
hOaaYsO8E2M
hQ5m7mSDq_0
hTG2FQhLtTs
hadK-o8ZEfo
hatppuSvNwc
hjGlvtQ6n18
hqT7T0NK-KE
hr_sMWV8sFo
huH927VRNaM
hwfCVieNluU
hwpvn9WRj6c
hxceWFtmPkU
i7XDFYXI9Go
i9N4fidAr-c
iBbsh2_6vU4
iPgPDVNLHjw
iTQmmH084NI
iWWhdh3aHRE
iZB_IXiXLTg
i_Jg8vGhDFU
ieVFv6gpn4g
ifUNiYa7nWo
ihof5lGeiqI
ita9Spnoh2U
ivrr2dv_eCA
ivyMYf47tQE
izc3TL9iGxY
izh5DhiRaWk
j0qCTbwVGVY
j1FPoi-y1v0
j2UB8Ap_Ra4
j4yD6pzKNxw
j7FjS9ZKySE
j8Cown3KfPQ
j8_zLIvEeyI
jCHxf7UjZi0
jEIUGTSW6fg
jHktwxvbitM
jP7Vly3snkU
jPmVD7f-e0s
jRPsCF5q9zY
jSDtOxQUhiM
jTcCstS8PXM
jUsP1VmTAdY
jaMHMUia_K8
jb0oEutM5RE
jdd7sbCAJa0
jgEpgY6IDnY
jhm5PubuXBw
jm30IBTw74A
jnBqBDMM7c4
jpqXZChWFtU
js1VjCLG1Xs
juixRwAy2u0
jxF4XyGfE64
k-O0pDG8Gdc
kDGaOnXVSd8
kE6wsU3rUwY
kH79iyjRgNg
kHgQ3FBjS8Q
kO1pRlqFNrA
kOFBD7ant54
kSanIyl8Dmg
kSiK-zC6AEw
kSx80WGlJCM
kUlbWfjbLuI
kUs5-w-bLDI
kWMk9sRDZ5o
kWvG_3kajz4
kco8SZsd7lA
khdS0wwLRBg
koDFVBHukwY
kqhHMKlr2vE
ksV8v9f7Szg
kxA69p1Pvd0
kz3_u5TpFKs
kztPw0xwVuE
l1zo_5o8tKA
l6Bl1vn32KE
l7pnfeusfUw
l81ogi4Odfg
l8TzrjeE_xc
lCst3QId2lo
lD-cr18z54s
lGmacquNHMc
lIUTfCoMow8
lKFW5QMvODE
lLv-s_gfzl4
lORWMRM-sY4
lOi6TtsgsqY
lP5EIvWRP3s
lPZrmbYBwSw
lXMimu6I3F0
lZisSoTlbaU
lbuN461inmg
liShHvoaC6U
llS-sUum3x0
lmFvL2bX4kg
lraeKM25MXU
lrfTbQF3RbE
lu8UyYiqhug
lvTpJiq6ZP4
lwWcdk7OLLg
lxCjbAChYTc
lxiljepJ28Q
m0HHKyzpVAk
m61iBQCJ_GI
m8JvmMXee2w
mALdm-0_kII
mB2jacZtD8k
mBbfTVThRYI
mG2vnnvZN5g
mHWieYmsyKI
mOJy7e8NsSw
mQIND17WwQI
mQeeMxE15qw
mSU4-A1I-GU
mSdodprPQtw
mSgGZ5LgZdI
mVxfT-iFurI
mXKJBmObeWQ
mYHiN5j6_no
m_I4gRt1Rts
m_OP7A3gv40
mdy4w7HvjcM
mjKUUNNwm_c
mquIilKtumk
mtKOnf74sjo
mtMnD5PkYis
n-3yd8KRg_A
n5bgwrqrjPQ
n5hy5s113_8
n69hjzchIOI
n6VH9hZsAb4
n9RWDWiVgp4
nA-di0Wl4rs
nBOrJyPHD8Q
nDEvVuEXPzw
nDMJxntNFQ4
nEsiNFea0yk
nKk5vc1M-3I
nLGrQRqXKOw
nO6WBstr0Hw
nOgnXnwBRoM
nOhGBWHVWFc
nS5U3bOkfA4
nSbZw3OjMFY
nZfRlDRK-uM
nnGUWvWpTok
nyohb1lf3xY
nznBVAvBeLY
o-6djlX8rqg
o0YDvjdDQCs
o17gULdtl8Y
o1s0ZBWqW-A
o3cxv14kDcs
o5SrLknJdNY
oCCXRPcgUUk
oG_xthov5AU
oMHU0tK10E8
oMXRhTj0ROw
oPMySAwiNG8
oRxngX2GxxA
oa2p_ItCNiE
odK5ZrWVoUE
odQe46GOAUY
oijlKuso2Ok
omCZUTsQDlw
osXv5shwnc4
oxRxOLqYlfU
p8brxyJuGs8
pB6CKvhGTFg
pDSjR32xqwo
pEY8rQxlP3Y
pEjR82iR5FA
pFVo7QXR53c
pJ2IOt1jPRQ
pMCbhxQH4F8
pMzjsKJbipU
pN-WUmib030
pP1LLrFCFLw
pUGOApimwPk
pVxHA_Fkk7k
pVzK3LNvCec
p_K9-LPy2yk
piTmD6n7tXY
pib5Op96NrQ
plgc_dmL24U
pmcvoRQJMvA
pncv7-jovpc
pt-fdeYamL4
pt2sgKXK_4s
pvU7S5hL0U4
pwe2eGn5iMQ
pwmpINkKkmI
q0rOfpx-xxY
qC53iDB9S0M
qGrVCMkHIPw
qM4uo6RXcxI
qNAAi9PWWM0
qPzbN4gvRIs
qR-V47UYdi0
qYNtyriYIqs
qYVu6H2IrMM
qeDP4q9vse8
qiSdl1UI7f8
ql2LcTWGDss
qu6eLvpGH1c
qwT84_fHr4A
qxsoNyfDbnY
qyTyjg_rSng
qyqqv_XSLD8
r25qkW4cszM
r2bAEH_nrDA
r3MPrMURf10
r8-AH8rplDQ
rE31QtIOBs0
rIc16YHXdjQ
rN6DaGXgRpo
rNo9UyiW_Zk
rNoVoXYoSy0
rQYkXlrOurc
rU0adUOnub8
rWIfDMBs-6A
rak-HhNwLgw
rfeMsBMNqLI
riRfBzcG9nw
rlrVjVJ4z1Y
rqwRIkDJHu4
s2oZ9XVc5Zs
s69qd6wzL6U
s7d0mRBS9wY
sA5PvTVb22Q
sALQZRhn5hU
sGmUeCEZwZY
sHDR-w7HPZk
sOOW_x1GQqw
sUbc3i_RP38
s_0Vk3rLoCs
sct1LBlITSU
sgQbwU9z1ek
sj_5co2ukFU
skYoYNOfbrU
slrqkuNwVss
srQ2KfgehlY
srSy_5pVUws
ssYMDKd016o
sw-eLFsqdWs
swLSWgZidHs
syTnYfpAvcc
t0FKpFGMw14
t2cObqOdYvU
t4IMz4NhEqk
t4u1kU0PkSU
t5Zf2QwxnC0
t6izJnoekQE
t7RM3DuQWBg
t8GkYde-M8M
t8o5XU3xKAs
tA0qi1CJpto
tEgnsKeioX4
tGwrv8TSULw
tH0jGr69nZk
tJ-e6MbgRuk
tKhr7Q-pcBM
tL87uG8QTUo
tMQ8YtHWxdw
tRTmQyTElEQ
tTGiEi1BIbY
tZUr4a8Sh5I
t_V0fwHIvj8
tb1fIL1BYDc
tdfqSpr_FuU
tmKvmQ2V2A0
tnzAOwDDfIs
tqOk6hC3WFE
tqP4SuARd4M
tuSjhu0y5og
tygbsZaZUf4
tzXL-fBzLuk
u3Wg3ga56K0
uAXXKUY5vwI
uGMx9SotCRM
uNwSy7YcTM0
uPYWqfUfeug
uQxkn_V4Sg0
uXJvHqGDUOI
uaWNd5vgiDk
ucSZOl0A3Jw
uf7_-Vvn5pU
uixYpKt_hns
ulE3INpjN7Q
ur5g-MOxxJ4
uyGdrJHFmq0
v-rPDFwHPm8
v03g2CyFHTE
v2EUUIO3EkM
v2zjwCoKrEs
v3Gae_dFho4
v4ciaTzwDIo
vCrwzFfqbDw
vEI_fU4FoN4
vVVrGwhiUDQ
vXR9TdF69GI
vXWx5nqB4CE
vZNPBvrgO2M
va5eWQ97vpg
vaPDLXRUGls
vcgQPYlwwY0
vfBbPhXad3U
vl311MBswFY
vlcNlyTZSmo
vnjqIzn5p1o
vpeNMSLBXkg
vtroHrU24-4
vtvcxePgOWs
vuClLxTOh4E
vvAfqcuFtMM
vxzmNIkOGxA
vz6Xho8g834
w-bGROd8TqM
w1YAvMOGLHM
w78Pk4iPAAk
w8JUtBFwkII
wCFlhB5p5l4
wCJyLL3pRlA
wD3y5WX8McE
wIK3R2OVk-A
wJvEc2VPRbE
wLR0b1QzUmI
wN-IWjgJbbU
wTM2oilijq4
wWhdXCcRr1U
wabuMB3O5pA
webxkdcaTU0
wkXYzW6rxEY
wmmOcf2VJSE
wn1Ut9G3Umo
wqRbssnh1XI
wxFc0zNUbgo
wzdJ1m5JF5E
x0L-Qb1mHxA
x1dSI170S3k
x3z3xM9ldPw
xBbQRD8O9Tw
xFOvXFV8dLU
xHnZpDIgZ-E
xIW_9SHd67s
xJc0xQqbfXo
xJp-y7AZndU
xTL-Vq21pDY
xUwJj3ODdhw
xWZtueN0oCE
xXIIvoaU3ZI
xYHmuW4k6jM
xaIbv2kg2Gk
xbYj0s8tOcs
xctAjxte_Q4
xd3In_AAIPQ
xiGTKYaUwn8
xiGePrKe85g
xjG8cLal5Fw
xjUMQE16IB0
xkE9eCFrBY4
xpgOmVIKAGY
xqCEoJMYs_0
xrxF4dXgOBo
xtZim_1yDGI
xwRW1SHn7xU
xxy5_2TB-CE
y3XMOWx3h1A
y3aegB9LqkE
yBj1pajROK8
yEvDdiL1GhM
yHvW_eQamhA
yWThD9u7Ilo
yXYAaPE1GhU
y_6YrZBf7-M
yhIEezjENr0
ykel2qd94CM
ykyTqhYQYbQ
yoDiCuK9LeM
yoGS4ysY0-c
ypcbTjYVg78
yqKVfQmzlpA
yrBx3f-4AKE
z6n4brfc2nQ
z7KJG_Y9r1Q
zEIzl1a9dXc
zFPXEA8LijA
zI9h2W8DIvQ
zKNAsBQriWw
zNXemkWiGvg
zONRRhNwp6M
zVVKcWZXJuA
zZuDbxJdLeM
zfn-18nKEc4
zo7fr9lXV_w
zrqhdnahOK0
zyHE3zQ_juw
zzcI5X87WXU
