-wcuXSwVxIE
1hwxQcYSEh4
3BZ4Waw9Ueg
5qFVE8SBGvs
6_d-buhOivo
8CwnOk7dRzY
9TFn-QY96fQ
ANiZefPLMqY
Azri6QU6Bbs
DZEQZBDrxuQ
FExk9f0RlU8
FT_l__VN0j0
IrEY4ZrHW2A
KAN2RL0vkYU
KJ4s5xCf8f0
LOCaPPrCfDo
NT0-7KHlqOg
NjTDd02CF58
OB6M8ZUkLkE
OtYeBn2ADiA
RkEQjie8Uac
Si3l-RRu1Ak
SsdaFhma33k
Tc9tDYh7Rqw
TiaJEHNHdBw
VnA3Ar1togE
W-mxfpAge98
Xn4vOOuq_M8
YYJVQic7yc0
ZLIuLJvlUqU
axeEdDm8FN0
b7rxqKSarfc
bGFUV1qDArI
bqAEWaai5aE
cm-A2N5U8A8
cmkbNpP_aXc
cr1I5ZJOhg4
dntX7o0S4Sc
eAiD1hgUlco
kar-Ba5YHVo
mW8MblUMoqE
nBiQH3S9ESo
rp4Qn8V-QE8
tlZgFFY-SmY
ur3HBUIWtng
usYIcauzaO0
wOqiDBpooDQ
wq5f2qMvKXw
yPhCKeBbjHI
z85BYRnj-PY
