-0gZXO5drUg
-D3nMTcEWx4
-Faw_Uwkga8
-JeimCFsSs8
-PC7S-v3TJo
-WopdXG6hCY
-gRBUb_ocCI
-gse2KZ--Lc
-jVItS_8th4
-pUsLIldhNU
-pok5CeyDNQ
-qG6E9i-sVU
-qYbotWHvPg
-syeU7aJsR8
-vaWSaGaREk
-zKaJrB_d68
0C-0y2ZFKE8
0FQZc0EqK_k
0Jn5-u-zIPw
0SwjoSIqDeY
0my1gzSlDBo
0p6jeCeEjJE
0tTe5N1w6xQ
0w-Mv5FM9gM
0ypTfrksstU
13fW8FQR18g
14wqeztEmTI
1A-YAVMY3wM
1DC7SVueH6E
1FZp09HgPVQ
1NHih4TuF9g
1Q1wfI2NwMo
1UZsTnqLKwI
1XldMmnkObs
1Y_3AoXl4WU
1_BrCaUSVoM
1cGYwwSg3fc
1cJVbzbsZPo
1fmxgIDsZF0
1j_zuENsIRo
1nzAHQovveQ
1oEK_J7oD38
1pt55rtcwKQ
2-KUZ9QrLB0
2231IcAhL3g
26HeM09hoqA
280E1JsSZ0A
2Gp3KmGd82U
2Jl-7FpFnd0
2NCwa2wbku4
2NVQR4otORY
2OE0VmGVTdg
2RjiriWNu5w
2YlNaB2RW5s
2e0rAPvV2CQ
2mpL3xT1mMM
2p2zj8Y4q74
2vYeBAgbhSs
3CMpUZ9l-GE
3FBC7JxBg64
3HT3c0rawI0
3IntiSJwv2I
3Jt23DT22ws
3MLOBFMghFc
3Me1YDYK6tw
3RPUYVLy51M
3RxkH_MQFOM
3StF5p-Lbqg
3TViHIjtHss
3XfGnWPswqo
3fi9h9zfbgc
3oH_0dza4i8
3y6Nqdoi3is
4-mrDlF4Wfc
402yHjg21No
40fJZm_QZoA
45ffg2ZZCF0
4Bzhb3WLF84
4I39oeVB6zA
4KgPH8pKWUM
4LAZjZ0DAPI
4LzA-4auhbE
4Nrq2zzNesw
4VVLw5KOfaE
4Z939PuADmc
4aRrqPCcVco
4cCd1teZtk4
4gCCagaNqNY
4mDDFGJRR6w
4wje7KurLvk
5-vPBI4qpxE
55I_3hM8dlY
5AY4tvE5qLw
5OtW99ITyAg
5UAeTdToRSg
5X7lJZwZoQU
5esyD1k7eNc
5fHKK_YFUrw
5hgUwMacN2M
5lS0pmdvqJU
5lq-1SGQxzI
5ls8buT_GZE
5pEmtodXojo
5rBTzAvgTaM
5vlLfOTTBO8
5wjhA0b9D-E
61L_znOPMlc
63av_GVxJn8
68mUbjDrOw0
68ofNWJnuXQ
6Da0j1DOZz4
6JQbRcFlvcE
6L03F_XgeJA
6O1pCeg396E
6OXp3TYmU7s
6SYKtpZB_Kw
6YES3lxFm9Y
6_gS5PV0kZA
6e3YliFQGUc
6fYdfa_czw8
6fdVOazXMkY
70blGFN2coo
761q2ZECOng
77T1SzCGzzM
7DCpkOlXgoo
7FSRvCICcr8
7Hw-hWtix8E
7MeXFInoBDE
7P_PsOtxpbM
7W2PQdZSRbU
7ZqPXRnE3l4
7bwM_atwgyc
7dHbHRGEzx8
7f9jGH__lfA
7jDiAIpASS0
7n1iElbC4Uk
7rpMgjSdIjQ
7tne-qjuj8Q
7uidkPmJZYo
7v12X4UssV0
7vBL7U-kPOg
7vWBMymk3Wk
7wADSf41vPw
7wMzu-7D_Lk
7ysu9GDB5CI
82imGljVo3I
84UIis4_500
84mPFPDSc5I
88vibrW5BNg
88yI5FodbLc
8EZru1RxRA4
8IHlIPAKysI
8IYzMMQ_GAU
8Iu8s-lj3z8
8So9n6Y8XX4
8WderB3_kuA
8_7zgaYGIAI
8kRIOzV9vf0
8lZCmSZhIPo
8nrHBfm215s
8pczRy4UQyc
8rNTQlHBKxc
8urM8JUHxRU
8y6ebSFBrbY
91tV2sK7Xgk
97HbogA5WYA
98PcH6i3ouA
996O-iuTH0A
9CJ_hOM8k0c
9DDKdes_J2c
9EPtDPUTRCQ
9FDwI8eCxyA
9MsAvSArW1w
9N2pQsPxUDY
9P_DTSq3XfU
9QTbmlKrzC4
9SI25j-HtFw
9SX0hhKqRok
9VOZ7-Ii12I
9VQYxU4ZFiM
9W85Bfutomw
9ZyLBv5iNUE
9oDo10H5Vpg
9yU7Oovu-II
9yc5o5APoqM
9zl8j7eq-Is
A-VHb30Foss
A0aUOy8Hm20
A13OJm_nGs8
A2_6qzDRjK4
A6FmEIdEtao
A7_2yB49jJk
ABY41IalnlI
ADQiUD8FvMM
AJef9Hx40u4
AKOU77mN0ak
ASlP_vpi7rs
AdBqZ6k-Z3M
AdcdMJdJd9U
AfptzOIVwtE
AhjIyPUisgo
Aol6jP-3Nlw
Au11TdKUUgw
AuSq18hr6I0
Aw4DADhhcVE
B405WcvmsIg
B4BGIHQ-4Io
B5Y-LbeF0yY
BBEaVSDRrm8
BO3NB3x0KBo
BP31m1g9mT0
BWZQH_ecnKc
B_C0JrLK0a0
Bcy7HQP8rEA
BfrToGUI978
BhCpylgZ2Mo
Bj8QWjbVfK8
BpokoXUXYws
Bu6oRnAZoes
BwTRVHMcjlE
Bxwv0-_gsIc
C0YttE6ZXLk
C2TUPo_FwXs
C5II0H_togE
C6d2lrp7evM
C7E498-bMKw
C9KmujBw0g4
CBdagVitV4Q
CCLNbLAhVPA
CDSLmNL4QZQ
CEGyY6s-zKg
CGlHR9hcb5A
CIKbWiOMX7c
CJUc8hCRv6g
CJhLNAl2eN0
CTBY-1Kv-ds
CUxtYqZTKDM
CXNJcSdabKk
CasZktzEX7c
CbFjZ1Wnc5o
CcwrWPQdfuk
CjFFF0eJAsk
CnnKV0MBYjw
CrDCc1sn4VQ
Cs_o9TWyHNM
D6O_S5-uZr0
D8aqFHCB3N4
DA-wQMnfBRo
DBPTe-fTc0Y
DE88iZJ6Ht8
DFQdK70rMsQ
DMFtxSvZK2w
DMLNvNx3CvM
DODwKRkojro
DQ_6VPo3qMs
DX-AE11122M
DXe6cYpX3rs
DYVjiD-80Wk
DZwbpmsoDUw
DctdEgf7Nsk
DoTqR8kXqxc
DpZ05iIIjcQ
DrNo3K55mRg
DrnI9ZeNSNc
E0V0Y48GqAw
E3GUXZ64JrQ
EJFxY8Cya28
EKcibkYRizs
EMvUoQN5FuU
ETNfvm7axtI
EdMUakt464A
EgaeFgbhd58
EkwvOIZvZF0
Em9Id9kwrNw
Exf6HNbhLGI
F1i8HDOzlg8
F2n_5igdXs0
F2tHLLLF1qU
F879IWigtUs
FB4cyPd6K0o
FDeHx3anoYw
FFF1Ihy164w
FIw_M0eMVD0
FJ7Njq6Lnj0
FM5ctV1B3eg
FM7kCmj_jK8
FTtR5pNylAc
F_tr38ArVnA
Fbezr1UbXcw
Fj-U6tNN75k
FpiV6ldAhjA
Fpxc83OKP0k
FtgC1T6pY8k
FtkZWU0Zwjo
FvvBhOXVrnU
FzFgZqse4qg
G0Fr0dyUJ-I
G2_LwK0mZSw
G7f9Fk8XCPk
G8IhDHWyMYs
G9Gn5FhNl0w
GKl_pezXo1I
GPGyY4wrVp0
GTjIhniCW_c
GUDtF4zSNiU
GYrWRQ3g4tM
GdECL1Xgo5I
Gewb3-DUlJs
GjUh9blS07U
GjpowUKHRZQ
GrkGhyWuvZ0
Gx9J8j2Xz0g
Gyo9mR7hKRA
GytOgaef9BU
H0rRcoKmFmc
H4I-wY0dpOg
H4YtXgrlSPo
HB8oeLUFgDc
HKZbWwmWw2Q
HLnxdNx_xpM
HOHN_jy4CEM
HPWKJFOnOK4
HRHtY8gPMxY
HWyXbWW8wbk
Hd6Dnuc8iV8
HfIlgc0z2pc
HgpHOI0nX9k
HhyOTCzdutk
HkHcymZknYQ
HnSauXineSU
HoBNfRYPqe4
HoCCFGfVVKo
Hwwn2a_NVT0
I0Zht7o1Apc
I7W3GL__YGE
IBOu6RxcLQw
IBf4wYQu-Dk
IDzjrHi-z6E
IINYdPS5jlc
IT5p3mJFpCQ
ITW79EnkSno
IYihAsvDe0A
IZ9E0EK5L7I
IaycR3NEuPg
Igb-Xstv0o0
IjgrwY9EDVg
ImGkAHOR47M
In1K2PqKp88
InZRna8XNVc
IvAuEC9Pfec
Iyn6d19tLkc
Iz-wIH-jth4
J1znzn9RTZo
J9r0AE4EJzM
JDrzeXQoTi8
JHd0V6FmfVQ
JHdkH9yaqEM
JK-hb64gNx8
JPddYROEsEM
JQGlP1rNaDU
JTibekfgvHA
JZaOUrJjniI
JfPJIAewi_8
JvkBhMx3xk0
JvnqW4RGwKQ
K-cDSkJFs9c
K21go6VHXUc
K3WOjry_4qI
KKq8_Hh5TUU
KRqYxNJnG0Q
KZma94UM17U
KaR4Y5m-7gY
Kb7s4i204Ok
Kc5pd_Vwync
KcmiISH7aUo
Kd2EmkSV10s
KePSCekb1eY
KgdBWvpnsF8
Kk0pfJwUgJU
Klz08io3A98
KqFOKaHlxIg
Kr3cX_ORtmY
KsiVvyhBgEI
Ktl8RrN_Dx8
Kw4E9G7aaCo
KxzcoziHmzo
L-Vu3CBf8t8
L7wuD63gANw
LCogKAsLMWI
LIcBlkncCMw
LJdFJjpA4RQ
LJruLt5sLx4
LN0QlfOMRpg
LRo3CNOcQ90
LTRJGg33uRY
LVaFfUSitms
LaoyDOb21qg
LfEaRQhFdNE
LhXZWxTH6_g
LkLxuREOwok
Lnn9jNTBzA4
LonD8myBmwg
Lsc1e3pYtRw
LvUfAofLY88
M0i3hsRmR3g
M5R9lrGLy0Q
MF9TLjeI934
MKfTgvZmCZk
MLxA1pNGLnI
MMBGKTCzKFU
MRFu6v4sKBQ
MReVcyoPA7Q
MgNje-Rdzs4
MhOJp1DcabM
MhXrrGh3DwM
Migf41Nli1U
MjohhsgFXp0
Mq32JaXQftQ
MtC73h4IN4Q
MwUHLU1skiw
N-z4mSw31EU
N2y7nlfp3aA
N3nB6CLgRcE
N8_bGCvkE-Q
NGa-QsSCmC4
NTlgS1Zn-A0
NTu-2ir3dJg
NXPmKIN8KBc
NbPgWebEGnw
Nfd_AbGN6Fk
NhgakVJXzYw
NmdVy1n1OiY
O6HSybehUb0
O8dSCC3XHXA
OB1yYLDb5_A
OBGg9XUn62k
OFosqfPnFmE
OJ563TuYGxs
OMW0zRVs4OY
OXkZF7WoiJs
OZmQekBVeLs
O_L3pn6HMDk
O_M8L-gEeCQ
OaiZq5Tarb4
ObnMwOhsOgs
OdjmrDMfQPU
OjBIQJG7ioA
Oka8FLwXaMc
On38OTbUi7I
OobXBqBi9Gs
Oy3QZGf9CpA
P-LNT8QOYA4
P8KyaLhrAfk
PJ4AGb4JFPw
PJV_ohmfX5I
PL6PmGRR52I
PNPaZycIC9I
PQBIN45vRT8
PRKJ-ECSdVc
Pd7_gTMSD8c
Pf2Hv816D3I
PmyCchjrFsw
PmyvE2Hys8E
PpQZKjY9lUU
PpYi5ubtx3Q
PpsNCUUifhI
PrLx2U12uWo
PsZN8mhQiwM
QAxcqlsT26k
QBBY04zTaXI
QBf4VvW52cA
QCKQnhBekQo
QCZpk1z74yg
QID9ZUxh-aQ
QKGQrFMdE58
QRAIqbRAN7c
QTOpNYePK5w
QcUp2TY1B_s
QcwSNgLVLo4
QjFcZ9z2N18
Qp-Fcqy03QU
QtprkVzujvk
QxgA1HCDCYo
QzjSsgwcGcQ
R1Lxl2zSPsg
R1VwymymtwE
R3g4xDLh31c
R7MOLXXMJek
RFq2CmuGixI
RH8NKBp0_cs
RIFswW19rfE
RQnm4nt3irI
RXk-RUKv6G8
RfFpWA19EtU
RjTaqGNzU4Q
RkouudOyNiQ
RmNRrG8jZww
RpV1ae4b73A
RsXQfkT19sI
RtF6qsFcmuw
S4oX8PKpROU
S4smn1HMYwk
S6dlDkRUMjo
SAb_bPT4F04
SDHUyVI5uVc
SM0uNdANvXM
SMJTSKiDA2I
SXSWfjBN7pY
SXidEQGvvsg
SZfNPAlKrSc
S_9JJdcz4BU
Sa1eUelswYY
SoWYvohbJLQ
SyZf8g9CIkE
T0QZ5U4CP1w
T4CBqP4aryg
T53R3maM5KI
T8f1rD4fGNc
TDtvdb9nSZ0
TGJbTbfQpu0
THaHOEmlz8I
TQTtsUbsiyk
Tc4Y3A2-5Vo
TcVOM04MSOE
TmL6Tw4NXA4
TmzMe_-rjZg
TrYYTSOzdS4
TuEmGG8YWEE
TvmHB14cRCw
TwnWnl3kf1I
Tzvp5aCa3aY
U0fquRoaOe4
UBN07PBGk_Y
UOqSVOsjdt0
UPHbhwiUCtQ
USI2CCSB6zM
UT4zBrjo42A
UfcyVZ8HqA4
Un3Ycibl4qo
V3ld_QTyGBs
VIKi0MMSzJo
VJgSfNxqNsI
VOfFa7mhYLc
VP4bmcyucMU
VSO87L4TnmM
VTKz8T02MUw
VUTVPbUfQiM
VVUj9woOk1Y
VYGpZvbSJFI
VYlbqgPzvl0
VZaQwZcSCGQ
VhRbFA53He8
Vh_urgjH1yU
Vhs589R7GDY
Vk5v0OYscXg
VmhD_Xgjszo
Vn-IWXtaOxg
VoZUoIuD8gk
VzB3082ckFk
VzcVqi1gFtc
W-CSqq5xX7M
W1DOgw1fMOw
W3jQ_ZqR_WQ
W4XkLx8sQgs
W7F54WIVxos
W9xVG_Xn9ns
WDhIwhfewUY
WE3CcyxkmyM
WIYSk-lIgRM
WMlvsU_eews
WSS4kZboX28
WUfJYZqlNog
WXV5FFbiP6Y
Wa9ayEsRfYc
Wa_V3PpIVAU
Wdk5UTKM26Y
Wh7MOH9Uepk
WkLS1zXTz0Q
WmhY2mRMZJI
WoT4HnRj9m0
WpRyUeMfBIc
Wtwe4wneck8
WvCR8JEoExI
WvaxKQZIwS0
X0rs-w-nd4M
X0ugfVI7UzQ
X36ZglraCjE
X9J-IZLovWs
XA30B29cCE0
XE7hhVEjqLM
XEs3mnby1Ws
XKO-3irn-Qk
XR8eieDeM1M
XSA0tM0MB2M
XY31USIlQ0s
Xgw1l9oDXfg
XlZTnFbPROM
XlaQusxtnzA
XoUftUzZeC8
XpzPElQC5Bs
Xv65YlHLMzA
XwwKQ2jsUEk
XyIRuOhSEDY
Y4JimwjXeQs
Y4j7_hQC36E
YEPO0ObKDVg
YLDcOykWxKg
YSwVR8nMKVI
YW61JdUXySw
YXv68Xa2WSw
YYcBrCEtTJo
YYzv3W-yn5Q
YZ5ZK1mMpO8
Yc7Alp9_lwQ
YmWbd-BNHHA
YopTeZsChQ4
YsDbTXGBTyA
Z19-k6jlTyc
Z1M8smiQOho
Z2tdrHT3H1A
ZByK3cXCAv4
ZESytUorKWM
ZO4I2R2MYSA
ZTxsgbUgfCw
ZWkc5TfQL0w
ZZU6lwo0ikc
ZZgSxphn8Xg
ZjLARk3S3JI
ZjWGmp6e_vg
Zjw3YYwaSZc
Zm5tpQp6sT4
ZsL9u6QjjZE
ZwqDaxZAfOk
_-7KSEawgI8
_0Zf_KayK5E
_0yyZyI2Hqw
_1ONuqutwbM
_1zfwjei_vs
_3v-KJXWTec
_7JQ1tIbI7E
_7MHAxaY1PM
_8zgXPqX4PE
_JsxyaF64HQ
_MkswVXUxP4
_Pj84k5A_oo
_Pr9Ps9T1T8
_PvC0X9y4R4
_QWL1sylvS8
_TmJtDjYgEw
_YDYQWZAALo
_bzg4g8dxL4
_esSQTCnJZU
_fPdSEnLxvg
_mdZDp3yuq4
_sCinyEeHGU
_zbB3FvSgeE
a1yEHXGqanc
a9zUeB6oMtQ
aDV7ysKJew0
aDph69RiKUc
aEneZlxrjtI
aHMDwQxowXg
aK5F8ltHtLM
aNzpNEyMx7g
aVBPj8SV4I4
aVNdyTdrNSY
aY0ra6cCLWU
ag1UioeExJM
amF_xRwsFCE
atYdSULlHUs
atnWUxL6l-8
av93firJ4t4
ayZAcbLYB3s
b5cMSU1H2Og
b71Axzm5vSw
b8dZmawLg9I
bAVOj3hrQr0
bOjsh4mke28
bPYs-5_bsLs
bPs5frLZjYo
bSWpd1Muwg8
bbpb8fmpcIc
bcsywjrDo4Q
bcy7EeEQMcs
bdbP_L11O7U
bmI9RGGFaDI
bnty0fvAU-c
bpTyPCFEx1g
bsB4LEkG8kg
btXEheiG7M0
bxA57IkP_90
c2l0tLmpt7Y
c4dPh2E05qE
c5C_gh6aDcA
c9EK9X597KM
cDzYregEmy8
cIYi2kSbJWU
cLgXtPILwbI
cNNUZ9PZ81E
cPfz8U-Yogo
cQB6X6Y1ubI
cXAKur-oINU
c_zDfFjAalI
cd-95JLxM8A
ceBCt3jzx9k
clsiz9FM0j0
cmpABSXbMEc
cqRBtZKLQEw
csufdi9KuQI
cwtTC8OYe5g
cx-MZ0-Fxy0
cyCCYMrjY5s
d8wToM43L8k
dAGGsuEh6TU
dAxWJ_oSmx0
dFihNK7iyUY
dGDS8drIYqI
dJcX2ZDQxWg
dMC3eT_rPdE
dNeHUsc3UL4
dPH3I9ljees
dQvyx3pnjHo
dRhYlb9epBg
daKQxRHShzA
deATHplQg1s
dk57ToIwwz8
dljmHB7488o
dmm5L_tlOA8
dqnf1-bKlAc
dvU6xkPK8nA
dxqEVtvesjM
dzQ8ITucxuA
e01PNdCADiE
e2uHtfsUsZY
e35VPpDDrGU
e9PsCoH98AM
eCynY3JCgyk
eKZHuwBckyE
eKf1Dg28zxs
eP8jwdgOkSM
eb1r3KOnV38
egvfo0Yr49w
elpz44OoM1c
eo4rsRU4I1g
eombpwgs0sg
eprgmgr55fs
eqr75CUQUL8
erOI-9J6H7U
f-xme0sHTu8
f1OBJMTC5po
f1aIFROIBTc
f5kC0rS15QA
f8DNtmx0MOM
fBq00CcJem0
fCnCVMwg1GI
fH2cPeQ5QJs
fRy5GTBKql8
fS3q6PsDDDU
fVn1RxRagbc
fWQb1-wtvE4
fY86hBDf6rI
fdW0hY62q74
fex-9qVigCw
fgc7H-tsDd8
fiXjzgxJKQA
fkf1G46lZHQ
fp38zNNJLIM
fw1GYidfiWw
fxU_SQUdevo
g1xSTaAYCKI
g2Qjp2tSbzU
g56PbpA4Ysg
g5B4p2uN-88
g6MTvHOMR-I
g6rSazU_EbA
gCbV3y8wCtI
gCm95fPz_78
gDUAGZIWcCQ
gFfmtUPqnZ0
gK6wcaiefbE
gP75adfYJfE
gWjCk-ROzU8
gZvgB4Bv6EY
gdQ1S8Djgxk
gfPDmzAXOwQ
gfeK2uAGm0Q
gm3rYmQO8o0
gzCbs4UmtQk
gzTRb_t7KYA
h4B5uf8xz9k
h4a0PXPj7cI
h5UADFVquYM
hI8QFu6Ai0s
hXHLXibfoak
hXhoQ6VTHbA
h_CCXuQYY7U
hdQhdJajQf8
hdXmNnwMRL0
hgmMKootzKc
hmEGQWq0UuM
ho_WXsR8o_g
hpJ4J_j8i5k
hrIW10Q6o3o
i15_eaPE7Ec
i1jhWjORN-w
i6KOP_LrplU
i7qRlDLGaiY
i9aebpO0IbA
iBPaoJe9Zf4
iE6t3lQqPxw
iHJ9Kdsva4w
iN8Yh98lupQ
iOiuiGRCJWY
iP5WoXe8TjE
iTJHOq2Hcts
iYtjq69hW5I
i_TWTbbSlcg
ib6G4VEbmAE
ifhVK1wI4SU
ig3Bzppz3yU
iiBWnBFeiio
imu5T8IBimg
itfFxHr5vTs
iviBqjZlohQ
iwQdD29WhTs
jA9zk-Zq0OI
jAKc_EYpTLA
jBVvcBx42i0
jFJViK5HXqk
jG7SCEnWtUg
jU9ep9JOW7c
jdgy8MpOOEw
jnLWyu9IZDc
jnyZTQ1-TjA
jxbZeW5JxF0
jy6tqgALYi4
k-BnMct5eh0
k0Z2jn5pkso
k21kf_g9_ps
k2u5QJgTyIA
k37EE_-A5Eg
kHTqG7StA-I
kNUGA7XDPGs
kQXOuXs7eiY
kUSd44iYcm8
kW0Dm914CQM
kXfzpA7gKjI
kb9RtVbc4zE
kbt9_SsAmFE
kc6l87H83Ak
kcFUX53u3A4
kkXnf25SAQA
knUvcjyYE2M
knanvHMnsRQ
ks4qQ2bhH50
kxJDRQHvA5Y
l3T1VvauZCA
lCXYRnx-2yw
lRgb4CeVM4o
lYJ9Y0tKdYw
ldzGRaf5MUA
leUzdRuNsJo
lpbrh0RowlM
lpeXxgfemWk
ltkTySci8fY
lz1UIv8H56o
lzz2G52OpmA
m0Mb1geycd4
m9c_1CIUPZY
mBLk6FUszXA
mCfVGIfMq4k
mFrIoI_wJJA
mKojFbVtNP0
mQXnQ-TgkxA
megoS2hOgrg
mkE-e5YHl5A
mq2x2YGMzaw
muyNUHL9FUM
n3K8MCqADlc
n3UTkdStAHo
n6jHcU1NfAU
n957Cunk9yk
nEbzhphJv2g
nSCtyjMJALA
nYn-CqF8ur4
nZ0Ke2oGEo8
n_izjyIUXto
n_jtH-AW5a4
nc7HgRRrqy0
nekpNNEQdQg
nomppLsGICU
nra_h7iPRnU
nx_0MHosEDc
o-VRFaDIaY4
o45KRQS4ikY
o7L4gorV_34
o9nVzMF2BN4
oDEWzM6AcQM
oDgoR3ew3P4
oRn84vvBN7w
ofezACDv7qA
oflFbZjVtBM
ohxng-8wvYA
ok23lflO7jc
oxnyGDsGe3E
p1KPz6ztI4U
p1h1BJ4_EoM
p5TqTyckMpg
p7qGg26kQBU
p8KzfczD1kg
pCuHseXXkMI
pDCl7RIVI9Y
pFHjzChjC2w
pK6YSU5rVT0
pNFB1vuF3z0
pQK0k-rObrA
pQicBZQySSI
pUG16LF229c
pUPok_0Qr1I
pZ4q5Xc1OBg
pb2MZnGTb-A
pb_rzdPXtOE
ph3Iqez8myI
pm1eYaP7JIM
pnEdrqEnM48
ptOXCPXEcD8
q5BGeRbDeVM
q7E7ncb3QjM
q8UbJXA36tM
qGgsztXT52M
qKM2X8oGvzo
qMskMZQo1xc
qXmIKZVsPBU
q_vKmaiK0UQ
qjczB8JyVx4
qkrQUIBw27g
qlf8QKqNkjY
qlzc0zu0YjE
qpCkG-EJkrA
qs13qC-sw7A
qzaygYO_TgU
r-4JAcK8Nxc
r0RhkE2Tvq8
r6x_7ul21HI
rA1Lno2ngEQ
rBhCkvR8WLE
rDNz-BkM9KI
rHarqmU0-9M
rJ6bpdt0dLY
rJkbWUquHPM
rM1-zHCLG9g
rMOEtjMFgeY
rNzX4Ou3FvQ
rRxJG2rgRMo
rUiIMlZYweI
rfWglQm2DKI
rf_cd0By5Qc
rorPV5Pa_Pg
rsWvCoAOg1A
rt8LGjHxoQE
rtkGjyV5goI
s2o-lcidSj4
s4irLdwtLkc
s8_Xy3JFawc
s9K4QbQYaVc
sAYTid1Qa0c
sGf2IjMOVHQ
sGqj1fMvj7o
sKWm9snuc20
sMHbCf9c6s4
sOW8XNScs1c
sTLBZxyfPTA
sVZ2UDruT-0
sWiDHp0fWKg
sadLVlRetj4
sbSAEB3pWG4
sizvfLMp9-s
sjnLBIREaAc
so9SiNY0Z1g
srfx8MvZzf0
srhce0CPE8c
ssf1oxwGmDU
syFa5hiNk6c
szAy3m1q5sk
tF_HM-gAOkc
tGGetEJvMcw
tGTKWEnMlDo
tJLIpDtYO68
tJTdKMuVdVs
tJcYr6fZnTs
tM0hueAbMPo
tM1G1TkuwqY
tSOaq47zoSg
teJHTv1cNrw
thmczk9khdw
tnC6Xfo7n1o
tpWeMrtRX9A
trqWWRvo_28
tuscinVaV_0
tzdo_G4Tv0Q
u1gBZxqoTsU
u4RHT_YhacI
u91WU3PLt5c
uDFpqhhrju8
uOt-QhrJ4mI
uYP6OJA1Ytc
uZnVLe_Kd4U
ua-UkJZyLow
ujkBw9krnas
ulXYObmurbs
um6V-_WUtn8
unXyOQULL5A
urfdLeLS4Wg
utBjxf_p21Q
uuJMZeZYqV8
uueG-1YF5bI
uuorkAW12jo
uyfy8mvAbTs
v3a7F1ffkLE
v3ifqkQvTsI
v9S8prBJqzM
vIEVU-4Z7Xw
vMpiW8hJDJ4
vQEoX09tXiM
vSSkwl88JeE
vVW9s3PnJiw
vW2wNllXOB4
vZNCssRdFYc
vaBnIzOWx9c
vbj3bNPxAyU
w07K3l8V9YQ
w2O_naiCpwA
w4ZzJbi3m7w
w75LnDOx5vQ
w8VTLnHdQX8
wBCNLY_H2to
wFCsLSGPLMk
wH0oIl26Rdc
wHJxrApbNOc
wNnM2XcmDzQ
wQD6Vr5U25g
wRD1NE-y28Q
w_o9CpIzX6Y
wcCPqRRNeVY
wk7k4hsE7ho
wqLFMevtutk
wqh8CdDv5IE
wtV9Jxhy6z0
wwcUb5KEtMs
x-YxaCbD6xo
x-mSqVLuYrE
x3NO_uT03DM
x5_-N1BLjhE
x5uHlpBnu_4
x9TaRPzUfLc
xBKIDq_ZGxM
xCqTEW6CDVc
xDLuZkDXAaE
xFMZASJWz4w
xHptYlhfUyw
xIpUdtn8Rf8
xLHuhVHJ5NQ
xW5npbuqZhg
x_NcHYzWHTw
xlmXSVmsdR8
xoumr1QkxlI
xw4lPquDKX0
xwbjWIm9JG0
xzbgBcztjT8
y-EyKTsqSHc
y6irOr87kyg
yAmrCUsBMz8
yCqYcNap9aw
yLHDFKtkyY8
yNi5m14QMFU
yOa1uDjlp-g
yRJzMHgu6WE
yTzlerXneU8
yWoGSIzVokc
yXxFcd38CC8
yZBL0k_-YeI
ycMmuR_QlkQ
ydXdSXbKpSM
ykX94ii6m4s
yly8Z6yQ4qA
ymvDbyTX0i4
yndUSqVkeXo
ypW4p92xrts
yz-WCHK1bjg
yzxf4NLAeKU
z0lCOcLP1CY
z4MiNIANtjo
zBxyBZRjMF8
zD9Fg6Hf8wM
zIhu-4n1qUI
zK2TY-ot3d8
zLS4s-Qcj8c
zNKvYf0FRjE
zRIyctW9liI
zT3iZMznqYA
zV2CbhnXMqY
zX81LjUcrkM
zXI9Hz1RS6s
z_srKZ6qg-I
zc9bm1rWOdA
zdcgFWsFuVc
zhK0K1tpGCQ
zpX2nF-EOzE
