-0SfY0LXOKw
-1FUkRlcriQ
-2FMZUe4d0g
-3Znb4cw26E
-5MO0v55sCQ
-6NFIwiC0-M
-7VGEUCAZsw
-8NGE1jEoXY
-8arid3vY6s
-91LnuRnZdk
-9GJohRRwLg
-9RaoBS5ZoM
-9axTbccQDQ
-9tHgWxwKZM
-AOviji1px4
-EItrHxBjFc
-ESLcp8qRm8
-EXAqiuHQTs
-G_pUfqRzfQ
-GhBtsYaYpo
-HBylIU1oM4
-HXPTMN_NhQ
-HhALmlbHo4
-I5O6ASpDEA
-JD1aA_Siz4
-JsDPAhTOLM
-KcR9DuG5g4
-KwBJ6GA-Qw
-L5e9Pmuc_k
-LL5zcHUEYM
-MQrJr-E7Rc
-NeFaXu5sZM
-OKZkPJpO08
-PHYb87h3Pg
-PIt3loNZ8Q
-Qa6y8pKkFE
-QkWp48SsPA
-QxrA949QO4
-R1QzQBXM8Q
-SMI3EHxnqc
-T7myEXz1Jo
-TodWcBz8a8
-V5-EY0D6KI
-VERwOc-R9s
-VjxtKTKP58
-WnGMn2eeyM
-WreiQg78C8
-X3R2UOK7cA
-X8CVFAnMZo
-XFTywfb6xM
-XLpFE1GgwI
-XZor-ZQwXg
-XmOv7dfJuc
-XvzmtlLZtQ
-XwLCgQf_oc
-YMYx-m86oI
-YpdHZ1xbNw
-Yq0WrX6yME
-_Id4xMX93E
-_z0w-CtS6o
-auZ23pRvrI
-bPtYN2yqdM
-bnwCcujkGw
-c1PCfV8yYg
-dGWD7J3N2s
-dV3ay34K6E
-duhy5g9PJw
-eXPd2mBRjk
-f0hi-zDIEs
-f2gwXhzT3Y
-foi4lrDugo
-gLU9ji7VzE
-hN8RunssWA
-hWH2twaKc0
-imxBPexsto
-iwQNcexj8c
-j3JK_X9UzM
-jCuA93PFqQ
-jPDxmf8hRE
-jxTYRGtPtA
-k8CF36iFQ4
-kEbb5ZHsSw
-kdOth0GHaA
-lHArhyIdC4
-ltyeWqoQdc
-mHuEAheA3Q
-mf36XxY9ko
-nH5cPuAiIM
-nhSoR0vAoM
-oLOTYs3aTc
-omHq15Es8U
-otfwfC3gPs
-pIsbmINTYk
-pkCSujh3xQ
-pz9yTqVETc
-qR_QSc0xO4
-rEwWXZMI_g
-rtc-a7dTkw
-sS5E-r-KlA
-tlsJn-K-RA
-u4kaa5jZNs
-uPX3DaKMhE
-uoImxrhnh0
-w9zgeRQNB4
-wgo0Mc2BiI
-xEAna9j2rQ
-y06BKlJwF0
-y7rSlR3GqA
-yJBxH_cuPU
-ydjwdmJO1c
-zAL0ZsZQBw
-zXGxFtzXK8
-z_e3ZRqFzM
0-BRb4kZp8A
0-RDdrM3Ojk
00HrW1IWEZQ
01UGqQos8-0
01gIHZDiCbo
01rleHj9Q9I
01xlVZAI2D8
02TxDHORrU4
04VO97VS0YI
04bnvrCpu9w
051pE6RvoCg
05HvONV5HOI
05Wax7JW_Ac
06OtuN09aQw
06b1qjau6V0
07YNPP-IVJs
07qb75UDBV8
08z7t0H8liI
097ldhd5kWw
09EyYDk6xGw
09mrGpKhAu4
0B3k4T1dx5c
0Be_P5AdqYs
0CcvTq0fubQ
0DBNDisDhZk
0DG15DzxK68
0DWL3WGQkzE
0EHQtG11L5A
0FNjdrxhN-M
0G2SC57GCN0
0GWowAfP6ZE
0HTfvSUIuNg
0IGKpJcIQ4o
0I_E03AE56I
0ImCZfONn5w
0JE7iS8gp6c
0K0BOpesSjA
0K0XGZOWsuQ
0K6JZnMarug
0MJ806pHJJE
0MO1QPDKrn0
0MtGODp-J1I
0MvkfPTW8Y8
0NQmL4Hr4CY
0Os47Gci9Wg
0PHxVVsSI4o
0PNByEkFv6E
0PsT6Jf9zzI
0PtL7QBzVGk
0Q0fl4I-KRI
0QWFYZSkfYw
0QyPIBIUUN4
0RZurn6TyK0
0SoOkzx01vo
0WIJ4Q2pAuY
0X2p9_Y_k9U
0XThqv7xBX4
0Xh_eDmGVgI
0XzQfBftDaA
0Z97OYqmPgw
0ZOlJBYnf2k
0Zfb0Xq_tnU
0_Bfo72OgI8
0adXHaMUhWU
0al-nNSYKg8
0bhUtRjmuW0
0bnPCtImk6c
0cEt7kdDPHw
0cyZFcjyijg
0dZJuZGpNrw
0dj1FxCQ7Sg
0eSCWBLhcjU
0elyOL-4yJ4
0g3rgLdQa1g
0gCG6kjb_d4
0hOTb_83a-4
0hYhuoZrJY4
0hu0N0ibABY
0hwkzOmjzhc
0i1y3_WLiHw
0iJX18TXk9I
0jtTlA2hHsU
0jxoWTA0uGo
0kDS0pqyfvg
0lIfdBe5QW8
0mCSLaBYwPY
0mLo-xdyyXA
0mQS9-FB2ZA
0moeeUnCjAQ
0mtuxvX-TSA
0nGGk_PU9zA
0nOctuZfgEc
0np9Cnykua4
0nucQr8rUVc
0o2uV9wgKbE
0oUN9zkgS-A
0oc-952JWqA
0pTygcgD9yk
0qXClCPjmaQ
0rDnZm3FSg4
0rgVHbRfmbw
0slndQ6QeFs
0soJvuS2pcg
0svtuDnLAGg
0t9q9jfbYYw
0tNl2cDwnZ0
0t_tKdlFiS0
0u_iXPsor3M
0vfl5ctJUA0
0wcdSOVyJ9E
0wu5UQ4j3x0
0yiCMpmTemk
0zAgJkgI3_4
0zSaVK3rIgQ
0ziHOwSj7ZM
1-vitUhk87o
10FDfzJcOCU
11XJdM9fGMI
11bj58WmQi4
11n4fPGp4vM
11s9eBR88Ow
11sXJGKi8Dc
11seDapcmjU
11tW9VhTzN8
12LNBy43aTM
12Z3DSKfinc
12qfOEVCSio
13-RVGNwLsI
135oFBJO7HM
13OouxFe3d0
13QqjQwzFaA
13TX_EZmm2A
14FesF2Wxvc
14ehkKWwDvo
15BujRrt4Bs
15UA22RTKS0
15bqKABz6Y4
15ggiQb7vw0
16FoBpSmUi8
17IKKtKn2I4
17wFWJaU8BI
17x3vFIRKJw
17yupurCV2c
18aXOfDZe_U
18qIdCLFWIA
19RVYo3HTSQ
19mUTpUEuF0
1AZXqeVi5H4
1AZqcMbK23U
1B1210Wwjc4
1BQKiQbOXZo
1COEyG2eXgE
1D8X3HLpgTI
1DF0Tqrs8EI
1DieGQ7Zcug
1E-NaB2TRcY
1EqwV1TLlaM
1I3NgqrwAbk
1IszaPRZkrA
1ItgT-Bpn4Q
1JTUP4xYhNg
1L33EVqPmmc
1LKLDe5GZ5U
1LcE50O0v5s
1LwiXZlNm7s
1M99PXltGcw
1MQuhrvL0ZU
1Nv57kLSuPQ
1O4LD6xZvNc
1O7sZZslbPM
1PJup2pXpIc
1QO_uuf7HT4
1RIQ7CQv0Ac
1RKde98MJ0Y
1Rm12qe8UFU
1SvEM39z6KM
1T88su31L6c
1TYF9TeW8ZA
1U29IIkFgys
1UROmOWkhj8
1V1DKUpfGLE
1W4xnMIPzg0
1WXcnFDDq-M
1Ws6H2N_3gE
1XB_IGD_YME
1XwcYOhruJc
1Y076sQvHOQ
1YhTCxFPZcE
1ZZ8Pe2pJnQ
1ZfSoNXcqO0
1ZzWbEYxvyc
1_LeKX767y8
1_euFoW1rBE
1_lhHvMuTXE
1_qVqG1XF-Q
1b4EL0YHXVo
1bKQnPzFQgU
1beVfb57RsM
1cC9ALlDabw
1dl3VSGk0d8
1eHZxmWwWqk
1gDUcFHoIzk
1hbRx_nyemo
1iO0UCn-9s4
1jieoaL4rDk
1kQHilM5yNI
1kWKU7M1bss
1knKtdvQMNk
1l2v2f7RAwU
1lesxteVC1Q
1m5Vu7pc1F0
1nLbZ_8w3Sg
1odZ_9OXy60
1p5OPtXKx5I
1pY7AbMcKHk
1qeMaONKaGM
1qoTTq7KpVs
1rueItWu3Mg
1slqdfk_JaU
1uiCaG5BdmA
1ujknpQq61E
1vxv8nlIr4E
1wbuve1Yk9E
1xansfcU-hU
1xmbwFEGP0s
1xsQ3tCAUWE
2-D41_uaanM
2-G0PfQ0JYM
2-bVV0JBNvQ
2-jsCL_Damk
20GkpAFaxHE
20LO6-tRNZU
221jawEVHhg
22VXbTuUS8M
22uzBDGghFA
2340RiWMju4
23xpGrMC9j4
247K6GUTz5Y
24i68TOz1Eg
24w40XS95mQ
24whntpzyYo
26DaBa_emns
26cjOSXPeVw
27U07L550nw
27gBgin-ZiU
28sU7O-Y1u4
290VEZK27ds
29NYrgCUCs8
2A8GmmEYllw
2AUGRibAMyE
2AuW6ZXg2LE
2B2fVTrlaU0
2BT9ioTJPMI
2Bl12B6pEmY
2C-o8CvnsiA
2DPD_Flw41c
2DwiTieLmgg
2EJ1sdtDmGo
2Ee5US23g7o
2EseIcPlfIc
2F083d_J5SM
2F1hjD4_Rm0
2FCGkbO2Tp8
2FUjjeBR6Ao
2FXMz1pBRCA
2FujMMlYq1U
2G2j6LcTU-Y
2HTOfuy3r38
2IOFExDpowA
2Jjfm1Guvp8
2KnDXDXcss4
2L3ugmggtGI
2MCYUrFkhKQ
2Md5K-3tvdo
2MeeMgNWndE
2MpKSPTpnbE
2NEMkxqpAfY
2NYtkg_qqyY
2NglRyWltCY
2ORieQtn7tE
2ObMq4hX7oE
2PZRRiUDHSA
2PdhQfFUymM
2QKk-fuQg7g
2QQcX0stn3c
2RAlZDQAaxA
2RLWYoAbvX4
2RffGXk9mKc
2S3wlSZkvcE
2S7sjdJXn2Y
2SI6QEHRshM
2TLOLIRTmYY
2TqTi_i9FxQ
2UakDGaJRxQ
2UzOOLczLKc
2VX7QI6DPpQ
2WKQxW6MGLM
2Wh9Me5U2Hc
2X82jJ9wZ4A
2XOrDvMKFFA
2XV-pDkhHsk
2YCu3xr6c8E
2YGRKb39BP0
2YqmNWKW8uM
2_DLg03Qcgw
2_G8bDkRD70
2bL5XH2nFlQ
2cqs_rCO0Jo
2dNTIi6zGrg
2dTwlNoOp7w
2eIy81-jjsI
2fO7ghYLgfY
2gBWsKMIGdA
2gQaF3gX3I8
2hEFspJUvzA
2hFLYMe2sQk
2hQnmvqKrDc
2hlEuiy7CXw
2idtUmAmS88
2izRcG90p3U
2jS-0QIl3_I
2jrOV85oKm8
2k5tDmBWyxE
2kpdShKRg94
2l6Azwo0n1g
2lGJYdbE3ws
2lxA8hqVajk
2m4eSC6Pcn0
2mSOH67F5go
2njz_e2U2Mo
2nt5dpv6y1E
2nuw6O0yFDA
2nyx6M702Dk
2oAf8Gqp8s8
2pEA-zUcJhM
2qTfgXu0Ki4
2qdYXlkeGBY
2r9X_tNfivc
2rjwCLKXoDM
2sFGpJlBOfQ
2sFdidgKFeg
2sPiRgH-m3Q
2sdk3lX9yN0
2tDu1FF5QT0
2uNHQb33MRY
2ufOd9wJY_Q
2wSO1WWHhaQ
2wZf9MQNH7M
2yEaZctwr48
2yoQkmylmdo
2z9ew7T25x4
3-D6BnW09_w
3-bt4F9qt4U
30ayTWZyqzQ
30ruZ4Xso-c
31-BiNL9Ewc
31YIbPOY0kM
31tNTG2JnPY
32KyPfbraSg
33BKFr_lPy4
33rICxRcW6s
34GIeINNj-k
34ORAMbMVyE
34pzxCBHE-M
34y0QfQS-nQ
35FYqJF--7c
36xZWXFbSKk
37IHUGroUOE
37qDK1hT73U
38a4dTHU8-A
39Wfjx3ZisI
3AS-eOcF4L8
3BD9UgAshOI
3D39oCO5GwE
3D9WZBo5D0g
3D_c_JgfKnI
3EDmN8x-iMg
3EcUU2Sv4t4
3EcichRET40
3Efr-f9GT78
3EvFrNnqtrY
3FFbJ-6Ce2A
3FmSTlN5r3s
3G-z94oT4ZA
3GbLS82Hu0s
3H7u8H7IaFs
3HvXSUQYW6o
3IJiqFZEujk
3JEeeDlSzB4
3JMg4DS9vkQ
3Jpf9aOGeeo
3JuCqybqLOk
3Kiix0_J9b8
3LNxI0OLmMA
3LSEcVts1sI
3LxqojpYnp4
3M4NDrQIaP8
3MDMWRptgMM
3MiCAeYQiYg
3N5UGXAVxS4
3NpxDsUEHRE
3OaJ4J0BNEc
3OlfrFJ5Pck
3PxvDbgABKI
3QWdgRGRP0o
3QoBQeBPBJQ
3SXwbBK7_zQ
3T0fdz0ufCM
3Tac4z63GtA
3TmHrHGmY0o
3Uj_fiNfZgA
3VvrrrS5arY
3W4xiLjBTos
3WHACFZb0RQ
3X4QPhHa344
3X9EKZWN4pA
3Xh4cx2uuZE
3XvAJctkXus
3YYq2_6PSJo
3YfXcNdydKc
3ZjS0qmeYQg
3ZqpQObm0_Q
3aX0ja9yTa8
3bxtXepqOh8
3c7b7ZFHh0s
3cb9IVibH7Y
3cn5z1wXElY
3dwBKdNIOvc
3eQIoxqKwo0
3eYWbkpg2RU
3ebKvtmJy0o
3fB6c2UJYOQ
3fo-vXzkT5k
3ft8RhYKtSE
3gTokulBMag
3h0npQyFzEY
3ia9iCdaNPQ
3jdI55SJOEQ
3jnSh-pXHa8
3kDYL9FVrWA
3kQbm_doj5o
3kt0CUPWNY0
3kyIGdTBPUc
3l3Nx_oxKWE
3lCBwNBKQM8
3nL7fnS8HiU
3n_8ja2wJXQ
3pBF5UimDlg
3pPoYXCaRDw
3plW0kzbTdQ
3qUheTZMmYc
3qs6Wxx8lWk
3rai7b-c48w
3s3UBtg4LrI
3t-7U5DCAHY
3tEpE94iPiY
3u0nFd1UHb8
3uFmG9xM2R0
3um3rKXIVY8
3vW4sTi8mfo
3yNjcv3bsJA
3yQPgyR-o94
3zQ074fEIFQ
3zYWRFy-V64
4--2r5vkeH0
41imSDqCJGQ
42_zGFuoiQY
42sW3sULqLw
446jty4HJH4
44B6sQiaEcA
44qg1o9V694
45MYoYsqhAI
45V5ZvKGoSQ
45dgUsHVb1U
46bBxjBeU1k
46lEmFfwj2E
47bm6B8K4Go
48IHSwhSC0g
48zKtsgk3cQ
49PMnNe4fN4
49RwqQ1AZS4
49Y6Jq9e2Ss
4BcxZC8rHVk
4DXMYeM3ddU
4EgH_43U0tI
4EilVOhFj7o
4FA2DzsKtSw
4Fa70P1HCE4
4GHj-K5U8lM
4GcAusgo_EY
4GzpyZJj5P8
4HsycCCvqM8
4Iu4rxG4VQw
4J0e7mRWvt0
4JBIhx4sI18
4K4iAG28NJQ
4KCGxGmzFG4
4KLsa6wRv_w
4KdOsoyAlD0
4Kua08k_xY8
4L9-sFZsWbA
4LVOG_ItXk8
4LlJowLaUVQ
4MAQyMqy0XQ
4MVKUyHu8IY
4MXKYfLome4
4Mdq4GzQrSc
4Mgfc07rDyI
4MnAtxSaoeg
4NVMcwoKnX8
4NY7RPaqs3I
4O6NiuBFc4o
4Pz_Q53yM5c
4QtiEwvDaSA
4QwQFuC3Gtw
4Rs3ny7dyXY
4SC5t7s7Dj0
4SrEBbBdsGQ
4TNrcNsYZ2M
4TVadr_5yxs
4UlDqrDONRg
4Uxw_aHGmwA
4VB9IDYre_A
4VgzfR-cjNI
4VwOs-p7t_I
4W5zGUOf3PI
4W6L6mm6Ta8
4Wxg04Kc5Tw
4Wyvqp83Wrg
4X1AZO0W5Dg
4X2Q5XbeL6Y
4XfCDiITTGM
4XqqBGOjrZQ
4Y966wPJVQs
4YHHQAc9D6A
4YWzOTNBl1M
4Yh3mVQThpM
4Yjg9nl7Z_A
4Zhf1TKPgJs
4_WUgKWOh4k
4_pw6pUJsl8
4aeuoVyXsPE
4b44JlnVHfY
4bgSCT8gzxE
4c53nPOkylI
4cWNiIqd7kE
4f1yoBIhqlE
4f8-F0BB73A
4fd7SPF9QsE
4gDQQR0MDik
4gsX85EE7SM
4hKkSKngWiI
4hMWsMzgXtk
4hxIeec868U
4iJjcD3iYIo
4iLcpIhUQ1M
4iMkY6582hE
4iZ7wqSkVr0
4jQ2DtexgX8
4jo-PJOpmAI
4k1rEbtLnb0
4kUauFBqsto
4ldjZ0V4BJ8
4mvSo2NItSg
4mwmp2pDsNU
4nHeQqpVA5c
4nUzD8hWtT0
4nghZfWUxnU
4nwdL8i0Rzo
4nxmm1SSbdg
4oGFQ5yaFDI
4p-PesXWqMo
4p3Eh39cqxg
4pQCYpbBGSo
4pVpGAmasns
4pYhhH7bauE
4pp7rK2Ijbk
4q6-AFsmIUs
4qJLLkxgNLA
4qOKbZrjnKE
4qzVRbgRD28
4rLfVpvZs2A
4slMM9YdndQ
4stzeK_V3uw
4tECQwSOhJo
4tMVT6GNqOE
4u30iLZN3nI
4uAzR9us9Ps
4udLQW6fNjg
4umyE2L_JSw
4useeYu5ovw
4vJ4ykpIUGE
4vSG1KoBMwg
4wesr1TL5fI
4xYeouWXhjc
4yGRiVQzBCE
4yaI57wYTZk
4z-v4t_zxkY
4zFwBZMP3UY
4zvJghe_ax0
5-bnXAWrBV0
5-nx8-lx8m0
505p2SX-Jzg
50UvSiupjQY
50YsDWDqvFM
50gTFKjVUzw
515VfPj-Seo
524N-Ufv1kk
535CmK_fwfc
53kb_00wBeU
54L0zF8jgFY
56ouxnKb4XI
579aOnBoN7Q
57MDfnyIKaU
57Xt5r_gZGg
57gp0UBKrEE
57hNmofY08Y
57v88GloNUA
58KcPgvp4Oc
58_AL-FIkgk
59K_-_BD184
59izQ-BKQMo
5DTnFRJRNyc
5DgEBlKCZec
5DgGlG-dRl8
5E4rDHwZufs
5EGY6isBDBo
5EZK197HhHM
5F-vu_-sXn0
5F8PuYifREE
5FJY4MLIiiw
5GWvPq2h6eo
5HEOxLan-CE
5HSPKQCchMA
5Hnkd0NhQcw
5IHJPs8wrfE
5INgDEwTm2c
5Ijl0D8cKpk
5JBMld8kgP4
5JQuIDBhes4
5Jhy5oxJQMg
5K9-7RyNyBY
5KVuZdjGTZM
5KZU6HVk-bw
5Ki6SRIqhuU
5LIiZFsOqCQ
5LLVJ_aBBPA
5LpbbDB6TK0
5M7K4CGieII
5Nbn6J2qT_s
5NwVIGrY3CU
5OQggeGevVk
5Pd3PXSQFAA
5QUUt0DJXxQ
5Qr4s0gvi4M
5QrIJLGFIkc
5S2iBVDihhc
5S9OvLVNhEo
5SXlyGlo_vE
5ScRIMCXeNg
5U0wCxuE4yw
5UQK9hrBBRg
5Uplh9ru2VA
5VJ2CbU0pGU
5VvBCdJe3dY
5W1dS5gruEw
5W8L_98SFEs
5WNdEipgGqE
5Ww2TxPXysc
5XBCjkzF8vU
5Y1XvYIoxX8
5Y1erDpVyEI
5YrlsyrfyUI
5Z3pDpZ3eZQ
5ZMshlHkbyw
5a2U43Fxlo8
5aT0QWkjCbo
5c7H0CJqNEA
5cTuE3rv7TY
5cb6mmI2p7Y
5cgQNDsQiCY
5cheQxoJf2s
5cj8h8P0cVk
5cssdUs4gQ8
5cti1dKkKOM
5cyeOJUUXy0
5dzp3NBxUlk
5e1O-jdgI9E
5fgVYnZDiy4
5gx3moa-X8c
5hgZPHJPye4
5i0SfOPj_Q0
5iIvBuvQ7DA
5jXbk6bY758
5jaqaRBB020
5jqz3H9x8cA
5jrDk7zkNrw
5kQjpVSOzFc
5kktdLOYe2E
5kwFt4Xe2DA
5lo5fObyWwQ
5lyPAC7WWP4
5mQbX-nCeyc
5oJuzbXSaxI
5oqmTsOJs_0
5or062GyBbg
5poJEGQ-yeY
5qdQQ92dItI
5st3mNSQPXM
5sytqdWuODI
5tFpY1GmXdE
5u7AjmRBt7k
5uXc9HvZnZE
5utJdqXQ_yU
5wNj15VgKO8
5wW_olBv4z0
5xcqwiogTtE
5xgNnbP4EZ4
5yi7khIx6fQ
5ynmLMShEeg
6-W1ltiy9ec
6-YqEUr9KVQ
6-xnugXV4FM
60icop6mnvQ
60o2QSb8rd8
61NQ0JwX77I
61goFg_NFbk
61mju5X6M4o
62b1bP7eD7Y
6368ceZtoK0
63GAHHftdZs
64EUWrfLXJg
663XlMvOPi8
66XAePSbpZ0
66j6ULUOI5Y
67vE0RuhOTs
68Bw0IcGLJ8
69R4efA5FTM
69XJIyID4QA
69g0CuXhs3o
69kEjr13E1M
6A9t9bkYhzY
6AX4c6hoHRQ
6AxBl1Urn6Y
6BFtsOjQOc0
6BHaDcR8khM
6BPZcyGioI8
6C-Zu0XWWOA
6DFIea2CmtE
6DhonAQuQUo
6DoZf2xDlzI
6EtM13Ep7p8
6F2Vajcb9C8
6FqAcECvJYk
6Fqf-csaBe4
6G524Bpgc7g
6Gdb903jEus
6GjSKc9Lm7s
6GjwOMcCJwo
6Glq226j_FA
6HbgrpO2Qhk
6HeGxD86D2s
6HuIbIfzVZk
6J2Ra43v5fg
6JQS6uFkYvg
6Jg5KAgrOd4
6K1hkTX6glU
6KGZ7zd0_gE
6LX9MWIca2Y
6MAskx4N3zU
6MDiCfNdIp8
6MFiqzgFaWs
6MkDduk4Swc
6N6KqmW_Q5Y
6NRrWqwDXG0
6NqHTJ30BLM
6OL8vDWU9bA
6Qucs6T_tGQ
6R4Ff2Zbujk
6RPW0Da9oz8
6S5zEK3yd6M
6SEMxb6k7OY
6SLxLnqqQeQ
6SoMMITbOz0
6SwgsKL7iiw
6TG3CnubtnM
6TGKOMg3H8I
6Te8hZqeYZ4
6Wh9g3EIbyA
6Xqz31mEH_8
6YBKxhox-QI
6YkW4QQe-nc
6YuXabYA7is
6YvtGTelVYE
6_2uoIDt2e8
6_7yggQ55gs
6aAZUJan-2k
6aDzGc8b6SU
6bPuklSWUDE
6bW1FH69To4
6cMjBfg7nFc
6cWo2PEGAbo
6dasE9wqi88
6duDLmBgZEs
6eALdVTtJ7U
6etXHdDDL48
6evSPVrQGu8
6fQUB28WT38
6gP_83-kskk
6gWleNNzR6c
6gfh8d741WY
6hrbo2cdr9U
6hwxireJtm8
6ifmvl6ihy0
6ifnTiu_kac
6iypduXCN2s
6jPaFG-Ohiw
6k-ET957QYw
6kAMwY9lPTk
6kVKXSsKtEE
6lOFC_MvpH4
6lrt42CSq0s
6ls7MdlwHSc
6ml6U24xRAM
6nPCwRq1A64
6nsXDsgupDI
6oy58UOQ2gk
6pdUi5iEEdU
6pwDzJHIBvw
6qLw6qMYNig
6qMRBcyuKu4
6rIZBQVSdlY
6rkESFFqEwE
6rxYDnPDtJo
6sMZw523aRQ
6t80pjA6DyE
6tOGXrUpTUY
6vMUU_jebcE
6vNamD51tkg
6vpJsgA5nfw
6wEHcG52wTg
6wcGaO5gpPY
6wspR2A0Te0
6ya5btdIuL8
6z5gQd11MRY
6zuofvQxt8o
7-2MGXR04yo
7-lshlKMgrE
70NwrInfRAM
70SOf0BofvA
70dF8euF5aA
74NoB0IWGtU
74TBROcTV80
74U06pIXGkI
74WNQpD-ic8
75BEr5P7n0w
76dTkun21ro
76jvFFPmhw4
76sZCPxg8N4
76xm7Rz2XI8
76yWbwdaAvk
783IwBnzWss
78PQqff-KCQ
78k4gjcX4h4
78p0Hv0U1fs
79qMOItpttw
7BVYPHOlXMs
7CC0vkV9MTM
7DR1I74fxI0
7D_VnPRHDJM
7DrGp1Dx8CY
7E17_jQsrJM
7EMeihc_83o
7EvwTAB7UI8
7F9CrpddA30
7FvWQqp7puk
7GThEqX0JMA
7GU-iVwNGlA
7GwZmBzWBtw
7IrfwqYjoug
7JU1Vy0ggUQ
7JrIh1jwPiI
7K705hYIk_Q
7KbEyxKlF0Y
7LKAQvOeWrs
7LxENhcOzWY
7M-DOL3BDao
7MK-_lCcCcA
7Myfq2FK2zs
7NPi8XzIITU
7NYQA75L92s
7Ne305dYag8
7OTu6fBB0So
7Oc-f4gXqy4
7OdhrhWpjzc
7P2yCoI8Vrk
7PoLeu4r63A
7Pzi8xvd2YM
7RLeZqNxTcA
7RUb6G58I1Y
7RuD8krbnVw
7S1ZSFcqOh4
7SQVOCPO8gw
7SXV7kFcxwU
7SunJ2geq-8
7T9cggYiR0M
7TYpjIG7xec
7V52hG-0QqU
7Va1O9IcRms
7VpE_96XGiU
7WAlhigDvU0
7WUywzvGk-s
7WZ5pb3kdkM
7XUZIGsk12w
7XVfKl3TpRk
7Y_qGwXdHHQ
7Zioy3MjmzY
7Zm6z90Wh7c
7_W64R4Nnns
7b-jKm44qmo
7bDd6osQCkw
7bS-ypgNbrQ
7bUiz-7YbGg
7b_A1MHU4uk
7bgOqSEYQVE
7bo-T1PK-sY
7c88ACN7N8U
7cjubSCGtf8
7d3DlFhuUE4
7d3GM_W6raA
7dwYlB_RQjw
7eXhAjS8k9g
7ex1ocH2E-M
7f5wyGhZVdc
7ffWToJezGI
7gFb510Jn2g
7gUPybEvgyI
7gtGEUxLt40
7iYhQ9rgjWo
7ikHvNZiA3o
7jKNh__WH7c
7jjd6CdY09A
7lF7Uzg7r6M
7lbpaKz-UGs
7ldatbCJeLY
7lv60I1Q6i0
7nYW2zQe8XA
7nqc9Ko8wmA
7p7rooTl9l0
7phrRmxnD8U
7qZsymZykQ0
7rWrgPsfcO8
7t2iCtmEbS8
7t5UQ5c_7Yc
7tOEcWTdr-E
7tXXetHSbfw
7tdaHCC0m-o
7txzxyZ_dL8
7u0ZmYp1ypw
7uHaAp5d24s
7uanalOnT-c
7ubmgLs-e5k
7v76TGwVqh8
7vEBJOmI4ts
7vqIu3JamGM
7xJPp4nYNi0
7xP3i6-WlYE
7ypSs6PlWxE
8-6WwAcpUmM
8-TEQl2Kjts
8-knbQOxrZM
807ddvY82gI
80UZxS6ZPaw
80yGBQcOcqc
81hTWor0Nog
82a1gsqEblQ
82l9e70fqio
833P2WSHJDI
84RRyVpqyIQ
84ZSK_BIvnA
84_06Hmt4so
84nZ3NzaNgQ
85V4wjeDfkE
85aZfTRPxx8
87yz8aKpi5g
88FRVT4lHRc
89BdIwlguc0
89T9xdA9z4g
89URnVXflyw
8AD25Itk18Y
8CXp0vhPL5M
8DMyjahcQ6E
8DYiWFRki68
8Dg0tDXluZ4
8E0LqfyUU0w
8E_dKyDj-Uc
8FGSN_fTQhU
8FHstbgLnYk
8FPXECsxML4
8Fg44Ac8H2s
8GISkiVKZoU
8GYjgTZNIvM
8Gtk3bUmSz4
8HT0QAGiYhA
8HXrcLH4TN4
8HeexgOfhWM
8ICHrniOIUc
8IUOILnx9oA
8IxSKu7TgTQ
8J7geo4umHU
8Kcw7Io8VeQ
8Km0X9qyo74
8L7ceRxnW50
8LcMTFc0Ctg
8OjE_dyT7Hw
8PNeWzKZuv0
8PWmSIN0gmw
8PXNp7fBcDw
8PXSxX0IUFk
8PbJFgqfirM
8Pn83y1J5bU
8Q1qmWr1mWs
8Qf8Mlj3jr8
8QgguugvW9Y
8R8NyIr4E3M
8RnFTy6zMys
8Rwv2C-mZ9M
8SbMcUzcGCY
8SoWdhxD6-c
8TG83C_M7zk
8TaJoeAKxmE
8Tb-QcwtjRc
8TlDywYrmN4
8UP9WxJDFQw
8USyafUSGUQ
8UypKwgwFck
8VQTk9mVegs
8WtJDQkCNBQ
8Xo4R3qVQ8I
8XwIhD1ziQo
8XyIOKdx8_Y
8YUlN4DSoyk
8Zra_osqQqM
8ZtATR_rALQ
8_ULNIhG1ac
8_n-5xnxqNE
8bj9_ZO28qs
8cQJrf50M6c
8chLhWrRI4o
8dje0PQeABs
8f5SB4RM3ww
8ffoR81EzpQ
8fgdeA1uzOU
8fkQwofQkpQ
8g5DtHL4O0g
8g8g1ybwfzg
8gPrNkM_9kA
8gSGvcmkkv0
8gVCz34dWCM
8gbf4RowX4E
8iZ6sMTjgWg
8k3RdwM5RlU
8k_BUScsCSs
8kcUB5evhIg
8lUehao43OM
8n8A-P-VOm4
8nFGUip2X4I
8nmjwIbFd2I
8qQnmDXVzwk
8qUjKLOkTI0
8qYFjrYgIR8
8r-vEecUudw
8r3UiWqMKAA
8ssd6_iNPHg
8szUGQhwUwk
8te4386tyOg
8tzZ38uG4q4
8uKn3IAxwbY
8v_raOfSR3U
8voNBmBAwRw
8w1C0JtPtNo
8wF_Cablv-c
8x2Pqb751vM
8xDpnTpe-jA
8y90Lb_C0v0
8yWf7sCo-ro
8yiXAs4Yy6k
9-Vyi4ea61s
9-fVwOaMRm8
90-RbqbIqtE
91Rzhgf0EEk
91qD3cMphjI
92BShrERQLw
92_vPM2UJJ0
94Mvrs7V8V8
94Pedq8q_Bw
95JQ43K4gpY
95iXDFKWBMU
97L1PBk9VOw
97pGQFUiSIQ
989xiEjyWXM
98DhXB1MFRo
98EM7v0_VdU
98NJqH7HVxQ
9A3AyVoNCPU
9AKqUsS2Orc
9AT3Cfv-xhg
9BVC928-NFA
9BY1aNEyf_8
9C3DgPMhiDE
9DEMq4UYDD0
9DWkCUNo5UM
9DYO7vwL2pA
9E6D87fvxrk
9EDW7-zrbnk
9EZZ0VTuZeU
9EuZfkO1TGY
9FzH2l4T260
9HoSLgM3bd8
9IRCdicU49Y
9IXv3Ersthc
9Ic4xOQQ7Uw
9JHPnMlLokI
9KC60OIo1pQ
9LQnicGWbSE
9MWMaA9TIug
9MoQy5hA2LI
9N4u82rz0a4
9N_d3Go0_9I
9O6d48XFG4g
9OmEqXCN8FI
9OwtHSXGIQ4
9PYtIqtKIm0
9Pkk9TCETP8
9PqyGKr4hXo
9Q1ss3EB77g
9QgjyMgF2sY
9QwXw0ZHQFw
9RG3JntHxbQ
9S9T1jXAw9s
9SNdTpOvO5k
9T3XhZ_PiY8
9TXo_EkAZlE
9TZVuV5o2lk
9Tq1yZ0M2IY
9UMkfsPdAE0
9UYwN5dWcFg
9UqBJTItfnU
9W7bEEyLuaA
9WfQmgvjA8w
9Xup88PLVLM
9YckLvBoLdQ
9YeGOOB0EWY
9YeyuyUueho
9_D9d_EryMM
9_KnkkbGpzA
9_Ld6f_RfKw
9aK_tTzrK60
9alpdVxcGTU
9dKdInUqaus
9dbhfzrGqcE
9eqYJopHylo
9fWblH9Ti9c
9fvrZJy8odE
9g662uS7KN0
9g9CRdqU5pg
9hLOBZdSXAg
9hoX6zsMBtg
9ieDdFyVScs
9j5MlxoVzMk
9jR41vLI_YE
9jp8rVaPhjE
9n1unk2hn84
9nW4eOS16wg
9o0Kit1-g8E
9pVWIZcckSQ
9pZZE95ywOI
9p_oGc6IXdQ
9qC_JBCX5Tk
9qOOw1qiyYI
9qOU8rVgrwg
9qSBRcFdZNk
9rEmi0s8O68
9rLR2ZiCGvI
9rMClxiR2M4
9sYRpjKaQ6Y
9skhT24r3mc
9spGD5U4Y1w
9syNHD2EH-0
9t496p99xPQ
9u0RQaMyB-k
9uR6bD5tHFQ
9uYcoKEn4tg
9utboyL4WlU
9v24Y1W9EFo
9v8pqkGytE4
9vlV8vetdgA
9xMJ9zlHfjs
9xh9GQWyql0
9xiqsEyoznQ
9yKLIIHbIwc
9yfQWn0SADI
9zaGn3EGlWk
A-9VCw5EljE
A-Ww7vrMhrA
A-suwpwooVs
A-w8kNDqx9s
A03cdUODVB4
A0O9WuZRz7Y
A1Cr3Q6g7RY
A1lq8H9fBVQ
A1q4VouNYQY
A2ETdQb1j_w
A4ZdTwfxDtk
A5oapZEkYYU
A5vLqj6RPf4
A5w679iltAY
A5zSmVkx36Q
A7cYV_A0vNc
A8VzsnBAQGc
A9ZBcZWQmUc
A9e3WVDS0GM
AA6D4yfLgZw
AAMfMPMEOvY
AB1IRuambJw
ABcSmiwh9Zs
ABmjx2Eo4V0
ACUw48cq33Y
ADWnQHOcAck
AErbV4P9MSc
AGPuy-Icc7c
AGhFtSAPG6U
AGuzCd1D6oo
AHWq_vw7M9w
AI_PjaFylDM
AJeiY4fwWSM
AK07vXYJdpM
AK42FJ4DT-o
AKrRNp_7nvU
AKx7Bnnrlp8
ALi5da9bJN8
AM-69x9fvXw
AMBHMzCD3c8
AMF8_Z-4W48
AMGIcyE2GaQ
AMg3AJFyI8k
AMqZcbXFSXs
AO6j6MFjdpg
AOSWCcD5CfI
APPzBxSj0LI
APiAcuj6fHU
AQ-WQsBuk-E
AQRWNZLatF0
AQSmBS8KgIs
AR7delCy1Pw
AR_oLOnnOfU
AReJO9oblc4
AS3S-k0WhjU
AT9DRxUozrE
AU26zwDR7bk
AU8iC5Azy28
AUXLfx_Lro8
AUyWayZ0zj0
AV6J3aCTNHg
AZ30TVMr3hc
AZdUY1l5IlA
A_Y29KMke_c
AaL9ZZmlh6s
Aa_yQpCGaMA
AarMovhmbso
AbQ_nem5mV8
AbTMjG4EbxA
Abmb0LzZMr8
Ac83VhWGT-M
AcNnIvZcRgs
Acf6Nzj15wY
AcfExs6MyBQ
AcrwNVJUozc
AcyT1Mw4aHc
AdE1sjr3gUs
AeB5qrU5_N4
AeEot-wIEjs
AeFu2A7XFRs
AeL-wbk41pw
Af1Iq_W9JXo
Afor01mXg-c
AgqPTOPgUBE
AhBF_BEAS_c
AhCY_vPjSyM
Ai2XoPk4UWc
AicLBtCefj4
Aj8WCPY_vP8
AjA1oDfTbPs
AjJJI1X-0CY
AjaxWSzFwB8
AkDjsv4REVM
AkgyU3G-EW4
AlJEfqPitMo
AlVdMokuiEs
AlhMRtHXzCc
Am3dHyS-WIM
AmSaN1ghrK4
AmbfSKngs6k
AmrLIPdeTGg
An1kE3MPtNA
AnwOwtrmNNw
AoYS3wcBMsA
Ap2tufJGp_s
ArmQ3KMfL9w
As5kD_oG5NA
AsDKpoaU-Yc
AsMbNnqor40
AsuZe-XJahY
AtBcOJBTg0c
AtbM5Ue7tCg
Atbx591LQT0
AtgPG-TwIyE
AuEuKGoOHJw
AuLZij5sFSw
AuOCAQq2Grw
Avp7KPrEDCA
AwsZK0lak2M
AxgQiGWAuaY
Axi23wjtSYY
AyGW775b2oc
AyvSYdJ4Afc
Ayxe4ZcxtOI
AzkyFX6k_NA
AznFhTBMcG8
B-0qnF3267s
B-meCZggi9w
B0g9gMJOcjg
B1A11tMEAC8
B1R8t-I9zTQ
B1efp7vBsNs
B1nWzx87tpY
B1qPt5H9lFU
B43ldCLVf5s
B49xrOeDm2A
B4CSrcEv1Jw
B4SEutudA1o
B4hvIq9VM84
B4p2_gu-Om8
B4poW6MFy3E
B73lExUwErA
B7osQFwlmlg
B8ICcZvjGgg
B8VqJobdj6A
B8id5xma8wA
B9cHk113Ly4
B9kxhBme8M0
BAGuJ-3zZ8g
BBMne8BbuZ8
BBkWbe-iLxY
BCRcm26hmXM
BCRzgs3UnbM
BDDuLzQYHaE
BDSRBwokOXs
BDSooxQ7GK0
BDYI0gx6Nl0
BDrfadfmP10
BEDlCII4Rgs
BEjgSRcIBh4
BFhlxxlmRlo
BG-Y9axq80E
BGMZkmGtWoY
BGUHAmgc9V0
BGWK9p4mLCw
BGu2_2Ks0co
BHBedcGtCnM
BHC71lcJ9b4
BIHoNKOVL70
BIPyRAkr_FU
BIYokcPbhoI
BIZPI6bHIb8
BItrGlnSviU
BJAkiymLF7M
BKbbb2gHElc
BKuVe8cA2Bs
BLaPgSJ-wB4
BLsMeOBkIGQ
BMRoAI4RYZQ
BNZCYc8BFrQ
BNlW8vIleB4
BNxCT1NWviQ
BOWgpn6DIdg
BOc1a3sOlz8
BOsJbKFy9c4
BPr8My-Q0vo
BR8chj2mt9Q
BRRq3p106II
BShFkPYG7gM
BUYARJQ3KnI
BVRj-HV8t_8
BVsULngXXEQ
BVujqA_w5fE
BVyr5bpnvLk
BWOX-UWdWTI
BWSFvLnlp8I
BWiXCnMo2gc
BWjRTq1jroE
BXCJ_9Kpr94
BXbG63zCD8M
BXwY9-wmhY0
BXztS0NFYRg
BYLjroIOTwo
BZ-TpKCBJNY
BZnZuVqo-Fk
B_d6hgCY22A
Bbhu3zbA_jg
BbkWDGUGk-I
BbrU_53O2nY
BcBVg2dLQqo
BcjdmCO2MT8
Bd1HjwxvnNc
BeF8AmhF2og
BehUhSzH6l0
BfRtDp4BLl4
BgHhXkyr-no
BglJQrSkAHk
BhD3MV0ssdo
BhUDEkDKNAQ
BhtV1tuZz74
BiRAf2IaMlA
Bicow0bJet4
Bj1DyALO37I
BlnmUYAXDEQ
BmSitVDHvEY
BnA6W0Dp5Ss
BnBRJcIS-Yw
BnRTfj2Nec4
BoLJqHlq26A
BorPPy2DrVE
BpTv-k6JJlA
BqZsqG_4H-A
BqgCGx3_l4A
Bqy5Xg7o9BI
BrO0aRMDSKo
BsFqaprKW18
Bt4IVC53q68
Bti2ZGfSopE
BtifzIFesEE
BulKz21iR8k
BvHXg5B-D5I
BvMvGA1Iobg
BveCSb86QnQ
BvrWpGIA1vE
BvzIQboZ4iE
BwkxS3LLSlg
Bx7_gmJiU54
Bxji8i8BGbE
BxvCHPBH0TQ
By0yEpGyjqM
BykROPF_sPQ
Byu7fOpvXS0
Bz10pe3UxLc
Bz6WMDvgmuY
C-4QkQ1CLAQ
C02jVfeJODE
C0I96NxKrNc
C0ehniDoEDA
C0wnvdpHa0k
C25WF-8rJ6s
C2Z-BNHkYGk
C3c7X-H_1mM
C3lD3IBANJY
C4_YqO086KM
C5MVF858k54
C6K5M9UI91E
C6v7zuJnKkc
C6y9iAHAaUY
C7wRDCzBzsQ
C8cLhwpRBKo
C8oqn7OlB3Q
C9LCN4lboxs
C9NodhzF74c
C9gJTLMdZps
CAbmkVXdDhM
CBIvfy_3l1g
CBjuGfWuK4k
CCOJkmdLl-E
CCohAdqUaJM
CDVFwDWSBp0
CE5behMm8Po
CEGzrtmQlrU
CET3K-yuRCo
CFnnjLmhNQM
CFsFqUUfEZA
CGDEGa4qo-s
CH5ycZkjVyU
CH8bxPsEyYw
CICHj3Hxb14
CIFjlcr7yz8
CIV4z3-9Ikk
CJ9Sz4AYnkI
CJMMzC05Dy4
CJN7IBSfy2k
CJXFE-78pgM
CJf9JCVFlko
CJxqSASJGl0
CKJguBGq9LM
CL2o0piGqUk
CMDUSqQJGKU
CMJvpH6lo9E
CMjqeDfLyfw
CN6FYMmwJMY
COZ_fr5csak
CQX4fwL-jCo
CRhdR680JNk
CS_eYJqo7Fw
CSgRYeBa56w
CSxWcZ46TPg
CT2qgNFDmj8
CTIT6OO40Yk
CTJi2ROBE5g
CTZa0qm6PTk
CU8xvct3wWw
CUmEAi3u7vQ
CUwkxomPCT0
CV0RK82g9RM
CWeCIMP4qpI
CYEiVH-GGuk
CYIQ15zsU6E
CYaWflqCags
CYjA-BRswsQ
CYu8tK2mmdQ
C_zyFTLd1AE
CadJUG3lf_c
CasuooLOwig
CcCSdq0m9yE
Ccksd98WryU
Cf13E-B6YMA
Cfb7k66Dcz0
CfmM2r8t7oE
CfvAzZgtZbg
Cg4s2VcAYZk
Chj5JNlcXHE
Ci7M7zvvwRQ
CiGv3GcRtAM
CiNGuGCMEVg
Cj7PtCQteZU
CjOuLL30Nnc
Cjo_fnBmKEU
CjuCaPCVXbM
CkOrO1rVuuA
Cl2wFrS_1p0
ClTblf1iYYk
ClpRSoIzNJM
ClsPW00gKTM
CltxQhrwyLE
Cn9vPUO2Krs
CoK_t2Md1oU
CoeAUZO_G9E
CpSJ2FydAO8
CqEmJDEn0ZQ
CqPiAdlThFo
Cqg3cbZ9xIE
Cqh5pHdS_Hc
CqiNPDvOPwc
Cr8ZbCx2SXI
CrGQG4U1dQk
CrL8COIA19k
CrnKrIXWRnc
CsP6gQFW2Y4
Cszy-qGv8pk
CtAHYPtyog0
CuBznRVRxNA
CuFdJqMc4MY
CuOAq7D1gYY
CvJL4Wtssao
CwGZlNh0w-c
CwjbNJCw0uY
CxHu0DH_lKI
CxMTkDZ5J4k
Cx_KYhlsCJE
CyRmZ5MdNi0
CyyFk4f8iio
CzFoNwqJ5fw
CzjD0v99LwE
D-MCq1QbKGk
D-y1QipS6qw
D09bvBe6hjk
D0DBCIqpejE
D0w7VL6Npco
D1Bs2e7RMw8
D1MvIb6oZmQ
D1WZpR0nvFI
D1g6zBPLviU
D2PxTbyFRIc
D3Yk2cuc2jU
D43S6vQ6XxI
D4iuDijjTrY
D4msXcr-31I
D68grLcTdoQ
D7-qlqMOYAQ
D7462uGT49Y
D7lNCc9MERw
D8IjOKFCuLM
D9XvEIgKsLs
DAMEgf7j2v8
DAPG0mZG0e4
DAPNcpJoj2c
DAQ1RaijMdo
DBCx39dXLbA
DC7EWmQBp50
DCBPsoD3v8w
DCBXgSDbgqs
DCX8D87gYJk
DCgeZ0_ShrQ
DEf3212-x4c
DF1kkhKb_Zg
DFgqQ7qqHZo
DGDasJT7gZ8
DGKFQ66scCU
DHyW47nUSGY
DIQVvl5gv3g
DIX4PjWqf4M
DIZAricjzps
DIccCE46mXk
DIn8r8b02zk
DJKfSJYSlPk
DJa7lEiTdjM
DJm87ptkRZU
DK33lp0sZEw
DKVMdWuMPcg
DLjxbGyDFnA
DM20WVKxU7Q
DNXdtur9QP4
DNfAnNVOCyg
DNyBZ80t3jQ
DOfnhXbLwF4
DPJQaNmkmUY
DPl8noZGAFg
DPqtc6jXv5Y
DQO-p6V4Beg
DRtQx9Owj7s
DRwrL4yninw
DS2WhM0VkR8
DSIV1GlHbi8
DT3sl9oF54Y
DTA_VcIZB1g
DVh6CQBgYUo
DWQCTzJzs8s
DWW_UyB6f88
DX6BQzzJPjw
DXRSfZeazSw
DXaAx0zryCA
DXoMK4ZyfzM
DXoqjJ8oLFI
DXpt8psbhuk
DYiJVZX5EdA
DZpBo2Co-1E
DZvIk0rxmfA
D_A44ppk9s4
D_z2ehzYfdc
DbCNQNes-Gg
DbEj7L7oODQ
Dbn1kwPVTUs
Dd2UDpTBvvE
Dd4wudKo9qk
DdXIdW8V3I8
DdaaNHRDYzk
DdbwQUXLFts
Ddr9GsyN-zA
DdsBLfb9x0w
De9MbvKLv7Q
DegeiGRLdgU
Dfd-zZs0zQk
Dfpzdp20RCk
DfrfLfDj_h0
DfsvHbxXGKc
Dgh7F4WP4gQ
DhCEB58k0QQ
DiGa0x8np-w
DiGqEnvyqjo
DiWYqSBngD8
DjCgEcGg8Lo
Djkfu-Jj-r0
DknLXmLBKLU
Dl9uPLNTA1s
DlEAPJSaHLA
DlEPAzd6Xnw
DlYWqNMg1B8
DlcA9-XbeyQ
DlhZshGPSEU
DlkgNwQiIN0
DlpB87Vj8iw
Dm_ployh-yE
DmmGMhlAjvc
Dn2c3knCM5g
DnWur0_xiYs
DnYy_TqYK2Q
Dn_5HMgsvYc
DnfbTtf0DWs
DoOeOoGfuac
DoZ9yleyev8
Dot654W1O4g
DotFGYERZf8
Dpt4IlE7kwA
DrOPtROqMFE
DrP6zZCJH58
DrbkAtFcsEY
DsMSyQyeGMA
DtAAf6N27lA
DuM5pBJpP5Y
DuRhA-1iKyA
Dvp95oE0tJs
DvsQFfHODCw
Dw6I-cPniq0
DwUjd-PTOcY
DxjApLFQgPk
DxvlwnxmsKc
Dy6h6cCahT0
DyWblT1HjUc
DyXof1oJl5k
Dzi8Y9Wg6R8
Dzwp-eyfDbg
E-4mlM9zd-Y
E-NqcN4Gsfw
E-UndX0kGcs
E1HUWAzAtWc
E1la_ttKGZI
E2IcSo6nkSo
E2MYutTYb9U
E2XSMU7ND5U
E2z1qVJhsGc
E4RYoEqMYU0
E4TRuzbD5As
E4_-SA8iEY4
E5Lvi9u51x0
E6h8CP0Qo8M
E6hs611AvkI
E7kuiec1OTI
E9tH5fv7Ezc
EBKKp_RLzr4
ECS0eqZO_BE
EDHJySGdL3A
EDMI5Sjwl4A
EDp-gg0w0Uk
EEpiWoHWDe8
EF76MTanv6o
EFC5f8kgEbg
EFmW3R-rmEQ
EFqkG-kaVJY
EFsZZq_cT4Y
EGBZyiSqxxw
EGFlN3L5fyc
EGG6nfv-JWs
EGS5lmqlx28
EGX3SDkVjDU
EGnugAONS4Q
EHsIhv3_k8c
EHxcEzTmUg0
EIlFTLx37Kw
EJ5voxWAY6o
EJxF8tlnCyU
ELjxQQNAawQ
EMEKzcNGzvA
EMNYvO8NNFM
EMpq1_SiFzk
EMs-gDgYls8
EO4DqYzyGYY
EOW3X4BN2cc
EOmGueYOkQA
EOubkk_iUWU
EOyqjUzFa90
EPhNsUv6p_E
EQA3cBQbIVc
EQe6KgHcrxE
EQqAThSbMwY
ER93MkqgZ90
ERQwh1-Ri34
ET89vABqq-8
ETb2HcTnlJ8
ETe43gLLmyo
EU9XUwB4GFg
EVK7-Fn3ln0
EVYMNkdDHI8
EVjXoVtAPzk
EVqWWiiQcHw
EW1Oymcj2ds
EWEvmqAcfzA
EWkFRvhazl8
EWtKAiujk_k
EX1rd_KBVKg
EX8c7zfSNzk
EXIZJcfOoVw
EXdBshr-8e8
EXwVmj7EVgk
EY1iroQfSfI
EZN0wcXDzyI
EZY-EUhqO8I
E_CHYmwRdoI
E_JO_lBb4wU
E_mzGTcJFJ4
Ea8bxPGGegU
EaUTvVGZHvo
Eb453z5nJoI
EbOhgbHss1I
Ecfo3Db_VEM
Ecv9Dz8BtLo
EdcXVfxtKz8
EeiYPGX6zYU
Ef4XcUEuSNo
EfJF32V1DD4
EfRTqTkRLic
EfZBcrnvNQ4
EffaFNfD4Rs
EgZLZ0tHWQs
EiCAGZUb6x8
EiVl_i5koLo
Eiwf0HIcSo8
Ej7Nv4iKAbU
EjC4nU7xzfA
EjHztX9H3Ow
Em7eHrUWo5M
Em9AgpyZ4Qc
Emxy0SsbjcA
En-Cenfo8Po
EnETzXL03XY
EnPHk5FNmh0
EnqOt2XDXWg
Eo1_fSvYM2o
Eo2K5hjU46M
EoW40iUODFo
EpUy0WPfsPk
EpepPeQC7S4
Epv5BDzOQro
EqMyhIEgAeA
Eqg9u54hufc
EqkCRkbQwXA
Er-WX4y7daI
Er9FkBx0wAQ
Es13kD32tWQ
EsE14rzhBPc
EsR0iUnFhlw
Eso9UUc2CNI
EstfgmGhvXE
EtD2kE8f8mE
EtVfORdQZiE
EuIVFNHdPok
EuLODwLMbRY
EuxPtlyyIno
Evk51Gdmxc4
EwPm05EXxxE
ExFLbMKWzs0
EyJSBN1T6T0
Ez7C0uLu1pY
EzYfYeboNuk
EzoFwnJxKK8
EzpCkdyPj1w
F-WpVstyWBo
F0H-KM5TEdY
F0sRPNgwUxI
F1P3upAVmiw
F1UYfBynfoM
F210YBKWmvg
F2C2tS19J7k
F2CkpF16sbA
F2hqr-wd0qs
F3ZVGc3vhLc
F3j4ncHsPyE
F4F8FeMwe58
F5QRBPWeQ-w
F5Yk-cWQc5c
F5nVAiTKFAg
F6-QfOBYnhA
F6oAr1Ppwks
F89jehuq51M
F8DVcm6jIuM
F8I1Z0ob0iI
F8XeG__WUi8
F8zoiLsdsGc
F9Qvga9LDoA
FADLZ_qfhII
FB08oeBuxUA
FC0ub6SECQQ
FDtDQ48SC58
FEQRJGOZcrI
FEWQog1N5v0
FF-To56eli8
FFQ_wHkBvV0
FFfWBUcKjwA
FGGGsjUVku0
FGOz53QOGFg
FGQjgf9oBnQ
FH546Pvw3ZU
FH5_rVfsY98
FH7AcMHorF4
FH_EleaWLyg
FHzg21Tq28g
FIeV9xGLsHk
FJmW4DgXHRc
FM9Kwo3uQlI
FMIRJodeCdE
FMrcwgi3DIA
FNqi9rMquvo
FNxF55pWoc0
FO0xcWx6p7A
FO5Q-mTAJBw
FO9FaMaQpqs
FODmcgOa3N8
FOFgPCo4s_w
FOZCxPTXB4A
FOkkkQjrYOo
FPuqMiJEubA
FQnZ6DoqlUA
FSUW6I-W4Zs
FSl92TWQ7Cw
FT6DdfTARhU
FTNelKvO1x8
FTOoJeVmAvA
FTiKQRYybP0
FTr-o7N6Jc0
FUkm80YYdfY
FUqM6k_oZ_0
FV5dohGfguI
FWD4gefdp5I
FWTXUKZ4bRs
FWqy0chW-Q4
FYVxS-7nnqY
FZHEalwwJEs
FZHbKd0b5rs
FZPUORhdmU8
F_A8HUBXyWA
F_q4pyCZoAE
FaYgvAreOw0
FajfABnYZKg
FayxMnfcXK4
FbNFxQxMFbU
Fc9ZYtz9a0o
FcqKfRsL70Y
FdD-3mSyQRg
FdYeqvx3uBs
Feua1K8tSok
FfM2NLmAhfY
FfjoqpUr7G4
FgHNulyLTR4
FgWcuDHzxD8
Fh3UdUIS-Qo
FhOSXq7ALBs
Fi3vykLmAuo
Fj-iRGFvueg
Fj2MTixTbQo
FjCZrMh7CYM
FjKbaKz6Wl8
FkCPxsMjelo
FkYC3QhwWzM
Fl5VZkBR0NU
FlF3voFO2dk
FmA3LTW8yT8
Fmo97J-gmhI
Fn-9_2GimtA
FnWjJIPk5_Q
FnxkCQCPvsw
Fo-ksmIx36c
FoMSD7dUuuo
FoX_-8M8JBc
FonHHyMrh78
FpBb3HRo_vU
FpVpmb2ZT34
Fp_OvB0_fDs
FpwhLkIrOb0
FqbHmf60RgM
FrGSR53YK-Y
FrWs7yE-iCs
FrqbUTbl8As
FsPyWGdEy_Y
FtC8EoXHeDg
FtJ7Vhg3fms
Ftj7iNB0JlU
Fts72SoReOo
FuszfOY_8bw
Fuv7oY1llhM
FvTvBm-Yifw
Fxj5a9nQppM
FyGtQfs_amY
FyP6UE-MQrg
FyjpDgWg11g
Fyu8qOMFWEA
Fyx0O_awBio
Fz-7kWqbI30
FzA-2RKzBhE
FzdA_sPVoPs
G-AKua6zKTI
G-kTpFfpi74
G1XC3cZiGyI
G1Z92eCmsiM
G2Pd5Ky7L_c
G2hiQbg9xDI
G2ifQdHuDRQ
G2ljzUmlCeM
G2rxP3tGoi0
G2w9B7up7is
G3hb4S36YOY
G4Jmja6eGYo
G4VGIGbZKZw
G56d4kDPe78
G5D8k3o77WI
G5NAndnbf_w
G5YLSYa8MMQ
G6JtduclFDE
G6Yu7njMspQ
G7fp7Yyta4Y
G92NINdT5ec
G9e1mbFsiUk
G9lx4nr5Um0
GA08N2g7Mlg
GA7zUdQv3Uw
GAJkn2YdSE8
GAz-JHdiN0I
GBWIOcxGY-s
GCZWDwZhm5A
GCif0X2DvK4
GCseJiZzlow
GDDAPqhxtMs
GDJrDlph0mY
GEV6_7qkRDo
GE_faZd5u5k
GEjpKf_xock
GFAB7yefEU8
GHOD6QQ3sA0
GHgKZO89dyo
GHm6TJfooow
GIIOhr4-u_8
GJJwMRpbhZU
GJXf3R50jzc
GKs7QNH-wb8
GKxiYO6QO4k
GMToEy3HfPw
GNqMr2CZWMY
GO6CR_Aw1j0
GOb1ZtbuRgM
GPItVhevyDY
GPSBLynqZ-8
GPYY8iIDHSQ
GP_J5qgV_jY
GQCDKb97kGI
GQD_u2gw1lI
GQZfiLH8uqk
GRbRE8Pi1Rg
GRvbYZHhJrI
GSnFxZGZ0F4
GT9oUqaFKUY
GTErGRRBszA
GTSCG-ABpJg
GTfEU347-Tk
GTjlsqE41_c
GUZkSyHEfdM
GVIcN0O2frM
GVbhJ5gi2jk
GWBDCQrUXVM
GY-k9k_2n9w
GYgnf-PIxpg
GZFoR6hklAs
GZKdMNTVDzg
GZPrZDcmdx0
GZdveFQd52c
GZhVO9zdr5k
GaHCJLXB_fs
GahfEs4GIGI
GbJe7pU3Zf8
GbL2isNfxUQ
GbwA9S3yWkQ
Gc1mZToeeoA
GcG3OgdLw6U
GcY_UZu5_6U
GctcMG6hf1Y
Ge30tSnmliM
Gg7y4NRBsuI
GgCs5JqZE_s
GgkfDtHLSEI
Gh3JHG__qsU
GhJiN43n4-s
GhMXgafc3Pw
GhaO6-YWi1I
Ghaf3XWVcHM
Gho7iNqaY34
Gi4ehQy4S2I
Gi5hRs8ij58
Gifi6w_q5qg
GipyMfjSBlw
GkLoTK6FlGY
GkULhbJO1PY
GlCp72FKsNM
GlMD66tEo3k
GlcNk5zY9Kc
GlkeeJ5Dq30
Gn61RP4uL8E
GnERMgiqegg
GnK8TA2NXvc
GnziGcucvDw
GoDIDLor2ME
GonizpEjFNY
GowghL5GIl8
GpLYn3B5zXA
GpOVMss6IvE
GqzRPkxpsgA
Gr34r4vYpi8
Grnlj1ids5Y
GsEIjiAVNVI
GsLFpIjV7Yk
GtINOgHTLck
GtfRSJsww3o
Gu-KTtQlYl8
GuOXIPQ26uc
GuarSz5JRwY
GuzFl4Psbig
Gv6F6nXYMAg
Gw4VfT4QOiw
Gw7Ntf-wrn8
GwxaqrrqGFY
GxTfSfzDy38
GxmV5q8wG2o
GyDGlYzp-ZE
GzXXRx-B-KE
Gzxbj5Cerlw
H-Me18a06hU
H0Wun1BBWQU
H2-EkXaHwsc
H2dkGL8cI7k
H5PDzTWA_kw
H5rzezbUNFQ
H6RaGErQh4E
H7f1hwJa_Ao
H7tYnYV-LYc
H7xeYZ4TnMI
H8TCzxBWFUc
H8USvQWFCyk
H8ofPCyZUI0
H9-ctLRz3TQ
H982oSCMhoE
H9sEkHWvAeE
H9uwuZiYXSU
HAPetgkqG9U
HARionlQ3uA
HAe7If3jld4
HD1NKcaGqcc
HDBk7HTs0XE
HEAkRqJmf1w
HEKuz9ukxWM
HEOiJ23Udsw
HEmWNMh1HnI
HEnL9Stcsfg
HFRW--QWDLk
HFVOsbDIpsk
HFmGafMsqWw
HGYxAZTnIJc
HGj9eCiknsY
HHRV72ticrc
HHuCbOOPd3Y
HIDWopB9L1o
HJMr7-MmkPk
HJ_Y1e-SUjo
HJnDPnMYT-Y
HKLujoGvqrw
HKQvU2sCWnQ
HKaf6tle2kQ
HKdISV8T0QI
HLC4MNzVw3I
HMJpNYuw_Fg
HNYMxVk-4kw
HN_9jEDF2l0
HNqRkfML6ck
HQ8fvJOy4G4
HQR5aCLj7VI
HR2jWjTb3tk
HRD5QCDt46A
HRTgRfwuV9c
HRiKgEp5Eww
HRmykRjbAds
HRsXbX15_Aw
HS2ZMeAcJes
HS2g1-co5DI
HTPkpX8hWOA
HUEyD8MlBQg
HUJ6GOyX4D0
HUWKtAFItmg
HVOy27a4aG4
HVZZTiDNt6c
HW_adOT3iK0
HWeAgWpwGJ8
HWhGLoqa-Mo
HXzyb11TifA
HYHKWPV3Rjw
HYJpefD4mLA
HYMOeM0p0-w
HZal96RMjx0
HZve-sqMzec
H_WNzAup5fE
H_jNnZWNyA0
H_mzJLoKT7I
HaI9nwFq7kg
HaYpqaBvHqk
HagInMzLxno
HbhuXpsenAo
HbkGw-ErFFw
HbwpES96SMM
Hc8cXA9zhX4
HeGv1FV8F_0
HeJIsHqpHrA
HeQvWoJyuBY
Hei9n4vXKqU
Hfv2ta72wi8
Hh0RbLc4qI4
Hh7M0kJ2n4Q
HjcPTCcSUTo
HjnJvPh1uAQ
HkDTyreLT1E
HkOAS2214G0
HlX_0s73VSE
HlxlyEuS4fs
HmFYJqdVjqo
Hmbe7aU6Kzc
HouclgABeCk
Hp24GIPu9JI
HrFe9-Iflq8
HrVWDvynUes
HrZM_YHWFx0
Hrnk81XRCu8
Hs8TeP4lI0g
HswjtQ1k6CQ
HtFKbRL_yRU
HtNS-tPU71w
HtvSsj2qDgE
Hu8ocLI-GGQ
Hurn_F-Us_E
HuxkTHeztiw
HvJb9HMaJNI
HvgBJWiZqsQ
HvpNcTNkMhc
HwkSlyZzR34
HxWTC3Hh1M8
HxYnYFtHscc
HySicMwvERY
HyWQMK_i8_I
HyYLkkT38q0
HyxkB3PXUKs
HzJrI97eyvA
I-BJYhxPwHc
I-CzcohGn58
I-Dn5Vecfl0
I-Ifd9huG3w
I0d-4JghypQ
I0eSfl7THrI
I0hy5DEplmY
I0xCtmZPiU8
I16w_WjR7gg
I2D6BJ0hfRY
I2Grg3R2_9E
I2KWFxmWURY
I2LIBaNs0ks
I32ykWuguYU
I3adm_2Tir4
I3hd0jHAVfU
I3lbHxwtl4o
I4aLi8QgGT8
I551P8OzVOI
I6Y1fcgiDYg
I6hAj-cQSEw
I6uEuHyaWAE
I6w1lvls_kg
I7BxnVFlXww
I7RyDWJHEc8
I8TB8AEC1hA
I8aiIrBP8zI
I8koBEqcw6Q
I9RKmvdw6L8
I9pzD2ovVPk
I9rVtepJLf8
I9zMXDVrj9k
IAOtkM3_39M
IAPFf7W4S0k
IBkONupJrlQ
ICYdSjsCYNU
IChWF3lQ11E
IDqn1XgK10c
IEYLbyJRHzE
IFpAPdoy0U0
IGBmr6XmWB0
IGeiChZUcjE
IHXIailxDgI
IJM_OH8ju4E
IJV9hDILurQ
IJf4Abssvdo
IJovdXidBOM
IKFDk27WHCc
IKs50NQQ-B0
IKvr1Wv5lkM
ILBjo42yJ9w
ILNQ9DRPNi4
ILsm3wjSm08
IM5RuXktMWM
IMOqDG5sRMI
IMw3cXcYk44
IN5qzuwgxC4
INNjQ5degK4
INQfQf2jA2I
INVekcAE6DY
IPGRPkOXKK8
IPRHsqicnxg
IPfry5Nv4Gc
IPqKRbxqNhs
IQ-NtIBkGXY
IQ2N3WQRlf8
IQ9_dENZqs0
IR29jRrOKy8
IRG3dwPRGTc
IRXb38H6iM4
IRi95wuAXDI
IStpfq5VAXE
ISuZvMLjmo4
ISzNFnBUqsU
IT-M0KRyiAw
IT6yGg6AglY
IUR-YrG6H_o
IUVBVDFgZ1Y
IUV_KYLh5UM
IUXPH8UboPU
IVcM_whPDMQ
IW5iBj-0F2Y
IWRpCiO25Kc
IWXPJjjMUXU
IWr_Af8QsPM
IXtgoLVkY48
IZKQ4vO-Zco
I_2_nIsDHg8
I_jzkNNJdzc
Iac7L2DvvbM
Ial3xoApyOs
IavuAt2SqqE
IaxbSKE6AyM
IbfH2muguJc
IbgM9nSeRXw
IdhiXqkBU28
IdtFz7ChWy0
IeY2xIdXAr8
IfQOvcohvLM
IfS92Rbu53o
IfWy1fPhL0w
IgxiXRJ6dQI
IhTOXiozNrk
IhZUUwGLt20
Ii9YHAFCjtU
IiVdUADPLcs
IigJJj1uzJ4
IinPAgKsG6U
IjtyXmCYCEQ
IkRZh-NnJYQ
IlsoZFfyGmU
IluA1-_H8qU
Im86klkXXjQ
In65zSa4EzI
IoxN28imUYI
Ir_ETQ_4rGM
IsOYRlRS6C8
IsT6De7qiDA
IuRsf8vJAVk
Iup1zmg2pKA
IusutQhQmDQ
IvMgUXTb1vc
IvPZJcr4cg4
Ivpb9TREXxc
IwD2qs4Ho2M
IwMNZp8Axp8
IxgUmgr55Zo
IyEQk7qVOY8
IyFMeYsOXkQ
IzLjSki9ZAI
Izq52fJYgSo
Izv_LPLFO7M
J-1_0UynbvQ
J-Zva293ubw
J-cjJ7cZ58c
J-mp_G_babc
J0B-gacxMQk
J0G1LAW4Pig
J1ZiLpv346M
J1aYOcpdEfI
J28p7cEc_n4
J2B1kQ9mKQg
J2gccl5I-cs
J37o0BvZoCA
J4BRy9xNaxs
J4C3O31p4_s
J4yGIGg8ClI
J5RQ-vQZvQE
J61e_GbJoYA
J6inmDpVH8U
J7qcT3cgR5g
J8F7V9s5XeI
J9IdIBnVjFk
J9UTyRpJ7WY
J9iPtkqpXl8
J9kyAXEu4K0
J9pyYrhm2KM
JASOycr6t0U
JAa0blQCJNI
JBSksACcR5Y
JBWxnX8qXS4
JBX8CN3eWRk
JBdXy7WY-f4
JC6nYuNSzx4
JD7Ls9eSjSk
JD7SLBoL9qU
JEQejnxZpdU
JElJQkABY-E
JF-bg8PRv-0
JG37_PFgGQM
JG7t5yxFK2U
JI3XuEX2htU
JI7zZNV3JzQ
JKI7eoEPT4U
JKRuBiIH8mY
JKSivXMYjyM
JLmwXHWe6ZE
JNM1w0qc4d8
JNXz7MhYdSw
JNfRlM0GmMU
JO6DNy0DBGk
JOZkzJCAcSo
JOhpJKczJ08
JOm5O76HOY0
JOqv0FxToVg
JP2qls8z0WE
JP8j-YpAUxI
JPb6eVB5FLw
JQRjXYVCjL4
JQmp6iKTPbc
JRM3QZxa0Ac
JRQJnkTCu9o
JRYnUe5E8ZQ
JRZlIl-I5OM
JRkVagSffyY
JSfaYrQKuvM
JSi5UqrwBts
JT_95T2DucQ
JTpzbSNFsvE
JTwikVjcgLE
JVKlVaHmUlc
JVNJ7Izrpf4
JWPBFVX8cQg
JWSAG-or7Es
JWiXLaJkP_4
JWkjsEMrSRI
JXai_iaIEmY
JYqNax-k7FQ
J_3SfClDMyo
J_kqVebpN5g
J_mGlh3HfiA
JaJ4-SPN4ew
JaUOm-UxrVs
JbWl1tIA1JY
JcMps5JXjsw
JcdDn9ddVQM
Jcjj-4Ypdik
Jdsq-0DoE6g
Jem-g0jctak
Jf4wz9Vr7cs
Jfcso3UZSIQ
JfjBRbqQzpI
JfjIZw3hpWg
JfxRugHel30
Jg1FzIs67gg
JgknjIAgwMM
JhqeS9nHyAA
Jj_TYO3YtfI
JlDAHngOs4A
JlkpTy_Ubvc
Jm0TqNy5eLE
JmYlWPkNL8U
JnHQjNWz2yI
JnJ3qGc1oUM
Jo48WbMQjvc
Jok-ElqlDTI
Jp8rUEOFS54
JpGPeD-4Q84
JpvJWaRaO2M
Jr9IWHVmdjY
JrGWGWOOyq0
JrHuoRInv6g
JrY-EP2Riks
Jr_LKnJVw3I
JsePxI5hCkY
JshQNJCSOSQ
JsqE-FIxU_s
Jto9IjxynBo
JuWz6CId1RE
JueFbExUDIs
JusRE49MCnM
JwCOkWgBegE
JwuVPP0OHpI
JwxjivEpvuk
Jxn0ZdTiAc4
Jydtc8fNWM0
JzQCon0ji8k
K0gfybSYvaI
K1AD3sqUleQ
K2BRpafDv3M
K2bCB1Ly4p4
K2gAjf_No4c
K2rdm-OQdOY
K2vRWm1fXF0
K3uF3EOD4eM
K5h-NrdBwoM
K6-7YiPy3zQ
K71q7ZqYcuc
K8JkzIw4Ue0
K8UoecNAgYk
K8jbPHEIPB8
K9ISLEwPKm4
K9St92t6yTM
K9WPTtXpVR0
K9wagGW22so
KACo9baEc3Y
KALYXb8qZ4s
KB1yJjvKzTw
KBA2cevIVCU
KBlchnIUOeY
KBoagXIfXNM
KCcRAzCcg2Q
KCdJFieEiPY
KCpBOrhaz0g
KD-_qbRWRdE
KDKYzd8EOLc
KDtSvTDIcgo
KEFuSdh3r9g
KEfTF5UNovU
KF8xv3VM0p8
KFa0chEtapI
KGEZcydXdak
KGQ0jQ9L9N8
KGRMcrQh_Yg
KK7hKAwghr4
KKMuIRByDwM
KKzQQPEn0H0
KL49VOHWf6o
KL8MS53yQ_Q
KLE0bWtPTEI
KLFo79kl_sg
KLH6M0-nBUw
KMDdHV6Xnac
KMVOUmFrsW0
KNIofZVh7v4
KNRSEl29p9g
KNxp8y1v5ZA
KQGus9tjNjY
KQ_L5QjBFKs
KQhBuZ3dO6s
KQhoSyj_kZU
KRKePlwm830
KSgTdVNrMnE
KSr7SvffJJY
KTSc4P0bIt8
KTY8NiiARoM
KTset5uE5o8
KTzuscSIK0Y
KUGWnOA-72c
KVPsgFihe6A
KVROWkIGCuw
KVaPCsO4K0Q
KWxCKwFLwBg
KXXDgh6FJ_M
KXlHM1Pe5Mo
KXqyFUzVIyo
KYgKzdIrXEk
KZFwD-Hdn5A
KZxCV09tWJ8
KaW9rdqIM1s
Kc1AIDiYBQg
KcZQaw99m4Q
Kcbag3YMlUA
Kd0JzFF8QxE
KduYjDx_Gow
KdwItP8hxOY
Ke8UESgIlaQ
Ke_l86ZLBGg
KexF_b03dew
KexzTZ2jVXQ
KfsH6hQNo2g
KfySlZS3VTo
KgFqCJe9gz8
KgOKicTfWh8
Kh8qMym21gY
Kj0wjV46PZU
KjEuwHJ6Kmc
KjVq3uNYBPg
KjvY5uGI-rc
Kk0H2pDSoT8
KkIk3SLqZr4
KktESnqKng0
KlBahWDKM-M
KmVa_h-GRNg
KmvMJmcwmBo
KnXhXUETC0s
Kp2IL_9qS18
KpI2z9vljb0
KpaHOFgFvTg
KqgIhECRdVg
KqwgaOX9G2U
KqygBT8pmiQ
Kr34a5NKBMg
Kr_gGgpCxxU
KrepfvH0DAM
Krv2ShoYDtc
KttjnoYamJc
Kv4zBtShd4E
Kv6_xT7rS2Y
KvWIwefLuk8
KvhcwqY6BEs
Kvjelt6CjVk
Kz6DEtvfgqA
KzLjuggs9Ko
Kzr3JA9hYAg
L--eccEDdMM
L-B8OHK6YNY
L-W7CfyO7co
L-ZU8JHnICk
L-mFro1fw9Y
L-vHUlw5v2k
L0mvPSwAXJg
L0uvrLeITmA
L0x7NyLaWD8
L2ruESBcuNU
L2tR-jH5trk
L2xi7ejxeG0
L3CWV2q3V2M
L3KsiuAVcEw
L3Vbsn0H_wo
L54WW4CyeLc
L5tlhNEdhKc
L5vFUvq11n4
L6n5Wm92r1w
L7-X1M4xMtQ
L7FsAfGuh_U
L7QXWMb-49g
L8LhH2vCiXU
L8VyOlUL7rU
L8mTaSGeQYQ
L9GYHJkHf74
LAUg_2i_2xA
LB4d9qZXCIY
LBvK99Jv81g
LC0pe8_b8Fk
LC5XvDI1eSY
LF7mzQNIbIA
LFHOrhch0VM
LFS7imWaot4
LFz8SpSzVP4
LG4MvIkRLuM
LG7UybA720Q
LGiKWt43K5M
LH83dsajyEA
LHJV-JwOzTo
LI0fX-ho_oo
LI2pPjf1LAY
LI98ccjH3aE
LJ6z_5ocXmk
LJ8rvkNCceQ
LJkSrOGzI9M
LKZ4zC9jKi4
LKk-L2RlYjY
LMCNm7ooYuA
LMCPUdsyUSo
LMEvt83LK_U
LNEmnXBoV4Y
LNac5YZqETk
LNd0dxSNWqg
LNsuEGJDJ5Y
LOoPHYiFJdk
LOsTPalOr0M
LP3h8RbQtNA
LPP7uEzwz4s
LPf620rLYtY
LQJBMl27rH4
LQddXlhjDag
LRdbmUo37XA
LRwRVyUj8CI
LSCZh0v1_-E
LTQg_bxPKUc
LTcxyWHsOho
LU6m1btjFjU
LUe-eaHQIJ4
LW1BFJB4GzY
LX9FA6P1I0I
LXgH7uNW94Q
LXoy-5MFcbQ
LY0i8_-wWNs
LY2ihaIVpuI
LYHvMaVAce0
L_KT38DkdJ0
L_O0fHaoaQU
L_hQ3a3tGSI
Lb7cZqRhqG4
LbCiHWbO6MY
LbbWhbRilnk
LcRLHsa0XiE
LdHN166mJGk
LeAzK5r2vNs
LeEJlTsmNy0
Lf85K7lff3g
LfI3vDJT3eQ
LflKJyo427U
LhEt1zDL9NU
LhlRYdvk6Ck
Li7HrAAh_Ho
LivyJc6iJoU
Lj-6PXoeTl8
LjI_qvpSxGs
Lka7KVgfoGk
LlFHxQf8oQc
LlfY5XF1QdY
LlusTNF5Yco
Lmi_8QoNt7Q
LnOJoSIa44g
LnpW99VJwuE
LpCqWgTar3Q
LpOnMjNX8ls
LpWvSqbZQWI
Lpjfiy8-tlk
LrZGhJkr_90
Lrkc58PTaPo
LsusFGhzkJ4
LtGEdfythbw
LthzWyBdPk4
LuArlZM-wdI
LuedDyOVsHo
Luh1Ocjeiu0
LupZhg6SoyU
Lv4dinJ2fyI
Lvx4ELRZFOU
LwkjCh5ADos
LwmrtZeZZkk
LwnF6Joxido
LxHyVpUi6OY
LxKpFZ5YMv0
LxOLnCWsTq4
LzKw-BDEWrE
LzMORQr-WYc
M--g8Ffh9Ag
M02F2sI86F0
M0TFGka2frw
M0ev1pNHilc
M1Lna5gL1D0
M21LoyPu5DM
M36MiP68F8c
M3orIbQ5AEE
M3w3YbkekkA
M4TahROq2Oc
M5gYW-JcnVw
M6Pqhz3qkpU
M6_p1bkPuzE
M75qKaeAvJQ
M76956uDSQw
M7L0-iueB9Y
M9Gzig_9LZY
M9QeIpslDAw
MACxCo3vJv8
MB6mjpAz_pA
MB7JOn0edY8
MBVefZtFCkk
MBm-Tsy6JUg
MC7iaWKdDRk
MCe36BBQVbQ
MCmmaJ21x8k
MDB4tAMthHQ
MDO9YI_aIo8
MEAz-YmtAbA
MEK14jn7x0A
MFJops-zuqs
MFeAlgqRPEU
MG59Hame910
MGArHHs_oHY
MGu53MS4VeI
MHqWwRyfTUw
MIabDWqBKho
MId9TSsxJko
MJNESUcCt5g
MJXhmV36vuc
MJgRxO8Bt0U
MJldrNXDajM
MKb5MmG3xvk
ML_-lTrpQRY
MMGzw0qk3As
MMdMRiXUQUw
MNK_y-6KZE0
MOHs2yg3k1k
MOQbbPzG3so
MOe5oSn76OY
MP7qQbKFr8w
MPtaYDKXaH4
MRokCYJ5V3Y
MRqqlA0mEXM
MS-xiVKgr1I
MS1tipKStH4
MSZ3C0OIceE
MSmrBLAdbN8
MSzbwQ81KAE
MV6k2SnMjWM
MVGrUa_sG1o
MVKU08ot8WM
MVU6CpQ8xCs
MWA93i9jQ48
MWkCKHHDYmk
MWxT8qj1G3E
MX0YNq5lxVg
MXpfF25vxYY
MYm87gjMAgg
MZ-Huz4cMy0
MZmzSavKpw8
M_7ofxDhQc0
M_oMFW_ENuU
Ma6BvoR7vyg
Mb2XCiWl8ww
MbeHBBSBK_I
MbpBxryKGVg
Mc530H8EEL0
McnWAOPQLUI
MdBiQ_UJKJY
MdbFYU19pb0
Me4I9maIf9M
Mf-KwMnT09M
Mf7-mwHFHeE
MfCbl8ahPjo
MfLWOxJeIjs
MgvUxhvZo6A
MhGvBNdrbLE
MhdMH-K35tU
MhvCnCMnIag
Mi-JK8IKDzk
MihzOdMiVQU
MiqkbKhqP-0
MjCgR9f_ASY
MjDT2G_con0
MjTlfpIoWjg
MkY7Aweohso
Mkbgx0GCHIk
MkkZ-OP98sA
Mkweq8FWazo
Ml0RbKZVKr0
MlLRPO_9q1k
MlTxrIDwIX0
MmBLWecMPvU
MmdwIt8rAYs
MnshsyGKvdg
MqRvvjKCVNU
MrA4HzXbDi0
MrtKhXHVe_c
MruwOZ5xDVU
Msb605-jXfA
MsxQ3KT0K7o
MtEril61Vqk
MuJSK2MQmC4
MucYfhlMHvQ
Mv-wExeUh7Y
MvIefcDXwXM
MwETTRHd2XI
MwTExf-pykM
MwcxlKcu6V8
Mx6plQiKktg
MxG3pVLohLQ
MxUudzKffyM
MxzonxCeKmc
MyAF5vzTu3E
N00daUEjTQ0
N0BuBucn23c
N3P7PktdYLs
N4WEKjAhaCU
N4ZkC9_elno
N4dc_0adu-w
N4kXu1W6vIk
N4vwJcXDvVs
N51DqoPIZ1s
N56ps-HlLIQ
N5y7_WXAeZY
N6pz1Z-Bjqc
N6u22z72omk
N7s4tfuR1iE
N8V2PZcQN8U
N9AZ7e60sb4
N9JG3LHq4PE
N9KJHypH_JE
NAwCXnX18oY
NAzNCzwMhgQ
NBp-iQlC6F0
NBrEIxT_U9Y
NC3OLmZtHgU
NCkywNchCVk
ND051goH9WU
NDaMSUvtugw
NDboBlwQp5w
NDpq1z8jroc
NEd0h8Ulnaw
NF0TZCP0J-M
NF4RmLYDJcQ
NFYZ7AVJBfM
NGSSiAvgCdQ
NGTrju11Kqw
NGk13bSt__0
NK0hT3lYLT4
NKllU3AlHS8
NMK7vNzA2gU
NMSln48KlkY
NMZ9KH0LfYc
NMeOwfkIa54
NMriYu7Pq_E
NNLzKP8vgs0
NNapCPeZsuA
NNgWd053Fw0
NOGeUqNqH1U
NPaM7OsCIBw
NQli4aTDdSE
NS-kAAXy3V0
NTZKL8-I8UI
NTdyh1OhPO8
NTs4Y0i-6Eg
NTy3c-WCBK0
NUW1PVRs_9o
NVFs2CNxP-k
NVuqwrgk-0I
NWFp59p62mI
NWRSa5Iyukc
NWZJ9F368xg
NWclFNoBrN0
NWm1gKDg5M0
NYkdgGigYio
NYvi3zPm0Jg
NYxc5qW7Vec
NZACF5sCLws
NZDU6SZir8U
NZNRLZib7fk
N_ig6kVMEqE
Nb1q8mIYdP0
Nb9yzPHapmc
Nblo8xYVCIc
Ncbqp-mtLxs
NfrhbhStRKg
NgAdroGOa20
NgetJn07trw
Ngkm_KfKMpU
NhH8p35Wu_0
NhVEEVwK4UQ
NhweFHEYKrU
NiACuVeccS0
NiDePT12am8
NiLTr_t1cew
NiPu7-r1ywQ
NijX34X1J54
NjgYkanQvBE
NkibAyLxI20
Nkii3VC9wh4
Nl3a91kWuRk
Nl65Ziv5UjY
NlvpCbElXI0
NnLacKPVqCE
NoJomNdORj0
NotlC7O6Qf4
Np-DJ_X3vSA
Npr4keJ7tAg
Npxawqz4mPk
NqbMyd8zGc4
Nqdzh1ExFKU
NqeE1KE0Qdw
Nqg9lhIraZg
NqupoSgYM1s
Ns_QGzl-8Qg
NtOjRnGFCLk
Ntut0YzoM3g
Nu6WLLDbyq0
NuBEBYmGZWY
NuBw7E8JZ58
NvCSc04zcj8
NvSS_FIRCSo
Nx7YV2FIfSM
NxSqnL0zUj8
Ny4HcFWyrxY
NyBz7Y-OTYY
NymO_boVgNE
Nz5UBoUMksA
Nz7H4wp_tow
NzJ5qXrFRhk
NzRyTsmfn3Y
O-76t0c3fqI
O0Bw0Ey6kgY
O14bwdDM8Xg
O1c40_TVAo0
O2z47F_MFYQ
O3cQZIJR29U
O4Oj6KjY5j0
O4S9gyaIVHk
O4U_u14BmHg
O4w1fGsRG6s
O5PFGtI6EG8
O5gZLzXIjpE
O62bhOA9mDQ
O6cRRjZeHPc
O75huyfAfQY
O7gLkS9kryI
O7vGd0X9Qq0
O84lC7NpaH8
O91PP69v8jI
O9_B_tqv_Is
O9dmJEV5Msc
O9uGJ3L3ODo
OCBH5wHX5WU
OD-W1EUAoao
OD70sRfUHi4
ODPywC2Peuo
ODd5AVnLm5o
OELVoBfNq8Y
OEWqjlhgHrA
OFLZiZPohrM
OGwURt4L3Ew
OJMkSEotid8
OJang67sEz4
ONPEiJ-r5dI
ONPZkBvzebY
ONdi2tvh6tg
OOrgfMZm1EM
OP9-VOx28hg
OPAWVQiZ54k
OPQJdxshvCA
OQU6KpyPo54
OQmiTVEwUKg
ORLwa5T5708
ORMOp8y-N7w
OSHnOJ2dDNI
OSomBuV2zg8
OSyjqwy9Ll0
OSzTo_DAb9I
OTB-8p5JKvY
OT_ttP42ETw
OU8oAvHM-P0
OUDCWAzoRGA
OULzAmO5n9A
OUVJGWBpuFA
OUoBfICkZV8
OV8zzThdG9c
OVXkl1G3v_0
OW1W3M7PkhQ
OWvgBKhgnxY
OXHmmi_IUd8
OXN2XxA17jk
OXzFs4XJAKs
OY6hENtn40Q
OYQVtQlBPEE
OYc6vHLjquA
OYm4pWnMZ1g
OZmzU4dIO3A
O_FeieIcERg
O_zfIly6AUw
Oai4EOPGAgo
OboVz0PRSuw
OcPiwomyNCs
Ocjea-DWWS8
OcqaMniJNDY
Od1tTgo6ymk
OedaRUG-5WU
Oelzfuu-fA8
Of91WYwNgpo
OfSitfi2thE
OfiCvcftliE
OfyMmhx_hc0
OgB2ZQA2H5I
OgFucaJxmm8
OguSyptPnOM
Ogz1BxHGoM4
Oh2wZuSiCEk
OhbghXFJQVc
OiEu1_kqjkg
OiSR7qFmp8o
OiY7AmF5CQg
OivnYyz3P64
OkF9IpaJQUg
OkjMUDyHBco
Ol7r0dWwAEQ
OmKAMLy8rmI
OmNuBXugp9g
Omq1ws98VrA
OmsCVQvaqgk
Omz6xAguduA
Omzp3Q6d4_I
OnIJSe2QRFU
OnLTrVRXWSU
OnYBwtUTDaM
On_Uqy7mlVw
Onva4d5jh0M
OnyDRA6iyIU
OoCAiTMOEmA
OoLr3Nmybuw
Oo_Roy7uv4M
OpKRJGoVOfA
OpgUH9yJ3jI
OpiWlUVhiDs
Oq_xr8NrVQU
OqaqnhdxuAI
OriBpemGQmk
Os2tILm0sKU
OsO3xgJOBlk
OuFhf1StYzc
OuXTW1m8-0k
Ouwi5kkBJDw
Oux8wLxqKpg
OuypwHifwVc
OvHj6KILrJ0
Ovnf2FIcB6I
OwLAXZQuCIk
OwSu564KAaA
OxBsFwsmt8M
OyQs5L0942Q
OyUTUVskWJM
OyePD2J3ndY
OyegllGSns4
Oz8Z85obu-c
OzmRN2SGh2U
P0dvw9RLdf8
P0g5nuYanjI
P0uv-MlbvtU
P1cdMFg8rm4
P2E_zyBzMXw
P2QxBuBK35A
P2XQBJEPyHI
P2p9m62-YGE
P2xYInhAE6Q
P33TwAhdaV0
P3GBq8Stb8g
P3JzbXKOdiE
P3V_WK1ATcA
P4uEB11TeRQ
P5Ftb7JEY10
P5Ht1xvFScM
P5gb7o7FaCU
P6YGMi1wz80
P6hpxBDje9s
P7h-BZrePBE
P8LkYFQHQS0
P8pzqu-RddQ
P9QWo6woZ8s
P9acg1Tzb7g
PA7Y_WEpL3o
PA98t1AHnCg
PAVIMu7hm5s
PAaQt6GhCcY
PB-nASZE880
PB48Kw72gwQ
PBDsiYa5aLw
PBGEErobnZk
PBOnnpxHAik
PB_DFfb9_Zs
PBdKlYW3lwk
PBrvdfs_zzM
PC9ThuESq24
PCHbZ3PnL3o
PCSgRsEL7OE
PCYFJyr3LII
PDjHxPOGjM4
PELi8m8eq-Q
PEZc3lVN1MU
PFN9Q6Xk-OI
PGdMsO9leHk
PHd9U7G7Ivg
PHx7KyyatVg
PICuRJRKg4I
PKByL-ZXlQo
PKU4TC4Wg0I
PKfxHGO5vyc
PLgzo97YZ20
PLub-vACEEw
PLy6JHluyuM
PMNfODk5SlE
PMSWoTzod1M
PMblBVQwUpA
PNDsgUEeV50
PNFYnT_MtqM
POABuura_Wk
PObE7-dZ8VM
POgkjCmpOI8
PQd7hiXrUJc
PQmnuWCEPoU
PRvuVGvgj6c
PS7uBfWl7K0
PUnto38ArrU
PUtX7J3JwzM
PWIx1rsitis
PWcOghXmvnY
PWd9tjr4uAM
PXcrraDPvcU
PYS9yExBVV8
PYs7Sfg8_B8
PYw2uQag154
PZt4VOaR-z8
P_FaEhnIjYw
P_u3E3FTBss
P_wiZU9M4dk
PawPjRzGKzA
PcDjOsetUj4
PcHDcSPpKQE
PcS3G2Qjsu0
PdOoaO4LiO8
Pdw9ZKu0ImU
Pdx6pS-Ys_o
PeA5xH7qRCc
Pe_ZvCUSPJ8
PgEaSz2_p8E
PgOf2Ext8gY
PgTsJT7jq98
PgiMJXy3pT0
PgkBswQzIec
PhcH-kK8YGU
PiAVBLaG-u0
PinCBKv5Ps4
PitPbCbp_eo
PjciSmUfBHQ
PkEdv9E7-r8
PlgrKXZ0WEk
PlujMqklbes
PnI_dr9Pc9U
PoPrzMmzcJI
Pp-2l8jadM8
PpakHfOAFGE
PqC64CNyNDE
PqN9xymEZp8
PrJRJ_MFyoA
Prt8WlRnqd8
Ps4sYukcDyw
PsisP1LVbto
Pt0qcHsZD2U
PtKhOrBMr3k
PtPYvydOKn0
PtWf1WgHXaE
PwHVyfhRMYA
PwN9VLoW0bU
PwNFMLOZj5A
PwrhxLdLSyE
Px0943JeQnI
PxIN3T0kuRY
PxzdR7nPubk
PyBqYQXcfSw
PyEyI2FT3Eg
PyR-mbALooA
Pz5VN-kHMco
PzKe7EWaxIE
Q-1wiEXs9Do
Q-IWaVxpg2A
Q-LagYj2P88
Q-XxLW4E15g
Q-fF0zR9ivg
Q-lKrgWKWx8
Q197gV0J8xg
Q232pJn0A_Q
Q2In_vadoYM
Q32Tapkkg5E
Q4Frpv6cyrk
Q4NFdYoqCFM
Q4sdtJewgU0
Q5hccpTPrH4
Q6B9pkjPQs4
Q6NjzXkgnzE
Q9UOXCMFlMo
QAXb3vsBPr4
QA_yqz_j3Ns
QByrLuMiyz4
QC1I0Xtpj8s
QD0O_ftWatY
QDI-PXz2BeU
QDL2obdyRQk
QD_fmMh-4nY
QE1uQy27S04
QFBRiF0CIwM
QFIyirGGT0s
QFXybVFz7D0
QH7pM231FBY
QHBbN4GJnLk
QHf0mfBv5Eo
QIjtfkvqlxA
QJWC-nbPwz8
QJkFXbTA7j4
QJm_9_GqRos
QJvEvNCwdxM
QJwcC5z8FJU
QKiMD5eQ-Y0
QMp7UYFdgs4
QN3u9qhV7ZE
QNw3kZckHvY
QO7ZkLR8bSg
QOu4qy0Nan4
QQMDAGHXJ3M
QQnGWLHI2Jc
QQpNLgXvJo0
QRE4QNPgCLA
QSQCpsZJHE4
QTX22pNyJWQ
QU6vKOJ_QUc
QVpmKPjsDt8
QWmfSESBRrI
QY167ilWgjM
QYRCeZPP8hU
QYcX-bv2fV0
QZ2ie5hDEPk
QZiTqPWIQ84
QZmZMdVONAU
QZpKWUsodO0
Q_G_jJCeiO0
Q_eWpiX7rfk
Q_pZH3dYBO4
Qa0KUnNjFbc
Qa1BTlolyi8
QaUAu_4KrlU
QaW35My2XFA
QalwvPFvFd4
Qb8ZRxEKYjE
Qbe6r_m2wSw
QbrEm9NmJY0
QcLFCrzTca4
QciDQgmrp9A
QdK1GTJbc6o
Qes4lggT7OI
QgJDHKj-Ai8
QgTjy2l-2D0
QhEMODe5-RQ
QhImtm0YTqo
Qhuvhl4Q2ps
Qi-Zkc9wvco
Qi2iXz_9HHg
Qi9M-EqGlic
QiPSBhy66qw
QjARm9zUeAE
QjCiWJFDYk0
Ql2yl8hHGQw
Qm1sgRd2f5E
Qm6tgNNonk0
Qmo3boE46dg
Qn0V_mW5D20
Qn6eod1FAG0
QnToRZHsFSI
Qo6OTXSNHyc
Qo6RCm1j_wU
QoEh3d82oTE
QpBIlEv5DGo
QpNS-R-GEaY
QpqgsJOiEX8
QqXvy4H6jr0
QqdZRx3nvLk
Qr3FelzJJds
QrGwLmR8qkU
QrPy2IsAZpI
QrtKzIb-AIw
QsSgmq4n_Xc
QtfsvjCdzWY
QuUpwqNteVI
QukvG-jpN4M
QunFSm6_qw8
QvnTdgIBsV0
QwIncM4E3us
QwbRUUD7LaM
Qwn_hl41ncs
Qwo90HC8rlA
QwpnJyidLSw
QxlPUEu8jKY
R1bQvrf1fIk
R23ye3rFF54
R2mtIYOgZdE
R2s4hEUAChY
R3AE5Q9wcNc
R3Gj_4KZkYQ
R3ew-_G7k2U
R41pCdTjC-k
R4hkzPsv1gA
R4sMdk3xLS4
R516SBqsXw4
R53JhmEFqEo
R5_T54-JGdk
R5sXg7p-XRI
R76qAI693Kw
R7JgyonbePo
R7j17gNGNi4
R7w0ts-P33E
R8zGhNFHDJM
R9IvmJiwAnI
RAESqii9Wy4
RAUpWzQoCCY
RButlorG6OM
RBzKd-1NSD4
RC7FEc7B3-w
RCO4BGDx_HU
RCZPrzDVD8g
RCkzAlG5dnM
RDD8UcQ4U9E
RE6433zlIuE
RELVzdw0iaw
RER5X8p6-9Q
REWPIG-W8KM
REn9zeIunss
RF-B544Bf_Q
RFQjj72e43g
RFR2IGBRFaU
RFX4kPa3xVE
RG1C_ITn1tM
RGHfjZAFHzg
RH74AFOrqgI
RIpjtXZxDHI
RIvkBJsFAGc
RJC9AooU1F8
RK7_MG8LtbM
RKB7zUTBA28
RKa75i26fVQ
RLKEvaAnpTw
RLw8r79zKpg
RM6Hi3X6d6M
RMw2fGMUeTg
RNEDUR_wHjs
RNz9Vx487XY
ROZj1FzUABo
RP2PvWPpKCU
RPRzth5e9Gw
RPSt0pqA7Pk
RPavHwgqJ5o
RQZLB1R02cM
RRAEzSfSGNg
RRCjHc9cTfs
RRYHn7dyF3E
RRvvNLWmIWk
RS5Bn7ISo8o
RS7bhCmvGHY
RTX7-H8QTkk
RTiCPYK5xhc
RUXn7yyhGFM
RVFLZbV0SCY
RVpKHlme4h0
RWPFrfDYdSU
RWrPPV9xlRA
RXibdTUn-yU
RY3yI3qbKB8
RYysr9EQHTE
RZj7J1TEg6I
RZz9dJTlXpc
R_QA_D5aan8
R_rBas-CiZA
Ra4aEsGxMec
RaDepHjAuz0
RbACJSDS_EI
RbKEWmlIixk
Rbklt3U0qps
Rc0oGgbfhsg
RcBQoIVVOts
RcgsVwTJ-Gg
RdSqBUMZSKE
RdcpHBBY2dk
ReHc2SVeE_g
RegzKqIYFpQ
RexChZVJjxE
Rf7XeK5nfLM
RfcaAr_z2fk
Rfmh8upSnog
Rg1A3s16W5s
Rgw9Vb8bESw
RhFSUz83elQ
Ri_KsZt1fzc
RjiLJ_hskTc
RmCNIVpuwJM
RmJUcXtcfhc
RmqMSnVGk80
Rmy5WlfAFOQ
RnVbl02d1wY
RnjTUcw2r8E
Ro76CRxgMs4
RogrK9usWGo
Rp0OL1se5C0
Rp4zIkW-5Xw
RppxnvYU8bA
RqP6oVQwd4E
RrODqQt_o-4
RrSXok0qR8c
Rrk41o4cR2k
Rry9noSOhUA
RsghtaLxKv0
RtBWevIrWcg
RtkSWT3Ecbg
RtqThlOFqRA
RuE9qQEPbGU
RuopEMdR7yU
RvaLvvPHkdk
Ry254WFb6z8
RyfwdDM6ocU
RyvVuKskA2g
Rz-6HndEr4o
RzAetxyhK6g
RzVNwUAev9c
RzrA5rZMOU0
RzsmdIubGrI
S-1ZBvvECz0
S-QhP4NPFso
S-kNk_QIC0o
S-yENKiyiCk
S0SAKODxbD8
S0p9ozcQ1rs
S1gZk5u5hyw
S1lo3VYbKVs
S2BtSd8hdws
S2RsyUKxsKA
S2kz6CyBYw0
S2sy67-UVrI
S3_Wc7WwyWg
S47_8SnvrwI
S4tBXS6Tfow
S4yGT7Mmxkw
S5XAF0TTorI
S5rK9zAVnjs
S6s_db0YRt4
S7jmPn7xt9g
S8HOklatlys
S8OMHARyAWw
S8qTkXpavC0
S8wAr9AEoqQ
S8xIM87DmJI
S9OLJDchx1w
S9eVA67PJBs
S9zrJCg0Rao
SAHy6BkQSOk
SAcArAnO3cI
SBYud4F0bR0
SBgtB0EOCRc
SCCDYGbStZg
SCEJBKuQ8rI
SCOkn8_XVQw
SCh41SOCKaQ
SDURksGx6Uw
SGvn_7ru5Z4
SH91Dz7iyz4
SH9agiu_u-Q
SHYposGmATw
SINYRQigk6s
SIeLqYUjsb0
SIitW-liNIA
SIl6BLcEBcM
SImRIR46Ny8
SJjfjCWzEgw
SLAFL8xDECE
SLf4kYJKqOM
SNXhVIwaYEg
SNy3j2zS0eU
SO7iP4gqYnI
SOHmz-MrDsQ
SOaguZCYub4
SPbya2tw-EU
SQtWcciJa4E
SR0x7IKLRVs
SRZP46XFHGU
SSCEVyQTujM
SSD31E105EM
SSestfL5I4A
STdRTfY04qs
SUW8LTwq6Fk
SUdfb0IXci8
SUm0Pc_bVxg
SV3Xhd3OB-A
SVC68tGlJnY
SWYoel1tDAs
SWlt41UGZK0
SWmSgpor-V4
SY0bt0lnqKE
SY2cc_t5aBQ
SYeTnvbBb0M
SYuKOp-tv-0
SZMqLwt7Sb4
SZdW6pgvByY
SZtKmXSMEEs
SaT4oAJOmeg
Saj4GiWAW0Q
SbEHNuWJ0Y4
SbX6rayLrLI
ScRNuQSdPNQ
Sd1I5s8aOng
Sdrbc38AJHw
SdyeAyuTY5o
SefYbvpo748
Sf-ykp5_fbA
Sf38bmLOlOU
SfAW5qYAtsE
Sg1D5hqh2H4
SggkgAE5iSg
ShkcCJGEc1E
ShqFAs-62XY
Si-Sy8HyDhg
SieSb3eTSqg
SjmWuO_5CWo
SlEE7L6fUe4
SlFHNYyH8qQ
SlGNnnYDnqQ
SlmuZTLffg0
SltJzuGeewY
Smfval2dtV4
Sn9gKlrYbJo
SnfISfBBrFA
SnfpZYOhGfo
Spd5E99z5bM
Sq24BLatde4
SqOA8l7DPoQ
SquOgWyP3BA
SrGLwFzUqdw
Srl4puDHiIs
SrqOns-IC6E
Ss3wjhSG5gU
SsEEf39U0a8
Ssf76Xo9q8I
StMi0R99e4w
SuMb_ixyi6U
Sv9T4A54yYE
Sw9lNydSx2o
SwakJf5Qh4Q
SwxzTNkE9YY
Sx5Xr4nZLGA
SxKWFMRQOcs
SxWYOhZNWZY
Sx_n6t2apF0
Sz6wUAU4H6Q
SzfWR2OA9oA
SzjZRtuZer0
T-HgBivQ9tA
T-K7CM4blUE
T-u-bKgIVlg
T1JTSaHDZbU
T2M6tFV_s38
T2bPX5qqDYk
T2on26rUnS4
T3z7Vqx6MO4
T4tDDLVSC_E
T7-kUUUsUNM
T77F2Xu31zs
T82Bv_vh5K0
T8FbKjelA14
T8qFx7YPELU
T9mGNoDIqDc
TB-OLkkjK9w
TB1v7PBL_ec
TBI8XT_YXqk
TCg3YIIydMI
TCgT0ahp7a4
TDjtC1nN680
TEM_LmkfZiA
TF1MghSKHM4
TFsNAMgIehE
TG7J6J1Czb0
TH6ITJfIHls
TH6iQqDdaWk
THHGwag68_E
TI6nBUsaZUw
TIJ9XVrEPBg
TJAb5bNFGPM
TK2kLSEdZ3U
TK7VAnMZCcs
TKQ2cDpeAwM
TKjPbIlcX-w
TLVd8jT5LFM
TMB04z3Dk84
TMe9EJyOIt0
TOjS13ZycPM
TPWlNyyiGUw
TPf4o9OERyg
TQWOo3Ej6T4
TQmYKUKs2QM
TR1NxLOLBbc
TRRKd01iAwM
TSLC_DGHtAA
TSeKd6CMltw
TSh8o_RhXE4
TSoIvSh2qt8
TTAd-E2bLo8
TTScoHlyq-s
TU96BefnWz4
TUFBqwoWCR4
TUxiw0idEfA
TVLog2XWBHM
TVTr0LQg7CU
TVrj91x6vBQ
TW7PfQ8g8hU
TZIWowy9G4g
TZqlyvFUl00
T_2DVpYSktk
T_p6Mr4VrHo
TaBl3m--fPg
TaLovjxLvyo
TawI54lSxJ4
TbXEgk_F6tg
TbYxt5ASRDw
TbZpCkhfQFk
TcBexXYScvg
TcRKcJbkmTA
TdkhQftRGU8
Te2s_NFUMUI
Tf1qojyoKH8
TfJuD5LWrqo
TfoYz5VjpS0
TgYhW-s51QU
TgYtsAoCng8
ThkUpnrxx1Y
Ths5QQELlFI
Tj7JgNT0P-8
TjHZqXFuE1s
Tjht_pnyAcQ
TlWQYLvnw0s
TlmJeUOnfMY
TlmSfZ5j3_M
TlvNi-3S-G8
TnVCQE1ClvI
TnYUPJcnq4A
TntP6E3u-Yc
ToeBMrqmg54
TqH-auvKXCE
Tr18yl8PAxk
Ts4KcvsVhag
Tt-t0VPOkBk
TtpUytEn72k
Ttz0nVB28B0
TuX39op1b9c
TuzUXTYj9-4
TvvIf5SXS6E
TvzRnSHn7gE
Tw3JakskeBs
TxMf0Bmui3Y
TyyrE7Q0R8s
TzftS4qq-Sw
U-2nqyMHH6E
U-P1AnTmXzs
U-ruB_9J7zs
U04_Mo6K9oc
U0A7NAMqabs
U0A9tpVC44k
U0DRhQeJiq0
U0rWyHZ6WUQ
U0xiGCKHUCM
U1Ad2-rZWUI
U1_Y5m1Afyg
U1x3rQoHMgU
U4CQBDAaEQk
U4kAqcbgk1Q
U5NRGRT8cBM
U6_8NrXrzgA
U70GTPuz-Go
U78agL1g28M
U7puAEnXbuk
U7uFFKgQVXk
U8LcxVYc_BE
U8hEXGUhbPI
U8mctrnqa5k
U9tmVRFBjMA
UBCtSmucXJg
UBRUkVYYC-s
UBSL32p5P1A
UBZGk7WSPAw
UBrmIOKYano
UCEfAm-qyP8
UCI6e6iODJU
UCS1Hc3xasI
UD2nx2ax7KQ
UFU3egFQ1e4
UGht9MugnLo
UGvUcT_0f-E
UGwt_zYBTLo
UGyBn6ZY0K8
UH3AM14e1tY
UH9AsHq0LSQ
UHG9l3A3WQM
UI-qpz3N-54
UIJN-EzRAK4
UIqDeAHOEH8
UIxKd5FbEk8
UJ2LHJJuqTo
UJBWQ1ooJoY
UKVqMazJ4g8
UKd2WAOyR-I
ULVBqLZssSs
UM0rR-1i0mI
UMBl0QP80o8
UMYkgCRhr5g
UMbsoIgKFCM
UMqR5PgGFfc
UN615hYNZBQ
UNd1VS4shRg
UOuI1i6Shsg
UQ1tyjjGklU
UQJzCWMXYus
UQRe9rfHTmc
URELIHrZv1o
URbqyo8na84
UTAZCwkrbdw
UTC74SPtISQ
UTG1cPx6n4U
UTL5a5k-24g
UULX8kzL6PA
UU_cMY-8TIc
UV4JR8vKYzY
UVO9S0XFW3Q
UWOIKGJ9QaU
UWUTk8p7Fa4
UWpZiC21Uoc
UXCAVNaACPc
UY3BD8AJQ64
UZ_KClNFlyk
U_6n5pUW-R8
U_AeeJs9s7k
UaaVwHqbO1U
UbP8QSACUNw
Uc612nfcsqU
Uc9caOZqxwE
UcN5hw__Zdk
Ucm7ZIVDPb0
UflHYYTLmGo
Ufmi3YffVW8
Ufv7yDtP97M
Ufwp4HInUT4
Ug7hjEIaQiU
UgH28n9Vk6M
UgWPW5qStPw
Uh9mBltyJZY
UhD7vWDIkOQ
UhM8pljWPKo
UhZiqKyiEuY
Ujd1FIRN2uM
Uk2Omls3Zqc
Uk3W2CBgSlI
Ul3vJ2XfbEk
UlGGuo7AUYY
UlPFJ_x-r58
UlRROwsjNNs
UlhXFby7LhI
Um1mVki23xc
UmDQVQ0Fw2g
UmH3kAZT27Y
UmoZyOEjyuo
UnQuzhZTuog
UoLRU75LU98
UomMw3gACvc
UpdcFk-H9tE
UpiSxa8JTuA
Uq-LxNnj6co
UqR1cb6pZK0
UqhU2iu0mxY
Uqi-GTW04x4
Us_KMbc0Qzk
UtM6jBBFflc
Uv4iIMwxeys
Uv70XScNniw
Uv87K4-iIgY
UxHEl7Csm3c
UxJXbW5SQBY
Uxdyp7XIAJs
UyCANll6ELU
UzH_8psJrvE
Uzh2BaXvL9A
V-Jwa3D4yD8
V-_qyVXZ8UY
V-oASF2VMDs
V0sCFYG1VFI
V1BnNTINr9c
V2piRuicEs8
V2wIZ55qFfI
V31PrwwDTZw
V3Tx1DNEod4
V3X2c5s7Pig
V4_euKx-uQk
V5-LLDxSbFA
V51nDAukq_w
V6dEms8LVZM
V80Bzi6Qb30
V9lB7VcQP4g
VATrkR6yEgU
VAzTchux8zA
VC10l80mPVM
VCADraVouwY
VDA5By5AxXs
VDf-EMvLois
VGcxIB8m4S4
VGryXTedpDE
VGzCxz5lCjs
VH5BYFy-Tgo
VHIGoUd4QnE
VHjWnpE5Xck
VHzkDVEFOKs
VI4XrNc2Rm8
VIE4x1AxLLI
VJSwlKQYAwM
VJkEcYOdnbM
VJpplz8C6Hc
VK9JEt8ZXKA
VLB7CtsDyN4
VLaBtuatKR0
VMRMNojtz3o
VMfP9B4w0XQ
VOKqkIZATqM
VPLEaCOaMpg
VQ8orETUXmM
VQ9NYJuSpbE
VQBcPFILMSA
VRIU5-9Q0OA
VRnghI7LeTM
VTeZgGCdihM
VTv-5RXeqIg
VTxZtc54_1c
VUOWIXhDHvc
VUw9j7WBohk
VW-HTleLTCI
VWitPE2Xv_M
VWkleAkeQ18
VXRUAomQjOw
VXythdSQR4Q
VZ5mm9Dl0pY
VZ7euI49zzI
VZDfK8f531w
V_dT1dTr-XU
V_xAMuVzwrs
VaNqNUa_5GI
VbQlsSmXSZc
VbVJw3dZPWc
VcGKZS8w6TM
VcpapWgJ5eo
VdTJSGrHhZ0
Ve9T16s-tNI
VeFhfKUQnB4
VelV6ivHITo
VhWOxPLQII8
VheRk_YzX5A
VhqXP9SwdN8
ViLUJKw8RzM
ViX0oqpQnHY
Vj0dwTcoWm8
VjRn_ILcCe4
VjawPsIbj0U
Vk0CBNrFRYk
VlIkgb7DKjE
VmZsgmmD9-U
VnGBIfLTO2I
VngiztWPlCE
VnleJRdRZN0
VonVyD4h8ec
VoqBHa2g4FE
VpDllXAKt-A
Vq-0LXnsESo
Vq4zNWAKms4
VqpLTOFRfYM
VrnRJOW_IUM
VtE4rt7ouxs
VtL6zp1LqLQ
Vux8_6ESzgg
Vv-l19YDOuY
VvNtP4ly2BM
VvgrFGyT8eA
VxShsU1bRLc
VynTzC9884k
VzCX4ZMdFJA
VzOd84sNLBM
VzX5UWarHXA
W-OP23SqREo
W-bK7MepxvE
W-p5QM5dKmg
W0VphLvubAI
W0rcCSA3q7E
W1CsCf8-m3U
W2BQFzOVuaY
W2PBhP0cAD0
W2dzx1V8MhY
W38vPAHF5T8
W48urwSN7Vc
W4Ok0HdVMbY
W597F3KQb8Q
W6OIluTp4CY
W7LXL0e9lu4
W7hE8KpC0tA
W8RQRniQu7A
W8_r-wSKsdA
WAGrUn7MyVk
WCAMeb2l6KQ
WD7Wr4wP3z8
WDSh51btFKY
WDiYZlCc9M0
WDzt_ZAZ158
WEGR0cPA0TU
WF0GJQ3Qr6E
WF4rpJpvhw0
WFkylE5Jqoo
WGKa67WXDMY
WGVB4gkmouQ
WGx4MpPSbro
WHdnRHs2u4E
WHeLRH4tEts
WINO4xnSzok
WJ4OUqxAF7Q
WKJRmPjuZgc
WKencf9OXvA
WL1DAjmqfcQ
WLGj6kNvvxg
WLjoR3_xVLw
WLtwY5p9Wu4
WLx90m-LVX4
WMu79dGz-RA
WNmtIunmwJo
WNwcPPOT5s0
WOOtcZfanfc
WPBhMNF6HRE
WPY36QiEJzU
WPsz7Q5Ywq8
WQeyOhNZnz4
WS7PEHwBDvE
WT0tDJTYXk0
WVtO-R_xfGA
WW2S-6GKmgU
WXc8tdcuQoA
WXjiqwB1Ass
WY60fHt2XPo
WZ-jk-t6NQU
WZDtAJ0yIQY
W_9q-qBK0SU
W_AElYsR7lQ
W_Dab6xnEwo
W_UCNxtdqGY
W_YspuD2z28
WbL3_3WttP0
WbU_js6cztY
Wd9APLwchR8
WdBErZB-UFY
WdTmhjn4vOA
Weaes7M-AEE
WfPqVeSoWGk
WfpWGEysa4Q
WgOuXMHIDQ8
Wh387YsE-UQ
WhDmpyYdEkY
WhW-IRiCycA
WhcdzJScTas
WhgWEbQoi1g
Wi1aqP2ymvI
WiFwShgtEFQ
Wj8nPO0OjEg
WjJ3R3_Iato
WjUi-hkhQ8M
Wk5OiKJ4Ubk
Wk9iw2neJRY
Wkgp_awL0KQ
WmujeuFR2Sc
Wo0hitf7qAY
WpVv8G_WG_w
Wpe3TNedlWQ
WprXowZSiy4
Wq3jZne3hAg
WqHnh1E1vqI
WqKSUDnNUW8
WqhBpRD5tIs
Wr0VS2AOaSQ
Wr4PnMh4yHM
WrNzeiamtV0
Ws9S0LYLKDY
WsVet6vjV08
WsjVYJRyQN8
Wtt8Vl4y60Y
Wu-9zQ-nW10
Wv0gJ1-1vDY
WvBuWCXSiQI
WvDIDE-QeI0
WvWZr6n_dDI
WwB7MUCZh9U
WwieGdAEJRk
WxCmXyE4hEw
WxZjUAQrDqE
WysQc2cxA4Y
Wz-SDcmpofc
WzFRxL5Phhk
WzPm6VBUthY
WzcJuW70aJc
Wzd2Jg25ZpA
X-ACJtU5ihs
X-Pes6V0OB0
X0Gmnhc9ogA
X1FLXmWH0rI
X1M-GGwvU4c
X1puls3covM
X26N3UagOtE
X2ineAjvKxU
X3I4NZOaTog
X3O6qOYHUBI
X3Pz6zFE0Rs
X3SP2fpjj1E
X497z-cCzIk
X4pO7DBEcD0
X5jbT_8Ok9U
X5tk8mbqSO8
X6-dWxhYb0I
X6FqRB-6Cko
X6j2bJ7ofNM
X6w7oXSmeS4
X80nKZuZnoA
X83O1RgcCYA
X97bqhQH3Z0
X9Uqzq7auHI
X9XvD3ctxvU
X9geFwMuk_c
X9h92qYkLd0
XA6um82Mlyk
XAqw_NCZzqk
XBBT6NevMx0
XBkHo-ayPkM
XBm_nCXtxus
XBsHvhOj-5c
XCU2O9UYJEQ
XCqvKVJp9oY
XCyuygbPBng
XG8r8O7TObM
XGU9N6SPmRo
XGVRwD1M3fY
XGgsLdzPqVU
XGnmmV7tseo
XHz3LBsyBkc
XIUC7fBNlsk
XI_W-VOl19M
XIi1ytuaUvw
XKNqvwhFMI0
XKQnBtAkVjg
XKR0HIFOcK0
XL6Yn1_iWgA
XLAerfPw4rg
XLI09RWdirU
XLTvlRNpOIE
XLYQHjISO7E
XLkfEJggmIY
XLqdZoZ4gAI
XMNghccl3A4
XM_tIRUmcbw
XMxpcoe6_Zg
XNPGSqZ3Ypk
XNRpRBRgJTk
XOEvDmwtbCI
XOpeA3Ee9-w
XOwOgYP945s
XP0IXZ6HVJ0
XPIgwOr77DI
XPY3DNGxKKQ
XPm6DL49_JU
XPoJqByB47U
XPyhgkEsg3M
XQg92NWpoP4
XQwJm2TJzkI
XT-DYbyk-cs
XTWFHCK-ako
XTmr3GDm3AE
XV5ViIhZ9wY
XVvwbuGd3qE
XWBZr7UdAzA
XWP2yX6QyRc
XWo5mlG6VRE
XXrLESDFBWo
XXz0RDz-Nvk
XYRLzi8Vub8
XZNktU7xPpo
X_E0bkQKs5U
XaPrxFkDkEw
XbrCU9pCF50
Xbvfk_TGnRs
XcPm51FD2ug
XccY3A0J_Oc
XccxmDnasa8
XdgFb15eoeo
XeMtNBpI5Jk
XeUezgDCFzQ
XeiWgG29a6o
XenHjreBYoM
XgK22zRogdA
XgZ6TqU4_VE
Xh5uL4UWcZk
XhDmiWlbLG4
XhfKBIK0-CM
XhqFf1_03E4
XiaMmARtoPA
XjJLGKpERW4
XjM7v4QVdiQ
XjQNSGbjrww
Xjl0zFQfxmI
XkJx8OPjU84
Xlt3j65gHAY
XmMS40930yI
XmiN4UcAfGI
Xn0p-Ipc31M
Xn9PYt-Qa8c
XnbXuUI6MBg
XnflxAFxvdg
XoYHJmqjPUg
XpiPgjWv5G8
Xpw5m8URKm0
Xq1RM2zRyBE
XtE504LbRo8
XtNLrTuAlZA
XuD54COFXk0
XuXEmbIjEG0
XuZQBYyG-LQ
Xua3XwctJio
XwpcFVke8qc
Xxx2aGKBzsI
Xy2SgXnZKyI
XzOylgZkVwc
Y-8wksp7dNo
Y0OLYYlWE4o
Y1UvNmmwi6I
Y1esXLlX-iI
Y1tnIKdAu60
Y2BD86BYiCw
Y2zusXlBPxs
Y3-fpig_RIo
Y3ejO0LfG-A
Y3n7GaoG7Z8
Y4gIl0d7LKw
Y4pZDSKuWG4
Y4tI603i2vw
Y5Bp5nmdyzE
Y5KZXZ7BU9g
Y5R9Z78YKBo
Y6Ca4w5MUcE
Y6ni75i7PbU
Y7BcB35yuY4
Y8Z0-LXqLVM
Y9IbCBUFgok
Y9Z6kFNWOi4
Y9bvqx6ptPE
Y9taHqI6h0M
YB1VS53QTHs
YBKyuj7fuyc
YBUsP8IaTpE
YBf3vmjWlQE
YBzaCN3kLlM
YCNtnUS9KqA
YC_2Qglsy5o
YCdc5ju3cOg
YDjRwXmrVA4
YE8R-w-cYXA
YFMOIHftn54
YFUywchIbv0
YFpnBI6PZFE
YG4XokKFpGw
YGLTCqPpLXk
YGU5ePhcjgI
YGuG7SThUY8
YHRWQYZJNlU
YIAj-dCx3DE
YICbkKMegas
YIElJDtMHrk
YI_HcUiR8JU
YIe0WzJdJ90
YIeF6JFJHQg
YJLPmmId2yA
YKLesm7rzNM
YNqZQjH-CBU
YO7vYzlrq5E
YOg_7sFOX3k
YPj1z9aSwkw
YQR57tdszu8
YQaMqtiU3Mo
YS2AUowFmlA
YSZ4abAXe84
YSbFPxGcXXc
YScnuISltUg
YSoZC-uGNn4
YTrblwZs9rE
YUB4qHMtzrc
YUzLuWPvaCc
YW6bvmUHabY
YWWhl2KW-g8
YWwO0mKBbZY
YYWpfwME6cc
YZFujXZwQWI
YZLRWTe3beI
YZRpEy6HfBQ
YZX7eL-MUd0
Y_SXrfLC4Lg
YaUxUSZjBhw
Yaf87on2K7U
YbAkpLv4BvU
YbF5u0n2wZQ
Yb_9zXZM5rA
YcL7fqtVVso
Yd1VbDfeCrI
Yd2v-6N9HG4
YdK6o2w3BcY
YdVl1ROF5ds
YeCgwjRTs30
YeSVFbuntX0
YeeD8kmbvhY
YfHEwFzVsm4
Yfp_naxIlVY
YgZKPCxmXZg
Yh7iidiankw
YhLfMTD37jg
YiqImYWEg04
Yj6lRSbrpko
Yjqqlwn_x9k
YkXnHC2yVE8
YlZ6fVcadLw
Yl_um6A2Eko
YlbrPz86a0s
YldU7tfEaH4
Ym1GG2axqeU
YnEikIMGA8M
YnSzHZGE2Bs
YneuxjptS2I
YnqpUvbGRUA
YoWKtojU9mE
YogPLlacjZ4
YoiRRBA1lbA
YokllD-mO7s
YpGtsKMD62E
Yp_IIPhktrE
YpjeaTqUiAY
YqpD4f3Hxp8
Yraf_n6ma40
YrcCWcnbd50
YrqTXpejFtk
Yt0aksd3qgw
YtY7oYC9gqk
YtbaBdCBc8Q
Yu9n1ammslU
YvWD6iT4FLM
Yvl41jXh6ls
YvsBuAJZvY8
YwCf3o4CLEM
Yx2uS3ACJGA
YxVTBUazbeM
YxVTKAD2dSg
Yyg2JKitz3o
Yz98ZcmktRg
YztnsX10CM0
Z-YufntvmNs
Z08qsCYxOss
Z0_pYB-OvtY
Z0dGYTC4DYU
Z1GKujTurOo
Z1HFuKpsZ88
Z1KQfgaQiAw
Z27x08sIPTM
Z2IYkAiS-Yc
Z38uGDtZDz0
Z3GSVw_Ov00
Z3PyrAzR3nA
Z430YsvmuT0
Z5HnxX79JDw
Z6ovquyOfFs
Z88Q1lXQYYQ
Z8CoBMsrXKY
Z8QALq46lwQ
Z8XMqDI462I
Z8xrMiCHYPY
Z9RiMyyeeyo
Z9ZMgFsQRtc
ZAxUKDvS5o8
ZAxxzTUjgHY
ZB5Noo-u6-0
ZBDWRrrQdHE
ZDizz2HtOnY
ZF_zz0_g0xc
ZFgP466xb5g
ZGQcX04guFI
ZG_9tm3i9xM
ZH9M6Xqq6-s
ZHMgZ2xLaL4
ZHQXPC5zTRs
ZHTDp3OdaEg
ZHnAVXEK8tg
ZIvSOIJfxTQ
ZJ0_o6dw5R4
ZJ4t4cOuMTs
ZJ8UgG7XoWw
ZJ8mdGMBQ70
ZJcUiLZSHhc
ZJoUggjhaDY
ZJw1nT5OmC8
ZKFpDummxEo
ZKGhDhxl-wc
ZKIxAR_z0Ns
ZKXlUnsxXrU
ZKtXoEHLleU
ZKzN6jTsNe4
ZLKJQBn75_M
ZNS3CvuwkN0
ZNVuAaU4Fj8
ZORowydAz2o
ZPDPtLhJ5DA
ZPgolRAw4a4
ZQ1IVPSbC-c
ZQDGN1ePcP0
ZREs2PzPx3I
ZRLKITXrmyQ
ZRNTZHGuFPk
ZRSBhEdFtF0
ZRqOF7vmYpg
ZTaBgjHXYHM
ZV0k2rFrthQ
ZVTCSjSkh3k
ZWk15RsEZ6g
ZXqJGSI3iCg
ZXsdmmcgY8s
ZYDUjdNdJag
ZY_jxnKlRNw
Z_0QTA4X_iA
Za-TCNOvMVE
Za3ncVPlGdw
Za9yXl_SZM0
ZakPkgj-72k
ZcLYtseK_Ls
ZcjY__NBYY4
ZdpMDDsXySU
ZerpAsrQt2I
ZgIYSu6tEWE
Zg_KgNtaxYE
ZgmmWYcdpLs
Zh1Ye2W1N3c
ZhF667Hh2dE
ZhbYORcs0n4
ZiERYvNrYA0
Ziz51Smd9-E
Zka3whmJ5-s
Zl8mk7DIOtQ
Zm8a8tHVMio
Zm_whD_LNSc
ZnHcrwovtTI
ZnOee-eMtds
ZnTzxOJFEfU
ZnsIhmi5xeg
ZoMk4bbT-cM
Zoc1ZgR0-Sc
Zp1uRkfrtUw
Zp6_1q9oxgA
Zp9ZmqEpDdY
ZqmMStp2t2A
Zr7imZTwRgY
ZrmTQ_TKON4
ZsP6NzhU5mU
ZskMbmS0EyQ
Zt7bNPJR244
ZtEYycktaV0
Zttb61glbiU
Zttwdfclybk
Zty2xAqBfsQ
Zur8Umz4-f0
ZvGUfhFUkFw
ZvdEe8A8X50
ZwW5ks8BcnM
ZxQ0t7WXb6A
ZxRqMIIXbUI
ZxaU_hwHqqU
ZxqnDvFoIU4
ZyYANU2dAbg
Zz9D8vuRmMM
ZzQQYIJeS3A
ZzvQK-j7QM0
_-qxPCskQAI
_007Qys5HIw
_0rMxJRRuvM
_0y6JcyltIg
_1NNURNxgGQ
_1SkrKS1AcA
_3JDal7AxQs
_4hdIM4JZR0
_5HwhdhV4Fc
_6Rv0jRxkzk
_6TvIPaRyk4
_70_Kwk36HY
_738PQVbqKo
_7QaWAFDfS8
_81tccK6dfA
_85L5LSmTPU
_8wu6TQ3ImI
_9SbqV78C54
_D3GOz1QEE8
_EAOUhamj6E
_EqAyh_NgzE
_F727I7oyrc
_FPwcsO-HUY
_FlnoJl5Mmw
_GHgdDOGQmQ
_GpjCCpocAU
_HD4mNZJkdU
_HEJhiRwZW4
_J_j8S-X014
_KSOa1GN9to
_L276Iy1QdQ
_LnsscYo1OQ
_LwYR1tBI8U
_M2ZMjPSKPA
_M_jWa_nTKw
_NXogB8w8dA
_Nd0usL6h70
_Oqni7aqhP8
_PUCA-gUOMA
_PkffHFOsqk
_Ps5hymLfNQ
_QAgQ7u2_c0
_QlLLk_aaBM
_RCObi-ZnDo
_RYQ5QMakFY
_R_bNJTWXps
_TM7H5RPFto
_TPRvNjJGr8
_U0Zkab8cxA
_UhQCL0_h_g
_VnLUCRrg3I
_WnYiR0R3uo
_XhSfJnQrJw
_YBLEBIM9kM
_YyZ-FU0QE0
_ZT_ubtJB6s
_ZYmg8l1slI
__SB6Nxd9_s
__epVBCwLEE
_bqRUvbFT2k
_cAkgQKD_6I
_cBgxJbyfTs
_dg4gnPNHU8
_eKDGSHSH1c
_eNTLEga5mc
_fHJtBuHBd8
_f_6cF5Nb1E
_fwSO_4LqGE
_gB-NmZZSzs
_h07xF2aoCc
_h9vj-Fguis
_hRYgHTkngw
_hU-brvaHYY
_hqsWeyBXOo
_ibJnmsmMo4
_iwTSOhHXKE
_j8eJFycez8
_jFO-Ey7RdY
_jcI0ep4mX4
_jmQe8ywsus
_kiybwy8VU8
_lZhFb_xoSE
_mVh-8k9kPI
_mYmAjNwSZc
_moDFkhfBsg
_n4DZoNiOOw
_nuRQrJEHeU
_oGewLJVdE4
_oTFD-5QDis
_od2Cf0z26E
_qIn0E7WnFk
_qwi5tvzw1Q
_rQOnI8C5RA
_rhhh32fSik
_sK-9mrJUAI
_uLRgPwSIS0
_uOhGoEF9-c
_uRb8MaTv3A
_ukIgjGvm68
_vibpGBEr98
_vrf-x8m9hc
_vzpF-a6n5o
_wIOgM1hlcY
_wQ23GXmUxE
_x6sOXBV-o4
_xHevyn_A4s
_xPmYKx1-xk
_y14OvOj3nI
_yKVyy2uLJE
a-7oaG8KZTc
a-aLG3Q9L8Q
a-kvhWW-lRw
a-oPAvbmbpg
a0ndfwo6Vys
a1BD9GTyi2s
a1MBF7Co4K0
a4TVbHKOb2s
a4dIuisTai0
a5QYqNtHo7o
a5cVpzFheds
a6uNeHSUpvE
a7GWKmqDWCU
a9tCEoNlVPw
aA-7buy_8Gc
aAv8Y9wty3k
aB5InpiGdU4
aCpFadslj7Y
aCySmgAn2Jc
aDOdE7nmiBs
aDuTUeeybo4
aEUS_HngUOE
aEk_QEY1res
aFM9w78PyMw
aFR3zGSVVuA
aGA2nrg3HBw
aGBvEG-5C4A
aGFITPtquw8
aGKoXPQYSlE
aHec3_0QTiU
aHjU0KxQFSo
aIAB9ZQBoYs
aIDNFH7MOEQ
aIgscNFN7pM
aIuTpSeAFTg
aJpDPODPQEA
aKABsqACeIc
aKpsFfd45GQ
aLB3hluD5xI
aLV1kPUhnLY
aLuwi7stfWQ
aM3yjd51jOQ
aM4j7ZpIfXw
aM_T6fCDv-w
aMl96qXK6wU
aNQwpyjRGYs
aNTCPSBctR4
aNzZgoZPGcg
aOjh-dKN11M
aOy1ypk8Ga8
aPMkNSGOPsc
aPVwXtaUoVo
aPl7hpqUpMQ
aQ2rCrxVB6c
aQ7O8VrlLsU
aQ_PDkou6YU
aR2gFUad9PQ
aS2bdRn07-0
aS73EyX1EvA
aSPHOCZwQzU
aSTXmIY5rwI
aSxvlGusjOc
aUB10hXZdzE
aUMNvpDZI5U
aUPlIdWmMhg
aUa3hmgI26Y
aVUugE4KgIw
aWdhbIMpit0
aWsbCEJVbN8
aXVhdssPEc8
aZDF4xxuzVU
aZUznC0xn_U
aZu9Or2VSwE
a_fnYgyxTn0
a_xLMs-IQ5Y
aa3jKdxrOkw
aaP0nEGPS8c
aab6DGxDPz8
abcfwFSrHWU
ac9w1GfNo5Y
aceIFnhs8b0
acgQ0PqIOvc
ack2f_1bITY
acquqr8927s
acy7UAW3ar4
adcJAYpf7YM
aekbcahih_0
afBQJMvtoVk
aiXJ1pHg6wo
aivgMeU4oFM
ajZm9hP7Bhw
ajxY2tbmWJk
alVtE5mPpJo
almz-d5Nr1c
alsWGC0h95o
amBNupClqQI
amokbegPY6A
ao0cuGl_Ow0
aopv2wbVHUE
ap7WwRpHnqo
aqKaFgZ-Pvw
aqr1uYH226s
aqr_v-f-R-s
ar153AFflvg
arlkbXN9EeU
asBdwutRltI
asJ1-9-8gvA
asvF5gEeGBU
au5aYsUzvJI
auj8ZJlAb38
avuYRhWtMag
axMTSgAOJqM
axqcaHlQC4k
ayJf66f0NVw
ayLCAznIXFU
aya2dbVWyzQ
az19DDx4alI
azP4emYNb_U
azuOUMnXMcw
b39XRAW12pg
b3UqISIUb-4
b3ZvYKsAJck
b3pi4PVMtlQ
b4Ckdpo6aBg
b5JJnaiho4I
b5Mcwk-LEEM
b5eZERogBp4
b5zoDngX2zI
b62VyekbfCU
b66KG9ZZaqA
b66utjRgwn4
b6E3xHJdXCA
b6Rv9cvgFn8
b7DoSMZESQA
b7oZxn270YY
b8Uu82mYJwU
b8q2hcPm6Kg
b9JyxgLlg7o
bA4ArFb47q0
bANR5Sk0QTM
bATi7IgdzV0
bAhMwHvHEQQ
bAjokDTBQp8
bBH4zKlGyIA
bBfg9tQN_Ww
bC4vmw95o5U
bC8NlTsPjuc
bDNeWUeZaU0
bDRGVoxL2vw
bDkB5cIs4dE
bDwbHlwhuPg
bGU-c-ZpzNE
bGZ6_Pz9XLg
bGbfI_BrM8A
bHVedFHNuVA
bHe3TCgDy4w
bHobimRD4bU
bJFZJFeL9m0
bJqFPrbgwrM
bK8lzYfqf0k
bLLAa3wtbVA
bLXt44BE97k
bLk-P2hocm4
bMM__4rD-WM
bNqP6sfW97M
bO_8VNT_qj4
bOk69vDYL0U
bOtmPqjziLw
bQWnpx3r4qA
bQXCl_cgzaQ
bRV1R3tY1J4
bRk2RPOBwi8
bSDATTl11o8
bSui82R7gHQ
bTKwrqaACFQ
bUeluB3TPzU
bUhuryvRdXE
bUnJ3NPLoN4
bUvGjJWNVjE
bX5w3DVg8n8
bXx5ZYbTavU
bY1ZHeMzOm0
bYObYvQ2DLA
bZIc-EycpGw
bZKEmJnHo8Y
bZQFaPrcGyQ
bZTV4Vf2AtI
bZYGRYZfv0c
bZn2zxlGWgY
b_6T6CvnDiE
b_w-6uZXNFc
bboLsuNylqo
bbr2hgj3bqQ
bcZFR2AEKWs
bd2EMbRbAiA
bdMKqWCknsU
bdVQ_xk-Ugs
beyvyk7HUII
bfRNiD1uPEs
bgkHfIykUto
bh0guhtXLNo
bhIeW0RGRKQ
bhfMreGnEbQ
bhudBskn1A8
bi59hPf8WUw
bifxE712EOA
bjDoxbMuIv4
bjfTrUJ5v4s
bkYEROK201o
blFMwNQ8Xdw
blYtlUfkaT8
blgCVl4ZgZ0
blphFnQ5YDY
bm6eajLcaQA
bnYdAl0ftl8
bnmoPVUtgAs
bnrwFA8Athk
bo1QJq9w4pw
bo9lQBgao1o
boOwh2wtzsU
bo_tRtg8lf8
bodVf4o45O0
bpu77VSg5RM
bq16GXGPTBM
bqpn31qDIH8
brWkcKx1O5g
bsArwDAwH1Q
bsOhoYZ9DS8
bsbwB8dK2Eo
bsqLuX2nSH0
bt4ar4VLSPg
bu-233EY6gQ
bukhcOgXEFY
bunsIm73tBw
butoGucbu9Y
buxvV0_vE1Q
bvSRNrjyv14
bvrvhLHuMlQ
bwu4LElXBDI
bxmXLs9bhQI
byLc88CrL8Q
c-dalmB93gM
c-n77pqscAk
c0L2QBrrzns
c0ltjG1QNHE
c13zryqjajI
c1Yk2NrllAM
c347OlMbBtE
c3P-ti-_Mxw
c3s0B46sPP4
c48hB1xfOjA
c4YHdb1qqzM
c5V23FZVqV0
c5o-CdYDwsU
c7DkpmeQXOA
c7IdnY5lC6g
c7qecr_ibSE
c8zckgbYHSo
c91qJAm-ZC0
c9BfKipvH-Q
c9yK1_Bz4hg
cAZ4ADXN1XQ
cBat_NJ1D6k
cBfXGeydg2o
cCTGG1YcbEs
cCXl-p8gUWw
cDL5KtbwayY
cEfhsCASYBg
cF-D_i9XYYk
cGQ7RnK_Crg
cGvqRV7BIDY
cGznqIO8IPI
cHKIMKLRr7Y
cHxhGUzUzXA
cILRFI7v-TQ
cILdPNiDxes
cKU8w8wN6bU
cKa1LwyEzbs
cLmprlD_2OU
cMNlojCxcbg
cN26zhPhMuk
cNOBdP_PlT0
cNmNZTAJQg4
cPOFMSrFJR8
cPu8zKZRf5Y
cQJMRz39vHI
cQOzrLIMu0c
cQezyMjG6Fw
cQqQ877Vj54
cQuF46eIXsY
cRHmRoD87jA
cSuZhazXwYg
cT2roELUBWo
cT4LguPjvXs
cU3uQtuZQWg
cUHODi2s0mU
cWzR6I_C19o
cXRoW4zrSgE
cXadFFNNBco
cXiVKThB2pE
cY7r5tM1IuA
cZ2L8QwGxoE
cZEypnU5peE
c_WgI9NXy9E
casJgV2o-cM
caxE6cyhdoA
cc2a8RcYKw8
cc3xtaA0lIs
cca_XjCroew
cciE9kblSzY
cdEbSsTmDCc
cdJZKWJiknQ
ce98SoMGhtE
cf37yVWd-Co
cfc3X8mqajY
cgCLyP0rEKs
cgmlJkQBoBA
chFygvVwEi4
ci2yN0YhZ34
ciHASALILhc
cieRUFcD2mU
ckAmRLa7VYg
ck_XE2FLBDs
clMoP5Vhh1Q
clnXOWpuo8s
cms4iUF0W00
cnoE_NPkLP0
co87nm1LLNc
coPejUqwLBw
cpHgfJgUDFM
cpPG3gCGKfc
cpwajMm6D9Q
cqF24VYnyzk
crALxMWKZik
crXsuoog2uE
crtynZ3wL8U
ctGIfgY1pgk
ctS4oi_h7AU
ctZiCsdLfWY
cvcE5NjZ9CM
cwVuaF94R_8
cwZMon4F7ro
cwci3OdkD9k
cxL9ZnCSYBY
cxdRk6wGHDQ
cyIAlxYgDBQ
cz-l4Am8PWA
cznJrsaGFEQ
d-3UN0jdSR0
d-ChERwK69w
d-iDN9fCXCo
d-kAb9MmP0c
d08_VtX60i0
d0oCXDaNQz0
d0yRlyOqvoU
d1-MJcHz0Ds
d1FhXcY3hSc
d1hi6tdV928
d2Ch8MMKb_k
d2h-dMHPFBY
d2w53Xw4YJk
d31JJYlO-bk
d5OsN3jxlYs
d6MEY6jVqtk
d6QxVtdF0ks
d6UFowQaHrg
d8D2KbYVaas
d9-VYRXMOf4
d9HrEuG7jN0
d9Z9h9cDm8A
d9fathPB7FQ
dAuPY2A0C1o
dBLFrXatMfM
dBfhCLj-PBc
dCILhJUwEvQ
dCxg8VlIa0o
dDJOItp4Evs
dDXxey6D3Oo
dDZIICQVYK0
dDbnfGyz638
dEWW-VpPvOI
dEkyONqJMo4
dEsZ2dedJhQ
dF5dFKYF680
dFf72IgGveM
dGdTiQkjmac
dIDp4cf30Rk
dIEw-nWE2XM
dInm-jhgAx8
dJ0iuAFJSXA
dJsNZTOE_kg
dJtjf27Vins
dKCTNwUy-E8
dKKKG0pw2CE
dL4Pi6sPsjs
dLXCJt_IxYQ
dLsPQs186F8
dMgcuk2JiHc
dMle8_S2ons
dNmKKz4ocYE
dNt5kaNQp-Q
dOEV7i36ZCw
dP1P1wE_R4Q
dPOL3G1S1Yg
dPli7hQ8jYs
dQ7JYXPjz_w
dQeUcHqUNg8
dQpQXoBHxG8
dRFhQodPHTQ
dRNnIe92nkU
dSIJCoJhAp4
dS_TXETmXdo
dSpC74UBqjk
dTeUDL7TV8Y
dTvTRnLtYh4
dUKOM6eU75Q
dUj08y0B0U8
dV7WhpMHSPQ
dVDHrmMsn3s
dVvBCNqEvls
dW1ktbzbYLU
dWu_sFdeXMg
dXD7q-RGzjs
dXVW4aR4Z24
dXbqbEQHZWk
dY1eDRUx3Gs
dYZgdzG4FKE
d_Y6GcAktQc
d_ux-yi4xUc
da1QPdk1MAQ
daAlpDYS8Rc
daGQdcyZ9Go
dagVKO6DI-A
daoDS2vofNw
dcEwT5K5i5g
dc_BCmU6x0U
dc_eglRsyFc
dcfgiolOaYY
ddVzLu68i6s
ddgm1m_3By4
df1AOci8sts
df1hev6JxRs
dfS55ABMIn4
dgOUwCbV2-w
dgVr6vFMqsY
dgWXfm4wgMo
dggdksUT-hw
dgmE_DrAKvw
dh-YoQqBzhg
dhDN5KVcKvM
dhpE9dWdyUs
dhyBmhWT1wQ
digpcRbsK24
dilWofT7XZc
diyIUYw7eto
dj0Y_kOCx9s
djeSQEYJts4
dkougr74P-A
dlDms1_VfOA
dlPnVJPDcFk
dlyN5299BPU
dm_FI0bk4hE
dn-zrl-R2R0
dn04SLEiGYs
dnhAezt1z8U
doPrq8aZI6I
doWQHe96gy8
dtADhPbyiEc
dtch6AviaIQ
du3DKYc_cyQ
duXxEGIIi_c
duuiJX7u31M
dv1OZPmzM-U
dvlX9nduuyQ
dvxvE5mViFw
dwSzEOhU66I
dxPunI6wk2g
dyIEKZsGy6w
dyXxJJv-flQ
dynlrcAKAFo
dz8QaIxYFS0
dzYBlHGCr6A
dzeuo6o8YLY
dzl8SzMNvx4
dzzcYiJ-g8s
e-KwL2TTsnk
e-RnzaLhUII
e00R2sNzFts
e0BVgLW9Ep4
e0JjTBGMoYU
e0QyPfE8bm8
e0hxwfgL2Dc
e0m7FiYPxEk
e0svwLdKGrU
e1HNiFnOvMU
e1NXMK0FriY
e1TziEoL2I0
e1YKri6kvus
e21FhnweMsM
e2qNIMmz5s0
e3Hublyd-ac
e3ckJt561J8
e4jPiLFlm6g
e5rQ8Z9N9So
e652TlvrLiM
e6lVoJl8YG0
e7BL8AM4mZ4
e7M3euAK07s
e7RLt_Yk5b8
e8BdxK0bvW8
e9N774P34Wo
e9eQB8DXb3E
eAaNjW62CxE
eB4y-txV4Kg
eBS69hQHB38
eC28NBgCsII
eD9jnA5408w
eDWXztKElVg
eE-6sar0Xo4
eE9mUA9Ow6E
eEiCbsH88ac
eEpvxs6j9NM
eEq8SVy8-vo
eF3D7adMvJQ
eFiQSS3vnJA
eFixOqdqIWo
eGdMMM4cbgY
eH5kmgyshzA
eHDlhpzKFyA
eJ3BjScamCQ
eJCxStRv5fQ
eJrANL5jK4I
eK-itz-jxVk
eKUXvmm42Gs
eKfUgdqQkyA
eKnHWZAKyJg
eKsfcIE1dRs
eL2hbjgb2fw
eL2npt-hc8A
eLLh2JqAcJo
eLN8pB4ECQc
eL_8zUiLXpE
eNGuZZGu0Mo
eNnfZR1YqZA
eOUWgppUS8g
eQV_KPQAU0c
eRKKQsOoVO8
eRzKZ_vxke0
eSCBd7DpUPs
eSSnUiV8wGc
eSaaT3MoNes
eSb6-1fuAGU
eSuvXUlBhj4
eTE5h2rPR_Q
eTqlZNp2lXg
eTxJ2G5bctM
eUJvwmur83c
eUYIQVtNY0E
eV-evgx-T7s
eV15fvb1lnE
eVQkrUg7tUg
eVcwvgoZA08
eWAOZeUeAWI
eWVk0s3-Bps
eYZszII-O9o
eYxrEW3A_AE
eZ7Hxc2kb8o
eZAhbYCL_jc
eZX-Rb557sU
eaXN3BH9Smc
eaaE8ynZUq8
ebGoWSpfJSU
ebQY_01Mhzg
ecgKehk-gl0
ecyYeGCC1_4
ed3QdXN1-UI
eduf3pjFxaU
eeofPvB-fT0
eeyGhn0tF9E
efSBmykICKw
efTEW6SAhg8
ehLugMf2E6U
ehtMp9F8LEQ
ehyw7y4EjvQ
eieRSgBCLNI
eiplj2HkvDQ
ejVbvxSovRs
ekEfs7h_oaI
elI6dtf91ms
elcm5RyIeog
emp5thwTAUA
entd2kkZS5o
eoPs0NwcB3g
epRPgJoNXS8
epUuZpFshBc
eqG08zNWXd4
eqcV4TH89uI
er-iWsSLXxM
erjKyVIWzVE
es1yT1gt49c
es4r8uJ_GNQ
esWOozNJ-3g
estqPCf-eSk
etG-W1cXP-4
etI_WAo_MOQ
etMEOO3Sbfw
etsPyzi2eQg
euMuyUlsOJs
evkTyCWGhko
evsuK6dC-Ow
evxnNVG6thE
evyV5BPhA0o
ewUmL7yXA2g
ewXa_U2USSU
ewZwmapvzGE
exd4sp751Co
exmvi1XFmRE
ey5jF4_mVf0
eyZLS3Bgr6s
eza_4ME8Mrw
f-MnJivCS_I
f-Tg-47YcYY
f0Eji7padE0
f0bV4nH7Mnk
f0dWrR9B7Ak
f1LE3g_1dxA
f1V1kI7tUek
f1YoikbVSkc
f2CQYNok1VE
f2R-2NqOwCI
f359KaxpivI
f4nDVsXNaew
f4xS5RRcOUU
f5boSGZCQbU
f5scLh45dy4
f7t6pemVHYU
f86LYy5nox0
f8rU9V3FGcs
f98n36AlXo8
f9_A1a4TSTc
fAAsd7s9mKM
fAmcaFP6ELc
fApEXQAUzf0
fBlj7NIUjiQ
fC0VfdJN_88
fCHGN57UtS4
fCNoVMe0wAY
fF1t2dzOWes
fFGg03bUNgs
fFVTyQW6DPo
fFpvUotL7rU
fG1pK-P0rGw
fGINDT5h7r8
fGZABeJVVn8
fGlwCOg7sLs
fI0-XvGYREw
fIf-i-Hgm9M
fJ0xWOin4sE
fJh9OUqk5WM
fK-3ZcWRUrU
fKP8I4KFZyQ
fLeDeby3Deo
fNYLknC1JTc
fNxtkGvUOi8
fO17vyQavL0
fONw9GTumrs
fOXeJuLUAQE
fOv2zSuQYCQ
fOwdByzruLg
fQ0iw4jxBkk
fQB0nk3Zjv8
fQzamHmWt-8
fRWrWtAGzBE
fRobac0q7ww
fSfcEi-DdUk
fTTufUuEMws
fUMlMJmgF14
fVkln_W6itg
fWJekTolDg0
fXXKSiF1Bbo
fXyzO4QXs2Y
fYH2YYHoOhc
fYiRqcpIFrw
fYuPYP8YeMU
fZz6xqw2OwE
fclkp-ha_kw
fdWfCNv-82k
fd_1TCKzrLA
feQ3ZgVLJns
fegDAsrQnz4
fh25hEQpjQw
fh6hvHHTiMQ
fh9q5hs0qZc
fhnq3h9zYjk
fi41CaIXY2k
fiEIQj-tcBc
fiS51pvOYpA
fjY1MzxrYYw
fjiJPVjWzxs
fkY_v53S0Xk
flCeK4CibPU
flT-WRJj1IQ
flvsrYGjmlY
fmN723FNu1U
foX69PMrmSc
fopWsI3cnD0
forCBQFjAPs
fpBXLwYdNLQ
fpdB03SzC3w
fphS44r-klU
fqrM6ZLBxoc
fr6mNWzYGrc
ftMzeeMWasY
ftoPALm6wfs
fu61Nwox-qI
fufk96MMGCc
fuiOzGoi5rw
fumJndGmoDE
fuop9oHNzQ4
fuwunNTXHP0
fuyDUrJMpuc
fwVO_RkmAms
fwaRi-oQnVU
fwczriVaKI4
fwfoOOc34GI
fx0pI9Uz9-U
fx2G-cMoZdI
fxJ8ThjURzU
fxhpsBCU0ck
fyjBxZ_p6Bc
fzDoJLqtjzA
fzFN6pkHc9Q
g-zYT-YNhmc
g02KAVLURdI
g07wCINbYWU
g0Te7WLL1pA
g0eToYCvFxQ
g0xUWZwApHM
g1DwqFIPV6A
g1WTPoMoKGs
g1ecpH9i9Pg
g20ci97N1Qk
g2BRheosXjg
g2TSmaP_CjM
g3IfMadyH0U
g3Sc7ndL43E
g3_ST8KReq4
g55rZ1dg1Vs
g5MWMbzSehU
g63UDBptRSY
g6WYtktVk-E
g6X0pgn7awA
g6uVvt8MxkM
g76ElngHKSI
g77tcRKwHms
g8-DhO4mQho
g8Ncbp_Hy8k
g98RfzOvkh0
g9WPWtYmIKg
gAFgRnJEgAE
gAhZle2Fuvk
gAkYGHrEm-E
gAvhISLlD6g
gB3ZsPxU548
gBAuBoHCBAs
gB_D8WLOrec
gBiNNitnNCU
gBrsP94WJwM
gCKxG0RTjGk
gCLdby1uUMM
gD3B10S80hE
gER7xKWcLFs
gEffxAyTAqE
gFdpt2tUfwc
gGdi247Ijr4
gGsFwrpJ_Dc
gGsz7YpUjM8
gHlPElBKrDk
gISIkPZ53V4
gIbPmhXacE8
gJeM6XeZ-Ig
gJpQBFEdb2w
gKQCpdGPSSQ
gKc1WQRu0_o
gLPOZWWVx1o
gLwmqIGd_E8
gND0ghWPNpM
gNShfiMpN10
gNXnDZduZII
gNsJzNzK51k
gOLOL86xKeo
gOZo9qu3nOM
gP_wjuNOreY
gQ4poegymxM
gQDWnUIFhVo
gQUJ2bufwR8
gQanr8Ju9sg
gQkDh8nXrB4
gRBvdL770uQ
gRjoKEfAXr0
gSMBGpS-x0k
gT-cIXCrdNk
gTBN7x0Izhk
gTIVOP1Rb-8
gUV26tYgbp8
gUb8vIp8U9c
gUi51Otf2no
gUrhIbKq050
gVGun9ZeiRM
gVVLXrcwLpY
gVeH_Pcrafk
gVkpnOISNJw
gVwxXv7_rN4
gWJSv0fTtIk
gWpMm1ieJxs
gWsc-XnuxAE
gXjLPVieIjo
gZ4y1Xron6E
gZRAn1NoPgs
gZt1cQUgzPA
g_BW2sz-IZM
g_yv7TXSZIk
ga-_cFixJz4
gb5hLwIn1u4
gb7Vu-L-N9Q
gbrmA7-HUfA
gcUYGxKMVbc
gcayBekKbiw
gcqFv4_CEZE
gcxcJXybUa4
gdFP8OI7B7o
geQttrKAeOI
gfnCeXZvB_c
gfr7dpvlkeo
gg4Ots-uV-k
ggbrIYp079M
ggkBopFPpho
gh-rX2X4wlQ
ghAiL22WG1M
giMB30PK3mw
giWgphsj2sM
gl-zhknkIew
gl0Kswk_RK4
glsRYL9GoVg
gozQIcbKnMU
gpQG_Nv2MGs
gqlcto-qqBo
gr4B6giDVRU
grhMzKwZoeM
grmhWEVsc2I
gsE5unzVbGk
gsPO7WTct24
gt84_FeBUbg
guDCR2tZkPc
guomFh6KSlA
gvOla58G_sU
gvRSvjmbdCM
gvkSvO6I8RY
gvvlhiHMSmA
gwIHHqzp4J4
gwK8DDIHbhg
gwQk3xBU9d0
gwZ3zCAwraM
gwZEM-oJzwk
gx5wT1TGQUs
gxCR4jCOjeU
gy04ZgzgmqI
gyIad2Zel1k
gzCGENTPzuc
gzavoLScbFE
gztywjFgdZo
h-3sJe3Sh4Y
h-CcJx4YYGc
h-U1osFrbIA
h0-DmHMhbMI
h0U5QqZGhLI
h1GgV8LU1W8
h24EMKr1Z3w
h2FwZkXAkpE
h2KjpzAXs-s
h3YvGJc3huY
h4paUgVFnIc
h5FsCwiZstw
h6A7bvtRHrk
h6JaQCOOUhw
h769hDojDPs
h7kH8ivjMGY
h7pTssIHerI
h8zN9hob6Qo
h9aZP094Tgw
h9uhtJAwUmE
h9zeQHhD1cc
hB8dRie7iwk
hBbMZ7Ss90E
hBr914pVfxs
hCoH2eWrYPY
hD5PTvpZzQ8
hDJ--T_XUMI
hDQSbPsQphE
hEcno5F-YcE
hFz2E-RKZcE
hGojY3KERXk
hI74n0TkuPY
hI95mD_7-G0
hIFJipdTO8I
hIOCFMSQgfw
hIYqVw-TyM0
hJAYUuFwrwE
hKCnDaQmosQ
hKYzOg1MR00
hK__AmJEHSU
hKjakbpJpd0
hLLLCKk0OnQ
hLprvw3IJbQ
hMkjKYC0Sjc
hNK6Lqh2mRw
hOoVUrvWUSU
hPKYO4LVLvM
hPkpuN1IKOo
hQh7KvntSm4
hQjr6YslTTE
hR2dagQyaD8
hR3W4Ndc8N8
hRcdf3itd2U
hRntb6xB-bY
hRwceIo2azw
hSjFtagOD7U
hTV01RDiANs
hTncOKE1R1A
hTqgvluRkok
hTtU2AbD6PE
hUO-PpWWieU
hW7_rixKxag
hX9ANFpB_Ic
hXDZ-Y2Ihrs
hXjoDzTwrqM
hYz-zy5IrjI
hZBgm7GAkGM
haKxfulTKXY
ha_B9__vqEE
haes-a_qhcU
hb9ncm45Bow
hbkXF83fw-E
hbypEpEvc70
hc0GlS6LRRQ
hcBcxY5wq4A
hcHyiiEbG1M
he8S8RR9g2o
heFVkKYQ3TQ
hfCGFUqP1Vs
hfTE94etXew
hfcci7f63mc
hfj6vwdZjoU
hg60BPjnrOM
hg6w_su-IEM
hg8gBST926E
hgMAQbgcmGI
hh2bk-ce6Oc
hiDlwAG6D4A
hicD2ux40mc
hidEqR9Fgv8
hjZAppl8PVg
hjr8hD3giIQ
hl0ZD6YmTeY
hlhZDM1bd9Q
hm3QwFLGyEA
hmdZiPMcx24
hozyQGEKYDI
hpMiVh99gJc
hpl1CiqNnQU
hqEeBzyg1M4
hqTKNxLGbHY
hrSTAHfSeGw
hrtkiPSthAM
hsFd4cO72eY
hshMjga9G30
htbY-S4pdOs
huUvqmFKUyI
hv0UqtZ-aJ0
hvI9XvbxPXA
hve2viJS69Q
hvzysyHgpPM
hwHTdKjmbKc
hxDZcNgw1vU
hxgY_0QT1wk
hxrGosXyFXk
hyq2vfq6Z1M
hz0Gt9aOrf0
i-2-iH7o6So
i-A6dorOiEU
i19PKZzXFmE
i1ZTPJVU7m4
i2hm5tTq_KY
i38tsSspPPU
i3Yw6BHhvBY
i40Vz5uj5bg
i4xmAwRFbLE
i6XtrFCa8cI
i75zPX11yiw
i7xyj4-XBY4
i97EO3WVP5I
i9ehaRPH7K4
i9xXE0a0c0Q
iAa9KCD5ySk
iAc_yyP3Pzo
iAvS5g0AZfk
iAzCMym-1B4
iBL8d5nBHjo
iBg-H0ZjdE4
iBi4s95afk4
iCdFoY6r2C8
iDfsJvczZok
iERwI6_BZ_g
iElKhh_crVQ
iErEnssYDB8
iErqpOoPKVo
iG1OyKMMvSU
iHWowUanTjo
iHmyKmOmhTM
iIf5O_k2T8A
iIgPmDryoqo
iIiLAaYdlQw
iJXuZZB7Hco
iJenf5lG2fY
iJukxk_b2bw
iKT2aas7v8U
iKuW59bLJDE
iMPMK1LrG7w
iM_fbg0VBek
iOpK_T_s9vg
iOsifPgxEn8
iPdgOViREHY
iRj789AVI50
iSEuRu7k9q4
iS_bjTZwmI8
iT1dtDs1tuw
iT9EnX0fo3E
iTJdUTqRU4I
iUCJmsPpKs4
iUDGjH7qW8A
iUFnTq70GJo
iUTYPXnEnDQ
iWELlWdjeD8
iWaGcgt1m04
iWwJdtB19mg
iX3X9SJbXzs
iXHf0zaI1wc
iXKWU59dhLA
iXRk8raT9hk
iYtV2JETed8
iYyvZJ1SPfY
iZ72WhhOoOY
i_GNN1hqsF8
iaIgQRjsTq0
ib8yGfIc7_s
ibuovO-mmIY
ic3tlDy_h-E
icZj8fnjdZI
id8zsjo8pXA
idaGF5lw-nc
ifyHoJNdXG8
igk3UHBBWGA
ihb-pxvBOkQ
ihieYOHYxIY
ihzXpz-tohw
iicMSU5FmbM
ijUI63xqhuk
ijZbJV64lpw
ijgDi0WtYWg
ijsHIKgov_Q
ijuSGxugQi8
iky1uE7sxD4
imB8TZ2L_wM
im_NIMpppFQ
imgEar4j_5g
inFj7Xc-1Yo
inGkqDOnS50
ioBAb7dWRo8
ioCWLRVB4Vo
ioJ36DzkJyo
ioTglthzYwI
iob9PGooM7M
ip6XkN3Gmio
ipvjXKtfxzc
iqH7qwWZJ-k
iqveF_R8WM8
irLCb1oPJ20
isQ3ZIK4g5I
ittyLRiDLEY
itwby_Cl9b4
iuMCQ8o4C0w
iumHWD11La0
iumyis6ne10
iv5T8EEIB04
iv6ZZGr1BjY
ivYUiQIVyIs
iwZBB9eJ8pg
ix4ia8c3KwM
ixLksti8Ovc
ixSW0yeytSE
ixgC3Q2cCak
iz6fLZHQ77I
izh8uXFcX-0
j-ExMa8XPPM
j2pwuBNX9dE
j31kb1IPsug
j3ciJWZCDS0
j51CJ1S95kU
j5W854dJ5AM
j5wnMD7n5sQ
j69FOEi4HV0
j6TNkwBlIps
j6rMFN1B3EM
j72j6XuJGpI
j7KVBxkxkRA
j7NCsZ3CZHE
j7yGUb7Hx-E
j7yIXQ1VyLk
j8KOCkWbbDc
j8X3E3QffTg
j9PCh1JimUg
jAwVuyjlGBQ
jByhPwcwyQw
jCCOcp98xCM
jCF4lb6ATak
jDZJrJ_PIjk
jE5BiD88PhA
jG2-cNnONV8
jGDNH9Iy-w4
jGe8tFJAK6w
jGhbrLkjSAw
jH3aNZ2u-2A
jHO2I84BqPQ
jI0bZsMsTEk
jJ5K5TBQDzs
jJXstQR1xRU
jJpMe-RdeCM
jK-uAPqiZDk
jK7OybqtG00
jKAslyuN_U8
jKPRCQcUrPE
jM9IlA1oiPs
jMKoutMMbOs
jMQjXgVP9fE
jMZN8oMv9N0
jMgB6-x4i_A
jMnnz_a5gEY
jN_S50GDTrc
jN_VsyAcqIY
jO3IZcnQTSk
jOetJ9A-yhU
jOpSqvglojQ
jOpq0wrkdug
jPYnxpkYIdY
jQ4fHZSbor0
jQJrHVpMajM
jQM2cXUr-5o
jQT1a6x-Jcw
jRDY30TJQd0
jRN5lH5CaXY
jRqmevgoCpU
jS8ChVmawV8
jSGBy-6OtAs
jT8cnaYMZyE
jTolC3oKgQs
jV-Mzix4c9c
jV8A5lubTaY
jVjP9ltlvLw
jWAvPdwBzhw
jWPfGiGaClU
jY4P3pLqL4Q
jZ0J0Yc2Xmw
jZPKJ9Tx8Ck
jZmbsRCjAwA
j_REtmS4STg
j_UzxxXGsj0
jaGe-VLj3CE
jaMjbxvfnK4
jawnoCQziIA
jcYWlHfBHkw
jdLSMguRx3U
jdhP81c4220
jeR-mUr8EAo
jf9NiLwlQ-4
jffJ_MLKsF4
jgXTqUrnov4
jgqIYW5atRk
jhXZRaF_zYE
jha_mMGw4h4
jij7o76BTZc
jilB7L5xAGI
jizmrbf_nkY
jjw40KRcv80
jnLeY3YI4aA
jorsTIW6Z-w
jpakOiUxzIM
jqRsbB7DFeY
jqxPjarEfhU
jrnymtS2-yc
js-iZqkZNxg
js_oHstvTWE
jt3FzcMLVjs
jtMZRBcRCO8
jue6SgWF1Ek
jukf3uhD6Zo
jvJ3pnAd34c
jvyWtzIaNZ8
jy3j0mKBIvY
jyqw2oCRdL0
jz1ivvpfDts
jz71xFWtCPo
k-ATyTmvy3M
k-BqCG6SZxU
k072EInkST4
k12qdk99OG8
k1FfazQPJYg
k250zXIhetQ
k26v6I57xBE
k297yNb6SdY
k2JCCfn13Mw
k3rKAXKv7EI
k3zAbsMGI-U
k4bU2CJCmQE
k5wXm9gDJ0k
k6MENpn9uZI
k6niQB9bUMk
k714-DR3v6k
k7HdwCbE0Fw
k7kXeRrScp4
k8sjKj_ILqY
k9QrIG53k_M
k9WWUy2n-qI
kAVJrU4KuZ8
kAj_NsWfFbM
kBSZ7_ggnTQ
kB_5ZHSoiJM
kBhcN9In6b8
kBi2hiTiQx4
kDpVLyrLpas
kF3aIHKNJ8M
kFpSGkDfSAs
kG0CyX4Wzho
kGfEchsfhoQ
kGtGqLvKcUw
kHSr0t1ozEw
kISZq-l48l0
kK-OHAHpng4
kKU2Sn6vDSY
kKZHA2QUMFA
kLA4h0vRrNg
kLLf7nmfIhc
kLWqHla35l4
kM431LVAPs0
kM7xc4wTkBQ
kMNNaEqhvOs
kM_SntTEk_I
kNl0Gqw-iJg
kO6JULojpjk
kO6eS9mg5Ok
kPVcMuN81yc
kPXv1zIrlzA
kQFuU86jOPE
kQrE_03FlZw
kQy7EFl2DG4
kRUM7kLFRlQ
kRoqHP3nTCk
kSNF7l1Kl-w
kSYO5RthbEk
kSZU-BsHX1U
kS_o5zgTFVQ
kT0G86TN6b0
kTZshxY4rbo
kWqj33ka9mk
kXZKYw3qzTM
kZppFBs4n5c
k_0lRrtytbc
ka9GF_Qvldw
kab1qNP-PJQ
kanJX6jAuVE
kbejXzmpBSs
kbioit0FefU
kcv2cyE6pCw
kcwITfMNyf8
kdsI7M9jrgg
keyVet1pOE8
kfCgAkuX_bU
kfGT_WsD8fk
kg5B5RRxW5Q
kgR_rWw4uSQ
kgeiuLhSa3k
kgh3aWcVQaI
kgqHRNZ0Ad4
kh-q2idQUbQ
kh6-dTvPA6A
khZPssC8Voc
kj2mHIaqGds
kjIrNdbdULM
kjfR9AAY4co
kjg_5OhoWUU
kkSh2y7LM4M
kkhehL61J9Q
kkpWWxf5f58
klDFWt_INMY
km3sehixjwI
kmAR3toJaLQ
kmVZp-q_6zE
kmp3RnK188g
kmtOKNc20Mo
kn41zMc6BH8
koHn3_K7NX4
kog-4w2-m0A
kojpasOCJ3c
kpdCxRfr0Us
kqf-CQdKDDU
krCNgL5Ft00
krsPETENoD0
ksfWijPLFII
ksg5RucLPGE
ksuhNZPz0kU
kt277Pzpv9I
ktEQY4kE15A
kvK_kTLnbG8
kvpUWtyrGR0
kvtpSzXH3Q8
kwBGbWmmXco
kwxCqbKEpno
kxhfuq_TVnA
kxp-_Yd1-eA
kxynV17ByJo
kyblunvV-3s
kz64n9fYWVs
l-NASsBlGHQ
l-PZALuvQDA
l-cVaoB1IJ4
l-cnROFxwIw
l-le1yt9z-c
l0QQqQ2R1CY
l23NqPzsdTg
l32ZZLmlQ-s
l3Bk6456OI8
l3LxW8ik_3c
l3S7gTrvzR4
l41HIj6C7Bo
l4ZxcI1xf9U
l4uOQpsjO2s
l4yUq8iAutc
l5fy2GQw_i4
l6Jnji4dYTs
l6MQocqNvVc
l6W-uYDFuI4
l74u0UaqyfY
l7syMjk6nq0
l8hz23CpEZQ
l8pmHIbVp6g
l99ZNYXv6Xg
l9by6IeVwg8
lAPUdXzaysI
lAkLDU9q-eQ
lB5cNmdiZAY
lB7SLf5L9oY
lBwy29oKoKk
lERz2oeZsfk
lF31XaBzy7c
lGCCHM0RWLo
lGKYGMRWiN8
lHHMZSlGsmE
lHf_uNGMmNA
lJBVsii8zCw
lKfsFWlzCBw
lL75Rc3edmg
lMJxXD-HbCQ
lNPdnbktINY
lNpr479HShE
lOT0UZjOoBM
lP7d9ZAGGRk
lQ4qYzKqC2U
lRGz7b5BVGs
lSTwyK_vQlw
lUXvmc1DHv8
lUw2uhBToUs
lWDmeN-3v3I
lWnLzr1L7kQ
lWtBUV654WA
lWv0Pyi-AMc
lXjIYdLWXII
lYaNjySAPeU
lYbFp7JQ-2M
lYjXaVPKJNQ
lZLVFlJpRDc
lZPCFOikkWw
l_jEaGdpzmU
l_sBAEYEYDg
l_setc1R3AQ
laTk7B3zVqw
lanOLBp1OLw
lascUP9lgxA
lbXd1Er22kE
lbdufldY_4M
lbkCkTmM_h4
ldETZsdiSCQ
ldGIBF90X-8
ldGXFjzF12c
ldhgPD11SbY
leDO-v-BEFM
leQ3ss08IR8
lfoywoCmuL8
lg945a0Rgz4
lgTPl9kXLbg
lgw_763cbO0
lgzM7qWefec
lhA42icTWtw
li7DGEXpD6Q
lij6SBPUPmc
lijCqu3zsVI
liuqS406sUc
ljYdZUA0t7k
ljmEwQhi1m0
ljw7A9PX_R8
lk8tQLgrygU
lk_JF1iIVlQ
lkqAT-HCkZs
llFNhIV9VdM
llXxnva_Kx4
lm38TP5soFg
lmQDGwdZ3es
lmqyC4D27Ic
loTVcv8Xm6E
lplnQpP8U10
lpoJ-A9SwI0
lqOgbdEh1uY
lqwULC9wDkk
lr6PYa7zMEQ
lrAC6qCIaUQ
lrSWYD4Iwuk
lsRUM1NDMwk
lsWntVCneyU
ltw_jqFrF84
lvaV2TvnEUc
lwHbM51faH4
lwiIglAnlYM
lxNPzBH4fQo
ly1B5X6n30s
ly6lf8Wmdcc
lyO66cxGfwc
lzjuYq13PgQ
m-S7jRCrMaI
m-rzd1RpbJA
m0G6cdVO7yQ
m17FQMV1N9c
m1Z-SRegr6I
m1tVMIB8ZfE
m2HEvK1BVpw
m2LJMWwocaw
m2PNSDFaJYY
m2T5LemAB9E
m2cx2lqsdyo
m35falobHiY
m3Bswln7u6Y
m40E6_zkSdQ
m4SBvBmzYps
m4dPsTRAxaU
m5FzFjjm-Gg
m5KYHlvgDYE
m5bz9aHLM4s
m5fcn-FsWx0
m5oJg8Uh-ZQ
m621FWh8e9Q
m7P0mvsUjUE
m8K_6j9ANd8
m8b4jfkq0yA
m9tLqe8inhw
mA0Xp90jbXk
mABDDCMqAw4
mASP7YqQZBg
mAqnJquDVqI
mAypIOdODc4
mB0SIG0osFg
mBBpwYMOZ-M
mBJaEV8BiKw
mDEV7OQrLTY
mDKEWrD2owo
mE3u_leHUgY
mElsDfWVqg0
mF520wVPkv0
mF8N1_-_Xck
mFW4CNQ4PCI
mFxz6xC2ZZg
mG7WCix6_4M
mH9snqo8nws
mHSSgO68RUA
mHd3MbDtW4Q
mHxtmOPfY5Q
mI5vu8OTCE8
mICTetRVAfg
mIGa2jdFEHg
mIKH4j6Qz7I
mJxuQM3ewfI
mK6livEJszQ
mL8dlUX43Ms
mLuwABRZzWM
mMslTYx7EaU
mNWM0kLfq_w
mNji9tUWIJg
mNvp0E7HIzQ
mOk54xF2Opg
mPN_Qx876TI
mPWKn1O-pAA
mPhJCytHW4M
mQOdeb3ML-o
mQUr8Qbc2cA
mQdrVdDWS1o
mQgA6D_cIRY
mQzAN1O233I
mQzXtRvAHqY
mR9a46TDE-0
mS28JBNubtE
mSDRm1UonDA
mSW9QugISa8
mTFEq5yxm14
mTOZU9KNHno
mTscD5f97XU
mTvuzxaAN-c
mUKsWxI7zn8
mULffqeylvw
mVMN8JQPY4U
mVfTPml-caM
mVluJH3_oHk
mW7zRAmGy6A
mW9YtTY28q8
mWT6Uk7cncs
mWmB9srH6v8
mXsAbPPfjDM
mY6bGVPdOmU
mYTDytnGzMQ
mYVNO8Y7_Vk
mZPIZqugTTk
mZZ3nrjcm1o
mc7Yc60f7G4
mc9JDTJcIj0
mcINXq2rUCk
mck22N_cXiY
mcyd90jua3s
meTILNv-jl0
meUA1l7_SjY
mfVrPiDsd-E
mfdg76T8MFo
mffRhaAMESg
mgY2kRAfunI
mhzTeF9lXzY
miaz2zDo6pk
mie0yLLaQBQ
mixcWdyBuAU
mjElMqH_wJY
mjQiKEWVJpA
mkNB3Vlel6k
mku9YdNUIEs
ml44GTCytz0
ml91ZTPfbXg
mltZ7LcQqjA
mmP8ZdYWbYg
mmZ4yg1rgoU
mme4SBavU6s
mnA14YglK6M
mnGQDxBdfJ0
moLOMIk_epw
mpq4vv5ZZlQ
mqHFHKG5PXU
mr3CyhdAEyE
mrMkr7pLn1E
mrO8K6_WOxY
mrxJlGxE68k
msOjARy9l8M
mt5QSRVhbxU
mtBwvUN5lYM
mtPFyLiMEeU
mtx5jJE4uoo
mu0c8Rf57Pc
muBzX5aJ8Yg
muLV06bedxQ
mu_x5L9dYBw
mviY2DYaLHE
mvrEPEXmWg0
mwOe6Q9utlI
mwk39A3blSQ
mxIk1kM5lwA
myDhJ5XNVa0
myG7wM9c6aY
myUxJTA7k-A
mzn8J7zXajQ
n-KRih0bB2E
n-XImlEw8AQ
n-sLsXIAKmw
n05U4pZfgws
n0zNzfhmrzo
n1EPZKsRLpU
n1XgtPADZ8g
n2DLWq3DKMo
n2zDaMNKQ0E
n32ND6y-kmY
n3BI3ZQMj7c
n3NeS436oZA
n4i1PfuUr60
n4r8OETwkZA
n5OJCa1ULEg
n6P1ZdhJsCA
n6_YGLor8h0
n6hmaPhAjsY
n76fmhuJYV8
n7l58Jonc8g
n9_ZEapOzas
n9kNGN-sWl8
nAqNIYQguDo
nAyocNesPbo
nBTO1-qO5gs
nBeAHRY1egE
nC-0DinUukM
nC19RNqbBSY
nEk91-Ib9Nc
nGh2vXVI5a4
nGnRiw-Aydk
nIU2JmWhv9g
nJ7UOourP8k
nJS1PoVUsWA
nKJ7H2VJQq4
nKNhophAxAk
nMCmzLT4jl0
nMFs--NeJjE
nNBBa8uLaJw
nNODu8Ikl7M
nNV10dgdP0I
nNe9as4kAC8
nO2gf-LhKrc
nPoU18wi2Wk
nQHdKH0iD0c
nQaK4j3H-Bg
nQxoEctK1Jg
nRpp6ksQ8pY
nRpwHFZJ2qw
nSFa2tJMHUg
nSGxelAtV7c
nSPNwS2lDtQ
nT7Mzun6QPE
nU93DbEsCDw
nUW2WA4lcYg
nVmtrX8GIdg
nWXtTXWsIp4
nWY7xSs2ODM
nW_M3kN92oQ
nWnxghrwXqw
nXZtpUo2k8k
nXd1m6TwEHI
nXgt7rSeNqk
nYyTlKX_7SE
nZ5mG5k67us
nZIx-l9dEGQ
nZtMBT7PeCw
n_6F6zymGm8
naBQY7BldpI
nb48rfjwoII
nbCvfdKEfw4
nbRJzd3YZ6I
nd5OGqddJ_Q
ndG7Z-wzRoA
ndt5StG5nPc
neR2TQytTB8
ngGsdEvpsFM
ngKF1bcVxLM
ngNWXk5UIAg
ngY06auGf_M
ngdYOGa3iSk
nhKUdn4qREk
ni-J7Ja_k8k
nj0pcG8MTcc
njS2ZLewCsg
nk9Le6XX870
nkWwjCFeSyA
nki4YRPvjHc
nklbwPBp_kg
nlZuqyhkl9c
nlgZgHh9YMk
nln-BeCd1TM
nmBQvXdyvl0
nmwmiRRuiTI
nn7ucArPUWI
nnN9qZJB_P4
nnuPWn3zrhE
no0R_JJWPdU
noP9XQ6EndE
np7IfcW2qDs
np9dVp3t9RI
nq47FUmrblw
nqa3gjyRWTY
nr1AM_nptbg
nrnQW54NLx8
ntO0xBHbWGY
nuOpY0xsX3s
nva2b7fgX4o
nvcSFQG4rRM
nvg2oVmbolU
nwETe5mrvX0
nyUOKM62WTk
nygrNPZeXbM
nz60M0_5IuY
nzKVYhm6nQk
nznFXlIMpMM
nzxiiyB7aKo
o-mf18ZCd-Q
o03r-ZFgQwA
o0EQUhXqrpU
o0l_7G7Jcfo
o17D2lqPI9U
o1OE1TtFft8
o1xDMZWbVZw
o2GOh6s6pb0
o2gx8Shobn0
o33oGhE4Aco
o3jpFv2jSWs
o4ItsUKGQWY
o4fNLk81MN8
o5kPa3ZMCSE
o5phEZliM5c
o5wbuCfJ55Y
o6ddSfJqHCU
o710n1kH5bU
o7h0WMpLQI4
o7jaGu8OJKg
o8nfXPCV4yE
o9BbZasJD3A
oABWjyz7400
oBSuPA_ra9c
oBoF_gxrY7c
oC3-Kr1OW68
oCY1hJ5aMwU
oCsSKW29VPg
oDG3JF4T45o
oE4Ug1A5igE
oETUvQ_ApJ4
oEV3qlN6N7M
oGOrNGr_vPU
oGROb93MY14
oHnM31PJIsM
oI_D_UKhlSI
oIbOgJ63Vm0
oJM0HXW0kI0
oK0cpXlrJyg
oK9Cr2X8qWE
oKYdYKTx3bU
oKblIcYcAdo
oKgA3vTee3M
oLEhxvX-ueU
oLmtluYs7i8
oLtImvKoZ8Q
oLy3CSJEGQ0
oM8cjqjI7Dg
oMK11r94hHg
oMn4khbCEvw
oMxaKc94gCg
oN2WO6YylZs
oNSf3R1ieGQ
oNfmEWpPpzM
oOLEm6XQ760
oORFAnE8mE4
oOtpljdPwJo
oPXhFu42vBQ
oPaaPuyS4V8
oQ4u7LuqxSQ
oQPW3fvqEnk
oQwBvwxyAuw
oRReZRCjPWs
oSoY_JNgaTk
oTHuoGrTf6Q
oTUUJsBolZg
oUQAAC-JwAQ
oUcwLkpFzS8
oUkeDZZdBf4
oVT9D7MXbxk
oVauW7iCNs8
oVxAFuLYqd4
oWWYWQN5KDk
oWswDl-032Q
oX6rUX0wgvo
oXW7WGJhExE
oX_1G0KuQQ8
oYG_xy_O2BY
oZODPF9dZo0
oZVKM7S50Mc
oZWB4itEWv4
oZdMHGWi2Xk
o_TSZZaqj-o
o_zSShbQBfs
oa1e9E5041E
oaomgDNzI4s
ob_A3KoY3aA
oblO0zS8Uoc
oc-YLQKh-As
odgNioSX4Oc
ofSx0ADtzEc
ofXyJmug1BI
ofg5K13IgSw
ofg5iCCfckk
oh5LH-FM2Tg
oi4OSMlv8QY
oiFEVXy-KPo
oiLvJYV9f-8
ojpQTk_i1uc
okfUoDNzwfU
omeiT6WwHKQ
omhxhxMGzYw
omoWBfEionM
on2f9FY1rus
onDik3Bc63E
onUC0z2P-90
onXGsAGPKrM
opaLjXBd9RY
opd9SBwRgV8
ophLX4m89QU
opp7gpQqBdc
oqB9fCjt-_k
oqWkhdvtjpQ
oqYBBLP7C2Q
oqzcx6ZpQFo
orRywQxbmMg
orxGvAPWCEQ
osMe8FpI9Hs
osOXiNaQ9iI
osWFxqHJ6dY
ot-3rGzJAYI
otakiSXuBeU
otiGK_tNlxk
otsvPn88HC8
ouALCMFFIK0
ouULUtTpclA
ov-E8MKYhuU
ov1kCtUIb6Y
ow4ZEI3TycU
oxERUVLd4jM
oxYZ6Jt9Z54
oxweLBVy9L8
oyNxenrFyQ8
oyQ5GUSBzDg
oybAtEiLOHM
oysF9nuRY_A
oyu0BMq-pq4
oz6blQzlcSs
ozCdzZlsm74
ozclv4CX0KQ
ozd8fpYsQmQ
p-6jaI-7yYY
p-GSyrzMwrA
p-L8m0Z-0V8
p09RdI0sLHo
p0I-oMwGckA
p0rO6J2xkN0
p13NjtzMJYg
p17QtiWi8nk
p1VWiHiGsSg
p1dmd6SbcXE
p3FJvUqvKFM
p3KQBB5qN74
p4eWPYnG3GA
p4kmm8JYz9E
p4pBec7vOXU
p4viKzBgXKo
p6QUHWPpXds
p6iT6hkyXtg
p6t5U_GpReY
p74oHQ5Vy-E
p7KjsQOJS2Q
p7QWUvbl59U
p7XXpaYWO7w
p83IaFzTzvo
p96rGv3DD3Y
p98iSPViAb8
p9e2gp8jNcU
p9sM6RbvoRM
pB-AsurYfmo
pBQ7krXHL_E
pBRkl2Qrn3Y
pCo5mUWpPdo
pEmCqWLSIHk
pExOKY8v74A
pH021MTctXc
pHdv3CvW2SY
pHpLbN-Mpbc
pI582fIip68
pIAAqwXU6yw
pIT9M4K4Y1E
pKQTlUQbAOY
pKU7xc46NBo
pLKfqJm-IC4
pLgUqGenJRU
pLh5_mXIRdI
pLuobfviug8
pMPHEs_tW5o
pMbje4muSkI
pNOArdwJ9rA
pNerpdSgaCE
pOY7NduvyV4
pOuqjrh49Vs
pPYumw0fUXY
pPazR1Eat9k
pPm2P2q06Vs
pQR_Zb1BKgQ
pR1NU8zOkH0
pRpBKf7uOXU
pRwgrYntM5E
pSNmYB6LoNI
pSd-SUsoUHM
pTkZa0UQC6A
pUExnWSF9Pk
pVS1G63bUXk
pVkATTyYems
pVuZ3LJJ_uA
pWiG8bwdYBo
pXN55iHHjzQ
pXrbfCnQ0zc
pYgLWX47Wfc
pYxB2BcdY3U
pYziXN_W8lM
pZjFhr0dT68
pZuw_9vOoUU
pZv4ppIHvQg
p_6YuKdp2Xs
p_Zps4vAUwQ
pa1FVRetpAA
paF1I1yM7yI
pacQXf7P7qY
pb3ZLi_g-dQ
pc87EzbgSa4
pcT-xnYWVe8
pca1xzrmwMo
pcgX2EfOGcU
pe7ozHR4Z3A
peGdLnvu_gM
peKDem7WXbE
peTO8R_FAss
pfbHZxWIGew
pgTX7pAD3YE
pi-oySeLgsw
pi1Ue6eQzk8
pi4Uc9hPdoY
pigiCTp8Tw4
pj7itVLBT4o
pk7Lgq8AqWc
plI9mVqCMC0
pliLuhW1AF0
plzSQzoHYng
pmjYoJ9UUwc
pncxMf4BjNA
pnqGYlee8Ok
poVJ-FrjyRs
prMrvFSzyWA
psd5hXuK0LQ
psgDv3h0b4c
pt3ULlavHmM
ptHE7295_6Y
ptOP0XeqyEY
ptX4NvKV6bQ
puvBMJFonYo
pwNAin4-Cr8
px7mL0aFIjE
pxNwyEx88-M
pxdw5hnWct8
pxwPn1xrO7Q
pyHh9eRmO4Q
pyMAsKBt6P0
pz1PK_l8POE
pz4q2J2xmkg
pzcDqTT2h08
pzlhrbCOdfg
pztf3UPS9qE
pzubtvTWjGI
q-c2hm3-YCM
q0Qbr6N7ntc
q0dWENBt2Ug
q0orj_XaCJw
q1-k0mG_MdU
q1dwp3AGJCw
q28bvRAiL50
q32TWvzQ4TI
q3yfo9d5bz4
q6zlc_CWt_4
q7OBjzWc4_A
qA5rjwqkI7c
qAP4g8mGga8
qAW0KvLSCzU
qB-mwGiNbAs
qBhabX2CCYc
qBv9FiAC1kg
qDNR375aCDU
qDv2xEr5NNc
qDww0dHrqEo
qFwUhCKqCf8
qGNlyT2lqj0
qGQMXvnMn40
qH9gusxJAVY
qHe_m4Xc6to
qHtOsVkP2ao
qITpNXWzGCI
qIdaYWB6Amc
qIo-kb-hI-E
qIv_FatdOh0
qJG9EphrqTs
qJGaByhmdCo
qJYHm49YnSg
qK-nLFfNA64
qK3CyXtzLl0
qKuPQ16y5uo
qLmAGzbPFGI
qLyTy_k_dbk
qM0gvjHcMsA
qMMHdFlRWRE
qNdjIPjnRnM
qOCgfGwjHHo
qP6DLWdreIc
qPO4RoHpEtw
qPzpH8m7hmY
qQjdWLEX8e0
qRTt9Oyyleg
qS1PRdJOcdQ
qS4AkDG6ocM
qSHN6AkkiB0
qSbW9MpdRKE
qT8NqFUqB9g
qTpZAiycAiU
qU6maYf_bf8
qUJCGW2OU6I
qVKp3trAl-4
qVrHS9h_kyQ
qW2b4NzHyro
qWwvaWQAGQU
q_s8c_VpRYM
qaDF-l96ZOM
qbUzgiPORw8
qbaweS4v_6w
qcMbjK1LCyI
qcXDOqEyvR0
qcZlxnE78_k
qclXjZ6KRqU
qdSs_ZpUx1o
qds5oC29Rig
qegXUx2Fvk0
qerjGLtkz-E
qf2l1CncZe4
qfvuIq2u23Y
qgN8_YR3Pfs
qgQMZisSEhc
qgnRCMrTMUU
qgrbRbM4DPs
qgvwyIPK1Lg
qha-g-fb8uw
qhcaT-UthIA
qhuqfW4BgzU
qi7zbI7IBHw
qiq0clMhkFk
qj1fLOheC5Q
qj8OdcsNAoU
qjIKO-wy0Z4
qjITsong9rc
qk0Bbvi2TzE
qkdklctBaWc
qkzh3DVGvKg
ql0iN9AseWg
ql8NlxA6Nmc
qlH31mclZKI
qm4vTWyjM0w
qmCbyeHHRL4
qmRlsZjOTTk
qmhE3pHitaM
qnOyJQqnpTY
qoBpYOo_Hr0
qoJ3PEIRuMs
qoXSqQKjOYw
qowKtzZezfM
qoxEIdfKaZ0
qpVGvRRdmZU
qppPOY8vFrg
qq2EeHTo2i8
qq810AKWTtM
qq8jBeU1Q4Q
qqBFEf9u0pk
qrfOKQDSpZk
qsN5Ne7RefI
qtHoVwNz6R0
qtIuvcbpUXo
qtW4hrHBGK0
quEuHipi-F0
qvWIJCBgITs
qv_DiK-nDHg
qw8Lbq4_c-s
qwOE8Vb4Zds
qwkiQD0j9S0
qws822TpaV4
qxjQOpJwGac
qyG2xrqIi4g
qyoxfIK1gzg
qyxriOudgns
qzFHq_QiaCU
qztev5XcU3c
qzyUd-JnxTU
r-22R4znCa4
r-IgtFlVEtg
r1alUvXLB5Q
r1sN-B1npTs
r2oUAitRcjg
r3AKGQOBBns
r4gFkj8C9ZE
r4huVOOR9OQ
r4okUumqggM
r5EB6-CWzCA
r8XQx-KdG8A
r8caD-AVfDA
r8czo61RBhM
r9HaA1WCBhU
r9VoReWTGUo
r9kVGgnljI0
r9lW0t2gZCM
r9nw4FEQGz4
rATRS77Tmxs
rAf6hHkPhds
rAgfMykkPjc
rAnDF_1ZN8U
rBZ47lvBJpQ
rBzFDoOR0pA
rD4P2WNhfx0
rDCkvJnuxtw
rDLq86AXPVY
rE_f2iaq5Gs
rF7fMlxO3Xg
rGHJIRumdUI
rGmSnfqHlqo
rGrViJYRA9c
rHKzFqAcFiU
rHcsv8Zz_Z4
rIpLSxjgvFw
rKDm3KDKFv8
rKWi6LX0s18
rKsKV92l1pY
rKvrGrzc2K4
rLsnNFmajLc
rMj8cZLpOC8
rMwYJH3h0aY
rNTdho31Cv8
rNbwi9ZENh8
rO5W8cMQuQI
rPKau3yXKdI
rQaveRRFKIU
rQtuuK6RARQ
rS8rrD2vin0
rSwDEB8ZQ40
rTJM3b53yKk
rTdw7iNCDMg
rTfUYnVjhz4
rTknkeQS0pw
rVssTIWZb_8
rVvVElJNvQg
rXJK8RIRoXY
rXXOv-zOB_w
rZR5xaF0gsM
rZkkf26SAwU
rZlkUrDLeTg
r_75_iN5bpI
r_GHpsrAhAs
r_Mi2RzTG9w
raRB63pUYso
raaG_JWTsWA
rafZvJmF76U
razhLJxODgg
rbAGxXHhvs4
rbWrtFSAXXU
rblfndrpW1M
rbr-ozSdI9w
rcwzN1m2DMc
rd3clHYRWQg
rdIEpEhHVRE
rds9xXrp6RU
reMXW9c-qFk
reP7vqtHanc
rfj4RytJzPQ
rfte5Ynm04c
rg_Jw9k8_9I
ri2n0inEcaw
riJjx8kESt0
rir2BJ1HGW0
rjnt2Ak6Qiw
rk-RZREfirE
rkoZx3U2dRA
rlMJo8j9wQQ
rlwNN3S84uc
rmlxXnvzHYQ
rn3clB18vpc
rnNVe1uR7NI
rnkDibv6PC4
rpAEJMMEwk8
rpp0HxvJxRw
rrmYKj10NVg
rs-3OQX7xeM
rs915_9WLHc
rsISBoTQyzk
rsQxRTXJOLs
rt13vrWg_kw
rtvaeWAPfZ0
ruIK-kzrLPU
ruWAlU2VKoY
rugafUwNWxw
rvVKSv7NRJE
rvrN854NAwo
rw04G7zDdPs
rwCALivt6rQ
rwlad4QjTH8
rwrUPvlIIk8
rx2SQgLLy1M
rxAXEPVVnhY
rxasbQNs4j8
ry-KUsUwzKU
ryBMG8P4FcA
ryRbmaaCEDI
rybn73IxYzA
rzE6v4QjEFs
s0QHm6U7cws
s0fCEk6O5r4
s29iHrjfwGU
s2Cb7BZOlnM
s2lykV4zTYg
s3EZbNDagOY
s3KLRfdPpM0
s4EcuUClfpM
s5Q6_uF7-UI
s5ydGqNvog4
s6fKHJnq4DQ
s6foUNO1dVo
s6lW1hWzutg
s7RbO_e4PqI
s7uky250WEo
s9weU1W0S64
sA4C_qTqFpk
sARk5QcqJZo
sC7sES45WAo
sCdw0wUApvg
sDCSAzAvdRg
sDu1S7ovcOg
sDx9XnuuEdY
sE9fBZc73lQ
sETy6Pq_iWM
sEe1xSdd53I
sF3TCQLKSbY
sFP64Vsciz8
sFftscHkzi4
sFtt0psoifY
sFuRMv7MkUo
sG9wuIwgjMU
sHMwJ0SWV6E
sHQS9ytwDpc
sHWIWndV3Tk
sHiqYfkyCqE
sI2AVxQxaDw
sIQzavGO4cA
sJX8BkpyWvo
sJmDEZd07-o
sJsOajVCuh8
sKXeEqfwilE
sMY-mgYPIE0
sMu_Xv-7yuc
sO-arJcYTLE
sOM3cf8NXfI
sPtctSz-uqA
sPxeT20nSi8
sQ3rLeuLeHQ
sQXYujvoY3M
sRK2ZtyoyTY
sRk-SQknUko
sS2RrwKPayM
sTsS28xVs-8
sUGPrOazwNw
sUZqwxuDeL4
sVBLBm5JcAs
sVhSBwSmHZQ
sW-BA3zHuR4
sWN0KWMeR7E
sWbWSSWzlsg
sWdD_ZxKY60
sXSG0aqvBcs
sXY2098bnPc
sXZF2ZWHPuc
sXda6Gilhw0
sYGHqnsGRyA
sZFwvSSEWeQ
sZO5vEKrs5Q
sZ_iT45cdiQ
sZcrCBppnPo
s_GmOf5k7zA
saPZFGxQdNA
sabBgH9L_pc
sawY3tZjUDw
sb3jkGrrxto
sbCpKBCSVjg
sbeWowDYMxM
sbvsW00JEQU
sdCYnbuEXrQ
sdiENFS9CeE
sdizI7I5-OI
seezH-f1uMA
sef1HPe32IE
sepMknZbdOs
sfNzSwCjRKA
sgTrHaKSrv8
sgVgqT7orX0
sgdT41KpXCg
sgzlG0DIQ04
si-81_B0mIU
sieaU3u530I
siucsd9oAEY
siyufwBI6Ek
sj1Su6z2A08
sjaUR2qkkkY
skK0yQd7vEk
skZ6ELTb3i4
skozSvbxs1A
sl2f1LsCiQw
slQq6JbzNvQ
soTEDGUdeOg
sp6ZOHoGjgU
spJLDydw8q0
spJlXCtaC_Y
spQIwxYt1y8
spvzT4s3wR4
sq0jz0829xY
sqNRv3fOKlw
sqVBuquJ3OM
sqgeTHbflMg
ssb6E19sj00
ssvZNFsHQKE
suoL_NLIxvE
sux0YbZJlXM
svOKY754lK4
svrMI9fFC4o
sws-8l7tmFA
sxT2AJib2wo
sxXLXY4ZHBw
sycFlVts6Kc
sz83c17mWl8
sz8pLcOhOms
t-BCCpNb6xE
t-Dp94-QQdk
t-KX5juCjDY
t-ZS0tB59_k
t-fWpxWehBw
t-sMiHoKjjE
t106kQdfyJ0
t14j7UMQ_BY
t2P0t9Eisx0
t3BMXMc5gaI
t3UVbcKYTLc
t3ZMHpRePHo
t3g3e2gAHYk
t4f1gmMI8AM
t4fnsbV7RtE
t6RE3ETzS3A
t6qSZ2eSxR0
t7HFqk2hYtM
t8QfeDJi5xU
t8V7RJI2ZBY
t9DrXgKzSMg
t9dphKAXwmM
t9wgbaxfuuA
t9zUDD57ZQw
tAB8ovax2AE
tAIVhQjIAWc
tBDg1iLj3R4
tBRAShxloKU
tCnG8kFZVc8
tCsoVP6TgWQ
tD0Y4CI_2z8
tD6EpwQJB9Y
tD8BNztkjyI
tD9VkBFKpw0
tDKVXjcSeNE
tDVKx937MXE
tDse20NltSw
tF2gsn2oN8o
tFF2PgEwSYI
tFI36YLgEYA
tFXMvIryj2c
tG5IDgwe8LY
tGyPdXKlibI
tGzZa4i3zTc
tHT_jb8MvlA
tH_FM4RZobI
tHyuJnId1j4
tIbJZyadCWw
tJ-Q-3glwV4
tJ-a6lXTckQ
tJ5xakjqfeA
tKSQcSQUWWc
tKhuIkeaokc
tKm1QvJfS00
tLZoyFiu7wU
tMzAu7jP9nY
tNa6ChHGE9o
tNfeyLgudwg
tOS5VKVm2bE
tOf6eOH0m8k
tP7WP7PxPK8
tQK1H9HYFlA
tQo7rmbU54s
tQp2vumfOog
tUq0G1AnFnU
tVShsOkkq00
tWaQ-NfR2O4
tWr8PBVicAI
tXAPORRtpXo
tXG-Pf14c1o
tXVTMpfEO9c
tXmx9sdSHJY
tYEZASgszOY
tYYaP64cQUs
tYnU3UT2d1w
tZE-XWLjRps
tZwRrAmphbM
tZyRCkY8S_I
t_Hae9LMLrg
t_ISBKp5qho
t_aoYwdnZT4
ta6FgTJZNjM
tblKskp2dWg
tc4qe-k2WBo
tc76Yt9RbSc
tcIlPT6EfNI
tdjwVonN-Go
teO2TVs2utk
tfez_-C7B_Y
th-aVNfxxEc
thJP3Qs2Ys8
thYwi3cI-j0
tid9fULRKLI
tj9raT6SODk
tjH9CEDYoSE
tjjVlcajFVQ
tk4A6ySOSlQ
tkDy7q1N_wI
tknzkja5UAA
tks14R6fdrM
tl5A-RXAzQc
tlV7gr2Df_w
tmUBFce3SvI
tmpTOMrmBQo
tmvRrguoamU
tnln22Va2Es
to8zILgbyrU
tpEmcJiqOdM
tpIN-jLzdG8
tqPefbE3b9Q
tqT2BDQgp3g
tqdVtFpzJUs
tqftMWNx1lw
tsEeH7QILFA
ttQnr5OX4Uk
ttqYRVpI_S8
tuPjiI55WFM
tucr299kkfA
tumuInDQ1kw
tunE02tOw-U
tvQWuU1Sk1I
twIVYEC5Ags
twNlu_xdrrw
ty5lK6kI7MQ
tz6rmg0w4OM
u08-VuYwlR8
u0WTRbSo7HQ
u0WaVeWmwFo
u0dISEijL2I
u0z8Xeklgmw
u1I8HGjvK_k
u1n5I7KXkrw
u1xuyR6tJYs
u3qfXSv1tXA
u3uMGAhZS4k
u4TZ6lRvWhQ
u4bLwKs5q-Y
u4fQZZbHCCU
u6ATL_MGzOU
u6KyZSFBYOc
u6LxiNkjl4s
u7-f0cy3S5Q
u74UWf41Bvc
u8XHcvwS-4k
u8jEeivqP_g
u9USMfXqABc
uB32_oB16EM
uB87DK9_1g0
uBTo1FLYJcI
uBhywUwvh7g
uC5Y9raeeyA
uCJRo7phcso
uCanZQroHx0
uD6Xa_Ghlbw
uDMk6ZkMFO4
uDj12Uj7e4E
uE1pMmhSKhw
uExow52GsTs
uFcw2Zp9Bp0
uFwKEukY_9U
uH2cZXpXN5g
uHjfp98hIUo
uI8TITC-d3E
uImRrpFNmRg
uJVw9Jum37E
uKcUEluwdfQ
uLCSGewcIZA
uMIc5jt_4ls
uMcnDd6oU2s
uMeE-1kgPsg
uMiDIe3uH-A
uN4levEgl0Y
uNDv_dwGEdY
uNoi7TyqaNA
uOREZ9a1BSk
uOdPcrbcdFQ
uOeKKZ6b-yg
uOylyYXxEac
uPk-7Kdz-YM
uPn-Hj_raks
uR2YkDBUEHI
uRngfsExa1k
uSIMlMkHUDQ
uScZ6X7srVQ
uSsRQ6CwSv8
uTbvgP6M8tw
uU8gyI4f1tc
uUNee8sSvRM
uUvJsW_HnGo
uV5jcpAFOtI
uVNSii4MMyc
uVRTXqU1gPg
uVaoiWvq6is
uVla4mGyvoY
uW-QQHcrd7w
uWe8H7Kaks4
uWxvZ-w8OcU
uXA7mE890EE
uXQTpaSToiQ
uYYrIQDO3YA
uYcCujDkvFI
uYkDeTd5UTI
uYmfcxTAL3M
uYrqc6Lv3SY
uZBafqLEsC0
uZDxBSXCHcc
uZGYiQG6iDc
uZ_c5rQHNlE
uZzaIE82spo
u_-tTG-p9W4
u_hrYcJACSY
u_sFyrX6aWI
uacfGhFPvE0
ubJibQI82Hc
ucBsxUTrxjs
ucGXVLgl9go
ucH0diTJyKc
ud5JXX0aQ8E
ue4Un7ZGaHs
uefhqnwIs3I
ufX3TmRdMqY
uh3lnc0Fv-E
uhK_uVWyCtY
uhKqi_nan9o
uhv869WNyS4
uiSz0W3mnns
uiiQ0s6oTIQ
ukfrWZwEg9s
umnQs3OSVnQ
unSQ52yL_8g
unXgF3rQL74
uoLdMX814fY
uolCvjN_srQ
uow4rtxiKF4
upHWRzI9_44
upQfxwkxvxo
upam-AHeEno
upsTdGAYCjs
uqAXXWc-ryc
uqejYi9z2e4
uqxWOlhBHiE
ur6eE5XjEWI
uroYxz_EbNY
usO0rDEb3Mk
ut7G0Y9lrOE
utD-Q9Dg6HM
utP2gd4KS6E
utRJ0XpQaxo
utZco9lfLw8
uu6wWEJTEX0
uv1HapLMFPU
uvQ2ePL1VCw
uw64DLBZQxM
uwV7rulPNIk
uwgmRQvIN70
uxKw9xp00Vg
uxvIVkX4RtY
uy6gfY_JTR8
uy7DZrA74wg
uyV5fVHnous
uz9cH6GxzfM
v-T3iPIIacU
v0ba5WYL1z4
v0c8_Wn1z8U
v0muB3CurFY
v1RHghCPr6k
v1hDB3fpcSo
v1i0YBixgVI
v2DPWX8QXrU
v2S3u2urhFY
v3NHUj9gUts
v3UGDxocsPA
v5G_c3Bcxxw
v5zD95ayQaI
v6NSwFqTBvY
v6tRadi91Ak
v75dDTeuyTc
v86sPc8VUkk
v8TtnFooSiw
v9NmQcSZnec
v9Uhp-6q3JE
vATI10wztTU
vAlhzsDVf0Q
vApcAndHKXk
vAxEzZ5gJME
vBSkiwLxGe0
vC3oe2jVMmc
vCCqw4pGn7U
vDZpZ9huOwg
vDfgFQxbJWY
vFbC5v8Pj-o
vFecCeny8vU
vFjcf1jKPRI
vGKiB8NLoiY
vHU2yaOgbUs
vHZ1aCWBcJg
vHgrfqXYhBY
vHoLrQq2zck
vHpTxrsyfSQ
vIa_E7RAUhM
vJ4AnTCBZ7o
vJtvEIG-18g
vKmJtbBH-Jg
vLJWxWyhJP0
vL_Dw6GhXBc
vLcAblAXhjA
vLeHpqXVaqk
vMCY-5oNmfQ
vMJ3Tny0t-c
vNSkc8YfcbQ
vNYf_PKm87Q
vNZY8DXarns
vNauQeBby28
vO8A2dW9rRw
vOC6j9AkUfk
vPVr5ftL7LY
vPuVcMXJTl0
vPxCTi6MYzI
vQ0hRNzyT5o
vR2Cli_uYPs
vRuoZ28QWeE
vSASdWWwJgM
vSc6QE8EA3c
vSfZFvcY_qA
vT-Wns7fy-E
vUdXWYCNDpk
vUxARu6MNt0
vVV52k7LtG4
vWO6qCPp6zI
vYu6T7hPcGs
vZ8KqYeu0ds
vZPaSUKUp6I
vZbGZQ0QrXs
v_NYS1x4s_s
v_q1kSDquZY
va5vHUeA0C8
vblJeVR6AA0
vc1KHGdkGt4
veYFihvJRMs
vfY3AuJ2uDg
vgJyC9vO6iE
vgyx9a1wY3Y
viCRptgv7t4
vicQ_2IQAVc
viuZ7zFeAJ0
vizObyEmuoQ
vjbDIC7KLNI
vk4Lqp6k_1c
vkLGx3V-IGE
vkYS7HlWmSE
vkeXCgoZsi0
vkjPJke7KhA
vkl2JOYH81o
vlAIrn49C20
vlH-4B6K-0s
vl_PQd2T0zg
vlmfuuL1bSw
vlvj7twKdig
vmi49lSfkU4
vnwbwcXe-tU
vod65mRNUr4
voxxTCzlwVY
vpAf6NQfpFY
vpZcngE071o
vqNbEg6Wgkk
vr0X1nd9Umg
vrKSIjwuCFM
vrfkO44nHQI
vrtCXVrKEfE
vsNyAP3qnYQ
vtOpET4n5AU
vuGYrGgXpAM
vvDZsa60Ikk
vvbMLOsrBHY
vvqROkXoLYI
vwjgNSLk4io
vwzygJ0NZeA
vx5cVLAPv3g
vxTJtxKsr9I
vz-lJ-lPT8s
vz4ILlG2Hn0
vzvHo8Q0cL0
w-HaHTgwqS4
w-gjsvO_1N0
w0CdWPuLsXQ
w0_71-lBr7g
w0yZuk-vqMo
w17VpGzP5bM
w18iqTrG6Kk
w1OBm0904MI
w1cPY_vH8FE
w1ce_A8d0PI
w1oXdc_5ZPE
w1xPwLgPH8I
w2OTvkb-xDg
w2csdWnYoJ0
w2s-X4Zu9kY
w2wtUyspAAY
w40nU_cV1H4
w4RCQ5juvVA
w4rKhA5apfM
w4wUEhZVE-Y
w53I27uBjUo
w5OB8C7vLSU
w6MP-gDgf9c
w6QT1iAMg6k
w6YXKftCifk
w7UdGosqOI4
w80CTtJUkUc
w87P6tH9GMw
w8ex9zrbwrY
w8qiujcNL3o
w8w2UWfftGM
w901EVAoFrs
w9cX6SHmv04
wB67JFAsYtY
wBdZM_knPWw
wCEpUS8wF_k
wCm5SzIG9Xo
wDOOgsT5T6I
wE61_nbUyDA
wEXEbwogaKE
wEkUbciNJ7s
wFLyUZHSVgA
wF_QvCXIGEQ
wF_u7Vpetco
wGA-pU9UIqQ
wGWOyNPgRn0
wH9-oXu5bNc
wHKnlHw0Rg4
wHUHniErYBU
wHimBEDhqik
wHlt7avWV2M
wItj-hy0H4A
wJhqTJ_damI
wKp5a5-btRw
wKuOc8bJrLw
wOplmtb6W3Y
wPRWDa8Wz7A
wPqPSXXBVyk
wPsNyku0iJk
wQM577G-nX0
wQw-ve-nAGE
wQyjRFhS7vc
wQzhTG1xvOU
wR5N9qZ7H3o
wRDtOIJFiNc
wS7Qn3cgETU
wSTpcNOktmA
wTNz1TVIEUY
wTQZ4P8rxTI
wTirqRKVBJw
wTxm-q0NF1Q
wU9Y4EUFMHY
wV57CBwjC1o
wVSBHwq-XpM
wVu7ToMPiaM
wWEB5AMz1pQ
wXkSZ4mTvXE
wXzQHziUCPE
wY4ApibWxKo
wYmmBs6wN80
wZ3DQV6U0_s
wZ7PYV-bnoY
wZ88aLUMiwM
w_9nI7xrVUg
w_Z7pY5O2cU
w_ZGWGYj2M0
w_b0fro0E9U
wa-QTqGZEAw
waALH_FKPhY
waAwoSpQfTs
waUBTWKW054
wc8kpuev3QE
wctBrvaUZW8
wd7QiVzlIUk
wdHg7xfzNoE
wfKPb_q-iHc
wfXAL0QK85k
wga4Ox4Qakw
whFWKtaT71U
whMspHwOqr4
whvbzKSE7lk
wiDN4zUuFcw
wiYCxYs30TY
wjQS-qFZv64
wkCFVrHx1-4
wlgxeyP5GD0
wlr6_tyE8Mo
wm1sOxoZAh8
wmOtYfWxs7k
wnZdymtZDeE
wo4sUAW5MM4
wpLPtkW9KuM
wpr6y4AzPuM
wpxqqbSbULY
wqZzADQX5Sc
wqoUz4-O0dI
wr7Z2ausZMk
ws-8V-flc4M
wshrumyuzd8
wtOXDpCpL98
wtdc444SWP0
wtecIlsyiCA
wtf9YpotPuo
wtkOM1pYJEw
wuThVlt13EA
wuYxgl2WOEs
wuw4cy8UNo8
wvFniJTeZ0Y
wvHiQ4myHBc
wvr5laT-XO0
wvuyXdBo9RE
wvzyP73662o
wwUoonWTBJ0
wwXplGsWvJ0
wwkzyX-CiP0
wx9YK_4hKrw
wxkMEi1jYWk
wydJql52qyk
x-MDi2DsweU
x-iUmjVhoKg
x0aw6JCcuQk
x0m6VUIW4lc
x1LBJVPm2Yo
x1WsdOcXpIo
x1kMjONHkNA
x2bcvLtAIsY
x2qBQcOH0Hs
x31Y5jE-k6Q
x32EmnO4YfE
x3OMCCRkAkc
x4cuJj8y028
x4sOK3KZYMk
x4xuA27TIMs
x62Ho63fx5Y
x6sUUT9qpH4
x6yLPFe94fw
x7eKkXfcJT8
x9J7cXJ_cSA
x9M_hPSo8pw
x9Y98nPggy8
x9bU8E2E9vM
x9ewYgwXXrs
x9rH2HGQWhE
xAA9CO4Xm0I
xATXkDr_MQw
xAosg5BbkkM
xBYEEIQiXDg
xCHYdBXQaCQ
xDN5C-BUlhY
xDZrFdLRADs
xEwzMRutOJ0
xEyZX5WaHiU
xFUGTuM_hOM
xGiPhEE1KkQ
xI8r3ZF0NOA
xIziO6YWd0o
xJexy4fm7NE
xLUXWca2wk4
xLbeZUoUBOE
xLis0qgulXg
xMFkmgC0HvI
xMSiUErnD5w
xMWsafQ0qWc
xO1U20HVKWE
xOIIaXdLbHk
xONbh6MX-J8
xPV3nvGvrXU
xQHCScwNiWc
xQOFpEbPIaM
xRL6OZ6tG9A
xRU2o55RUOk
xRVDWGlPG8Y
xR_2vKt7t_k
xRo0WUNA0zw
xSH_n2YbqHw
xSgBPUy8zgk
xTRK_YvSoI0
xUct5QuMaR0
xV07d0lVCRw
xVmHfZmZR3I
xWmvu25TrKw
xWtRC78w9ho
xWyCHbgiWmU
xX4F3Go9Ess
xXXlhr_KfHE
xXj5zxNM1nc
xY-rm3ixOwU
xYPLhm1IUYU
xYVdfmEASlc
xY_sH6RdN1c
xYqClVonE_I
xZrcMY1SaLA
xa1qEQ9FfHA
xb6KRSq-7bk
xcNXIw4YDp8
xeMOv2DrtKc
xfHUNmusctM
xfkUMpyGAqc
xfq-8FoycFk
xfyWITCYlGA
xgbQw-gBaEw
xhAop-_62Ko
xhCAVgQbWmM
xhi4bLLDCCo
xkiulD0owPo
xl1T52NPUEw
xldbm_7itUs
xlk6JqFX7EU
xm5EzWzA2W8
xmG39LnF2Fs
xmUcTp3is5g
xmlcW1xN1Io
xn8QNSjKdGQ
xnPkWdGZuL4
xnrN9UjZ_Do
xofXBHjLl7o
xqUi5hMCipA
xqWbt9L_4wY
xqbwZWiS0KA
xrBifbnhFlM
xrsNkGEMKbw
xs0EMLcf6I8
xs6ULRzr4A8
xsH_cswV54Y
xtDOUccuWbA
xtaqw7CY2Ks
xtczZwsAqXk
xtvgSm967SU
xu8E483TBT0
xursKVeoWGc
xvfIlxBAljE
xwCuorW4_HQ
xx7EcfNzMmE
xxB6EEuJ4Uk
xxOwRBi97UI
xxVwJNkYXqo
xxme0IIcOLo
xyW5KiwCp2Y
xzCAweGDHkU
y-CTHTH8GAw
y-ortB9qeQw
y-tFvNtzbXM
y0Uh3iPp3XI
y26S31q1x8c
y2Uz5zutaJI
y2gypYhF89Q
y3DA3uivvwE
y4JJdYRoUdE
y5kto6D_jFo
y5p4eKqBJrA
y6tOm-BRbCk
y73_I8XiIu4
y8GM3Ta1yQI
y8Hm6LFfVWA
y9M0uuLjtFA
y9li5b0W7bY
yAWdE5RloZQ
yBJFmqbL4ms
yCWbUA4jISk
yC_nBkCzVSM
yCxflWcVznY
yDDev_EtSGc
yDIhLFaW40c
yDQ1ozwEi2I
yDUgQwjPUZY
yEYAsbJTnXE
yEaKlGYAo4E
yFmp7JyQ4PI
yHBT-FIBmeE
yHBfafvnnzY
yI_Vz1tK53A
yJUIAinTKzM
yJmr0DY8Wn4
yJsrCmv_HPE
yKMXc_MuR-E
yLR0ktd7ydk
yLhon4IG2FU
yMZ9ozniNAQ
yMmclW9C3as
yO-n83gbnvg
yOAK1Wu-RNM
yOF0SICWjFs
yPC99Q6kMaE
yPXSGimyHHA
yQPeDLZqLcU
yR9XQiauKsY
yS2mES13mOM
ySQsxz33MoA
ySSAMoY4Il4
ySZPOqlB2EQ
yTYz_WOn4d8
yTie5tz66Os
yTxlv0gyTbQ
yULBMfJblmE
yUmGsgoOn8A
yWMuVMk4L3U
yWvy4_MXhro
yX1jio-pqbo
yXamQ6FYmlw
yXry0ZzJjB4
yXxjO_fRu0A
yY645eg9HLM
yYKGbU60hAk
yYSe2Dj6IMQ
yYaI2rAo6ck
yYzPxrFw4z4
yZ_sqvWZSeM
y_Zp5fRnS_w
y_zyjjqjSF4
yaQNyIwsWdA
ybVe9yTYc5I
ycZuulSPpvE
ycpT6_pUPko
ycyVaxqalW0
ydAYIc1cmAE
ydW6CRGwLBU
yeNF3GcU4NE
yeau_CMwtCI
yfMm56nU-ss
yf_k0b4l-DM
ygchjmkEEEU
ygyxlQzLN9Y
yhlQQPSAepk
yiSRlhmLvzw
yjaDqRzYpac
ylD_Cs17LK0
ylntf8ate0g
ylqnvQcO51I
ymidvIUYBQA
ynAW3NMI7Kk
ynCIw-qNNyY
ypUQO5sHRfI
ypaFeu6wuPo
ypt1wDoXQ1g
yq4R-Fq0_Z0
yqhxEC44_nQ
yqsO7NY-Re4
yrs0zkrltYk
ysEumRih2PI
yse8YGO2nLw
ysw70jADxI8
ytIuUCZaqRk
ytwGsd7is84
ytxeIsKXKPA
yuV3SxzE-74
yuu_cpzZR8w
yv5t-xVNOiY
yvPScRDPRxI
yvheERCH62s
yvknUb33Bws
yvvM0VBL_4I
ywAqa50x2zY
yxnbCi8Wwkg
yxzewB6nPIY
yy9XnaGmn3I
yzHGV8TwZm4
z02KoHnlbiE
z0_PGqtXOgc
z0zzF7mie-A
z1P9OjFcyYg
z2VkWBsHiiU
z2nRbt9JL4M
z35vOSym7Wg
z6h0gU8eus0
z6uzeasI-R0
z72w19wK2ak
z78_pJfNhOM
z7U96R5OsGo
z7XllyYqEqU
z8X8vwxOtFI
z9-W9qwZlxw
z9FI1up2Bd8
z9PVg4g4wQ0
zAGBmRJs9FQ
zAGwKxf85ns
zBDq189B6Tw
zBFL8TMnlyo
zByufMtDGpQ
zDDVJj4nl7c
zE6ZFdX45vE
zFE7WUOigXY
zHcGL8Ygnuo
zHxnF9BvI_4
zI2wymQYwaY
zIN0J-nargY
zIYlk6A_T4k
zJ0aVsrgBVY
zJ4y_ivGSVo
zK5jXpIPOhQ
zKLnDcluy_E
zKi2v9HN6NU
zL0GI3IPHk0
zOhpxSviYPI
zP0Q61HmraA
zPOfQjFIyWM
zPVMIO0uzGw
zPmLJnp5TII
zQNU2UOeZEc
zSisEQh5_PE
zTHkeZaF738
zTnqilHcwiE
zUAyUnPsCsg
zUx0STO5FK4
zV3ROEXgQ1o
zVIoShbB_Sg
zVlsGzWP1Oo
zW5F_L_wYVs
zWdUJQ_iJ9Q
zWjj2k-4mNo
zX2Vw5oNdDo
zY2cn7-Lwbk
zYeojc4s-b0
zYpQGqhfCDw
zZ_Audrvx0E
z_SRaL0Mn9c
zaEtUHMq_Xc
zbV5dMqrdIM
zbuuHj6_YaM
zd-IZQMtPb4
zd1Cu3xaRoA
zd9rZXPtI7c
zdpKiI_1SHc
zdstv8qyFIw
zefft1Hv0XQ
zfB7yNOTl-c
zfH_Pz-7vBM
zfS5K50OHoA
zg_h96kSTNE
zh4387vxDM0
zhwTGU6iyc0
zideWn6iGZY
zjLhaXFhogU
zjNe49Fol04
zjS5OewICPs
zkQhB6fdE4Q
zkYBrm35e0Q
zlFlZvMLUi0
zlm0UaszlR8
zmiJWNerwLM
zmnMGr0j25Y
zmu6XDbhzZ4
znCaFcDFxVE
znFOieRjlVU
znMxh1BaTR0
znVyI_OQKnU
znbDm14Vw2w
zo7BQPsEXyE
zoQn_e1blLw
zovGNuKH5JQ
zpJk5IJdy8c
zpdMY8UzvVI
zpuDEVJh9Rw
zrbAd45cw4g
zsBXXjOoMW4
zsJa6P17ohA
ztO7UMlQg5U
ztkumEbj2Lg
zuIsSlVY_bg
zuqKHas9I6E
zurp7DetWW4
zuzdAZDD04w
zv5d2JahWOY
zvF82_X-xW0
zvi5dKQoEHM
zx7_LK1PDPE
zxRPGzrD5hc
zyBtcXVRMgA
zz3RXM5ARJQ
zz5dCDTYS00
zzDsc1FdUnw
zzDzaz0B4ww
zzSbieKcrqI
