-1Xz4HtMD2U
-i1iBTYRlF0
-zg7jlaLr_k
06TEkpzjArM
08N7pRK0O4w
092zf-iJOxA
0AlFZE8ufgY
0ZioAEU0gIc
0cDxMAs_jEA
0cUnsdC1Ft4
0zfYADo2lg0
1EHgaaQ2yC0
1EW6hApA8fs
1JRz-1IPmZU
1RWl9ocxqt8
1TsgPrm_tsU
1aPthYEHr4E
1ioYQBeLvLQ
2-02L_GgWjg
2KLulEgIo-8
2mMXW2XjBB0
2odozGCjeEI
2tOBcXHjrbE
2y8sGY_3ESU
34emT8KL3aQ
3ApGFHhZ1GQ
3BmB4_JBnB8
3SmGal_qj7I
3TAa7QTdN80
3Ta4sXfHGNo
3TkWfzXA50Q
3kg7Ll1LbXA
3rffzXf-Ugc
42FUNxn3R20
4JluV-no7FQ
4OcuI3PHf1M
4YZFQ5ticfg
4hM84jGqKQc
4jgLHZHwVog
4kxqvBaNmMY
59dSrHJG1Po
5foQjhuudEE
5un2VnkTOyo
5vwqRlePpvQ
6700H3YXabQ
6CKfUZhhD-E
6Cz7FH3XQds
6HmRURv_l-k
6dcsYMyMC-s
6vIsYV2gB8M
74UR0cRUXNA
77Zr8i3SRgw
7UQy42Q6WpU
7yBDE5-0AiE
87VVyeMn6X8
8PINmgP1QKo
8SAogOcRVTM
9-mpp2dtidE
9AnXRHxj27s
9UjyNpgz2EI
9eyW-Zktrjo
9g5sZTW27pU
9hNNd2dl70I
9iVyJdUibLg
A0OT4_9z3eI
AIbbYTd6YeQ
Ax3ZYHeZdtI
B0prnx0uEX8
B9ZqkNo_MwY
BOUJHpxcKn4
C4ZIzEJrBfM
CKZOFWM6VX4
CZrdJMG4UoY
ChP7iZeqpYM
CpBUblSvLN4
D2aXL8VSYJ8
DEYwFJYxWvE
DUZOV1rM5Ao
Dvfz58emgpA
E-H2y_EPQU0
E1bQMPfKaOM
E7WMEeX957s
EJ-zOid_RgM
ESkB-ZUt4l4
EaNpw4Tr9Tw
EnVIe61rK4o
Eq50BZcBRho
FCjaC_lpyPw
FGPYFMiAv9w
FL6X7vxBM3E
FY7XaxvERLc
G5NM7uqcgwM
GG5oQi3BNTg
GK8MJi1cERw
GenqOR_xbbo
Ggq2-z6bsyc
Gjx3bnH0oN8
H85p-8TPomM
H9EAjihFuUE
HPHMZfUs_98
Hix9rSWqi_w
HsRce4rkuJo
IAMvTakLJjo
IEZRnkOX5PE
ISoBX9aZ4Ro
ITnT7VIMJGc
Il6pWOeHX_I
ItX5qmIA3H4
Iv-RNmJEzA0
IzjfKLFb3O0
JKbz7khqaYI
JPgMeLA1zE8
JQxU0jF8sVo
JVs9ctUcQR0
JbM9NUWZXCM
JwU0RpmGlGU
K5wOdaVU7XA
KVoKzPVtAfA
L18sHlpCXVY
L46gZ-zo2nM
LDNe0iWx7GQ
LH15w0FZyMQ
LRETIz9AaSQ
LdDr86KaqIE
M4kiSQ_ZgAY
MuKZL8dlqbs
N1Ixyfnf3Yw
NKJIqtkXCis
NTBggOUdNUo
Npb0Cz-uUEo
O-FUZfqchxA
O-Pie0dtX9g
O6lgciB_WpM
OZpXZov1oB0
OhEpMJuEnns
Ohg9czGsKqE
OiK_8GWhl20
Ox6OtQMAZPQ
Pco-1dnKPvI
PsmUoLvoBU0
PyudoFk4B80
Qosut4n9y98
QpiG1x4EeP8
R5eVPDjnc6g
RBWAijm0C_g
RZuWKkMfZI0
Ra24kdI8E7Q
ReJsnX56ztg
RjBdCG6qJoA
Rk1msm9nTNY
RkGRh-zVFDk
Rnq5Zr7_2io
RxvET1Mozok
SFWXfQ4lfhg
SVpcRyTlq4A
SYnz_00bf7Y
ScQcSFx7iHU
SlBJHeh9Ykk
TCbdIOPhseE
TMvqchVfVyc
TPm4kVrnLyI
Tz1A9tHmloQ
UKZXZrBWS8k
UZt4Lrs4nAI
UcC0xvn-5Pk
Ug7azOx4HiM
Uoz22Lp7LXc
UqEZBVp9vjw
Uxo_BIleWlY
VDhRVYwLvac
VakNjcxNKL8
W2dH-QPzOuQ
W6F7vPMdsLw
WciKACergMk
WdrUnLS6hgk
WfC4GcjyPkk
WlQmYgvKeQk
XDzaD2jlgqM
XIy0ZY0Qr8Q
XMVDWh_ZnLQ
XN-nGFVi8hU
X_4xS2M6lOg
XkXbWNILmcI
XpASwbGmEv8
Y6JjImhP5Yk
YERTSfSSz5w
YFnLDeAdnx0
YPilDSl2PSM
Y_7t81Orwp4
YdgcX9C-Aqs
Yn2setJmJdQ
YtyRBQriX04
YvfEnVZzq0o
YvjaL6L1UTo
YvuKAl-DYLM
Yy9YOCC1M_E
YzZxsKo5aHE
ZMqfcYAPNc4
ZSshTglpdGo
ZWYA2dKWp_M
Zm4rax1QfnI
ZqWjUQiH7hU
ZvO9seL5-kE
ZwsSIpo6VCo
_ApTMlrhhU0
_Z_3mAnDo6k
_wiAXRPxPQE
_xXeagWvm0c
a3kiXZP1mAg
aFRWGg0y-iQ
aoXCXzjHJs8
aqY69rT4_II
bDXmuCvea50
bNn3VO0AuAs
bNs-WEtmrK8
bnDeR0W02A4
bxtoi88QGQg
cK6jafMYtrs
cU58BlQjXjI
ceORr737o_s
cgd1-5B9ukg
chmLV-5UTaE
co_d-neEWrs
cpVPcge1XvE
dMLoJYpsyxQ
dOLjEzgDLcY
db_HQx4ohm8
dkgPORo5lu8
dl1RqDVAuY0
dtXwAgxwiE8
eVgerLLhGlw
eX5vVQHXs0Q
ea--flpMGvA
ev7YszqWzPs
f-e1DB289sY
f33fqMi6gB0
f76yw9j92OI
fC1mbTdGf9M
fFqCj2utCHc
fIdRnNMm22E
fL2dgEKIA48
fagHVwfrJOo
fmOuUCIkeKs
fpf4k5mFpHY
fqTGMJEGeew
gFfrs5lGNuE
gHEEwOzp1kA
gT0-8iyWA10
gTHEgpAiNQ4
gsA7gts36lY
h1tiM4G2rtw
h3KcV4GnPyg
h53mAKB9raQ
hRUZsYUqAfk
hdcp1Jv6zhI
hjBTKxxHq18
hluXIcWn2Hg
hmWad_FbMlw
i5ed23shDhU
iAL2ip07SQA
iDV_7c2WKY4
iNfkKE7tWGI
iQMxLI8MHJU
iV3TTeikskA
iYUewLxDeNQ
i_AMtQa27Ok
iaXObernKPk
ibRc8G0ljhU
jCpkGokqcsY
jFxqEGVyGa0
jVT8fJ5ooAg
jnYLwdwgNs0
kR1shhbtOmg
kR3Ap2RwiGs
kb3r-kOzr3I
kfTRvqqfIS0
khOWSslGkr8
l-d6gcuXsSM
lEccGVodm3E
lTp8hIJKGTo
lrXy2-uY2j4
m2YfUdDKF9Y
mBNzvwjtl04
mHLDPccodCI
mLhAHG0pPPM
mhYTcf8ArYg
mlyn6zy4U7E
muWZ1BV9gTo
myN4oDVZoH4
n4wRj_V7Uik
n7wl1abhf0g
nEu3Nuxx7Us
nR-A-1ax9fM
nfzPW9rs6Cw
nwcbizx_neA
o7qZ7n9VsJs
ogOAn6VPENc
on7WBPao6Bk
opXpbk1vDJY
orqMFrHPmFM
osnT9ZOjvBM
pTdd_yLB59w
pmbZpbVEeDw
q84yvyhnZ3I
q9y-SPkYdq4
qC9aOHLRsTk
qKUWD-wUiBo
qQc_PprilFY
qc4g7y0Z4Og
qgRWvWYeOa8
qmrdiv6_XEY
r4Q4tSr3SmA
rHQekkhF-Nk
rUWLKkQPl1M
rjBAycKF3wQ
rlv_eDMctIY
ryRipOmOTno
sG5FFIIBCB4
sH4L6Uq9Omg
sKNZYaVSn2o
sLmrjUeD3w8
sLy6qDJz-OU
sNdpKc9kjHM
sXcR6ZvjJFk
sYlwa48MR-w
sdBaJ5exiXs
sk4qgXeyxJc
svaZr4W3Hfw
svhn9C9uzaU
tpCPIZcqnrE
tqEEJPGduqo
trY7_Xf4gRE
u2xy-h-uLJM
u9LlLzCDV0Y
uLOyttpst-o
uQmMixfsNhM
u_rT_56Gf1s
uaIqYgRhSAI
uq3Aq5Of94c
v6Y0RfqznFk
vJ5bAq_eHz4
vPQZwc36mZk
vUfvef_83jo
vYD8TfN2zt8
vjS9dPIBJjQ
vmWvyJQ6DYY
wEsukYQ2ICQ
w_dz1Idhs0w
wvkIgyYMy0k
wzdd-C8jGpo
x4NoGInI65Q
xDy09-k9J54
xM4HnH8VxRU
xwOesem0Zos
y54AJwbBMiA
yBNNRaain5E
yJj6ylGbQb8
yVzubzgbTgU
ybMU5IExi_I
yjgSdVcgStM
yjsxYPwuJx0
yx3596rSykk
zm1-TpWPEi0
zo0vTlWbR-E
zxX4wDULET8
zyRu56uaZuk
