-Blmm7GrhAY
-PiGaJ1MV1s
-kjq0aJUSKQ
-pstbktCjZk
03WcR8NadDc
0T2I_PJdjDk
0WWIXPAX66c
0Y2vBdUKpc0
0fkfgTPDIfs
0qYKk0q5bgE
1-q7GrPcr3c
16KzW43K22M
1NbJg0OJXX8
1USik6-RxMw
1XlLej85yYk
1hnQ_u-tRbk
25JTsQn8PSo
274lL-nQeFs
2P1aSwqb-s8
2P5IIYHWuCU
2VLigd4baIY
2_aTpvkwEIo
2fFPeA3eKMk
2hrOY-ddQwM
2mtXy_16LD8
2nW180347to
2ptIB0Cny5U
31PjR-yKCAY
3Dh-_dskDcE
47cRICdIYCI
4AOONFThUuw
4O2URkhOkJc
4S3rHkQN_DI
4h_SLengYGY
4uhtRcHHru4
5-ItUwaHlgg
57TUUDUxU7A
5EjuBDnIQmc
5KMDD40NHh0
5e92v7pwa0E
5eBnjRTyv4A
5iB-43fothQ
60LuQlip02Y
6EVwPUEWnE0
6JR22Gxn_oY
6LgIahjduvk
6jv6Y8a4iR0
6lgh2HYzBqE
6qywGi9_S4U
7D3vhKgAJBQ
7K0disF6ibk
7MOpByNWAnE
7PgZYS1dZHE
7a3O81QI16s
7hNCV3vBz2k
7oXs8aDM7xw
7zhfCLwZ384
8sQkTjG73E0
93xzF8aC4PI
9LySc-3zOeM
9bm0exSp8oE
9gsCY7XJGS0
AAIS7eZrTGo
AYaXuE-OH3I
AcszNDezH8U
AgDBvacnCvU
AhgyfWFFmmw
Az1GF83TIIU
AzT7gjkyL-Y
B4BeR2VrNnc
B6VDaQRHClU
BD7WOh36MvA
BQwh04MES1s
BTy1bP3OeMI
BfbaJ4WkS0k
BjGagd9FFEE
BrA0WCHqpjE
BvlOl0VJku0
C1wWDxL7H1M
CEv-_5hv8og
CIl4BkQJeCA
CNsLBprvtA4
CS2hX5uQi44
C_pqa9CQ0XU
CfefjO5DkWM
Cx9NLIp_9FQ
Cxr-St5_iIM
D3fbLpwHafc
D8ImV75QnK0
DJbKZXd4JQk
DS0HuY4LiJY
DZ2HSpbF9Uw
DfRgy6CtKjY
DsQROaJ-yaw
E0ma7BxH4uE
EXWcZUBMVtY
EjW-5VmsJew
EodJeoo3iLk
F5xeznFYP9U
F9iKJDKiSks
FSntJpS4Fws
FVzdAXnxdAc
Fr0Sv9r9U2E
G1wIHZQ04Bs
G3IiCsh8Eb8
GEz8zNAfD2I
GUrXwEXOG-I
GZ5EyQjdeDE
GboXjxM4ftQ
Gtd2Rqf6wXk
H0l3SGBxNPs
H8uoYzCNobI
HHujWXs64eU
HJfjiSYsVdU
HgcAdACQLwg
HjTFEN7HB1U
IGVJTzDJ-9A
IHjZMAJUpHQ
II8lpywUfJw
ILxHu7yiZIY
IaSgGyJDNs4
IrhcaiMfXiM
IrnIZSacPJc
IrrObaXI2VE
IzjRx9fdKRU
J4P3xw1OP3o
J5kSPnRNXb8
J902U0Y6KuA
JEEUG0K7jrQ
JRmureJ-yO4
Jcb0FhyldtQ
JdMfhFkNsUs
JrGqj8belVY
JwfSC-BXqLQ
K0Im1kulW3U
KI3uV6w8ykY
K_abejl7kM4
Kl17mRSRpyo
Kz0B_bZhHso
LcUpy5gHXX0
Ll3sfHeXke0
M8iQrNxjSlE
M9x5-Jywm-I
MAO1bSlNur0
MQa9WyB2HR0
MR_lDtTtKzU
MS_w0vJKaNQ
Mc9dbbC_YbQ
Mkh2wXalcg0
MtLPjX08Yg4
MxxcfJ8Tcis
N0oz1YkJKyw
N22oB8yO8As
NGRXT4LntCk
NXO9c34Uc_s
Nrs_NHg5HwI
O84m-gaiTB0
OkeZaOEim8o
Oy5J8ZfLZho
P1kjnBR3aeo
P5NIfyqrHbQ
PDRupdp7xhw
PhoKN8lQXsA
PhtHMRSsW0k
Pu_oCgHyr8I
Q0l9RjQIaIs
QA5GiYIV4Pw
QTiq3UiIg1Y
Qtqsfl_PI50
QzDJEMuPsGQ
R0LAIoOm7Iw
RDpNyUNcjcA
RKPBrJJi-UM
RXsKmp2nTmQ
RYwrZZj4t0E
RlbdQDilAHg
RmhjTXKWVIE
RqQRGsFALn4
Rr0_e1AE8y8
RwdzO9B_A-0
SC-BnG9Yxaw
SOlADgDZaR0
SYOdCL1TWRQ
SqJ0V8GisAQ
TEi-AgC0-r0
TLcuEtfiCVw
TRi9LRtPp3E
TUbAlfu5Mjk
TaQPz3N7604
U5eNENjGEf4
UOnYggu4tAE
U_wv07WZwNQ
UlZPdYw6kG4
UxbPcfqAWbY
V5Ofv5rDR2I
VFdqLON3JHQ
VK_rY3MhxEE
VOQcgpf1U-Y
VTRXZ3qBq94
W1i6pFTRjmk
W6thwfItGg4
WpMOGCM1ybY
Wsw_zgezEU8
X-h8MBwcsCs
X1CIn_v82Ag
XKPP2gHAZzs
XRCXZWN53tY
X_Vh5cv8G98
XdDuY2xBW7E
XiwZhP1jsA8
Xogdxwp39OY
Y7Ekw7yZ1-8
YAMmq8FR64U
YKjGrh_qBuE
YYUdgGbKDUo
Yuw8m8y5_0o
Z1BqW_9cLK4
Z9Adb0vIPOM
ZKAaIZETiyo
ZR-6cC3Qy6c
ZYsE--Cr-8g
_5jUnbFAC4E
_F8fSX23M-E
_IK4kHhxJFU
_JoYYryiJ20
_Tx_cpLJELE
_UA9hzqoARU
_cItr9dk8n4
_qUXeYWGEW4
_zGuMthyecY
a4sF6v4DeH4
a5hgvEi23z4
aAdFYKr-NzM
aHucm8Is2BE
b0PFB-XFFic
b4pZfg45i7c
b9xGt_5DNIM
bDpyTXN1gdI
bZ5V00lwayI
bfjmNDejxNA
bvzrmiTDDNc
c2OuwdVcR1A
cATQFuvJ-hY
cSB_QdPvDJM
c_uUffxB_Jo
ceSGRQ2Dp48
ckeHJrSi84c
d6X_L4qnGdo
dOpsAuzpdhk
eHGdWcJ874M
eR4KjhtADPk
eVBAIT9PHNA
ehf53YroYcg
ejOys6CxktM
fZ7Z45H_62c
gCAj80ycS3o
g_xjqTiQCOQ
gaH6dAEi2r0
gg-zC9b6r6c
h1rt0jOevK4
h54927YOG2c
hDHMhmDkHWU
hFgpLfFBuCY
hTpmJfScXYU
hc2aVPHxAUc
hc7IxDH6BP0
hejwyeYcC0s
hf6g4AyxuAw
iRr9dKv_HZ0
iypKc5z5_Z0
j-LV8dGwt7A
j7SCfVTCdio
jg0diE-VSAU
jgO_kSzLXyg
jsiHOEBwyBw
jxRPldRgsCY
k7P-x9cv_hk
kdRB6CgBzCY
keBnfLZMeBc
khPSer4My5E
kxEebSZW3SM
l6tjAa9q1Mw
lBFqY00_8G8
lYvChrLpL8Y
lZzV8Sn81H0
mMmw2stosaM
mOwdWNfWR_U
mfHCOuvt1n8
mkNvV6kvtSs
mkvt9cbZZ6c
n2VYe_YH654
nFM7kuKddpo
nNXiDCzSlew
nfHP8Vte26E
nvRLT2RXPy8
oNrXZVEbOb4
o_5mpz34x0k
os5SNRkfvDM
ot2e5R3mbLU
ozXP1ZJqhzI
p97qVCd5XoY
pFvQMVqA52U
pXQZmmwSlWw
pqh2dYBrn4c
pz_1_IuQl7Q
qAj0qmi-byk
qAxbcWKGTe0
ql-uEPxfKtQ
qnon_LqSuvY
qx-dAyOiKSQ
r4U4NfsLbAU
rOpET43OLDU
rbU_GdM7Me0
rh7RWjoNzkU
sIveDyE9tfE
sPX1YfUOCPw
scUtdqBcWFU
t8JrBpF-OEc
tEUfQ1XbtG4
tRykRHff1zk
tUOkP-bfq8Y
tWQ_XA9DyL4
tXxU8vArmXQ
tcoReWTK5FE
tensEZwFd1E
thcRqTCfHRI
tqoDz8UfQF4
tuJ7fYJqlZs
uBJdYo7bkXo
uD120naan0g
uILx7cQ8fY0
uRhLQPSjazA
ucyL_u3r6Bs
vDskO-pyquw
vExjfRsWH-M
vhc21A_gjUI
wCjAwGcO_Lk
wOS_oiHe5_4
wRybWAcBNoo
wfUTDWDlzLM
wgTuIQppnNM
xIVcAGv2Zpc
xOd3i1pG7RA
xUqJhjeEQPM
xW_ypyyj1-g
xYFYCR_ked8
xcA2LL-BgVc
xeTVkIWG-ew
xjNivXsAsT0
xoiTEu40gHY
xw4OVUTiKDI
y1vQHpeq7yc
yCeC42T7PiU
yQwFRsES2Pc
ynp7XeSwuEo
zbZw-AHxS0g
zcscQ4fwCq4
