-2uLIma9rmM
-38sPEep3Bw
-3TAngPhdxc
-6-nQvH47bM
-6bLQ-czrVs
-9Wz0HFYzE0
-9mwzvvu2L8
-CSrj6Cb8I0
-D0EXYxooN0
-DP4-89kmuc
-EpN9-XxqNk
-I5zNAERQIM
-JoWD__eYZs
-KAhIRtIFxU
-LMa3n8ZaUI
-MJnPT_cYg0
-PavuavXiWU
-SMiZT2ILm4
-VNk-I0Jm1U
-XKNYj-B0Hc
-XmlaKjWOcU
-YF_QQcKkKM
-YmS6pNZ3S0
-g-lItSJs3s
-hMLNdcwiPE
-iKoRp0Zp9w
-iMZRykXp8A
-jXtUwDzUro
-jkGVGq3MuM
-jlYsnOOLWU
-kYJtO-Wj10
-kk1c1D5xhc
-l3khZ-180w
-l5Ajv7YGBg
-lmssLR-9Ls
-mQ331VYIv8
-p9jWMZXrLI
-ppd7__-3Ms
-qf8G_FHUXs
-rslP8ege2o
-suBIPyHJEk
-sz2FWm2rzY
-uKL-N0xk4Y
-w84DB2IfTc
0-J-uauO2DQ
02-dFds4kGM
02Ck4CdQp-o
077CH3MEFFI
0AcKA68lS-Y
0BDdIEJ4nVc
0F5eiHss_II
0FGXbEIJ47A
0G0dB5ig-Jc
0HCyB68Vf5k
0HfDaboFJ-Q
0I4UY3DknoM
0IKKIPZr_C0
0JknqwQ1hYE
0KKc0jN7psQ
0MVieXBnyFk
0ODKw7MCBfI
0TIkakXu8So
0UCjwLu5Lk8
0VRtpCjOXWc
0Vgga8THGkI
0Ybr1g1z8M4
0bT0Xq5AEs8
0cfDqbfiIVA
0dTGzZePKmU
0eUNvQIbk_k
0jEXx0xKKJs
0mKlbctbmdY
0mXWL35Y2-0
0on57TyXLcE
0sb6ynx_jOg
0sufA1gPTt4
0uVkAmLRZcY
10-PQYNOsTU
12m5UKaDNtA
19Iw6YkZfz4
19xbfrR4la8
1BV8XIxxB7Q
1Cb5tcWRuTY
1EgzVao-yxE
1HEEeQT0h4A
1J9-8gg-Wic
1JXtccGewlM
1LnszowzBNg
1MocX2eG8ME
1OK5HmPm1lQ
1PcEPmmUAUI
1T6Do_NwM98
1TKKpktXeZI
1TmMpK37im8
1UOGcTJ7yoo
1V9J6KjqI84
1VFFBnYeZu8
1Vmt4GqRniM
1WgtIK1AEoc
1WmC5ExO5_8
1WsRyjueXhw
1XtwfwQkxgc
1Y7aoNO51nI
1Yq4Kyafj_Y
1Z7G8oOhaFI
1aeS_zVBTOM
1b5gGFrISmc
1cVdKZNVbi0
1dXrmXKAUX8
1eDBGUK0V2c
1fF2-gyNJN0
1g75YBWRr9E
1gNbYLieFzI
1hqV5KOwKhg
1ks9dNc0Q_c
1mMKrDrxB4E
1mOORvnf6Wo
1oEP6RQyfL0
1pIaTrpJV-Y
1qMIjp2evhQ
1qTOgz41MN0
1r-HI7BcEv0
1sGZ5Rk2kmg
1w49UFbyj3A
1y8XFbAO9HI
1yr727gPXBU
1yzK6d1u1I8
2-RPGGFpWfE
2000_gL5SVw
205QBmkp8kE
21qtlxlTP3o
22-bis4YLyc
238KIGqzvB0
25tDYHGY9Tc
26Idc3n_aMg
26uCIRgYX5w
27fJuUSU_Qg
27hidHAoTi4
29X4eB4Lmtk
29njq3NHOZU
2AeN6YThdAk
2FH_ZVF1pOo
2HoIeJpoGFc
2IncEpKQ2-Q
2J2a42nNKRo
2JC9PdWkAp0
2JCkN27uVyA
2LGFZvBtiO8
2LvNzSXeX-E
2NjOcAvAbCY
2OF06oxbHnw
2OaeB5-meSE
2PvLv1vEkBY
2QJt8K9pfgg
2QLSuOZACng
2RIQ2zv5K8I
2TUMxr2Ga_E
2UvzOtlfBrA
2Z5qZxE8gV0
2cecBvDPQdQ
2ds7_8OvVr0
2gLeshpDB9M
2gT2QRFv55E
2oB26jImUUE
2oS0OIuBnRg
2pu6b_cWf_4
2qR_tjVjdpQ
2tIfDOMR9Lc
2u5OJmHPu5A
2uPt8mdgXuo
2uWfIUHtPrY
2vWJb7qnYU0
2xZALOx0ubw
2xhE6rBW8Io
2y9UKkTwsEw
3-HMo_cBwp8
3-WRsWZl0ww
30iJ_4_6S-g
35BdYiYWI4k
35QOolH6q_w
35h90JsofYs
3CLHB6YnwBE
3Dw_vSQGJtA
3FzbHyLYyjg
3GsTOPGUT0A
3Hy_7rMzLdU
3MQsLsMEYao
3SLK7y-U1AM
3TADrnqYths
3UVqusubv3o
3ZUMnaNuyPA
3_lHBDfjVyU
3bnKCQU3Pwk
3e8hpL3AGno
3i2Z9E7rsIg
3iTdpdSIo_8
3iY3FJ27FbM
3kxHiuIePXU
3mDO9eAmD0I
3miXb6jinGw
3rUx5j-kImg
3rhStCD4PJ4
3tKA7G3rrio
3uEPOCklmAU
3unsfVjsv98
3v8Z_Y3yUiY
3vqYIJH3IdU
3wbSEHVTC5g
3wzzTpCduOE
400tIZkv1Ko
41l7fyIBXAY
4334v5NeGQY
43arMufHnzU
48I2Gu5FwG8
49uxEHKxkZc
4A6AYORavHE
4Ce_0oFkcg8
4ECpz9Gfeng
4F5UK-fVwRc
4G17zDlovNM
4HJt3CFY_2A
4HeiMZzGgxw
4HfWRwh1Vl8
4HvoV_560vs
4IsjGJHWcWE
4J9H6z23O4A
4JnOsj6vU-E
4K5YbU8DBlY
4NElef5bgtc
4S5QQcN1beI
4SOXOph05P0
4WdJPlrRCQo
4WhJ7SFq6B0
4XLbVahbq5s
4YRAwQn9p8I
4_PoqB5sgqM
4_gH0bfhR-k
4awJ7BcLD3E
4bNVOvQI4V0
4eCOd22pVGY
4gExp6MkjIQ
4iSrdVIRDQw
4i_oAaa_sfY
4jKY4Nl3AaE
4l10Dp1OL7o
4ldUuDEmgMU
4mYjJWJIMvQ
4nZcQI-CDeM
4pTic7NnYcg
4pwvxIdlbeA
4qmo10IjIxQ
4tkBbtwtsHg
4utNXH8M1qc
4ws32KsLHwI
4yDWU-1UIS8
50y87MyxK20
52LXO58qrpw
53SGAZXKMeU
55JrwV1iOeY
59rqWt8FDcc
5BOApq0UT2U
5CXjLe_pbWU
5D8fDFwLCWY
5EtIY0tLBko
5FJx9-X4Irk
5GoJqKjfUDA
5HpbkN698zU
5J4O5iwxfV4
5N9fxRxPpSc
5OexZJ2_RLY
5Oh3I1la3ZI
5P7Ld7joey8
5Pkab2Jr2p4
5RQNifWDl-c
5RWnEu_JcHQ
5UNa2HDL1fA
5VHxaLYlROU
5XoLc3t-BVc
5YXFxYWccFk
5Z7v19kj3mY
5_6ioaX2iW0
5atAQV6KlJY
5bueueLl5qY
5iecHXNbw2M
5igPDMXpoyY
5j9dqEv_MBQ
5jew95vW-do
5kEQJ8uRfHA
5ljj03DcHeM
5mAvOw_onMU
5mwXLz6QLLs
5n1MD-KX-vE
5os2V2pQNKQ
5vZm-if6bTU
5wIio2dPcN8
5wRzPQn-XCw
5xe42I_b-Nc
5zs6vcIiUxI
60dFGCSY4Wo
622mYAs_hRM
625JDaYTX-0
62PId0o3OQ0
63FDtVWIWm4
63NsR6AetnY
64VrAA1u5vs
667z7pp_hAw
66qie33rOdM
67DvV8OFkQc
67bAkmYKchk
67zLCUbXt2Y
6863qmCTYEE
69Za8_HEYzQ
6CFvsL5PPb8
6Fpan-7Bujw
6HMcnIyJJNI
6JWfU_Qzd_Q
6K6kAiXvMIc
6KsfQ6zuQu4
6Nz0cU45G1w
6PdkAYCr6S4
6RCNsv95TB4
6S5kV0WdVMs
6Sg6vRJbE7E
6VWtWEv6EF8
6XODe5Z8Nxc
6XifVjlcbfo
6Y597vqAp9Q
6Y91YhhUqx8
6ZhCtHPGAmI
6a4_uya-CXE
6d_DpkMxhAo
6d_Pd-kH1t0
6dkyr4YHjMI
6eQLiuzsOJE
6i4FMcnQuHQ
6i5n_kTzKTM
6iOW4ExiM38
6lOPyP8L8i0
6nxHEvXII-M
6qR0qLsPdB0
6qX3YmHRo3o
6ri1FqcNTHg
6ry5e6zQKTE
6sLjNDSSVe4
6sadfUOa8y8
6vbone28RCI
6xnwODb36ZI
6yqBmkI3ioU
6zwmc9SqMLI
7-BnlFWCHog
7-f2WpEPQWg
71kepa4NROs
72AD4CpLtOI
73H_0pSL_3s
73Hy1eqXF4I
76BsrT2kBCI
77tVPut8268
7AZhNA-sWYU
7BP4NGgnjq0
7DJuhHJYT-M
7H5f388UO8M
7HHBsuJMn0I
7Ib_RdtVmDM
7J1zBLz6OiQ
7Jr-QrjZDPU
7KqrsRu9CUQ
7L5FcpX0VWc
7LLdtpQw_M0
7M5TMLJsdn0
7RZzOy4cpUg
7UY2pr3tc0g
7V4dLHpd4us
7WnXnN8amq4
7X6w7twd9KQ
7Yh9U5A4h0M
7ZMK_hd15BE
7_BjcM2zlGE
7fy0_6sVtck
7hTQX7tu8dY
7l1kPhvywsc
7lYlszMykDQ
7nAFFGNYbNo
7nqOgCr0jFE
7o3imyz3SGc
7q0Oa9-49i4
7qESSOVGHIo
7qkHO4Y4Tqk
7rIuKbXd25c
7rQENXJnxi8
7r_-ABVb97s
7ueZBQ_xGuI
7uv7URzhkgs
7uwPycLZZVA
7z-mREYozHo
7zwf0sPcChY
80HC94vDEfA
81zrTAw1aOw
820i2rsetIo
83JO0dgve44
83oQlVV7tkM
83p_ioWj7Ck
84HbRj2f_Us
84IDjtAgGhY
84lp4TwGYw0
86A5o4phgC0
86FH8gTsi8U
87yghBaJ00M
8Af_vk3S5YM
8C_sdX0gcG4
8DPT2mlJhvY
8EfEUWNcGNk
8GBl6ZTIm0E
8HTMt8Z9v_Q
8IMv1_eXF-U
8Inkt3HI0rM
8K3zsi192mM
8Ln4CuQuw-4
8Pwx-aatOow
8R5pwa8d9Vc
8S00gUaSqy4
8VmsQZzIXYY
8WtSZEJ7SC8
8XyEbM45GSM
8Z-61yhQQUI
8_6Uyv1us30
8_B3rW4X4ik
8bLJ2TLjXj0
8baA0YV52Bk
8cu5vROHzRQ
8ddcn3KUzE8
8draHiDAEK8
8gO_44Mf7qc
8hKCHyT3SUM
8l5FXS3ook8
8pvePIQ8y8Y
8qmTzV3VgMw
8rop_NiZJQY
8sTpp099Qvg
8vpeudbGCnI
8w7kaOqFaSc
8x3ACINOoSY
8z6Srs_q3co
93FrLgJkcdM
93i4y7SjnXs
95hjvge7FJk
99kyuQ02MFs
9BGaipyoRio
9CGkZkTtrwA
9D5SF38P200
9E80sfKdlbQ
9G1nX-XvPz4
9GnuXarTyk8
9LEAACDIrPY
9OLNcFu-PlY
9OVa_NkuDOQ
9Pa5Z_AF4RY
9QbvNbPItJk
9QrfvVQ2qj4
9T36TGyQwEI
9WAUyRLko9Y
9Xf_etv6VTk
9_mhutPpar4
9aB1k4Aamxk
9aLOHqeAmB4
9b4uM9ehkL4
9eBHH7Bl4TU
9foRz9iYelA
9hbazDnPISI
9jTIdZR_ga8
9kchAWsOV48
9m-50HlFNzQ
9q-ONp-1gNo
9sechUAznYk
9wQTtRxoqdg
9wdih1vDUFQ
9x6pQPttBmE
9yjlgXIHchk
9zWrkAbT8Zo
A-_cTJcBhak
A-zkwwsYh4g
A1-WfwOFebg
A2IrNMRPdMk
A6aI2QHjIyE
A6hd9V4NqK4
A8_4H5CCpgI
AAJJL99Dl6A
AB6_DljQOw0
ADzXg4B8Qm0
AF14K1iIT1w
AFcqjEf-mnk
AGGyfB17IgU
AH5birUtTmg
AIOT4aU3mdc
AJKq--yp7Wg
AJsnWq2jLNU
AKdgJPfZmxE
AM5mnsdZreM
AMRUw28hV0w
ANYhH9c6DVE
ANcI_aMOSTU
APS0eg4lQO8
APpI8PDobio
AR0dQiWEse8
AT8Xi5OCnTI
AU4UFqwpGG8
AV8FaQLdwfQ
AVcaif8Csyk
AYl3-bGJOPc
AaGFX7FkmTg
Ab3zGhbEN7k
AcfijE1CFjk
AdhoMwi8nkU
Ag4WFdO05ts
AhOkNmAsOME
AkMVEAfLcNk
AlGodoHCgfM
Al_iR9z-pzQ
AnUu9Uxu4Jw
Ar4neryew3Q
Aro7-Vqqu28
Atf2dDKSedA
AvFewtWorOQ
AvcYsc-BOT4
AwpRW6xLRO8
AzufE03DXik
B0AvX46VwCI
B0oiuW9_MQA
B6I1Z_zO48s
B9moDFKxiTk
BCvHEBFRR44
BD-biS4EQoA
BDuzOr8GCYA
BElJcA6gMmA
BJ5ZVQkPk_g
BO-AAlyGMU4
BOD3gVKB5gE
BPhjWMjDvUU
BSyEEt4OiHQ
BTvpayseDD4
BUi8F5b4nIc
BY6XPvPs2Dc
BZeElqOQI_A
BeV1crrvmHc
BiteTc4IXz0
Bj1VV3mHbOM
Bn5B407xYKg
BrkbNHj_qB0
Bs86nbcLjXw
BtRCF3006XY
BtuAvf1YylU
BuOIOeHsnmM
BuYbS4ERoaQ
Bx7F_98tlKo
BxGfHn_uq3o
BzmTp2aEujM
C-HhfFDkXfA
C0HiITBK-sI
C1Cz2dui_rI
C39oGeH1nd8
C3NhV9AfMds
C67A-Ut3S0g
C8RzkbHep4w
CA-Kr6kawuA
CAg3kzolniw
CDJfQt5Rx7k
CDV2l3wlOYI
CE1OWhMREaw
CFFn07rosww
CHbXE6AVD1Q
CHuuYQxlrIU
CJePTvm7rOc
CKedM6UEbjQ
CL1fxPb2Zck
CPHf1n0S42M
CRPfpGzJIWE
CS8AmPn5bho
CT8nE6XOQhA
CUu2BbkrT0I
CWOxYOxJh7Y
CWlcngnb-vc
C_RLNg2x21k
CcC49BU0qy0
CcKAhijoJdQ
CcfNfreJDdo
CdPTtvWEZHY
CeXLCSRASgU
CfxibA1jvpU
CgHMYaBlr-g
ChiaO1A19fI
CiYMMJyoOoE
Cj2utph6HRI
Cjo9yVlgyhA
CmauNWCat04
CqMkD3Cc2VE
CrhN4m965nc
CsqlUv6nRr8
CvKRp7Aohm4
CvkoYLAheI0
D-F4rW7RUXA
D-c8q7Ibwl4
D-tzLGpmsw8
D0KPNoIus2k
D0xqWTELJIA
D1Sc558KkW0
D5wgdTfTiE8
D6qqQB8MvPw
D8ALRL13blQ
DCxPOisIrSw
DCzWq3vmshc
DD1144RUsh4
DDBDu2TniV8
DFTHQ4Jk8G8
DG1Ggj2N4vI
DGFUlFPaHhE
DGfHP-l4o0s
DHRzr338Hbo
DIiC33OYSTc
DL0km3Jopvo
DLilK9k162o
DMChW1TgUJk
DNEULDK0qq0
DNH6nyF7Niw
DOAiEnZSUe4
DOB71swimWM
DUCpug2BPbg
DWXKUN15bM0
DWuj7s3_qgQ
D_bUeMtpZfI
DaXZ3JcVP_A
DcWbEP5cbEg
Ddwd94JK74Y
DgFtlJ-UrA0
Dh6-N4wKeTE
DkhqARKiVH4
DqtvoRozibU
DvFoiddRgxo
DvvtUfpS4-c
DyKvIQjdWF4
E1I9VSNOk6g
E1isjzg74mA
E1wS6dwC9y4
E3r_v7uweRk
E6h2ZyYDvQ0
E7SfLk1DY0A
EC2lNSDQR8I
EES8mLVx67o
EJf-AXXpkD8
ELwPxDOd5IU
EMMsrow2OjY
EMlgmyoSGHE
ENKm0vIg4iQ
EPfLZrJWiX0
EQBNRLbZeKc
ER2kFuQiAVo
ES7jKCsGx2Q
EV6EiHfudao
EVPSPCO7U7A
EVgh2t6KraU
EXIfR7CHuGs
EZso4S6upqI
E_AI1yVGvFk
Eb1s7qXDWPo
EcoAYH4Sjug
Ed2Tr466Jzw
Edp6DPa16Yc
EefTkZDgVz4
EfJScPailA4
EfJj4ajrwgQ
Efq3hqA77XQ
EhgSoddkgvg
Ei9GtiHA91E
EiG5-h3xq_M
EjQFOKA0CJI
EjivuB_q0IM
EkXpDsyJXa8
EnTAjVH1NWA
Es9nCltQJo8
EtGyPoizMq4
EtZakcljxsk
Eu0vitqO9Xk
Eu5jHlRZNcA
Eu7IhbxdXcI
Euqj0c1VRjk
EwpFxi6bJWM
F-aoPk9yB3s
F0u6Hb7y-LY
F1Z8M5WVYNk
F3whTRitXxg
F7MmA8jY2fA
FDAUbL4CbCU
FDy8pjIrwlQ
FFkzficBeOM
FHPl0LkJ7ko
FIEY3qgmaDs
FIfYy5hjlqc
FIjmab2Ssps
FJU7xw-wh5Q
FLdAvE0T6Jw
FSNiQEN0hnU
FTACFVDFxuo
FTL7_C6ODwA
FU1uxJjpyoo
FUL4glYjfUk
FZQGZen7_Jc
FZzs3AIH7YY
FaPU3u0sq6g
Faar2qFLcpk
Fc_9-kIka8g
FfOdXpjLKqE
FgRdiz3HsQk
FlaZ4N6LNd8
Flp-j6p1Nzs
FnShiDTh0Z0
Fp7U48o16uY
FpBT01M2mxc
FqCCJuVDYKI
FuU0p-5SYI8
FzpfCTPcXaA
G-WW0DLYxyM
G-elz6B05Gw
G0szoMUQ2D0
G1mqxOluOPk
G3GREKC5zo4
G5d_9Ery_yM
G5m_LVUqFoI
G665GpMuY-8
G9JYLEe-5AM
GCrPy2vr97Y
GEq0rp4ZDWk
GLp42OULpxo
GMr-SM7PArs
GNYQncdqEsQ
GORAjWndW9E
GQEVZ8C71Rw
GRvEYO62ZrE
GY-XpGUDrYo
GYFA1UzheP0
GYfIgxN-7Bs
G_rmqd3W_FY
GbBJjGEmLXM
GbTpL4E2Evw
GeV9DJmyrAo
GhTYPp-nlMA
GhbSGthtnb8
GiknhWIQmY8
Gixhbhuiuws
GkFKKE8D-gs
GkTDffPoVfw
Gkq8gM7Mb5Q
GlTwdGRAENk
Go8KsEdrLX0
GpuEiBwpa7s
Gq4ArtOU870
GqmKJPws06E
GqxzkXbGswM
GuaXIUjDMNI
GwJXqMNtApQ
Gy9qBvBY6po
GzXS5RP7i6U
H0oXTDD7zE8
H1GKteHeBf8
H20uqpI6UVw
H3OqJWRUj0I
H3o5hhWs_1E
H7FsR94QN3M
HBbiO1dHIck
HBkMtGLmQMU
HBoSandbsLI
HF6BIRRVPMA
HHvYDoKZTCE
HIoDhJhVbHk
HJA7nA1WLLA
HJFAtnx0xus
HJFCDd3QuAg
HJWyVJInWJI
HJedlFXvtwU
HKHOffRC6PU
HKygDmmzZQI
HLDfyfbOvm4
HMGDdPv9GUY
HMlkhbieL-s
HMwRB0PJSNc
HQlaWh3koIc
HRQMfkvlU9w
HUnDBx9UHgw
HVbNWoI-3AY
HYGBqCp-cMs
HZoI-wlY0dA
H_815JVu4SE
HasmYij1OKo
HbOGdDyay3Y
HbajtgvKMv8
HiQvHoTOIOY
Hj563Ud7NBo
HjLabrj_mD8
HktT86BqiHA
HlHFkz5oCSw
HmFK6VLhS-8
HmX9OstMS6M
HmpdCGjTt94
HqkE5I0CQCo
Hrxy8s-0-Sk
HtB73yig0Zo
HtN89wG7sZM
Hv9a4WlxRKs
HzJXbzFZ11Y
I1B2pjpizl8
I3H13d7_EoE
I3nuVLVWPKo
I5LgVBjjo6I
I7IRy9loPoY
I8prCqzvflw
IBUkFKZCJR0
ICMf2j5eZaA
IEEDxeN7qP4
IF8ODNlbkJI
IFPo520DEsE
IFpRXTdt9e0
IH44NIA6-Qg
IKvjivyYvsE
INhHOm6rzS4
INwD31Mqr-U
IPwYs5UCS8A
IRxiSos0Tmk
IStCuaJ-JTQ
IU75aFpJwJs
IUfOZ_P8l8I
IVL6HXmOMGU
I_aBxt__-kA
IahNzwrHD8E
IbY_crpFJVk
Ib_pGOhXPJ4
Ic4AKlZ8QUY
IcC5wn3feMU
IfJklQ69EYU
Ifl_-NW8fJ0
Ih7ghCrAiZQ
Ii69xPRnLn0
IiKxulJrmew
Ijx78_sCT04
InJ8Zb-hVqk
Inx3RQLmvpQ
IoCUODRErFs
Iom64C8t1NE
Iq5anFa2Kuo
ItoU6mNfLOM
Ivn4hsYwYmE
IyfH-sFgCiw
IzsQHFms8mY
J-NfyRnVB68
J0isD21LOeA
J16w3i5ckyo
J4C8nLnPA7M
J5mANUmLBLs
J7PZiUvGkRg
JA0JgsxR32Q
JAO8I5V9HJE
JAakqcQa-oE
JB0gOhrJARw
JBlKvWTukY8
JCn4gSD78jQ
JDRta7sw0LI
JFc6HKlg4sg
JG8cVpqKB94
JKUQZkEz9sA
JKdW0tEjs9E
JMb5Kjp9x1M
JO4PYXBWK-s
JRzVoozNme4
JSiqDs29Gpo
JUBaBiIjIx4
JVR2C3tnByQ
JYPcEoVeJLs
JZ8Ruom2EXc
J_j2-HZZZLs
Ja4y5e54xRc
Jb36MBeEmQI
JfeAsq5Kr2o
Ji_-nh2a8Gk
Jj5iBeO6rcI
Jm0VUsrkmtc
JouyuEA6ABE
Jq1mKDOYcac
JqnMbeOMEv0
JrEsijdbgEY
JsMnQUulDUc
JvYW6q9HEYM
JwQ5IbDhGJU
JyXwV1C50fY
Jz4tiDJl1JM
JzIshZ--sco
K-QoeoAxypc
K-uQT3CNjCk
K1Dbaj6f7Mg
K2F7Zv-LECY
K2ZcYCGXEnc
K3ibN4WiNms
K5b672lMH1g
K7GI4XVlPuA
K7JszYkojGs
K7Md3FZvkRI
K9CDjWnkIzA
KAFNLu6A7xY
KAr1jJLM_BU
KB44ajdwq-U
KCTc0NGZXRc
KDLqQnhAO1o
KEcsV84zXdM
KF6xB-d4eF8
KGNiBvGFYHM
KH4IVEQQF7Y
KHsJLExSwEU
KIwCWomduLg
KKar_IaJ3dI
KM3kj5DQrcM
KM4Vzun6gzc
KMDBqmtX2aE
KMTW18uQ1C0
KNfTrsZdeuw
KQ1W3i6jIGY
KRfdr4jSkMs
KTGem4OIYOE
KU_9OQMr9j0
KUvcmC0l_RU
KV5VQrXMtBU
KWWaTzfay8s
KXzOC1Fue9k
KYDC_JVdqk0
KYG6uQKOaXU
KZuxwlrYh0w
K__9Cr1XqHI
KbnzIJyoqnE
KdJEgPu5jaQ
Kg5e3X8GJHQ
KgGNhEVhrmI
KgWruXo7XBI
Ki8FShD-uoo
Kj6wTK9JVAM
KllrhawBsXw
KlojMuNIleQ
Km0dj-m--zk
KmgArH_khNc
KpP1bca46po
KsGcHHColOc
Kt-ChJOK_LQ
KuUqQe3cyMA
KvyWgLsZlNk
KwZkdg-LNlU
KxMhEg8A9vg
L-ZbubcxXl8
L-z6o4ZWefM
L2Wd2vUTJis
L3y1mpx3Viw
L4pqoM8LiF0
L8R7Grw3qEs
L9H9F4PD2Y8
L9hZOSR1Jfo
LIdjsxocMeY
LIixp2Vyy9Q
LIz6Y6Sn3iU
LLTgUfk4HlA
LNHc0XCLPus
LNTxOlzrPbs
LNYq8sV0KeY
LPedbr2TDos
LTWdP3KgIsY
LTciBTap3eI
LUrxMhegASc
LXRKPdwuhu8
LYkXgx-OR60
L_MFUHplYtE
La7hCBAcj2Y
LaQ3ouuKgQc
LbUQxnLTu2U
LepY0jPPyYQ
LgKL_po9hCE
Lhv_lPAjj2E
Li7iYyKK3hI
LjGQf29s-tI
Ln6RX3TcHRs
Lnf9LSdGbAs
LqKgTFYfpsc
LrSGPFvg5VY
Ls8nEWMQU9w
LuyK7Y1I6Vc
LyXj3wI06Lo
M-tCfVbsfcs
M1A3VzqMzjU
M1wzdI-C65k
M2AeM9lTli0
M2X-f9YRM4M
M45TwU7D4VU
M5-F7oyBMsU
M6ZL4P3XHBs
M7niYBYTcFM
M7yaWgAw3R4
MBUpR7wQ8fI
MFQ0hVObCm4
MGRCyLfPrJA
MJuKoEQdCQE
MLrfCOFpG4k
MLzyOvPeAx0
MMQlEdv13vo
MPLH26q15AM
MPQy0ZtGOYY
MQKeCMwEVS8
MSm1DANiSb0
MW0t5xhniGA
MW6YII25f-Y
MYtN_RKQjto
MZZFShpc604
MZj3-kefijk
MZxwyJcfVgY
MbIYbmYoz4E
MbYRuWX5XRk
MbYgiq5CNBM
Mc8JEy-AzE8
Meq3Mlib9lc
MhAJAjQ5U24
MiHkhNTx6V0
MlOJZ9TCSBw
Mm1dBBAnZbU
Mnmzky3M2gU
MpMh3-Sj5AQ
Mq7BW5z_kZg
MqZtnCzGw6s
MqknGsGiq5k
MsnZ25C5gbo
Mu_aYw9gNFU
MvulBV01vfs
MwyQpU0yWZE
N09vHFCsy0Q
N0oFQnDKtok
N1CoYkk7Yf8
N6mqWQ682RA
N7zKB2qTLv8
N95g3Pj1z9c
NAJp_XmYHoo
NDuR7qAfnp8
NEZf6QifNMM
NEcP-JZwa6I
NEfo-DJhNFk
NFehmOkbIj0
NHchO2i8Nmg
NMPhRWaTMtc
NMavUWefY1Y
NN4Lc92-y30
NPj0ivUvGTs
NQK0T3ckrEQ
NQpUc-uQdqw
NQuGvVD8JJ8
NRbaIlDAS4Q
NSBV2VisQqg
NVgx_vOdcPA
NVkSUxkyV28
NXEdqFPiEsc
NXQikFgQCek
Nbnm_EvGp7I
NdHwxqDHCZ8
NhzVQRrLg6I
Nj7veYeb2e4
NkBMmny_Zn0
NkWSkYHmoV8
Np32af-3WtQ
NpeIBTrmNcE
Nqyc15N7Gik
Ntzacqlm-Ac
Nvw0VztK6YM
Nw7Am1MZlko
NyuXIsPxVjQ
O-XhalZyf-0
O-k5VEwK1_A
O10MpiCy5B4
O30RHazlIWw
O4QoFUIpNYE
O54ox9VlYdY
O5Hr_FjSFEg
O6KBDEu5sSo
O8g9SwYnvTw
O9qvga_6Mxg
OE1VJihBZlc
OEZwdb2HQ4w
OFBADQzDGaU
OFiGXJdtbJs
OGcm5i02MG8
OHsty3AYrP8
OIna6eDa8AE
OKB_27iP6Fg
OMdhNqH7nx0
ONYLVBu8sO0
OOVzGBV_FbI
OOu2_5Ou5co
OQflCuSyn9I
OS2O2rhfQaE
OSJRZOUgHXI
OSuAlj5Rz9o
OXYy5v_yE0c
OY2r9VKybH8
OaSK1vPZung
OasPOVoAwJc
Ob3qm2Eadr8
OcWwy0yWKuQ
OeoWNiLFzKI
Ojsiu_vkEKU
OjvqCsh9o2g
OlCyv7T1hL0
Oo8uF1fnSpA
OouztclCeJU
OqxUiMRshFY
Or5qfD10OFs
Os6mBG3O1Lk
OthQD0t3svA
OuNBV3PxmyA
Ov6MLNCVuXE
Ovip1CuPD4s
OvnGj5GfKg8
OvsKx-JumHY
OwP31i_7vx0
Owmxick077o
Oy0kbMHFNuY
OyPZvhr7sZA
Ozb8Zdrzyu4
Ozv7bvFMqZc
P11Vi79ijiQ
P36V9RZ9MdA
P45K-xEUn9I
P4wxLGGztq4
P4x8CjOGMHA
P8LSVhwIFn4
PAhmSx_8q_M
PB0z5xAmyRw
PBPd_Jb56JQ
PC5SOpcpi_8
PCqSqTAvveo
PCzbpowMdGI
PGxA5QTYtLc
PICmPWRHCVc
PMdBEq4-ZCA
PP2uLu_XoCs
PQ7da-ASygM
PQ7kqSzKbPA
PRP7vD_DK0E
PRoHzkIrMls
PS12RW8zxYQ
PVds0Rhf_9U
PcPdpt3IOjk
PdwS7UuJZVI
PeIjVwFpTmM
PeNdyXAamuo
PeR8oCAF-Ow
PeiD-Li2yNs
PfJEAhKirRE
PgScm165XxI
PhBwF846x_Y
Phv10KbiJxs
PjGtscYlSKU
PjjIMzzmasI
PlxnUni4q4A
Pm6-yg9aP78
PoFoOqCe1Ag
PphHKfOwCc0
PrTnDvqFzrc
PtjAv1u4h40
PvseZWyGeIQ
Q2cQFd2se8k
Q2fA7DFSl6w
Q8Vx4q7JTmk
QACOp03OCNY
QDqvKBSzfFs
QEogE412iJs
QFsQviuqsuA
QGUlcmoIliE
QGvueHxg2EQ
QHUAPNp2WFE
QITu3fRT9TU
QJpUS88BAz0
QKiriK5VpKk
QMYg7LDpIFs
QO9YTbXsImo
QPlC6gmnNfc
QQdsvtKdShc
QWhrPBw9hTM
QWluTcKyUwo
QX-SK1gr5BM
QZba3l95UTo
Q_1Wfzsje3Y
Q_hxs5pXdI0
QcHPKjPxi7I
QgAd_GH0fh8
Qhy-JSRy3qA
Qj1m1AmYCLA
Qj6DWpISyEs
QjWKZGEfYb0
QjfeDsg4bOA
QmSIWT2HUTY
QnCLHh2hM2s
Qwx8j57J_wQ
Qx0GM0K_LpU
Qxquyme3pao
QyHsWqgYWz4
QyeLJJQIAG4
QzX0VmKr3_E
R07MggXBUz8
R0ErN1kaZss
R2omB68Nbak
R4vAsip2CF0
R779Kykk8Qw
R7RUZqyyZqo
R8sRgWmxmp0
RB-3p11hOsg
RD7BOxqPWA8
RDH1KxW_rOI
RDXT8aocomA
RETsbY7Oy98
RGUXuNQaX-E
RHNvi1UELeE
RJZyjj0zRzI
RKBDJsohQfQ
RLGWCtCU36M
RMXkA-LAcWo
RMezt7mtjXI
RN1NS4ktuAE
RPZcWcMfdhE
RQ-tv43Acxg
RRO_aFMx6ho
RS6F0Y-knVM
RSPqonGEY_c
RUPuIR8aF28
RUt3NZBH__o
RXphsctNl7k
RanDWdBDg20
RbZfGO3Qrgs
Rc1CD3iBqTg
Rcry_Nm0VzQ
RdvrKPoJSGM
RjWyHWd2Of0
Rl2d0dhQuhA
RlOY1smxVUI
RqzvR80Ov6E
RrwxSSdxwYA
RtIsk_npZCk
RwrG8zOXmQ4
RxsIZn6efiU
RyrsiWH6tw0
S-W4HV-ERWU
S0sqaheyJAs
S2edcbuSl90
S3M2uy2Onfs
S4Se9teljSk
S4xvPz-XEkc
S6ZJ9W2sTC4
S6iCp1KZnZU
S7ueSITiX84
SAIII2V7TAM
SB2OShR_kvw
SC_sHGAgvF8
SDC0Vi6ASaw
SH6KUBzWgZQ
SI51qfGZffo
SIWVkn2gBos
SLLRe5BlhOg
SM-DNAQqDN4
SMlqNga2yXo
SN9IIbjIYpA
SO_TE5DdE-I
SPBqJQb8HBI
SQBz9-igmWc
SRidS921fow
SUnHeqvlRX8
SVTfHpUpjTk
SZgCb1cZ1B4
S_57VwkJp4w
S_kEj0BNS3U
SbgrjLXkBEw
SbyX5cgB3aA
ScoRLAqyDOU
Sh1WyuU5AdI
ShkhTOzUzV8
SiSk8TuFmOo
SoR5QCaa7no
SolUtEl2bPc
Spncwyoup4I
StGNDGDJwSc
SyP4y4i8U-I
SykHpDHHR6E
T0mZWq97I8g
T1TbPeLea54
T2NaJrX_SxM
T4FlTYllhyQ
T4H_jGzniX4
T4rezobrgeo
T5hITVnDKmc
T5kTYAH9TjY
T8kJHOJrFlI
T8x2b4b32RY
T9CBvndNZ0M
T9S_JpMevug
T9ggyqOSDSo
TCNvw9Gkln8
TE_1cr1YPA4
TFpceTxRUcA
TGHzZTILVko
THkrEAoL0JY
THowy7czrks
THwRHmZfxso
TIEw4lKcvqY
TLIQfeqxnjY
TNg20jpI4lA
TQ8zZhFZEzY
TQHACt8UP6U
TSrWydU3q3E
TTD-kiHgI50
TTZ8KuhmAsg
TWBQSMiT67w
TWQ9SzoIuMM
TYHtBfDEzqQ
TZ2-U9zRp6g
T_0qzF8EgOg
TamJHpx57c0
TbNdMn3F01k
TbqdSOM2vqs
TcwDqiibEGo
TdsAgyL6LEw
TeWGQIn5az4
TeziaUb_8S4
Tflu59N1iQM
TfmPjFgPCfI
TgU39DAQIqY
Tibkny9LdOw
TlA_cXMey0g
To2wcDOZDZ4
TtEc6nhJkDg
Tx1qBjiYR2c
U06nbMEoJFM
U0qgE1VoKVU
U14KLb0NKxE
U1ue76-7wOw
U2jFHNgfbHo
U3StGcyl2fI
U4ToiVhEPug
U5QD1H6lCiY
U5lNBc9aBrA
U5r34lNA_Jc
U8lfbQqOMts
UBstC7LawgI
UCf4Ya2JsQ0
UDk3XhAtuIY
UG8dyo81FjA
UHbem3m1AuY
UIjMqwPL98Y
ULMMJm4_i3U
UMPcBRzxjZw
UNGsoovi8oM
UORQo-K-hIY
UOpY_zdZHjc
UPp_h99sMU8
US-8mBKOmCo
UTzvkz6Bb-U
UXVVm_pBr1s
UYcDcZP9wSM
UZSszGmADdQ
UZmdn14ZGRk
UZyP63vJVus
UaKdcYwIwcI
UbHWY8wiga4
Uh1pLtkzlbc
Ujw2ty8ccDA
Ul-bd8iWgFw
UnTTKukiHhg
UoQigEw8Y4E
UoV7F6u2clY
UqMOWJGgARQ
UquVUVDusho
UtFjJWamVwA
Uu5I282brnw
Uuc1xpb6q5g
UvPrmRKBwvU
UzZPqU9z8gU
V0m2eC6gZXM
V2jjtzQwCGg
V2y-zzk3lTg
V3AJxhASDBM
V6KhJDWSCp0
V8Mws7eI4fs
V8l7TVON-7I
VAyy5n4Oft8
VDbOa_n3yoQ
VJ_rQEFjvew
VM-SSrRBcRc
VMMDMm0FUVw
VN4NSkJlknQ
VNUu8bee5bg
VOQyBXgl_bI
VOeajSCr8gc
VOqY5vFZKkw
VQ9i50ktnCg
VRJNSnQl6ZQ
VTj5QDYvl7w
VVigbxXpj0U
VX0Kgovkygg
VYiy_Veccw0
VZoRqBtFp1o
VZpjXmzlV2k
VbuQYe2spbY
Vcsv6QbY1Oo
VddRXYv6ELM
VeJ4NWzv-7s
VeoRtJ4Wxe4
Vh-3q0sybu0
VieXVfM4ayQ
VlEqe07_Gi0
VoBPXy8GRIs
VpOleLVOHqk
VpettcH-aEw
VsDZGkfzZlk
VswjMAefyUM
VtxEvvBhsFU
Vv2h6xndIcU
Vz5CGCHaUVw
VzhCHqbkT2Y
W-6GWi2JxoM
W-NZIaBeAX8
W2Ki_PP6Vjc
W2gq9wnZ1Do
W5LzhOiGKCU
W641aSc8YaM
W6gbP7uZBN4
WDQM8uEIJto
WEcuzYXqRYA
WMoXWhUk5r8
WOzNH9vDtJ4
WR5rTeDHW3A
WRqxxrEaiAU
WShqIwS1KtQ
WX-TACY9Bw8
WXBhTq0vQw4
WYSWgOjVLJI
WYpbWGSg0pg
WYt8qlEPyq4
W_i3bHB7lKc
WbO_Swmutlg
WcCLh5y5D10
WfMBBPX3ngA
Wfju6lMEyAY
WgcvEtxkadY
WhRWN4-8nEM
Whv8jq9WXHA
WjdAMCz6BNI
Wk1M-532OA8
WlOIT0nUprI
WznoTS5CkYg
X-peMtqSMcg
X0P8FVootno
X16UrjzxGrA
X8MNdYLd1Yg
X9M74w9War4
XCf7-x0tBbI
XCzbDCk-7ho
XDWhcTunFA0
XDWk-bQYIqo
XHTD3LWHaaw
XHzeDvfk5ro
XIKtQkMnUC8
XLoZP1SLLcc
XLrAWod5VH8
XMsbZiY4lok
XUTorSXHPQ4
XV-NLi_q3aQ
X_Ro2H7KMQE
XbSyMYFRcDk
XbjaJm5PgFc
Xbpp3q--OlI
Xd4O2m-dfvc
XdFTpUkrhzw
XdkA6vWO8iE
Xi3Tr48kywg
XjQCuPuJ6Lc
XpHHMD3_SnA
XtXV0KaO_gY
XvoL10vXlwQ
XwOus3wIBA4
XwcAEg_5-rI
Y0MaoyEV0nE
Y33c4IZ9qYY
Y3ZFrRgXfeo
Y5lQBFK2UsQ
Y6vyc2I_OYs
Y7EjXcmBKOw
Y8DSuT-CNHc
YAXHXJxjDCc
YIE7nZFQPp0
YJTW_3gqaPw
YLCQNI9i4iQ
YLISHXKbNtc
YMwqjQGEXcg
YNvjRphUD1Q
YO4t6c3cjJg
YOs3hWDfX3c
YRz1BTFleg8
YWo-KjV_8M8
YYIMhf7zAAM
YYK1-M_Bni0
Y_3I4iMRwQU
YbZQ7zDngOs
YcrKKjOlOQU
Yf7PbkL4QkQ
YfkdV7CRvgI
YkanFIrAkzA
YkjyioA8UHU
YmRNMgQBN3k
Yo4eFc4hsE8
Yp3x5gJg78s
Ypo1FpxTnDw
YqZBGFjO7S0
Yu-961dpGIE
Yu4JmfSbLJU
YvMCOMMWwyg
YvmTdjRfbPU
YyDVeMibWa0
YzRiBTnRGtY
Z1QalocTfuU
Z5SNDovMzLc
Z6VDcrzCwsI
Z7YorO5HGwM
ZA8J1WlRXy0
ZAtvJzZyADw
ZBbMFOoMWYQ
ZCNTskWcPPc
ZESqvGR9xpE
ZFqa9UOyJ8c
ZNupgEU8xbg
ZOz_CoHIlSc
ZRNCFwuZlpQ
ZUSPK2Jpgfg
ZV18x9cISCc
ZV9kArTZz4c
ZVk-C2pqujE
ZWJEnohph7o
ZYQUS0_Xr34
Zbp_rjFfkG4
Zd0slsXmvAY
ZejTZLnEbBk
Zf9yv7A1xv8
ZfSdH1p8IZg
Zgme38wqzwA
ZkTbpCAEveI
Zn9cWSfOxXo
ZpSd3B5ipUE
ZpzHV565v30
Zq2ozT8s9jE
ZqfEX1bknm0
ZsrIF0sFU_Q
Zuc5IiU9a1M
Zv8anJSWzug
Zvop8YyQ3p0
Zvx6Z4tGzIY
ZwMsuBTKEMg
ZxUQ4j5WDBI
ZxegxWlGUxg
ZzIMuiFN6Hw
_3WwTIiJ6kY
_5bOyf2Mm-M
_871e115vb0
_Ahq6oVe1ZU
_B1i_46BYTA
_BZhedWpI84
_CrEC30KOYI
_FqwZJ2z_-o
_FzhDMktL14
_I7TMlLS3WE
_IQ0GMZfKf4
_JiH3RXKfrk
_LyqNlqQywk
_PGCQyMaaFA
_PgSq24Qyv4
_Po0mtezsa8
_QleDGdRli4
_RERNQAxbQA
_U0COadGUsM
_USXxkLntQQ
_UXaFwJEqcY
_Ud_tQXVhn0
_VpEp0UbEl0
_WfDcDDW4W8
_YigXJAwUo8
_ZNFggmZR2I
_c2flKPxEKU
_cLJoFdz4Fc
_dgVCwIbNoc
_eomC1nraqI
_fe2yXrbyQw
_hHpYhwaLOU
_hhT5XUxYDQ
_iaf_IdluiU
_jwanKV1TMA
_knk1J4eOHc
_lXEbjIg1AM
_mMW4OqlqdE
_n6m3TUscFo
_nqJnjk271c
_o41YnmeudA
_oCuf_NFnCY
_pCS2sH7oVQ
_s20POsvw-I
_tO3acP2EQ0
_tWqsTOkl9o
_zSTJfwwFSU
a1TdewWKHSw
a2rVT3jEsMk
a4NYQJ8iE2U
a4gzmM6khWk
a5Ni-6UE7SE
a5wEDB3jvqY
a7Qc919jTXk
a7U_rkNwQNk
a7ryJitd-3A
a87W629TAuI
a8Gw2lqVTSk
a9Jnx6CCkrY
aBZC6_o6qHw
aEY9LV96HY8
aIyqGb3SiAg
aLeubMbm-1A
aMb89h4ySeg
aN2XVfEK7SA
aNOWNeOXpy4
aNcgg4NbTxs
aQnegqiLdJA
aU2-POfKdY8
aYaOY_-Zpug
aZDO9YKzag8
a_2fJQ-Y-fI
a_Hk5erJHcI
abi3KqAU2v0
adRR1nSBBkg
aeKIhUvHIAE
aicONCY1Cl0
aiq18KJRD5E
alh5kG2sCgY
anGF5oleOzw
asAY-FPIDXg
axV-7yVBLUI
ayBs1NHm2s4
b0KD2aj2sx4
b26Y_sZbHDQ
b368IOPL_iw
b47yOmA-jHA
b4P7DdKwc9I
b5dPdGomv5c
b7LU7-yHeB4
b9KkS8CY9JI
bDGAZsBlT-I
bDeFC5dz_sE
bEC5FDiCIxw
bFbtAIZbmIc
bGabP2SNn7A
bIHjEsFr1rw
bIOHRNvyuY4
bLBShUEeFB8
bLvOJvGEg3Y
bLwUq9IXZ9M
bPY6o-z0AeY
bQGP8WT4BnU
bVJlJVZ6jjE
bWd3d7ISItM
bXHAv9n-ct4
bXsGY_igduI
bYxbLglBNeE
b_Bzk0xR8uE
b__d-BUOz40
baA9eGv9n5Q
baj7ntZWO4w
bdMHe6iGRmk
bfeAe3pDIIw
bhB8nmHNbpo
bkUbtgTF_X8
bmzszC9iZJw
bphrN0Q12Qc
bqgtB3T2wV0
brVL91VDSXo
bsZ2lwzlxJo
bv-b_LIwL0c
bxfeBQHWwJc
byU0SmwT8cg
c-lsPiOvBpw
c2PsI_FjqNE
c3IEVsK2Alk
c6wmD-R3EkA
c7PQBze9g1U
c9a6DbmmflI
cAzQekvWS-8
cCFzkXfHo7w
cCmiRdvnVHU
cEcla_di4as
cEghwBMKSlk
cGaRc-6fv-E
cHKBVvsc5RU
cIPYpEIBf9w
cJkVsZRgTBQ
cJpy5VyCa4k
cKrNC5oDt2M
cLl0I4kJvz0
cLyVgvqt7qo
cMOmZ3OrErI
cNgoix8mNQw
cSLFUZmqp9k
cSlpLC0XSmg
cVkVIkg8MS4
cYjosMCHYBc
ccMw9dT6rcE
cfY6v_IgSv4
cgvK1LfS9OQ
chfXO2nnGBs
ciLb_ea2vlw
cjlGrYbakVs
ckXlFCajjQg
cnY4fcZTAQ4
cqAiK2FT9rw
crOJB_p4Nys
cvjBy8wf0e8
cvqqfU-qPOM
cxMe2iwDfvY
cxjnk5s5vbU
czAkdaP-CLA
d3_gRQs9rq0
d4x98-UYBJg
d4yMvDytYys
d775iCZ3v0I
d7cpORu37aY
d9gek9gd-UU
dAlDheTT7XI
dKNTPj_jiHU
dLDf8psVo0Q
dLLHPMi1Qng
dLodhPjOCXQ
dM-SEJZC90c
dOV5_l4JDCI
dOpSB2wtl8c
dRGRC7FxwAM
dSNgFaVBXGs
dTPJRHR_5mk
dTWmFtGgEks
dW_rUEkp3GQ
dYPQ0e73A_0
d_1gZqhP_78
deR0oLieFAE
dfBD8NcvmQI
dgtKmtpj-yQ
djklwcbroe0
dlhKTSml7ug
dnyJ57jYbhk
doUw6Ph-W1E
dqKaCUgbSgc
dtOputqgogw
dvZs__0Lw0Y
dz91tj-3S2w
e13YASeIFS0
e2rks8Ee2Z8
e50Y6vuXrZw
e5xYaO0gNlA
e6N9miUtdnw
e6OBnORTfF4
e9t7BzhKkZw
eAVHKqQYNAY
eA_I6lKFyyg
eE7XcvvVBZM
eG_8KWqE_ug
eH6kIK6fM9s
eI73sBxw6q4
eJMK6nv4dMM
eOD3QR-6XKY
eP9lHZzb11Y
eR62MVIcUFU
eRS6VJG0LH8
eT464zIDK8k
eTGpGkJjI9g
eVUb-mZ5u_8
eWFlUYXCNzk
eXS5z3tLv0I
eZst20eZ3TM
eaoteiRkimo
ebb-k9Y1WDo
eceSbz_zsd8
edEWv0zQhMo
eejTuscUXRs
efD0GNGy7kQ
egOMq6dTGaQ
egSu3t0LNdw
ekDW7N1MQ0A
elRN-7eoRv8
emvTSRCaTDc
engkIE0B0Vw
eoDGCDZniEM
epVqTgIZP4Q
erKgmjBqf8s
es26B4njl0M
eugvHYdXF1U
evWJZzO03OE
evspuOWpjpA
ewHjg7DP7_8
exUMfDJBFyk
f-SQw16n044
f0xZbQM8fQI
f57IUJ5Mslk
f76QRs_CRpM
f9FnJda8qLU
fAKjgjOmGro
fAWS_gsV3fg
fCTRpeyzVK4
fCw5P7qHlxo
fF6qiLJYuo4
fLCkzWtdCII
fMuZX0YJ6o0
fNrfYiEoBdQ
fOv8ZrENZks
fPKiDGXQSWI
fQk1E6cse_A
fRi0uTh7NyA
fVk0Z9m1ZCs
f_IsuiKMVFk
fa2-oIvqN2s
faxmTzFD8JM
fcUrMMU1yUA
fcm-kXdffNw
fdKCsRf15e0
fetFq2XOoeQ
fiOBFya9hZE
fjAkqIaZhTA
fko1Pt20jVQ
fqYJp1UAWeM
fqy296WONDs
fsvvDtftmFg
fxDieeLzNOw
g16MDoz--y8
g17_-0xeWts
g1gi7fp7ffo
g2cMv5xQC7w
g5_-ULY5OeE
g76hYFblPak
g99Pj6yq0Ws
gB-1-qvHno4
gBcT-tSBQ3o
gDiI-HScKQk
gES5Y8VMGmQ
gEv1Mz7dd3o
gG7tMjKr_pk
gHAjW9TA0Hk
gHQ7G_O6wMQ
gHbuPjYABlk
gIxE8z--8E8
gJB2ov4qzW0
gJCft0s_E84
gKS18yl44CE
gMDWJqjkuMY
gOSq2ol2nm4
gOek6ZSypxg
gPqSGBsVAH4
gTQKGtQcEkM
gTsAPLRz3-A
gV-KrY4ee40
gX5nSh7cfrA
gY15-Oux42E
g__q1g2Jlf4
gdEWYvRBswk
gdhhK3CYrvw
geysgwygGms
gfbwr_KcUgU
ggGjwUrn5xQ
ggKw4FsDCvA
ghLKsemW8mM
gklIEzoNmsk
gn5oc_EGNdI
gnEXKH6BIi0
gp2mpKbaWNY
gurMLH-KSk8
gxvvh8rLXM8
gyYCVMMdY80
h-DFv3Ci0u0
h0FuSe2gYqk
h0KrzswhKqs
h4Elq_qfLHo
h6pQc0S85uk
h7s3kr7QMIc
hATI8d3D96Q
hAwBt8Zxy3M
hDbXbjCXxH8
hEG1uAz03_c
hEzT07VxIWM
hFsuldnqSbE
hG1HI1PKnP8
hHWmfbjr7bQ
hIDHN2327uY
hJ02OLl5oB0
hJ2DPUlyRL0
hL2c62XZPJk
hNFnXz4rj0I
hNhF0KWf04Q
hO0Zmiip_-Q
hP-bXO-Bfu8
hP6BIvu10Mg
hT7CGoATCmM
hUcRBv4BH_Q
hVc34Cv1NLs
hVvcJjvJvwc
hXblsjRpArI
hZyOGDn0CwA
h_Uf4h1z_qY
h_jXSVtEDaQ
h_sensI-Es8
h_un-mJZI0o
hcKZtpRLUFA
hf7g7E1e-_A
hhyiPfqrSVY
hiAFuyohTzE
hkYvkjYRGH0
hlTy2oO_o4Q
hn5ZtQ6Qdtw
hnDYMMN704s
hp8RiYdjp10
hpHQJB-ODt8
hvfUO4lZvnU
hvk-2HY0cik
hwFTfcRxFEM
hxymTxA7FOs
hyHDwwBiqRI
hzHtUAKFKDc
i0-vbpPLbTE
i0Pl_C30yNg
i1uxcKcKpTw
i4sYJJc2Y7w
i57kkVa7hVo
i6grVzdUf2g
i6rF2l1To1w
iCFT2HmzfS4
iDhGDPOSS3E
iENOj2gfT18
iGZBA-2JGqY
iIBllCn5ceA
iL-uRAPlZQs
iLnAW-auDdU
iOZDG8IEl6I
iP42GLoUhZs
iQsPa1S2stE
iRqIbb77k8Q
iTVWPTZGz28
iXLV0RXpxDM
iYjegQqunGA
iZYqbHQM1-I
iZkHJ-o2bVA
i_6jngZhNBA
ia6vc2OM2vk
ih-htGoS2JE
ikuO1XHYbYE
ilf_NmkrG4I
ioDIjSzSXLk
ir9whYFb-3Y
isU47GjvlHs
isXIiFSf27A
ismQqsG_G5o
j12LfVm-yDo
j23luickRuw
j6WziUjzBY4
j84xE4Jer3A
j9MTkZFHN4o
jDhgXs8PIxU
jF6Eda9QL50
jFLlkxN1Eys
jHRsBU_1pFg
jHU1d116tHE
jKLffvBGoRQ
jMAB1DudLh0
jPD4bB0Kro0
jPO67jBrmdk
jPxM5FkAk-E
jSVjtXZlFwo
jUUsAIOux48
jWttN7mc59k
jYwpRQQZ7kQ
jZ-I9AWZmek
j_e7ylx1mg0
j_jI0t3bqok
jcIiWIqCwEY
jcXw5yyFPpI
jcfMn1vX-Cs
jgGMf_D-gng
jjcKlOjptkA
jk30hLJqPn4
jljncIVst58
jmXnNm2zcyU
jmkxn1FJajI
jufL4E8u2rE
jxRD43DrizU
jxa24LUqTGs
jzAkwQAHwbY
jzORH3tG3AQ
k07Xtyp05RM
k10phucRjsI
k2OJDXoYJTQ
k7R3SXyyT98
k7jHtTNhmks
kEnIGGSql1Y
kFwSEb62S_E
kHOtFT7667I
kHuYhdHQGZM
kJPoOBMBrr8
kJUsKRULgVE
kKWrcA7Ocj4
kKyjish9jb4
kM_fdFRHpEc
kN5xErBGRS4
kOHplUTRZyw
kOgduS7xTXc
kPM1owR7Wh4
kSX-cm0bmJ4
kSfKjkWBWVU
kSoC3HWeyG0
kUytk5frlo8
kVA7Ncy4OUk
kWL6hEoXK4w
kWdmmiXjvps
kX5e3fXuMGI
kXd2jC-sLxg
kYqglSFNjo0
kZG1kMhvz5M
k_moEiUiBQI
kbDgzm-LVyY
kbaYZ2xDb-I
kfoSyX_VlEQ
khmgjEykDZw
kikQ5OTOnig
kko-2f_X8sM
kmHVneI4Qaw
kqFr8W7infE
kqKm0HpNiXk
kqyvkrzEwog
ks0oJde2opQ
ksJS44CvDbE
kt2GY1VdS9M
kv6WVn-fMtg
kwpoVTXp6jo
kz6Az4oXIWc
kz7Uqo6Q95E
kzb_C2fzT8o
l1vLRhmRUeY
l2Dl_6PLkBk
l4Q4lbXiLXs
l5vnXODHGZA
l7izlTBYvqk
l7l3caKNlWE
l8onVUvD6yk
lB7Oq5rbX6c
lBdwwu6PdgA
lFkWQfOj7-Y
lGmRiqnEAzM
lJ6pPoVd72c
lKrrksv8sGM
lM9GYORTA9w
lNv-1lcigOM
lO5U-Q0eH-o
lOOJ_2gMSW0
lOlPqHdDxdQ
lRcDUEz8qQ8
lTjcbY8HFg8
lWXZqA9uFv8
lX6fmJXEXYE
lZ6c6EoXk_s
lZErCvVPSZc
l_zStEQSt_0
lakNaAAgud0
lfPnuqTer0M
li46V8B3y-0
liM471yWqIg
lie0OZQRmYc
lix84cj7-iU
ljD7tID9-Eg
ljNr1cqLSqY
ljr0ekjsfJk
ln1CJmpUFqY
ltZJYFqP73Y
lueyR_hu2Wc
luzaeAwZeI0
m00NQ1kymZU
m0C-KjmKfwc
m2PjeZeY6jg
m2RkTb-AAyc
m2rTx3Hm8Yo
m7mQ7m09ahk
mBM_fVI1KOU
mDxt729lj1g
mFLOJA5g2tw
mJemcfpCn4I
mNbLnVnhEts
mNrYOh26pdc
mNvUUxmCdRc
mO6dObcOj9A
mPXlKbp3ZHo
mPcOassHxy8
mPpk3iii2tE
mS23Upr65X0
mTooDnwZGN0
mVukVcVjyW0
mWWNMJMX7Nk
mXc5oxt2hr4
mZNBAA_biR4
mavYYLVDa_Y
mcT4S65UIOU
mdAUChdWTgU
mescrftViDw
mfI2HMw6u_c
mfYfg-0D0qA
migvNW0t8X8
mitk69hbTFs
miwTV-tHblY
mjYtR2ZUn2g
mkZ3tA7hOSA
mltqzY29IIY
mn7MZ69aNQ8
mnTJeR5bV2g
mndVHiM5qHE
mnr5pyG6y1g
moMrQq4WHa4
mok_zHLRaSk
mpg0QY_mEzs
mqYAqZpRiOM
mrwa30uSOPo
mtyEDwWT9gI
mufKeMgEXAM
mybQXs9IaBs
n0Teh-zeWH0
n0XxksGhHQQ
n1qLsPfev38
n1xFWyX3eko
n2RzHz_677E
n5MH_qKQP6I
n60kk7uKoNs
n6SGX_ZQdIc
nA4F_xIaqbc
nAF6g4x2p3A
nBEWwrjvMAU
nBVQw2qd2eU
nCHGeDTbj7c
nCPelFIMrAM
nE1SHt2PBkw
nGeNAcWWRlA
nGxSGTzlMuw
nI9bSA8WFvg
nLRntax1ots
nML0K3u0sY8
nN0fQWwobNg
nOZdJQpoViQ
nUsOeQklEwk
nV3xAdoFvE8
nd9GCt_8OvE
ndxbLB-fCYY
nergWsY-sCI
ngU-2Mmdo9I
njNGqzitAaI
nnIbqwCPNSk
ntyAL1X2YQw
nuWOsJB1vBo
nz1BDPmT2d0
o0m8MKFkS1s
o2soiLo8va0
o4MWfoI2gow
o6arz1Jw3nU
o7d7HIG8UY0
oAyZ2UXV1d0
oD4BwT9nxL8
oGGLLdjyi5M
oJLaA76X0zI
oJhvaipNxgY
oK0uBvWsNQI
oPgSAG2F4OE
oRnWOSC0omo
oWMNlrZS7s8
oXFGH4pSAO4
oXui6fuJfcQ
oetiVSsSAV4
ojMcXS-HhYU
ok2CbMC_b9E
oka_frM29KE
om2Jl0dYJVQ
onaCUR-A6Po
ooCQe1KrjOQ
opfgOn3Fou0
oq01O2zr8GM
oqcfnqxIwnA
ot74D_N0kKw
owDzprPNhXU
oyHETLXGjmo
oySZ_2gPVUk
ozUPPMuAuQk
p-32L4xsVAw
p2GNcShol9U
p2aKLsT2fXE
p38toFK89yU
p4KCPDuSzRs
p4Vnm-4kpJQ
p7L5iWYQ7rQ
p9hQNvtcvBk
pCRrxaTJqt0
pEGd_vI5xHg
pEGfOpBGdTc
pEJqBIfEAW8
pFzgEPoUhrg
pHPEogsou-k
pIHxrrJs45g
pK7aSEsueMI
pOSB4tsgu8w
pOuXsus1Xug
pStwol_DNuo
pUEsAdz2ykY
pX4diNKYL1E
palUie-Phsg
pam1pORN3oA
pbxPOdn5IkE
peuzjTn3kEk
pfDPaSqP_yk
phAh7CKQjQo
piIh-EHDR1U
plhbP6blgu0
pncMh_URPbc
ppEp-tnAPoI
psIqjy-11sk
pt9vqbruCZA
puK9uMhJmQs
pvK0UgjqyE8
pvrsNE_HATs
pwe7z_-vmtA
pwgqH_-qpIQ
pxiqQSx7KyI
py_xH1H9GDY
pzRs8ldv7NI
q-Rf3pG2HyE
q0h1YBinTPU
q0leByJXfmY
q1gC6pTt1KM
q3q0Ov_K7wg
q5PI-BQZD6A
q6HR8BEZyUg
q7c4lXrK7cE
q9EuxxR1NQY
qF4m_RdIF2c
qHjXnJmn5Jg
qHy8wUUn2BY
qNHOo1BT2v0
qQ7YlLHLlYI
qSlnN2PEqS4
qTvVLdbeZAc
qVPxmzhM9P0
qXfEoE7zyrs
qbjp4zPZgws
qexVwkwYqHo
qfbmoOTKK-U
qgVHDtvbScI
qgw55NwX244
qi17S3_W0kU
qiqvwhXZLU8
qkWJVMWOimI
qkfa1M0XVZ8
ql5qcd73xv4
qmtyYmJy4rE
qna6sdnT-YQ
qo7MTx9fyXc
qoT4lK13TCA
qoahIkG-LZI
qp8GfaMKrZA
qxpuYag0MTM
qyWTfUIjlPU
qzXtGQFAQSI
r30aTkm8QeY
r40RUAjEKno
r5CK9lMsIUA
r7hA2sz6KpM
rARtzNdKQX8
rC3AKXMvtds
rFt6S2aTkcA
rGmuZTMp6SQ
rHmp7FnKKOk
rIEF27dv2QM
rJf2p4sBRzQ
rJvuC-H4FSU
rKG46QRvI20
rMMCfaC7z34
rO__Byq9laM
rOtni7yHTsc
rOu6a6OtSvM
rRaKq6rOygE
rS8JACKcAIo
rSrfcLbJVT0
rURDapGvW74
rV50dRUzdWg
rVlVZkzSiBw
r_OrweGAMvs
rcdvkvdT9SE
redIG0mUs7c
rjkJNfr1Icw
rk6MK6Kzr0U
rkDzqk--Oe8
rmBd1JZ8DWo
rntYajtgnIM
rofkQvNRD2s
rosSx_Q1xJ8
rrzpNKPIyKQ
rsS5RS_eB2Y
ruY_0ClH8dI
rvPeLKF5iQg
rwXf8m8d9ow
rx-JuVv6EZ4
ry4BdKSYCxc
s15IC55BVvQ
s3orYGhOFBw
s5gujmZQe8c
sASSGgQw45E
sCIJ2CKVOzs
sCdz25BcKTY
sCsrwP2WDZQ
sD8m_RsBpso
sE0x-VO1TM0
sFPRG4NAF1s
sGhrd-U-YpU
sH06zK8z5uc
sJ4E3vuC-Wc
sJkZKvIysx0
sKw-JWkp7DA
sMoe5XlV8Vw
sOYIitpJkzw
sPIeLBTVllI
sQOCQR8jtgA
sQfehnBbu2k
sRL1ec5M9gQ
sRbnAF_aJLk
sSjJSl-BbWI
sVSNEdLM05I
sWgXhCwO2hU
sX8RYde7ngc
sXu3O4SofSc
sYds8lR5uJM
sZa0_9bC_3U
scLoCgRPbG8
se-zz2ynbQg
shWR5zT5e70
sjy82kSU6MA
slCd-vXgtwY
sqh9eHEVWcg
srRZGQQlqN8
ssh8BhSZQ9E
sspuHLq7ows
su8bQrsDQVk
swlf6yZ3qEA
sxZLcmH08Hg
sxpTsm6zLM0
syMQ-ML1pco
t1PfDTE3Ijs
t3Io_Jl8ztc
t6qw-o7yQ50
t96DrYYFGsE
tBvb6rm_tEw
tC9wXLxa-54
tCOc0BwNIeg
tD8ydO_ciAA
tDFLls4FKc0
tDPd_yFzokU
tE41vl90VMk
tJxYCIUqSxM
tKW03_77L7g
tNL7Ywfnb4E
tRN7y8raIDQ
tX9e6JHm9BY
tXAGPb6uKJ8
tXRa1j_3uTs
tZOC6aKkeqw
t_qu0zIOcD4
ta7M7JYDNwU
tavJ12wGETY
tddvOlhg05I
tdtLOc_XFRI
tf4I8umEGSk
tgW8Lz7c_nI
tipD_So48yc
tipRaA4SH7I
tjpI7HVYbA0
tjq9WGCqAiQ
tmv8itFjZDY
tnqeJTeXn0U
to4hn2Dxlsc
todEJfI9ZhY
tohXie2hq5Y
tqNFhB0VeFU
tsDQPLwPkZQ
tsXewUss8fg
tsZg06ygmFM
ttu1XK0kG4M
tw9dQyyR3uY
twYPLllkfMw
txxWo6qPFc4
u-y2UV3Xtwo
u4gFHFBkIjg
u5aeH86PExI
u7lNanyT5hA
u9AoY35JHnQ
u9S0SU3Hs24
u9T5X_P90Ew
uB4tNm4Th18
uBH-KNdjU8k
uC3iFX1O-6s
uC5jT7dtdM4
uCWLQt1dy8s
uEbDp44LA1o
uFfoB6bmUkM
uHtAs96IrBA
uJ9OQA6utlk
uKNE4vtxxCc
uMMPFjCMHnM
uMY7zChr0cU
uOLbDthMQyU
uQAUvXJmxO8
uQab7jVqGOY
uSJlU6QgauI
uSQ7jZvaXvk
uTS1ohyQPs0
uToW0HNnw5o
uUZcVvDHhTg
uUaxBxTcogs
uWrqqD7lzyc
u_lYQrJYpfE
uan6YxUkhac
ubRuWxEcSw8
uc0js6_IN40
ucb9gsm2p4I
udZmDI6Euec
uerwMmdFmJQ
ufAyB8_-7qQ
uh6jTBvbxzU
ulTWJwrfepo
ulir05JQieI
ulnCWVQ5Ht8
ungoC6J5YSM
uqGDpzFfcYs
urPlOzaSECY
uwzecoCW4TU
ux4nNmMHr-Q
uycUBUrR_hg
v0FAaH1BVKI
v2ohgg8L0BE
v3qKBZzrDU4
v5ZzkH5xdwc
v6el896E0zo
v8HhagoU9Mk
v8_2XdyW3d8
v8xpBwORhDM
v9kLNJ-_Zps
vAz1vGk89fk
vBa12xg1MdM
vDB1jYY4QeY
vECHS9PHsMM
vFr6ElXFZW0
vH60Sj0PJWw
vHIEuzAjwFg
vI26zey4K_o
vJkzKC4qFlo
vMLR15yuI-Q
vMro_P5c7WI
vOD1iYaSxX0
vPnIj4BWZkQ
vUV_wuwLAfY
vXxxMp7Xc8c
v_Tg-qpXSvo
v_fJWftx-CY
vb_DrOx2I6A
vfZiVBzdAf4
vhled_2KOKc
vjblDZzdBEc
vkNgFwlAHJw
vmT2AO067m0
vnvELQSRNzc
vsEwQimcYK8
vsHKupEGkX0
vsQPIS4hM2o
vuRvHtoKUTQ
vz4lBi5dUHo
vzdLukX8S5U
w-qpFWzH0os
w0chiPVohfY
w2rP1yTDOXk
w3CiTzh41Vw
w3vCrOHjJD4
w4qO6Boly6A
w5-fCQxuYqc
w5UjzcwNRKY
w6BIAxT-_KQ
w7e_9f4n1ps
w9gwytdLJIY
wAeCO-chs4A
wAenLPAM0fE
wAqID4Myg9s
wAwY476aZag
wCbQSQ_Pb7g
wCmp5_BylxU
wEXP4n3F8S4
wH8uYprx4XM
wIYfDLx3wuM
wJFbyURF3Vw
wKN7Mf8ANAc
wKc_Izxq06Q
wLSVAoXsq28
wNbYSZBpyP0
wRriTjd4mBM
wTN8hWRGxPA
wU0gUb85zG8
wUFToDzifkU
wVPDH-bvbO0
wWo3k8sPcI4
wXGGlmLirLA
wYRd1gyRJmE
w_WkqjynQpQ
wdWqZ9hRlyU
wgbg44JLKm0
wgvNESvy4xE
wiv52Fwwc4o
wp32w2e3KgI
wpaqTZm1YTQ
wpcwNvmyj6I
wqPCx0mYR9c
wvLgL6QhWgs
wzKoovNXah0
x0_YXEyOUzQ
x4M88MGzcTU
x6b42vtVMxg
x7vxjy7KWas
x9BsZtl1Pf8
xE7ZT9k5mHI
xEKTEeiz9mk
xGoWZshmS7g
xH6YTmhI7tw
xHIqEPXZa4E
xIxlyUWDQyc
xJ1iItd_nW8
xL911-od1fo
xO57Mvkg7Cc
xTYnC1Q1W6k
xTaVzuOSVo0
xUJ375wS-SE
xUunfRa1VbU
xVPfrMBgqNA
xVUh_lvWnOI
xVf_QeQTK28
xVrSKRyJXRk
xXQuJn0AUcY
xXmeINhcHj4
xZRzUaMnNLE
x_SvI7hwbwo
xb0rt8Q_bt8
xcQj91jrRhA
xd47nkJiIyI
xdNKDY1E3QM
xeaUQFlBPaI
xeesaVbfhA4
xi3qkE5Xrbs
xivm1VcqEhs
xjdSJFS2M5k
xmgGG2HN9D0
xmmMHlTloms
xn_Yeeep2jg
xoGyUN8G2qY
xp07P8c0jkQ
xpKOD4PMtQw
xq-2Gfp7iEE
xs-IjTR-i90
xsWHHcXjkJY
xtQAURHyc9U
xuUud0pVElU
xuWYU1D-Ek4
xxUjOM7g-EE
xxpt7ijveNE
xxq53WtEP7o
xxqSOuylkLs
xyv-Y2DwGkY
y0HRxyCUq3o
y0IuNAeXtpg
y0lbxDgOWGQ
y1VUbkvMlKg
y4axliZawvQ
yBMeFOWmAyQ
yGATbZTUGR4
yMogz_RcsY0
yNqyPuCORWU
yNwTi9JBJ70
yPU5vGvgJzM
yQ38CuEdCIE
yRrxJTObzf0
yVPvQp5fp-s
yWqqzMZUC7o
yXxc7KnPePg
y_14qJUJXjU
y_L13kmjjsQ
ybnDmjtO0w8
ycUbcfDWqGc
yd7LgzvYXg8
ye1-1Ds1pcI
yetCghXc844
yfhQTcPqYs0
yg8rMY3oN4k
yhqaZvotwR4
yiLNzNE-nIw
yiuc8yq9Fk4
ykQhYK05QBw
ylO1E1R_Z70
yldrZ_Qn_TM
yn2x4Qy2rrA
yndsPXllLTg
yp-iJI7VD9o
yqL4K2--Q7A
yrh-pCLG0uQ
ysWH5aBHW_I
yveA7km_YFs
yw2Q3w29Uto
z-3j545bZDU
z26lqF-NTWg
z4bibjnPNJw
z57CwDR2PJ4
z6Dm8HpnGrQ
z6lL0wkqA4U
z8P9adyx9-I
z90LWnqGZWw
zA92m9nD_RU
zADO96zOQZE
zB1e4Vv8TXQ
zB78VtsM3Dc
zBe1PoiYnxM
zDnjQSMuilY
zEoieEHRSQM
zF9SrnhxJ1U
zLwzDYIR0Os
zO4foiVbqOg
zOTez59BVKE
zOibXIYqrFg
zP0RzdLWGKM
zPVSrHxGzDI
zSosNlZCFqA
zTG1zHWvYSI
zU9D7meDkus
zUe-RtTKDXc
zYwQrI1CgTo
zZyUAV1iyM0
zaUqt2R4ZOw
zafBdCyCFKY
zajAf0t5fo0
zamW2pm_G7I
zb8M0qou16c
zffhQCwxcOM
zgbix7pw7VM
zh4-F7DrfK4
zjTN-Ozv3gM
zmpzUWtZEvM
znCEPpXxTMc
znnjY0daAJY
zoK375_xmcQ
zrdyoseT-uY
zt8J24Kl4pI
ztyqqpoU0D4
zwoaiHOO7dI
