-OIlybXt5FY
-k_iZSqDNMQ
0PHxRRfn3tQ
0VMmARiGkDw
0WksV5dmlDs
1UoouDQP9-Y
1ZEZ1azB3uo
1cL3ejjvozw
1empVZJqnBQ
1md--1rs2rE
1wgwmv1dIUM
2Ro_0VF6ps4
2YMJZmd-1QY
2dDLDlNsSZY
31wYpxRZxc4
4S1FnSdzY1c
4Um8QSzdpUo
4WbAmYVu3nM
4dJZy1_OrFU
4wZPsFWfi3k
51UCG2D7JEY
5R2Q2_p1CtE
5_iM9IPMG7k
5i_s52fVq68
5lUBlW72qBQ
5y899wMkmjY
65EukQEcyBg
6KZD9kz3JRA
6XzMg0q7PAU
6YuWgEy7IPM
6eX2ag_ZOV4
6xOW8TNHff4
7VE5E3yeSrw
8Od7xRpnPOU
8UVmasCB9ZE
8_dMVhnwK9M
8d2yVmtJLs8
9fUMzkODtbg
9ulSdTtdl80
A-b2YNErwxw
A1Kx5wa3NjE
AIZXcy6wRtk
AOTvQNWZ7KU
A_Lb4waQRh8
BuCP-cakdxQ
BxgjAa9FllU
By2NrrMuqh4
C4-ES_h8Dzo
C5DgiQYUmlo
CAkAMSBL4ps
CGl8l6wueu0
CQUXspiq1v4
C_0e__kufak
Ca7AFf1CWv4
D55pn3kz04w
D66_ep3NPs0
DXh6HPXvNMs
DjuJxXAXsfE
E1jcid1mGek
ECGEoifu0as
EW26ozgLdkM
Epbzdc-G7aI
EqUIas7w_ck
F-kLwqxjQt0
FwAbyM4kiJk
GfJkh6xEld8
GllNT95MDTI
HZdMHpeovCA
Hite7qVELyE
I9-UiTN7U80
IGaiqKdsRyE
Ig5Qn0hi2aQ
Iolu3caLRIw
Izt-E87zJNk
JYkdax_pBwE
JcnQyhL6WDA
Jq_SjZUX0KU
Jw2LpRmFZKs
KUTtKnI90H0
KXVCbeNdpS8
KpcUNehjLpQ
KrW0iL4wZF4
KrgSSND-W_k
Ks5l0zFgne4
LEvlZjFoNPw
LRaCObE3L4w
M2-2fS-0hVo
MM7WUO8wnA4
MT_X9wv89sk
M_dG86V9o9I
MgiNeCBzX7k
MnfHQWHG4v0
MoS8CmLP4go
NA2jWF4RFgg
NKyfx2uYupE
NZ10XGBsMfY
NdCbiZPTFJE
Ng53Cyj3hFY
NtqrNcq6Gqs
O3_F4pxxZp4
O3wCU-V9EtY
OJZeiZ3ca3A
OOWAUAWy7rs
OTV73O97_00
OlqGLVI--1c
Ovu5Ns8796s
P5HNf5GpDdg
PAFYcOFE3DY
PoboJedYi2Q
R0GM6SXHafc
R2xNMB3JIv8
R_jMmv7UlwA
SA_HXaTFnQA
SGP2m0vM-5A
SJZgx0HsNNk
TVDXxxz2Jbk
TuTQN7wV_BI
U3TWCmx0Woo
UDcpesp3Pa4
UOXxZLA63vM
UqQQ7MFAwQg
UtXj4PqRrDw
V7fQNsw5X6Q
V9zNEdWExU0
VL46NBMr2Ys
VRS9k16-O38
VaGYUhKDtVM
VqMJZzHQ7GI
VxMXtihqNyk
WXkE7Qx7yhY
Wgw-QWjhDz0
XNsBXHD0BNM
XP1AU6z_NGI
XWxIkclLHy8
XrhiETQ_sRU
YATBwaaPhBY
YBNB8uT39bk
YIB-AhCBtFs
YYWxy42HzfA
YY_UQgVULfk
Yc9QpVMkAkI
YtPeN_lrHws
ZKW2WsYpCGY
Zg4p6-SRt2s
_5XeTbZqXO4
_CDf0l_iXGg
_CwHrJt8Oz8
_W_aSl8zdg4
_qa1D_OtAVc
a3inxIxKhg0
aadcpRxu53A
b2xuh3Iri3I
bAzINQAiXeQ
bGOwX0A_WKM
bU_Yv0DLykQ
bVoJF6vWzMc
b_KvZ41UWaE
cEAw22CDIMY
cNz0feswke4
cQKp6DBZPlY
cV5Hstmef3w
ccB6W_61v5I
d9XiDESvj1U
dCSDVyYXiN4
dJRsrEd5xFQ
dNHIfD7HMHk
dj-7H1E6pIc
drSV-LfYFgA
engRKCpYXnY
fTet8s9blyY
fani9tcUMjo
fflxj5W5ZXs
frUaSA40UQs
fxJpALiaYsI
gUlrl5lOftQ
gjHPfrjt-qs
gnZ1fHJm1Dk
h5f6nD3LYwY
hGV4wVjf2kY
hSlVa-3NcNk
hsrA4kNis0E
iWbdQOt3pGY
j4x2Jy1zSyw
jB3vwW63dpo
jKl1c_ybBL8
jL1_khGgo64
jW2zCl5v6jo
j_Hz5uvw7C8
kXkYfyXOQ9I
klGHKTsryfs
ksbQI9-tGok
ljNTxo5XuZs
lxJVeeZvT5E
mVH3Cq5_H8M
mbd26ePdU6Y
n2U3JHmzwe4
nQUQ_E1EAHA
o4LMEvxVksM
oD89H6s1Xzo
oGSNojn0cSk
oNEWEndgu3U
p8QWGf76G8o
pQHG4Ma_PPI
ph4l3B06sZs
poZAW65-waQ
pohEIRk5Zqk
px_uxOV9Ea8
q3yG65myIkg
qcNUUHR8F94
qi50d7s4kMU
qkSSm92x3Uo
r-De4xjQ-aU
r0dBPI4etvI
rC8hpk2okRg
rKNKuUVFDIU
rQ_qeszuhv0
rR6T-IHH_zA
rboZlrJvpvA
rty3GSVU1uU
rug2I4Is7ms
rwhXUeYrKxs
rx8sS_MQGc8
s8AoGI4x-Wo
sC3O2z86UOI
sTZMjtECmdE
sgKX8jcfPSM
sj-gOeyCDrQ
skgeCTyVtoU
t2-jVwN-ilg
tHlb8t60MiE
tbLkIaxxqzM
tc1dH9T5Rpo
tk_yhyTyf3k
u8lIgfXjpsQ
u9o8e65Tguk
unbTMUIg9xE
vE9y4OHXclE
vg3lOyRIyVA
wCzdvE8UBdg
wWnbCO_UHMs
wdidy_aWR38
wglJzGwgO_w
wodNzXVjfVQ
x9RKbJNBbG4
xDXmkCsYcew
xShLZRBS0U8
xYh3dUuUoSI
y80dNK1ULlQ
yHopVsyz4u4
yKLWW_j4a_E
yN38y5MILbs
ycw56whDElc
yjvGOgNkhSo
zKEaYupilaU
zgLgXvEWdfw
zh0nREHbkIs
zm8pz4al_sY
zzLMU3SOXnM
