-1I3EoHf-LI
-LqID1kLtZU
-QNFZkvgXlM
-jJ-9hsriBM
-jjMjn4y558
02dMFjrZ3vg
04wlGZbQqaE
0FXUFKFLEHI
0IEJMnC4Mow
0IfRL5ldb9g
0RB3d1hN7q0
0SIfmMKcByw
0UODGOMDnII
0XYsVt6GCRY
0YjUH2Ek2vc
0dtom9x46D4
0ehpbl3D-gc
0grdbeKVgxE
0iusFDNwODM
0o8zNBQ93N8
0v4RKJyA5Pc
1-FCw7feyy8
10_hjjex3AI
11vS1yoWgzg
15Q2PeKywGk
1677rj4uBNk
18InPch17Ms
19PZJabZKRI
1GJLwTWjXiA
1KSx66h4Ubk
1_jOcoZkws4
1lxmDDrtk1E
1xn_oTh6j2A
21ahhS0NkXY
24ZaZLeHm5I
2L_pjB3YyFQ
2OzhE9gF-9I
2QRypARnHNs
2Qw2QpgXpCo
2Soma5Nh8UM
2eWbzRpU1pE
2j2wUhdSsZU
2tLUPByGIcw
2tdVQphiziU
2wDzahallrg
333cff8cQ0A
35xM48FAW3w
3MmykglCCI4
3RDgW7leW_M
3_r4yF5FbyM
3kg36--0kSc
3udZpi1-0GM
3vZpxsDoNgI
4-7JyMRN6Ug
41sczd6oQJA
4GBdTMpoLk8
4KqL7JCPwY0
4KvzJOCG9do
4OfcKs-JZPA
4OqZk92iKlA
4S6V_lNhdFM
4TFoUbHZuyY
4i_R6NJwVLM
4ipIDtitkXc
4mEIuyjiQGs
4tmdgqWes_c
4uhxIAbHtE0
4xFvmjBT7AE
54mLXq0PD5w
56zWieFQ5Mw
5CP_SBYbGdc
5Jdn3EPYdPY
5LYDVtWxNd4
5YurAuzUI-E
5eFUZC8UzgA
5f49_zCa6qk
5m8DehrisMo
5pLa6qk4d50
5p_NjLRnBUY
5qwCjoi18l0
5uKvanjQ7wU
5xr5wRxuYPE
5zMfJI7W2Mw
5zpmr51ZEsA
66IBH0OKamM
66btMZ0IsY4
68fS_IEzf9M
6CFFGTw93RE
6CcAD69qa9E
6CeHO6doMEo
6GQhCwv1htI
6J64eVKH17w
6Md2-SnvPjg
6OErQ4m-o8M
6SxudC1SCbk
6W3nC4DCaBo
6Z4jkOddu3I
6ejJmxjZgz8
6f_JREO2RBQ
6sHbRR-WgMQ
6tA318THzNM
79OwX0WnARU
7DyEo11GF9Y
7EO5C1y0Kng
7L71yujNn4I
7O3ht52fAvk
7QWBTZdMHI8
7bfRmIUYBE0
7pPHpv5xRzk
8-gGRdldKio
8-lCVMAZBhM
83ToaXoRYlk
84zNNm5BACE
88WvKcNCYjg
897bXa410Qw
8A5Jdb2pNMI
8BiwXOOXnwk
8DJUpb4PqcQ
8DlZXagDg5I
8G9OGdo4L4o
8Re7lPvdgEM
8UYb2Ux1P-I
8a0sCT9kSZ8
8g3ytHQQilM
8lqX1_669jE
8n2z1rx8z3w
8qYeiYmA3do
8s3cY6dAwtM
94op8EvQ8yg
9CMM8o4GF_4
9FczCLtw0Wg
9LRSOCMWIlY
9QSrB6Yvp5U
9VbzDS0YIbQ
9WDdfFjVTKc
9bOurAtzKLI
9duY3rDqjgQ
9hYyx3r8PYI
9kP6ikpmlNc
9mmyimu3EkM
9q9-9jkUwjI
A-MzY3uNTbU
A3ZPcoW2xUY
A6hXRZvE5_I
AFDFUXwFJNk
APB8zITd_xQ
AS7Ex4pTN4U
ASnwLWjxCFo
Aabp0OOol9s
AdoG8LvAvGk
AgpHy5h54UU
Ah0xCiGOhJ4
AhDNtUggtbc
AhlITM5ix7U
AnUiQaunEaw
Av5l4PsJwhM
AxPTWVk3NpU
Ay6vMNWnDUo
B42-oi7FD8I
B8J_17o0xUc
B9HgeWmemEk
BSitfAZs3L0
BexSzioubDI
Bg8Fqkwj6ZQ
Bh7xSAXs0og
Bie-ApYOJjQ
BlvF_rrHqK4
Bn-CoX1PAOk
Bou-saE5AHo
BuA8z9GW3P4
BzkryggCwuU
C4aoxpyyWz8
C6ErAxl-m84
C99h2r8txh4
CAZHcoSOFbQ
CD_FhhFnzpc
CKKq9cY-Egc
CMnIlUDbw6I
CP6KHDxtwkI
CPuEJwFS3iU
CR3xFZFF4ZI
CRaSjCGji-E
CTh3lSxsJzI
CVXnxs5imE8
CVmHSNToXrM
Cr5liNBK-90
Crg3l1NvB10
D--4Pa_k_eM
D48VSPnoqeo
D8nBXvwcpCA
D9FV5rdU4u0
DP0g6c_uPmo
DQbj9tyVNzA
DVQNUaJdyNs
DYHVDmTX8OU
DZFGbYUYLno
Dchp6BVmRrE
DdkwO29ZH1Y
DhJzjQsw69U
DimwJopWI_w
Dn96yxvUH80
DnDOotIRlns
DnpN0nAOuL0
DzP_OEpMpK4
E1KvIEfT6cQ
EOUvg1ISVMU
Ehusreku_-I
EiEv00h9Dxk
EpWJwSkvtfE
EwlPR3i90y0
FAIGbvA9ej4
FEKeDsuQjMk
FI2avaOARN4
FI53Cmz_V90
FIoWlsYs-_A
FLIBbV7UjSA
FYYmtVLzqyY
FbNdCQHWb-E
FcboJdP-u2o
FenCTVBjqrE
FkjGZMLeiTU
Fllc7QH5mjg
FqefTlpVvLs
FuiunBVC9Tw
G0E5QNH_oRY
GPh3ZJ1Txro
GQyis2u8YyM
GRlrSIYb1_w
GS9jG1f8QF0
GT0FtzwRtWA
GVNlBCxaTZg
GZpNcAstEAs
Ge1wTprfKhU
GfhNtNyx3c0
Gk_GoQM8bLk
Go0dmmenoxo
Goe2WHE9O-M
GrIzpGc1mmE
H-EsQ3mdSVQ
H2hjNe72xhU
H9xUPYtaigw
HBBzUr2ER8E
HCuWtR1wcnk
HEHXR280yas
HOCEAsi5L70
HP0MfVYEE5w
HR6GYNp9OBw
HWQpgMlm9xs
HXqAdMC76o8
H_cuUr21mXw
Hb2DDxLorB0
HhcV9kbdvtk
Hme2xcf6gcg
Hqn-wrZWMs4
HvQfGR6jcC4
I9tBkF64UN0
INqnFE0KiWo
IVTyuUllmpU
Itg8JUxNSFQ
Iw0Y16OS8Uc
J8iKlQqt2nc
JCGSDH3-f7o
JEeY0pP-hA0
JL14zmudu5Y
JQnUDqagwF0
JRm8KwsHgZQ
JUJBwV-tWrY
JUbtHsk5q0c
JVbc0pf_Abs
JXrumgUhpl0
JYHjxELKsjo
JYj9uYOSdxE
JZHaO037Rrc
Jhl1QV0FQk8
Jhvd6NgPJrQ
JvLWnDqADCg
JyU7Q625PGk
JyoDhTAuJLg
K0R-tb0jyDE
K3L4GXz8GZY
KIqzXsLrZ8k
KPXRhUU_zr0
KSFzbcUA9Nc
KUEUe6PaG58
KX6hHbxtrzE
K_J6MDZ1G5E
Ka6IoXBouBM
KaZPE0diLok
KbHjZdqa9_Q
Kg5yR94pHhY
KxXOp_E-g5M
KypYYs0sSO4
L9pTs2gH8nA
LE54G683Fd4
LOFXb1snGOQ
LS0x8GTxYBU
LZYVDhVdUKY
Lc_hgMFnZ5E
LgHYNcY6pLs
LlG3wP5p3pw
Lla13m9GvQc
Lli5Uh4vbzI
LozEXkFv8bg
LyCQej29PC4
LygPViKx-wI
M6WGl1C1RxM
MCgddkP3mrg
MDB5ftpu2N4
MH9RAThLWmI
MLv_RVNYeeE
MV-u_2nNCXY
MW724eH2AfA
MWVkyn7ckM8
MfaFcebyhz4
Mkke1191gOw
MnUssd6zDn8
MpeJLKX6RHc
Mzy9GGbcvSI
N1G_x61RDEA
N4n6NdS0lEQ
N7NLzzNtebs
NVOou7vvDns
No0L5NkuiT0
NphUHXuYI4Y
O5pJgEjMlRI
O7CG4F_lt_Q
O918exgdPDU
OBBIQVIRJw0
OE7I1qq76uA
OUQOXHERgXw
O_T5BaKOy2s
O_oTOpohBms
OdC-dE_qI04
OjHNhusXQBg
OlWFzgabfWQ
OljEBd3O20s
Or7g4HkNXBw
Owbj8XW3F1Q
OxKEnMSVV14
P0c9_W9iq8Y
P3vvvGdFirE
P7nW04VmxgQ
P80Cm5WxxtA
PAQeBl_z7lM
PEz2iMUAsLM
PH3S8lZ9IY0
PJvOtO1CloM
PPwR9aWk9y8
PQKevqU7Pm4
PcPgwcMNXxk
PcpoP2QL0DE
PkCWIr1CaTA
PkSF_lw5mT8
PpoMtjwZLwk
Puf0aewezfE
Q-f9n22_2_c
Q1ntWo_4twk
Q2wR-joLDMA
QAT0LIWHDMY
QPN6c6Z2FTE
QQ13cWpS5js
QTZJFk63fPY
QZW7ukN7Etg
QbtfSdskqek
QfLxbJ3fjp0
QkbHglIo4zE
Qye9T6d5_ZM
R5-VcCg-N6Y
R59SgeyfAzA
RBU02jh8-vg
RMI_uyKmGio
RO4TPvQ3SIs
RZNLBYd63AA
Reuf689Y-yg
Rf0CnYofwKo
RiKC_AByaWg
RkyNdt1alOw
RmEo0fNI1j0
RoBbjcc8d7k
Rw26TmKkNmg
Rzr1RXsNi9w
S0ZLuZeKCZE
S1mvDhBYni4
S5ph0ykf170
S6jZmnTqVlo
SByMAUM1nd0
SEPMuyGe7dg
SFoh6owYzBg
SGF3XYTOpao
SHfFIwfOHec
SKV8UsdhtG0
SPClKdyI9uc
SPJ2g2MIEaI
ST3GSlplNfk
SUrY5axevAY
SVsCiEH0LNE
SW891NAU1mc
Sa9WzOrNF98
SaHWRwZmOHk
Shb0Btpc3Jo
SuzNhiYfU5E
SvFi_2wIaLo
Swnf6Bb0IPs
T00JmrzNBbw
T9K5o2YqBM0
TLWeHyLyBOA
TQuomTubP0Q
TdKAR4pBItY
TiBsnZY_vz4
TiObBlwTJrY
TjcCePMrlFU
TloMY3BRYS4
TwGx4fJMYOQ
U3toDgRaDjA
U4btQhIA590
UAmgskz0yPM
UEm0b7vUDJc
UHfzsoho5i8
UHucPAEdmD0
UMq2nBGmIt4
UPbQZ4_lo80
Uj8uvaBOP6g
UmLbAQ_FjmM
V3IKYhF6sjY
V6FgU469n50
V7-q9z6BhKM
VGkOwDBFmEs
VJ2qHQ93GVY
VKolfIe6zSA
VLaPLw9DRrQ
VcxK-knfR1I
Vf8o7CeUyEM
VuHeZNLPd18
Vv4PvM8bxb8
VwuxsAIvv0k
VxOhghc9cSg
W-4xRSS1380
WFxPbIID7lA
WJcUqH4b1Dk
WYW-H0vMOjs
Weod8_MoNHo
Wj1bYTP1FQM
WkoKkYzQgJM
WuS452wyM4g
WvZxvdW6Ix0
X8J0XvdnMHQ
X8upxEbgsx4
XA3ScOmGr34
XBfmvZUGCf4
XJLFcpV6EJA
XPdzpvJYZkM
XaiRbRITeUM
XhQCLlXpqH4
XnfWT-E_L6g
XwsSqk__Y-Q
Xy4zq11rVp8
Y6mc-Xg9jzk
Y872pEzxkTo
Y8rHTaBRIDc
Y90ON7DI43s
YDmQdxq9Jdg
YFHNstwVHUs
YJH4AWyyecI
YLYniz0Vu-o
YPMZg7f5aDw
YQG9_57EKgk
YWxcbdPEpTY
YZesA_e_ZYA
YZp7QJIGN_E
Ycs2EbPWfB8
Yjd3QAduZYo
YlGgiElosFQ
Z5Y9wsyi9kM
Z7sp-1ReFJ0
ZC2KzAkF8i0
ZWTgwsCWawA
ZarixyAjxfo
ZlQBW06kbuM
ZlUzsO7-mCo
Zou_odw-DBI
Zs6TKTnbEEM
ZyywwcvZ0iU
ZzGSztCNSfI
ZzWdEItwn6I
_7rngHFkZwk
_9XiMoANOzA
_DVXWCfv2Vk
_cabEkOqgFY
_e4-kMSGU-o
_kdO7BoNOBY
_tRByIndlBs
_xvwQjWwGrQ
_zuZB6Kb1eI
a07yUtHmuss
aEHhx6a5FPk
aFq2sg4ojq8
aILDPfnOc0g
aReGEqMnf0U
aTxmyS6y1dQ
aUmMxL-ZB3Y
aZDzjU7voYg
aZrCyEYpHOs
a_NIHcojKX0
ae5qdpKbmKM
apk29_PbgQE
au4ZhYP8Pxw
awLSAjpeF-w
bB4ifKkoaNU
bGau8ax9L7k
bIEEACN_An0
bXMemscSGqE
bc7qeEraXVs
bhEojuiLdTg
bpC9Goyi9Sg
byG0nu2-isc
c0jnWIVVBdE
c41Il40wE3o
cBgEwnmfut0
cLt6GkZWrro
cSXxZrhyExk
cTJGUeysAAw
cil_LiRP0BM
cl8bgl5Y568
coegKWZhcW4
cqW5U9VGh-w
cwISNttmnCc
d-b6JCGE5B8
d1w51QrepXI
d7aurDm8rBI
d86Ia947iEk
dGp_wiXLaY4
d_lfox36hUE
djQj6O1-gV8
dkDBD4JcoAk
dlbDJM7sIHE
e6CY-TXZrCM
e70BboTv5DA
eMIFheclk2U
eNmuB7R5KWQ
eUc5dRRVU44
eWspo61EU14
ebulZBfey_M
ed5ARvh80QU
egiQMVaSAhI
eheGhdAhglo
eqFIogqAy9k
ey8tMHwxdtI
f8FUQfqLpqg
fLTzYo5I6Hc
ff0Gy2oNyO0
fh9_xeZXV3Y
fj61xd1T2kc
fmypTLmaBwc
fuDQ2o0NJ9Y
fv9mbEgf4tM
fwllq9YUJtw
fzpIY5ddIG4
gFCscbv1G9g
gIIpe3o-28U
gNTQX_xQMWw
ga4xDIN-5UU
gnlwUOUArb0
h3Jc5-Ll11k
h86PTXoPJaU
h8bGPUjW8Cg
h9x37BAbGoM
hHko7fCjRRk
hLYkc_NN0to
hNPLHArmsho
hOL9llTSV5g
hOkVjq-Wc1M
hZZ5-PkXccs
hn29WFj6EOE
hrXxAYbAiZs
hs7Ui1YJ1qg
hxjbgC2nLm0
i7MWYUgLVGw
ibb9yepQuoI
ihOXflA7wTs
iixaex8JWDM
ikgRKbhdWu4
ivqbusFHhJg
j9sHV0Uw7bg
jDOGWNVZnGU
jFRtgsk291Y
jHNJiuCBTvU
jTPWiZdnRDE
jWdPRx18MBQ
jexrR7-ndR4
jrCZxeRfJgA
juT1bub3Dl8
jubIqHxgfDg
k-R8T5D7jQA
kBct0xyG4vs
kLe5y1KKjB8
kPETrgj1oes
kPZNydwbtv0
kSvpUmxtSGg
kT8199Srkv0
kU8KhKOPDv8
kYuiAxi5qCs
kcy7qtdXgeA
keIEZ6YQkyQ
ktNU-ZVnZdg
kwn67sNIeqs
kz1MjUnJlb8
l3YqJ6kAN0M
l73Hth_MzhE
lB_houAMIs0
lFuVqIHJW0c
lQDKSPV5wHQ
l_J8hbyCVys
lawTltB3N5o
ld31F5HeE2o
leXoSNW08aQ
leZG0Fs6sAY
lxkp86oaisg
ly6RFwE9eeE
m0ZjWsayuvg
m5fASM0EDK8
mFWABDoYhCM
mJ01_tCtI5o
mJRZaJZm4GE
mPNgGpg_5IM
mQhWd3M47zE
mSiELm04Pgk
mX6MCg7PKDg
mXjUjA7ZdLw
maVBNK1nY70
mctUfQzQQpQ
mqS9wU5HSTo
mqfJzHyXlhU
mwnLnimP_X4
n9Fk0xtd49A
nBSsfakXEKQ
nP4Yln16SP4
nTa2wM6fomI
njos1hdiElg
nsAPKG1KGNI
nv344xsSDMo
oLlivlz-DMw
oNHqktEBVH8
oTJDLBNGdUs
oZiNL9yV-zI
oeSGkOkF2TA
on5aLoVnqSM
ouQ52c5W45w
p2HnUgeipR8
p2YrihXJT7Y
p2hM0BkwqS0
p2kiTTr1zhc
p4YhWLZ2NZ0
p6Cajaq9y44
p8mYRLQkNzw
pDnLlSYr__c
pEqigP9n7EU
pJPgS6XTDEQ
pSttRLpg_UI
p_mrEhLKwvk
pedwuvpcS5U
pjrgPlMf0ck
q0Bn08Sq8VM
qGO2UPsl6cg
qMoh6KVcWm8
qTefD4NoxOE
qZqaW0YsCh8
qeyC1Twk8RA
qlMju3tapFo
qr4AwI9LToM
quinxh3ntlM
qw4PeN4B3-A
qzl2KEAybnk
rFYCVioscwI
rHb6pMxkbdY
rUhv_Lu8ijA
reyl6w924pY
rzgrgOAwckg
s7yHQoqxYPc
sA2pKiZ76is
sAFCN--6Nj4
sI7iP4KRUrk
sSYAdjlbSUs
sZ5QWXsiblA
saa43ftxLWo
sc6hKW15N8c
t1WXDY-fGpw
t2q5ad180CY
t6643_c28ag
tDR8WShChbk
tMgvOxeSeno
tO9rWBl1npc
tPRG6wAOqg4
t_KX3Z0Mj8g
toI1npDaNIw
u2UVm1Dcms8
u2sry2-VXGQ
u8ql_Dv7U-s
uCxWyBUzJ9o
uGIGmaOAmmU
uIkguSbLea0
uLjbmhPFAF0
uQO8prLcS64
uULSrOMlp6Y
uZI8UoWqHj8
uaOWwVgfUKE
ueoQy5ndrx8
utZ3Ok6YbU4
v0anMsLoAnM
vEFN4pOlbF4
vKMVZ3eywsY
vsjTK9ERzLU
vvFOkDIRHX0
vwSCo0OMLm4
wBjjX04MjOA
wEDJo5PZL6A
wLssXTburHg
wQilGRsZv1Q
whU9D4pVDfU
wu5P_3IxJ0k
wyototP1TUo
x237AMc_46c
xJN1i_QhrkM
xKhy9RIlcpk
xNiaf7usIrw
xV3p0sTz1zU
xYFzPXf4y6k
xnEvnh2M1Fw
xwVpLD_0B-o
xwmgGoOv6-o
y-DS8hWvA2I
yB5c1cEfqMs
yDqP2KcBbdI
yJPQrYSgwOc
yNxqYHSyK64
yS9XuhfHgPk
y_bCLpCc1bg
y_yo0IkUUp0
ycvESkCgmJg
ykyffZ8drG4
ylXsh-TI8GQ
ys9GUbOs5Vc
yzWhOOZKl8Y
zENrgHCs-v4
zGvSTr24mek
zIk9zj9zhq4
zP9UUdmfPUY
zTnIm5G4Ooc
zY1AJrk-KrQ
zZlgcHzzudE
z_mZRYdNPbI
zmGdChf10qQ
znclPhYzf5w
zrQgU8pCGjE
