-Bj2Flvo-Cc
1EJLf1znkR0
3GupGbCcE94
3H3HZeqdwqw
46p6a_QUqLc
4t3cxOgHkyc
5Aaq3WQuGYQ
5GIrJqbcaLQ
5jQfUcNBhto
6YxbV-IhXf4
87W_Th08O_c
87wP326xETk
8CkyX4g9UMc
8RWLPxw3Aoo
9cioZSIPjls
ApV5YYCHACU
AvTCBzC1ZmY
AwpGgX7ZX-Q
B1b_aSqWxW0
CwjSawY9MxI
CykenweieOE
D_R7Nws4_Xw
DmSCqTS-IGU
EWClTMOkzo0
F-tXQLbovHA
FC438EKWEpE
Ikg4rH8eNcM
K52mWVpH1ck
KRUe-P_h5L8
KTHMRxzUp3c
L7FYbBbrYrs
Lmv7-sEu_hU
M4ZxZdlX0Eg
MQX7QuvdCLo
OXM7bqrINGQ
PIUwcRlZfcA
PL93VNdtd1o
R_NZ5eGtJKE
SZR9jK0-GzY
SdEvIpFLtV8
SjE4MicrTUM
Sn5znSBasTc
Sz_ONtrQtBY
TBjv48gX8WQ
TjZmJkLdwN8
U-xJ6EiEdlg
UAX9jgH9KAE
VzHhJyA2fwc
X6QijOBrT5A
Xs1ugQCIQiM
YH62amrIsO0
ZFn2GMx17to
ZZ-GPj4uSho
Zm6dV5tzM1w
_Hhjv6MOH-4
cHXUJZEJBDk
dYjJJ37_4_Y
fXEdhGgK6zI
g6XKjBgZoVQ
gKIG1cDW3Xg
gVUlVMEy4E8
gdrUCczrQZg
gmQ7jb33Bas
gv8o2xMEzpA
iC8jGM3BLzo
ia_oArbkhD0
l9cdDrcBC5k
mDSlcP2_MSM
nWXRX7qGYQA
nYwUEyhDrhg
pb4N3EEfA0c
qSRmY7ZubuY
rOaHwxOwqiY
sL82fWvjMZQ
tWZWE_y6dRU
vsSYE01pqTM
xPi6p6ami30
yeKwRqfLMeU
yl3tmpa7wCE
ys2Mdd3FexY
zj5pF8dsOuM
