--1mbGM4Lbs
-1MFW29a-tY
-1xL_knoY_I
-7VdN2JnUYM
-D_HhS3AObI
-HCCPBIDbZY
-IfhYUTpEpA
-Mg7-nq9Usw
-QPrMjlnBBI
-RPtQklkPzM
-UtWGyr167s
-VMxpr7b0r4
-XBcdPfzvA0
-aIYsIxlUqU
-iN-Hjk2s4A
-vFgS8azvpM
-yM4Z-vdI60
01DHM0eRtlw
05uoAhEPjYY
07FfdWqsZk8
08iDFJqIddA
0BzXH_giVZc
0ILMgMOUjuc
0LSjRPcDGug
0RIoo6CWnm0
0RtcJ3yb764
0_IkONfTy0o
0_P_nUdgTzs
0fDnrP4aLLQ
0gxt8yDIrC4
0gyABkOEfkg
0hPVRB761PQ
0hYDb4CA_aA
0lCAvfHGVoo
0uBPfaP-ioI
0uDNoP2O6NU
0ysp46Rg65Q
0zHRGUNF0pI
1-aD9dzsxe0
12OBlI3DOlI
172Krgl3EUE
1AGRoh-U8Bo
1H7tpo7cf14
1MkaU6CqTU0
1OQ-JSdmsqI
1_uURTuH9xo
1cDhPcO5yyg
1oWn-JwAW88
1xIduJmUnj8
1yJh0Kvw3gw
204iAiTQiSo
26Ujd2mfoWI
2IU3mxLtlLM
2Q9XTtJ9_4A
2QxVWAmA-Yg
2UKIizdM_xw
2YT77GEzlMo
2_JfTrBQQbs
2_X-9HO0RWM
2n-K1ncRhHA
2r0I--FgOSQ
2wZs39zIqgY
2xm10ISNGbI
2zjpGXtZsaE
3C45pzUjgHA
3H4bF-v-S6A
3J5W6imdPeE
3MA9vNDm-oE
3OTczjUYS_M
3RgabeqZ0l0
3UO89R4Ka8g
3UVBmRBJJBQ
3Yr2hmF-YaQ
3f1T6hnvqPw
3kBv0JLltSA
3mziRV37RNQ
3oIXfGZQBR8
3v3G8BDmUIY
3xsOwS9SrYc
3z3uk90-k3Q
4-guCkl7HCU
42tmao8CS-g
470qUSO4lMw
47JStwcmXzs
4HYnSkoIY48
4N5zOyqtr0s
4PFzpW8HUD0
4RcyJQHS3Us
4VXUoSNIjVM
4XncSAy57gQ
4g07l6ZebBY
4jkMFDnzCLE
4jshTxCZS54
4qxfbNvFTBk
4tn9QahIeVk
4uhxIAbHtE0
4xvtAgejvbE
50T0JcITjmw
5ACYPc6XXXo
5Il2JC4diiU
5J5nJqB6z_k
5KNj9p4Ro6s
5XKGS8vqIXI
5c-MarB679o
5fJjfoQkIb8
5h6Aec5tt8M
5nlckhTFUEs
5oTX3W-uyNI
5oej4DDHyVY
5qIM9esY1O0
5qJsj-_RtC0
5udJgAVsoLA
5yv8zksLmc8
65w2iVzRsMI
69Vcz0ZjRnU
6EGbGKl960s
6IHJVeMwx6w
6IJo86jjWOU
6J-Jwwis58U
6OyccKkA4wU
6P4CyoYmxHg
6PlvZTDqcao
6T3s5CjYoHU
6YmGJZybkbI
6ZoSsgjD65c
6brnHvsCR04
6fQPhysaUvA
6f_JREO2RBQ
6kIF5l3bEkQ
6mxmiR2luko
6yTvgmwI0lE
71XB289rSx4
72zl7M4ndhM
73etnS43V98
757vaqZ4taU
7BUaGBVHq_4
7ESZM2gCFhw
7EjSiq_N25w
7FIo6CScCWA
7Mlz08xOGe8
7MpBX0pdBZc
7PKgMrXrMw4
7Vqf5zYzxvo
7WuhkHR3qjE
7YSK99vetEs
7fUIZwBwiv0
7kYj4jyneNg
7lHzpLZDAqg
7nGS6izjlkI
7nT_yVN4CNo
7v8DFeTTfZo
7x-HxZ2C8xQ
8-jR-d9RC3s
81si-UJ5WpY
8Nc5eK1GtWA
8a-Bbwre2DM
8ePoLcGsOug
8nctboPw2k0
91S0Q5AovUg
9ASbJq-ela0
9CzR5yXW_os
9MNXQ4n7Tjk
9Oey3LQ30Fk
9YLkRk2_lT8
9YoRqOPtANw
9ZQ6RhmnvkM
9dL_KMkJspo
9jjRCaP8kSU
9kKYOMF0vmA
9kP6ikpmlNc
9sYxU7PslE0
9v5xsfFgHeI
A2cnsZONIC4
A46SfyLr9-s
A4AZcJHqz8o
A560gKIcD-Y
A5muW_YYuBQ
A7vrmPHG3gs
AC3oiLEVeyU
ANh03YiJIvE
APRyPABjVbI
AgBFSuIhreU
AgrjAGumLQA
As-x3CgaBek
AwpGgX7ZX-Q
AzFgX0RbPmY
B0yPqjEG3E4
B1b_aSqWxW0
B4DWQN27cLk
BC6Rsdrs_ms
BE4xJfgeCAo
BGx8ojyDbns
BNwNE9v4aGw
BPbUWfcj1FM
BbUp36Pc6Pw
BgbRdSJwA68
BpgvnTBQtXU
Br57KAbFYiU
BtBRcTyO3xo
BvhroP6M9z0
C2p6JM2WgrM
C99h2r8txh4
CC_Enj09sy8
CJ16z58_opY
CWRo9BOWuXQ
CXGWC1VAfT4
CY-rD7Ri_kk
CYkRqW0yb0Y
C_DsIpG7b7E
CdkIwu-vCPM
CoBmleovfC0
CqcnoAZ_8FU
CtjjF7Qc7pA
D-CX1WiKDc8
D8p-91DRTmM
DBKZ0x230MU
DEQCisXd4lM
DK6RwzkbIGo
DM4jra68EEI
DPaHHvpZA0o
DSiyx9-lLCE
DrlX2RU9ybU
DvGvov3GSuE
EB0XFRnQn4c
EB4u55mKO14
EHPUYxcE6Bk
EO3n5i4UWrI
EPebdq4ZAsQ
EUzB72FcONk
EkXlWTdWsug
ElZBTUNVfls
EwBWpfLauSQ
F0V7_-vWYLM
F5y0ybLf2qE
FARgEY4rKXs
FBoINsNX-no
FOozds9aFdk
FSD5FIwb0Rw
FTQDCC7l9D8
FWZD_c9ZGAs
FZSzX9GN4Ww
FZxKnBE7Z58
FavlrhEGBs8
Fe5u8fTr3Mc
FetE_Ux1lLg
Fj3edfsJgGU
FoSjsDezwa0
FrCjkj5qbCk
FyrMwvmcPuc
Fz3dmHxizUs
G-woVSTD3oY
G0H3Cfj6V44
G29smmtOfIg
G2ikGWwTyvs
G5vwkXw5bjk
G6lPKrysEVs
GDADrFHYUwI
GDFO7vxbsz8
GGkXoAJh6fE
GLvGUCRpyW0
GMQdPhPn7U8
GNwgau6W7zw
GW_Zwk4ztJw
GWgutoFwK9k
GXQA1p4S_Js
GjRcjId5hZU
Gj_jkL1X9GA
GmKobMd-bRg
H0owQVHxyNk
H5eQJJ7iG0U
H93eYBcKtfo
HBOvQSUAbK8
HC56qNhXlIk
HCLFziS8VwU
HD3D-0uLJOE
HGnFSYSUF0w
HH7fSSaRiRA
HKxLvEavvNI
HM0zAfdXXFQ
HPB8QGwDX44
HPhzSrMT5dA
HX0HB-pXa0w
HYsE7bBlD4Q
H_5sb7peqQE
H_GAMj427eQ
HfUGv-vv8ys
HjQfttUV6Cs
HjpH7KNBfYk
HlM_JWxwj7s
HlkI7Z9TCyk
HnXCKQZlV-4
HoW0syH5lW4
Hw-LKAKXjDs
I48gg5BnctE
IDlhiZiQ1QU
IIWlMNCxaAg
IIXUn6I_G9A
IcVNgygIYt4
Id6hYbm2_ak
IdcNWKKcVSA
Iey_EK_IWEc
Itd2L2p-crk
IythjgPiIcc
J44NrXyLt_U
J5l0HlxjUds
J7jNgwmt_Tw
J8iKlQqt2nc
J9sPRNTbSs4
JJ3TI_W0FK0
JN33M4j6aWI
JOTYDxky0rg
JWKc2sdLDwY
Jdw3MbuwbVk
Jh_Yck1U9vs
JiWyKKFp_QI
JsVDnc3HSDA
Jx0y2BvYxJU
JxW3MZaK4rI
K3GIthrSjxU
K3TnF15RTfQ
K4APZJgDKio
K4mb7Sjanr8
K9gHLok1RiU
KL5zfnd0xW4
KMb6OG_0q1k
KU25V3UmClU
KXzOp-T4SuA
KYqhX4urTOA
KaC5ZMp26cc
KbhaqrW8Oi0
KgkeguefM-8
KiXQVe2JgwA
KmnvYkTSd14
KrlmowFxc-0
KuhIjCF33aw
KwA2dyrKCms
KxqSwVuQL0s
L1vJtTfRoFc
L4YkLzoKaaE
L7hAgKz0uys
LEtDql8eiF4
LH0JCvyhwBs
LIQBUtLT4hk
LVYRHgacnUA
LkYekFkP1ps
Lpu5v0uQS-8
LteocXJ3OJs
M2J5ecgOY6c
M35jQzeQkqg
M6dMxuNQxDs
MBe0vz3DYvo
ME-xr5GhQvY
MIvBPF08pWU
MQjm2oWH5Hw
MUpYvP_JeOw
MWHWqZMg_4Q
Mtkamky5f3k
N3aCXJCGLRY
NMlQsFxkkG0
NRNEFyqglTc
NTjKkfWtwqA
NW08OGV2OD8
NYDn71PcUJ8
N_2KLs5xzvU
N_Pral8uOq4
NcpHk_hOoJI
NraQDi3nNX4
Ns4nu4iH4BU
Nvf4XXvp7ng
NvzTebuQuPA
O9OvpzNht9w
OEhaojv0fzk
OF9GKx8nDwY
OGz9O_cLBCE
OMY8rk8m2w4
OTyfj9Sjtcs
OUFaL8qcHpQ
OkeDvwToUmU
Ol6qcsA1Nv4
On0Hd-XIlIM
Oql59Ukq2fM
OzTtK_RGNc0
P-xnDK6BQoM
P28iA2bxxbM
P5CDj5ks3Oc
PDIy5gCMKPA
PG7ER8-xW0A
PIzAbyWSEZs
PXEDqpavTU8
PYHTWFX8atk
PYbKKwmHHpM
PdE75M6ibaU
PhZPJ9ECMD0
PmBORcYzhZM
PuKLiwGQxbI
PykE0uxl28Y
Q5sRdbLrxFU
Q7HUXLrRIV0
QBokZxq2OaY
QFL94pa5Xeo
QH8dKATbHWs
QNaXW_HUxpo
QX7BBcs1QjA
QZFuolkWKPA
QbtfSdskqek
QcRdLOKHSgo
QdUAU3_mXDo
QdgxO5fZ9Ac
QgUcBK8NX6g
Qo5mO5kjCrY
QqIxssE4rtc
Qqybif4ZC5E
Qt751Wt0tO4
QxBJ3F_GxOY
R1eai53t6fg
RJciMld38M0
RJzgzVs1LTY
RNPU-DtC9mM
RNSB29VJw1o
RPrU64K7XKg
RSRICzm6inY
RVUgKZ6wx6Q
RVwe8skLVF0
RZM9FVTuSEU
R_NZ5eGtJKE
R_uLnEFAJIE
Rf4LdSam2Ng
RovrlbSFjEo
Rpo-1vqPJsM
Rrwp_a3xCyU
RutxFHZety8
RwNHAlOag78
S77mnTQdseY
SCIiioy-Qdg
SFzahtXeUR0
SKnCzMKFztY
SOM3hYZykA4
SRPLDQb0-ko
SVNu9pkOfYg
SW-fqQIlMGk
SbJBDE7fSuI
SdR39qb5UrE
Se0G17xUQoQ
SiNyM39Qj98
SnfCjUHVgsY
SoD9QDKVUTc
Soj1Ly6U6UM
SqoMNhEcUlI
SwEX-4B9xAk
SwMWgkNf-L8
T2EHoyAY_p8
T5hr6pcNhz8
T8-0jddUo2w
T9YlzauuCFc
TDFYPxo_1Fc
TGYcITog7zs
TLz1JUIcSkk
TMZFEUyCwwk
TW72qN5Aqy4
TcVi1y1YiKw
ThfuM9B920k
TjtcgfK2m4M
U-YCs7iHHJk
U1qZorvHics
U695oYNfb5w
U6Kp3yoyAEI
U8UrZfcyqtI
UB8Zlvfo31s
UGCJmClLmWU
UKbsDQ4X3e4
UXv923PTlJU
Uf9_YMDMw4Y
UgwC01CODMM
UihjG-rU3zs
Ulp-6X5K8Yk
Ulq70FJmJxo
UoVmZjJq4V8
V0fogyw9-fc
V2CGOcaElBI
VBl38yKA08g
VOpmRs04W0c
VP7tC2Ls3OQ
VP9HouKaNVQ
VdXho5zZcZE
VehHUC5oS50
VeuyAVUgxJQ
VfjcIkaSvSQ
VhoXnSCQ9SY
Vk9s07p_1Ys
VkYeMK_VNF0
Vp_NrF9zfEw
Vpkdp-9Yyfg
VtkdozBwKNk
VwUBZZNWVbA
Vz5KURRzkzU
VzwFoMfKcds
W0_SsiUftOY
W4la5qZWp4g
WAq25smjqtg
WM-J1Yy3ED0
WYRqcYLtB_o
W_edeZM7SFU
WbLLNVnWE-k
Whh40CNa4l8
WiAMx4AymLo
WioopLLR0h8
WkHUAodvfrk
WqUyF3Bd77c
Wt0RiHg7mU4
WwyOpSuSyKA
WypcADANOXw
X2grnLFphkQ
X4JgXQ_ta8Y
XADZJNNxuMc
XMHeRsUDbPs
XU_6K89dvOU
XWgqbUnXsqA
XXSj-TgSj3A
XdWuPKhhNlE
XhOXfDzi_D8
Xj1VJ0kVAgo
XjhR-PEKllA
Xoof6eD7d8E
XvJBBxtbIXI
XxqrVMgqtNQ
Y4vY2K63dqo
Y6IEmT978OM
Y90ON7DI43s
YD58-ju08rk
YF1ALTT_7UA
YGP5TNZnkuI
YHztSoSUZhU
YJbLCkuGVww
YQfVUVe2uuM
YZHgTvzanDI
Y_lHXvSFVnk
Y_uKXP2wNHY
YeiX_25gvXs
YfJNakNItcw
YvHCnxuqdF8
YyyjupJpoio
Z3PzxHIeuyI
Z9y7-iFPvLo
ZDTlA8tk09k
ZIn78nlsItk
ZNI5SEUtcjk
ZXrAsTf92MU
ZZ39TcNW79s
Z_8dnrXrCjs
ZipDdeujO-o
Zmd-wPUTnME
ZrBwh5hxvMo
ZtogomjsaSw
Zxi78R1mdEI
ZysN6TqyVHo
_7AtXSn61gY
_Al1tmp9EN4
_EEuTLzj4l8
_I1lFPDn4K4
_IOJdyDwbmI
_MBR5nmOlMU
_PkWlPQW5sk
_Ui6hvsZWJk
_VcMX2LqVBo
_Wu1UV8ZCL0
_YPnBoFHggo
_fi4HiniPO4
_gVwH0-2HjQ
_j_E6yZOTD8
_kZKFjaXI04
_mUezBYa8kE
_mdRy3e6jcM
_nr-ENwl9wc
a7B8CvXM-dY
a8NxRY4bExE
aFDtXy47aEY
aKa1jWDIfqQ
aNFwco61Ukc
aPlxaRIXUjs
aQrUF5Mzqfg
aR8eqQaRab4
aRml4CuZ1d4
aSyePjD6q5U
aTcbClv-aKY
aUJvtp71tBc
aZA2ZJo0Cks
a_Egv_3Siug
aafDzs_jssA
afu-OMdM9Nk
agBzHR4OLtE
ah80PRyxzzI
apvwbVsWDrs
azkJmxg8-fM
b-W_pYip8dQ
b0Pq7KI3FZ0
b0p_0eN2BKs
bHDL_xbn2RI
bMkho_8pzmo
bOB7qptd6YE
bRD1opF267k
bYD_KG4-pBI
bYcTKVmvtbY
baK9GKsbN70
bdkkfAO4HDk
be0hdiymzGU
be2w5iGj2ik
blSQSrPylls
blgFKhKwx_k
bqqWr6oOh5w
brqcz-BJSP8
bzBg6ilyKiw
c7PolCCBJ1k
c92EcMIwS38
c9O8YGhmt3s
c9uPFnD5RTA
cD2qcN3R5hA
cHonNJk28V0
cJZypNjoMas
cNJMaYYhCNc
cRE3aNUjEiU
c_W21vh1Ds0
ca4eYP3kbfY
cc9aqsWzh48
cdQZItv2aOQ
coVhrTOGwsw
crc2r8AhHps
cuDD3nejTNs
d-VWehadoYk
d4JMep1LcJo
d7eUrP4uUII
dCAF8wJd6o0
dGfSRtn7VlE
dHJEdMx09_E
dIhm7M-IuOg
dUzMdIi68K8
dVRL9SCy3Lg
d_C0IoJnk3o
dfrBaNtbDTE
djVgHhLgpNY
dlXfFoBCUdE
dmB7qa_ccm4
dsJOafxblhc
dv95RqtceFw
e0mfMCLiEbI
e2N1LTSOolI
eBWrFsYmfpw
eCWyrkXUbuo
eOZR_UHwXq4
eVLpSeixZ6E
ebJeXtzQKcU
ek57zzgzZSs
emDmmC3c0Mo
emexoIB1n94
en9OWEvf_Cw
enJc7KbEY3k
eoJKXnkSRDo
ept8h1UlAUU
exqehKhq-ak
fExI1Of9wJc
fN2P1xfPqjI
fNyGhix2i84
fV6z0AYqX64
fYEtOush9Go
fb_haqo6F5w
ffanbB_22Yo
fkIiTurdd5k
ftSPZt8MV4g
fy_3zQv_8KI
g6XKjBgZoVQ
g8yvA1sJtTo
gD6A3ZtP_xY
gEfVyWgYdXg
gMb7x2iqzCs
gZYN9QnzWZI
glt4SykkzF8
gpA2WmDnB-E
gvd50hxS2r8
hAesVEnzA-w
hAuur7IlhIg
hDXYyvOPotE
hPSaKHzflDs
hUNTrob8KZY
hVX6iHdyBjk
hVyUyCjxdwQ
hWR2_VYCKAw
hWVBho7VRsw
hXJpv3RgD4Q
hfQbLpcReYU
hgOYeGJVHhc
hpzMdMxNrc4
hxwUtJjoNY0
hz5xWgjSUlk
i1XdCtdDJUs
i7J4nk5l-78
iCdltZVrJ-A
iCyS5LssQ7I
iKH6S7gKol8
iNbyS0jkRHI
iUnLZkFzdn4
iZbQa7Zs5P4
ia_oArbkhD0
ioUapTyIAKE
iv1xWB2Md48
ixwcTqT58KU
j-0DG7zInvs
j5-ZO2taxIY
j8um3P7tUew
jDa8bFxuD0Q
jHh0ilOj-N8
jKWQQbHyRA4
jL1gO3FL3FQ
jRkiSNZVc78
jRxZOX8QyMI
jSOu6x1IIww
jWkQ0BGDrSA
jalLq0q3XYo
jc1YU-okxf8
jfL7OGXWo4g
jj3rc9yQu34
jjIFzz_EFx4
jyEz2MBRsRg
jync2uW9_gc
k1Nfd3k_hgU
k1edK0lHLIw
k8ZUVzmtDq0
kGICYXNJVDQ
kHzzE0U7aUk
kLA2Xklj1kU
kMTV6V3Q094
kSxsave9_2A
kUUXk3g0kmU
kYdFI-N1GeE
keYz77h54D4
kvR7Nm93ejI
kx3qvfOJfKU
l6bt2sFUIo0
l8CHWeYqszo
lBBOz-Av0qo
lImMTXXGuMM
lX7dtki8EvY
lYbDi-ydmS4
letpSxhr0rg
lkfNmjWZiGM
lpxIM0RmlFA
m6_GO2ndm44
mAMs1u-2OPY
mBXpJu654Gk
mIoaGU_ISdg
mKqDfJBJqbQ
mLcEw1_FwSk
mYG6LDJi-cw
mfNtPN90wcQ
mfp32MXAvoE
mgZ2LLvc0lk
mk3eO5rL88s
mpjP-okuYDY
nAHPwvlx1lI
nD2k-fH-rmk
nQI5F7bXAd0
nQOaqBCsys0
nQnjpwkE0eo
nRpa70MvLsE
nZjIShHFo5o
ncKi9f5HLuQ
nhG_KHvFwuU
niCLvHpZ558
niwcnwBElks
nm_C5PpthdM
nrDJrUSuo_A
o1z4g1tr4Zg
o32IluX7V3w
oFN1VZPeI7Q
oI3183n_mU4
oJiFIH8uo-Y
oKNmb4hLAyI
oNutp6uwWeE
oQZd3bw5nbs
oXLeB3mvYyM
oZmtVhlqsTY
ofddvAjlZEE
ofh_iHodPTY
ogV0gc9JQuI
opIMpM-7rQk
ou_IEJmTNwQ
oxF2xC7aoCs
p0wZqXGwqI0
p9-fZfsijdc
pA5PfVLjHUA
pIxdKM2yAiY
pLVtFNGHn6E
plafErfwavs
plbUoBeD1xs
po-OhzA_OFc
ppI_Xz1Hn8I
puu8P-SWQUI
q0IhbTcY078
q0o3NBVnQh0
q2lptgbLLA8
q3Tu08kAgzU
q4sO0o7JLnE
q5ZBKIpxn3o
qFB8yyxTFjI
qHIk9zIg9oE
qK49z7sUL0I
qNDJ344jHqQ
qU9o0QqCF80
qVifR-nyDYQ
qW7C3bI5yMA
qWemUVCtnek
q_1y3EfwIDc
qauzBmwT6CQ
qc5J6qGdWVs
qfzjQfhVLlg
qjY6Sj2K0Wk
qpjc4kXadco
qpvEm138sjk
qxMHiu7_0dg
r1xN5BHvBiw
r2D5ne_rFBQ
r7A7on8u8Y8
r7mAiZf6xRM
r8Xea7eb7kw
rB5L3e2t4aY
rBsnxSSUOdc
rCYdwAT7VVs
rFXPAJ6qB-0
rGMOIHGU3Ds
rILCuiiFMf0
rL3VLGMm3ZQ
rQV2se7AbJU
rZs7cf-we7Y
rZzMya_abQc
r_FmMqMu_9k
ra_vj6oPpDQ
rbyqKfned8M
re3NIyDTutA
ri37jhQyf5o
rlhjbshjdfY
rll1U0XNAvE
rnaQ86QjBGM
rq1Bo_tyrlU
rq3OHEiEykk
rufGytjG9G8
rvC4Ztrjlsk
rvhshsbIFa8
s4DAH2KfKw4
s4lw-UK0vmQ
s6MHiDcmWIw
s6gsoFAI0bU
s7fANFEdf0Q
sNAryzE3YTY
sRYxE_VCbfg
sSPiy2WryC4
sVaXibTctQo
sX7OjOP6hiw
seelene3kyQ
skaDaef968A
skeog_YPCNY
swFo3M6IVDc
t4Q4nVDAb9I
t6pULYct-OA
tEgIXt5bg3Y
tFJlHR9BfpA
tJUpjyX-9fw
tMDIOut__Gk
tNFN2mqQlBs
tOAgDwfZeZ8
tU7kqv4MHK8
tVtlsCDGcNM
tXMNEqOaMaI
tXTQnBf6CM8
tYkNiq1YONY
taEYHbU2ggA
tccZxNVPAZM
tddMp-iX83A
tezlEba3mlM
tgtr09r2IM0
tnSPJuMZhiA
togLHKT3BrU
u6fypjC1Bxw
u7lAFI9lkmg
uG2jEcfKhno
uPMP-YKsS_o
uPPhYmygDOg
uSBZRBMP8UM
uU3heb6MmbE
uWIu_-l_mTg
ua-SEsb3P1M
uaGdBRrmT5s
upaGV1GSqr8
urio2zzyRbI
uuuF_Rqp1iA
uyQFTyDgVAE
uzO5hokQOsc
v0nS7eojSB4
v6j3yAlQG18
vBS8pUbZrSI
vDiVjJA9420
vDqoBgGJhBk
vEsxNhXY_wA
vHD8kH0ahSo
vL61UUOGuTw
vMnbgDAC14k
vWWNskSohC4
vXci6S8dsEM
viX4eo40I74
vkkvMDSA76Q
vnwyhNQrmVM
vsSYE01pqTM
vxmiqV96Bbg
w1SaTgUmok4
w6YkJRysW2g
w9z1jOgHdhs
wBz7n7kBk3E
wCTQ83wV8qo
wGQhQjOR8tg
wIFYnjFUBvk
wTXDYi_PECw
wXNaKOLnQzo
wfvNnRFR2Is
wiVKHhDIhcc
wkNWmlZnkyc
wmY5Ah0JLdA
ws9YWSsPdO8
wvE5tMcn-Pw
wzQULKrKIvY
x3LTNL4m_OE
x9FrQkHYcwE
xCUOg5oXH1k
xDpPnJoe4Ag
xEO4EuxWBuw
xEfyVduPd9E
xJG4rizV0QE
xPBmeHCi2eo
xao7olP3AOg
xdRW3fMeUKM
xgc9q6xy-3U
xily6acWFoQ
xkXI26rjQDc
xl1hvzgFEWc
xtXKrRmeHGA
xtar4eDaFkY
xuyD4w8Iox8
xxx3xriLFqo
y-sJ4RjWpTo
y-wkuXxZN44
y6h8h0OIsrE
y7C5GWs8-ms
y7V2dbTk1mQ
y94qSRp_cYo
yQya3MX8Bdg
yWdOC9k4YHY
yZNWJrnQTZ8
yZeBrF5sFjw
yfGmaDGK9_c
yuJDUoFAPiI
yugajE39rKM
yxaEZHWqlsM
z1ikVS7BJd4
z4_P319zlvo
z5Hq8ASVLKE
z6QLQ2SegS8
zPZ4p1iEIwk
zPso1bWh3DY
zTUew4IFrGU
zcIa4wP-wtA
zeIrtAqU3FI
zviDQ1Az8-E
zy4HZ1md73Y
