-58_5SUXTwM
-Ddqv8a7Nm4
-EzW9Iftb0s
-LHEadV_2Wk
-NdtDCOnqcw
-WnT1ZoLSGQ
-YHEreAf1pM
-h__d26XcGw
-jOLB1rDeJQ
-mibAY5Vi10
-vfD7mRciQ4
0gEs5nd9cBQ
0geHkQu5aPY
0oC0MVAwr3M
0qB4AI0BAdM
0tqcytPKyJ4
0uSDeBULv1Y
0vB5lBU6l1M
12pU0hVEmUA
14GBqcRLNFM
1Jewu6gmVXo
1URM-lu7wrY
1_x3ENQYLIs
1q7YjEbhcF0
20PhTz5t2o0
2FP6okMPxdc
2MVYRTuAQTw
2RNgn2nj3tw
2V-ik2XRomk
2vvY9XGPFMM
3BO4YFGTTD8
3C8f2FeKsnM
3PG2otbEr04
3Pz7gHxjfyk
3bxWcsBeNd0
3cksgoNogJo
3uNuzx4vh1A
3wD2xTYjX_o
3zEj4y4JXLE
4-YMCaX4R9Y
44QqeOUODD0
45EmQE3cuS4
4R1b9NplwK0
4bSwUEcVJAs
4cG0JF9tuf0
4m_Imh-EQjM
58il-pOJ_Fc
5_lZTzvZn1U
5h9_RbVdhaU
5wPd9c-pBl0
611FiGKm-jE
6EOYW35V3qM
6Nn92rnVYNU
6OK2yzgu-w4
6SWMVFNmV34
6Y5NIM3NYi8
6eHNWaGCc_k
6gPNjAICXnU
75oPBfUjNZI
7S4H3PsMA0k
7UJogUO4j6Q
7Yve5L53C-E
8EYOwjnGP7k
8GmsHIWeKQU
8HKf7RFQkYE
8NPPx9RkIqE
8TF2YNbDyb8
8XlMYohv0gU
8_0AMU7CEdM
8p572x25YdY
8tPiSj2-7Fw
8x4ufCJdFhk
8yupZTbxk7Q
956XKQWHOLs
99wpxvTqRkc
9AK4EWlBkaU
9BIB-xCL8qY
9CEYtXxQ8Eg
9Nylt86hpWk
9UBlxp6HYDQ
9h13UL2GJeU
9ys6PQOoEH0
A5x6YINk4R8
A9K31UK51rI
ARHjEYV-gwk
BLWArgZXkNU
BONQcrGjc5A
BRkmj_xlIeI
BUUZ1UcVL9A
BZDdH4SuCII
CBwW9JsGRWE
CPjec0-gIbw
CY_HcSYBJaE
Ceclz335RfQ
Cq-k5QN4UT8
D3gV1AK4aCw
D6xhL0CYiPM
Dfi0K4Xip0k
DlFGSPxnnLc
DsPUPk4qabw
ECuptxxC2LI
EcyemSiwcd0
EqLavLLQdWs
F52zATmEGuY
F6kR6hZGRWE
FqgMrZyKkGs
FxCM9dYQ7c8
Gf8AuuWZQuU
GxCTQpbiK7U
H6dR3YnGbBo
H7gU8cJWhgo
HGG9nsjTXss
HJ3y6D28SQw
HOcxel8ma2w
HOrer8BUxxc
HPXh18yippc
H_5RhSDfDNY
HdvmrQ0E-5c
I4PMVJ9FTO8
I6TNR5oQ3ZA
I89VJff63Qs
IAJilrnhu5c
IEcd64n17yQ
IL6MxF09DnA
IlvrtNV8rS0
Im1z8KDCsLc
IzIR9EVtYWw
J3zOx6AztMY
J7MATmmWbRc
JLmkpCHdYsY
JlyxWim-A7w
JuNFtKFpm9c
K1gzV37riH4
KLq8lHpiMCA
KMcEUEkwVcg
KVCXOLLICPE
KXbBpiSofd0
L9qkgvSkI04
LLqJIBTv2fQ
LtilsTIrvMU
M4-vAGKjeKk
MazFr-Z8biE
Mpc-oQ8qQ-8
Mq5J7_2PXzg
NAYJR9DMbKY
NDMLrzaU_qM
NFGjOecTYqs
NYofI5GdvUU
NchTg10dl4I
NgmkBHynDTk
NhRnvZKlnZA
NhwrapmdIdw
Ns5SKH-ooy0
NtKocGNsSbY
OP8xPp9RKxI
OeapqSwUxC4
Os-5DsEHfXw
OvUGCbQSpd0
Oz-RwqGjCn0
P5fg5DJbYmU
PhiIuLv2MXM
PkMnrlKWaHE
QKDNMW2HpKQ
QZEb3gd1q8I
QoH-qJ7p6Mc
Qow1HtDZBeM
R9wcyxdq1uE
RRGXhZ4Koq4
RY8UVpqkAm0
Rg_JYUjIWRs
RhXMSWTeN9Q
S0BdZVG7zGo
S1Ok2dik1L4
SAjPoy59klo
STnKklb2EA8
SVpMNfAyTEc
T7_13GuJHSs
T8-8NrhlCaE
T8szmjFV6Gk
TaDNrGc5oSs
TuJBGVsxWfo
TuKLVawicPo
U6pDNOQgL1A
UQR5QZW8sOQ
UiMOpCzZrac
UkJo7AKfpoI
Uwb2fr8SRFk
V9-PyN2Gfx4
VWNTz88v4p0
VeIEQckCu7k
VkSoQQZIg4U
Vn5mRy1342U
VrGV60L6p_E
VvBW4RfkotM
VvP2r5UAGp0
W1eHpYR_Bmo
WLM-Ob1JGJs
WOlLS3c0vh0
WTeAjHb0Z8g
WU10f9-JAWM
WVzyM55g85s
WpJi9TzIreY
Wx0gMULONDI
X6ovrKAMIFA
XSwKAWlAc4Y
XW63Dqg5IgI
Y9bPZLOxtxg
YWqVwz8ue8s
Y_w9fyjmXjU
YntjrGt1a-s
Ys_qvhDa3ak
Z6taKg335oI
ZOSmgKwsGxw
ZWCF7u_ynGA
ZkNEFXZxai4
ZmzhQuuD5EE
_2fGHKB9TMI
_QxfxLKts5w
_hhGz6P-9To
a3io263bzek
aFpQXTqF16U
aT8VD-OFpZI
aXQ59_-jJ2Q
b-6ArOvCdts
bRuurgnECvY
bbj4Z9sbdAg
be0hdiymzGU
cB386uQVrts
cFMrn5vHkU4
cUQsCpoFfoY
cZtC_caYueY
cqg69mklbh8
crc2r8AhHps
d1a3AcdahcY
d5KWfYZ2SpA
dNGwzcJ7SfQ
dUPaxGrVBlI
dYdZdQC5JA4
dm6a9oQnbvs
eVThOKiDXiI
eiqgfp0Dc0E
exVEl2gqIfY
eyAf3KAy24A
f2ENyQVu7SM
f54-jwx5NFQ
fDcBMF17w6k
fH17EeI25xw
fcYu51iihL0
ffi49K_VLJU
fvsLpzyWwjo
fwzS8Zuvk5I
g2ThJzckUJ8
g9FS_NAXvtA
gAZ0DvETVsc
g_HZWPN6XZc
g_pdmW8Yz_o
gjO7ccYlMoI
gkXRuxyi09I
gu29QI4J8Jc
hO5qVzwueJg
hk53Xtw5ow0
hp0ELEgdnhQ
i3V__-gCxCc
iRNsVZH7lGc
imqoP_G4Dz0
ipJwH3LmrJo
isdO29uQLzk
ixTy-OkLj5Y
iyhxzTAiMXI
j2f_63ngPcU
k84WJlaZIPg
k9tuuNvxSTU
kFvgxWCQJhE
kHs5D2n6Jlg
kbMkala4HjA
kcAldknZrFM
knBWWWqWXp0
krvZR3MmUxE
lH2mGd49UIo
lRLJ6yZNtnI
lSjbg-hvMpc
lTRBPj-i0SQ
laN-DMK3ZVc
mDy4dWvXXY4
mJvh9Z642Bk
mPiJAI0Fu-w
m_xIZohfwxo
mlsqAnYLUnI
n6_MzZP60fA
nKyboi1ffrc
nQ4HZyvqYPk
nnD0-UE9ZBk
npgui3yyUow
nv8oBKFFs2Y
oAHFUm5zfs0
oNa8g8nAdgE
omv3QZEMepQ
pTbKquKGLNU
pgQr8039Nbk
pmOgAtUR4dI
qEqcDSp4_pI
qGTwDmgxn1I
qMGXlcqGijw
qNDXCdlTVzQ
qQQx41RyW0o
qlTsDmsxD1o
r0vTy4rz7LE
rBhiiiXKmFU
rGWNlbWPOD8
rURgzgoFEdc
racP5-O6bsw
rm_WSHI5pMY
ryq2anXfWDc
rzxOE8Xb4qE
s-mwFcwHY7Q
s5Ith6f_el4
sHfORDtuuls
sJyhm_guGyM
sN1XbnReq34
sSKmPBsb7D0
sXNAuzbGR8c
sdMwi0JIZXs
sebg2R1Ft-Y
sg4HZBV1oWM
sjgttug92ac
smxNvWaza0Y
spohufOLEOk
tHzy4zsB5d0
tRx0Kschpo8
tfsnSy8P_wU
tyrLY5nnIBs
u1tww8gsiZ0
uR7Gfeeb8vY
u_-JAa4Juj8
ukJq0zLSmQo
ulg3pxHfY9w
upn5jl_k0BM
ustetmesLwo
uyoCG7tfl9s
v-1FEt9EXZU
vPaRnmYqBxU
vmEGEQ53ZWU
wIVPQH1FbDQ
wQkte17hEks
wuA4qrvK558
wySEAZxj1xU
x1POS4TY3eE
xGRZJ5ZKI7s
xPSCEYHe6Dc
xS4SFWY4ID4
xm3St5zcDMQ
xoG4e-4617s
xs0fHQF_Hbc
xuzm3yiunqc
xvK7oXphJ1g
yuVUx45Or2A
ywydjnB5R80
z30iRmLFDpY
z4K2f7hOUx4
zAw5szN86pg
zBOpsojzsqs
zRwstkRSaQo
zTvHCIjMMpU
zVZTZlibqhg
zb5V2sS6-DA
zbS29GE6EAg
zu0N-2f93hI
zu6kpP2aALA
zuAdSdvhILo
