-0fN3AXbzo0
-4-Qu2I5A9k
-6EJUJdj7V8
-7r5z9nbPPM
-8gEVvxzoH8
-HIAWAfsZe0
-IaDE9xKjTM
-OLkZCBjCDY
-XQFPbT8zgs
-bjd0tXa40Q
-dVFpJB0Zhc
-sqqpdiigfM
-y1q1GZHkHE
08GiHoYHuVo
0A48YciW5Vo
0HX37ahV8a0
0Qkg2s_atdA
0YPP-jlgbRE
0ZF_ixhsVEE
0aGQ8hJ5qEs
0sY8mpepobw
0uFPRivInIM
0zTBRmb3Zg4
12wu3YLa52o
137Uecg9u84
1FQ0TqrgHnw
1YSpvOeEQ-4
1c_gydvZePA
1kd-I_SdNN4
1l7kO8-m62Q
1qDk7ORoq78
1rR6i1m0phI
1s22nO0Cgno
1y5P6nieuVI
2-xDwRQbQ9Q
22hzr1OZjtQ
24MRhD_8MdI
29ptmzuQ5M8
2EZj8CA13uk
2FgoxSJYuh0
2GbslE2UKYM
2NaXGilvGTE
2WewoA7KywM
2cpNM2Xoqgk
2dLO34542VE
2duOmaron5E
2sW7gm_xwA4
2vJnWOh0UeA
33fDMPvlxbM
37PotTS19TE
3H4bF-v-S6A
3HXChz53Y3E
3MHkn_3_39o
3U8wdwBVBkM
3Y0KbXAI0gs
3_Pvj3akb_0
3fEjUPhgD4I
3qdvuiR84eQ
3sZPQGmYfGA
42k1pqPho_c
49dsUJnZj2w
4Bg_4HcEPyU
4NdVSJrJwYM
4VbJbq3Ak0g
4WPpYsyE0UQ
4ZzpHxU99pM
4fK-uR8Dpig
4kqThRHkW6s
4rmT0xNfU5s
4t5lAmMSVCs
4yNK51TC7xo
581dBuuRZXI
5BcnXns6eew
5C47WIXXIUc
5DftvxNWnMk
5bkwRT3f-Oc
5dqvxgzRMwc
5sb2PuBI9-g
60BCXyTfAXQ
68ecqwr12T0
6IPRFFeLBCI
6dEvNpuZy3s
6i2VfBQ9XSQ
6mPocT8gLXo
6uaaR2jv2_Y
6yFSPPN6r0Y
6zOQPYx-JXE
70mLnVFCrmE
71sH5Zle1Es
7D-W0nUKgq8
7FZZbzTFdqU
7Jmbuzv-n6c
7OFAjPHsjtM
7bv_lzwNJpw
7daxQYVy9fU
7j8egTFN1mk
7myFTVWvTbw
7xT-328j7kQ
8O3uhgJ76og
8hE86EEDLng
8iR_q2Osyfs
8qd37EinzjI
8rgAHXxPdLo
8xRTsP-vvgU
90FqHJMdXF8
94bpcioFMZY
9C_mZjauzEk
9RJivBvEP-Y
9RiR_8IOZkg
9Ufl4Xdyuy8
9VgtZKQbI4o
9WbMieowhjc
9ZSUngj6cQY
9_649I54_Sc
9_DdNeuOtXs
9i-ine_Q8-4
9og4sI0RuCU
9rhLmcCYzWo
9v0WxuPOto8
9w0877nIbcw
9w9y6Y8GqtI
9wW_yOLL3sM
9y17SJ8PMt8
A17j0TTRJcY
AB4HD9WHF54
AHma_GZVYes
AL0bBXiHGKY
AL3YnNouqUk
AMGjPcDVPDE
AOrs7E74FYg
ARF7uF7sKo8
A_JCtOKNcRQ
Ab2q6mInpCA
Ab3bVz1aKGk
AhP3Q8DzQWg
AsZo1XKXy0w
AvEYZG7UMes
AvuCrdpTCr4
B15eKxHnIQE
BHx8SgmmG7I
BI9aKAc1AgY
BKp_XbsDa00
BRIRDkr1lU0
BReySZV3Nto
BWrpPKAgsKE
B_TgnpQCJ9Q
BetpfyDOHFo
Bqt1fBljTu8
BtZ3wqftXAw
BzoA4JHT5oc
CDP8BSprfA4
CHnMUaOKo54
COZNKhzeD-Y
CPOtMEqCLsQ
CtmsLMEas6o
CyZ7lkxvJW4
D-UrXBUHvwM
D9qTbW7m9pI
DA9A8ylONI8
DI3eDMJv9Hk
DI3ms4k4B9Y
DNTHAhCVIkA
DYlwJDywbw8
DdEeldaj2QQ
DjFUdOfJXHI
DkgA4ZlguMo
DuNIUe-TqiQ
E9VxzpSDRQI
EM-LOjJHzcs
EQjpQnr0qXI
ESM0bOaJJPk
ESWTNucKa2Q
ET0JOdO3JhM
Ebg8KarhA3E
EnU_X5SPHN8
EqNxn-CI6F8
F29oYV3kQqA
F4pzemL5SIc
F9kQMwcUsHY
FPMiUgBLinI
FYD_o7OWP3Q
F_YGhuJ8ZDg
FdXzgjLpz64
FfLA8qqELxg
FffQeJRMElw
Fhi2E3iMMbk
FnB-H8c7u6k
FzMBkcsJM2U
G2mVzOW1LMY
G6mbKetbPNw
G6r7pC21ZJ8
GAK6eOVJMlY
GAlrRcx6Cog
GQpsKnGtMr0
GROY2l9YmPY
GYnREh9bIMg
Gc_4eM77Xeg
Gj2BEHTM3QI
GjGx9ZBWeKU
GmRjReHAZnU
Gnz67FOO0vc
GwB1kQWDJck
GyD1ydGWwmY
GzhbGBCgMoQ
H77KzRJpnfg
H9G8Lj4J9lQ
HA3S9ISFWx4
HBjrsqDKq0A
HC-JdY-LlD0
HH5HsdfXNiQ
HT4FdVXOYwE
HVmpvzOHp6Y
Hb6GF-_9ME8
HdEnS0cRI7M
HjpH7KNBfYk
Hnbc3z40ZsU
HoH_j8vFF68
HraNyC-Fuhw
I1uct-HEOrM
IAHfmWbn84M
IAu1OzC8PuQ
IBe-DP7qLws
IC6eXNiaTAo
IJiQEhUewaw
ITZQVdXupQ0
IZCKidoqTbs
Iaz2-fnV9k0
IiZ14fpgi84
Iv_urYqT5cY
IzHDpxhYMNM
J-KM1Pe3fAE
J1OY6k4IlKs
J93qeTTjTe8
JFfuKTxFjMo
JKW95dy7Rx8
JPJglCpGX5w
JS-jezJuxgE
JTdTUqH60G4
JXyJA_KboOA
JcEENGIc5KU
JhNLwman0PY
JrbCdrrWadM
JvG9wjws8xE
K-g_pAbcAyM
K0h_4wvhNM4
K26nl02SuJs
K96ThEOAHtE
K9mqHjHJdSU
K9olMI7pC24
KCIb51nuO3Y
KRUQo6gKLRo
Kd_JzGHTCTo
KgC2ewyKyYI
KlpTCCxQ35w
Kqzz6MXxpD0
KwPjpSXGzxw
L-q_uqserWg
L3iMX7xE2D8
LCjQphNsKMk
LJ5o4d2_qoI
LLccIW3CqHs
LPzswoHAlU8
Ld3UrXK2Njc
LhQTX_hFQIs
LwhVhuFFtt8
Lxd6otwER38
M4N_NxhDKhw
MHhscLXmO2U
MJfxr81NpPA
MKXcA8iL_p0
MSbBVhTNl9o
MYVl29nxOe0
MZYeJlBwj0k
Md9y82Ake9A
Mo4lnAA7flM
MokhzVuWPPU
MuxzzTJlkbQ
N1GRf5z3zAc
N1gAq7_d9fg
N5mV3fOl3hU
N7exUL18r_8
NGWyUveL7hg
NSAf6SZ1B64
NSM7_QPD510
NZky_z27gxM
Ni3QGafxaIc
NrrbrKvktOQ
Nsmpt1UI35o
O8YpjjRvxe4
OIeDUN7Bdv0
ORJoQZikRlk
OUFaL8qcHpQ
OhQLngqViWM
Ol9MvfZE4fo
OoG6B5A36PI
OpAo8N6EPh8
OrsTrMr-2Jo
OuBV8Qh2bEU
OzOQ3BdnMzo
P6qDjxSDtl8
P7adMcthpU4
P8SEqbZn860
PAN__3hZRok
PAmD6l3W8-Y
PD4FWsbHvbk
PRWp6PT2KVI
PSu9fOKOGZ4
PT54Lb2uECk
PUP_ylwGFik
PWn9qGHmSnY
PaYKBQNh2Po
PeX3PGROHhk
PfzJhZPan84
PnoMi-UPp2Y
Po6VWZcXIFE
PyOLuXkYqV0
Q1pH3-lHF9M
Q3blwaJl1XE
QDk3_3NPauM
QGIjPOxA0aI
QMDjuSgam2w
QW96xLksS6U
Qg3y9tB8q9I
QhPkFRDiJn4
Qu8f0X9VdE0
RBC1mZSPouo
RJ7aeo4OTFI
RQPNM_V031E
RVWgTCc7aXs
RWqSTJS95yw
RXDoo5fcaUU
RpGhj3EB7-s
RuGLJgBo4F4
RyV2rZpIU8c
S2HBwvdpX5A
S9i8g3QJ8aM
SDFBHbZ5Dzw
SEvApTC_2c4
SFDG3LFS37A
SHzgCX2SuZY
SNAuuVVlo0I
STLtBKX2qYY
SciIuGP_GEs
SeO2xmDnA_w
SmSBvZEyO4c
SxO1_GfhkHc
TAQ3qgqbpa8
TDsuvkNnt2A
TJrZ_pVy0RY
TK3fk2EO7ro
TZ0A7VLx4ig
TdqmxvSU-9U
Thb_9yMCZRY
TielMEGQGwo
U3fv-goWekc
U4JiHPAdmdc
U6nK6cra2Ak
UG5OYDm4wkM
USURHkUf7PU
UXA-otCvAdk
Ui1qaJkU1yE
Ui6uQPDfczE
UmYzqcgzIzI
UqJIrsAREkk
UubEtitVLDM
Uwn3ocDgGOs
V-G5OZlyCtE
V467Kk8klfE
V4fPIdlwkQI
V5Mt0_DsenM
V5P1uVpUf50
VERg3BUoHdM
VK17jPxIsgc
VKssHsZzJGs
VW2yPEHrLkg
ViC_Id9cu9g
Vv4c_szlffw
VvOyY9ONpmE
W3Y7ruSlCJE
WGvHhgLoqeQ
WJGUHKnpo0E
WWSlnFm2Vxw
WZI7oopWlek
Wad2I4tDqCI
WiUZNn1ixgw
WqRnWS5Pngo
Wxm64v8b3Yg
WxqHQSL2XQg
X4EAo2QhVPs
X7rmHksGCl4
X9_2XFEnKcw
X9jHkbGnvoc
XIj8DhZ6AeU
XcW-y4YN_DM
Xcq0KtokSHw
Xrzwjv7M51A
Y7n6yiui_1o
YKQ__Sj6-KI
YQfB58enB2A
YRa1Bker1K8
YSSV69ln77M
YVimOzbAoLw
YWU4lvIPP6I
YoLEx-AfYwk
Yz-SJOjimU0
Z89aybW-QLg
ZG_tkcBaXhA
ZJ9xpk-g-EY
ZMtxxWbFIfE
ZUAYYsrjM6k
ZWmUhs2HOAU
ZX6xMWa5iAA
ZXDlFOa_wuo
ZXrAsTf92MU
Z_JNEEWxz_s
ZajNciAhdhI
ZrN_X4_zYf4
ZtErfO8fmOo
Zwt_qthzB7o
_7ozXcv1NZk
_Be9Z-FI_uc
_GEBblkmBhQ
_GoTUOXIE2c
_KtsYvt5DSo
_LvFZbjo6og
_NGX0fcjYqE
_OPOKChyBMQ
_OgkJfJiHhk
_S16JrwwwHg
_UMNa4V7cyc
_VuPVIKhiMw
__IvpNLUXqs
__sndwwp6Dk
_hHhdD3duNU
_kR6M0gFi2A
_rQ_SFXkvxw
a14L0vBfUDA
a2-hCGkFS80
a4CANu3GT-M
a8AjF7L6GTM
aAn85tXQqxY
aClDpkRDuS0
aSf8QvOohpY
aTKIoc4bNyQ
aV18XdpdKB8
aYJ6ZY_Tl4U
abwDz5xS6Ns
afwcwlKGJa0
aigm_NxFopw
akJQC0OcZt8
amW2Qqu6Xxw
aorfVRh6vuk
aqiBE2wsMMA
ar7YH4pQUdk
b58-P0qnH24
bEChY3jzW-M
bIM_Nrk8ZY4
bKtsHLyvNCQ
bO33uh915Mg
bO3LPwGFOgo
bTnVRXk61Mc
bVWM1e5TJGs
bVr51t7sAi4
bW1y1clYh8k
bWGs3QE1Vbw
b_qcXzDg78w
brqq29VsVnc
bvuyuio-PV0
cKzPdBaX3P0
cPKIz5Zos5s
cWzfaGmfL9k
cX8l3oDvORY
caUcMdDivwk
cnepDzkfbbs
cpzyGE0IGMY
cr21Quzfk1Q
d5clz3cmmps
d6APr4S6JWo
dKUHAM0Guu8
dLWbEpaDjmI
dMtuiWxNwfw
dR0g7RpJTfE
dU9eBz9QFbc
dZ4ZS3SRJBc
daOqqyviCXY
dai7oUBUELk
dbD-G89pYlE
dv72DRKipNg
dzg7lQYo_CY
e1b_40-z5PA
e4UYQ6uXyS0
e7Lzi3wwjYA
eETsCYwkOUQ
eGZrdwatg9w
eJVYuHazM04
eN2zndttGj4
eUG1mgt2dPA
eUHqhTQMcnc
e_v3IvmdW-A
ecRb1-eD08k
el6rgKK4uqs
elvOgPdkQfc
eswpOJqpdu0
exOCU8DKowc
f62SoB1wmgk
fB2vkh_PLgE
fDCKiSMVK8c
fEisUWlriLI
fHLKl3FHa8k
fJbzZARxAqg
fMCKuVSb_FY
fMJvP3B9IZA
fVW5iagxhSw
fmDoxhVUdEA
fnnGEUG1xos
fxWnOtGfWHU
fyzEc6XZdqw
gEIi6AW0lb4
gKrfbfvZFsA
gTB9MvyELsk
ga9ha5eiKcI
gdI0nEKXqKk
geX5AD_dgvc
h4aCCI7o3fs
hUuVj896vuQ
hVN7LdPjWYk
hlDjahd-8hw
hmE1yWF0ZNw
hmijU4-lMgY
htK8rhViCvI
i1cJEN8xj8M
i57LI4al9No
iS2OsDkjwps
iU_k6qH3UC8
ibldRGncOFo
ic3ryp9Zh6Q
idBQKXAzss8
igurF1K79cM
ihIvq5S8eSI
in7_PSZxfuA
inKBsXQaIY8
iuLpofmwEk0
jAdF1U3SZyE
jE8hwt5YRsg
jMwDjSJ0LtY
jPlhuzx2nPo
jRgVNJ2H-DQ
k20C_JYrhwQ
k53K1v5ViTk
k8On82Bux7U
kePDZx84JDM
khda-lIQHNg
kkELRUeKRNc
knK0GqkIeoA
kqN0BkxF9yA
kqj4sV-TrM0
kyQZIdhAIPA
kyRo729vhlw
kzE_pTtxI4E
l112S-ejThU
l8EOJvOfVFU
lJ1jsWLrmHk
lMQJFajvGHA
lqwUtBfMKfc
lsua30Ki5rc
ltBxC5AA5us
luqgPaitQgE
m8ekqiRDLlg
mCim9CN6WwM
mGUUP_Asq1Y
mMXn48QHxYw
mS-8YFEHuKA
mTNwQ40jJbc
mUkmDsjtrIk
mXT5SBx_HkY
mgjUluwsCWs
mlYgANAu72g
mqh7BY5yErI
my0CCIY4gQg
mzJy2AyD8Pc
n0Hj5W9feb8
n0RTIodLeB4
n22K1pbeTB4
n31Spcp3HiA
nEj5jn3YHGM
nLpYGxyOewc
nMCXArz9nEk
nNQXOz4Ckpo
nWrIHZaKco8
ncq_N1XBy8I
ndGmmLLhD0E
ndtthm8PohM
neRosfLIuxs
ngHLQ_Ha4RU
nkQrEZh_oMs
nkYweJV__Kg
nlMLObIHcgQ
ns5lAqNTH6g
o1GhZ9ww4Qg
o21-Hr-ddkU
o3VpZmWsKgs
oH8zG-bTE6c
oRqn7b6T3Vg
oS3-b0CqvY0
obTIKguWsBg
ogiKz2wQHOk
oiNMtjg3GJQ
ok8MIYYRVrA
okqY1gghWGs
op4aGB1dlB8
otUzPEtbICo
ots7NiNJPBE
ovTDYnXh-hE
oxtKhlHCXFk
ozuYqYwKU7s
p3kWE6cMgrE
pCOwakkvPD0
pHTj8xbWPGs
pMY_fnqOFjw
pRId1dGweI4
pVLcfDR7FNU
pYAzT18YtyU
pZZmtW0iYY0
peemPWl7XwI
plu2I_6ok_4
pnMqGlXuymY
pt5cyNYXLxE
pvof-Cf6dbs
q0uD39_ufbs
q2Cfzj8KYY8
qLGOlKQ-2Bs
qWN-UjPPoAg
qb3n3jiI2_I
qbUcYjYwoTM
qdrpczIuYt0
qp4msXDd7eM
qvLCPTuQ_Ig
qx9O1Q60s7A
qxtytvCNyxI
qy5TgY0jTLo
qzEaOEiWgQ0
r795NgQtVV0
rCYdwAT7VVs
rJ1bNbvyfQg
rUOAImugtuo
rb1NpaNzwAI
rk__J6o2lIc
rlhjbshjdfY
rtLML6J5Dxw
ruB0BAYqhq4
ryzME1-uNS8
s-ZP7v430po
s-dSg5ljQI8
sAWOvA_H1Hk
sBNFvZySCxc
sBpvpriRDn0
sCTwCs1IPHE
sG9vKJlqg5Y
sHXNjSU1wCw
sRx4DMJ5cfE
sXCOLWdt-0E
scxZkSJWavk
sgsJLQJzyGQ
shhdlIn83_Y
sjE5pWGiL0M
t0A9fyZuqu0
t12ZDTkPmzc
tZDRzAm7FXo
tgVYH29-btg
tmBYL9KhGPY
tsRvEEoW6U8
twiSzvYQI70
uLXhU43m7ZM
uN63Y3hNkAI
uN8JlcNfWeA
u_CRFB4t75o
u_SEv9EbfGQ
uaU32T7agas
unx-AedkifA
usyzIRIAxO0
uuhqZ0DvqQ0
uyS7EAQ0VJ0
v5LDUgoY0OY
v6PjcPs5Ios
vBXWsnDYqfo
vCYAMxbJnqo
vEtauOzF9zI
vG0dE1wEhHM
vIS08z-Jv_g
vMP7hFr9sto
vYu1bZFxuzQ
w0405oXUASQ
w6eJdtltlNE
w7p0Z0z0bzY
wG3YIziw-Tc
wL7PBh3idmQ
wOxSz7neIRc
wSAwzjEV1Qs
wXoF-264z0I
wb5sB_Gu21Q
wdJM_yiOOSI
weFD7Hr7OL0
wiA1ulideR4
wmVzqzc3fgI
wntTYkegf0s
wphpi9M5ayQ
x27uUsScAA8
x7RgnECnLuo
xC1X1WKinbQ
xIc5xCP2CBc
xJ8mHE-ayAA
xMzkJmPrDRk
xSuJqTT8kaQ
xY0jThbj1jU
xdqa96j9KSs
xe7La6b8iMk
xhYcf1jku5g
xl1hvzgFEWc
xp-SWfDX6u4
xy0hmxJeQD8
xy7Vd5-4rfQ
y4DlDUuYyLs
yPEWfEh582w
yPw3izgliDY
yaWBSQ6miV8
yqyJAPm4ESE
ysIvoc7XF-k
yt8AVvRW14U
yt9YISJ-GNs
ytEPQQwoDCI
yu8-TbLjOnI
z-OlD9ObW90
z2VBc0RyAdg
z6QPD8AVQf0
zCaTUaERo-4
zEyLSC08hdQ
zFcY1VARv-c
zOva7jFL6U8
zSYSSWWYUZQ
zcXcIz7sAhg
zjzb709Dneo
zqBWAcnvqVA
zquGtL846uc
zyWqBraGa_0
