0GEz9YGaGyA
0VydzcKJFmw
0vWksSch84Y
1cpnAJbI1Zg
1ne0FoNI7v4
1rnoX32-oZA
2BzdVjmJEdo
2SvngUD96Ns
2i1a-DMM5mo
2m7-Wo0z6JM
3BwoZQ8eMQc
3IDdK6OuWiE
3WwZZ_CZbP8
3uti8o4js8w
4UbL6GW3fq8
5G_dMcQiKp4
5V0p7NMs28M
5w65u2TXYiw
6I_cCLhllQE
6wveiSjRd0w
79lYOcdS-6U
7IDDwDGzvyc
7TZHIZvUUTU
7_cMrJGwAoI
9s43Rs7Sasc
A64zb1pk7wk
AKVO3iVatfQ
Am0QE-oCSpc
BqVPmRT0jis
C8UM_eXEaBA
Clh-6JQhi1k
Ctm2sR7eGUY
EoK_ooP69kc
GpdwlMtbX78
HDBbUGB-1oQ
ILFBU3_W9XY
KNV8wYAYjDE
Kw9HkMYklkQ
M1RgWstIqIY
M9WZDBC0WZQ
MFtkcPej_k4
Mo0IMbcg8DM
N4bfiyQuD8w
NBuwqf_nmsE
Nc_N1VnCcsA
NuC3NBoWuQM
OFTszlo7wNI
QKZPIzEehLc
R2eU9OfWqWQ
RFj_rvUD3so
RLNbQbhILTw
RZZvAY_EVB8
RzKhqRg30yM
T2HrP4LjHqY
T5oiXAvDrg8
T7jVmAl1hfw
Tj-LUMXXgSU
U1Edm4ALf2k
UElQ25St6jw
VPAlwSL4xnQ
Vbocg2-R2sY
WBknVWHKg5Q
WRgy8gx0wwY
XTADcQU4lmw
XhmgC5sg_sg
XyGdCMkHvVk
YPwm6Ufg-ig
Yz4BDwwbgcM
ZUFOBmzoCug
_JyyksFYPUc
_L-VPLxEsJc
_N6syRlIss0
_V6ANinHmdg
_Yt0JBdRNms
a-U1mE3yns8
a8Bx5NRHg7Q
aojLTfNMQIU
bU3SVakpk7Y
bXAKDsSElM4
c-5JS4vIOmE
chy00QiFJF0
clPWAGKuLa0
dXfGeBPA8GM
dyxHmHBMXqQ
e73cK6wj5SQ
eJzFxr7pIZw
et1GhuQpYQ0
ezjn8jciDm0
fRscWvJpz-E
gA547mr5fFo
hRxyaKvT0lU
htD-XpD7mmc
i1rUka71aYI
ibWY0KwSDRU
jdRg32XT3Jc
k1ySHYNDZms
k8gwyd-bOJg
l80zvnrfKMg
lVgVe49bfEo
lXcHmOmc1KQ
mbMTeyz64_w
oQvYJLp1gU0
oS7L3xjjp4Q
oXZkvIHbPyI
ocBnT1e0qAY
pSTbPU36boM
paqqzUfBeLE
pqmiPy1-Heo
qKPsx0OIsew
qV5fvDdtfrI
qvU4hZh5d-M
sfQ1bMdT2nA
tAfNF-RIgPo
tMmKcRuoxp4
u4_38U24DNM
uyvEKjnLnVk
v3zKVbN52C8
vAd-mGZTqAk
vDVOE74dJ88
xBUC4W3m5BQ
xNWrhWwFKHU
xsl4v6V4jcE
yt2hiXSr6F4
zUDhEVP1_yQ
zilMGQlYreo
