-5rMu0-46Tg
-x7oNIqZfuU
0fbcLXhqOnU
0ndDWxGx7VA
1-rbcEwDAck
1vZ2dyINpo4
2qecLXMw1nU
2v4ka5kv9F8
3bByU_IgvsY
3pujnGvXZ-A
3yGf52XWPL4
5BCjCYimqlc
5CkeIMzRdXE
5V5cBHKWaXk
6t-l8VGGf2w
6wjWS-91KeA
7hx8bcACwaI
7o_Q8bp2J2A
8NqmcCbAW3Y
9tt12zMrx3M
BJIM41TnDHI
BZN8INa0aPY
BjL5GWZN5eA
C3H9njeXftY
CDQIok8rjls
CLIoxw6TXuk
CNr84ZlVfVY
DXpUGmRYOqo
EKfQ2XunoYk
FpXdTgerxiI
H--ZdMR40Co
HVQRjluNjLE
IBbUGaciWJ4
J3AW5eQEs68
LxSCq1F7pSk
M6-L2M_7ysk
MPf0T1dAqr8
N519gbEXbbw
OIvtWvDkkVk
OUM2UKRQLEU
OjKY5Okx9wQ
Pg0qv0kIaKo
PjCUoMbbS5g
QJFdcQYBkDY
Qwfqw51JaGY
RyvA5feyjt4
SWgNY2E40y4
TG9k1oS9R7E
UBojQFk0Rkw
UvkhFpb7M7Y
Uy_ApDmnR-8
WeVVtxlg_oE
X_K4vRpp5fo
Y29UYT9qzsg
YPW7rDmnH6g
ZJKr-vJt3NE
_Haf2S5Dbm8
bAKGBamfaIo
b_v6YfaC5gU
cUtO8U9QbZs
cnzZakx-agc
crt1WS-SAC8
dgYyXk4V2aw
djOrZrEDMto
dykLwHWB7qk
eftYgf0iC7s
gCY05d-E3FY
gjCpUd48qDo
iHwYTzb8_SM
iVkkzzxBnQ0
iglcr6aQ89Q
isCVgDObx4c
jVKBqCj3Vvg
kAm_I8nwjnc
kb_fhLt7kls
kiDRr1Ud22I
l--VNy2IpPI
lJyj0Nn9Hj0
mBgsog5kW7c
mvamwoVi1KE
o_Ej-supcIg
oyQJCpkORmM
pfHwzjEdCk0
rEAxxsX_um0
rPY2nJugNoY
sYNp-uHYW4I
uYd0Xi3ACQ8
v4gVn47kR4E
vjqVQczCnco
wRBWjwfiekc
xMM8pw5p6Ms
xN0ysLkGiP8
ztLfA9RBq5s
