-jPRJx9EDg8
0jybS9SB0TY
18mMmIkojSI
2Ody9V_sHWA
39sIDC5Uiio
4fHVE2R3hag
5E2oW2SM4zY
6eH8aFisVd4
8OLEYI70q0w
9Tv6bTU4nUo
9esV8EZWdTM
9pQs6dBpVo0
AIUYkmqUaJM
Aj-mPF6f0GA
BWM6h1EdBq4
Dn2ksrQCSR8
ETLLhzkJTvY
FZB3VFGoKgQ
GdtD1V-KCF8
I0miRhMDzAs
LB__zmDBNq0
LaejkaY6VAY
MBG5l3meGbI
MX_WRaGp5UI
QJO83vYCaJ8
QYGywgu0_GE
Rt6ERgRNLxY
TyTXfw-UJwg
UARmWG5Dc70
UZxvQbuvWCU
Ueemb8FO5aU
WGf_eszHiKQ
XnjXbShHuIM
XtlpiAcjFZo
XxSQ9tGSzaw
dImP_EDPdKM
doCIACR6gW0
hJublHlAd1A
hM1NS5XwFq8
ihqdEdWUqJc
jD1mcgyjnJU
kznCX0ChVjs
l9AP6r79jso
lt8OK8MJwPs
nKTPq-lPaA4
ndrkx4QSxHM
p9OKWzcRVUc
rX7Gwtv6q4A
rdIle6gGeCw
susPnEQdy_w
vw37xBX13c0
z8b_FhU3hyc
zJvzSLsyuhk
za638fxvumo
zpkhepBwNY0
