-BI-4hMgWeA
-S0obqURUWA
-TF-DJcaUM8
-Tl6oBTVjXc
074a7-dJD3A
07ZFDtprUhY
0W7IduEACc0
0hcxQWOGEcM
0tpy0tOGuW8
0zu_emw8XfY
1C0TZEKlMU4
1oWq8Gv3s9w
2V59hp0oIts
2p-CpHOJERg
3OcgsT71vkY
3QKy0hSsit8
3a0wEYyGQYw
3iSZ5oq0S4c
3rXE2IdU_U4
3wFsRZEX5Mc
49BoRwYAq98
4XvDSLu-ZXU
4YdBDIMK_z8
4lHtqz77IhU
4mX41AhSzMc
4nyCwl8xUhQ
4qRqDIe_4ZU
5DXqJlytjpU
5Egn1rOOq64
5b9W5GLY014
5j06B4ogvb8
67L5-dJ1_fA
6K6tNZ8prCc
7OISiH9EzFs
80W8Wjq3a5M
8SgfY7BuE0M
8Y2lJF5ORj4
8ZSk2jhqANw
8fURVYvpeIc
8fbh5RViOo8
8ghl0OX-yYI
8wTJH-9OlSY
9CEpVrD25xk
9beeqSQV5CY
A-72oz6-Cu0
A0DDYsQgooo
ALQxld8k5wg
ALj8au14wKg
ANcxoXFajwg
AU6YQLhQBqw
B9PjJcgGRTo
Bc39uESuihc
BhcnYfARazU
C2b4lI98cCE
C82t2HWaiWM
Co-1Bxj7jaQ
D294K0nu3MA
DCDyt6fmHZc
DMCwtG9Yy4c
DQRCiB7CmCg
Dj6bE9yXq20
E7hSFpAfzf8
EBcKhD8IHt0
EFGrYnUT2Yw
EHvEYC2btGc
Er_cjd4qT9U
EveskKgZBgk
F2-SS_FJzpM
FMxs1B2SEyM
Fkzz4AWXD9g
Fm6nmztUwNM
FwYaIxDbOR4
FzQYVX9tMCc
GGGBa8DeKhM
GHjLwThH2zU
Gc6v4UGvPfo
GnS2O3OEHXk
Gv39AUiZq-g
H02AEYRUYd0
HESyZTImxsY
HFfHtPsFgK4
HMIz-PN8EaA
HT8_DTq29wQ
HV0L2nhjxMk
Hs-pg6Y0_Jc
I52_a9ac9ko
IERPR3mQXPY
IIXHz5toFvk
IhBdle6zCEg
JHV3KdhkNR0
JIH20SB4k_o
JPPqeaNojhE
JsHUo9dWGTo
Jx7Y0MceamQ
JzZw8_yAL0Q
KFq5k9dyWRM
KOjqOh2zGUI
KQWd_newlbo
KaiGMLuAW6k
Ktnbq64bGrM
LC9vxK7OU30
LHtIdk0s5x0
LWpgYVMmQeg
LoLE2pLdJ2k
Lx8SCVOgQVI
M6HDtEzngu8
MTMNgHm8ZO8
McAWlha8oqo
MynlVCpI64Y
NMsipV_Vie4
NQX2PkVcBO8
NqNPAZL9nkE
OL-_mxvoX7Y
OPQqe33Wiag
O__3iw0XMK4
P76M1A1hBAE
P9e_0Ajnbhk
PCcN0mbr4o8
PlaYzrBWqfM
PlnETKTtJww
PpEPwmRFeuc
PqQfBq0guaE
PsTDLNKmTDQ
PxtsWtXUwNE
Q-ZtxPzs1TM
QCs5DLJrNy8
QFP7XvxEDdI
QOAOkSv1V8c
QXOQzbM1L00
ROBaEFSQNxY
RPKlF-Ha3ZY
RW3Gs38X6zM
RdmgEaejY5o
Rm_5gsHmetM
RpWQX8dWD_Q
RyW8oYlN90s
S2mb7eFdOKE
SDphXKftBp0
STUusvvH5qc
StJDMSMLjwc
ToDe8TdZYSA
ToIniqBKPoU
TzUWXxTpdmo
UAaDh_qbJIY
UHsWnPXg_zI
UWmsIlGXL18
Uplmdio9n6I
V0vc_ffJQZ4
V6gzy83msKE
VQ0pwCci-Ew
VzPQf3eTPnk
W297o4lldvE
W9HgjWGJyGM
WCcnIfzqGlU
WLxp_IXV-UE
WT--Y00LXIM
Wd7Z1mpnwGE
WkC2JX9Z8YU
WxBnArO4voQ
XCT0VrX8UPQ
XWUMS8DAYRI
XcXzGXDrgds
XglIiU4mKN8
XsPoaINw3Ec
XwACFhIfzL4
XwpHfpzNzBQ
YEUNfKN6RI8
YJg6oCKmcig
Yj8FRiOnXOY
Yk2zR79QFeQ
YtFxAmrHJxs
YwEh9TBZoOk
YzsdQXPPyGI
Z0CWc1VVNZ0
ZJyzirynytw
ZKyKMMSN8iU
ZUdaRtYHpR4
_-3KlnJlUvc
_0a1_bzfDuo
_FTniN_fdE0
_GmVxK0ceIE
_fbvlQ5yfPU
_hFBLQyr7G0
aKeonOsOlag
aPtWgn0V1XE
b2kSW8e7o5I
b4-V8ywrCNw
b5_trk2CMRM
b6OIWLMpsh8
bSmVQcW2osQ
bZFOK8_IdNU
bjXed7zYLVM
c4pTxGk6xrw
cgLO5ZMOx_I
clMNzvF-jBc
d7Zge9-Yr8w
e1YIK0LeCwc
eA_-Ebu90KQ
eKucmKzuVII
eYk6lp0Q-Jg
eZTTC34SkvM
el966bYufTo
ezTWsevf9GQ
f1lIwv8wv8c
fTekSCYU6Wk
fWC72yu_6DE
fhap5Nej5qM
fvYRLmatJDY
gFOor0lLZs0
hAQz2i6uqAE
hPG3hRKYxT8
h_tAKXqGhsQ
hhE-MU52zPs
hhJGSMGl6Cw
hirqLgu34l8
hr9Ge64XxKc
hyPpAQpLuqQ
i8F2hSYLUhA
ikVcwN0BAd4
iscFxhEnqXk
jqwXe84zQZQ
k0GjNAYykT4
ku3HAwOt81U
lPFMOu6ZOVQ
laq8_SffKdk
lgm3iApIdqk
lofQZA1-OMw
lrONZuuZHqs
mBhbsGOxck8
mbiuyg5Qovk
nWLbXo9bw88
njCaL4ML2oQ
o4u0OUenMMY
o8QHuyOkXn0
oMPWA_Mhf-U
pcREAAV2KrM
pdR9qL4bBJA
pgJzNDZH-jY
pgZnyne6XSQ
puWgABb70Gk
q-tskuyKpFI
q4vzi1mYZYA
qDQOd3soPy8
qUUa_OP1iWE
qVGglm3GtDs
r5YOkoF--V4
retknLqHKU8
rkoxWzorWTE
sGtWLUBmfkQ
sLYn7b1jkTk
shkonLSYqGg
sjQEUSR-jHQ
t9l0sHpkeoI
tY5QzlxomAk
tgEr8Z9z2_M
tpwM_-WF_nM
tstQtaZFkEE
u2sTewcA5KE
uB66YE2huWw
ul97lppLFnE
uqKi4M7l2R0
urR6ixrF-Pk
v0yeXJqK7Mo
v3isj_swALg
vHkp84fGcqo
vWrRTlAFngg
vaKnC-8eu_0
vrhVKxMEqR0
w64HbrszgT8
wS1_RE9xueg
wn4r40-1uNs
wqtzyu9VRXg
xMd4w_Ed4ms
xbJCIKsAr6I
xrJ2-rF3F10
y9Grgxf-Nto
yDOse3s_Nv8
yEw08F4swnI
yH3K1lbD-pw
yM9VbApbwIs
yxpZzZQw-Rs
z6MP7X_8TPk
zPDRLBIBxh4
zSbVETlQlRg
zaXlWrjDxyw
zt0iYIFBd6k
zyNFZivoABQ
