0X4e2OSzHTA
0oe32CrcYPM
21RiZ39Y1Vk
2PMKHJU5TC4
30mRF1ctMWw
4BANxqiLH1A
5QQHwyzwxyE
7hXdlNZJ_BY
7zHoVF9m-xU
9IkT7L0PyVE
9fUwhR9ANfQ
9o-g1FNoX40
CU-xsDckAGI
EkE229ybABc
H5Mpw4oSojw
J3FYIgIvJuE
Ki86Apbro40
KiJ9xr8_GSI
NVOEnu2X71s
OSNBW41rFwY
PmbNWJY6yQk
PqZyHgm6o-c
QPnKnlt7LPs
QpppDWL3z-w
RLp5T-0jSfk
SGE8T1o0IKs
UATFH3ChivE
UGVmRhzNUdQ
UQHqqdKFVn0
VE0dyCLTLcQ
Va-WLeObSSo
WpUbR8eWXEk
WsPM-vdXmbY
Xy07QVrE2lY
YzQhjOLLuAs
_iZ9cl0CCA8
_m6ObgJozVw
_mYfze3NTD4
_vt9P0nKCWo
a4c_Vomo0BY
bqMXlgUZCVw
cjMfVe8wScM
ctxhR2O66hk
eaibXuVXo5s
efQNpe7GOAw
f0e-Soo1qFQ
fAueNOcLhNw
feu644HOgIY
flz_aSIJS0A
gzGUio7rBQk
hmMak2lMJNs
hv5EhRlx-DA
kELX0GEQ0H0
l6qcSTNbJuw
lPrZZLfcBVU
mZWA2UetWAg
nF-RlZF3g1I
nOuDInZRVhY
q0MDIsEjhR4
rNUwjlXR8fg
sBd3Pvg785U
sg2BBldgKpo
su3enZAh2v8
tlsnXIVS6D0
yCww8oYqQeU
