-DwgjpHTlV8
-T91WB3wN6U
-f7s3fndptU
0KKllIx0txg
0KoR6MLgviU
0hUZuwPkKI0
19AQcj_RMKc
1A_AdU0tnVo
1DbcrOY3yVQ
1E-oW3P7Ls8
1Mxx0yF3epI
1P9cRLpP_AY
1QDFBFIjkFU
1yIZXk5gbvo
264QUUYy9MA
26BVAjsXNgA
2a4rN40xTrk
2jQtOqknEPg
2zieM6DRSz4
3eKbxnVsEH0
3iiSYyVEL9U
3oy7oHrbn38
42i0tXbga0M
483jszdfzGU
4lw2LHGHAl8
4ptIVp1cgjM
5-z84aSRK8s
50EntYjE7UI
5FUiL7oCN0E
5OUHK3M60KA
5avASORreuM
5nUhMBtvuYs
63Bhknb0p30
6HdGS7fFM8o
6wZMe7caU98
7Ef42gZdOdU
7GJHR8ac7c4
7HJ_TVzmTOI
7PbKAJ-WUqg
7Tgckx61su0
7UPeBA311xE
7kaIwNJjvfo
86HtJmWsjzU
8IurpMH34qg
8jYNsNDGFbA
8qDLA7j5WxA
98Ub8cKoegk
9E3GMzkhAQU
9d4YIRTqeQE
9eBmIx4b9VI
Aa34A2pO1M0
AbzLFdESKWY
Ad-t4bjvldc
Ai4i67NZnn4
B3rGizPfT7A
B61XeM8FFGk
BCOtgvMIv2k
BnyZC8YX8Dg
BvLusk7jp3U
ClvYcYD1S6w
CxS3KJIWQzg
D3wXH8vBb-E
DRBDEqCJ1mI
DWQPQWIEOPQ
DbMPBQh7pBc
DhHxyEtIrps
DhsW8SjTRe0
Dr0fuiQm1oI
DzEpUimdprY
E03INY645go
EbqVTpHVA74
EphmJjhLCt0
Evw0SVdWMf0
F-oEe5VObuA
F4G_eLyBAKQ
FTTSonndYpw
FU4KNpx5078
GBBDJUzuOys
GgXSHeBHD-Y
GjtMsAwojFA
Gl4qVzVFCKU
GzTWlFr4F3U
H9ly5Vl86W0
HKi0_AMN4PM
HXpvMsQ4pww
H_cJyU9Rf2I
HwS7GVd0_9k
ICTnf1lSsv8
INcTASQ07ZA
IYooXZ8xDR0
IhCBdF1LLT8
IiUWyQBkT3Q
IwHshNkuHVc
JCB4u5zkDEU
JKcnyBCOcgA
JPkZBi8auM0
JRc1hq2H9Qk
JVXJ-kzgccs
K1S_723l10k
K62QAUY_ddU
KE9ZIWIEycs
KIaMJcavWtY
KTynzG0q6mw
Kg337PJBp6E
Kv08aHMWZ_E
LoIcFGKatoc
M0155UmnsHk
MCIONFGGT0Q
Mb7RdF5cuJ0
MuM6TLoa6Fk
Mw3oPtGq3uM
MzAlpJ9CIhQ
N2RTKPtM7JI
N3kOqwTn7Hw
NMOxyhbcMTA
Nsn26Cv-pr0
O0cQfhG4Tok
O69LP_RNi-M
OUAg03314E8
OZpqbBiBklY
OeBomAOCHXE
OnCxBqF6KEg
P9nNNtP20sE
Pife3__8euw
QAqU1s52w8Q
QB7NEK2JngA
QBxvtYMUJgg
QjMKmQo6l_0
QvgpqeNs1ok
RSSXO10tBwM
RXyZKXRrfPo
RdLsmH2hM28
S3yk1g5V3B0
SSpfRR36ffI
S_PpWylVCko
T-yl0EuHVJQ
T4Mv-0kuZvM
TNDA4BdzOBw
TRCh2d2xPx4
TUTfYDZb1U8
TeIy6l-McGc
U7LmstYuQxo
UW1YP1AGYx0
UX_dOhlzGDE
Um-V4qXmcXE
UpG3HPcwQ6A
V0wMY0gpIIA
V3r2DVHPikc
VQ39sILyugg
Vg_8p8AtfxY
VsGnDVHQG1Y
VwLUaDhYSr4
WKndRD3xaBY
WPLtywPEgW4
WXraVBu2I7I
WgWoaqqvN3Y
X7Y7lGZw0fA
XSwY9jaxr90
XnL5HO2ovTs
Xvi4CY9Qd7E
XwFaf15v7sk
XxYC5l21v7Q
YDYzpyqfhI8
YFtRP9n_A18
YaGV7NxRutE
YoKOr-uguRI
YxQyaDML-zg
ZWChEUBryVs
ZlDOivmorXc
ZqySqV2bh1Y
_0h6EVeXSMM
_62wlGxhMig
_Bl0CsJ1Gzo
_EFjXW4xkDM
_n0d6TjdI_w
_qTtsMeC_yY
_wOD_SgfPuc
a-itakV8Rj8
aCdk11zhUek
aECGf3CVyBI
aX58XLw1b5I
ajXkabFMxEQ
awCixzAnZ-0
b637A5H2XxM
bS0NKn7ef0M
bXETLxw8tMw
b_p0aFRxMNk
cE83j8uFO-8
cXDRgbyBDys
d5ib2hiDPds
dTmsJEi77zA
dfavUYMTmS0
dxr9UMzUwtQ
eLrG6-pX9l0
eTccDbvPYRI
efZDqwFYGa8
eomftiP3eR0
et3q7retngU
fLxqBj5LTn0
fN653nBRfJQ
fnk2EFXOgn4
fu2gNM2SdBc
gCy0uRDRYPw
gXZGHVA1BwU
gz8uGlYxvfQ
h2Hl69vJy-E
h5FPrtrnTUA
hH9tTWi-m20
hS-uacARJg0
hZ5Rw2Y5XFw
hy9hvH1ZVBA
hz7Rl8BXikM
i-2XMy914Pw
iI4ml__ynTU
ipXtaiXSVXQ
ivHD1QJ2vn4
izmQl73vF0k
j09gqww3-CE
j6Jt_z4-L4w
j_U2MAH91xA
ji9gefeVSUg
jqg159jwDzI
jxVg39JbV8I
kETpAjlJo0g
kJoOn7Mgu70
kdqPoSrhr0Q
kmoPQAKK86g
ku2CfoV-9wM
l1OMz9Di8fI
li4VIzcvgZI
ljsQjzC4naU
m4FO5G---MY
mAHk9JGQEqI
mQvX6NkXcsA
m_WUqDMqk5s
mi1RKFq0dq0
msEfFi1OrAs
n6v6k1hoZKA
nFt-gWuuTww
ngk_kcCTIwc
o008IAzP2T8
odabFjpTG_o
ol_c4Z-gZ9I
osDh9G1r8Ag
oxdSar536yM
pO5IQ31Xa7w
pUhbnlKdAgs
pY0RzYXaHrU
pmQouRtFuKw
prGdRCYU7G4
q84PjXE4PtI
qJyhqeIdeEo
qlaBqlKCY4U
qql1dxKz2hI
r2sVC9TaDiw
rnfAjQ-2rQ0
rrwtY4iqmyw
ruqZjySoZ90
s-Obc6xLcCw
s2TAKqBUPqg
sH_-kUjMvc4
szwJ1v95Skk
t0X7hv82VCE
tE3XLiYFdW4
tKbq8c4yQwk
tZgUlAJO3Ws
tfZivY_9V8Y
tlWiF00aloQ
ts_WGwT8mgI
uIXK4lc4ZiM
uPI6_0C6Ibo
ubzrl4FyN5M
v2ulVtakDGc
v6Lj3JU5TSk
vI2JRFkbQZQ
vJtVN4EZD6c
vKZ2ekYK8K4
vaaHN0ONt-U
vg09idnIJMM
vyUW9gi0-gg
w5FnidX2TQE
w8FcT97IoFs
wDdHsUeHwnU
wHLqrPrNVQA
wQar7URhYpw
wTkn3ktTpzs
wYNM1mVO1B8
weNZahqHHak
x8D-APQs_TA
xSosWatSCfY
xiCEgbc9ZnU
xqGN0bcT4YY
yGJAEUTpq5c
z0BOhPG-0lo
z5zdVC4rD20
zD1CrNM4DIo
zKrZ3unsWQ4
zPCizaTbpps
zTpclxsCj3g
zi_RwgLsEN8
zrfdoqro_T8
zteJhRM4uC8
