0zO0dqQKz2Y
1MUcizMqVAc
1Uhbki--UPw
1WKWEbmaN30
1YrbUBSo4Os
28UN70790Do
2Z9p_I3hhUc
3MJJvXGuDag
5R6k2mEacZo
6WQ9sqIHBCA
7EDJWnGPxwQ
82jOF4Q6gBU
850Zr6dzxYU
8BM9LPDjOw0
8WkBP2RU5nw
8b3lhDyVqgk
8bUNGLlp048
9AJHdGcyqh8
9jWV0QQlQTs
AgtOCNCejQ8
BM-LDPLJt-k
CiF-w5Lm_f0
CsQNF9s78Nc
CwqoAVMzgp4
E5LvA8FHBxs
EmfvKXO5DZk
EvRej1Gkrhc
FGwmAEMabm4
FvbNrwjIrNU
G7Yw6PPg7JU
GCmfXMMhRzk
GRkLdcbFSvg
GVShfOG2Lqg
HTI97yib_rw
Iun1QLA43xE
KIGfevsoS8Q
KQ0IVVQRw9E
KaRd_eB2qOA
KvculWl-jhE
M5X_Ijxm2bw
M86YM6QA4-M
MCg2lw4Nxno
MWUEh0xqtB4
MXcY8Cf6hsI
MrsjMiL9W9o
NkdczX1Sq-U
OGewxRMME8o
OeZ_63iKPho
P6eBraOUBLw
QDlNRq9yQKo
R37JHiA-HOg
R6eywXdssMw
Rj3jTw2DxXQ
S-W0NX97DB0
Sm_FgccC9dk
SszyI_AtKCU
StRqGx9ri2I
Sz-tnYUqkC4
T-z_zRcLGAk
TdnER8AeIdw
XncDE6IT6lY
YhEFWFs6BJs
YjrrpMN3vIg
YrOyRCD7M14
YsR7r2378j0
ZOR8RUoFhI8
ZoGH7d51bvc
bD9wUg2aaKM
bYVE05egjPg
bayTbt_8aNc
cTYvCpLRwao
dO1pLi2Dedw
du34gPopY5Y
ekH8_U8oZlk
fxTxU0Echq8
gVYQfiXD2ec
g_nTfZ9OgJs
gxtqGhhomQE
hB1kmGzpIrw
iM8cya6RcuU
iRIJLMstfx4
igf6MLmkBcw
iw4_7ioHWF4
jyQ_hUVI4Gk
kJFfleuDHrU
lms2jQeHnVs
lqg-4TpReo4
mFilSnstW8U
muWrmfXpivY
n3z9AEqSwFU
nMP2lXxyPZo
nv44xCo24rg
qZRYGxF6D3w
r-ESaj_4ujc
r-RHHrrdbfM
rXhzeKh8yBk
rdB4dH_clgU
tMkpjjjDRYI
trWrEWfhTVg
uk2G8-vebm4
vs_Zzf_vL2I
xJO5GstqTSY
xS9dW25tJc0
xUEu6tSL-Gg
xuBzQ38DNhE
yIEmc7ffTeM
yYaWTDZxIOM
yd_bfJ9kpPA
yeX_Zs7zztY
ynwfcarVkLQ
z4tkHuWZbRA
zPolTp0ddRg
zT1avZJB-_M
zcdxEm5DP84
