-DuOex7iWBU
0rRYGtqEGvk
1NVvkVMIVTo
2XGbOaE38m0
2sKzPy-cmGw
3vD34iu9fAA
4mFNQk5Wie4
4zEisa6_MGU
5tSnQXGRJuU
73c00M8AYSI
7QXrrU7wp30
B9WKC2bQu0A
CCXtQm9Ncu0
CEq1aJeBfZo
CtCK75lfE7A
CwE36-XUFUU
Dqaskkju8sU
Dz9ub0Y47sk
ECRbQJdqeVU
F4PDTG-D9Pc
FFwQY4LxEHw
G-hstOuZ5EE
HHYGUZf54Ys
HIo5WqLYg_o
H_ximF3oFIU
HmkC8nmJNFI
HrOYkgpKYDs
I-DBgozFiuE
Inht0oOXMgQ
IwGxNh5TKzo
Jk6UnicJRhw
KbRPMl3lnPw
LgIp9-mv5So
N4EONcAEYFc
PrNlLpaxGyo
QEA7iCK28qU
QKx2-DKVtcw
QOGowaxNKGA
R3y1mMB-y4o
R9nrRnGiTv8
SvjqBzxzNYs
SwIMKNHi6WU
T5_c4bO3Zx0
T8AupTdMolo
V9fgZ3lFsZk
VFCftbvLdd4
VjfCBUit3D8
W7gtAfUMKcw
Y-CeLd87q5w
YDNORWY-sc0
YXn41xAesNw
YugNjV1w5pA
_dLsqEnG1XU
aZNbyNxmwJw
bPrZwGDKrC8
bYDoSVfNdJI
bmQe3FWjFXw
bxTOhpuATfU
d8Gt0XcoPMM
dMmVV4pp1pU
dgqYvqxKJ7I
eZbiq1T9pOM
frm356j82aI
g0VLesOi11I
hHos3fT56cM
jamCm3SnDAI
kkF5NbB5jcU
lGg9OorpBvs
lP79A1xyRQg
lqlrbVk9VO4
nUJqRXGwhHI
nUcUD5sAwAA
p4f3iwHht2Q
qPL12ob13Oc
qktkisCVzwo
qsYzogYdmOU
rRzF2QegY-M
tMbeMqSkL1c
uFuVvJ9yH1I
umNNbqSGCW0
xPqIGQNePgg
xbysF507mBE
yNP9qmWG50c
yNitd0o3HiA
yaLgQAWf8do
ywJv3bYLkFQ
zmRzsb7qbuU
