-1FOdjATXPY ［日常］　This is so dangerous
-1udNqwcPdE 超能力者がいれば、かくれんぼのプロ日本代表𰓃億円の豪邸に隠れても見つけられる？！
-4eciIMTOq4 後輩の車がズタボロの傷だらけにされとる。
-5QDdTUFs9k いろはすっ𰙧種類あるの、知ってたかい？
-6T71wrVBMc YouTuber殺人事件 前編【名探偵ハーロックホームズ】
-7Hpw3jRImE ハチの駆除してたら防護服の中にオオスズメバチが入ってきたwwwwwww
-B72mc6yyi0 世界に１つだけ。ピチューの充電器。
-BPAThHaZQA 【バスケ】宿命の対񬞡on1 はじめvsJUNJUN（プロ）
-GOTFxIAvHg はじめしゃちょー。突然ガチで拉致られる。
-G_y_rVchCk ペヤングの新作が辛すぎて無理wwwwww【獄激辛カレー】
-GmXsU29enY 寝てる人を起こさずに電球でテニス
-H8zwaE9J_E もう限界です。みなさんで決めてください
-HLFEgZjFYU 人間が部屋の背景になってたらバレる？バレない？wwwwwwwww
-KJtCIml4Zk イルカを食べてみた  I eat dolphin
-KOqjgUw44Q 【合唱】旅立ちの日に歌ってみた
-KxvP9YxM7k 室内用プラネタリウムを大量に設置したらどうなるの？
-Mxj9r6dU1Y フライパンはたくさん重ねても熱は伝わるのか？
-NwOLWZu-MU London with...   　懐かしい友とロンドン
-TDZF5pEpsA 【実験袋の泡風呂入浴剤で超あわあわになれるのか
-U4YkybY2pw 男だけど自分でメイクしてみた！
-UrilNBaNdk 飲むチュッパチャップス　ピーチクリーム風味𰀌hupa Chups
-Vsc5VKbwv8 Youtube Space Tokyo Open Access
-XVcTEfQuXw 【検証】何して走った𰢑番速m走れるの？
-Xa4mo9SOj8 知らない人と絵を描くアプリはヤバイwwwwwww
-al1H-HMdrc 部屋に入ってきた瞬間乱射ドッキリ
-eqdfocY4qk ダークネス井上をヒッチハイク（？）で東京へ送る
-fpCgNU1FYA 【悲報】はじめしゃちょー女の子を連れ込み添い寝を発見される【ドッキリ】
-i7cDxgMAKk もう一人のカエル
-iLRl9U6Oaw みか個食ってみた　前編
-iMup7jichs 迷惑レベル！ペヤングにんにくMAXがすごいらしい。
-iYicRTyFsc 宝くじ𰙷億円当たった時の反応がこちらです。
-j3p3OtNQ6w 置くだけで寝れる装置を発見！なんだよそれすごいじゃねえか
-kIN9DeAcWg 心霊スポット行ったらガチな心霊現象が起きた。【後編】
-mhPwoVY4mo 【受験生必見】勉強に集中できる方法　How to study hard
-nyTwXVoDEs 値段が高すぎる空気砲がやっぱりヤバかった。
-q6pf26_Lfs 1/6の確率でペヤング獄激򏦿INALがブッ込まれる地獄のゲームwwwww
-rXJwR9_ECM 巨大な紙飛行機作ってみた
-rraCBxO9M8 酔いはじめ社長の雑談×質問コーナー
-ryQymo7P5s 生卵×水を温めると爆発するらしいぞ...　Law Egg Explosion
-sqBZch2u0A ローション相撲ならプロレスラーに勝てるんじゃね？
-tRnYnP5jks アタリのコップ当てた億円チャレンジwwwwww
-wfLS8u5a8E 【必見】人間でもできるポケモンの倒し方講座
-xMNB5PJ4Ho 【本気】大家さんに部屋の壁を破壊して良いか交渉してみた。
-xUOqgVzbdQ 【検証】ひざカックンって何連鎖するの？
-xV-3W9C-JU シナモンチャレンジ𰀌innamon Challenge
-yLYR62mmLM 目隠ししてテキトーにドンキで買い物した結果...
0-r65_zVW7o 壁を爆走するラジコンがあるらしいので大量に爆走させようぜwwwww
00fO1SfEMx4 折れないシャーペ本で橋を作ってみた
022RJwtfE3s 【閲覧注意】完全消臭？臭いが消える魔法の粉？本当に？！？！？！
06MOFOlaRPk はじめしゃちょ年総集編
06iFoHNQs1s 【恐怖】ゴリラ襲撃ドッキリ Gorilla Prank
08AhNIPp3Do サプリメント全種類混ぜてドリンク作る
09rw2qqVhi4 オレと一緒に働きませんか？
0Edp5GPTx1o ブラックサンダー　ハードボイルド𰀋lack thunder
0F5f1EC8h5U the world's strongest spicy gummy in 1000 haribogumi
0GEUnJEh3m4 パピコ　桃のスムージー　papiko
0IRqKihQAc0 ココイチのカレーをトッピング全種類で食いたいと思うんだが
0JkRj18xUm0 【検証】顔にホクロが何個増えると気づくのか？
0KJiKJfP95U 【バスケ】オレのシュート力を見せてやろう　Genious Player Hajime
0L12J61VppA Hajime fights with brother?! (Prank)
0LprheUEHDE もし食べ物が透明だったら。。。
0MB88cKCR8c 日񧋃位の心霊スポットに行く途中で意識が落ちかけた
0NLit_pOL0o はじめしゃちょーLINEスタンプ登場！
0OM7Ke4aFaY PS4で勝手にオレのゲームが作られてるんだがwwwww
0Pd8w33GS44 起きたら部屋が全部埋まる巨大風船爆発ドッキリ
0Qq__5LfmYY 劇団スカッシュさんからのPDRさんタグ!!
0c0CP4bR_Pc マス計算】オレが天才という事を証明しよう。
0dgYQ29h89k Stop Skype Laughter chain
0dwXQW14-W8 財布はみつかったけど
0e1QY8hQ5TU 【検証𰄑日回美容院で髪切ったらどんな髪型になるのか？
0eAYyhvlOHs 【危険】フライホイールズ𰀏LY WHEELS
0guF-FVAn5s 【革命】着る筋肉！重いモノも持てるようになるマッスルスーツがやばいwwwwwﾑｷﾑｷ
0i13MiAq_ls 大量のスマホ用スタンドを合体→全򕝶m最強スタンド
0kV8lMdcqCY なんとかして防犯ブザーを止める方法
0lebyrgzpQo ココイチのカレー𰛥甘がヤバい件。
0nlMewKDPkg 【綱引き】オレは小学生何人分の強さなの？
0oChquACGFs はじめしゃちょーの英語教񛩃　Hajime`s English School3
0oOk3HNC68o なぜはじめはアメリカに行ったのか？
0pJJivxL8EM はじめしゃちょーがローソンの店長したら売上がヤバイ事にwwwww
0rVp3ClS3KI 【朗報】ジャニーズに入りました。
0sWY6knjfeY 謝罪会見
0tuySuZD840 寝ている間に鼻毛を全部無くしてあげたい
0viSj7aZ-sE 世界最大のクリスマスツリーを作ろうとしたらとんでもない結果にwwwwwww
0wZW_mf854g 【最悪】はじめしゃちょー。誕生日直前に大地震が発生。
0xagr-RQQHM 自分なりに富士山作ってみた
1-UcqkQjEPo ぼくはもう日񧋁のYouTuberじゃないです。
10FycoC22Hc アザラシ食ってみた
10nwtDX6tKs 肝試しPart2.【怖い】村の女とツーショットを撮る
11eUcSbNL6A 誰も知らないすごいポップコーンの味を発明しました。
140MDN9SdHo 【検証】人は永遠に真似されるとどうなるのか？
16Ca4WRA5tY アアアアアアアアアアアアアアアアアアアアアアアアアア特技が欲しい
18Lc5ZO8Cwg 飽きたのでワイの車の色を変えてもらったらスゴい色にwwwwwwwww
18yt3s1jN4s 食パンの違い？余裕でわかるよ？
194Za5gfF9g 本物の拳銃撃ってみたwww
1A1MXjHq7yQ 【ケガ】はじめしゃちょー自分で爆発してみた。
1BrGyah54lA CM撮影中にヒカキンさんを落とし穴に落としてみたwwwwww
1CS9xuH27Jg パソコンの中から大量のちょうちょが飛び出すドッキリ
1DfVc_0_rBk 最近動画出せてない件について。何か質問ある？
1I2gCjwgmU4 プロのサッカーの試合にこっそり出たらバレるのか？
1IymXujPPuw 【恐怖】パラノーマルモンスタビティ Paranormal Monstervity
1KUh7NbfCe0 小豆回し講񞩽VD　～実践編～
1Mrwk2sBD5o なんだこの信じられない大きさの巨大うどんは。
1O6TsS97lOs 親友との別れの日に卒業式ドッキリ
1OfueLrTooU はじめしゃちょー育成ゲームができましたwwwww
1OjrqyWZW10 大量の地球グミを電子レンジで合体させたら...?!?!
1RrEpnozDr4 本気で鼻からコーラ飲んでみた𰀌ola into my nose
1VJZDMzaRQs うまい本食ってみた　後編
1_fneUlKiJA 【高熱】はじめしゃちょ万人目指すと決めた瞬間倒れる。
1_gO1l2wi0A 気合𰙲日間で船の免許を取る！
1bvlNvG1-Ks 髪の毛が異常に抜けるんだけど大丈夫かこれ？
1dUDM8KANko ハーゲンダッツの中身だけ別のアイスに変えてもバレない説
1eDRd23oLFQ 【最高級万円のカレーってどんな味なん？？？！？？！？？？？？
1eckB03mgtw 人の家の前にジンオウガがいた結果wwwwwwww
1hVKQLs_-cA モンハンX好きすぎてフィギュア全種類買っちゃった...
1ieFMCdGzbs 折れない。自動で芯が出る。最高峰のシャーペン。オレンズNERO
1itadDbuW1k 【害悪騒音マシーン】メガジェットホーンを開発した！後輩を倒します。
1iwVHvRUcrQ 【実験】百味ビーンズ全部混ぜて１つにしたら何味？
1jOifYpRTLg 100万円でうまい棒買ってみた。
1lzobzwLanE How to study Japanese　友達に日本語教えてみた
1mhyVYja2UI ヒカキンさんの前で突然倒れてみた
1nB2pITFmcM 動くはにわがいるんだけど...
1navGfmYHAU 地獄甲子園seball manga
1tuNK_HgZHs 持ち運べる水に最強の防水スプレーかけたらどうなるの？
1x4uq7z-msA ハジーポッターと危険なレーダーラジコン
1zG2ApUCJK0 僕の家でできる限界レベルのジェンガ
1zZAi_7ZkdA はじめしゃちょーが今年禁止するものは。
1zkaHCgDUaQ ドレア　濃抹茶　時間で食感が変わるデザート 明治 Dorea　meiji
21LHZW1Bs_U はじめしゃちょーのかぜ
21dBLaN_GHk 24時間インタビュー受けると人間はこうなります。 #スーパードライ #shorts #PR
226Z_ydAZqE 【衝撃】家に帰ったら巨大パンダいた....　Giant Panda in my house
23X_bPydaEw 宝物ってこういう物の事なのかもしれない
26AhefM_NyM クラス全員水着の女子だったらテストの点数は上がる？下がる？
26NBBz85Kyw 【反則】ポケモ𰼰匹のデッキ使ってたらいつバレるの？
28YNpk1_pdA 万円】後輩の部屋に勝手に侵入してヤバい部屋に改造したwwww
2B7OQ130Lxk はりがねでランス作ってみた
2D_dCGY4lms 30m飛ぶメガバルーンにヘリウムガスを入れると何m飛ぶのか？
2EMi6IMV5x4 はじめしゃちょーの発表会【前編】
2GQ5nvQ16Os Even if it is mixed up with the manukins of Showwindow theory that nobody barre
2K0aItyNYiE 【実験】ねるねるねるねに重曹をブチ込み爆発を狙う
2LTSFP2qBmw 全部消します。
2MLcDlhNSno 海の底を歩いてみた　Walk　the bottom of the sea
2QKpRdJs94w 【心霊】トトロの森の最深部がヤバすぎた。
2RzXvlFkxts 庭にテーマパーク作ってみた
2T-7JIZOVmo スマホで動く遠隔操作監視カメラがいろいろ凄かった件。
2U6Dczl0rdQ Taking a Coca-Cola bath with Mentos
2bA5JIEQHMo 牛乳っ回振ると甘くなるらしいよ...
2bFSrmBCRqw 【悲報】はじめしゃちょーたばこを始める。。。
2bWVH_z8yIc じゃがりこ　ゆず胡椒lbee
2cMY4rXL9hY カイ枚使って鉄球作ってみた　前編𰀋ig metal ball
2cpRYrEG7rA 寝起き耳元シンバルドッキリ
2eJ6QHcC6Wg オレ的にベイブレードあるある
2fpANKZ3qk0 7年前の初期のはじめしゃちょーがキモすぎて鳥肌wwwww
2lEvE0bpKVo 宙に浮くボール𰀊ir hogs ATMOSPHERE アトモスフィア
2m60B2VSoDg マジで人前で話せないけどイベントしてみた
2nMy3Z02-Ss 動く砂！？キネティックサンド　Kinetic Sand
2p9YU6BE8D0 100万円分のうまい棒がなくなりません助けてください。
2qfvJWtyUog 1年ぶりにラーメンを食べます。
2r1EI6MEjGQ 【危険】世界最強のレーザーポインターヤバすぎwwwwwwwwww
2r1lduJZPKU 小型バイクで日本横断の旅　part1 【静岡〜山梨】
2soamKAY16M ‪割れない巨大シャボン玉を部屋に作り過ぎた男‬
2wA2GojQw0I 怪人ジョニー Jonny
2wQOTGHp4yc 【本気】裸の人でちんちん侍ゲームやってみた
2wvzVm1BwuQ 新しい部屋は入居日にどれだけ汚せるのか？
2yq7gNi_8to オレ的にすごい文房具𰤥種類集めてみた。
3-SokO5Etos 真剣にコーラで髪の毛を染める
32JRd921clI 【鬼滅の刃】いろんなYouTuberの無意識領域に入ってみた
349-0iljdV8 【事故】見えない壁を作って車に衝突させるドッキリ
38-tSqbfAA0 年内にパズドラのランいかないと坊主になる件について。
3Ci7Jdh18MU 皆さまにお願いがあります。
3EpHOIGO7cw デカイ箱と今後のはじめしゃちょー
3FF_4DHmY3A 【大爆笑𰄓階なのにベランダから貞子がニョキっとドッキリwwwwwwwwww
3FwLrDM2o3E 驚き&やりすぎ鬼辛焼きそば？余裕だろGE エースコック
3FzmGZ6VQZk 謝罪動画だけどなにか質問ある？
3G8YNNbvcZQ はじめしゃちょーをアニメ風に描いてもらった結果wwwww
3K-UVusuzAo 【噂】コンビニのおにぎり秒で食べれないらしい
3KKTS2YpSvs 世界最強に大量のUSBが接続できるパソコン作ってみた
3M-OCsfOy5U メジャーの巻き戻る速さと競争してみた
3NnBo02yip8 【閲覧注意】寝てる間に大量のセミの幼虫がくっついてたらどう反応する？
3OSL6EozMTI 謎の部屋に閉じ込められました。おや？真ん中になにかあるぞ？
3P9hkGjckM8 家のドアを接着剤でガチガチに固めてみた結果www
3T2xrBjAPLA 【実験】オレがオレのそっくりさんと入れ替わってたらみんな気づくのか？
3TnQcPeIqyI 23歳が本気でダンボールで装備を作る
3VS6abKRSfQ 【コロナ】PCR検査を受けました。
3WlaHFEWbuI メルちゃんにタイマン喧嘩させてみた
3Wx3-Wkbw3k はじめしゃちょ年総集編
3YZhk_ZZQq0 髪の毛切った梅干しのシートと白い画面　hair UmeBosheet white screen
3ZpTcpbRXd0 カメに命を狙われてるんだけど何か質問ある？
3_Ygs7S3aG4 心霊スポットどうでしょう【天狗の森】
3bPaw4bA1hI オレなりにTシャツを限界まで改造してみた。
3b_lZ9chi9c あらゆる芳香剤置いてみた　
3c5KXMIJiAo 【実験】食パン何枚あれば最強のエアガンを止めれるの？
3cNCTvsVX_E 【超閲覧注意】クサくて誰もが絶対ゲロを吐く最強の液体
3dA828Pi0qI 心霊スポットどうでしょう【白倉トンネル】　part1
3eR65JT9Rm0 みんなの前で突然お箸食ってみた。
3hGroSjEyEw 【衝撃】コンビニのパスタ全部混ぜた食べたら何味になるの？
3n3kcRaY5Sk 初対面!ペインダンテ将之介　met PDS first time
3oLrL37kYvM 【爆発】クラッカ発をまとめて発射させる。
3onhvBve05Q さよなら住処𰚁周年ダイジェスト
3quZAE-CQ40 はじめんが勝手に選年のアニST5！
3uKMZ9vg_fE 【憤怒】おはようシュールストレミング
3uNRAVHOjO0 関連性の少な𰑃人のYouTuberが一緒にいるとこうなる
3wPepn93qx0 【高級焼肉𰄑年ぶりに肉を食べてみた。ヒカルの金で。
3xbfwpcpFA8 【お年玉】１円枚をブチ落とす
3zrJxIzwbGE 壁が全部振って飲むソーダーゼリーになるドッキリ
3zv0Q14Go_k ドッジボール日本代表𰚃億円の豪邸でボール鬼してみたwwwwww
4-Hxy4rk5cA 【ギネス記録】世񵓁長いレシートを作るためにレジを買いました。
43JiDPVS4_o 大きなお皿でカレー食ってみた
444DDrve-oY 【ガチ】この指億円がかかっています。
45mlt0hbqao 誰だ勝手にはじめしゃちょークイズ作ったのは！！！
47E-5r3Ayt4 ビーチボール𰓁個だけ本物のスイカドッキリ
48XKIa-VzOs 【華麗】トイレ部屋に宝Kgブチ込んでみた
48kS1O0AYsE 【恐怖映像】オレの後輩が本当に怖すぎる
4A7vN47Z3Lo 【激痛】iphoneから電流が流れるドッキリ
4CxNjWvRpIY 【驚異mの糸電話をやってみた。
4FZ0vu4M7YQ 接着剤で家のモノをくっつけまくったwwwww
4HpikRw3eGQ 楽し歳の誕生日のはずが、怖い事になってしまった。
4Q8LY6YoK7I 滑るスプレーで最高に滑る床作ってみた
4Qo1WS70HfE 【地獄】世界最大のあみだくじを作ろう！【デカはじヒカキン】
4RZkZsxjWdI 【検証個の紙ねんどで家は作れるのか？
4UiNgmNLUnM オレが最強すぎてバーベルをグニャグニャに曲げちまったwwwwwwwドッキリ
4UoyFoK7KA8 JANJAN焼きそば　ポテトチップス　コンソメWパンチ
4VGduNnt_ik 3億円の豪邸でひとりかくれんぼしたら広すぎて余裕だと思ったら…
4WUZuZwg_e0 If I Dress up as a Girl…
4X8NY5GDT7w パンダ味のグミ...？だと？  Panda`s gummy
4XaGRzfeVF4 はじめとトミックのゲームが出ましたwwwww
4c8pSrFywfk 宙に浮きながらピザを受け取ってみた
4e1Xm0ozXig サプリメントの中身の味が気になるんだけど。
4eIqigjTA6w 凶暴獣ダークゴリゴリウス
4fIHj2c8MI8 【恐怖】道でヤンキーに絡まれるドッキリ
4gEcZQwI7KA 原宿のおしゃれなカフェでかっこつけてきた𰀌ool boys
4t2rYiYrEdE 恐怖！ドキドキクラッシュ人体模型
4vrRhx8dah4 もうお菓子食べません
4xp7OtI69aM おくすり飲めたねでデスソースをノーダメージで飲める説
4zi61zf5-aU YouTuberたちで大冒険へ行ってみた。【スナックワールド】
5-BJykUU7uo 水でカップ麺作ってみた Noodle made from Water
52JkE8RO4LI Twitterで集めた電車であったヤバい話を映像化してみたwwwww
53OTkYvb9jo 【危険】電撃ラケットって触ったら痛いの？
55FEbRQdcmI 「も𰑡度働かせてください」
5APjqHEa38Y 【映画】ボクとTENGAの愛と友情の物語。
5AjL2pti_vM 玄関に自爆スイッチがあったら押す？押さない？
5E3_gmpks-c 【ポケモンGO】酔ったのでタマゴ割るぞぉ！！！
5GNuG-ddbRQ 階,000段は本当にやばいマジで
5IlrlYe_EN8 はじめしゃちょーの悲しかったコメントランキングベスト５
5LD-mCwCCRc 【実験】ベイブレードが無限に回転する装置を開発してしまった！多分
5MBRyRGcD38 ほうきバランス
5OkfyDn1LQs 初の沖縄が最高過ぎてテンションが上がるはじめしゃちょー【ゆるい】
5OxiGKHZwNE 一人でできるストレートパーマをしてみた!!　前編
5R68WBFvBhk 新発売!　Oh!じゃがりこ　マスタード味　わさび醤油味
5T2-66OiAxI 【質問コーナー】はじめしゃちょー図書館で倒れる。
5TZPUw7pcnA シルクを巨大な落とし穴に突き落とすドッキリ
5WZaET2YLp0 スーツケースが開かなくなりました。助けてください。
5Wfy217NbmQ はじめしゃちょーの質問コーナー（前編）
5Y0OJlT0lB4 オレが本気出した𰢑週間𰙷Kg痩せれたんだけど
5ZSrcwPK4t4 胸が痛すぎて救急で病院へ。どうした俺。
5_55aBxGLxc I made a Slime Bath!
5_bMaWsgygQ 人気No.1シャーペン。クルトガの最新作がすごい。
5eo8QF7TM3g はじめ社長の新しい名前　【後編】　I change my name
5g2jJz1OE_s 【検証】魚がいない場所で魚釣りしてたら誰か教えてくれるのか？
5gnIMretCW4 【危険】塩が弾になるショットガンが進化したらしいぞwww
5gx9QoPyhZE バンホーテン　白いココア　VANHOUTEN
5hxjDwX73zo 【心霊スポット】山の中の歩道橋　Japanese horror spot
5ilNPuT5plQ 【ダーツの旅】当たった場所に行ってきた。
5j5gZ-ViTHk 【鬼滅の刃】柱のみんなの刀がマジでかっこいい。
5lWp_6gN1VY フエラムネ超繋げて新たな楽器を作り美しい音色を奏でたい
5msr0k4MWco この髪色に発熱するレベルの最強のブリーチします。
5tPgoQN-er8 水中でクラッカー鳴らすと水がぶっ飛ぶ？！
5tfe1UsyUjg 寝てる人に突然ウルトラマン人形が話しかける
5uYTzPrHHi0 【閲覧注意】尿意𰤦時間がまんするとすごい事が起きるらしい
5wzajg3YiLU 【爆音万円の巨大な銅鑼を買ってしまった男。
5yjrhBqCYqA 30人同時PK？余裕で止めるわ people`s penalty shootout
6-2uUXcacBs 影分身の術を日常的に使えるようになりたい。
60f0pHr6CKM プリンキャッチ選手
63JM5Q-qPz4 利きコンビニピザまん
63SXgcrhy1Y すごい人数で「じゃあな」言ってみた Big See You
67RxunwTP_0 ボンドや接着剤をかたっぱしから混ぜて最強の接着剤を作る　Ultimate Bond
67d5yfYgyMM 【カオス】オレの夢の中のお話
67e-769JPaY 3񞝋組金八先生
68BqSi6a_Nw いびきがうるさいから鼻にじゃがりこを入れる
68gSpDi84Hw 生きてる?!筆箱　モンスターポーチ　MONSTER POUCH
6C5A73JAL2I 全身絆創膏で治癒力をMAXに上げたいな
6Dh9cJUra1A 水着！パニック！はじめ。ナイトプール行ってみた。
6GHUTjrnxSU ハッピーターンの粉だけ大量に摂取したい。
6JJXFtS23_g 人の家の前で日本刀を持ったクマさんがずっと待ってる動画
6KQY86ddvEo 【事故円ガチャやったらまさかのwwwww
6R6RxTkw8pQ コーラメントスならぬマーブルチョココーラがすごい？！
6RVOaSmyfvQ 【報告】新メンバーが入ります。
6S8pnWpZ4dk 綱渡り×トランポリン!!　前編　Slack Line
6Sih0NROjSw 突然カオナシに迫られるドッキリ
6T_ydAwWUvI If the man that his weight is too right go on the seesaw…
6VoNp9qxVAE はじめしゃちょースマホの中の動画まとめ】
6_lwvvBYZIQ ガチでやばい人形が家に届いたんだけど。
6eVDJyvVamI YouTuberのスマホのパスワードって絶対簡単じゃね？
6f5lusC24ac ハンドスピナ個を񣁱本で回す方法を思いつきました。
6fRbDcOluLc 実はフルーツ全部混ぜるとまずい説
6fvj49v-qXY この臭いは？！？！？！？！？！？！？！
6huKX343yV0 iPhone用のコントローラーってすごくない？
6l0IcTZ6cO0 オレは今強い！激辛スナック食える！！
6mVBR3CDT0k こ𰛫GMを使えばどんな動画でも面白くなる説。
6nf3okevwbw せいや秘書について
6olbE7cC_H0 ぼくm飛ぶ風船を作りたいんだ。
6pJ9a0H5Q4c 後輩が話す最初のひと言当てゲームwwwwwww
6tnk-XEBRLA 飲み会の様にデスソースを飲む人たち　super death sourse drinkers
6uyO0YkNnU8 【爆音】「よーい!ドン!」のあれで寝てる後輩をスタートダッシュさせる
6v6pFSXz9PA コーラが出る蛇口を作ってみた
6vWKQGT1WXQ 【衝撃】液体が虹色になるコップがすご過ぎる件。
6zPsAHScwK8 水をかけると何十倍にも膨らむ粉でお風呂作ってみた
70czNwoBznE 「きのこの山」の中身を「たけのこの里」に替えてもバレない説
74lejVewKgw ペヤングやきそば　和風焼き蕎麦
78egYmp81hA ちょっと無理過ぎてブチギレてます。
78xg_c_7aao 車の上でローション相撲してみた
78za4oXSMTk 心霊動画の謎の女の声を調査してもらったらガチだった。
79a1poo1D-Y オレの誕生日&バレンタインデー𰛡日
79eyZQbHxvI 【検証】バンジージャンプは何回やれば怖くなくなるの？
79guCIZlJDI 自分に車輪をつけて乗り物になれるのか？
7ALQ2N-UQcI 【うなぎの日】夜の公園でうなぎをむさぼる
7C69I-Y1Ow8 【検証】だるま落としってどれくらいの高さまでできるの？
7Mv_u-3MeH4 無料のフリー画像を集めてお話作ってみたwww
7RbS827Cuks 【心霊スポット】昔の処刑場？頭川トンネル Part1
7V3x01ogNkU 【ハリーポッター】家に大量のディメンターがいるドッキリ
7X7SuF77_WI オレ...札束のお風呂に入ってみたかったんだ...
7YW32xcErGE おしゃべり兵士ジェームズ　Soldier James
7aSctBgcasM シルク｢？｣はじめ｢？｣
7e5WMsrItmY はじめしゃちょーの質問コーナー（後編）
7fi9B_nLYR8 ※閲覧注意【心霊スポット】頭川トンネル Part2
7g2qKNPmqzI 【悲報】はじめしゃちょー屋上から落とされる
7kk0b6zP6PQ 【最強】スマホで写真を超広角で撮る方法
7lBy6tknsYs 後輩の卒業祝い万円(条件付き)
7miwrEPpOhg オレん家の近くの当たり付き自販機がマジで当たらない件。
7o_A4HBkW1M 【髪染め】ベビーレオというブリーチカラー!!!
7ocuKnPAHmQ テスト終わったから海行くわ　前編　Japanese sea
7qT9GylYdY8 【恐怖】カギをかけた車に人が乗ってるドッキリ
7tzjoKXPHKs 心霊スポット行ったら怪奇現象が起きまくった【半分ガチ】
7w6DpFLBwEQ プレミアムロールケーキ　ハーフ&ハーフ　LAWSON
80NXFqRrbX8 Tシャ枚着てみた  100 T-shirts
82jvkev4TBE 実はけっこうNG・未公開動画があってだな...
82vDKZ1a6LE KIRIN 小岩井　純粋洋なし
84BW6kVQH1k もうごはん食べません
84tNxVv1C0E 【永遠】ジェットコースターが止まらないドッキリwwwww
86_UI2nbCuY はじめしゃちょー年総集編
86bNh_wjpVQ 【心霊】このトンネルヤバイ。完全に聞こえました。
87QV0ThB7vo 【世界遺産】美しいビーチ!!　三保の松原 / Beautiful Japanese sea
89M42GEa4XM （多分）何でも作れる！マジック風船！
89cPWA6uHXY 【閲覧注意】コラーゲ000mg摂取してニキビを治そう
8C0mWaXHUwg 最強の頭皮マッサージ機作ったけど何か質問ある？
8CTD1z5K-Zk YouTuberの未来
8DEbyUcZJws モンスター全種類混ぜて飲むと○○○味になる？！
8F7YR5xawf4 パラノーマル・オランジーナビリティ　Horror movie
8HiiW5NCQms 𰄁人】ディズニーランド行くけどバレたら即帰宅
8JaIDj1QQoM 【速報】オレ氏。動񵎱本𰙱億回再生で世界ニュースに。
8KdcMmorfbw 【音量注意】はじめしゃちょーの怖い話「夜のトンネル」
8MbmA3awJ_8 【心霊】家にガチの霊能者呼んだんだけど、聞いたらヤバイ事になってた。
8NYDeA70dLc 卒業？留年？成績を発表します。
8NfnTXQj9mg ブレスケ𰨡,000粒で口臭予防しましょう。
8NxSZNOnjaI 究極のたまごかけごはんを作ってくれるマシーン
8O2rwnzGpg0 ハトシとオーキド博士のポケモンクイズ！ 全問正解できるかな？
8af-PTDx10I おやすみします。
8bKpdIAyxAM はじめの正月にマジでやらかした話
8dFFkyObl1A 24時間何も食べなければ、わんこそばヤバい量食える説。
8fx6SIAGOyA １万円の遊戯王カードを買ってしまいました。
8gQXI4mYmZo 新メンバーと今後についていろいろ話します。
8gX9cbCG5TY 全員はじめしゃちょーで「旅立ちの日に」歌ってみた
8huE9wusl94 【検証】歯医者で永遠に待たされたら人間はどうなるの？
8jAVGq9zFmA 異常に大きいペヤング見つけたんだけど...
8mC7qP9UtU8 発売前にマックシェイクのラムネ味を自分で作り飲む男。
8nVvUOuOZ10 【新作】全員はじめしゃちょーで「旅立ちの日に」歌ってみた。YTFF.ver
8nun36sNUEI 【天才】平成フラミンゴ𰓂人ともオレを大好きになる方法を思いつきました。
8pdFFmUOOtk 目隠しでコンビニ買い物してたら奇跡が起こったwwwwww
8poPTELoDAQ ガチのシンバルで寝起きドゥワーンドッキリ
8ppMEWZTXAg 動画𰛡番上のコメントは何じゃろなゲーム【後編】
8psAwJNw-4g 【将棋】全部「飛車」　vs　全部「角行」
8qjmYH9TWmw 【牛首村】心霊スポットで怪奇現象が起きた...
8t1HddMC5TQ さけるグm？余裕で食べますよ。
8tgTODqnOQ4 全身短冊だと周りの人は願い事を書いてくれるのか？
8tk-a1o38GE はじめ、ダンテにブレフロ教えてみた
8wHpfRZtAEo なんとなく素振回
8xoYviyzoo0 あんさぁ〜、オレさぁ〜、悩みあるんだわぁ〜【アプリ紹介】
8zQEKLHau6M 【悲報】血液検査したら結果がよろしくなかった。
9-83Kncmmb0 キットカット　ピーナッツ味　KitKat　Peanut butter
93KMy85hhXc 【検証】大食いYouTuber VS オレと業務用調理器。どっちが早いの？
95_aMkxa3kw 【検証】ラーメンがめちゃくちゃ長𰑁本の麺だったら気づくの？
95wGAiGAHaA ペヤングやきそば　激辛カレー味
96k9J_sqhjw 【料理】シュレッダーでパスタ作ってみたwww
97p6mR0mz84 全員金髪ヤンキーで心霊スポット行ってみた
9B45Pgz4KtY 【時間のムダ】遠距離からマッチ棒を点火しようとした結果...
9D3UuBP-gu0 【実験】壊れないコップはなんとかして壊せるのか？
9E8uPpXFtp0 おい加藤浩次。YouTuberってのを教えてやるよ。
9G9ZiU0yED0 生きる恐竜ロボット PLEO
9HKIgMKuy8s 【危険】ペヤングにスカル𰵽かけて食べたら誰か止めてくれるのか？【ドッキリ】
9HbYx-mn68c GALAXY S5 ギャラクシーS5 SAMSUNG
9K1lbfXr-Ak 紙コップ𰙲mを超えるピラミッドを作りたいんだけれども
9KTJrLbcj-U 家に来てほしくないから看板作りました。
9LMmHTDUsTk VR𰙺V鑑賞中に両親が隣にいる𰚁番恥ずかしい説wwwww
9RifAUz1Cv4 【破産】いろんなYouTuber𰚱億円掴み取りさせたみた
9SPYJMxFm8o 【限界】ぼくってブルーベリーって何粒食えるの？
9Vg166LjITk 大量のカロリーメイトでジェンガしてみたlorieMate Jenga
9WcKas9J5UI 突然家の中で苦しみ倒れるドッキリ
9ZRQDlzBPww 青ベーガム個食べたら口の中はどうなるの？
9_XHw_1OTtE 金庫の中でロケット花発ブッ放すと何が起きるの？
9al9X6JUqhA また抜かれました。日񧋃位です。
9dMxQKN5qm4 最先端の食玩が無限に合体できるぞwwwww
9iWoggOnfsw センター試験　失敗者がアドバイス
9jjoUipB-Ww 一眼レフクラッシャー
9kOwbYtYLoo 新居万円使って改造してもろたwwwwwwww
9lGa3lmhwSo はじめしゃちょー怒ってみた 　I`m angry
9lNcFPbrxFw イルミネーショ𰼳,000粒を１つの塊にしたらキレイになるのか？！
9mN68bBELVk 大量の洗濯バサミで浮こうと思う。
9oR7p6Q3C-8 【実験】スタディサプリで本当に学力は上がるのか？
9pkEFYsHX1E 変形するルービックキューブがすごい！けど戻せない
9rJ9htoWCTg ハンバーガ𰿁年分当たったけれど I`ve got 365 hamburgers
9sFqqISxYn0 お菓子のアタリを必ず当てられる方法があるってマジ？
9tNKd3u7of4 【検証】騒音で音の限界を超えられるのか....?
9ulv-tX9O-s コムドットと心霊スポット行ったらヤンキー達に道を塞がれた。
9vevs3t0Hk0 弟に本気でYouTuberにならないか最後に聞きます。
9w5kOyMMq34 【怪奇現象】座敷わらしがいる部屋𰚱人で泊まってみた
A1USTQbDOb4 【レペゼン地球𰄝J社長VSはじめしゃちょー
A2UK9dKGDGs あれ？この方法なら泳げるようになるんじゃね？
A4vQ5T4nSqw 利きじゃがりこ？余裕だろ。
A5OC61g0p6c もう肉を食べません。
A6sSHd3mHoM Let's Try Carbonating All Kinds of Drinks!
AA9v2ty5hZk 【検証】はじめが変装してイベントに行ったらバレるのか？
ABrrfuS-2fQ What if the classroom you were hiding in the locker was a women's changing room?
ACvNddHJhmA 【検証】ペットは部屋に誰もいない時何をしているのか？
AFrXJF6YX1s 【悲報】はじめしゃちょーついにもやしになる。
AHGOX4TG-ko 長いじゃがりこ!!　Lサイズ
AL6EMoKkp_U はじめしゃちょ歳。マンガにハマる。
ANRZrYG6y_s 侵略者　マホ・トーン　Invader Maho Tone
ANRnm2XQaVA アルティメットエア卓球(ボール有)
APTmWC1iqOc 【グロ注意】ヤバイ。オレの肌が大変な事になってる。
AQeSIZTGXCE 【検証】タクシーで日本横断したら何円かかるの？
AR-hYa0Y718 前から来た知らない人と避ける方向が被り続けるドッキリwwwww
AUKEbk0E3J4 プロのラッパーに教わったのでMCバトルやってみた
AW62yO9UtxI 怪しい廃墟に潜入したら大変な事に…
AXlt_NLKTs8 サイレントはじめの部屋
AY2peL9zUQ4 オレ𰀡ヶ月で何キロ体重痩せたのか？
AZfpfUJdtoA 【検証】調味料全部混ぜたら美味しいのか？
A_37IJVSRfM 100本本が最強の電撃ビリビリペンです。
A_R916FEheY エヴァンゲリオンが家の前に立っていたら...？
AaxCI8jOy8U ガムテープで滑り台を作りましょう
AcBXUQWKVxg 光輝くゴールデンヘアー Golden hair Hajime
AcEmKWk-iEI 【激怒】久しぶりにキレたわ。流石におかしいだろ。
AcLkrNN35Go 駅にすごい人たちがいたwwwwwwww
AffWPzHnanE キャベツとレタスの違いが本当に分かりません。
AhK6bYZf1-Y 新年だよ!!!やきそば集合!!!　Japanese noodle
AhkVpcljgVE マッチ本をまとめて燃やすとどうなるの？
AiXX5IeDizs If I left my friend for 10 years while play the hide and seek
Ajy9vo8l_Xo はじめしゃちょーの英語教室 Hajime`s English School
Am8xxoza2bU 自宅侵入者人の兵隊で撃退します。
AmbGawIGD6c 透明な巨大テント作ったらデカすぎて屋上が埋まった。
AnLkPnNg_oY この変な髪型をかっこよくすることはできるのか？
Arq4s1u7n0M YouTuber殺人事件 後編  【ハーロックホームズ】
Ashn31QmSJY 最近のYouTubeについて色々言わせていただきます
AtyEJ9UdBFg お前のせいで車のフロントガラスが割れたんだけドッキリ
Axgi1iHQ8rM Can we play basketball with frog ? カエルとバスケット
Ay4BqUSiepk はじめしゃちょーの今後の活動に関して。
AzIFvofJCq0 はじめしゃちょー𰛡番面白い動画ってどれなん？
B0GLTMa3r_w はじめしゃちょーの部屋いっぱいの質問コーナー
B2mMoE4DKNY これだけ大量のブロックがあればすごい作品が作れる気がする。
B3uFCg80b5M 遊戯王カー,000枚全部売ってみた
B4I3aq_fpkQ 【キモい】アゴがしゃくれた動物フィギュ𰨣
B6796AkIVBE Theory that can be made transparent if everything is green
B6dk4oPzbFI 「牛丼」を超えた牛丼が出たらしい。
B9GRQ6ZZuKI 俺のTwitterのアイコンを募集した結果wwwwwww
B9Jjod6EixQ 【検証】たまねぎ見𰙡リットル泣くのに何時間かかるの？
BAfq0pgyDsQ 大量の鏡の反射で太陽𰤡点に集中させ地獄の業火で焼肉をする！(予定)
BBaUGKegt6E 【はじめ流】受験勉強を頑張れた方法
BBv4-wQtGOc Sleeping Alien Prank
BCMtHHg2EiI はじめしゃちょーの新しが決まりました。
BCYzGNBj_LA 墨汁で風呂作ってみた　I made a black bath room
BE2sy7wUTVk 【バスケ】VSコムドット！はじめしゃちょープレイ集
BF7hXg7vS0k 今のシャーペン界についてワシが語る
BFnn6E0vB24 【ホラー𰄝IE CHAN　前編
BHDgQ_pjcAw 髪の毛を一瞬で乾かす装置を作りました。
BI68wE-2UpI YouTubeテーマソング 大学生.ver
BIOXbrrAyIQ 部屋でローションサッカーしてみた
BKy5N0uVN50 小型バイクで日本横断の旅　part2【山梨〜長野】
BMOVDf7DOtQ 部屋を大量のエアソファで埋めればどこでも飛び込めるやんけ
BNTvdrIJlAM 【The first ever】The moment of HIKAKIN to fall into the pit
BQSf3lphyus トミックさんがある言葉を言うまで終われない動񵎲
BTlmbIzMtgo 【検証】このボートでどれくらい海の奥まで行けるの？
BU4tbdSoWeQ はじめの真面目相談コーナー
BUAug0bLYeM Celebrating My Junior's Birthday With As Many People As Possible
BVKhVXE6C1E 【実験】超巨大空気砲作ってみた
BVuerwgJvgI [ Part 1 ] ラミレス現る！パワプロ選手VSプロ野球選手 : Google Play Game Week
B_Xtr7hWyoI はじめ、宇宙飛行士になる！
B_djwXoPmwM 【実写】本当に宙を舞う男𰀏lying man
BaxqZRghUXQ 全򕝲mの巨大白ヘビが部屋にいるドッキリ
BdtwUzs0ok4 誕生日年以上推しのこじはるが部屋にいるドッキリwwwww
BdvnH7W7qns パピコのバニラフローズン味は○○の味や!
BgbW58IU-ME 危険と言われている地図にない場所行ってみた
BghjIggp9Ok 【実況付き】アナウンサーとニュースっぽく心霊スポット行ったら怖くない説wwwww
BhI2Oum7JG4 強靭なS字フックは本当に強靭なのか
Bp7mDr1Uhnk ペヤングやきそば ポテトやきそば味 Yakisoba
BqHdv7Pqg2k お菓種類当てゲームしたら味覚が大変なことになりました
Bv-mINqYDRw 【実験】延長コードはどれだけ延長できるのか？
Bw2iCKNLrQA 今さら人に聞けない人を驚かの方法 【基礎編】
Bwixdltmt4Q 【ポケカ】私の高級カード全部売ります。
ByWWp8ECJ14 アイスの持ち手のコーン無限に食える説
C-GI6jdEcWY サウナルームで地獄の生き残りバトル【水.vs.ICEBOX】
C0bPXjiW0HA 誰もが知ってるあのシャーペン𰃍r.grip」がついに進化したぞ！！！！
C0xNpXq3F_Q 【恐怖】大家さんが普通に家にいるドッキリ
C3NQ5nKx2nI 髪の毛𰤧色虹色レインボーにしてみた𰀌olorful hair color
C3uSuhekTs8 本当に怖いスマホ依存症あるある
C4TPFod-Zw4 【検証】寝てる状態から瞬時に計算に答えます。
C5AXBIxvA80 激ウマ!!　ローソンのフレンチトースト
C5mo3VtshFw 成人式行ってきました!𰀌oming-of-age ceremony
C6FLdDK8Wwk レーザー付き空気砲が強すぎた件。
C7X0_rAUyOs 【検証】外で巨大な銅羅を全力でブッ叩いたら何mまで聞こえるの？
C7lDjRMNJDc 家にあった服着売ってみた結果...
CA3Smf01k0I スマホを電子レンジでチンしたら燃えた　My phone is on fire microwave
CBapGaG_-Sc 【次世代】最新型のスマートグラスがすごいよぉ〜！
CCUBd7kmYGM 外国絶叫マシーンにはもう乗りとうない( ˘ω˘ )
CHvvdDtGw_4 魔物を結界呪術により封印
CMgxHm7JZmE また現れた！世界一不味いグミ　カッチェス　Katjes
CNf7iuMwP44 霊の出るトンネル　Japanese Horror place
CO_coXadpcU 【検証】音を小さくできる「これ」ならどんな音でも小さくできるのか？
CQXuoUm1LkY 今日警察に捕まったんだけど何か質問ある？
CRv7CIPU8iw 土に埋まるオレを助けてくれる人はいるのか
CTUok98K2-0 商品紹介される側の気持ち
CTiPTVehckE ガチの事故物件𰙱日生活してみたら何か起こるの？
CVH5c1VkBS4 高校で英語𰓁位だったオレの力を見ろや　I was the top of English test
CWJLOcPzySk 妖怪かぼちゃ人間、また現る！
CY1tzebNv04 JKの髪の匂いを嗅ぎたいあなたへ
CY3KFkFaxGU 【学生の夢】学校にヘリで通学したら本当に早いの？
CYPd0cwQIgo 【大迷惑】家の前で叫ぶ人がいるのでキレちゃった。
CZnBDaeZJ2A 車の中が全部お菓子で埋まってるドッキリ
C_M5J7EXhOE 次世代。アクションロケットスケート ACTON R Rocketskates
C_bOk269jws 新しいクルトガ!　ラバーグリップ付き　KURUTOGA uni
C_xwk3h_56g オレが女装したらこうなる...【セクシー編】
CgJ4z4jIreU 【シャーペン】フレフレスプリンター　PILOT
ClOJJl-D_ds ニンテンドSとニンテンドSの気持ち
CmFMH1f44_Q 水素ロケットを飛ばしてみた結果...
CoOuWY5S-8A 巨大ダンボールがあるとしたくなるドッキリ
CohHLCzajR4 風呂場の上から急にコナンの犯人が襲ってくるドッキリ
Cpb768daMGo YouTuberのスマホの中の動画ってどんな感じなの？
Cq_7bcQI1Q8 I tried to follow the Secret Cola Recipe [Dr. Stone]
CrQS3hyXXk4 【キモい】アゴがしゃくれた動物フィギュア
CrsD-wUIae4 AirPods Proでイヤホンガンガン伝言ゲームしたら最強難易度だったwwwww
CsRT2ghDz38 【ガチ万円もらったんだけどどうしよう。
CtZZt8ao_Jk ヒカキンさん家で卵投げてみた
Cwqd4NZv0v8 【七変化】サッカーの試合会場でバレずにいれるのか？
CyqBOI8uFqI 洗髪獣ビダル・サ・スーン
D-HKv01HSL0 カイ個で自宅サウナ作ってみた
D1fV-g27rQM YouTuber抜き打ち学力テスト！
D1gEA_Vz6bU パズドラの中のお仕事を勝手に想像してみた
D3RYcJ7FMC8 【遊戯王,000枚のカードの中か𰢑枚のカードを見つけます。
D890Ld9LZZg はじめしゃちょーのママ。ついに現る！
D8RTwoW-bMQ ハンドスピナ個タダで配ってみた
D8ceC8kuK2Y 23歳の私が本気で雪だるま作ってやんよ！
D9MXKNzw13Y 噂の「クソリプかるた」やってみたwwwww
DAElFchaBFU 【製図用最強説】グラフギ GRAPHGEAR 1000 ぺんてる
DAh7990xXPQ 巨大ジェンガで階段を作ってみた
DBwClDzNylo 風船で宙に浮いてみた。　 はじめしゃちょー＆ヒカキンで妖怪ウォッチ ぷにぷに : Google Play GAME WEEK
DCdYqvZ13lg 利きバニラアイス
DFiT7R5OfTs 梅干し×マヨネーズ=ホットドッグらしい...
DGJ9GHIxWCQ 合唱コンクールあるある
DGc50PWZZT0 3000円ガチャ発見！PS5当たるまで回したらヤバい金額にwwwwww
DINPUr2Tgkc I keep surprising a friends of mine.
DLFJEiPdPek ワイングラスを置きまくったベッドに飛び込んでみたwwwww
DOHR9h-k71k 【検証】デスノート使って誰にもバレずに何人殺せるの？
DPXIGesrKdI オレ様は最強の知恵の輪を何秒で解けるのか？
DQOC-75bOEo 大学生らしい茶髪にするライブ
DQthoBzmKR8 フリーハグっぽくタダで延長コード配ってみた
DR_LPzYJEHA If I try to do Mentos coke in the big balloon…
DT2X4laMviM ピッチングマシーンでパイ投げしてみた
DTt0eoR0v8w 【バスケ】俺の良い所だけで動画にしてみたwww
DUyfG_PhQbg 小豆回し講񞩽VD ～入門編～　［ペン回しで挫折したあなたへ］
DVHielYxal4 ,000lm】世񵓁明るいライトを鏡の部屋で使ってみた
DWi0WKQc6VM 【危険】大量のシャボン玉製造マシーンを一気に発射したら。。。
Dbik-wbiZGQ 大量のヘビドッキリ　Snake prank
DdNV6mviCak 超デカい巨大ヤンヤンつけボー作ってみた
DenBwKvJl-k 4年ぶりにUUUM初期メンバーQしてみた！
Dfr1TbSrMYY 50万円のビデオカメラを買ってみたら画質良いヤバい。
DiENXoDMXdc 全てをカラムーチョにする魔法の粉！カラムーチョパウダー！
DiMnfKZUmfE 【爆速】高速ドリルシューターでベイブレードを回す！
DmWHFb6Vsq4 【閲覧注意】絶対ゲロが出る液体でスライム作ってみた
DsljS3ZiA0Q Drinking Inflation Juice to My Limit
Dw0srYiUwe8 【売り切れ続出】ダンゴムシのガチャガチャがデカ過ぎるwwwww
DznZVtWn9AY 部屋にエイリアンが３連続で現れるドッキリwwwwwww
E1gb1xxVZCo 怒り狂う川の神「アカ・ギャラ・ド・シルク」
E4_Bm5Koli4 俺たちで「君の名は。」やってみたらこうなった
E6JCQ74OV2Q 【衝撃】チクチクの栗分間振り続けたらどうなるの？
EEYxMCdc6Qo 水入りのプールにカラーボー,000個入れたら水面見えなくなった
EF2WYbyFv5Y 風邪ひいたからデス・スナックでも食べようかな
EFARxSCBTV0 重大なご報告。
EG-p341w5jU 【映画】もしヒカキンボックスが生き物だったら
EGsdqxpAblQ 【大量】ペヤングやきそばKg食う！
EH0kRT-ch_I 本気で自撮り盛ってみた。
EI7E2-ZX5-E ダンボールで超巨大ロボット作ってみた
ELNCRFMw0Y8 母ちゃんか𰢕色のラーメンが届いた
EMIjQCnLzss オレの効果音を全部ロボットにすればカッコよくね？！
EMlPjK0wEes 物凄いジャンプをするロボット...
EMv_oaSIJk0 【全員必見】炎上に詳しくなるアプリがあるらしいぞwwwwww
EOfmt2hAmLk はじめしゃちょー前髪どうしたの？
ER5pey1VWow 布団に入ったまま移動できるようにしてみた
ETOMB8cssGM ニベア風呂と今後について
EYm3NiOI7nw このベイブレード絶対負けないんじゃね？
Eaw_gDVuhyE 【実験】スライムに石になるスプレーをかけたらどうなるの?
EbJakZL2OB4 ホントに体力の限界だけど人を笑わせられるのか？
EgvGMtVnrPg 10,000,000円募金しました。
EiJjykdg6C4 掃除機で耳の穴クリーンバキュームマシーンを作ってみた
EjFZ3_FAyek 実写版　遊戯王デュエルモンスターズ
EjPDjEdx280 素人が勢いで料理を作ってみた
EkVyWebD7gk 【危険】フライパン大会 2015
EoDbaS_Yxr4 オレ流。友達がいなくても大学デビューする方法。
Et1XUckntaE 次に住む場所が決まりました。
EubPPDBah6o 細い！折れない󿀐.2シャーペン　オレンズ
EurAE0LWegc 【サッカー】リフティン回?余裕だろ Pro footballer
EwMvp0zu2GQ UHA味覚糖　シゲキックス　グミガーム
Ew_-LeRE30Q 日本人はSiriに「ガール」と言っても通じないっぽい
EzAMPmpwDeM 巨大なトントン相撲してみた
F-XqCGEgYGQ テスト終わったから海行くわ 後編　Japanese sea
F0u0Hh7zt9o 【激ウマ𰄖Pチーズ炊き込みごはん𰓁番おいしいです。
F16-2BDJQRc 家の中が青鬼だらけだぁぁぁぁぁぁぁぁぁぁぁぁ
F24O3vkhx3Y デキる男はグノシーで世の中を知るんだぜ
F25B7x5iaX4 100万円のフィギュアを買いました。大きくて家に入りませんでした。
F3lUhni3U3Q テンション低いはじめだけど何か質問ある？
F5PqsbiO1qY 伝説のスナイパーはじめ　Professional Sniper
F6rbMzi8mY8 倍】巨大ねずみ捕りがガチで危険過ぎる...いろいろ破壊してみよう！
F94llmjUHAc このお菓子食えば必ず起きると思うんだが。
F9tF8SZhnyE 【速報】はじめ、大量の町のシャッターに何か描きまくる
FCBrMLKmw2g 【大号泣】映画館を貸し切って観たい映画があるんです。
FEcI4l-l-mw わたがしで筋斗雲作ってみた
FGGf0zlBftY 大量のガムシロップでわんこそば体験
FHTEpPAXPfI 動きたくないから割り膳で巨大マジックハンド作った
FHWiS1wgm84 【実写版】鋼の錬金術師〜人々をつなぐ等価交換〜
FJ8yVNpUReI 今の私に？キング牛丼？余裕。
FJiIREOyX2E 恋愛ゲームっぽいけど何か質問ある？ 【しめきりました】
FJtoIvzcfhA 【悲報】はじめしゃちょー完全に飽きる。。。
FKBxBjoi6Mc You can cook a lot of non-toxic smoke in your body, right?
FLVDXMs0sb0 帰ったらあの人形が壊れてた。霊能者に相談します。
FNnW4-6o3iQ 3億円の家に勝手にこんな物が送られてきました。代引きでな。許せない。
FPFabCzkq5s BAAAAAAAAAAAAAAAAAALL
FR8iILfbZgo 超巨大テント買ったのでソロキャンプ行くよ！【ゆるキャン△】
FTT65_f-H5c 3億円の豪邸に住めません。助けてください。
FWr1WzTpha0 【デジモンと生活年ぶりの新デジヴァイス
FXvPJ54s-lc はじめしゃちょー、マッチングアプリ使います。
FY4y2UEmMBI ボクシング経験者は寝てる時に突然試合スタートしたらすぐ気づくの？
FYGK1MZhdnc 自転車のチェーンにローションを塗って乗ろうではないか
FYaQkTCPETc カルピスソーダ　冬の深味　［語り多］
FZGZt3w0Hws 半年かけてブーメラ0回練習した男。
FZYuPGkeAzw 激辛ペヤングおたすけマヨネーズだと...？
F_2swvePlDM 絶対に笑ってしまうLINEスタンプ見つけたwwwwwww
FdwcVz_ysjI 【検証】亀田興毅にバレず何粒柿ピー食べれるの？【那須川天心vs亀田興毅】
FeXnHdub2no クマのぬいぐるみがピザの注文を受け取ってみた。
Fhvc8vf9HzY 【遊戯王】ライフポイン万でデュエルしたらいつ終わるの？
FkBUDc0Ssk0 有名メイド喫茶に行ってきた　［ハートオブハーツ］
Fmhjbmf03Ig 夏だ！巨大スイカでも食べようかな！
FnHb0-fOnT8 【動画の裏側】実は悩み事があります。
FnxMMULqOWQ 英語禁止で英会話教室
FogkEX42Dnw Ep 8 Re: Debut | The Fake Show
FpRTH0uBoL8 カップラーメン全部混ぜて世界最強のラーメンを作る！
FqYL0HoaMlA 酔った勢いで斎藤さんしたらすごかったwww
Fr9CCLJ5utQ 大好きなアイドルが実は家にいるドッキリ
Fu-_ihoh03c BIGチョコ？オレがもっ𰚋IGにしてやるぜ！
Fu0-KPC1txA 実家に帰りました!!
FuM5NBwVaow 滑舌が最強に悪すぎる男vsはじめしゃちょー
FugwJVOk408 はじめ、引っ越します！さよなら！
FxEr-9S7WH0 ジョイント式のフラフープを繋げて巨大フラフープを作る！
FxtJh7hO9Rc もしオレが江戸時代にいたらこんな感じだと思う。
FzGw6xgau6g 3年間アメリカに留学します。
FzLIiUaAw4M 【遊戯王】モンスターが実体化するデュエル
G06gCDESJzk 【実験】たこあげの限界の高さを調べたら結構すごいことになった
G4Jj0nvc4JM バレずにレッドカーペットでからあげ食べたい
G5iw0kKiAsw 【頂上決戦】ビートボックスバトル　ヒカキン vs はじめ
G7h1LXA0nL0 【まさかの】部屋に大量のiTunesカードがあったら勝手に使われるのか？
G8_qBtGbYGA 【遊戯王】はじめ内　死す。
G8t1LfDSS_8 【ルームツアー𰄓億円の豪邸の中ってどうなってるの？
G944LLsjYhA めちゃくちゃでかいハリセンを作ってみた　前編
GDmxSYNVmfU ピア個顏につけた時の後輩の反応は？
GE03qahqkCc 会話中に「インフルエンサー」の歌詞をバレずにどこまで言えるのか？【乃木】
GEVaRUDCa88 コンビニを嗅覚だけを使って当てます。
GGq4178EeCQ ヨギボ万円分買って部屋に全部置いてみた結果wwwww
GHyEnewBh9g もし人間がスマホの中に入ったら
GJfX88kwehU はじめしゃちょー𰛡人で北海道いけるもん
GN6IF-DsiZU 最強の酒ストロングゼロでふわトロかき氷作ってみた
GNp9Yq-OQyk 収録までさせて勝手𰚽r.STONEの世界にオレがいる話作ってみた
GResIqdtuKw 魔除けの仮面
GS54zF8Y4Xk 雨水でみそ汁作ってみた　Natural Miso Soup
GW0evBeTFeM 【事件】はじめしゃちょーの家にヤバイ人が襲撃。
GWdyFnYeNAY 【暖房】デブをたくさん部屋に入れたら寒くないんじゃね？！
GWeFo7VDdTU 【キモい】アゴがしゃくれた動物フィギュ𰨢
GWjNsaec-vU このオレより早く寝起きキング牛丼食べれる人類いる？？
GX0Gfxw7-PU 無重力空間ならなわとび永遠にできるんじゃ？！？！
GXC0ix9uL7w 【がんばれ受験生】オレの勉񟍵つのポイント
GYMT4l9NvJY 進研ゼミのよくあるマンガを全部オレで動画化してみた。
GYk-L9Yib2I 【バスケ𰄑on1 はじめvs早朝シューティング部部長JUNJUN
GYzfJFTBmws 大量のサンドバッグを合体させ、最強のサンドバッグ作る！
G_7qevk7USY 新チャンネルスタート!!
G_oQoXHeSJ8 【大流行】流しそうめんならぬ、流しメイプルシロップしてみた。
G_x0b-6uMlc 𰄈Kg】コストコに巨大過ぎるチョコエッグ売ってたんだがwwwww
Gbr_5vNfudk 食パンくわえた美少女JKと曲がり角でぶつかったら恋に落ちるの？
Gc2ecQHoafI 【料理】マンゴラッシーってそんな簡単に作れるの？！余裕じゃん！
Gc6eu-s4PLk 彼らはそれをMIKADOと呼ぶ。
GdHH8daiXnA 卵は手で握っても割れないらしい
Ggwcv0bcI20 SPをつけてクリスマスの街を歩いてみた
GhAhRMqRB_g オレの家の階段を滝にしてみた
GhGcCPdJzEE コメント欄の人たちを全力で応援してみた
GjOvPxuvXGY 【シャーペン】MONO graph　モノグラフ
GjRRFVuUad8 バイクで海沿いを走りながら　夏を振り返る
GosavK3kPow 【新競技】シャトルランに合わせて食い続ける。シャトルイート
GqHhFnpqHao 【閲覧注意】水中で巨大化するフィギュア񐂱ヶ月風呂で放置した結果？！
GtWW6dpdTlY Ep 2 Quitting YouTube | The Fake Show
GtlGEZl4YxM はじめ社長、名前変えます!!!　I change my name.
Gu7j9NCjH9o アニメが好きな人ちょっと来なさい
GwOY3b0HTZk ペヤングにコーンスープを入れると美味しい？ウソだろ？
Gy0vP0LXGdw めちゃくちゃ風が強い中でスポーツするとどうなるの？
GzQ0fdR3Y3I チョコエッグ頭突きで割ってみた　Head-butting kinder chocolate
H1bkgmZIXS0 金髪に染めた!!部分的に!! Golden hair Hajime
H3ft-CE2QDM ビックリマン伝򊫅一発目でヘッド当てます。
H4Iec-rpQHM 2020年𰛱年間○○します。
H5hkp6af7PE 鏡の前に立ってたら落ちた
H5jz6vUDZg8 【大爆発】走っていると突然ダイナマイト爆発ドッキリwwwww
H5osHdMvaP8 ちょっと忙しいはじめだけど何か質問ある？
H6mPB2ohU6M チョコエッグフェイク𰀌hocolate Egg Fake
HAl0va6mY7o 右か左か？選んだものをミキサーで混ぜて飲んでみた結果www
HCBzystDA_0 【心霊スポット】この電話ボックスマジでおかしい。近づいたら色々起き過ぎ。
HCUvM5710jY はじめしゃちょーチャンネル登録 万人いくまで生配信！！！
HCWQYK1CsGU 2016年のはじめしゃちょーは。。。
HDU4PGBYD1U Ep 10 Dream | The Fake Show
HEqxZJiMs6s 【迷惑】人の車の上に大量の鳥のフン！！！
HFBG1ZFrCuk 【閲覧注意】ぼく！世񵓁不味いジャムをたくさん食べたい！
HGMqHWxPPqI 世界のくしゃみ連続記録を打ち破る挑戦
HHGKFD2Zv_c 心霊スポットどうでしょう【白倉トンネル】　part2
HK3g0hh3wa0 【爆滑】長距離ローションで最高に滑りたい。
HKiC4X-OSf0 񧂇日まで】一緒に動画作りませんか ...(*´∀`*)
HLHcGphGPjA 3億円の豪邸に来たの𰚴階からスーパーボー0個降ってくるドッキリwwwww
HO_Xbcqlx5k 車本のローソクで燃え盛るドッキリ
HOyj-tGgxkE 恋が叶う?!　ピュレグミ　運命の恋味　Pure gummy
HR85TEVBrmw はじめんの恋愛番組始まります。【峯岸みなみを深掘り？】
HRUDH2U-or0 はじめしゃちょー、あの超有名アニメでまさかの声優デビュー。
HRhCDl8WnXc 【検証】男子高校生なら胸の膨らみにすぐ気づける説
HRliWvVDveM 銀の再生ボタンが銅の再生ボタンになるドッキリ Silver Play Button change bronze Silver Button
HS8QsYuFsM0 無限に浮いて割れないシャボン玉を考えたんだけど。(できるとは言っていない)
HSj8ORdUj7s 突っ張り棒でポールダンスしてみた
HT3_pCE23LM 【心霊】ひとりかくれんぼしようとしたら緊急事態に...
HT4Mp5UTLR8 アタリ出るまで確率機やったら衝撃の事態にwwww
HUiLjueXBpM 【マイクラ】村人を爆破させたら。。。：Google Play GAME WEEK
HUwVuOUjdWc 遊園地に行ったらめっちゃ追いかけられるドッキリ
HY-ugL1ZOuc ガイコツが家にやってきたwwwwwwww
HaZR3VuM7to 【検証】自転車のサドルをすり替えられたら気づくのか？
Hb5QvuEXTT8 このカードがあればあの人ともキスできます
HbwJSzw7qJc はじめしゃちょ年総集編
HccxzmduCbI 𰄁億円？！】USJ貸し切ってみたwwwww
Hdwfd2DWTJI 【母の日】感謝を込めて...
HezElysrcrM 【鼻うがい】ハナノアができないんだけど
HgZ8IIuwH0k 部屋の照明を変えました!　I changed room light !
Hh5b47Dtxok 隣の人のネックレスがだんだん増えてくドッキリwwwww
HhLD7nUQHmY 本物のガチャガチャを買ったので玄関に置くことにします。
Hk3puqKAQaQ ヒカキンさんのペッパー君盗んでみた
HkZgHGUN2_E 大量のアルミホイルを固めてアイアンソードを作る　前編
HmRyti5IVvk こ𰣁万円超えるロボットなんだぜ？
HnwyrgWGrBg 【余裕】反復横跳0回くらいなら出来そう。
I-cLjo4FywQ なんとなく買った手が想像以上に恐怖【ドッキリ】
I-uFl0QSQ3A 空を飛んでみた
I00T7AY6TNg 石川県の兼六園に行ってみた(･ε･)　Kenrokuen
I1Z-B0-cbQc 【激安】ドンキ円で物が売っていたので全部買いました。
I24r7-6XxP0 オラ！１人で野球がしたい！！！
I2BDmBiGOP8 47都道府県の味のポテチを全部混ぜると何味になるの？
I2MtqlYuvbE 部屋で卓球したい
I2gtERMRoWI 【プロ】大人が家を全部使ってかくれんぼしてみた
I2ozNwQLcZI なあみんな、ゲーミングチェアって知ってる？
I5rMhjj0jqo スタバの飲み物全部ブチ込んで混ぜたドリンクがこちらwwwwww
I8Bkld_m32I 100メートルのグミ作ってみた!!!!
I8UMNUDOJUk YouTube クリエイターがマインクラフトで初の 4 人協力プレイ。  Part4 【 Game Week with Google Play 】
I96yQ5gL5Ho 【国際的】いろんな国の人にスイカ割りの指示を頼んだ結果wwwwwwww
I9WWDiGeGdg そろそろ自分の金の像が欲しくなったので作りました
IAvqA2KMWbU 大量の食品サンプルの中に本物があっても分からんやろwwwwww
IB3AEksngxI 握手会！みんなに会える！
IFT_7-St8-4 無限分身
IFW6dtveJ5E 久しぶりにお母さんに会いました。
IITVbN9zAyU 巨大ムカデドッキリ
IN2WUlgnoa0 フォーエイトはエイトフォーで捕まえられるの？
IO8bF_wH-cM 家の中で雲を発生させるにはこの方法しかない！！！！
IOiod9UOTxM オレが勝手に選んだ最強の橋【新湊大橋】中に入れる橋!!!𰀋Ig bridge
ISF6IQVEgjE はじめ、遊戯王の世界大会予選でまさかの反則負け
ISgycs5TopI 音に反応してモノを持ってきてくれるロボット（だと思ってた）
IWI1C-ol0Rc 【破産】UUUMから静岡の家までタクシーで帰ってみた
IWazKIEPnNc 【恐怖】パラノーマル・グリーンスムージビリティ
IbrDIQA9Xgw もう無理
IcjuNNhVoeQ はじめしゃちょーの寝てる時の特技がすごいんです。
IeXFobJ1-AA 腕にブレスレッ個つけておしゃれになりてえ
IhbnHvXLexQ 【必見】日񧋁のYouTuberが教える動画の作り方講座
Iirr5VrchVI 実家の部屋紹介
In42o5oQEI4 重񒦲倍の状態を作り出してみた。
IntZbNacjao マクドナルドのバーガーを全部重ねて最強のハンバーガー作ってみた
IoQQGcfBqLc ガムテープで橋を作って海を渡る
IqECJyJhfDw 【検証】深夜𰚱時間だけお花見したら何人来てくれるのか？
Ir8QzuJnxnw 【グロ】知育菓子を全部混ぜてみましょう
ItGFjYAVqdg 明治　ぎゅっとラテ　ストロベリー　strawberry　latte　juice
IutwklJt6FY 読み込み中のグルグル永遠に終わらないドッキリ
IwuWQOBiqGg のどがブッ壊れてる時にヘリウムガス吸ったらどうなるの？
IzZqPcpz6is はじめしゃちょーがティッシ0個配ってみた結果...
J0lkHDMFuW4 【検証】戦慄迷宮のお化けの数𰓂倍だとビビリはどうなるの？気絶する？
J1-Z-ue9iNM 犯罪者を捕まえる最強の装置ネットキャッチャー
J1PeNdKtGUs 【検証】チロルチョコって全部ほぼ同じ味じゃね？
J3dLdhaIFRE ベイブレードに画鋲つければ最強じゃないか説
J4Vy8vLdP1Y 100円のモノを何円まで高いモノだと思わせられるのか？
J6mBGKV2UhY 超巨大スライム作ってみたが無理だった
JA4N67W0Axs 寝やすそうだったのでクモの巣作ってみた
JAzCEW6XFn4 ご飯×ファンタグレープで○○○味に
JB3MFV17RFA 【????万円】はじめしゃちょーのアプリ課金額の合計がヤバ過ぎる。
JBhKye3sMxY 【快感】巨大プチプチ個潰すだけの動画
JBjI4UpGo4g ガチムチミルクバトル
JCgsghyyR94 【無理】かくれんぼのプロ日本代表𰓃億円の豪邸で隠れたらどうなるの？
JH9BuTp4K-k 全򐺁,000円で売ります！
JHIbhVZHrTE I bought the strawberry sponge cake in the can
JIoMNm3YPsA 布団にくるまりながら生活してみた　My life with Duvet
JJEqgbzoigg ビートボックスバトル 【はじめvsダイチtbox Battle
JL2iYXVUnIQ 【閲覧注意】乗り物酔いしないオレがイスで超回転した結果...
JR1pYzgdrfY 合体してなんでも作れるボールが少しキモい
JTNXEAaJgnk RTされた数円分キーホルダーを買います→結果
JXOpI9J4KU0 風呂沸かしてるはずがフロア沸かしてるドッキリwwwww
JaacF2VrMXk 【検証】アイコンのスライム風呂が普通のお風呂に変わってたら視聴者は気づくの？wwwwww
Jb4OqE6vOzY 【検証】VRのやり過ぎであっちの世界にいったら。。。
JbgWPQyExR4 100人で指スマやってみた結果...
JgfEMCMh2Zg 母さんのアドバイスを全部無視して肉じゃが作ったらおいしくなるのか？
Jl7eBx1mAB4 自販機のドリンクを無料で手にいれる方法
JlCyQRoOSaM カエル味のグミを食った。すごかった。𰀏rog Gummy
Jm0H4E2WIDE 6,000,000人記念質問コーナー&かなり重大発表
JmSe9APZAlk 【バスケ】YouTuberとお笑い芸人で本気で試合してみた。
JmiuL6-PAXI 山田孝之さんにめちゃくちゃ怒られました。
JopDvfodC_w 青い...スライムカレー Blue Slime Curry
Jq2UjQsmRGs やばい！酒に酔っ払った状態になれるゴーグルがあったぞ！
JqJr9M4lFME ペヤングたらこやきそば　買っちまった( ˘ω˘ )
JzbwRp9bHFU 氾濫する川を踏切用トランポリンで飛び越える
JzzcNdVdkqE If friend looks thorns coke bottle…
K0iDmSiu7kQ 食べても中身が減らない大盛りペヤング焼きそば
K2R-5kq0tws 360°カメラでかくれんぼしてみた
K36lo3banfk 寝ている人を蚊の「ブ〜ン」音で起こしてみたいんだけど
K6fSTPmesb4 【検証】ふりかけ全部混ぜたら美味しいのか？
K70w-bGDYrM 塔の上のラプンツェル　Tangled
K86oYpdW9QQ これか𰢒人で生活します。
KAI8AzAt79E 【疑問】ローソクって何本まで息で消せるの？
KBWxbrsiwb8 ストレス発散したいんだけど！！！！！
KB_SfCFOjb4 自分でストレスを溜めて発散してみた
KCb677QIzqo ギャラクシーマスターによる Galaxy S6 edge 紹介
KE0BWTRM_ZA 【恐怖映像】ウチに来るおじさんが怖すぎる
KFXuG4KX9O8 操作可能。最先端のブーメラン！てかもはやラジコンですねこれは
KHTy-FzrDy0 たけのこの里　キャラメル味
KJUicr_IFP4 ワイがワニワニパニックの必勝法を見つけるでwwwww
KLVe1nLPEW4 【怪奇現象】これが関񧜒位の心霊スポットです。
KPDUH2g3uYs モス菜摘バーガーはLチキのバンズを使って食え...なかった
KUKOOcTo1Jw ヒカキンさんの家でヘビドッキリを試みる
KWpbXXFo9Vs 【大変】神社にお参往復してみた。
KXfxHfWv9gg 釜出しとろけるプリン　サークルK
KY44YPbLxFY もやし男がいなり寿司個食べる(予定)
KYMmNaBQWyk 声を変えると自分のイメージは変わるのか？
KYyxlz755Pk 移動がダルいので家にとんでもねえ裏ルートを作ってみたwwwww
KZC2THQ88hc ポケモンのタイプ相性を可能な限り分かりやすく説明してみた
KZK8hZKDCEU ウチの隣の隣に大物YouTuberが住んでます。突撃！
K_W6qpDLXRA こっくりさん
KaYWvyz3usQ 肝試しPart3.【終焉】菊の花をお地蔵様に捧げてみた。
Kab68Fw3hq8 チャンネル登録 人突破!!!
KdW-LuEfRKI (Rumor) All Ice Shavings’ Syrups Taste the Same…
Kf2J2hQoVPI オレがいじめられてた時の話をしよう。
Kf4_vln1Sg0 同棲？
Kg9tLUWzABw イラストレーター達にリザードンの進化を描かせ続けた結果wwwww
KgqEJv27DAg さようなら俺のパソコン。
Kh3KuE_uBk0 【衝撃】遊戯王カー,000枚売った結果...
Ki0ROaLzpng 立ち時間チャレンジ Standing Challenge
KimrvMVv58U 巨大な館で脱出ゲームしてみた
Kkkg-LN9LWU チャンネル登録万人突破ァァァァァァァァァァァァ
KlO2JrzFeAg ペヤング焼きそば　ヴァンガード　カード付き
KmLlzWpSCUE カッパ寿...スシローに行ってきた　the modern Japanese sushi shop
Kpv4k4ZjDpk はじめしゃちょーの質問ココナッツバター
Kq8bNG23kTg ベッドがシルバー加工されるドッキリ
KrYfvAoyvVM 100万円企񵎱本目。まずは〇〇を買いました！！！
KsPT48lFwWE 𰄁分間チャレンジ年TVとロールケーキの早食いに挑戦!
Ktiik3lcWvg Ep 9 Disappointment | The Fake Show
Ktoa7Rupa_0 室内で巨大ラジコンヘリを離陸させた結果
KzM73uGdrRQ 限定やきそばUFOを混ぜて食ったら味が...
L1-JbXs9VII こんにちは。炭酸水の神です。
L1b4L7fVzNo 1000℃の鉄球を人にぶん投げたらどうなるの？
L1gJVlcZp9A 録音したオレの音声だけで通話しても絶対バレない説
L4A1dwklUNU 100匹のほねほねザウルスを合体させて最強の恐竜を作る
L5s7YafuClM 自粛中に家来る人達。マジで頭おかしいよ
L5vV-I2k9EE 【検証】今と昔のベイブレードはどちらが強いのか？
LDNA1PTGDvc 【SAO】キリトの声優さんに声つけてもらったwwwww
LG8e7iRkugc 【UFOキャッチャー,000円で自分の景品が何個GETできるのか!?
LHFMibDjGxY クリスマスの街中𰙱人でこたつに入っていてみた
LHXXcNuejbY 部屋にダンボールで迷路作ってみた
LIcjsMq-ykk ［実験］コーラにミルクを入れると透明になる?!　How to make transparent cola
LJWjJ8fAwII 本物のハンマーでたたいてかぶってジャンケンポン
LJz2n-FGEz8 【閲覧注意】私をドッキリで倒しなさい
LOZdVOgHU-M 最新のベイブレードはぶっ壊しても勝ち...
LOfiaboXYWg 庭でお祭りしてみた
LQ1SIq-_NQI 5年前のはじめしゃちょーつぶやきがヒドい。
LS7cgqEorbU すごい量の酒をイッキ飲みすると思ったら中身が全然違うドッキリ
LS_VY6CcUfQ あ万人。
LUz_uZvAKJ4 ファンのみんなに炎上しなさそうなネタ聞いてみた
LWBwLP-4MbI もういろいろとマジで怒ってるぞオレは
LWtHiq-C4hA 入浴剤を入れたらお風呂が固まるドッキリ！
LYrOziGmk08 【カラオケ】知らない曲の歌詞をセンスで当てる
L_o28KLWYYg 刑務所から脱出します。
L_tgifZSNlI 光り輝く巨大スーパーボールを作りたいのです。
LautKeygbKo 電気をつけたら赤ちゃんの顔だらけドッキリ
LevfBUODxw8 【妄想】推しのこじはるが家にいる生活。
Ll9JCh6_0bA 虫捕りマスター、はじめ
LnVvKPbX6Ys SONY HDR-CX630V 空間光学手ブレ補正
Lo-EZ2dNWDI 質問募集!コメントこいや！　Please comment on me
Louy9Rbj4FM ペプシスペシャル　脂肪の吸収を抑える　pepsi special
LplPXJh7JVs ドドドドドッキリ
Lpt5hsExrHs 【本気】紙コップで巨大ピラミッドを作ってみた　Paper Cup Pyramid
Lq3nlgKO9oE 困ってる事とかない？
Lr7sFArmfBI 【バーチャル】仮想現実没入機でデートしてきます。
LrrcSUNApZ4 If the coke bottle change shape…
LuWU2P5bv30 【ギネス世界記録人でだるまさんがころんだやってみた
LzvPcTkjPBk はじめしゃちょーの畑について話します。
M2HI-Oj1_78 The Fake Show - New Episode Releases Every Wednesday
M50ZWbZctNE コラーゲ0mgを摂取する方法【果汁グミ全種類混ぜる】
M9SiYxPNN8M U K`s festival　お前ら!これがイギリスの祭りや!
M9aCYOCkK2Q ボーリングの球を後ろの人に投げてみた
MA1Ri6Ecz9w 【再UP】マウンテンゴリラポッド
MB9-LzLFm3o ゲスなおもちゃガチャの全部回してみた結果。。。
MCkH98Xn6uQ 大量のサーキュレーターで紙ヒコーキ永遠に飛ぶんじゃない？
MEqpixzV_pM 高校の同窓会　My high school party!!!
MFxRzeqjro4 久しぶりにピアノ弾いてみた　I play the piano
MH3gABNzzhQ 【人体実験時間横になって生活したら身長かなり伸びる説。
MLkOhfJPEG0 滑らない靴 VS 床ローション
MM6qoc9Qm0o Get Hooked on Papipupepapiko Game
MQyrLi5UTkU 3億円の家が広すぎるので誰でも分かるようにしといた！
MRBxjd-uznw 雨だ！ダンボールで傘作ろっと！
MTFWGvtYdLw 【閲覧注意】東京の家で迷惑行為。人間じゃねえよ
MY-r9eTeCDk 変なやつに追われています【リアルアカウント】
MY_5g3FBBk8 俺VSドア！開け閉めしてたらどちらが先に壊れるの？
McAwD7nbu-0 はじめしゃちょークスリやってるらしいよ【マリマリマリー】
Mdfk9J2WK6I 部屋の壁を遊戯王カードにしてみた Yu-Gi-Oh wall paper
MejHtLLhVJA 透明なテントにカラフルな煙を吸わせまくってみた
Meunmi2hmyI 私がこれま𰙺mazonで買ったものを全部見てみましょう。
MgJRluu7VFY 【検証】黒マジックは日焼け止めとして有効なのか？！
MmhuiG8O2SQ 【地獄mのドミノやろうとしたら色々すごかったwww
MpSMqJpLIvM からあげクン オリーブ味 お願い!ランキング
Ms1R1KCymHE 銀の再生ボタン　YouTube silver button
MuRZFh1IUDo からあげクン　北海道ほたてバター醤油味　LAWSON
MxK48DJnIBk 謎のガチャ全部回してみた結果。。。
MyPpv8RztE4 ヤバい車が完成してしまいました。
Mye6pL9I5eg 引きこもりがシャトルランしてみた
MzttCiVDesM 車のタイヤ全部ブーブークッションにしたら永遠に屁が出るの？
N0oDrUsptRk 【暴走】必殺技でンダホを起こそうとしたら。。。
N1MfROdWpZs 17,000円の鳥のおもちゃが色々すげえwwwwwwwwww
N2SUO8BZC-0 ハジーポッターと地を滑るポケットボード
N2uNH7hSkF8 【泣くなはじめ】大家さん。今ま𰙶年間ありがとうございました。
N37MmvcsY-I 【速報】はじめしゃちょー。白髪になってしまう。
NADg8pfowzg 風呂上がりのゴキブリドッキリth and𰀌ockroach
NAfzhgcRmNQ カエルの説教
NF271QsOwPs チョコ食ってたら襲撃されt...ker𰀌hocolate
NFKsGojcY-0 等身大の自分のグミ作ってみた！
NFz7dhp-9wU おはよう爆連発
NG21xUlQljc uuumのメンバーに突撃インタビュー！！
NGwfTtgN-F8 【人をダメにする服】ダメ着がヤバすぎる人生終わる。
NLqyRpEHl_g 【未来】実物が存在しない！仮想キーボードがスゲえwwwwww
NMFG91Ef-_Q バスケ上手いYouTuber4人ならフォーエイ𰲈人全員と試合しても勝てるんじゃね？！
NOR-7MEQD5Q 部屋のいらない物全部捨てたらすごい量だったwwwwww
NO_58VJbqwk やばい。見たい夢が見れるアイマスク売ってた。。。
NPRZzSFJR8E Does Natto Taste Good with Anything?
NSmE5yOYQpU 新作のポケモンのゲームを世界最速プレイしてみた！
NTdyhA9z8HY 俺氏、乃木に会ってみた
NTseTRkZeRo 深夜に急に家に入ってくる配達員。
NVc3bc-MhBA はやめしゃちょーの質問コーナー
Ni9mHZyINKo 飲むのはもう遅い？吸うエナジードリンクがすごい！
Nidf9HhOynM みんなにオレの動画を編集してもらった結果wwwwww
NjjxwLrlj2U 【Japan】The Harlem Shake　HAJIME ver
NkMLPjbJODI はじめしゃちょ歳の誕生日󿀑日何してたの？
Nn9mIz1jML8 MASAKI IS GRADUATING: I Sang From The Bottom Of My Heart
NoU5LNmiOPM はじめ社長のスマホ GALAXY　SⅡ
NpsDK99oZUM 人の乳首を吸うことができるサイコロ
NrNHeO8csjM リアルモンスターハンターはじめ Real Monster Hunter  ダンボール騎士 ハジメナイト
NrpUsJgYA_g スピードを求める人へ！サラサラかける󿀐.7㎜シャーペン 鉛筆シャープ
Nxh3wcXQ9FQ もしはじめしゃちょーがバーチャルYouTuberになったら。
Nxsewl_O2h0 【バスケ】どんなパスでも絶対取れるようになる練習方法
Ny0hQX7SrTU 京都で財布を無くした神
Nzk6bfvc16s 【悪意】服が無いので友達にコーディネートしてもらった
O0FYrpKJd74 トイザラスの怪しい巨大福袋の中身がマジですごい件。
O2gUqdOzUZ8 兄弟で語る、はじめしゃちょーの黒歴史。
O6AFwXJlkXo 僕は強いのでフィットネスマシーンをぶち壊します
OHVIaRkduEQ 【合唱】明日からやるさ/はじめしゃちょー達
OJBXMdNfGvg バンカーリングでブランコ作ってみた
OLbuPWAsuWM 1人で心霊スポットに行ってくるわ
OPEYmEvylc4 【衝撃映像】寝ながら話せる男が面白すぎるwww狂気wwwwwwwwww
OPiJyIiIyHk 超ロング自撮り棒を作る
OQ37pqiRgoo ヒカキンじゃんけんで絶対チョキを出させる方法を発見wwwwwwww
OQNC9XTm2lI バケツにはまりました。助けてください
OQjBMQYB5sQ 【心霊スポット】見たら死ぬアレを見つけてしまいました。
OQkImzYZTSY これからどうすればいい？
OTymxDv_DkQ 【悲報】え？はじめしゃちょー太った？
O_7tZ-0jNqA 大量を巨大扇風機で回したらスゴい事になるらしい
OdLkG818ZU0 もう限界です。
Oelw4dy7984 最後の夏 Last Summer
Oghm_x9qN70 񽁅Kgのトイザらスの福袋が重過ぎて何入ってるのwwww
Oi6pw2LorVo フエラムネでオーケストラしてみた。
OkqQQA0aZ-M 【NG】伝説ボーダー　Super Border
OmI7svxy0aI コイツらは何が違うの？
OoENZh66bdE チャンネル登録者万人になる瞬間
OogHmaCc8R4 超超超巨大卓球ならオレでも勝てる説
OpBsWzPjyGk 【帰国日決定】mimeiさん年末タグゲーム
OubUOATK0aA 豆乳片っ端から混ぜる。飲む。美肌 を目指す
P0-ahxtx9fY 【料理】ダチョウの卵で巨大オムライス作りたい！！！
P1piqE1oNug ペヤングの最新作がヤバ過ぎて全部食べれませんでした。
P3qAXVp7_AQ ヒカキンさんチャンネル登録者万人早過ぎません？
P6O1qplan2Q 一瞬で炎を消せる魔法のボールってマジ？！
P6ohqzQhoiQ オレが妖怪おばけえびを育ててみた結果。。。
P71Gy9h4geY 【迷彩】ギリースーツを着てたら誰にもバレない説
PAYCe9huyco 今まで𰙱番痛い質問コーナー
PCuKKQqOEus 妹くれよ
PDBEtEfybog 世界最小？ポケットに入るドローン
PE9gN0rbzH4 【未来】液体の保護フィルムをスマホに使ったら精神状態がおかしくなっちゃった
PEEp0IChDJQ 世にも奇妙な動画【妖怪カメラ男】
PFvSnFefiIY 中華鍋でベイブレードしてみた...すごかった
PJ4wU-LTcd0 オレは気づいた...時代は万年筆だ...間違いない
PKZULebP6VQ パフパフマシュマロ　ドラゴンボールZ 神と神
PKaIWQyoGDM 天井ブチ破ってドラゴンが部屋に来るドッキリ
PKbfXkoMdMI 【激痛】頭痛𰓅日間治らないので病院に行った結果。
PMtnXxDb1gw バスケットボー個で試合したらプロに勝てるんじゃね？
POBoly2n4b8 【ホラー映画あるある】電気が消えてついたら後ろにいるヤツ
PRSLc1ERPl0 無いならペヤングペペロンチーノ自分で作るよ。
PT-s3mBYAX8 【本気】ミニトマ個食ってみた
PTpcjzJ2lw0 水鉄砲を大量に合体させてハイドロポンプを可能に
PV9t27f0HFY 【ロボ家具】自動で動くソファが近未来過ぎるwwwwwwww
PWCUqG1-VXk オレって本気出したらいちご何個食べれるの？
PXAK8pQNDPo ベランダに宙に浮くテントを作ったら危険過ぎたwwwww
PY-tf2oh1bY オレん家がレゴで溢れかえってるんだけどwwwwwwww
P_Yv2fBnKBk 部屋に大量の爆弾を仕掛けたら宮川大輔が死にかけたwwwwwwwww
Pd1XDIylFBs 【クリスマス】性𰛦時間に行く心霊スポットが危険らしい。
PdySwmkEL6I 最強電撃ホッチキスで後輩を潰す
PendFXMSftg 殺人事件ドッキリ　Murder Prank
PeqOEmz4VKg 半年間かけ個答える爆速質問コーナー
PfHV2AC2-HQ ハーゲンダッツ　オペラ　Haagen-Dazs Special Edition
PfIOyxS7e44 後輩の笑い方が異常すぎて心配になるレベル。
Pm0lKucVH8c 300,000
Pnzz6aLPRno プレゼント企画　当選者発表!!!!
PpP2veAa-M8 ［顏で実証］油性マジックを落とす裏ワザ
PqnKvDZSluY 世界最大のスマホケースが本当にでかい。
Pr87rFvBnuc ついに見つけた𰀡番楽な乗り物はこれかもしれない。
PrT-aAbyudY 4年間ありがとう。
Pr_T2Pj1NiU 寝起きドッキリバト
Pt27mmpqR1s もし起きて火事だったらどんな反応するの？
PviGc_Rh5as 700万円の買い物をしてしまった。
PzTswYZRcaE 【神ゲーム】ブロッコリーorカリフラワー
Q3ESFj14BIs YouTubeから信じられない物が届いたwww
Q4v0jXFd9oY まさきとの最後の動画。
Q5wbHJqpKdo コーンポタージュが全部コーンになってるドッキリwwwww
Q65ZBdP1Udw 【検証】すし屋さんの皿を限界まで高く重ねてみた
Q6lVla07Lhk 録音した音声っぽく電話した%録音だと思う説wwwww
Q6lr7E62FuY 新１人暮らしスタート!!
Q7mqKCUIX98 チェスト買ってみたら予想以上に大きかった
Q9D5TTFIQSc はじめしゃちょーと赤ちゃん。
QBY_Kaha1v8 はじめ、ついに東京の心霊スポットを攻める。
QBeprurfNns 友達の車の中が本当に大変な事になってるドッキリ
QDCB0bl_2T8 【ポケモン】ダンボールでレックウザ作ったらデカすぎたwwwww
QEvkQ-f9nVk オレはタクシーの運転手を笑わせられるか？
QI4JV-zsEKw みなさんにお願いがあります。
QJ3rKBH2M10 世界𰙱番うるさいホイッスルが危険すぎてグラス破壊できる説
QJ8ugpRPUjE アンチ野郎(一部)に物申す!!!!!
QK3Hsd2Nk_I 【煙】電子タバコ全部まとめて吸ったらどうなるの？
QKtCz_qlF64 チョコエッグ　マーベルユニバース　　MARVEL
QMIdEKJbGRE はじめしゃちょーのぶら𰢡人旅
QNMejyMh9Nc コンビニのたまごサンドNo.1を決めましょう。
QNleKipIt9c 白い！　きのこの山　White　Meiji
QO_1Mli4yPI 【実験】石け個を電子レンジで温めてみた
QOmiwfv77j8 【爆速】時kmがヤバすぎた。
QRAvWEAOMfU 休止中にあったヤバい事ランキング
QVrt4TGZOMU 10,000,000円の使い道が決まりました。
QY1ZP1wSOXw 年末ジャンボ宝くじ買ったんだけど！！！！！！！！！！
QaDZd2Rl7_8 Sunblock on One Side, Suntan Lotion on the Other
QaP3s33PyUQ 3億円の豪邸なら大量に買ったヨギボ万円分良い感じに置けるんじゃね？
QbwkNu7rXYQ 【無許可】ファンの後輩の部屋に勝手にいてみた。
QdtkHt0JpGM 【恐怖𰄒億円借金して怖い人たちが来るドッキリ
QeS2NTJpza8 これでモテるwwwブルブル震えるくちびるwwwwwww
QexJ6r1L_zY 俺的かっこいいシャーペンランキンST3
QfGeQlPjJdE チョコミントおいしすぎん？全部混ぜてみるね？
QfcCgHN8v2A 【実話】過去に女性化していた事を話します。
QgL651nrTZ8 から揚げ弁当のから揚げを自ら作ってみた
Qgix-kJYvdQ 【大暴れ】ヒカキンさんにバレないように質問コーナーしてみたwwwww
QhH3fMkLaGQ はじめ、Tシャツ作ってみたwww
QhdzRH1tPzQ きたああああああああああああああああああああああ
QhjR8G2r_Hg 【検証】ハーゲンダッツな𰢒リットルくらい食える。美味しいもん。
QjObqNxqV14 チョコエッグのおまけを大検証　Kinder Chocolates
QjnK6NyL83A ぬるぬルームランナー　Rotion × Room Runner
Qk1mzILz668 【衝撃】グミ全部混ぜて１つにするとあれになったんだけど
Qkbdk_U1sA4 エビを食べ過ぎた男にエビの幽霊が襲いかかる。
Ql6-0sjIVi8 麺𰤡本ずつ食べればやきそば無限に食える説。
Qn2KQUxXDwc 就活あるある【ゲストが豪華】
QsRZp5l_Gw8 大量のサイボーグに襲われる後輩wwwww
QsZ2wfJBm-w 今年最後だけど何か質問ある？
Qv-OiPJ5808 小型バイク日本横断の旅　part3【長野〜岐阜〜富山】
QxUForvvD9M オレが通ってた高校がなくなるってさ。
QxpKpVn6lG0 人をダメにするソファ
QyphO6FRBks 【冷凍】家のドアノブが℃ドッキリ
R01a2pkYCvU 【妖怪ウォッチ】ジバニャンがプラモデルになった！
R1ePgic9mAw ヒカキンマスクの中に本物のヒカキンさんがいても気づかない説
R41ToCNX-J0 自分がUFOキャッチャーの景品になったので取ってみた。
R8beFX4HKZo 火炎放射を受けるはじめしゃちょー
RAC6_NpU1AU お前の部屋マジでやばいぞ
RBReeL8X3bE 真夏の環境でも涼しくいられる方法
RHgQDpgXXk8 ポケモンカードにハマってしまいました。助けてください、
RHnKzU1Dy5Y 100万円の世界最強のスピーカー買ったんやけど全てがヤバいwwwww
RJMTOk2Jtn4 どうぶつタワーバトルの中の仕事やってみた
RJQRcgDg5BE オレに大事な話があるらしい。
RKyvOgBLUr4 【ダーツの旅】当たった場所に今から行ってくる。
RMYzqot-QwA 合体できるスーパーボールを大量に合体させてみた
RMmoTRP69ug おい！新しいパソコンがやってきたぞ！
ROL0-ApbaJM 久しぶりに他人を怒鳴ったわ
ROPZ76ALjJ0 水をかけると何十倍にも膨らむ粉...のハズだった
RS2qV4Sza4M Piercing Coke With Mentos Spear Coca-Cola/Mentos
RVB7MxdJnhk 巨大アヒルの話とメロンオレ!!!𰀋ig bird and fruits juice
RVrvtTX8G6o うまい本食ってみた　前編
RY_Llcd_Hjg 28万円のカメラでトントン相撲してみた
RYvvtYrzi1c パラノーマル カエルビリティ Frog horror movie
R_VR0-gna-U すき家に隠された裏メニューがあるってマジ ?!??!???!?!?!?!
RaVrDyWDFms 妖怪かぼちゃ人間、街に現る！
Rc4k8xwcg4w 無限に連結するグミを無限につなげたらどうなるの？
ReKPiq-l0lI ガチで最強の突っ張り棒を発見。これは絶対人がぶら下がれます。
Rfr5Mvx37SM 人型ロボット、Pepperがやってきた！
Rh114UcGzKQ 3Pシュート0回練習したらどれくらい上手くなるの？【回】
RiMwKVou1r8 はじめしゃちょーの最近のアプリ課金額が過去最高にヤバい。
RsG4Mi_--PI 【当選】５名限定?!アルパカにいさんマスコット
Ry2Ktm0R1M4 はじめしゃちょー、魚釣りに挑む。
S-LyaSxaxm0 ガリガリ君リッチプリンプリン𰀊KAGI pidding ice
S0bJVtmjoeY 【閲覧注意】指の異常𰤡年間放置してたら手術になったwwwwwwww
S0sOyZgLNTo ポッキーの日ねぇ...ふうん...何か質問ある？
S1O4igvc54k オレのファービーが女の子になった
S29J5aJkH-w 【毛深い人必見】体の毛を金色に染めてみた　The Golden body hair
S47DIfjp5E4 【悲報】はじめしゃちょーガチでデブった。【過去最高】
S4Az9RwnBbI ローソン𰛲種類のメロンパンがある!!𰀂 types of melon bread
S4b9XpC7rEE 全身タトゥーでデリバリーピザを頼んだ結果…
S7dNcXfs23s 発狂にらめっこバトル
S92Vh-64apQ 3億円の家のガス代が本当にエグすぎたwwwww
SAi4dY509GU めちゃくちゃでかいハリセンを作ってみた　後編
SC_Z1b1nnh4 おゆまる大爆発。
SDhkRQnlPV0 大切なお知らせ。
SEVsVOds8Jc あるアプリで大量のドリンクを入手できる方法がありました...
SGC7DLe06Eg iPhoneを天ぷらにされたらどう反応するのか？
SGcowwcmhWs 今日から巨大なクリスタルを育てます。
SGwCEYOXfD8 彼の口から「洗濯機」という言葉が出るまで終われない動画
SHjgJ2Cubc4 利きショッピングモール音wwwwwww
SJ8fsdLch3c 風を切り裂く新兵器！！！怖い！！！
SJUxPWE5f-M MH4 モンハンフィギュアvol.8 MONSTER HUNTER
SKHR_ri7fYs 砂糖が無い！世界𰚰.01%以下の希少なチョコを食う
SQxgOWPjInw 4階からガイコツが背後に静かに迫ってくるドッキリwwwww
SSIUEaRTKQ0 【衝撃】オレの先祖が歴史的な超有名人物だった件。
SSR_SFFmsXE μ’s の声援を受けて、スクフェスでフルコンボに挑戦。 Part2 【 Game Week with Google Play 】
STA6C9ftvmw コンビニ弁当をミキサーでドロドロにしても味が分かる説
STicC2p3jAk 25歳なのに大声で泣いちまったよ。
SVBqPGjmAGQ If the man keep riding skate board for 10 years...
SVC1O243q44 【ラーメン】ペヤング超超超超超超大盛りペタマックスの新作出たwwwwwww食います
SVupWbmRegk ヒカキン。もうYouTube休もう。
SVzYyJCOJkE 花粉症患者が大量の花粉浴びるとこうなる
SWM-5RGVQEI さて!名前決めますか!!　【前編】　I change my name
SXHSs4nrRlw 【死闘歳男性。初めてのコンタクトレンズ。
SYWY1liLUtw スパイラルグレープ!!【刺激を求めて】
SZIf0WxTKD0 誰でもケンカに勝てる本を読めば本当にケンカに勝てるのか？
SZVFHj6cXBw ちょっとケンカ最強になりますわ。
S_Zd4IyhDuU 後輩に氷の中に虫が入ったジュースを飲ませようとした結果...!
S_yaDPwukNY ソフトクリームは電動ドリルで一瞬で食べれると思います。
SarMOu5bvMA 長友選手に鬼のハンデつければ勝てるんじゃね？
ScRuEkzYfSo 140粒のガムで天下をとることにした　前編　super gum man
Se_CoUZCUhc オレ家の近くに意味不明なそば屋の看板があった件。
Seioh7CD2zg もし家の中に名探偵コナンの黒い犯人がいたら...
SezZ0_ZNBKA 所沢、冬寒くね？服着ようぜ？
Sfc_3-oZXv8 巨大なクマのぬいぐるみを浮かせたい
Sgi5vp44OgA チェーンソーがやってきた！いろいろ切ってみよう！
ShHAEAUiQGw 【特技】太陽を見るとくしゃみが出ます。
SngPU-NZ_5Q 【悪質】図書館での迷惑行為あるある
Snq9CWV4jn8 最新作スニッカーズと商品紹介について!
SopPp4LrqyE 全部アンチコメントによる質問コーナー
SpTt2UltZ7I 【検証】画 個ある床に突然人を落としたらどうなるの？
SrvPcPoA0tg hajimexcompany
SwpEdDc3q1o 高圧洗浄機で歯磨きしてみたよ！
SzPRa-xK5Jg I gave my junior Rare Pino chocolates (with a probability of 1 out of 100,000,000)
T1rR_hbT6Yc はじめしゃちょー紹介【好きなことで、生きていく】
T21CqNJyc1M 【SAO万円のキリトの剣買ったんだけどヤベエぞこれwwwwwwwww
T2ic2m8NFIQ 【激辛】おい。負けたらザ・ソースな？
T3I9TUhlagY マジでおいしい！ミルクセーキの作り方
T4Crq2aMULA 寝起きで大量の赤外線レーザーを避けられるのか？
T4DsaFI4iJE 那須川天心にボクシングで勝った万円！に出場します。【挑戦者決定トーナメント】
T5L8Bd5nmPk 氷の膜を張ったスタジアムでベイブレード戦わせてみると…
T5nSBrc94fE 【大発狂】はじめ、久しぶりにジェットコースターに乗る！
T67D0FA7rGE 光の脱毛器具でバナナの黒い部分を脱毛してみた
T6ESFmVUIKo 【ボツ作品】マイクワゾースキーに八つ当たりする大学生MONSTERS INC
T7F8RL6L9BY チャンネル登録者万人行くまで出せません！
T7xBq_1HGIo オレは社会不適合者なのか
T84Ht6uWrC8 【コロナ】ちょっと真面目に話します。外出てる人。
T89xV1ghXs4 鼻水ソープ　Nose Shower Gel Dispenser
TKVGckCF6c8 双眼鏡ってたくさん繋げたら遠くまで見えるの？
TLmFF0SNClo 富士山ラムネは富士山の味がしねえ　Mt.Fuji juice
TNjkjN1ZvLI とりあえず叫んでみた　Just Shouted
TPFIojapGZE 【発見】ファミマのロシアンルーレットパン食いまくったらある法則がwwwww
TPS9cIjInfs バランスボールスライディングで足がまずい方向に曲がっちまった...
TTEZqGCl0lU 友達より大事なチョコのジュース　May the force be with you
TUbOEB_5etM もう怒った！家に監視カメラつけます！
TVpljsHh4rg ビニール傘を使って巨大アポロチョコ作れる説。
TWw1Zaq9II8 dancyu カレーいなり𰀌urry×Sushi!!!!!
TX4QgHes9PE 激長な輪ゴムの集合体をオレが迎え撃つ
TXJL3oVgZyc 部屋中ダンボールのステルス大作戦！
TXsb3JH-GSU 誰でもカンタンに家でブランコを作れる方法を見つけました。
TZ4n3wGie6Y ドロリッチ　ブレイクプリン味
T_3lstEFnYo 家の中が全部コーラになってるドッキリ
TapSoDBtQYc わ!登録,000人超えた!!　たまねぎの気持ち 0 subscribe!!
TeSQdl129_Q 350個のスーパーボールを合体、巨大スーパーボールを作る
TfiyTwx5Sww ポイフルって美味しいよね。無限に食べれそう。
TfwT4SgaRjk 200万円で地下室を改造した結果wwwwwwww
ThhSkJDhCmM 【地獄】誰かが来るまで熱湯風呂から出ません。
ThtpZDj7ZUo Youtuber最速の引っ越し！そして新居！
TiVXrpIRzOE ヒカキンさんをサングラスでおびき寄せる
TjbteBl1MjI 光を操る、魔法のイリュージョンをお見せします。（＋告知）
TlHmnbSNEvg すき家の裏メニュー牛丼キングをもやし男が食う part1
Tn-NhT6kyzE 大量のネズミ捕りで巨大ネズミを確保せよ！
To6nzvs0tTA コンビニのホットドッグ日񧋁決定戦
ToMUWWlvJ9o 年越しということでペヤング焼きそば混ぜて食う
TqXSKSPj0sY アイス総選挙？見てないけど結果なら余裕で当てます。
TvYtZ_Zzrj4 ゲノセクト ポケモンキッズ Pokemon Genesect
TwIDloUGg28 雪見だいふ個食おうとしてみた Daifuku
Tx6AVQi8ht0 虹色の髪のお人形さんをハイブリーチしたらどうなるの？
TxUir1UtwO4 ねるねるねるねでかき氷作ったら最強のふわとろかき氷ができるはず
Tz8dmchInJ4 コンビニ𰙱,000,000円使った男はこちらです。
U1MnE8R26L4 はじめしゃちょー育成ゲーム、進化しましたwwwww
U1RY6XhdJ5c 理想のデートは？【質問コーナー】
U36OYTXyCY0 【無理】鬼ごっこ日本代表𰚃億円の豪邸で鬼ごっこしたらどうなるの？
U41dPOh0MG4 物を空中浮遊させる装置を手に入れたお
U6xZhZJUZyQ リアル妖怪ウォッチ
U7ysiTWOKcs 【危険】存在しない三文字しりとりやったらひどかった
UA34A7oF2Wk 同時発射小型ミサイルを素手で取る　Rocket Boy Hajime
UB4McaFEKak じゃがりこ全種類混ぜてポテトサラダ作りたいでござる
UBuH8TuJLng 大量のバケツでベッド作ればおもらしできそう
UInqfwGkZqQ 無数のビー玉とスーパーボールが降ってくるドッキリ
ULRGBSD9TVI 部屋でガチでドッヂボールしてみた
UMBG4irAOJw 【危険】氷風呂に񘚕Kg投入化学反応により危機が迫る
UNsDarb19U0 カップ焼きそば全種類を合体。最強の焼きそばを作る。
URRozbv4bVA ブタメ個食ってみた　前編
UTab_07OjEo 周りが全てが見える最強の装置を発明しました。
UVLypLROmg0 Youtubeで世界に友達ができるぞよ。 We can make friends around the world
UWPzyhZ8a8I なんとな円ガチャやるお
UWwlhqIKNc0 ヒカキンさん。俺、キャベツ無限に食います。
UaCGPEREQ0E 引力を使って瞬間移動する方法を思いつきました。
UbLLKqWd2XA ウィキペディア見てれば専門家と対等に話せるんじゃね？【前編】
UfhiW3i4rh4 カメラ？通話？機能があまりに多すぎるペンwwwwwwwww
UfvBzTa4PkA ハイチュウって何個上に積み上げられるの？
Uh8F8rFpOGQ 個で検証】マックナゲットって全部𰙴種類って本当なの？
UkTNyR18Y5s カラートリートメントで髪染めてみた𰀌hange My hair color
UkiLg6xrvlo Ep 7 Defeat | The Fake Show
UlzhkVl-MaU 歌下手𰓁週間本気でボイトレしたら上手くなるの？【I LOVE...】
UmCnLeazKl4 【実験】LINEスタンプ連打でiPhoneはぶっ壊れるのか
UoIXfcM5568 The Fake Show - OFFICIAL TRAILER
UpU7FcF5ESo 今年動画で使った物をメルカリで売りまくってバカ儲けするわwwww
UqQDG9d_tO8 【危険】大き倍のサッカーボールで練習します。
UqidPx7Qksc 周り人が突然全員撃たれた時の反応wwwww
Urw_RhKP4gU 【錬金術】粉々になっ𰗻IGチョコ𰤡つに戻す
Uxnt3Rjv8hU おっぱい触りたいやつちょっとこい
UzMUi8ySM_4 遊戯王が世񵓁強いYouTuberを決める大会に出場。ガチで優勝したい。
UzRoe1LQiSM カントリーマア個食べようとした男の末路。
UzTgD0xmkJI 握手したら手首が切れ落ちるドッキリ
V-76ixpK09Y はじめしゃちょ年総集編
V-EL4ccUn04 冷蔵庫にゴキブリドッキリ𰀌ockroach in the icebox
V-j3fpYw5eQ 大量のハンドスピナーでタワー作ったるわwwww
V-xzmS7nXiw 秘伝のバナナジュース作ってみた　How to make  Banana Juice
V2dUwvYyUvg 120Kgの重いバーベルがめっちゃ軽いドッキリwwwwwww
V3Xkl6dpRw4 コンビニアメリカンドッグ日񧋁決定戦
V502qWGmLFk Many Guys from Youtube Try to do the Koi Dance.
V7nchUHZjyw すごい重そうに見えてメチャクチャ軽い岩石
VDcIuxQN7qs 【弾力最強】バットに輪ゴ𰸁Kgつければ余裕でホームラン出そうじゃない？
VKPPLDydT0M カロリーゼロの食べ物なら無限に食えます。多分。
VL76dKk32Tc 観客を全員はじめしゃちょーにしてみた。
VOL8pSV117E 【実験】風船を全部まとめて爆発させる方法を思いつきました。
VRvCNYKoT9U はじめしゃちょーのカフェに本人が行ってみた。
VS2nOppyheY 毒々しい紫色の巨大なクマがやってきた！ Big Purple bear stuffed toy
VStAVEibtYw NG集　horror NG scene
VTT--zj9__k 【涙の映画ttle Of The Earth 5
VVw5bCyMasg はじめしゃちょー冬の質問コーナー
VXUBBVdvxA8 サウナにエアコン持っていけば永久に入れるよね？
VXiOeqMcutg 3億の豪邸に女性ファンを入れてしまいました。
VY8XyLtIlNg ベランダからレンガを友達にぶち落とす【ドッキリ】
VaeADW4ONoI 人間vs自動車で剣道してみた結果...
VcKBJsLdGwc ナイフで刺されてかなり出血するドッキリ
VfFYdUFK8AQ 引っ越ししましたはじめだけど何か質問ある？
VhUvVhkP2nM おい新しい車にスプレーでラクガキしたヤツ誰だよ。ドッキリ。
Vj9-nJvKWeM I arrived in England.!!! ( ˘ω˘ )
Vln6R-sxrmU 【検証】コンビニおにぎりの米粒ってどこ𰓁番多いの？
VqL1oLVpUsE でかい !大!満!足!プリン!!𰀋ig pudding
Vqxy4LY5Jz4 残っ万円分のうまい棒全部配ってみた
VrfMIMr7Zws 夏の始まり𰀡人で豪華客船を貸し切ってみた。女と行きたかった。
VrlLCH9ajT4 ３年間掃除しなかったオレの棚の中を紹介します
VroM23XpRP4 すき家全メニュー食ってみた We Love SUKIYA
VukXclFEjNQ 本音で話せる場所はありますか？【Rumor】
VvPrGS1IdkI 新チャンネルと新メンバーについて
VvesoOMU2BI なんとなくアクションムービー作ってみた
VvoiHD_UGSA 愛車を人にあげる事になったので最後に改造しました。
Vx2QGckHtSE 【衝撃】スキー場で友達がガチで迷子になった結果wwwwwww
VxvYZ6UjEug 怪しすぎるアカウント「謎の犬」の正体を暴きます。
VzRrP2omwWY Ep 1 Who Are You? | The Fake Show
W0aNRc4_EwM オレ、モデルになります。
W0qLdUD8u_4 明治　ぎゅっとフルーツミックス　Mix fruit juice Meiji
W1wUTJa6UHA ピーチ味のグミとじゃがりこたらこバターでまさかの...
W38a0sTYNMo 俺達のロックンロー𰺲キャストオーディション
W3qRfQowQPk 【ポケモン】ダンボールでメタグロス作ってみた
WBFf_0N-jAU ゼリゼロ　マンゴー風味
WBbyHUBery0 サマージャンボ宝くじ𰙶億円?余裕だろ
WCJYTgc_qP0 世񵓁黒い液体でスライム作ってみたwwwww
WDWHUpsbTnA カメラを撮るカメラを撮るカメラを撮るカメラを撮るカメラを撮ったらどうなるの？
WDwH1zyPPVI 10m上空からメントスがコーラに入った瞬間のはじめしゃちょーwwwww
WE43FBkjOgE ドアを開けたら叫んで近づいてくる恐怖人形ドッキリwwwww
WJQvU5BeN9k カギ全部紛失しました𰀢日間探しても見つかりません。
WJqO5wFuAOQ 神木隆之介&はじめんの質問コーナー
WNfyiCiud3Y こたつについて全力で考えてみた
WPIw4TI45Po ストーカー被害にあったので警察に通報しました。
WPqhL1TYZxQ 料理できねえけど中華風すき焼きライス作ってみた。
WQ4Ybpo-VUs 髪型変えました！
WQgEpd3ZMKs どん兵衛分待った方が美味しいらしいよ...
WQvmJt-Uq6U 仲間が全員襲われました【リアルアカウント】
WR60_jzDJ4w ベイブレード買ったら中身が違ってた話。
WVY2rYrZyUo マジカルチョコリング　Heart Bread　 ANTIQUE
WXdLnfZEZ18 ペン回し日񧋁位の実力とは...!　Japanese No.1 pen spinner
WZ4EDKyhcxk ドラコマルフォイ𰀍raco Malfoy Harry　Potter
WbLAfGvI2dw 3億円のオレの家にゾンビが大量発生。
WbRwaIDnfMw 𰄂年連続】はじめが遊戯王の世界大会予選で優勝する瞬間wwww
Wby_qdx0HZo はじめしゃちょーの隠された特技　My Special Skill
WdpYWLNt8Ao 【検証】家の前𰚱億円置いておくと人はどうするの？
WgPwEZw7Xmw 立ち入り禁止の心霊スポットに行ったら最後にヤバイ事が
Wn1TxNvWOnc バカが東大の入試問題に挑んだら何点取れるの？
WnuIyEwBb-Y もやし男がもや,000本に食いかかる
Wqqqces7XU8 ローション＋ハナノア→画期的な鼻うがい
WrLzT7fWxIM みなさんに相談があります。。。
WrPntOubaBY はじめしゃちょーYoutubeの先輩と雑談!!!
Wt7zMGzRI2k 右手に巨大な腫瘍ができました。
WtZ_V5m4Q5A たむちんとはじめ社長ののほほん雑談
Wti_I9MmFys どんな手段を使ってでも一輪車に乗る方法
Wu0AlVMHmN8 この超高級フィギュアがどうしても欲しかった。
WvoiIsAEz5o ペプシNEX  King of Zero　pepsi
Wwa8hCwwQ5g 毎日募金して赤い羽を貰い続けた男の末路
X1fNurknHVY 【筋肉】おいはじめ。その身体は何があった？
X1j4V9oyE_E 肝試しPart1.【恐怖】深夜の村で呪いのお札を探せ。
X5HMVmwWKbA オレが考えたベイブレードが販売される件www
X6Lx5ioZ7VQ オレが本気で遊戯王の公式大会に出た結果...
X6oFj1AQZlc 動画𰛡番上のコメントは何じゃろなゲーム【前編】
X8EnFEOq_kI I’M BACK.
X8HTzhU-iWQ YouTuberの闇の姿
X8L-HDtHAho 【辛い万円で񛭡軒が売ってる！買おう！と思ったら。。。
X9iOlFkkyxE 部屋にあるもの全部電流が流れます。
XBY4EXNIfDs 【部活】樹海バドミントン部
XDD84hBhWTA 【逮捕】殺害予告されました。家の前まで来たみたいです。
XEX-EhDNT1A いろはすを永遠に飲める装置を家に作ってみたwwwww
XFQTAdwI-bE 【野球km/hの豪速球で目を慣らしたkm/hくらいの球なら打てる説
XFs5lrQlRg4 史上最恐のお化け屋敷　The most frightening　haunted house
XG-_lis_sFM 【閲覧注意】でけぇクモが大量に部屋にいるドッキリ
XHBNvVbjDfE はじめ、ロボット犬を飼う
XIeWpP9sUz8 【検証】押すドアに「引」。引くドアに「押」を貼ると人は間違えるのか？
XL5ng6uvKXk 最先端のアイマスクやばいwwwww
XL6SYnEapoQ 【実験】ビー玉サーフィンやってみた
XO2IDxU1pyQ 骨入り！醜い血の色！手羽先カレー！
XPhFZ2R4pj0 家の近く𰙱mの巨大トカゲが出現したらしい捕まえに行きます
XQ3wThYOUWI 万円𰄚mazonですごいモノが売ってたので買いました。そして人の家の前へ
XQh5aiB-y5E しんどいので大量のおそうじロボに掃除してもらお...
XRHCqzgSyPE 徹夜で機嫌の悪い大学生　I am sleepy japanese boy
XStBKicoEow ポイフルでかき氷作ったら絶対美味しい。と思う。
XUdylt_bCd8 Ep 11 Showdown | The Fake Show
XVs99DRupfk Drinking a Mixture of All Kinds of Drinks from a Convenience Store
XWoUJQllRkY 1,760,000円の財布を落としました。警察に行ってきます。
XZCdMgBqFQk トランポリンと圧縮空気ホッピングでスーパージャンプできるんじゃね？
XacTV96QdnU 50人でバスケットボールの試合をしたらこうなる【前編】
XbIkAyGoKlg 主人公って心の声で話し過ぎじゃない？オレもやりたいんだが！
XbxXw8rnBJA 最強の割れない巨大シャボン玉がマジで面白い。
XgvI06oJS-I 【閲覧注意】スーツケースに入ろうとしたら...助けてください。
XiMZsWIHP1I パソコンの熱暴走で卵焼きは作れるのか？
XjSheTE-wSE 【心霊スポット】葉梨トンネル
XjTwECpEf3E はじめしゃちょーで曲を作ってみた年ver.】
XjkYvxglZHI 実家の富山に帰ります。
Xn8htp9Fj6c 1日ヒカキンさんの執事として働いてみたwwwww
XsHkRqyeHaQ (Experiment) Creating a Milky Way One Can Run On Using Cornstarch
XtgRocsuNt0 鏡の自分が話しかけてきたら...どうするよ。
Xv4k3fFBl3c 【悲報】はじめしゃちょー𰀦個目の家をGETした模様。
XwDvu5uoI5k はじめしゃちょーの面白くない動画ランキンST5
XwcAnXqz70o しゃべるシャベル
XyW6qM2KaMo オレが買ってあげ万円のMacBook爆破ドッキリ
Xzkak76ipno 見よ!!!オレの新しいアイコンを!!!　Look at my New icon!!!
Y2gwzCGIgek 外国から商品提供!　Meze headphone 66 Classics
Y2jJjSrZLC4 【精神崩壊時間インタビュー生活してみた。
Y7S5zMvn3HE 指が！！！！！！助けてください！！！！！！
Y8blAw_Bbcc 【検証個の金粉入りペヤングの金粉だけ集めて売ると何円になるの？
Y9iujA4DyOI I ordered a pizza with extreme amount of cheese, and it turns out it was no longer a pizza.
YB-TRtHbMhA ダンボール戦機W　LBXゼウス　ZEUS
YB9E8VVih-Y 【全速力】車が盗まれるドッキリ
YCyRJo07Tjg よいこのプチバルーンを巨大化させる方法
YJgcEJT88x4 【検証】沖縄と北海道だと体重が変わるって本当？！
YKf3joq7m8c マジで分からん。誰かこれの情報を知りませんか？
YKiRRE_3Vhc 【心霊スポット】トンネルの中にやばい像があるらしい
YLMSM70qhSo トロピカルなポッキーとチキンな私。　Tropical pocky
YMIzX-5uYRg 【初公開】はじめしゃちょー𰛡日密着動画。
YNMOahRaQ54 やべマジも年終わっちゃうけど何か質問ある？
YNhKRVn6ro8 【闇】コラーゲ0mgのグミを食ってみた
YNhwweQ8MHE 霊感がある後輩を連れて心霊スポットに行ってくる
YPJgIjnkGM8 大量のアルミホイルでアイアンソードを作る　後編
YViOBzm-kCM わりばしでジャングルジム作ってみた　Jungle Gym made of Chopsticks
YYrHy9L3wKQ 冬に備えて巨大なこたつを設置しますた。
Y_a6LJBDq8o ドミネーターで犯罪係数を計ってみよう！
Ya2uAMI3NoI モンハンXの楽しさを全力で表現してやろう。
YdPYx93VzLI 【閲覧注意%のお酒で未発見のおいしいお酒を作りテェ!!!
YdpoKUYy02A 【心霊】ヤバイ場所に案内されてしまった。
YhRG2H5MAHA 封印されしエクゾディア𰤡ターンで揃えます。
Yifdorjwqpk すごい！！！ポケットに何でもくっつく！！！！！
YirVF-CxjUY まさかオレが全生徒の注目を浴びるとは思わなかった。
YjO8dJZWz6c なんとかしてください。
Yp03C4Q4-fQ お前らバニラの怖さ知ってんの？
Yq9VHbylKNU 電気ショックペンドッキリで後輩を潰す Thunder Attack Prank
YrCl6vH7Irw 【激怒】とある視聴者さんにキレてます。
YuYGhmJueyk 隣の家からの壁ドンがやばすぎます。
Yuv08ANZMM8 利きコンビニ肉まん
YwbIyniKCHY ペヤング焼きそばの種類が多すぎるので混ぜて食ってみた
YyuK-B2lZIA 【ローソン】大福、若い衆が喰ってもええんやぞ。
YzLlnHml6q8 【閲覧注意デシベル以上でねるねるねるね作ったら日񧋁うるさい動画になったwwwwww
Z0SUbg9Dky8 バナナ×スプライトで必ず吐くって本当？  Banana and Sprite Challenge
Z0lKfeIy-X0 牛丼を天ぷらにして食べると絶対おいしい！マジで！
Z2YqqapzpYY 3年間ドンキの激安リュックを使ったらいろいろすごいことになった
Z2tSKAuZEvU 数の子×ワインで大変な事に。。。!!!
Z44egTMCFuU ドライアイKg×熱湯風呂で部屋がライブ会場になった
Z4Goiwsox0w 【検証】トイレットペーパーがずっとクルクルしてたらいつ気づくの？
Z4VkgKVqfmw 私𰓂年򕤺mazonで買ったモノを全部見せましょう。
Z9SkngrD9bU PCの中から大量の蝶々が飛び出すドッキリwwwww
Z9jAPTfAqug 【感動】夏の終わりに聴くと泣け𰢻GM探しました。
ZETIywG1PLs 【大量】汚すぎる部屋で大量のコバエホイホイを設置した結果...
ZIP3RCxLRwA 謎の犬の新しいLINEスタンプがセンスありすぎるwwwwwww
ZKFgWN7K3SM ケツからかりんとうドッキリ
ZLV-efJ72C8 【世界初】絶対に芯が折れないシャーペン　デルガード
ZPHmw_fvEuk 低評万越えの男がYouTubeの低評価に非表示について話します。
ZQYu4_omNnk カイ枚使って鉄球作ってみた　後編　𰀋ig　metalll
ZRMMPDCBtEQ 車で右折と左折を永遠に続けるとどこに到着するの？
ZRQlbFxsV1w 【検証】週何ですき家の牛丼食ったら飽きるのか？
ZUKS813wCRA 【検証人でたけのこニョッキしたらいつ終わるの？
ZUMKcIQ50Ss 色々あってしばらくこの部屋で生活します。
ZUu2ks12JGk 【ドラクエ】RPGの後ろの仲間、現実にいたらウザい説。
ZVmEak92oFg 登録 0人挨拶とオレ学生日本一youtuber?!
ZY8IhGJbgZY 調子にのってるヤツは足元すくわれろ
ZZpjDKzQu7Y 【閲覧注意】感染症になってた。
Z_Ym00FFUD0 からあげクン　?味　［ローソン店員がレビュー］
ZfpHlz-ShpU カフェラテ　ハニープディングe Latte  SWEETS FLAVOR
ZgoIFDZHYyk 勉強って何やればいいか分からない人。良かったら見てください。
Zn1zoj1jMu4 【検証】紙ヒコーキを浮かせる方法があるらしいよ。。。
Zo3LRrFiR_Y 仮面ライダーウィザード編　仮面ライダーキッズ
ZwDoWd3cM0s 【受験生へ】オレのセンター試験の時の話。
ZwQ8G1DrGRE ぜんぶ子供たちにあげたわ...( ˘ω˘ )　I gave kids all chocolates
ZwlwqYf9YSc 腹筋をバキバキに割りたい人へ。最強の方法があります。【腹筋崩壊】
ZxNdZQhdGlo 世界一の紙飛行機が売ってたので買ってみた
ZxklkVuA-yA 巨大なスライムをなんとかして風船にしてあげたい。
ZxlxTtcCerA 【突っ張り棒】協力すればできると思った
ZzkYuOq7BBo 100人で心霊スポットに行けば怖くない説
_0ZNWzhrYII If I throw the super slow ball that takes 10 years
_2ZTPlTZy-Q 動画をしばらくお休みします。
_3F7jJ9jC9A もやし男がマックのポテ𰲁Kg食う(予定)
_3lkoLGezuk コメント欄のケンカを実写化してみた
_4l0DFDUCrA 本当に記憶を喪失してしまいました。
_5mpu6EoC94 オレたち、イケメンオーデションに応募した！！！
_7m2_Rk97dI はじめしゃちょーがsumika「Lovers」歌ってみた【THE FIRST TAKE】
_9BhuBuY5D0 はじめしゃちょー年反省会
_CR3U1MHuVc ジャンプ񒦲m！時km！最強の飛び道具 ジャンピングホッパー
_EOwXRhNanY 【衝撃】はじめしゃちょーの月収大公開！！！
_FOHq5TBXVA LINEが...来た...【ビー玉】
_LA0bW6-6GI お城の玉座でイス取りゲームしてみたwwww
_P8WQhT-VJ0 【最終回𰄛IGチョコたちは結񜐁つになれたのか
_VwZg5xUSpg 友達の任天堂スイッチにコーヒーぶっかけてやったwwwww
_XGAU8WYFfM 【俳句で会話オンラインやってみたら面白かったwwwww
_Y9fMbG3Pr0 劇団スカッシュさんと水浴びに行ったぜ!!!
_YQd2IpZSbA 血圧を限界まで上げてみた。
__SziFqTJoY SP連れて卒業式に行ってみた
_aLG-_tyVKU 白髮になれるシャンプー使ったら髪が紫になるドッキリ
_brdvweCsO8 Pokémon Go − starring Hajime
_cg7zDUlPoY ゴキブ匹でドッキリ
_dNM0WBfRw8 大ケガしたメンバーがやめます　Retire my member
_fv05ENRgqc ブランコ飛び降りでローションに着地できるか対決　Lotion Battle
_gatUfCgh7E 【閲覧注意円の鼻洗浄器で鼻水をブチ倒す
_nmjJlSvyPk 熱あるから辛い物食ってブッ飛ばす　I am a GOD
_pnsvItx68M 大量の電動歯ブラシで超歯磨き Tooth Brush Boy
_qFlKJxSVgw 後輩の顔がすごい事に。うわぁぁぁぁぁぁぁぁぁぁぁ
_qT0eL0IaqU 寝ている間にハイブリーチで髪を染めてあげる
_r504mWi_kE 巨大カボチャを頭突きで破壊　Pumpkin Head Butting
_tNs2CTaVdY 自分で野菜ジュース作ってみた　後編　I made original　vegetable juice
_u1DWkQQczM 標ｍの神社?!　Japanese great shrine
_ukRZqwVvY8 もやし男がマックナゲット個食う（予定）
_vGZ6srpmVU カラーボールたくさん買い過ぎた。部屋が大変だよ！
_vkZCMd5kCI 納豆に合う食べ物を本気で調べてみたよ！！！！
_w7WS0Crjoo ポストと間違えて手紙が入れられるまで帰れません。
_wov58ltj-Q 【怒】オレの弟の偽アカウントがあるので成敗します
_xgchfDh_Fg ポッキ本食ってみた
_xxFzsmhATs ガチで輪ゴムで綱引きしてみた
_yHJY2wvoac 絶品!ゴーゴーカレー
_zaWqf8qKxo YouTuberの編集ミスあるある
_zsrFLj5IGE 屋上でサッカーしてたら長友選手が突然インターセプトドッキリwwwww
a1UNAHeG97g 【最先端】ガチで進化するペット
a2g-paUnyms 幽霊を見つける方法を発見しました。さっそく部屋でやってみます。
a3LVRbFpssQ 人生最後のテストが終わってしまった。
a50zT9lrmcw ［ドキュメント］オレとGALAXY 銀河
a5Niyn9tAbY 野生の熊に会いに行ってみた
a6wG-8E8jQI 【闇】臭く辛く酸っぱく苦いお茶を作りましょう。
a8rnLiWFP2Q 【異常事態】肌が痛い。病院に行って来ます。
aGsbo1G0q7w 呼ばれている。
aKaNxRoigf4 引っ越します！さよなら静岡！
aMVWYXWw98Y コンビニのパン全種類を混ぜてみたいと思ってしまった。
aN_V9Oavhls 最強？ウルトラデスソースとかマジ朝飯前
aOsZk-qIxmY YouTubeに載せてはいけないガチャを全部回してやりました。
aPx2HbAt0tI 【簡単】アイスをパンにする方法があるってマジ？
aRkhUMSsMUg 【実験】限界までダーツ投げるとヤバイ事が起きた。
aSpY4zCa2VQ Kcal】ペヤングGIGAMAXマヨネーズMAXがデブすぎる。【マヨラー歓喜】
aT2koydSvak 利き牛丼　Gyudon Master
aVW92W2Ejt4 オレの中で悪魔のおにぎり美味しすぎて無限に食べれる説浮上。
aXkwWEBnzEQ 成人男񠉲人がシルバニアファミリーで遊んでみた
aXp_v-U5Mao 財布を無くしました。
aY6aJ9knVSk できるだけ高めにタワーゲームしてみた
abRL-PhQ95Q 例の危険液体は寝てる人にも有効なのか？
aeaqUNyyu2A ほお。君たちがチャンネル登録者日񧋁位のキッズラインかね。
af7Z6SOd7e0 【検証】どんな紙も絶񛿩回以上折れないって本当？！
afpeloW7LbQ 【感動の映画ttle of The Earth 3
ahC9m-9VSVU 小顔になれるフェイシャルフィットネス　PAO
ahUcGBFhMK0 μ’s の声援を受けて、スクフェスでフルコンボに挑戦。 Part3 【 Game Week with Google Play 】
ahspMaOzt3g 南の島なうなんだけど
ai11FnFH1hQ 1週間ギリースーツだけで生活してみた。
alHgr-tsNN8 【閲覧注意】ゴキブ𰺣,000匹が部屋に散らばっているドッキリ
anrfau6T7oo わ！UUUMからとんでもねえプレゼントが届いた...！
aoRfUz2meTs 【スイカ割り】液体窒素で完全凍結させれ𰜁発で粉々になる説
apGBzS55NwA 家の中の全ての飲食物がデスソース入りだったら。。。
asIO8BDcG6g ラブライブサンシャインを観てガチ泣きす歳成人男性の動画
asUaxJ_4luI みなさんにお願いしたい事があります。
atBitrOkJZk 那須川天心 VS オレ（最強の衝撃吸収ゲル付き)
avnfGZMN7tE 通りすがりのおじさんをビンで殴ってみた
awyTVXsirIg 遊戯王カードの神、街に現る。　The God of Yu-gi-oh!
ax0zM31thj0 【過去最強】辛いの無理なオレが獄激辛ペヤング食べた結果wwwww
b-s-ZO5l5GU 解散します。
b0DQcwfpxyo 金色のコーラを発見しました！
b0Q8XTmXZ84 [ Part 2 ] ラミレス現る！パワプロ選手VSプロ野球選手 : Google Play Game Week
b1oUkTxAasU 男性の全身レーザー脱毛ってどこ𰓁番痛いの？
b7idk-AVuvU 【+1 FES 3rd STAGE】誰が最強？YouTuber瓦割り対決！
bAmsTcTFWfI １円枚でだるま落とししてみた（かった）
bCk3tsXiBzk 【騒音】目覚ましブブゼラ
bGYbgxDv3t8 【事件】コムドットやまと。盗撮した人が変装したはじめしゃちょーでもキレ過ぎて分からない説wwwww
bHNg9rfoCbI バカな後輩ならパイの実がめっちゃ大きくなってても気づかねえよwwwwwwww
bOUeJm075Mg 【百獣の王】オレの家にライオン来たんだがwwwwwwwwwww
bPB1fH5kHkA 上海でしか売ってない鷹の爪を変な感じでレビュー
bW446eo61PA 【豪邸!?】これがはじめしゃちょーの新しいお家です。
bXQonRRSCLE ワキガアームレスリング𰀊rm wrestling
bZMAV-4dGUQ 下敷枚で最強のバリアを作ってみた
b_iGBVrHVVE 突然のおもらし失禁ドッキリ Incontinence Prank
baCoq8klIM0 【なわとび】はじめは二重跳び何回できるのか
bfWqN2BpsN8 【MV】YouTuberあるあるソング／はじめしゃちょー
bggn906cVRs 海外でバズったバケツドッキリwwwwww
bhf-B28pxyU 「RTされた数だけ階段登ります」結果wwwwww
bjfptMr9UXE 3億円の豪邸が何もないので爆買いしてみたwwwww
bkE7aJYqwdk 黒いペヤングやきそば　イカスミ　漆黒のソース𰀋lack noodle
bkwIxz8RxKU If you make me laugh, you win! ? Welcome to Hajimonea.(But in 2016)
br2XNwXXSJg 【遊戯王】オレのデッキの値段がヤバい。余裕万円超えてるwwwwwww
buqZQJ3R4ow 【鼻スパ】質問リクエスト答えます！
busCdhA7_sA 【検証】車のタイヤを接着剤で固めたら発進不能になるの？
bwjdfjndV5k これがwww世񵓁巨大なwww人をダメにするソファwwwwww
bzIbaTzqSas 【クローズアップ現代】のオレのトマト　My tomato
c0xp_moxr6A 【痩せる】水をジュースだと錯覚してしまう魔法のコップ
c3VlVblEPtA え？！ペットボトルのフタが戦うだと？！？！？！！？
c5Sk2x6sMPg トミーを大量のピザ。カンタを大量のエロ本で捕獲できるの？
c5uBNIbU-X4 Ep 4 Stalker | The Fake Show
c6P3fWe1AfQ カップ麺の売り上げTOP5？余裕でわかるよ？
c6YTN1yBOXw 世񵓁飛ぶフリスビーすげえ。世界記録目指せそうこれ！！！
c7ymiJeLH0E はじめしゃちょーの発表会【後編】
c9trXgTj9Ak 【妖怪現る】心霊スポットどうでしょう【明治トンネル】　part2
cAMcWSIY5js バブルボールを装備してればプロレスラー何人いても余裕じゃね？
cAhnU1wZJHQ 【検証】香水𰤡本全部使ったらどれくらい匂うのか？
cE7pVims30M 公園で大学生が暴走┏┗(´ิq´ิ)┓┛ｷｪｪｪｪ　U.K`s park
cH-3rwn0aCA ブロックで家を作ってみた。リアルマインクラフト マイクラPE : Part 1 : Google Play Game Fest
cH4E1Kgx5mQ 【復活】禁断の遊び。トミックゲーの遊び方
cHsbtP1cqsU 青きサリー肉まん　モンスターズインク　Monsters Inc
cJ817PN4SZc これはオレのしたかった東京の生活じゃない。
cNvR65o6mEI 5年間お世話になった大家さん。東京引っ越しの話をしました。
cPvRDJX1F84 万円企画】池が完成しました！名前を決めます。
cQHJZy3UKpc 1000万人突破を母さんに電話したら泣いてしまった
cT9ODHVh4bo 想定外ガチャを全部回したらまさかのアタリが?!?!
cUEx3l1JZhk とろける生チョコアイス!!!　セブンイレブン
cUmKUjYiCk8 【モンハン】自分でガンハンマー作ったら大爆発した
cXyn2bj5T0M メントスコーラロケット𰀌oke×Mentos Rocket
cZLbBhcYoTM まるで本物の鳥のように飛ぶトリのおもちゃがすげえ
ca-kJXshqds セイキンさんは大量のチョコエッグで捕獲できるのか？
ceCZkhswZ0I 日本中のサイダーを全部混ぜて飲んでみた
cfu2R3GI2Qs 足の裏を破壊する地獄の廊下
ciHLiiacjNc もし現実世界にクリーパーがいたら マイクラPE : Google Play Game Fest
ckxgfdRzzu4 6年間YouTuberやってきて思ったことを真面目に話す。
cn8JjvcTQJ4 【バスケ】最強の磁石をボールとゴールにつけれ%入るんじゃね？
cy96Bf8ZCNM 100人で聴けるイヤフォンを発明しました。
cyOLhgDsXZk 【狂気】いなさそうな動物の鳴き声選手権
czdWWvcvCFs カップヌードルの中が全部謎肉になってるドッキリ
d-BhNjp3O7U リフティングできるシャボン玉
d-Z0eFGXS7Y いろんなYouTuber𰚱億円掴み取りさせたみた【Part2】
d3C3k8KEns0 はじめは完全におこている
d8CK_dvURic GACKTさん。オレGACKTさんみたいになりたいっス。
d8GFTVEWadY 食べてた牛丼が牛に変わってるドッキリ
d9Ek4l_vPYc ペヤング×日本酒が超おいしいらしい?!食います。
d9nlxAoLJfo 大量のスポンジを装備して海を航海する　Sponge God Hajime
dAW70Dv1t68 はじめしゃちょー。バイクを買う。
dBDDfQGsriU 通るだけで大量のボディスプレーが発射される門を作ってみた
dBDrqgW1rnM 日帰り名古屋と後輩に飯をおごるイカした私　Nagoya
dDnMb8CToVM 【文房񑝱位】スマッシュ　シャープペン　ぺんてる　
dF1utzptaXA 服の中に住める時代が来ました。
dFPcx3lglew オレはソリで滑りたかっただけなのにすごい笑われた。
dGHc6Grdt64 チャンネル登録者万人いったから飲んで語るわ。
dGp6PPw0ODc 初期のしょうもない動画
dM72C1wn9Mg スマホでも人間を作れる時代になってしまったか。。。
dMcx2AiIUZI 【モテたい】はじめしゃちょー。ローランド化計画
dOI6vrmg9Aw バレンタインデ𰿊nd誕生日でした！！
dOVZarEVutU 留学終了!とホテルあるある。
dOggvmtLk6A はじめしゃちょーのスマホ内の動画がひどい件。
dOxHKEFmHlk 【恐怖映像】オレの後輩がマジで怖すぎる
dRCFMYkaFtY カラオケで入れた曲のラスサビ永遠ループドッキリwwwwwwww
dRv1HnHjqkw コーラ×ブレスケアの破壊力がもうなんかすげえ。
dTWkQnAq24c このカードは相手プレイヤーに直接攻撃できる
dTXo2h0altA 1週間𰙵キロダイエットした男!!!  -5Kg weight a week
dU7jdgUpd74 マシュマロキャッチ世界選手権　Throwing Marshmallows into the mouth
dV0MzGp6fBY 【検証】人はドアノブがあるとドアだと思い込むのか
dWRxVK8prpo 1週間「脂肪を減らす」飲み物だけ飲むと何キロやせるの？
dX9NNHV3bRU ジョージア　コクのブラック𰀎UROPEAN GEORGIA
dYC3AxeJGVk 1番美味しいと思う辛さのペヤング？本当にそうなの？大丈夫？
daTe_nX9t9o ハンバーガ個分プレゼント　当選者発表
dajr5a1Jeg8 񻋃の移動体。LMW TRICITY！そして大島優子さん
dc-u-haRjvw 激辛の麺類を全部混ぜて食ったらどうなるの？
deNd_62dQcM 最新の球体ロボット-8 【スターウォーズ】
dfqtUU5JowM 金縛りに襲われました。助けてください。Sleep Paralysis
dfvcOFWfGZE 巨大なクリスタルを育て続けた結果。。。！！！
diVoqY4taKY 【検証】バレずにどれだけ汗をかけるのか？
dkcelU3H8DY やってはいけない禁断の儀式をやってみた
dlqicqhn__Y アニメの女の子と一緒に生活できる装置がヤバ過ぎる。
dmpYE9u3cr4 ,000枚𰄓年間集めた遊戯王カード全部売ったら金持ちになったwwwww
do4PvmAyE9Q おいコムドット。お前ら上なんて見てねえだろ？
dpNIE-fk84A 【検証】世界大会１位のデュエリストに何回目で勝てるのか。
dpWJFgTX1lQ 【閲覧注意回転してスイカ割りしようとしたら...
drlakepkSv8 大御所YouTuber？このオレがぶっ潰す！
dt27wHrf0VU ひとりぼっちの君へ。
dtwtNzqtTtI 家にいたら特殊部隊が突撃してきたんだけど【ドッキリ】
du0_sIepM3s 【天才】寝てる時ならピアス開けても痛くないのでは？！？！
dwnw5eXxGI8 3億円の家リットルの危険な液体で実験したら庭が終わりました。
dxlTibSW1E0 東京じゃがりこ　華麗なカレー味
dyH_oP3Wer4 【即警察】さて万円の財布盗まれた男。
e5Zz8jpGs_k 【異常】青森の心霊スポットが怪奇現象だらけでヤバい。
e6KqGnzuGCk ［危険］きき歯磨き粉　Judging tooth paste
e7vHPb6gq0o (Serious) How to Make Perfect Supergiant Slime
e81wiTx6OVo 1円玉枚積み上げるリベンジ
eAGAxQsoXR4 I'm leaving Japan.
eBNI9v33WMY はじめ、東京ゲームショウの１日
eBrFgl7PYGs 塩が弾になるショットガンで後輩を撃つ
eDMRpI9Z8AY 【検証】男湯だった温泉が突然女湯になったらどうするの？
eEUIEcEOy6M 無印良品のカレー全部混ぜて本当に最強のカレーを作りますね。
eExRLexFWio 【簡単】入浴剤で小型ロケットミサイル
eFNlQCj0WV8 ヤバい実験したら家が終わりました。
eFqyHLN22vI 1億円ってこんな感じだよ〜
eG0J1H-kHqw オレの恋愛の相談を聞いてくれ...
eRcrvDa6eVo 真夜中の笛の妖精はじめiry of  Whistle
eRiVcTBUImE おまえら。私に相談しなさい。Please consult me
eSRL6zOeJ30 クルトガとαゲルの合体　ゲルトガ　uni
eUrDikzZih4 後輩の車に蜜を塗りまくって山に放置したらカブトムシ何匹捕まえられるの？wwwww
eWl1Ak9d-9k 知らない人𰛪mazon欲しいものリストを勝手に全部買ってあげたらどう反応するの？
e_AQy2465b0 誕生日𰚱人で部屋にいたら誰か来てくれるのか？
ecRRUEFrsfo スーパーボー個を叩きつけるだけの動画
efgJz3M0dvs 後輩のヤバイ口癖が止まらなすぎてなんとかしたい。
eiwImzCkDWQ 仕事がない日のはじめしゃちょ𰿁日密着動画
ej0onIHBJkU 世񵓁不味いグミ？余裕だろ　 The most disgusting gummy
emHA0cU2k7A 【驚愕】とんでもない額のあれが送られてきたんだけど。
emKTq16mrtQ 全種類のチーズを混ぜて最強のチーズ牛丼を作るよ！
eormNzL99yg 勝手に作られたオレのゲーム怖過ぎ。でもクオリティ高過ぎ。
epAKF8VqcZE ドローンと人間でかくれんぼしたら面白かったwww
er60Mb7jUv8 全てを繋げる!最強の補修剤の実力とは FiberFix
erwwGujvntk 【地獄】ランチパックで神経衰弱してみたらランチどころじゃなくなった
esIhqKnYTlM 【危険】怪しい人にマジでやってはいけない儀式を教えてもらったのでやります。
espHv93vnLc 感動できる絵本？余裕。泣かずに読みます。
et9hHFQ1JRA 今できることって何だろう？
etItQYHzlao オレ、ギャングスターに捕まる。
euNrgbsojaM 金の再生ボタンを銀の再生ボタンとすり替えると気づくのか？！
ewjs2aqkmXw 【高速】電動ドリルでなわとびしたら何重跳びできるの？
exCXZRy1Uz0 【世界最速】iPhone11 Proの容量を自撮りだけで全部使った男。
f05kLXq8Fi8 超巨大スーパーボール作ってみた　Huge Bouncy Ball
f0mHh4H9tOw 大量の知育菓子で本格ケーキを作ろう♡
f280_Qf6WZw 天空からコインが突0枚降ってくるドッキリwwwwwww #shorts #PR
f5MNXoG8WtQ seball】If I wait the fly ball that takes 10 years
f6sxrpivP_E 水の上を歩く？！アクアボール！
f7XA3KP9Ic4 ◯ックス◯いゲームを開発しましたwwwww
f7rrRhvniXY 一緒に住む人𰓂人増えます。
fALn-Fi0Qds 笑っちゃうぬいぐるみ!大爆Show!
fAecZgcA2r4 【検証】日常の道具はテニスのラケットとして使えるのか？
fAf4Kw7FfJ4 【ほぼ全部】オレの枚売ったら予想以上の値段になったwwww
fBRoZYYzckM 純水ななっちゃん　NATCHAN
fDSedM21yPs 寝てたら知らない人に囲まれてるドッキリ
fF70o-DO8Vg 【心霊スポットどうでしょう】倶利伽羅トンネル Part2
fGnwHKNTfaA 【奇妙】ヒカキンさんにしか見えない人𰓁日中めっちゃ倒れてたらどうする？
fH4cReISRHA はじめしゃちょーがチョ0個配ってみた結果...
fJql2hZqwEk 間違えてストロングゼロ買い過ぎた。
fL259VOcE_A 【涙】イ個つながってるドッキリwwwwwww
fN-Tlgz31UU 巨大スーパーボールを炊飯器で炊いてみた
fPfpQ-3DSTY オレ様に質問や言いたいことはあるかい？
fRvs1UtB_Nc 50人でバスケットボールの試合をしたらこうなる【後編】
fSaob98fwZc 【実験】感電人連鎖って出来るの？
fXLOIQib2KE 世界最速の回転イスを作りました。座ったらどうなるの？
fb5e5BCJM2o アイドルと話せる！はじめと話せる！トークアプ
fgZEksU3Trs 巨大ハリセンぶっ叩きマシーン
fgZxDPUmoL8 カレー種類の食べ物を隠し味にブチ込んで食ってみた
fgdNbH2LXik 着るだけで筋肉がつくTシャツ買いました。これでマッチョになります。
fizz93qtp6I 佐野実　醤油らあ麺　カップラーメン　Japanese Noodle
fmk_16fNvtA うわぁぁぁぁぁぁぁぁぁぁぁぁぁぁ滝ぃ
fpDhVWPECT8 再生回数が少なくなった理由　Why the number of views decreased
fpjNOBA-s3E 見ないと人生損するアニメ񻋁位は...
fpnAtW6LBwk 髪型のイメチェンをタイムラプス撮ろうとしたが...𰀎X-ZR800 CASIO
fsPOWsGtp7A はじめ、電動自転車にハマる。
fsnzwE7fLr8 レアアルパカ兄さん部屋に現る
fsuJEW_d_uc 50,000円のカツサンド売っとったwwwww
fwRg98YC53c 徹夜したから水なしで激辛ペヤング食える気がする　I am a super man
fxb6xH6g57c MOW ダージリンティー　tea icecream
fzbWpqE15zQ チョコエッグ　ディズニーキャラクタ𰿌hoco Egg
g02dXSTVvVQ はじめしゃちょーのマジックショー
g4Hv42bwKv4 【検証】絶対にはずれないメガネって本当にはずれないの？
g4wkhU3OuIg 【実験】水の中だとハサミでガラスを切れるらしい
g7fYeCTFPPI 【最強m分のバネが飛び出るポテチの筒を作ってみた
g7sFdNmdQ5Q オレ…家族の絆を確かめたいんだ。
g8ngFK7e7IY 同じ場所しか行かない男が静岡のおすすめスポット紹介してみた。
g9xGxKh98N8 【再販予定】はじめしゃちょーTシャツ！出たよ！
gB1SRBZXNW4 最近透明な飲み物多すぎじゃない？全部混ぜてみない？
gBE5BfvUtQw 一瞬で恵方巻きを食べる方法
gFB9Ut-YlOo プリクラは何人まで撮れるのだろうか...
gHEqrNZmI1M 世界最弱のオセ𰻚Iが弱過ぎて絶対勝っちゃう件wwwww
gMDjVEhOKaI 寝起きの神は目覚ましを何秒後に止められるのか
gMGDjgc7uLE 雪たくさんただいま富山県k to Toyama
gMijnAH0gqM 【危険𰄚mazonに売ってる最強の護身用グッズがヤバすぎる。
gMniRgktjj8 最強の電流が流れる腕時計？そんなので私が起きると思う？
gPqAvYC8p1Y SNOW使え𰜁人でも寸劇作れるんじゃね？
gTFzxpsjLj8 はじめ、憧れの声優さんに告白!?
gUBXahWOKII ヘリウムガスリットル吸うと声はどうなるのか？
gW51vj6O60g If I try to gargle with Liquid nitrogen…
gXOKifymiL4 所沢に恋人ができました！
gYGxE99c4Ok 【検証】も𰕳万円が落ちていたらどうする....？
gZmbv7DsYZQ とりあえず店のデュエマ全部買ってみた
g_504hsFVMA Midnight Mcdonald`s
gcIRhELR3VQ 大量の浮く甲羅に乗ればオレも浮ける！(気がする)
gdNnt6-ZI9A If I put Mentos into coke and oil…
gevr_GJpXLg 【超大容量𰄑,000,000mAhでスマホを充電してみた
gffLpQ1Q_rU 飲んでも中身が減らないマックシェイク
goOgi_W-L3A 板チョ枚？瓦割りしてやんよ。
gq1zlPq-GL0 外国版チョコエッグ𰀌hoco Egg
gq2RPaYUPow 23歳になりました。はじめしゃちょーです。
gr0IR-BYIb4 はじめしゃちょーの光と闇
grRWJvQuaU0 【実験】薬物を友達に勧めるドッキリ
gtNVwEyNtCk テスト中にクラス全員のペンに電流が流れるドッキリ
gw7EkviaAII はじめしゃちょーの質問粉吹雪
gxsOZp58khY 【検証】成人男性何人で重なるジャンプ倒せるのか？
gzESogpdOfg ［戦慄］激辛ペヤングにデスソースをかけるドッキリ
h-H7K2gdcFk 【最強万円の超速ミシンでトントン相撲したよぉ
h-fmJUlWlRw はじめの恋愛と受験失敗の話
h08O4lzsuoM 一眼カメラクラッシャ𰿂  Camera Crasher SONY NEX-5R
h1MwJp2Mv0A 【ポケモンGO】日本で入手不可なポケモンが出現？！行ったら地獄でした
h1ciPU5fumA 【重要】はじめしゃちょー偽者について！！！
h2_gf-RJg0A ヤクルト早飲みでオレに勝てるヤツいんの？
h32ujpqxUj8 はじめさん髪型はどうなっているの?!　My Hair explanation
h3DJubq4aE4 所沢を真空状態にしてみた
h6mdBBF2afA AKB48ちょ！　つながるストラップ　ぷっちょ
h8C9LDfj4mE YouTuberになりたい小学生に物申す！
h95FpF7OxNU 本気出せば授業中にねりけしってどれくらい作れるの？
hBnbQQPQj24 【演技】表情の大切さがとても分かる動画
hC835Pu7GhI 一瞬でできる！全身脱毛の方法を教えましょう。
hCX0tnxS89M モンスターエナジー×コーヒー??　X-presso Monster
hD1_1ErWsRU 渋谷PARCO貸し切っ万円分服買う。
hEfZW3nZRvU 鼻の穴からピーナッツが出ません助けてください
hEiN5v0O8Q8 【文房具】多機能ボールペン最強はどれか？
hFCmOHdAW5M 𰄃年前お蔵になった動画𰄚mazonで買えた爆弾がすごいwwwwwwww
hG8VIhFYZI0 はじめしゃちょーがあの子にメイクしてみた
hIXJo6_r0O4 ワイは家の中で本格ガチおでんが食べたいんよ。
hJ6J-pRggfU 【さよなら】春からイタリアに行ってきます。
hJKOKzmi2_k バックで駐車してもブレーキ踏んでも止まらないドッキリしたら…
hJqXuC-GrTo ハンバーグぶち込みカップ麺　Goota
hMpNc7xVxA8 これつけたら魚みたいに泳げるって本当？
hN3CtnDA2Lw 二人羽織でなんとかピザ受け取ってみた
hNc0om0ZvMs へずまりゅうと迷惑行為について。
hOlM89Aea3M コーヒーって種類多すぎて意味不明じゃね？【微糖・低糖・甘さひかえめ・カロリーオフ】
hPEEoyWRWII 「めっちゃ」の｢めっ｣と｢ちゃ｣の間を無限に伸ばすとどうなるの？
hQA0dooedo0 【遠隔操作】パソコンが暴走してめっちゃ削除されるドッキリ
hQbrhx-zkok 【バスケ】スリーポイン0回練習したぞ。
hRz95SXcreo 【恐怖】起きたら大量のタピオカに囲まれてるドッキリ
hTe_zdci5Do ぎゅっと生キャラメル　ウチカフェスイーツ　ローソン
hToqnhQMRhI 史上最強の激辛ソースを大盛りの牛丼𰚱滴入れてみたよ！
hUkAv9ttk5Q ヒカルさんに縁切られました。電話してみます。
hb6nCf-aRX8 A Test of Courage in Reserved Toei Kyoto Studio Park
hbgq85GsymE 間違えてバナ本買ってしまいました
hf-r1r9I8AQ 日常にゼルダの伝説の効果音を混ぜてみた。
hfko8ydN07U てるてる坊主個作って雨を止ませます。
hfnAoRIq1Jk やべぇ…最強に人をダメにするクッションが出た…
hg92oBZxClc マスオさんは大量のエロ本で捕獲できるのか？
hgDtPLirB9k イタリア,000円ぶん取られたんだけど...
hgapEiQIkDQ 全部吸う謎のおもちゃ「すっ太郎」が意味不明過ぎた…
hhqaPSnPoYA 駅前とかにありそうなカフェあるある
hlFtdmtyRQQ ニキビを治𰖔つのポイント
hmdArZ1k-q0 【悲報】車を買ったんだけどまさかの...
hpZPZ24DwW8 ワイン全部混ぜて飲もうとしたら倒れてしまった
hqAMwOglkJM ベイブレードの作者からあるものが届いた！
hqjm2nrdlBc 高音出んけどOfficial髭񵍽ism「I LOVE...」歌ってみた 【THE FIRST TAKE】
hrYea7gSgfI マジで経験したコンビニあるある
htjy-dr5VpU 【絶対折れない？シャーペン】orenz（オレンズ）の新作が出た！
huAs7CWCqTA リアルなヨッシーフィギュア　Real Yoshi figure
hudy97XHfxk 水族館に斧が刺さってヒビ割れるドッキリwwwwww
hvPBy6bydq4 全てのコンビニ弁当から最高の具材だけを使っ𰙡番おいしいコンビニ弁当作ってみた
hvgC4ueF6A8 【音量注意】目覚まし銅鑼ドッキリ　Gong Prank
hz4pq6_fJr0 【検証】コカ･コーラ𰓁番美味しいのはどんなシチュエーション？
i-xxnjp-6DA はじめ氏、パタパタバードを飼う。
i0RSA6kYeaY ガチで運動不足だけどスノーボード行ってきた
i1sSQ4wrfcA 【閲覧注意】キッチンを半年放置した結果wwww
i47joT0x2GU 【危険】デスソースで水鉄砲バトルしたらこわかった
i6IFSqe6Tx4 【全力】ぼくはシャーペンが大好き　I love pens
iA-mDzFgWsY １メートルの巨大菓子を一人で食う大学生　stupid japanese boy
iAiV32tD7zw 心霊スポット行ったらガチな心霊現象が起きた。【前編】
iBfsoJtQhro 【暴走】うるさい񵍴人でラウンドワン行ってみた
iDIE2nr9Uc8 はじめ、デザイナーになる
iFpkR_8WOnc 【激怒】最近ガチギレした事全部言います。
iGrWjPxmwNw 人間ドックの結果が…再検査と精密検査に行ってきます。
iHK7BKjcSJ0 誰だよオレん家よじ登ろうとしたヤツ
iIIfALo7VAk 廃墟に行ったらメッチャ心霊現象。
iIJYaHd2DYg 【閲覧注意】人間ってたまご何個食べれるの？
iIqZXyetOSU 【ポケモン】ダンボールでエアームド作ってみた Pokemon Skarmory handicraft
iNWGV668v_U 超巨大メガゴキブリドッキリ
iPcduX_QI5Y モンテール 手巻きのロールケーキ　MONTEUR
iPjTbKKeq4k スマブラ世界最強の男 VS 何でもして良いはじめしゃちょー
iRKpT9gCcPw ここが私の新しい部屋だ....!
iUMLyqYaVho 【爆買い】ヒカキンさんにLINEでめっちゃ貢いだらどんな反応するの？
iUVEVl1jV_w UUUMを脱退するYouTuber多くね？
iUtiwvuFprI 【七夕】短冊ってたまに面白いのあるよね？
i_WogBhpqlU 襲われてる美女に突然変身ベルトを渡されたら「変身！」って言う説
ifezfcTc4p8 身近な物でバンジージャンプをする方法を考えました。
iitniY44gmo Powerful Body Exercise Using Ultrafast Vibrating Belts
ikIV_H6gylM 起床したらゴブリンだった件。
imhTdvVxv2w 野򃷁日これ何本？
indZDzBOQUU 6年ぶりに銅羅で起こされたら同じ反応するの？
ipELof2n20o 本当は怖い５月病の症状。
ipYQATsdGCA お茶の違い？余裕で分かるよ？
ipwD3t46C0Q 【芯が折れない?!】オレーヌ　シールド
irJZw3ox6Vw 無料でマンガが読み放題!次世代マンガアプリ𰃌omico」はじめ×PDS　前編
iwfNve3MPZw 【ぼっち初詣】はじめの運勢は？！そし年の目標。
ix8Q_-6anEQ ドミノピザの裏メニューに絶対食えない量のヤツ発見wwwww
ixMUNVUWr6g 【閲覧注意】卵＋マーガリン＋コーラ＝バニラ味？
izhxD6ZWqk0 ［魔術］物を一瞬で消す男　I can delete something
j-6w9eC5oRs 【不思議】何回カギであけても開かないドア
j00KVj6CLDo ニベアクリームでお風呂作ってみた　Nivea creme bath
j01WVKBg8bk 【恐怖】パラノーマル・メガジュカインビリティ
j0P7mwPaXhI 誰！こんなデカイ物を送り込んだのは！
j1X8UvdgvP0 心霊スポットどうでしょう【明治トンネル】　part1
j25pjYksraQ 【コアラのマーチ】新種のコアラ考えたら商品化されてしまいましたwwwww
j2_CSj4ESls オレずっと筋トレ続けてたんスよ。
j5b07RL4YVs ペヤング全部混ぜて最強の焼きそばを作る𰀊ll peyoung in one
j5fjag9GBhQ Kg】巨大なアルミ玉の断面ってどうなってるの？切断します。
jB29eJ8yr_k 【衝撃】ヒトがエイリアンにさらわれる瞬間
jC7CU8VPZxk 【超カンタン】炊飯器でアニメみたいな巨大ホットケーキ作ってみた
jCQhc1A-_n8 ジェットコースターのレールの上を歩いてみた。
jDJKXDELkTs 最高にかっこよくヨーヨーしたい
jDkzG4bpwyA 甘党がペヤング激辛やきそばを食べるとこうなる
jE-TLFYRTqs シュガーソングとビターステップ歌ってみたけどなんか文句ある？
jFCMaH9mjuk 銀のオレVS.金のオレ
jGatnc_RXD4 【泡】ハンドソープ何回プッシュできるか選手権
jGqRwRLS88o 車がなぜか揺れ続けるドッキリwwwww
jJSJ7ELVY4c ℃のサウナが本当にヤバいwwwwwww凍るwwwwwww
jJYaqz2MZCI 誰でも遊戯王を始められるデッキ
jKIV6Zyr_pE ペットボトルで野菜を作ろう　petomato
jNtGsRrTWlo 後輩のサイフのお金を全򐺁円玉に両替してあげてみたwwww
jNtcmJdrG0o 本当にお腹がすいた時  I`m hungry
jPFWfnOHyXc メルティーキッス　whip 淡雪キャラメル　Meltykiss
jR44vOqbnSI かたっぱしから青汁を混ぜてスーパー栄養補給を狙う
jUiEXrZsgzs やっと終わりました。さらば東京！
jUlGuiWpNTI 【巨大𰄚xe倍にしてみたらとんでもねえモノが完成したwwwwww
jXlU6gABTv4 Back to school prank: Hajime in junior high school!!
jaqUFckeKaE はじめしゃちょーの弟現る。子供の頃のはじめは...
jcL5KJVYK_E パラノーマ𰺺KB48ィビティ【ホラー】
jchUeD-ghG8 やっぱ酒飲みながらの斎藤さん𰓁番おもしれえwwww
jdTZDOsLeJ4 【無理】バナ本が処理できないので最終手段に出ます。
je9NW2VM3iQ 信じてはいけない言葉あるある
jfiPXreaGuc アメリカで「はじめしゃちょー」を知ってる人はいるのか？
ji9QW_GPdX0 【襲撃】そこらへんの高校生がやってきた
jkAG8kzZ7PM はじめしゃちょ年総集編
jkXBlmW4ueg 防水ビデオカメラ　HX WA 30
jkfatNLliRE How I stay awake while driving
joWWQBCAUYs 【ドッジボール人vs.1人(100機)どっちが強いの？
jpzRkdPOBZE 【史上最悪】戦慄迷宮がループして永遠に出れないドッキリwwwwww
js6C-fXHusE 今日からここで動画撮るぞ！！！！！！
jt3SmlXRBhc 1,000年𰚱度の天才犬、ハチ
jtmyfSDpCRY 世界初？本物の鳥のように飛ぶドローンってマジ？！
juMksi8EzFc If I try to use a treadmill for 10 years...
jx6uFJwGd-I 【実験】１００Kgのドライアイスに乗って自ら滑る 100Kg Dry Ice Skating
jyYj4PTcZfA 軽そうなゴミ箱が異常に重いドッキリ
jztP79nz8I4 新しい家というかなんというか｡ﾟ(ﾟ＾ω＾ﾟ)ﾟ｡　New House
k-qGPphfIoY 水に濡れない魔法の砂をなんとか濡らす方法を思いつきました。
k38rHgtq1X4 【実験】うまい棒を燃やすと爆発するらしい Snack Explosion Experiment
k82zsaZdC6E 【閲覧注意】シロップ以外でかき氷を美味しく食べたい
k8Ap-fHt1_s オレオレオレオオオオレレレレオレオレオレオレオレオレオレオレオレオレ...
k8TET7okVoY 警察犬は無臭の人でも見つけられるの？！
kAVpGkEnaEI 誰で枚瓦割りができる方法を見つけました。
kCoP-MPTLKU オレの前歯が黒くなり続けている件について。
kDyzsXOuUZw 񻋁回どっちのサムネイルの方が動画を観たくなるのか選手権
kEejoyP1J78 クレーンゲームが詰まるまでやったら何個取れるのか？★モーリーファンタジー☆Mollyfantasy★
kEwnu4wTRok トランポリンでロフトに移動することにした
kFQt14Eisvc 世界一うるさい笛
kFzWw5HYL2s 【禁断】雪見だいふくのヤバい食べ方を発見。　#禁断の雪見トーストチャレンジ #雪見だいふく #PR #Shorts
kHOWpTNQDCw スマホの中の画像や情報が流出してしまいました。
kICwamx6X0w 大家さんに呼び出されました。ついに強制退去か
kN1vXmLc2Bg 【危険】加湿器に酒を入れて加湿してみたらうわああああああああああ
kOELtUR_ca8 おはようシャンプー
kOs9hnn1l1Y お歳暮にメロン準備してたら爆発したんだけど　Muskmelon Explosion
kTCWh0s5USE 究極の卵かけごはん エアリー卵かけごはんの作り方
kUaQBouGHCE 【野球】部屋で甲子園してみた
kV1CIxCIt8k 【大泣き】オレがペヤング獄激򏦿inalを食べたらこうなりました。
kWaSbC7oRiM はじめ、国民的スーパーアイドルに囲まれるwwwwwww
kX715bTl_zc お前らこんなかっこいいシャーペン見た事ある？
kYUf-_KgQEI とりあえず本気m走ってみた。
kahCyDRXYR8 妖怪かぼちゃ人間、やはり現る！
keknsFgnGbE 誰かがオレの家にいる。
kfJkQR2R9VU この時のために頑張ってきた。
kfwpHbeSnBo NEWスタイル　ドロリッチ!𰀌REAMY CAFEJELLY
kg7O5fZJ-a0 帰ってきたらベイマックスがいるドッキリ
kja2kw3M9G4 オレの投げる力をあなどるでない
kjz1bF4zZyA 白いペプシ?!　ペプシホワイト　pepsi white
kk6d8r86G8c !!!!!マザ𰿂のガチャがあった!!!やべえ!!!!!!!!　MOTHER2
klugBrugTO0 最強の目覚まし時計個鳴らした結果 ...
kmsE3LuwUEo アルファゲルスリムにまつわる神話
kn2jEuYbwlQ 最強の恐竜　メガロドン The strongest dinosaur
kpSIWllczP0 YouTuberハイテンション選手権
kq1MKf6GiQ0 񽁁年ぶりにお菓子を食べます。
kqJ9WjqBYu8 【遊戯王】千年パズルが難易度最高レベルでマジで無理wwwww
krc6AOES1MQ ローソン𰀏rozen Sweets　チョコレート　LAWSON
krlQn6amQPI 知らない人「入れて。顔見せて。はじめしゃちょーいるでしょ？」
ksT36DA76f4 【冷凍】氷点下を超える飲み物が出る自販機があるらしい。
kwJCH_P0Hd8 マクドナルドのハンバーガー全種類(肉抜き)で１番おいしいのはどれ？
kyAJdwwqYSs 【超高速回転】気円斬作ってみた。
l2bw__-P-OE Kcal】激辛ペヤングGIGAMAXって食べれる人いるの？
l4WfEX8AhoQ 本当何もないけどはじめの新しいお部屋紹介。
l4ZshYTSLto 階段があるのでジェットコースター作ってみた
l5HugbrZtt8 ジムが素敵な女の子だらけだったら限界超えてバーベルめっちゃ上がる説
l5rb2lNgtYU 【#2】  ホラーゲーム実況　サイレントヒ𰺲 SILENT HILL 2
l63HBSuWNOI 森永　とろけるチーズブリュレKE creamy
l6QoolRiMnw お盆です。
l6kdY1Dtsow はじめ、エイリアンと公園へ。
l8U5AUh_qm0 デカい!動画編集用PC買った!　Raytrek-V HX ドスパラ
lAWrF3cZSVM この動画を絶񛿢回見てください
lBpnzyW2UGo メガトカゲがデカ過ぎて正直気持ち悪い！！！けどかわいい
lCidhpsDUfA 会う度に肌がキラキラになっていくといつ気づいてくれるの？
lDtLASx8F3k 2020年𰚲度も交通事故を起こしてしまいました。
lF630pbhr5I 部屋にドラム缶風呂作ってみた
lHkL3J9ORrU 絶対にむせる焼きそばがあるらしいぞ！んなわけねえよ！
lHoqqPP_IpI 服売ってメルカリで稼いだポイントだけ𰙳日間生活できるのか？
lKUycB1Vx5E 【実験】全ポテチを混ぜると何味になるんだろ〜？
lKYlFAvHNDo 美しい...NEX5Rに単焦点レンズつけてみた　SEL50F18mm
lMTNw3NF-Hg トミックゲームのやり方
lM_e_Yt9g6w ［コマ送り動画］　Robot vs Frog
lMj-B46067U 【重大な報告】新しいチャンネルを作りました。
lNFS80DMYfg はじめ社長 東京の旅
lO6qLU9pDi0 部屋で風個膨らませてみた。隙間񵍲「山道を行く」⑤ StalkingVampire2‘Take the mountain road’
lPqdePLQ3wk チーズバーガーのチーズ無くても案外気づかない説
l_ueUck7KVM How Long Does It Take to Eat Gari-Gari Kun Drop by Drop?
lcVxkOl-Ymk もうやめます
lcx_L9V58f0 【検証】アイス何個食べれば腹は壊れるのか？
lfIvZzvTBwY 警察犬に追われたら恐怖m走はやくなる説wwwww
lfwTGwgHbQk 【モノマネ】コップのフチ子
lh6bRa44JFk Eating All Foods and Drinks on the McDonald's Menu
lhEgjeZWL2E 【検証】大量のウソ発見器は全部同じ反応になるの？
lkJVtIs60gw 全身に電マを付けてピザを受け取ってみた
ll7hjT76JaA 家中に大量のトランシーバーを設置しました。どんな音でも聞こえますよ。
llay4xMeNKE 久々の生放送
lm_Ra7T9MO8 深夜にヤンキーがうるせえので注意しにいったら。。。
ln8d3U3ZiEo スマホのパスワード解除できたwwwwwwww
lnHfpA_QsxE 【特殊】こんなアルバイト実在するの？！
lpSfg-opXko 生ラムネ　ぶどう味  ×電子レンジ
lrGa1J5uCOg 殺人事件ドッキ𰺢 Murder Prank
lrtYG8v3RBs 【母の日】マミーへ  Mother`s day
lwLww8lgVlg 【大事故】マジですごいゴルフクラブ買いました！
lwr16DAKMBA 家でバスケがしたいのでゴール買ったよおwwwwww
lxwBjKOlbUY まなみさんの件について
lythmEx-7Yg 究極のプリンを食いながら謝罪【ゲーム実況について】
lzzh96V9_kE オレのアルバイト時代の話をしよう。
m-gt1j9H5Cg ウチカフェスイーツ ぎゅっとクリームチーズ　ローソン LAWSON
m-qJ4P3tDPo 【高速】スリングショットマシュマロキャッチ
m1FxMZrh6Bs Ep 6 Show Time | The Fake Show
m2Kv1Qh62RU 【大激怒】おはようスライム
m2PxdJxzISg コンビニのカルボナーラ全部混ぜて最強に美味いカルボナーラを作りたい
m5Z7Qln5Q58 NEW ファービ　New Furby
m5oMWgiN9zY 【検証】寝れる曲と目覚める曲どっちが勝つの？
m74M1--h3G0 【世にも微妙な物語】心の声
m946Neye904 【実験】水を何リットル飲めば尿意がくるのか
mCB9w-tV1Pk 謎のアカウント「コッシー」の正体を暴く！
mCZ6LXZesug 100カ所に電撃を流してジェンガしてみた
mDWS-8zGmIM はじめしゃちょーの英語教񛩂 Hajime`s English School2
mDmdfyQ-hjI 【無理】ペヤング激辛MAXENDってこれ本当に大丈夫なの？
mHgpB5CNNyE かっこいいと思ったので壁紙をアルミホイルにしてみた
mI5wa42zFK4 東海オンエアとマウスコンピューター踊ってみた
mLTVKEqjxDg 【危険】マウスウォッシ回やったら口の中はどうなるの？
mMD7PRklSGY やばい!オレとまともに会話できるロボット
mNZwQV5nmlE 他国のキットカットは日本と違う?𰀎nglish KitKat
mO3mP4Wu4PE 限界なので引っ越しました。
mQTlCGEjR-U ヘリウムガス吸い過ぎたら一生声が戻らなくなるドッキリwwwwwwww
mQdtIB_DEAM ガリガリ君ナポリタン味...( ⋅́ ̯⋅̀)　Napolitana icecream
mSEhWcZNyaw 毛穴パッ枚で全身のニキビケアwwwwwwwwww
mSmmS0vop_A YouTuber版ペンパイナッポーアッポーペン【Pen Pineapple Apple Pen】
mSq8Alx3HnY 【衝撃のラスト】オレの部屋で何が起きとるん？
mUyeNNX2pGQ 家の中が全部パイプ椅子になってるドッキリ
mYQkU-QeJPg 暴走するヤンキーラジコンカー　JLXマイクロドライブ
mZ6boxyIIbk 【危険】もう限界なので怪しいサプリを大量摂取します
mZJkIaCQLt0 Kg】人類は柿の種をどれだけ食べる事ができるのだろうか？
mZyHopLnS1w 夏カゼ( ˘ω˘ )ひきました　I caught a summer cold.
m_8K0bXGUs0 クソ萌えるネコ人形　スクラッチt doll
mcSvW2BmUcc 大量のクラッカーを全方向に発射できる方法
mg7yEAu4-GE 好きなことで、生きていく-はじめしゃちょー- YouTube
mhyY5lh_6eY 恐怖の人形が置いてある部屋の怪奇現象がすごい。
mihhrseyUuI アラブ人の友達に腹痛で気絶ドッキリ　Stomacache prank!!
mjnfKsUjckA オレの家が知らない家族の家になってるドッキリwwwwwww
mkcNym1iq6w 子どもの頃のはじめしゃちょー
mld32RdWCtU ポケモンが受け𰢲,000,000ダメージってどれくらい痛いの？【ポケカ】
mmfZwcq04SY 伝説のポケモンがどうしても欲し歳【ポケモンGO】
mmo2L2gr6Cc ポケモンの鳴き声？余裕で全部分かる。
motfe5KInqM 【締め切り】握手したら電撃走るんだけど何か質問ある？
mqQDYhPxUIo 爆速のおもちゃ、ゲキドライヴをコースごと買いましたwww
mqm-dnij0FI Kcal】ペヤング超超超超超超大盛りペタマック𰮑人で食べれるの？
mrBpZY5Xgn8 新世紀エヴァンゲリオン𰀊Tフィールドケーキ Absolute Terror FIELD CAKE
mub7Q7TEhKQ 【大発見】お茶の中身をモンスターにしてもバレません。
mvf3BTdXWyc 【過去最高額】東京の新居が広いぞおおおおお
mvt1b1O3VMQ 逃げるヒカキンさんを本気で捕まえてみたwww
n1MJmRUcNsE 2160個の磁石ボールで何ができるのか？
n2qVVbdoIZM バイト先の後輩だった女性と結婚しました。
n2sN0Fea_9Y もう限界なので最強のパソコン部屋を作ります。
n3kZ_cSQCPc 天気良いのにオレの家だけ雨降らせたらバレる?バレない？wwwww
n4jhia-HoqM 【悲報】はじめしゃちょー、めちゃくちゃ怒られてしまう。
n4xSWwFbAsU 通りすがりのおばあちゃんが永遠にリンゴを落とし続けるドッキリwwwwwww
n56OnCdVy6I （見えますか...今...貴方の心に...直接...動画を..送ってます...質問は...ありますか...）
n6z4vPgQ4K4 【衝撃𰄑年間肉を禁止した男がキング牛丼を早食いした結果...
nAk1MQkv_cs 恐竜博士が恐竜発掘するとこうなる
nBDNYbqzknU めっちゃ光を出す目覚まし時計を大量にセットして寝てみた
nBY7CVXKVFU 骨折れてるけど沖縄のお土産を食べよう!𰀋roken Boy Hajime
nHqTPCuLh8k 【実験】おにぎりは何回転がせば壊れるのか？
nQ2AruuBqOw バキュームカップで何とかして天井にくっつきたい。
nQDmH1e67vc 【実験】バネの力を持つ最強のゴム
nWiCyHaPWXU 作り方分からないけどタコライス作ってみた
nXAg5EtlC68 オレのお母さんの偽アカウントがあるので成敗します。
nXejmHNzI3s たまごっち１００個育ててみた
nYUc9xYezcQ オレが選ぶ感動泣けるPV【幸せ願う彼方から】
nZIWQZCSouo 失禁マシーンってのがあるらしいぞwwwwwwwww
nbnynFF6Knw 誰かに何かを言う事の大変さ。
nc3Pc5dYHZ4 ガリガリ君リッチ　あずき大福 Japanese ice
nc9fM4ruSMM 中学生がオレ主人公のRPGを作ったのでやってみた
nd-RAcO0toM 食べるトイレ　モコモコモコレット　Toilet sweets
ndSX2EzNkfg はじめ、遊戯王の全国大会にいけるのか？
nihGb9bayOQ 3億円の家に知らない地下室があったのヤバくない？
niwR4KOyerQ ローソン　焼きおにぎり　きんぴらライスサンド
nl3PcIdI9YM 【やばい】手枚UNOっていつ終わるのwwwwwwwwww
nmzsBpKAkq4 シャンプー泡立ったままでイルカショー見に行ってみたwwwwwww
nnhKqP6Coxk 【拡散希望】河野大臣…コロナワクチンって本当に大丈夫なん…？
np45Dc0NTEM 学生の夏休みあるあるを本気で考えてみた。
npV0gMEX15g シャキッとすっぱレモン𰀌.C.Lemon　SUNTORY
nujKasxCjQk 大切な仲間
nywTJuICwJI はじめしゃちょーにスライリットル落としてみたwwwww
nzpMkB5N8DE ゲーム実況部屋を魔改造しました。
o0oUPulmPeU ファービー１年放置したら進化した
o411gpXYJ1s ウイダーインゼリーを一瞬で飲む方法　How to drink jerry speedy
o84MMeBm9JQ 大量の伸びるキーホルダーでハンモックを作ろう！
o8XsEpEmqa0 レタ玉食ってみた　I eat 100 lettuce
oCUnfqo9rWg 帰ったら部屋がパイのみ（実）になってるドッキリwwwwww
oDk9hFIYkYw チャンネル開設して８年。そして重大な報告です。
oF8zCeSyW8U 突然の爆発ドッキリ Sudden Explosion Prank
oFzy6RMS6xM 【地獄】トミックさんがある言葉を言うまで終わらない動画。
oGvhy__E0M0 オレ様は何秒で涙を流せるのか【泣きチャレンジ】
oITi9aT8p0Q 29歳になりました。でもごめんなさい。
oLi4kD3QJZg Kg】オレの部屋の中に砂場作ってみたwww
oNM1CMIIRmY 【遊戯王】後輩のデッキを接着剤でくっつける
oNjdmTaZBAc 黒いサイダー？！富山ブラックサイダー
oOCBOiNUF10 巨大なクマさん買い過ぎちゃった！
oOjPDZoM5zY ダークネス井上は新幹線に乗れるのか？
oUzzlwj9sKM 親友の結婚式の誓いのキスを「ちょっと待った！」で止めてみた
oV1I6oJjyHo いきなりアルミホイル玉を食べて飲み込んだらどんな反応するの？
oWcEiPJLWYc ラブライブ! ウエハー𰮒　僕はほのかちゃんを当てます
oWg3vrXuHpg 【はじめ`sポイン】とろなまドーナツ!!!!𰀊NTIQUE
oX-_ztq3IrM はじめの１人で運転できるもん
o_3zT9eVyRo 【危険なわとび】ローションダブルダッチ
obF6JSJAJMA 3億円の豪邸を買いました！
oc6Vnx1eeO0 前の車の窓に完全に霊の女性の顔があったらじんたんは失神するの？
ogUdtwqR7d0 万円】これ監視カメラなの？！
ooaOAuD6uTo 一緒に働く人を募集します。
opv0vY1c31Q 寒くない!こたつ売って来る!　I sold my Kotatu
orGQ8f8oTfU 【VR】起きた瞬間ジェットコースターに乗ってた時の反応wwwwww
osMIwB7vpLk 手術を受けてきました。
otlxQa-zIZM 激򏦾NDシリーズ最新作。春򖺎NDが危険すぎる。
otqypjydxSQ ずっと流れてる大音量の音楽を急に止めたら起きちゃう説ない？
ovN_PXs2oQc 巨大スイカにお酒を大量に飲ませたらどうなる？
ovmREYvQQBs YouTube始めたい人にオススメカメラ！ iVIS mini
owkmqKkCZGE 福袋を信じてないけど買ってみたら中身が...!!!
ozONeNdrqoI 【実験】ダチョウの卵を酢にブチ込んで巨大スーパーボールを作る
p2-CcgMRp98 部屋中からスナイパーに狙われています
p4WuudhWLAA イギリス前にミルキー　前田敦子味𰀊KB48
p5cXYKwTBfM ほろよいラムネサワーとガンダムラーメンは合わねえわ
p79pFqe4jXo 【心霊スポット】車の窓から...
p96KaE2lbhc はじめ、大好きなアイドルに会ってみた𰄊WA】
p9ZD1yHk_w0 350万円のゲーミングチェア買ったんだけどガチでヤバすぎるwwwww
pA7p19fc0h0 【嫌がらせ？】大量のトマトから連絡がくるんだけど何なの？
pAtVVHI2EZs 財布が突然燃え上がるドッキリ
pAzIxjKb7ss みんなにオレの画像渡したらすごい事になって返ってきよったwwwww
pCEVBQG45K4 うまい棒を加工したら本物の料理になる説
pFn37ppHi4s めっちゃ滑る保護フィル枚を床に貼ったら楽しそうやな！
pIqoq0tbzk8 ほねほねザウルス匹合体させた結果...
pJFPKNbP_HE おい家個を超えるチョコが送られてきたどうすれば良い
pNNWX5-X4Tw 【永久脱毛】全ての毛をレーザー脱毛してみた
pNts_yHeUYY 大量のものさしでジャンプ板を作り飛ぶ
pO8g_GiZdbs 【演技】ひとつのシーンを様々な表情でやってみた
pOPEj9ri6NY 鼻に歯ブラシぶっ差してると誰か注意してくれるのか？
pRULe8kW4_M エアロ　ミント味はマジ美味いrO mint chocolate
pUTXgWnoyZw 【放送事故】いろんなYouTuber𰚱億円掴み取りさせたみた【Part3】
pV5sdb53aK4 同じ人から毎日手紙が届きます。内容がヤバい。
pVAoK3_NTzA Ep 5 The Challenge | The Fake Show
pWJa4ZL-tCs カゼをひいて死にそうだが髪の毛だけはなんとかしたいはじめしゃちょー。
pWZgfi7uuZY 威倍のクラッカーミサイル砲作ってみた
pWe2V3P-rVc 【実験】大量のたけのこの里の上で人は浮けるのか
pZMNB5TOoDk 寝てたら鼻毛全部一気に抜いても痛くないんじゃない？
pZn0zSxq9Ic 100時間かけたハヤシ(ライス) hour`s hashed beef rice
p_pJWgrya4o また抜かれました。誰だよじゅんやって
pbmT-Y6DNz4 【閲覧注意】臭いでゲロが出る液体 VS 最強消臭アイテム達
pePD-vJGXV0 アップル  MacBook Air 𰀊pple
phn5jJL7x-A 薬のカプセルが生きてて暴れ出すドッキリ
pi0kpT9V000 不良中学生あるある
pi80aIIh5q8 【悲報】はじめ。マンガ喫茶でキレる。
plTrIg14MhQ 部屋が青くなるドッキリ𰀊ll Blue Prank
plYK4GXMd68 【寸劇】こんな命をかけたワニワニパニックはいやだ！
poRAMShbR4U レッドブル×牛乳チャレンジ!!!　RED BULL AND MILK CHALLENGE!
ppCku5RJkUQ 【おこ】新居に慣れたはじめだけど質問ある？
pqo1lPQLFpo ドイツのエリックと香川のミネオ　German and Japanese
prT9-KMLX40 この粘土スゴすぎどうなってるの
psjJMI8c1js これが史上最強に衝撃を防ぐ状態です。
psnoxBF7SOw スーパーボール地獄
pvqN1Qb4Kp4 森の中に超巨大カエルドッキリ
pw4uYPbIJsQ If I have been waiting for your call for 10 years
pwPDIzZQXW8 【検証】どの液体を混ぜればねるねるねるねは美味しくなるのか？
pxSQ9ucr5Dg おそめしゃちょーの質問コーナー
py-X4cb2rYE 最強？壊れないハンガー？なんとかして壊します。
q2EjL3MXDnk ヒカキンさんマジで何でも笑ってくれる説
q2bDvUIACUg 2013年　静岡ホビーショー!!!
q3NZmMwVFGA 超巨大ギリースーツで車を隠してみた
q4-ALA26XVo 【危険時間エスカレーター生活してみた。
q61UUHXY2ig 100日後に死ぬワニの作者にどうやって死ぬのか聞いてみた。
q6V6pq9gAN0 新し万円の財布を買おうとしたらもっと大変な事に。
q8Tyla1MfXk マスクにホッチキ,000発でメタルマスクを作りたい
q8lVypcIc9Y 禁止中なのに堂々とコーラ飲んでみた結果？！
q9Zot-jouks ハンバーガーの名前を考える万円？当てましょう。
qBcJPc0C7lA 自分でチーズケーキ味のペヤング焼きそば作ってみた
qDA6XyM-zVU ありえない高額な駐車料金が請求されるドッキリ
qJ4a_6WcbNM 間違えてポテ袋買ってしまいました
qJDyD-0kZdg 2ヶ月ぶりに地下倉庫に行ったらとんでもない生き物がいた...
qLojV53iRwc 禁止中なのに裏で肉食ってみた結果？！
qMBves5_W2s OP作りました！　I made opening movie
qMVUb8nbFMA 後輩の車の中を全部巨大マシュマロにしてみた
qNPcU7VqQjA 天井からいろんなモノが落ちてくる部屋
qO_mDRN_f0g ウィキペディア見てれば専門家と対等に話せるんじゃね？【後編】
qPAZqGQriEg 【白猫】大量の紙粘土でシャルロット作ってみた
qQ1QmVZxNkk 前髪が半分だけ坊主はかっこよくなれるの？
qQkmRFuQabo 【検証】最恐の戦慄迷宮って何周すればノーリアクションになれるの？
qSl194C3zSY 人の力で自動車は横移動できるのか？
qVvQKGsFG3I 家の中でひとり虫捕り大会してたら衝撃の虫がwwwww
qYNCWBGcK0s アメリカに着きました。まさかの事態に...
qYeyPFjYxP8 接着剤でハンモック作ってみた
qZb2axBywno 人間ドッグに行って来ました。衝撃の事実に全はじめが号泣。
qZzbkIpb17Q あらゆるシチュエーションでの演技練習
qcGaN9EY07U パブロ・ピカソの本名はクソ長い!!　The name of Pablo Picasso
qcR6Ofi3Wfk はじめしゃちょー、渋谷を制圧してみた
qe59ezDdg_k ディズニープリンセス　六穀御飯のデリプレート　WALT DISNEY 110th Aniversary
qeCEeIv2q1k 落ちる！プール！やだ！　はじめしゃちょー＆ヒカキンで妖怪ウォッチ ぷにぷに : Google Play GAME WEEK
qkRxLD2xLZM 部屋が全部ゴキブリドッキリ Cockroach Prank
qkYXZDXiNwk 終わらなそうだけど手枚でUNOやってみた
qkbZRxhjyuM 【グロい】赤・青・緑のスライムカレーを混ぜたら...
ql6NLrdfXlI 【検証】怒らない人は何回キーボード打ち間違いしたらキレるの？
qlWLAxzl0W8 メガフォンで音の無限ループを作り出したいのです
qoRy1B-WhJo 【閲覧注意】防毒マスクならどんな悪臭でも防げるんじゃね？
qsxBSDqeoN0 2022年𰀡年間○○を禁止します。
qtHfPuX5WuE 花粉症に効く食べ物全部混ぜて食うwwwwwさらば花粉症wwwww
qvumDsqU08Q アンチが住所特定して家に襲撃しにくるドッキリ
qy8nBJ7WIyQ 【ヤンキー必見】学ランはチェーン何個ついたら壊れるの？
r0JOfANA0AI 【MAX160km】部屋でバッティングセンターしてみた
r0nXxL77IFM 机の上のジュースの缶が暴れ出すドッキリ
r1Tmfoo1p0Y ジャン冊あるの時間読み続けますwwwww
r2Ckv2HuiYU 新しいポケカのデッキが安すぎる件。
r2e2FyM0ghQ モンスターハンターあるある
r2hddV2KSLE センター試験サイコロで解いてみたwww
r4J4HdiPdeA 森永　ミルクキャラメルポテトチップス Morinaga
r4efIZaq-9k ヒカキンさん人前の超巨大ケーキを食べようとしたがこれだけでは終わらなかったwwwww
r5Y07NEDLaI お前マジで調子乗んなよ。
r99vxnvhKoY 【なわとび】オレが三重跳びのコツを教えよう。　rope jumping　triple under
rAAiz74Uv3Y 【検証】おおきなかぶを抜こうとしたら手伝ってくれる人はいるのか？
rBAb4iV_R4w 【危険】芳香剤ビーズを後輩の前でガブ飲みする【ドッキリ】
rFZ00KvsmQk 【総集編】はじめしゃちょードッキリ動画
rI-3F7nLXsA 色々理由があって引っ越しました。
rIykzAiXfMo 【検証】悪夢を見る方法を全部まとめてやったらどんな夢が見れるの？
rJNlF4jWLSo 2Kgの巨大消しゴムでねり消し作るぞ！！！！
rKggrt22dck プレミアム　四角いプリンのケーキ　LAWSON
rPuWe0t7YBI Ep 3 Trolled | The Fake Show
rTQ7QHVofEo ポテ袋当選者発表！
rVGRZ1vRNwQ 【検証】水切回練習したらどれくらい上手くなるの？
rZ5sJT_7li0 秋のはじめしゃちょーの質問コーナー【Twitter.ver】
rZEt8sDTpIE 万円】未来の自転車がヤバすぎたので買いましたwwwwww
rd4LwBe0HcE 先輩が部屋で儀式を行っていた時の後輩の反応
rf09iJrInX8 【水泳】金メダリストに水中ジェット使えば勝てるの？！
rhoR4JVwUoo コンビニ𰙱番いらない物って何？
rkbzozjRWMM はじめ𰛱年間で何本の炭酸水を飲んだのか？
rl9zym1BK8Y 墨汁で漆黒のかき氷作ってみた
rlsphowUSV4 カラビ個で最強武器を作る
roWw0CMRLrk ヒカルと同じ色の車でヒカル迎えに行ってみた
rqcgbHorXSU 辛口ペヤング　ネギみそチャーシュー味
rsXP0OJCQbM 1人だけ乗ってる観覧車が檻になってるドッキリwwwwwww
ruD8--6-i2Y また事故物件𰙱日生活したらヤバい現象が起きた。
rvxN5yzT3t0 ブーメラ回練習したらどれくらい上手くなるの？
rwkMTla3PWo はしごを改造して滑り台を作りましょう
s-XTYZPzby0 バンダイの偉い人に無限に合体できる食玩で本気の作品を作らせてみた結果。。。
s0fu4lx_les はじめしゃちょーのぶら𰢡人旅】
s1DIcDqfWdg 【恋愛】オレの成人式と中学の黒歴史の話をしてやろう...
s4EmmdDCLd4 東京!!!アイフルマン打ち上げえええぇぇ(*´∀`*)
s5ppypnEZ5E 高めの所で突っ張り棒に乗ってみた
s8ODuAt6Uuw 【悲報】ホラー無理な後輩と戦慄迷宮行ったらオレも無理だった。
s9nOCjYvzFY 自撮りはイギリスでも厳しいわ。(ハリーポッターの食堂［付近］)
sBXP7Ca3TwI もうラーメン食べません
sFaN1AvWnjc はじめしゃちょーのお料理教室
sG785UsQBqs バンジージャンプ？余裕だろ
sGp9XrYfb4c 天まで届けコーラメントス!!
sLTZxVMzzCw 年】はじめしゃちょーのスマホの動画がやっぱりひどすぎる件。
sMLtczs4g_0 オレの動画が何者かに変な字幕をつけられたwww
sMZW-0auJLE 2万年𰚱人の美少女って本当にかわいいの？ちょっと会ってくるわ。
sOIFr0cj7Hs お酢と胃薬を混ぜると爆発するらしい！
sOQebCIkZEs 自分のウィキペディアを確認します。ウソは書いてねえだろうな？
sPCWWPhiwPI 対談中に朝倉未来を突然殴ってみた結果wwwwwwww
sSeVuI6ux6g 【モーニングルーティン】ゆきりぬさんと朝を過ごしてみた【無理矢理】
sUwGw9ZoKh4 【実験】スライム+塩=スーパーボールになるらしい？！
sX9ptFwPucQ 【世界初】ピラニアが入ってるラーメンがあるらしいぞwwwww
sXy6K2dAJJU 地震のせいで階段階まで登らされた男。
sYyjSbvP-ho 全てが逆に見えるゴーグルつけてバスケしてみた結果wwwww
sgA_6bKf2mg はじめ社長×トランポリン　Jumping Japanese
sgU0Cbz1Bn0 【激震】言葉をマネするぬいぐるみはどんな音でもマネできるの？
sgpEE4sR3Tk アバンティーズとコラボ　本編
sh3-XLspy20 誰が、１番速いのか。
slauu6D4pcU 大量のワニに襲われる後輩
soLprkRYmRk 妖怪エビフライ　Monster Shrimp
soQFmMiZNlc パイの実　練乳仕立てのいちごミルク
svHQNKuefLs 家の中に落とし穴があったら…？【トリックアート】
svfbmu0UgWU コンビニの商品全部買います。何円になるの？
sxupXDYaymk チャンネル登録 万人いったらやめる話について。
szysmwbq1ug 【トランプ人でババ抜きしてみた
t1EGbDRlwl4 【TVCM】梅の花𰛬Mをパロディしてみた
t5CkPycsL74 部屋から自分の顔のボール個出てくるドッキリ
t75UAJr0eN8 パソコンを天ぷらにされたらどう反応するのか？
tAOcm7NlRJo 【ポケモン】ダンボールでディアルガ作ってみた　Pokemon Dialga handicraft
tBLT8tsouq4 The man who dive for 10 years
tDuuNoonjB0 僕はついに生きてるスライムを作ってしまった。
tGuy1t5N0_o エアロ オレンジ味rO Orange chocolate
tHYn-OVUzXM 【実験】大量のサウナスーツ着て走ったら何Kg痩せるの？
tHs3HAEbM7U 自動車の免許の試験？そんなの余裕よ？
tOdWCzZ_svc 【実写】ゴローニャのだいばくはつ再現してみた
tPHzYFceQ5w 最新型のヒト񗢺Iロボットがマジでリアルすぎる wwwwww
tSS7soFsawU 【駄作】バカかっこいいマシュマロの食べ方
tTI-aCwfHXg 【新種】近所の農園で超巨大なイチゴが発見されるドッキリ
tTc5foc3Zuc 春だね！はじめしゃちょーの質問コーナー【増量 ver】
tcyDlz79dsc 美しいカメラ NEX-5R SONY
tdsMhE940x4 ヒカキンさんにチャンネル登録者数抜かれました。
te6EAQKfPDs 銀髪ってカッコイイよね。。。
teEMN0BuZM0 オレ、uuum（ウーム）に入ります。
teaovfBeTgY 霊感ある人とヤバイ心霊スポット行ったら完全に聞いてしまった。
tl3HlmD3pos 【野球】元メジャー投手でもバットがデカけりゃなんとか勝てる説
tlwBj0Z529Y グミ時間カルピスの原液にブチ込んでおくとまさかのアレに変化！
tnPyAS9-R1k 70時間かけて作った紙コップタワーをまさかの...
tnRlestB5hk 【実験】ポッキー的なお菓子で物理的𰚱番強いのはどれか？
tp6Fz-aJRSY 【極寒】℃の空間で生活してみた
tuonfejb1LY ヒカルさん万円について大事な話があります。
txglOy2VqCA 実際はじめしゃちょーは人気なのか
u-L3Naf3qk4 一人でできるストレートパーマをしてみた!!　後編
u3p1EIyzkxY フローリングを人工芝にしてみた
u3zatMxrgm4 空飛ぶ発電タケコプター　空飛ぶドラえもん𰀍oraemon
u4HRXC5tbHM 言葉をマネしながら激動するうさぎさんを大量に設置wwwwww
u523GVGrUiM 【宇宙人】ホウセイマイフレンド𰀊liens came to my house
u5yszlTPfp4 UJXのように　RX　ハリアーをレビューしてみた　toyota HARRIER
uC9vu7by7Ho 【今の】サーティワンアイスを全種類混ぜたらヤバイ味になった。
uD8SmUA3ulI Spring coming!!!! 　オレの旅路をJKが邪魔してくる
uF-B4kOa4K4 水につけると大きくなる恐竜の卵を大量に孵化させる！
uGHvX_dESPQ 巨大風船でブレイブバーストを試みるが儚くも散る
uJUm_HiTxp4 あの最強シャーペンSMASHがまさかの限定カラー！
uJwa7y6Q6Sw Eating the World's Largest Gummy Worm! (Perhaps)
uKKU49z4yfQ 1000℃の巨大な砲丸を氷の上に落としてみた
uKsC0bX6NEg 【ガチ】高速道路で時Km超えて走ってみた
uMu8nzAeTYU はじめ、本格的に料理を作る。
uW5lopB6Bfw 決められん。無理だ。
uWHUtISJo3M チャリ走でオレに勝てるヤツいんの？
uWLLUpgWdxI 今回の騒動について。
uWthTTKM7EM お願いします。力を貸してください。
uXvkvo_nCYI あの機能がついに１つに？！史上最強のシャーペン現る。
uZYuWaP9M5o からあげクン　トリプルジャン味　辛口
u_k0IoLZzOE 炭酸でラーメン作ってみた結果...
udHvL6xx-hA ヒカルに「誕生日プレゼントまだ？」って言ったら何くれるん？
udpBHKPshgQ おいペヤング！新作ヤバいだろ！何も入ってねえじゃねえか！！！
ufCkw54i7Eg 突っ張り棚で寝てみた
ugBgMNH0YQ8 【検証】ピンポン正解ボタンは何回叩くと壊れるのか？
uhH4IznSBso 1000枚のカイロがある暖かい部屋でトイレしたい。
uhTf-9jR2Eo 乳酸飲料R-1本飲んでみた
uhZjgUpEhrQ ［日常］オレはチキンじゃない　I am brave boy
uhjjaebtU_g 友達𰓃億円の豪邸で迷子になった結果...
uhwnVAqys6I パズドラ中にバレずにミートボールを何個食えるのか？
ukrDjmBxOgI 巨大な水風船にジャンプでブレイブバースト
ulU8OCIKTvY あの動画に絶対映ってはいけないモノが映っていました。
un5IuStruBU オレの家に勝手に来る人をその場で説教。
uqplupvmab0 財布が無い。
urH_1mXtZHQ 竹とんぼにロケット花火をつけたらすごい飛ぶんじゃね？
ust3_nwnDqQ うま麺速報年のトレンドを予測　焦がし醤油ラーメン
uuD-HWPvzJE 自分で野菜ジュースを作ってみた　前編　I made vegetable juice
uuyRp-BEzJg If lots of cans come out from a vending machine…
uvB0SxBFdKU 【激怒】オレのTwitterを乗っ取ろうする人がマジで多過ぎる。
uvUne3xpAjg TubeThousand関東プチオフ会 part1
uvyu3uUVMao はじめしゃちょーの質問コナコナ
uwTkL7HaK3M 大事な会議中に突然メモ帳を食べて飲み込んだらどんな反応するの？
uxPhiKxJE_c 半額だから店の遊戯王カード全部買ってみた
uyeVRe6V9JE 茶髪にする予定が金髪になっちまったライブ
uynys83p628 ナスをそのまま焼くと爆発するらしいぞ
uz5CBSLvquM 「先に目を開けた方が負けな？」を続けた結果…
v0rZB5WVXA4 僕が折ったゴルフクラブの会社に謝罪しに行ってきました。
v15f6c323Oc 最近発見したヤバい特技がありました。
v1EbkWEj6kc 妖怪マネ・キーン
v1QInd46lro 女子中学生に会った!うへへ！
v30zrwAV0sE すき家の裏メニュー牛丼キングをもやし男が食う part2
v3D1zG0HxR0 巨大風船にプロペラを付けて大気圏突入（の予定）
v7ypQynwXlo 【狂気のゲーム】モッツァレラチーズゲーム
vD7jEa2PJZQ スーパーカップのフタってすごい飛ぶの知ってた？
vD9eG7_NfQo めんつゆ×アイスコーヒー＝美味しいらしい
vDRFvZoTJ5k バンジージャンプ直前。スタッフの一言「ヒモ切れそう」
vEOBxZQ-Qrg 3匹目のクマ、ついに現る。
vFZXQSFr5vw ストーカー逮捕の件について。ふざけんじゃねえ
vIQcXNslOFY 【検証】奇妙な夢を見る悪夢のチーズがあるらしい...
vJZj3I8r00s 【実験】大量のとんがりコーンの上で浮けるのか
vOBAxiOwWzg 【進化版】言葉をマネしながら笑ったり叫ぶどうぶつさん達を大量に設置wwwww
vPI1K18-_hk オレの広告だらけの駅に本人が見に行った結果wwwww
vRFv3I0U03s Mr.マリックのマジックを全部失敗させたら空気が...
vTyIxXO5BRk パンならひとかけら食べても何か分かる説
vUIb9hIi2Z0 メントスコーラしてみた（オーケストラver.）
vUSJFPVGVMA コロナ流行ってるけど親友の結婚式行ってきた。
vVfGgq311h8 クラス全員で早弁したら授業中にべんとう何個食べれるの？
vX37nn8EzQY 実は昨日から学校に通ってます。
vXaBkMfUIDY アルパカにいさ𰤲が登場(´;ω;`)
vXcvSJaWS-w ぼく、今日からおばけえびを育てます
vaK88Kb2U74 変形する人型ドローンがマジでおもれえwwwそして高性能wwwww
veDJ8PcYCcs これが未来のサウナです。
vgGrVCrfh6s つかめない謎の物体を大量に合体してつかめない棒を作りたい
vgJijx1I8TU この地球上でオレより寝起きが強い人はいるのか
vhcc0P9Z5mI ヘリで遊んでたら謎の男が来た!!!!!
vheClBtJI78 はじめ、今年最後にとんでもない髪色に。
viMftgWyjRA チュッパチャップ本を一気に食う方法
vldkehSFHuY オレはアイスバケツチャレンジはしません Ice Bucket Challenge
vlnKrC3W0Y0 今のはじめしゃちょー
vm9GhcgJZvk 【恐怖映像】オレの後輩がガチでクズすぎる
voeklmH1ztQ 究極の輪ゴム銃
vqI4EOUKJKg 草なぎ剛さんの目の前でスライム風呂を大爆発させてみた
vqxDNMkiOPE If I put an acrylic plate in an entrance…
vr30Wi-7sdU 100輪車作ってみた  One hundred‐wheeled vehicle
vt6jUgq55Gs 【悲報】はじめしゃちょー...ついに飽きる。
vtY6MFah82o 24歳バカがルービックキューブを完成させるのに何時間かかるのか？【手段問わず】
vwo7bjEECkA 【おかしい】心霊スポット行ったら何かがずっとついてくる。
vx7A5HnYON8 動きがマジでリアルなねずみを大量に解き放つ。
vxFfmSJc3aQ 肉を禁止し𰙣ヶ月。検査したら衝撃の診断結果が出ました。
vz4rU_wGbqo 【普通に大変】超巨大バケツでピラミッド作ってみた。
w1f0H4KEins 4階からマネキン人落下してくるドッキリwwwwww
w1pWFesqPvA はじめしゃちょーのサウナの整い方。
w2VjLITtSdw 【不法侵入】やべえよこのおじさんマジで悪質すぎる。
w8d6PI6dsdc 140粒のガムで天下をとることにした　後編　super gum man
w9CzIvSjEd4 Use Domohorn Wrinkle for My Skin
wBqk1oyVZMU ハイチュウ　いちごのショートケーキ味（吹き替え版）
wHdLfAtUwDc 【実写版ポケモンソードシールド】ダイマックスってこんな感じじゃね？
wOLYMHiN0pA 【けん玉】まわしけ連続?余裕だろ　Kendama Mawashiken 휐
wSE3uIMnleQ オレはみんなに褒められたい。
wTLblkJ504k 【閲覧注意】飲んだら味覚がなくなるお茶がヤバすぎる。
wX87lxn8rtU 【近未来】自走するスーツケースを買いました。もう乗り物。
wXkHrJF0PAg やばい！宇宙からオレ宛にメッセージが！
w_QF03T_KgQ 奇妙に踊るサンタncing Santa
wbFU0GbNKSo 幻のポケモン。ミュウのため𰚳日間を失っ歳【ポケモンGO】
wgtjz1k7YaA 焼きそば紹介しようとしたらミュージカルになっちまった
wpMePjtctGk ダンボールで自転車をカスタムしてみたwww
wsc6_T4yrd4 帰ってきたらパズドラの魔法石個増えてるドッキリ
wsn1e05KD4k 折れるシャーペン　オルノスイフト　OLNO Swift
wt9w5VImM60 アルミホイルで鎧作ってお出掛けしてみた
wtW0vgBhUAs トマトウォーター?そんなもの自分で作る。
wx_VAB2ZbLg 君たちこんな小さいゲーム機見たことあります？
wyIn4-y_X4U Nuisance - the story of how a stranger turned up at my house and had me drop her off
wyKdnywolr4 ［視聴注意］　はじめ社長の怖い話
wybo-8wCzhk 変形するドミネーターがやばすぎる。
wzEk0yP-Ukg 𰄃,000枚】車がポケカでポケカーにwwwwww
wzhpq5EGOKc エアーホッケーをするだけという(´･ω･`)𰀊ir hockey
x0eqaYL9FpM 人が食ってたパスタを液体窒素でカチカチにしといたwwwwwwwwww
x58BfWb2Zfw 【ママ閲覧注意𰄒年間𰛪mazonの購入履歴見たらwwwwwwww
x8pwgvCLKrI ヒカキンさん家で本気で隠れてみた。
xDhSCr7pfXw 起きたら部屋が巨大クモだらけだった時の反応wwwww
xEIDnefSDU0 UUUMの真ん中におじいちゃん設置しておいてみた
xFCVZiILArw 今日からエイリアンが家に住みます。
xFwCyOmrq1k みんなが知らない恐怖症
xGIUOmOgbLI 東進「今でしょ」をマネする人を観察する団体　Ima desyo
xGYTPayL-OI If we play a big Jenga in the strong wind...
xGn26MHgyhc 1年ぶりに牛丼とカレーと寿司とオムライスとTKG食べてみた
xH2n6ifrgwQ バナナなはじめしゃちょーの質問コーナー
xIKy7lg2BCA Apparently spaghetti can never break into 2! But it seems, I can do it...
xKBc6ceF45k 【検証】コーラが徐々にぶどうジュースになると気づかない説
xMi1OgWNtyA 1時間だけ沖縄行って日帰りで帰ってみた。
xNADysDUE64 部屋の壁から特大ロケットドッキリ
xQvQE9_MgKE 【弁償】大家さん𰛡億円超えのダイヤモンドを壊してしまいました。【ドッキリ】
xSqJARCgVDY 【夢企画】部屋の床をあのチョコで埋め尽くしたら無限に食える説(多分ムリ)
xUFNcNQ24Ho 家に隠されたドラゴンボールがガチで見つからない件。
xWgxaOzYxCc 何とかして獄激辛ペヤングをノーダメージで食べたい。
xZUuV95jqQk 黒いモナカアイス　デプスPTH
xbK-TYKPd7g ミルキーチョコ ハッピーローラ味　milky chocolate
xbkrvrbSgyc カレーメシが何してもこぼれなくて話題にwwww
xcXRfEsoDRE 【ガチ】プロのチアリーダーに弟子入りしてみた♡
xdcS7Vgk5eY キムチとヨーグルトを混ぜると絶品スイーツらしい
xeJ8WXzvMZQ Exciting Q&A Section
xfcHRKOHuHg 【天才】大量のブーブークッションを全部同時に鳴らす方法を考えたぞ。
xfd76KElzEY 񻋂回はじめしゃちょー発表会
xgaRZz9fZZY 【動画に入って】平成の名作動画を振り返ってみた
xhXingZJU6M 【斎藤さん】はじめしゃちょー本人だとバレるのか？
xm7DkM32XoE 山田孝之とはじめしゃちょーの質問コーナー！そして消え万円。
xpjOOlwR4-c シェイ𰫱Kgの早飲み？オレより早いヤツおるんか？
xptlHrTwjRY 何なの？特定保健用コーラ？味に違いあんの？
xpu6R8sN-60 【検証】もし車の中が草だらけだったら持ち主は草生えるのか？
xqHMEHXHMqA If I try to get bubbles with the straw…
xqkdHOWcN5s なんでも貼れるすごいカーテン！
xrnKFrHRAh8 いろんな飲み物でカルピスを薄めてみた
xs9SBkWEcVI ジェットコースターに何回乗れば体調が悪くなるのか？
xsN1OvXAZVk 200万人に通話しようと誘ったらオレのPCがあああああああ
xtGV-QycQlg 【検証】自分と同じ顔のグミで顔認証はできるの？
xu_RN3NdanU トド食ってみた
xwAL8Aa25_U 【閲覧注意】ゴギブリを退治したいのに勢いだけで結局何もできないヤツ
xxtqptnN1bw ブレフロが楽しい件。
y1bghlaL1bM 配ったティッシュがメルカリで転売されまくってる事について
y1dTegcdkdA 【終わるの？人でババ抜きしてみた〜完結編〜
y419UlJ1J88 【本当じゃないけど怖い話】YOSHIKO
y51rQkJY7rQ 大量メガゴキブリドッキリ！...プレゼント！
y69-hOW3PWY これが新しい沖縄の家です(住むとは言っていない)
y7hPvzfwnKc 5年ぶりに引っ越します。東京へ。
yBNJPe6Rw0o 綱渡り×トランポリン!!　後編　Slack Line
yDQzurQzv1c 家の中に吊り橋がかかってたら...?【トリックアート】
yDidP4o_Wf0 めぐみとオープンカーでドライブしてきたwwwww
yDkYEYWGHLo 【地獄】世界一臭い食べ物を部屋で開封そして食う
yEvkWDkZctc 【学生必見歳が夏休みのドリルを本気でやったら何分で終わるの？
yH-yg19Qn1A 小嶋陽菜𰀊KB48 オリジナル音声タイマー　カップヌードル
yHW9X6oKdbI 部屋で本格的に野菜を育てることにした　Great Vegetarian Hajime
yI38HjA7XrY あの人が原宿にいても誰にもバレない説
yIgMJg0eCNQ 歯医者でもPC作業ができる方法を発明しました。
yIljf0yM6C8 どうしても偶然に天井照明が落ちて欲しい動画
yJkGq9Wntg0 【大流行】このアプリだけで美女にもイケメンにもなれるぞwww【スナップチャット】
yK2TAygxK08 目覚ましコンサートバスドラム
yKRpAd5l1H8 大変だけど、リアルスプラトゥーンしてみた　Real Splatoon
yKk1Am0PuxE Twitterを見た私の反応
yKlD-weV9E4 超巨大ロケット花火　Huge Rocket Fireworks
yOt5GyKkQYc 【激怒】後輩がオレ様に寝起きドッキリ
yP4UHmwZI-M オレが本気で最強にかっこいい輪ゴム銃作ってみた
yP7QvnVtSQk 寝起きショボン（´･ω･`)　Syobon
yU7euF-8sLg ヤバい服見つけたんだがwwwwwwwwww
yUQxYdEHXjE 腹筋,000回やった結果。
y_5fY3K1rvY ワイの部屋、ガチで呪われてるみたいです。
y_Yt12rdpTo ヒカル𰚱億円の掴み取りさせたら大変な事になってしまった。
y_ovhoKYqYU モバイルバッテリーをモバイルバッテリーで充電し合うと何時間持つのか？
yaisZbPzVZ0 【カオスな】はじめしゃちょーの質問コーナー
ybPla01ecmo 部屋の中にガチの部屋を作ってみた。
ybTlN4sx77A 3階建の家をダンボールの家に改造してみたwwwww
ybVxvQg1M4Y 【縄跳び】ダブルダッチ？余裕だろ𰀍ouble Dutch
ycU4VCZObmY 【無許可】勝手にヒカキンさんガチャ発見。許さない。
ycbS3cZ3jFM 【クリスマス】性𰛦時間にオフ会開いたら何人来るのか？
ydGslxddV9Y オレの所沢が行方不明に。知らない女の人の家にあるらしいです。
yeZ91Sg-7xs ハンバーガ個食ってみた
yexSy8exKBI 【閲覧注意】毛が濃い後輩のヒゲを全部抜いてみた
yh2c1T2NKFM ヒカキンさん家にゴキブリ置いてみた。
yjHvLWrXFHo 【検証𰄒週間キロ痩せるダンス𰤢週間毎日やってみた【HANDCLAP】
yjjFnknPHaA アンチ𰚍Mでバチバチに戦ってみた結果…
ykKGlWviIcc はじめしゃちょー VS 小学校の問題
yncVOy7tuOM 家ですらドラゴンボー𰺷個探すの難しい説
ypkzUnKfnWE おい佐藤二朗。オレとやり合おうや。
yqFtG5pMX3o はじめしゃちょーチャンネル休止します！
ysSef8W-EO8 【実験】自作の巨大スポンジは何リットル水を吸収できるのか？
ytf6-pxIZ0Y 秋のはじめしゃちょーの質問コーナー【YouTube.ver】
ytoVo1su-q0 黒髪にハイブリーチで脱色𰀍yeing my hair
yv0TFZc_xu8 【危険】形が変わるスーパーボール
yv255_424yY ガリガリ君を潰s...混ぜて新たな味を作る！
yviF2_MmxrA 外出できないから家にトレーニングジム作ってみたwwwww
yvwFmkc0RwQ μ’s の声援を受けて、スクフェスでフルコンボに挑戦。 Part1 【 Game Week with Google Play 】
ywUccjMIhqw 【激怒】おい。盗撮すんじゃねえよ。
ywtm6RbCOCA 高速ドリルでシャボン玉製造マシーン作ってみた。
ywuJmIDpXNw オレの似顔絵の似顔絵の似顔絵の似顔絵の似顔絵wwwwwwwwww
yxpVrd6kdCY Humongous Bear Finds a New Home𠅋ig Bear Stuffed Toy
yyocHuwpDPA 【危険】ペヤングやきそばとストロングゼロを混ぜると...
z0Mq6zbk0vI 突っ張り棒で懸垂してみた
z2TFjXulnEU 【実験】お笑い芸人は何言ってもツッコむ事は可能なのか？
z2b0duYAzmA 北海道チーズ蒸しケーキ食うと息が止まるんだけど...
z4AsXs_k-5w イギリスに留学します!!!
z8hGQnPsPh0 【料理𰄑人暮らし自炊シリーズ パスタ
zA1gqJNUuDE え。オレの布団でおもらししたよね？【ドッキリ】
zAZi4Amlx64 ぼくのおクチがぁぁぁぁぁぁぁぁぁぁぁぁぁぁぁぁぁぁぁ
zBrvZjOyx9Q (Basketball) Midsummer One-on-one Game Hajime VS JUNJUN (Pro)
zCFUn5gzOm8 【恐怖】誰だよオレん家にこんな本送ったやつ！！！！！！！
zCL3SWibmv4 【クリスマス】性𰛦時間𰚶時間正座してみた
zD8fjXtNWqA ヒカキンさんに毛虫＆ネズミドッキリ試みる
zDZLImtVw8E 【辛口】殺戮のお菓子軍団 Bassetts
zFuWJnuyaZE はじめしゃちょー新場面切り替え発表会
zGWc9OvM1v0 息子の部屋がコンビニになってた時の母の反応wwwww
zHGeWH4WByg 【爆発】寝てる人にグレネード手榴弾投げてみた
zIRst1Se2mw 人を怒らせる方法　「卵射」
zNLhC_dRlY8 2メートルのプログラミングいも虫ロボを作る。
zPSJw0GOmlY グリーンアーミーメン（緑の兵隊）　Green Soldiers
zSMJ6Bd6ASA 【心霊スポットどうでしょう】倶利伽羅トンネル Part1
zSwdrQWGadM Utamin ウタミン　New musical instrument
zUGsjHD6YhE 誰かが使うまで電話ボックスから出ないことにしました。
zUndl5Y2IvU 杖で４足歩行してみた
zV3WJ438Aao 買ったばかり万円の財布を売ったら何円になるの？
zb9RbEwxkx4 知らない生配信者に課金しまくってみた。
zdAjyCEmf8U 【替え歌作ってみた】デブのためのPretender - Official髭񵍽ism
zeVBRofu_Z0 誕生日にオレの家に人型のチョコがおったwwwwwwwwww
ziHzvkdsGxY 誰にも分からない英会話　withアバンティーズ
ziOEDXWiLvU はじめ社長の質問コーナリング
zkLPOfBd41o 1Kgのからあげ󿇱人で食いますよ？kcal】
zljLVfAVNQM 【重大発表】これが僕の新しい部屋です。
zpaNvUZU-SA 【灼熱】おゆま個で巨大スーパーボールを作ってみた
zpel7bxFvl8 【遊戯王】国内予選の大会に出た結果...
zrT6OBykjoE 外が暑すぎるので全身缶バッジで歩いてみた。
zrj7ddE9r2U 世界最大スマホケースの使い道は...?
zrp3lAZXZCA YouTuber寝てる時がおもしろい説
zsxD7fxUIU8 【#1】ホラーゲーム実況 サイレントヒ𰺲　SILENT HILL 2
zvLa06p_aOM 【騒音】寝てる後輩をバイクで突撃して起こした結果wwwwwww
zxXjsFxQOBk はじめしゃちょーのくしゃみの技講座
zy-pCm9jnHA 【完結編】エクゾディア𰛱ターンで揃うのか？
zy7iYY8NIKo 大量のホットカーペットを重ねて最強の暖房器具を作る
zyKdfLzE5QU 誰でもカンタンに幻覚を見れる方法があるらしいぞ。。。
zyiUGfORRZM 絶対にケガする重い扉を倒してみた結果wwwwww
zz4k-f9Fn1g はじめvsシルク！ついにバスケ対決！
zzBS6UjRrBo 帰ってきたら部屋中全部ペヤングになってるドッキリ
