-0YLtUk1StI Zamek w Złoczowie · Ukraїner po polsku
-yGYhXWei70 Dzikie wyspy Zaporo៊ · Ukraїner po polsku
02Jjpx3YTIU Koᖼiół św. Mikoᐪja · Ukraїner po polsku
0bwG79DcMCY Metrotram w Krzywym Rogu · Ukraїner po polsku
2UfZe0lWmY0 Skalna twierdza w Tustaniu · Ukraїner po polsku
2_rXeZlt4zY Historyczno-kulturalny rezerwat 𠇫usza” · Ukraїner po polsku
5yIRRgegDAI Park Narodowy 𠇭woriczańskyj” · Ukraїner po polsku
7diLr1qduXo Pa𔊬 Szuwałowa · Ukraїner po polsku
7u9SJD_enpQ Czerniowiecki Uniwersytet · Ukraїner po polsku
8J4CYIHfm4o Chersoń stawia opór • Ukraïner po polsku
9-PsRd2HyPc Kanion w Bukach · Ukraїner po polsku
9_kuIfXYxNo Zamek Lubarta · Ukraїner po polsku
C2xq2P9giQc Narodowe Muzeum Sztuki· Ukraїner po polsku
C8hTRrxI_Vk Krywa Łuka · Ukraїner po polsku
DW-ACfiVrm8 Atak Rosji na Ukrainę! Chronologia wydarzeń • Ukraïner po polsku
DzeWJNs2-rg Muzeum Narodowe Historii Ukrainy · Ukraїner po polsku
EGJDiHWFoMo Pa𔊬 Grocholskich-Mo៊jskich · Ukraїner po polsku
EdLp62XVtFE Góra Pywycha · Ukraїner po polsku
FUiyoAFaUpo Budynek „Słowo”  · Ukraїner po polsku
GtL-cCKUGNs Pa𔊬 w Szariwce  · Ukraїner po polsku
GwraOeoPGG0 Majdan Mawryńskyj  · Ukraїner po polsku
HE2DXulOpcY Zatoka · Ukraїner po polsku
HNFwmnj4bw8 Wały Scytyjskie · Ukraїner po polsku
IXFA4VOntVY Narodowe Centrum Wystawowe Ukrainy (WDNH) · Ukraїner po polsku
JNqibcX38P0 Biblioteka Wernadskiego · Ukraїner po polsku
JTRMKnsMOKY Tor kolarski w Kijowie · Ukraїner po polsku
KUHWXYiylQs Zamek w Podhorcach · Ukraїner po polsku
MOii9ztuZxg Park w Samczykach · Ukraїner po polsku
MPPFRi7cj18 Derżprom w Charkowie · Ukraїner po polsku
Q-UAZKMhaU8 Synewyr · Ukraїner po polsku
QlGAr7wTugg Putin bardzo się  boi • Ukraïner po polsku
RYFye251ecw Zamek w Żółkwi · Ukraїner po polsku
WBHaEXEQddA Zaleszczyki · Ukraїner po polsku
XP2_tTgr248 Grodzisko Bielskie · Ukraїner po polsku
XXx8K-vom8k Kopalnie odkrywkowe Krzywego Rogu  · Ukraїner po polsku
YEyWrkAo13Q Sól i nafta Drohobycza · Ukraїner po polsku
Z-2BKevh9K0 Odessa bᆝzie stawiać opór • Ukraïner po polsku
ZvvNqMGIUlI Pustynia Kyciwska · Ukraїner po polsku
_edl_aosHkI Meczet Ar-Rahma w Kijowie · Ukraїner po polsku
a3ka7_hGOjE Kanion w Korosteszowie · Ukraїner po polsku
aL26e1wnpss Klaster kultury IZONE · Ukraїner po polsku
cWLh4LlMJ5I Tunel Miłoᖼi · Ukraїner po polsku
ch3i9o5L5HI Zamek w Zbarażu · Ukraїner po polsku
d9elW33cv0E Krajobrazy wsi Wytacziw · Ukraїner po polsku
emuyngM9m_M Trechtymirów · Ukraїner po polsku
gqKDnY94oRA Jak w Ukrainie „wita się” armię rosyjską • Ukraïner po polsku
inH2rWWycCo Wodospady Tokiwskie · Ukraїner po polsku
j4GjHtezWk8 Latarnia Adżygolska · Ukraїner po polsku
jiuTmUueNmA Stoiska targowe w Biaᐮj Cerkwi · Ukraїner po polsku
lptplT4KgYs Kaniów. Góra Szewczenki · Ukraїner po polsku
mUeoqkt532U Klasztor w Berdyczowie · Ukraїner po polsku
mdzoN2XPoz0 Zamek w Świrzu · Ukraїner po polsku
moun11Y0npU Berezowa Rudka · Ukraїner po polsku
mqhWI9vfzmY Bamberg. Emigracja do Ukrainy • Ukraïner po polsku
oWThQDpy-2I Śpiewaj𐗎 tarasy · Ukraїner po polsku
oqrs4mFH9L8 Kijowski funikular · Ukraїner po polsku
p9CZ9fWVwk4 Wojna w Ukrainie: na skraju globalnej katastrofy ekologicznej • Ukraïner po polsku
pNrT9k70YBU Fort w Tarakanowie · Ukraїner po polsku
q7bx-9V-dLU Wieś Dykańka · Ukraїner po polsku
r84z7lzOgJs Metro w Kijowie · Ukraїner po polsku
rmHCNoPj-o0 Park Zofiówka w Humaniu · Ukraїner po polsku
uFiqYD2Ll0Q Zamek w Olesku · Ukraїner po polsku
uTm76I6dds0 Ogr༽ Korpusowy  · Ukraїner po polsku
uoAHhGE_Trg Kijów bez śmieci. Jak stolica przygotowuje się do obrony • Ukraïner po polsku
up3vQr8fP0o Mariupol stawia opór • Ukraïner po polsku
v21KudB212k Muzeum ៎glugi · Ukraїner po polsku
vKIFUgDwFBw Rosyjski okrᆜie wojenny, pierdol się! • Ukraïner
xrYz8mROMoc Największy radioteleskop · Ukraїner po polsku
yOP6jvzXro4 Twierdza Kijów · Ukraїner po polsku
zhklwJy4a8c Pamir · Ukraїner po polsku
