15R2pMqU2ok How to Enhance Your Gut Microbiome for Brain & Overall Health | Huberman Lab Podcast #61
17O5mgXZ9ZU How Our Hormones Control Our Hunger, Eating & Satiety | Huberman Lab Podcast #16
2XGREPnlI8U Healthy Eating & Eating Disorders - Anorexia, Bulimia, Binging | Huberman Lab Podcast #36
31wjVhCcI5Y Erasing Fears & Traumas Based on the Modern Neuroscience of Fear | Huberman Lab Podcast #49
4b6bwcWK6GE Welcome to the Huberman Lab Podcast
77CdVSpnUX4 Dr. Craig Heller: Using Temperature for Performance, Brain & Body Health | Huberman Lab Podcast #40
8IWDAqodDas Time Perception & Entrainment by Dopamine, Serotonin & Hormones | Huberman Lab Podcast #46
9tRohh0gErM Effects of Fasting & Time Restricted Eating on Fat Loss & Health | Huberman Lab Podcast #41
BwyZIWeBpRw Using Play to Rewire & Improve Your Brain | Huberman Lab Podcast #58
DtmwtjOoSYU Dr. Robert Sapolsky: Science of Stress, Testosterone & Free Will | Huberman Lab Podcast #35
E7W4OQfJWdw Nutrients For Brain Health & Performance | Huberman Lab Podcast #42
FFwA0QFmpQ4 Understanding and Using Dreams to Learn and to Forget | Huberman Lab Podcast #5
GLgKkG44MGo Dr. Jack Feldman: Breathing for Mental & Physical Health & Performance | Huberman Lab Podcast #54
GqPGXG5TlZw How to Lose Fat with Science-Based Tools | Huberman Lab Podcast #21
GzvzWO0NU50 Dr. Matthew Johnson: Psychedelics for Treating Mental Disorders | Huberman Lab Podcast #38
H-XfCl-HpRM How Your Nervous System Works & Changes | Huberman Lab Podcast #1
HXzTbCEqCJc Dr. David Buss: How Humans Select & Keep Romantic Partners in Short & Long Term | Huberman Lab  #48
J7SrAEacyf8 Biological Influences On Sex, Sex Differences & Preferences | Huberman Lab Podcast #14
JPX8g8ibKFc Using Cortisol & Adrenaline to Boost Our Energy & Immune System Function | Huberman Lab Podcast #18
JVRyzYB9JSY The Science of Hearing, Balance & Accelerated Learning | Huberman Lab Podcast #27
KVjfFN89qvQ The Science of Gratitude & How to Build a Gratitude Practice | Huberman Lab Podcast #47
LG53Vxum0as How to Focus to Change Your Brain | Huberman Lab Podcast #6
Mwz8JprPeMc How Smell, Taste & Pheromone-Like Chemicals Control You | Huberman Lab Podcast #25
NAATB55oxeQ Find Your Temperature Minimum to Defeat Jetlag, Shift Work & Sleeplessness | Huberman Lab Podcast #4
ObtW353d5i0 The Science of Vision, Eye Health & Seeing Better | Huberman Lab Podcast #24
PZ-GvIOhcf8 How to Control Stress in Real-Time | Huberman Lab Quantal Clip
PctD-ki8dCc Dr. David Spiegel: Using Hypnosis to Enhance Health & Performance | Huberman Lab Podcast #60
QmOF0crdyRU Controlling Your Dopamine For Motivation, Focus & Satisfaction | Huberman Lab Podcast #39
RgAcOqVRfYA Science of Social Bonding in Family, Friendship & Romantic Love | Huberman Lab Podcast #51
VAEzZeaV5zM Controlling Sugar Cravings & Metabolism with Science-Based Tools | Huberman Lab Podcast #64
VQLU7gpk_X8 How To Build Endurance In Your Brain & Body | Huberman Lab Podcast #23
VRvn3Oj5r3E Dr. Lex Fridman: Machines, Creativity & Love | Huberman Lab Podcast #29
Wcs2PFz5q6g The Science of Making & Breaking Habits | Huberman Lab Podcast #53
XLr2RKoD-oY Science of Muscle Growth, Increasing Strength & Muscular Recovery | Huberman Lab Podcast #22
XfURDjegrAw How Foods and Nutrients Control Our Moods | Huberman Lab Podcast #11
Xu1FMCxoEFc Understanding & Conquering Depression | Huberman Lab Podcast #34
Ze2pc6NwsHQ Optimizing Workspace for Productivity, Focus, & Creativity | Huberman Lab Podcast #57
aXvDEmo6uS4 Maximizing Productivity, Physical & Mental Health with Daily Tools | Huberman Lab Podcast #28
azb3Ih68awQ Using Salt to Optimize Mental & Physical Performance | Huberman Lab Podcast #63
dFR_wFN23ZY Dr. Alia Crum: Science of Mindsets for Health & Performance | Huberman Lab Podcast #56
gMRph_BvHB4 The Science of Love, Desire and Attachment | Huberman Lab Podcast #59
gbQFSMayJxk Dr. Matthew Walker: The Science & Practice of Perfecting Your Sleep | Huberman Lab Podcast #31
hFL6qRIJZ_Y ADHD & How Anyone Can Improve Their Focus | Huberman Lab Podcast #37
hcuMLQVAgEg The Science of Emotions & Relationships | Huberman Lab Podcast #13
hx3U64IXFOY Using Failures, Movement & Balance to Learn Faster | Huberman Lab Podcast #7
iMvtHqLmEkI Dr. Duncan French: How to Exercise for Strength Gains & Hormone Optimization | Huberman Lab #45
mcPSRWUYCv0 Control Pain & Heal Faster with Your Brain | Huberman Lab Podcast #9
n9IxomBusuw Dr. David Sinclair: The Biology of Slowing & Reversing Aging | Huberman Lab Podcast #52
nm1TxQj9IsQ Master Your Sleep & Be More Alert When Awake | Huberman Lab Podcast #2
ntfcfJ28eiU Tools for Managing Stress & Anxiety | Huberman Lab Podcast #10
nwSkFq4tyC0 Using Science to Optimize Sleep, Learning & Metabolism | Huberman Lab Podcast #3
oC3fhUjg30E Dr. David Berson: Your Brain's Logic & Function | Huberman Lab Podcast #50
oUu3f0ETMJQ Dr. Samer Hattar: Timing Light, Food, & Exercise for Better Sleep, Energy & Mood | Huberman Lab #43
ouCWNRvPk20 Dr. Justin Sonnenburg: How to Build, Maintain & Repair Gut Health | Huberman Lab Podcast #62
p3JLaF_4Tz8 Dr. Anna Lembke: Understanding & Treating Addiction | Huberman Lab Podcast #33
poOf8b2WE2g Using Your Nervous System to Enhance Your Immune System | Huberman Lab Podcast #44
qJXKhu5UZwk The Science of How to Optimize Testosterone & Estrogen | Huberman Lab Podcast #15
rBdhqBGqiMc Reduce Anxiety & Stress with the Physiological Sigh | Huberman Lab Quantal Clip
rW9QKc-iFoY How to Optimize Your Brain-Body Function & Health | Huberman Lab Podcast #30
t1F7EEGPQwo The Science of Setting & Achieving Goals | Huberman Lab Podcast #55
uuP-1ioh4LY Optimize Your Learning & Creativity with Science-based Tools | Huberman Lab Podcast #8
vA50EK70whE How to Increase Motivation & Drive | Huberman Lab Podcast #12
w9MXqXBZy9U Dr. Karl Deisseroth: Understanding & Healing the Mind | Huberman Lab Podcast #26
x7qbJeRxWGw How to Control Your Metabolism by Thyroid & Growth Hormone | Huberman Lab Podcast #17
xJ0IBzCjEPk How to Learn Skills Faster | Huberman Lab Podcast #20
xaE9XyMMAHY Supercharge Exercise Performance & Recovery with Cooling | Huberman Lab Podcast #19
xmhsWAqP_0Y How to Control Your Sense of Pain & Pleasure | Huberman Lab Podcast #32
