2PhYCbA2_C8 In this Deadly Planet People Will Do Anything to Survive
3xZ3L6EE4K0 Group of People Must Survive in a Deadly Island
ABFa0-QpikU Group of Students Must Survive in a Island With Huge Insects
BQuPKIm5W6E IN FUTURE Artificial Superintelligence is Destroying Humanity
CEay34ZSZQg In Future People Abandoned their Physical Bodies for Virtual Reality
EoXhgE4augg Top 10 Badass Students in Anime
FF476mb9JNM When Your Classmate is a Badass OP Vampire
FsmgTQDwy7k The Best Anime of Fall 2020
GmDYzSFHME4 Top 10 Badass Vampires in Anime
HvPuqwla1pU Human Experimentation | Epic Escaping Moments in Anime
I5hqrRINupM The Boy Needs Human Blood to Protect Humanity from the Undead
Iz-tf-8NcGs A Nurse Must Save an Old Man From Experiments
JL5TViKiv5Y Most Savage Massacres in Anime #2
ME3u-LgEtwM Top 10 Massacres in Anime
O-yY8QBUhFg Girl Adopts a Boy With Demonic Powers After he Saved Her
OHgXfAwp8ac Boy Gets Sucked Into Wormhole and Wakes Up in a Strange Planet
QCUC0W5U0ko Girl Wakes Up From Cryosleep and Finds a World Full of Monsters
R9_CikK8lyE Teenage Boy Finds Out His Crush Is OP Witch Escaped For A Lab
T4_ZCjRZ7VM When a Girl Gets What She Deserves
UpGA9UUH38E Girl Goes to the Underworld to Resurrect a Dead Boy
VXTeDqcUmNk Girl With Rare Blood Must Fight Deadly Monsters
V_nPzF7KWqA Top 10 Thot Slayers/Advocates Of Gender Equality in Anime
XWxr0uIJXLU Low Rank Student Hides His Overwhelming Powers
YzHZ1Wx00to Group of People Wake Up and Find Everyone Dead on Earth
Z7tEntlhuGo Gleipnir - Anime Review
ZmsUZRcxGLc She Will Do Anything to Win This Deadly Race
b6YZM8_Po4A After Watching This Anime You Will Ask For Forgiveness
cqifz91aUl0 Werewolf Boy Must Protect The Vampire Princess at any Cost
cynumtEfW_U After 300 Years Trees Come To Life Grow Rapidly and Destroy Humanity
gMDEg93JrsM Top 10 Anime with Massive Epic Battles
kBqjl620zeI Boy Must Conquer All Dungeons to Become a King
m1uxRELjDJg The Best Anime of Summer 2020
oHu_dyHXlRk The Life Story of Saitama - One Punch Man
s2dTmzCM3Vo AniCore (ex- BlackTi) - Channel Trailer
vL0wfL_QahY After Airplane Crashes Boy Wakes Up  in Another World; Ends Up Ruling It
xQ9ZDzcjMB8 Man Wakes Up and Finds Everyone Dead in the City
yEGy4qeDKaU Mutated Fishes are Attacking and Eating People
z_u9Aj9kfgM IN FUTURE People Will do Anything for a DOSE OF VACCINE
