-XXdNLjK60Y Bill Bellamy Answers the Internet's Weirdest Questions
-kBbgcIPfIE Bobby Kelly Loves BJ's and Buffets - Answer The Internet
-u1FKT-jJSw Would Ari Shaffir Jerk Off LeBron for All of His Athletic Ability? #Shorts
-ywLMLyILyo Andrew Schulz Answers the Internet's Weirdest Question Part 2
070DaGhWyp4 Ian Fidance Does NOT Like Freaks - Answer The Internet
0Ick_RVEzKE Mark Normand Answers The Internet's Weirdest Questions Part 2
0PgBbDfAGRc Troopz Answer the Internet's Weirdest Questions
0Y7fEMna4s0 Would Your Rather Your Mom Or Daughter Be A Pornstar - Debate The Internet
0p0hQV3NEoY Jessa Rhodes Answers the Internets Weirdest Questions
1U8_TDJI2oo Best of Celebrities Answering Weirdest Questions from the Internet Part 2
1X79eE0YsZk Rhett And Link Answer the Internet's Weirdest Questions
1qjqidkQgeE Sherrod Small Answers the Internet's Weirdest Questions
2G1csSEZb5o Dennis Rodman Answers the Internet's Weirdest Questions
2Q2GveugRKg Carly Aquilino Answers The Internets Weirdest Questions
3o0HMCCDTH8 Which fictional character would you love to beat the sh*t out of?
487XaMdn8Bk Hook Up With Models or Have Everyone Think You Did? With Spittin' Chiclets #Shorts
5B0bFBn-w7Y H Foley and Kevin Ryan (Are You Garbage Podcast) Answer the Internet's Weirdest Questions
5hgLZbcvyr8 Snooki & Joey Answer the Internet's Weirdest Questions
5x8PbPp-d44 Ted Alexandro Answers the Internet's Weirdest Questions
6piBanjOFwk If you had 5 dollars to get drunk, what are you buying?
78q7UV3O-2o J.B. Smoove Answers the Internet's Weirdest Questions
7BjpW1693c0 Would You Rather Spend Your Life Blind or in an Olive Garden? Rhett and Link #Shorts
7Et2hXYwmb0 Brendan Schaub Answers the Internet's Weirdest Questions Part II
7q4CXTYel5c Soulja Boy Answers the Internet's Dumbest Questions
8NeoTUh5F_o Build Your Own Shelter or Hunt Your Own Food? With Ari Shaffir #Shorts
8OEK4xgUoPM How Many Kids in Baseball Helmets? Sean Evans on ATI #Shorts
9cvlyzExOtc Chris Distefano Answers the Internet's Weirdest Questions
9lIqv1d-UoI Would Rory Farrell Watch a Porno With Your Dad? #Shorts
ABtoZKaGDjc Kelsey Cook Has a Pornstar Celebrity Look-Alike - Answer The Internet
AMmo8xruk5Q What are the best starburst flavors?
AcmY4K0I2pc Bill Burr Answers the Internet's Weirdest Questions
Ahz2padTQBw How Much Money Would It Take Carly Aquilino to Give Up Her Favorite Food? #shorts
AncBpmz8bvQ Chad Daniels Answers the Internet's Weirdest Questions
B7Lw23cUQ4U Mike Majlak and Lana Rhoades Answer the Internet's Weirdest Questions
BUsx-tBorxw Iliza Shlesinger Answers the Internet's Weirdest Questions
C3DbKGq3m7A If You Were Murdered, Who Would Be The Most Likely Suspect? With Ryan Long #Shorts
CIB6Cu_Z3Ac If you could spray like a skunk, what scent would you want it to be?
Ct_QUDznUY4 If Tom Segura Could S*** His Own D***, Would He? - Answer the Internet
DWPws7g9gqw Nikki Glaser Answers the Internet's Weirdest Questions
DftGZgOWjGw Dan Soder and Shane Gillis Answer the Internet's Weirdest Questions
DqZBMFTsgFI Would Rhett & Link Rather Wear High Heels or a Belly Shirt? #Shorts
EFiDN82k76M Dan Soder Answers the Internet's Weirdest Questions Part 2
EM2AupqhDAk Celebrities Answer the Internet's Weirdest Questions | Aliens
FW3rymDx-Lw Andrea Savage Answers the Internet's Weirdest Questions
FYTQOudQ0SA Rude Jude Answers the Internet's Weirdest Questions
FZ5uO3ElceA Would you rather give up the hungover breakfast sandwich, or drunk pizza?
GUwoUvnD2Fs Best of Answer the Internet 2021 ft Abella Danger, Bert Kreischer, Tom Segura, and More
H0DMwjwuAzY Brad Williams Asks South Park for a Job - Answer The Internet
HCkZ31MYXc8 If you could live inside one TV show, what would it be?
HJTf-Tu_P7c Rosebud Baker Answers the Internet's Weirdest Questions
HMfuUDORXUM Cody Ko and Noel Miller Answer the Internet's Weirdest Questions
HgfTcYm8iIQ Big Jay Oakerson Answers the Internet's Weirdest Questions
HuGgC_83TzI What's something that someone could do or say that would have you swipe right on Tinder?
ICX049fpB4E Bryan Callen Answers the Internet's Weirdest Questions
IIv1GkcqakQ Girls Gotta Eat Answer the Internet's Weirdest Questions
INFmgndNiks Sean Evans of Hot Ones Answers the Internet's Weirdest Questions
IVqL3CHFDUc Luis J Gomez Answers the Internet's Most Offensive Questions
IZas0cVQ-cE Colin Quinn Answers the Internet's Weirdest Questions
JUCWiVftKVg Ms Pat Answers the Internet's Weirdest Questions
JWy8t7gt4Jw Gary Gulman Claims His Memories Are Better Than P*rn - Answer The Internet
KAL2GnrW5y4 Would Trevor Wallace Be a Better Pope or POTUS? #Shorts
KB0bG44MziI Andy Haynes Answers the Internet's Weirdest Questions
KPwMlgtEOl8 Dan Soder Answers the Internet's Weirdest Questions
KRF6x6_UMA8 Would Abella Danger Watch Porn With the Hottest Girl From Your High School If.... #Shorts
KuPwU978a-8 Sit on a Cake and Eat a Dick, or Sit on a Dick and Eat a Cake? Paul \
LNZcELveAHM Josh Wolf Answers the Internet's Weirdest Questions
LVWesLnE4oE Doug Smith Answers the Internet's Weirdest Questions
LaWgHuwtwoM Dane Cook Answers the Internet's Weirdest Questions
LsCudBgI4pg Natalie Cuomo Doesn't Want To Know What's on Her Man's Phone - Answer the Internet
M0LCFujja9Q Andrea Savage Answers the Internet's Weirdest Questions Part II
MJR_XDUfWg8 Mike Cannon Says Brendan Sagalow's A**hole Looks Like A Peanut - Answer The Internet
MfIh7pH71CQ Does the President Do This in the Oval Office? Bill Burr Answers the Internet #Shorts
Mlo_gr0AUZM Would Rosebud Baker Rather Wake Up to a Massive Dude or a Ghost? - Answer the Internet
NXOXuV4wPIc Paul 'BizNasty' Bissonnette Answers the Internet's Weirdest Questions
NZLFwb43f08 Akaash Singh Answers the Internet's Weirdest Questions
NargSAKR3dM Jerry Ferrara Answers the Internet's Weirdest Questions
Nau3q13TGuc Ari Shaffir Answers The Internets Weirdest Questions Part 2
Nwi8SSSXGc4 The Most Popular Episodes of Answer the Internet
OxYRPvUXYZ4 Mike Cannon Answers the Internet's Weirdest Questions
PJX3WLkKrHs Mike Feeney Answers The Internet's Weirdest Questions
PK7-MauIpBo Gabriel Iglesias Answers the Internet's Weirdest Questions
PLpDavtgZts Best of Celebrities Answering Weirdest Questions from the Internet || Answer the Internet
PMLDCNQjOI0 Mike Feeney Has a Billion Dollar Idea Involving Geese - Answer the Internet
POeTOAAqGis What TV show could you take a college course on and get an A?
POowd4DD7ro If You Had Action Figure Hands, What Position Would You Want them to be in? Abella Danger #shorts
PTXjZzDR0MY Would Trevor Wallace Rather Fight a Rhino or a Short Gladiator? #Shorts
Q2wAKd3em1M Jo Koy Answers the Internet's Weirdest Questions
QCV3Djp0qI4 Logan Paul Answers the Internet's Weirdest Questions
QZHyg3X67vI Shane Gillis and Matt McCusker Do NOT Want D.K. Metcalf to Bang Their Girl - Answer the Inrnet
QwJU4hfGji4 If You Could Turn Any Movie into a Porno.... With Ms. Pat #Shorts
RQE1snRxfrI Celebrities Answer The Internet's Weirdest Questions | The Strangest Questions We've Ever Asked
RYOkdLCcnAA Chris Distefano's Belly Button is Way Too Deep - Answer The Internet
RqsZeUEuLFM Danny LoPriore Has an All-Time Top 5 List of Dream Girls - Answer the Internet
RwYau6xGxzA Lisa Ann Answers the Internet's Weirdest Questions Part 2
SFbeHokYNlc Ms. Pat Answers The Internet's Weirdest Questions Part 2
TYclBHaw6NE If you were a general in the civil war, would you rather have a T-Rex, or a modern war tank?
TgvKNq8W5yM Million Dollaz Worth of Game Answer the Internet's Weirdest Questions
ThUrFOxGxdY Phoenix Marie Answers the Internet's Weirdest Questions
TkQ0PeoXdbw Chris has Never Done WHAT Before?? - Tommy Pope and Chris O'Connor Answer the Internet
UMpv-i0hRJg How Far Has Abella Danger Driven For Sex? #Shorts
UdNuTtXdPic Nate Bargatze Answers the Internet's Weirdest Questions
UqY-yZW55r4 Are You Garbage Thinks Bon Jovi's a B***** - Answer The Internet
UsewMMn6Cvg Steve Lemme and Kevin Heffernan Answer the Internet's Weirdest Questions
VBZ2V3ljs2g KSI Answers the Internet's Weirdest Questions
VmwA07nK4Mw Nick Cannon Answers the Dumbest Questions on the Internet
Vn-NFLIUfUA Pete Holmes Answers the Internet's Dumbest Questions
W6AzcM_0ut8 Abella Danger Answers The Internet's Weirdest Questions Part 3
WPTOmPcY0E0 Would You Rather Have Your Mom Send You or Your Friends a Nude? With Biz #Shorts
WUCvSFlPul4 Will Compton Wants to Eliminate All Texas Sports Teams - Answer the Internet
WvaqDh3wWXs Mark Normand Answers the Internet's Weirdest Questions
XgUK0SKGiVU Jerry Springer Answers the Internet's Weirdest Questions
XiGZdFgiENM Chris Distefano and Yannis Pappas Answer the Internet's Weirdest Questions - Part II
XxBv8jPdefw What Would You Do If You Pissed in Someone's Bed? With Trevor Wallace #Shorts
YFBTLVpsVmE If your girl had to wear a mascot head, what would you pick?
YmQuNaDzEhY Abella Danger Answers the Internet's Weirdest Questions
ZFl3jgqfuzQ Jerry O'Connell Answers the Internet's Weirdest Questions
_63eF-V3Xzo Would you rather make $1 million but work a lot, or make $100k to do nothing?
_QCCxYqrIRo Trevor Wallace Answers The Internet's Weirdest Questions Part 2
_ZWku0IMTmc Would You Rather Walk With A Roller Blade As Your Left Shoe Forever Or... - Debate The Internet
_nSkTb0LASQ Shane Gillis Answers the Internet's Weirdest Questions
aDQZNtGUti0 Jimmy Carr Answers the Internet's Weirdest Questions
aZKOoc4-rQc If you had to have a theme song play as you arrive anywhere, what would it be?
afk37x-heRA Nicky Cass Answers The Internet's Weirdest Questions
auK6yr-bztk Theo Von Answers the Internet's Weirdest Questions
av3PIyk8ARs Dean Norris Answers the Internet's Weirdest Questions
b7xCsR5dg8M Bob Saget Answers the Internet\u2019s Weirdest Questions
b8Zk5XCGbAI Who would win in a fight, Jon Bon Jovi or Michael Keaton?
bz5Mltp1QzA If You Could Be Any Character From Any TV Show.... With Rory Farrell #Shorts
c-S5qoosHtQ If you died and could come back as an object, what would it be?
cHAZ4XStGaQ Jimmy O. Yang Answers the Internet's Weirdest Questions
ckIPEUUf3HA Jim Breuer Answers the Internet's Weirdest Questions
dEBlbdz40fU Whitney Cummings Answers the Internet's Weirdest Questions
dJUsztzwYvw Lisa Ann Answers the Internet's Weirdest Questions
dTLLvgxY9F0 Krystyna Hutchinson and Corinne Fisher Answer the Internet's Weirdest Questions
dvxzl7xT9R0 If you got a one time pass to do whatever you want, what crime would you commit?
eNevqVvHHW0 Jim Norton Answers the Internet's Weirdest Questions Again
evygBBK05Sc If Rhett & Link Were Generals in the Civil War, would they choose a T-Rex or a Tank? #Shorts
fEhmUhhOQ18 Ken Jeong Answers the Internet's Weirdest Questions
fFnq80nVLMI Brendan Sagalow Answers the Internet's Weirdest Questions
fY6vNcdagH8 Gary Owen Answers the Internet's Weirdest Questions
fg9xOS01Ct8 Donnell Rawlings Refuses to Answer This Question - Answer The Internet
frT8GHrnDAA Would you rather make $1 million a year with ridiculous hours, or $100,000 but do nothing?
fvo-cBoa_oo What One Stat Would Andrew Schulz Want to See? #Shorts
fvpYehzKQLw Brian Austin Green Answers the Internet's Weirdest Questions
hdrD46qFJEg Would Bert Kreischer Recognize His Own D*** Pic? - Answer the Internet
hjxVH9Wr45Y Tom Segura Answers the Internet's Weirdest Questions
i9srtJmKYLk Paul Virzi Answers the Internet's Weirdest Questions
iHA-XoHWA1Q Who Would Logan Paul Fight to the Death to Switch Lives With? #Shorts
iintG1t9GYI Suck One D*ck for 50k or 1k For Every D*ck you suck? With Ari Shaffir #Shorts
j-y6ffl_iwU Ryan Long Answers The Internet's Weirdest Questions
jQ_CqXjIYhc If You Could Be Any Character From a TV Show.... With Rory Farrell #Shorts
k4e1RobRXFc Brendan Schaub Answers the Dumbest Questions on the Internet
kQh6eiWaRm4 How Much Money Would It Take to Give Up World Peace? Bill Burr Answers the Internet #Shorts
kSbvpTNab4U Bert Kreischer Answers The Internet's Weirdest Questions
lCWO1dEUl1U Which One Category of Porn Would Abella Danger Choose to be Able to Watch? #Shorts
lHQBg4Syl6Q Howie Mandel Answers the Internet's Weirdest Questions
mbgexL13dhw Kerryn Feehan Answers the Internet's Weirdest Questions
mmhJE7PIkZ4 Abella Danger Answers the Internet's Weirdest Questions Part 2
mpqzEjyYGl4 Yannis Pappas Answers the Internet's Weirdest Questions
mycYP15o70o Sean Evans Has The Most Controversial Take in ATI - Answer The Internet
nFY9ctQmBU8 Worst Thing Spittin' Chiclets Has Been Kicked Out of a Bar For? #Shorts
nQcl9PDwUk8 Ari Shaffir Answers the Internet's Weirdest Questions
nRCZ0P307VM Jim Norton Answer the Internet's Weirdest Questions
n_4s408uRXY Brian Simpson Loves a Good Surprise - Answer the Internet
na0rQw7UZdg Would you rather always have balls stuck to your leg, or permanent swamp a**?
nk87iyRufqs Andrew 'Cheeto' Santino Answers the Internet's Weirdest Questions
oLiKG8yG7k0 You get one free throw, if you make it you get $1 mil, if you miss you never get to text again...
oNSIgYTVa7w Jo Koy Answers the Internet's Weirdest Questions Part 2
pGmeRcHqoGE Jon Taffer Answer's the Internet's Weirdest Questions
pKaFxBKyjN0 Trevor Wallace Answers the Internet's Weirdest Questions
qEyYLBhMw58 What Gymnastics Event Would Abella Danger Bet Her Life She Could Win? #ATI #Shorts
qVTjqnExqA8 Would Ms. Pat Live Inside an Olive Garden? #Clips
qYfvLtPiyU8 If you had to get one movie quote tattooed on your body, what would you get?
qdWlD8fv_FQ Rory Farrell Answers The Internet's Weirdest Questions
qh2ZFeuDhsY Kevin Smith Answers the Internet's Dumbest Questions
qjlO8nNkLuY Pauly D and Vinny Answer the Internet's Weirdest Questions
rM8r7TOVVE8 Bald by 20 or 5'3 With Full Head of Hair? With Dan Soder and Shane Gillis #Shorts
rQPXBcfxn70 Rude Jude Answers the Internet's Weirdest Questions Part II
rjUTVsaDjS4 Sam Morril Answers The Internet's Weirdest Questions
s39H-TR3fJE Lil Jon, Josh Allen, Waka Flocka, Camille Kostek Answer the Internet's Weirdest Questions
s9IPOP_PVC0 Andrew Schulz Answers the Internet's Weirdest Questions
swErJLs75Y4 Celebrities Answer the Internet's Weirdest Questions | Craziest Stories
sxm9NEpbX08 What Was the Last Movie that Made Your Cry? Sean Evans on ATI #Shorts
tmoH3dLJmIE Tank Sinatra Answers the Internet's Weirdest Questions
tsRJ2BVJ5RM If You Had the Flexibility to Blow Yourself, Would You? Dan Soder #Shorts
txiH0taXSs8 Spittin' Chiclets Answers the Internet's Weirdest Questions
txmz67PCbns Glenn Howerton Answers the Internet's Weirdest Questions
uHwxjUsxygw Jim Gaffigan Answers the Internet's Weirdest Questions
uQF6pQQ9a84 Would Trevor Wallace Be a Better Pope or POTUS? #Shorts
ui_bHcsPdMg What Song Would Dan Soder and Shane Gillis Choose as their Boner Song? #Shorts
vR98F_DRlE8 Who Would Be The Most Dominant Naked Basketball Player? Andrew Schulz #Shorts
v_G-lbtztP8 Chris D'Elia Answers the Internet's Weirdest Questions
vnCIwIW9QyE Annie Lederman Answers The Internet's Weirdest Questions
w2pql32i7FE Why Did Paddy The Baddy Get Kicked Off Twitter? - Answer the Internet
w3BwyK3edaA Tim Meadows Answers the Internet's Weirdest Questions
w86VWHAw8gY Would You Rather be Blind or Live Inside of an Olive Garden? With Andrew Schulz #Shorts
wNLj_923-LY Would you rather have everything in your life be hot or cold?
wQUjxZmyQo4 Henry Winkler Answers the Internet's Weirdest Questions
xKowFnlqMQ8 What is a little thing someone can do that automatically makes them a crazy person?
xahP92gI5ws Would You Rather Be Falsely Accused of Murder or Never Be Able to Stop Orgasming? #Shorts
xqARTk__xCk Sebastian Maniscalco Answers the Internet's Weirdest Questions
yEDijWpVylU Kaz and Lowkey Answer the Internet's Weirdest Questions
ysiGZjdK_d8 Rocky Dale Davis Answers The Internet's Weirdest Questions
yyAz8sCq-p0 Henry Golding Answers The Internet's Weirdest Questions
zGj-2Lu9KjA Does Jessa Rhodes Think Lube Handjobs Weird? #Shorts
zOCzhNtAXKU David Spade Answers the Internet's Weirdest Questions
zS7DD149AwI Answer the Internet is Back with a STACKED Lineup!
zpd2ddRUOYg Sit on a Cake and Eat a Dick or Vice Versa? With Dan Soder and Shane Gillis - #Shorts
zyuVC1js3LI If Your Friend Accidently Posted a Picture of their D*** on Snapchat.... With Ryan Long #Shorts
