-1O_l0nGrIM How do you think most people would answer the question \
-3eeuxrP-XU Our Musical Brain - Robert Zatorre on Musical Processing in the Brain
-4rgnifFxhc Fungi may be the next big threat - Leah Cowen on the Fungal Kingdom
-6Tgl2fve8w The truth about happiness: what six ingredients make a life well lived?
-91TP4hQSIk Technology allows people to live with less social interaction. What are the effects of this reality?
-NS4M2SE35o How much freedom do people have to choose the groups they belong to?
-PRFtmGegOc Part 5. CIFAR/OBI Public Lecture on Autism, Presented by Autism Speaks
-fHWu1pNuWs Child & Brain Development
-rLZMCpzPGs Microbial Metabolites in the Ocean Carbon Cycle
0hY6GItGW94 Building Neighbourhoods That Thrive - Daniele Zanotti
0iez_CLGtnU COVID-19 vaccines and convalescent plasma - Alan Bernstein & Arturo Casadevall - CIFAR Virtual Talks
0pJiPFMkb1Y Matt Dobbs - Imaging the Entire Sky
1j818lX8f7s Chercheurs mondiaux CIFAR-Azrieli 2022 :  Postulez sans tarder
1lzulYQ6GQI Black Holes Don\u2019t Suck - CIFAR Azrieli Global Scholar Daryl Haggard at the Walrus Talks Exploration
1yRg4yqS520 The Brains Behind AI: Martha White
26Vdi9ZjNnk How does 'global citizenship' play a role in our identity?
2YXvjT3bKW4 The Brains Behind AI: Graham Taylor
2yPjZEgnGXc CIFAR EVENT - WHY NATIONS FAIL
2zi6c2pbOB4 Democratizing Molecular Innovation
3Vyk0XI33-o Children's hidden costs of COVID-19 - Megan Azad, Michael Kobor & Candice Odgers- CIFAR Virtual Talk
3aFpHgw5L-E Teaching Machines to See, Understand & Act: AICan 2019 Panel Discussion 4
3s213XJ5cvI Our Musical Brain - Julie Nesrallah and Gryphon Trio performance
420BMkmJZsI Helping and Happiness: Can helping others improve our own well being?
4AZ9UUcCoog Irene Bloemraad: Boundaries of Inclusion
4UgT-EIv6Hk Q&A with Daron Acemoglu: Robotics, AI, and the Future of Work
4sfRRUWoVuU Marine Microbes - Our Invisible Allies
4vLziAWF1js Part 6. CIFAR/OBI Public Lecture on Autism, Presented by Autism Speaks
4z7FKRoVyyQ Change Makers Community Well Being  5 Moderated Question and Answer
50gT5Q2mZ-E Our Musical Brain, An Evening of Science and Music opening video and performance
56BJO-EX6Jc Our Musical Brain, An Evening of Science and Music - Julie Nesrallah Introduction
5GSoXIUPyfE CIFAR's The Next Big Question Highlight Reel Chapter 1
5lYxaoWt2lY Harvesting findings from population based longitudinal studies to inform early childhood programs
5vBPG48U90s New Models for Thriving - Peter Hall: Social Relations and Patterns of Inequality
5wwbOBFBMbs DLRL Summer School 2021 - Lifelong Learning - Irina Rish
5z6LJLS4puM What are the latest brain studies revealing that will be empowering for individuals?
68IMuPJuquc Learning in Machines & Brains
6Ain0_Sa2dQ How Collective Norms Can Produce or Mediate Climates of Conflict
6DdoZL-eYis What is a healthy brain? CIFAR Virtual Talk Brilliant Minds | Bold Questions
7P60--RsjUg Introduction: Robotics, AI, and the Future of Work
7jeAXZv_yUE Monitoring accountability of social institutions to children's development
7m7VWnaqFy0 Part 8. CIFAR/OBI Public Lecture on Autism, Presented by Autism Speaks
841buE62Ofs Clyde Hertzman Tribute
85C6SFGZgAo Chercheurs mondiaux CIFAR-Azrieli
8BhhVMzlS_Y Community-based approaches to COVID-19 screening - Thom McDade - CIFAR Virtual Talk
8UxNaltcj1E Daryl Haggard : Black Holes are Awesome
8W960TpIYjk CIFAR's History
9GW9p5FeMV4 Part 9. CIFAR/OBI Public Lecture on Autism, Presented by Autism Speaks
9XD7XZdKAZc Fairness, Transparency, Explainability, in Machine Learning: AICan 2019 Panel Discussion 6
9hfcAv42Z6E CIFAR Massey Talks:  The future of vaccines
9j87FZI6o3E Why is CIFAR researching neoliberalism?
9lUXUTVMqGc What is CIFAR?
9zjhg5RtAks CIFAR\u2019s Integrated Microbial Biodiversity program
AV6ifcYolOQ La science est notre strat\u00e9gie de sortie - Alan Bernstein, pr\u00e9sident & chef de la direction du CIFAR
AV7HwfuZWhY CIFAR 2015 Barbara Stymiest HD
AXZFYAUotMQ How do you think most people would answer the question \
AbniCp-_mYs CIFAR: Seeing Research Differently
B7p0tiw-k88 How has your research affected your understanding of your own identity?
BURLFAg1eHo Lutter contre la COVID-19 avec la pr\u00e9diction du risque bas\u00e9e sur l\u2019IA - Conf\u00e9rence virtuelle CIFAR
BmGfLemCBY4 \
C6kODOHF3Ac CIFAR Massey Talk 2016 - Joseph Henrich: The Secret of Our Success
CNha3MW6iTw Part 4. CIFAR/OBI Public Lecture on Autism, Presented by Autism Speaks
COB38MsjT_o CIFAR Azrieli Global Scholars 2022: Apply now
CZwg0t9VDEE Cities and Human Society in the 21st Century
D-8gENGuSi0 Part 1. CIFAR/OBI Public Lecture on Autism, Presented by Autism Speaks
EGhXy7JlyeA Our Musical Brain Azrieli Foundation Gift Reception - Alan Bernstein opening remarks
EIPWBA7kCEc Vicky Kaspi : Fast Radio Bursts
EkL4sYIs2TU Change Makers Happier Communities  2 Meik Wiking
FKZ_F3lOmpw Part 3. CIFAR/OBI Public Lecture on Autism, Presented by Autism Speaks
FxGzqudPfiM CIFAR Winter School: Hear from the speakers
G-eiF5cOKgU Video 3: CIFAR AI Futures: Policy Challenges of AI | Vid\u00e9o 3: :D\u00e9fis politiques
G2od6Txyqtw The Brains Behind AI: Hugo Larochelle
G351V_l3YAk Phishing for Phools: A presentation by George Akerlof
GduvfAlJytM Combating Early Childhood Adversity - Bryan Kolb: Plasticity in the Developing Brain
GoytMpRMugk How has your research affected your understanding of your own identity?
HDWTgS5qO_8 CIFAR Massey Talk 2018: Solving the Mystery of Fast Radio Bursts
HGROrMZM1S8 CIFAR Azrieli Global Scholars 2021 - Call for Applications 2
HYyYnc6a23Y Emergence in Living and Non-Living Systems
HfJAUOblNvU What is social resilience?
HsBi54-GYzA Researching with Communities \u2014 Axelle Janczur: Transformative research and program planning
Htl5MnEQQAQ CIFAR Azrieli Global Scholars 2021 - Call for Applications 4
I2oUPLQTusE How can we teach computers to see?
I6sQ8dIJlMA Video 1:  CIFAR AI Futures: What is AI? | Vid\u00e9o 1: Qu\u2019est-ce que l\u2019ia ?
IAxXh8Cluso Inheriting Emotional Trauma - Brian Dias - CIFAR Virtual Talk
IC4C2qFVqd8 Researching with Communities \u2014 Philip Oreopoulos: Evaluating and improving programs
Ib1g79wV4vo The structures and functions of societies which support human health and development
IctUonaxk2Y Building Neighbourhoods That Thrive - Mario Luis Small
IpEjxY3X-TU Foundations of Machine Learning: AICan 2019 Panel Discussion 1
J2vVEmHNY2w Lars Bildsten : Exploding Stars
JARP6GjNpgs Why is your approach to identity not more influential?
JBNEXU42HiQ The Brains Behind AI: Blake Richards
JjAN0PYzVR4 Building Neighbourhoods That Thrive - Discussion
K1JqLHTXBW0 \
KWrRjUS6gL4 An economic perspective on investment in early childhood education
KrwfO2pv50Q Doubt Everything - A CIFAR Massey Event
L5tRN-ZUy1E Boundaries, Claims-making and the Future of Membership
LQCuX3VbsoE DLRL Summer School 2020 -  What is Intelligence? - Blaise Ag\u00fcera y Arcas
LbMtt0oJzsE X-rays and machine learning to predict COVID-19 severity - Marzyeh Ghassemi & Joseph Paul Cohen
LcQc5MqvTRE Combating Early Childhood Adversity - Tom Boyce: The Developing Brain
M4hxVKkpVeY The Brains Behind AI: CIFAR's Dr. Elissa Strome
M6CqZvzhlDY Life on Mars? - CIFAR fellow and co-director Jack Mustard at the Walrus Talks Exploration
MEeXkzz_lrY What is Advanced Research?
McUVxWhbBQY Ren\u00e9e Hlo\u017eek : Yesterday, Today and Tomorrow of the Universe
NQCs1tAgYYY Science, our greatest achievement - CIFAR President & CEO Alan Bernstein at the Walrus Talks Impact
NxsLz2RGtnQ CIFAR Azrieli Global Scholars 2021 - Call for Applications 3
O6FcBNkN380 Next Generation Robotics: AICan 2019 Panel Discussion 3
O6TgVE3JHfs The Brains Behind AI: Yoshua Bengio
OP0Ojee2bWE \
P-4qKem811U Is there one thing in your research area that you would like to have an answer for?
PaOa7Pv6hX8 CIFAR Azrieli Global Scholars
PjxzFciNt4w Video 4: CIFAR AI Futures: AI Policy Options | Vid\u00e9o 4: R\u00e9glementation de l\u2019ia
Q8Wl1IIF5yo How do we get to net-zero? CIFAR Virtual Talk Brilliant Minds | Bold Questions
QNeik4ikamE How Can Society Most Effectively Channel Machine Intelligence?
QV3vxFQ9t5c The Canadian Institute for Advanced Research
RFY7kBl5KMA Mark Chen: Gazing at the Cosmos\u2026 From 6,800 Feet Underground
RPFBqe8OjwE What is a successful society?
RhZUyRxsqkQ Adrian Owen and Melvyn Goodale: What makes a brain conscious?
Ri0xlwOYY5c Quantum Information Science
Rn-UWnXZ9HU Canada CIFAR AI Chairs announced at AICan 2019
Rvk0KgvXosk Heterogeneity of experiences and of their effects: Do they matter?
SLtz_Ea_Oi8 Addressing the Psychology of \u2018Together Apart\u2019 - Stephen Reicher - CIFAR Virtual Talk
SQYAzuwbQE8 DLRL Summer School 2021 - Online Hyperparameter Tuning - Kyunghyun Cho
Soam-LdJ5mI Change Makers Happier Communities  4 John Helliwell
Sv3Yf11FXJ0 Canadian AI Research for Good / La recherche canadienne en IA au service du bien commun
ThYslOokwR4 DLRL Summer School 2020 - Ethics in AI - Panel Discussion
TibnIQ9QzsQ What actually killed the dinosaurs? CIFAR Virtual Talk Brilliant Minds | Bold Questions
TjOhmbElO3E Collaborative Field-Based Research
Tm491Ian5VY The Brains Behind AI: Roger Grosse
TnaJREvBh0I Experiencing discrimination: understanding the psychological consequences for victims
Tsq-ZXSFmYo How has neoliberalism shaped our current era?
TtUmp_FstCs Microbes and the Environment
U23PC_dPItU NBQ 2011- \
V4Xqlh7fY4I Harald Pfeiffer : Detecting Gravitational Waves from Colliding Black Holes
VFirLEIXQsc Gene environment interplay: biological embedding of experience
WaXOAEjfCBI Building Neighbourhoods That Thrive - Candice Odgers
WkHPWfrkcIk CIFAR Global Call for Ideas
WpXsJMtKka0 The Brains Behind AI: Alona Fyshe
XDqziNMCqH8 Why be a Global Scholar?
XG2V3VcPTBI Ted Sargent: Can plants point the way to sustainable energy?
Xp774CuufTI Europe: Lessons for the World
XqzT-rBDTPU The Brains Behind AI: Rich Sutton
XyDySbVWBZ4 Part 2. CIFAR/OBI Public Lecture on Autism, Presented by Autism Speaks
YA5_yRp3RiY Government Responses to Covid-19 and the Role of Scientific Advice - Tim Besley - CIFAR Virtual Talk
Z-3Ia5FEVy0 CIFAR's The Next Big Question Highlight Reel Chapter 3
Z8DcbaI_Q-Y AI For Health: AICan 2019 Panel Discussion 5
ZCOPP6EvD98 New Frontiers in Global Science
ZPfBdMyePgU CIFAR DLRL Summer School - Where the world comes to learn AI
ZrXqCxDuxWU Announcement of AICan 2019 Poster Competition winners
_--o8pXUjXA What is Dark Matter? -  CIFAR fellow Mark Chen at the Walrus Talks Exploration
_NzWWoBARMU Introducing the Future of Research
_wNPW1U2AIA Building a Learning Health System for Canadians - Kim McGrail & Elissa Strome - CIFAR Virtual Talks
ajvCASuxhwA Is there one thing in your research area that you would like to have an answer for?
amevYPq57Sw Our Musical Brain Azrieli Foundation Gift Reception - Mel Goodale and Adrian Owen Remarks
b0mLMbAXaA8 Brett Finlay: How can microbes change the future of human health?
b2yDEH37s60 The Psychology of Giving - Lara Aknin: Why Giving Feels Good
b9HykooAZIc Boys left behind: causes, consequences and future prospects
bBXEq-16Ki4 Change Makers Community Well Being  4 Robert Oxoby and Allan Undheim  Social Inclusion and Exclu
bBr4YROndLE Researching with Communities \u2014  Kim Matheson: Conducting community-led participatory research
bGxh21FEVGE Multisystemic Resilience
bIO1CQgn6dk DLRL Summer School 2020 - Emergence of Learning Machines - Rupam Mahmood
byZgjNTxcyI The brain on stress: How the social environment \u201cgets under the skin\u201d
c0eyC9TmXb8 The Brains Behind AI: James Wright
c0vSwglRY4w DLRL Summer School 2020 - Meta Reinforcement Learning - Chelsea Finn
c1emvLMFMQk Combating Early Childhood Adversity - Margaret Casey: Approaches to Guide Practise
cctLgPj_JNU Do computers understand language? Canada CIFAR AI Chair Alona Fyshe at the Walrus Talks Exploration
ceFFLOBoews Joelle Pineau : Canada\u2019s Artificial Intelligence Revolution
d9ZuYzg3nxE Our Musical Brain Closing Performance
dPRYFP1doek Change Makers Happier Communities  1 Welcome and Introductions
dbjyqWTuock Building Neighbourhoods That Thrive - Panel
dgJhzfTTzW4 Change Makers Community Well Being  2 Alex Haslam and Franco Savoia
dwyjVuin8X0 Michele Lamont: How to Make Societies More Inclusive
e0-gb6PNnIw Quantum Information Science: David Poulin at CIFAR's 2019 Global Call Celebration
e0pw25p6_es Growth and equity \u2014 can we have both? CIFAR Virtual Talk Brilliant Minds | Bold Questions
e7TAtun3HPk Change Makers Happier Communities  5 Panel discussion and closing
eDTPFJU1cak What Makes People Happy?
eEURcIE60oA Next Big Question 2011: \
enZUXep5mGw Untangling the Cosmos - Introduction
f7S0xZ0-WqM Is there one thing in your research area that you would like to have an answer for?
fKCzSXUGdco Light to Life
fjX3jY6P6P4 Fungal Kingdom
fvxWZpgdW1k Behind the Headlines: COVID and our Children / Au-del\u00e0 des grands titres : La COVID et nos enfants
gQb2RB6cSuA CHANGE MAKERS: Catalyzing Innovative Ideas for Social Challenges
gTHiEEfR0NY The Brains Behind AI: Angel Chang
h_EOTim2eOg Our Musical Brain Azrieli Foundation Gift Reception - Naomi Azrieli remarks
hp8hSrMvdKg Video 4: CIFAR AI Futures: AI Policy Options | Vid\u00e9o 4: R\u00e9glementation de l\u2019ia
htujNW_eZ1k The search for life as we don\u2019t know it - Heather Graham - CIFAR Virtual Talk
i3_sXTf5Jh4 Next Generation Diagnostic Tests - Eran Elinav and Naama Geva-Zatorsky - CIFAR Virtual Talk
i5oli1qsyjg Generation AI: AICan 2019 Keynote address by Candice Odgers
iH5GWDsUcp4 The Psychology of Giving - Jacqueline Way
iKOkE4PXnqI Do you have any insights into the increasing prevalence of dual nationality?
ieMRp--C_eM Canada's Leadership in AI Policy / Le leadership du Canada en mati\u00e8re de politiques relatives \u00e0 l\u2019IA
iyUAdeYPhRw Oliver Ernst: How does life begin?
jJg2MlVbavk Is the future of computing quantum? CIFAR Virtual Talk Brilliant Minds | Bold Questions
j_rENSnO5sU CIFAR Winter School: What participants say
jgStQw7bz8Q Change Makers Community Well-Being. 1. Welcome and Introductions
joZ35PPtT8U CIFAR: International Collaborations in Quantum Materials
jrpMhYtFD2M Luis Lehner: Ripples of the Universe - Gravitational Waves
kDDEGWOeYkw Can AI Be Conscious? CIFAR Virtual Talk Brilliant Minds | Bold Questions
kDvyLqj0M3s Video 2: CIFAR AI Futures: How do we use AI?  | Vid\u00e9o 2: Comment l\u2019ia est-elle utilis\u00e9e ?
k_zX2ktaYj4 Identity-driven interventions that protect health and well-being: Catherine Haslam
kq12Uf5RgZM Fair Society Healthy Lives: equity from the start
l36FANgB10E Researching with Communities \u2014 Maureen Fair: Getting credibility in community research
lHuvuaYhDWA The Brains Behind AI: Jimmy Ba
lLa9vz4rlAA Our Musical Brain -  Laurel Trainor on Music that Moves Us
lVmIXmvZsSs \
lawBfom1w8U Why personalized assistance can help: the case for improving academic success
mTYOmI6u2nQ CIFAR's The Next Big Question Highlight Reel Chapter 2
mb8EUIayLEs What is the Next Big Threat? CIFAR Virtual Talk Brilliant Minds | Bold Questions
mmtaf5xr-Pc Change Makers Happier Communities  3 Grant Schellenberg
n57qLEwf_nA Advances in Reinforcement Learning: AICan 2019 Panel Discussion 2
nA8vtyfpb0U How do you think most people would answer the question 'Who am I\
nCz2LONJ18M DLRL Summer School 2021 -  Better Experiments in RL - Joelle Pineau
nkKkgkqMY3A Part 7. CIFAR/OBI Public Lecture on Autism, Presented by Autism Speaks
nwcf_E9pUUA The new psychology of leadership: Why and how leaders need to care about group identity
oMqZg2TrAqA The psychology of scarcity: Why having too little means so much
pIFuXe7ltNs Why do social networks make us healthy?
q7aUCwsWaOI The Psychology of Giving - Patrick Francois: The Origins of Human Prosociality
qCWjrQiiRHw CIFAR's Memory Experts
qNC8Byzfi08 From science to action: Clyde Hertzman\u2019s vision for a more just and generous world
qUljA4YifBA Gil Holder : Mapping Dark Matter
qnJ7RZW_dNc How has your research affected your understanding of your own identity?
qyrS1wvVCTw Frontiers of Quantum Matter & Technology
rtXqaejuNgo What is the Next Big Question?
rvc5KE6ZrEc Leveraging the science of health development: designing systems that help children thrive
ry7tPY_WLVc Science is our exit strategy - CIFAR President & CEO Dr. Alan Bernstein
shjLPwBTYxk Scott Ransom: Pulsars - Perfect Clocks for Physics
tjq6HpCQZMw Governance, Tech and the Pandemic - Carly Kind, Michael Geist & Rebecca Finlay - CIFAR Virtual Talk
tp2UeKoUeJE CIFAR Azrieli Global Scholars 2021 - Call for Applications 1
ujK51ZHpdHw CIFAR Massey Talks - Jenny Tung - How social relationships get under the skin
ur1Xnmn7-q0 Barth Netterfield: Astrophysics from the Stratosphere
vXYQA6ywl6k Les cerveaux derri\u00e8re l\u2019IA: Yoshua Bengio
vgT5kh-aJGI Daron Acemoglu: Robotics, AI, and the Future of Work
vuxd5dJ_Umc Les organismes fongiques pourraient constituer la prochaine grande menace - Leah Cowen
wHA-TIQa1WM CIFAR 2015 George Fierheller HD
wTys_bDbiyo Nature\u2019s Fundamental Processes
wY2rpqHv2sc Earth 4D Subsurface Science & Exploration
wqgP-xtAXxc Combating Early Childhood Adversity - Teresa Vancise: An educator's perspective
xURl9-pou-A CIFAR 2015 Richard Ivey HD
xm2-uCW8mFo Dick Bond - Unveiling Fundamental Physics from the Cosmic First Light
xpTsa8qpugU What is CIFAR?
ybGG_pti-RI What past pandemics can teach us about COVID-19 - Hendrik Poinar - CIFAR Virtual Talk
yycyW1dINXg New Models for Thriving - Jane Jenson: Y a-t-il des innovations pour l\u2019inclusion sociale
zVCX-R3v5G0 Change Makers Community Well Being  6 Roundtable Discussion
