-B6rypJC-Ok The World's First Backflip
-E1Q2i6nM98 I Challenged This Youtuber To a 1v1 NFT Showdown
-LC-DwtJn2E tiktok traders are out of control...
-Z8vcklbM1A Youtube Removes Dislikes From Videos
-g7FX0GD1kQ Reviewing Fake Guru Memes
-lBWNpQyRLQ The True Odds of Multi Level Marketing (PART 2)
-whuXHSL1Pg Exposing Tether - Bitcoin's Biggest Secret
0M2sIpD9t4Q Day Trading - Why You'll Almost Certainly Fail
0TXpx2S1_Mw Scammer Leaves a Note After Running Off with $32 Million in Crypto
0_kub9sEE0k The Water Wars
10glyc2p8xY CALLMECARSON IS UNDER INVESTIGATION (BIG Drama Tuesdays)
1xms1zn160Q The Epstein and Weinstein Connection
203MStq2y68 Ranking the 5 BIGGEST COVID Scammers
26JnquF5o_E Committing 8 Federal Crimes to Buy a TikTok Clout House
26trvLsG8kI PONZI SCHEME CEO WAS AN ACTOR
2DLek8pa4iI SafeMoon Is Insane...
2NtgppV_EsQ Silicon Valley Scammers - Theranos
2hn4toQFzuc Ecommerce King is getting SUED
2iPY59FTLN8 World\u2019s WORST Rapper Arrested in $3.6 Billion Crypto Scheme
2kp6FxUcUFU Dramatically Faking Your 'Retirement' For Clicks and Cash
2oltaY5pz5c CONFRONTING Frazier Kay on Save The Kids
2tN0AEWadU8 Coffeezilla's $10,000,000 Studio Tour
34zPMRGegiY Fake Guru IX - John \
3Xw9rWmTQfc Save The Kids - The Final Chapter
3enk89rXZzs Making $100,000 in 30 min with Amazon Kindle: A Scam Reviewed
3ljU1pEahz8 Jake Paul Thought He'd Get Away With This...
3tWnZct2co0 Death by Self Help
480-MGVY_eQ How to Lose a Billion Dollars - Part 2
4EtmpsXmwhI Fake Guru XI - Don Lapre Is A Tiny Classified Ad (DROPSHIPPED ALEX BECKER ON HIS FERRARI)
4KxdkpjQ31s Roasting the Worst Startups of All Time
4VDiM_PMmZA The Cult of Dan Lok - Brainwashed Student Lost $26,000 Testimonial
4f5JpQ8gsFk Kevin David Doesn't Want You To See This Video
4m12LigTqJg how to get rich with crypto (10 steps)
4snmyJ5fWRM bennie and the jets, but worse than the original
4uxWjgrr3BA Edward Snowden DESTROYS Ponzi Scheme Promoter LIVE
5A-fFF571F8 Day in the life of a 19 year old Millionaire
5bP_0XKb_cQ ONLY LOGAN PAUL CAN WATCH THIS VIDEO
5fzDVi-ZVHY Founder of Twitch.tv Calls Out Scammers Selling Success
5mrT3UT9xIM Logan Paul's New Crypto Coin is an Embarrassment
6DYXiNRgjQ4 The Evolution of Bad Science - Paul Smaldino Interview
6IOY7DdkItI Dan Bilzerian Is Being Sued...
6O4xvklv2xU \
6PYJN1xJB58 The Little Defense Contractor That Could...
6Yslqj9e75c Cyberbullying Voldemort (his real name is Kevin)
6nDECcikFD4 Dave Portnoy Joins a Pump and Dump Scam
6pMhBaG81MI Mr. Beast's Secret Formula for Going Viral
7Ej6jZSpY4o Jay Mazini's Kidnapping Victim ARRESTED For BRIBE
7F_RKFQl3pg Faze Clan & Ricegum Promoted Scams for Kids
7Y1YIyXEDQc Whistleblower Reveals Fake Degree Epidemic in the Middle East, India and Dubai
7ZKGJCbP6Y8 The Marketing Magic of MSCHF
7_L98zOJ_rk Jay Mazini Got Arrested
7e6kyuRUDBI The \
7jmBE4yPrOs AI Guru makes $238,800 with misleading paid course. doesn't credit developers. | Siraj Raval FGF
7xkgoRkC3pc Mark Cuban\u2019s \u201cNFT Company\u201d Made Millions Promoting Scams
84QQUSQNpIc Fake Gurus Are Accusing Each Other Of Scamming You
84hSjgqL2rQ John McAfee Facing Prison for Crypto Pump & Dumps
8BurOTm5iuA Real Amazon Seller $8M+ Gets Honest About Kevin David
8DZ_V92SJ5g Post Malone Promotes \
8EkWakSLHa4 brian rose fights with kids and loses pt 2
8cAG889rDOw What Happened To Really Weird History
8cN-CsDRkBg Pandora Papers Proved What We Already Know
8rREwcX209w Graham Stephan Confronted Me LIVE... Here's My Response
8wXWaXcJe8g London Real Pushes Crypto \
91y1BIcMwsw The Stock Guru Who Can't Pay His Mom, But 'Needs' The Lambo
9DjeS4hTltI How Mark Cuban Lost Everything - Crypto Meltdown
9g9N98_M4i0 Austin Mcconnell on Originality
9iPvo4RwHVQ The $100 Million Dollar Scam That's Still Going On
9jp2cTYOywM Daily uploads in 2021, but there's a catch...
9v28g85LHHQ Great Investing Isn't Sexy - The Plain Bagel Interview
A7MaoD4tJuc This Famous Livestreamer Stole $500,000 From His Fans
A8kq7FISJmc Real Persuasion and Social Intuitionist Theory
AEpEqldCrsk Eric Ho Student LOST $26,000 and REGRETS EVERYTHING | Testimonial Master Sri Akarshana
AJCWbv6laHA Blackmailed and Doxxed For Telling the Truth - My Response
AM_8jbl0rAo Automotive Tech turned CEO on What It Takes To Be Successful - Real Jobs #4
AbHAOFVgWyY Addressing FAKE RUMORS about me...
AivWd1m4HYo WORLD'S LONELIEST WHALE (weird wikipedia #1)
AkePcmFZLxA Learning Stocks with TikToks Part 2
AldQCq8q0S8 Cringing at My First Videos\u2026
AvC5uQfv1Gk I Had a Professor That Was Arrested for Secretly Working With China
AwBjx2kuAos Jason Calacanis DESTROYS Fake Entrepreneurs Flooding Clubhouse
BDDfrFlv920 Jake Paul is having a rough time... ft. Pewdiepie
BIA1bCdR4XU The \
BK5FQAFY8zs THIS GURU DESTROYS ALBERT EINSTEIN - Laughing Babas Ep. 1
BiDhZpchTIY Scammers Couldn't Stop Bragging Online and Got ARRESTED
BzA1QB1VmMI MILLIONAIRES HAVE GONE TOO FAR
BzpMifa5z_4 Politician Defends INSIDER TRADING
C2KP4M19JiM TikTok Traders Are Insane
C8vWalzpgwE Bill Gates LOVES Giving Away Bitcoin According To Youtube
CAyE2NIhbDo Exposing Jake Paul\u2019s Scams
CWMAOzH20mY how to make money online in under 2 minutes...
D1f-vsxrro8 $15,000 Will Buy You a FAKE CNN SPEECH
D5-B5PTJerw Would you trust this man with your money?
D6c4HFtJd3I Becoming a 26 Year Old MILLIONAIRE Hasn't Changed Me At All
D92y0t04mNs Keanu Reeves Doesn't Like NFTs
D9iF4k16be0 Bill Gates Won't Stop Lying About Epstein Connections
DCM3dHi9Sjg I Accidentally Uncovered a SECRET SERVICE Investigation! | Pat Mazza Fake Guru
DdLTCmxVLv4 How Eric Ho Justifies Charging +$15,000 for His \
DsasH85EfxM The Life of People Who Bought Bitcoin in 2021
E20gVTd01bI FBI Charges Jay Mazini with CRIMINAL WIRE FRAUD
EG0cFk85lXs Prince EA Started a School. It's Terrible.
EQNv_2CIhp0 London Real Responded (I HEADFAKED HIM!)
EQk4zGoJFYI Viral COVID-19 Memes
EbYLxrM5NdU SteveWillDoIt's Dark Secret - ROOBET'S HOUSE OF CARDS EP. 1
Eli9PirW_BU Hedge Fund Manager Teaches Me How To Invest
EmJswAKgqD0 MR. BEAST HASN'T DONATED ENOUGH
EtJRDDeYCTg Annual Coffeezilla Shareholder Meeting $ZILA
F-4m7K8SIW0 Jay Mazini Flees the Internet (Deleted Instagram and Twitter Pages)
F1OsS1xcQtU Why you should become an Electrician - Real Jobs #3
F7TZV25_sL8 Hedge Fund Manager Breaks Down GameStop - What now?
F9iwY_A84f4 Brian Rose is Running for Mayor - I PREDICTED THIS!?
FAUql-cw8ts Chris Hansen Catches a Fake Guru
FAVH4FTxbYU Exposing Insider Trading at OpenSea
FB3Jb9WISmg WOMEN ARE BETTER THAN MEN AT TRADING NOW!?
FGb3zeQEiTo Fake Guru XII - JetSetFly (Interview with Victim Who Lost $10,000) | EXPOSED!
FGkjvru-lrU Wannabe Bernie Madoff Gets Arrested for $4,000,000 Ponzi Scheme
FOBNlCaByrA Streamer Claims He's Innocent but Is Keeping the $500,000
FPlOayaSyl4 Why Graham Stephan is WRONG about Fake Gurus
FSuWih1lqQ4 The Insufferable Lies of an \
FdA7QZpG5sI Confessions of a Crypto Hype-Man
FhR7B4E7Y64 the truth about coffeezilla
FiDsDNsfrXY The Marketing GENIUS of Flex Tape
Fs_Z82_DF9c More About Vaping with Aaron Biebert (Director of You Don't Know Nicotine)
G7wwlZDTq4k Kay's HORRIBLE Save The Kids Response In One Minute
GBKIpz_uTMI Interviewing a Dan Lok Student - High Ticket Closer Who Regrets His Purchase [SPENT THOUSANDS]
GHno799VaZw Bernie's Big Bluff - How the Largest Ponzi Scheme Went Undetected for DECADES
GMqv6SHwJkE PAID DATING APPS ARE FOR SIMPS (according to math & science)
Ggpk7VrSmR0 Let's Talk About VLAD The Stock Impaler (RobinHood's CEO)
Gm-j-LotEMo The FBI Is Exposing COVID Liars and I am LOVING It. PPP Chronicles #4
GoWiNx0gqto The True Odds Of Multi-Level Marketing (PART 1)
H-Iky-tF9go GameStonk - Power To The Gamblers (ft. Elon Musk & r/wallstreetbets)
H91Asd5t0zs The HIDDEN Agenda Behind Plandemic Indoctorination
HLtAsDSaEug Brian Rose Got Destroyed By a 15 yr old...
HNdDEFsx9HU I Accidentally Went Live and Want To Fix Things Between Us..
HOdE_TgzCI4 Interviewing a Trump University Graduate
H_P8uAcGHTQ Coffeezilla Meets Graham Stephan - The DRIP #15
Hp1INWuXIgo a World Class Coding Education But the Cost Is Surprisingly Affordable
I60VJ5i0qj8 You CANNOT Watch This Whole Video (too cringe)
IJDelkQbTB8 The First Million Dollar Copywriter Explains Why He Left The Industry
ILSvHj2Br2c The FULL Ice Poseidon Interrogation
ISj6s5a7kM8 I Learned The \
IYQ6y636JDk Burger King Tweets a Whopper
IjtPe1h4Ca0 Lana Rhoades Rug Pulled Me
Ikuf02o6wJ0 I Took Tai Lopez's Course and it was worse than I thought
J16eQqtrRro NEW RULE: Bill Maher is Wrong about Everything (Including Crypto)
JAX1eSLNT4w The King of Free Speech CENSORED Me!
JD7_g5bL9N0 FDA Approves SAFER Alternative to Smoking!
JI1P493jesA #AskAGuru How Much Should I Sell My Fake Guru Course For?
JSB1Ojz01Gc Famous Youtubers are Having Their Identities Stolen...
JaO0NF1TMII Youtube Wins Free Speech Award By Deleting 9 Million Videos
JauuRIYwcR4 an epidemic of fragile millionaires
JfP4rVsmL_Q The Truth About \
Jk23kA3yeDY Tether Has Lost Their Mind
Jk6yCFAlfUc My Biggest Secret...
JxR1CYlacgY it's not a pyramid scheme guys I swear
JzwPOn020YQ The Influencer NFT Craze
KXFULtAlG4s IMPERSONATING YOUTUBE FOR $40 MILLION DOLLARS
Kv6ne6VQCZI This MASSIVE Influencer Scam Just Got Worse\u2026
L6pted-c278 The END of Jay Mazini
L7bEAlFjOKY Fake Guru 5: WinningStockCoach
LK-Yegy74s0 the Worst Day Trader
LOTqjIBs9ZY Celebrity Scams - Real Estate Seminars
L_1J-crbiXo We Found Out What YOGIC FLYING Is... Laughing Babas Ep. 3
L_M_wCyTGEw Brian Kolfage's Wife Has Criminal Evidence In Her TikTok Videos - We Build the Wall SCAM
M7SrO-D2TwQ Grant Cardone Is Officially a Fake Guru
M82GZdA28fc High School Dropout Drives Lambo To School To Flex On Classmates
MJGRiI7wCoE The 1 Thing Mark Zuckerberg Can't Buy
MLzXrLSxZtg PPP Fraudster Fakes His Own \ud83d\udc80\ud83d\udc80\ud83d\udc80 To Avoid Jail time, Gets Caught Immediately
MkCBdIahUH0 Guys Who Worship the Wolf Of Wall Street
Ml8ocn_s4MM Male Karen Steals $12 Million Dollars of Covid Relief Funds - Instantly Caught
Mz3Mu9e0qRQ Siraj Raval Plagiarizes Neural Qubit Paper (Update)
N8ockXz7J4Q Daddy Dan's Daycare - Fake Guru XXV
NBZ4v2-XynU The Bitclout Scam Just Got WORSE...
NRxX8kZG_X8 Scammer Tries SeaScootin' away from FBI agents
NbvGmDJ_2Js Lana Rhoades Compares NFT Scam to Ukraine
OGJO9Z2lJvk London Real's $1,000,000 \
OMzUaRZzI5k This Has To Stop...
OehvnufBt2E Dan Bilzerian Is Having a Bad Year
PA07yqjDv5E \
PTAEPobYERA This Youtuber Is Ending Poverty Forever
PaOouND_p2k 'Free Speech Warrior' Brian Blocked My Video
PbBft8SPpCA Busting a $20,000,000 NFT Scam (Squiggles)
Pn3pJo0U5LE Why You Should Be a Plumber - Real Jobs #1
PuX_94WmiaQ MLM Marketing vs. Reality
PzPMRE1PLR8 I Went Bald to Save The Children
Q2txmHj_o8s How We Fix Science - Brian Nosek Interview
Q80d3Rlh5kw goop is poop.
QK4pMPO5H98 my dog ate my favorite show, a piano ballad
QQoMSeoWbbk CONFRONTING STEVEWILLDOIT - ROOBET\u2019S HOUSE OF CARDS EP. 5
QWhGHxrK9w8 Charlie Munger Destroys Fake Gurus in 1 Minute
QbKLeRggj9k Meet The Youtuber Exposing \
QfMZsKchcRs Exposing Coffeezilla's \
QjjQuOOXlko I talked to a REAL Guru about COVID, he surprised me
R63bIfLKD20 Kim Kardashian Is Promoting a Crypto Scam and It's Disgusting
R8G8YYRjioE NBA Player BREAKS The SCAMMING SPEEDRUN WORLD RECORD!!!
RAuQ-_kJf74 $3.6 Billion Stolen By Bitcoin Bros
RC2r57GE_Sg Real Detective Reacts To Sherlock
RQSPRc2nv2U Fake Guru 13 - Guthony Rutano
RWniQyBH9p4 I AM THE WORLD'S #1 WEALTH COACH
Ra2BScMkCSM Haters Will Say It's Fake
RhmJ6xPil5o OnlyFans Fake Gurus Are Here
RvzwQ1tZ87M WOMEN LOVE ASIAN MEN - Laughing Babas ep 2
RzBNKat9FRU How I accidentally discovered the biggest fraud of all time
S516CtcAYgg The New \
SfznoL3IPS8 He Lost $50,000 To a Thailand TEFL Scam... DON'T DO THIS!
SgDCW8FIg9A Scammer Left His Phone # In My Comments, So I Messaged Him
SsERRF39YiM BitClout - The Worst Scam I've Seen in a While
T1kL7ep3f6s MILLIONAIRE DAY TRADER CALLS ME OUT
TGe9NUI7BTk YOU CAN'T DISLIKE THIS VIDEO
THrwn2RkAk0 The King of Freedom Ran Out of Money \ud83d\ude22 Needs $250,000/month
TSthFVHW78o Expectation VS Reality: Elon Musk
TeCG_1-7gCg HoomanTV Faked Being On Ellen For Clout
To-voop3sO4 Siraj Can't Stop Plagiarizing and I Can't Stop Posting About It
U4nzvSsBKnk The Dark Truth about Fake Gurus - The Thing I Never Talk About...
UCrvQB8udzo Delusions of a $700M Copywriter
UE3Aa9KDNII BLINK by malcolm gladwell
UkEHHSdSV9Q James Corden\u2019s Parody of \u201cStart-Up\u201d Scams Actually Came True
UwftRRc7EbI Speaking at HARVARD UNIVERSITY - Fake Guru X (SCHOLARLY!!!)
Uz-N7GJ8h8c $100,000 Stolen By Bruno Mars Catfish - Valentine's Day WARNING!
V6owHezr7iE Why Writing Classes Create BAD Writers
VIPYcoceWrs I REGRET EVERYTHING...
VKyu6v-mqfY How to Lose a Billion Dollars - Part 1
VRZhr7F03Dk Curb Your Complete Separation #Starbucks4Prez2020
VZM_7QVPrNI Health scams be like....
VoUD5MDfCEM The Dirty Details of the New $900B Stimulus Bill
Vq72_M4sTFM I HAVE AN ANNOUNCEMENT
VrZZtIh8CoE Becoming Alpha Males Thanks To Gary Vee
VtaFWbZdVKI My channel was deleted...
W7OlY_4ZY2k Youtube Creator Support is a joke.
W8fJDuALUis How Scammers Target Cancer Patients with Facebook Ads and Pseudoscience
WH8WtrIef78 The Worst Lawyer in the World
WZh-XiQPkWY Do Stores Accept the Space Force $2 Bill?
W_eDf6QAqbw He Lost $10,000 Trying to Sell Kangen Water - MLM review
WgJjf4HaRsk Tether Is Hiding Something...
Wiif_oG_Tk4 ECommerce King HATES Fake Gurus
Wkmg51b6TMc Coffee With Will Schoder
X-0KeEgfKp8 Where I've Been For The Past Few Days... \ud83e\udd76\ud83e\udd76\ud83e\udd76
X-p0G4FEMMg The History of MLM and How They Bought Out Our Government
X3gH6zqjU-8 Kevin O'Leary Just Became the Biggest Sell-Out On Shark Tank
XG318uph9hk Getting Rich Quick or Dying Trying
XfmK1JD-Jbk I was Forced to Make This Video
XqtAdXd-sRY Happy Fun Times with Youtube Support
YkExIenmo_U TLC is a Modern Freakshow and No One Cares
YkQyclsu_us My take on London Real / David Icke Getting Banned
YoFQcU3_-p4 Squid Game But It's a Crypto Scam
YpUFDG5tw8c HE WHO MUST NOT BE NAMED
Z-BaG09PbFY Clicking On Every Ad So You Don't Have To
Z6GB1oePOko Hacking $200 Million in Crypto Is Hard Work
Z775C2dWLtM SAVE THE KIDS - Coffeezilla Music Video
Z88TEHRHL08 TikTok Stock Gurus Must Be Stopped!
ZGz944Hdqyk Raging Bull SLAMMED With $137,000,000 Fraud Accusations
ZN_zrTeJO_8 I made 100 videos in 100 days
ZPlYxwmTkeg ADIN ROSS LIED About MILF-Token Scam
ZUQxdK9l1Ls we've come a long way...
ZaijNcRuzsQ I Bought Dan Lok's House and I'm Never Selling It - Earth 2.0
ZkXnx1kk3hs My Thoughts on Techlead Going to Jail (as a millionaire)
ZqyofWFNss8 Exposing Logan Paul's New Crypto \
_ecmASU0Fk8 The $5,000,000 SuperBowl Ad Tier List \u2694\ufe0f
_nPNfMO1Tkk Sifu Is Always Watching \ud83d\udc40
_oTzx_WpArI To The Moon - Coffeezilla (Official Music Video)
_ok6_4bd1Z4 Meet the Terrible Actor Who Stole $227,000,000
a1RBr-k-Z08 The Ad that Fat Shames for CASH
aHhIDuIn_nE Youtube Rewind 2021: CRYPTO SCAMS
aIYwQt_t8Nw Busting Fake Martial Arts!
aO6Gx8kEblE I Found The Worst Invention On Shark Tank
afoOdeIruDk Man Spends $4 Million COVID Loan On a Lamborghini - PPP CHRONICLES
bASTsYxgJcM I'm selling a Fake Guru course. (here's why)
bCRj22g5sVc Grant Cardone's Crazy Billionaire Advice
bLfKXnTMdg8 The BitClout Scam Is Falling Apart
bcpq7tIjsxY I'm Endorsing the Worst Political Candidate
beOvmMcBTvw GoFundMe Garbage Ep.1 - UnoBrush
bkHnkY4-QbY Ponzi Schemes Change a Man
btPgCYrVEJ8 Amazon FBA - You're Better Off Just Getting a Job (probably)
c43n9Dr4QDE Will Schoder & Coffee Break Discuss How to Start a Video Essay Channel
cCK6wSk7Tqg $300K to $2 Billion with Venture Capital - Interviewing Garry Tan
cGCxUSteR60 Plagiarizin' with Andrei Jikh - YOUTUBE AUTOMATION WORKS!!!
cM0RLTOnfbk I Confronted Dan Lok's Team On Theft Accusations
c_oTaruuESU Fake GuReviews - In Defense of Sam Ovens
cj5xMXlbIw0 He Makes More Than Wall Street Bankers
ctINTpI0Lg4 I Catfished Several Forex Scammers To Find The BIGGEST Fraud
dD-fO9usnZM Silicon Valley Scammers Ep 2 - uBiome
dD_RraEimH8 Brian Rose Was 'Arrested' and Is LYING About What Happened
daJfyPj9yLA Exposing Diabetes Island, a MASSIVE Scam
dgNwVFNjU7A goop lab sucks and misses the point.
drsnMed40nw I was HOMELESS for 2 hours...
e05JoSjKaXc I AM DONE WITH STREAMLABS
e5N2e2RcAJY Curb Your Two-Faced Stance On Obesity
e6-mbhfT-sM \
eKnT8Ifz7_o Why Ryan Reynolds is a Marketing Genius
ehDvr5vVGPg I Joined a Pump and Dump Scheme So You Don't Have To
enP8973CmwI Brian Rose Faked a Criminal Record \ud83d\ude02
fPLMdewUMQw Exposing the Walmart \
fUhoODLMblg Jake Paul, Soulja Boy and Lil Yachty Sued for Promoting Safemoon
ftG7GhbIL6I This makes me uncomfortable...
fzsevaelOx0 London Real is in BIG trouble \ud83d\ude22 needs help...
gBkX0oWtHRE Jay Mazini's Wife Was ARRESTED!
gCo4LmsBjQs Trending Conspiracy Level: 96,000,000 Shane Dawsons
gD_Ol8L2y9c 18 YR OLD LIFECOACH CHANGED MY MIND
gP1_Ct5MS_k Steven Seagal Becomes a Crypto Guru
gVE2jsaavnA Fake Guru 1: Tai Lopez's Mini-Me's
gia6FJnPRrg The Most Expensive House Tour Is Completely Insane
gp7CItipMCU Frazier Kay Wants to Sue Me For Exposing SaveTheKids
guY6w20Lv6o NEVER Pitch a Pyramid Scheme on Shark Tank or Dragon's Den
guzS_QhsgAI How To Survive a Public Shaming (ft. Kevin Hart, Logan Paul, Pewdiepie and Bill Maher)
gzh5FGtwQIk Financial Advice That Aged Like Milk
h-czTWrAh2U Fake Guru 2: Ricky Gutierrez
hFk0iiVEtnM My First Day Of Retirement
hP_kGIOhka4 Get Rich Quick Scammers Haven't Changed At All, Meet Tom Vu
hRHBC1AtEv8 FAKE GURU DEBATE: JOHN CRESTANI VS COFFEEZILLA
hac-cD44HzI Successful \
hlexViaQvx8 Austin McConnell Addresses the Hearthstone Controversy
hls3yHrV8uk Jay Mazini's $1,000,000 Scam Has Victims FURIOUS and Chasing Him
hspdh4ZskgQ Fake Guru 8 - Tall Tales With DAN PENA  (REUPLOAD)
i3Wk2icS9xY Millennial Millionaire Saves 80% of His Income - WTF? | Real Jobs #2
iB7hJA1Eo2I $600 Million Dollar Crypto Hack - POLYNETWORK Exploit!
iBXXZoyFkJc Soulja Boy Scammed Us but Accidentally Left The Evidence
iEDzb9ZplX0 The Untold Truth of Napoleon Hill - History's Most Beloved Con-Man.
iIhR-Ok0CJ4 the price of immortality is $39.95
iZ1ThSI0SeA FAKE IT TILL THEY DONATE
i_VsgT5gfMc Right Clicking All The NFTs
ikIi3zDfYFA The Cult of Dan Lok PART 2: Losing $50,000 in 6 months
ipnuUzLT-dw \
jEJc6n1WXxU Stan Lee Comes Back To Life To Promote NFT Collection
jPC0hU8NuQU Instagram King 'Hushpuppi' Helps Launder $1.3B For Hackers
jZXxCmHsqdY it's time to get political...
je8A3La_X6g Confessions of a Copywriter
jeyKedqQCHw I Bought Tai Lopez's NFT. It Was a HUGE Mistake.
jeyKedqQCHw I Bought Tai Lopez's NFT. It Was a Mistake.
jg9k8IvDCNI the exact moment Brian Rose realizes he could scam you
jiSX8fndZsU Coffee With Austin McConnell
jsm79YQnwvc Sam Ovens Testimonial - Fake Guru Reviews #4
jx2pCihcj44 Youtube Day Traders in 2 Minutes
kBr7LEUV6iA A Masterclass on How To Mess Up Your Brand.
kDO69SPCyZI Evergrande is Collapsing, I Lost EVERYTHING...
kFeW-7bRbpw Lawyers Who Pimp Out Disabled People For Profit
kJ6dLyOAsus The Problem With The School of Life: Revisited
kaHDMwGfXJQ Confronting an Instagram Scammer, He Tried DENYING It!
khNhq9HV5fE How To Apologize Without Sounding Insane
kyoic1NF-_o The Crypto Brothers Are Back At It Again
l1fHJ8aMl5Q Leaked DMs Between Two Scammers Are Insane
l2EEDfrvnu4 while you studied the law, he studied the blade
l4JTRnw0rpg How to Live in an Age of Distraction
lCUFWYpGhS4 I was in a Netflix Docuseries For 1 Second
lNUoq3jHi74 Demonetization Conversation - Armchair Historian
lOuBMIEXfbQ FREE Advice that Helped Me Survive 7 Years of Being Terrible at Youtube
lRdo6D7Zi_c Exposing the Worst Crowdfunding Projects
lT9Pimq6v7k Confronting an Accidental Crypto \
lVuJl-U2ho0 Join the Bitcoin Religion Now
ljH3--iTeBI I Got More Votes than Brian Rose \ud83d\ude2d
lvEThpTubNw Day Trading and Cocaine Don\u2019t Mix
mPSa3bCP3Pc FAKE GURU'S DMs SHOW EVERYTHING
nA8R-6htgD4 im quitting youtube...
nFlMD90xsDA Fake Guru 3: Caleb Maddix
nM39spk3EKI The Worst Bitcoin Scam I've Ever Seen ft. Jay Mazini
nMSQ1yoPT2c wake up and smell the coffee (Coffeezilla's Outro) - anton pax
n_RQjMasRsk Fake Guru 6: Be Tru Deau Yourself
nop0tH4OxZQ Brags About Wealth, Gets Arrested for Fraud
npTYPryZo2U Learning Stocks From TikToks
nzey0glI74o 90s Get Rich Quick Schemes Are INSANE
o64I9wj7tfI ELON MUSK VS BITCOIN
oFEKPHKjA8I Steve Jobs Wannabe Fools CNBC and WSJ with a Ponzi Scheme!
oI_efppjacM If I Get 1 Million Subs in 1 Month, I Will Save The Kids
oZz-kKED2vI What Linus Tech Tips DIDN'T Tell You About NiceHash
o_9LeuN0BLk Dan Lok Never Owned This $35,000,000 Mansion, Landlord Suing
oh-BbMXDQWA Richard Gerhauser has GONE TOO FAR (Sued By FTC)
p2BCT01STn8 Exposing the Cameo Hustle ft. Wesley \
p5-hEnG8OEw Get a Lambo in 90 Days by joining the 'Trillionaire Club'
p6JGTQZhP18 Confronting a 19 yr old \u201cMillionaire Visionary\u201d on alleged scam
pJZey4oNRGU Is Youtube Coaching Worth It? ft. StoryTellers
pJryRIRCcTM The REAL Story Behind ANOM:
pLrRt8R9zRA TechLead Scammed You With Million Token (as a millionaire)
phYLlQOSgn8 The Life Of Brian
ptY_SAKV7jk I Challenged 1000 People To Photoshop This Image
q4GDD0WoXXw Coffeezilla VS Billy Gene Debate! Fake Gurus, Fake News and Paid Courses
q6dcaxHR9qU DogeTubers
qASMjT9Kmlw NELK's Biggest Gamble - ROOBET House Of Cards Part 3
qD1kVJ2zt4Q Scammer Leaves a Note for His Victims Part 2!
qUZ48cYwnn4 Irony, Cynicism and Where Do We Go From Here?
qlKvY0NxRtM The London Real Meltdown
qv9ut6Jn6EA I was rated M for mature - Here's What That Means
r5CaLjB22Nk Sociopaths On Stage Selling Ponzi Schemes
rJIS082SyNk Losing $20,000 To 'Make Money Online' Schemes
rKOqGeRKAAI The Boy Who Cried StoryFire
rOcKNuCzfWg Confronting Multi Millionaire Evan Luthra LIVE
rTPUQHPMLks My Strange Addiction: Ponzi Schemes
rYOSysxu0Ng \
r_EfpOV2VV0 Amazon Automation - Risk for Thee, None for Me
rdMjq8mpAfE Will Schoder's Daily Routines
rxo6Q30Ou-c John Crestani - the TRUE Boss Baby
ryEQhaRQ6V4 How Much Does It Cost To Promote a Crypto Scam?
sDq3BNmCsaM Exposing the Truth About Master Sri Akarshana...
sEvtpj-uChA Researching The Trending Tab (BTS)
sJXvl3PL8vY Jay Mazini is having a Bad Year
sVqxLT6uwls Meet The Dating Coach Who Calls Women \
t6S_vC5IE_Y Crypto has a problem...
tCVbKsTq27M 18 yr old fakes being a doctor, caught immediately...
tEk35Oaghkk Insane Coding Camp Sues Their Critics For Being Right
tW_8zwoRDl4 Drake Bell Lied to Me
tWr1nGbKXd8 Crypto is going to get regulated...
tdKaC1MWg_s The Marketing Magic of the #1 SuperBowl Ad
ttIoqbyZVT0 Top 10 Fake Guru RED FLAGS To Watch For!!!
tvOzCMe0t-k Bill Gates is CANCELLED \ud83d\ude21\ud83d\ude21\ud83d\ude21
tyJhurbs51M Youtube's Copyright System is being Abused to Dox, Threaten, and Blackmail Creators
u-8QV60QyKw Exposing the CEO of Censorship
u52PLQaCGt4 SPEEDRUNNING AN SEC VIOLATION
u9Y1JujKxOg Grant Cardone Finally Lost His Mind...
uIcE5cfFA_4 Confessions of the #1 Bitconnect Promoter - Trevon James
uIl2SI6yD_M Trying Not to Laugh at The Worst Shark Tank Pitch of All Time
uTl8orAV9As this fish cured me of my faith in humanity
ut9tmldd_Cg Revealing my MOST PRIZED POSSESSION
v-teCmfzHpA Winning a Nobel Prize in Millionaire Science... ft. Noel Miller
v35sXZbQ51Q My Response To SomeOrdinaryGamers...
v7b05ZSTJU4 Dean Graziosi Secretly Responds to Coffeezilla...
vANgMemKucQ Tai Lopez Launched a Crypto Coin \ud83d\ude02
vJsz6Di8ksA the GREATEST opportunity of your LIFETIME - Fake Guru #55
vh7JlReehyE If I Laugh My Editor Gets a Raise
wJf649zvG08 The Dogecoin Crypto Exchange That Vanished Overnight
wWDIh6NsCuM Is Pepsi OK?
wdlZFxK3ncU 19 year old 'millionaire' gets called out in his own commercial |   nourtrades
wzBdZWTelWE The 5G Forcefield that costs $300
x9dC6Tbxxr4 Losing All My Money To Inflation
xE7IB81QhqA \
xEG_7A4I8Lk I Caught a Forex Scammer With FORGED Government Documents!
xYlevCCwWTk 2Bros1CivilService - REUPLOAD NOW WITH 99% LESS ECHO \ud83d\udd25 \ud83d\udd25 \ud83d\udd25
xcS0awaHYJ4 Kevin David Created a Plagiarism Pandemic
xmUFKkTaH5w GoFundMe \ud83d\uddd1\ufe0f Ep 2 - Neil deGrasse Tyson's \
xmXg_PuFf7U Reacting to xQC, Ludwig, Critikal, and Hasan Reacting to Me
xngjQlVwdmg Professor Explains the Fake Entrepreneur Epidemic
xtHAv4ifPcE SEC is Investigating r/WallStreetBets for \
y2BGKReRLdY Pop Science 2: Electric Boogaloo
yKV3dICxnN4 THE TRUTH ABOUT DOGECOIN
yVmuI6LaV0s Someone turned me into a Webtoon..
ycDHj0bBt3E Melania Trump Is Selling NFTs and It's a Disaster
zCY-bGMLTzY Fake Guru Tier List ft. Spencer Cornelia
zFVNEyAs9VE I Love Self Help
zO6kQbYZJjk Grant Cardone & Daymond John Want Your Last $1,000 \ud83d\udcb5\ud83d\udcb5\ud83d\udcb5
zV1PzvLo1TU When Scammers Turn On Each Other
z_4swd12iFk Scamming Seniors - the BILLION DOLLAR HUSTLE
zb3BIfqCGTA Big Pyramid Has Bought Our Politicians
zfqM7VfV0_c interviewing a literal trash can running for mayor
