-6JFzsbin2g Kang & The Ancient One Were Working Together | Geek Culture Explained
-pCbzHJs1Ms MCU Villains: Annihilus | Geek Culture Explained
08bNKxnoZKE The Watcher: Origins & Powers | Geek Culture Explained
09oNM_CMKhw Loki Episode 4 Ending & Post Credits Scene Explained | Geek Culture Explained
0u_aDwx-R6A Spider-Man No Way Home: How Wanda Broke The Multiverse | Geek Culture Explained
0v28JBnB1Jc New Wolverine Game, MCU Deadpool Film, KOTOR Remake & More | Geek Culture Explained
16-BZe1WeOs WandaVision Finale Ending Explained | Pop Culture Explained
19qMCp84Z3s Doctor Strange 2: Ending & Cameos LEAKED! | Geek Culture Explained
1K3D9c1OVyY 10 Minute Expert: Marvel's Multiverse Explained | Geek Culture Explained
20MgBqwUbwg Spider-Man No Way Home Plot Leaks, Mass Effect 4 & More | Geek Culture Explained
2V6oGSLjwu4 MCU Villains: Galactus | Geek Culture Explained
2XCEy3GaClo WandaVision Episode 8 Ending Explained | Pop Culture Explained
2qDF-Ab1-pI WandaVision Episode 4: The Darkhold Theory | Pop Culture Explained
32uSmZAz6yE Morbius Trailer 2 Reaction & Breakdown | Geek Culture Explained
3oR8MfLi_KA The Sentry In The MCU | Geek Culture Explained
4BHhWEw8LnU Falcon/The Winter Soldier Episode 1 Ending Explained | Geek Culture Explained
4aMLLs7EArw The Darkhold: WandaVision Episode 7 Ending Explained | Pop Culture Explained
4gl8VDW6Hlg Falcon/Winter Soldier Episode 5 Ending Explained | Geek Culture Explained
5Ar-TMtP1Tk Book of Boba Fett Episode 6 Breakdown & Ending EXPLAINED | Geek Culture Explained
5I5lwNPPyUE Marvel What If Trailer Reaction, Easter Eggs & Breakdown | Geek Culture Explained
5fvtv6Zy9Ts X-Men: The Animated Series Is Coming Back! | Geek Culture Explained
6N-2f1e16O8 Storm In Black Panther 2, Fantastic Four Movie & More | Geek Culture Explained
7Q8qyP_GBMI We Crossed 100,000 Subscribers! | Geek Culture Explained
7jiVfkmqB9M Loki Episode 1: Here's what Caused The Multiversal War! | Geek Culture Explained
7omcX3Z2yFw Let's Talk About Peacemaker... | Geek Culture Explained
7zPqL5rL9fc Spider-Man: No Way Home Official Trailer Breakdown | Geek Culture Explained
8024FirJmMw Loki Episode 6 (Finale) Ending Explained | Geek Culture Explained
8Vc-JuhmW8o Dr. Strange 2/Shuma Gorath Confirmed in What If! | Geek Culture Explained
8nyPp75ygeM Justice League Snyder Cut: Everything You Need To Know | Pop Culture Explained
9DAmo4ue4fs WandaVision Episode 5 Ending Explained | Pop Culture Explained
9l_3uY9VS9Y Kang In Spider-Man No Way Home | Geek Culture Explained
9ng3pjLMq3U WandaVision Episode 3 Ending Explained | Pop Culture Explained
AAWrNubv3cI Shang Chi Trailer 2, Spider-Woman, Sonic 30th Anniversary & More | Geek Culture Explained
AgieCt7ZAXU World War Hulk In The MCU?! | Geek Culture Explained
Ao5cgkGrbgo The Eternals Movie Review | Geek Culture Explained
BPqP1yxkWP4 Origins & Powers: Gorr The God Butcher | Geek Culture Explained
BSq4ReVi4Jo LOKI\u2019S ALMOST HERE AND IT\u2019LL CHANGE EVERYTHING!! #Shorts
C9CsyXsTIlI Doctor Strange 2: Who Is This Mystery Character? | Geek Culture Explained
CO0bXAA9kxE James Gunn's Suicide Squad Spoiler Review (Geekview) | Geek Culture Explained
CTgkj-em-XQ Doctor Strange 2 MORE MASSIVE CASTING LEAKS!! | Geek Culture Explained
CjDMQGan2vg Here's How Wolverine Gets INTRODUCED Into The MCU! | Geek Culture Explained
Ck2tFN7NDHE Shang-Chi: Origins & Powers | Geek Culture Explained
CqIYIO48tOU Spider-Man: No Way Home Isn't What You Think | Geek Culture Explained
CuY909Juau8 Spider-Man 3 No Way Home: Here's Who's Controlling Dr. Strange | Geek Culture Explained
DI0c-SwhBtw The Secret Avengers in The MCU | Geek Culture Explained
DfABLTwHLJU The Eternals Trailer Breakdown & Explained | Geek Culture Explained
DfReiNfiAu4 Falcon/Winter Soldier Finale Explained | Geek Culture Explained
EIZI09_QF00 Hugh Jackman In The MCU, New PS5 Games & More! | Geek Culture Explained
EPj59cjYYFg Werewolf By Night Confirmed For MCU Phase 4 | Geek Culture Explained
Ej2vAwDU1iw How Shang-Chi & Kang Will Bring Iron Man Back | Geek Culture Explained
Eoy-hCpWVCc Kingpin Is In Hawkeye! | Geek Culture Explained
GB3tcuKkM0w The Batman Trailer, Black Adam, The Flash, DC FanDome 2021 & More! | Geek Culture Explained
GMsuhK5X6Bw Tobey, Tom, & Andrew JOINING Across The Spider-Verse?! | Geek Culture Explained
GPK4i8l9BHM Spider-Man: Across The Spider-Verse Trailer, No Way Home Box Office, & More | Geek Culture Explained
Gv7g2VV78po The Eternals Will Introduce Galactus | Geek Culture Explained
HBP8D0RhbQ4 WandaVision Episode 6 Ending Explained | Pop Culture Explained
I54IZkS7dJY Here\u2019s how Loki, Spider-Man 3 & Dr. Strange 2 tie together! | Geek Culture Explained
J0awHL9-kVA Loki Episode 5 Easter Eggs & Ending Explained | Geek Culture Explained
JHH37knrsAk Sylvie Was A TVA Agent | Geek Culture Explained
JNerLEPU03k Spider-Man: No Way Home Ending Explained | Geek Culture Explained
Je2Bj_Cm7_0 Jurassic World Dominion Trailer Reaction | Geek Culture Explained
K5xwXvlFmQo The Matrix 4 Trailer Breakdown, Easter Eggs & Everything You Missed | Geek Culture Explained
K7KFF7rPWSA New Iron Man in Black Panther 2, Spider-Man In Venom 2 & More! | Geek Culture Explained
KHcSrD9kOSY Falcon/Winter Soldier Episode 3 Ending Explained | Geek Culture Explained
KYivYohG-dE What If Episode 2 Breakdown & Ending Explained | Geek Culture Explained
KdyzSD5lZH4 Marvel Files Lawsuit! Are They Losing The Rights To Spider-Man?! | Geek Culture Explained
LF6y0QUJvvQ Moon Knight\u2019s Mystery Villain REVEALED! | Geek Culture Explained
LW1Qs27zais Pop Culture Icons: Beyonc\u00e9 | Pop Culture Explained
La3veyKUsfI Amazing Spider-Man 3 PLOT DETAILS! | Geek Culture Explained
Llyh2WHGaCY Loki Episode 3 Ending Explained | Geek Culture Explained
MUjxpjKaVF0 WandaVision: SWORD, Mutants & Project Wideawake | Pop Culture Explained
MUlFlm63SwU A New MCU Hero In Blade? | Geek Culture Explained
MbSF3MCxCNc SPIDER-MAN NO WAY HOME Official Trailer Reaction | Geek Culture Explained
Mi5Q7tv8aPU Odin & The Ancient One Knew About The Eternals | Geek Culture Explained
NVkvsTt5QwY MCU Breaking News: Werewolf By Night CONFIRMED! #Shorts | Geek Culture Explained
NXRnWETt6kg New Spider-Man Trilogy BREAKDOWN | Geek Culture Explained
NiGat8kP5-w Top 5 Best WandaVision Theories | Pop Culture Explained
OSyWkNJzj6o Falcon & Winter Soldier Episode 2 Ending Explained | Hype Train
Ol3nWYEFu7k Moon Knight Trailer Breakdown & Easter Eggs EXPLAINED | Geek Culture Explained
PKBK64WorkA Mortal Kombat: Fire God Liu Kang Explained | Geek Culture Explained
PQ2Jt51KEzU Spider-Man: No Way Home Easter Eggs & Secrets You Missed! | Geek Culture Explained
R8Uole6mk9A Mortal Kombat: Scorpion Explained | Geek Culture Explained
RJOzUWqwfCs Loki Episode 1 Ending Explained | Geek Culture Explained
RM_lEqTiXvY Doctor Strange 2: Mutants Will DESTROY The MCU | Geek Culture Explained
RhlQWc0r7XM Scarlett Johansson/Disney Lawsuit, Kevin Feige responds & more! | Geek Culture Explained
RlkWgL_MNEY Tobey Maguire Returning In Dr. Strange 2!!! | Geek Culture Explained
RpqKKIUX_-w Wanda Meeting The X-Men In Dr Strange 2! | Geek Culture Explained
RqhNBx1EAp0 Moon Knight Teaser Reaction & Breakdown | Geek Culture Explained
RygeCeaMyaI The Mortal Kombat Tournament Explained | Geek Culture Explained
SyOFrx2dcjw The MCU Needs God Butcher Loki | Geek Culture Explained
T60tmSUWAFA The Cast Of \
TX1L4DIsKaE The Eternals Introduce Mutants!! | Geek Culture Explained
TcNA0g0roD0 The Marvel/Disney+ Shows RANKED (So Far)  | Geek Culture Explained
UeYicHwqbVM Marvel What If Episode 1 Ending Explained | Geek Culture Explained
Uyet_g67_DU Shang-Chi: Easter eggs, Breakdown & Everything You Missed | Geek Culture Explained
V3LX0xR77Bs Who Will Die In Spider-Man: No Way Home? | Geek Culture Explained
VLKzBF9answ This Changes Everything... | Geek Culture Explained
VNO936oJsbE Falcon And The Winter Soldier | Caught Up Show
Ve9b9Iiwjy8 Obi-Wan Kenobi Trailer REACTION | Geek Culture Explained
VufySV6CDzU What If Episode 7 Ending Explained | Geek Culture Explained
W3pAKcWsA4Y Morbius Director Drops MASSIVE Reveal | Geek Culture Explained
WCiX0adSGIc Eternals Bombs, Spider-Man 3 Trailer Date, Morbius Trailer & More | Geek Culture Explained
WUNVkANqnVU Spider-Man: No Way Home SPOILER REVIEW | Geek Culture Explained
Wi8XnW_b2UU Top 5 WandaVision Moments | Pop Culture Explained
Wlr1EmeGne8 Let's Talk About Avatar: The Last Airbender | Geek Culture Explained
XEffMpBFtcg Spider-Man: No Way Home Final Trailer Leaked?! | Geek Culture Explained
XjZ64a89QHY Venom 2 Post Credit Scene Explained | Geek Culture Explained
Y7Hd8tmAmDQ Dr. Strange Super Bowl Trailer Breakdown & Everything You Missed | Geek Culture Explained
YALp4uudtlY Eternals Confirms Galactus In The MCU | Geek Culture Explained
YCBxbc6KZ5o Black Widow Spoiler Review | Geek Culture Explained
YSagVAOnfBs New Black Adam Footage Breakdown | Geek Culture Explained
Z1602p0V4Y4 Carnage: Origins & Powers | Geek Culture Explained
ZSOux6wJsls WandaVision: Here's Why Dr. Strange Can't Stop Wanda | Pop Culture Explained
_0ynF78yf7w Top 5 Best MCU Shows RANKED | Geek Culture Explained
_TwQ2dHTQz4 Black Widow Lifts Mjolnir, MCU/Sony Spider-Verse & More | Geek Culture Explained
_ilgNZ1-Tfk Loki is way more powerful than you think | Geek Culture Explained
_zlkDavLINQ Marvel Lawsuit Reaction, Chris Pratt Is Mario, & N64/Sega Genesis On Switch | Geek Culture Explained
a9q3ANEiTLA WANDAVISION FINALE! I FIGURED IT OUT!! | Pop Culture Explained
boB5Yav9yWI Morlun in Spider-Man: No Way Home | Geek Culture Explained
cUKr1YobfNs The Spider-Verse Is Coming! | Geek Culture Explained
caaPBIOnDjo Venom 2 Trailer: No One Is Talking About This? | Geek Culture Explained
ckHTmJTtasw Hugh Jackman Wants To Be Wolverine Again, More Abomination Footage & More! | Geek Culture Explained
cqe6mxJdjyU Venom 2 is in The MCU! | Hype Train EXTRA
dQ0p201t61U Mortal Kombat: Sub-Zero Explained | Geek Culture Explained
eTIw2sApaDc Kirsten Dunst & Emma Stone Returning In Spider-Man: No Way Home!? | Geek Culture Explained
eYIWfSOJpEU Spider-Man vs. Venom, Marvel Zombies film, Kingpin In Hawkeye News & More! | Geek Culture Explained
fCxCrlwc2Cg NEW Doctor Strange 2 Leaks CONFIRMED! | Geek Culture Explained
fH0L66Vh4Qs Electro Has Stark Tech In Spider-Man: No Way Home | Geek Culture Explained
fHBs6hFXzXA Here's The REAL Villain In Doctor Strange 2 | Geek Culture Explained
fI_8eTeB3nY Kang The Conqueror In Dr. Strange 2? | Geek Culture Explained
fr0a9Vg3dQ0 What If Season Finale Explained | Geek Culture Explained
gUeZeYpOWrs Ms. Marvel Trailer REACTION & BREAKDOWN | Geek Culture Explained
g_uQMI_1uuw THE ETERNALS TRAILER REACTION!!!
ggu5f7tdnIw Thanos Returning To The MCU? | Geek Culture Explained
hLnJHBqWZCw Doctor Strange: Multiverse Of Madness Creature EXPLAINED | Geek Culture Explained
hMqRmXWNxSQ Shang Chi Trailer 2 Breakdown & The 10 Rings Explained | Geek Culture Explained
hb6vw1jY_EM MASSIVE Doctor Strange 2 Plot Leak Explained | Geek Culture Explained
iLDayV5F9mE This What If Episode Will Change Everything! | Geek Culture Explained
iLFSWeFUhpo The Batman NON-SPOILER Review | Geek Culture Explained
j7UKcDU1oJY 5 People We Want In The MCU | Geek Culture Explained
jWXHDGUW69s Marvel/DC Movie Crossover, Iron Man & Erik Killmonger Team Up, & more! | Geek Culture Explained
jv2Lq96dfsE What If Episode 8 Ending Explained | Geek Culture Explained
jxQ4JxXGGlQ Mysterio In Spider-Man: No Way Home, Daredevil Season 4 & More | Geek Culture Explained
kPjJ8v0dfHc Injustice Gods Among Us Film (Geekview) | Geek Culture Explained
kZU6b1n_7o4 Loki Deleted Infinity Gauntlet Scene | Geek Culture Explained
kjvndh8Kbqo Galactus & Daredevil In The MCU, MGS Remakes, All Star Brawl News & More! | Geek Culture Explained
l3c2wO8wKJU Jamie Foxx Ruined Spider-Man: No Way Home?! | Geek Culture Explained
mGljUaMyn3s Loki: Miss Minutes is behind it all! | Geek Culture Explained
mSpI-2-qJZY Exclusive Interview: Tom Holland Talks MCU Wolverine! | Geek Culture Explained
mczUJYl3NkI Marvel Vs. DC Film, She-Hulk Trailer, & Eternals Tie-In? | Geek Culture Explained
mtJL7wqMr-0 The Batman 2022 ENDING EXPLAINED | Geek Culture Explained
mwPprDdrLyE J.K. Simmons Returning As J. Jonah Jameson In Venom 2! #Shorts | Geek Culture Explained
n9RTdwqdwO0 Here's How Ms. Marvel CONNECTS To Shang-Chi | Geek Culture Explained
nfXMUUq_mmc SPOILER FREE Spider-Man: No Way Home Review | Geek Culture Explained
nkZoUbBq3fU Doctor Strange 2: I've Figured Out The MCU Illuminati Members! | Geek Culture Explained
nlipdNUwMBA Eternals Final Trailer Reaction & Breakdown | Geek Culture Explained
ny4y8MmEmWc Spider-Man 3: No Way Home Trailer Reaction | Geek Culture Explained
o7X0akRSoMQ WandaVision: Is Wanda Manipulating Reality? | Pop Culture Explained
oEu2XWLhyDs Spider-Man 3: No Way Home Trailer Breakdown & Ending Explained | Geek Culture Explained
oP4t5_xv9ls Is This Galactus's MCU Origin? | Geek Culture Explained
oVrQ_udUzOk Dr. Strange In the Multiverse of Madness Super Bowl Trailer Reaction | Geek Culture Explained
olZqD-PPcco Pop Culture Icons: Stan Lee | Pop Culture Explained
pMXvmyywyCU New Dr Strange 2 Villain Revealed, Keanu Reeves Joining The MCU & More | Geek Culture Explained
pPrWjR_WlTU NAMOR CAST IN BLACK PANTHER 2!! | Geek Culture Explained
pVzvpM7thME The Spider-Man: No Way Home Rumors Are True | Geek Culture Explained
pv4WvJVfwrk Kang Introducing The X-Men | Geek Culture Explained
q0QNtCq7CxM MCU Villains: Mephisto | Geek Culture Explained
qDF8UT_Rabo The Eternals: The Celestials Origins & Powers | Geek Culture Explained
qK5SJhJyhlA We Need To Talk About MADAME WEB... | Geek Culture Explained
qi3nIdkeMG4 WANDAVISION: QUICKSILVER REALLY IS MEPHISTO!!! | Pop Culture Explained
qqYicxH13kM What If Episode 4 Ending Explained | Geek Culture Explained
r760GtvKSmw Falcon/Winter Soldier: John Walker Explained | Geek Culture Explained
rOIOjjqtcZk Here\u2019s why the TVA changed! #Shorts | Geek Culture Explained
roatpDxVjIg Dr. Strange 2: The Mutants Have Been Here All Along | Geek Culture Explained
sULrnDMkuh8 Professor X Is In Dr. Strange 2: Multiverse Of Madness! | Geek Culture Explained
t2QUdsa4I5Q Our Top Videos Decided By You! | Geek Culture Explained Rewind
tTJ1elkedaU Andrew Garfield Spider-Man 3 Set Photo Leak, Silver Surfer In MCU & More! | Geek Culture Explained
u-Hwss_CPMo Pop Culture Icons: Elizabeth Olsen | Pop Culture Explained
u9M-CnYILSQ Spider-Man 3 No Way Home Trailer: #TobeyWasThere #Shorts | Geek Culture Explained
ubo6kVS2NXI The Matrix 4 Will Blow Your Mind! | Geek Culture Explained
ulAs26V_2fQ Doctor Strange 2: Multiverse of Madness Trailer BREAKDOWN | Geek Culture Explained
uyo5HSPxRNw Falcon/Winter Soldier Episode 4 Ending Explained | Hype Train
vBAS8ZmMXxk What If Episode 6 Ending Explained | Geek Culture Explained
vG6qiGdao6g Did THIS Just Spoil Spider-Man: No Way Home?! | Geek Culture Explained
w4ELizxxKPI The Book of Boba Fett Finale Ending EXPLAINED | Geek Culture Explained
wPUtLWo4dpE MCU Villains: Doctor Doom | Geek Culture Explained
wcTQHo0soP8 Loki Episode 2: Ending Explained | Geek Culture Explained
wiD4csiSiCc Doctor Strange 2 New Alternate Realities EXPLAINED | Geek Culture Explained
x6D-y8RQWIg Doctor Strange 2 NEW Cameo Leaks & Screen Time!! | Geek Culture Explained
yHZes4kdzyc Adam Warlock Cast In The MCU | Geek Culture Explained
yQzt0_WXxqA Doctor Strange 2: Here's How The MCU Illuminati STARTED | Geek Culture Explained
yTaXTgeEVX8 What If Episode 5 Ending Explained | Geek Culture Explained
ylsUvBKutz8 Chthon In Doctor Strange 2?! | Geek Culture Explained
zB_-mVbLGDs Agatha Disney+ Show, Punisher MCU Future, Twitch Hacked, & More! | Geek Culture Explained
zhZjB0ZBUYM Here\u2019s Why The Eternals Didn\u2019t Stop Thanos | Geek Culture Explained
