-0sYi9GhZHI AMV - What If the Storm Ends (Code Geass, Evangelion, Rahxephon, Gankutsuou)
-rZvZlKuzp0 The ACTUAL Seasonal Anime Guide Every Fan Needs
0X78YhWxIJs Fall 2017 Anime in a Nutshell
0hseORduMkM Eromanga Sensei: A Modern Masterpiece of Trash
1-GqoVroyWE 5 Manga That Need More Attention
1SYL5E4l0Kk Mr Anime Arrested for Murder and My Reaction
1l2caUVKLI8 Anime Zone: School Days Anime Review
1nVuLcLBUts Summer Anime 2018 in a Nutshell
1qk1BoGRM7c Stop Sleeping on Vinland Saga.
20Qq1KbjVHE How Good is Re:Zero So Far? | Ep 1-6 Review
21zDl4sX3nE This Light Novel Does Not Exist.
2Z-SJ6jQPiE A Beginners Guide to Making Anime
3-SzfduyeeY Anime Zone: Lucky Star First Impressions
3qjgOOl2l8I We Don't Understand Anime Light Novels (ft. TheAnimeMan & CDawgVA)
3uMlIg9gVdY Animation in Anime
3yYjNX21xFY Winter Anime 2018 in a Nutshell
4UK_PdRWRYQ Why I Love Bad Anime
4VCkq0e2920 Life Cycle of an Anime Fan
4XYBIUGJvzs BREXIT Anime OP
4Yzft25Yp1M AZ: Charlotte Ep 13 [ENDING] Reaction/Thoughts
4kSjq35b5K4 Best of Anime 2018
4knCvz086A0 Re:Zero is NO Masterpiece (But it's Still Damn Entertaining)
4qcuJM1H_lQ The Dying Art of Anime Music Videos
4sSWQ91MRHs Coronavirus Anime Survival Guide
5lJaKoMf6As The Perfect Anime
5t_nfOM3ySw 5 BRILLIANT Fight Scenes in Anime
5wpEUFo4PTs Summer Anime 2019 in a Nutshell
5xBR8O3EF-k Music in Anime
5xTKO4EhapQ AZ Rant: Fanservice and Ecchi (Censored)
5ytnKggHwvY Best of Anime 2021
6XbGyJeDWWI This is the Best Waifu of 2022
6iGBTioovQw Demon Slayer is a Work of Art
6uwsbLDZ7RA Anime Zone: FLCL (Fooly Cooly) Anime Review
74jNvMw-FLc Shield Hero: The Rising of the Isekai Genre
7EKkAy-PfN4 Rail Whores [Rail Wars One Shot]
7TPpq2HRx98 AZ Reaction: Sword Art Online Episode 21
7lp8yaQDT1U You Cannot Dislike this Video.
84_OdLCxA_4 Anime Zone: Code Geass Anime Review
8IyItqjCAag AZ Rant: Dubbed Anime and Dub Haters!
8_D5GN8u1-Q The Art of Abridged Series
8pQU9weKoog OTAKU: Everything You Need To Know
9LfycWHe1Lg My Hero Academia - How to do a Tournament Arc
9lIu9iJ0njU Anime in 2017 | Part 2
AN-65xgI-bw Your Waifu IS Real
AZyCxiA-oFs AZ: How to make a Video Review/Rant
A_9gR41ivBU Demon Slayer just Set a New Standard
A_vd5GnNgHI AZ: Top 20 Epically Cool Anime Characters Part 6
AwTiaIJ9lIs The Hentai That Made Me Cry
B-YqoWBiLy4 Fall Anime 2018 in a Nutshell
B3da95eEGaY Anime Zone: Bakemonogatari & Nisemonogatari Anime Review
BBRBAYq2Kks Food in Anime
BGzLyruQ2IU Anime Zone: Code Geass R2 Anime Review
BJenabW9Dh0 When You're Glad Everyone Around You is Dead.
Ch4ZqqevbmM A New Level Of Trash - Eromanga Sensei
D0M-vrTZ-Bs EvAbridged 3.0 Rei is (not) Pleased
D3jjVsm99Ec My Hero Academia's Fights Are Actually Dull
DNvnyXFfVk0 Devil is a Part-Timer: A McDonald's Isekai
DQsr-_r70w8 Anime Zone: The Disappearance of Haruhi Suzumiya Anime Review
DdSbbG2uhxg Anime Has Changed
E1x1RicXFMk The Moe Anime Revolution
E5BqcPG5Anw Anime Awards 2016 in a Nutshell
EgFILjOWafo Attack on Titan Is Still Incredible.
ErTEqW1_25c The Worst Ending in the History of Best Girl
EvPFaofgjg8 The Anime Only True Gamers Watch.
ExDuZn9hWCw How 2 Unbox [Anime Edition]
F2Uau5wOngY Best of Anime 2020
FY4eC0lF5p4 Fall Anime 2020 in a Nutshell
Fz3jbx7K8rk One Punch Man S2: A Step Down
FzdhSuLNi18 No Game No Life IN 7 MINUTES
GBJouSVK6V4 Anime Zone: Neon Genesis Evangelion Anime Review
GMSMqEDAjyQ Anime Zone: Death Note Anime Review
GMc8icI6mmg The Art of Ending an Anime
GozQCpgJYMg Arcane is Incredible. No, Really.
H6OHVrQ5tcw Mecha: The Rise & Fall of Giant Robots
HQ-mxCKvQTI AZ: Bible Black Honest Review
H_smPiFjAP8 Anime Zone: Bleach Anime Review
Hak2JiGzZj0 AZ Reaction: Free! - Iwatobi Swim Club Episode 1
HyYC9XQcs0Q AZ: Anime in 2015 Part 2
ICLp4-w2CkU The Problem with Reviewing Anime
INydhyGXDHo The Science of Waifu's
IjytC-rIC8U Anime Zone: Sword Art Online Anime Review
IuyxcKsFWhI Re:Zero IN 8 MINUTES
IwB8Lwd8RMM Anime Awards 2017 in a Nutshell
J7OgcsAnyFk Why Naruto DOES have some of the Best Fights in Anime
JcZBxdbPjVs when you disagree over best girl
Jf3VEoyHsAA Ani-meh Zone: K-ON! Anime Review
JtiuCgHX6l4 Anime Conventions: An Honest Guide
JzCU6yXOvw0 Spring Anime 2018 in a Nutshell
K-vz1_l67kk You'll Grow Out Of Anime...Eventually
KP1I78uRiDI Attack on Titan is Incredible Now.
KVUik2UK4l0 I Want Nagatoro To Bully Me.
KhQ-4YE26RE Basically, Netflix's Evangelion
KrvKhnSdbks You Missed 2021's Best Anime.
LNboQ_nplvo Cowboy Bebop Re-Dub? [PodTaku Highlights #1]
LvdtJsZpuQ4 I Spent $1000 Buying Waifus in Gacha Games
M1D1YnBvkuo AZ: RWBY First Impression
M8I7a2RRrTE Anime Zone: Fate/Zero Anime Review
MTZiMOf4jhU Anime Shopping in Akihabara is a Nightmare
Ml1QR9YfReE The Waifu Tier List
Mn_bLGhZCaY Your Waifu Doesn't Love You
NGLxZBajInM How to FIX Live Action Anime Adaptations
NHMwBbeW-QI AZ: I'VE SOLD OUT?! + Updates
NPA26WLzQ7Y Best of Anime 2017
NjJoEbxc2ho Best of PodTaku
O-8KGw_yWVI All Anime Are SHIT! [PodTaku Highlights #2]
OMybzJY5K0Y Anime in 2018
OQjDzMf_H-4 Is Hype a BAD thing for Anime? | AZ Rant
OavIyTKL3L4 Anime in 2019
OhUMy_GMgUg Hentai in a Nutshell
OjcRenRZ5NE Why I quit my job to make Anime Videos
P7R3X_ms3Ng AMV - Reflections of Despair (Evangelion/Rahxephon/Paranoia Agent)
Q3KlH3g1KI0 AZ: Top 20 Epically Cool Anime Characters Part 7
QEWR4NA_d-0 Goblin Slayer: The Worst Anime Ever Made
Qzo8Vug7TZk The ACTUAL Top 20 Anime Every Fan Needs to Watch
R-cJS23N4GQ Summer Anime 2021 in a Nutshell
R5Pc5JSJFx4 A Defense of VIZ closing down MangaStream
R6tA5MMWMSE Summer 2017 Anime in a Nutshell
SCA_Tb4W9WM AZ Rant: New Anime Sucks?!
SI1DZMwiASM AZ Rant: Anime on TV
TDii4knbtL8 Anime Zone: Highschool of the Dead Anime Review
TRkBaAOhCK8 Baccano: The Fucking Short Version
TUsWceYdvfk Winter Anime 2020 in a Nutshell
TmY8NG5t-lQ Winter Anime 2019 in a Nutshell
TwnK8DRINbY The Best Waifu of 2020
UAsbyummVu4 The Fall of Mecha
UJ9mH4YC6MY I Got Addicted to VTubers and Regret Everything
UL10DtloGTQ Anime Zone: Samurai Champloo Anime Review
Ur-8ibFvAY4 Tokyo Ghoul IN 5 MINUTES
UzNSWmokCdU Badly Explaining the ENTIRE Fate Series in 30 MINUTES
V2AWjDjwM-w I Met the Creator of Domestic Girlfriend
VDy0aXNcuc0 Anime Zone: Ikkitousen Anime Review
VJnureuZ6Ts EvAbridged 2.0 Shinji is (not) a Pussy
VW9SYNuCyxc The Best Revenge Story in Anime
VXCaPR0exE8 Attack on Titan IN 9 MINUTES
VgV-OL_gHig 2010s: The Decade Anime Grew Up
WCTq_dLesDI AZ Reaction: Free! - Iwatobi Swim Club Ep 4 & 5
WKeyRGvHS6o If Anime Descriptions Were Accurate
WVQkwbhmuqQ Bad CG in Anime
WWccr1r-H0E Anime is a Brand
WYY7YM3E9aw Darling in the FranXX IN 10 MINUTES
W_9mRXo-fYE AZ: Anime in 2013 Part 2
XMH8C9xP3UU Essentially, Anime Fans vs Manga Readers
XlqP7lbr3gY Tower of God: A New Era for Anime
Xtl-U_XhFZY AZ Rant: The Big 3 (Naruto/Bleach/One Piece)
Y1D5hVieqns Dear God of Anime...
Y2lsOpzKlyc AZ: Top 20 Epically Cool Anime Characters Part 8
Y32e4s99e_Y Bunny Girl Senpai: A Show That's (Not) About Bunny Girls
YLpBSGZIqIk I Lost $10,000 on Anime Figures.
YTJKfvZmDUM The Fascinating World of Index/Railgun and Why You Should Watch It
Y_oQYv9Oh0s Waifu's Are Finally Becoming Real
YsJ4aguEcNk Slime Isekai: The Best Kind Of Isekai Anime
Z2CQAWgGysY Anime Zone: Gantz Anime Review
ZFOcBLr7ioQ Fall Anime 2021 in a Nutshell
ZGsvHRyiTG0 The Anime that Inspired Me
ZTZ70sS5gd4 describing domestic girlfriend's spicy plot after eating a ghost pepper
ZhWgRovPib8 Black Clover Does NOT Suck Anymore.
_T3XPw6vYQE ULTIMATE Pok\u00e9mon Attacks! [PodTaku Highlights #4]
_XeLhFKw_yM Thank You, Evangelion.
_bHFkjh2NBU Best PodTaku Moment EVER! [PodTaku Highlights #3]
_p8IGMVDBNo AZ: 10,000 Subs Thank You + BLOOPERS
azjyUga3NTY Anime Zone: The Harem Genre
b37WtqtH1Rg I went to a Real Anime Studio in Japan
bAj0AthfZVo Anime Zone: 1000 Subscriber Special
bI9PtkURa-g China Is Taking Over Your Favourite Anime
bTl0BBrw3Y0 Thank You Kyoto Animation.
bWkCkGYyxIs Solo Leveling Is The Power Fantasy We Needed
bpQK9SA9Hhw If Anime Studios Were People
c-CU2O9V_EA AZ Rant: Source Material is Irrelevant!
c7vz2dpp8xA Anime Zone: Black Lagoon Anime Review
cHKmsdjEsss Anime Zone: Welcome to the NHK Anime Review
cQQYD0Ia5fA How Good is: Devilman Crybaby?
dA53wS06Cp4 Netflix & Anime Strike: An Open Letter from an Anime Fan
dUKiANYyeMM The Death of Classic Anime
dXWLu6uImRw Anime Zone: Panty & Stocking with Garterbelt Anime Review
dsn-vnek3eA AZ Reaction: Attack on Titan Ep 21
dx7xeNU6a9c AZ Reaction: Sword Art Online Episode 24
e10KrH-S7ek Fall Anime 2016 Abridged
eKkp2jjOk88 Why I DON'T care that Scarlett Johansson is Motoko Kusanagi
eSKLKDkWyqg Anime in 2016 Part 2 - Summer/Fall
eYfFKWZp9OU Fall Anime 2019 in a Nutshell
ecR2BgF_5Ms Spring 2017 Anime in a Nutshell
f4FoWyUBpQw Why SHELTER is Pretty Fantastic
fiss4hNXLqs She Wants to Suck You
gYGj7pmb93A AZ Rant: Anime is Dying?!
gZzwDmGFDFk Isekai is GREAT, Actually
he7ANpdP518 AZ Reaction: Attack on Titan Episode 5
ho6zGgdecd4 Darling in the FranXX: The Never Ending Ride
hvak4NmFAaM How 2 Unbox Part 2 [Anime Edition]
hzT3X66FepU AZ Rant: The Golden Age of Anime
iQ6SgPQCMro Gigguk Patreon Launch Stream
iijt7iGJ2sc Konosuba: Why is it Funny?
imch7kBGM88 The Top Anime Guide to YANDERE
jbnVWcJJOQc AZ: Top 20 Epically Cool Anime Characters Part 2
jpA0DEGEQtM AZ: Anime in 2014 Part 1
k9s690ONv-Y AZ Reaction: Attack on Titan Episode 8
kDrDr7mJiB4 Talking Spring 2017 Anime w/ The Anime Man, Akidearest, Holden & Jean
kQOseBteOPQ Winter Anime 2022 in a Nutshell
kWCyEPlbzeI How 2 Unbox Part 3 [Anime Edition]
kd383XVbMXE AZ: Attack on Titan (Shingeki no Kyojin) First Impression
kiuT0l4T1tk This Video is about JoJo's Bizarre Adventure.
lJ0yjsbDQ00 Winter Anime 2021 in a Nutshell
lT5NuM-7B4o AZ: Anime in 2013 Part 1
lczWJpe8zts CODE GEASS SEQUEL WHAT?!
lyR-Gk0RAiQ How to Fix Shonen Anime's Biggest Problem
m2Lz8OLVcxQ Interspecies Reviewers: The Peak of Culture
mBJgZH2jgWU EvAbridged 4.0 This is (not) the End
mi_6CrQpOhc Summer Anime 2016 Abridged
n2OQu9yMh9k Domestic Girlfriend: A Dumpster Fire I Can't Stop Watching
nXTaIoJjFO8 5 Anime Concepts I'd Like To See
ng184t4hJ5o AZ: Anime in 2014 Part 2
o31VNNrasbE She Doesn't Love You.
o73K0XlUpTU AZ: Summer Anime 2015 Abridged
oDqaERPKdzE Anime Zone: Summer Wars Review [Geek Week]
onYSNgHbbW8 Sword Art Online IN 5 MINUTES | Anime in Minutes
p8_poocP7TY How SAO: ORDINAL SCALE could've been GREAT! [Spoiler Discussion]
pOnTPywkAt0 Spring Anime 2019 in a Nutshell
p_bHA_cBRoM AZ: Anime in 2015 Part 1
q7yMDmQ_1AI Anime in 2016 Part 1 - Winter/Spring
qg5ziGED3iI Why I Actually Preferred Attack On Titan S2 Over S1
qlDim0Mphl8 I'm Coming Back.
qxmFT6nFprs The Top Anime Guide to Tsundere
r41zj5m6mDU AniTube Rewind 2017
rfi6hUPJpe4 Why Isn't Sword Art Online Dead Already?!
rsPDJfRY9u4 US Election Results: Anime Edition
ryzAJqGDz40 AZ Rant: Anime Becoming Mainstream?!
s5D6it3HQpc AZ: Top 20 Epically Cool Anime Characters Part 4
s8w6O18EzxQ Anime Zone: The Melancholy of Haruhi Suzumiya Anime Review
sNneO37pg-I I Spent 1000 Hours Playing this Anime Card Game
tDh5Us8rl80 Mushoku Tensei Is An Isekai Masterclass
t_snS5DfSdg Watching Anime Fansubs
tyHAI-70DSg Anime Fans: The Ultimate Guidebook
tz8kXxsoctw The Art of Sports Anime
tzNjnpiYPNg Summer Anime 2020 in a Nutshell
uFR2nvw19h4 Isekai: The Genre that took over Anime
uQZR4zmJDhg Anime in 2017 | Part 1
uqb5xm6mmbE The Ancient Magus Bride: The Magic of Fantasy Worlds
uzRNeeBzsyY Anime Zone: Steins Gate Anime Review
vGBDDNS74dc Spring Anime 2021 in a Nutshell
vRLyJxvqX_E Black Clover: The New Problem Child of Shounen
vtUpWihJJJ4 EvAbridged 1.0 This is (not) a Parody
wDMAVUy5p0Y How Good Is: SAO The Movie - Ordinal Scale?
wlEqbOok5wI Why Kabaneri FAILS as an Attack on Titan Clone
wnVwcUhxt1k trying to understand the fate series
x4-xbKi7qa4 AZ Reaction: Kill La Kill Episode 1
x8XAI9FJai8 Neo Yokio: The Final Form of Anime
xLIUW-h8siE How Close is Anime to Mainstream?
xkhT5KdGlb4 Spring Anime 2020 in a Nutshell
xs0oQmVRWgk The Greatest Thing Anime Has Done
yOsUD3I8H5s 6 More BRILLIANT Fights in Anime
yak5qOyjD3U Anime Zone:  Baccano! Anime Review
ykKB0IUuuXk Death Note Teaser Super Serious Breakdown
zC_AL1j0SFo EvAbridged 2.0 Preview / Deleted Scenes
zqao854TBM0 The Waifu That Didn't Deserve To Die
