--dGp9i-XuE How Wandless Magic Works - Is It MORE Powerful? - Harry Potter Explained
-5BPdR5J29E Snape's SECRET Message to Harry - Harry Potter Theory
-CP-yrxNicU HOW Snape Used Avada Kedavra on Dumbledore - Harry Potter Theory
-CeEXRB_tjU Why Snape Agreed to an Unbreakable Vow (and to Kill Dumbledore) - Harry Potter Explained
-HSksSDVnnQ Why Did Harry Potter Trust Snape in the Deathly Hallows? - Harry Potter Theory
-MlIo_hh_wI How Did Dumbledore Know HOW Harry Survived Voldemort? - Harry Potter Theory
-QJoIk9DIio Jk Rowling's Huge FLAW with Goblet of Fire (Another Weasley?) - Harry Potter Explained
-SOGFiOSSDM How James Potter Got the Invisibility Cloak - Harry Potter Explained
-Ythe9z-UGM 20 HUGE Movie Mistakes in Harry Potter (Philosopher's Stone Edition)
-_1e-Q29rlQ Ranking the Marauders by POWER (Sirius, Remus, James, Peter) - Harry Potter Theory
-onmUq495FU JK Rowling's Original Harry Potter Draft REVEALED - Harry Potter Explained
-wuHIPwkcCw Did Harry, Ron and Hermione Finish Their Education at Hogwarts? - Harry Potter Explained
-zNItROsB40 Dumbledore's SURPRISING Letter to the Dursley's - Harry Potter Explained
0JTD8xZV2do Why Did Voldemort HAVE to Kill the Potters? - Harry Potter Explained
0LbpnNqv1Sw What If Peter Pettigrew Never BETRAYED the Potters (Fan-Fic) - Harry Potter Theory
0LdK9ETSelY Draco Malfoy's Most EVIL Ancestor - Harry Potter Explained
0OS_0SW5ucE Voldemort Finally Gets a Nose (Animated Short)
0qZxTiRjpXI Hogwarts Legacy UPDATE and FAQ 2021 (Dumbledore? Multiplayer? Canon?)
0rDw9Nf5KO8 Why Mads Mikkelsen Will Be a Very Different Grindelwald in Fantastic Beasts 3
0xkwYPcPs6s What If Harry Was in Slytherin - Harry Potter Theory
1J2bJpPac70 WHERE Is Tina Goldstein in the Secrets of Dumbledore? - Fantastic Beasts 3 Theory
1KGOXyuMKsw Why the Death Eaters SERVE Voldemort - Harry Potter Explained
1KYhw81pStI Christmas at Hogwarts - Harry Potter Explained
1amnRNpWdWk Did Voldemort Know That His Father Was a Victim? - Harry Potter Theory
1lLrnTmc954 Lethifolds: The Dementor's Ugly Cousin - Harry Potter Explained
1oTY1Zb07T8 Warner CEO Teases Harry Potter Show - Harry Potter News
1rT6cVa5nWI The Story of Merlin (The Most Powerful Wizard) - Harry Potter Explained
1relwYTAjdM So.. What's Happening with FANTASTIC BEASTS 3? - Revised Screenplay and Release Date
1tTAwHBHx9Y Why 5 Different Actors Played Voldemort - Harry Potter Explained
1tWcymGyrmU Did Ron Use Avada Kedavra on Nagini in the Deathly Hallows? - Harry Potter Theory
1tiSqIcsUwg 8 Relationships Revealed AFTER Harry Potter Ended - Harry Potter Explained
1u1MyvpSamI What Happened to George Weasley after Fred Died? - Harry Potter Explained
1zOQ6Nq6Iks Why Didn't Dumbledore LET Voldemort KILL Harry in the Ministry Atrium? - Harry Potter Explained
2_CjXoqWWdM What CURSED Katie Bell in the Half-Blood Prince? - Harry Potter Theory
2nwj_frb7QY Newt Scamander Was NOT Expelled from Hogwarts - Harry Potter Theory
35svcvw39qE Why the Death Eaters Held Back Against Dumbledore's Army - Harry Potter Theory
36dl4eXEq58 BIG NEWS! Harry Potter Live Action TV Show in Early Talks for HBO
3BU3vh1c0Cw Fantastic Beasts 3 in BIG Trouble? - Harry Potter News
3In3kGNawPQ Why Voldemort's Avada Kedavra Could NEVER Kill Harry - Harry Potter Explained
3Pw81Z5vcxY Did the Deatheaters Know Voldemort Was a HALF-BLOOD? - Harry Potter Theory
3ViNq-Fc33I Which HOUSE Would Dudley Dursley Be In? - Harry Potter Theory
3Y0U10E6htk Can an Animagus Be ANYTHING? + How to Become an Animagus - Harry Potter Explained
3aznB2jFEcs How Do You BECOME a Ghost? - Harry Potter Explained
3qUb7qb5VzY What Would OTHER Hogwarts Houses Pull from the Sorting Hat? - Harry Potter Theory
3taPvFKfsP8 ANOTHER New Harry Potter Game?! (Magic Awakened + Hogwarts Legacy 1 Year Update)
40VnoGZT5Hw Why the Order of the Phoenix Didn't Hunt Horcruxes - Harry Potter Explained
49Rt3OMvX6c 5 Darkest Harry Potter Fan Theories (RANKED) - Harry Potter Theory
4Avhlw9oMXg How Harry's Grandparents DIED - Harry Potter Theory
4LG2Qv3YVhE Fantastic Beasts 3 TITLE Revealed! (+ NEW Release Date) - Harry Potter News
4Rb_RIf6R0Y ALL of Umbridge's RULES at Hogwarts - Harry Potter Explained
4iHD5AhC6WU Are Death Eaters SAFE from Dementors? - Harry Potter Theory
4tLYzgXs7kI The HARDEST Chapter Jk Rowling Ever Wrote (Goblet of Fire) - Harry Potter Explained
4zQPtGXEKNc Why Could Dolores Umbridge Cast a PATRONUS? - Harry Potter Theory
55yZdLJmM8k Fantastic Beasts 3 LEAK - Harry Potter News
567Jh_vDZGg 15 Harry Potter Facts Movie Watchers WON'T Know - Harry Potter Explained
57Huh7w7VS8 Why DIDN'T Hagrid Get Arrested for Dudley's Pig Tail? - Harry Potter Theory
5QpN5TamDY0 Why Didn't Bellatrix Lestrange Create a Horcrux? - Harry Potter Theory
5c0yOdDYBTE 25 Harry Potter WORDS You're Saying WRONG - Harry Potter Explained
5jfURAMin4g The 6 Most Powerful Hogwarts PROFESSORS in Harry Potter (RANKED)
5mnlnmAxBhc TOP 7 MOST POWERFUL SPELLS In Harry Potter
63-lzmpgTbo The Most Powerful Weasleys (RANKED) - Harry Potter Theory
69VmhPTtgDg How Dark Wizards like Voldemort CONTROL Dementors - Harry Potter Explained
6EMD7Z-etKQ JK Rowling Discusses Precursor to Death Eaters - Harry Potter Explained
6TOaazL_9yk How Much GOLD Did the Weasley's Win in the Lottery? - Harry Potter Explained
6lzJ6fLl3RA How Students Are Selected for Hogwarts (Quill of Acceptance) - Harry Potter Explained
6wi240uZIec How Dumbledore Knew RIGHT AWAY That Voldemort Killed the Potters - Harry Potter Explained
72eEkDA-Wag How Dumbledore DEFEATED Grindelwald and Why He Never Went to Azkaban - Harry Potter Explained
7C3x-hmbwOA Why Voldemort Didn't Use Avada Kedavra on Snape - Harry Potter Explained
7FVJ3nf8_aE ALL 22 Brooms And Broom Types - Harry Potter Explained
7ODYBx3i7wg Why Lavender Brown Was Played by 3 Actresses - Harry Potter Explained
7RsiCFJ_d2s Is Harry Still a Parselmouth After Voldemort Dies? - Harry Potter Theory
7YYTHnAPaMA 12 BIG Differences - Harry Potter Books VS Movies
7ZYnucL16jI Jk Rowling Reveals What Dudley Saw During Dementor Attack - Harry Potter Explained
7hAjBRfP_20 5 Things Movie Watchers Won't Know about Snape - Harry Potter Explained
7ibFQdInSMU What Dumbledore REALLY Saw in the Mirror of Erised - Harry Potter Explained
7ulnqs1-XeA How Dumbledore Knew That Quirrell Was Voldemort - Harry Potter Theory
7yJNIYQHjMo Snape's 5 Most POWERFUL Spells (RANKED) - Harry Potter Theory
7zwRNjDefoY RECASTING Daniel Radcliffe in Harry Potter - 3 Alternatives
8-2czM78hZs WHY Does Jacob Have a Wand? - Secrets of Dumbledore Theory
817CFQX2Z-I 22 Harry Potter EVENTS in the Secrets of Dumbledore Timeline (1926 - 1945) - Fantastic Beasts 3
83Zrnks-di4 What Was Snape's ORIGINAL Patronus? - Harry Potter Theory
87EHk-hQGI8 Was Severus Snape GOOD or BAD? - Harry Potter Explained
8ECZ1XP7QRs What If Sirius Black Raised Harry Potter - Harry Potter Theory Fan-Fic
8QRdQFrKnMM How Did Harry End up in Knockturn Alley When He Said Diagon Alley? - Harry Potter Explained
8VwLcxyAvg8 Why Ravenclaw's Mascot Is an EAGLE ( +Why It's a Raven in the Movies) - Harry Potter Theory
8XQMO_wn3y4 Who Created the Dementors and How? - Harry Potter Explained
8XQcIqYp9Hk How Did Molly Weasley KILL Bellatrix? What Spell? - Harry Potter Theory
8XwGavSw7iA Sorting Alastor \u2018Mad-Eye\u2019 Moody - Harry Potter Theory
8Z2HL02FlQg What Happened to Fleur Delacour after the Deathly Hallows? (+7 Other Interesting Facts)
8ZhCZEMRtnM How Many Witches and Wizards Are There on Earth? - Harry Potter Theory
8bAxZl1f9Tg 5 Weirdest Harry Potter Fan Theories (RANKED) - Harry Potter Theory
8bklaGkqC_c Is Avada Kedavra Unforgivable or Merciful? - Harry Potter Theory
8ibcA64H0HU Why Didn't Dumbledore Realize That Moody Was a Fake? - Harry Potter Theory
8llm4DmyP6g 5 Bad Wizards That Weren't from Slytherin - Harry Potter Theory
90SldjPokrM Lavender Brown Became a Werewolf - Harry Potter Theory
91BD6S3ivng Why Dementors Were So Interested in Harry - Harry Potter Theory
9BchcupdPlg ALL 30 PROFESSORS At Hogwarts - Harry Potter Explained
9O-Z71c4y4E Who Did Voldemort KILL to Create HORCRUXES? - Harry Potter Explained
9XRjWgRT1ag The Abandoned Harry Potter Plotline That Was Never Published - Harry Potter Explained
9Y80yaqY9WY Did the Sorting Hat Know That Harry Was Voldemort's Horcrux? - Harry Potter Theory
9hCB0brVgLQ Fantastic Beasts 3... An Update (FILMING? + Release Date)
9k4qT2RjRTE Was Harry Secretly BETTER at Potions than Snape? - Harry Potter Explained
9wghPw0UD4M The REAL Reason Dumbledore Put on the CURSED Ring - Harry Potter Theory
A2um3AueDYQ Why I Preferred Richard Harris over Michael Gambon as Dumbledore in Harry Potter
ACECSynXTvs What Happened to the 3 Deathly Hallows AFTER the War? - Harry Potter Explained
ARxCfaxUWJk What Would Marauder Sirius Black See in the Mirror of Erised? - Harry Potter Theory
A_rahlsp3Qk ALL Non-Magical Subjects at Hogwarts - Harry Potter Explained
Af0qIKGB9lM Where Exactly Is AZKABAN? - Harry Potter Theory
AhTdBWBc4Qw The Story of Ekrizdis (The Dementor's Creator) - Harry Potter Theory
AnQHAKCtDVQ What Voldemort Feared Most - Harry Potter Theory
Ay6paIYWLtk Harry Potter Shorts! #shorts
B1J7WfeKt0o The Entire Life of Filius Flitwick (+ Goblin Origins) - Harry Potter Explained
B2XTzxJxPgU Why was Harry so RICH? Did he STAY Rich after Philosopher's Stone? - Harry Potter Theory
BHN0aBY6klw Why Harry Didn't Feel Voldemort's Cruciatus Curse in The Deathly Hallows - Harry Potter Explained
BQTGZXbxz7o The TERRIFYING Triwizard Tournament of 1792 - Harry Potter Explained
BRwb858S82g What Exactly Was the Creature Harry Encountered in the Afterlife? - Harry Potter Explained
BUUSzI1eC_Y Why Didn't Lily Disapparate with Harry to Escape Voldemort? - Harry Potter Theory
BVNbpYxJ-Cs The Story of Nagini (+ How She Met Voldemort) - Harry Potter Explained
BcHrwwQfCq8 Dumbledore's 5 Most POWERFUL Spells (RANKED) - Harry Potter Theory
BoyyWMwH58c Did Dumbledore Ever Use an Unforgivable CURSE? - Harry Potter Theory
CnWKKdlsKAY Why Wormtail's POWER Was Underrated - Harry Potter Explained
CxfYXkkBAjY Why Didn't Dumbledore Use Legilimency on Slughorn? - Harry Potter Explained
D-yBJJni-Wc All 27 Members of Slughorn's SLUG CLUB - Harry Potter Explained
D0S6NW0Iu9I A NEW School of Magic Will Be in Fantastic Beasts 3 - Harry Potter Theory
D2Sft6NMt4k 5 Interesting PRISONERS of Azkaban in Harry Potter
DEL-7S4GqKs How and WHY Did Voldemort and Bellatrix Have a Child? - Harry Potter Theory
DG6mqX08YV0 Can a Hogwarts Student REFUSE the Sorting Hat's Decision? - Harry Potter Theory
DGhR1uxJPnI All Ways to Destroy a HORCRUX - Harry Potter Explained
DIDofxhbMSw 10 Things Movie Watchers Won't Know about Draco Malfoy - Harry Potter Explained
DRGLtS75C30 5 MOST POWERFUL Fire Spells in Harry Potter (RANKED)
DSKoZDF_nXA Why Dumbledore WANTED Sirius to ROT in Azkaban - Harry Potter Theory
DSTb5WyqeTE TOP 5 Most Powerful Wands in Harry Potter
D_TwCSRjeLU Voldemort's Horcruxes RANKED (Worst to Best) - Harry Potter Theory
DkZSFKZUQaM What Happened to George Weasley AFTER Fred Died? (+ALL Twin Differences) - Harry Potter Explained
Duo3vMuFTGU Which Evil Wizard Created the Inferi? - Harry Potter Theory
EE2IJ8lFbMM What Did Aberforth Dumbledore Do with Goats? - Harry Potter Theory
Ee5FNWWtzyQ Who Will Be the VILLAIN in Hogwarts Legacy? - Harry Potter Theory
EtEk9GmbaN4 What Happened to Hermione Granger's Parents? - Harry Potter Explained
EtW6r9n7bHQ Lily Potter's SECRET Letter to Sirius Black - Harry Potter Explained
EuMjq3V-5Pc The 5 Most Powerful GRYFFINDORS in Harry Potter (RANKED)
FOH_FlA5uXY Can TWO Voldemorts Exist at Once? - Harry Potter Theory
FTLlBUIYloc Every Single Wand Core Type (ALL 20) - Harry Potter Explained
FgK0RBEs5PA Artificial Intelligence Helped Write This Hilariously Absurd Chapter of Harry Potter...
G026_gvxf_o Why Harry's Scar Is a Lightning Bolt - Harry Potter Theory
G1Lj_xMXTYo The 5 Most Powerful RAVENCLAWS in Harry Potter (RANKED)
G2Dk1Y_SkIk How Did Dumbledore BLOCK Voldemort's Avada Kedavra to Save Harry? - Harry Potter Explained
G9ZwO3ohVUk Why Voldemort was Based on Adolf Hitler (+Blood Purity Explained) - Harry Potter Theory
GI18DmSSq3g Hagrid and Tom Riddle May Be in Fantastic Beasts 3 - Harry Potter News
GJxDEVZtQ9Y The Real Reason Neville Longbottom Was So Bad at Magic - Harry Potter Theory
GKFEklzK1gg Why Voldemort Didn't Have a Nose - Harry Potter Explained
GLcQ2Uz1uLo NEW Harry Potter TV Show: REAL or FAKE News? - Harry Potter Explained
GLiudZx0DzY How Does Hagrid's Umbrella Wand Work? - Harry Potter Theory
GWogGXqOWtU 3 Hogwarts Students Sorted TOO SOON - Harry Potter Theory
GjL4CpW78Os Fantastic Beasts 3 Filming Has BEGUN - Release Date (2021)
GjQWjQclC84 Can Dementors DIE? - Harry Potter Theory
GraSb500BCM Why Fleur Delacour Performed So Badly in the Triwizard Tournament - Harry Potter Explained
H3OmqRGU8Qk Is There a Hogwarts Graduation Ceremony? - Harry Potter Explained
H4V6V5B_IKE The 6 Most Powerful Dumbledore's Army Members (RANKED)
HB85l9jP_SY Will Dumbledore Be in Hogwarts Legacy? Everything We Know - Harry Potter News
HGX7iHd8u8I The CHAOTIC Early Life of Dumbledore (1881 - 1945) and His Rise to Fame - Fantastic Beasts Explained
HGX93zulI34 The Most EVIL Witch in Harry Potter: Gormlaith Gaunt - Harry Potter Explained
H_I24nYEYlA Why Was Remus Lupin so POOR? - Harry Potter Explained
HfN8Urlo5Cs The Resurrection Stone Is a PIECE of the Veil - Deathly Hallows + Harry Potter Theory
Hgte0CuqVGY The FIRST Horcrux Creator (Herpo The Foul's Story) - Harry Potter Explained
I38XkMpnJF8 Why Can't Harry See Thestrals until Order of the Phoenix? - Harry Potter Explained
IgnwSku4cK4 Every Character Voldemort Killed (In Order) - Harry Potter Explained
Ijv4eQEpv04 History of UNFORGIVABLE Curses and Why They're Unforgivable - Harry Potter Explained
ItIS2hx8hKU McGonagall's TOP 5 Most Powerful Spells & Abilities - Harry Potter Theory
IuHb8_ywIFc ALL Magical Diseases & Epidemics - Harry Potter Explained
J4ucPqkj-Qs The Most Horrifying Curse in Harry Potter - Harry Potter Theory
J561DjxxJ-Y What Hermione Would See in the Mirror of ERISED - Harry Potter Theory
J8yGyjGyn48 The Most Important Harry Potter Deleted Scene (Dudley's Redemption) - Harry Potter Explained
JAWS3whfW90 History of the Sacred 28 (All PURE Blood Families) - Harry Potter Explained
JGT8Et_FDYs 5 THEORIES from the Secrets of Dumbledore Trailer #2 - Harry Potter + Fantastic Beasts Theory
Jag9RTeIUWk Differences in Voldemort's Appearance: Book VS Movie
JfHnd4CzJwU The Bermuda Triangle Is a GIANT Veil - Harry Potter Theory
JneKbp5JXUo The 8 Most Powerful Witches in Harry Potter (RANKED)
JtNC4SKpVCw Who Will Replace Johnny Depp as Grindelwald in Fantastic Beasts? - Harry Potter News
Jz-Li9EOV9w 5 Things Harry Potter Books Did Better than the Movies - Harry Potter Explained
K-ag5_zktlk Top 10 Most Intelligent Harry Potter Characters (RANKED)
K-t1J9lTnfA Why Gringotts Released Gold to Sirius for Harry's Firebolt - Harry Potter Theory
K8bdKd-6SCE Is McGonagall in Fantastic Beasts a Harry Potter PLOT HOLE? - Harry Potter Theory
KMmxO2rbtLQ Why You Can't Say VOLDEMORT'S Name - Harry Potter Explained
KTL6U33O_Ac 10 HUGE Harry Potter Plot Holes (RANKED) - Harry Potter Explained
KZobUYuE_CM Why Voldemort's Horcruxes Are Just like Sauron's Ring - Harry Potter Theory
KgblE4bb2aE Why Snape Never Actually Died - Harry Potter Theory
KhYulSms6TA Voldemort & Harry Are RELATED? - Harry Potter Explained
KoY0dsJ124c Why DIDN'T Dumbledore Bail Sirius Black out of Azkaban? - Harry Potter Explained
Kplnf7fCOmU The MEANINGS of Spell Colours - Harry Potter Theory
KtWIujBXYAQ Top 10 Differences Between Fred and George WEASLEY - Harry Potter Explained
L4AQBABE91A 7 Slytherins That Weren't Evil - Harry Potter Theory
LIFyRWA0euU What If Harry Accepted Draco Malfoy's Handshake? - Harry Potter Theory
LcVX9iFBv_8 Why Harry WASN'T an Obscurial like Credence - Harry Potter Theory
LgBKrQAZcoQ The Life of Godric Gryffindor (POWERFUL Wizard + Hogwarts Founder) - Harry Potter Explained
Lgtfu4vdwcA Quirrell Tried to KILL Neville in the Philosopher's Stone - Harry Potter Theory
LuZ5aydI08Q Why Molly and Ginny Weasley Hated Fleur Delacour - Harry Potter Explained
LvPvNK7hbcg Fantastic Beasts 3: The Secrets of Dumbledore Won't Include This MAIN Character - Harry Potter News
LwglBy3CqEA Why Making Nagini a Horcrux Proves That Voldemort CAN Love - Harry Potter Theory
M2tN64hvD7M Why Harry DROPPED the Resurrection Stone in the Forbidden Forest - Harry Potter Explained
MBgAC7p66HY Jk Rowling Wrote a Harry Potter Prequel... (Not Clickbait)
MVw-SgeiyDA What Happened to the Dursley's AFTER the Deathly Hallows? - Harry Potter Theory
MevxFlksz-U Voldemort's BIG Lie to Nagini - Harry Potter Theory
MkrWz4ol2MU The Life of Salazar Slytherin (DARK Wizard + Hogwarts Founder) - Harry Potter Explained
Mu0iBWhq-zM The 15 Most EVIL Dark Witches and Wizards in Harry Potter History (RANKED)
MwLsschRAKg The 5 Most Powerful Death Eaters in Harry Potter (RANKED)
NPVzbd-V-pk Voldemort's Top 5 Most Powerful Spells and Abilities (RANKED) - Harry Potter Theory
NSkQjGbyQP0 Why Voldemort Never Allowed Fenrir Greyback to Join the Death Eaters - Harry Potter Explained
NUDbjjYsEdI Hogwarts Legacy Gameplay Footage REVEALED (+Release Date and FAQ) - Villain REVEALED!
NUZrqKa15P4 Why Did Snape Agree to the Unbreakable Vow? - Harry Potter Explained
Nnj38svBtok Hogwarts Legacy Game UPDATE (Release Date) - Harry Potter News
NthqkJeMZ3o Is Harry Really the ONLY Student with Glasses? - Harry Potter Explained
O-aUQLnaqNE The Issue with Dobby's Death (BOOK vs MOVIE) - Harry Potter Explained
OFoGxwUivdI The New Gellert Grindelwald CONFIRMED (to Replace Johnny Depp) - Harry Potter News
ORu8H1dyRmM Snape Was an Animagus - Harry Potter Theory
OZEsm7RTI_M The Sorting Hat Can See the FUTURE - Harry Potter Theory
OpAHsFT0plY How Dudley Dursley MARRIED Cho Chang - Harry Potter Theory
Oy71QaNLT2M The REAL Reason Dumbledore Never Bailed Sirius out of Azkaban (+Why No TRIAL) Harry Potter Explained
P0lrQ9HGkME The Story of Merwyn (Voldemort's Ancestor?) - Harry Potter Theory
P4lV0Oj2HIw Why Voldemort Called Peter Pettigrew 'Wormtail' - Harry Potter Theory
P7l1FTw6K-I Mrs.Norris is a MALEDICTUS - Harry Potter Theory
PHoZMECxAdY Hogwarts Legacy - More NEW Info and Characters We Might See (Harry Potter News)
PXSuEiKecAw Why Harry Didn't LIVE With the Weasley's - Harry Potter Explained
PYK-BcAcG_0 What Dumbledore's FIRST Wand Was Made of (+ How He Beat Grindelwald) - Harry Potter Theory
PmCpzQ99fhA Mads Mikkelsen Addresses Grindelwald Rumors - Fantastic Beasts News
PqnCT0Un35I One of McGonagall's BEST Lines (Not in Movies) - Harry Potter Explained
Q1wjqmBweJo How Expelliarmus Beat Voldemort's Avada Kedavra - Harry Potter Explained
Q4DfiNAOTXs Sorting the Dursleys in to Hogwarts Houses - Harry Potter Theory
Q7Lx14Tr6fM What KILLED Sirius Black? What Happened to Him? - Harry Potter Explained
QH0QxQp4ivA How Dumbledore Knew about Frank Bryce's Death - Harry Potter Explained
QKywhGJNLzY Why Didn't They Use Liquid Luck in the Battle of Hogwarts? - Harry Potter Theory
QO5ltMleJQ4 The First EVER Sketch of the Dursley's by JK Rowling - Harry Potter History
QPpRkCymwy0 50 Character BOGGARTS - Harry Potter Theory
QVRLNRXBeBM Why Snape's Avada Kedavra Was BLUE When He Killed Dumbledore - Harry Potter Theory
Qd2LJFounKE How Did Vincent Crabbe Cast Fiendfyre? - Harry Potter Theory
QuqurfB_6YY What Happened to Fenrir Greyback after the Deathly Hallows? - Harry Potter Theory
QvjQqht9YkY Wand Selection at Ollivander's in Universal Studios
QxnjhsnEnQs 10 Things Movie Watchers Won't Know about Minerva McGonagall - Harry Potter Explained
QzkRsxw1vFU Why Hermione Wasn't in RAVENCLAW - Harry Potter Theory
REvwyEwWGDc How Long Do Witches and Wizards LIVE? - Harry Potter Theory
RTZZqnfuIh8 Why Hermione HATED Divination so Much - Harry Potter Explained
ReQEKN9D2zc Who Were the Four Founders of Hogwarts? - Harry Potter Explained
Rgitk5qsX9s Harry Potter and the Mirror of Erised (2021)
RpbSw4hQDkg 10 Harry Potter Fan Theories That Were Actually True - Harry Potter Explained
Rsrhr4B9Q1g The 5 BIGGEST Mistakes These Hogwarts Professors Made - Harry Potter Explained
RuAjwBBHHec What Happened to THESE 10 Characters AFTER the Deathly Hallows ? (Part 3) - Harry Potter Explained
S-fdf-JDin4 Umbridge and Filch Are RELATED - Harry Potter Theory
SICfvdsZlis Mads Mikkelsen to Replace Johnny Depp as Grindelwald in Fantastic Beasts 3 - Harry Potter News
SIea695pPN4 Harry Potter VS Lord of the Rings: Which Magic Is More Powerful?
Sg8x30vdcqw Why Harry Made a Mistake with the Elder Wand (BOOK vs MOVIE) - Harry Potter Explained
Sy3fKCXo-9w Sorting Gellert Grindelwald in to a Hogwarts House - Harry Potter Theory
SzP6ZtRyk6U What Happened to These 10 Characters AFTER the Deathly Hallows? - Harry Potter Explained
T1yvUNuCtn0 What Is Antonin Dolohov's PURPLE Curse? - Harry Potter Theory
TAxZTU4uXWg What Made Nagini EVIL? Was It Becoming Voldemort's HORCRUX? - Harry Potter Theory
TG66VN8VLao Jude Law REVEALS Release Date for Fantastic Beasts: Secrets of Dumbledore TRAILER #2 (and More)
TRFr7cqdoPQ How Much Did Harry's Firebolt from Sirius Black Cost? - Harry Potter Theory
T_TLlTpLPb8 Why Narcissa Malfoy LIED to Voldemort about Harry - Harry Potter Explained
TjzKV0g3pVc What Were Hagrid's Duties? Who Was His Predecessor? - Harry Potter Explained
U9ed4242oHs What DRACO Malfoy Would See in the Mirror of Erised - Harry Potter Theory
UCxiHMgdLV8 How Much Does Hogwarts Cost? - Harry Potter Explained
UD1s6p47IMI The DARK Professor of Hogwarts (Goblet of Fire Mistake) - Harry Potter Theory
UDAlzDyDfMw When a Patronus Goes BAD (The Story of Raczidian) - Harry Potter Explained
UDaI3QU1tZc The 10 Most Powerful WANDS in Harry Potter (RANKED)
UERFvkGV0AM The Origins of Wizardkind (+How They Compare to Humans) - Harry Potter Explained
UFF-o2Rc18A Is Credence's Phoenix FAWKES? Or a NEW Phoenix? - Harry Potter Theory
UyMKN_jlRFw HOW Does Dumbledore Break the Blood Pact with Grindelwald? - Harry Potter Theory
VEGi_dXqk1s What Happened to Hagrid's Brother Grawp after the Deathly Hallows? - Harry Potter Theory
VZ8moC8_w1w What Is Dumbledore's BIG Secret? - 3 Theories (Fantastic Beasts 3)
Vh-s_zytdMI Can Avada Kedavra Kill DRAGONS? - Harry Potter Explained
Vm64esasSVQ What Did Dumbledore Want in Return from Snape? - Harry Potter Explained
VuTZZCmzMf0 The Story of Voldemort's POWERFUL Witch Ancestor (Founding of Ilvermorny) - Harry Potter Explained
W4gRk8UCOUs Why Dumbledore Pleaded with Snape Before Death - Harry Potter Explained
W7D8DuBB7Nc WHO Was the Oldest Wizard in Harry Potter History?
WFozaQlUKyA 7 Things Movie Watchers Won't Know about the Weasley's - Harry Potter Explained
WIKAwbJBH_s 15 Unpopular Harry Potter Opinions (from the Internet) - Harry Potter Explained
WRwVwtslWKs Is It PHILOSOPHER'S or SORCERER's Stone? - Harry Potter Explained
WaOd-2AMfcY The Story of Morgana Le Fay (The Most Powerful Witch) - Harry Potter Explained
WaneiMjKCCk 7 Actors NEARLY Cast in the Harry Potter Films
WfVY4iUxhoc What Bellatrix Lestrange Would See in the Mirror of Erised - Harry Potter Theory
WoFllmLiZ9A What Would Hagrid See in the Mirror of Erised? - Harry Potter Theory
WtBtLoDnv_E Why Dumbledore Was a SECRET Animagus - Harry Potter Theory
X1aJrb77014 Why Didn't Umbridge Use MAGIC on Grawp? - Harry Potter Theory
X3yxS5c8fms Who Was the RICHEST Witch / Wizard? - Harry Potter Theory
X4PjzTxMF5g Harry Potter's Top 5 MOST POWERFUL Spells - Harry Potter Theory
X67NQc-RvXk Which Hogwarts Founder Was Most POWERFUL? (RANKED) - Harry Potter Explained
X9nhLDfsur8 The Hand of Glory Is REAL - Harry Potter Explained
XF_aWHwNfco Why Voldemort's Avada Kedavra LOST to Harry's Expelliarmus - Harry Potter Explained
XT_uc1juMl4 A MASSIVE Mistake in the Goblet of Fire EXPOSED - Harry Potter Explained
XZSTg3YxYc0 What Voldemort Would See in the MIRROR of Erised - Harry Potter Theory
X_ev0awodAQ Every Single Wand Wood Type (ALL 38) - Harry Potter Wandlore Explained
Xk77DIZhy-Q What Voldemort Nearly Looked like in Harry Potter (Unused Design)
Y6xRINomL3g How Much MONEY Did the Harry Potter Films Make? (2001 - 2018)
YArXCyj1sOM ALL the Times Dumbledore Was WRONG \u2013 Harry Potter Explained
YDvolk7djQw What Happened to Voldemort after He Died? - Harry Potter Explained
YFs2vBfHGcw Why Dumbledore Said 'After All This Time?' to Snape - Harry Potter Explained
YHOsJN2isdg Harry Potter: Hogwarts Tournament of Houses (ANOTHER New Show) - Harry Potter News
YLOiANvRRQs What Happened to Lavender Brown? Did She Die? - Harry Potter Theory
YOe6s8-UeIE The LOST Horcrux (The Opal Necklace) - Harry Potter Theory
YPJ3jkUK7CQ What Is Voldemort's Patronus? Can He Cast One? - Harry Potter Theory
YSF35WLCVoE Why Harry Potter's POWER Was VERY Overrated
YSiGveDiNcM Why Didn't the Marauder's Map Show Moody or Barty Crouch Jr? - Harry Potter Explained
YpuRUqg_ghY The Life of Helga Hufflepuff (+WHY She Was the Most Important Founder) - Harry Potter Explained
YrEMBXP3VC8 When Did Hermione Find out That She's a WITCH? - Harry Potter Explained
YxqsSLz_td8 The Ghosts of Hogwarts and Their Stories - Harry Potter Explained
Z9ZHBBQYQqE Who Taught ALBUS DUMBLEDORE? - Harry Potter Explained
Zb1wLdwl3Hc The Story of Nicolas Flamel (The Immortal Philosopher) - Harry Potter Explained
ZfSgJW9x2l8 Did JK Rowling Write the Cursed Child? Is It CANON? - Harry Potter Explained
ZkarUzXaGGs Harry Potter: Return to Hogwarts (NEW Show + Harry Potter Cast Reunion!)
ZmGfnjKZhKM A DEEPER Meaning to Harry's Scar - Harry Potter Theory
ZuuzOPnXk9o Why Professor Flitwick Looked SO Different - Harry Potter Explained
_4CbNijueKI New Harry Potter HBO Show CONFIRMED (But Not What We Expected) - Harry Potter News
_5eozVxl2WU Why Dumbledore Wasn't in the Forbidden Forest (With the Resurrection Stone) - Harry Potter Explained
_7HohoXcFeI Newt Scamander Gave Aragog to Hagrid - Harry Potter Theory
_DnZj9_K6Ms Why Harry DIDN'T Use Avada Kedavra on Voldemort - Harry Potter Explained
_eUZKr9h2Yc Is Voldemort IMMUNE to the Basilisk's Gaze? - Harry Potter Theory
_g2QtShBcE0 The 5 Most Powerful SLYTHERINS in Harry Potter (RANKED)
_kf9l4gvTrk How Harry's Horcrux CHANGED the Dursley's - Harry Potter Theory
_lE_fgOV1OE Did Dumbledore Ever KILL Anyone? Death Eaters? - Harry Potter Theory
a1G1ewnRRaI Why the Weasleys Are So Poor - Harry Potter Explained
a1u4q2ttMMk WHERE Is Nagini in the Secrets of Dumbledore Trailer? - Fantastic Beasts 3
a43J_PRcNQ4 Why Madam Hooch Had YELLOW Eyes - Harry Potter Theory
a7QLx-Ck5no How Spells Are Created - Harry Potter Theory
aBeSkb_BObQ Which Harry Potter DRAGON Is Most Powerful? (Top 7 RANKED)
aDNdX1EKMRo TOP 5 MOST POWERFUL Defensive Spells in Harry Potter
aMaUj6x9uXI Harry Potter Was NOT a Horcrux - Harry Potter Theory
aOIfpztr570 The 10 Most Powerful BEASTS in Harry Potter (RANKED)
aQCj0lcGa44 Fantastic Beasts 3: The Secrets of Dumbledore (2022) \u2013 FULL TRAILER HD
alGAbDhdBtc The Most IMPORTANT Day in Harry Potter History - Harry Potter Explained
amITI3zBKhE Neville's Remembrall: What Did He Forget? - Harry Potter Theory
b-ZVXb1VvZA Why Avada Kedavra is GREEN - Harry Potter Theory
b0M8FvsVy1Y Harry Potter Durmstrang Live Performance at Universal Studios
b6R6rOhxNaU Why Harry Was Left with the DURSLEYS - Harry Potter Explained
b9uNzLPQ45I What Spell Were Sirius and Lupin Going to Kill Peter with? - Harry Potter Theory
bCTa3ekLaqE Why Newt Scamander Was on the Marauder's Map (Easter Egg) - Harry Potter Theory
bNGoRfJJlJI Newt Scamander's Patronus - Harry Potter Theory
bSRwJyaUwWE The History of Wands (All Wand Cores, Woods and MORE Explained) - Harry Potter Wandlore Explained
bYvypSg9z-Q What If Snape Never Killed Dumbledore and Joined Him - Harry Potter Fan Fiction
bgek5armS1o Did Snape Ever Murder Anyone as a Death Eater? - Harry Potter Theory
btbaOThMIUU Why Sectumsempra Isn't an UNFORGIVABLE Curse - Harry Potter Theory
c5VwetbQjQU Russian Hogwarts: Koldovstoretz - Harry Potter Explained
cCOzD-HvauQ New Harry Potter Film? J.K Rowling Teases Sequel in Cryptic Tweet
cPbhAvEsGQM Were Ron and Hermione Affected by Harry's Horcrux? - Harry Potter Theory
cgm08GzBlyU The 5 Most Powerful HUFFLEPUFFS in Harry Potter (RANKED)
cl09Ua-ZHV8 In Defense of Salazar Slytherin (+Why He Left Hogwarts) - Harry Potter Explained
clLIKlvcWik On This Day in Harry Potter History... (May 2nd)
cpp5jTwXJyE Why Didn't the Basilisk DESTROY the Horcrux in Harry? - Harry Potter Explained
ctwhFbC3DDU Voldemort POSSESSED A Fetus? - Harry Potter Theory
cuTvMN9kQvw Was Dumbledore Actually...EVIL? - Harry Potter Theory
cxK8UUeA-Ew What Happens If You REFUSE to Participate in the Triwizard Tournament - Harry Potter Theory
dOEh2jCQ0Jo Hogwarts Legacy - Official Reveal Trailer | PS5 REACTION
dPzF1MbTRkE All the Reasons WHY the Dursley's Hated Magic - Harry Potter Explained
dfIGaPk4O6Q Hogwarts Legacy NEW Release Date - Harry Potter News
diYVfUjFSyg AT HARRY POTTER LAND
dmpRg10ZmGQ The RARE Instrument Behind Hedwig's Theme - Harry Potter Explained
dnoGybiC5cM Will Colin Farrell Replace Johnny Depp as Grindelwald in Fantastic Beasts? - Harry Potter News
doiXnDjO6Z8 Why Voldemort Couldn't Feel LOVE - Harry Potter Explained
e0MQaR6fMG4 The Story of Sybill Trelawney (Her Entire Life) - Harry Potter Explained
e1E9G7U0lFs Why Dumbledore Was NEVER Owner of the Elder Wand - Harry Potter Theory
eL3Qu_N2QGU How Dumbledore BEAT Voldemort's Avada Kedavra (Book Vs Movie) - Harry Potter Explained
eM7E93np-aw Mads Mikkelsen Talks Replacing Johnny Depp as Grindelwald in Fantastic Beasts - Harry Potter News
eQfRQDCVdH0 5 Ways James Potter and Draco Malfoy Are the SAME - Harry Potter Theory
eXd4G49rMP8 What Decides Your Patronus Animal? - Harry Potter Explained
eXhHCcHtjFs Grindelwald's 8 Most POWERFUL Spells & Abilities - Harry Potter Theory
e_ou9XiPRmI History of the Ministry of Magic (+ALL Departments) - Harry Potter Explained
ebMuwNObfV4 Harry Potter and the Waitress of Treats Cafe (+Ginny Weasley BOOK vs MOVIE)
edkZY1wRHv4 7 Things Movie Watchers Won't Know about Sirius Black - Harry Potter Explained
edsQNvISN4g How Dumbledore Knew to Take Trelawney's First Prophecy Seriously - Harry Potter Theory
ehYNv5S2xrs The Evil Russian Wizard That Inspired Voldemort's Horcruxes - Harry Potter Theory
eiez5VNUQpo Did the Triwizard Tournament Continue after 1994? - Harry Potter Theory
ejP4OMi2Dko ALL 10 Dragon Types in the Wizarding World - Harry Potter Explained
eoFQDGHUoxo The MISSING Weasley Child (a Slytherin?!) - Harry Potter Explained
eqKaqec0RoE What Happened to THESE 10 Characters AFTER the Deathly Hallows ? (Part 2) - Harry Potter Explained
estaWkrcke0 Fantastic Beasts 3: Secrets of Dumbledore Trailer 2 BREAKDOWN + Easter Eggs
evuCfgFm11k The 8 Most Powerful OFFENSIVE Spells in Harry Potter (RANKED)
ez6Dlns8RGI How Fred and George Weasley Knew the Marauder's Map Password - Harry Potter Explained
f86AKyKUeec Why Did Snape STUPEFY Flitwick? - Harry Potter Explained
fA7kMnRtigc Top 10 Most HATED Harry Potter Characters (RANKED)
fcurGFQ58us I Have Something to Say to You All...
ft4sTtT_7zY What If Harry's Sectumsempra Killed Draco Malfoy? - Harry Potter Theory
fzGbya2J5t8 How Dumbledore FOUND Tom Riddle - Harry Potter Explained
g17n7mLRVxw 20 Harry Potter Character Wands (+ Their Meanings) - Harry Potter Explained
g2zTZ3myle4 Can Hogwarts Professors HIT Students? - Harry Potter Explained
g7ExmeVqsP4 10 Things Movie Watchers Won't Know about Dumbledore - Harry Potter Explained
gDF8vlXcExY The 5 Most Powerful AURORS in Harry Potter (RANKED)
gFzWmwh3VdI Warner Bros. Sent Me Something...
gOHZsCKY4iU Can Grindelwald Cast a PATRONUS? What Is it? - Harry Potter Theory
gUsT-UrXvm8 Why Peter Pettigrew Joined the Death Eaters - Harry Potter Theory
gYrWAvCcCWg The Story of Minerva McGonagall (Her Entire Life) - Harry Potter Explained
gfRL8WgDBAs What Severus SNAPE Would See in the Mirror of Erised - Harry Potter Theory
gj917uwOpPU How Did Voldemort Get His Body Back? - Harry Potter Explained
h2c9Nk6EFpo What Being in Azkaban DOES to Prisoners - Harry Potter Explained
h3UJVNXoS-k Secrets of Dumbledore Teaser BREAKDOWN and Easter Eggs - Fantastic Beasts 3
hNV_0oSNjJY How Dumbledore Became Owner of the Elder Wand - Harry Potter Explained
hRhbsueRb8w How FAST Are Brooms? Faster than a Lamborghini? - Harry Potter Explained
hh4FX4o3igo Ginny Weasley Gave Harry a Love Potion - Harry Potter Theory
hqdH5Fl9n9s 5 Most Important Things Dumbledore Said to Harry - Harry Potter Theory
huTvH3Cx9HQ What the Hogwarts Motto ACTUALLY Means - Harry Potter Explained
hxbIUwfqdcU Snape VS McGonagall.. Who Is MORE Powerful? - Harry Potter Theory
i3cuXQP_Lu8 I have something to say...
i3rUIha8pdw Why Dumbledore WANTED Harry to Reach Voldemort in the Philosopher's Stone - Harry Potter Theory
i3zi6iGapbY harry potter lofi - beats to chill/study/relax to (rainy ambient hogwarts)
i9At3dRemZg The 15 Most POWERFUL Potions in Harry Potter (RANKED) - Harry Potter Theory
iECsZnwmhGs Getting SORTED in to My Hogwarts House! - Harry Potter Wizarding World QUIZ
iHa7ZGCGtkU What Happened to Hagrid after the Deathly Hallows? - Harry Potter Explained
iMEEFbxQ2v4 Fantastic Beasts 3: The Secrets of Dumbledore (EVERYTHING We Know)
ikRmX2bMIK0 Was Nagini the Snake from the Zoo in Philosopher's Stone? - Harry Potter Explained
ipg9VRoywnw Did Merlin Go to Hogwarts? When? Which House Was He In? - Harry Potter Explained
j1xQaXn0-ys Is Santa Claus a REAL Wizard? - Harry Potter Theory
j6NcDzmsw3Q ICONIC Filming Locations in Harry Potter and the Philosopher's Stone
j7uKW8SJfLg The REAL Hogwarts Houses of 15 Harry Potter Actors - Harry Potter Explained
jDLK0v-u0fM Why Snape Never Figured out Voldemort's Horcruxes - Harry Potter Theory
jLMZAaB25r4 Jude Law Speaks on Johnny Depp's Resignation from Fantastic Beasts 3 - Harry Potter News
jZ8SmRdfehs Harry and Ron's DELETED Scene Revealed in Chamber of Secrets - Harry Potter Explained
jgoH0q7viz4 WHY Was Harry Potter so RICH? - Harry Potter Explained
jgpyDE5HwfQ Why Voldemort Drank UNICORN BLOOD - Harry Potter Explained
jiVhB1tPIiQ How FAR Can Wizards APPARATE? - Harry Potter Explained
jt81Z0_cnhk What Happened to Draco Malfoy after the Deathly Hallows? Did He Change? - Harry Potter Explained
jyyhTscNVh8 Who Were Harry's Grandparents? How Did They Die? - Harry Potter Theory
k5Ky5FT-W2A Evolution of Harry Potter Game Trailers (2001-2021 Hogwarts Legacy)
k683-nIaQ4o Why Didn't Voldemort Question Snape's LOYALTY in the Philosopher's Stone? - Harry Potter Explained
kM45LvYDPks The STRANGEST Harry Potter CANON You'll Ever Hear - Harry Potter Explained
kdHDls65pII Why Dumbledore Told People to Say Voldemort's Name - Harry Potter Explained
kk9EL5prtA8 All 7 Spells Severus Snape CREATED - Harry Potter Explained
ksO-mTq54Hc The FIRST 3 Animagi in History - Harry Potter Explained
kwBJv7xw5AY Hogwarts Legacy UPDATE 2022 (First Gameplay Footage + Release Date + State of Play)
kwRiHc7N4Wk 10 Most HEARTBREAKING Scenes in Harry Potter (RANKED)
kwSWl_LLorQ HOW Avada Kedavra Kills You - Harry Potter Theory
l2FOsdlZ9Cg How Ron Spoke Parseltongue in the Deathly Hallows - Harry Potter Theory
l5_kYVCA9sE Ranking Defense Against the Dark Arts Professors from Worst to Best - Harry Potter Theory
l5hb4XWMJLQ The Life Story of Dolores Umbridge - Harry Potter Explained
lJbAuRsLZag Why His Name Is VOLDEMORT - Harry Potter Theory & Etymology
lZbeERFh6pw Was Severus Snape a VAMPIRE? - Harry Potter Theory
le8Ka5DLL3M Harry Potter CANON Events in the Hogwarts Legacy Timeline (Late 1800s)
lh7-9e8FTyA Why Death Eaters DIDN'T Create Horcruxes - Harry Potter Theory
m6KTQvI9dQQ How Snape Made Sectumsempra and HOW Spells are Created - Harry Potter Theory
mBeR9-uMGzs Why Don't Wizards Use MULTIPLE Wands? - Harry Potter Theory
mRomTTJ3-AQ Harry, Ron, and Hermione REUNITED in Gryffindor Common Room (HBO Max Return to Hogwarts First Look)
mcXqoBUQM2k Why Peter Pettigrew Was in GRYFFINDOR - Harry Potter Theory
mj_jXtXj5sA What Happens if You Break an Unbreakable Vow? - Harry Potter Explained
mlmZ9s1N83E Why James Potter's Loving Sacrifice Didn't Protect Lily from Voldemort - Harry Potter Theory
mvDvP2lze5M The Malfoys Were RICH Because of Muggles?! - Harry Potter Explained
n063LLyUB9c What If Draco Malfoy Was in GRYFFINDOR? - Harry Potter Theory
n6djD0ortg0 Why Don't Witches and Wizards Use GUNS? - Harry Potter Theory
nAXH8_CQBkk Why Wasn't DUMBLEDORE Secret Keeper? - Harry Potter Explained
nKbIVW4-4JQ Why Didn't Snape Kill Voldemort to Buy Time? - Harry Potter Explained
nUmmkVunhAw How Much Do Hogwarts Professors MAKE? - Harry Potter Theory
nh32HwBhcuQ What Happened to the Malfoys AFTER the Deathly Hallows? - Harry Potter Explained
nhL8ji5bQ58 The History of Every MAGIC School in the Wizarding World (All 11) - Harry Potter Explained
njFxjUqwEu4 ALL 21 SUBJECTS Taught at Hogwarts - Harry Potter Explained
nq6hIdsy8jg Why Grindelwald's Eyes Are Different Colours - Harry Potter Theory
o4x2ODiCdsc Why Dumbledore Actually Did See Socks in the Mirror of Erised - Harry Potter Theory
o6kiXN_Z_rY What Nagini Thought of Voldemort & How They Met - Harry Potter Theory
o7FRe1JR4Y4 ALL 36 Ministers for Magic and How Elections Work - Harry Potter Explained
o8FqDB8Wmn8 What Happened to FAWKES When Dumbledore Died? - Harry Potter Explained
oFh0rI1T5Bo What Harry REALLY Saw During the Dementor Attack - Harry Potter Theory
oMK-LZR2bps 20 Ways Harry Potter MOVIES Are Better than the BOOKS
of5oHW9fkd4 The Bloody Story of the Elder Wand (All Owners) - Harry Potter Explained
ooHDhGmPCFk 25 Harry Potter Behind the Scenes SECRETS
p47vizxnssU ACCIO All Subscribers...
pAcosBoO9Ys Who Was Voldemort's Daughter? Who Was Her Mother? - Harry Potter Explained
pC3AT8ODDMk Why Snape Hid Gryffindor's Sword in an ICY Lake - Harry Potter Explained
pCkR65dKKJs 4 NEW Harry Potter Books Being Released - Confirmed by JK Rowling
pDmHtk6XvgY Was DEATH from the Deathly Hallows a Wizard? - Harry Potter Theory
pIuXQvmtDT0 4 Harry Potter Prequels I Want Made (Marauders, Hogwarts Founders, Dumbledore, Voldemort Origins)
pVvzIgyPS38 Voldemort VS Dumbledore - Who is More POWERFUL?
pj9phwFh9L8 RARE Unseen Extra Footage from the Secrets of Dumbledore Trailer (Ariana Dumbledore?!)
pr7H2PDpWdc What the Harry Potter Films Were SUPPOSED to Look Like: Concept Art Analysis for Chamber of Secrets
psLH73_r_aM The 10 Darkest Creatures in Harry Potter (RANKED)
pwUk5e1WjW8 Why Peeves Wasn't in the Movies - Harry Potter Explained
q0fGxm29lAk Dolores Umbridge Was RELATED to a Death Eater - Harry Potter Theory
qYZ-drCzaoU Secrets of Dumbledore Trailer BREAKDOWN and Easter Eggs - Fantastic Beasts 3
qfVYouZRfLM Can Mad-Eye Moody See Boggarts in Their True Form? - Harry Potter Theory
qhDa4p1D3p8 Bellatrix Used a Love Potion on Voldemort - Harry Potter Theory
qk4KcVS7iRc Fantastic Beasts 3... What's the TITLE? - Film Theory
qssZQv-F4w0 My Predictions for the NEW Harry Potter TV Show (Dumbledore Origins)
qyzWVl0b9Jc Can a Muggle BECOME Magical? How? - Harry Potter Theory
r44AWwTaVP0 What Wizarding Children Do BEFORE Hogwarts - Harry Potter Theory
rfUj5mD6Pnc Why Dumbledore HIRED Gilderoy Lockhart - Harry Potter Explained
rrfP2sezUto Petunia Dursley's BIGGEST Secret - Harry Potter Explained
rsNs0fAUa7Y What If Snape Had Been Harry's FATHER? - Harry Potter Theory Fan-Fic
sDfFN-WRbVw Who Created the Sorting Hat? What Were the Alternatives? - Harry Potter Explained
sF1CKlGczbM Did ALL Death Eaters Come from Slytherin? - Harry Potter Theory
sMlwvcZuhas The SADDEST Harry Potter Theory You'll Ever Hear (Harry Was a Dursley?)
sSmvo2BIw7Y Why Dumbledore Is ALIVE and How Snape FAKED His Death - Harry Potter Theory
sZjT7xLq9AU Hogwarts Legacy LEAKED Gameplay - Harry Potter News
skLqiX3csQw Why Didn't Harry Give the Weasleys Money? - Harry Potter Theory
sqigIWngyn8 Dumbledore's SECRET Letter to Grindelwald - Harry Potter Explained
stb--AnOt1c Everything the Harry Potter Films Missed Pt 1: The Philosopher's Stone
tIs_x96wEF0 Voldemort's HORCRUX Inside of Hogwarts (Easter Egg) - Harry Potter Theory
tT7k2jp8lqc Did Voldemort Know That Dumbledore Was CURSED? - Harry Potter Explained
tUlrgh7IHmY Why Didn't Snape Recognize the Marauder's Map in Prisoner of Azkaban? - Harry Potter Explained
tXqzhgx8RA0 Was Hagrid EVER Able to Perform Magic Again? - Harry Potter Explained
tpUcuFePyRU Why Didn't Quirrell Lose His Arm When He Shook Harry's Hand - Harry Potter Explained
twqMeO6G4Bw Hagrid's Strange Expulsion from Hogwarts - Harry Potter Explained
uPpYwWE7iYM The 10 Most Powerful PURE-BLOODS in Harry Potter (RANKED)
uScb2m3ZjOc Herpo the Foul Is ALIVE  (+His Horcrux Revealed) - Harry Potter Theory
uWPIiocz7KA Top 10 Horrifying Dementor Facts You Won't Know (+ Origins) - Harry Potter Explained
ubm5wjXB8PY 5 Things Movie Watchers Won't Know about Voldemort - Harry Potter Explained
uogH3nrABk0 How Much Is Wizarding Money WORTH in the Muggle World? - Harry Potter Explained
uv3qSywFcgU Voldemort VS Grindelwald.. Who Is MORE Powerful?  - Harry Potter Theory
vSyb256kWfk Differences Between Curses, Charms & Spells - Harry Potter Explained
vgxOnLIlBsk Trelawney Predicted Dumbledore's Death in Prisoner of Azkaban - Harry Potter Theory
vtxusOcftDk Why Didn't VOLDEMORT Create MORE Horcruxes? - Harry Potter Theory
w0BPMw_dQCo Harry and Sirius Black Are Actually Blood Related - Harry Potter Theory
w1Ov6Asb9O0 Why Snape's Office Password Was 'Dumbledore' - Harry Potter Theory
w1Y1F0alt68 How Horcruxes Changed Tom Riddle's Appearance - Harry Potter Explained
w7JZcuDc2c8 How Much Did Hermione AGE in Third Year? - Harry Potter Theory
w93Gd4FUcHI How Did Harry Survive Voldemort's Avada Kedavra in the Forbidden Forest? - Harry Potter Explained
wGX0-G8J-mw How to Join Voldemort's Death Eaters - Harry Potter Theory
wHTP0jxMAsI Top 6 Most POWERFUL Order of the Phoenix Members (RANKED) - Harry Potter Theory
wSGIY5dtHX4 How Did Harry RETURN from Death? - Harry Potter Explained
wVpK6JordsI What Happened to the Weasleys after the Deathly Hallows? - Harry Potter Explained
wjV4RiqajNA Why Snape Didn't Defend Himself Against Nagini - Harry Potter Theory
x0MEwzJxqV8 EVERY Known Flavour of Bertie Bott's Beans - Harry Potter Explained
x0iyFEMX_Co What If Cedric Diggory Never Died - Harry Potter Theory
xG_4nWGUMuY What Happened to Gilderoy Lockhart? - Harry Potter Explained
xMnRCVRO5oU Why the Death Eaters Accepted Voldemort as a Half-Blood - Harry Potter Theory
xUcS7z3wAkM The Next ANTIHERO (Why Credence Looks like SNAPE) - Fantastic Beasts 3: Secrets of Dumbledore Theory
xe2SPQX2_eQ 5 Spells SO EVIL Even Dark Wizards FEAR Them - Harry Potter Explained
xwt9GGhhSKM Why Voldemort Wasn't STOPPED with a Time-Turner - Harry Potter Theory
y929IDCubAg Fantastic Beasts 3: Secrets of Dumbledore - Ilvermorny (American Hogwarts) to Appear!
yQ6E12lM-Zk The RICHEST Wizard in Harry Potter (You'll Never Guess) - Harry Potter Theory
yS6lOUF8yoU Who KILLED Dumbledore's Sister Ariana? What Happened to Her? - Harry Potter Theory
y_SJ43mxBiI The HIDDEN Meanings Behind Dumbledore's Name - Harry Potter Explained
ya1qFda377I Where Did Dumbledore Go in the Order of the Phoenix? - Harry Potter Theory
ydXZzzOKfVY Harry Potter Theory Q&A - Answering Subscriber Questions (PART 1)
yv0_V884rtw What McGonagall Would See in the Mirror of ERISED - Harry Potter Theory
yyPM5cpMSWs What is Lucius Malfoy's PATRONUS? - Harry Potter Theory
z5vao8h_W1U Johnny Depp (Grindelwald) FIRED from Fantastic Beasts 3 - Harry Potter News
z6mq7Rf9Xv0 What Happened with Hagrid and Madame Maxime? - Harry Potter Explained
zEwgBFPzJVc What Happened to Luna Lovegood after the Deathly Hallows? - Harry Potter Explained
zJtYWXPgNDg Was Lucius REALLY Going to KILL Harry? - Harry Potter Explained
zLEMMHKKYlM The REAL Reason Voldemort Visited Grindelwald - Harry Potter Explained
zZANmh83SQI Will QUEENIE be EVIL in Fantastic Beasts: the Secrets of Dumbledore? - Harry Potter Theory
zfYJez_E8YI The 5 RICHEST Wizards in Harry Potter (RANKED) - Harry Potter Theory
zk7u3LGhmYo How Lockhart Caused Quirrell's DEATH - Harry Potter Theory
zvYHNVqIYLY How Ron Weasley Knew That Voldemort Was in Slytherin - Harry Potter Explained
zyX4BPevQOI Why Didn't Tom Riddle KILL Harry in the Chamber of Secrets? - Harry Potter Explained
zzHEDWJ-YE8 What If Harry Potter Had Been a Girl? - Harry Potter Theory Fan Fic
