-A-X3aUYkDs Hugging Face + Google Sheets Demo
-RPeakdlHYo Data Collators: A Tour
-n2sDYCFizM Increasing Data Usage in Natural Language Processing
00GKzGyWFEs Welcome to the Hugging Face course
0E7ltQB7fM8 Inside the Token classification pipeline (PyTorch)
0K5ybetv-dA Sentiments & Biases with Vincent Warmerdam
0Oxphw4Q9fo What is domain adaptation?
0_4KEb08xrE Transformer models: Encoder-Decoders
0u3ioSwev3s Preprocessing sentence pairs (PyTorch)
1ATVsyBxu1I Chapter 4 live sessions with Omar
1JvfrvZgi6c \ud83e\udd17 Tasks: Translation
1m7BerpSq8A Data processing for Summarization
1pedAIvTWXk What happens inside the pipeline function? (PyTorch)
3bSVKNKb_PY Build and Deploy a Machine Learning App in 2 Minutes
3umI3tm27Vw Fast tokenizer superpowers
4IIC2jI9CaU What is normalization?
5PkZ4rbHL6c Using a debugger in a terminal
5xKsrc2L6XQ Otto - \ud83e\udd17 Infinity Case Study
6NTHvcXAl90 Hugging Face Course Event Day 1
7PhlevizVB4 Welcome to the Hugging Face course
7eaBs2BAdPI How to Share TensorBoard Metrics on the \ud83e\udd17 Hub
7q5NyFT8REg What is dynamic padding?
8PmhEIXhBvI Data processing for Masked Language Modeling
8j9HRMjh_s8 On Values in ML Development
9yY3RB_GSPM Managing a repo on the Model Hub
A5IWIxsHLUw The push to hub API
A9iefUXkvQU Implementing DietNeRF with JAX and Flax
AUozVp78dhk Fine-tuning with TensorFlow
AhChOFRegn4 Instantiate a Transformers model (PyTorch)
BNy08iIWVJM The Post processing step in Question Answering (PyTorch)
Be4s0dsbavM Chapter 3 live sessions with Lewis (PyTorch)
BqqfQnyjmgg What is Transfer Learning?
C6jweXYFHSA It Ain't Broke So D\u0336o\u0336n\u0336't\u0336 F\u0336i\u0336x\u0336 Let's Break It
CDuvVL0z_xk ML4Audio - pyctcdecode: A simple and fast speech-to-text prediction decoding algorithm
D-MH6YjuIlE ML for Audio Study Group - Intro to Audio and ASR Deep Dive
DJimQynXZsQ Training a new tokenizer
DKyKkuaqWl0 Automatic text classification in a few lines of code
DQ-CpJn6Rc4 What to do when you get an error?
Dh9CL8fyG80 Write your training loop in PyTorch
E7nB7KXBZ1I Trends in Model Size & Computational Efficiency in NLP
ExUR7w6xe94 Hugging Face Course Workshops: Pretraining Language Models & CodeParrot
G5lmya6eKtc The Future of Natural Language Processing
H39Z_720T5s The Transformer architecture
HEikzVL-lZU Byte Pair Encoding Tokenization
HaN6qCr_Afc Uploading a dataset to the Hub
Hm8_PgVTFuc Using a custom loss function
HyQgpJTkRdE Loading a custom dataset
Ihgk8kGLpIE Hugging Face Course Workshops: Question Answering
JwISwTCPPWo Memory mapping & streaming
KmvPlW2cbIo How to Train a Model with Pytorch
L-WSwUWde1U Debugging the Training Pipeline (PyTorch)
LS9Y2wDVI0k Let's Play Pictionary with Machine Learning!
M05L1DhFqcw What is the BLEU metric?
M6adb1j2jPI Batching inputs together (PyTorch)
MR8tZm5ViWU Building a new tokenizer
MUqNwgPjJvQ Transformer models: Encoders
N9kO52itd0Q Debugging the Training Pipeline (TensorFlow)
NURcDHhYe98 What is perplexity?
O2e3pXO4aRE AWS ML Vision: Making Machine Learning Accessible to all Customers
OATCgQtNX2o Text embeddings & semantic search
Oy49SCW_Xpw T0 Discussion with Victor Sanh
P-rZWqcB6CE Preprocessing sentence pairs (TensorFlow)
PrX4CjrVnNc Inside the Token classification pipeline (TensorFlow)
QC7qEWMaa-s In Domain & Out of Domain Generalization in the Future of NLP
RBw1TmdEZp0 The Hugging Face Hub as a means to collaborate on and share Machine Learning projects
ROxrFOEbsQE Batching inputs together (TensorFlow)
S2EEG3JIt2A Asking for help on the forums
TGZfZVuF9Yc Unigram Tokenization
TMshhnrEXlg What is the ROUGE metric?
TksaY_FDgnk \ud83e\udd17 Tasks: Automatic Speech Recognition
UkNmyTFKriI Get your own tokenizer with \ud83e\udd17 Transformers & \ud83e\udd17 Tokenizers
VFp38yj8h3A Tokenizers overview
VN67ZpN33Ss The Post processing step in Question Answering (TensorFlow)
VWOHu_Hg0Pc Open Source Office Hours
Vpjb1lu0MDk \ud83e\udd17 Tasks: Causal Language Modeling
Vvn984QmAVg Unlocking global speech with Mozilla Common Voice
VzvG23gmcYU A gentle visual intro to Transformer models
W_gMJF0xomE Hugging Face Datasets overview (Tensorflow)
WdAeKSOpxhw \ud83e\udd17 Tasks: Object Detection
X9e5Tto-Iuk Introduction to Robust Speech Challenge
XAR8jnZZuUs Data processing for Translation
XGyt8gGwbY0 Workshop: MLOps: End-to-End Hugging Face Transformers with the Hub & SageMaker Pipelines
XvSGPZFEjDY Navigating the Model Hub
Yffk5aydLzg The tokenization pipeline
Z1-XMy-GNLQ The push to hub API
ZCMOPkcTu3s Day 3 Talks JAX, Flax, Transformers \ud83e\udd17
ZExEPSeKwWM The Lack of Robustness in the Future of NLP
Zh0FfmVrKX0 The Push to Hub API (PyTorch)
_BZearw7f0w Hugging Face Datasets overview (Pytorch)
_PAli-V4wj0 Writing a good issue
__eG63ZP_5g Day 2 Talks: JAX, Flax & Transformers \ud83e\udd17
_wxyB3j3mk4 Inside the Question answering pipeline (PyTorch)
a8aS3ZYlzDM Building an Image Classification App with Gradio and Timm
aLBedWj-5CQ ML for Audio Study Group - Text to Speech Deep Dive
aV4wfnIakSQ Chapter 1 Live Session with Sylvain
ajPx5LwJD-I \ud83e\udd17 Tasks: Question Answering
alq1l8Lv9GA Fine-tuning with TensorFlow
b3u8RzBCX9Y Inside the Question answering pipeline (TensorFlow)
blF9uxYcKHo Saving and reloading a dataset
c7mle2yYpwQ Building Machine Learning Applications Fast
cAviRhkqdnc ML for Audio Study Group - Kick Off
cHiG0Ucv6Ck Inductive Bias, Common Sense, Continual Learning in The Future of NLP
cpzq6ESSM5c Learning rate scheduling with TensorFlow
d3JVgghSOew Instantiate a Transformers model (TensorFlow)
d_ixlCubqQw Transformer models: Decoders
eKv4rRcCNX0 Learning rate scheduling with TensorFlow
f9ZjgWBAxEQ Train and Deploy Vision Transformers for ANYTHING using Hugging Pics \ud83e\udd17\ud83d\uddbc
f_ZA52-65T8 Moneypenny   Infinity Case Study
ftWlj4FBHTg The carbon footprint of Transformers
fuAyUQcVzTY Day 1 Talks: JAX, Flax & Transformers \ud83e\udd17
g8quOxoqhHQ Why are fast tokenizers called fast?
gAEeiFR7O0Q Hub Featureton
gQGT0_ialiw The Hugging Face Spaces Spotlight Show
gQUlXp1691w New TensorFlow Features for \ud83e\udd17 Transformers and \ud83e\udd17 Datasets
gZIP-_2XYMM NLP Workflows with Keras
grlLV8AIXug What is pre-tokenization?
gzyIQEsezmU So You Want to Work at Hugging Face?
iY2AZYdZAr0 Data processing for Token Classification
ic_J7ZCROBM XLS-R: Large-Scale Cross-lingual Speech Representation Learning on 128 Languages
jUBeXwRBVZM Train and use a NLP model in 10 mins!
jiftCAhOYQA Hugging Face Infinity Launch - 09/28
l9QZuazbzWM Deploy a Hugging Face Transformers Model from the Model Hub to Amazon SageMaker
lnTixz0tUBg Run a Batch Transform Job using Hugging Face Transformers and Amazon SageMaker
ma1TrR7gE7I Data processing for Causal Language Modeling
mkG5FJDKWEc The Limits of NLU & the Rise of NLG in the Future of NLP
mp7fHMTnK9A Pyctcdecode & Speech2text decoding
mqElG5QJWUg \ud83e\udd17 Tasks: Masked Language Modeling
nhJxYji1aho Word-based tokenizers
nvBXf7s7vTI The Trainer API
nx10eh4CoOs TensorFlow Predictions and metrics
ok3hetb42gU Train a Hugging Face Transformers Model with Amazon SageMaker
p055U0dnEos [Webinar] How to add machine learning capabilities with just a few lines of code
pUh5cGmNV8Y The Push to Hub API (TensorFlow)
pYqjCzoyWyo Workshop: Getting started with Amazon Sagemaker Train a Hugging Face Transformers and deploy it
pfBGgSGnYLs Deploy a Hugging Face Transformers Model from S3 to Amazon SageMaker
qEl7eORxpFA Chapter 2 Live Session with Lewis
qNUjhpn4V5s Hugging Face Course Event Day 2 - Part 2
qgaM0weJHpA Data processing for Question Answering
qpv6ms_t_1A WordPiece Tokenization
rGNidNs3Knw Hugging Face Infinity - GPU Walkthrough
rSPyvPw0p9k Using a debugger in a notebook
rkCly_cbMBk Managing a repo on the Model Hub
rnTGBy2ax1c Keras introduction
s7dy8QRgjJ0 Supercharge your PyTorch training loop with Accelerate
s95A-au3vsM How to Share Keras Models on the Hugging Face Hub
sjfpOJ4KA78 Hugging Face + Zapier Demo Video
ssLq_EK2jLE Character-based tokenizers
t8Krzu-nSeY Supercharge your PyTorch training loop with \ud83e\udd17 Accelerate
tMwZlbMJggA Hugging Face Course Event Day 2
tfcY1067A5Q Datasets + DataFrames = \u2764\ufe0f
tiZFewofSLM The pipeline function
tqfSFcPMgOI Slice and dice a dataset \ud83d\udd2a
u--UVvH-LIQ Simple Training with the \ud83e\udd17 Transformers Trainer
u4e8OGWYpPk Chapter 2 Live Session with Sylvain
vbaKOa4UXoM Showcase your model demos with \ud83e\udd17 Spaces
wCYVeahJES0 Transfer Learning in NLP and the birth of the Transformers library
wVHdVlPScxA \ud83e\udd17 Tasks: Token Classification
wVN12smEvqg What happens inside the pipeline function? (TensorFlow)
whwlIEITXoY Workshop: Going Production: Deploying, Scaling & Monitoring Hugging Face Transformer models
y7xEDeK7KVk Introducing AutoNLP (Trailer)
yG6J2Zfo8iw Managed Training with Amazon SageMaker and \ud83e\udd17 Transformers
yHnr5Dk2zCI \ud83e\udd17 Tasks: Summarization
zHvTiHr506c Subword-based tokenizers
