-3YyaF09SMU Future Of Human Communication
-MVaYtvyAJM The Poetry Of Awe | Jason Silva
-gQIrx9zZ-s THE IMMERSIVE TRANCE: The Mysterium Tremendum
-oflLvqnKqM Happiness Lives In The New
-qXyd-v2u-I The Importance of TOTAL COMMITMENT for Psychological FREEDOM
-wr26HnAFIc HOW TO DESTROY THE LIMITING BELIEFS OF SOCIETY | Write a New Story
0-17dUkWKM4 My First Burning Man Experience Explained
0PDqeXcLRGI HOW MY ART HEALS ME
0mqXrNDMeCg WHEN FEAR GOES VIRAL
0tXhFxd88pc ADVENTURE VS. LONG TERM RELATIONSHIPS | Will love last?
10FgbyvGGYY Finding Balance Between Discipline And Surrender
12CsR5yO9L8 TRAUMA HEALING IS ABOUT RECONCILIATION
1GlKdGZcP1E We Need To Be Lost To Find Ourselves
1UOVuc61YPY Becoming Infinite With Music
1a-cHswkvMA Conquering Our Fear Of Death
1aHgutxxG0Y Lucid Dreaming
1hSIq3goQJE Why Design Matters
1mn1K1A6mPI The Power of Grace
1ub18kbITbA Drones
23iF9z9yVFA EGO DEATH - The Art Of Ritualized Surrender
2DEZflXLwQg A BICYCLE FOR THE MIND
2Fw2Dzy2MC4 ROMANTIC LOVE: WILL YOU BE THE STAR OF MY MOVIE?
2GNNp_Op7qU The Wonderment Of Altered States
2W6wJniitTU HOW BEAUTY CAN HEAL US
2Y2dgvI8HUA The Moment of \u201cAHA\u201d
2ctu8NYJLkk The Cosmos is a Mind Expanding Drug
2fhSdCOKQRk JASON SILVA: THE HEALTH BENEFITS OF AWE
2yKZwQ_FcJw The Mystical Experience
307-jYuhdOI THE POWER OF POSITIVITY
3V7DC5ywsU4 The World Is Made Of Language
4RWtkhfL1zg The Urge To Merge: Why Do We Crave Intimacy?
4fB-48RCOdA Entering Godmode
4tsAugB1ysw HOW TO OVERCOME A REALLY BAD DAY
51MAsD3TLoc Bliss Wonder & Awe: LIVE in Miami 2018
5SsgxjHoFTk ELECTRONIC BUDDHISM
5WEAxn09BAM THE SUDDEN, UNEXPECTED SURPRISE OF FALLING IN LOVE
5mSYmlDNcWY WHEN WE BECOME ART
5uGMoRfkZ1Q HOW DO WE PROTECT THOSE WE LOVE THE MOST? | Jason Silva: Shots of Awe
6-75xQtXci0 The Epiphany Of A Kiss
63XyZlCnC9Q GENETICS, NANOTECH, AND ROBOTICS
6DDGPZdyqp8 What Is Wonderment?
6TtMMz4rXVc HOW PLAY EMPOWERS US
6ZMTdYmfBl4 World In A Sentence
6_SRZiU9EuI Why We\u00a0Explore
6iHwPfirtUg The Ecstasy of Art
7Ij0W5Jexdk Can We Engineer Our Own Paradise?
7lp6Bxyp0Ek How Being Bilingual Enhances Creativity
7qJGDFyjeyY The Significance Of Storytelling
7xGCmGt-yTo Jason Silva Full Keynote Speech at Teradata Partners 2017
81zTgXDnbj0 My experience with the Huawei Mate 10 Pro
873QIUSzNPM Why Does Music Make Us Cry?
8D3NCSVIWUQ Humans are the Sex Organs of Technology
8N_pb7jwhBU A TRUTH FROM WHICH NOTHING CAN DISLODGE US
8QyVZrV3d3o Awe
8U1grDyD6_s Love Is A Drug
936pc0HJkjk CONNECTING THE UNCONNECTED | Jason Silva
9H6wTtVWJoE THE CREATIVE BLOCK AND IMPOSTOR SYNDROME
9RTVrQARGhM The Future of Sex
9_UI3b2JSkE MOVIES ARE LIFEWORLDS
9efc8PYOhVo My interview with Mindvalley founder Vishen Lakhiani
9sXomdv_5P8 Love is a Religious Problem
9spsx_QSQ9I The Augmented Reality Revolution
AEYQvKduCNY Love is Madness
AFMKycX4Pyc THE DENIAL OF DEATH
AJBi-AHbLT8 Live Q&A with Jason Silva! Singularity, Hawking, and More
AXwLsba2TOY Find Your Creative Flow State
As1Lr_0I2Lw You Must Come APART to Come ALIVE | Jason Silva: Shots of Awe
BFtX0aSvR00 DREAMING WITH OUR EYES OPEN | Jason Silva
BOJvlWi0_yQ Paying It Forward
B_Aa1h6QEis Ourselves As Our Biggest Threat
BfvaL20aAs0 HOW LETTING GO CAN DISSOLVE ANXIETY: THE ART OF IMPROVISATION
Biv6eCt5lHg Open Your Eyes: We Can Fly
BlxV_-gdXXU Jason Silva WISE SUMMIT 2019
BmfTTXC0KW0 FLOW LIVES AT THE INTERSECTION OF DISCIPLINE AND SURRENDER
CCsDiOy66FY Drugs As Tools For Spirituality
CFC4q3OpaCA THE FUTURE OF AUTONOMOUS DRIVING IS HERE
CONmf6SwXpM WHAT IS ANXIETY?
CU23ISjY_ts ECODELICS TO ECO-CONSERVATION
CWN62O7yX9g JASON SILVA: EXISTENTIAL JAZZ (Brazil 2019)
CWrHCCYgGSQ How We Free Ourselves of Existential Panic
CaNbw73PZSE FLOW SESSIONS: JASON SILVA AND KEVIN KELLY
CdAQ64QTWLg MIND UPLOADING
Ch_irGIgGQo THE PSYCHEDELIC MEANING OF CLASSIC FILMS
CwFEnhoALSY STOP Demonizing Thought - START Creating Better MENTAL CONTENT
D3hNPum0MjI HOW TO BE AUTHENTIC & PASSIONATE (Storytime)
DUQOrPXt7CQ PSYCHEDELICS FOR MENTAL HEALTH | Jason Silva
DapfzkQcCb8 CAN BLOCKCHAIN CHANGE THE WORLD?
DehTRXGa2YU BREAKING BOUNDARIES | Get Out Of Your Comfort Zone | Powerful Motivational Video | Jason Silva
EfXTqTA4qrk HOW DOES TECHNOLOGY CHANGE LOVE?
EoWRdbETAOE Does The Internet Amplify Our Curiosity?
FN57u7-x75w To Be Human Is To Be Transhuman
FOQoyFPR__g LOVE: A COSMOLOGY OF TWO
FSmyqVprpxc The Two Types Of Human Relationships
FU4aQ51lIXA Schizophrenia and Depression
Fh-90xzBn20 Psychedelic Therapy is the KEY to Ending the Mental Health EPIDEMIC
FoiPApGgOjI What Makes a Good Leader?
GC2c-ScNHPI FEAR OF FEAR
Ggmiljn8LH0 Jason Silva and Douglas Rushkoff | Creative Session
Gq3_G3_wylo Artificial Intelligence
GswqsaJ4wlo El Futuro De La Creatividad
GvvBCoBoY_M THE CREATIVE ACT: An Interior Experience Expressed Outwardly
H2bm4SFRTL8 The Birth of Imagination
HHrPpPs7_cA Why Should We Travel?
HIM96fTr1-4 I Design, Therefore I Become | Jason Silva
HScOL_aOMrw How to Find Your Passion
HfKINOdLEbo THIS IS US: GODS AND WORMS
HqKHDz7OBjI Experience Changes Biology
IgsHuaS8G84 Social Media and Ambient Intimacy
J-9YP88MH7Q Sacrificing JOY & INTIMACY for Success? DON'T Sell your SOUL!
JAY60dY-irY The Hero's Journey
JDo8vnsLlME THE ISSUES ARE IN THE TISSUES
JGHEhybXvOs The Remix Revolution
JJeHcuwimt8 CAN WE CURE PTSD?
JW8dqT90BLs Verbs are Verbing
JlAh-jkJa0s Can Virtual Reality Enhance Our Reality?
JtUZOsghoV4 WE ARE COSMIC POETRY
JuRrKtQY_28 ACCELERATION: THE FUTURE OF TECHNOLOGY
K-g_sxCbhvs Engineering Our Own Divinity
KPQXLUpwNCA The Infinite
KQIjH1xcJdM Creativity Month on Shots of Awe!
K_CsInWru-8 What Is Poetry?
KeRhjOIQTvY WHAT IS INTIMACY? An exploration of human nakedness
Kg835286kvQ Finding Balance Between The Now And The Future
KsSmFZNrpLc FOMO: The Fear of Missing Out
KsVzIQvZWpE The Importance Of Failure
L5AePqnT0l8 THE HEALING POWER OF AESTHETIC ECSTASY
LJlfwbS0BFY Experience Design with Jason Silva
LUw2RG_Rkd8 TRAUMA RELEASE HAPPENS IN THE BODY
LZshegzVADM How We Prime Our Brains To Achieve More
MVxtlIZ5pXA FLOW SESSIONS: JASON SILVA AND ERIK DAVIS
MbTVrki9lVM Does Technology Know Us Better Than Ourselves?
MfyV2rBF174 SEXUAL CHEMISTRY VS ROMANTIC INFATUATION
MpLIM1UKnP8 Do We Have Free Will?
N5dc58dvbKo THE INTELLIGENCE OF THINGS
N793z4xK02w THE DANCE AT THE END OF TIME
NA_tjY8osGE Nonconformity and the Creative Life
NHx9h1JTRPY HOW DO YOU FIND YOUR OWN VOICE?
NYdhk7wtz3o The 1960s: Revolution of the Mind
NrYYqCfHJmA Life Emergence
NzZJQrPPv0M Expanding Our Perception
O1wLpKAYd28 PHILOSOPHERS AT THE END OF TIME
O4fKK5n51HQ CAN WE HEAL TRAUMA?
OCSKj1LPfRc Layers of Truth
OCmSkPkkX3k HOW MUSIC CAN HEAL US
OGh4CEGv3cM SCI-FI FILMS AND AWE
ONjwDxdac-E The Future of Marijuana Legalization
OO0Iluy1vzw OUR LOVERS STAR IN OUR MOVIE
Ou_K2vZVmC0 Learning to Surrender... exploring Transformational Experiences
PSRBMCNAt9s TURN YOUR LIFE INTO A WORK OF ART
PSZIkx2wIFA Human Sexuality Is A Kaleidoscopic Act
Pl0A7Jl6_GU The Paradox of Art
Pn6BigY8Ros THE SEARCH FOR MEANING
Pun6tbz8Rzw Cooking Made Us Human
QEUnYah1aRw The Instagram Generation
QGwKge-ivkU TECHGNOSIS, Technology and The Human Imagination | Jason Silva and Erik Davis
QN9UOkN-LWE Engineering Magical Experiences..
QZYneTKlk4s ACTORS AND THERAPY
QaEnJXXEBio THE INFECTIOUSNESS OF THE UNCONFLICTED MAN
QbuBg1KoLGc THE ART OF SACRED PLAY
RG4HJdUsHMs BALANCING THE PRACTICAL AND THE POETIC
SFqnZ-nh4XM Cinema Is Truth
SLfwrMcNTys AUGMENTED REALITY = INFINITE POSSIBILITIES
Sb9KbVqW0zY The Tortured Artist: Can Suffering Inspire You?
SvELRHux66U Transfixed by Beauty
T1l1IrQeN-A THE ALLURE OF PILGRIMAGE
T1oG2kt_fmM WHY YOU NEED AWE
T1oQaeETOT0 HOW TO MAKE GREAT ART?
TfkRZWFHpss Radical Openness - TEDGlobal 2012
Ty9KCZwY4gg The Hidden Truth About Technoolgy
Tz5GHEsSAzo HOW I FEEL ABOUT PANDEMIC \
UHCsV0VzrqQ Engineering Super Human Traits | Jason Silva and Steven Kotler
US18sczUnTk Creativity Is Madness
UeuV1ZQfj-k Language Rewires Our Brain
UjoVgxPvY_A Jason Silva Live: The  Existential Bummer
UlvRn-4yXa8 El Poder de la Pasi\u00f3n
UpBycmR3_lQ Seeking The Aesthetic Experience
V1l_RNJtiPc Why Does Music Make Us Feel?
V9RrWvo9ucw What is a Seeker?
VCH4XxKZ8Zc The Little Death: The Poetry Of Orgasms
VK-VEXPDKOA Character Is A Vital Lie
VOVmVMJEhg8 The Ecstasy of Curiosity
VQ5EbGjTRMo THE TRUTH THAT SETS YOU FREE
VmJVcRoROKI Welcome To Shots of Awe
WCpAVbo2ycQ HOW DO YOU CHOOSE YOUR FRIENDS?
WHIRlB6Axb4 DISSOLVING THE EGO:  HOW PSYCHEDELIC THERAPIES COULD REVOLUTIONIZE MENTAL HEALTH
WIR0nwhesGw Technology Made Us Human
Wd9EnGqVoS8 TRAUMA HEALING: FINDING WHOLENESS
WxmMKsdo7pE Is Media Our Drug?
X4WDNlCDaV4 WHY WE FEAR TRUSTING OUR LOVED ONES
XOlbMWUC-E0 Can Art Destroy Us?
XePLU5D_ooI WHEN OUR GODS REVEAL THEIR CLAY FEET
Xip6ySMwelg SEEK THOSE THAT LIGHT YOU UP | Finding Your Tribe
XkUTIcbct-U The Rhapsody and Agony of Love
Xnz_Uc5sWOI Reality of the Virtual
Xzm6YkEw8NU BURNING MAN SYNCHRONICITIES: WHAT ARE \u201cPLAYA MOMENTS\u201d?
YSpl3KEHVSk Day of the Girl
YUOJFB6ZGQQ Hacking Your Flow State
Yb-OYmHVchQ Existential Bummer
YbOcKFoBsQo BREAK THE LIFE GAME LOOP NOW
Ybc82yKJEHc YOU HAVE TO GO THERE... TO KNOW THERE
YddWybgvszs Psychedelic Technology
YdzZn_giE4w What Is Brain Coupling?
YexcmGRStfM Thanks For 200,000 Subscribers!!
YrBCuFQLSCU The Helper's High
YzAFCU4RCnM Why Are We So Unhappy?
Z2g4hUfffrU Start building at CallforCode.org!
Z6r80T13AIQ Packaging The Metaphysical
ZCah46vaw34 IMAGINEERING THE FUTURE
ZJ272i1Bhqo Biology and Self Organization
ZMBJ87ZTuJY We're On the Right Track
ZglyLeNkTpA Cinema As Meditation
ZhRROCQPG6M Biotechnology: Our New Canvas Is Life Itself
ZhbZVtxRLdg Love Is A Train
ZsM5bHf88Cw Jason Silva: Welcome to Shots of Awe
ZsppocFxFXw THE DEMONS IN OUR MINDS
_1WKa6UXJa0 AN ODE TO KNOWLEDGE
_8ePotseRgQ THE RISE OF PSYCHEDELICALLY-INFORMED TRAVEL
_RocWimgd_o THE FUTURE OF LANGUAGE
_XPFF7iLs08 JASON SILVA AND JAMIE WHEAL: FLOW SESSIONS PODCAST
_cKb3F_4gv4 The Role of Curation
_p75hrdzNVA SACRIFICE THE FUTURE FOR THE PRESENT? SOMETIMES.
_rJKWh4ixA0 Why Do We Fall In Love?
_t2xdJhlM8Y The Sad Tragic Truth About Our Relationships
aDDlAsu2j5g Can We Change The Past?
aNNzdFSEjz4 WHY WE SHOULD EMBRACE DISRUPTION
aXT8Ub1VK9U ARTIFICIAL INTELLIGENCE WILL INFUSE EVERYTHING
aigR2UU4R20 What is Ontological Design?
b-vEj2YOTXw THE THREE MEXICAN DEATHS
bPX11eeLvek The Power of Possibility
bWnCzI0kA7M How We Create Serendipity
bbT5dzhpHCY JASON SILVA LIVE: BEYOND ANXIETY AND DEPRESSION
cF0ISsHf-T8 Hopeless Duality Of Man
cF2VrefjIjk We are the Gods Now - Jason Silva at Sydney Opera House
cITA2ysR4z0 The Six Epochs of Evolution
cKxQMyBl22o Heterotopia: Designing Our Mindscapes
cQYroNcfXRQ The End Of Suffering
cUzFtWNOOOU We Are Already Cyborgs
cVQFAcdAhZM BEYOND ANXIETY AND DEPRESSION... A CALL TO AWAKENING!
cq-d12j13C4 HOW MUSIC SHAPES YOUR WORLD
cqWgZ2LGYdM THE AUTHORS OF REALITY
cwKz3d3F7Cs Where Art And Science Meet
d2uLD7_Zsco Practice Gratitude, Learn To Say Thank You
d4LnSJXr1nI ARE YOU A WONDERJUNKIE?
d7pkPpX3vJM THE FUTURE IS PSYCHEDELIC: MENTAL HEALTH, HEALING AND MIND EXPANSION
dAVf9P9hNMU Why Our Realities Are Myths
dDZSn-gVl_A Cinema is Cartography For the Mind
dIZcq-hLc7I WHAT YOU CHOOSE, YOU BECOME.... SO CHOOSE WISELY!
dO4k2Rvs94I Virtual Reality: Turning Our Minds Inside Out
dYrUGGQDDoY How technology frees us to work from anywhere
e0AUHoX7i9A Long Term Desire
eh-MjuPY0fk EN ESPANOL: Jason Silva keynote speech in SPANISH, Chile 2019
f0DGN3eSAm0 THE FUTURE OF VIRTUAL, AUGMENTED AND MIXED REALITY
f2pOCvqXs-g INTENTIONS FOR 2022
f55DSbUGhMU The Big Picture
fCQMZOgHv1c THE HEALING POTENTIAL OF PSYCHEDELICS?
fQSZxl_4cGU Love and light #shorts
fRFMl5CLx_g Technologies of Ecstasy
fXB5-iwNah0 HUMANS 2.0
fYwrkzNtlgI Love is the Greatest Pain
fpRZL7d7wK4 IN CELEBRATION OF HUMAN EXCELLENCE
fvi7VLbiMuk Shots of Awe: The Creative Urge
g9OywpJz9kE CRAFTING A CREATIVE IDENTITY
gRcLYwLVrRA FLOW SESSIONS PODCAST - Jason Silva with Steven Kotler
gU7jiTSkxKA Singularity
gcSfm5RL-24 CINEMA: Painting in Time
gmLhdwLo6Ek PIVOTAL MENTAL STATES | Self Improvement & Healing
h0qCyYYIQ_k CAN LANGUAGE SHAPE REALITY?
h4jYxmUJJvI Cellphone Wormholes
hHCo9U4jxzE How Our Creations Change Us
hRCcQZEKVv4 The Fear Of Being Fully Alive
hUVNou07mDQ Q&A Jason Silva - Miami, April 2018
hWwSqSirnis The Power Of Ideas
hkJ21qIY3yE WHEN YOU NEED A NEW CHAPTER
hm6cZ-7zEBE THE FUTURE OF AWE: Jason Silva on Artificial Intelligence, Biotech, and Singularity
hoTbK8nYiuA THE CAVE YOU FEAR HOLDS THE TREASURE YOU SEEK
hy8GzVLmV2Q The Mating Mind: Your Brain is a Sexual Ornament
i5y9CU5RwZc Physical vs Digital Existence
iXsU-7EyI4c Let\u2019s learn to marvel and awe, together #shorts
ioogpMQhK1o IN SEARCH OF THE MIRACULOUS
jCMwk6Kybkw Technium
jPuirt8xRZ0 \
jZASQPddkHg LIKE NOTHING YOU CAN IMAGINE: EGO DEATH EXPERIENCES
jbSmCuVnsZ0 HOW I FIND HAPPINESS
k19oI1LROAs Mirroring Gods
kCCHn1cWhOg Ignite Your Childlike State of Wonder
kM4ZHfBE-0g Cleansing Our Perception
kOe1eo3v-7c GETTING BACK INTO OUR BODIES
kjflrXDDU-w Explore The \
krYMgg3LU-o All Realities Are Virtual
ktFiMjAv0ec How Primal Trauma Resurfaces Throughout Our Lives
lHB_G_zWTbc Captains Of Spaceship Earth
lHZ72NkBueU The Power of a Story
lPw6ph1DGGI The Usefulness of Forgetting: Rediscover Wonder  | Jason Silva
lRE3tGxsYYU CHASING ALIVENESS
lrO61QoZUyQ The Power of Language as Telepathy
m5FDCX1jfHc SONGS ARE PRAYERS: Spinning Away
mJKxxaCmJLo GODS AND WORMS
mgJNoQzpFkY Please support my content on PATREON! :)
mm5xNEEWOZo Harnessing the Limits of Human Possibility | Jason Silva and Jamie Wheal
mykdIUyLPD4 How We See Ourselves Through The Eyes Of Others
mz7c7mJESGE The Internet Of Everything
mz_0_n3h5Dc PARANOIA VS PRONOIA: anxiety, trauma and interpretation
n9QmCafNPRA Drugs, Wanderlust and Our Innate Desire To Explore
nH9IPpDrVTs Architecting The Mind
narR6QofhcI THE FUTURE OF HEALTHCARE
nbLyCKhyyZQ WHEN BREAKUPS BECOME BREAKTHROUGHS
o0s3HU9vMkU CAN WE CHANGE THE PAST? (New Edit Mix)
odwW8XlTD1I Mortality
oeBZoWYE8yk WE MUST RISE: 2020
p5CV4KZ5ups HOW TO BE A SEEKER
pTccWT2YOC8 Exploring Space: Cosmic Revolutionaries
p_WswR6Du0w JASON SILVA LIVE:  HOW TO FIND YOUR PASSION
p_Yumgs7jJA JASON SILVA WITH RICK DOBLIN: FLOW SESSIONS
pmCgadMjKdE Flow Sessions: Jason Silva and Michael Pollan
po1I21YRJV0 Adrenaline Hack
pwPbGAFs4UI Why Is Confidence So Attractive?
q4xh9R77hnk CAN WE REPROGRAM OUR NERVOUS SYSTEMS?
qL4zMIzkWnI Sex as Salvation
qOEP6vO8kdk Neurosis
qX_LG0EyCMQ What Is The Power Of Poetry?
qfJVoM5vlHI Digital Shamans
qfVe4cRtBZU What Is Language?
r7CsYYIhbu8 SOULMATE OR NO MATE: UNCOMPROMISING ROMANTIC LOVE
rSVA3MZRm70 WHY POETRY? INCREASED ALIVENESS
rfE2C7isPMU WHY WE PLAY THE GAME OF LIFE
rgTjKM4C9Dg The On Demand Revolution
rlTEYfm8auI AN ODE TO RESISTANCE
rt-DpzOSAbw Jason Silva: The Technological Singularity
s2LnFOJe1_o Cinema is a form of Shamanism and filmmakers are Dreamweavers
s3FMA3mCBco \
sM_21I9gHc8 A WORLD ON-DEMAND, IMAGINATION AT THE SPEED OF THOUGHT
sOlGw9VESiQ We are Addicted to the New
sQ0zS0NPBIo The Power Of Sunsets
sRlwv1xtKLg The Search For The Rhapsodic
sWBtEZNdKiM deep play
sdW8I7stUfQ FROM PSYCHEDELICS TO CYBERDELICS
slWdnbInf3Q LOVE AND LOSS - WATCH
svWst53R2UQ THE AGE OF AWE
tAvSlElpEDc We Are An Evolutionary Force
tPr5SgbWuGI Paradise Engineering
tRFt_bO8mIs The Revered Gaze
tYbA_-mAtUY What is Creativity?
taMOtKJCM2Q Burning Man: Franchise Freedom (Remix)
teVxpgm74Uw Actualizing The Human Imagination
trKtqY_riZ8 FLOW SESSIONS: Alain De Botton and Jason Silva
ts4s9gjCT04 The Solutions Project
uMUNe3Pnv04 Where Does Creativity Come From?
uebR57A1FMQ NAVIGATING MENTAL STORMS
v7cC1ak4GsE A Captivating Imagining Of A Baby's Mind
vJrJVVpEvfM A NEW KIND OF DRAMA THERAPY: ACTING OUT OUR INNER LIFE
vZeYCEBfWHM Love, Loss and Symbolic Death
vkzpCAqytiY HUMANS NEED CONNECTION TO SURVIVE | Emotional Synchronicity
w3lLXskM1HY How We'll Solve Our Energy Problems
wKIkKX4hIeE THE WONDER OF CINEMA
wL34vK-On3o What Is The Internet Of Things?
xD7q2-F1B5c Fall in Love or Die Trying
xKhmKCI8KDk CAN WE UNPLUG FROM THE MATRIX?
xkhmKgpjnig THE NEW NORMAL: 2020
yClhkdjhO3I What\u2019s NEXT in Technology and Innovation?
yFQ92U_c-BE WHAT IS THE SACRED?
yNkdZbaLqbU VAST LANDSCAPES AS THERAPY
yVV7gMtzDTM Jason Silva: The Future OF Everything (Monterrey, Mexico)
yYGmB4y8f9U Artist Are Necessary Mutations In The DNA Of Culture
ydXL_7Bjiqw The Telescope: Our Bridge To The Infinite
yfiqiGF0WdQ LOVE IS A MOVIE WE CREATE TOGETHER
z7g3IdyOjMU Are We Who We Think We Are?
zAiivE30wF8 Finding The Beauty in Break-ups
zCHSRbHLPQo PSYCHABLE: A PSYCHEDELIC TRUST NETWORK
zLz9cxCeULM Secular Religiosity to Experience the Transcendent
zPkOXmLDIwY CREATIVITY IS AN EMERGENT PHENOMENON
zcmLHuiWgZ0 CAN YOU EVER REALLY KNOW SOMEONE?
zgd2qs7Iymk We Don't Cry Because We're Sad
zxGtZXYcHx0 The Imaginary Foundation
