-UdWguw90g4 I Built a Trading Bot to let Subscribers Trade $25,000 on Twitch
02AXP5eI6PE How I Landed My First Engineering Internship
0CxSvqyEjNE Interviewing at Google, Uber, Snap and Negotiating to a $300k Job Offer
0KmUoTfGa34 Coding a whole web app ONLY using my Phone.
0eIY5b0RKE0 Cool Kids Code In Javascript (with SEXY CODING FOOTAGE)
0oBi8OmjLIg My Ultimate Work From Home Desk Setup for Productivity
1-Iu__4R_b0 Hiring My First Employees for my Tech Startup
1fPWr0d5zBE 10 years of coding in 13 minutes
1stFeRlvicI I spent this Christmas all alone...
2PzkEcYJUQw Sexy Javascript Coding Part 2 + I'm moving out
2vn9PlLemwg Top 10 Software Engineering Internships (Salaries Revealed!)
314OLE6mKOo interviewing at a startup be like... (ft. Steven He)
4FMdbwDdHlw Software Engineering Q&A While Cooking! (ft. Mayuko!)
4Z6lxfglvUU 3 Types of Data Science Interview Questions
4cDCl4cS5xY What Investors Look For in Startup Founders from Former YC Partner
4d5q9bqRmq8 Best Year Of My Life - Keep Grinding
65yjBKfefj8 Interview with a Software Engineer without CS Degree
6XkFKadpJws A Day In The Life Of A YouTuber (Realistically...)
7ZcmboYbNPQ The man who saved New York City using Data Science
9UMoVsK0644 Engineers Answer Your Software Engineering Questions
9yUgUsAJ6nc He Got A $277K Google Offer by Lying!
C8zoh-1f9AU Software Engineers \
Ck0ozfJV9-g A Day In The Life Of A Data Scientist
DFDGHEzf5oE \
EiKK04Ht8QI Don't Be A Programmer
F4rykKLcduI Interview with a Competitive Programmer
FqBvTFhS1ig What Do Product Managers Actually Do?
GXKI84KKVI8 How I Got An Internship At Citadel
HTXTVfBCeSY I Got Rejected By A 22-Year Old CEO
Hv6EMd8dlQk if Apple made window blinds...
IDdimFoqQ3s A Day In The Life Of A Facebook Engineer
JgdP7oWP0_0 nft traders be like...
JwjwnSdI4Yw We raised $234,080 in 30 seconds with NFTs! Thank you.
K7s1IYVfvSA How I Spend My $250K Software Engineer Income
L1OZoY93qhk Software Engineers Go Snowboarding
LLyd-bqLnu8 The Truth About Programming
LOplxmuEK6g Interview with my Ex-Girlfriend
M5v1nXiUaOI Why I left my Data Science Job at FANG (Facebook Amazon Netflix Google)
MfP-P8EHGBo 5 Tips For Getting A Data Science Job
N0g41nsczBU Silicon Valley Engineers/Product Managers Cook Off!
Nb5yppVh_4A Twitch founder who sold for $970 million chats with a guy with $970 in his bank account
OHviieMFY0c Cool Kids Code In Javascript (PART 3)
OTfp2_SwxHk If Programming Was An Anime Part 2
OnXlnd3JB-8 16-Year-Old Learns How To Code
Pb3AAfz5Yjg Top 3 Programming Languages to Learn in 2019
Qd2Kh80ZK6k Interview with a Quant from Two Sigma (My brother)
RZsFHyKxir4 Tech Startup Hires a Data Engineer To Grow Their App
Rgx8dpiPwpA a day in the life of an engineer working from home
Ru8s5qjMKdU How I Got An Internship At LinkedIn
TLysAkFM4cA a day in the life of a startup engineer working from home
WxSV3NEPbEY Computer Science New Grad Apartment Tour in Silicon Valley
X34ZmkeZDos Why Microsoft Word is the best IDE for programming
YBYI7E2PqWE If Squid Game were about Programmers
YGflHj1SjA4 Guy with 2.9 GPA now makes $300k as a SWE (Software Engineer)
Y_ZZv--OI0s Data Scientist From Tinder Gives Dating Advice
Z0N7vqSgRBY Programming Fundamentals with Python | JomaClass Trailer
ZpDyGKDG_Go Startup Episode 4 Teaser
_X223QGcJ_w Why he left his job at Google SWE $100k+ (ft. CS Dojo)
_p64_S4bbjU Interview with a Software Engineer from Stanford
_wNNDPp9Hh8 there's someone I'd like you to meet...
_ybAyWUr3gI Silicon Valley Apartment Tour: $4600/Month (ft. Elliot Choy x Arpi Park)
d0pBDqGIDPM there's something you should know...
fB7nyxXaczY Interview With My Brother Who Sold His Startup For $60 Million | Machine Learning Engineer
gTEHbBBl_dY Startup Software Engineers Build An MVP (Minimum Viable Product)
gvAF9mboxFM I got rejected by Amazon (Interview Fail)
hGDJkqESz0k Bitcoin Millionaire Pitches His Startup Idea
hQ_OP8h_9dQ why I stopped making youtube videos
hWFDujYzvbI A Day In The Life Of Silicon Valley Engineers
ilTczNXeFDI Software Engineer Gets \
ivvWyIscEt0 Interview with Ex-Citadel Quant Turned Rapper (ft. Kaido Kid)
jlieOSX3GyM Day in the life of a VC | How to become one? | How much do you earn?
k2RqjYCTt6k Top 3 Programming Languages For Data Science
k9JFitrgGgs I quit my job at Google, here's what's next...
kZC12U6EhTc Ex Facebook Engineer Starts His First Startup Vlog
le_NLSXWt1E 5 Tips To Improve Productivity
lpcpsCY4Mco how programmers attend meetings at big tech companies
m-zxHw2AiY0 Interview with a Product Manager from FANG
mftLdnylb1k Engineers Stay For $1,000/Night On Ski Trip (Airbnb)
oCqkVZVPOe8 crypto traders be like...
pKO9UjSeLew If Programming Was An Anime
pvimAM_SLic Can you solve my favorite interview question? (math + cs)
qiE7VKRHSsA If Chess Was An Anime
rR4n-0KYeKQ how we write/review code in big tech companies
rtuKId76DZI All My Job Offers In Tech
sW9npZVpiMI why you NEED math for programming
t6lBeG5QaC4 Interview with an iOS Engineer (ft. Mayuko)
tgOLVIiI8WY Learning How To Code to Build My Startup
uBaU-n77B2Q coding is hard...
uGX03-xUok8 How He Fought Procrastination During College
uHt01D6rOLI If American Psycho were about Programmers
uxRf7KS3abo i finally got a software engineering job
vKANtVUE1dM Data Scientist Apartment Tour in Silicon Valley
vT3GUKuAzIs how coronavirus affects programmers in big tech companies
vX-QPzNppGY How Startups Deal With Competition And Marketing
vmYaAzbv9xk Data Scientists vs Data Engineers: Which one is for you?
xC-c7E5PK0Y What REALLY is Data Science? Told by a Data Scientist
xdcG1M6dy58 How To Get Your First 25,000 Subscribers in 2 Months
y4an6a7A6g8 The Most Important Thing I've Learned Working at Untitled Large Company
