-Im-xPBAmpc Freedom Convoy 2022 BITCOIN | Peter McCormack
-o38lxCI8bM The UK Bans Binance?!?! Here are the facts #shorts
-tw1_pDD85g DeFi on Bitcoin | Muneeb Ali Stacks 2.0
0JZ0jD-t6RM Bank of England Inflation Bitcoin Charles Payne Fox Business
0u_6NoDBlUQ Infrastructure Bill Crypto Tax UPDATE #shorts
15ygBbxD9z8 What Is A Central Bank Digital Currency? CBDC #shorts
1XrAZVxmctY How To Become A Good Investor in 2021 | Kiana Danial
1oFtLg9a3HM Escaping Australia Bitcoin OG | George Harrap Step Finance Crypto
23KkAA7P-I8 Bitcoin Explaines For Dummies 2022 #shorts
2ePlFQwNIcY Bitcoin BTC and Black American | Isaiah Jackson
2w4A22_Ko0A Bitcoin Scarcity in 2021! #SHORTS
4-QJ2Xstda8 BIDEN EXECUTIVE ORDER CRYPTO, CBDCs and REGULATION!!! #shorts
40deA1Bb9Io Regulation on Crypto Hong Kong BAN! #shorts
4EV3PPOPdsQ $50,000 CRYPTO CRASH | BEN ASKREN
4FMEKw9HCPU The Winklevoss Twins Bitcoin | The Antisocial Network
4IOS7KBv5rI Putin Sanctions and the Global Narrative | Mark Moss Bitcoin
4Pqz15I5ZwE Miami Bitcoin City with Mayor Francis Suarez
4iPoSCjr0PE Is Bitcoin Mining Profitable in 2022? War and Regulation | JP Baric
696QowqY51k Best Online Businesses 2021 | Jose Rosado
6OP0hAcZGCc Bitcoin The Greatest Investment of the DECADE | Going Parabolic
6Vu7GzacXiM Censorship, Freedom of Speech and BITCOIN with Charles Payne on Fox Business
7Cjn-nArgmc Bitcoin CashBack With CoinCorner UK & Europe!!! #shorts
7Maela9Obik How To Grow Your Twitter FAST | DAN GO
7c4Cb5yzrlo Responsibility Vs Blame | Bobby Dino
8SgHgQZDx8k Bitcoin Flash Crash 2021 Explained Layah Heilpern Fox Business with Charles Payne
8eLDivmX6jM Building On Bitcoin | CoinCorner
91BmwYQZrvg Why DOGE is pumping more than BITCOIN explained #shorts
9ZQ_3onBqg4 Compound Interest FAST in 2021 | BlockFi
9aXQgZLpG5w BITCOIN TO $100,000 by 2022 | Nicholas Merten
9mky_07169E Who is Bill Pulte? Twitter Philanthropy
9p9rvREWhwQ China Bitcoin Crackdown | Mark Yusko
AH4hGhNlPHA Freedom Convoy Bitcoin Canada #shorts
APREuWSTa9M Bitcoin Bull Run $200,000! Nicholas Merten
BUl_5rWLbYk Crypto Passive Income | Celsius Network
Cy5uRDecPGg How To Survive Crypto Trading | Wendy O
DfOuBf1HZpo Bitcoin News | Q1 2021 round up! #shorts
FWu6yU3Tbx4 Bitcoin is saving people MILLIONS! #shorts
G64mK-0ie3I HOW TO BUILD YOUR OWN BUSINESS | BECOME AN ENTREPRENEUR | ZUBY
GBDIhh9gHks Cancel Culture and Woke Victim Mentality | Ed Latimore
GiU5AKz96Hw How To Get A Job In Crypto | Bitcoin Birch
HZ6FhDfa9UY Masculinity Money and Women with Andrew Tate
HlS8rXtZFtU Tyranny and Freedom 2021 | George Gammon
JjvCTwMSI-A Cryptocurrency Legal In India #shorts
Jz-HP27PBLc Pay Me In Bitcoin NOW | Bitcoin Salary | Sean Culkin
K_Zgdo5majw Financial Astrology Trading, Bitcoin and Free Will | Maren Altman
KjupKsIltgY BITCOIN vs. GOLD Peter Schiff vs. Layah Heilpern Fox Business
MAR4pOa2XUQ BREAKING!!! Twitter could be next to buy bitcoin!! #shorts
MI2oEOM1QW8 Bitcoin ETF with SEC Commissioner Hester Peirce
Mesl2uOHZPE Inflation Surge 2022 #shorts
NDeuMRpgvyo Individual Liberties in 2021 | Mikhaila Peterson
NORU31A7S4k Bitcoin Price Analysis 2021 | Bitcoin Liz
O7NjkrhsUF0 What Is A Bitcoin Futures ETF #shorts
OYck08kbz8U Bitcoin Value Explained on Fox Business with Charles Payne
PXnum616Tcs Bitcoin Energy Consumption EXPLAINED & NFTs | Ari Paul
PY_h_XpMx2E Ben Mezrich Bitcoin Billionaires | Social Media Censorship
QMMfD6wCZBo Bitcoin Price Prediction 2021 | Going Parabolic Jason Williams
S86uCWyLA3U Mass Adoption Bitcoin And NFTs | Miss Teen Crypto
TNnx6fa04_k Best NFTs To Buy in 2022 with Matt's Crypto
TQjjBBWDB0M Bitcoin Bear Market? | Going Parabolic Jason Williams
U04NSVIcm9s Living Unbanked Entirely Off Crypto | Joel Valenzuela
UrQqgutK2UE $2.3 Billion in Bitcoin BTC #shorts
W7X8hLRHJE0 Bitcoin Maximalist Argument with Udi Wertheimer
WHZaH8I7ZqA Zilliqa Coin AMA with Amrit Kumar
YNXswS_EvvA DON\u2019T BUY BITCOIN: From these places #shorts
Yf1i-p53Fbs Vaccine Passports, Bitcoin and DeFi  | Bruce Fenton
YhVElam3V2o UK crypto regulation is happening NOW! #shorts
Zdm506CWkBs Vaccine Passports | Konstantin Kisin
Zl-ZgCwuJ2o From McDonalds to Billionaire | CZ's Binance
_6C5KKXpOGU CBDCs and Bitcoin Regulation | Layah Heilpern on Fox Business with Charles Payne
_9icI3daIpg Can Bitcoin Be Banned? & Fed Interest Rates | Fox Business with Charles Payne
_QxDeEj5wCE Beniamin Mincu AMA Elrond Network!
_TE6stVQtvk College Drop Out to Crypto Entrepreneur with Cousin Crypt0
acm51011N34 The American Dream and Bitcoin with Charles Payne Fox Business
bVNCceCHRb0 Bitcoin Prediction 2022 on Fox Business with Charles Payne
bcaV0iBYqT8 From Poverty to Riches | John Kim
bdl3mj3o0G4 Bitcoin BTC Analysis: Covid19 | The Wolf Of All Streets
beg2NsZvAL0 WallStreetBets Short Squeeze 2022 Jaime Rogozinski
bh-OF2-Z1-k Is Ripple XRP a Security? | Michael Arrington
bn_TvE72Rxs Bitcoin Bull Run OVER? #SHORTS
dPrfRs2ns2I Cryptocurrency Mass Adoption | Ben Askren
dRY4ozzw2UU Polkadot, Solana Crypto 2021 and Cardano Analysis | Ran Neuner Crypto Banter
dbr3IysQTy4 NORTH KOREA | SCIENTOLOGY | TAKING ON PUTIN WITH JOHN SWEENEY
eLgN5VOVeZ0 TESLA LOSE 100% OF BITCOIN PROFITS #shorts
f30dfzeoREE China Mining Crackdown | Layah Heilpern
f51T3ZMFBn4 Tesla Buys Bitcoin | Bitcoin Liz
f529aOmIId4 How To Spot The Next 100x With Shash Gupta
g3jIjG1CkOU JPMorgan Bitcoin Price Prediction #SHORTS
gYx4P7tmBjw Bitcoin SV BSV 51% attack explained #shorts
gfwPiFLfSvE HEAL YOUR BODY WITH YOUR MIND | MIND BODY CONNECTION | DR. PHIL PARKER PhD
gzZQnMosMDo Bitcoin Price Analysis | Koroush AK
hiNh1w-Oit4 Woke Culture and Communism | Balaji Srinivasan
jKFF4t8n1dc Victim Mentality and the Feminization of Men | Ed Latimore
jV_A4FqPSew $72,000 BITCOIN NIGERIA #shorts
l4o8KhYYYII Bitcoin Bull Run 2021 | Meltem Demirors
lMGA1Haca2o Bitcoin Is Eating The World | Raoul Pal
lrwR39pZILo Bitcoin Mainstream Media and Journalism Bias | Leigh Cuen
m6U6f7tKyI0 Why Traditional Finance is OVER | Michael van der Poppe
n3tOj15ct-M BLM, Victim Mentality and Bitcoin | Hotep Jesus
nzsyhwjlVNc Penny Stocks to Buy Today! Young Investor
ouU4P1uTSFQ NFT Projects and Feminism | Marguerite deCourcelle
pJVGHh6WqoA Financial Inclusion and Crypto Collectibles | Crypto Eri
pniWYb9U93g Sex Tech and Augmented Reality in 2021 | Adryenn Ashley
qgqb7-7eVcQ Elon Musk, Dogecoin and Marketing | Aubrey Strobel
qk2E2yr-iXk How To Build In Crypto with Package Portal JG
r3LQN1Mrlro Bitcoin Tyranny Cancel Culture | Alex Feinberg
sUwaG3wZzUg Bitcoin to $1,000,000 THIS YEAR?! Mati Greenspan
shv3um4clYQ Bitcoin Supercycle 2021| Danny Scott
t13tQ_-f9wM $1.5 BILLION INTO BITCOIN!! ELON MUSK TESLA #SHORTS
tMr1zYFeIh4 China Bitcoin Mining Ban Explained | Matthew Graham
tXBGdvOwomU Monero Coin XMR: Monero vs Bitcoin | Fluffy Pony
tXiA3TB6egA Bitcoin Breakout $100,000 Incoming | Going Parabolic
vBxteSOyF4g What Is Purchasing Power: The Decline of The Pound 2021! #shorts
v_XU7MDDSUo How To Prevent CBDCs | Layah Heilpern on talkRADIO with Julia Hartley-Brewer
w88OJviIvtI Ripple XRP and Social Media Censorship | Michael Arrington
we_z42JIAbs Inflation Fears 2021 Emergency | Jeff Booth
wuxTPmF-ilo A Charlie Chaplin Radio Documentary
x1e0VwkDpQ4 Will Bitcoin Crash in 2021?! Anthony Scaramucci
xAhwYADZHfU Crypto Ban Nigeria | Bernard Parah
xWFRhA0MdIU Boxmining sold Bitcoin at $10!
xbG-l98MJ6Y Gamestop Short Squeeze Explained | BTC Sessions
xtgG4hvKYio Bitfinex Tether Explained & XRP News | Hailey Lennon
yJ5oWlKP_hE WHAT\u2019S THE DIFFERENCE BETWEEN DOGE AND BITCOIN #shorts
yfAS8UVrWrg Living Off Bitcoin! Didi Taihuttu The Bitcoin Family
