-JvZdxXLufw Alan Cumming | Life is Short | Justin Long
0RLuaxpHHy8 Ryan Phillippe | Life is Short | Justin Long
0gcMl-5Wky8 Jake Johnson | Life is Short | Justin Long
1BXyJ0opq6E Eva Longoria | Life is Short | Justin Long
1fHAglap3d8 Jon Bon Jovi | Life is Short | Justin Long
1hnxpACkyY8 Reggie Watts | Life is Short | Justin Long
1xLez1V6UOw Jim Gaffigan | Life is Short | Justin Long
2L_Mq6AjIpE Anna Faris | Life is Short | Justin Long
2lKnLnb_m2k Jeff Corwin | Life is Short | Justin Long
3MIK2j9by-4 Quarantine Check In #8 | Life is Short | Justin Long
4_b8o5OETzs Quarantine Check In #7 | Life is Short | Justin Long
4lXW8gk1ODE Virginia Madsen | Life is Short | Justin Long
4wx4xKglQ90 David Cross | Life is Short | Justin Long
59eDS1DxziI Joe Gatto | Life is Short | Justin Long
5IoPDw9wD_k David Koechner | Life is Short | Justin Long
5ahgHDX8Dtk Bobby Moynihan | Life is Short | Justin Long
6KHBciuTyZ4 Seth Green interview | Life is Short | Justin Long
6STT-PkMSp0 Katie Couric | Life is Short | Justin Long
6k-J8gWZACo Jonah Hill | Life is Short | Justin Long
6zPeu0MEiRI Zack Snyder | Life is Short | Justin Long
7t1ggBXDf-o Annaleigh Ashford | Life is Short | Justin Long
7ugpV2qsSxo Minnie Driver interview | Life is Short | Justin Long
9YgRow3l4vM Quarantine Check In #10 | Life is Short | Justin Long
9afZr_nlni0 Stephen Root | Life is Short | Justin Long
9lPCiwBsfrA Dan Harris | Life is Short | Justin Long
APcLnhXNUC8 Bethenny Frankel | Life is Short | Justin Long
BFN0jlita-4 Eiza Gonz\u00e1lez | Life is Short | Justin Long
BWuOgDXZsYU Wilmer Valderrama | Life is Short | Justin Long
CLTwwYzEbGs Michael Theo | Life is Short | Justin Long
CUSVuwdn4ug Chris Jericho | Life is Short | Justin Long
CtfDv8QMqTw Emmanuelle Chriqui | Life is Short | Justin Long
D-RD5HhELV0 Zachary Levi | Life is Short | Justin Long
DIf1DsN01Qk Howie Mandel | Life is Short | Justin Long
DMayEFUB1is Dave Bautista | Life is Short | Justin Long
DtCTi6KuGgk James Blake | Life is Short | Justin Long
EQsJ8_MsAcQ Beanie Feldstein | Life is Short | Justin Long
EkwxPyd4vT8 Lea Thompson | Life is Short | Justin Long
F7rAsJrwyeE Michael Pollan INTERVIEW | Life is Short | Justin Long
FDpRrElMplA Bill Nye | Life is Short | Justin Long
HD2zsL9CyOE Corey Feldman | Life is Short | Justin Long
Hosfk151_tc Dr  Jane Goodall | Life is Short | Justin Long
I4Mz9-jCd8A Olivia Wilde | Life is Short | Justin Long
IXN-QEGRIkw Neil deGrasse Tyson | Life is Short | Justin Long
JJlTIddTxyc Carrie Brownstein | Life is Short | Justin Long
JpCWnaYTnLw Leslie Jordan | Life is Short | Justin Long
KnuuW9VIeaw Matthew McConaughey | Life is Short | Justin Long
L180ujt6rQM Jeremy Renner | Life is Short | Justin Long
M3aJeaGN7pE Fran Drescher | Life is Short | Justin Long
M4iturN-Zno Deepak Chopra | Life is Short | Justin Long
MMHdRiAuZsc Maggie Q | Life is Short | Justin Long
Nm9WVkdQFno Nathan Lane | Life is Short | Justin Long
O18tSkD-yGo Robert Moor, host of Joe Exotic Tiger King | Life is Short | Justin Long
OCzd2SFJioI H. Jon Benjamin | Life is Short | Justin Long
OMB2z60W8vs John Hodgman | Life is Short | Justin Long
OY2HRRUoB0E Kevin Smith | Life is Short | Justin Long
OeSWg-BqGrk Al Roker | Life is Short | Justin Long
Ogo4pnq3V2c Judd Apatow | Life is Short | Justin Long
PVXO39EuUmE Barbara Corcoran | Life is Short | Justin Long
QQTw7hW_LW4 Rachael Ray | Life is Short | Justin Long
REZP4w8HSDs Darius Rucker | Life is Short | Justin Long
RNsg2sa5Sfg Katherine McNamara | Life is Short | Justin Long
RgPSSRNujy4 Quarantine Check In #2 | Life is Short | Justin Long
SFmMaSODv60 Sal Vulcano | Life is Short | Justin Long
SrqQ4_2W0Vg Will Forte | Life is Short | Justin Long
TkuJCPgHFiQ Sam Rockwell | Life is Short | Justin Long
ToIVmNChr10 Paris Hilton | Life is Short | Justin Long
U9M6RrcDX4U Nick Frost | Life is Short | Justin Long
UjdcJ7tga74 Alison Brie | Life is Short | Justin Long
VSW4zrDL_2k Bill Burr | Life is Short | Justin Long
VwotxxCmCC0 Ralph Macchio | Life is Short | Justin Long
Wf9UpCum6xc Alan Cumming | Life is Short | Justin Long
XFtbKlFbYHI Charlie Day | Life is Short | Justin Long
XH9wpVFOO8g Kal Penn | Life is Short | Justin Long
XaceIWLmtVQ Quarantine Check In #6 | Life is Short | Justin Long
Y8_Vzs-uh74 JB Smoove | Life is Short | Justin Long
YUZjGvTqGSc Rob Corddry | Life is Short | Justin Long
Yi3blZuwdD0 Alyssa Milano | Life is Short | Justin Long
YzSN-Z1rFwU Bobby Moynihan | Life is Short | Justin Long
YzhcfWwztek Roselyn Sanchez | Life is Short | Justin Long
ZhLTClnW4KE Alyssa Milano | Life is Short | Justin Long
ZhnarH5BSXo Rainn Wilson Intreview | Life is Short | Justin Long
Zz_I_xLpZj0 Tom Green | Life is Short | Justin Long
_Twzhbqrzkc Jason Biggs | Life is Short | Justin Long
a0WxMgz-zHo Lake Bell | Life is Short | Justin Long
b0n0axvgYD4 David Copperfield | Life is Short | Justin Long
b6DdTYw70QY Stanley Tucci | Life is Short | Justin Long
bETS9HabvZ4 Fred Armisen | Life is Short | Justin Long
bTkIs_AKlDg Neil Patrick Harris | Life is Short | Justin Long
dMUsa7a3Qro Max Greenfield | Life is Short | Justin Long
dNXtHxLP5uQ Zachary Quinto | Life is Short | Justin Long
dTKJeJ2x5hQ Quarantine Check In #4 | Life is Short | Justin Long
dU4M_0Am5Ps Kevin Bacon | Life is Short | Justin Long
dxDi-Zs0SsE Tom Cavanagh | Life is Short | Justin Long
e6hdxf0bXv0 Malin \u00c5kerman | Life is Short | Justin Long
eiQbSRKFl2A Judy Greer | Life is Short | Justin Long
fvkkEDPr5fc Julie Bowen | Life is Short | Justin Long
gBCuCc0QRUI Anna Chlumsky | Life is Short | Justin Long
gKTg_Thdxrw Rob Lowe | Life is Short | Justin Long
gMpYK_iypHE Tony Hale | Life is Short | Justin Long
g_CoKiMecXg Dax Shepard | Life is Short | Justin Long
gkmkwyrP1Fg Lewis Black | Life is Short | Justin Long
h8phHpSykeo Lena Dunham | Life is Short | Justin Long
h9poeI0GsY0 Ben Schwartz | Life is Short | Justin Long
hZobv3v099Q Alexandra Daddario | Life is Short | Justin Long
hkZ6vM_Eikk Aimee Mann | Life is Short | Justin Long
i1bsoBx2H9Y Theresa Caputo the Long Island Medium | Life is Short | Justin Long
iBiJrdfooXc Roselyn Sanchez | Life is Short | Justin Long
iDYiupsGTvM Zooey Deschanel | Life is Short | Justin Long
icDW9R69jCM David Harbour | Life is Short | Justin Long
isr7WOWohgk Rob Riggle | Life is Short | Justin Long
jEH8z57_Fo0 Fortune Feimster | Life is Short | Justin Long
jPNJ-KPKzQ0 Corey Feldman | Life is Short | Justin Long
jRCXGamBGsg Jesse Eisenberg | Life is Short | Justin Long
jwDsnsAwjEk Taran Killam | Life is Short | Justin Long
k7ifso-9eGE Quarantine Check In #5 | Life is Short | Justin Long
l2cUPzLHitE Cecily Strong | Life is Short | Justin Long
lO7FhOmkzHY Nick Kroll | Life is Short | Justin Long
lSfUnwMQWII Josh Groban | Life is Short | Justin Long
lx8fDH8j7Tw Amy Sedaris | Life is Short | Justin Long
mTex7u3p4d4 Jeff Garlin | Life is Short | Justin Long
mlnPrT0lQ7E Gina Gershon | Life is Short | Justin Long
nBkEl3KDiuQ Adam Carolla | Life is Short | Justin Long
nGNy5C0aWVw Amanda Knox | Life is Short | Justin Long
nRqx12GH014 John Stamos interview | Life is Short | Justin Long
n_6vrlQGFDQ David Duchovny | Life is Short | Justin Long
ov8rR-c8ca0 Tim Robbins | Life is Short | Justin Long
p1fP9bdXhGo David Copperfield | Life is Short | Justin Long
pDmEBiIG29Q Chelsea Handler | Life is Short | Justin Long
pFGpLoEm1hI Dr  Jane Goodall | Life is Short | Justin Long
pUF41NK_ta0 Quarantine Check In #3 | Life is Short | Justin Long
pa6k_Tnc96E Vince Vaughn | Life is Short | Justin Long
pnMagg03WpQ Mo Rocca | Life is Short | Justin Long
qCC-VrE1_Nk Cobie Smulders | Life is Short | Justin Long
qF683ACnsVs Dan Harris | Life is Short | Justin Long
qfTP68l0eEI Lamorne Morris | Life is Short | Justin Long
qkiaMVzhtNs Jameela Jamil | Life is Short | Justin Long
rD8eIkuC7O4 Sara Bareilles | Life is Short | Justin Long
sYmF-Qam7j0 Billy Zane | Life is Short | Justin Long
sfiR-PaGujg Melanie Lynskey | Life is Short | Justin Long
sxl7_tnA21I Adam Brody | Life is Short | Justin Long
tUzmT_KFF-U Joe Gatto | Life is Short | Justin Long
tYxnaTQ7sHk Fred Savage | Life is Short | Justin Long
tZwgCl8ym1U Quarantine Check In #1 | Life is Short | Justin Long
uM4CDFW_ac8 Donald Faison | Life is Short | Justin Long
ur1FD9rfuvE Abbi Jacobson | Life is Short | Justin Long
vNsV7Kp8O1Q Wolfgang Puck | Life is Short | Justin Long
vaO1up_U9GY D\u2019Arcy Carden | Life is Short | Justin Long
wOTBG9M-qEM Grandma Jody | Life is Short | Justin Long
wXALfR1nzwI Joel McHale | Life is Short | Justin Long
w_NlwO_tJko Eric Bauza | Life is Short | Justin Long
xDmlHzu40AA Quarantine Check In #9 | Life is Short | Justin Long
xO9N3JNBSI0 Steve Zahn | Life is Short | Justin Long
ySNvRcBWLb0 Anthony Mackie | Life is Short | Justin Long
yT-t_xKK8ek Luis Guzman | Life is Short | Justin Long
z-R1zRRFk3Q Neal Brennan | Life is Short | Justin Long
z5R1nVadPWk Louie Anderson | Life is Short | Justin Long
