--w3FIYfZgo Aggretsuko | N-ko Presents | Netflix Anime
-01O-G8wJvA Planets of EDENS ZERO | Netflix Anime
-5M4lbEpn6c BEASTARS Season 2 OP (Clean) | Kaibutsu - YOASOBI | Netflix Anime
-A-KbFXa4aI DRAGON PILOT: Hisone & Masotan | Multi-Audio Clip: First Flight | Netflix Anime
-Ey6f-P7di4 N-ko's nails match her ribbon
-X0W-dh0rP0 Meet the Marked Children | Children of the Whales | Netflix Anime (SPOILERS)
-ZH5k-9u7Ko A.I.C.O Incarnation | Multi-Audio Clip: Yuya Knows Aiko's Truth | Netflix Anime
-ZYFCtgLfsE N-ko Recommends... Live-Action?! | The N-ko Show | Netflix Anime
-_qlvj8kheI Beautiful Dreams (Part 1) | Pretty Guardian Sailor Moon Eternal The Movie | Netflix Anime
-ikC5FRZNwU Anime Pro Tips: When the Cards Are Stacked Against You | Kakegurui | Netflix Anime
-kjEpntVH2c Anime to Watch: Hot and New January 2022 | Netflix Anime
-ngGOEOQcOU Kiki's Delivery Service | Multi-Audio Clip: Tombo Takes Kiki for a Ride | Netflix
-oVGhluMxxg BNA | Clip: Pitches Be Crazy | Netflix Anime
-olCiqsOXqM Neon Genesis Evangelion | Multi-Audio Clip: A Surprisingly Savage Shinji | Netflix Anime
-wKeFAODA7Y A Letter to My Mother | Netflix Anime
-weby6W8FNY BEASTARS | Multi-Audio Clip: Legoshi Goes Berserk | Netflix Anime
-xGgmoUK6Nk How To Keep Your Wife Happy | The Way of the Househusband | Netflix Anime
08KYpPaeNkk Trash Taste x Super Crooks - A Trash Taste Lost Episode | Netflix Anime
08doL7xHH5I Tatsu Gives Kid's Room a Makeover | The Way of the Househusband | Clip | Netflix Anime
0J2iXsNl5Uo High-Rise Invasion | Multi-Audio Clip: Bloody Battle with Chef Mask | Netflix Anime
0NArPvj6_A4 Akidearest and N-ko Animate Gift Exchange | Netflix Anime
0O5XY8sZwUI Netflix Festival Japan 2021 | \u30a2\u30cb\u30e1Day (Anime Day)
0YRjZeoJntU Cowboy Bebop Cast Ask Each Other Questions | Cowboy Bebop | Netflix Anime
0Z1LFOK6M6E An Insane Battle for Humanity | N-ko Presents: Record of Ragnarok | Netflix Anime
0f8fUSSwLtk Devastatingly Cute Romance Anime \u2764\ufe0f | The N-ko Show | Netflix Anime
0xIVsz3E-6M Dota Fans Only | DOTA: Dragon's Blood | Netflix Anime
0xYx2-shBIs Adam\u2019s Reason To Fight | Record of Ragnarok | Multi-Audio Clip | Netflix Anime
0yXgm5RX6Ck (Spoilers) Komi Can't Communicate | Weekly Roundup Episode 5 | Netflix Anime
10BSW5155tQ Pacific Rim: The Black | Official Trailer #2 | Netflix Anime
1JE2CoiRPeU N-ko Whispers
1PcdwYyrwhg The Sounds of Sawano | Hiroyuki Sawano Interview | Mobile Suit Gundam Hathaway | Netflix Anime
1Pjz1gnRXWA The Suitors of Aggretsuko | Netflix Anime
1TGFKu8FXgc Super Crooks | Official Teaser | Netflix Anime
1TnWvXYR8D4 The Awakening of Witch Regret | EDENS ZERO | Clip | Netflix Anime
1Ykbdi94frI EDENS ZERO | Official Trailer | Netflix Anime
1kpMYj2IHlU N-ko Challenges You in Rock, Paper, Scissors | N-ko Shorts | Netflix Anime
1sYaxqExokQ Anime YouTubers React to SHAMAN KING! | Netflix Anime
20hcTad8EWk Spirited Away | Multi-Audio Clip: Bo-Mouse Reenact Chihiro Saving Haku | Netflix
24z_poHGR0E The Cuphead Show! | Official Trailer | Netflix Anime
26vXTYUm5Cg Guess the Anime Title ft. Gigguk and Akidearest | Netflix Anime Club | Netflix Anime
2BLICk30nzI Five More Awesome Baki Finishes (EXTREME GORE) | Netflix Anime
2HU6R_8SyRs Neon Genesis Evangelion | Multi-Audio Clip: Don't Run Away | Netflix Anime
2PYkyvLU6z8 SAINT SEIYA: Knights of the Zodiac | Multi-Audio Clip: Burn Your Cosmos | Netflix Anime
2RIPAnaNZWk Transformers: War for Cybertron: Earthrise | Multi-Audio Clip: Megatron's Plans | Netflix Anime
2aW4g5tyNws Perfect Bedtime Anime | The N-ko Show | Netflix Anime
2a_qbQsQ4Eg Rilakkuma and Kaoru | Clip: The Bear Grudge | Netflix Anime
2akKxyvapIM Arcane | Official Trailer | Netflix
2htS_GQRX48 BASTARD\u203c -Heavy Metal, Dark Fantasy- Anime Announcement Special Event | Netflix Anime
2lTcOe6I-GE Five Superpowered Fights | B: The Beginning | Netflix Anime
2pX8NgUDUlw Anime for Busy People | The N-ko Show | Netflix Anime
31C3i18w81c Legoshi Wants to Look in Juno's Mouth | BEASTARS | Clip | Netflix Anime
352_T-yIonI Analyzing Baki's Butt Slap | Baki Hanma | Expert Reaction | Netflix Anime
35NhicIaGcc Godzilla Singular Point | N-ko Presents | Netflix Anime
37D_5_rwNPI Anime movies to watch when you're feeling down | The N-ko Show | Netflix Anime
3HeuwUotNc4 Netflix x Anime Trending Ranking Reveal: Anime Soulmates (ft. Gigguk and Sydsnap) | Netflix Anime
3I-9K4riuXY revisions | Multi-Audio Clip: SDS Team Complete! | Netflix Anime
3IhCjxVjM-A Trese | Official Trailer | Netflix Anime
3pasTSnv59Q Tekken: Bloodline | Official Teaser | Netflix Anime
3q7tWkLBgO8 Boris Tepes Dracula Appears! | SHAMAN KING | Clip | Netflix Anime
3zWPBTm2AZU When Marnie Was There | Multi-Audio Clip: A Fanciful Party | Netflix
4-BlPestGVU Isekai Anime Recommendations | The N-ko Show | Netflix Anime
4-YNrsiWikM Baki Hanma | Official Trailer #2 | Netflix Anime
41o6ejvkrv0 The Midnight Gospel | N-ko Presents | Netflix Anime
44zU4fLWYjw A Whisker Away | Multi-Audio Clip: Cat-tacular Fantasies of Hinode | Netflix Anime
46VPlhji7E8 N-ko Asks if You Want to Go Premium | N-ko Shorts | Netflix Anime
49ZjRErUkyI N-ko Reacts to Your Comments | The N-ko Show | Netflix Anime
4Jwki9rZyCA Arcane Now Streaming | Netflix Anime
4UonMu7jB4w Mouth-Watering Anime Food \ud83e\udd24 | The N-ko Show | Netflix Anime
4WV83SGqBL0 ULTRAMAN Season 2 | Teaser Trailer | Netflix Anime
4_8VWrBZRdc TIGER & BUNNY 2 | Main Trailer | Netflix Anime
4h_1ZwS5PzU B: The Beginning | Multi-Audio Clip: An Explosive Car Chase
4pRAMyBxa5I Netflix x Anime Trending Ranking Reveal: BAKI (ft. The Anime Man & Akidearest) | Netflix Anime
4q50c2C5fvs Blue Period | Weekly Roundup Episode 1 (Spoilers) | Netflix Anime
4v7j837f-Yk The Dragon Within | DOTA: Dragon's Blood | Netflix Anime
4z_OnvU4t7c A Gruesome Exorcism | The Witcher: Nightmare of the Wolf | Clip | Netflix Anime
52bnKAWf990 N-ko is loading... | N-ko Shorts | Netflix Anime
57PS8IAog6I Tales from Earthsea | Multi-Audio Clip: Lord Cob Gets Angry | Netflix
5DnHqWSCW5Y My Neighbors the Yamadas | Multi-Audio Clip: Lost in the Department Store | Netflix
5FhWyCK2chE Cowboy Bebop | Anime Date Announcement | Netflix Anime
5H1qhkv_Grg Eden | Official Trailer | Netflix Anime
5IvDd1mKfo4 What Makes Great Anime Tick? ft. Akidearest | Save the Cat! Goes Anime | Netflix Anime
5KcmqKJHtpY Blood of Zeus | Multi-Audio Clip: Zeus Family Gathers at Arena | Netflix Anime
5X8VwQqjTtQ Scissor Seven Season 3 | Official Trailer | Netflix Anime
5nD-cYDfkDA Live Action vs. Anime | Kakegurui | Netflix Anime
5t2GZ3IRydQ How To Make Vitality Pills | Daily Life of the Immortal King | Clip | Netflix Anime
5ysyVwxzG_E Thermae Romae Novae | Opening Theme | Netflix Anime
62bInQxvo3k Spriggan | Official Teaser #2 | Netflix Anime
6B6_Mcr39G8 Levius | Multi-Audio Clip: Levius vs. Malcolm: A Fight of Dignity | Netflix Anime
6CExsamOljA The Kaijus of Godzilla Singular Point | Netflix Anime
6EU801sKWpY We Found Each Other in a Gritty World | Dorohedoro | Netflix Anime
6H_nT6kbB9A Kengan Ashura | Multi-Audio Clip: Setsuna Kiryu Wants to Kill Ohma Tokita and Then Some
6HedbfbE5Uk Alien Showcase (Part 2) | Ultraman | Netflix Anime
6Sby8-UDIa4 Super Crooks OP | ALPHA - TOWA TEI with Taprikk Sweezee | Netflix Anime
6WoCw0w_XPs Meet Voice Actor Pepe Vilchis | Anime en espa\u00f1ol | Netflix Anime
6XaxnMQOtBQ SEIS MANOS | Multi-Audio Clip: Shoot Out in the Police Station | Netflix Anime
6aE_xhDwppw The Tale of the Princess Kaguya | Multi-Audio Clip: Cherry Blossom Magic | Netflix
6elZkJtv0yM A Whisker Away | Liar - Yorushika | Promotion Video | Netflix Anime
6u-exHvLkS4 Great Pretender | Multi-Audio Clip: Abbie Gone Wild | Netflix Anime
6vH8JNyHGbE B: The Beginning Succession | Multi-Audio Clip: Family Reunion | Netflix Anime
70NhEBzLKU8 Spirited Away | Multi-Audio Clip: Don't Breathe, Chihiro! | Netflix
72s812JLEqg N-ko Becomes a Robot | N-ko Shorts | Netflix Anime
7QuUmBUIFbM Arrietty | Multi-Audio Clip: Arrietty's Secret Haven | Netflix
7URh4QHwP60 GRANRODEO Performs \
7a7xAW8dtVs THE CUPHEAD SHOW! | Japanese Cast Trailer | Netflix Anime
7aOUk97Kto4 Kakegurui | Multi-Audio Clip: \
7gFQfvwgl8Y DOTA: Dragon's Blood | Multi-Audio Clip: Davion Ate a Ring? | Netflix Anime
7ksu9H03Dao Castlevania | Multi-Audio Clip: Welcome to Dracula's Castle | Netflix Anime
7n9JGuR0HrY Komi Can't Communicate Part 2 Trailer | Netflix Anime
7p7riQD4XAc Anime to Watch: What's Hot July 2021 | Netflix Anime
7pY7ezOg82c Horohoro's Guide To Staying Cool | SHAMAN KING | Netflix Anime
7plDPzL8Vhw Eden Deep Dive with Robot Creator Takayuki Furuta | Hisanori Yoshida's FUKABOLIX | Netflix Anime
7tQDMSKZmlw High-Rise Invasion Survival Guide | Netflix Anime
88T4Ej9d6TE (Spoilers) Secrets Behind the Scissor Seven Season 3 Story Arc | Netflix Anime
8ADXXUuENDc Anime Pro Tips: How to Survive in Space | The Orbital Children | Netflix Anime
8BxCSRho-nM N-ko Is a Baby | N-ko Shorts | Netflix Anime
8Prijnm8n9U Blood of Zeus | Official Trailer | Netflix
8TMibLdjzDQ Kakegurui | Multi Audio Clip: \
8YN9SbAZhek What to Know Before Watching Mobile Suit Gundam Hathaway | Primer | Netflix Anime
8aJ6xRjf4-g Kakegurui | Clip: Be My Idol Partner | Netflix Anime
8gvMOK7qEXA Jet Jaguar Lives! | Godzilla Singular Point | Multi-Audio Clip | Netflix Anime
8hgiFaHzAFQ Claire Redfield's Encounter | Resident Evil: Infinite Darkness | Multi-Audio Clip | Netflix Anime
8qsA_DmMSnU We Lift in a Society | Anime Muscles AMV | Netflix Anime
8xWOuCFp3cI Eden | Multi-audio Clip: Robots Can Learn to Dance! | Netflix Anime
8zgnn_nvkzM Only Yesterday | Multi-Audio Clip: Taeko, Meet Toshio | Netflix
8zkbBasndWY Wang Ling Saves His Parents' Marriage! | The Daily Life of the Immortal King | Clip | Netflix Anime
9C0nx3u1vFA Monster Hunter: Legends of the Guild | Official Trailer | Netflix Anime
9F3tapfaoVQ Mamoru Under Pressure | Pretty Guardian Sailor Moon Eternal The Movie | Clip | Netflix Anime
9Lw4uU-C91g N-ko Presents Cowboy Bebop | Koichi Yamadera (Spike Spiegel) Interview | Netflix Anime
9_GNQFCedo4 The Way of the Househusband OP (Clean) | Shufu no Michi - Uchikubigokumon-Doukoukai
9a-011xwJWs Komi Can't Communicate | Weekly Roundup Episode 1 (Spoilers) | Netflix Anime
9eB4so9s-Vc Kabaneri of the Iron Fortress: The Battle of Unato | Clip: Am I Human? Or a Kabane?
9hs16azeO18 SWORDGAI | Multi-Audio Clip: The Blood Thirsty Sword \
9rOy24X6hFo More Mind-Blowing Sakuga | Attack on Titan | Netflix Anime
A0FTqiLFdAc Little Toys, Big Meaning | Great Pretender | Netflix Anime
A0wg3Zkxq1c STAND BY ME Doraemon 2 | Official Teaser | Netflix Anime
A15oWXWPjhA Pacific Rim: The Black | N-ko Presents | Netflix Anime
A25xEmPNmBM High-Rise Invasion | Official Trailer | Netflix
A8deNyp9YlM Nobunaga Shimazaki - Voice Actor Deep Dive What Say You! | Netflix Anime
AAzGG9JOxTQ Good Morning from N-ko\ud83d\udc0f
AHZSG203AYo Bubble | Official Teaser | Netflix Anime
ALo71yL3iMI Netflix x Anime Trending Ranking Reveal: The Seven Deadly Sins (ft. CDawgVA and Gigguk)
AaUFrKNo3HM Anime Merchandise in Japan | The N-ko Show | Netflix Anime
AiUNcewtW3k Anime Pro-Tips: Household Edition | Netflix Anime
AjCJcJ5dmgk Pacific Rim: The Black | Multi-Audio Clip: A Chance Encounter | Netflix Anime
AkD1ktSWn-E Translator's Notes | Komi Can't Communicate | Name Meanings | Netflix Anime
AkpY17GyuAM Channel Trailer | Welcome to Netflix Anime
Ap99cFhPb8E Whisper of the Heart | Multi-Audio Clip: Shizuku's Adventures with Baron | Netflix
AudT7Av-pv4 ULTRAMAN Season 2 | Official Trailer | Netflix Anime
Az6owyVMWgg Interview With Fairouz Ai | JoJo's Bizarre Adventure STONE OCEAN | Netflix Anime
B-XyDToAmU0 Mecha Madness | Anime Robot AMV Supercut | Netflix Anime
B0fD6jLPzaw Forest of Piano | Multi-Audio Clip: Champing to Play Chopin | Netflix Anime
BD5dh80KRk8 Netflix x Anime Trending Ranking Reveal: Anime Dads (ft. The Anime Man and CDawgVA)
BQdF9h-u6j8 Scissor Seven Season 3 Round Up (Spoilers) | Netflix Anime
BU--ttm4nYs Princess Mononoke | Multi-Audio Clip: \
BUfSen2rYQs Violet Evergarden: the Movie | Official Trailer | Netflix Anime
BWFLkh84OL4 Live-Action TV Faves | The N-ko Show | Netflix Anime
BYqWmWIatRI Neon Genesis Evangelion | Multi-Audio Clip: Unit 01 Awakens | Netflix Anime
Bcao59wsmy4 Kengan Ashura | Multi-Audio Clip: KENGAN Match is About to Begin! | Netflix Anime
BdKfcyr15sA 2022 Anime Preview with N-ko | Netflix Anime
BgOp_PcwNRc Scissor Seven | Multi-Audio Clip: Beefing Up for Meat Balls | Netflix Anime
BoxuLk50Mgg BEASTARS | Multi-Audio Clip: Legoshi Saves Juno | Netflix Anime
Bv8TpNzJDZQ Blue Period (Spoilers) | Weekly Roundup | Episode 5 | Netflix Anime
BxqXZbwQ0TI The Tale of the Princess Kaguya | Multi-Audio Clip: Bamboo Shoot Princess | Netflix
C-e-M_HOQ-c Thus Spoke Kishibe Rohan | Multi-Audio Clip: No Ordinary Six Pack | Netflix Anime
C0o-5700-_I Alien Showcase (Part 1) | Ultraman | Netflix Anime
CC2Zprh58Cs Li Yunxiang Fights To Protect the Hospital | New Gods: Nezha Reborn | Clip | Netflix Anime
CFPBFIeVarQ The Witcher: Nightmare of the Wolf | Teaser Trailer | Netflix Anime
CFh4bE5m_Zo Floating N-ko
CQj4_8geHd0 Neon Genesis Evangelion | Multi-Audio Clip: A Rare Rei Smile | Netflix Anime
CRLRt6GlGLk Baki | Multi-Audio Clip: | Sea Emperor Kaku's Flick | Netflix Anime
CWB0LaO4iUk N-ko Becomes a Doll | N-ko Shorts | Netflix Anime
CY2uP2Ry8LE Legoshi Reveals His Inner Beast | BEASTARS | Netflix Anime
CcE2tuPJ-ME Tetra Is Awesome Supercut | The Witcher: Nightmare of the Wolf | Netflix Anime
Ccg4n1ygFGA The Anime Man and Akidearest join Anime Club
CdSOcV-wwpg The Assassins of Scissor Seven Are Wild | Netflix Anime
CtnLtn5OZLQ Transformers Stop Motion: Episode 5: The Bot Dance Off | Netflix Anime
D3IL5eClkuE Castlevania | Multi-Audio Clip: Lenore Is Eager For Hector's Hammer | Netflix Anime
D4lxRyItDl8 Ocean Waves | Multi-Audio Clip: A Tennis Sensation | Netflix
D7w_R2UiZYc Being an Anime Fan in Thailand feat. Softpomz | Netflix Anime
DCQFy71kwfY Dorohedoro | Clip: Celebrating the New Year! | Netflix Anime
DDZNJswWZlA The World of DOTA (feat. SirActionSlacks & Sheever & ODPixel) | DOTA: Dragon's Blood | Netflix Anime
DJe48cZin9s Epic Brothel Battle | Bright: Samurai Soul | Clip | Netflix Anime
DKHcTyn8Rpk Kasey, Kasey, Kasey! | Super Crooks | Netflix Anime
DKfjeJ2yXsg Anime to Watch: Hot and New March 2022 | Netflix Anime
DRY2wHO8Vbk Vesemir Fights Tetra In Flames [SPOILER] | The Witcher: Nightmare of the Wolf | Netflix Anime
DViXZ0aSgQM Eden | Multi-audio Clip: Sara's Lonely World | Netflix Anime
DY7MtLK2OH8 BAKI | Multi-Audio Clip: Retsu Kaioh Runs Across Water | Netflix Anime
Dj-O1fqAHKY The Tragic Wingman of Toradora! | Netflix Anime
Dk2FjaeCbi4 Spirit Integrations and Over Souls | SHAMAN KING | Netflix Anime
Duc5d4z0laY JoJo\u2019s Bizarre Adventure STONE OCEAN | Date Announcement | Netflix Anime
DzSfReB0FGY N-ko Makes Sheep Sounds | N-ko Shorts | Netflix Anime
DzVu9VqGobk Time to Attack the World! | The Way of the Househusband | Netflix Anime
DzdSGJ1WQQ4 revisions | Multi-Audio Clip: A Botched Exchange | Netflix Anime
E9EcebFsU4s SAINT SEIYA: Knights of the Zodiac | N-ko Presents | Netflix Anime
EAzPYLCda6g Yoh and Amidamaru Spirit Intergrate | SHAMAN KING | Clip | Netflix Anime
EFOIK2Z7sZ4 Little Witch Academia | Multi-Audio Clip: Chariot's Show | Netflix Anime
ELdTb-qqQJQ Masters of the Universe, Resident Evil, Godzilla, & More | GEEKED WEEK | Day 4 | Netflix Anime
ELsGEbcp92M Thermae Romae Novae | Creator Mari Yamazaki Interview | Netflix Anime
EMPnetBr9OM Words Bubble Up Like Soda Pop | Trailer | Netflix Anime
EW8Oc3Mj804 Yasuke | Official Teaser | Netflix Anime
EeS-akYp2jk Yatora's Road to Art Glory | Blue Period | Netflix Anime
Eh9uZ6V1QVE Anime Step by Step | Record of Ragnarok | Netflix Anime
EkAEOiSqZY8 Aggretsuko | Clip: Fenneko, the Online Investigator | Netflix Anime
EsBHll5wPg8 BEASTARS | Clip: An Awkward NSFW Encounter | Netflix Anime
Ew-HenBFnbo Welcome to Netflix Anime's MEGA-RICH 2021
F4z0Ozm6ddw DOTA: Dragon's Blood | Teaser | Netflix Anime
FDrgsLJGhaY Anime Worlds I Want to Visit | The N-ko Show | Netflix Anime
FEi82IiWLrE uwu | Netflix Anime
FIL9jV_aJBg Miku Turns Into a Magical Girl | The Way of the Househusband | Clip | Netflix Anime
FTGVH-W2ntc Castle in the Sky | Multi-Audio Clip: Dola Gives Pazu a Lesson | Netflix
F_i_sQuf1JE High-Rise Invasion | Multi-Audio Clip: Batter Up! | Netflix Anime
FbBXNpe714I The Friendzone | BEASTARS | Netflix Anime
FerY7qQflfU Maya and the Three | What if It Had an Anime Opening? | Netflix Anime
FnO7V9mZMNU Vesemir Teaches a Lesson | The Witcher: Nightmare of the Wolf | Clip | Netflix Anime
GBY9Tyap8_E DOTA: Dragon's Blood | Multi-Audio Clip: Mirana and Davion Share a Drink | Netflix Anime
GEezd7nLX2Y N-ko Tries to Write Anime Titles in Kanji | Netflix Anime
GGtr50yzvc0 BEASTARS | Clip: The Secret of the Egg Sandwiches | Netflix Anime
GaZqTmsLH04 N-ko Presents: High-Rise Invasion | Netflix Anime
Gj9Jy4zShiM Great Pretender | Clip: Edamura Turns Over a New Leaf? | Netflix Anime
GjlN-5hXH-o N-ko's Ultimate Gundam Quiz! | Mobile Suit Gundam Hathaway | Netflix Anime
GtPkVBWM3Po Guess the Anime Title ft. The Anime Man and CDawgVA | Netflix Anime Club | Netflix Anime
Gu2TSRtCQ3k Cast Interview | Child of Kamiari Month | Netflix Anime
Guxx_KTm_6M Howl's Moving Castle | Multi-Audio Clip: Gather Around For Breakfast! | Netflix
Gwqx8ou19r8 Sasaki Kojiro VS Poseidon | Record of Ragnarok | Multi-Audio Clip | Netflix Anime
H2eZ_moR5us Dead Moon Circus | Pretty Guardian Sailor Moon Eternal The Movie | Clip | Netflix Anime
H45QwzCV1O4 Spike Meets Ein | Cowboy Bebop | Clip | Netflix Anime
H5AT-hl1pZI Transformers: War for Cybertron Trilogy - Kingdom | Official Trailer | Netflix Anime
H9CWPJJf1SY Chill Anime for a Hot Summer | The N-ko Show | Netflix Anime
HCMlh_cVlUE Creatures of the Night | Anime Creature AMV | Netflix Anime
HDqLOIVp6iE Escape from Dragonhold | DOTA: Dragon's Blood | Clip | Netflix Anime
HFrcY9dzmFg Rilakkuma and Kaoru | Clip: Rilakkuma Runs Away from Home | Netflix Anime
HHgpcQaGHMU Flavors of Youth | Multi-Audio Clip: Rice Noodle Sakuga | Netflix Anime
HO340uIyt-Q Cherry Bumps into Smile | Words Bubble Up Like Soda Pop | Netflix Anime
HQJdQRbW9s0 The Power of Jolyne's String | JoJo's Bizarre Adventure STONE OCEAN | Clip | Netflix Anime
HZj6PTVtdAs Mobile Suit Gundam Hathaway BTS | Anime Step by Step | Netflix Anime
He-xDX4TalE High-Rise Invasion | Multi-Audio Clip: Masked Maid Madness | Netflix Anime
HgwIz90uzTg Violet Evergarden | Clip: Anne's Tears | Netflix Anime
HjSS1XC6xyg Nee, Nee! | N-ko Shorts | Netflix Anime
HmOSLJnc1QQ Kill Count | The Witcher: Nightmare of the Wolf | Netflix Anime
Ht9S1YoMY6M DOTA Survival Guide | DOTA: Dragon's Blood | Netflix Anime
HtkfAYnw8as The Way of the Househusband | Multi-Audio Clip: The One Thing Tatsu Can't Do | Netflix Anime
HvTZTQNqpEQ AniTubers and REAL Cats Watch A Whisker Away | Netflix Anime
HwOSP8e1t5Q Kawaii Anime Animals | The N-ko Show | Netflix Anime
HwsbvIJzT-I Wake Up! | N-ko Shorts | Netflix Anime
I2CWtgh-zas Sturgill Simpson Presents Sound & Fury | Clip: Ultra-Violent Anime Madness | Netflix Anime
I4edFZmJDVs Pacific Rim: The Black | Multi-Audio Clip: Arriving at the Shadow Basin | Netflix Anime
IIaTzLJJ3ZA High-Rise Invasion ED (Clean) | My Name is BLUE - Have a Nice Day! | Netflix Anime
IJqp0nOgFpo Ingress: The Animation | Multi-Audio Clip: Makoto's Leap of Faith | Netflix Anime
IV0-SYn3YuM Blue Period | Official Trailer | Netflix Anime
IXsURQxoGe8 BEASTARS Season 2 | Official Trailer | Netflix
IadWfYiLrwI Kabaneri of the Iron Fortress: The Battle of Unato | Multi-Audio Clip: Meet Mumei | Netflix Anime
IcRXdmrJQYA BEASTARS Season 2 Date Reveal | Netflix Anime
IfRSk7i_DMc Dorohedoro | Clip: En's Mushroom Magic | Netflix Anime
Ij6zIzAZ6jI Robots of Eden | Netflix Anime
IoOcToyWEXc Anime Attacks | Transformers Stop Motion: Episode 4 | Netflix Anime
IsJLBSAJJxo The Way of the Househusband | Multi-Audio Clip: Yakuza Yoga | Netflix Anime
IuMJmD8rjdA Behind the Scenes With Kenjiro Tsuda | The Ingenuity of the Househusband | Netflix Anime
IwgIwvBzd7g Tsunoda's Dating Tips | Aggretsuko | Netflix Anime
J7dJb7KY6Ks Leon Fights Mice B.O.W. In a Submarine | Resident Evil: Infinite Darkness | Clip | Netflix Anime
J9jQEkefJ0E Komi Can't Communicate | Monthly Roundup Episode 8-12 (Spoilers) | Netflix Anime
JFpEMYh7k8Q Howl's Moving Castle | Multi-Audio Clip: Howl's Bad Hair Day | Netflix
JGP0ANZJnJg Can Eleven Woo DaChun? | Scissor Seven | Clip | Netflix Anime
JIeRx4AOS-0 Production Line Partnerships 2020 | Announcement | Netflix Anime
JLYWg34Iavk Dino Girl Gauko | Multi-Audio Clip: Mom's Birthday Surprise | Netflix Anime
JTf9ZYSJpA8 Anime to Watch: What's Hot and New November 2021 | Netflix Anime
JeG3uADR43A Elite x Kakegurui: Dear Diary | Anime Meets Live-Action | Netflix Anime
JfiUDfu03HI Davion and Bram Re-united | DOTA: Dragon's Blood | Netflix Anime
Jj185Opdqs4 The Lion's Den in Five Languages | BEASTARS | Netflix Anime
JjOJPbkPpTw Monster Hunter: Legends of the Guild | Official Trailer | Netflix Anime
JofxV0ehN2s Detective Conan: Zero's Tea Time | Official Trailer | Netflix Anime
JpfyoKsVzSI N-ko counts to ten in Spanish
JzQsnpp8bQs Mumei and Ikoma | Kabaneri of the Iron Fortress: The Battle of Unato | Netflix Anime
K0GeTLtMpUE Castle in the Sky | Multi-Audio Clip: Sheeta's Wisdom | Netflix
K2DBwZ4o8Gs Congalala VS Deviljho | Monster Hunter: Legends of the Guild | Clip | Netflix Anime
K8aGrEVsuG0 Mind-Blowing Sakuga Moments | Attack on Titan | Netflix Anime
KA-lWsXZJj0 N-ko Presents: B: The Beginning | Netflix Anime
KFslICPyE90 BEASTARS Season 1 Recap | Get Caught Up for Season 2 | Netflix Anime
KGkZ8wXHcNw Virtually Reality | Transformers Stop Motion Episode 2 | Netflix Anime
KNxwA7sd34s Cowboy Bebop Live Action Reaction ft. Trash Taste and N-ko | Netflix Anime
KUvnAu_7gHs Kakashi\u2019s Bell Test | Naruto | Clip | Netflix Anime
KW8e0Kl52m8 BAKI - Anime Step by Step | Netflix Anime
KWB_DO0dZzc Blue Period | Monthly Roundup Jan. '22 (Spoilers) | Netflix Anime
KgQ6zBKHm9M The Seven Deadly Sins: Dragon's Judgement | Teaser Trailer | Netflix
KjTldTjvTmM Jorge Gutierrez Anime A to Z Quiz | Maya and the Three | Netflix Anime
KlChdYW7940 How To Survive The T-Virus | RESIDENT EVIL: Infinite Darkness | Netflix Anime
L-E3FmBl5yo Spike Climbs Stairs For One Hour | Cowboy Bebop | Netflix Anime
L10eFGty3yQ Anitubers React to Trese | Netflix Anime
LB-hap955qw Bye Bye Butterfree | Pok\u00e9mon The Series: Indigo League | Clip | Netflix Anime
LUjwy6SlKxw Fenneko Cracks Haida's Password | Aggretsuko | Clip | Netflix Anime
LUlHSwivLdw Mobile Suit Gundam Hathaway for Beginners | N-ko Presents | Netflix Anime
L_DXxkG1CmU N-ko counts sheep
LcQbbYYECTI Altered Carbon: Resleeved | Multi-Audio Clip: Ninja Sleeve Encounter | Netflix Anime
LdFb33v_fOU BAKI! BAKI! BAKI! | N-ko Presents: BAKI | Netflix Anime
LvJ4rhA0SQM Cheat for Cheat: Volund\u00fcr | Record of Ragnarok | Multi-Audio Clip | Netflix Anime
LvwikjkUPI4 The Disastrous Life of Saiki K. | Multi-Audio Clip: Mikoto's Side Hustle | Netflix Anime
LylV3jlcMbk SHAMAN KING Season 1 Part 3 Trailer | Netflix Anime
M-RMOBvZZxQ Komi Can't Communicate ED (Clean) | Hikare Inochi - Kitri | Netflix Anime
M6XBTmukvJE Ultramarine Magmell | Multi-Audio Clip: The Angler of Magmell  | Netflix Anime
M9e8eeKDg6c Manta Shows His Resolve | Shaman King | Clip | Netflix Anime
MADd6o4gtbI Neon Genesis Evangelion | Multi-Audio Clip: Jet Alone | Netflix Anime
MCWwy2UOKtE Little Witch Academia | Clip: In It To Win It!  | Netflix Anime
MGjU5UOfVxU Godzilla Singular Point | Teaser Trailer 2 | Netflix Anime
MILVrYskpvI Nausica\u00e4 of the Valley of the Wind | Multi-Audio Clip: The Ancient Legend | Netflix
MSBYmn6SoKs Japan's Best Con Artist | N-ko Presents: Great Pretender | Netflix Anime
MeDvkZQpuhg Baki Hanma OP (Clean) | Treasure Pleasure - GRANRODEO | Netflix Anime
MfgU16w9ev0 Five Awesome BAKI Finishes (EXTREME GORE) | Netflix Anime
MsldxM5VjyE Between Two Robots: An Interview with Two (Minor) Stars | Eden | Netflix Anime
MzxnPP5TLeU Mobile Suit Gundam Hathaway | Official Trailer | Netflix Anime
N-n2w1wdz40 The Children Overcome Challenges | The Orbital Children | Clip | Netflix Anime
N3XNEN0KSQ8 Guess the Anime Characters ft. Akidearest and Gigguk | Netflix Anime Club | Netflix Anime
N3b0zFZxkHg The Way of the Househusband | Multi-Audio Clip:When the Store Clerk Geeks Out On You | Netflix Anime
NBVT3arSUJo UFC Champion Israel Adesanya talks Baki, Anime Influences and Legacy (ft. YonkouProductions)
NB_AYk6GLDY Tales from Earthsea | Multi-Audio Clip: Sparrowhawk to the Rescue | Netflix
NEjNsAiXUws Komi\u2019s Cutest Expressions (and Cat Ears) | Komi Can't Communicate | Netflix Anime
NF7OYEFhRgA It's Time to Suit Up | Ultraman
NPflcqTx6Qo A Whisker Away | Clip: A Chase Through the Island of Cats | Netflix Anime
NSfGtQkxnuY BAKI | Multi Audio Clip: (NSFW) Yujiro Gives Baki a Lesson while He's in Bed with His Girlfriend
Ngd8Ba3cKUI This Was Surprisingly Tough | N-ko\u2019s Anime Title A to Z Quiz | Netflix Anime
NjhPX1U_Fhg The Witcher: Nightmare of the Wolf | Anime Trailer | Netflix Anime
NzkH-tvdQPQ High-Rise Invasion OP (Clean) | HON-NO - EMPiRE | Netflix Anime
O-p0LkaJsc0 Komi Can't Communicate Episode 1 Digest | Netflix Anime
O0D4hdRELJ8 Kiki's Delivery Service | Multi-Audio Clip: When You're Stuck In a Slump | Netflix
O1RF3BAD2sI Godzilla Singular Point | Multi-Audio Clip: Jet Jaguar vs. Rodan | Netflix Anime
O3pSabO0QZw Only Yesterday | Multi-Audio Clip: A Likely Excuse | Netflix
OB5qax3dA7E Transformers: War for Cybertron: Earthrise | Multi-Audio Clip: A Surprising Allegiance
OCcfnP8y644 Pixiv Drawfest Highlights with Great Pretender's WIT Studio | Netflix Anime
ODvviwy5VwM Hero Mask | Clip: Lenox Wants a Word with James | Netflix Anime
OHQY-xhu3v8 Trick or Anime! | N-ko Shorts | Netflix Anime
OKwsuOfFECI CDAWGVA & GIGGUK join Netflix Anime Club | Netflix Anime
OLLDTZgmZhM Transformers: War for Cybertron Trilogy - Earthrise | Official Trailer | Netflix
Oh9mSuKKRKs My Neighbor Totoro | Multi-Audio Clip: Satsuki's Breakfast | Netflix
OkibMLdv8YA Porco Rosso | Multi-Audio Clip: Is It Because I'm a Woman or Too Young? | Netflix
OoEU8GnGlcU Princess Mononoke | Multi-Audio Clip: \
OrhY8cQXQik N-ko Practices \
P2bYJNBPKiY Happy Birthday Netflix & N-ko!
P2kmlM2lAvM Anime to Make You Cry | The N-ko Show | Netflix Anime
P3Nhayq9fFg GRANRODEO Interview at Netflix Anime Festival 2020 | BAKI
P6n0GcmpJx4 Yoh vs Silver | SHAMAN KING | Netflix Anime
P8j50ByEd7w Dorohedoro | Multi-Audio Clip: Caiman and Nikaido's Epic Fight | Netflix Anime
PELmJNPFI4Y Yasuke | Multi-Audio Clip: Nobunaga's Final Order | Netflix Anime
PKjIi4gKoCU ID-0 | Multi-audio Clip: Epic Orichalt Escape | Netflix Anime
PMeG41X9Y_E Anime Pro Tips: How to Do Battle With Gods | Record of Ragnarok | Netflix Anime
PP5DueWWtCM Legoshi Hears Tem's Ghost? | BEASTARS | Multi-Audio Clip | Netflix Anime
PU7LvAQpZk0 How Rumina And Baki Met | Baki Hanma | Clip | Netflix Anime
PWbDQySi8YY N-ko Flies | N-ko Shorts | Netflix Anime
PbfiO4VsfbE Rilakkuma and Kaoru | N-ko Presents | Netflix Anime
Pc0E6HgW2rg Baki | Weekly Anime Recommendation | The N-ko Show | Netflix Anime
PeteNUvwfzw Intro to B: The Beginning - Complete Recap | Netflix Anime
Pr6vj7tlXt8 VTubers and robots have a lot in common | N-ko Presents: Eden | Netflix Anime
Ptoamk9rPvM N-ko Says Ara Ara | N-ko Shorts | Netflix Anime
Q1izzqvkpOI AniTubers React to the BADASSERY of Yasuke | Netflix Anime
Q6QyH7q2Kis Devilman Crybaby | Multi-Audio Clip: Devilman's Savage Power | Netflix Anime
QAIRwndndMc Maya vs. Zatz | Maya and the Three (Japanese Dub) | Netflix Anime
QB7zorWwJM8 N-ko wakes you up
QCJ5rY0T01Y Eden x Space Sweepers | Anime Meets Live-Action | Netflix Anime
QKAee2agfdM B: The Beginning Succession | Multi-Audio Clip: A Night of Betrayals | Netflix Anime
QP-vBZVvdEM Behind the Scenes With Yoko Kanno | Cowboy Bebop | Netflix Anime
QQBbsWjYYUI Nausica\u00e4 of the Valley of the Wind | Multi-Audio Clip: Beneath the Sea of Decay | Netflix
QQqWN9WqPiw What Is A Multi-Audio Clip Explained ft CDawgVA | Netflix Anime
QRPCFMor4QY Yasuke Slices a Bunch of Dudes | Yasuke | Netflix Anime
QW0sL-3wDNw BEASTARS Season 2 Roundup ft. YOUR Comments | Spoilers | Netflix Anime
QbsR17gqWvg Aggretsuko | Clip: Is there Another Woman? | Netflix Anime
QcH4Aoj7K08 Meet the Heroes (feat. SirActionSlacks) | DOTA: Dragon's Blood | Netflix Anime
QjiXLaqvZSg Hi Score Girl | Multi-Audio Clip: Ono and Koharu Face Off | Netflix Anime
QpyQ_0i2NU8 Komi Can't Communicate | Main Trailer | Netflix Anime
Qs-IiYU9cg8 Good Night \ud83d\udc0f N-ko
QsugeYpOe-g Tatsu and the Doggo | The Way of the Househusband | Clip | Netflix Anime
QtOKgxglydw Yunxiang Fights Six-Ears Macaque | New Gods: Nezha Reborn | Clip | Netflix Anime
QyIocuPptGQ Porco Rosso | Multi-Audio Clip: Let The Duel Begin! | Netflix
QzX9dVCy8Vw Sirius the Jaeger | Multi-Audio Clip: Epic Jaeger vs. Vampire Fight | Netflix Anime
R1OHY41vryU N-ko Tries Netflix Games | Netflix Anime
RD-ylq0kA4I Thank You For 2021 | N-ko Shorts | Netflix Anime
REgOnIYSoJo Thus Spoke Kishibe Rohan | Official Trailer | Netflix
RJFTD-2_6lk Anitubers React to the HUMOR of Scissor Seven | Netflix Anime
RPlSODLTPaE Komi Can't Communicate | Monthly Roundup Episode 6 and 7 (Spoilers) | Netflix Anime
RW65TrcE24M Kanna Stops Time | Child of Kamiari Month | Clip | Netflix Anime
Rc8WLtqeU3M Vampires of Castlevania: Meet the Fang Gang | Netflix Anime
RcWUdz4DDek Pacific Rim: The Black | Official Trailer | Netflix Anime
Rp9Mp34qZow Yatora's Blue Shibuya | Blue Period | Clip | Netflix Anime
Rt-i8_bfEro Resident Evil: Infinite Darkness | MoCap Behind the Scenes | Netflix Anime
S5BKA2XJlGU A Whisker Away | Clip: Muge's Love Letter Cat-astrophe | Netflix Anime
S9UyTLf6dzI GHOST IN THE SHELL: SAC_2045 | Multi-Audio Clip: California Road Battle | Netflix Anime
SIOF3fJ-umA Dorohedoro | Clip: Chota's Magical Recipe | Netflix Anime
SK_UBgjDKbw Dragon Pilot: Hisone & Masotan | Clip: Love Life On Gifu Air Base!?
SKjQYD8Awdg Masters of the Universe: Revelation - Part 2 | Official Trailer | Netflix Anime
SOPaPCFvMXg From Up on Poppy Hill | Multi-Audio Clip: The Eclectic Clubhouse | Netflix
SQd-vYeQRmU OTMGirls Interview at Netflix Anime Festival 2020 | Aggretsuko
Sg_ztt6-SmQ Scissor Seven | Multi-Audio Clip: Man Bites Dog | Netflix Anime
Sk0kaD8DXQI Art University Graduate Reacts to Blue Period | Expert Reaction | Netflix Anime
SpvtgL39dc4 Aggretsuko | Multi-Audio Clip: Washimi Was Married? | Netflix Anime
SsKtF2F9vMs Bright: Samurai Soul Director/Voice Actors Special Talk | Netflix Anime
T-n7uZ8sAwA After a long day... - N-ko
T496s69IzNA Trese | Multi-audio Clip: Bagyon Kulimlim's Ominous Overcast | Netflix Anime
T9XK6uuUkSc Favorite Slice of Life Anime | The N-ko Show | Netflix Anime
TASVR6bbf78 Space Debris Detected | The Orbital Children | Clip | Netflix Anime
TEfIGktbwmI Pretty Guardian Sailor Moon Eternal The Movie | Official Trailer | Netflix Anime
TJ_-MDXVbNE N-ko Asks Netflix Employees What Anime They Like | Netflix Anime
TJpgv0NrD3E Suzaku's Lancelot vs. Kallen's Guren | Code Geass: Lelouch of the Rebellion | Netflix Anime
TKPuFH0YrG8 SAINT SEIYA: Knights of the Zodiac | Multi-Audio Clip: Seiya the Gold Knight | Netflix Anime
TTa-7m92JLE Yunxiang's Bike Is Not For Sale | New Gods: Nezha Reborn | Netflix Anime
TW-y5RjZOLw Anime Truth Or Lie?! ft. Akidearest & CDAWGVA | Netflix Anime Club | Netflix Anime
TcA_m42GmZo revisions | Multi-Audio Clip: | Keisaku's Revenge | Netflix Anime
TewiP_1y3BM Navigating Social Situations as an Introvert | The Disastrous Life of Saiki K.: Reawakened
TtApfEnfnQI Summer Sports Anime | The N-ko Show | Netflix Anime
Ty5hDHekq80 Cowboy Bebop | Official Trailer | Netflix Anime
TyajZ6YLUrc TUDUM Pre-show \
UAHjZMMU8Gs The Seven Deadly Sins Creator Suzuki-sensei Interview | Netflix Anime
UBD5qbIA4Oo Anime Pro Tips: How to Succeed as an Art Student | Blue Period | Netflix Anime
UCgLQc3ODpY Ash Protects Pikachu From Spearows | Pok\u00e9mon The Series: Indigo League | Clip | Netflix Anime
UE1tJKRN060 Anime to Watch in June 2021 | Netflix Anime
ULseevtGZH8 Tension Between Ya BEASTARS Bois | Netflix Anime
UTJfwG1oqpc Devilman Crybaby | Multi-Audio Clip: Akira's New Vibe | Netflix Anime
Uaa1byIkkOY Eden | Date Announce | Netflix Anime
UntXI9BPpsw Spike Meets Bounty Hunter Andy | Cowboy Bebop | Clip | Netflix Anime
V--UCVHLzAY Earwig and the Witch | Official Trailer | Netflix
V1h3K4I8kvk Aggretsuko: Season 4 | Official Trailer | Netflix Anime
V5yPePvP5ew Crashing the K-Wave | Transformers Stop Motion Episode 1 | Netflix Anime
V8dyG12sMLk Kusuo\u2019s Daily Disasters | The Disastrous Life of Saiki K.: Reawakened | Netflix Anime
VRUv8qCIrl8 Adam by Eve: A Live in Animation | Teaser Trailer | Netflix Anime
Vt4zSf3CfRA BASTARD\u203c -Heavy Metal, Dark Fantasy- | Teaser Trailer | Netflix Anime
VtO_UNjO_aQ Aftershow with SirActionSlacks & Sheever & ODPixel | DOTA: Dragon's Blood | Netflix Anime
Vvfcq3kfyog VTuber and AniTubers React to Aggretsuko Season 4 | Netflix Anime
VvqLApioKSc SHAMAN KING Season 1 Part 2 Trailer | Netflix Anime
VzQeCYbhZ8Q Love is In The Air | Anime Romance AMV | Netflix Anime
W1AxZ-4XBnQ My Neighbors the Yamadas | Multi-Audio Clip: A Thrilling Wedding | Netflix
W8Wom8jCNUU Netflix Festival Japan 2021 | Anime Day (ENGLISH STREAM)
WGmxqf5_UOM Eden Global Release Special Event  | ENG SUB  | Netflix Anime
WI0RTUeHToo Neon Genesis Evangelion | Clip: Asuka Suits Up | Netflix Anime
WLzmLUtVkxA Kotaro Lives Alone | Official Trailer | Netflix Anime
WWBF92vYT7U The Disastrous Life of Saiki K. Reawakened | Multi-Audio Clip: Best Buds for Life | Netflix Anime
WXzhKOYLtnM N-ko Gives You A Tour Around Netflix Anime Creators' Base | Netflix Anime
W_IHBdy1eAo Horror Anime to Give You Goosebumps | The N-ko Show | Netflix Anime
Wpo1jAAF5yc N-ko Behind the Scenes | N-ko Shorts | Netflix Anime
XImWUxxUiCo Record of Ragnarok | Official Trailer 2 | Netflix Anime
XZCic71LdxM Ann's Letters | Violet Evergarden: the Movie | Clip | Netflix Anime
XdPFT6Mg1uo Five Balls to the Wall Insane Moments | Back Street Girls -GOKUDOLS- | Netflix Anime
XhQKEx_aTwo The Amazing Beastmen Transformations of BNA | Netflix Anime
XnseVYTF8_0 Violet Evergarden | Multi-Audio Clip: Violet's Emotional Final Letter | Netflix Anime
XoHrkv6Otrw Devilman Crybaby and the World of Masaaki Yuasa | N-ko Presents | Netflix Anime
XqXurfKdhNw Thus Spoke Kishibe Rohan | Multi-Audio Clip: Rohan's Table Manners | Netflix Anime
XtU7BCvdNqU Dorohedoro ft. Gigguk | N-ko Presents | Netflix Anime
XyM77kuOCxQ Spriggan | Teaser Trailer | Netflix
Xz1bQCzxB2g Surviving an Apocalypse | Japan Sinks: 2020 | Netflix Anime
Y0T5TwEB7xo Edens Zero | Official Trailer | Netflix Anime
Y3aOOsO2QuA Kanna and Yasha Race | Child of Kamiari Month | Clip | Netflix Anime
Y7WUrzuEJeM The Balete Tree Trials | Trese | Multi-Audio Clip | Netflix Anime
YB_hLuMGFqM Nobita's Grandma's Wish | STAND BY ME Doraemon 2 | Netflix Anime
YDy9C0LzqUs Children of the Whales | Multi-Audio Clip: When Chakuro Met Lykos | Netflix Anime
YExhsEA8RDQ A Heartwarming Yakuza Comedy | The Way of the Househusband | Netflix Anime
YXPV-UHKOYY The Idhun Chronicles | Clip: An Epic Sword Fight | Netflix Anime
YbLHbP77Wts Who is... Alexandra Trese? | Netflix Anime
Yh0W2yiWlwo Scissor Seven | Multi-Audio Clip: Seven Hits on Thirteen | Netflix Anime
Yj4r6iDOOvw What Say You! A Day in the Life of Voice Actor Yuki Kaji | Netflix Anime
Yk4g9XfwNQE A Brave New World (feat. SirActionSlacks) | DOTA: Dragon's Blood | Netflix Anime
Yk8MZ6Qd0Fo Baki Voice Actor Reads Manga Out Loud | Netflix Anime
YlKvk9v9-as Scissor Seven | Multi-Audio Clip: Chairman Jiang Has a Beauty Filter | Netflix Anime
YoFUTpHlsps Castlevania | Multi-Audio Clip: Alucard's Memories | Netflix Anime
YpXjE9gl4HE Najimi Can't Concentrate in the Library | Komi Can't Communicate | Clip | Netflix Anime
YpZNlK9GdHE Being a Househusband Is No Joke | N-Ko Presents: The Way of the Househusband | Netflix Anime
Yu8efgPv35E Record of Ragnarok Reaction | Anitubers get HYPED! | Netflix Anime
YuJDV1ewv24 Ash\u2019s Squirtle Shenanigans | Pok\u00e9mon | Clip | Netflix Anime
Yz9g6OrbCGU The Cat Returns | Multi-Audio Clip: Haru, Meet Baron Humbert von Gikkingen | Netflix
ZAKsU-U5SE8 DOTA: Dragon\u2019s Blood: Book 2 | Official Trailer | Netflix Anime
ZBWFjEqpaFs Homura Meets Valkyrie | EDENS ZERO | Clip | Netflix Anime
ZFYwVAS0iaU Mitsuo Iso Interview | The Orbital Children | Netflix Anime
ZGh1wCr6Gtc Merry Christmas From N-ko | N-ko Shorts | Netflix Anime
ZIQiMxCkxAg Violet Evergarden | Clip: Olivia's \
ZOHH_NyaSsM Vesemir and Illyana's Moonlight Kiss | The Witcher: Nightmare of the Wolf\uff5cNetflix Anime
ZQOLb96M7Zo The Evolution of Jet Jaguar (Spoiler Alert) | Godzilla Singular Point | Netflix Anime
ZTkdCBSZbno Violet's Love | Violet Evergarden: the Movie | Clip | Netflix Anime
ZUr90LC2nqA BEASTARS x Our Planet: The Gray Wolf | Anime Meets Live-Action | Netflix Anime
ZVieNbSl9U8 Survival Guide: Otaki Factory Edition | Godzilla Singular Point | Netflix Anime
ZaneJlQfXvA N-ko's Ghost in the Shell: SAC_2045 Primer | Netflix Anime
ZdccyvGRALo B: The Beginning Succession | Multi-Audio Clip: Impressive Vocabulary for Slander | Netflix Anime
Zeb6Y4wZbpM Bright: Samurai Soul | Behind the Scenes | Netflix Anime
Zm_eI5Zs8-s A Fateful Run in Five Languages | Devilman Crybaby (SPOILERS) | Netflix Anime
ZoXRTQFOrqE Forest of Piano | Multi-Audio Clip: The Mysterious Piano | Netflix Anime
Zr-vW3th2Ts When Marnie Was There | Multi-Audio Clip: It's Not a Dream | Netflix
ZtlG-DdShEM Dorohedoro | Multi-Audio Clip: Hole Baseball | Netflix Anime
ZzgpBbrd5hc Violet's Expressions | Violet Evergarden the Movie | Netflix Anime
_9HxsIYORyE Record of Ragnarok | Official Trailer | Netflix Anime
_D2statICww Pretty Guardian Sailor Moon Eternal The Movie | Announcement | Netflix Anime
_I6bbbSZCe0 Great Pretender Reaction with Anitubers | Netflix Anime
_Kcg0AG4KF4 Bright: Samurai Soul | Miyavi Featurette | Netflix Anime
_grmduuECm4 Violet Evergarden | Now Streaming | Netflix
_lmn16npMXw Violet Evergarden | Multi-Audio Clip: Meet Violet Evergarden | Netflix Anime
_n_yIN3BaWY Cannon Busters | Multi-Audio Clip: Sam and Kelby's Secret Birthday Celebration | Netflix Anime
_qjSgoN3_mk A Visit to Animate, Japan's Anime Megastore | Netflix Anime
_qmsx7XLL3s Castlevania | Multi-Audio Clip: Lenore the \
_t3Mu4ES0SQ The Seven Words of Arcturus (Part 2) | Little Witch Academia
_tMfpmBQJ7Y The Orbital Children | Teaser Trailer | Netflix Anime
_uCzmpsp4q4 Fishing for Video Game Anime ft. Gigguk and CDawgVA | Netflix Anime Club
_y1QKosdZFo Anitubers React to the Angst of Aggretsuko | Netflix Anime
a3J4KbvIslA The Orbital Children | Official Trailer | Netflix Anime
aC0M8AZjiRw Learn Japanese From Dragon Maid! | The N-ko Show | Netflix Anime
aEPkke8YQLQ DOTA: Dragon\u2019s Blood: Book 2 | Mood Teaser | Netflix Anime
aFnCynZLjBA The Blade-Clashing Battles of Sword Art Online | Netflix Anime
aOURrUisPXM Hathaway's Secret | Mobile Suit Gundam Hathaway | Multi-Audio Clip | Netflix Anime
aS0yhKMErdU Necromancer VS Union Of Justice | Super Crooks | Clip | Netflix Anime
aaUKYAgnmP0 Rules of the Race | Trese | Multi-audio Clip | Netflix Anime
afN1XtfszYU B: The Beginning: Succession | Official Trailer | Netflix Anime
an_3lSHkgwY Rebecca Blasts Off With Happy | EDENS ZERO | Clip | Netflix Anime
ao-CDityrVU Anitubers React to the AWE-INSPIRING Scenes of Eden | Netflix Anime
b-UQ1LwtMWY Shall We Pause? | N-ko Shorts | Netflix Anime
bNj26qRTj8k Drifting Dragons | Multi-Audio Clip: Sky Pirates! | Netflix Anime
bQxzq5MGTYo Meet Voice Actor Francisco Junior | Anime em portugu\u00eas brasileiro | Netflix Anime
bSHZSDm9Zjw Netflix Anime Festival 2020 Highlights
bS_Qcl7eGq8 Netflix Anime Club: Anthro Anime Special | Netflix Anime
bTZQ-qMftPE Anime Pro Tips: How to Survive Office Life | Aggretsuko | Netflix Anime
bXmCWrnsZ44 The Cat Returns | Multi-Audio Clip: The Cat King's Parade | Netflix
bYnddkWVFKM Flavors of Youth | Multi-Audio Clip: Shanghai, Summer 1999 | Netflix Anime
bZ1mz94uhk8 N-ko Can Shake it | N-ko Shorts | Netflix Anime
bdeTO2f9Etk N-ko - Thank you for 500k subs!
bdixXLFGWpU Komi Can't Communicate | Weekly Roundup Episode 3 (Spoilers) | Netflix Anime
bdrqjBwJTLs Assassin's Guide to Killing - Scissor Seven Edition | Netflix Anime
bj0KO8VqMrQ N-ko needs to ask a favor
bprc4aE7O74 These BNA Plot Twists Got Our Fur Tangled in Knots | Netflix Anime
bqpMplY2qaA Levius | Multi-Audio Clip: A True Champ's Fight | Netflix Anime
bruWrnw2trM Castlevania | Multi-Audio Clip: Alucard, Trevor, and Sypha 2.0 | Netflix Anime
bx_YiPSz6yc World's Strongest Man | N-ko Presents: Kengan Ashura | Netflix Anime
bz7P6K5KCxA Kakegurui | Multi-Audio Clip: Yumeko and Mary Team-up! | Netflix Anime
c0k1PgsnIYg Interview With Yugo Kanno | JoJo's Bizarre Adventure STONE OCEAN | Netflix Anime
c7uNuv1r-N0 A Whisker Away | Clip: Muge Jumps! | Netflix Anime
c9qfF9pMnKo N-ko Searches Her Own Hashtag | Netflix Anime
cFAEnXGkfqA Binge-worthy Anime | The N-ko Show | Netflix Anime
cMJbK2genLA ULTRAMAN | Multi-Audio Clip: Three Minutes of Ultra Power | Netflix Anime
cOPiOGoH0a0 AniTubers React to The Daily Life of The Immortal King | Netflix Anime
cPcKooaP5Z8 N-ko's Blue Period Art Challenge | Netflix Anime
ch0MUw7DNiQ Moments of Anger | Aggretsuko | Netflix Anime
cnV1z31FBmc Transformers: War for Cybertron: Siege | Multi-Audio Clip: The Showdown | Netflix Anime
cqGDKYHsxAI The Many Gods of Child of Kamiari Month | Netflix Anime
cvZ9thKolOA The Way of the Househusband | Trailer | Netflix Anime
cwHr_fUw7K0 N-ko Update: Ears activated
cwQkQubLZ58 Blue Period | Weekly Roundup Episode 2 (Spoilers) | Netflix Anime
cwYKk-jQ63o Anitubers React to BEASTARS | Netflix Anime
d3RQYjmDRgg Ponyo | Multi-Audio Clip: Sosuke Saves Ponyo | Netflix
d6POLlADp30 AniTubers React to the Madness of BAKI | Netflix Anime
d7AtBDKhDwU Bright: Samurai Soul | Official Trailer | Netflix Anime
dDSzIY2Vv2E Drifting Dragons | Multi-Audio Clip: The Glittering Dragon | Netflix Anime
dHGqT14xfs8 Rouis x Legoshi's Rise to Power | BEASTARS | Spoilers! | Netflix Anime
dMoRLmkXCvY Anime to Watch: Hot and New February 2022 | Netflix Anime
dO0dCVJB0nk The Powerhouse Process | Netflix Anime
dP3RRSIc8tY Arrows Away! | Godzilla Singular Point | Multi-Audio Clip | Netflix Anime
dRzzW50NiaU TUDUM Anime Spotlight | Teaser | Netflix Anime
dSWWs392_BA DOTA: Dragon\u2019s Blood | Official Trailer | Netflix Anime
daHMPoT5Nos The Brotherhood of Dietfried and Gilbert | Violet Evergarden | Netflix Anime
dfghatCVUPE Thus Spoke Kishibe Rohan | Multi-Audio Clip: Rohan Confesses | Netflix Anime
doYEkhY5cGQ Komi Can't Communicate | Weekly Roundup Episode 2 (Spoilers) | Netflix Anime
dtP7E2bt2t0 The Last Survivors on the Planet of the Monsters | GODZILLA
duFm8ng8P4c Kakegurui | Multi-Audio Clip: Yumemi Yumemite Is Our Idol! | Netflix Anime
e4THwaZtpD4 Legoshi's Intense Hyena Battle | BEASTARS | Clip | Netflix Anime
e5dOeSsg2aY Yasuke - Anime Step by Step | Netflix Anime
e6y8k19KGEY Anna Fights Hao's Shikigami | SHAMAN KING | Clip | Netflix Anime
eBcKnaSkb-I Child of Kamiari Month | Official Trailer | Netflix Anime
eJ3WYCZuKbA The Wind Rises | Multi-Audio Clip: We Must Try to Live | Netflix
eS4Eh792Xt0 The Halloween Episode | The N-ko Show | Netflix Anime
eSlz6DO-y34 The Spirit of Letters in Five Languages | Violet Evergarden | Netflix Anime
ea8QQ6w3ltY Netflix Anime Mega-Rich 2 Hour Special | Shiraishi, Kaji, Tsuda, Kohno, Shimazaki, and Kobayashi
elQVa5wzAa4 Spike Bar Fight, Faye Decker Chase | Cowboy Bebop | Clip | Netflix Anime
elvjdvKSpCU 3 Minute Yasuke Primer | Hisanori Yoshida's FUKABOLIX | Netflix Anime
emfi14WR0fc N-ko Bites Into Castlevania Season 4 | Netflix Anime
emuHFsxWtnM Women Kick Ass | AMV | Netflix Anime
enluDrDT63M Baki's Girlfriend Kozue Gets Kidnapped by Sikorsky | BAKI | Multi-Audio | Netflix Anime
ethrGoxLLf4 Translator's Notes | Scissor Seven | Netflix Anime
exCgjuKi9dA Rilakkuma and Kaoru | Clip: Rilakkuma Gets Kidnapped! | Netflix Anime
eyJ74J9aSDA Anna's the Queen of Comebacks | SHAMAN KING | Netflix Anime
f4A2P-g_Rfg Anime for the Whole Family | The N-ko Show | Netflix Anime
fDEZrIWP4Fk Castlevania | Multi-Audio Clip: Germain's Dream | Netflix Anime
fG1Mf78js8k Anime to Watch: What's Hot September 2021 | Netflix Anime
fHZT_yimrHQ Hal & Legoshi: Will They or Won't They? (NSFW) | BEASTARS | Netflix Anime
fLoSfkpa9-c B: The Beginning Succession | Multi-Audio Clip: An Epic Showdown | Netflix Anime
fOMZURVMGLg Anime YouTubers React to Super Crooks Episode 1 | Netflix Anime
fZouXzinnKw Zombie Anime | N-ko Presents | Netflix Anime
feoLJSCGS-Y (Spoilers) Komi Can't Communicate | Weekly Roundup Episode 4 | Netflix Anime
fl7SAXD-ihY Thus Spoke Kishibe Rohan | Multi-Audio Clip: Rohan's Rules | Netflix Anime
flNIENRw_lg Anime to Watch: What's Hot August 2021 | Netflix Anime
flhNp7exJWg BAKI | Clip: \
ftms6S1xA0c Anitubers React to the HILARIOUSNESS of The Way of the Househusband | Netflix Anime
fuf-MqN_FLo Barely Bearing It | Rilakkuma and Kaoru | Netflix Anime
fwYc3N8y4Ro NiNokuni | Multi-Audio Clip: A Rush to Save Kotona | Netflix Anime
gEmB0zb2HTY BEASTARS | Clip: Legoshi and Bill's Bathroom Showdown  | Netflix Anime
gRjcYGrpJz4 TRUE Performs \
gdDD-VQJHlA Yasuke | Multi-Audio Clip: Saki's Daring Escape | Netflix Anime
gfk1oRVRmJk How Will Baki Escape From Prison? | Baki Hanma | Clip | Netflix Anime
gi9PfF_h_Mg How Powerhouse Animation Creates Epic Fights | Netflix Anime
glyi0WjBki0 Go Behind the BEASTARS Scenes with N-ko | Netflix Anime
goN78xTgo-M Every Time Davion Gets Naked | DOTA: Dragon's Blood | Netflix Anime
gsJfbyK5kGo Salunga Emerges | Godzilla Singular Point | Multi-Audio Clip | Netflix Anime
h3pWIv6B2cw Born to Fight - Stan Bush | BAKI x Kengan Ashura | Music Video | Netflix Anime
hGQxg_FEKx8 JoJo\u2019s Bizarre Adventure STONE OCEAN | Official Trailer | Netflix Anime
hLDPJdaFjl8 The Way of the Blade | Anime Sword AMV | Netflix Anime
hLd5cEGkMxY ID-0 | Multi-audio Clip: Rick Confides in Amanza | Netflix Anime
hOAczrjDxQY How to Pull a Perfect Con | Great Pretender | Netflix Anime
hP3rkFTJX0k N-ko sits down
hSCHlMeX3IQ Arcane | Final Trailer | Netflix Anime
hVzG_1yI62M High-Rise Invasion | Teaser Trailer | Netflix
ha11qveAcCM The Cat Bar in Five Languages | A Whisker Away | Netflix Anime
hdtRKKyzoNg Eden's Marika Kono's Newfound Love For Sci-Fi | Hisanori Yoshida's FUKABOLIX | Netflix Anime
heBdlh3Bc3E Pacific Rim: The Black  | Date Announce | Netflix Anime
hhisJgKA1vU Kotaro Lives Alone | Teaser Trailer | Netflix Anime
hj_4KIKHRFY The Wind Rises | Multi-Audio Clip: The Looming War | Netflix
hq0nojshuk0 What Is This Dance? | N-ko Shorts | Netflix Anime
hu-BAqaUwTs Cagaster of an Insect Cage | Clip: Ilie and Kido's Promise | Netflix Anime
hvsg4PO_ya4 GREAT PRETENDER | Multi-Audio Clip: Cynthia's Beautiful Memory | Netflix Anime
i0aXYKd13XI Ponyo | Multi-Audio Clip: Shipshape! | Netflix
i0tg9GRhHok Seven VS Prince of Stan  | Scissor Seven | Clip | Netflix Anime
i4-IKavpjkY HERO MASK | Multi-Audio Clip: Car-flipping Scruffle | Netflix Anime
i5y9nfHs4Sw Thermae Romae Novae | Japanese Cast Announcement | Netflix Anime
i8xuLOjIgnE Trouble at the Circus! | Pretty Guardian Sailor Moon Eternal The Movie | Clip | Netflix Anime
iWIoODxVdOE Anime Truth Or Lie?! ft. Gigguk & The Anime Man | Netflix Anime Club | Netflix Anime
icJUbB27b9w Adam by Eve: A Live in Animation | Official Trailer | Netflix Anime
iiSXg3zowM4 Kakegurui | Clip: Do You Know How to Gamble? | Netflix Anime
irUfl06RE0A The Best Non-Japanese Animation | The N-ko Show | Netflix Anime
j0erDEWaQAo Translator's Note | The Way of the Househusband | Netflix Anime
j0gOYnNPQpk The Way of the Househusband ED (Clean) | \
j1p-crfnhls Netflix Mega-Rich 2 Hour Special Voice Actor Photo Shoot Behind the Scene Interview | Netflix Anime
j36byzUL9gE What Avatar Did Shiki Choose? | EDENS ZERO | Clip | Netflix Anime
jBHKT7_GFqU Floating World - Area 11 | Music Video | Netflix Anime
jMo_DSla53M What Attack on Titan Means to Me (ft. Akidearest, Rachel Florencia, Softpomz) | Netflix Anime
jPW9MtTKH_E Ono's Soothing Sounds | Hi Score Girl | Netflix Anime
jPwkn3Falto DOTA: Dragon's Blood - Anime Step by Step | Netflix Anime
jQ8PMOM6cms Favorite Anime Songs | The N-ko Show | Netflix Anime
j_0aBLn-FUI Neon Genesis Evangelion | Multi-Audio Clip: Fighting in Perfect Sync | Netflix Anime
jbht9RxBcbM Drifting Home | Teaser Trailer | Netflix Anime
jdglARJ1Cn4 Altered Carbon: Resleeved | N-ko Presents | Netflix Anime
jtjFvt6PXWc Yeah! | Super Crooks | Netflix Anime
k0KNU9UVSV4 Baki Eats a Ton of Food | BAKI | Clip | Netflix Anime
k5ZMfIrOg_s Tacchan, You're the Star! | The Way of the Househusband | Netflix Anime
kIlpwT0EtBA Anime Pro Tips for Healthy Living | Back Street Girls: Gokudols | Netflix Anime
kW7Q9haeXko Johnny vs. The Ghost - What Did Carmine Say? | Super Crooks | Clip | Netflix Anime
k_ircrGCqV8 Haida's Friendzone | Aggretsuko | Netflix Anime
kbF4s7jTiEo Lost Song | Multi-Audio Clip: The Song of Healing | Netflix Anime
kbSqNWHYy0g ID-0 | Multi-Audio Clip: Maya and Ido, Stronger Together! | Netflix Anime
l4ZQcQ44-HM True Believer - Stan Bush | Transformers: War for Cybertron | Netflix Anime
l7VI3JKD0KI EDENS ZERO Ending Theme (Clean) | Boukenno VLOG - CHiCO with HoneyWorks | Netflix Anime
lDfZ7GqJ_88 Little Witch Academia | Multi-Audio Clip: Phaidoari Afairynghor | Netflix Anime
lGw71V8-tGU The Witcher: Nightmare of the Wolf | Official Trailer | Netflix Anime
lK3iXcbnSK0 Violet Evergarden | Clip: A Letter to Spencer | Netflix Anime
lLnMIcmNjME Kenjiro Tsuda is the GOAT \ud83d\ude0d #TsudaKen | Netflix Anime
lPl3RwY_Pk4 How Many Christmas Songs Can N-ko Sing? | N-ko Shorts | Netflix Anime
lcD99lc9WJY OTMGirls Perform \
lkqVbmsvhag Run | Devilman Crybaby / Japan Sinks: 2020 | Netflix Anime
llpJq2EJ0tk BEASTARS | Clip: Major Herbivore/Carnivore Misunderstandings | Netflix Anime
lt6pxQK3aHY Being an Anime Fan in Chile ft. ilonqueen | Netflix Anime
lxlWEAYmXgM N-ko counts in Mandarin Chinese
m-OXK2Mci4I Hera and Zeus: A Savage Romance | Blood of Zeus | Netflix Anime
mBLjDlAkxoU Interview With Kenjiro Tsuda | Super Crooks | Netflix Anime
mMxYu5j9ZZ4 Whisper of the Heart | Multi-Audio Clip: Shizuku's Story Begins | Netflix
mQlh-kBT1Gs Tiger & Bunny 2 | Official Teaser | Netflix Anime
mT15OncKEFg Machines Of EDENS ZERO | Netflix Anime
m_m9vAI3k2A TRUE Interview at Netflix Anime Festival 2020 | Violet Evergarden
mgQMtO7DLEQ \
mhm6Bd2xSlk Hellos and Goodbyes | Pok\u00e9mon | Netflix Anime
mnCuLxyDink Kuromukuro | Multi-Audio Clip: Spicy Curry? Bring It On! | Netflix Anime
mn_q4KCvfC0 Yoh VS Lyserg | SHAMAN KING | Clip | Netflix Anime
n-CNwWd7LaY revisions | Multi-Audio Clip: Daisuke's First Battle | Netflix Anime
n8u1SEVj7kU Johnny's Crazy Car Chase in San Francisco | Super Crooks
n91KFykoglk Neon Genesis Evangelion | Multi-Audio Clip: Get in the Robot, Shinji | Netflix Anime
nEwE5jMOMnk Anime to Watch: What's Hot and New October 2021 | Netflix Anime
nJupQGSQVNk The Way of the Househusband | Multi-Audio Clip: Tatsu Loses His Mind at a Roomboo 3 | Netflix Anime
nLj0BV9dOiM Let's Eat! With Rilakkuma and Kaoru | Netflix Anime
nTyrTukH3pk Cannon Busters | Clip: Wild West Showdown | Netflix Anime
nZ2nEAdQU9c BNA | Clip: Monster Rhino Goes Berserk | Netflix Anime
nb-tlOu88D4 Yasuke Opening Theme | Black Gold - Flying Lotus/Thundercat | Netflix Anime
nfoEUYKonfw Pretty Guardian Sailor Moon Eternal The Movie - Anime Step by Step | Netflix Anime
nqAxRJhUT3k My Neighbor Totoro | Multi-Audio Clip: Totoro and the Catbus | Netflix
nvYnAvK1BiA A Hit Gone Wrong in Five Languages | Scissor Seven | Netflix Anime
oK4Br5t6Bng DOTA: Dragon's Blood | Multi-Audio Clip: Mirana vs. Slyrak | Netflix Anime
oKi0k1l5QoA Rilakkuma and Kaoru | Clip: How Rilakkuma became Kaoru's Roommate | Netflix Anime
oPf41uyjTf0 Blue Period | Weekly Roundup Episode 3 (Spoilers) | Netflix Anime
oVQcpL4J7kc Dorohedoro | Clip: \
oaoViWF8P74 The Seven Deadly Sins: Dragon's Judgement | Teaser Trailer 2 | Netflix
ogPGR6APKxU Anime vs. Manga Comparison | Komi Can't Communicate | Netflix Anime
oqlY9DbwIkk Pom Poko | Multi-Audio Clip: A Ballsy Raccoon Defense | Netflix
orVyg8E9uFo Arrietty | Multi-Audio Clip: Arrietty's Run-in with Sho | Netflix
ozP5e_Ro_tE Ghost in the Shell: SAC_2045 Season 2 | Teaser Trailer | Netflix Anime
p2LwAD5rNKA Shiki Reveals His Ether Gear | EDENS ZERO | Netflix Anime
p2Umm_4VRGk Anime Pro Tips: How to Cook Amazing Meals | The Way of the Househusband | Netflix Anime
pC5IIALtBog Anime I've Watched Recently | The N-ko Show | Netflix Anime
pKyqHcdFxd8 AniTubers React to Violet Evergarden | Netflix Anime
pL3ctQKe2m4 Kaiju Extravaganza | GODZILLA | Netflix Anime
pMsee3Iw4gU Horror Anime and Summer Festivals ft. Akidearest &The Anime Man | Netflix Anime Club | Netflix Anime
pTF_b_9q5o8 I'm N-ko, Netflix Anime's Official VTuber! | Netflix Anime
pdeA4S2Z15Q Games Brought Us Closer Together | Hi Score Girl | Netflix Anime
pkF19w1ns1M Hola - N-ko \ud83d\udc0f Greetings in Spanish
pl2_j-7D-O8 Looking Back on 2021 Anime with N-ko | Netflix Anime
poYSH9VAZi4 Welcome to Your New Sleeve | A Tribute to Altered Carbon | Netflix Anime
pyFvsiWN8X8 Anime Titles A to Z ft. The Anime Man and CDawgVA | Netflix Anime Club | Netflix Anime
pz-MlNauihs How to be an Influencer | Aggretsuko | Netflix Anime
pzpz7rvFxp4 High-Rise Invasion | Multi-Audio Clip: Don't Underestimate Yuri | Netflix Anime
q0mf8wrLpFY Approaching the Station | The Orbital Children | Clip | Netflix Anime
qDaoG2Hdqdw N-ko Introduces MyAnimeList | Netflix Anime
qNpiaAWfzbE SHAMAN KING | N-ko Presents | Netflix Anime
qSYwylDT1Yc Rilakkuma and Kaoru | Clip: Jealousy, Sweet as Hawaiian Macadamia Chocolates | Netflix Anime
qSmk51-JpUY Neon Genesis Evangelion | Multi-Audio Clip: Shinji, Meet Kaworu | Netflix Anime
qTnxafLsRwE Yasuke: East Meets West | Netflix Anime
qarVXY6OCHw Akidearest and N-ko Choose the Ultimate Anime Man | Netflix Anime
qraC60MXiqs Powerhouse Power Up! | Castlevania x Seis Manos x Blood of Zeus | Music Video | Netflix Anime
qzJRbaW-DQw Fool Me Once... The Targets of Great Pretender | Netflix Anime
rCHDaIhJGyU The Peculiar World of Dorohedoro | Netflix Anime
rDzqHWUHsXE Last Hope | Multi-Audio Clip: The Members of Neo Xianglong | Netflix Anime
rE0-583WBcw Say Hello to N-ko | Netflix Anime
rHHyfInyGrY Shiki and Homura's Teamwork | EDENS ZERO | Clip | Netflix Anime
rHPVIyeLODw Tetra Tells Vesemir a Story | The Witcher: Nightmare of the Wolf | Clip | Netflix Anime
rQpkIzAUzmw Anime Pro Tips: How to Make Friends at School | Komi Can't Communicate | Netflix Anime
rSGD-0N9Olw Dorohedoro | Multi-Audio Clip: Getting ready for \
rSvRORW5-DI The Photography of Baki Hanma | Bringing Muscles to Life | Baki Hanma
rV8RZrZskdk SHAMAN KING | Official Trailer | Netflix Anime
rh6RS5asx04 Kengan Ashura | Multi-Audio Clip: Karura Wants to Have a Baby with Ohma | Netflix Anime
rhZL8TSW94A Seven Fights Body Builders (Spoilers) | Scissor Seven | Clip | Netflix Anime
ri4op4swsac Resident Evil: Infinite Darkness | Official Trailer | Netflix Anime
rztNQBbyodo N-ko Has a Secret | N-ko shorts | Netflix Anime
s22CLBNKTPM Blue Period | Weekly Roundup Episode 4  (Spoilers) | Netflix Anime
s4U5ipjy6Vk The Seven Deadly Sins: Cursed by Light | Official Trailer | Netflix Anime
sDge0OnRoN4 Beautiful Dreams (Part 2) | Pretty Guardian Sailor Moon Eternal The Movie | Netflix Anime
sNtfU6EYYDM Pulling Heists | Great Pretender x Lupin | Netflix Anime
sOfSBA7PwnU Yasuke | Multi-Audio Clip: Power is Power | Netflix Anime
sQCmDOnGmok N-ko Takes a Fall | N-ko Shorts | Netflix Anime
sRzUqNwD7jk Gilbert and Violet | Violet Evergarden | Netflix Anime
sZ2tVuYPrDQ Five Tragic Moments | Children of the Whales | Netflix Anime
sddLS1VqIqo Terrorist Attack | Mobile Suit Gundam: Hathaway | Multi-Audio Clip | Netflix Anime
sfSpXc3oyQk Don't Fall For Wang Ling | The Daily Life of the Immortal King | Clip | Netflix Anime
sfvhOvtn4sg Yasuke and Life as a Foreigner in Japan | Hisanori Yoshida's FUKABOLIX | Netflix Anime
slXeBOfflkw Shall We Anime? | N-ko Shorts | Netflix Anime
sm-2ETEyDKA GREAT PRETENDER | Multi-Audio Clip: Edamame, Abbie and a Capsule Toy | Netflix Anime
stdlMYMFTDA Trese: First Five Minutes in Japanese | Netflix Anime
stqAckbT-Lg These Games May Cost You Your Life | Kakegurui | Netflix Anime
sxNo7eLhf-I Chibi-Usa's Heart | Pretty Guardian Sailor Moon Eternal The Movie | Clip | Netflix Anime
sxVJnIc8tc0 Bubble | Official Trailer | Netflix Anime
t3NuhvWksKo Blue Period | Monthly Roundup Dec. '21 (Spoilers) | Netflix Anime
t3ymwr_MJ2Y Shaman King | Official Trailer | Netflix Anime
tA7Eej8pTxM Marci is Still Best Girl | DOTA: Dragon's Blood | Netflix Anime
tCKbKET2Bk8 N-ko Stretches | N-ko Shorts | Netflix Anime
tGDAp5iRuTQ BAKI Animation Directors Behind the Scenes | Baki Hanma | Netflix Anime
tLdLTSnmnoA Komi Can't Communicate | Main Trailer | Netflix Anime
tNNSQUejA0Y Ingress: The Animation | Multi-Audio Clip: Fancy Footwork | Netflix Anime
tSu3sUh_WXs N-ko says TUDUM | N-ko Shorts | Netflix Anime
tWCPBbOpWgA Eden | Multi-Audio Clip: Leaving Eden Three | Netflix Anime
tiKVK7AXrzc Detective Conan: Zero's Tea Time / The Culprit Hanzawa | Teaser Trailer | Netflix Anime
ti_ukoJmcQc Super Crooks ED | Sugar - TOWA TEI with UA | Netflix Anime
tkCXoQGnXfo Scissor Seven's Creative Process | Behind the Scenes | Netflix Anime
tmEpudEwzzo Happy New Year 2022 | N-ko Shorts | Netflix Anime
u3mL-nO0nV4 Netflix Anime Mega Rich Stage Anime Japan 2021 | Tsuda Kenjiro Kohno Marika Morikawa Toshiyuki
u8wBQSdvy38 Hi Score Girl | Multi-Audio Clip: Hi Score Mom | Netflix Anime
uDNLWGoWwz8 Scissor Seven's Creative Process | Behind the Scenes | Netflix Anime
uEac9h8JNBo Will Rouis Eat... Meat?! | BEASTARS | Clip | Netflix Anime
uJJ1dLeYidc Gori and Okami's Words of Wisdom | Aggretsuko | Clip | Netflix Anime
uLAmUvRCCX0 Dino Girl Gauko | Multi-Audio Clip: Don't Make Naoko Mad! | Netflix Anime
uS0Qxc0Vu7w Resident Evil: Infinite Darkness | Character Trailer | Netflix Anime
uTyJYj0fnMg Five More Epic Kengan Ashura Fights | Netflix Anime
uU5YKDYUgkM The Seven Deadly Sins: Grudge of Edinburgh | Teaser Trailer | Netflix Anime
uVqWCCMv-oE Ghost in the Shell: SAC_2045: Multi-Audio Clip: (NSFW) The Post Human Mansion  | Netflix Anime
uZbnVUfmhYY Good Morning From N-ko | N-ko shorts | Netflix Anime
ucWYEp0lGck Your Favorite Anime Tropes ft. The Anime Man and Gigguk | Netflix Anime Club | Netflix Anime
ugUm2Q0FNq8 When the Main Character Is Overpowered | The Daily Life of the Immortal King | Clip | Netflix Anime
ur0gAwkYsxk Five Epic Kengan Ashura Fights | Netflix Anime
uui6VjP2to4 Super Crooks | Official Trailer | Netflix Anime
uujlh0eH2V4 Aiden Seeks Revenge on the Melynx | Monster Hunter: Legends of the Guild | Clip | Netflix Anime
uvvlc_FfrbA What Makes BEASTARS So Good? Save The Cat! Goes Anime ft. Mother's Basement | Netflix Anime
vASaBrY5PMg Kenjiro Tsuda Reads Fan Comments | Netflix Anime
vB8FrSJyhCo DOTA: Dragon's Blood Book 2 | Teaser Trailer | Netflix Anime
vEdsh_J4b5E The Seven Words of Arcturus (Part 1) | Little Witch Academia
vTf3KoIptI8 Anime YouTubers React to EDENS ZERO! | Netflix Anime
vUDDgXWU75M Yasuke | Official Trailer | Netflix Anime
vZZ5QuKltqw Haunting of Bot House | Transformers Stop Motion: Episode 3 | Netflix Anime
vd-pMMtBrk0 Let's Play Rock, Paper, Scissors! | N-ko Shorts | Netflix Anime
vdJqfDyIles Awesome Anime Women | The N-ko Show | Netflix Anime
vhhgPq5QUaE Japan Sinks: 2020 | Multi-Audio Clip: Rap Your Feelings Out | Netflix Anime
vj9IFGfun9I Baki Hanma Pose Quiz | N-ko Presents | Netflix Anime
vmqujXNCo8c Netflix x Anime Trending Ranking Reveal: Anime Anthros (ft. The Anime Man and CDawgVA)
vxw7oR74k8U Strict Ramen Shop Rules | Komi Can't Communicate | Clip | Netflix Anime
vyyrv7qNAfY Cowboy Bebop OP | Tank! - Yoko Kanno and Seatbelts | Netflix Anime
w4EDW0eOy1Q Smile Thinks Cherry's Voice Is Cute | Words Bubble Up Like Soda Pop | Netflix Anime
w6YQaPUJlmo Translator's Notes | Words Bubble Up Like Soda Pop | Netflix Anime
wGd3vpQvUAk Anime Keeps Us Connected | AMV | Netflix Anime
wHqBXs7EQVg The Friendzone Part 2 | BEASTARS | Netflix Anime
wR2F9v8elMM How Many BAKI Poses Can Israel Adesanya Do? | Netflix Anime
wR4D57dEc3U The Witcher: Nightmare of the Wolf x Live Action | Netflix Anime
wUhyxRbLWbk Godzilla Singular Point | Official Trailer | Netflix Anime
wVbFyjYV1hc The End of Evangelion | Multi-Audio Clip: How Grown-Ups Kiss | Netflix Anime
wYE_sLhJ4iU Godzilla Singular Point | Teaser Trailer | Netflix
waLmcB5QqmQ Akidearest, The Anime Man, CDawgVA, Ilonqueen & Gigguk Watch \u201cBorn to Fight\u201d | Netflix Anime
wasxY3Nc6wI Kuromukuro | Multi-Audio Clip: A Riverside Battle | Netflix Anime
we9qBLRWSDs Marci is Best Girl | DOTA: Dragon's Blood | Netflix Anime
weZCmgvagS8 Bubble | Exclusive Clip Featuring Uta | Netflix Anime
wkXrOthUYGQ Bunch Of Clips Of Kenjiro Tsuda Laughing | The Ingenuity of the Househusband | Netflix Anime
wracew-Ju2s What's It Like to Work at Netflix? | The N-ko Show | Netflix Anime
x57CyPkCjSE Your Favorite Anime Tropes ft. CDawgVA and Akidearest | Netflix Anime Club | Netflix Anime
xHlx3rx5Bew Komi Can't Communicate OP (Clean) | Cinderella - CIDERGIRL | Netflix Anime
xNu3-DculvE BEASTARS Meets Save The Cat! Preview | Netflix Anime
xOt2tnZDyzQ Anitubers React to BEASTARS Season 2 | Netflix Anime
xQn8H81YSHA Netflix Anime Festival 2020 ~The Future of Anime, Together~
xRKqYbjy7Kg Castlevania | Multi-Audio Clip: Trevor Fights a Cyclops | Netflix Anime
xSBE1E3a2Go Angels, Evangelions and Their Pilots | Neon Genesis Evangelion | Netflix Anime
xfnYDn4zrYk How Ash and Pikachu Meet | Pok\u00e9mon | Clip | Netflix Anime
xgolLMHnLqg Jack's Moments | BEASTARS | Netflix Anime
xniBk7zAKMY Baki Hanma | Official Trailer | Netflix Anime
xs0LbnrrIdM \u300e\u6975\u4e3b\u592b\u9053\u300f\u751f\u914d\u4fe1\u3067\u30ab\u30c1\u30b3\u30df\u30b9\u30da\u30b7\u30e3\u30eb
xwK1SqzuIpg N-ko Visits Akihabara | N-ko Japan Anime Tour | Netflix Anime
xzbbMFImQE8 BEASTARS | Multi-Audio Clip: Egg Sandwich Redemption! | Netflix Anime
y6v9URdxEIM How to Stay Single | Hi Score Girl | Netflix Anime
y8eUdevRJyQ Kaiju Survival Guide - GODZILLA Edition | Netflix Anime
yA79h9eyMNE The Witcher, The Cuphead Show, & More | GEEKED WEEK | Day 5 | Netflix Anime
yIq1OE9xPrE Rouis Rescues the Stripper | BEASTARS | Multi-Audio Clip | Netflix Anime
yZ86exdX1PQ Next On Arcane | Netflix Anime
ykx8xWF7KJ8 Anime to Watch: Hot and New December 2021 | Netflix Anime
ynJT1Wi-QUc EDENS ZERO | N-ko Presents | Netflix Anime
ypErDFM95e0 Anime Step by Step | The Witcher: Nightmare of the Wolf | Netflix Anime
yqgZChy7PzY Autobots VS Maximals | Transformers: War for Cybertron: Kingdom | Clip | Netflix Anime
yriU4eXzXP8 Carole & Tuesday | Multi-Audio Clip: A Shared Love of Music | Netflix Anime
yw3iFsLg8dY The Anime Quiz Returns | The N-ko Show | Netflix Anime
z-mPXBCCNEY The Many Faces of Brunhilde | Record of Ragnarok | Netflix Anime
zB9A28Z5PeE Ocean Waves | Multi-Audio Clip: Class Reunion | Netflix
zG-Izk2dvy0 Cowboy Bebop ED | The Real Folk Blues - Yoko Kanno | Netflix Anime
zKKLZRutbiI Great Pretender | Clip: An Action-Packed Shootout | Netflix Anime
zPAWL-UXSEo Dinobot VS Decepticons | Transformers: War for Cybertron: Kingdom | Clip | Netflix Anime
zXN89gx39ZM BNA Reaction with Rachel Florencia, Softpomz and Mother's Basement | Netflix Anime
zXcHbbhoXC4 7 SEEDS | Clip: Spring Team Finds Land? | Netflix Anime
zXtUbvjR98E Blue Period (Spoilers) | Weekly Roundup | Episode 6 | Netflix Anime
zbEJDQt9FYE N-ko Talks in Portuguese | N-ko Shorts | Netflix Anime
zfwCaZsZp5Q Thermae Romae Novae | Official Trailer | Netflix Anime
zld8YdttB7k Mikasa is Badass | Attack on Titan | Netflix Anime
znRYelWdrWI Netflix x Anime Trending Ranking Reveal: Castlevania (ft. The Anime Man & Gigguk)
zoVvKNRD-NI EDENS ZERO Opening (Clean) | Eden Through the Rough - Takanori Nishikawa | Netflix Anime
zqE-CMHHlp0 Verta VS Fahai: The Final Battle (Spoilers) | Green Snake | Netflix Anime
zsGtpbfAyxs The Epic Battles of UC 0096 | Mobile Suit Gundam UC | Netflix Anime
