-Djj6pfR9KU Brown Numbers - Numberphile
-IjGexS1T8U The Tetrahedral Boat - Numberphile
-O4mYiP2zPQ 29 and Leap Years - Numberphile
-k3mVnRlQLU The man with 1,000 Klein Bottles UNDER his house - Numberphile
-n-d1ApBTFw Statistics, Storks, and Babies - Numberphile
-ruC5A9EzzE The 10,958 Problem - Numberphile
-rwqnVsGFTU The Most Favourite Number - Numberphile
00Qu1kgsGpM Professors React to 2048 - Numberphile
09JslnY7W_k 63 and -7/4 are special - Numberphile
0GzhWPj4-cw Introducing the Numberphile Podcast
0JOoTWO2L_4 Taking a Turkey\u2019s Temperature - Numberphile
0Oazb7IWzbA Why -1/12 is a gold nugget
0X9DYRLmTNY TREE vs Graham's Number - Numberphile
0e5vzTsLh2s The Girl with the Hyperbolic Helicoid Tattoo - Numberphile
0hlvhQZIOQw Funny Fractions and Ford Circles - Numberphile
0iMtlus-afo Pascal's Triangle - Numberphile
0mXz-NP-raY Frieze Patterns - Numberphile
0r3cEKZiLmg Mile of Pi - Numberphile
0zT16q3p24M A Sequence with a Mistake - Numberphile
1EGDCh75SpQ Do numbers EXIST? - Numberphile
1GCf29FPM4k The LONGEST time - Numberphile
1LoSV1sjZFI Approximating Irrational Numbers (Duffin-Schaeffer Conjecture) - Numberphile
1MtEUErz7Gg Sandpiles - Numberphile
1O69uBL22nY NSA Surveillance (an extra bit) - Numberphile
1gBwexpG0IY The Problem with 7825 - Numberphile
1kYGbMK1oA4 The Largest Small Hexagon - Numberphile
27qhUZbHKao Three Dice Trick - Numberphile
2BIx2x-Q2fE An astonishing old calculator - Numberphile
2IZh-KIAQLE The Volume of a Sphere - Numberphile
2JM2oImb9Qg 5040 and other Anti-Prime Numbers - Numberphile
2PF52knCy40 Six Dice One-Roll Yahtzee (in super slow motion) - Numberphile
2dzS_LXvYA0 Avogadro's Number (Mole) - Numberphile
2g3sdzgSABM Hunt for the Elusive 4th Klein Bottle - Numberphile
2s4TqVAbfz4 Perfect Shapes in Higher Dimensions - Numberphile
2vnqSwWAn34 Earthquakes, Circles and Spheres - Numberphile
3BR8tK-LuB0 Fantastic Quaternions - Numberphile
3Bv-QMaYlmo Combinatorics and Higher Dimensions - Numberphile
3IMAUm2WY70 13532385396179 - Numberphile
3K-12i0jclM 41 and more Ulam's Spiral - Numberphile
3P6DWAwwViU The Enormous TREE(3) - Numberphile
3T7jMcstxY0 The Greatest Ever Infographic - Numberphile
3WHBlPvK3Ek A Game for the Elliptical Pool Table - Numberphile
3ZMnVd4ivKQ Vampire Numbers - Numberphile
3_VydFQmtZ8 Topology of a Twisted Torus - Numberphile
4445Mbw8pYg g-conjecture - Numberphile
49KvZrioFB0 Mondrian Puzzle - Numberphile
4EIkH9EEv78 Annoying Puzzles (and Cognitive Reflection Problems) - Numberphile
4KHCuXN2F3I Elliptical Pool Table - Numberphile
4LQvjSf6SSw Fibonacci Numbers hidden in the Mandelbrot Set - Numberphile
4Lb-6rxZxx0 Monty Hall Problem - Numberphile
4UgZ5FqdYIQ Strong Law of Small Numbers - Numberphile
4aMtJ-V26Z4 153 and Narcissistic Numbers - Numberphile
4dUK1JqTSgU Reflected Cats - Numberphile
4izjrtR8Ozg Little Fibs - Numberphile
4k1jegU4Wb4 The mystery of 0.577 - Numberphile
4kWuxfVbIaU The Ideal Auction - Numberphile
4mEk7d8oRho 32 and Truncated Icosahedron - Numberphile
4sUKyPYNEVA Underwater Yahtzee - Numberphile
5JOAoiX1LHA Googol Song - Numberphile
5Mf0JpTI_gg Three Gears are Possible - Numberphile
5SfXqTENV_Q Cannons and Sparrows - Numberphile
5TkIe60y2GI All the Numbers - Numberphile
5kC5k5QBqcc The Problems with Secret Santa - Numberphile
5mFpVDpKX70 UNCRACKABLE? The Collatz Conjecture - Numberphile
5mGh0r3zC6Y Where Does River Water Go? - Numberphile
5qu3WETuf6c Embedding a Torus (John Nash) - Numberphile
5sKah3pJnHI Root 2 - Numberphile
63ILZ9cZ2d4 The Secret of Floppy Paper - Numberphile
6H6EP-AmMFM Floating Balls and Lift - Numberphile
6Lm9EHhbJAY Euclid's Big Problem - Numberphile
6R7cFk0Kihw 6,000,000 and Abel Prize - Numberphile
6X2D497is6Y Eureka Sequences - Numberphile
6_j2X6fgkaA Calculator Unboxing #8 (Printing Digits) - Numberphile
6_yU9eJ0NxA Darts in Higher Dimensions (with 3blue1brown) - Numberphile
6aDBGTWsydY Calculator Unboxing #2 (Casio fx) - Numberphile
6aFcgATW9Mw Heesch Numbers and Tiling - Numberphile
6ltrPVPEwfo Awesome Prime Number Constant (Mills' Constant) - Numberphile
6z4qRhpBIyA Chaotic Balls (and other animations) - Numberphile
7DHE8RnsCQ8 The Centrifuge Problem - Numberphile
7H4lDi79YY8 The Forgotten Flexagon - Numberphile
7c0CoXFApnM Telescope Time without Tears - Numberphile
7dcDuVyzb8Y Measuring Coastline - Numberphile
7dwgusHjA0Y Juggling by Numbers - Numberphile
7lRgeTmxnlg The Silver Ratio - Numberphile
7u6kFlWZOWg Monty Hall Problem for Dummies - Numberphile
83ofi_L6eAo Tau replaces Pi - Numberphile
8542XmS98Yo Rubik's Cube Solvers - Numberphile
87uo2TPrsl8 The Amazing Heptadecagon (17-gon) - Numberphile
8GEebx72-qs Googol and Googolplex - Numberphile
8IOaoK2MMoI Meet James Grime - Numberphile Live
8Nzi1h2m7pE Calculator Unboxing #6 (Staples collection) - Numberphile
8UUPlImm0dM Fair Dice (Part 2) - Numberphile
8UqCyepX3AI WARNING: Contains Numbers
8d49sEAU5Ws The Internet is FULL - Numberphile
8dHMpnfFdtc Super Bottle - Numberphile
8l-La9HEUIU Odd Equations - Numberphile
8t1TC-5OLdM Is Zero Even? - Numberphile
99Welatppzk The Making of a Mile of Pi - Numberphile
99stb2mzspI Why 1980 was a great year to be born... but 2184 will be better
9TAlEVDvXgw Little Professor (Dr Grime's Toy Story) - Numberphile
9VVPBS_flOI Mesolabe Compass and Square Roots - Numberphile
9p55Qgt7Ciw The Forgotten Number System - Numberphile
9ptyprXFPX0 3 Ways to Draw Squares Inside Triangles - Numberphile
9xbJ3enqLnA 15 and Hexadecimal - Numberphile
9yUZTTLpDtk Secrets to measuring a piece of paper - Numberphile
A25pxcYstHM Problematic Sunflower - Numberphile
A8Tiba3h9Fw Don Bradman's Duck - Numberphile
AAsICMPwGPY Klein Bottles - Numberphile
AEpQ8YxupfQ Money Catching - Numberphile
AGX0cLbHaog Problems with Periodic Orbits - Numberphile
AOMQxLrCI7A Speed Solve of a Rubik's Cube in Slow Motion - Numberphile
ASoz_NuIvP0 42 is the new 33 - Numberphile
AYnJv68T3MM How random is a coin toss? - Numberphile
AZRD5UkAm2Y Number Sticks - Numberphile
AeqK96UX3rA The Brussels Choice - Numberphile
AqcVsShxzw8 1 to 200 on Google Image Search - Numberphile
AuA2EAgAegE e (Euler's Number) - Numberphile
AvFNCNOyZeE Round Peg in a Square Hole - Numberphile
AxJubaijQbI The Best (and Worst) Ways to Shuffle Cards - Numberphile
AxxnziuL408 The Shape of DNA - Numberphile
BBp0bEczCNg The Infinitesimal Monad - Numberphile
BDEo5XpZcXo Neon Knots and Borromean Beer Rings - Numberphile
BH1GMGDYndo Large Gaps between Primes - Numberphile
BO2yMdU0Rq4 Area of the Q - Numberphile
BRRolKTlF6Q Problems with Zero - Numberphile
BTyzE-NDga8 Superflip and Rubik's Cube - Numberphile
BYRTvoZ3Rho Was YOUR vote counted? (feat. homomorphic encryption) - Numberphile
BdEWCxt8C0M Mathematics is all about SHORTCUTS - Numberphile
BkOIw7vAZCQ The Relationship Equation - Numberphile
C-52AI_ojyQ How big is a billion? - Numberphile
CCxs-tu8tOU Card Flipping Proof - Numberphile
CMP9a2J4Bqw Squaring the Circle - Numberphile
CMUI6m8ZMwg 8848 - Numberphile
CN8hK3YFqhM Cute Paper Trick - Numberphile
CROeIGfr3gs The Best Way to Pack Spheres - Numberphile
CfoKor05k1I Politics and Numbers - Numberphile
Cn3ogzLzxuM 400 and Gamebooks - Numberphile
CwIAfkuXc5A Order from Chaos - Numberphile
D046q2EbHGE Binder Clip Climber - Numberphile
D1sPBCxlDQQ How do brains count? - Numberphile
D3tdW9l1690 A Strange Map Projection (Euler Spiral) - Numberphile
D4_sNKoO-RA Gaps between Primes (extra footage) - Numberphile
D6tINlNluuY 42 and Douglas Adams - Numberphile
D8ntDpBm6Ok Brady Numbers - Numberphile
DK3njNP-Qz0 The Mathematics of Surviving Zombies - Numberphile
DRjFV_DETKQ Sunflowers and Fibonacci - Numberphile
DRxAVA6gYMM 163 and Ramanujan Constant - Numberphile
Dd81F6-Ar_0 One to One Million - Numberphile
DhPtIf-hpuU The Six Triperfect Numbers - Numberphile
DmfxIhmGPP4 The Reciprocals of Primes - Numberphile
DpwUVExX27E Infinite Fractions - Numberphile
E-d9mgo8FGk Sum of Natural Numbers (second proof and extra footage)
E36qMxXGo3A Pi Prog Rock - Numberphile
E8kUJL04ELA Does John Conway hate his Game of Life?
EDauz38xV9w AMAZING Dice Rolls - Numberphile
EJRXWNWJOrQ 37 - Numberphile
ELA8gNNMHoU Random Fibonacci Numbers - Numberphile
ERBVFcutl3M Navier-Stokes Equations - Numberphile
ETrYE4MdoLQ The Feigenbaum Constant (4.669)  - Numberphile
EeuLDnOupCI The Neverending Story (and Droste Effect) - Numberphile
FCczHiXPVcA Finite Fields & Return of The Parker Square - Numberphile
FFftmWSzgmk What's so special about the Mandelbrot Set? - Numberphile
FGC5TdIiT9U The Slightly Spooky Recam\u00e1n Sequence - Numberphile
FUD8h9JpEVQ Does Hollywood ruin books? - Numberphile
FlndIiQa20o Casting Out Nines - Numberphile
Fm0hOex4psA EVERY baby is a ROYAL baby - Numberphile
Fmb3TCvlETk Base Number Jokes Explained - Numberphile
FpyrF_Ci2TQ Pi and the size of the Universe - Numberphile
FtNWzlfEQgY Conway Checkers - Numberphile
G1m7goLCJDY The Square-Sum Problem - Numberphile
G2Blr0LycOI Antipodal Points - Numberphile
G2_Q9FoD-oQ 158,962,555,217,826,360,000 (Enigma Machine) - Numberphile
G7zT9MljJ3Y Fair Dice (Part 1) - Numberphile
G9_l8QASobI A New Discovery about Dodecahedrons - Numberphile
GAcUZ3my6E0 Parabolas and Archimedes - Numberphile
GItmC9lxeco Poincar\u00e9 Conjecture - Numberphile
GXhzZAem7k0 3 as the sum of the 3 cubes - Numberphile
G_uybVKBacI Braids in Higher Dimensions - Numberphile
Gq4REVI30Qc Spider-Man (C\u00e9dric Villani) - Numberphile
GuigptwlVHo How Big is Graham's Number? (feat Ron Graham)
GyN-qpVfOWA Statistics on Match Day - Numberphile
GznQgTdEdI4 Super Egg - Numberphile
HJ_PP5rqLg0 Russian Multiplication - Numberphile
HPfAnX5blO0 Glitch Primes and Cyclops Numbers - Numberphile
HX8bihEe3nA What is Graham's Number? (feat Ron Graham)
HcqdqsQq-6M When do clock hands overlap? - Numberphile
HuKl3XuEmj4 Dice Bucket - Numberphile
HvMSRWTE2mI Fool-Proof Test for Primes - Numberphile
I0peG_kRE-4 A Nice Square - Numberphile
I3ZlhxaT_Ko Cutting a Klein Bottle in Half - Numberphile
I7v2wAXFQpc Friedman Numbers - Numberphile
IKwkX35bcdw 1010011010 - Numberphile
IMItxzSZs0E What do Mathematicians Eat for Breakfast?
IMY2_yzDm9I A Surprising Pi and 5 - Numberphile
IN1fPtY9jYg Peaceable Queens - Numberphile
IQofiPqhJ_s 1 and Prime Numbers - Numberphile
ItiFO5y36kw A Mathematical Fable - Numberphile
JJQWtGm3eIs Math Jokes Explained - Numberphile
JXtfKMH6X44 Omicron (the symbol) in Mathematics  - Numberphile
JbfhzlMk2eY Hitomezashi Stitch Patterns - Numberphile
JmyLeESQWGw Number Line - Numberphile
JnEBO3OHaiA M\u00f6bius Knots and Roller Coasters - Numberphile
JuuYFt8bahE Strange Spinning Tubes - Numberphile
Jwtn5_d2YCs Infinite Series - Numberphile
K305Vu7hFg0 Pi and Four Fingers - Numberphile
KNjPPFyEeLo The Levine Sequence - Numberphile
KZ1BVlURwfI A Video about the Number 10 - Numberphile
KboGyIilP6k How to always win at Dots and Boxes - Numberphile
KbxRDVCVzq4 I washed my passport - Numberphile
Km024eldY1A How many chess games are possible?
Ku8BOBwD4hc Stable Rollers - Numberphile
LBPj8E1JKaQ Order from Chaos (the math bit) - Numberphile
LNS1fabDkeA Why 82,000 is an extraordinary number - Numberphile
LVgBjRFSMYs All the World's Coronavirus fits in a Coke Can  - Numberphile
LZ7X_YOfJqY Kissing Numbers - Numberphile
Lihh_lMmcDw Skewes' Massive Number - Numberphile
LqKpkdRRLZw Collatz Conjecture in Color - Numberphile
Lsu2dIr_c8k Leyland Numbers - Numberphile
LzjaDKVC4iY 1729 and Taxi Cabs - Numberphile
M-i9v9VfCrs Prime Knots - Numberphile
M-yAgyrzGdo Batman Equation - Numberphile
M0nRWcF1WJw Predators and Prey - Numberphile
M7kEpw1tn50 Encryption and HUGE numbers - Numberphile
M8xlOm2wPAA Are you REALLY sick? (false positives) - Numberphile
MEyIppEOQTw The Electric Slide Rule - Numberphile
MXJ-zpJeY3E The World's Best Mathematician (*) - Numberphile
Mfk_L4Nx2ZI Zero Factorial - Numberphile
MfzNJE4CK_s Coffee Cup Vibrations - Numberphile
MlyTq-xVkQE 17 and Sudoku Clues - Numberphile
MmhNk-zRJcU 14 and Shakespeare the Numbers Man - Numberphile
Muc5HQonSEo Numberphile Preview
MxiTG96QOxw Goldbach Conjecture - Numberphile
N7BABxMlOs0 Can Fish Count? - Numberphile
N92w4e-hrA4 A Fascinating Thing about Fractions - Numberphile
NFLb1IPlY_k How to make railway timetables (with graphs) - Numberphile
NGMRB4O922I The Mandelbrot Set - Numberphile
NHZt8eBKcRA What is a Number? - Numberphile
NPoj8lk9Fo4 Pi is Beautiful - Numberphile
NWBToaXK5T0 Langton's Ant - Numberphile
NajQEiKFom4 Dragon Curve to Music - Numberphile
NgbK43jB4rQ The Four Color Map Theorem - Numberphile
NjCIq58rZ8I Partitions - Numberphile
NoRjwZomUK0 Squared Squares - Numberphile
Noo4lN-vSvw The Four 4s - Numberphile
Nu-lW-Ifyec Fibonacci Mystery - Numberphile
Nyo3TjKyu_c How many panels on a soccer ball? - Numberphile
O4ndIDcDSGc G\u00f6del's Incompleteness Theorem - Numberphile
OAss481FfAQ Brussels Sprouts - Numberphile
OEMA6jhi5Qo Wobbly Circles - Numberphile
OFbbiAf8kUo Inca Knot Numbers - Numberphile
OKhacWQ2fCs Every Number is the Sum of Three Palindromes - Numberphile
Obg7JPd6cmw Should you catch a tossed coin? - Numberphile
OeGSQggDkxI What Number Comes Next? - Numberphile
Oev332D0K0I 15 bumfit - Numberphile
OfEv5ZdSrhY Looking at Perfect Shuffles - Numberphile
OuF-WB7mD6k Fix a Wobbly Table (with Math)
Oy-4mPro3w8 The Drag Equation (Empire State Building v Eiffel Tower) - Numberphile
PCu_BNNI5x4 One minus one plus one minus one - Numberphile
PEMIxDjSRTQ 210 is VERY Goldbachy - Numberphile
PFkZGpN4wmM Numbers and Free Will - Numberphile
PGuRmqpr6Oo Key to the Tower of Hanoi - Numberphile
PLL0mo5rHhk 31 and Mersenne Primes - Numberphile
PQDvEJFdY1U 383 is cool - Numberphile
PeUbRXnbmms Lucas Numbers - Numberphile
PnW5IRvgvLY Ditching the Fifth Axiom - Numberphile
PsGUEj4w9Cc The Plastic Ratio - Numberphile
QAja2jp1VjE Freaky Dot Patterns - Numberphile
QFeG9CeeH88 A Strange Change of Rotation - Numberphile
QJQ691PTKsA End of Time (Unix) - Numberphile
QKHKD8bRAro Twin Prime Conjecture - Numberphile
QSEKzFGpCQs New Largest Known Prime Number - Numberphile
QTrM-UVcgBY 5 and Penrose Tiling - Numberphile
QV9k6dRQQe4 43,252,003,274,489,856,000 Rubik's Cube Combinations - Numberphile
Qcv1IqHWAzg Stable Marriage Problem - Numberphile
QvvkJT8myeI The Shortest Ever Papers - Numberphile
QzrRkhU248A 19 out of 20 - Numberphile
R4OvBB9KHMA Planing Sequences (Le Rabot) - Numberphile
R9Plq-D1gEk Inventing Game of Life (John Conway) - Numberphile
R9m2jck1f90 Base 60 (sexagesimal) - Numberphile
RGQe8waGJ4w The Trapped Knight - Numberphile
RR3zzQP3bII Cuneiform Numbers - Numberphile
Ra9I_-o2LHM Borromean Ribbons - Numberphile
ReOQ300AcSU Homer Simpson vs Pierre de Fermat - Numberphile
RhuaPhahHbU 4D MONKEY DUST
RkBl7WKzzRw abc Conjecture - Numberphile
Rpjab--XQ0U Squares and Tilings - Numberphile
RxxDD2LWAyY What is a lucky number? - Numberphile
SDw2Pu0-H4g Consecutive Coin Flips - Numberphile
SL2lYcggGpc How to Trisect an Angle with Origami - Numberphile
SUnAvL-ThMs Bomb Blast Radius - Numberphile
Sa9jLWKrX0c Penney's Game - Numberphile
SbZCECvoaTA Is it Math or Maths? - Numberphile
SxP30euw3-0 Random Numbers - Numberphile
SyJlRUBoVp0 The Prime Problem with a One Sentence Proof - Numberphile
SzjdcPbjaR4 Who was the REAL Good Will Hunting? - Numberphile
T0xKHwQH-4I Perfect Numbers and Mersenne Primes - Numberphile
T46FTuHnbvY Spheres and Code Words - Numberphile
TUErNWBOkUM Pi me a River - Numberphile
TkGawXjsltc Catching Kendama - Numberphile
Tnu_Ws7Llo4 A Breakthrough in Graph Theory - Numberphile
U33dsEcKgeQ The Dollar Game - Numberphile
U6xJfP7-HCc Base 12 - Numberphile
U7f8j3mVMbc 13,983,816 and the Lottery - Numberphile
U9qU20VmvaU Monkeys and Coconuts - Numberphile
UIjeCKPHbso Superhero Triangles - Numberphile
ULhRLGzoXQ0 The Math of Being a Greedy Pig - Numberphile
UTCScjoPymA Stars and Bars (and bagels) - Numberphile
UfEiJJGv4CE 3 is everywhere - Numberphile
UkZqFtYtqaI 666 - Numberphile
UkmQNbvlK8s How DNA unties its own knots - Numberphile
Us-__MukH9I Catalan's Conjecture - Numberphile
V4V2bpZlqx8 Flaw in the Enigma Code - Numberphile
VDD6FDhKCYA Six Sequences - Numberphile
VDYzSzDaHuM Can a number be boring? (feat 14972)
VFRrzzb1dvU Butterflies and Gyroids - Numberphile
VRzH4xB0GdM Log Tables - Numberphile
VTdVPNvwULM Nightingale Diagrams - Numberphile
VTveQ1ndH1c The Key to the Riemann Hypothesis - Numberphile
VZ25tZ9z6uI A Problem with Rectangles - Numberphile
VbtNy54ya9A Brady's Videos and Benford's Law - Numberphile
Vp3sgYKULp0 The Fields Medal (with C\u00e9dric Villani) - Numberphile
VpBmt11czaI Advent Calendar - Numberphile
Vv9wpQIGZDw A Million Simulated Seasons - Numberphile
W18FDEA1jRQ The Seven Bridges of K\u00f6nigsberg - Numberphile
W20aT14t8Pw Strings and Loops within Pi - Numberphile
W9uVj9rf73E Colouring Knots - Numberphile
WIibcLd_oYU How to build a Giant Dome - Numberphile
WJ12DYBuazY Sexy Primes - Numberphile
WM1FFhaWj9w Problems with French Numbers - Numberphile
WN58941sgtI Speed Unboxing - Calculator Unboxing #9
WUlaUalgxqI Cyclic Numbers - Numberphile
WYijIV5JrKg The Opposite of Infinity - Numberphile
WYsP1PhoAZc Shuffling Card Trick - Numberphile
Waw11zhaKSk Safe Cracking with Feynman - Numberphile
Wim9WJeDTHQ What's special about 277777788888899? - Numberphile
Wrj1Kl6CHIQ Counting Outtakes (from our Pi Million video) - Numberphile
X3HDnrehyDM Frog Jumping - Numberphile
X3l0fPHZja8 The Daddy of Big Numbers (Rayo's Number) - Numberphile
XPIgR89jv3Q Super-fast way to tie Shoelaces - Numberphile
XTeJ64KD5cg Graham's Number - Numberphile
XXjlR2OK1kM Number 1 and Benford's Law - Numberphile
XvDC-0aNw2k Numberphile in Nepal - Numberphile
Y2lXsxmBx7E 52-Card Perfect Shuffles - Numberphile
Y30VF3cSIYQ The Legend of Question Six - Numberphile
YBbBbY4qvv4 British Numbers confuse Americans - Numberphile
YCXmUi56rao Ham Sandwich Problem - Numberphile
YI1WqYKHi78 Why is this 15-Puzzle Impossible? - Numberphile
YJuHC7xXsGA Anatomy of a Goal - Numberphile
YQw124CtvO0 RSA-129 - Numberphile
YVvfY_lFUZ8 The Last Digit of Prime Numbers - Numberphile
Yajonhixy4g All Triangles are Equilateral - Numberphile
Yexc19j3TjE Why do people hate mathematics?
Z8lv2vy5vco Rock Paper LIZARDS - Numberphile
ZCVAGb1ee8A River Crossings (and Alcuin Numbers) - Numberphile
ZDn_DDsBWws Amazing Old Calculator (Curta) - Numberphile
ZM-i8t4pMK0 How to Check Election Results (feat. P\u00f3lya's Urn) - Numberphile
ZMkIiFs35HQ Squaring Primes - Numberphile
ZNiRzZ66YN0 Calculating Pi with Real Pies - Numberphile
ZPv1UV0rD8U Tau vs Pi Smackdown - Numberphile
ZREp1mAPKTM Fold and Cut Theorem - Numberphile
ZWib5olGbQ0 Mathematical Way to Choose a Toilet - Numberphile
ZbKYmfjMPVM Calculator Unboxing #5 (Little Professor) - Numberphile
ZfKTD5lvToE 8128 and Perfect Numbers - Numberphile
ZkVSRwFWjy0 Magic Hexagon - Numberphile
_-M_3oV75Lw 74 is cracked - Numberphile
_DpzAvb3Vk4 145 and the Melancoil - Numberphile
_MscGSN5J6o Witness Numbers (and the truthful 1,662,803) - Numberphile
_UtCli1SgjI Terrific Toothpick Patterns - Numberphile
_Wv_qw3nQnI James \u2764\ufe0f A Card Trick - Numberphile
_YysNM2JoFo Sloane's Gap - Numberphile
__UlMppZZgs Pi Million Subscribers - Numberphile
_gCKX6VMvmU 2.920050977316 - Numberphile
_pP_C7HEy3g The Coin Hexagon - Numberphile
_qvp9a1x2UM The Useless Number - Numberphile
_s5RFgd59ao The 'Everything' Formula - Numberphile
a2ey9a70yY0 23 and Football Birthdays - Numberphile
a9P9Ej1b31s Quick chat with Brady - Numberphile Live
aCq04N9it8U Aaron Numbers - Numberphile
aIggWlKr41w Point about Points - Numberphile
aKPkQCys86c The Math (and money) of Soccer Stickers - Numberphile
aOJOfh2_4PE Zequals and Estimation - Numberphile
aOT_bG-vWyg The Parker Square - Numberphile
aQxCnmhqZko Magic Square Party Trick - Numberphile
aTSYARnB-3Y Special Magic Square - Numberphile
ab_dY3dZFHM Knight's Tour - Numberphile
abv4Fz7oNr0 Pi and Bouncing Balls - Numberphile
acTrvMlpuxA Mathematical Music - Numberphile Interview
aiibxmqXV9M Tau of Phi - Numberphile
akZ8JJ4gGLs The Lightning Algorithm - Numberphile
aqyyhhnGraw What is a Knot? - Numberphile
azL5ehbw_24 357686312646216567629137 - Numberphile
bFNjA9LOPsg How Pi was nearly changed to 3.2 - Numberphile
bFfSfzjhfC8 14 Super Bowl Coin Tosses - Numberphile
bJDiZi9dqOg 87,539,319 - Numberphile
bJOuzqu3MUQ A Miraculous Proof (Ptolemy's Theorem) - Numberphile
bN8PE3eljdA What's special about 196?
bPZFQ6i759g Is the \
bRIL9kMJJSc How many ways can circles overlap? - Numberphile
boSEI50qUKM Message from Numberphile
c4pgWd8V8HU Floating Bodies - Numberphile
cE44nr4d3iY Get Off The Earth (a famous & bamboozling problem) - Numberphile
cUCSSJwO3GU Shapes and Solids of Constant Width - Numberphile
cZkGeR9CWbk Primes on the Moon (Lunar Arithmetic) - Numberphile
ci3P5jf48cY Numbers Man - Numberphile
cjx23aMeBkQ Golden Ratio BURN (Internet Beef) - Numberphile
co5sOgZ3XcM The Kolakoski Sequence - Numberphile
ctC33JAV4FI Infinite Primes - Numberphile
d0vY0CKYhPY Pi and the Mandelbrot Set - Numberphile
d6c6uIyieoo Riemann Hypothesis - Numberphile
d7dg7gVDWyg 21-card trick - Numberphile
d8TRcZklX_Q 6174 - Numberphile
dDl7g_2x74Q Infinity Paradoxes - Numberphile
dHzUQnRjbuM Numbery Card Trick - Numberphile
dNxyFtqcNss The Archimedes Number - Numberphile
dNy23tJMTzQ Synesthesia - Numberphile
dTWKKvlZB08 Golden Proof - Numberphile
dXGhzY2p2ug One-Roll Yahtzee Fever - Numberphile
daro6K6mym8 998,001 and its Mysterious Recurring Decimals - Numberphile
dfhiVaJj9UY How to Fill a Klein Bottle - Numberphile
djmec-Bweeg Balancing a Ruler - Numberphile
dzerDfN2E7U Transcendental Numbers (extra footage) - Numberphile
e4sF_Z5oJek Fibonacci Tartan and Bagpipes - Numberphile
eAjMvpRMVDw Crank Files - Numberphile
eYfpSAxGakI The Dehn Invariant - Numberphile
eZUa5k_VIZg What do 5, 13 and 563 have in common?
ea7lJkEhytA Look-and-Say Numbers (feat John Conway) - Numberphile
eaJtjJNrWf0 Calculator Unboxing #1 - Numberphile
eeLpkCZkWfc The Mathematician's Office - Numberphile
eeoBCS7IEqs Primes without a 7 - Numberphile
elvOZm0d4H0 Infinity is bigger than you think - Numberphile
emiMj8cCL5E That Viral Math Problem (Cheryl's Birthday) - Numberphile
etMJxB-igrc Don't Know (the Van Eck Sequence) - Numberphile
euAHY9hqRN4 27 the Favourite Number - Numberphile
ezdeBrPnzyc A Quick Cake Conundrum - Numberphile
f-Pe1ZMJEXk The 17-Klein Bottle - Numberphile
f2Gne3UHKHs The Most Mathematical Flag - Numberphile
fMJflV_GUpU Tribonacci Numbers (and the Rauzy Fractal) - Numberphile
fQQ8IiTWHhg The Trinity Hall Prime - Numberphile
fUSZBVYZdKY 220 and 284 (Amicable Numbers) - Numberphile
fcVjitaM3LY 78557 and Proth Primes - Numberphile
fdgZQWZgEqs Quasiperfect Numbers with Eric Lander - Numberphile
feUPkMGACtk Tentacles Akimbo (with Cliff Stoll) - Numberphile
ffvojZONF_A The Cross Ratio - Numberphile
fiTwar7mFws 1,296 and Yahtzee - Numberphile
fjEB_wbemQA The Curse of Lane 8 - Numberphile
fwD98HiQSJc ViHart on Tetrahedral Dice - Numberphile
gVzu1_12FUc 5 Platonic Solids - Numberphile
gaVMrqzb91w Why 381,654,729 is awesome - Numberphile
gi-TBlh44gY The Remarkable Way We Eat Pizza - Numberphile
gjVDqfUhXOY Billionaire Mathematician - Numberphile
h09XU8t8eUM Secrets of 3-Board Tic-Tac-Toe - Numberphile
hHG8io5qIU8 Weber's Law - Numberphile
hLGDJFGAmic 3/4 and Kleiber's Law - Numberphile
hP-DZMmQBng Imagining Numbers as Shapes - Numberphile
hSsRcpIsunk Infinitely Many Touching Circles - Numberphile
hiOMtBrH8pc 98 and Grafting Numbers - Numberphile
hwOCqA9Xw6A Ricci Flow - Numberphile
i3D7XYQExt0 Calculating a Car Crash - Numberphile
i9CdGc3e7-g The Parker Square
iFuR97YcSLM Prime Spirals - Numberphile
iObpxBfOLv4 Subtracting Paperclips - Numberphile
iW_LkYiuTKE The problem in Good Will Hunting - Numberphile
iwo7JReFTeg Mobius Bridges and Buildings - Numberphile
izdZPx89ph4 Imaginary Erd\u0151s Number - Numberphile
j-dce6QmVAQ Kakeya's Needle Problem  - Numberphile
j0o-pMIR8uk Amazing Graphs III - Numberphile
j7jfHM-mMC4 Cicada 17 - Numberphile
jPcBU0Z2Hj8 The 8 Queen Problem - Numberphile
jbiaz_aHHUQ Liar Numbers - Numberphile
jsSeoGpiWsw Monster Group (John Conway) - Numberphile
k6nLfCbAzgo The Coronavirus Curve - Numberphile
k8Rxep2Mkp8 A Hole in a Hole in a Hole - Numberphile
kC6YObu61_w 7 and Happy Numbers - Numberphile
kCSzjExvbTQ Phone Buttons - Numberphile
kE3OuzlkUnU Colouring Numbers - Numberphile
kMBj2fp52tA The Plotting of Beautiful Curves (Euler Spirals and Sierpi\u0144ski Triangles) - Numberphile
kOClr_bew38 10:10 in Watch Advertisements - Numberphile
kQZmZRE0cQY Brown's Criterion - Numberphile
kUBIJdGsD1A 10! - Numberphile
kaMKInkV7Vs Equally sharing a cake between three people - Numberphile
kbKtFN71Lfs Chaos Game - Numberphile
kjSOSeRZVNg A final game with Elwyn Berlekamp (Amazons) - Numberphile
ktPvjr1tiKk Tic-Tac-Toe (with Xs only) - Numberphile
kviwvLpnZSY Hidden Dice Faces - Numberphile
kw6l_uTakRA 69! - Numberphile
kwrDX5qkwvA Tunnelling through a Mountain - Numberphile
l4bmZ1gRqCc 58 and other Confusing Numbers - Numberphile
l7E-pBWuSIA Numbers with Meaning - Numberphile
l7lP9y7Bb5g Beautiful Card Trick - Numberphile
l8ezziaEeNE Primes are like Weeds (PNT) - Numberphile
l9dXo5f3zDc Chinese Remainder Theorem and Cards - Numberphile
lCjspXB5F4A The Mathematics of Crime and Terrorism  - Numberphile
lEvXcTYqtKU How they found the World's Biggest Prime Number - Numberphile
lFQGSGsXbXE Pebbling a Chessboard - Numberphile
lNuPy-r1GuQ Domino Addition - Numberphile
laAtv310pyk Hat Problems - Numberphile
lpj0E0a0mlU How many particles in the Universe? - Numberphile
lubGnk0UZt0 Balls and Cones - Numberphile
m0LVEvtjK4M Conic Loaf of Bread - Numberphile
m3drS_8BpU0 Pancake Numbers - Numberphile
m4Uth-EaTZ8 Stones on an Infinite Chessboard - Numberphile
m5evLoL0xwg The Three Square Geometry Problem - Numberphile
m6rfpQXzXu0 Math vs Physics - Numberphile
mLQNvuZH3GU 16 - Numberphile
mPn2AdMH7UQ Surreal Numbers (writing the first book) - Numberphile
mTvKQYTV0Yw Mathematics and Coronavirus - Numberphile
mX0NB9IyYpU Math and Movies (Animation at Pixar) - Numberphile
mZBwsm6B280 Bertrand's Paradox (with 3blue1brown) - Numberphile
mccoBBf0VDM G\u00f6del's Incompleteness (extra footage 1) - Numberphile
mceaM2_zQd8 Strange Spheres in Higher Dimensions - Numberphile
mh3eMt09EAs Unexpected Shapes (Part 2) - Numberphile
mhJY74Bw8mw 3435 - Numberphile
mlqAvhjxAjo 4937775 - Numberphile
mqK63v2Jzks Golden Ratio - Making a Math Metal Anthem - Numberphile
mthPiiCS24A Dealing Cards with Cryptography (with Ron Rivest) - Numberphile
n2Kp3toDJ9c Lewis Carroll's Pillow Problem - Numberphile
n3x8fIdsla4 Numbers and Brains - Numberphile
n5bw-Y13pdY Poncelet's Porism - Numberphile
n7GYYerlQWs 5-Sided Square - Numberphile
nBgQPSUTWVM Golden Ratio Song - Numberphile
nUN4NDVIfVI The Bridges to Fermat's Last Theorem - Numberphile
n_FsAwvxBI8 Lunes - Numberphile
nd_Z_jZdzP4 Number Trick - Numberphile
niaeV_NHh-o A Colorful Unsolved Problem - Numberphile
noDSyLzVz2g Random Numbers (the next bit) - Numberphile
o3QBgkQi_HA Pentagons and the Golden Ratio - Numberphile
o8c4uYnnNnc Amazing Graphs II (including Star Wars)  - Numberphile
oIkhgagvrjI Why do YouTube views freeze at 301?
ovsYv-b-wWI Calculator Unboxing #7 (Gaxio) - Numberphile
p-xa-3V5KO8 Tree Gaps and Orchard Problems - Numberphile
pAMgUB51XZA Amazing Graphs - Numberphile
pG8KorwT_Pg Trapped Water and Tiny Holes - Numberphile
pKwsPBeSiOc Powers of 2 - Numberphile
pT52hREAf18 Chinese Lucky Numbers - Numberphile
p_Hqdqe84Uc Dyscalculia - Numberphile
pasyRUj7UwM A 10,958 Solution - Numberphile
pbXg5EI5t4c Derangements - Numberphile
q6L06pyt9CA 90,525,801,730 Cannon Balls - Numberphile
q8Umr0BLMiU The Coca-Cola Klein Bottle - Numberphile
q8n15q1v4Xo Perfect Number Proof - Numberphile
qbkH_0TNdk0 More about Pebbling a Chessboard - Numberphile
qiNcEguuFSA Fermat's Last Theorem - Numberphile
qu04xLNrk94 Euler Squares - Numberphile
rKI7JINZh5Q More One-Roll Yahtzees - Numberphile
rXfKWIZQIo4 The Moving Sofa Problem - Numberphile
rudzYPHuewc Winning at Rock Paper Scissors - Numberphile
rwiEiGqgetU Necklace Splitting (a lesson for jewel thieves) - Numberphile
sG_6nlMZ8f4 Epic Circles - Numberphile
sGkwG8c0__E Stacked Dice Trick - Numberphile
sJVivjuMfWA Pi and Buffon's Matches - Numberphile
sPFWfAxIiwg 11.11.11 - Numberphile
sToqbqP0tFk Music on a Clear M\u00f6bius Strip - Numberphile
seUU2bZtfgM Transcendental Numbers - Numberphile
shEk8sz1oOw Fundamental Theorem of Algebra - Numberphile
siawhQBRC8I Paper Calculator - Numberphile
sj8Sg8qnjOg The Golden Ratio (why it is so irrational) - Numberphile
snHKEpCv0Hk Beautiful Trigonometry - Numberphile
sxLdGjV-_yg Calculator Unboxing #4 (Bamboo Calculator) - Numberphile
t2ZoU0LEM6E How to make a Klein Bottle (in three dimensions) - Numberphile
tP-Ipsat90c Randomness is Random - Numberphile
tY69D3PSmIk Lace Knot Trick - Numberphile
tflf05x-WVI Did Usain Bolt REALLY run 100m in 9.63 seconds?
tivvYl8ZRvA Rubik's Tube (or YouCube) - Numberphile
tkC1HHuuk7c Plotting Pi and Searching for Mona Lisa - Numberphile
tlpYjrbujG0 New World's Biggest Prime Number (PRINTED FULLY ON PAPER) - Numberphile
txajrEOTkuY Graham's Number Escalates Quickly - Numberphile
u17MdWjGA5I What colour is 27? - Numberphile
u6Got0X41pY Playing Sports in Hyperbolic Space - Numberphile
u7Z9UnWOJNY Zeno's Paradox - Numberphile
uAnCL3vhVIs Weird But Fair Dice (plus the D120) - Numberphile
uCsD3ZGzMgE The Josephus Problem - Numberphile
u_xQ_C5RUfo How to make a Klein Bottle from an old pair of jeans - Numberphile
ua1K3Eo2PQc The Heart of Fermat's Last Theorem - Numberphile
uak-wvXJAvE Kids get their money - Numberphile
ud_frfkt1t0 How to Win a Guessing Game - Numberphile
ulg_AHBOIQU How did the NSA hack our emails?
umYvFdU54Po 255 and Pac-Man - Numberphile
un-pTKfC1dQ An unexpected way to inflate a balloon - Numberphile
ur-iLy4z3QE Ap\u00e9ry's constant (calculated with Twitter) - Numberphile
uuMwz47LV_w Keith Numbers - Numberphile
uvMGZb0Suyc A Prime Surprise (Mertens Conjecture) - Numberphile
v5KWzOOhZrw The Graceful Tree Problem - Numberphile
v678Em6qyzk Wrong Turn on the Dragon - Numberphile
vA2cdHLKYB8 Philosophy of Numbers - Numberphile
vF_-ob9vseM Game of Cat and Mouse - Numberphile
vKlVNFOHJ9I The Most Wanted Prime Number - Numberphile
vNTSugyS038 How to order 43 Chicken McNuggets - Numberphile
vU-g6mC1F0g The Strange Orbit of Earth's Second Moon (plus The Planets) - Numberphile
vgZhrEs4tuk Shapes and Hook Numbers - Numberphile
vkMXdShDdtY Gaps between Primes - Numberphile
vn-0zSuAWpI A Mysterious Math Doodle - Numberphile
vv0bHK44Q1s 569936821221962380720 - Numberphile
vzV50goW_WM Log Tables (extra bit) - Numberphile
w-I6XTVZXww ASTOUNDING: 1 + 2 + 3 + 4 + 5 + ... = -1/12
wBU9N35ZHIw The Scientific Way to Cut a Cake - Numberphile
wCyC-K_PnRY Dragon Curve - Numberphile
wGkvyN6s9cY Perplexing Paperclips - Numberphile
wJGE4aEWc28 Superpermutations - Numberphile
wKV0GYvR2X8 Unexpected Shapes (Part 1) - Numberphile
wPn4tgmU8ek Sounds of Pi  - Numberphile
wTUSz-HSaBg Matrix Factorization - Numberphile
wVH4MS6v23U Triangles have a Magic Highway - Numberphile
wZ1E_CM7MqA The Pentomino Puzzle (and Tetris) - Numberphile
wo19Y4tw0l8 Illegal Numbers - Numberphile
wtIhVwPruwY Reynolds Number - Numberphile
wwh0KH-ICCw The Millionaire Machine - Numberphile
wyl-V0mrEio Calculator Unboxing #3 (Casio Watch) - Numberphile
wymmCdLdPvM The Uncracked Problem with 33 - Numberphile
x-DgL49CFlM Space-Filling Curves - Numberphile
x4kyFKyCMv0 Pi with Pies (director's slice) - Numberphile
x6Ml4AEt0kk Borromean Olympic Rings - Numberphile
xBkTIp6ajAg Planar Graphs - Numberphile
xNx3JxRhnZE Dungeon Numbers - Numberphile
xOCe5HUObD4 Life, Death and the Monster (John Conway) - Numberphile
xOXsDfMMTjs A proof that e is irrational - Numberphile
xPk3SZiFEvQ Happy Ending Problem - Numberphile
xRpR1rmPbJE The iPhone of Slide Rules - Numberphile
xYAU75IS40A Spaghetti Numbers - Numberphile
xdiL-ADRTxQ Friends and Strangers Theorem - Numberphile
xgBGibfLD-U Incredible Formula - Numberphile
xhj5er1k6GQ The Illumination Problem - Numberphile
xopM9BFjcNo Mathematics: Beauty vs Utility - Numberphile
xu-RSUGBgpA Too Many Triangles - Numberphile
xyVl-tcB8pI Impossible Squares - Numberphile
y12Tt3bOmKA Let's Talk About Sets - Numberphile
y5ARAxW2k_4 The Brain of John Conway (and his Amazing Tongue) - Numberphile
y8acoaakvPM Fifth Root Trick - Numberphile
yDWPi1pZ0Po Connect Four - Numberphile
yF2J39Xny4Q God's Number and Rubik's Cube - Numberphile
yJ-HwrOpIps Pi - Numberphile
yZOi9HH5ueU Gabriel's Horn Paradox - Numberphile
yfr3BIk6KFc Something special about 399 (and 2015) - Numberphile
ygqIfLHGTu4 Favourite Numbers - Numberphile
yi-s-TTpLxY Divisibility Tricks - Numberphile
yu_aqA7mw7E 5, 13 and 137 are Pythagorean Primes - Numberphile
z2x3SSBVGJU The Doomsday Algorithm - Numberphile
z34XhE5oRwo Will your name become extinct? - Numberphile
zDJKFcZ0Kkg More Hyperbolic Sports - Numberphile
zTsRGQj6VT4 Gambling with the Martingale Strategy - Numberphile
zk_Q9y_LNzg The Most Evil Number - Numberphile
zyG8Vlw5aAw The Mystery of 42 is Solved - Numberphile
zzKGnuvX6IQ The Most Powerful Dice - Numberphile
