-J-9Ct0oFMU 3 Thought Experiments That No One Can Solve
-jiDR10PPjU The Game You Can't Win
0-9p1Bmwqg0 Sprezzatura - The Secret To Good Style
0Ufq03NR4w4 Charles Bukowski On The Tragedies Of Ordinary Life - \
0VyyWklwpBE The Art of Letting Go - The Philosophy of the Buddha
1AHUeXkCw3o Paradoxes That No One Can Solve
21G_PIXz-tM Why Only Some People Achieve Their Dreams - Finding Your Greatness
267cB6tNeUc Why We Are All Afraid Of Change - Overcoming Fear & Resistance
2EM5DFlpNqI Why It Feels Like Things Happen For A Reason
2PW2eMboreI Why You Didn't Choose If You Clicked On This Video Or Not  - The Illusion Of Freewill
2wl0dMFX-4A Don\u2019t Believe in Anything - The Philosophy of Nihilism
3DhNjtLivdg The Machine - A Thought Experiment That Changes Your Life
3ytNPuDZodo Life & Death - How To Deal With The Thought Of Dying
4OhwxgR3g5g Are Intelligent People More Pessimistic?
4Tm6Z1y3h94 A Reason To Stop Worrying - Watch This Whenever You're Stressed Or Anxious
4czqPlKfbMU The Man Who Was Trapped Inside His Own Body - Becoming Aware While In A Coma
503MHxbk97M Reality is Just an Illusion That We All Agree On
53TyStJbs_g The Wisdom Of Dogs
54iCxIfjZYY The Feeling That You're Going Crazy
5V4j2uvaQoE How To Stop Overthinking Everything \u2013 6 Ways To Quiet The Mind
5dp8OHWREiA Why We're All Anxious & Weird
62vv5crUMuE The Feeling of Feeling Less
6TEBHQ-qm7c A Blind Person Describes What the World Looks Like
6r-AcnkP_ug The Curse of Creativity
7BkJ0cDHDRc How To Come Up With Good Ideas - The Art Of Critical Thinking
7S7P4H2rMEc Why Do We Feel Insecure? - Dealing With Insecurity
7Y1EDxsKjrc Why You Can Change The World, But Shouldn't
7bkgWwRXkgk What Is Nostalgia & Why Is It So Important?
86QJseeARV0 How To Have Fun In Life
8CMXjoa2geI Why This Moment Does Not Exist - The Secret To Living In The Moment
8VzDr7bgZwY Is Anything Real?
97y7D32sDo4 The Riskiest Thing In Life
ANlPOFwgimc The Illusion of Freedom - Are You Really Free?
Aaz4jdlqhSk Who Is The Doomer? - Dealing With An Age Of Hopelessness
B-FGbGolYJ8 What Pets Teach Us About Life - Why Humans Like Having Pets
B01tr77yPts Why Life Is Like A Tomato - How To Make Life Simpler
B4peKFZ188A Why We Might Be Alone
BmOGI8QxdTk Digital Psychosis
CEpFVz5vVVM The Last Thought You'll Ever Have
CpWSoNIFKXY How To Be An Optimistic Nihilist \u2013 Dealing With Existential Crisis
CqqeSVYc6Vw The Reality Prison - All The Things We Don\u2019t Know
DPZ-hja1LOE The Secret To A Successful Longterm Relationship - Why Love Is So Hard
EM5huU8pWYU VR - Humanity's Next Addiction
G-7UTD9gWok The Beauty Of Death - How To Think About Your Mortality
G6pEap9oDWs How To Be Yourself In A World With 7 Billion People
GOd1CaAP1HU The Best Life Advice You\u2019ve Ever Heard is Probably Wrong
GTSXBkHlUJE The Philosophy Of Alan Watts - Making Sense Of Senselessness
GUmi_fPRtYQ 3 Important Questions No One Knows The Answers To (Universe Edition)
GrwsdBLalRw Weird Things People Do (That Shouldn't Be Weird)
HLsvUlBxzbQ Finding Motivation In The Morning \u2013 Watch This In The Morning & Start Your Day With Positivity
HMIzs74r8ts Stop Worrying About The Past - How Time Saves From Us From Our Problems
HOjYd-Vap7w If Everyone Believes It, It's Probably Wrong - The Philosophy of Socrates (& Plato)
HUqh1yIxozQ The Purpose Of Life - How Humans Create Meaning Out Of Meaninglessness
HuTqAYMJJsg What Is Real? And Can We Ever Know For Sure?
IJ06QDEmZKs The Conflict Between Love & Sex - Understanding The Human Mind
J6j0bKF8A48 The Most Impressive Thing Anyone Has Ever Done
JITwZWrImq4 How Other People See You
JMQLHb-Tabk Why We Love Making Things - The Creative Urge
Kmyfntlgtmw Use This To Stop Anxiety & Panic Attacks - 10 Minute Guided Breathing Exercise
LaffA9EyUgo What Is Kafkaesque? - The 'Philosophy' of Franz Kafka
LiqjtrxzvB8 What Does It Mean To Be An Alpha Male? - How The Role Of Alpha Has Changed Over Time
Ljp-JgrFWfI Dealing With Perfectionism - Why Humans Can Never Achieve Perfection
LkSvtN25nFU Unsettling Theories About Potential Aliens (& Solutions to The Fermi Paradox)
LrRfjmv-5cQ This Is How Terribly Short Your Life Is (If You Hate Your Job & Live For The Weekends)
MRJ3WfVe31U Utopia - The Perfect Amount Of Awful
MhkWDG4Eylk The Perfectionist Paradox - A Miserable Amount of Good
MpMkXyBWpl8 The Darkest Philosopher in History - Arthur Schopenhauer
MrcfRuI1IWA Everyone is Trapped in the Absurd - On Chaos & Compassion
N9pcWLZbeD8 Why Humans Struggle With Happiness
NDjwet3xXKM Why You Aren't Happy - Dr. Abraham Twerski On Happiness & Fulfillment
NQfyb0aowN8 No One Chose to Exist
NbybnK9lssw If Life Was A Simulation, How Would You Want To Live?
NfJJUt-7noc The Man Who Floated Away Into Space
NzZQ9Alapzo How To Outsmart Fear & Control Your Emotions
OK9SU_OLwDY How To Be Selfish
OllCa3lJUPQ Quotes About Life From History's Greatest Thinkers
P5b2qMHRd4A The Man Who Found The Edge Of The Universe
P6wH7bXG09k These Simple Words Can Change How You Think About The Past - Nietzsche
PKsARuqxxQk Why Living Forever Would (Probably) Be Awful
Pd-4dKaK_04 The Zen Riddle No One Can Solve
Pij7zlSxHv4 Achieving Work-Life Balance - The Truth About Motivation & Success
Q6yMhZWH_x4 Stoicism & the Art of Worrying Less
QAnNJ4syPek Dying - A Guided Experience
QCQDqjFRaG0 The Mistake That Wasted My Life (Short Film)
QmOiDnM4SH4 Why We Feel Confused & Overwhelmed
RZuWgiDhiQE Experiences Vs. Things  - A Reminder Of What's Important In Life
RtGVnyRBVo4 Taoism & the Art of Flow - The Philosophy of Lao Tzu
SNGQFo3ON70 Can Knowledge Drive You Crazy?
SNumk6OGQxc The Art Of Being Wrong - How To Be Humble
TBxjNJ9ckMk This Scientific Theory Will Change How You See the World
TIads5Bm_tM What Does Nothing Feel Like?
TIjvXtZRerY How Culture Makes Us Feel Lost - Dr. Gabor Mat\u00e9 On Finding Your True Self Again
TR5y_X2-Pvk Can Talking Differently Change Your Life?
Tn6fE8PvVCE The \
U2D5FTzbafU The Best Version Of Yourself  (Inspiring Stop Motion Animation)
UaZeTmFBbGc Possibly The Most Dangerous Animal In The World
V0E1Ren9XhY The One Thought That Can Change How You Feel About Everything
V1FlT8zU7rI The First Contact - Alien Worlds of the Past
V2BrmsAYpI0 The Madness of Creativity - Charlie Kaufman On Facing Your True Self
VPe6JlIZSQ0 Why You Might Not Be Ready For A Relationship - The Importance Of Self-Love
VTzAKzJr7jk How To Become Smarter - The Art Of Open-Mindedness
WagdzxAH8EQ One Thought Can Change You Forever
XBTOqyUtX-0 How To Waste Your Life & Never Be Happy (A Short Story)
Y-ZE-IVAuII How To Feel High Without Drugs - A Perspective Shift
Y15-eSfrWMQ How To Be A More Likeable Person - Simply & Without Trying
Y9PhWggKoz8 Falling Into A Black Hole - A Guided Experience
YgUkHAKQD3s Eventually, Everyone We Know Now Won't Be Known By Anyone
ZJxJPtwLiqE Alive
ZY1tBhlM6m8 Higher Consciousness - What Does It Mean To Be Human?
ZqfVVq-J-es Selling & Being Sold - Consumerism & The Internet
ZzR4eS4UXMs Are We Living in Other Dimensions Without Knowing?
_-J0fjGO-FE The Man Sacrificing His Life to Upload His Mind to a Computer
_-J0fjGO-FE The Man Who is Sacrificing His Life to Upload His Mind to a Computer
_J898NnK8G0 Birth - The Biggest Choice You Didn\u2019t Make
_ZyRSgEEIig The Power Of Overcoming Artistic Self-Doubt
_b5Xhgnd4lk The Hidden Story Of Every Person
_vHuu3LxGXM How One Photo Can Change Your Life
aDPG9E_NZxs Is Your Blue Different Than Everybody Else's? - A Thought Experiment by Ludwig Wittgenstein
aaM9P59vmCU How To Never Be Bored In Life - Escaping Routine
auueWN_TyE8 Why You Shouldn't Trust What Anyone Tells You
b04zs6QHuWM The Art of Trusting One's Self - The Philosophy of Ralph Waldo Emerson
bWhLEntRKnY How Music Changes Your Brain
bdkI8YGyEvA Eventually, Everything Will Be Destroyed
dBQAo6pEweE Who Am I? - The Mysterious Thing You Always Are
dNdxNrVtZg0 What to Do If You Run Out of Hope
dTgq2yfCpUA The Risk Of Friendships & Relationships - How Friends Change Who We Are
eMTDAHK-tkE Don't Try - The Philosophy of Charles Bukowski
eo4LhhzF-dY Terence McKenna On The Great Illusion Of Reality - Why We Never Understand What's Going On
exZeZaccUzA The Scariest Part About Being Alive
ezRyHO-42AE How To Remain Calm(er) With People - Psychology & Stoic Philosophy
fHt9u0IKKes The Truth About Finding Your Passion & Purpose In Life
fY4Ib8pU3zk The Last Thing You'll Remember
ffWSQCjTtgk The Tragedy of Being Too Early - The Timeline Effect
fguhlv23lSg 5 Important Questions No One Knows The Answers To
fiR3nyj5Zak Bertrand Russell's Warning About The Future For This Generation - What Does Humanity Need?
fjliQksDbFw The Man Who Can't Feel Pain Or Pleasure
g1-q_apBfAA What Happens After Everything Ends?
gDeH8J_1BqA Do Opposites Really Attract? - How To Choose The Right Partner
h0rUGrosDTY A Reason to Stop Worrying What Others Think
h9sBGOFmtlc The Pursuit Of Wonder
hCyVDfnb7h0 3 Minute Guided Nighttime Meditation  \u2013 Letting Go Of The Day
hEUp-_LWY1o The Art of Loneliness
hLX8LBZNirk Taking Life Seriously, But Not Too Much - Finding The Balance Of Life
hPhc9FU7ycI The Backwards Law - Why Happiness Is Ruining Your Life
hwshlYPsYOQ This Video Will Make You Cry \u2013 Emotional Visualization Experience
iK1UEU5-k34 Powerful Gratitude Affirmation Video \u2013 This Will Make You Feel Reborn
iTW3a37ap2o Why We're Fated To Feel Lost  - The Philosophy Of Albert Camus
iUmujzY6X_A What If Everyone Died In 1 Minute?
jD5snzW-6fQ The Power Of Empathy - How To Improve Your Social Skills
jnmjvBf3kCQ Why You Should NOT Fear Death
k9OC_t-il1I One Of The Most Famous Poems In History - \
kieQKXmBZV4 Do We Have Free Will? Or Is Everything Just Chance?
lUjoFzT0VNI Becoming Who You Really Are - The Philosophy of Friedrich Nietzsche
ladPHD5p0_8 What If You Lived For 1,000 Years?
loBqzP3Yaj0 The Unknown of Everything
m5DABiixjXE Life Is Not Short; We Just Waste Most of It - The Philosophy of Seneca
mCjKX1rsN6k Life As A Game - Thinking Like This Changes Everything
mGHMKC7Vx3w The Last Uncontacted Island
mHK6YmSx7YQ Why Do We Live For No (Real) Reason? - Nihilism & The Philosophy of Emil Cioran
mOpMhYGPajU The False Memory Effect - How Fake Memories Change Us
mSwabuorFQk A Lost Humanity - Carl Sagan On Our Role In The Universe
me54s2pb5Sc Overcoming The Rat Race Mentality - Why So Many Of Us Wish Our Life Away
mgf9ClNgvGI The Feeling That Life Will Never Be As Good As It Once Was
mojU9VKsHy8 What The World Will Be Like In 100 Years (If Everything Goes Right)
n2yjpne-uzE Why We Feel Lonely & Alienated - Charles Bukowski's \
nLBrPED52qw The Desire for Nothingness
nUUDRUR0Dic Why Are Things Funny? - Absurdism & Humor
oG7EjDLeTbM Is It Possible To Always Be Happy? \u2013 Finding True Happiness
oGVhOWqsBWM The Nova Effect - The Tragedy of Good Luck
ppf2dYT_ONo How To Deal With A Boring Life
pzvdTJ-kWos The Parts of the Universe We Will Never Know About
qJ33NOaw1Bs How To Deal With Loneliness Without Using Drugs
qM2ZXh9QB7Q Simple, Little Things That Make Life Better
qWHz39MVvxs Why We Experience An Existential Crisis - The Philosophy of Jean-Paul Sartre
qfnFi8_G8FY The Hidden Universe Inside You
qxW6zg6FmCE David Foster Wallace - The Dangers Of Internet & Media Addiction
qy0s9Wfl4GU Is Your Brain Hallucinating Reality?
rf4iNJ-0vsw The Woman Who Tried To Play God - Genetic Engineering & The Nature Of Everything
rk5fWJeSCA8 David Lynch On How Meditation Can Change Your Life - Transcendental Meditation & Creativity
rtySu1FtFag Your Entire Life Explained In Pizza Slices - This Is How Much Time You Have
sFxl3x6U-Vc Feeling Like You're Never Enough
sLLQVB7Z0Uc Existentialism & The Internet  - Why We\u2019re Getting More Anxious
tgSJGGGd4no Is Infinity Real?
tl9mh9dRdso What It Feels Like To Die  (Animated Short)
tqiL8QFy4Kw The Amara Effect - The Advantage of Disadvantages
u0Gj87Qhux4 We Are All Made By Accidents
u4abnPhZcUI Why People Like Getting Uncomfortably High - Drugs, Alcohol, & Escaping The Self
uHu8fEIViA8 The Beginning & End of Humanity
uLOB6hj3M_Q Stoicism & The Art of Not Caring
uRDy4M5jI-g Becoming Your True Self - The Psychology of Carl Jung
v42px-X7190 Cringe Humor - Why We Like To Watch People Embarrass Themselves
vCOuKCT9oG4 Philosophy Created by an Artificial Intelligence
vWaId-BvIrA Memes: Art of The Internet Age
vpl3Oqb6HOk Making Real Friends And Strong Relationships - The Power Of Authenticity
wsGg1zOqrCY Meaning & Nothingness - Finding Motivation In The Void
x18bXxW3yhY Every Person Is One Choice Away From Everything Changing
x3EVh2jhyLM The Lie That Every Story Has In Common - Kurt Vonnegut On The Shapes of Stories
x6t2inZlaHQ Asking An AI What the Meaning of Life Is
x8gYFueIP3k How We Might Be Living In Other Dimensions Without Knowing - A Neil deGrasse Tyson Visualization
xPkfKIV1zj8 Getting Stuck In D\u00e9j\u00e0 Vu
xSnGXyA8e4w Why Drugs Are So Enjoyable - The Power Of Intoxication
z1exaJRpOuw \
