17JJz8Hib8Y Man Can Fulfill All His Desires By Just Updating Status On This App
1O7s4E8GIO8 Kids Turn Into Adults In Less Than A Day At This Beach
1YbkKGbfG3w Deadliest Rock-Paper-Scissors Game, Winner Gets $1 Million And Loser Dies
1lbcqf7NneQ Man Is An Immortal Demihuman Who Can Control Ghost As His Weapon
26eD2jw7sSk Teenagers Trapped Inside A Cave For 1000 Years, But They Still Never Aged
2GL1-YvgKLo Killed During War, Man Is Resurrected And Given A Superhuman Abilities
2oWyMHIMBNE Strange Wall Causes All This Girl Wishes To Be Come True Based On Hatred | Movie Story Recapped
3DbXUw6Offk True Story!! Homeless Man Becomes Successful After Meeting This Stray Cat
3xWnnwqBKSc Poor Boy Accidentally Finds A Melon-Like Alien That Changes His Life 180\u00b0
40dIKi2iFPk This Strange \
4J3RjO8ekyY Strange Meteor Emits Radiation That Turns People Into Mutated Monster | Movie Story Recapped
5K8YONL4I1E They Are The Last Demigod Species On Earth That Still Exist
6ca3wRnD_o4 This Legendary Gambler Always Has The Way To Win Every Games
6s_I8njGZ_c Woman Accidentally Changes The Past Causing The Future To Be Ruined | Movie Story Recapped
7QWomX3XLIE Teen Girl Has The Ability To Predict Someone's Death Accurately By Sketching It
7TG7xZpkK8c CRAZY!!! This Device Force People To Hook On Strangers Temporarily | Movie Story Recapped
7YoUxCZywtM In Future, Humans Are Forced To Live And Reproduce In Mars
7_Dm9i-kBcg In The Future, Poor People Have Power And Rule The Rich
7uwxIK2tizo Man Has The Ability To Cast Ice And Control It As A Weapon
7zXN31SHBdI Young Woman Abducted And Tortured By A Psychopathic Old Woman | Movie Story Recapped
8JPF8xT7B9Y This Artifact Can Turns Human Into A Psychopathic Masochist | Movie Story Recapped
8Sz_ZG1FVNo With Just Social Media, Man Can Destroy Anyone's Life And Career
9CucGdE0H2w Last Human Has To Live With Aliens After Earth is Destroyed | Movie Story Recapped
9IBfafYsLRw The Most Dangerous Sniper, Man Has Killed 72 Criminals And Never Miss His Shot
9nUNiqSASq4 World Where Those With Superpowers Are Considered Sick And Dangerous
ASm1BlgHooo After A Mysterious Event, All Human Can't Sleep Except This Girl | Movie Story Recapped
AiYGHGuE9-8 UNBELIEVEABLE! Man Steals $9 Million Only To Returns It To The Police
AuK2orZ5Cus Humans Are Harvested And Extracted To Make This Woman Immortal
B1m-DjHXOGI Strange Disease Force People To Kill Others To Stay Alive
BJusJo9pf18 They Are The Only Hope To Protect Earth When Avengers Are Not Available
CCPAyRiLbMI In Future, Anyone Can Use Superpower With This Substance
DGFcXxiAwTc In Future, US Creates The Most Genius Android Super Soldier To Help Ukraine Against Russia
DXpdmoy5c_g Ryan Reynolds Making Mess In GTA Look-Alike World
Dq0vww3XhqY Human-Like Aliens Accidentally Stranded On Earth And Become A Meme
DxbxIPjjCi8 Somewhere In The Sky, There's A School For Superpowered Teens
EMAkon6j1Rk The Strongest Super Soldiers Russia Ever Created, Each Can Take Down 100 Soldiers
FYIoSmtpdnM Has Lived For 14000 Years, Man Can't Even Age or Get Sick
FeyRu8RcBZk Descendant Of Thor, Man Can Use Mjolnir And Creates Thunderstorm
FlhG3Bk8c30 Woman Discovers \
FlhyHZhsF9s In Future, Erasing Your Ex Memories From Your Brain Is A Trend
HX0AK6sTKig Ryan Reynolds Buried Alive With Just A Lighter And A Phone To Survive | Movie Story Recapped
Hoa9vfv9WM4 CRAZY! Man's Butt Can Literally Make Anything Disappear Even Human
IExGd02zwq8 Student Shrunks His School Principal To 6 Inches Because Of....
J_nKuhie8zA 300K+ People Are Brutally Killed By A Group Of Robotic Bees | Movie Story Recapped
JxJfIplP9Fg Often Bullied, Nerd Man Turns Out To Be The Strongest Wizard
JyRZK1hDzoA Has An Extreme Anorexia, Woman Gets Skinnier Everyday
KEHlNpDB8ZA Girl Uses Her Deafness To Survive The Attacks Of Ancient Creatures | Movie Story Recapped
KSy-A5I14BQ Boy Doesn't Realize That His Power Can Bring A Disaster To Humanity | Movie Story Recapped
L3yl85goGCE Human-Like Alien Accidentally Strands On Earth And Steals Earth's Water Source To Survive
Ljc-gMDQDJg Man Can Do Everything At Such High Speed That Others Seem To Be Frozen
MQ8rptY4Bho Trapped Inside His Own Game, Man Must Beat The Game To Get Out
MVVSBGH_550 These Giant Mutated Creatures Are Created To Destroy Humanity
MWNG8HzDHnc Man Can Make Women Around Him Feel The Same Pleasure As Him
MZ7EGUcVR7I After Strange Event, Ghosts Become Real And Become A Threat To Humanity
MlQ1lRDcSXg 3 Colleagues Are Trapped Inside ATM From A Cold-Blooded Serial Killer
NIEhIZQwqmE Man Can Open Any Kind Even The Hardest Safes And Locks Easily
Ni6rAGRPoLM WEIRD!! Woman's Butt Swapped With Her Mouth And Vice Versa
OFyeLD7NarM Man Can Grant Any Wishes By Just Moving His Right Hand, Seriously...Anything
ObxkfVjHDuE In Future, Earth Is Uninhabitable, Russians Terraform An Earth-Like Planet To Preserve Humankind
QsfhEshujrc Too Great At Robbing, This Mole Can Rob Any Bank Even The Safest Bank Easily
RlooOC-9lYI In This Class, Students Trained To Be Assassins To Kill Their Teacher
RmiHpSz-Efw They Can Hack Any Credit Cards To Get Whatever They Want
SdoLKYtxQbk In Future, Hunting Prisoners On A Remote Island Is A Sport
SeB4-nzC5mg Extreme Human Experiment Turns This Young Woman Into A Killing Machine
Secg1L6sMzU Futuristic World Where There Is No Crime And Every Citizen's Thoughts Are Recorded
Tjhn4Jx-1yo Unknown Dangerous Parasites Infect Humans, Turns Out Its A.... | Movie Story Recapped
UUjvP-4L_6o You Will Get $10 Billion If You Can Kill This Squid-Like Alien
W8HCuGw0iBE Teens Gain Mutant Powers That Turn Them Into Dangerous Weapons
WCNQl_MvBaM Lived For 400 Years, Man Was Cursed To Be Immortal By A Mysterious Tribe
WIhBuoPQgy0 Disappointed By God, Mad Scientist Creates His Own Demigod
WJgwqgP6CVU Dark Secret Revealed!! Future Device Allows Memories To Be Played Back | Movie Story Recapped
WfWVNLEWBqo Silly Monkey King Turns Out To Be The Strongest In This Kingdom
Xe1uoDxgb7k Boy Plants Electronic Device On His Arm So He Can Stop Bullets
Y6B9NP83P2s Young Woman Is Robot That Invites Chosen Geniuses To The Future World
YGcki6TPgeg Woman Struggles To Survive In A Dangerous Pipe Labyrinth | Movie Story Recapped
ZrMPWY7XQyw These Rare Humans Species Almost Extinct Because Of Earth Humans
_8DybJT3vtY Zombie Apocalypse, But The Zombies Are Too Weak And Slow
_9ERTDGuAm8 Giant Monster Appears And Imitates All This Woman Moves
_nfNRwBMx2c Half Demon Man Conquers Demon World After Banished From Humanity
azWw2ahE7aA In Future, Human Can Be Resurrected With This Service
cAJCZMng9jw Boy Becomes Prisoner And Enslaved By This Beautiful Witch
dI_IxzCgB1M Futuristic Humans Discover Strange Creatures And This Happened To Them | Movie Story Recapped
dW7_Fx1Sqw8 Man Still Concious And Feel Extreme Pain During Surgery Even After Sedated
dY0gsaYuaII The Most Genius Boy On Earth Turns Out To Be A Criminal Mastermind
dkvsVuBe0GA Woman Stuck In An Endless Time Loop Everyday After She Dies | Movie Story Recapped
dlFNTasoo5c Man Has A Powerful Spirit That Can Stop Time And Hit Like A Truck
eHg3cXueIHU Young Man Caught Jerking Off By An Unknown Hacker, And This Happen.... | Movie Story Recapped
fDu0Fpkt52A Dog Gains Superpowers After Accidentally Exposed To A Substance
fMXegu7X3KM This Woman Is Caged And Treated Like A Pet | Movie Story Recapped
fTAo47GAln4 In Future, Evolved Humans Come Back To Earth To Harvest Human Brains
gMaKM6Jbtqk They Trapped In A Strange Island Where Monsters And Vampires Are Real
gND2dShe7Ps Ryan Reynolds Travels To The Past And Teams Up With His Young Self To Save The Future
gPNKYjT2ldY Ryan Reynolds And The Rock Team Up To Do The Biggest Heist
g_mWv1HJXqk Albino Boy Born With Extraordinary Intelligence And Supernatural Power
ghn9ZGj_REE Patients Tortured And Then Healed Endlessly In This Hospital
hXKQGsvhzwI This App Can Predict Exactly When You Will Die
iBBN9H6JflQ Captain America Is Actually An IT Expert Who's Betrayed By His Superior
iJJt8UWZhRg Boy Gets Impregnat*d By A Girl Because Of..... | Movie Story Recapped
iivDxOyzGVM Underestimated By His People, Turns Out He Is The Legendary Kyuubi God
iud02AbE3ec This Shopkeeper Turns Out To Be The Disciple Of World's Greatest Assassin
jksexluRx9U The Biggest War Between Humans, Orcs And Other Mythical Races
kb9c91afqSE Expert At Cheating, They Pass The Hardest Exam Even Without Studying
ku-E1M7eBGA Killed In Firefight, Hitman Resurrected And Given 24 Hours To Seek Revenge
l6uzezVnPbY In Future, Sun Becomes Too Toxic, People Use VR For Activities During Daytime
lDE_8ujnnrM Students Refuse To Sleep For Almost A Week, And This Happened To Them... | Movie Story Recapped
m8Sd8ICwP2s INSANE!! Mom Pushes Her Car Into A Cliff With Her Child Inside | Movie Story Recapped
mWb2vCBMdJQ Boy Face's Will Kill You Instantly By Just Looking At It | Movie Story Recapped
n4Q2Q5GyCFc They Are The Only Hope To Save Humanity Against Immortal Aliens
ovH41WN0iPc The Battle Between 2 Genius Hackers, Both Can Break Any System Easily
pJHsuDQhI-o Dangerous Parasite Insects Hypnotize Humans To Be Their Nests
pQDyIHj62fE Has Lived For 800 Years, Man Is Cursed By The Witch Queen To Live Forever
pi9q59x4Mzc World Where Every Second Born Royals Has Their Own Unique Superpower
qKPFn7qK318 A Couple Found A Teapot That Can Make Money Whenever They Experience Pain
qRSwBwwRJvA Phone Fragments Stuck In His Head, A Boy Can Hack Any Devices By Using His Mind | Movie Story Recap
qTdg51H7e_s They Only Have 12 Hours To Spend Before Earth Is Destroyed By Asteroids
qcv5_tQGUE4 Female Robot Made To Satisfy Men Turns Out To Be Too Smart For Humans
r1BSkcNEyg4 Man Forced To Drink His Own Pee After Being Buried In His Car Underground
rJx8BgAO3-0 Kids With Unique Superpowers Trained To Fight Against Alien Invasion
s1B8WvlHWXc Obsessed Young Woman Will Do Anything To Get What She Wants | Movie Story Recapped
sbef80m5Qls Humans Need To Win The Universe's Biggest Soccer Match Against Aliens To Save Earth
swJLxI3fq9c This Cursed Baby Is The Only Hope To Fight Gods
t49dXFu8dqo Retro Game Characters Come To Life And Become A Threat To Humanity
tDTGVAVy-DE No One Believes That A $30 Trillion Worth Of Giant Meteor Is About To Destroy Earth
tDa09NPEvWo Woman Gets Tortured Everyday For An Unbelieveable Purpose | Movie Story Recapped
tEXcsuL8WRQ People Underestimate This Old Man Until He Stops A Bullet With His Fingers
uXYutKt089A Woman Purposely Got Drunk To Get Hooked By Men
um2nbHpTuJ0 Abnormal Boy Proves The Real Definition Of \
vLZAjUJNPgM Dog Can Grow Bigger The More Love It Gets From Humans
vMbrg1bW9VU The Battle Between The Strongest Demigod And The Strongest Titan
vhS1FliZGfY Got Bullied By His Mates, Boy Begs Jackie Chan To Teach Him Kung Fu
wXyfinFW3_A Woman Discovers A Strange Ritual That Can Steal Others Age | Movie Story Recapped
wo0W1G13LiQ Man Accidentally Puts 10 Personalities In His Body, One Of Them Is The Worst
xV5L8YjPVmc Male Robot Fulfills All Your Wife's Urges Until This Happen... | Movie Story Recapped
xk9Zb6yYdRI They Are The Only Survivors After Everyone Mysteriously Disappeared
xrKFXnDbexg Modern Hogwarts Where All Students Have Their Own Type Of Magic
xvHtcIwV_bY Girl Has To Fight Giant Monsters Alone To Save Her Town
yZZM0GXrcfs Man Has A Ton Of Superpowers Including Telekinesis, Super Strength And More
zJ447qzYO5A In The Future, Everyone Is Dating An A.I. And Making Love Virtually
zSOSZS2Pbp0 World Where Everything Is Controlled By AI, Even Buildings And Security Systems
