--nMcXdy9Ic A Christmas week as a PhD student
-4yJeN53lgI Can music save a language from extinction? | PhD stories #1
-9bAWcAXcqk Mental health: one year later
-C-4sSbAqKo Infinitesimal, Consider Phlebas, Longitude, and What If? - Book Club #1
-C-uTuCGZlU The Metamorphosis by Franz Kafka - Book Club #5
-Ksbeghqzhg Recommending articles and documentaries! - Exvlog #22
-O69iqK1AZg Apps I use in my PhD | Life as a PhD student #12
0LHY3qctmbM YouTube and Chill
0UlwuZRHX_o How Europe can wean itself off Russian gas
0_yPKXfQDSg Becoming an Adult
0aD1ts2J2N8 How simple can you make a clock?
0b7UxpsuKeg Earth's atmosphere in four minutes
0qkLFgMJJmA What do supervisors look for in their PhD students?
0vgnLELWLgM Busiest week ever?! - TT2013 Week 2
1-AsmZA2u5A The vlog is changing | Life as a PhD student #11
1-JAx3nUwms A Brief History of Pi
1FPcIqpHU9o How I wrote my first book (non-fiction)
2JioI-cdXYo What do climate scientists think will happen at #COP21?
2WEPEjo6WsM We need to talk - Exvlog #18
2XaG6QeHn4A Melting and transport | Crash Course Cryosphere #7
2hgG4ieFuKw Fluid mechanics, cake, and Twitch | PhD stories #4
2qzqnFKmcnU These are a few of my favourite YouTubers - Exvlog #13
2uC0JyWT81w Exams and mental health
30zhNzdGzGs Geoengineering - Crash Course #7
338VTXEBq-Y Introducing the new member of our family
3H8xCyjQykQ Global warming - the 3 minute briefing
3J7Cl3FXs1o Thank you for 25k subscribers Q&A!
3Jyq-dmIM8s Which planets in Warhammer 40k could really exist? (Terra to Tanith)
3LMpwsEOKAM Some books I've enjoyed recently
3jh4xRAjs78 Global warming explained in 146 seconds
3xWQ5jDE99E BIG NEWS! - TT2013 Week 0
4-7HrHhL4ew Applying to Oxford or Cambridge
45jNBxosAXA Why is global warming a big deal? - #COP21
4AkwTIC6_Pk Durrell - #P4A2014 - Saving species from extinction
4aoUkkw8uz0 Are climate scientists optimists? #COP21
4sLWRScmfH0 I read the top 100 scientific papers of all time
59N_DKOhEjw Brian May, volcanoes and physics - HT2013 Week 7
5E7K70DFLJQ Whatever happened to GLOBAL COOLING?
5QooFGA_gsQ How important are extra-curricular activities in Oxford applications?
5W2s238uV60 Why do bad things happen to me?
5YGTZaIaEIo The physics and biology of flying mythical beasts (feat. the yogscast)
5fZaSzSmWdE SimonOxfPhys Q&A - thanks for five years!
5kt5SH1r5jo Q&A with JamoeMills Part 1: How to choose a college, advice for going into work?
5pgkQzIFxCQ I'm going to Vienna! And won an award. Or something. - Exvlog #4
5qMcDQd17Y4 Economics PhD students predict the next big thing
6N9fKppqL1g HANDING IN MY PhD THESIS! | A week as a PhD student #27
6U0mEC_lPxg Horcruxes! - Exvlog #10
6_VJXHfMevM Is the polar vortex caused by climate change?
6e4noFg6Q0U What is my PhD all about? And what have I been up to? - Exvlog #6
6f-eaLR_TNg Mary Somerville? - SimonOxfPhys plays XCOM! #4
7AoCuq59xsQ Cross Keys, Oxymoron and end of term! - HT2013 Week 8
7CvemBzAbN8 What science have I been doing? What about videos? - Exvlog #8
7OFk3QB5Uwo Thoughts on VidCon EU 2017
7UYyeDpipyA Harry Potter and the Cursed Child - Book Club special!
7VjMe3SDUzs Sudden Stratospheric Warmings - Crash Course #5
7W3rwuTdi7Y How the Tongan shockwave caused a tsunami
7qB1H6ZPy_U Is YouTube a net force for good? Talking with YouTubers author Chris Stokel-Walker
8-xlw8anneA Atmospheric scientist reacts to Geostorm
8U2pW0RkLtM Framing female scientists! | Life as a PhD student #13
8ZXlUyyYJCg Can we build an artificial brain?
8mSnt3SI5tA What I've been reading (Winter 2018)
8sv1WHgVTrs How researchers invented superman vision
97OZnP2GkTU Balling - Oxvlog Special!
9HNvIes9u3M Life's a beach | A week as a PhD student #10
9Qugm1L7mZU Advice to PhD applicants
9WT68z4RxVA Which planets in Warhammer 40k could really exist? (Cadia to Mars)
9WqE_sDfY0c Replies to YouTube comments
9jmM_cfOMJM David Willetts, PSY and Obama - MT2012 Week 5
9k0dUdEbOpY When should I get in touch with campus mental health services?
9mIj020lNq4 Physics Book Recommendations - Part 2, Textbooks
9zhpMQ2EnFU Failure in Oxford (again!) - Running Commentary #2
A-04PWj5_pk Vlogging my first EVER half marathon!
A-pZlyvalGk My summer 2018 reads
A2dMpLNWtRE The Wizard of Argos, by Anna McCrory
AHTcly7RVJE JamoeMills collab announcement! And exciting science announcement!
ANGwdvO50mw Talking books (and fan fiction) with Lewis Brindley of the Yogscast!
AOTYTuiNaho How to study effectively
AWWWE3Zow-o Vlogs are dumb. (and that's a good thing)
A_1LM7lyk4U UNIVERSITY STUDYING LIVE Q&A!
AzVL432lEWA Why sin and cos don't mean anything
B26UeVLbmas Two years of improving my mental health
BIYEvO4AA6o How I chose my research field (PhD)
BLRZbo0vT90 What I've been reading recently
BRfyBU-gRig The singing scientist - Exvlog #3
Bb-Y_NuWp4A Durrell Wildlife Conservation Trust - #P4A2015
Bg2EIky1fiw Destroying my legs to save my friend's lungs
BhuMi3j2Yy8 What is the biggest issue with education in the UK?
BkvJd_3thg4 My polar vortex PhD thesis: explained
C3T1j4GLBo4 Oxford FAQs
C6foXzIqWsw Dan fangirls over dodie | VidCon EU Vlog #1
CGngv8vTQOs SimonOxfPhys plays Kerbal Space Program #3: Solid rocket boosters!
CNkVGiSgOM4 Shouldn't sea levels have risen by now?
CO_IFJLIJDI What I learned from YouTube NextUp
CZQTVvJaJLA The surprising bias in climate satellites (and models)
ChQSIRYwl_8 The music of falling into a black hole
Cio2mA-ZYdc My PhD poster! - AGU 2015 (Part 2)
CiyK4dWY-tY What needs to happen at #COP21?
Cq03ZsHdpU8 Sea ice | Crash Course Cryosphere #4
CqtZdnpfgIc What the Hockey Stick missed about climate change
D92-LbNN77M Why you shouldn't apply for a PhD
DFIe0u6WeJg World's hottest burger, Imps, and war - HT2013 Week 5
DFTZtTskvHg Culture and Amsterdan | VidCon EU Vlog #2
DVsw1brd_Yc Ranking every book I read last year
DuEfnKI4xS4 Nunc Dimittis, Gustav Holst - Exeter University Chapel Choir
E0ncaBUE2HM Britten - Ceremony of Carols
Ec_cTrLh3h4 My three step approach to talking about science
EhTzPgE_oMs Rowing, trashing, physics - TT2013 Week 5
EtP59KJSnOw Oxbridge Application Guide #2: Finance and financial support
F3M9-MxyCaQ How @The Spiffing Brit broke the Kyoto Protocol
F4XZUSiTFio How clouds influence climate change (with @ClimateAdam)
F766B469QfA Visiting the Yogscast at Yogstudios in Bristol!
FGUr0GLwOkY Oxford Interviews Q & A
FjybzzvVW_A What is my PhD about in 60 seconds?
G9RIhN2zsRc Why Venus is so cold
GKUu--wnWtE Pros and cons of doing a PhD (personal experience)
GWh0UFfOX2M John Green, Clouds and Movember - MT2012 Week 4
GZl-8gE6MSA Ceci n'est pas une video - TT2013 Week 7
Gd2VrloWRws Writing my thesis and Potential Vorticity - PhD Watch #2
Ggmh1OLB-Tg Presenting my PhD research at EGU 2016!
Gj1kMiwOxvs Doing a PhD in science Q&A livestream!
GkbuV_a-rvs 3 strategies to beat climate change
GmYiUNiIhYs Bleurgh... - MT2012 Week 6
GsnmQmm2fU0 Room Tour, Custard Pies, and the end of term! - MT2012 Week 8
GvvpsiQEU2s Oxford Physics Interview Questions (Part 2)
HLqtqiPD_fg Science Pictionary with Sally Le Page!
HRG4aM7eAV4 Getting code working! | A week as a PhD student #4
HYDLBR3N9hA Studying the galactic sausage at Cambridge University | PhD stories #5
Hcd3NTEtx6I Dumbest thing I've ever done | A week as a PhD student #8
Hk9HHYdufSI The End - TT2013 Week 8
Hv5BIGa4oT4 Ask Oxford - How easy was it settling in? What is the work/life balance like?
I55bxBcrgjU What is COP21? - #COP21
IWTNlTvw6xw Shadow of Sapiens: Homo Deus Review
IbaVSi2BS3k Tour of the physics department! - HT2013 Week 2
IgiqlpDXtuU A day in the life of an Oxford physics student
IhgQxCVlaYQ The janitor who changed the world of science
JHgtCqriMY4 From primary school to PhD
JL5XlrO4PEQ Reading out my weirdest comments
JTmeDVcdIoU Five climate things to watch out for in 2021
JU0UjP7E074 Busiest week of my PhD! - Exvlog #19
JVdPfsPlt0k Global Warming - Crash Course #6
JfcEz-BUHg8 WRESTLING ON FIRE?? | Life as a PhD student #26
JjOQbOoxjfs \
JwUMe0_Q_Lc EGU 2014 Part 2 (Wednesday-Thursday) - Exvlog Special!
KcbsnyiYaqU How your computer's memory works
KkmNUK-kwmM Climate Change meme review
LCBl88429NI YouTube Space London - a visit!
LOfTOpOOeqc I'm back! - HT2013 Week 0
LQoEG_pdnoI TMI Tag - SimonOxfPhys
LUCiBjdiWO0 Ask Oxford - How many A*s do I need? Do I need to be able to speak Latin?
LXAwIZTVNqo How was your day?
MGfj1T9EwH4 LASERs: How they get so powerful
MHvv4_UgXuM What I'm doing after my PhD
MP4Z-C5LSmw Germany, Keys and Copland - MT2012 Week 1
MUPKBwtoTug What's on my bookshelves?
MUShhvNwlN0 Are e-bikes worth it?
MWVGCpNDroI Why the sixth mass extinction is here. Now.
MY9Wd3JvFgE Dan and I have a podcast!
Man3BHnVEos Why is 2\u00b0C the target for global warming? - #COP21
MkIl-EOymTY What videos should I be making? - Exvlog #2
NLWKLGaqxVs A week as a PhD student
NSnTWb0TWTk EGU 2014 Part 0 (Sunday) - Exvlog Special!
NXK7Ai3EDdc Glaciers in a changing climate | Crash Course Cryosphere #3
NZ3cKxVj1t8 The geekiest stag do! (feat. Wendover Productions)
Nb84nmXNBqg Scientist reacts to YouTube climate change comments
NkRsoCTsecg Zahava Lever - Harp Recital
NudAg0o75xE My compact, productive office (tour)
Ny-7KnkhPKM Summer in Oxford, and the quasi-biennial oscillation
OAzSxWukMzE Can a climate model run on a Raspberry Pi 400?
OIKHlR3E5Ao Are Oxford and Cambridge admissions fair?
OQ11dB6ZJqg How to get a PhD in watching YouTube videos | PhD stories #3
OXfGUz3lo9Y What is PV inversion? - PhD Watch #1
Oxh-97eFX-k How the Cold War led us to Climate Change
PEJMjPHUQUw Improving access to Oxford University
PJGZ3KvYGyc Photoshoot and wedding!
POiXqx1jv_k What GCSEs and A levels does Oxford look for? (2017)
PQ28K-LDH14 7 ways students can save the planet
PQUmfyNSgfA 'How to adult' - Adult life skills with College Info Geek and JamoeMills!
Pft2KCbKdtQ A perfect day at the beach | Life as a PhD student #23
PogrsJBmHRs What I sing every week (Exeter University Chapel Choir)
Q-qBT7eKiaI Exams in Oxford! - TT2013 Week 6
QiOcUWO8X14 Structure of Oxford and Cambridge explained!
Qo_6EuGrabY Ask Oxford - How valuable are tutorials? How many hours do you revise for?
QsOZeolxna0 Dan and Simon get their makeup done
QuaS2lTVzyM A letter to myself ten years ago
Qv7dhms5dDQ Can I teach my computer to drive? (coding vlog)
Qx7x4-ieiiw Rewriting my thesis | Life as a PhD student #21
R3RwkxNKNZs SimonOxfPhys plays Kerbal Space Program #4: Death of a hero
RNIoqHaY_t8 Second channel, #P4A, Update! - Exvlog #9
RO0hHaCEOI8 Oxmas, fluid dynamics and pantomime! - MT2012 Week 7
RSKfPHfn4bA Trouserless in Truro | Life as a PhD student #18
RbTFu2bPTSM Can you cook a potato by dropping it from space?
Rh3I9IAb-ls Oxford Q&A (Oxvlog bonus)
RymkqLmeMh4 Sapiens: A Brief History of Humankind - Book Club #4
RzVV2fbkKtk Scientist reacts to YouTube climate change comments #2
SMb4l1Hiih0 How a sea captain decoded the winds
SaIuLFKJkyY Future of this channel! Plus twitter, vlogging and trailwalker
SdfryRa8wKk Joss Whedon, balls and stochastic processes - TT2013 Week 1
SmX_SOaIV-o A conference like no other
T3VApVjahXE A correction - Crash Course #3.5
T7TBwq4ZSI8 Unexpected positives of catching coronavirus
TnllfiVkj-4 San Francisco and the Exploratorium - AGU 2015 (Part 1)
TpZHeTbuP0I The late stages of a PhD SUCK | Life as a PhD student #22
Tw1Ef-dzU4w What's it like doing a PhD at CERN? | PhD stories #2
U8MW3j4fzaI Walk to campus with me! - Exvlog #23
U8YHoNCIZNY How I make a living as a science YouTuber
UAuxLFbNJss Oxbridge Application Guide #1: Colleges, courses, student background
UYfG_zNuA7Q Another week as a PhD student
UiQLsk_yjwE Copernicus - SimonOxfPhys plays XCOM! #3
UjfkuXd50q8 R.I.P. Icarus | A week as a PhD student #9
Um15HeItGpY Economics, PhDs, and my bathtub
UrpuH4aqD5Y Quidditch, the Bodleian, and snow - HT2013 Week 1
UtC8EUWDUTg Life in Letters
V1Zvc6vfD28 Stratosphere-troposphere coupling: I talk about my research!
V6qgUQn9Y00 Why should we bother saving species from extinction?
VG_Vkwc0vaw How to build your own Mars rover (in 12,195 easy steps)
VKq1f56OO7Y Ask Oxford - Will taking IB instead of A level reduce my chances? What about non-core subjects?
VMSo3gBo_gg What is SimonOxfPhys all about?
VspBObXhoS0 Bad things happened to me! - Exvlog #16
VsrKj5781ro Update! - Exvlog #1
VzpG7di07E4 Good news and bad news from the IPCC report
W1KphCUrqJQ Draw my life - SimonOxfPhys
W2akR2hSqJY I accidentally signed up to run a marathon
W49CicEgWKc A Song of Ice and Fire - Book Club #2 (NO SPOILERS)
W6pPQ1TOXpY What is the stratosphere? - Crash Course #2
WErBWu241Bg 100k subscribers special: re-watching my nativity play!
WTK-jYG0oc0 Drop, drop slow tears - Leighton (Crucifixus Pro Nobis)
We1lgI9wSLo How important is the personal statement when applying to Oxford?
Wy-A_ST0bKs Q&A - thank you for 40k subs!!
XSd4ugl00C0 Playing with tamarins! - Durrell Vlog #3
XbDkKlF5Zto A week in Seoul #KIREC2019
Y-i2ZHddrM4 Which MCU Planets Could Really Exist?
Y1sw5qLpuSU When the Arctic sky splits apart
YHbxQOUWD_Q Elon Musk and science communication! - AGU 2015 (Part 3)
YcSjZrIYUe4 How to get a PhD in 5 easy steps (UK)
Ykkmlwdgdys Which planets from Star Trek TNG could really exist?
Yp9v3qiQMos I got peed on! - Exvlog #12
Ys_ENxeNctk Mass balance | Crash Course Cryosphere #2
Ytv-9RM4e0o My last vlog - October vlog
ZBpp59Guyh8 University Advice Tag!
ZSG8BtZn9-8 #TeamSeas - a force for good?
ZXKFU7lc3Qo Reaching new lows | A week as a PhD student #7
ZlUE7aLvx90 How was your day?
Ztx4THuO-KU 80K subscriber Q&A!
_aGJfoIwuWg Launching a weather balloon!
_viPtq68nSk How to suck at maths (5 tips)
_woAb8tZ62U Why #TeamTrees could do more harm than good
aBP54V4bfTg COP26: success or failure?
aVrY9bsRMgY Why do zoos still exist?
ae8URRZRIKw Meet the 2013 Oxvloggers!
aiZ-ui0lK-U Where is the top of the atmosphere?
b847XLICZP8 Quantum field theory and university challenge - MT2012 Week 3
bBUxAECSfQA Why bother saving species from extinction? - Durrell Vlog #4
bHEdWWqOR0Q I FIXED MY CODE!!
bKoFqXoLV0Y Introduction to Atmospheric Physics - Crash Course #1
bQmgsNXf8G0 Hypatia - SimonOxfPhys plays XCOM! #2
becMKcX525g Five things I would have done differently at university
bgg6wsh_mXg If the world is warming, why are there more polar bears now?
c0gKdNFdCO0 I'm officially an author!
c4_feWHndQc Thesis the end | Life as a PhD student #25
cVq9XbsMBtI Is my case serious enough to talk to campus mental health services?
cXWx6mbej-U Can my homemade A.I. beat me at Warhammer 40k?
clUNBF2ehvg Ask Oxford - How much free time do you get? Do you need extracurriculars to get in?
d1OyZNMRabs Interviewing Matthew Santoro about Mind=Blown!
d2fTkpRXqRs When Samwell Tarly calculated the climate of Westeros
d7GezNDtRM4 Revise physics and maths with me, live on Twitch!
dC7A9FHLreI Climate change is already irreversible
dRYezLnPokM A busy week | Life as a PhD student #17
dgguh8yvdRg What the hell do I do with my PhD now? New vlog series!
e8pO8oecooU Oxbridge interviews Q&A livestream!
ed2nosLnEEY The polar vortex - Crash Course #4
ee5AhEGzWtY Internal deformation of ice | Crash Course Cryosphere #5
f4EcVc5gTgo Crash Course Cryosphere Trailer
f4zul0BuO8A Why have climate change predictions been so WRONG?
fn5-OH9NuRA My favourite books
ftJnJk__fUM SimonOxfPhys plays Kerbal Space Program #2: The Tsiolkovsky Equation
fxNOtVblhWc YouTube's surprising carbon footprint
gPVBDCDmrcU PhD reviews climate change in Civ VI: Gathering Storm
gQ-fmC7sYug I like tight tops and I cannot lie, you other vloggers can't deny - Exvlog #11
gRk3fxsjrpE Oxford PAT - how to prepare
gkxD0v2dskc Should geoengineering be considered at #COP21?
guVh6wVHTwA Not a PhD vlog
hFmX3zmP4NM Racism at Exeter Uni
hoa8Vk7aZSU I present my research! - AGU 2015 (Part 4)
iF0w94jttps Big news! CD! Books! - Exvlog #20
iYMTjolF3fg Brian Cox in concert and speaking at Eton - September vlog
igf6vfDLR00 Archimedes - SimonOxfPhys plays XCOM! #1
ilZr3S2reAA Wind, Wind in the Willows and Finalists - TT2013 Week 3
is8kFctj7PI Q&A with JamoeMills Part 5: Freshers week, studying somewhere else, Bulldingdon club?
j7GEXbXuLO0 Normality [sic] is resumed - MT2012 Week 2
jRfYi_KFads String theory, The Enemy and dinosaurs - HT2013 Week 6
jUQrNt72_Os The climate is lost when we fill this cube
jaS5vouQTfo Revision Strategy! - Run-up to exams
jaWtvbhEMoc Q&A with JamoeMills Part 6: Religious beliefs, motivational quotes, the future?
jtI27ODuukg The nightmare future humanity avoided
k13jZ9qHJ5U Why nuclear power will (and won't) stop climate change
kSEM91KR0cg Oxford Physics Interview Questions (Part 1)
lFsIjOyjT0s Why I had to resubmit my thesis
lIDclHmKpVg Thesis chapter submitted! | A week as a PhD student #6
lIoop_NiuDY Physics Book Recommendations - Part 1, Popular Science Books
lf6klzlAMQQ The Name of the Wind review (\u2605\u2605\u2605\u2606\u2606)
lk4I7pDEuzQ I should have known better... | Life as a PhD student #16
lr8GQUGjTbI Losing pixelgirl - Running Commentary #3
mHuz2stvt08 The Ashmolean, poetry, and punishment - HT2013 Week 4
mk2dDJQN-fI 10k subs?! Also #P4A and new house! - Exvlog #7
mmNcOCwtFeg How much does local meat help the environment?
moyflF0Q0Iw Q&A with JamoeMills Part 7: How to study, how to choose a 6th form, motivation!
mpbGKlLZFiY What I've been reading (Winter 2017)
nVyMSyqQVyk What is going on at Jupiter's poles?
nxE3u49WEJs Does New York really get more snow than the south pole?
o8Ykh54l9lQ My curious beard #ad
oargHNjW77A 48 hours in Berlin | Life as a PhD student #20
ob9TMDnB31I Exam technique! - Run-up to exams
ofek_HVSsOs University/freshers Q&A live!
ok7ONqtVvEo Why you weigh less when travelling east
p0XNqHp6piw Why weathermen were illegal wizards for 97 years
p9s2fBYA4fU Want to study physics? Read these 10 books
pDTWOioB2eY Oxbridge Application Guide #3: GCSEs and A-levels
pH7IDlMTWLQ Should I build a fighting robot?
pLi4MkM-S9o Vlog: GRADUATING WITH MY PhD!!
peHuF67Opug The ultimate London MUSEUM CRAWL!
pqGBWYFXs_k Freshers! - MT2012 Week 0
pqopJnMc1vs EGU 2014 Part 1 (Monday-Tuesday) - Exvlog Special!
prmU3cvTwRM American rager, stochastic modelling, and student press - HT2013 Week 3
px_BarOfco4 How I turned my life around
q1JhQaYfEog The Earth has warmed before, why is global warming different? - #COP21
q4Ul3nWYZmM This book made me get a physics degree
qGBaqCJDlqY Common mistakes in Oxford applications
qLLKfmn4gp4 Want to understand climate change? Read these 5 books
qT7r0Ois8bw I'm an adult now? And why do YouTubers commoditise themselves? - Exvlog #5
qqmX9y0NozE No, coronavirus isn't good for the climate either (probably)
qvjNsmdu3uM Oxbridge Application Guide #5: Student life
qynvwcFZNbo My worst coding blunders | Life as a PhD student #14
r0uH7gYHOBE A day in the life of a science YouTuber
rVvEywdHVWs Climate change in review: 2021
rdsemp7nHsY Oxbridge Application Guide #4: Interviews
rsFk8SKYSDg The two words that got me my PhD
rwVZrJWkKhg Live university Q&A with student YouTubers!
s6KlEIxL6to Graduating from the University of Oxford
s8EytocX6DM What I've been reading (Spring 2018)
sLEq63TLaME Cold and warm glaciers | Crash Course Cryosphere #6
sVSZ8M0ZTyk How to learn from academic failures and setbacks
sX1xMWzccgY Chatting books with Hannah Witton (talking about her new book!)
sczyoP7deKA Ask Oxford - Resits, Pooling, What if my parents didn't go to Oxford?
sh-zWu6dXxo Will you get a White Christmas in 2020?
snsEuTWmf6E Getting shocked with electricity with The Science Hour on Xpression FM!
t5f51dPOUeg Mental health services at university
tHr86C4-7Ok PhD breakthrough! - Exvlog #14
tb_p6FljPfw How would a #Brexit affect UK universities?
tgBeRkNf_eI How to edit a vlog
tnwqix6dzmg We know black holes exist because of this WWI officer
tqjH5HoutKY My new favourite studying app!
ty4fd_6lsZ0 Exam motivation! - Run-up to exams
tyNy7PYL6hg BEST SCIENCE MUSEUM EVER! - AGU 2015 (Part 6)
u2-4SPXEAtA What is the maximum possible social distance?
uT4DZS8IEkA What does Oxford look for in international applicants?
uk49_B1I8Xk Thoughts from the Bristol climate march
ut9MlFZL1TA My new toy! | A week as a PhD student #5
v7_tHV-B_iA 30 things I've learned in 30 years
vCUTVk0EIt8 Gorillas, bats and orangutans! - Durrell Vlog #2
vEZUt6Y5BrM Bad days and black holes
vI9vpgwW1Uc Work experience at NASA changed my life
vOhyZ8FYCmw How I became a researcher
vR0ad0MT2po Why Chicken Run is the greatest film ever made
vUmaW9HCnvU Training to run a half marathon - Running Commentary #1
vV9ouBcVI7I Writing my PhD thesis | Life as a PhD student #19
vfVjU6YKsc8 SPQR by Mary Beard - Book Club #3
vm1YmOXaqFo Seeing Star Wars in San Francisco! - AGU 2015 (Part 5)
vxKcqM5aSA4 How climate change is making winters colder
w1qDvA8EB48 Disaster at 37,000ft
wBiF6I1mWtM I had a dream come true. Now I need your help.
wDI9WTvSUwI Conquering my academic demon
wEcP-WCbfDE SimonOxfPhys plays Kerbal Space Program #1: First Flight
wY1pW8utpF4 SimonOxfPhys plays Kerbal Space Program #5: Well that was easy!
wdzEixo6nhc Q&A with JamoeMills Part 3: Where did we apply, what extracurriculars did we do?
wpPT4KEtc4Q My Macmillan Ice Bucket Challenge
wuGD4RS0jlE Room tour!
wwYS40uAxDE Could planets from Star Wars really exist?
x12cpoYOu0w An Oxford glossary, and a collab video! - TT2013 Week 4
xGxKneyJ5Ac I trained an AI to write YouTube videos
xYTvMWtmdnE Why was summer 2018 so hot??
xeBJQYkCTic How talking to a dead cat got me top grades
xhYCWTs9KeQ How to speak in public
xiK00WS0lkE My NINTH freshers' week | A week as a PhD student #24
xvJfUnsLGz0 All PhD and no sleep makes Simon a strange boy - Exvlog #17
yZBgsTOcGds Oxford students give advice to university applicants
yhfjhz84F7o My happy place - Durrell Vlog #1
ynOO_P1JXak Nigel Farage?? - SimonOxfPhys plays XCOM! #5
yxkz8fOo4kY Radiation and Ozone - Crash Course #3
zTvxCBIYlUs Why I started singing | Life as a PhD student #15
zU46kdTtlUk Water and Ice | Crash Course Cryosphere #1
zWakYElEaDk I suck at coding - Exvlog #15
zhhdvGKLECI Top Female Scientists cards!
zl1KmQr3ps0 Make my agony worth it
zzjjLuAGJCk The world smells different now. That's a big problem.
