-6EDY0dHNjI The Infinite Game: Chapters 8 & 9 | Book Club with Simon
-fku1Evr7Vo The BEST Place to Find Courage (It's Not Where You Think) | Simon Sinek
-kunkEfHiLI Extreme Listening with Deeyah Khan | A Bit of Optimism (Podcast): Episode 11
-uQpCF6bfmQ Leadership is Like Parenting | Simon Sinek
0MCPLor4CvM How do you speak truth to power?
0R1vAy5zIxg Ethical Fading with Lenny Wong | A Bit of Optimism (Podcast) - Episode 14
0SUTInEaQ3Q Nervous vs. Excited
0T31LGQqNrI Moving Forward with my sister Sara | A Bit of Optimism (Podcast): Episode 16
0XK-qiQK5Ms 1. Just Cause | THE 5 PRACTICES
0Xr5VW4n5L8 Simon Sinek speaks at Creative Mornings NYC 4.20.12
0cgCFxL7Nvo How do you handle a toxic work culture?
0rz_Qy-GZiw How Leaders Build Trust | Book Club with Simon
0tRQGWo1p98 Why I Wrote \
0ui9rxIUKxg What a Trusting Team Feels Like | Simon Sinek
1FJTzx0BEA0 What's your best parenting advice? | Q+A
1XMZPmJqFDU The Scientific POWER of Kindness | Simon Sinek
1ah-m8ttmDA Pivoting in a Time of Crisis | Simon Sinek
1x60gWT_qcI Learning to Love with Tim Shriver | A Bit of Optimism with Simon Sinek: Episode 34
2M_kCCcNDts Effective Confrontation | Simon Sinek
2RCWR11FzOw Guest Appearance on The Weekly with Charlie Pickering
2zrVTS_79Us How to REALLY Help Yourself | Simon Sinek
2ztNE1CvnV4 What is Ethical Fading? | Simon Sinek
3DH2os5VYjE Simon Sinek on Empathy
3DZmv6jp0Ik What's the Value of Middle Management? | Simon Sinek
3FeMA0ncpCA The New Normal | Simon Sinek
3SVqbM9Nw7Q People come before money
3aY_3DSJf8A How to Make BOTTOM-UP Change | Simon Sinek
3kDZ8M8GX0Q STOP Calling Yourself a Non-Profit | Simon Sinek
3tUIn1drcTc How to write the perfect want ad
3vX2iVIJMFQ The Infinite Game: How to Lead in the 21st Century
3wQVIl9-wEY Awesome Responsibility with Kyle Carpenter | A Bit of Optimism with Simon Sinek: Episode 36
4-xHB0t64_c Where does courage come from? | Q+A
4553qwm3M44 We've Got Your Back | Simon Sinek
48hTFYwLeJw Lead with Your Values | Simon Sinek
49uNI7AfgiA The Infinite Game: Chapters 10 & 11 | Book Club with Simon
4GXdV9x7DEU Confidence with Sara Blakely | A Bit of Optimism: Episode 29
4MyXZ1-9dkM Hope with Shamma Al Mazrui | A Bit of Optimism with Simon Sinek: Episode 41
4oK6-agsPaY Talk LESS, Listen MORE | Simon Sinek
4vhTjamJmoI Take the Risk of HONESTY | Simon Sinek
51B4GHlfd9o How Teachers Build Trusting Teams | Simon Sinek
55gzmcejQT8 The Infinite Game: Chapters 3-5 | Book Club with Simon
56LRCXBq40E A Bit of Everything with Adam Grant | A Bit of Optimism (Podcast): Episode 17
575DVoqLTTg The Mindset of the Majority | Simon Sinek
5E5SHD8KGH8 What's the biggest lesson you've learned? | Q+A
5RpnT0luGi0 How do I become an infinite-minded leader? | Q+A
5dtbhd11SYw 3. Worthy Rival | THE 5 PRACTICES
5faTLoS_-U8 Service with Maria Shriver | A Bit of Optimism (Podcast): Episode 4
5ri-M-ETps4 Family with Ari Emanuel | A Bit of Optimism with Simon Sinek: Episode 39
5yE541BY-1c How should a company share it's values? | Q+A
62t-h7kqg6I How to Get the MOST Out of Your Team | Simon Sinek
6CWbO-GukNw Love. It's not about intensity, it's about consistency.
6F4Umb8A0lI One Thing I Got WRONG | Simon Sinek
6FWz6awrSxw My Favorite Definition of \
6spNnsD-XOY These Are Not Unprecedented Times | Simon Sinek
7-0BijORvj8 How to Adapt | Simon Sinek
74TG41TUXT4 Change your narrative
7WTQsGAh1d4 Entrepreneurship with Helene & Seth Godin | A Bit of Optimism (Podcast): Episode 6
7kBfyiKiX1w The Misconception of \
7vG_s4NT3h8 The End of STABLE JOBS | Simon Sinek
7zFeuSagktM Simon Sinek: How great leaders inspire action
8Ut0fGlS3C8 What is a JUST CAUSE? | Simon Sinek
8Yrmopm5Npc How can leaders learn empathy? | Q+A
8afO6jkod_4 The Power of Kindness | Simon Sinek
8lnKiNQphAk Gratitude with Omar Brownson | A Bit of Optimism with Simon Sinek: Episode 44
8p7UOJi67UU We Need DIFFICULT CONVERSATIONS | Simon Sinek
9ATh-qIxzZM Innovation is Not Efficient | Simon Sinek
9H36Gjg5SLM Start With Why: Answering the question \
9LmwZhMAhUs They Don't Know How Business Works | Simon Sinek
9Uwzybq-sJw How can I stay energized to being a better leader? | Q+A
9Xqs5XICzuE Leaders put people first
9iiHDMXlmCM Why I Love Artists and the Military | Simon Sinek
A6Xue0PLD6k How do I lead with an infinite mindset? | Q+A
ACZhpCdfEdY Businesses Do NOT Exist to Make Money | Simon Sinek
AOxUvcUSr9Q \
ARRzYvDGgwY The Importance of Stories | Simon Sinek
ASXezbx9iJc Vulnerability and Redemption with Adrian Grenier | A Bit of Optimism with Simon Sinek: Episode 53
AX-j5qc3xWc Can \
AYedrS4Ylkc Resolving Conflict with William Ury | A Bit of Optimism with Simon Sinek: Episode 45
Ad9Q8rM0Am0 The PROBLEM with Being the BEST | Simon Sinek
Ao91zsg89G8 How to AVOID Feeling ENVY | Simon Sinek
B1OQgsECMzs Start With Why: Part 5 | Book Club with Simon
BG1c2gaeSF4 What Aligned WHYs Look Like | Simon Sinek
BOUzfvgkOHU Repeat Your WHY Everyday | Simon Sinek
BQOEGMzgJSM It's All About Context | Simon Sinek
BkLzo_oNVho The Truth about Being the \
C0W4H6jMLKg Why Middle Management is the Hardest Job | Simon Sinek
C1yPpShOH-s How does the WHY relate to vision?
CBRrEPYriDU Trust Your Teams | Simon Sinek
CtlL1azSJGs A New Way to Think About Business | Simon Sinek
DEMRvA3sxXo Why You Share Your WHY | Simon Sinek
DNwHqrjB4rM Our Capitalist System is BROKEN | Simon Sinek
DYu3Do2hlM0 Money is No Indication of Health | Simon Sinek
DejVQHjLBTg Visionaries vs. Operators | Simon Sinek
EA0MNM3OFQM An Empathetic Culture | Simon Sinek
EERcNtO5qc4 What Our Politicians Are Missing | Simon Sinek at LinkedIn Speaker Series 2019
EJ4L2EATFls Introducing: Book Club with Simon
EVNIk_2WdMU What are the costs of technology? | Q+A
EhgaTxRxkDg What Friendship Really Means | Simon Sinek
Em7NPWmyw6w The SERVICE in Customer Service | Simon Sinek
F3VcABqD47o The Biological Construction of a Business | Simon Sinek
F7wwJ4xLHEI Infinite-Minded Courage | Simon Sinek
FDTz1xLy-1k The Value of Failing with Suneel Gupta | A Bit of Optimism with Simon Sinek: Episode 37
FY6aNkWEY08 Generational Empathy | Simon Sinek
Fn-g9wb9y8Q The REAL Effect of Ghosting People | Simon Sinek
Frdr2_aG_qs Traditional Metrics Will Reflect Purpose Over Time | Simon Sinek
FsobzrSmokg Who inspires you? | Q+A
FvL7zRfx8lo \
GJ2FCYx7nT8 Build for Resilience | Simon Sinek
GU_E_KqBQck \
GWJbtI0IG7w Gratitude with Carolyn Adams | A Bit of Optimism (Podcast): Episode 8
GaGsw1MFgk8 How I Discovered the Golden Circle | Simon Sinek
GcvL7BB0UT8 Don't Pretend You're Purpose Driven | Simon Sinek at Entreleadership 2019
Gibs01a3HZo Reward the RISK-TAKERS | Simon Sinek
HopLMMhPIrI Challenging Authority with Cameron and Tyler Winklevoss | A Bit of Optimism (Podcast): Episode 12
HqgSqzaHgtk Conversion with Ric Elias | A Bit of Optimism - a Podcast with Simon Sinek: Episode 22
I1ch0lBcwUg Simon Sinek Announces Optimism Press
IQuYzXWXDqI Honesty is NOT a Value | Simon Sinek
IXLunCM7ISw Vulnerability with Brigadier General Michael \u201cJohnny Bravo\u201d Drowley | A Bit of Optimism: Episode 28
Ih6-JBETd4s The Asymmetry of Power with Tristan Harris | A Bit of Optimism with Simon Sinek: Episode 40
Iokpjp0ybMM How to Make Stronger Connections (On Dates!) | Simon Sinek
Ixtr2GYMFpQ Getting People to STAY | Simon Sinek
J16Zyknu9Mw The One with Bren\u00e9 Brown | A Bit of Optimism with Simon Sinek: Episode 27
JJNUgwaXAQw Who You Should Do Business With | Simon Sinek
JXcHf4n5I0c Being There for Others | Simon Sinek
JXfxyGaj8_E Stop Championing Blunt Honesty | Simon Sinek
JioZeGCvl50 This Will Change How You View SUCCESS | Simon Sinek
JwkGHwlj2ro Infinite-Minded Companies | Simon Sinek
K14HiUb4_I8 You Have the RIGHT to Love Your Job | Simon Sinek
KGiSoyZ52BQ You Can't Incentivize Performance
Kjewa6fbmAA What is a Just Cause? | Q+A
Kqlx29Kuyig What a Vision Is | Simon Sinek
KuF6xwRsyZo What if Others Don't See Our Potential? | Simon Sinek
L3RbhSM3z40 What Happens in an Unsafe Work Environment | Simon Sinek
LDQj-sU9Opw Leadership Has Nothing to Do With Rank | Simon Sinek
LO4l5XpOc-s Simon Sinek on Education
LlI8NYzHT0k Partnering with Jean Oelwang | A Bit of Optimism with Simon Sinek: Episode 54
MP-KzWaSE_M Existential Flexibility | Simon Sinek
MPQ7GJ0OxjM Are Influencers a Problem? | Simon Sinek
MgNnR0eGP3Q The Value of Brainstorming is Asking the Question | Simon Sinek
N2qAHtonLkI A Surprising Habit of Great Leaders | Simon Sinek
N9d0NqSztWA How to Make a Cultural Transformation | Simon Sinek
NXNcGFZAu2s Put PEOPLE First | Simon Sinek
NqSSN42gjb0 Keep Your Vision BIG | Simon Sinek
Nwkr7_WjjMo The Skills Millennials & Gen Z Struggle With | Simon Sinek
Nztaa3jF5dk What Is This All For? | Simon Sinek
O0yxJH2i0DE The RIGHT Way to Do Work-Life Balance  | Simon Sinek
ODxkgvMr8Qc How We Change the System | Simon Sinek
OG0xX5RS5e8 Learn to Lead
OMVJlOZHOwg Is college a waste of time? | Simon Says
OMucX7oB81w Productive Brainstorming | Simon Sinek
ONlYfCRfLgc How We Find Common Understanding | Simon Sinek
OO0YXMgzrEk How do I foster employee wellness? | Q+A
OPjqCLLqLlg 4. Existential Flexibility | THE 5 PRACTICES
OxYrbIDBo9w Having a Laugh with Michael McIntyre | A Bit of Optimism with Simon Sinek: Episode 32
Oy8mUI9cPIY Relationships with Christina Tosi & Will Guidara | a Bit of Optimism (Podcast): Episode 1
P29qsRXilAc People Matter More Than Money | Simon Sinek
P74l7alInz4 How do I influence senior management?
PR0dg1suSXk Giving What You Have with Mark Bustos | A Bit of Optimism with Simon Sinek: Episode 50
PdXNl-k5Acw Courage with Guy Raz | A Bit of Optimism (Podcast): Episode 9
Q3ALchL4R3I TEDxSanDiego - Simon Sinek - Restoring the Human in Humanity
Q7T-4fCFSK0 The Opportunity Leaders Have Right Now | Simon Sinek
QDdGZcBujow How Airbnb Pivoted | Simon Sinek & Brian Chesky
Qg7smyaXdrI The Tail Can Wag the Dog | Simon Sinek
RdD865ejtqU Start With Why: Part 3 | Book Club with Simon
RnwWVs_ScCc Faith with Quilen Blackwell | A Bit of Optimism - a podcast with Simon Sinek: Episode 26
RqH-8Wc5dZM Why Your Job is Just \
RyTQ5-SQYTo Most Leaders Don't Even Know the Game They're In | Simon Sinek
SGFjyIJhfcc Happying with Derren Brown | A Bit of Optimism - a Podcast with Simon Sinek: Episode 23
Sb2QWE26iCk My True Crime Episode with David Mittelman | A Bit of Optimism with Simon Sinek: Episode 48
Sw8FSq13tuk Generosity with Ann Marie Scichili | A Bit of Optimism (Podcast): Episode 21
TChiE1FDXdY What I Got Wrong About Mentorship | Simon Sinek
TIQqgYCLJvI WHY is Your Origin Story | Simon Sinek
TTMiILxqBSc Choose Falling over Failure
T_ysqiRw9fc Leadership with Bob Chapman | A Bit of Optimism (Podcast): Episode 5
ThJdlJD-foY There Is No Going Back to Normal | Simon Sinek
TulFqmYqEJc A Better Way to Hire | Simon Sinek
TxHgpWmav4I WHY for Artists & Creatives
UHY_WjKTktk The Dangers of Ethical Fading | Simon Sinek
UY-1-9ObaLE The Lifestyle of an Infinite Mindset | Simon Sinek
UYNA0rIlsyE Start With Why: Part 4 | Book Club with Simon
VIGbEik__0Q Answering Your Questions | Simon Says: Episode 1
VXt9Zt2urIs What to Do When You Want to Give Up | Simon Sinek
V_DeTNh5lL4 What Business Can Learn From the Military | Simon Sinek at Entreleadership 2019
W-Bp_K7ysWM How Do You Win a Game With No End? | Simon Sinek
W05FYkqv7hM How to Stop Holding Yourself Back | Simon Sinek
W5qQJhe7sLE 2. Trusting Teams | THE 5 PRACTICES
WiHu4ZVQ9Jw The Rise of Selfishness | Simon Sinek
Wkl3FDxgPdo Courage Comes From Trust | Simon Sinek
WmyfDfCc3_0 How do I build trust at work? | Q+A
WuyZJUEyX4w Are You Distracted by Other People's Success? | Simon Sinek
XDPYmGsmSGM WHY-time LIVE with Simon
XGQo-Vge-WU No One is an Expert in Leadership | Simon Sinek
XPw8scdIIDE What if you hate your job?
Xcry7VUjmD8 \
XisFCRrQivU What Diversity & Inclusion is REALLY About | Simon Sinek
Xk7MpiP-sFI How to lead in The Infinite Game | THE 5 PRACTICES
XnguBPNoWWw How to Stand Up to External Pressure | Simon Sinek
XyUPD3-HMV0 Why You NEED to SHARE Your Art | Simon Sinek
YMeuk0ZtLM0 What \
YOVvK-luL-w Put the Phone Away | Simon Sinek
Z5eU3_0BGks It's Time to Embrace Vulnerability | Simon Sinek
ZSK6ImM0Rf4 Obscure Presidential History with Jeremy Deutsch | A Bit of Optimism with Simon Sinek: Episode 52
ZdmNj8SeKls NOW is the Time to Reinvent Ourselves | Simon Sinek
Zu9mmrsg2Xo Start With Why: Part 2 | Book Club with Simon
_CWqRHq7q5k Service vs. Success | Simon Sinek
_gt3SjZW9jA How to Find Balance | Simon Sinek
_jFC0M75EYI Where Change Starts | Simon Sinek
_lDl0ri32h0 HOW to Start in Being MORE Vulnerable | Simon Sinek
aB0MBp_PTRU What Exactly is a CEO? | Simon Sinek
aUFaqx8EA1M Shades of Grey with Jenna Arnold | A Bit of Optimism (Podcast) - Episode 7
b39-R_DHu14 How To Teach Kids To Lead | Simon Sinek
bN3-27iSmck How to Change Our Leaders | Simon Sinek
bVm1oUIrkG0 Finite vs. Infinite Goals
baqoLPOWIcY Joy with Marco Bizzarri | A Bit of Optimism (Podcast): Episode 20
bpaVtii-2h8 The Two Ways of Seeing the World | Simon Sinek
c0D3c2y2P1s DON'T Wait Too Long to Do This | Simon Sinek
cDmnR87bEU0 Why You Should SAVOR Being Entry-Level | Simon Sinek
cQqyf4rTfwE A Tension Deficit with James Harding | A Bit of Optimism - a podcast with Simon Sinek: Episode 25
c_XZ36b_aDI Leaders practice empathy
cvqIBKmFNXQ A Leader's Duty | Simon Sinek
cwPcZZhRD_4 STOP Idolizing WESTERN Leadership | Simon Sinek
cwv_9Sig_Tk Hope with Curtis Martin | A Bit of Optimism (Podcast): Episode 2
d5JyFINFHdU The Irony of an Infinite Mindset | Simon Sinek
dGHWy60VdXw What it means to lead
dGZSPSvfwWw How Teachers Change the Culture & Climate of Schools | Simon Sinek
e1iQjFMiLuE A QUICK Way to Find Your WHY | Simon Sinek
eFKp-OFVsHs Rules are for LAZY Leaders | Simon Sinek
eKQSLgtNcVo The Most Important Trait of a Leader | Simon Sinek
eQ0A-4DhBeA Activist Gardening with Ron Finley | A Bit of Optimism with Simon Sinek: Episode 42
eZFNWufDwa4 Respect with Nicole Avant | A Bit of Optimism with Simon Sinek: Episode 31
fGWYyvPhsf8 Giving Critical Feedback | Simon Sinek
fQjnW3_78a8 Courage
fSLrhTw2tQA The Impact of Finding Your WHY
ffVX4Obd27M The Two Currencies of Business | Simon Sinek
g0z-MnNYJ8Q There's No Such Thing as Perfectly Infinite-Minded | Simon Sinek
gPcgEBbNQvw 5. Courage to Lead | THE 5 PRACTICES
gtKLlZKhFvY The Infinite Game: Chapters 1 & 2 | Book Club with Simon
hBTkQnuDc6A Everyone Deserves to Feel A Part of a Cause | Simon Sinek
hEWCVBETSEw Coaching with a Growth Mindset | Simon Sinek
hHu2hcb0H-0 Setting Boundaries with Sara Kuburic | A Bit of Optimism with Simon Sinek: Episode 43
hrwYDCO69z8 How Unethical Behavior Spreads | Simon Sinek
iIJT-ABvTak Is Failure Necessary? | Simon Sinek
iZ_vdECfDU8 How to Stand Out in Life and Business | Simon Sinek
igcuXP7UdZ4 How to Measure a Person's Character | Simon Sinek
iu8NwprbgEw No More Lonely Friends with Marissa Meizz | A Bit of Optimism with Simon Sinek: Episode 46
j3IfoNp0Xrg Finding Balance in Business | Simon Sinek
j7pOmXLg9F4 How to Work WITHOUT Burnout | Simon Sinek
j8COLTzY4b4 The Opportunity Your Life Affords You | Simon Sinek
jAsPmP7f7L4 Talking About Race | Simon Sinek
jKop5pzHmgo How to Adapt to Changing Times | Simon Sinek
jVSYsINdMSo The Importance of Human Connection | Simon Sinek
jckSBkw8_7k Enchantment with Chloe Valdary | A Bit of Optimism with Simon Sinek: Episode 38
jhYYAE9_-bk The Infinite Game Has NO END | Simon Sinek
jtpOYxsZj7o The MOST Self-Destructive Habit | Simon Sinek
kLbeskxRyHs Thinking Differently with Matthew Barzun | A Bit of Optimism with Simon Sinek: Episode 33
kMaZ-v6CD9o Second Chances with Bruce Deel | A Bit of Optimism (Podcast): Episode 13
kV48nEwePYs Do We Need to Be Productive Right Now? | Simon Sinek
k_8gZnpKuLI The Celery Test: Put your Why into action
k_Cwbaqtg8c Business is an INFINITE GAME | Simon Sinek
lFUXtURI-Dk What does it mean to be a mentor?
lcja1Hi39aQ How I Became an Optimist | Simon Sinek
lvVvtOAh9-o How to Play the Game of Life | Simon Sinek
m74dPX2uIJM Where Service Starts | Simon Sinek
m9NKTbRW7JQ Your Greatest Strengths Come from Unexpected Places | Simon Sinek
m9_70poLEvU Why She Fell in Love With You | Simon Sinek
mN21YwEZHCo How to Generate NEW Business Ideas | Simon Sinek
mm8_8EDITNU Learning from Toyota | Simon Sinek
nN9hIg-_Mhw The Title of \
nRaqe9M2DYc The Origin of the WHY
nyqLJSclNb4 How do you measure success? | Q+A
o3wSgtbpHhw More on The Millennial Question
o9uzJ0LgvT0 There's NO Such Thing as \
ogeT2UngxPg What's the WHY?
olX3quSd4Eg Is a WHY or a Vision More Important? | Simon Sinek
ozSjZ6iRKSA How to Leverage Being an Introvert | Simon Sinek
p0zB-aw-vQg Answering Your Questions (Again) | Simon Says: Episode 2
p2cn8lm2EGU Fight with Love, Fight for Love with Aloe Blacc | A Bit of Optimism (Podcast): Episode 19
p349WK88SQo Who Comes First: You or the Group? | Simon Sinek
pI2j8iXz8hs Work & Life Are Not Opposing Forces | Simon Sinek at LinkedIn Speaker Series 2019
pQCTpdHLfCA You're NOT Failing | Simon Sinek
pUmTQ-86-YI Navigate and Embrace Change | Simon Sinek
pgiLXXbVs1w A Lot of Optimism (or the One Where I Met Andy Grammer) | A Bit of Optimism (Podcast): Episode 15
pkclW79ZoZU Leadership vs. Authority | Simon Sinek
psOi72BjzVI INSPIRED by Worthy Rivals | Simon Sinek
q0mzqUMAc20 Solve Problems Through Service | Simon Sinek
q5ixCtJYLjw The Rise of Career Politicians | Simon Sinek
q8UvLXVN0nY Start With Why: Part 1 | Book Club with Simon
qJm5_klwRvU Should You Trust Your Gut? | Simon Sinek
qKDdyYayzso To the Class of 2020... | Simon Sinek
qRqkP6VtAcM Why We Should Limit Access to Technology
qYD7uwOh9M4 What does an infinite-minded company look like? | Q+A
qasDjM7emFE Finding Your Tribe with Amy Cuddy | A Bit of Optimism (Podcast): Episode 18
qepXx2SYRfs Parenting is the Closest Thing to Leadership | Simon Sinek
ql6-sOo75MM Is This the End of the Office? | Simon Sinek
qpnNsSyDw-g The Art of Listening | Simon Sinek
r6ME0_iXr4M The Infinite Game with Dr. James Carse | A Bit of Optimism - a Podcast with Simon Sinek: Episode 24
r94mQPcn4nY How to Have Difficult Conversations, with David Harris | A Bit of Optimism (Podcast): Episode 3
rDaG4seKaIA The Skill You Need to Develop | Simon Sinek
rMd_1ZYMyEg Stop Trying to Beat the Competition | Simon Sinek
rQwKyj28LiI How We Depolarize Our Society | Simon Sinek
roDLXM70du0 Optimism vs. Positivity
rsLJzIO-zNE My Favorite Scene from \
rtXJGnrNd8w Leading a Fulfilling Life | Simon Sinek
rvqvLF5UpRk Find Fulfillment - Find your WHY
s6yvvu1uNb0 Infinite-Minded Metrics | Simon Sinek
sBDXUdNvn0U NO ONE Knew the Wright Brothers | Simon Sinek
sK263xjkaFY The FUTURE of Remote Work | Simon Sinek
sMqkItnUTVg The Real Effects of Social Media & Cell Phones | Simon Sinek at LinkedIn Speaker Series 2019
sNdkwaW_LwQ Be a Better Leader | Simon Sinek
sYdn2xg-F_I We Do Not Decide When We're Present | Simon Sinek
sr0d_HbbbcQ Management vs. Leadership
tF7YLGpOoz8 Find Your WHY | Simon Sinek
tJPnhLiMFHc Giving a Sh*t with Phoebe Robinson | A Bit of Optimism with Simon Sinek: Episode 49
tKEtm3HCrsw How Teams Can Meaningfully Connect Remotely | Simon Sinek
tfWC9IsoGyQ What Empathy Looks Like | Simon Sinek
tr5Ql2LmOYw Intention Matters | Simon Sinek
ttVQ9WCEgkA How to Stand Out in Your Industry | Simon Sinek
u11PmDGEt3w How My Journey Began... | Simon Sinek
uKICVreo5tk No One is Born with Self-Confidence | Simon Sinek
uqUx4BJ1ENY Simon Sinek talks culture with Zappos CEO Tony Hsieh
vM8W48pH9Y8 How can I change my company culture? | Q+A
vO0IcfitXQk Inspiration is Different Than Motivation | Simon Sinek
vguQz6qDe2E Quiet Service with General Stan McChrystal
vjz7qvq_B6A Worthy Rivals | Simon Sinek
vq7wKw9l61k How We Combat Loneliness | Simon Sinek at Entreleadership 2019
vudaAYx2IcE The Millennial Question
wQjZVkkYF7E Global Warming: What We Got Wrong | Simon Sinek
wTidplpkqZE What Corporate Social Responsibility (CSR) Has Become | Simon Sinek
x9mpfP4mNhE Mental Health for Healthcare Workers | Simon Sinek
y6T-pKTGTFw How do I find joy? | Q+A
y7xAtSETznY How to MOTIVATE the UNMOTIVATED | Simon Sinek
y9SMABH6X4E Rebuilding Community with Luma Mufleh | A Bit of Optimism with Simon Sinek: Episode 47
yKco5OT07IQ Designing the Future with Brian Collins | A Bit of Optimism with Simon Sinek: Episode 30
ygEeDdh6_0Q Raising Resilient Kids with Angela Duckworth | A Bit of Optimism with Simon Sinek: Episode 35
yvWb4JChOjc Why Learn Your WHY? | Simon Sinek
ywwg-H1otaY SALES Is Just Like DATING | Simon Sinek
z8EVzdCBvoA Why We Form Tribes | Simon Sinek
zP9jpxitfb4 What Makes the Highest Performing Teams in the World | Simon Sinek
zoMQaru8zU4 Where Passion Comes From | Simon Sinek
zpzZumZCdWA 3 Things that Make a MEANINGFUL Vision | Simon Sinek
