-30hp_XTaX0 Carola H\u00e4ggkvist intervjuas av Fredrik Skavlan | SVT/NRK/Skavlan
-AmlDdmYm9o Jeffrey Gedmin Interview | Part 2 | SVT/NRK/Skavlan
-BWYJuNlHH8 Aloe Blacc performs \u00abI Do\u00bb live on Skavlan  | SVT/TV 2/Skavlan
-DjEsGDrW9I Lena Dunham Interview | \
-MucazE-yCo Skavlan Photo Sessions | John Cleese, Setsuko Thurlow, Edvard & May-Britt Moser | SVT/NRK/Skavlan
-QTaSVp4HSE Hear the chilling true story of Holocaust survivor H\u00e9di Fried | English subtitles | SVT/NRK/Skavlan
-bFXbtt4HQ4 Sheku Kanneh-Mason | \u00abThe Swan\u00bb | SVT/TV 2/Skavlan
-c5_FPH4V0g Benny Andersson (Swedish) | Part 1 | SVT/NRK/Skavlan
-oQCkp6YvT0 \
-qbnbpMMG10 What is a talk show host? Sir David Attenborough explains | SVT/TV 2/Skavlan
-roD2BNgcPs Father John Misty performs \u00abMr. Tillman\u00bb\u00a0| SVT/NRK/Skavlan
003TrObc8Bc Alexander Rybak plays \u00abHungarian Suite\u00bb (trad.) | SVT/TV 2/Skavlan
00aWO4qy6Wc Ricky Gervais | Part 1 | SVT/NRK/Skavlan
04l95wBTkaA The 1975 \u2013 \u00abLove It If We Made It\u00bb | SVT/TV 2/Skavlan
0531AilnEcg Slash Interview | SVT/NRK/Skavlan
068VCJNEsOw Interview with Sebastian Marroquin (the son of Pablo Escobar) | SVT/NRK/Skavlan
0LzNS0sZ1r8 Tomas Ledin \u00abEn del av mitt hj\u00e4rta\u00bb \u2013 Live hos Skavlan | SVT/NRK/Skavlan
0MZ1lqbnXtg \u2013 Loneliness as dangerous as smoking 15 cigarettes a day | Noreena Hertz | SVT/TV 2/Skavlan
0RLOwaxYfN0 Skavlan Photo Sessions | Stephen Merchant, Susan Greenfield, Frederick Forsyth | SVT/NRK/Skavlan
0SfbxmqOQTM 16 year old Daniel Lozakovich plays Bach | SVT/NRK/Skavlan
0YTgQ30w0XM Kurt Elling Interview | SVT/NRK/Skavlan
0g6lDwNrsns Michael Kiwanuka performs \u00abHero\u00bb live | SVT/TV 2/Skavlan
0hIW8zJvX2k 2014 Nobel Prize Winner - Edvard Moser |\u00a0Interview (7/10-2011) | SVT/NRK/Skavlan
0pX57BlPDoA Coping with isolation \u2013 Astronaut Scott Kelly shares his experience | SVT/TV 2/Skavlan
0ruFx7zoBC4 Charles Manson follower Dianne Lake tells her story | SVT/TV 2/Skavlan
0wuic4YO1o8 Alan Walker breaks down his hit \
0zuPETGDjG0 Relationship expert Esther Perel answers dilemmas | SVT/TV 2/Skavlan
1-bZVh4tKQY Rihanna Interview | Part 2 | SVT/NRK/Skavlan
10Uv-R506uM David Blaine - Interview and magic | SVT/NRK/Skavlan
1294F8tsJvw Skavlan with Tyra Banks, Erik Asla, Salman Rushdie, Fredrik Eklund, and Hope Solo | SVT/NRK/Skavlan
14LH7bTg1ec Arianna Huffington | Part 1 | SVT/NRK/Skavlan
16cH5a16Oig Interview with Adele - \
18BBTDF3Nz8 Janine Di Giovanni Interview | Part 2 | SVT/NRK/Skavlan
1ABArLQplTg Steven Van Zandt Interview | Part 1 | SVT/NRK/Skavlan
1ArieAsU35g \u00abMy Brilliant Friend\u00bb star Elisa del Genio never meant to audition | English sub. | SVT/TV 2/Skavlan
1CYi5T0yTl4 \u2013 If you\u2019re mildly conservative on Twitter, you\u2019re Hitler | Ricky Gervais | SVT/TV 2/Skavlan
1GbX6q9dCdg Bruno Mars Interview | \
1QW4tzoIbY4 Monica or Phoebe? Matt LeBlanc answers dilemmas! | SVT/NRK/Skavlan
1X0T36iZEEw Miss Li \
1djibBPOfto \
1eoPj2LZYTg Kristofer Hivju says life changed after he almost died | English sub. | SVT/NRK/Skavlan
1ivfjXIhsx0 Brandon Flowers Interview | SVT/NRK/Skavlan
2D9jNZVPJkM William Buick | SVT/NRK/Skavlan
2EkNEaqvzzs Astrid S | \u00abSomeone New\u00bb | SVT/TV 2/Skavlan
2FEqwjYcXoo Caitlin Moran | \
2KBnx354KAg \u00c5ge Hareide | Part 2 | SVT/NRK/Skavlan
2LpzUvJ74C8 Hilary Mantel | \
2M-nBa-vkiQ Joan Baez surprised by Scandinavian talk show: \u2013 I\u2019m in culture shock | SVT/NRK/Skavlan
2SeovGuqnPU Interview with Birgitta J\u00f3nsd\u00f3ttir: \u2013 Wikileaks went too far | SVT/NRK/Skavlan
2U8UZuTHY0M Princess Madeleine & Chris O'Neill - \
2qpr1F-UONI Agnetha F\u00e4ltskog Interview (English Subtitles) | ABBA | SVT/NRK/Skavlan
2rTALjmyFs0 Kygo and Justin Jesso perform \u00abStargazing\u00bb | SVT/NRK/Skavlan
2ylbQuwVkdA The Jacksons Interview | Part 2 | SVT/NRK/Skavlan
31I8-TBfe_o Why Dolly Parton won\u2019t spend 3000 dollars on an outfit | Full interview | SVT/TV 2/Skavlan
38OhZcLZF7s Chris Rock with divorce rant in Scandinavian talkshow | SVT/NRK/Skavlan
38oN2s1lIxg Mumford & Sons demonstrate how they write songs | SVT/TV 2/Skavlan
39WdAx50Lnc Agnes Wold: \
3BSRB2x6aU4 Interview with Darya Domracheva and Ole Einar Bj\u00f8rndalen | SVT/TV 2/Skavlan
3NyDXRyvZN8 Helena Bergstr\u00f6m & Robert Gustavsson | Part 2 | SVT/NRK/Skavlan
3RQlLaSc4N0 World record holder Armand Duplantis on why confidence is key | SVT/TV 2/Skavlan
3gNtJgRZNHA Roger Waters admits he feels empathy with Trump voters | SVT/NRK/Skavlan
3pHIsPlhU7o How to cope with grief, fear and anxiety during Corona | Bren\u00e9 Brown | SVT/TV 2/Skavlan
3qiTEaQiO4E Sigrid performs \u00abDynamite\u00bb | SVT/NRK/Skavlan
3tYZATTESGo \u2013 Loneliness is as bad as smoking 15 cigarettes a day | Dr. Rangan Chatterjee | SVT/TV 2/Skavlan
40tbSvVtZPc The first black female 007: \
41K8uS3_Ax0 Ronald Cotton Interview | Part 3 | SVT/NRK/Skavlan
4B6lx2NM6yQ Aurora: \u2013 Fame is strange and unnatural | 2016 interview | English sub. | SVT/NRK/Skavlan
4DtA0rc9-Ao Kylie Minogue: \u2013 I wouldn\u2019t mind being in a band  | SVT/TV 2/Skavlan
4G3bFGpmHvQ Rangers superstar Lundqvist on Zuccarello's injury: \u2013 I was shocked when I met him | SVT/NRK/Skavlan
4MKaU0I1OSI Lone Frank Interview | Part 1 | SVT/NRK/Skavlan
4N0bS60Cmoc Sadhguru answers dilemmas | SVT/TV 2/Skavlan
4PcavpfF61Q Jamie Oliver Interview | Part 2 | SVT/NRK/Skavlan
4Qt1tlRpI-4 Space scientist Dr. Maggie Aderin-Pocock: \u2013 There is life out there | SVT/TV 2/Skavlan
4Yb5xLYY09g Sam Smith performs \u00abDiamonds\u00bb live | SVT/TV 2/Skavlan
4ZaOJ82k0Zc Ken Follett | \
4bF3-V7wk2k Skavlan photo Sessions | Roy Andersson, Miriam Bryant | SVT/NRK/Skavlan
4cBz9jRcAkM Aksel Hennie I Part 1 | SVT/NRK/Skavlan
4clgfTLdq9U Masha Gessen Interview | SVT/NRK/Skavlan
4eJK0xgLon0 Interview with Emma Thompson | SVT/NRK/Skavlan
4hP1Wcit-DU Refugee Eunsun Kim believes in North Korea change | 2017 interview | SVT/NRK/Skavlan
4rfQ_0_TQa0 Bryan Adams | Part 2 | SVT/NRK/Skavlan
4w9IG0M38_I Lionel Richie Interview | Part 1 | SVT/NRK/Skavlan
5-3heIlV9HY Lose your hair or a front tooth? Dilemmas with girl in red | SVT/TV 2/Skavlan
51fapNu83z0 Cheryl Cole Interview | SVT/NRK/Skavlan
54pQb_7iiLI \
58m33qSveUg Ylvis teaches Skavlan how to do the trucker's hitch (Norwegian) | SVT/NRK/Skavlan
5A54jo1-lyI Bob Geldof Interview | Part 2 | SVT/NRK/Skavlan
5Aww6-hWqN8 Wyclef Jean Interview | Part 1 | SVT/NRK/Skavlan
5CnxqgVZJm4 Esther Perel explains why couples fight | SVT/TV 2/Skavlan
5Hlr0lpHEgA Malala Yousafzai Interview | Part 1 | SVT/NRK/Skavlan
5J4t_Xz2RrA Paul Simon | Part 2 | SVT/NRK/Skavlan
5Rx2eE1ovVE Intervju med Hans Rosling fr\u00e5n 2014 | SVT/NRK/Skavlan
5UTAmbuJYsE Echosmith - Cool Kids Live at Skavlan | SVT/NRK/Skavlan
5WNoIdeNLWw Nile Rodgers: \u2013 My parents were both heroin addicts | SVT/TV 2/Skavlan
5XEIFqOgURM Rubin Hurricane Carter Interview | SVT/NRK/Skavlan
5ZjNgUvhb_g Kygo feat. Conrad Sewell - Firestone Live at Skavlan | SVT/NRK/Skavlan
5aK_wg1xFQk Lewis Capaldi performs \u00abBruises\u00bb live | SVT/TV 2/Skavlan
5biOWses_lw Rebecca Jane Interview | SVT/NRK/Skavlan
5dXoloNsXOg Ed Sheeran reveals awkward proposal to his wife | SVT/TV 2/Skavlan
5emxVcV8xuY Rag'n'Bone Man on having a son in his most successful year: \u2013 Terrible timing! | SVT/NRK/Skavlan
5fstu8Xair8 Suede \
5jwyvQwpMOI Annie Lennox | \
65RU9YzbrHA Christopher McDougall Interview | Part 1 | SVT/NRK/Skavlan
6GxTegYvtUU Director Colin Nutley on coming to Sweden: \u2013 A nightmare! | SVT/TV 2/Skavlan
6KjFxhvwerE Holly Hunter Interview | SVT/NRK/Skavlan
6P82zdeml-w Sir Michael Parkinson on his struggle with alcohol: \u2013 My wife called me ugly | SVT/TV 2/Skavlan
6VPZuvfm538 Jesper Parnevik | Part 1 | SVT/NRK/Skavlan
6_LxixLzMYw Johan Olsson Vasaloppsskola | SVT/NRK/Skavlan
6_WOI6J3zKk Painter Odd Nerdrum says his son \u00d6de died and came back to life | English sub. | SVT/NRK/Skavlan
6fV9JPY5a9Q Peter Silver Interview | SVT/NRK/Skavlan
6j-6Zb0hS9E Sveriges \u00e4ldsta bloggare Dagny Carlsson g\u00e4star Skavlan | Part 1 | SVT/NRK/Skavlan
6l8kUn6Ix7E Magdalena Anderssons Ekonomiskola | SVT/NRK/Skavlan
6tQVsJZoqnw Joel Alme \
6xiom_ZXLdU David Lagercrantz and  Age Hareide competes in Zlatan quiz | SVT/NRK/Skavlan
74-9C1V8z0Q Sin\u00e9ad O'Conner Interview | Part 1 | SVT/NRK/Skavlan
74YKryjdQhU Laleh \
7Dj-TmL1ysg In Swedish: Anna Kinberg Batra och David Batra ger f\u00f6rsta intervjun tillsammans | SVT/NRK/Skavlan
7SrsypZteDk Stephen Merchant Interview |\u00a0\
7aKksEbgjeM Ricky Gervais makes fun of Pamela Anderson stalker | SVT/NRK/Skavlan
7eU1zqdv7og OUCH! Ballon d'Or winner Ada Hegerberg vs. talk show host | SVT/TV 2/Skavlan
7mm-jcSYQas James Bloodworth slams working conditions in Amazon warehouse  | SVT/TV 2/Skavlan
7odFF7BM1ps Michael Nyqvist \
7oxIDKqENEI Bill Pullmans Fruit School | SVT/NRK/Skavlan
7rHx8Mmr5PU John Nettles Interview | Part 2 | SVT/NRK/Skavlan
7zO3w8_F8XE John McEnroe \
7zr-Cbr0ADo Interview with Nico & Vinz \
85IwjnZWfyA Tom Jones Interview | SVT/NRK/Skavlan
88IbnVAW-eQ Sanna Kallur | Part 2 | SVT/NRK/Skavlan
89ADKbM0bFk Kofi Annan | Part 1 | SVT/NRK/Skavlan
8Cj7NEPy83E \u00abThe Iceman\u00bb Wim Hof explains how cold water healed him | SVT/TV 2/Skavlan
8EQxXOlvBAk Ronald Cotton Interview | Part 1 | SVT/NRK/Skavlan
8F101eN0v8Q Janine Di Giovanni Interview | Part 1 | SVT/NRK/Skavlan
8IGO0SKE69M Alicia Keys Interview | Part 2 | SVT/NRK/Skavlan
8W48hk27wKI Metallica\u2019s Lars Ulrich on cancelling shows and creating \u00abquarantine album\u00bb | SVT/TV 2/Skavlan
8XXIE9I4NAA Jon Bon Jovi Interview | Part 2 | SVT/NRK/Skavlan
8csHv-T02lU Henrik Dorsin g\u00e4star Skavlan | SVT/NRK/Skavlan
8g0dNjHz2_I Jordan B. Peterson: \u2013 People are stronger than their misfortunes | SVT/TV 2/Skavlan
8hNTabXlb84 When Josephat Torner was born, his mother was advised to poison him | SVT/NRK/Skavlan
8t1ikgTRTUQ Cezinando | \u00abVi er perfekt, men verden er ikke det\u00bb | SVT/NRK/Skavlan
97hjWg4ToRQ Singer Angelina Jordan: \u2013 I don't feel like a 12-year-old  | SVT/TV 2/Skavlan
9C0rbpnpyJQ Princess Olga Romanoff speaks about her suggested marriage to prince Charles | SVT/NRK/Skavlan
9DCaTOM3SKo Interview with Rachel Platten \
9FgdyUnlOxM Intervju med Nils Bech | SVT/NRK/Skavlan
9IcqWCSamAg Paul Auster & Siri Hustvedt Interview | Part 1 | SVT/NRK/Skavlan
9JKCzM9We7c Wyclef Jean Interview | Part 4 | SVT/NRK/Skavlan
9Jd3axy7fDY Steven Van Zandt Interview | SVT/NRK/Skavlan
9K5mkIJOXx8 Miguel | Part 2 | SVT/NRK/Skavlan
9Xw-O1IXQFQ Cecilia Br\u00e6khus og Mikaela Laur\u00e9n i talkshow-krangel | SVT/NRK/Skavlan
9ba_4F4qCBA John Cleese | \
9bmiq4LnN0g AURORA \
9cighP2FDP4 John Lundvik is competing against himself in Eurovision | English subtitles | SVT/TV 2/Skavlan
9f9o8ymMaj8 \u00c5sne Seierstad talks about Breivik (English subtitles) | SVT/NRK/Skavlan
9hoNprSkLMM Interview with Alicia Vikander 2016 | English subtitles | SVT/NRK/Skavlan
9keRz8x65Mw Viggo Mortensen warns the world about a new pandemic | English sub. | SVT/TV 2/Skavlan
9ni4jHltqPE E L James Interview | Part 1 | SVT/NRK/Skavlan
A2UO6caXqGs Victor Muller Interview | Part 2 | SVT/NRK/Skavlan
A3S652ts-9M John Mayer Interview | Part 1 | SVT/NRK/Skavlan
ADORGPoxcR4 Michael Mosley | SVT/NRK/Skavlan
AFY0ZEzHopI Ed Stafford Interview | Part 2 | SVT/NRK/Skavlan
APaF7VvyRaw Kerry Kennedy Interview | SVT/NRK/Skavlan
AWAnr5V70qw Jay-Z |\u00a0\
AXWO96fFkMQ Goldie Hawn | SVT/NRK/Skavlan
AYhPyR0vadg Journalist Luke Harding: \u2013\u00a0The KGB left a sex manual after breaking into my home | SVT/NRK/Skavlan
AkwsdkN_yMU Sia | \
Aqd80WuO88Q Sanna Nielsen | Part 1 | SVT/NRK/Skavlan
ArKuTy5NnCE Hans Rosling: \u2013 Jag tog med mig v\u00e4rldens befolkninge h\u00e4r i fickan | SVT/NRK/Skavlan
B-MrCQjDxvM Taylor Swift  | \
B2LY1dckGlU Ane Brun Interview | SVT/NRK/Skavlan
B5EVNvjGTI8 Dawn French Interview | Part 1 | SVT/NRK/Skavlan
B7dZs8bXsJI Jim Carter Interview | SVT/NRK/Skavlan
BBWuuabtC_o Wyclef Jean Interview | Part 2 | SVT/NRK/Skavlan
BSlvNLhq_GQ Alicia Vikander reveals prince William is Game of Thrones fan | English sub. | SVT/NRK/Skavlan
BVIiR6sCIs4 Marina  Litvinenko | Part 2 | SVT/NRK/Skavlan
BZFKhj0Gm8Q Ian McEwan Interview | Part 2 | SVT/NRK/Skavlan
Bb9J68FSjo0 Aurora on her bipolar sister and why we all should be excused | English subtitles | SVT/TV 2/Skavlan
BdTtnff4LAU Henrik Schyffert: \u2013 Alla m\u00e4n \u00f6ver 40 borde g\u00e5 i terapi | SVT/NRK/Skavlan
BmeZ8e1UAjE Mukunda Angulo | Part 2 | SVT/NRK/Skavlan
BybU77FPHGo Aksel Rykkvin's last performance as a soprano \u2013\u00a0\u00abOmbra mai fu \u2013 from Xerxes\u00bb | SVT/NRK/Skavlan
C698_dLckRw Jean-Michel Jarre believes Sweden can win Eurovision 2016 | SVT/NRK/Skavlan
CDUHZzw0NiM Mercedes Mason \
COdW9CY3PKw Robin Gibb Interview | SVT/NRK/Skavlan
CVc5wBPEM9o Thomas Dybdahl \u00abBaby\u00bb \u2013 Live on Skavlan | SVT/NRK/Skavlan
CXb52OJU5Y4 Jacob Banks performs \u00abUnknown (To You)\u00bb live | SVT/NRK/Skavlan
CZe37NMTcGU Bestselling author Marian Keyes on why you need white lies once in a while | SVT/TV 2/Skavlan
CckT0twVsDQ Emotional Amanda Knox: \u2013 This is how they made me confess | SVT/TV 2/Skavlan
CnzuALkuQlA Bj\u00f6rn Ulvaeus g\u00e4star Skavlan | SVT/NRK/Skavlan
CsOolbO_Qoo \
D2AMbGyklD4 Nico & Vinz \
D7GyDiGEkLA Skavlan & K\u00e4llner - Q&A Del 1 | SVT/NRK/Skavlan
D9ZPe_c9wCA Marina Litvinenko | Part 1 | SVT/NRK/Skavlan
DCCL_38K9-4 Ida Maria | Intervju hos Skavlan | SVT/NRK/Skavlan
DHGle8xbJUo Laleh intervju hos Skavlan I Part 2 | SVT/NRK/Skavlan
DIOiBeXLt0k \u2013 You can't trust your memory | Interview with Dr. Julia Shaw | SVT/TV 2/Skavlan
DJwNHwedENE Hannah Fry | Part 1 | SVT/NRK/Skavlan
DbcKH--m55Q Riz Khan Interview | SVT/NRK/Skavlan
DmjLUKSEOqU \u2013 Boris Johnson wanted to be 'World King' | Interview with sister Rachel Johnson | SVT/TV 2/Skavlan
DqBWFJsjn_U Halie performs \u00abYouth\u00bb | SVT/NRK/Skavlan
EE6Sf3jBqbI Ruby Wax Interview | SVT/NRK/Skavlan
EE8uzlGKJBs Pamela Anderson Interview | \
EEqZfq-oh5I Erica Jong Interview | SVT/NRK/Skavlan
EFoWPspoHUk Dawn French Interview | Part 2 | SVT/NRK/Skavlan
ERLoITzeMc0 \
Enm3nWsZ4T4 Jens Stoltenberg | Part 2 | SVT/NRK/Skavlan
EpzUOVmjBGg Hela intervjun med Marcus och Martinus | SVT/NRK/Skavlan
EuuR6pnG02c You may never eat parmesan again after watching these dilemmas with Lewis Capaldi | SVT/TV 2/Skavlan
F1jECN_zz8Y Alicia Vikander answers dilemmas from Fredrik | English subtitles | SVT/NRK/Skavlan
F9SlhRCW788 Steven Van Zandt Interview | Part 2 | SVT/NRK/Skavlan
FAAhnREr3d8 Karpe Diem \u2013 \u00abLett \u00e5 v\u00e6re rebell i kjellerleiligheten din\u00bb | Live on Skavlan | SVT/NRK/Skavlan
FBxVZs-Ur2c Seth Meyers admits understanding why people voted for Trump | SVT/NRK/Skavlan
FEJVi2CDiIQ Ballon d'Or winner Ada Hegerberg on twerk scandal: \u2013 It was a strange question | SVT/TV 2/Skavlan
FJ8bgWqEyKw Marcus & Martinus l\u00e4r sig svenska med Fredrik Skavlan | SVT/NRK/Skavlan
FRjcTAYVhZg Victor Muller Interview | Part 1 | SVT/NRK/Skavlan
FTQXC-RWmns Kygos Producer School | SVT/NRK/Skavlan
F_byDEAZLEc Her first interview in English: Khashoggi's fianc\u00e9e Hatice Cengiz tells her story | SVT/TV 2/Skavlan
FbfoPpatGJQ Top Acoustic Guitar Moments with First Aid Kit, Paul Simon, Patti Smith and more! | SVT/TV 2/Skavlan
Fim_qd9yZ-4 Naomi Klein | Part 2 | SVT/NRK/Skavlan
FlVOJRYSRjk \u2013 We spend 4 hours a day on our phones | Prof. Adam Alter on smartphone addiction | SVT/NRK/Skavlan
FzsidfISzCo Tove Lo was told lose weight \u2013 ended up with eating disorder | English sub. | SVT/NRK/Skavlan
G1ZIksp-EqI Sanna Kallur till Linus Terner - \
G6TNfAgteFM Ed Stafford Interview | Part 1 | SVT/NRK/Skavlan
G7GFInDTsw8 Oleg Gordievsky's secret life as a spy | Interview with Ben Macintyre | SVT/TV 2/Skavlan
GAIlZc9NURA Elli Avram | Part 2 | SVT/NRK/Skavlan
GGuu4DGTMRM Skavlan Photo Sessions | Desmond Tutu, Elvis Costello and Anni-Frid Lyngstad | SVT/NRK/Skavlan
GI60w-wmUYY Matt LeBlanc: \u2013 Filming the last Friends episode was very sad | SVT/NRK/Skavlan
GJn75txcthQ Mikael Persbrandt g\u00e4star Skavlan \
GZN66BIDfPM Karin Volo | Part 1 | SVT/NRK/Skavlan
GZVulJyjoLU Oliver Solberg - Behind The Scenes | SVT/NRK/Skavlan
G_Y86G2QLT0 Skavlan & K\u00e4llner - Q&A Del 3 | SVT/NRK/Skavlan
Gcms711oyVo Ren\u00e9 shut down \u00abworld's best restaurant\u00bb: \u2013 I was angry every day | English sub. | SVT/NRK/Skavlan
GlumFSsCwxg Cynthia Nixon on her transgender son: \u2013\u00a0It's his life and his body | SVT/TV 2/Skavlan
GmZpqjVvkB8 What does being brave mean? Rose McGowan shares her short take | SVT/TV 2/Skavlan
GoIFAPRIZOU Full interview with Cristina Stenbeck | SVT/NRK/Skavlan
GoRXaARgEMM Tyra Banks talks about Naomi Campbell | Part 2 | SVT/NRK/Skavlan
HNSEhBcltZY Gloria Allred opens up about being raped: \u2013 It was a shock | SVT/TV 2/Skavlan
HP9TjPk9bnQ Nils Bech \u00abA Sudden Sickness\u00bb live on Skavlan | SVT/NRK/Skavlan
HQJDr3BTSe8 Elli Avram - Bollywood School | SVT/NRK/Skavlan
HYBhAa4j0oI Richard Ayoade thinks the Coronavirus is perfect for his greeting style | SVT/TV 2/Skavlan
HaCO3GOH4KM Vince Vaughn | \
Heoe2An8whU Tove Lo | Part 2 | SVT/NRK/Skavlan
HpDAvwe3RKI Interview with Bill Bryson  | Part 2 | SVT/NRK/Skavlan
HqQ7tOZSQBI Jimmie \u00c5kesson about being mocked by U2\u2019s Bono: \u2013 It was terrible  | SVT/TV 2/Skavlan
HxAc08aaqnI Cat Stevens Interview | Part 1 | SVT/NRK/Skavlan
IBw1Ne7umY8 \u00abOH, GOD!\u00bb Jordan B. Peterson struggles to answer dilemmas | SVT/TV 2/Skavlan
IH3-cxsxOI8 Hope Solo interview - \
IKbam9z8-OU Rod Stewart | Part 1 | SVT/NRK/Skavlan
IM01vSXMaJc Magnus H\u00e4renstam | SVT/NRK/Skavlan
INrR_H38--g Mikko was part of the extraordinary Thailand cave rescue \u2013\u00a0hear his story | SVT/TV 2/Skavlan
IOtlcijIfWY Julian Treasure Interview | SVT/NRK/Skavlan
IOuqpr7AGdk Alexander Rybak opens up about pill abuse | English subtitles | SVT/TV 2/Skavlan
IOzr7NXPYdM Bob Geldof | Part 2 | SVT/NRK/Skavlan
IW5UF0dDuhY Tove Lo | Part 1 | SVT/NRK/Skavlan
IXDEC8gjvN0 Lina Axelsson Kihlblom | Part 1 | SVT/NRK/Skavlan
IePHjAdNtmw Bj\u00f6rn Ulvaeus Interview (English Subtitles) | ABBA | SVT/NRK/Skavlan
Iso1iWGXrls Interview with Bruno Mars: \u2013 That's the hardest question anyone has ever asked | SVT/NRK/Skavlan
J12RqT0kFlg \
J72hG4hQrTQ From war orphan to star ballerina \u2013 hear Michaela DePrince's inspiring story  | SVT/TV 2/Skavlan
J7IltnSZKA4 Bjarne Melgaard Interview | SVT/NRK/Skavlan
J7Ldiu4WyDQ Backstage p\u00e5 Skavlan med Marcus och Martinus | SVT/NRK/Skavlan
JC0NZqM_Kc8 Gro Amdam Interview | Part 2 | SVT/NRK/Skavlan
JE0fx0LU4VM The jacksons Interview | Part 1 | SVT/NRK/Skavlan
JGIa4tqAU2s John Gray Interview | Part 1 | SVT/NRK/Skavlan
JIrHfcIu0p4 \u2013 Princess Diana could have survived the crash | Dr. Richard Shepherd explains | SVT/TV 2/Skavlan
JOL5xBXuMBU Tuva Novotny g\u00e4star Skavlan och pratar om kommande filmen Borg vs McEnroe | SVT/NRK/Skavlan
JoLGv4zWk6U Esperanza Spalding moved by Obama request | 2009 interview | SVT/NRK/Skavlan
Jq3CkqTXVfE David Blaine ice pick magic | Part 2 | SVT/NRK/Skavlan
Jz1q93qZviw \u2013 Donald Trump is a tyrrant | Timothy Snyder | SVT/NRK/Skavlan
K-EILOynCbA Lucy Hawking shares memories of her father Stephen | Full interview | SVT/TV 2/Skavlan
K0QfPLTm6_Y Watch Isabella Rossellini's sheep crash interview | SVT/TV 2/Skavlan
K659qFXGP2Y Merlin Sheldrake on fungi and magic mushrooms | SVT/TV 2/Skavlan
KBsYBbwSSxo This is why Dave Grohl roots for kids who fail school | SVT/TV 2/Skavlan
KFi48q7X3ac Bill Gates gets interviewed and plays chess against Magnus Carlsen | SVT/NRK/Skavlan
KQ0hSl5Kics Miley Cyrus on dealing with divorce and loss: \u2013\u00a0This is why I don't cry too much | SVT/TV 2/Skavlan
KaQKVcgg9m8 Sheku Kanneh-Mason received a life-changing phone call from Meghan Markle | SVT/TV 2/Skavlan
Kd9JHWD6I6c Darin - Ta mig tillbaka Live on Skavlan | SVT/NRK/Skavlan
KdxLwca-C4Q Backstage Exclusive | Wishes for 2019 | SVT/TV 2/Skavlan
KhRwQDkK5bk One second every day | 1SE | One season with talk show Skavlan
KhZyjKcDEcQ Alan Carr Interview | \
Kn8CRDvasPo Jimmie \u00c5kessons f\u00f6rsta framtr\u00e4dande efter sjukskrivningen | SVT/NRK/Skavlan
Kz3SmFUHbJ0 Interview with \u00abThe most dangerous man in America\u00bb, whistleblower Daniel Ellsberg | SVT/TV 2/Skavlan
L6FOTuEyfv4 Kevin Costner Interview | SVT/NRK/Skavlan
LADtP7zkE2w Johan Olsson & Marit Bj\u00f8rgen | Part 1 | SVT/NRK/Skavlan
LCcDJHNj7i8 Geri Halliwell | Part 1 | SVT/NRK/Skavlan
LEMUXJMguXQ Mark Ronson talks Amy Winehouse, his new album and his top breakup songs | SVT/TV 2/Skavlan
LIyE6byP-vw Interview with Kimberley Motley | Part 1 | SVT/NRK/Skavlan
LUra_GvVhU4 John Arne Riise hos Skavlan | Part 2 | SVT/NRK/Skavlan
LYi7ZLSjNBA Jackson Browne | \
LZBkm4_mThI #Skavlan & K\u00e4llner - Podcast 1
LidC4dFwpms Benny Andersson Interview (English Subtitles) | ABBA | SVT/NRK/Skavlan
Ljna1d9mXaU Game of Thrones\u2019 Nikolaj Coster-Waldau: \u2013\u00a0We no longer get scripts | SVT/NRK/Skavlan
LnNynUuZGD0 Edward Norton opens up about fatal fire during filming | SVT/TV 2/Skavlan
LrBEdC8GOlU Princess Madeleine, Adele and Jamie Oliver wishes Merry Christmas in Swedish | SVT/NRK/Skavlan
LtApZC8jRq8 Paul Simon - Homeward Bound - Live on Skavlan | SVT/NRK/Skavlan
LwoaboMceLc Holly Lapsley interview | SVT/NRK/Skavlan
M2jQve2FI0o Peter Forsberg | Part 2 | SVT/NRK/Skavlan
M3fpdOITat4 Bruno Mars \u00ab24K magic\u00bb - Live on Skavlan | SVT/NRK/Skavlan
MTDQ30xS28o Lang Lang's emotional tribute to Sir George Martin - \
MZ7ANPngVok Eddie Izzard answers and asks dilemmas | SVT/TV 2/Skavlan
Mb8Zwwr7dgQ Fredrik och Niklas Vasalopps-h\u00e4lsning 2015! | SVT/NRK/Skavlan
Mh5z-TlHgVs Tony Bennett Interview | SVT/NRK/Skavlan
MlTj5Xbjuvg Caitlin Moran: \u2013 Teenagers are brilliant, powerful, loving and absolute idiots | SVT/TV 2/Skavlan
NAJShAp7jPs Daniel Goleman | Part 2 | SVT/NRK/Skavlan
NDDDJrxuVYk Greta Thunberg on viral Trump-stare: \u2013 I think I was very shocked | SVT/TV 2/Skavlan
NIRBmdk-BSg Matthew Bellamy Interview | SVT/NRK/Skavlan
NMJGnzG_YMc Eurovision's Rybak and Ingrosso do talk show interview together | English sub. | SVT/NRK/Skavlan
NV5PFFBedXY Geri Halliwell, Ricky Gervais and Fredrik Skavlan recording a trailer | SVT/NRK/Skavlan
NqcFQNPiTeY Anderson .Paak performs \u00abTints\u00bb | SVT/TV 2/Skavlan
NxbDbzVPzy0 Elizabeth McGovern Interview | Part 1 | SVT/NRK/Skavlan
O-1DMCBT2Cw German comedian Jan B\u00f6hmermann wrote Erdo\u011fan sex poem \u2013\u00a0opens up on the scandal | SVT/NRK/Skavlan
O4byYNybZuQ Mario Vargas Llosa Interview | Part 2 | SVT/NRK/Skavlan
OJejznbCTlE Ant Middleton explains why he doesn't regret killing people | SVT/TV 2/Skavlan
ON7kc-Eo21M Ken Robinson Interview | SVT/NRK/Skavlan
OOp7b_guU7Y Runa Sandvik | Part 1 | SVT/NRK/Skavlan
OUD374FpPbg Tommy Kr\u00e5ngh teckentolkar \
OUHpf3uKzts Lars Winnerb\u00e4ck & Agnes Kittelsen | Part 2 | SVT/NRK/Skavlan
OUMq5ZyuJJo \u00abCold Little Heart\u00bb singer Michael Kiwanuka: \u2013\u00a0I didn't have confidence | SVT/TV 2/Skavlan
Ohi7AR_Xc_w Sting and Melody Gardot perform \u00abLittle Something\u00bb | SVT/TV 2/Skavlan
OkO3fZNbT48 Jamie Oliver Interview | Part 3 | SVT/NRK/Skavlan
On8bj7T8TkA Fredrik Skavlan och Niklas testar Oculus rift | SVT/NRK/Skavlan
OpJett06pxc Al Gore Interview | Part 2 | SVT/NRK/Skavlan
OqiOsGSKUQo Jocke Berg & Lisa Nilsson - Innan vi faller | SVT/NRK/Skavlan
OwKGyRuOpWI Karin Volo | Part 2 | SVT/NRK/Skavlan
Oyu7SAVRyHo The coronavirus pandemic: \u2013 12 to 18 months until we get vaccines | Dr. Hatchett | SVT/TV 2/Skavlan
P0_mPx9bbm4 Jonathan Franzen | Part 2 | SVT/NRK/Skavlan
PHP-3iED9bM Tom Daley was warned against coming out as gay | SVT/TV 2/Skavlan
PXALJKZIdPM Jeffrey Gedmin Interview | Part 1 | SVT/NRK/Skavlan
PZWSwkGa860 Uma Thurman talks about why she wants a Swedish citizenship | SVT/TV 2/Skavlan
PaT__mzkHbA Hannah Gadsby on getting diagnosed with autism: \u2013 It really made a lot of sense | SVT/TV 2/Skavlan
Pc6rTsJRKiQ Interview with Lang Lang | Part 2 | SVT/NRK/Skavlan
PlWbmD5_N8k Sondre Justad | \u00abIkke som de andre\u00bb | SVT/TV 2/Skavlan
Pq-hSPXGZCU Aurora performs \u00abAnimal\u00bb | SVT/TV 2/Skavlan
PreDFo1O1Dw Pamela Anderson | Interview | SVT/NRK/Skavlan
Q8vjgiD4SWE Noomi Rapace (English Subtitles) Jag hatade att vara d\u00e5lig p\u00e5 grejer\
QCucCOwZwM0 PJ Harvey Interview | SVT/NRK/Skavlan
QPIaHem-njU Princess Madeleine of Sweden talks about growing up in the spotlight | SVT/NRK/Skavlan
QPmW3JGkeq8 \
QSHs2MBnm54 Daniel Kahneman Interview | SVT/NRK/Skavlan
QUr91A0cwOQ Anni Frid \
QWRHvJVuOjo Arundhati Roy on India's problems: \u2013 There are marches in support of rapists | SVT/TV 2/Skavlan
Q_2sOYCh-TA The Royal Concept \
Qd-ldQpx5-M #Skavlan & K\u00e4llner - Podcast 2
QfuWKDnC2sI Julian Fellowes sits down with Fredrik Skavlan | SVT/NRK/Skavlan
QmqMxFGmKr4 Sin\u00e9ad O'Conner Interview | Part 2 | SVT/NRK/Skavlan
QrRYbr1n8UQ Nicolas Henin | Part 2 | SVT/NRK/Skavlan
QsITsyqc3hg Comedian Michael McIntyre reveals \u00abincredible\u00bb weight loss trick | SVT/TV 2/Skavlan
QxMFaYVCoYU Brandon Jenner  | \u00abDeath of Me\u00bb  live and acoustic | SVT/TV 2/Skavlan
R6FGwSnGVS4 Interview with Skam-Noora - English subtitles | Part One | SVT/NRK/Skavlan
R9YJlt9LPdY Nicolas Henin \
RFQZR_LSoo8 Interview with Brett Anderson | Part 2 | SVT/NRK/Skavlan
RGkYLcwrM7Y John Legend Interview | \
RJzKP9lAeCA \u2013 Many women were raped | Rosanna Arquette and Malin \u00c5kerman discuss #metoo | SVT/TV 2/Skavlan
RKjpllKhFZo Joel Kinnaman explains why he wasn't surprised by #metoo | English sub. | SVT/NRK/Skavlan
RReezx4FZeU Ian McEwan Interview | Part 1 | SVT/NRK/Skavlan
RStbYLPxBT8 Ricky Gervais interview: \u2013 Twitter is like reading toilet walls | SVT/NRK/Skavlan
RTG_1g69NZs David Dencik Interview | SVT/NRK/Skavlan
RVlqOer9MaA Elizabeth McGovern Interview | Part 2 | SVT/NRK/Skavlan
R_9XGK7vwXc Laleh intervju hos Skavlan | Part 1 | SVT/NRK/Skavlan
RcsdtuYN9_o Interview with Alicia Vikander | SVT/NRK/Skavlan
RhFPpNihyRg \
RiDo1ceNVhk Kat Von D Interview | Part 2 | SVT/NRK/Skavlan
Rk1a3JdEwk0 Carola - \
RmiKAoAmYSg \u2013 This is how you stop your partner from cheating | Esther Perel | SVT/NRK/Skavlan
RqohhkQneo8 Anni Frid \
RvUC-zub9uk Christopher McDougall Interview | Part 2 | SVT/NRK/Skavlan
RyYPPTcoCiU Richard Dawkins - \
SKLCr8cFnfw Trump Nobel Peace Prize nominated: \u2013 He doesn\u2019t deserve it | Madeleine Albright | SVT/TV 2/Skavlan
SMC202wx1Wo J\u00f6rn Donner: \u2013 Ingen j\u00e4vel vill tr\u00e4ffa dig bara f\u00f6r att tr\u00e4ffas | Part 1 | SVT/NRK/Skavlan
SQxf5tYnhBI Supermodel Elsa Hosk battled with abuse: \u2013 I overdosed on cocaine | English sub. | SVT/TV 2/Skavlan
STrOckfpOQM Bruce Dickinson found out he had throat cancer via Google | SVT/NRK/Skavlan
SUxlshWlj2Q Desmond Tutu Interview  in \
SVtFXAzBDds Julia Michaels suffers from \u00abhorrible stage fright\u00bb: \u2013 I'm very awkward! | SVT/NRK/Skavlan
Sr9iaXpvtZE Johan Rheborg ber\u00e4ttar om sitt velande hos Skavlan | SVT/NRK/Skavlan
SsFuk33M_2s Denis Mukwege Interview | Part 2 | SVT/NRK/Skavlan
StzNuHdFZBA Naomi Klein \
T2pFG9WoxfU Interview with Leonard Cohen and Anjani Thomas | SVT/NRK/Skavlan
T79jFpeMxpg Lang Lang plays piano with an orange | SVT/NRK/Skavlan
TGKrAGYsUOY Jean-Michel Jarre | Interview | SVT/NRK/Skavlan
TILdyATwHY8 Skavlan Showreel
TKfqNT0HeoQ Johan Olsson & Marit Bj\u00f6rgen | Part 2 | SVT/NRK/Skavlan
TN-EQfboFPU Jesper Parnevik Golf School | SVT/NRK/Skavlan
TTTuOvM9qSk Helen Fisher interview at Skavlan | Part1 | SVT/NRK/Skavlan
Tb219Ln6t7k Silje Norendal | Part 2 | SVT/NRK/Skavlan
TclHthsaaqw Viral 9-year-old drummer Nandi Bushell performs on talk show | SVT/TV 2/Skavlan
TkGRk_HeOkE Slash Interview |  \
TnfDfJo85Q4 \u2013 Lukashenko is getting weaker | Sviatlana Tsikhanouskaya | SVT/TV 2/Skavlan
Tx99Y8SpElI J\u00f6rn Donner | Part 2 | SVT/NRK/Skavlan
U2PcvC_SxS4 Frank Abagnale Interview | Part 1 | SVT/NRK/Skavlan
U4dPfxufiBA Skavlan photo Sessions | Slash, Uma Thurman, Margot Wallstr\u00f6m, Svante P\u00e4\u00e4bo | SVT/NRK/Skavlan
UFIkt3VK0XA Brandon Jenner gets emotional talking about dad Caitlyn | SVT/TV 2/Skavlan
USaR0xSWTeY Lars Winnerb\u00e4ck & Agnes Kittelsen | Part 1 | SVT/NRK/Skavlan
UUQOVLiDLGg Alan Walker performs \
Ugy1dYsTefQ Can positive thinking help in illness? | Interview with Dr. Siddhartha Mukherjee | SVT/TV 2/Skavlan
UifqHe43usU Skavlan & Niklas vs The Mauler | SVT/NRK/Skavlan
Unte5lZHoGo Chrissie Hynde Interview | SVT/NRK/Skavlan
Uuf8y4WSBzE Jonathan Franzen | Part 1 | SVT/NRK/Skavlan
Ux3sES4TKTQ Hozier performs \u00abTake Me To Church\u00bb live | SVT/TV 2/Skavlan
UyvkOdGA7zw Boyan Slat explains how he has started to clean the oceans of plastic | SVT/TV 2/Skavlan
V56KUlS-7VU Supermodel Victoria Silvstedt dumped Donald Trump | SVT/NRK/Skavlan
VDkvZmefBHw Damien Echols & Lorri Davis Interview | Part 2 | SVT/NRK/Skavlan
VEwwVeNQFQs Benny Andersson (Swedish ) | Part 2 | SVT/NRK/Skavlan
VIlfxNHBGE8 \
VKzQLk43jV4 \u2013 I've kissed every James Bond actor | Joanna Lumley | SVT/TV 2/Skavlan
VWl5TrswoXE First Aid Kit perform \u00abFireworks\u00bb  | SVT/NRK/Skavlan
Vg2VgKrL9hE Helen Macdonald | Part 1 | SVT/NRK/Skavlan
VgFBN7EsAno Dave Grohl Interview | \
VjIWXNnaCvM Dave Salmoni brings wild animals from the Amazon rainforest | SVT/TV 2/Skavlan
Vjgj0K4vAOk Sofia Helin | SVT/NRK/Skavlan
Vvdb3xWGS7o Astrid S featuring Owe Th\u00f6rnqvist | SVT/NRK/Skavlan
W-pr2PL-e9Y Richard Dawkins and Brandon Flowers in religious dispute | SVT/NRK/Skavlan
WAYiXGfWPkY Jill Bolte Taylor | SVT/NRK/Skavlan
WBwN7yrvJ9U Frans Jeppsson Wall \
WCnYcXY4fbs Jojo Moyes sobbed while writing \u00abMe Before You\u00bb  | SVT/NRK/Skavlan
WGm8qTUz2w0 Lindsey Vonn attributes success to not feeling fear | SVT/TV 2/Skavlan
WT41hcl7ixM \
Wca8mQbbwBI \u2013 I\u2019m proud of tackling my mental health issues | Bruce Springsteen | SVT/TV 2/Skavlan
WdPhYJiS2oQ The stars of Downton Abbey talk about the show | SVT/NRK/Skavlan
Wf4yXMNrVDY Skavlan & K\u00e4llner - Q&A Del 2 | SVT/NRK/Skavlan
WoL8W-jUVYQ Helena Bergstr\u00f6m & Robert Gustavsson | Part 1 | SVT/NRK/Skavlan
X2iNeRH-bso Sanna Kallur satsar mot OS i Rio 2016 | Part 1 | SVT/NRK/Skavlan
X82tMy-djtM Salvador Sobral: \u2013 Eurovision was my prostitution! | English subtitles | SVT/TV 2/Skavlan
X8JKv_Hvc1I Backstage intervju med Noora och Isak fra SKAM | SVT/NRK/Skavlan
XO2CEW3lAQk SKAM interview with Isak (Tarjei Sandvik Moe) - English sub. | Part two | SVT/NRK/Skavlan
XaM3-0I4GPI \u2013 Brexit is the most colossal mistake of the post-war period | John Bercow | SVT/TV 2/Skavlan
XbRgQKwNdU0 Mccann family Interview | Part 2 | SVT/NRK/Skavlan
XfDiW-MDhnM The Dudesons Interview | SVT/NRK/Skavlan
Xfeu91sMZdU John Gray Interview | Part 2 | SVT/NRK/Skavlan
XgA98Wd136A David Guetta Interview | \
XhxiU3H8_aA Tove Lo Pop Artist School | SVT/NRK/Skavlan
XpzmnqI0q8Q Prof. Svante P\u00e4\u00e4bo Interview | SVT/NRK/Skavlan
XusJdQL_Jjo Noomi Rapace was blinded after chemical burn on set | English sub. | SVT/NRK/Skavlan
Y37uau38I58 Boris Johnson's dad Stanley on Brexit, Greta Thunberg and diapers | SVT/TV 2/Skavlan
YGidGXO_Cus Joan Baez performs \u00abThe President Sang Amazing Grace\u00bb | SVT/NRK/Skavlan
YKnMybtluyM David Lagercrantz | Part 1 | SVT/NRK/Skavlan
YMrEqceUF5o Thomas Piketty | Full Interview Part 1 | SVT/NRK/Skavlan
YNlo1LH-hRs Mukunda Angulo talks about The Wolfpack Film | Part 1 | SVT/NRK/Skavlan
YQevuFBV0w4 Noel Gallagher: \u2013\u00a0This is why Liam is so angry | SVT/TV 2/Skavlan
YSmqBgYUNak Robert Steen completely changed his views on gaming after his son's funeral | SVT/TV 2/Skavlan
Y_lEXa7VWcA Susanne Sundf\u00f8r - Delirious Live on Skavlan | SVT/NRK/Skavlan
YfGBTvaNIHg Emmanuel Jal |\u00a0\
Ygr9Ax9KnQs Carl Bildts Twitterskola | SVT/NRK/Skavlan
YrZ93Nbo34E Climate activist Greta Thunberg (16) says her Asperger's has helped | SVT/TV 2/Skavlan
Yy6rfR2G2nE Interview with Jon Ronson | SVT/NRK/Skavlan
Z41kg7j1CXQ Bill Pullman | \
ZJ4bMOU23D0 The Saga Nor\u00e9n Show - \
ZR9iSRnoevI Julia Michaels performs \u00abIssues\u00bb acoustic | SVT/NRK/Skavlan
Zb6hgt6Ed-Y \u2013 This is how you sleep better | Professor Matthew Walker | SVT/TV 2/Skavlan
ZdklhSmABtE Miguel | Part 3 | SVT/NRK/Skavlan
ZeJ4CVUEX5w Greta Thunberg or Margaret Thatcher? Stanley Johnson answers dilemmas | SVT/TV 2/Skavlan
Zg7HEFM8KTc Mapei | \
ZhySa5pRMaw H\u00e5kan Hellstr\u00f6m \
ZjEAXKhgRt0 Helen Fisher interview at Skavlan | Part 2 | SVT/NRK/Skavlan
ZjumsDF2VwE Vargas & Lagola perform \u00abHurts to be Hurt\u00bb | SVT/TV 2/Skavlan
ZosmaHSH5p4 Michael Nyqvist \u00e4r g\u00e4st hos Skavlan | Part 2 | SVT/NRK/Skavlan
Zrl5-u4eg7o Topgear's James May throwing darts | SVT/NRK/Skavlan
ZvbXzhGlx9Q They witnessed history firsthand \u2013\u00a0hear their powerful stories | SVT/NRK/TV 2/Skavlan
ZybYCHZByTQ John Arne Riise hos Skavlan | Part 1 | SVT/NRK/Skavlan
Zzlg8YIHfcQ Irshad Manji Interview | SVT/NRK/Skavlan
_7iz9vFoIj4 \u2013\u00a0Warnings from China helped us reduce COVID spread | Vitali Klitschko | SVT/TV 2/Skavlan
_9FwmDw8Iqw Stormy Daniels shares details of the Trump sex scandal | SVT/TV 2/Skavlan
_B1pgtcim0g \u2013 I'm the Scottish Beyonc\u00e9  | Lewis Capaldi interview | SVT/TV 2/Skavlan
_FBRolze3RY Bodil Malmsten \u00e4r g\u00e4st hos Skavlan | SVT/NRK/Skavlan
_KHLELTTD4c Susan Greenfield Interview | SVT/NRK/Skavlan
__ODiKzOFmk Jonathan Franzen Interview | SVT/NRK/Skavlan
_agjB2bECxA The 1975's Matty Healy on getting clean with horse therapy | SVT/TV 2/Skavlan
_feQWIU8wNM Aksel Hennie I Part 2 | SVT/NRK/Skavlan
_iudkPi4_sY Jordan B. Peterson | Full interview | SVT/TV 2/Skavlan
_n47aCnTLE0 Jimmy Wales Interview - Co-founder of Wikepedia | Part 2 | SVT/NRK/Skavlan
_uBVV5ryotQ \
a453zQKLewY Astrid S faced backlash after winning \u00abNorwegian Grammy\u00bb: \u2013 I was shattered | SVT/TV 2/Skavlan
aALXHswLQbo Father John Misty: \u2013 9 out of 10 of my songs are about the end of the world | SVT/NRK/Skavlan
aG1PK_rLw8M Paul Simon: \u2013\u00a0Evidently my expression says there's something wrong | SVT/NRK/Skavlan
aPPtBKo_2_I Comedian and marathon runner Eddie Izzard: \u2013 I\u2019m one of the slowest in the world | SVT/TV 2/Skavlan
aVW7ErF5lZQ Anton Corbijn Interview | SVT/NRK/Skavlan
aZPaI2MWMG8 Lionel Richie Interview | Part 2 | SVT/NRK/Skavlan
aljq5JJHIGQ Kathy Griffin on why she reluctantly apologized for Trump \u00abbeheading\u00bb | SVT/NRK/Skavlan
b-siimDDlEM Sanna Nielsen | Part 2 | SVT/NRK/Skavlan
b5sH-FFgEt8 Stephen Merchant recalls when he almost drowned | SVT/TV 2/Skavlan
bGmo72wqSj0 Runa Sandvik | Part 2 | SVT/NRK/Skavlan
bRag4x_B2DE Darin Songwriter School | SVT/NRK/Skavlan
bUm-O69oryc Intervju med Jeanette Bonnier | SVT/NRK/Skavlan
bUrkbJ4MJr0 Sleep bettter with these tips from Doctor Rangan Chatterjee | SVT/TV 2/Skavlan
bUzN9-p3Rjk Aurora performs earth and environment song | \u00abThe Seed\u00bb | SVT/TV 2/Skavlan
b_6KLztfO7Q Caitlin Moran Interview | SVT/NRK/Skavlan
baK12jn6osg Dua Lipa admits getting in police trouble as a teen | SVT/TV 2/Skavlan
bc078Nn3io8 Elli Avram talks about the Bollywood industry | Part 1 | SVT/NRK/Skavlan
bcIOaA3s1NI Sondre Justad | \u00abRiv i hjertet\u00bb | SVT/TV 2/Skavlan
bjaPlN09swU Mario Vargas Llosa Interview | Part 1 | SVT/NRK/Skavlan
bsPGrLC6bkA Gro Amdam Interview | Part 1 | SVT/NRK/Skavlan
bx-a3xgNVYk North Korean refugee Eunsun Kim: \u2013 My father starved to death | 2013 interview | SVT/NRK/Skavlan
cB3UF-XAYWg Skavlan with Paul Simon, Jens Stoltenberg, Mercedes Mason & Dr Helen Fisher | SVT/NRK/Skavlan
cBoj0kfuOC0 Lars Lerin \
cGtNIpKlqJA \u2013 I've never felt comfortable being called a man | Sam Smith on being non-binary | SVT/TV 2/Skavlan
cKAnHAHBonM Interview with BBC's legendary Sir David Attenborough | SVT/TV 2/Skavlan
cOcLqQ4VW4s Hozier \u2013 \u00abMovement\u00bb live | SVT/TV 2/Skavlan
c_dqHN_qrlk Taylor Swift Interview | Part 2 | SVT/NRK/Skavlan
cjsPpfPA9gQ Osiel Gouneo | Part 2 | SVT/NRK/Skavlan
cre8SDTZP4s Hiroshima Survivor Setsuko | \
cxEu2KBVuHE Christer Sj\u00f6gren g\u00e4star Skavlan \
czWOk838bQE Sabina Ddumba - \u00abScared for Life\u00bb - Live on Skavlan | SVT/NRK/Skavlan
czhNQ1VjGzE Artist Noah Kahan: \u2013 Depression is an everyday struggle | SVT/TV 2/Skavlan
dD7vIOlZ0jQ Rosling: \u2013 En gl\u00f6dlampa i taket \u00e4r lika viktigt f\u00f6r barn\u00f6verlevnad som vaccination | SVT/NRK/Skavlan
dFD8Y1qPXWg Angela was a violent white supremacist \u2013 until prison changed her | SVT/NRK/Skavlan
dHm1ULMQ6CI Bill Pullman  | \
dUB2p9xgVJo Melinda Gates | Part 1 | SVT/NRK/Skavlan
dUg7XmY7W_o Frederick Forsyth Interview | SVT/NRK/Skavlan
daGC3PI_JL8 Kristofer Hivju's Beard School | SVT/NRK/Skavlan
dtfolAsJQiI Shakira | \
dwQz68727OI Xiuhtezcatl Martinez interview: \u2013 Young people have power! Our voices are powerful | SVT/NRK/Skavlan
e25tm9XbTHw Malala Yousafzai Interview | Part 2 | SVT/NRK/Skavlan
e2iEopAHNvk \
eAkFx5qBYeo Fire chief Sabrina was homeless at 15: \u2013 I was beaten up and urinated on | SVT/TV 2/Skavlan
eBtXNPy3hic Samuel West from the \
eGJ_YQzQMn4 Bunker doctor\u2019s victim Isabel Eriksson tells of time in captivity | SVT/NRK/Skavlan
eNmnqEsZ2Yg Moving interview with parents of murdered journalist Kim Wall | English subtitles | SVT/TV 2/Skavlan
eRNzd9xuzzg The Ylvis Brothers Interview  (English Subtitles) | \
eSGPnNa31kU John Nettles Interview | Part 1 | SVT/NRK/Skavlan
eesL9VbFa2Y Kat Von D Interview | Part 1 | SVT/NRK/Skavlan
ees_TXwMMXE Full interview with Dracula star Claes Bang | English subtitles | SVT/TV 2/Skavlan
ejdupG6ft6w Dweezil Zappa Interview | SVT/NRK/Skavlan
emcb_HqBLrU Eddie Izzard explains why he doesn\u2019t believe in religion | SVT/TV 2/Skavlan
eqjwaGGvUAI Steven Pinker on why he thinks the world is getting better | SVT/TV 2/Skavlan
euX9RKeniRU Interview - Depeche Mode | SVT/NRK/Skavlan
ewPVWzyH3Pk Emeli Sand\u00e9 Interview | SVT/NRK/Skavlan
ewQyiONJGL4 Full interview Bruce Springsteen | SVT/NRK/Skavlan
ewVEceplTlA Nazi hunter Efraim Zuroff: \u2013 I\u2019ve never seen them express regret | SVT/TV 2/Skavlan
f5xD2Dbr7Ds Jesper Parnevik | Part 2 | SVT/NRK/Skavlan
f6CQfGDSrh8 Kelly Clarkson completely starstruck by Vanessa Redgrave in talk show interview | SVT/NRK/Skavlan
fFME3-8d8ws Silje Norendal | Part 1 | SVT/NRK/Skavlan
fOH0lPDBMFg She survived the Jonestown massacre \u2013 hear Leslie Wagner-Wilson's gripping story | SVT/TV 2/Skavlan
fdCiXOt0QQM Desmond Tutu Interview | Part 1 | SVT/NRK/Skavlan
fdWfEozTOQg Supereconomist Piketty picks on capitalist Bj\u00f8rn Kjos | Full interview Part 2 | SVT/NRK/Skavlan
fi3nc-Y75RE Louis Ferrante Interview | SVT/NRK/Skavlan
flW-etdt-rg Ryan Adams Interview | SVT/NRK/Skavlan
fsqY5OZO6rI Seinabo Sey sjunger p\u00e5 Skavlan och blir kompad av Karl Ove Knausg\u00e5rd | SVT/NRK/Skavlan
fzMU2luS7uw \u00abPeople, I've been sad\u00bb  | Christine and the Queens | SVT/TV 2/Skavlan
g009UkqwGRs The best sex advice from Dr. Ruth Westheimer | Full interview | SVT/TV 2/Skavlan
gHRUyYv6iOw Interview with Brett Anderson \
gRmL_ia2eJ4 Bo Kaspers Orkester \u2013 Medley  | SVT/NRK/Skavlan
gULBbdNV_9E Joyce Carol Oates reflects on Trump, society and the sadness of being alone | SVT/TV 2/Skavlan
gUVWGunINrE The Dalai Lama (83) reveals how he stays young | SVT/TV 2/Skavlan
g_xTd-MTbdw Skavlan Photo Sessions | Dogge Doggelito, Carl Bildt, Jeff Kinney, Sofia Karlsson | SVT/NRK/Skavlan
gg1La1PELSo Kofi Annan | Part 2 | SVT/NRK/Skavlan
gjfp77VgHkE Giulia Enders | Part 1 | SVT/NRK/Skavlan
goriueKsSfQ Jon Bon Jovi Interview | \
gtLWKJxiMRg Geri Halliwell | Part 2 | SVT/NRK/Skavlan
gvL3f1OG9b4 Richard Dawkins | Part 1 | SVT/NRK/Skavlan
h1eYGiaR6Iw One slip away from death | Interview with \u00abThe French Spiderman\u00bb Alain Robert | SVT/TV 2/Skavlan
hDFNDVhFqCM Gordon Ramsay: \u2013 I'm allergic to vegetarians | 2014 interview | SVT/NRK/Skavlan
hIgm5ap3SPM Malcolm Gladwell explains why he avoids face-to-face job interviews | SVT/TV 2/Skavlan
hNLcWwUExJQ Ant Middleton considered jumping to his death from Mount Everest: \u2013 I panicked | SVT/TV 2/Skavlan
hR89M9bf8ks Helen Macdonald | Part 2 | SVT/NRK/Skavlan
hRT-q7GUqdc Take That Interview | SVT/NRK/Skavlan
hStJvTv_Sh0 \u2013 Don't blame the bats for the Coronavirus | Dr. Jane Goodall | SVT/TV 2/Skavlan
hTJJI3tq7Ns Model and violinist Charlie Siem on why he would never follow his dad's footsteps | SVT/NRK/Skavlan
hWePgCOZ4GA Kanye West - Only One Live on Skavlan (Full Performance) | SVT/NRK/Skavlan
hZZSqH4uDg0 James Fallon Interview | SVT/NRK/Skavlan
hdguycmHJzo Little Simz: \u2013 No one wanted to sign me! | SVT/TV 2/Skavlan
heKCrWjtO-g He spent 10 years infiltrating North Korea  | Ulrich Larsen | SVT/TV 2/Skavlan
hoLdEKeIgWk Interview with Noah Cyrus: \u2013 Miley taught me to not read comments ever | SVT/NRK/Skavlan
hpBKrgzWs7M Skavlan Photo Sessions | James Fallon, Ang\u00e9lique Kidjo | SVT/NRK/Skavlan
hxTtjGamJtI \u2013 Feminists are angry man-hating lesbians | Ann Coulter interview | SVT/TV 2/Skavlan
iBZLBELcymc Rihanna Interview | Rihanna talks about her success | Part 1 | SVT/NRK/Skavlan
iCflB5ZB7io Dagny Carlsson, 103 \u00e5r, intervju hos Skavlan | Part 2 | SVT/NRK/Skavlan
iG7RdOlHpxY Mabel talks about relationships and how they inspire her music | SVT/TV 2/Skavlan
iGTqPMVBxRk Chris Horrie Interview | SVT/NRK/Skavlan
iIFRbh9mM5w Zara Larsson practices her SKAM skills | SVT/NRK/Skavlan
iVEdOY2y6KQ Rachel Platten \
icM7E9Qg19U Aloe Blacc remembers Avicii: \u2013 He was passionate, dedicated and focused | SVT/TV 2/Skavlan
igYsjHQpKlk Skavlan with Bruce Springsteen, Margot Wallstr\u00f6m, Ethan Hawke & Arianna Huffington | SVT/NRK/Skavlan
ilzs8rhb57M Rebecca & Fiona \
j00zK54ZpPg Susan Cain explains why introverts are underrated | SVT/TV 2/Skavlan
j0d3cvUlMV0 Bob Geldof Interview | Part 1 | SVT/NRK/Skavlan
j3IkFq9aIWw Donkeyboy \
jCVYTX-TFoE Jon Bon Jovi refuses to answer Skavlan's dilemma | SVT/TV 2/Skavlan
jR_SYYZ4Bc4 Patti Smith performs \u00abBeneath the Southern Cross\u00bb | SVT/NRK/Skavlan
jTxMkFrba44 Full interview with Greta Thunberg: \u2013\u00a0Haters should do something useful instead | SVT/TV 2/Skavlan
jW3SwZdL7H0 Lars Lerin - \
kPx_6bt1YR0 Will and Jada Pinkett Smith explain their \u00absexy fire\u00bb | 2009 interview | SVT/NRK/Skavlan
kSevhgVB3Jw Prinsesse M\u00e4rtha Louise hos Skavlan \u00abDet hadde v\u00e6rt mye enklere hvis jeg var gutt\u00bb | SVT/NRK/Skavlan
kSrzJWY6Kgc Adele on becoming an adult: \
kfbnAXxkVNY Ylvis - Trucker's Hitch Live at Skavlan | SVT/NRK/Skavlan
kgW5T9WG4Y8 Eddie Izzard Interview | Part 2 | SVT/NRK/Skavlan
kjOGhkF21Sg Rose McGowan had to escape sex cult as a child | SVT/TV 2/Skavlan
kn0IAL_2m2I Amanda Hearst shocked by puppy mills: \u2013 I immediately started crying | SVT/TV 2/Skavlan
l9UTMu4PIFU Lina Axelsson Kihlblom | Part 2 | SVT/NRK/Skavlan
lDxVDWfIHzc Foo Fighters perform \u00abShame Shame\u00bb | SVT/TV 2/Skavlan
lJyhcXHODeM Marit Slagsvold & Jonas Gahr St\u00f8re | SVT/NRK/Skavlan
lM0IuAT9uHE Zara Larsson reacts to Skavlan guests (Adele, Bruno Mars, Rihanna, Kanye West) | SVT/NRK/Skavlan
lN1Y2esVUb8 Best-selling thriller writer Lee Child explains why he had to headbutt man | SVT/NRK/Skavlan
lQtUbVKb0vs Angelina Jordan (12) performs \u00abShield\u00bb | SVT/TV 2/Skavlan
lVQ4UUWgs2Y Patti Smith on Nobel prize performance: \u2013 I was humiliated and ashamed | SVT/NRK/Skavlan
lf_0ijdiJ_k Jeff Kinney Interview | SVT/NRK/Skavlan
llkaN0tqpzk Paul Auster & Siri Hustvedt | Part 2 | SVT/NRK/Skavlan
lmrhHdmKwb8 Max Mosley | Part 1 | SVT/NRK/Skavlan
lmwHxHLwZRY James May Interview | \
loRwZVvYumU Loretta Napoleoni | SVT/NRK/Skavlan
m0vD8BK8FNc Boris Becker | \
m7cJQSahFQ0 Noel Gallagher Interview | SVT/NRK/Skavlan
m9iTPmitTd0 Jarvis Cocker on sex, Brexit and vanity | SVT/TV 2/Skavlan
mDJlScDLnHA \u00d8\u00f8\u00f8\u00f8hh / Eeeeh 1996 - 2016 Skavlan Remix | SVT/NRK/Skavlan
mMhX0dU_zB8 Zara Larsson \u00abSo Good\u00bb Live on Skavlan | SVT/NRK/Skavlan
mO5rUjEO3iE Trevor Noah: \u2013 I don\u2019t think Trump is going away anytime soon | SVT/TV 2/Skavlan
mRTApoUmUNI Rose McGowan: \u2013 I have this strange desire to run as a Republican | SVT/TV 2/Skavlan
mk3nmeVNRY0 Cecilia Samartin Interview | SVT/NRK/Skavlan
mmfEIjYryxM Seth Meyers got told off by Trump after mockery: \u2013\u00a0You were too harsh! | SVT/NRK/Skavlan
mtcMrLVB5pY Marian Keyes | Part 1 | SVT/NRK/Skavlan
n3IM9RnQLSM Val McDermid  | Part 2 | SVT/NRK/Skavlan
n65ZfaIjWHo Hollywood villain Peter Stormare on why he despises some LA people | English sub. | SVT/NRK/Skavlan
nA1QiNW6Unw Jessica Wadsworth Interview | SVT/NRK/Skavlan
nHA9OQIEGm0 Alexander Rybak and Benjamin Ingrosso perform mashup of their Eurovision songs | SVT/NRK/Skavlan
nV-M9oT0Yq4 John Cleese Interview | Part 2 | SVT/NRK/Skavlan
nXQ0DBobJLs Donald Trump asked Emma Thompson out for dinner: \u2013 I didn't know what to do | SVT/NRK/Skavlan
nk7IHI_A62Y Anders Jansson dansar som Carl Bildt | SVT/NRK/Skavlan
nlPfdOfWtLM Norges nya f\u00f6rbundskapten Lars Lagerb\u00e4ck intervjuas i Skavlan | SVT/NRK/Skavlan
nwv-Y58mse8 John Cleese Interview | Part 1 | SVT/NRK/Skavlan
o9BV0GUqK_k Roy Anderssons Filmskola | SVT/NRK/Skavlan
oG6P2NymBlg Tiina was held at gunpoint while trying to help Emirati princess Latifa escape | SVT/TV 2/Skavlan
oKEP8K1CfE4 Daniel Goleman | Part 1 | SVT/NRK/Skavlan
oVnEiQuZxik Where are the SKAM characters in ten years? Iman Meskini has a suggestion | SVT/NRK/Skavlan
o_eU5lc0Xm8 E L James Interview | Part 2 | SVT/NRK/Skavlan
odAQHZcq4Nk \u2013\u00a0Our mother was a serial paedophile | Interview with Alex and Marcus Lewis | SVT/TV 2/Skavlan
okviIWB0c5c Anthony Scaramucci says president Trump bullied his wife | Full interview | SVT/TV 2/Skavlan
ono8bNntZ8I Josh Groban open about struggle with depression and anxiety  | SVT/TV 2/Skavlan
ow7hUZhjiXQ Skavlan with David Blaine, Maria Montazami, Lars Ulrich, and Melinda Gates | SVT/NRK/Skavlan
p7OQ91wj5E0 Frank Abagnale Interview | Part 2 | SVT/NRK/Skavlan
p8hMIJE0D0o Jon Bon Jovi tells story about severed pig head | SVT/TV 2/Skavlan
pAlTQSL57Ec Noah Cyrus - \u00abMake me (Cry)\u00bb live on Skavlan | SVT/NRK/Skavlan
pHrfkDrDGHU Agnes performs \u00abGoodlife\u00bb | SVT/TV 2/Skavlan
pJa42L1X65c Edward Blom testar buff\u00e9n hos Skavlan | SVT/NRK/Skavlan
pKs4nIIa9TU Bob Geldof | Part 1 | SVT/NRK/Skavlan
pNPlbKiIE30 Tensta Gospel Choir \u00abNobody Can Do Me\u00bb - Live on Skavlan | SVT/NRK/Skavlan
pbNxLY-m8e4 Kygo and his manager Myles Shear get interviewed together | SVT/NRK/Skavlan
pcUdd4bZkXY Interview with wildlife photographer David Yarrow | SVT/NRK/Skavlan
pdE17xzSFio Noah Kahan performs \u00abFalse Confidence\u00bb | SVT/TV 2/Skavlan
pl00RLxUiP8 How will the Coronavirus affect the economy? | Interview with Paul Krugman | SVT/TV 2/Skavlan
pqCqvyxaic0 Jacob M\u00fchlrad's \u00abTime\u00bb performed by Swedish choir Radiok\u00f6ren | SVT/TV 2/Skavlan
ptlwilOdwLo Kim Cattrall reveals why she first said no to playing Samantha in Sex & the City | SVT/NRK/Skavlan
pxFG2VfuJ9o When Jacob Banks' best friend died at 21, he knew he had to give music a chance | SVT/NRK/Skavlan
pxq-NKzqGV0 Henrik Kristoffersen hos Skavlan | SVT/NRK/Skavlan
pz1jGMsPY9M Jamie Oliver Interview | \
q1Sr1YkbdDY Zara Larsson wants to date a man she can marry | English subtitles | SVT/TV 2/Skavlan
q1iEsGti7K8 Controversial photographer Alison Jackson shares embarrassing Clooney moment | SVT/TV 2/Skavlan
q7tRZlFIxWo Foo Fighters\u2019 Dave Grohl gets a surprise reunion with the doctor who saved his leg | SVT/NRK/Skavlan
q9iyHWLlFLk Marcus Ericsson F1 School | SVT/NRK/Skavlan
qDz9PI2csB4 Pelle Almqvist Liveband-Skola | SVT/NRK/Skavlan
qNzTLaM4yKA 'The world's best teacher' reveals what she will do with $1M prize  | SVT/TV 2/Skavlan
qP-xKuQ0_lg Micheal Palin Interview | SVT/NRK/Skavlan
qQW0-hz2-rI Stephen Fry on cancel culture, morality and ties | SVT/TV 2/Skavlan
qYmJ1q7u2MU Ben Kingsley Interview | SVT/NRK/Skavlan
qZSt2h0WClQ Andreas Wahl r\u00e4ddar en Skavlankopp med en krona | SVT/NRK/Skavlan
qccNd4p5ayU Jimmy Wales Interview - Co-founder of Wikepedia | Part 1 | SVT/NRK/Skavlan
qmUrF_nou9I Prime minister Erna Solberg was frying meatballs when Merkel called | SVT/NRK/Skavlan
qmj5TxlX6Zs \u2013 This is how you get healthier | The experts\u2019 advice | SVT/NRK/TV 2/Skavlan
qtn-gAQX2z4 Hozier shares thoughts on his Quaker upbringing | SVT/TV 2/Skavlan
qwC33m8C8ts In memory of Terry Jones: Watch our full 2009 interview | SVT/NRK/Skavlan
qyp8REQOupU Lars Ulrich \
qzmPzQOziZg Life advice from Dagny (106) \u2013 Stop whining and get a grip! | Eng. sub. | SVT/TV 2/Skavlan
rIKiAmQcmCg Yuval Noah Harari | Interview | SVT/NRK/Skavlan
rRDR3uzKCiU Cherie Blair explains why men are elephants and women mice | SVT/TV 2/Skavlan
rT-CJo9AwCk Arianna Huffington | Part 2 | SVT/NRK/Skavlan
rfVT2UbZ_co Jeffrey Archer | SVT/NRK/Skavlan
rjSKptmLDQM \u2013 These four dangers could end our world | Jared Diamond | SVT/TV 2/Skavlan
rp6Wf9s64W0 Uma Thurman Interview | \
rsOuxw08EXI \
s2UNt_q5L_k \u00c5ge Hareide | Part 1 | SVT/NRK/Skavlan
s3Rn-mYnl4M Salvador Sobral performs \u00abPrometo N\u00e3o Prometer\u00bb | SVT/TV 2/Skavlan
s5GlPhhrntU Interview with Fredrik Eklund \u201dEverybody wants what everybody else wants\u201d | SVT/NRK/Skavlan
sMUyR7uiLM8 Interview with Lang Lang | Part 1 | SVT/NRK/Skavlan
sN293avst6Y Natassia, who accuses Weinstein of rape, explains why she hesitated to speak out | SVT/NRK/Skavlan
sQ5A0yyI7e0 Richard Dawkins | Part 2 | SVT/NRK/Skavlan
skqS4nWUO_c Interview with Maria Montazami | SVT/NRK/Skavlan
soCZO2RfMLM \u00abThe Crocodile Hunter\u00bb's son Robert Irwin demonstrates how to catch one | SVT/TV 2/Skavlan
sqQqU6yhvk0 Andrea Bocelli Interview | SVT/NRK/Skavlan
sqmlb7MELMc \
stXkcMRRiCM The Hives featuring Benny Andersson - Blood Red Moon Live on Skavlan | SVT/NRK/Skavlan
sv6ZIuTAgwo Life advice from Sadhguru: \u2013 Live each moment as if it were your last | SVT/TV 2/Skavlan
svhqqUgpjl4 Girl in red: \u2013 Role models don't exist! | English subtitles | SVT/TV 2/Skavlan
sydJak9lY6M Hannah Fry | Part 2 | SVT/NRK/Skavlan
szp6mFMX5w0 Giulia Enders | Part 2 | SVT/NRK/Skavlan
t4Z-Zd2hhts Fredrik Reinfeldt intervjuas av Skavlan och ber\u00e4ttar om sitt nya jobb | SVT/NRK/Skavlan
tAg95Eq5WJ8 Stephen Merchants Stand up school | SVT/NRK/Skavlan
tG3aUZTmRzI Emilie Nicolas with beautiful performance of \u00abFeel Fine\u00bb | SVT/TV 2/Skavlan
tXsH75X3aFI Why your relationship might fail during Corona times | Esther Perel | SVT/TV 2/Skavlan
t_VDMj1tMaM What insect would Noel Gallagher be? Expert Anne Sverdrup-Thygeson guesses! | SVT/TV 2/Skavlan
tacbsb_fqQ8 Dawn French Interview | Part 3 | SVT/NRK/Skavlan
tbjmcWPVgCY Robbie Williams Interview | SVT/NRK/Skavlan
tck21HQFhlQ Max Mosley | Part 2 | SVT/NRK/Skavlan
tn8Urcu1XIc \u2013 The misconception is that skaters are lazy | Tony Hawk interview | SVT/TV 2/Skavlan
tqXccq2jLkc How can you lose weight? Dr. Giles Yeo explains | SVT/TV 2/Skavlan
u4l0j0IytH4 David Guetta reveals secret collaboration with Sia and C\u00e9line Dion | SVT/TV 2/Skavlan
u66d-_96GI8 Lone Frank Interview | Part 2 | SVT/NRK/Skavlan
u9BoTKGN6mE Ricky Gervais | Part 2 | SVT/NRK/Skavlan
uBgXbX13BBs Timbuktu g\u00e4star Skavlan | SVT/NRK/Skavlan
uCPCitzRmkQ Sarah Duchess of York Interview | Part 1 | SVT/NRK/Skavlan
uEo5cqCy-6I Anderson .Paak explains why he wants to smile less | SVT/TV 2/Skavlan
uW3reKi_2Ug \
ulDXrM5Lwnc PewDiePie (English Interview) | \
ulWtxcL4xAU Damien Echols & Lorri Davis Interview | Part 1 | SVT/NRK/Skavlan
ullfExwng0w Margrethe Vestager has cost Apple and Google \u20ac20 billion | SVT/TV 2/Skavlan
uq36sOE__As John Irving Interview | SVT/NRK/Skavlan
uqXl8Z3XfEc Osiel Gouneo | Part 1 | SVT/NRK/Skavlan
urAfkYHlt_U John Mayer Interview | Part 2 | SVT/NRK/Skavlan
utEEEbkgpvc Dido Interview | SVT/NRK/Skavlan
uyRAWfQt9yY Silje Norendal | Part 3 | SVT/NRK/Skavlan
v-egx9IOAZI Viral drummer Nandi (9) gets asked on tour with Dua Lipa | Full interview | SVT/TV 2/Skavlan
v0Qlk3xBees Skavlan Photo Sessions - The Ylvis Brothers (Norwegian) | SVT/NRK/Skavlan
v4WTm5vy4uE Ronald Cotton Interview | Part 2 | SVT/NRK/Skavlan
vFD3BlyjSzk Fazita Rafaat | Part 1 | SVT/NRK/Skavlan
vFXP3FgI9HA Vance Joys Hit song school | SVT/NRK/Skavlan
vHG_JRWccrA Donald Trump\u2019s niece: \u2013 He's the weakest person I've ever known | Mary Trump | SVT/TV 2/Skavlan
vIOYRC3Ukgg Jamie Oliver - \
vPUvJg_75GU The four ABBA members talk about the band | English subtitles | SVT/NRK/Skavlan
vQCAc2HVs04 Al Gore Interview | Part 1 | SVT/NRK/Skavlan
vatmVakeMdA Bear Grylls talks Running Wild, family  life and eating rotten snakes | SVT/TV 2/Skavlan
vhYJa0QCg8A Fazita Rafaat | Part 2 | SVT/NRK/Skavlan
vkF2VykbXiw Kygo (English Subtitles) | \
vmHPiCZqfn8 Robert Plant Interview | SVT/NRK/Skavlan
vq3F5XzVjoc Salman Rushdie | SVT/NRK/Skavlan
vsavHuHwIBI Years & Years perform \
vsexPemBiUc Marcus & Martinus har lyst p\u00e5 kj\u00e6reste | SVT/NRK/Skavlan
vt05itJt6FI Poetic - Seinabo Sey - Live on Skavlan | SVT/NRK/Skavlan
vwVOmAb7eCQ Michelle Dockery Interview | SVT/NRK/Skavlan
vwxaFdjXG2E Ingebj\u00f8rg Bratland \u2013 \u00abOver Sundet\u00bb | SVT/NRK/Skavlan
vzP-yJQY3mQ Peter Forsberg | Part 1 | SVT/NRK/Skavlan
w-Mo4owjkDg Astrid S - \u00abBreathe\u00bb\u00a0\u2013 live on Skavlan | SVT/NRK/Skavlan
w2dFYubQtv0 Ahmed Ahmed Interview | SVT/NRK/Skavlan
w8k7bDqrcwM How can Facebook gather information about you? Professor Michal Kosinski explains | SVT/NRK/Skavlan
wL8Pvsuj6ZA The 1975 \u2013 \u00abGive Yourself A Try\u00bb | SVT/TV 2/Skavlan
wNJqsVRj360 Mabel | \u00abDon't Call Me Up\u00bb | SVT/TV 2/Skavlan
wRM4xsymUm8 Tyra Banks & Erik Asla | Part 1 | SVT/NRK/Skavlan
wWy0DdAX6f4 Sheku Kanneh-Mason | \u00abSicilienne\u00bb | SVT/TV 2/Skavlan
w_e4EgtFfIk Sarah Duchess of York Interview | Part 2 | SVT/NRK/Skavlan
wdhshpIfEyk Zara Larsson:\u00a0\u2013 We need to understand what privileges we have | Eng. sub. | SVT/NRK/Skavlan
woCUqqn7kPg Giulia Enders Intestinal School | SVT/NRK/Skavlan
wt9ya1D9h4k Wyclef Jean\u00a0\u2013 \u00ab911\u00bb Acoustic Scandinavian Remix | Part 3 | SVT/NRK/Skavlan
x2BW04Ejg0I Bryan Ferry | \
xCWG-OiUbRY Alicia Keys Interview | \
xIxEnBi4f4g C\u00e9dric Villani Interview | SVT/NRK/Skavlan
xN2fSTQHHkw Eddie Izzard Interview | Part 1 | SVT/NRK/Skavlan
xhUCS15h1G0 Walter Mischel Interview | SVT/NRK/Skavlan
xm9ujgcOh3w Kelly Clarkson explains why she doesn't stay in touch with her father | SVT/NRK/Skavlan
xmgWqw2OWNQ Cat Stevens Interview | Part 2 | SVT/NRK/Skavlan
xp1uGmo36q0 \u2013 The Romans celebrated rape | Interview with Dame Mary Beard | SVT/TV 2/Skavlan
y-JygR3OBFo Ang\u00e9lique Kidjo Interview | SVT/NRK/Skavlan
y5PPaHG-X1Q Judit Polg\u00e1r Interview | SVT/NRK/Skavlan
y7GxTI-7VZY Mccann family Interview | Part 1 | SVT/NRK/Skavlan
yF4x94Hcb8g David Lagercrantz | Part 2 | SVT/NRK/Skavlan
yGcgv194hqA Pamela Anderson on the nature of her relationship to Julian Assange | SVT/NRK/Skavlan
yJO8wm4xgUE Jesse Jackson: \u2013 Trump has misused his talents | SVT/TV 2/Skavlan
yQTsPegkarY Steven Pinker Interview | SVT/NRK/Skavlan
yRtLYLNEkVo Amanpour on CNN being called \u00abfake news\u00bb by Trump: \u2013 It's really corrosive | SVT/NRK/Skavlan
yVM-7h5cAe8 Evan Ratliff Interview | SVT/NRK/Skavlan
yYs-AqSJGB8 Miguel | Part 1 | SVT/NRK/Skavlan
yaFsAQGcSKw Desmond Tutu Interview | Part 2 | SVT/NRK/Skavlan
yc2Qk-KIhx8 Marian Keyes | Part 2 | SVT/NRK/Skavlan
yeY0JrI64pM Returned to Earth after COVID-19: \u2013 It felt surreal | Astronaut Jessica Meir | SVT/TV 2/Skavlan
yjfE0xtTwoo Man Utd's Victor Lindel\u00f6f on Solskj\u00e6r: \u2013 He makes us believe in ourselves | SVT/TV 2/Skavlan
ym6lqLMsBEI Noomi Rapace (English Subtitles) | \
yvgbptJ8FjU M*A*S*H star Alan Alda gets everyone laughing at talk show | SVT/TV 2/Skavlan
yzcG66GOZs0 Ebbot Lundberg & The Indigo Children \
z-EAaemR1sk Philip Zimbardo Interview - Stanford prison experiment | SVT/NRK/Skavlan
z-cpbxz7jlc Springsteen on Trump: \u2013 Him running is a great embarrassment if you're an American | SVT/NRK/Skavlan
z9T3GTo3Qog The Crown star Claire Foy on battle with anxiety: \u2013 Anything can cause it | SVT/TV 2/Skavlan
zDezTZSFXvc Why do we laugh? Neuroscientist Sophie Scott explains | SVT/NRK/Skavlan
zElha3YCG4U Skavlan with Bruce Springsteen, Margot Wallstr\u00f6m, Ethan Hawke & Arianna Huffington | SVT/NRK/Skavlan
zMXRAtTxLqo Honest Noel Gallagher answers dilemmas | SVT/TV 2/Skavlan
zMsy4nv2WvM Gregory David Roberts Interview | SVT/NRK/Skavlan
zRUo1PU07sg Interview with Kimberley Motley | Part 2 | SVT/NRK/Skavlan
zRa7UptZ3qw Isabella Rossellini got fired for looking \u00abtoo old\u00bb at 42: \u2013 It was bad | SVT/NRK/Skavlan
zSexSrKz-Jg Norah Jones performs \u00abFlipside\u00bb | SVT/NRK/Skavlan
zTRSSOsUizE \u2013 Stop counting calories! | Dr. Giles Yeo | SVT/TV 2/Skavlan
zZYF7strhWM Channel Trailer | SVT/NRK/Skavlan
zZbzlKhaRok Denis Mukwege Interview | Part 1 | SVT/NRK/Skavlan
zaUbyYTF_CA Rod Stewart | Part 2 | SVT/NRK/Skavlan
zcOTPMiCqe8 Shiori Ito broke Japan's silence on rape: \u2013  The outcome was brutal | SVT/NRK/Skavlan
ziTFZPbGDbQ John McEnroe Interview | Part 2 | SVT/NRK/Skavlan
zsYdwKkGnkM Intervju med Jon Almaas | SVT/NRK/Skavlan
zttv4ZxfX14 SKAMs Iman \u00abSana\u00bb Meskini gets interviewed about her new military life | SVT/NRK/Skavlan
