-1YkmMu0Ogc StarTalk Podcast: Cosmic Queries \u2013 World Space Week with Neil deGrasse Tyson
-4646p4stFk Neil deGrasse Tyson Ponders Quantum Physics, Marijuana and the Multiverse
-73MZsj8bVI Neil deGrasse Tyson Explains the Rocket Equation
-8mM1SYYGwc Neil deGrasse Tyson Explains Space
-FKsjyrto3M Neil deGrasse Tyson Explains Gravity Assists
-Ju3YNTzXuE Space Force: A New Domain with Neil deGrasse Tyson
-LbPl4ebjS0 Neil deGrasse Tyson Explains Warm Blankets
-Lc8Q3kQe1Q Neil deGrasse Tyson Explains Why Science Matters During COVID-19
-wzsdoyd4NE StarTalk Podcast: Cosmic Queries \u2013 Life on Venus, with Neil deGrasse Tyson
06RAHoj3kEY Neil deGrasse Tyson Explains Flying Cars
0F9fVq-qSD4 StarTalk Podcast: Cosmic Queries \u2013 Planets and Stuff with Neil deGrasse Tyson
0R7a99k9lD8 StarTalk Podcast: The Life and Death of Stars with Jackie Faherty
0eTXnL4uEsE StarTalk Podcast: Cosmic Queries -- COVID-19 Vaccines
0nBMyj-r92A Neil deGrasse Tyson on Van Gogh's \
0s8oYNL1M-A \
0trJxpN0piQ Neil deGrasse Tyson: How Does Superman Fly?
1BCkSYQ0NRQ Neil deGrasse Tyson Explains Time Dilation
1Idy3fCl2a4 Food in Space with Neil deGrasse Tyson, Alton Brown, and Guests
1Oww1OS5IY4 The Omicron Variant with Neil deGrasse Tyson and Regeneron President, George Yancopoulos
1fFrpBJDMJo Neil deGrasse Tyson Explains Wormholes
1tDWflBXQmc Cicada Invasion! With Jessica Ware - Cosmic Queries
2J5Dkj-L8K8 StarTalk Podcast: Cosmic Queries \u2013 Get Some Space, with Neil deGrasse Tyson
2nFH2SpoIN8 Neil deGrasse Tyson Explains Burning Gasoline
2stI48Zq4ik Neil deGrasse Tyson & Richard Dawkins On Science Communication, Social Media, and Persuasion
2yfJ2p5GfA4 True Crime & Forensic Pathology with Neil deGrasse Tyson
33RWd3szbfc Cosmic Queries Live: Sean Lennon, Carolyn Porco & Chuck Nice
3Awjy-MYCP8 Neil deGrasse Tyson on Time Travel and Time Travelers
3BUgE80Dfvo Neil deGrasse Tyson Explains Constellations Down Under
3No3P2TscMA Combating Climate Change at NASA with Chief Scientist Katherine Calvin \u2013 Cosmic Queries
3SCxKTnC5YE Neil deGrasse Tyson Explains Banking Turns
3UT5OWZu4H4 Neil deGrasse Tyson Explains LED Lights
3_uEXD0L1d4 Climate Science! with NASA's Gavin Schmidt
3pinWENyrvc StarTalk Podcast: Cosmic Queries about Cosmic Phenomena, with Neil deGrasse Tyson and Godfrey
3qlx-6h3i6Q Neil deGrasse Tyson Explains the Smallness of Molecules
3s9AYGYm_iI Neil deGrasse Tyson Explains the Difference Between Mass, Weight, and Density
493APxOQRkE Party with the StarTalk All-Stars and Neil deGrasse Tyson | Full Episode
4JfxR8jnCZw StarTalk Podcast: The Rise of Self Driving Cars, with Neil deGrasse Tyson
4R9fevF9BQ0 StarTalk Podcast: Cosmic Queries: Galactic Grab Bag, with Neil deGrasse Tyson and Iliza Shlesinger
4VwzuBhPrFw A Quantum Life with Hakeem Oluseyi
4atTvitb4Bs StarTalk @ NY Comic Con: It\u2019s About Time! (Brian Greene & Neil deGrasse Tyson)
59JisQXUeTg Magic Mushrooms, Fungi, and The Mysterious Kingdom with Merlin Sheldrake - Cosmic Queries
5NnnrTcb1jc StarTalk Podcast: Science in Pop Fiction with Neil deGrasse Tyson
5i_tRnMl3dY StarTalk Podcast: A Conversation with Tim Ferriss
5nP4sNa1n_c StarTalk Podcast: Cosmic Queries \u2013 New Year
5wwEFfOzc4c Neil deGrasse Tyson Explains \
656TM2UHGEU StarTalk Podcast: Cosmic Crib with Rainn Wilson
6H4a4abhQ6I Moriba Jah Explains the Rocket Crashing Into the Moon with Neil deGrasse Tyson
6Ng1wwW6AeE Is Our Map of The Universe Accurate? with Matt O'Dowd & Neil deGrasse Tyson
6YezXTR_5cc StarTalk Podcast: Creating Science Fiction, with Gale Anne Hurd
6ZQfTg7Z9pg Will Yellowstone Supervolcano Erupt? Neil deGrasse Tyson & Volcanologist Janine Krippner Investigate
6tn6ohImsZ0 Why Did Bill Nye Change His Mind about GMOs?
71ShgnMVfCM StarTalk Podcast: Cosmic Queries \u2013 Interspecies Communication
76_1zr7Rprw Full Episode | Let\u2019s Make America Smart Again, with Fareed Zakaria
7V2MoNn6KQg StarTalk Podcast: Neil deGrasse Tyson Has a Conversation with Jordan Klepper
7XdkKMhAdnA Terraforming Mars with Neil deGrasse Tyson
7aGJ69u76vA Neil deGrasse Tyson Explains Space Telescopes
7vXoaiu4zFI Neil deGrasse Tyson Explains Achieving Orbit
7xYN3afhUfE Ant-Man vs. Thanos: Neil deGrasse Tyson Butts In
84Tf2-AIM1E StarTalk Podcast: Geekdom 101 with Olivia Munn
8C_1Ki1zm24 Neil deGrasse Tyson Welcomes You to StarTalk Radio on YouTube
8GiduQuIlG4 Neil deGrasse Tyson Explains Hot Potatoes
8IuBLd3qoUo Neil deGrasse Tyson Explains Measurements
8MqTOEospfo Science in America - Neil deGrasse Tyson
8UuubbOMonw StarTalk Podcast: Cosmic Queries \u2013 Volcanoes, with Neil deGrasse Tyson
8a6gedra8Tg StarTalk Podcast: Celebrating Neil Armstrong & Apollo 11, with Neil deGrasse Tyson
8ufkoKKdskc The Science of Learning with Heather Berlin
9CKPfLV7Ud0 Neil deGrasse Tyson Explains Time
9M2CZlWq3zM Improving the News with Max Tegmark
9ZmTm4uwe8s The big bang, lightspeed, & more with Hakeem Oluseyi & Neil deGrasse Tyson - Cosmic Queries
9bww_ux8NCo Neil deGrasse Tyson Explains \u201cThe Sunset Illusion\u201d
9kA7q_GCVQ0 StarTalk Podcast: X-ray Astrophysics with Neil deGrasse Tyson
9ppPxbZEz9U StarTalk Live: Climate Science, with Neil deGrasse Tyson & Special Guests
9u_HCjyZQdE StarTalk Podcast: Cosmic Curiosities with Neil deGrasse Tyson
A0jI44rXJjc \
AEj2ea5_ZBE Native Skywatchers with Neil deGrasse Tyson and Dr. Annette Lee \u2013 Cosmic Queries
AZeqrYYPa4Q Neil deGrasse Tyson Explains Thermodynamics of Water
AcBE7yq4Anw StarTalk Podcast: Vaccines \u2013 Let\u2019s Make America Smart Again with Neil deGrasse Tyson
B0rYrP5SRHM StarTalk Podcast: The Evolution of Personal Technology, with Marques Brownlee & Neil deGrasse Tyson
BEwYqByCIUs StarTalk Podcast: Cosmic Queries \u2013 Black Holes and Dark Energy, with Neil deGrasse Tyson
BRw6ox3dGcA Neil deGrasse Tyson Explains How Gravity Affects Time
Bz-xBMXKZR8 Should Marijuana Be Legalized? with Neil deGrasse Tyson
C-UxlEQj13w Neil deGrasse Tyson Explores Quantum Entanglement with Janna Levin
C4bDk-pPgbs Bill Nye\u2019s 2016 Forecast Challenge
C69xx2bM8IA Neil deGrasse Tyson Explains Why Earth's Surface is Smooth
C9MdbxPCSYw Neil deGrasse Tyson Explains the REAL Color of the Sun
CHjVz6nHh7Y StarTalk Live Podcast: Big Brains at BAM with Neil deGrasse Tyson
CiYUmDKlCFI Neil deGrasse Tyson Has Fun with Fahrenheit
CxeAcT9bx1o StarTalk Live! at SF Sketchfest (Full Show Part 4)
D2qvpwmbfGY The Hidden Chemistry of Everything with Neil deGrasse Tyson and Kate the Chemist \u2013 Cosmic Queries
D47wzLYuRuI Neil deGrasse Tyson Explains the Sounds of Weather
DCJJk7LjzSI Neil deGrasse Tyson: The Sun Doesn\u2019t Always Rise In The East
DZSHpkJYj9g StarTalk Podcast: Cosmic Queries \u2013 Medieval Science and History
Dsmo8rpyo8g StarTalk Podcast: Mars Perseverance with Jim Green, NASA Chief Scientist
DvEFn8PO22M Neil deGrasse Tyson Explains Wind Chill Factor and More
E3J8esf3aQQ Neil deGrasse Tyson Explains Earth\u2019s Magnetic Field and Magnetic Poles
E9Beyht-gzA A Cosmic Crisis - Cosmic Queries
EHtGJ5jl7Rw Neil deGrasse Tyson Explains How Much Air Weighs
ES-k5OSTTUU Cosmic Queries : Potpourri with Neil deGrasse Tyson | StarTalk Full Episode
EUS_qi6BvUQ StarTalk Podcast: COVID-19 Update, with Neil deGrasse Tyson
EWh5ngulmD4 StarTalk Podcast: Neil deGrasse Tyson on Science Literacy in the Misinformation Age
E_eTO3ujD4w Neil deGrasse Tyson Explains the Lagrange Points
E_whdaP1xxM StarTalk Podcast: Cosmic Queries \u2013 Black Hole Survival Guide
Ek3VqAED2wo StarTalk Podcast: Cosmic Queries \u2013 Edge of the Universe with Neil deGrasse Tyson and Janna Levin
EkZuVHw8FXc StarTalk Podcast: Physics All Around Us, with Neil deGrasse Tyson
Ew3wBGaQH7A StarTalk Podcast: Cosmic Queries \u2013 Cosmic Grab Bag
FuAYJ5umGZY Turning Back Time with Neil deGrasse Tyson and Kevin Stone
G7rkiipf27s StarTalk Podcast: Cosmic Queries \u2013 Summer School with Neil deGrasse Tyson
GM2mO04vcts StarTalk Podcast: Cosmic Queries \u2013 Rise of the Machines with Matt Ginsberg
GQSeTNctYig Neil deGrasse Tyson Explains Sonic Booms
GV5cAbdmjEc Neil deGrasse Tyson vs. Young Earth Creationism
GW78sQ-O_Dk Neil deGrasse Tyson Explains Uranus
GlUu6YOvDuw StarTalk Podcast: Cosmic Queries \u2013 The Random Edition, with Neil deGrasse Tyson
GldRtyEqPt8 Reefer Madness: The Science of Marijuana with Neil deGrasse Tyson and Dr. Staci Gruber
GneRo08cADc The Ethics and Safety of Driverless Cars with Neil deGrasse Tyson & Malcolm Gladwell
HBfqixNIhTA Winning MONEY with AI \u2013 Understanding Algorithms & Predicting March Madness with Neil deGrasse Tyson
HKi9CjLMhXg Neil deGrasse Tyson & Malcolm Gladwell - AI, Autonomous Vehicles, and Race \u2013 Oh my!
HLWVyaf2--Y StarTalk Podcast: The Science of Happiness with Laurie Santos
HgMNKhgMAuk Should Superheroes Register Their Powers? with Jake Roper from Vsauce3
HjV9mCf9uUg StarTalk Radio Cosmic Queries Lightning Round
HtBYOOYDd8w Neil deGrasse Tyson Explains Why Rocks Float
I-dtjuHs4xM Equations in Motion \u2013 Bowling with Dr. Dave Alciatore & Neil deGrasse Tyson
IxKzh6ilMas James Webb Space Telescope with Neil deGrasse Tyson and Natalie Batalha \u2014  Cosmic Queries
JM9u7r9_wZo Neil deGrasse Tyson Explains The Bermuda Triangle
JefKsjEuOq8 Social Networks & Ending the Pandemic with Neil deGrasse Tyson & Nicholas Christakis
Jw8MW1J0ATk StarTalk Podcast: Cosmic Queries - ALIENS! with Jake Roper (@Vsauce3) and Neil deGrasse Tyson
KC4UcXFeSik Neil deGrasse Tyson Explains the North Star and Why Your Zodiac Sign Might Be Wrong
KMuPIkd4xQk Neil deGrasse Tyson Explains Oxygen
KWQJO1PSRjo Natalie Starkey Explains Underwater Volcanoes with Neil deGrasse Tyson
KWv6IdzBgng A Materials World \u2013 Hacks & Gizmos with Neil deGrasse Tyson and Jud Ready
KcpPR-t6MBk Neil deGrasse Tyson Chats with International Space Station Astronauts Christina Koch & Jessica Meir
KkbnrEqbTZs Neil deGrasse Tyson Explains Freezing Water
L2cMZK8SgBs StarTalk Podcast: Coronavirus & Conspiracy Theories, with Michael Shermer & Neil deGrasse Tyson
L53SXKeAUyQ StarTalk Podcast: Neil deGrasse Tyson & Anthony Daniels on C-3PO and the Rise of Robots
LTIxjTmqQSI StarTalk Podcast: Cosmic Queries -- Nobel Prize
LtBMU2HMIio Neil deGrasse Tyson's Top 10 StarTalk Explainers of 2021
M1XSvMdKHEY The Science of Ted Lasso with Jason Sudeikis, Brendan Hunt, and Neil deGrasse Tyson
MAZvCc-ORnE StarTalk Live! Big Brains at BAM (Part 1)
MCu3GqLFqpQ Black Holes with Neil deGrasse Tyson | Wheel Of Science
MVcMXiyA5js StarTalk Podcast: Cosmic Queries \u2013 'Oumuamua
NFy6uigyWRw StarTalk Podcast: Climate and Diet of Early Humans, with Tina L\u00fcdecke
NWx8_Lcx5qQ Life in Zero Gravity with Astronaut Mike Massimino
Nw4HqOAEzpU Neil deGrasse Tyson Explains How Time Is Different on Mars
O213yRyawGc Voices from the Deep with Dr. Michelle Fournet and Dr. Ellen Garland
O2jJ3wjEyZk Neil deGrasse Tyson Explains Alien Visits, UFOs, and Other Conspiracies
OJ4UASJlbhU Arecibo's collapse & China\u2019s building of the world\u2019s largest radio telescope w/ Neil deGrasse Tyson
ORvK0_7oQn0 StarTalk Podcast: Neil deGrasse Tyson Answers Your Deadliest Cosmic Queries
OTEIbWy8AvY Interstellar Travel with Wendover and Neil Tyson
OZUAtUNs8Gk StarTalk Live Podcast: Science Is Everywhere with Neil deGrasse Tyson & Brian Greene -StarTalk @ BAM
OtcxYsUS_wc Neil deGrasse Tyson Explains How We See Colors
OvWSLPgyPHU Neil deGrasse Tyson Explains What Temperature Really Means
OyFA1LI6yVs StarTalk Podcast: Cosmic Queries \u2013 Timekeeping
OyNQsjMUPfY Neil deGrasse Tyson Picks the Most Scientifically Accurate Superhero
PXpwly3evDM StarTalk Podcast: Cosmic Queries \u2013 Fan Grab Bag
QYSzfjZ62QQ Killer Bots! with Neil deGrasse Tyson and BattleBots\u2019 Ray Billings
Qd28YfV5ZAY StarTalk Podcast: Cosmic Queries \u2013 The Multiverse with Neil deGrasse Tyson | Full Episode
QjBFVmBpUdY StarTalk Podcast: Cosmic Queries \u2013 Black Holes & Dark Energy with Neil deGrasse Tyson, Part II
R2gpl3dMa80 Neil deGrasse Tyson Explains Force vs. Pressure
RQj0cxHJ4fc Neil deGrasse Tyson Explains Why Some Info Is Need to Know
Rn8rqLrPmBI The Stars of Titanic: Neil deGrasse Tyson Weighs In
RvyYj3vy4dA Globetrotter\u2019s Guide to the Galaxy with Neil deGrasse Tyson
S1Wqa_QzDsI Neil deGrasse Tyson Explains How Much You \
S6VpLxiQJio StarTalk Podcast: Cosmic Queries \u2013 Cosmic Conundrums with Neil deGrasse Tyson
SAFpJkdWUgo StarTalk Podcast: Cosmic Queries \u2013 Dark Matter, Aliens, End of the Universe
SDTQm8MVffk StarTalk Podcast: Our Galaxy And Beyond, with Neil deGrasse Tyson
SJhovNXqH6A Neil deGrasse Tyson Explains the Space-time Continuum
SLwfQP-wACY StarTalk Podcast: Cosmic Queries \u2013 Proving Einstein Right
SNAfkCiBpq0 Artificial Intelligence, Real Competition with Matt Ginsberg and Liv Boeree
SQnuLhv2l50 Launching the Inspiration4 with Neil deGrasse Tyson, Chris Mason, & Sian Proctor \u2013 Cosmic Queries
SYw7wrfeH0A StarTalk Podcast: Making Stuff with Adam Savage and Neil deGrasse Tyson
SdwSwZ_RDkY Neil deGrasse Tyson Celebrates the Hubble Space Telescope's 30th Anniversary
So6_Na2IuWU A Stellar New Year with Neil deGrasse Tyson \u2013 Cosmic Queries
TYo4y5pMHSA Rosanna Pansino (Nerdy Nummies) asks Neil deGrasse Tyson Cosmic Queries
Tbh_yLBgxoM Nature or Nurture with Eli Manning and Dr. Angela Duckworth
TdjAJeUy0zM The Universe and Beyond, with Stephen Hawking
TepXz0X49e4 Things You Thought You Knew - Bada Bing! with Neil deGrasse Tyson
TwyQKHiqBSo StarTalk Live! Big Brains at BAM (Part 2)
Tya42OhUwxY Neil deGrasse Tyson Explains Rainbows
ULxl7pfeUL4 Neil deGrasse Tyson Explains the James Webb Space Telescope
UUE34Mbqx2k Neil deGrasse Tyson Explains Exponentials
UaE_niRk5RM Neil deGrasse Tyson Explains Meteor Showers
UghJJ-7DwQQ Neil deGrasse Tyson on Surviving in Space without a Spacesuit
UniM3txg7E0 Neil deGrasse Tyson: How to Become an Astrophysicist
Unpo5n6uDy0 Space Volcanoes with Neil deGrasse Tyson and Natalie Starkey \u2013 Cosmic Queries
UvmWxm3nR6E Neil deGrasse Tyson Explains Why The Sky Is Blue
UwRAat-MUKc The Stoner Episode with Janna Levin & Neil deGrasse Tyson \u2013 Cosmic Queries
V-FZi3cW3Q8 StarTalk Podcast: The Hidden Science of Music with Eric Whitacre
V4lRuFpWWeM StarTalk Podcast: Technology and Us, with Ainissa Ramirez and Neil deGrasse Tyson
V9gUqkmZsp4 Neil deGrasse Tyson Explains the Moon
VAn5xYpbVR8 Don't Get Neil Tyson Started on Water Towers
VNv0Yzk00qg Neil deGrasse Tyson: Faster than the Speed of Light
VS3Xu-l9bgk Neil deGrasse Tyson Explains Generational Spaceships
VXQh1xFce7s Neil deGrasse Tyson Explains Mercury in Retrograde
Vjv6SYyGWUY 1 Million YouTube Subscribers! LIVE Q&A with Neil deGrasse Tyson & Chuck Nice
W8KJox3-nRI StarTalk Podcast: Designer Babies & AI, with Neil deGrasse Tyson
W9ZAbt5dWac Adam Savage & Neil deGrasse Tyson: Favorite Movies & Blade Runner 2049
WDx6QL3YxNc Neil deGrasse Tyson Explains Moon Mysteries
WP2cxR6Xnsw Neil deGrasse Tyson: StarTalk Live at Kings Theatre \u2013 Science and Morality
WmWWoPr9Iuc Neil deGrasse Tyson Explains the Formation of the Moon
X49o8x0WM4w Going Nuclear with Neil deGrasse Tyson
X7uHO0gOYIs Going to Space with William Shatner & Neil deGrasse Tyson
XJcFWR9LrBU Neil deGrasse Tyson Explains Friction
XhdrDPOfpJM Neil deGrasse Tyson Explains Wavelengths
XmkuXfQjYtM StarTalk Podcast: Cosmic Queries \u2013 Hubble Space Telescope, with Neil deGrasse Tyson
Xq0zpHPBq1Y Off the Blockchain with Neil deGrasse Tyson & Dr. Sandra Johnson
Xqc8P0WcPTM How to Make a Hurricane, with Neil deGrasse Tyson
Y4TuQeyjTd0 Cosmic Queries with Bill Nye, Eugene Mirman and Astro Mike (Full Episode)
YAqUj0oREsQ StarTalk Podcast: Cosmic Queries \u2013 Sharks, with Neil deGrasse Tyson & Jordan Klepper
YIJoyh5PY4Q Neil deGrasse Tyson Discusses Time Travel in \
YJv2CW1tUiY The Art of Science & the Science of Art with Neil deGrasse Tyson
YK0p0DzZVzI Reflections on the Color of My Skin
YOTYsSwD7Q8 Live: The Science of Star Trek - StarTalk All-Stars | FULL EPISODE
YPenDUY68rM Neil deGrasse Tyson Explains Big Numbers
YXCtTP7M-j8 The truth behind Netflix\u2019s \u201cDon't Look Up\u201d
YXlfjzl-CFw Combatting Anti-Science with Richard Dawkins
Yf0KNm0cals Neil deGrasse Tyson Explains Daylight Saving Time
ZRYM2jTFJ0U Adam Savage Blown Away by Neil deGrasse Tyson's Aerogel
ZaDCRWGNARE StarTalk Podcast: Cosmic Queries \u2013 The New Space Race with Neil deGrasse Tyson
ZfxtXmnheDg Pool Table Physics with Neil deGrasse Tyson and Dr. Dave Alciatore
_7vaPDPZPGU StarTalk x The Film Theorists \u2013 Neil deGrasse Tyson Explains the Science of Rick and Morty
_DW1nyC7euw StarTalk Podcast: Let\u2019s Make America Smart Again \u2013 The Future of NASA
_c5gIoh9Gpg StarTalk Podcast: Cosmic Queries \u2013 Origins of the Universe with Janna Levin
aM0_S7rfKa8 Neil deGrasse Tyson Explains Heat Shields
aU_agY6cqgY Alien Worlds and Extremophiles with Neil deGrasse Tyson & Kennda Lynch \u2013 Cosmic Queries
aYBEcFvI8o8 Neil deGrasse Tyson Explains Why You Can\u2019t Reach Absolute Zero
adLZdAkJXRQ Cosmic Queries: Absolutely Puzzled with Heather Berlin and Soleil Saint-Cyr
apRVqNc4UhE Neil deGrasse Tyson Explains the Sun
asqyBgj7OTA StarTalk Podcast: Cosmic Queries \u2013 Cosmic Cauldron, with Neil deGrasse Tyson and Chuck Nice
b-p6OGNFii0 Neil deGrasse Tyson Picks the Most Scientifically Inaccurate Superhero
bAbHeRBU5BA How to Win Gold with Science - Neil deGrasse Tyson and Olympic GOAT Edwin Moses
bGcYp_npJb8 Orbiting Junkyards & Satellite Traffic Jams with Neil deGrasse Tyson
bbWoFwdjygQ Cosmic Queries: Space and Science Part 2 (Full Episode)
c2jknvagrmw StarTalk Podcast: Spacetime with Neil deGrasse Tyson
cAvUGZEfsq4 Bill Nye Solves the Energy Crisis
cBbcVJrw6_Y StarTalk Podcast: Cosmic Queries \u2013 A Taste of Space, with Matt O\u2019Dowd and Neil deGrasse Tyson
cF7p5nAPnDU Neil deGrasse Tyson Explains Why Ice Floats
cZdustxzEIs Neil deGrasse Tyson Explains the Constellations
cgPk6HXaoa4 Neil deGrasse Tyson on HAARP and Weather Manipulation
cj2TlwWu1mc Neil deGrasse Tyson: Gaps in the Periodic Table
cl8qNCPzZbE Cosmic Queries: Space and Science Part 1 (Full Episode)
d3uLw2gNMyo StarTalk Podcast: Cosmic Queries \u2013 Multiverse Madness with Max Tegmark
d9umKeQltjI Space Junk, StarLink and Falling Rockets with Moriba Jah \u2013 Cosmic Queries
dBwNadry-TU Neil deGrasse Tyson Explains the Tides
dDxXuH60vIA The Snow Show: Making Snowflakes with Neil deGrasse Tyson
dGI7ZYKKrrQ StarTalk Live with Neil deGrasse Tyson: Searching for Life in the Universe
demb0JZtAN0 StarTalk Podcast: Cosmic Queries: Rocket Science is Hard w/ Neil deGrasse Tyson & Bill Nye
eDTFf8xeQzg Climate Change Facts & Myths with Neil deGrasse Tyson - Cosmic Queries
eDn98H-Rn_o StarTalk Podcast: Exploring Grit, with Angela Duckworth & Neil deGrasse Tyson
eEmAxtvhTxY Neil deGrasse Tyson Explains Species Bias
eXzHWZTt7c4 Neil deGrasse Tyson Explains the Edge of the Earth
evn_8ydqvBA StarTalk Podcast: The Right Stuff with Astronaut Scott Kelly and Dr. Chris Mason
fOOBUixiiac StarTalk Podcast: The COVID-19 Vaccines with Irwin Redlener
fSNg2pKtE68 Things You Thought You Knew - Metric system, acceleration, and heat shields with Neil deGrasse Tyson
fo3rtjuKU4U Neil deGrasse Tyson On the End of 2020
g2rJITW9viw Living in a Simulation with Neil deGrasse Tyson and Nick Bostrom \u2013 Cosmic Queries
gD1rxPaoWZw StarTalk on YouTube Trailer
gPI35nv7Jlk Cosmic Queries: Funding Space Exploration with Bill Nye (Full Episode)
gYa1bvFO0uk Neil deGrasse Tyson Explains the Metric System
ga7jMCzXVhw StarTalk Podcast: New Mysteries of the Universe, with Neil deGrasse Tyson
h9pHEK2Gc5A StarTalk Podcast: Game-Changing Physics
hANc06cpwAg StarTalk Podcast: Cosmic Queries \u2013 Kitchen Sink Edition
hLPPE3_DVCw Neil Tyson Demonstrates Absurdity of \
hVDPcqeU4po Neil deGrasse Tyson Explains Boiling Water
htn8Y0mCPwM The Science in \u201cDon\u2019t Look Up\u201d with Adam McKay and Dr. Amy Mainzer
i9jQXkAUMEI Neil deGrasse Tyson and Sophia the Robot Explore COVID-19 and Artificial Intelligence
iMQDdAiViFM StarTalk Podcast: Cosmic Queries \u2013 Primatology
iNFxSX4rsAo Cosmic Queries Live! with Neil deGrasse Tyson
inR4Ap-F4jo Neil deGrasse Tyson Explains Surface Area
ixi4XDpGZLI Manhattanhenge with Neil deGrasse Tyson
jC2Q10SonV8 StarTalk Podcast: Biohacking with Leah Lagos, PhD
kK1QciF-t5k Best of: Neil deGrasse Tyson Explains Black Holes
kO7L5IPn2Bo Neil deGrasse Tyson Explains Gravity Trains
kSjTsInyveE StarTalk Podcast: Coronavirus and Climate Change, with Neil deGrasse Tyson
kVaHMq33xXw What Neil deGrasse Tyson Got Wrong about Thor's Hammer
kivYPx---DA Neil deGrasse Tyson \u2013 StarTalk Live at New York Comic Con 2019
lAXUAJC2cqU StarTalk Podcast: Rocks In Space with Neil deGrasse Tyson
lK1lQvO8Rbs StarTalk Podcast: Cosmic Queries - Out There with Neil deGrasse Tyson
lSPi2rvixAc StarTalk Podcast: The Great American Eclipse with Neil deGrasse Tyson and Joe Rao
lUH3wub1ex0 A Conversation with Kelly Clarkson & Neil deGrasse Tyson
lcYPL3s2Mmw Neil deGrasse Tyson Explains Nothing
lhpEHTvqbjY Dark Matter, Spacetime's Expansion, & String Theory with Neil deGrasse Tyson - Cosmic Queries
llBq4hX8eTI A Cosmic Bromance: Neil deGrasse Tyson and Chuck Nice\u2019s Unbreakable Bond
lljmkWEsH4w StarTalk Podcast: The End of The World, with Josh Clark and Neil deGrasse Tyson
lssHN9pPO24 Neil deGrasse Tyson Explains Speed vs. Acceleration
m2d_ajmwCNI StarTalk Podcast: Cosmic Queries \u2013 Algorithms and Data, with Neil deGrasse Tyson & Hannah Fry
m4CwyGK_NhI Neil deGrasse Tyson Greeks Out
mJZY7zU26VE Neil deGrasse Tyson Explains Shapes of Exoplanets
mOMJWHmt_Ps Alternative Aliens with Andy Weir and David Grinspoon
mYRR5FAnX6A A challenge from Neil deGrasse Tyson\u2026
mjsBlSQ75ps StarTalk Podcast: Cosmic Queries - Across the Universe with Neil deGrasse Tyson
mtOAH5qLWP4 StarTalk Podcast: Celebrating Einstein, with Neil deGrasse Tyson
mzQJ8mJxNwg StarTalk Podcast: Everyday Astrophysics with Neil deGrasse Tyson and Russell Peters
nE9ep4WnsA4 Neil deGrasse Tyson Explains Burning Stuff
nTW5QL-0VUE StarTalk Live! at SF Sketchfest (Full Show Part 3)
njBCtO_JJHE StarTalk Podcast: Singing Science with Kelly Clarkson | StarTalk with Neil deGrasse Tyson
nnBpnv2OH3c Neil deGrasse Tyson Explains Why Stars Twinkle
o1J9RHNHVxA StarTalk Podcast: Cosmic Queries \u2013 Until the End of Time, with Neil deGrasse Tyson & Brian Greene
o1PHkAeTjFk Seeing Earth From Space with Jordan Klepper & Nicole Stott \u2013 Cosmic Queries
oNrSY628RzQ StarTalk Podcast: Cosmic Queries - Fermentation
oVC4BZ00rlI StarTalk Live - Neil deGrasse Tyson and The Future of Science
op71ZlLODMg Robot Ethics with Dr. Kate Darling \u2014 Cosmic Queries
otRj_2TpTo4 Neil deGrasse Tyson Explains The North Star
oyaCyIOWdQQ StarTalk Podcast: Tough Love and Geopolitics with Susan Rice and Neil deGrasse Tyson
p7BOn6KoikU Neil deGrasse Tyson Explains the Color of Light
p9MAtyWEjZY Neil deGrasse Tyson Explains the Earth's Rotation
pJ0GQYiBg_U Neil deGrasse Tyson Explains Albedo
pWhheyKOgCw Neil deGrasse Tyson Explains the History of Earth Day
pfplbcidLQY Inside $5 Billion SoFi Stadium and Other Stadiums of the Future with Neil deGrasse Tyson
pmcrG7ZZKUc Neil deGrasse Tyson Explains the Simulation Hypothesis
pqa2dC5Tmb8 Neil deGrasse Tyson Explains the Physics of Size and Life
pqd-aLLBeew StarTalk Podcast: Cosmic Queries \u2013 The Science of Humans at War
qKgApB5psUo Neil deGrasse Tyson and NASA Chief Scientist Explain New Mars Rover
qL7MBngCWQ0 Learning to Learn with Thomas Frank and Neil deGrasse Tyson
qTNlamX_kCk From the Theatre to Mars with Dr. Aomawa Shields
q_nMVxq40fA The Physics of Skating, Curling and Luge with Neil deGrasse Tyson & Charles Liu \u2013 Cosmic Queries
qj2YwC3Ssus Born to Run Farther with Dr. Irene Davis and Chris McDougall
r0MF7gE1Ffg Stars Talk to Neil deGrasse Tyson \u2013 Rocket Fuel, The Observer Effect, and Classical Physics
rJgmf2zNHow StarTalk Podcast: Cosmic Queries - Life on Exoplanets with Sara Seager
r_wv4CZ_kzE The Science of Scary with Neil deGrasse Tyson, Mathias Clasen, & Heather Berlin
s2RbfrpULIA Best of: Neil deGrasse Tyson Explains the Big Bang
sAeTqnRbItg Searching for Aliens, with Neil deGrasse Tyson
sAzaIP-_3jU Things You Thought You Knew with Neil deGrasse Tyson
sBChPyjQo1I Neil deGrasse Tyson Explains Horsepower
sHoZCcUjZ1g The Multiverse with Joe Rogan
sN4PzUORtRw Telescopes, Liquid Mercury, and The Death of Black Holes - Cosmic Queries
sYjdPO14ACo StarTalk Podcast: A Materials World
sgzbqrP4swo StarTalk Podcast: Cosmic Queries \u2013 The Space Race with Neil deGrasse Tyson
t2dPPR_JzwU StarTalk Podcast: Cosmic Queries \u2013 Comet NEOWISE with Neil deGrasse Tyson
t82Fdsv-bBg Neil deGrasse Tyson Explains How Many Stars You Can See In the Night Sky
t9jtGHXgQvw How Lasers Work, with Neil deGrasse Tyson
tXGmGSePf3A StarTalk Podcast: Freakonomics, with Stephen J. Dubner & Neil deGrasse Tyson
tj2NmF3ZuzQ Neil deGrasse Tyson Eats the Super Moon
u5-i-I2DUa0 Don't Get Neil deGrasse Tyson Started on the \
u6tFWjXbOfw StarTalk Podcast: The Code of Life and CRISPR with Jennifer Doudna and Walter Isaacson
u88j_Kmh8zg Neil deGrasse Tyson Explains Electric Power
ulTQcLFNiTs Neil deGrasse Tyson Explains The Billionaire Space Race
urCbhRVLML8 Neil Tyson and Bill Nye on \
uxvsSuNw4ys StarTalk Podcast: Quirky Cosmic Queries
uyyEgP1oNMk Jiggle Wiggle Waggle Walk with Charles Liu - Cosmic Queries
vLgCq4ikl78 Neil deGrasse Tyson Explains the M\u00f6bius Strip
vMFS-pCHb3w StarTalk Podcast: Cosmic Queries \u2013 The Deep with Neil deGrasse Tyson
vRxyCoquhmI StarTalk Podcast: Science of the Brain with Neil deGrasse Tyson
vVQvlPhhs_w StarTalk Podcast: Understanding the Coronavirus (COVID-19)
vzVH578anrU StarTalk Live! at SF Sketchfest (Full Show Part 1)
w7lad5a4XhI Neil deGrasse Tyson Explains the REAL Length of Day
w8PoG3mvqk8 Neil deGrasse Tyson Explains Why Science Is Hard
wtIPRzPCGbk StarTalk Podcast: Cosmic Queries \u2013 Between Planets and Stars, with Jackie Faherty
wwEW08VDSTU StarTalk Podcast: Neil deGrasse Tyson on Avengers: Endgame
xDhLMIrUlJQ Neil deGrasse Tyson Explains Wind
xRnr79Fa554 Neil deGrasse Tyson Explains Why Craters Are Round
xT9Gss6U2qU Neil deGrasse Tyson Explains the Equinox
y0_JvaREOVQ StarTalk Podcast: Cosmic Queries \u2013 Lunar Geology
y32rzEip7ms StarTalk Podcast: Space Balls?
y9U10qdDQqk MKBHD & Neil Tyson \u2014 Artificial Intelligence vs. Machine Learning
ydMUVl3jpiU StarTalk Live! at SF Sketchfest (Full Show Part 2)
yeQxLQZFLXE Neil deGrasse Tyson Talks Hurricanes
ytN5VIQK97g Zachary Quinto on Science Fiction, Star Trek, and Playing Spock
ywbpytsmRsY StarTalk Live! Big Brains at BAM (Part 3)
yzUFXcC_P2Q Neil deGrasse Tyson Explains Heat vs. Temperature
z04Xw5O8XiU StarTalk Podcast: Cosmic Queries \u2013 The Deep Part II
z0afUxWqiAU The Joy of Techno Science with Rayvon Fouch\u00e9
zF2zrH3e8I8 \
zPy9uRrI4UU StarTalk Podcast: Cosmic Queries \u2013 Science is Cool, with Neil deGrasse Tyson & PocketLab
