-5BPHMcFEb0 The Best Way To End Game of Thrones! - Game of Thrones Season 8 (End Game)
-5aTF8tSDds Breaking News: S8 Updates! - Game of Thrones Season 8
-A4xvQjl-oU Important Character Appearing In The Final Season! - Game of Thrones Season 8
-J7-WWvNtJw Kit Harington Speaks Out About The Night King's Final Scene! - Game of Thrones Season 8
-i9BHHy2j5w Game of Thrones Season 8 Theories & Predictions - Game of Thrones End Game (Season 8)
02mYjg9gmJA The Fate of Lord Commander Edd - Game of Thrones Season 8 (End Game Theories)
08aKObD5B94 How Tyrion Lannister Can Help Against The Night King - Game of Thrones Season 8
0KdANGQFFxo The Original Daenerys Finally Speaks Out About Why She NEVER Liked Game of Thrones!?
0O44aYSZZEk Season 8 Episode 1 Plot Leak Breakdown! - Game of Thrones Season 8
0Ov-2pz_cjI The Final Shocking Twist Revealed By George R.R. Martin? - Game of Thrones Season 8 Unsolved Mystery
0VMMA2Ukicc Greatest Theory You Never Heard! - Game of Thrones
0Y05ylWBjGU What Else Will Happen This Season? - Game of Thrones Season 7 (Spoilers)
0lXp5SMFpAo Season 8 Episode 4 Plot Leak Breakdown! - Game of Thrones Season 8
0lgmjVIQZnA Do The Clues From The Trailer Support These Theories? - Game of Thrones Season 8 Trailer
14z-dGqKlYg New Season 7 Promo Pictures! - Game of Thrones (Spoilers & Leaks)
1HS-5RIAJG0 Who Is The Character With Jon Snow? - Game of Thrones Spoilers
1QnGTSASgRs What Does The Night King Actually Want? - Game of Thrones Season 8 (Theories)
1SZ9NGLHLdQ The Fate of Yara Greyjoy! - Game of Thrones Season 8 (End Game Theories)
1lqkCn_zGts Breaking News: George R.R. Martin's Big Announcement | House of the Dragon | Game of Thrones Prequel
1otMOBjtWsM Unexpected Characters Arrive At The Dragon Pit - Game of Thrones Season 8
2CHws2Q0V0s George R.R. Martin Reveals BIG News About House of the Dragon! - Game of Thrones Prequel Series
2Uhxp4si3VQ What Did The Hound's Cryptic Message To The Mountain Mean? - Game of Thrones Season 8
2X5d6MNfJJ4 S8E6 Finale Preview: This Is How It Ends? - Game of Thrones Season 8 Episode 6 (Finale)
2opWcaTziIE What's up with House of the Dragon? - Game of Thrones Prequel Series
2z0xsmlq7Ws This Is How They Can Defeat Cersei Lannister! - Game of Thrones Season 8 (End Game)
35ar_s9xbAE Game of Thrones Season 8 Updates & Photos!
37ULK_lDz4Y Howland Reed: Planning A Grand Finale? - Game of Thrones Season 8 (End Game Theories)
3Bc680I6X0A House Greyjoy Confirmed Spoilers! - Game of Thrones Season 8
3PYVGylvfbI Aegon Targaryen Brings Fire & Blood to Harrenhal - House of the Dragon (Game of Thrones Prequel)
3Y2dwPr7Ph4 Breaking News: House of the Dragon's BIG Leak! - New Photos from House of the Dragon (Season 1)
3dC-PT3eULM What Happened During The Red Wedding In The Books? - A Song of Ice and Fire
3iXgIgJCiJA Major Arya Stark Spoiler Update!!! - Game of Thrones
3lGheocbrEg Game of Thrones Season 8 Updates! - Game of Thrones Season 8
3n07vtgRmBo New Sam Tarly Scenes Confirmed! - Game of Thrones Season 7
3omruy6IbIA Official HBO Announcement: House of the Dragon's BIG NEWS! Game of Thrones Prequel Series
3viKwxZDI-w The Faceless Men & The Night King's Secret Plan Theory! - Game of Thrones Season 8 End Game Theory
4-QHdWOGO94 The End of Jaime Lannister? - Game of Thrones (End Game)
40CNgc-izWE Official Teaser: Game of Thrones - The Iron Anniversary! (Explained)
483Azw9rOuI Melisandre's Important Role In Season 8 (Part 2) - Game of Thrones Season 8 (Feat. GrayArea)
4Hd8_NB2aBM Game of Thrones Season 9 Episode 4 - The Raven (Full Episode)
4KXhWUDC-qk Breaking News: HBO Officially Announces House of the Dragon Begins Production! - GOT Prequel Series
4__F1jwTHFI Game of Thrones Prequel: House of the Dragon | NEW Official Announcement | George RR Martin's Update
4l4L_MSNH8g Official Teaser: Crypts of Winterfell Breakdown! - Game of Thrones Season 8 (Trailer)
4rSwjN5Yptg S8 Finale: Shocking Plot Twist In The Finale! - Game of Thrones Season 8 (End Game)
52UKHS7QBEI Cersei Lannister Has A Plan That Could Shock Us All? - Game of Thrones Season 8 (End Game Theories)
52XZhYeZFN8 How Will They Stop The Night King's Dragon? - Game of Thrones Season 8 (End Game Theory)
5AfSXX4WDAM What Do The White Walker's Mysterious Symbols Mean? - Game of Thrones Season 8 (End Game Theory)
5BU0Q46-BL8 New Released Teaser & Leaked Photos! - Game of Thrones  (Season 7 Spoilers)
5fX0wmKySCE Official Season 7 Promo Breakdown! - Game of Thrones (Season 7 Official Promo)
5imc0DTSDl0 Game of Thrones Prequel Series: Cancelled - HBO's 30 Million Dollar Mistake! (What Really Happened?)
5orn0Lk3kI4 What Did Podrick Do To The Women In Littlefinger's Brothel? - Game of Thrones (Unsolved Mystery?)
5qftztZdeE8 Jaime Lannister's Valyrian Steel - Game of Thrones
5ymI1uFYbII Robert's Rebellion: Game of Thrones Prequel Series - The Battle at the Trident (Explained) Part 2
61k6AF7MEJ0 Will The Crypts Reveal Secrets About The Others? - Game of Thrones Season 8 (End Game Theories)
6EMF1aopsP4 The Jon Snow & Jaime Lannister THEORY - Game of Thrones Season 8 (End Game Theory)
6XHeJJt3C9o S8 Preview: The Song of Ice & Fire! - Game of Thrones Season 8
6c2qp2PixC0 This Crazy Night King Theory Might Be True! - Game of Thrones Season 8 (End Game Theory)
6o55lojwBO8 S8 Update: New Character In Game of Thrones! - Game of Thrones Season 8
6oEIGWxLOtU Sansa Stark's Takeover! - Game of Thrones
6xPJkCSCiV8 Breaking News: HBO Cancels Game of Thrones Spinoff Show!
71rdc0Z3xzk The Greatest Boss Fights In Game of Thrones! - Game of Thrones Season 8
72fNEjDMMOA Varys Told Us What Would Happen In The End? - Game of Thrones Season 8 (End Game Theories)
7GcSGkcKmk4 They Will Fight For The Night King! - Game of Thrones Season 8
7JwWyLm299o Cersei Lannister's Big Scene Next Season? - Game of Thrones Season 8
7WMDpvpoQBU Two Major Theories Confirmed? - Game of Thrones Season 7 Trailer 2 (Extended Plot Leak)
84lDl8iPuZg Jaime Lannister's Destiny! - Game of Thrones
8BHq5mlOQnY The Shocking Truth About Jon Snow! - Game of Thrones
8QqnHu1wqVs Season 7 Episode 7 Plot Leak Breakdown - Game of Thrones Season 7 Episode 7
8e1-V6YA21w S7E5 Preview: Blood Of The Dragon! - Game of Thrones Season 7 Episode 5 (Spoilers)
8lXlzSMTKhQ Season 7 Episode 7 Leaked Scenes! - Game of Thrones Season 7 Episode 7
8tj39RH0LZw Arya Stark: Many-Faced Girl - Game of Thrones
8uMXYWPUyOo BREAKING NEWS: Season 7 Preview! - Game of Thrones Season 7 Updates
91778dfxfyQ Game of Thrones Battles & Boss Fights! - Game of Thrones
94FNaFHcbNo Sansa Stark vs Jon Snow! - Game of Thrones S7
9DC5W7NPGz4 Season 8 Episode 2 Plot Leak Breakdown! - Game of Thrones Season 8
9E2yWxxQ9c4 Did Podrick Confirm The Plot Leak Is Real? - Game of Thrones Season 7 Plot Leak
9LrIFZm8RY4 New Shocking Details Revealed About Game of Thrones' Final Season!
A4OMyaU33sQ The Long Night Is Coming! - Game of Thrones  (Spoilers)
ABsp3UajKn0 Season 7 Spoilers, Deaths, & Predictions! - Game of Thrones  (Season 7 Predictions)
AVEKDcehe1E 10 Unsolved Mysteries That Still Need Answered! - Game of Thrones Season 8 (End Game)
AeqT27vPLYw Breaking News: HBO Official Announcement | House of the Dragon | Game of Thrones Prequel Series
AmVI4WL_qmU Game of Thrones Season 8 Episode 6 (Plot Leak?)
BEjsTRHdqE4 Another Main Character Has Arrived! - Game of Thrones Spoilers
BaFqhw4Orew Game of Thrones Season 8 Major Spoilers Confirmed? - Game of Thrones Season 8
Bh_lZhthJaw The True Nature & Purpose of the Others! - Game of Thrones Season 8 (End Game Theory)
BhpNmkAo__A One Of The BIGGEST Mistakes The Game of Thrones Writers Made!? - Game of Thrones Season 8
Bnf6reib_gU S7E5 Preview: The Dead Are Coming! - Game of Thrones Season 7 Episode 5 Trailer
Bt6W7dFK_sw The Fate of Drogon, Rhaegal, and Viserion! - Game of Thrones Season 8 (End Game Theories)
BuylGVixCBU Game of Thrones Season 9 Episode 8 - Burn Them All (Full Episode)
Bx80MlqznrY The Fate of Sandor Clegane (The Hound) - Game of Thrones Season 8
C3V5vaTKqqs S8 News: Casting New Characters & Filming Endings! - Game of Thrones Season 8
C4JrP_2m3PI Season 7 Episode 4 Preview Trailer Breakdown! - Game of Thrones Season 7 Episode 4 Trailer
CCI6b03Czpw NEW Game of Thrones Season 8 Teaser! - Daenerys Targaryen meets Sansa Stark!
CEZU425IHC4 These Game of Thrones Mysteries Are Still Unsolved!
CKyNQ6MQl_w How To Pull Off Tywin Lannister's Great Trick Next Season? - Game of Thrones Season 8 (End Game)
COHbWJWwaBU Official HBO Announcement: This Might Change Everything! - House of the Dragon (Prequel Series)
CaplXWM3sdI Melisandre Is The Key To Winning The Great War! - Game of Thrones Season 8
CgUMCF7cJ8A What Happens In The Game of Thrones Books? A Game of Thrones: Daenerys I (Book 1 Chapter 3)
Ci0_cG9sFoo George R.R. Martin Admits What He Hated About Game of Thrones!
CnDLrt-5OYI Game of Thrones Season 8 End Game Theories! - Game of Thrones Season 8
CrBTLkB-aT8 Game of Thrones Prequel: House of the Dragon | Official History | The Collapse of House Targaryen!
DPN4Ypjdtrk Official HBO Teaser: House of the Dragon Trailer (Explained) - Game of Thrones Prequel Series!
DVhuhpndgFo Did They Foreshadow The Fate of House Stark? - Game of Thrones Season 8 (The Final Season)
DWcqtKzK10I The Death of Melisandre! - Game of Thrones (Prediction)
DYeMC5Jjqtg The Fall of King's Landing & The Iron Throne! - Game of Thrones Season 8 (End Game Theory)
D_nkIJpUwdA NEW Official Teaser: House of the Dragon | Game of Thrones Prequel Series
DvJe1x2FknM S8E4 \
DwkyQ53YRrI The Night King Wins The Game Of Thrones? - Game of Thrones Season 8 (End Game)
E5AnR6oY7Nc Arya Stark's New Valyrian Steel Dagger! - Game of Thrones S7 Promo (w/Spoilers)
EFoLla-I0xs Game of Thrones Season 8 End Game Theories! - Game of Thrones Season 8
ERtNb7vchPQ The Future of Jon Snow (Part 2) - Game of Thrones
EVrJtGQyuRs Euron Greyjoy's Rise To Power! - Game of Thrones
EXDuYPpt4cA Game of Thrones Filming Location Update! - Game of Thrones Season 8
EYF6VnE6rZo The Bittersweet Ending - Game of Thrones Season 8
E_74u03SfTQ Did Ygritte Keep A Big Secret From Jon Snow? - Game of Thrones & ASOIAF Theory
Ea55uKlIfEk Season 7 Episode 3 Breakdown! - Game of Thrones Season 7 Episode 3
EaJkEJ5bnPU George R.R. Martin Reads From A Chapter In The Winds of Winter
EabYPzS72eo Season 7 Episode 5 Leaks! - Game of Thrones Season 7 Episode 5
EqFQMOkviYQ S8E3 Preview: The Main Event! - Game of Thrones Season 8 Episode 3 (The Final Season)
EtlqeqQEP14 House of the Dragon: NEW Set Photos! - More Characters Arrive! (Game of Thrones Prequel Series)
Evu6JcNoShA New Deleted Scenes! Bran Stark's Flashbacks! - Game of Thrones Season 8
ExdY5bivbOc George R.R. Martin Breaks His Silence AGAIN! - The Winds of Winter \
F-bLa76g0nA These Big Theories Might Actually Happen Next Season - Game of Thrones Season 8 (End Game Theories)
F0R4sa4aL8M Breaking News: HBO Official Announcement - House of the Dragon's BIG Update! Game of Thrones Prequel
F1zB5BUd4jo Peter Dinklage Breaks His Silence on Game of Thrones' Final Season!
FAbBGMyKKSg Game of Thrones Season 9: What Could Happen Next?
FVRJddqDcZo House of the Dragon: Why It Won't Suck!? - A Game of Thrones Prequel Series
Fai342ZH4E4 S7E5 Eastwatch: Breakdown - Game of Thrones Season 7 Episode 5
FhO8qXpfZ0k Season 7 Teaser Breakdown! - Game of Thrones (Spoilers)
Fj3n87kvrl4 Game of Thrones Season 8 Episode 5 (Plot Leak?)
FqP9QFKPeKc Analyzing The Biggest Leaked Scenes! - Game of Thrones Season 7 (Feat. A Don of Ice & Fire)
FwUJCmXbHag Breaking News! Jon Snow In New Location! - Game of Thrones Season 8
G9K2Yv7_NXA Game of Thrones Season 8 End Game Theories! - Game of Thrones Season 8
GHOpP1W84L0 The Fate of Melisandre in Season 8 - Game of Thrones Season 8 (End Game Theory)
GJplzhhvWvw S8E2 Preview Trailer Breakdown! - Game of Thrones Season 8 Episode 2 (The Final Season)
GKD0oyzGesU Season 7 Theory Confirmed! - Game of Thrones Season 7 (Spoilers)
GLwx7p_l2vE Jaime Lannister Says Main Characters Will Become Wights During Interview!
GPJn33c6RYI Jon Snow Will Never Sit On The Iron Throne? - Game of Thrones Season 8 (End Game Theories)
GSLLc8B7wuI The Children of the Forest's Biggest Secret Exposed? - Game of Thrones Season 8 (Theory)
GWqduwfTV-k Breaking News: Official Announcement | House of the Dragon | Pilot Episode | George R.R. Martin
GYudG6lZFtA House of the Dragon Release Update! - Game of Thrones Prequel Series
GiTWfET4NTg 99% of Game of Thrones Fans Get This Wrong!?
H-Jakt69cBA George R.R. Martin Has A Message For His Fans - What's This Mean For The Winds of Winter?
H9Ogq5OOpoo Qyburn: Has He Been Planning Something From The Beginning? - Game of Thrones Season 8 (End Game)
HATZ4PxsmXw Daenerys & Jon Snow Scenes Leaked! - Game of Thrones Season 7
HCXVWXjxDks How Will Euron Greyjoy's Story End? - Game of Thrones Season 8 (End Game Theory)
HQpnE45w730 The Night King's Plan? S7E2 HUGE CLUE! - Game of Thrones Season 7 Episode 2
HX2mVfRv7kw How Game of Thrones Should Have Ended? (Complete Version) - Game of Thrones Season 8
HZWRivqSmfY The Others: What Actually Happened To Craster's Sons? - Game of Thrones Season 8 (End Game Theories)
HezkEW0HEmM The Most Popular Game of Thrones Season 8 Outline!
HfUO1b631kA Littlefinger's Return: Arya Stark's New Identity? - Game of Thrones Season 8 (End Game Theory)
Hjm21g5HAdQ \
HruVBOWNARo S8E1 \
I2mIi11el3A Sam & Gilly's Final Destination! - Game of Thrones Season 8
I2ujB30b0sU Game of Thrones Season 8 Episode 3 (Plot Leak?)
IC6NrHrmVr0 MAJOR UPDATE: HBO Wants Robert's Rebellion & Dunk and Egg Prequel Series! Game of Thrones Prequel
II_3HYl8CEc The Deadliest Reunions In The Final Season! - Game of Thrones Season 8 (End Game Theories)
INnl_Tb8BGU George R.R. Martin Tortures His Fans With Another \
IfnqNidkiCo Official HBO Preview: House of the Dragon! - Game of Thrones Prequel Series (HOTD Pictures Revealed)
Ikd4rR7CZks Season 7 Episode 1 Leaks - Game of Thrones Season 7 Episode 1
IrxrFJXcHz8 Arya Stark vs Jaime Lannister! - Game of Thrones
JAZAO75r2zE Daenerys Has TWO Traitors In Her Camp! - Game of Thrones Season 8 (The Final Season)
JF84hbLVBU4 George R.R. Martin Posts His Best 'The Winds of Winter' Update Yet!
JQTZreImhII Season 7 Episode 2 Preview Breakdown! - Game of Thrones Season 7
JUf6NWpSfU8 George R.R. Martin Talks Game of Thrones Ending & The Winds of Winter
JgQ3eif33Wk Game of Thrones Season 8 Episode 2 (Plot Leak?)
JmPjMzBtR5g The Death of Jon Snow & Daenerys Targaryen! - Game of Thrones (End Game Theories)
JxIgu5qHjqw House of the Dragon's Major Characters Explained (Spoilers) - Game of Thrones Prequel Series
K-xdoqKhyOQ The Final Scene in Game of Thrones? - Game of Thrones Season 8 Episode 6 Finale
KGPQWrTWyTg What Game of Thrones Never Told You About Jaime & Cersei Lannister's Death! (Season 8 Deleted Scene)
KWeU1iCeHWA More Season 7 Deaths! - Game of Thrones Season 7 Predictions (Spoilers & Leaks)
KZxRvfo8vnY Why Did They Bring Gendry Back? - Game of Thrones Season 8 (End Game Theory)
L3iG4xoLpJE What's The Hidden Message Behind The New Statues? - Game of Thrones Season 8 Teaser
L4x4RyZJG6Q S8E5 \
L8xfhDUP094 The Fate of Jaime & Cersei Lannister Foreshadowed? - Game of Thrones Season 8 (End Game Theories)
LUfCro6Lc40 Did Bran Stark See How It All Ends!? - Game of Thrones Season 8 (End Game Theory)
LUu0j17LzFU Jon & Dany: A Relationship Doomed From The Start? - Game of Thrones Season 8
LcXbcSWal2A House of the Dragon: Leaked Scene! - The Dragons Are Here!? (Game of Thrones Prequel Series)
M2ZEXrtl4nQ What Is Tyrion Lannister's Role In The End Game? - Game of Thrones Season 8 (End Game Theories)
Mr4GOM8bbMg The Most Important Scene That Foreshadowed Exactly How Game of Thrones Would End?
MtFTsEA7gYg Main Character Deaths in Season 8 - Game of Thrones Season 8
MxbbfX1ZU8s House of the Dragon | Official Announcement | Game of Thrones Prequel Series | HBO Max
MzSlyBIqiKo Gendry's Important Role in Game of Thrones Season 8 - Game of Thrones End Game Theory
N1URBeIXVI8 Will These Crazy Theories Turn Out To Be True? - Game of Thrones Season 8 (End Game)
N1Z6XjTVUHQ New Photos of the Battle at Winterfell - Game of Thrones Season 8 (Spoilers)
N2mwB-vjM_s Official HBO Announcement: House of the Dragon Showrunner Opens Up About New Game of Thrones Prequel
NE433wws8UA Sansa's Queensguard: The Hound, Arya Stark, and Brienne of Tarth? - Game of Thrones Season 8 Theory
NGRHMxwRK4w New Evidence Found During The Daenerys Vision Scene! - Game of Thrones Season 8
NGW4x28-qno The Future of Winterfell Foreshadowed! - Game of Thrones Season 8 (End Game Theories)
NGvxGpj50Xg The Tragic Case of Scott and Laci Peterson: What Really Happened?
N_R-ULnZ4pU Game of Thrones Season 8 Episode 1 Outline - Game of Thrones Season 8 (Plot Outline)
N_hrvOFgpJc New Photos! Official Game of Thrones Season 8 Promo Images!
Ng42UweCnLI The Night King's Biggest Secret Exposed! - Game of Thrones Season 8 Theory
NmC0c0A1RXM Official Season 7 Updates & Predictions - Game of Thrones Season 7 (Spoilers)
NwMNPlzgb9g Game of Thrones Season 8 Deaths! - Game of Thrones Season 8 Predictions
O-TkisQTcd4 George R.R. Martin Says The Five Key Characters Are No Longer Safe? - Game of Thrones Season 8
OPBPiPK5P44 The Fate of Daenerys Targaryen In Season 8...
OTWHTPG7bUc S8E5 Trailer Breakdown! - Game of Thrones Season 8 Episode 5 (King's Landing)
Oo21BtQBZsQ Game of Thrones Season 8 Episode 3 Breakdown! - Game of Thrones Season 8
P-C3-1_YdFs The Story About The Night King Was A Lie? - Game of Thrones Season 8 (End Game Theories)
P2YyIuGIi4U Rewriting History: The Bran Stark & Jaime Lannister Theory! - Game of Thrones Season 8 (Theory)
P7d-4EA_o-Q What Game of Thrones Didn't Show You AFTER The Red Wedding! - Arya Rescues Her Mother? (ASOIAF)
PBor2zI7qNU Season 7 Episode 3 Preview Breakdown! - Game of Thrones Season 7 Episode 3 Preview Trailer
PEkyoDkZkKE Game of Thrones Season 8 Episode 2 Breakdown! - Game of Thrones Season 8
PUMAlVGDdxU Maisie Williams Interview: She Revealed 'The Original Game of Thrones Ending!' - Game of Thrones S8
PnrwqINtmyQ S7E7 Breakdown: The Dragon & The Wolf! - Game of Thrones Season 7 Episode 7
Po-EeswBnII HBO Official News: House of the Dragon's GREATEST Update!? - Game of Thrones Prequel Series
Q0RCPOpzX0E How To Make Game of Thrones Great Again in Season 8? - Game of Thrones Season 8 (End Game)
Q4JDW1osDJ0 Jaime Lannister & Bran Stark's New Alliance? - Game of Thrones Season 8 End Game Theories
QcV6co09V-4 Jaime Lannister Slays The New Mad King?? - Game of Thrones Season 8 Video (Spoiler Photos)
QgAVUYlDKAs Dan & Dave: Why Did They Back Out Of Comic Con? - Game of Thrones Season 8 (Comic Con Panel)
Qh5cpRyQNZo Robert's Rebellion: Game of Thrones Prequel Series - The Tourney at Harrenhal (Explained) Part 1
Qr9RucjU12k The Greatest Leak Of All Time? - Game of Thrones Season 7 Episode 6
R34kALOyEa4 Game of Thrones Season 7 Scenes! - Game of Thrones Season 7
R4ot9ZE-ebI House Stark of Winterfell: Their True Purpose? - Game of Thrones Season 8 (End Game Theory)
RDt9hH2nygg S8E3 Preview: The Fate of Jon & Dany Confirmed? - Game of Thrones Season 8 Episode 3
RZ8MDg3tISw How A Bastard Will Save House Stark From Extinction! - Game of Thrones Season 8 (End Game Theories)
RdLwPCEaRtA Game of Thrones Prequel Series: House of the Dragon Update! - Is This Good or Bad News?
RiXCssdNzEA Qyburn's Secret Plans After Seeing The Wight? - Game of Thrones Season 8 Theory
S97jBJmIkjM George R.R. Martin Does It Again... The Winds of Winter \
SJnsPJEI7gw George R.R. Martin Reveals New Info About The Game of Thrones Prequel
SPdHKTLbuqk Official Season 7 Trailer Explained! - Game of Thrones Season 7 Trailer Breakdown w/Spoilers
SPhfgqgGGmI Great News Confirmed by George R.R. Martin! - Game of Thrones Successor Show
SU4z2uV3uNo Season 7 Episode 4 Plot Leak Breakdown - Game of Thrones Season 7 Episode 4
SWJkI1lHd9g S8E3 Breakdown: Why Did The Night King Lose At Winterfell? - Game of Thrones Season 8 Episode 3
S_W4O2rfmaw Game of Thrones Season 9 Episode 2 - The Weirwoods of Westeros (Full Episode)
S_voP-Fl4tQ One of the Most Important Chapters in A Song of Ice and Fire!? (Explained)
S_zJUL0XbEo Who Set Up Daenerys To Get Ambushed? - Game of Thrones Season 8 Episode 4
SvM24bn0Cxk Will Sansa Stark Become A Lannister? - Game of Thrones (Spoilers)
T1oTKyzu_2w Major Season 7 Updates! - Game of Thrones Season 7 (Season 7 Leaks)
TVrMpVG1GBo Season 7 Episode 3 Plot Leak Breakdown - Game of Thrones Season 7 Episode 3
TXMspoVV3Pk Why Did The White Walkers Allow Certain Characters To Live? - Game of Thrones Season 8 (End Game)
Tp0XZ1lxsyY ASOIAF Theory: The Real Reason Melisandre Hides Her True Identity? - A Song of Ice and Fire Theory
Txfjz2IXbqg Resurrecting The Night King's Army - Game of Thrones
U1-gKFjfD28 House of the Dragon: Lead Actress Speaks Out About The New Series & Game of Thrones! (Spoilers??)
U7WImDvUmEk The Greatest Theory About Jaime Lannister's Destiny? - Game of Thrones Season 8 (End Game Theory)
UBEoyL5-FSw Breaking News: Game of Thrones Head Writer Finally Says Why He Ended The Show!
UK6CMidQco4 What Game of Thrones Never Told You About The Mountain!? - A Song of Ice and Fire (Books)
UXbyHA4778I S8E5 Preview: The Bittersweet Ending? - Game of Thrones Season 8 Episode 5
UYO8d4ezw58 Could Jon Snow Survive The ICE Dragon FIRE? - Game of Thrones Season 8 (End Game Theories)
UmkU_tU3yQM The Spotify Experience: The Decline of the Joe Rogan Experience?
V-sY23pLvfE Who Can Survive The Game of Thrones? - Game of Thrones Season 8 (End Game Theory)
V5EUsIzw39Y Jon Snow's Important Role In Season 8 (Part 3) - Game of Thrones Season 8 (Feat. GrayArea)
V6xBFr9QRw0 Game of Thrones Season 9 Episode 1 - A New Awakening: The Opening Scene! (My Version)
VIeSjAD_jkg Game of Thrones Season 8 End Game Theories! - Game of Thrones Season 8
VIqSH95OTwU Game of Thrones Season 8 Finale Breakdown - Game of Thrones Season 8 (Plot Leak)
VNXsCPsOgAc The Original Leaked Ending: A Song of Ice and Fire! - George R.R. Martin's Original Trilogy!
VT1FEaZ3vcU The First Preview Trailer Revealed How It All Ends? - Game of Thrones Season 8 (End Game Theory)
VhQIceYphlA Game of Thrones Season 8 Episode 1 Breakdown! - Game of Thrones Season 8
Vos_hG3Q_Gs S7E4 Preview: The Main Event! - Game of Thrones Season 7 Episode 4 (Spoilers)
Vq7k_b4nhJE What Happens In The Game of Thrones Books? A Game of Thrones: Jon I (Book 1 Chapter 5)
Vs-lW2bwVLA S8 Spoilers: Mysterious Meeting With Two Main Characters! - Game of Thrones Season 8
VzWwLR__WaA House of the Dragon: Official Release Date - Game of Thrones Prequel Series (2022)
W3iH-qNkfLg Game of Thrones Prequel Series: News - HBO Burns House Stark!? What Does This Mean For The Future?
W48h6jnfwP0 Emilia Clarke Finally Reveals The Scene She Wants CHANGED! - Game of Thrones Season 8
WV51wBqco8U Heartsbane: How Important Is This Valyrian Steel Sword? - Game of Thrones Season 8
W_Syv8l4Hpc This Is How You Beat The Night King! - Game of Thrones Season 8 (The Final Season)
WiX-Fzj61U4 Did The Waif Take Arya Stark's Face... And Life? - Game of Thrones Season 8 (End Game Theories)
WlZdoZmRtgA HBO Announces The First Game of Thrones Prequel Show!
WoxXC-y-OCU Major Spoilers from the Game of Thrones Set - Game of Thrones Season 8
WyTRWeUqtsU What Happened To These Characters? - Game of Thrones Season 8 (End Game)
X08xdqFr56Q Dragonriders: The Night King Is A Targaryen? - Game of Thrones Season 8 (End Game Theory)
X5Nip5OAIcU The Fate of Jorah Mormont - Game of Thrones Season 8
XCX1ZT8aifQ What Happens In The Game of Thrones Books? A Game of Thrones: Bran I (Book 1 Chapter 1)
XD8XN0CakC8 Game of Thrones End Game Theories! - Game of Thrones Season 7 Predictions
XkLy0T3Ya_s Winterfell's Secret Targaryen Tomb! - Game of Thrones
Xp8_0nIkNYo Game of Thrones Season 7 Breakdown! - Game of Thrones Season 7 Preview
XtO3mK_xtiU Arya Stark's Biggest Reunions This Season! - Game of Thrones Season 7
Xx9w0p9uyJw Tyrion Lannister's Off-Screen Deal With Cersei Lannister! - Game of Thrones Season 8 Theory
XxMMcSB3gDw House of the Dragon: The Main Plot Explained - The Dance of Dragons! Game of Thrones Prequel Series
YEud33zwWCA They Already Told Us What The Night King Wants? - Game of Thrones Season 8 (End Game Theory)
Yrhuc26nn6c House Targaryen: New Game of Thrones Prequel Series!
Z5IKq9ajoOU My Thoughts After Watching The Game of Thrones Documentary - Game of Thrones Season 8
ZExPS9gyvKY House Stark Reunion & Much More! - Game of Thrones Season 7
ZFVxFZ9zFZQ The Future of Arya & Sansa Stark! - Game of Thrones (Feat. SmokeScreen)
ZJehYf7ni6A These Characters Will Survive The Game Of Thrones! - Game of Thrones Season 8 (End Game Theory)
ZWJ-Tzl-rcc ASOIAF Theories: House Stark's Connections To The White Walkers!? - A Song of Ice and Fire (Theory)
ZZ63kn_lzxA The Fate of Daenerys Targaryen!? - Game of Thrones Season 8 (End Game)
Zb62GFsYWzo Game of Thrones Season 7 Episode 2 Breakdown! - Game of Thrones Season 7 Episode 2
Zdk9iUITMUU House of the Dragon's Release Date Leaked Online!? - Game of Thrones Prequel Series (HBO Max 2022)
ZeDBdZuuBAw Bran Stark's Azor Ahai Flashback! - Game of Thrones Season 8
Zk0I5XIlo5o Analyzing The Leaks Part 1 - Game of Thrones (Feat. A Don of Ice & Fire)
ZnU9MB7dYCM A Few Things The Game of Thrones Writers Kinda Forgot? - Game of Thrones Season 8
ZoLPImnVyIw Season 7 Episode 4 Breakdown! - Game of Thrones Season 7 Episode 4
Zw35Q0NpCwo How To Defeat The White Walkers In The Books? - The Winds of Winter Theory (A Song of Ice and Fire)
ZyI1N8brYUk Top 10 Missing Characters That Are Still Alive! - Game of Thrones Season 8
_J1Y0TCIrhA Jon Snow's Important Upcoming Reunions! - Game of Thrones Season 7 (Spoiler Photos)
_Y6ZvIvkk1w House of the Dragon (Plot Leak?) - Game of Thrones Prequel Show
_a0T0XAR4vc S8E4 Preview: The Battle for the Iron Throne! - Game of Thrones Season 8 Episode 4
a-doWuviyMY Some Of The Darkest Scenes Left Out Of Game Of Thrones - A Song of Ice and Fire (Books)
aA9D6gTP2Xc The Official Game of Thrones Season 8 Teaser Breakdown - Game of Thrones Season 8 (Trailer)
aGVqh7g3W_U The Main Characters GRRM Said Would Survive! - Game of Thrones Season 8
aMU6kolKwiU Winter is Coming (Breakdown) - Game of Thrones Season 1 Episode 1
aOgG7ytrD1s Things You Should Know Before The Battle for Winterfell - Game of Thrones Season 8 (End Game)
aX6hNx_WEhg HBO Reveals How Many Subscriptions They Lost After Game of Thrones Ended!?
anduMzM1jNk Benjen Stark Knew The Truth About EVERYTHING? - Game of Thrones Season 8 (End Game Theory)
ay4VKxg1vz0 Official Teaser: House of the Dragon! This Might Change Everything? - Game of Thrones Prequel Series
b4tkQw1_ehY Why Does Melisandre Wear Her Necklace? - A Song of Ice and Fire (Theory Videos)
bJ_Scu5n0Fw The Most Important Characters In The Series? - Game of Thrones Season 8 Theory
bkQFlH_wbe8 Breaking News: Official Announcement | George R.R. Martin Finally Releasing A New Book!
budB2pFY_1s Game of Thrones Season 7 Deaths! - Game of Thrones Season 7
c2YEy0c_Abw How To Defeat The Night King!!! - Game of Thrones
c5d1Pwwk17U Game of Thrones Season 9 Episode 1 - A New Awakening (Full Episode)
c8YIu_VItEg The Name of Jon Snow & Daenerys Targaryen's Baby Revealed? - Game of Thrones Season 8
cHyVFAiCY1c George R.R. Martin's Ending Revealed? | A Song of Ice and Fire | The Winds of Winter | New Clues!
cMbAd1X2pko The Hound: Does He Still Serve A Purpose? - Game of Thrones Season 8 (End Game Theory)
cRAChqPsFHw The Real Reason Jon Snow Screamed At Viserion Finally Revealed? (The Long Night Battle Scene)
ci5WtXWC8aM HBO's Official Teaser: First Look At House of the Dragon's Concept Art! - Game of Thrones Prequel
ciFyomTqW-c Who Will Use The Famous Targaryen Sword? - Game of Thrones Season 8 (Feat. Grayarea)
cpmgjkVty2A Bran Stark's Important Role In Season 8 (Part 1) - Game of Thrones Season 8 (Feat. GrayArea)
cy24pxIeY1o How To Defeat The Night King's Dragon! - Game of Thrones Season 8
dC5BWmtvO4c GRRM's Original Outline of ASOIAF! - Game of Thrones Series
dDXcS30Lk2Q Bran's Coma Dream: What Game of Thrones Did Not Show You! - A Song of Ice and Fire (End Game Theory)
dFkDoTAyKIU Beric Dondarrion's Important Role In The End Game! - Game of Thrones Season 8 (End Game Theory)
dHlr4Bt9Kns Season 7 Episode 6 Breakdown! - Game of Thrones Season 7 Episode 6
dS22ElqqAkI Game of Thrones Season 7 Trailer! - Game of Thrones  (Unofficial Trailer)
dcqABvZksa0 The Death of Varys! - Game of Thrones Season 8
dl76audeZV0 Bloodraven's Cave: What Game of Thrones Did Not Show You! - A Song of Ice and Fire (End Game Theory)
dtjmBof1b10 The Real Reason Why The Night King Didn't Fight Jon Snow During The Long Night Battle at Winterfell?
e2bRg1--p9U The Fate of Sansa Stark Foreshadowed? - Game of Thrones Season 8 (End Game Theories)
eCU_YSfmAPk What Game of Thrones Never Showed You During The Long Night Episode! (Season 8 Deleted Scene)
eZMbL8ecRYo Overlooked Dragon Scene From S7 Trailer! - Game of Thrones Season 7 Trailer w/Leaks
eZReGzYToeY Game of Thrones Season 8 Opening Scene Confirmed? - Game of Thrones Season 8
f1-vvqejJJA Breaking News: HBO Temporarily Stops Production on House of the Dragon! Game of Thrones Prequel Show
f28dv1xcLq4 George R.R. Martin Breaks His Silence On The House of the Dragon Trailer! - Game of Thrones Prequel
fCMQ5t1-IG8 Theon Greyjoy's Important Role - Game of Thrones Season 8
fGNOdwrJ4H0 The Hidden Meaning Behind The Crypts of Winterfell Teaser? - Game of Thrones Season 8
fQWE63-ksi8 S8E2 \
fWPlz7hU4Co An Inside Look At Game of Thrones' Disastrous Unaired Episode!
fi8cokuQaYg Peter Dinklage On House of the Dragon - Game of Thrones Prequel Series (House of the Dragon)
fpP64NxFsEA Crazy Spoilers For Game of Thrones Season 8
fvk_4_V841Q This Is Why Lady Stoneheart Was Cut From Game of Thrones!!!
g85RGGp8sFI What's The Real Story Behind The Catspaw Dagger? - Game of Thrones Season 8 (End Game Theory)
g9WqZK2kU6o The Finale Twist Did Come From George R.R. Martin - Game of Thrones Season 8 Finale
gAFob-r6_30 Game of Thrones Season 9 Episode 9 - The Final Chapter (Full Episode)
gMtArfaqveM New Deleted Scenes Reveal Bran Stark's True Purpose? - Game of Thrones Season 8
gWya2-q_L5g S8E2 Preview: Bran Stark & Melisandre Alliance? - Game of Thrones Season 8 Episode 2 (Theory)
ge485dOoFCw The Hidden Clues That Reveal The Last Dragonking - Game of Thrones Season 8 (ASOIAF)
h-e0_j1PQ4U The Saddest Ways To End Game of Thrones? - Game of Thrones Season 8 (End Game Theories)
h7xzzlvsv-M George R.R. Martin Gives Another 'The Winds of Winter' Update!
hFAZwniL3FM Top 10 Best Scenes in Game of Thrones! (Season 1)
hQC82PsyS6k The Three Eyed Raven's Secret Alliance? - Game of Thrones (Theory)
heATf-CppP4 Kit Harington's Thoughts On Jon Snow's Ending!? - Game of Thrones Season 8 (Ending)
hyuZLS-Wg24 Analyzing The Leaks Part 3 - Game of Thrones  (Feat. A Don of Ice & Fire)
i5E12JjxfHY Was Jojen Reed Keeping The Truth From Bran Stark? - Game of Thrones Season 8 (End Game Theories)
i6ZRxj6ZtTQ Jon Snow's Huge Discovery at Dragonstone! - Game of Thrones Season 7 Episode 4 (Spoilers!)
iQ2boO_hx8I Jon Snow's Important Role In Season 8 (Part 1) - Game of Thrones Season 8 (Feat. GrayArea)
iegnNLjl2jc Sansa Stark's Downfall Foreshadowed! - Game of Thrones End Game Theory
ilfT6S56DR4 Season 7 Episode 2 Plot Leak Breakdown - Game of Thrones Season 7 Episode 2
iqeLaN-6rJE What Can We Expect To See With The New Prequel Series? - Game of Thrones: The Long Night
is7B8LejQYY A Shocking Turn of Events in Winterfell?! - Game of Thrones Season 8 (End Game Theory)
itopW2UjVMA Game of Thrones Season 8 Finale Breakdown! - Game of Thrones Season 8 Episode 6 (Series Finale)
ivrciwg91u8 The Final Shocking Twist In Game Of Thrones? - Game of Thrones Season 8 Theory
j2LRURh7ASw Game of Thrones Season 8 Final Scene of the Series! - Game of Thrones Season 8 Ending
jCRY2va3as0 Dan & Dave's New Netflix Series Will Be A Disaster!? - The Three Body Problem (Netflix Original)
jIEacgRaWqY What Game of Thrones Didn't Tell You About Jon Snow's Death Scene!? - A Song of Ice and Fire (Books)
jPTL6SxcDnc What Did Jon Snow's Cryptic Response To Beric Dondarrion Mean? - Game of Thrones Season 8 (End Game)
jWCEh78OyB8 Arya Stark's Death Foreshadowed! - Game of Thrones End Game Theory
jeeQHie8kmc Season 7 Episode 4 Updates! - Game of Thrones Season 7 Episode 4 Preview
jhsDbhR5qJU How Bran Stark & Tyrion Lannister Conspired Together To Win The Game of Thrones!
k-eMt3P_cB4 How Will The Game of Thrones Series End? - Game of Thrones Season 8
k9zEkPX05mE Season 7 Episode 5 Plot Leak Breakdown - Game of Thrones Season 7 Episode 5
kH5Sd1qgs3Y A Dance with Dragons is Coming in Season 8 - Game of Thrones Season 8
kIWMmnw03kc Varys & The Targaryen King's Secret! - Game of Thrones
kS-_JoQ6vsI What Did Ned Stark Whisper Right Before He Was Executed? - Game of Thrones Season 8
kT1FoCdmvmk Will Cersei Lannister Actually Survive The Game of Thrones? - Game of Thrones Season 8
k_5Sc94l6sI George R.R. Martin Explains Why The Winds of Winter Is Taking So Long To Write
kf3g1afirB8 Game of Thrones Season 9 Episode 7 - A Dragon Reborn! (Full Episode)
kiByxnAtgo0 5 Disturbing Scenes Game of Thrones Cut From The Show - Game of Thrones & ASOIAF
kuMZXXZxNRY Ned Stark vs The Kingslayer! - How It Happened In The Books? (A Song of Ice and Fire)
l0yP_qJz-HI Game of Thrones Season 7 Episode 1 Explained - Game of Thrones Season 7 Premiere
lETTxS_GBkA Melisandre's Role: The Key To Victory Is Hidden In Volantis? - Game of Thrones Season 8 (End Game)
lN3UBYS1Pm0 Catelyn's Dark Side: What Game of Thrones Will NEVER Show You! - A Song of Ice and Fire (End Game)
lYKYg26zHFc OFFICIAL SEASON 7 TRAILER 2 EXPLAINED! - Game of Thrones Season 7 Trailer 2 (SPOILERS)
li5kAsA9Q3Y S8 Preview: Things That Should Happen? - Game of Thrones Season 8
ljCU5Ur8W0c Game of Thrones Season 9 Episode 6 - The Kingsguard (Full Episode)
llSiKob-bZY What Happened To The Man In The Box? - Game of Thrones Season 8 (End Game Theories)
lpQNikDyGHY New Season 7 Comic Con Trailer Breakdown! - Game of Thrones Season 7 Trailer
m3qdJEvRHfE The Fate of Podrick Payne - Game of Thrones Season 8
mLWO_qGNgSo S7 Trailer: Jon Snow's Companions Revealed! - Game of Thrones Season 7 Trailer (S7 Leaks)
mUxfKBgor-w The Fate of Ser Bronn of the Blackwater - Game of Thrones Season 8
mUyQg30UZ4M Who Will Carry Heartsbane Into The Darkness? - Game of Thrones Season 8 Theory
meqihkbleDI Bran Stark's Important Role In Season 8 (Part 2) - Game of Thrones Season 8 (Feat. GrayArea)
mkvnpac5QlU S7E6 Preview: The Main Event! - Game of Thrones Season 7 Episode 6 Preview (Spoilers)
n0MHHLCTx40 The Fate of Every Game of Thrones Character! - Game of Thrones Season 8 (End Game Theories)
n0lOVwq7kNY The Night's Watch Is Doomed! - Game of Thrones  (Season 7 Prediction w/ Spoilers)
nBiyokQlSS4 The Mysterious Crypts of Winterfell - Game of Thrones
nFtktmlg1CU BREAKING NEWS Confirmed By GRRM - Game of Thrones (News)
nNPCGcfcBbA The Mysterious & Controversial George R.R. Martin Interview - Game of Thrones Season 8
nRwE6XAnzKE The Most Shocking Death Won't Be Shown On TV! What Happened To Aerea Targaryen & Balerion?
nYXUL00cHTo Jorah Mormont Survives The Game Of Thrones! - Game of Thrones Season 8
nbO80ZS9N9s NEW Game of Thrones Prequel Shows! - HBO Working On THREE More Spinoff Shows!?
ncFaTaxO1Lo HBO's Official Announcement: NEW Game of Thrones Prequel Series in Development!
ndfSLsTMI-c What Visions Did Daenerys Targaryen Have In The Books? - A Song of Ice and Fire
nh7vI_1UwJo New Details About The Game of Thrones Season 8 Finale (The Iron Throne)
nhlX4P3Ua-A The Night King's New Identity THEORY! - Game of Thrones Season 8 (End Game Theory)
njo4ooNnhE0 Why The Night King Will Never Die! - Game of Thrones Season 8 (Theory)
nmZ_cizkpNc What Happens In The Game of Thrones Books? A Game of Thrones: Catelyn I (Book 1 Chapter 2)
nmrljkrIN5g Awesome Characters Game of Thrones Didn't Show You! - A Song of Ice and Fire (Book Characters)
npB6eE5EgUs The Real Story Behind Jon Snow Discovering Ghost! - A Song of Ice and Fire (Theory Video)
nsdelCqY7iw Game of Thrones Season 8 Episode 1 (Plot Leak?)
o2iEB8dhgBE House of the Dragon Release Date! - Game of Thrones Prequel Series
oDIydQiY3rg S8E3 \
oPvmWBXJjlw The Fate of Brienne of Tarth - Game of Thrones Season 8
oSRZZ4JWYMA The Wheel of Time: Season 1 - Who is the DRAGON Reborn? (End Game Prediction)
oWbeC3Q4Frg Arya Stoneheart Has Arrived! - Game of Thrones (Theory)
oupHONsXsZc A New Game of Thrones Ending! (Complete Season) - Game of Thrones Season 9
oxYDQXpRHLo Sam Tarly's New Discovery Will Save Lives! - Game of Thrones Season 7
oyZpYbPv_qU George R.R. Martin Throws More Shade At The Game of Thrones Ending? - Game of Thrones vs ASOIAF
ozY--kudvF0 Jon Snow's New Sword? - Game of Thrones (Spoilers)
p6XDwF8pZmk Emilia Clarke On House of the Dragon - Game of Thrones Prequel Series (House of the Dragon)
p8IlPgmijFY Breaking News: House of the Dragon (Character Leaks) - Game of Thrones Prequel Series
pHjkPCADfs4 The Old Gods Are Keeping Samwell Tarly Alive? - Game of Thrones Season 8 (End Game Theory)
pRz5E9LDeq4 HBO's Official News: Actors Confirmed for House of the Dragon's Main Characters! (Prequel Series)
pU8KwYfhJaM The Mountain vs The Red Viper! - How It Happened In The Books? (A Song of Ice and Fire)
pXzosc-BPYE Did Jason Momoa Leave His Wife for Emilia Clarke?
pZEu4divDcI Jaime Lannister's Plan To Seize Kings Landing! - Game of Thrones Season 8
p_3ZUjR6UXw CRAZY! Game of Thrones Season 8 Plot Leak! - Game of Thrones Season 8
per46BrKwiw S7E6 Preview: Death Is The Enemy! - Game of Thrones Season 7 Episode 6 Trailer (Spoilers)
pgQBvJvWDCM New Season 7 Character Confirmed! - Game of Thrones  (Season 7 News)
pmplCqoKAMk Good News About The Game of Thrones Prequel Pilot Episode!
pv-WEWW2LVI The Night King Has His Own Secret Plan? - Game of Thrones Season 8 Episode 3
pwgNct3AD9g The Top 10 Theories That Must Happen!! - Game of Thrones Season 8 Theories
q3bXkCE_QdE Jon Snow Is Not A Bastard! - Game of Thrones
qAf1NhbCzoM The Truth About Rhaegar Targaryen! - Game of Thrones
qBa5esQ9sq0 Ned Stark's Other Promise! - Game of Thrones Season 8 Prediction
qScU2DuphI0 New Shocking Details Revealed About Arya Stark's Original Ending! This Would Have Changed Everything
qTBjHZOVZSA The Return of Benjen Stark? - Game of Thrones Season 8
qYiw4L7Azdg Benjen Stark's Death - Game of Thrones Season 7 Episode 6
qaat-pSOfUs The Predictions You Need To Know! - Game of Thrones (Spoilers)
qi2SMhNB12E Breaking News: House of the Dragon - Daemon Targaryen & His Dragon Caraxes! Game of Thrones Prequel
qi3sl5pa3N0 The Fate of Arya Stark - Game of Thrones Season 8 (End Game Theory)
qjPdb85_TJU The Night King vs The Wall - Game of Thrones Season 7 Prediction (Spoilers)
qo_OZRvT3rw Bran Stark & Winterfell's Crypts! - Game of Thrones
qop37VSfkxg The Prince That Was Promised To The Night King? - Game of Thrones (Theory)
rC44x6EDegU Maester Aemon Knew The Truth About Everything? - The Biggest Mystery in Westeros! (ASOIAF THEORY)
rJtvq6mUoc0 The Arya Stark & Lyanna Stark THEORY - Game of Thrones Season 8 (End Game Theory)
rNPEN2gKXS4 The Greatest Fighter Alive In Game Of Thrones? - Game of Thrones Season 8
rONro7upD3s Bran Stark's Huge Discoveries At Winterfell - Game of Thrones
raEui2ZWIJQ Characters That Will Not Survive! - Game of Thrones Season 8
ruGjDW2djkI What Happens In The Game of Thrones Books? A Game of Thrones: Catelyn II (Book 1 Chapter 6)
sIG8__0p4eg NEW Game of Thrones Season 8 Teaser! - Arya Stark meets Drogon!
sSVESj4SF4Y This Might Be The End of House Stark! - Game of Thrones Season 8
sYMP3NmNFHc Game of Thrones Season 8 End Game Theories! - Game of Thrones Season 8
s_wssxwuWto The Real Reason Jon Snow Found Ghost!? - A Song of Ice and Fire (Theory)
sibvLSmxLhU Why Tormund Would Fight The Hound! - Game of Thrones Season 8
skWNPd8PzRU New Dragon Rider Spotted On Set? - Game of Thrones Season 8
sw6gQqiWPjo The Craziest Theory Ever Written!? - Game of Thrones Season 8 (End Game Theory)
t1i6rEEk8vg The Night King Said He Has A Target! - Game of Thrones Season 8 Trailer Breakdown
t4I9ox_BQRQ The Lannisters Will NEVER Pay This Debt! - Game of Thrones Season 8 (The Final Season)
tI6KHNVJnoU The Last Reunions We Are All Dying To See! - Game of Thrones Season 8 (End Game Theories)
tKuUsSIL3OI Game of Thrones Season 9 Episode 3 - The One True King (Full Episode)
tL7M9Y1jKLU HBO's Official News: Actors Confirmed for House of the Dragon's Main Characters!! (Prequel Series)
tV44IjjJPD0 GRRM's Original Plans For Tyrion & Jon Are Still True? - Game of Thrones Season 8 (End Game)
tlAey3I28d0 Do These Characters Have A Role To Play In The Great War? - Game of Thrones Season 8 (End Game)
tojr3tzfhVs Melisandre's Important Role In Season 8 (Part 1) - Game of Thrones Season 8 (Feat. GrayArea)
twB6i8nbZUY Game of Thrones Season 8 Episode 4 (Plot Leak?)
uARN4B2Ztic Gendry Will Reforge Ice For The Starks! - Game of Thrones  (Season 8 Prediction)
uC9WYKkxqGg House Stark: Death Was Coming... (Game of Thrones)
uE5f8M000zQ Arya Stark's New Kill List? - Game of Thrones
uW_G58UxxU0 The Only Way To Defeat The Night King? THEORY - Game of Thrones Season 8 (End Game Theory)
uWh8ZUSWiwg Breaking News: Game of Thrones Prequel Series - Nymeria's 10,000 Ships! (NEW HBO SERIES)
ud6Q-KU2ups The True Origin of House Stark's Ancestral Sword Ice - Game of Thrones Season 8 (ASOIAF Theories)
uvSwVMqTOV0 Filming News: Dragons In The North? - Game of Thrones Season 7 Episode 6
v49E8FVT2-A The Night King Has Been Watching The Whole Time!! - Game of Thrones Season 8 (End Game Theory)
vTPrrKKy-4k Why Is Brienne's Stunt Double There? Trouble in Winterfell? - Game of Thrones (Spoilers)
veHI3A5fEOM A Superior White Walker Story? - Bloodmoon: Game of Thrones Prequel Series
vfhJrYsoA8c S7E7 Preview: The Dragon & The Wolf! - Game of Thrones Season 7 Episode 7 (Spoilers)
voRRRcqoe5M House Stark: The Hidden Truth About Their Origin? - A Song of Ice and Fire (Theory)
vp4Eal21-Og The End of an Era: Joe Rogan's Podcasting Universe!
vsyDxvMMMYA Official Season 8 Trailer Explained! - Game of Thrones Season 8 Trailer Breakdown
vw-9lwyWLrE New Spoilers With Jon Snow! - Game of Thrones Spoilers
vx6FnYW5OXk Daenerys Targaryen's Final Scene: Another Missed Opportunity By The Game of Thrones Writers?
vyeVDu90x00 The Intense Scene Game of Thrones DIDN'T Show You! - The Winds of Winter SPOILER
w7oQquuESVY Game of Thrones Season 9 Episode 5 - The Old Gods (Full Episode)
w7scdqZ7Mq8 Game of Thrones Season 8 Spoilers - Game of Thrones Season 8 (End Game)
wGbQ67yncOM Arya Stark's List Of Names Updated! - Game of Thrones Season 8
wMQ8Ou6DEVA The Worst Ways To End Game of Thrones - Game of Thrones Season 8 Ending (Theories)
wT23H1-u_fQ Cersei Lannister's Biggest Lie? - Game of Thrones Season 8 (End Game Theory)
wTfw_rUVaog The Winds of Winter is Doomed? - George R.R. Martin Crushes Our Hopes & Dreams (AGAIN!)
w_Ey7nbKkHY The Future of Jon Snow (Part 1) - Game of Thrones
waVFu54xK58 What Has The Night King Seen In The Weirwood Net? - Game of Thrones Season 8 (End Game Theories)
wgIxSjonHWY Which Character Kills The Night King's Dragon? - Game of Thrones Season 8 (The Final Season)
wgMY0IZ6_kE The Black & Red Wedding? - Game of Thrones Season 8
xCBWgyRvt2w Bran Stark: His Final Vision Will Save Them All? - Game of Thrones Season 8 (End Game Theory)
xHWQFvOKeXU Breaking News! Action In The North! - Game of Thrones Season 8 Spoilers
xOXr8tUGWIo Daenerys Targaryen's Vision Confirmed? - Game of Thrones
xPoQFiZ8vtU George R.R. Martin's Favorite Scene In Game of Thrones! - A Defining Moment For Television
xRubaohESNU Official Season 8 Teaser & Trailers Breakdown! - Game of Thrones Season 8 Trailer
xTyi4ZPRaKw All The Hidden Book Clues Reveal The Rightful Heir For The Throne! A Song of Ice and Fire (Theory)
xV6vLWIeaYk Will Arya Stark Become A Baratheon? - Game of Thrones
xZfaJ4P004Q The Game of Thrones Series In A Nutshell... Game of Thrones Series (Tribute Video)
xgw5uEz6vAA The Reason Why The Others Have Returned? - Game of Thrones Season 8
xih5uoTFZ2w Season 7 Episode 6 Plot Leak Breakdown - Game of Thrones Season 7 Episode 6
xlw2oIdqh3U What Happens In The Game of Thrones Books? A Game of Thrones: Eddard I (Book 1 Chapter 4)
xniXH94FPy4 Arya Stark's Future In The North! - Game of Thrones Season 7 Episode 4 (Spoilers)
xo857yKyyM0 The King Will Die Next Season! - Game of Thrones
xtsxK8FsCBM Game of Thrones Pattern That Predicts The Future? - Game of Thrones Season 8
y2WkE7fpijQ Confirmed Characters Returning For Final Season - Game of Thrones Season 8
y2xLfWGq7rw More Characters Coming in Season 8 - Game of Thrones Season 8
yGzq2BDElDM Game of Thrones End Game Theories! - Game of Thrones Season 8
yJTmNqbQk1I Season 7 Episode 6 Leaked Scenes! - Game of Thrones Season 7 Episode 6
yN1TwdI1K7s The Fate of Varys! - Game of Thrones Season 8 (Theory)
ySJZ4vVXuYA Top 10 Best Scenes in Game of Thrones! (Season 2)
ygtWBhIQkv8 HBO Confirms Spin-Off Coming After S8 Next Year! - Game of Thrones Season 7 Premiere Spoilers
yiTb4h3QHc0 What Is Davos Seaworth's Role In The End Game? - Game of Thrones Season 8 (End Game Theory)
yq34yS0lF-M What Happens In The Game of Thrones Books? A Game of Thrones: Prologue (Book 1 Chapter 0)
yq3w2UWbr_k Season 8 Episode 3 Plot Leak Breakdown! - Game of Thrones Season 8
yySvTho9HJo Season 7 Promo: Giant's Blue Eye Theory! - Game of Thrones  (Season 7)
z-ePDYrVEBw More Season 7 Spoilers! - Game of Thrones Season 7 Episode 2
z-q89xRXADs House of the Dragon: First Images! Daemon & Rhaenyra Targaryen Filming Scenes on the Beach!
zISJWoPr87M Season 7 Episode 1 Plot Leak Breakdown - Game of Thrones Season 7 Episode 1
zXJwEgmgrig The Final Showdown in Winterfell? - Game of Thrones Season 8 Spoilers
zZFff4k7dPU House of the Dragon: Targaryen King! - Confirmed Casting News!
zu2OwbQAwcg The Night King's Ice Dragon! - Game of Thrones Season 7 Episode 6 (Spoilers)
zvzWPMgBFMg Jon Snow's Important Role In Season 8 (Part 2) - Game of Thrones Season 8 (Feat. GrayArea)
