-B1iu4QJTUc Entities and Components | Game Engine series
-Qt12lcAF0Y 2D Renderer Transforms | Game Engine series
-SQ8TlFZHbY Drawing Rotated Quads // Game Engine series
-XclQ0Tp0d4 Episode 30 - Rendering Tiles
-ZWJLDJT1OU Ep. 105: Random Targeting - Game Programming
-myXuS3t1W4 Single Shader 2D Renderer | Game Engine series
-nNQiO_32yY Episode 5 - Buffer Strategy
-peYVLeK0WU Ep. 4: Vectors - Sparky Engine (How To Make a Game Engine)
-s5JgN20sK0 Ep. 103: Shooting Mobs - Game Programming
08rcY_YDWNc Circle Physics Colliders // Game Engine series
0FDOXe-KUQI Growth - Code Review (Ludum Dare 34)
0IGLWhLgxns The Future of the Sparky Game Engine
0Rmuv6E2UVE Morning Coffee - Episode 2: Variables
0VRTFaRE7T4 Time Timelapse (Ludum Dare 27)
0VWZP4xsMuc Game Programming - Episode 29 - The Render Tile Method
0ebzPwixrJA How to DEBUG C++ in VISUAL STUDIO
0p9VxImr7Y0 Vertex Buffers and Drawing a Triangle in OpenGL
0pCKT1nl-kQ Shatter: My Ludum Dare 28 Game!
0vPkEO4EFCI Minecraft Server Important Announcement
0zuVHDNYPQU 3D Game Programming - Episode 2 - Game Loop
14Cyfz_tE20 Ep. 5.5: Unions - Sparky Engine (How To Make a Game Engine)
16GtFaXwMSo Ep. 12: Transformation Stack - Sparky Engine (How To Make a Game Engine)
16zctOwxGXM Scene Shadows! // Hazel Engine Dev Log
172GLQJHNW8 Game Programming - Episode 82: Particle Simulation!
18YvEGEHFMM Ep. 6: Shaders - Sparky Engine (How To Make a Game Engine)
18c3MTX0PK0 Welcome to C++
1E_kBSka_ec How to Setup C++ on Mac
1G8g_P_s4GA Reviewing and Fixing My Past Ludum Dare Games - New Series Idea
1NK8Uk5PgZM Serialization #3 - Our Serialization Format - Byte by Byte
1OpLi7wWvyY Ep. 100: A* STAR SEARCH ALGORITHM - Game Programming
1OsGXuNA5cc How to Setup C++ on Windows
1TwBMgPbuOc Making a Game in ONE HOUR Using MY ENGINE AGAIN!!
1cHEcrIn8IQ Native Scripting (now with virtual functions!) | Game Engine series
1fzryHogTfg Coding + Gaming - First YouTube Live Stream!
1nfuYMXjZsA Member Initializer Lists in C++ (Constructor Initializer List)
1nhNw94GgTc Why I'm MAKING a Game Engine
1pUYjxeDNEs Ep. 1: Setup - Let's Make Flappy Bird
1qyAuFFGmf0 Ep. 21: Interface and Networking Separation - Network Chat Programming
1x4hrdS97cI Ep. 17: Texture Arrays - Sparky Engine (How To Make a Game Engine)
1y7-9-QJKz4 Ep. 4: Maths - Let's Make Flappy Bird
1ylHRJO_OiA Ludum Dare 30!
21i51AqmjQc I'm going to GDC!! (Q&A + updates)
2BP8NhxjrO0 CLASSES in C++
2SUtcxJYN6k Game Programming - Episode 13 - Timer
2gndBiZyTcQ Ludum Dare 36 UPDATE!
2hNxYXX6V-Y Game Programming - Episode 37 - Handling Map Bounds
2k5FjtMNQsM Material Systems | Game Engine series
2njnCUau3zk Day in the Life - Hazel 2D Dev Vlog
2p9TdAhUBrw 3D Game Programming - Episode 16 - Walking, Crouching, Sprinting + More
2pv0Fbo-7ms How I Deal with Shaders in OpenGL
2tkeKddlvMM 3D Game Programming - Episode 6 - Performance Boosting
2vOPEuiGXVo The \
32PRB7Tebbo A Tour of the Sparky Engine
35VJQ5Zvr3g Serialization #16 - Finale!
375c091_RN8 Everything You Need in a 2D Game Engine (Hazel 2D) - Let's Talk
39PI5lYv5hM Introduction to Serialization
3A4AGr8L5WI Ep. 109: Rendering Font Characters! -  Game Programming
3KKTpB1NWww My Top 5 Visual Assist Features
3NmBTsGSVqU Game Programming - Episode 35 - Level Render
3PQSOz5N_3c 3D Game Programming - Episode 13 - Render Distance Limiter!
3QJsmsN0Pcg PREFABS in Game Engines
3Qh3bWrrEPA code.thecherno.com
3cm0VckC8q0 How to Deal with Multiple Return Values in C++
3dHBFBw13E0 How to Write a C++ Class
3eHXqorWYjQ 3D Game Programming - Episode 21 - Texturing Walls, Fixing Clipping, and Fixing the Mouse
3mn-h7oH8n8 Episode 3 || The Cherno's Adventures in Minecraft
3tIqpEmWMLI How the C++ Compiler Works
3vaQo8UMKOs This game looks like a MOVIE! - Ghost of Tsushima
3xJpVv-WyHg 3D Game Programming - Episode 22 - Random Level Generator + Properly Fixing Clipping
42aqVsdcxwU How I Made a Game in an Hour Using Hazel
4NYC-VU-svE Why I don't \
4PLF6Gfl0yc Sparky Engine Dev Log #8 - 2D in DirectX and Memory
4TNJ7Uqo_Pk Game Programming - Episode 42 - The Move Method
4XncRPw3D88 Episode 1 || The Cherno's Adventures in Minecraft
4fJBrditnJU CONST in C++
4fdPiRZQA9Y Ep. 18: Connection Packets - Network Chat Programming
4hJG8zcOcPM Genesis - My Game for Ludum Dare 24
4p3grlSpWYA The Arrow Operator in C++
4zj-0FQ7Xbg Moving to Sandbox | Game Engine series
5-minbbZW14 Ep. 5: Matrices - Sparky Engine (How To Make a Game Engine)
527bR2JHSR0 Let's Make Flappy Bird! (LWJGL 3 / OpenGL)
55aSfr2JPYw Serialization #14 - Deserializing Objects
56ISmbJE9S4 He MADE A GAME using my GAME ENGINE
5HWCsmE9DrE How to make C++ run FASTER (with std::async)
5R6ug5NMC1M How to OPTIMIZE YOUR CODE!
5V0GtMcAFRQ Game Programming - Episode 49 - Flipping Sprites
5W7JLgFCkwI How Shaders Work in OpenGL
5aZCJ_Soq4w UNIVERSITY ASSIGNMENT! // Code Review
5df3NvQNzUs Batch Rendering - Dynamic Geometry
5glFIsl0ISg Ep. 20: Sending Packets to All Clients - Network Chat Programming
5mlziHwq90k Planning the Event System | Game Engine series
695SyEyFwWU Rendering and Maintenance | Game Engine series
6BHhNELSnDU Hazel 2020 | Game Engine series
6OVQ8nh3KP0 Visibility in C++
6dOIju7--Jg 3D Game Programming - Episode 4.5 - How Rendering Works
6habMlNQgxI Update
6uqU9Y578n4 Unions in C++
70VuSGvcH78 Game Programming - Episode 57 - Player Spawns
70wq6AvpPdY Serialization #10 - Objects
71BLZwRGUJE Writing a Shader in OpenGL
72-6DPsIeVI ONE TRICK to learning PROGRAMMING QUICKLY!
72kcRV328xQ Game Programming - Episode 83: Wall and Grass Sprites in After Effects!
7A3YmJH4iyk RETRO VOXEL ENGINE! // Code Review
7D8lLbp9_rQ Rendering Multiple Objects in OpenGL
7LswjvgRqbw Resizing | Game Engine series
7NNhflsBS5w Ep. 119: UI Button Events - Game Programming
7XgPOh2LWpo Morning Coffee - Episode 4: Even More Variables
7gcxgmVXE80 Game Programming - Episode 36 - Rendering the Level!
7hwWMUM0wZo How to be PRODUCTIVE
7nPrUBNGRAk How to store ANY data in C++
7rQVeVJm9Is Morning Coffee - Episode 6: Arrays [2]
7tTqUx6m9jE Game Programming - Episode 44 - Moving Properly
7urP1gPoFgk Ep. 107: Font Sheets - Game Programming
7zXvzM6ttvk 2017
8-wAi--vW1o Skeletal Animation! // Hazel Engine Dev Log
81uFrHwhQg4 INSTANCED RENDERING in my Game Engine
88dmtleVywk Window Abstraction and GLFW | Game Engine series
8JqcXYbzPJc Transform Component UI | Game Engine series
8NZ7iIc6t4o Ep. 7: Vertex Arrays - Let's Make Flappy Bird
8Q15kjnbnys Ep. 102: Collision and A* Tweaking - Game Programming
8Wr5N0fbu0Q Menus - Genesis Ep. 6 - Reviewing and Fixing My Old Ludum Dare Games
8egZ_5GA9Bc Type Punning in C++
8wFEzIYRZXg Shader Asset Files | Game Engine series
8zVtRpBTwe0 Editor Camera | Game Engine series
93bavRgVcwA Framebuffers | Game Engine series
93qsNih8jBA Sparky Engine Dev Log #12 - Virtual File System + More!
98K5Bm2sApY 3D Game Programming - Episode 18.1 - A Few More Things
9DDIGjXvcDU Game Programming S2 E02 - Multiplayer Servers
9HCboZHTyrw 2D Game Engine by 13-YEAR-OLD! // Code Review
9PmjQvowfAI GAME ENGINE DEVELOPER Reacts to UNREAL ENGINE 5 Demo
9RJTQmK0YPI C++ Header Files
9T1SHnmlp2U Which programming language should you learn first?
9Vu2g4OGZ-Q Ep. 116: UI Labels - Game Programming
9XpYo6UTMZ4 Ep. 6: Loading Textures - Let's Make Flappy Bird
9h41DOAvGBQ Network Chat Programming - Episode 3: Login Form GUI
9k6Edx_FMys Ep. 16: Batch Renderer Textures - Sparky Engine (How To Make a Game Engine)
9ncNA6Co2Nk Conditional and Action Breakpoints in C++
A-XZZpWq0Ds Ep. 27: Server Disconnections - Network Chat Programming
A2r2OsUPCds Game Programming - Episode 80: Particle Physics!
A9OsBSHFza8 3D Game Programming - Episode 31 - Sprites!
AL9jy7YtR8w Ep. 16: Server Packet Receiving - Network Chat Programming
AZjj4MNhqM0 Private Tutoring from The Cherno! Learn Programming and Game Development
A_hS4_r5KcA Setting up a Test Framework for OpenGL
Ae5mNmx4vvI Ludum Dare 32 - I'm in!
AiBA0lh89-k Evacuate: Making the Music - Ludum Dare 30 (Uncut)
AsNE-eGmGxs Sparky Engine Dev Log #6 - The Start of Direct3D 11
B0FYvPPB0vc Game Programming Episode 95 - Entity Distances and Ranges (AI)
B1nO5wbPbwg 2D PHYSICS! // Game Engine series
BA-vSjqNtFo Ep. 117: UI Progress Bars (Health) - Game Programming
Bcs56Mm-FJY Vertex Arrays in OpenGL
BmGHojuQMbk The Last Piece of the Puzzle - Adding AUDIO to a Game Engine
BpJOZAe4szg Streaming it up with the new internet! (31/7/12)
BtCFYjlrWFs Intro - Genesis Ep. 1 - Reviewing and Fixing My Old Ludum Dare Games
BvR1Pgzzr38 Copying and Copy Constructors in C++
BwCqRqqbB1Y Renderer API Abstraction | Game Engine series
BxcQ80wljuA 3D Game Programming - Episode 32 - Sprite Mapping
CIYs2loNgEI What's Going On?
CKhGMoTNPOo Ep. 20: Maintenance and Optimization - Sparky Engine (How To Make a Game Engine)
CNQ56m30hms Episode 64 - Collision Response: Sliding
CU9v3uUgRaE Clicking to Select Entities // Game Engine series
CWglkNBUmD4 Safety in modern C++ and how to teach it
CiHfz6pTolQ Dynamic Casting in C++
CtvkPBVb120 3D Game Programming - Episode 25 - Writing and Reading Files
D4hz0wEB978 Intro to EnTT (ECS) | Game Engine series
D8cWquReFqw Destructors in C++
DChe-L9P1LQ Ep. 101: Star Mob! (A* Search Algorithm) - Game Programming
DE6Xlx_kbo0 Uniforms in OpenGL
DJEprZioFmU GitHub and Hazel | Game Engine series
DKM2KjNkX18 Ep. 31 - FINALE! - Network Chat Programming
DTxHyVn0ODg POINTERS in C++
Dr6ly-PO9nM Another Week of Game Engine Development
E6ICV1lLRL0 How GOOD is GOOD ENOUGH? | Hazel Dev Log
EAC6_h07izo Playing and Stopping Scenes (and Resetting) // Game Engine series
EAeJzkkB8GA Game Programming Episode 93 - AI Mob Rendering
EBR8jJg_Yfo Mouse Picking // How I Write Code (Live Stream)
EKhad6v5SCM Ep. 113: Efficient Sprite Rotation - Game Programming
ENDaJi08jCU Arrays in C++
ESQyAhooBLM GAME ENGINE DEVELOPER Reacts to ROAD TO PS5 (Part 3)
ETIhjdVBH-8 Code Review + ImGui Layer Events | Game Engine series
EUy8G3uMitI Sparky Engine Dev Log #4 - Sparky Model Format
EVXcwNOzMzg 3D Game Programming - Episode 19 - Rendering Walls
EXgXMa5kapI I FIXED VULKAN!
EnC1WKnN-H4 Ep. 112: Sprite Rotation! - Game Programming
F9eDv-YIOQ0 Writing an ITERATOR in C++
FATUxECqhbg How Sprite Sheets/Texture Atlases Work // Game Engine series
FBbPWSOQ0-w Dealing with Errors in OpenGL
FBs7UoPy-sc Introduction to C++: Sparky Engine (How To Make a Game Engine)
FHPtchw-eHA Continuous Integration in C++
FXhALMsHwEY Constructors in C++
FeHZHF0f2dw String Literals in C++
FnKlbIk4_nQ Ludum Dare Tips: Libraries
Fq2EBHJrR20 Ep.11: Client Networking (TCP / UDP) - Network Chat Programming
FtsehM4xoDw Instrumentation | Game Engine series
Fz1VySWaad8 Batch Rendering Textures (+ Debugging!) // Game Engine series
G7F0suV1_24 3D Game Programming - Episode 14 - Basic Mouse Movement
GFYT7Lqt1h8 Game Programming - Episode 1 - Resolution
GK0jHlv3e3w Making a PARTICLE SYSTEM in ONE HOUR! (NO ENGINES)
GKERbQ7Sqyg Mouse Picking // Game Engine series
GWfyXV1Fj2I Time (My Ludum Dare 27 Game) Analysis +  Results!
GfSzeAcsBb0 The ENTITY Class | Game Engine series
GjqDjvNssOM Making Games with Hazel + More Mesh Workflow // Game Engine Dev Log
Gt6WvnQu7R8 Game Programming - Episode 10 - Clearing the Screen
H1WmYAMP6so Game Programming - Episode 58 - Spawn Level Assets
H2E3yO0J7TM Using Modern OpenGL in C++
H2Z6SmPTFSU Sparky Engine Dev Log #9 - Skybox and FPS Camera
H4s55GgAg0I How the C++ Linker Works
H9gq_iA5jKo Ep. 114: User Interface (UI) - Game Programming
HDQW7q0XtLQ Network Chat Programming - Episode 4: Login Form Fields
HFyHIc89z1g Modern OpenGL (Glad) | Game Engine series
HJ0udFTKn-E Game Programming S2 E03 - Networking Protocols and Sending Data (TCP/UDP)
HWtEcbiuLBQ GAME ENGINE DEV REACTS to Halo Infinite | Campaign Gameplay Trailer
HcESuwmlHEY Optimizing the usage of std::vector in C++
HfB-b4aYZcI Unreal Engine + Visual Assist
HhDj19TYK_g Game Programming - Episode 24 - Level Class Overview
HkGZ378nArE Refs, Scopes and Smart Pointers | Game Engine series
HoQhw6_1NAA Bitwise AND (&), OR (|), XOR (^) and NOT (~) in C++
Hoi-Gzk-How Introduction to Rendering | Game Engine series
HqM0HLt7gJo Game Programming - Episode 32 - Getting Tiles
Hw42GkHPyvk Static Arrays in C++ (std::array)
HwUnMy_pR6A Game Programming - Episode 9 - Rendering Pixels
I-hZkUa9mIs Templates in C++
I35geGpbkP4 2015 - A Review
I88BDX7zCdA Game Programming - Episode 48 - Player Direction Animation
IDOmIlmrfIo Game Programming - Episode 23 - Moving Logic
IDWhqaO6sas Network Chat Programming - Episode 6: Grid Bag Layout
IEiOP7Y-Mbc Saving and Loading Scenes! | Game Engine series
IGN8wbnyAnE Game Programming - Episode 69 - Projectiles
IHNFekF67U0 Ep. 110: Rendering Strings of Text! - Game Programming
IQGqQgJ-Yr8 Game Programming - Episode 54 - Making Levels
IQZ8CrJ2VcU Ep.15: Server Threads and Explanations - Network Chat Programming
IRhNDs7RRxs March 2016 Update Video!
IU6CRpANFa4 Game Programming - Episode 20 - Sprites
IUxKMpHDM0E Game Programming - Episode 87: The Animated Sprite Class
Idr1G1KyPNg Maths | Game Engine series
ImtWD_9OAeY Ep. 9: Ultra-Fast Batch Renderer - Sparky Engine (How To Make a Game Engine)
IoCKtpxi2DI Game Programming - Episode 62 - Tile Coordinate Class
IvOBzFH1_kk Game Programming - Episode 60 - Building the Spawn Level
IxoVeI5S5Is Ep. 108: Extracting Sprites -  Game Programming
IzoFn3dfsPA REFERENCES in C++
J3wfaJk_IMw 3D Game Programming - Episode 34 - Entities
JMHwwaO98ZY Ep. 29: Kicking Clients! - Network Chat Programming
JWp_SESZxY0 Ep. 99: Nodes and A* Costs - Game Programming
JnZTHn7b4YE Episode 65 - Corner Precision Collision Detection
JxIZbV_XjAs Introducing the GAME ENGINE series!
K2RzIK3YEtI Game Programming - Episode 66 - Mouse Input
KC6avL1irtA Serialization #6 - Binary Floats, Doubles, and Booleans
KCmawhg4WQM Weekly Update #4
KEaCU2LPnfU Game Programming - Episode 45 - Player Graphics
KG8cAGvn9d4 Project Setup | Game Engine Series
KKv_pZvn2rM Renderer Stats and Batch Improvements // Game Engine series
KL9Qz_d5MyM Game Programming - Episode 47 - 32 Size Sprites
KTV5TUadhAo Ludum Dare 34: I'm In!
KUuFfYn-o50 New Forums on TheCherno.com!
KXYG6HWVHI4 NEW OFFICE!
KXwRt7og0gI Intro to Binary and Bitwise Operators in C++
KYGE6oWbX24 MAKING A GAME IN MY GAME ENGINE TO OPTIMIZE IT! #shorts
KeLOfQoh8Vo Rendering Lines in a Game Engine // Game Engine series
Ks97R1knQDY How to CREATE/INSTANTIATE OBJECTS in C++
KuenrFVlm2E First-Person Camera Controller and Physics // Hazel Dev Log
Kx0ulOizvO0 Ep. 19: Unique Identifiers - Network Chat Programming
KyCQBQzaBOM Writing a BATCH RENDERER in ONE HOUR!
L3-vNZPzawM Game Programming S2 E07 - Connecting
LEHbRxqpKco How many years have I been programming?
LKLuvoY6U0I How to Setup C++ on Linux
LPhBiIvDOs0 Clearing Framebuffer Texture Attachments + Git Branching // Game Engine series
LYwrog7-510 Game Programming - Episode 12 - Negative Bounds
LZcolJgwHgk Episode 5 || The Cherno's Adventures in Minecraft
LfbqtmqxX04 CAMERAS and How They Work | Game Engine series
Lsgnn2bGd80 Game Programming - Episode 41 - Player
LxySfGqSckk The Future of Game Programming
LzGmRwfRiSE Serialization #11 - Databases
M0UIpPcjfgk Ep 23: The End Character - Network Chat Programming
MFAL8x7ipsA Ep.10: Scrolling! - Network Chat Programming
MLGh18Q0GqA \
MNLIJA5eeH8 Ep. 115: UI Rendering - Game Programming
MWG7iGIQLrs More Game Development Videos #HelpCherno
MXNMC1YAxVQ Index Buffers in OpenGL
MopuCEmbiKs Vlog + Ludum Dare Results
MqHb5YqIdeo Exporting and Running Cherno Chat on a Server
Msd953YEZhg Game Programming - Episode 96: Faster Mob Movement!
N94fHNZEHas BLENDING | Game Engine series
NBpB0qscF3E Properties Panel | Game Engine series
NH-xRhsAFNA Network Chat Programming - Episode 5: The Client Window
NJKW-7oboLE Changes.
NTYDzxtMalY Ep. 26: Sending Fake Messages - Network Chat Programming
NUZdUSqsCs4 The NEW Keyword in C++
NVDK9THbxmY Ep. 3 : Input - Sparky Engine (How To Make a Game Engine)
NYX646PU39k Game Programming - Episode 39 - Entity Framework
NjKv-HWstxA Creating an Orthographic Camera | Game Engine series
NnbLK07he7E Ep. 24: Talking With Each Client! - Network Chat Programming
ODqBICyeJXs Game Programming - Episode 18 - Controlling The Map
OEGm7LXAN_c Using Github to View Code (Cherno Chat)
OR4fNpBjmq8 Setting up OpenGL and Creating a Window in C++
OTGxX_mRV-o 3D Game Programming - Episode 33 - High Resolution Rendering
OVGqZP9BJ6s GAME ENGINE DEV REACTS to Microsoft Flight Simulator - Pre-Order Launch Trailer
OWNeCTd7yQE std::move and the Move Assignment Operator in C++
O_0nUE4S8T8 Universally Unique Identifiers (UUID/GUID) // Game Engine series
OavqhSDa-oo Ep. 13: Groups - Sparky Engine (How To Make a Game Engine)
OoKCfHERi3s Rendering Circles in a Game Engine // Game Engine series
OsnwKYxPX1A The Importance of LONG-TERM PLANNING (Hazel Roadmap)
P3ui_u1Ba7g Creating Tests in OpenGL
P6gHMyEL2ms Weekly Update #1
P6ghltbdJBE 2015 UPDATE VIDEO!
PPup1yeU45I SINGLETONS in C++
PYJp-9iMSiU Why I left my job at EA
Pegb5CZuibU Transformation Gizmos | Game Engine series
Pid8JGlBdPY Ep. 1: Window - Sparky Engine (How To Make a Game Engine)
PlMqfsOOD3U Ep. 2: Display - Let's Make Flappy Bird
PocJ5jXv8No Dynamic Arrays in C++ (std::vector)
PsyGmsIgp9M Adding/Removing Entities and Components UI | Game Engine series
Q4wHOx5av0w Game Engine Series Week!
Q86V5DnSPPs Improving our 2D Rendering API | Game Engine series
QBCCHm_9HV8 OpenGL Shaders | Game Engine series
QD6oUivDSc4 Ep.9: Action and Key Listeners - Network Chat Programming
QFqKNLSr0c8 Thanks for 20,000 subscribers + Updates!
QNxfdeN5GUI 3D Game Programming - Episode 18 - The Beginning of Walls
QQ9MTzrsldo Why you NEED to use a GAME ENGINE!
QRahYJqidws Episode 15 - Tiles
QafhF01-Vgw Making the Physics Better
Qbt-1rcSqZc Making a New C++ Project in Hazel | Game Engine series
QisWVb8-I3A Game Programming - Episode 81: Pixel-Perfect Collision!
QjTfEmX5nKw Game Programming - Episode 72 - Projectile List System
RGKI_2A5q0M 3D Game Programming - Episode 12 - User Input
RIMt_6agUiU Camera Component UI | Game Engine series
RKPEQfkhbAY 3D Game Programming - Episode 9 - Beginning 3D
RapaiayaHZc Weekly Update #5
RlQ4YVnQN40 PHYSICS! | Hazel-dev Log
Rr1NX1lH3oE Implicit Conversion and the Explicit Keyword in C++
Rsdc6I80aFQ Ep. 19: Font Rendering - Sparky Engine (How To Make a Game Engine)
S7oVXMzTo4w Small String Optimization in C++
S9MV_FDHMfk Ep. 25: The Emscripten Experience - Sparky Engine (How To Make a Game Engine)
SOcOAJP0NdQ 3D Game Programming - Episode 17 - Small Adjustments + Birthday!
SXDlZRDjtXg SPIR-V and the New Shader System // Game Engine series
S_99R9DZF6c Ep. 18: FreeType and FreeType-GL - Sparky Engine (How To Make a Game Engine)
S_CIHzdpgE8 Game Programming - Episode 4 - Window
SfGuIVzE_Os How C++ Works
SgcHcbQ0RCQ ITERATORS in C++
SjdxFAIreWc Game Programming - Episode 77: Basic Particle Animation
SomHyYM8bMI Episode 22 - Drawing Sprites
SpktW_lLQQA Ludum Dare 29 This Weekend!
TCAFlWh3Ln8 Network Chat Programming - Episode 7: Main Client Window
TCUO0bOg9cU Failing at Black Ops 2 Zombies
TMFDuGtFf3k Growth - My Game for Ludum Dare 34
TQUzsyWmQ14 3D Game Programming - Episode 8 - Alpha Support and More
TZ476QwQ6CM Next-Gen COMBAT? - Ghost of Tsushima #2
T_mObuIfzng Game Programming S2 E05 - Connecting the Client and Server
TfaTMxIJ0FA Ep. 125: Preparing Multiplayer - Game Programming
Th4huqR77rI Batch Rendering - An Introduction
ThA9pueKvus HDR + BLOOM + EMISSION in my Game Engine
TjqnXmQdywk Ep. 98: Vectors - Game Programming
TlvmnoDlrI0 Static Libraries and ZERO Warnings | Game Engine series
Tu-JlgAPR5E Ep. 22: Confirming Connections - Network Chat Programming
TzB5ZeKQIHM ARRAY - Making DATA STRUCTURES in C++
U16wc8w8IA4 PLAY BUTTON! // Hazel 2D - Game Engine series
U2JrxdeezHU NEW SERIES! - Graphics/OpenGL/Game Engine (Update Vlog)
U7nXZ3woQig Hidden Dangers of Range-Based For Loops // Bug Hunting
UAAiwObNhQ0 How to Deal with OPTIONAL Data in C++
UBpaqBa1Lz8 Shift - My Game for Ludum Dare 32
UKVFRRufKzo Scene Camera | Game Engine series
ULO8JhM9FsQ How to Build a 2D Renderer | Game Engine series
UOB7-B2MfwA SMART POINTERS in C++ (std::unique_ptr, std::shared_ptr, std::weak_ptr)
UQ718BrbQ5E Precompiled Headers | Game Engine series
URL2OAAaeFo How to Contribute to Sparky
UWAdd13EfM8 Interfaces in C++ (Pure Virtual Functions)
UljMVrQ_zYY Next Steps + Dockspace | Game Engine series
Uv8X91MVU2M Ep. 5: Loading Shaders - Let's Make Flappy Bird
Uy_iRiJy_hk Download and Play My Ludum Dare 27 Game, Time! (Link Fixed!)
V-BFlMrBtqQ Static for Classes and Structs in C++
V8q55FGysz4 Game Programming - Episode 2 - Threads
V9zuox47zr0 Functions in C++
VaenJmZOTSI Serialization #9 - Arrays
ViRXn-0eBvA 3D Game Programming - Episode 28 - Continuing our Custom Launcher!
Vk7m9YAgdWY EASTER UPDATE + PRIVATE TUTORING SALE!
VuLvWbR5fHM Ep. 123: Modifying Image Brightness - Game Programming
VuYnjsDOx60 Maths in OpenGL
W3gAzLwfIP0 Welcome to OpenGL
WKs685H6uOQ CHESS! // Code Review
WXSGZhUDRtA Ep. 124: Integrating the Event System - Game Programming
W_aN7-3uIYM Game Programming - Episode 43 - Player Input
WgbpI1bX5LQ Indie vs AAA game dev - my thoughts on the games industry
WkBMoCbbgO0 3D Game Programming - Episode 17.5 - Creating an Applet
WnpXZItvfIo Ep.8: Text History - Network Chat Programming
Wt4dxDNmDA8 Making and Working with Libraries in C++ (Multiple Projects in Visual Studio)
X8nYM8wdNRE Inheritance in C++
XADVq08imnU Serialization #8 - Fields
XMwcNPD6soM Morning Coffee - Episode 3: More Variables
XOzd0VkVkmc Game Programming - Episode 78: Particle Spawner
XSIB5Fy80q4 2020
XugjVIOhXBE Ep. 97: Slow and Precise Entity Movement - Game Programming
XzK076Gl_yw Game Programming S2 E04 - Listening and Receiving Packets
XznJ6qasDmw Game Programming - Episode 86: Sub-Sprite Sheets
Y2bqHK8ZWwE Spelunking - Genesis Ep. 2 - Reviewing and Fixing My Old Ludum Dare Games
Y4J4ZdQGEgo Do you want to make GAMES or game ENGINES?
YC2u7TOZrCE Episode 33 - The Void Tile
YG4jexlSAjc BENCHMARKING in C++ (how to measure performance)
YIpqGPepQAs The FUTURE of Hazel (+ Material Assets!) // Game Engine Dev Log
YPWNNmlIUIo Rendering Architecture | Game Engine series
YRd2F1JDGlg Sparky Engine Dev Log #3 - The Start of Physically Based Rendering
YZKEjaCnsjU Rendering Context | Game Engine series
YbYV8rRo9_A Intro to Profiling | Game Engine series
YivhP1z71CY I'm Back! Let's Talk.
Yw7RpvmqvSE Testing Hazel's Performance! // Game Engine series
Z-CILn2w9K0 Entity Component System | Game Engine series
Z8DvXiMT1wc Episode 6 || The Cherno's Adventures in Minecraft
Z9LE3ksHEQQ Shader Library | Game Engine series
ZJJdLhx9u9c Optimization October!
ZKK5FeNYjMw 3D Game Programming - Episode 15 - Textures + More!
ZLpy1U-VBO8 How I got my FIRST JOB in the GAMES INDUSTRY
ZO68JEgoPeg How to make your STRINGS FASTER in C++!
ZPd9ruTML0k Game Programming - Episode 73 - Projectile Fire Rate
ZVy81M-IST0 Where to go next + Code Review | Game Engine series
ZZkVFPYur1A Source Code!
Z_hPJ_EhceI The \
ZtJ5AYpBgUM Material Workflow, MSAA, Personal Channel + More // Hazel Vlog
Zw8bWKBB0rs Game Programming - Episode 88: Importing Our New Sprites!
ZyfFCIFHYuk GAME ENGINE DEV REACTS to Cyberpunk 2077 \u2014 Official Trailer \u2014 The Gig
_1AwR-un4Hk Loops in C++ (for loops, while loops)
_3p4TJUff6g Ep. 10: Optimization and Maintenance - Sparky Engine (How To Make a Game Engine)
_9o7QQaOF3U Ep. 111: Text Spacing and Colour! - Game Programming
_AEhHac_L2w Game Programming Episode 92 - Basic Random AI
_HPCeO6MWvk How to start MAKING GAMES!
_Kj6BSfM6P4 Layers | Game Engine series
_SSklbu8VV8 FAREWELL AUSTRALIA! (Q&A Vlog)
_lnR96o4f8I Morning Coffee - Episode 1: Visibility in Java
_yHq335z1-Q Game Programming S2 E06 - Sending and Receiving Serialized Databases
_zQqN5OYCCM How to REALLY learn C++
a3IZ8WaIFAA Control Flow in C++ (continue, break, return)
aBuPmOGC7hU Content Browser/Asset Panel // Game Engine series
aJz_14Bi6KU Morning Coffee - Episode 7: Copying Arrays [1]
aSuF_qDTT9s Serialization #12 - Strings
acFQbgt1LsU Space Invaders Clone in C#  // Code Review
ajmBWgrJQrY Ep. 122: Images in Buttons - Game Programming
akxevYYWd9g Renderer Flow and Submission | Game Engine series
b1MjCdYe29M Vlogo
bDyMhUSmrys Evacuate - My Ludum Dare 30 Game + Review!
bKbZECPjQs0 3D Game Programming - Episode 4 - Drawing Pixels!
bP9IOCHgLP0 Game Programming - Episode 50 - Animating Sprites
bP9z3H3cVMY The Mutable Keyword in C++
bS9CiTFNvWc Hazel Engine - 2D or 3D FIRST??
bTAiINeDyUA Sparky Engine Dev Log #10 - Preparing for Release
bTHqmzjm2UI Abstracting OpenGL into Classes
bUUZ1iD9_e4 ALL IT TAKES... A Vulkan Story
bbZ-vAw6d3s Employability in Games Event + Game Engine Series + More Updates!
biGF6oLxgtQ BATCH RENDERING | Game Engine series
bsaEnFGt6JA Game Programming - Episode 89: New Player Animation + Poll!
bw6JsLnx5Jg Batch Rendering - Textures
bwFYXo0VgCc Our First Triangle! | Game Engine series
bwKepc4EQYU Ep. 21: Fonts - Sparky Engine (How To Make a Game Engine)
c7pG1AWXBy0 How I Started Programming
cGbiz2fzFK4 The Walls 2 - Minecraft PvP Survival Map
cbB2fh0UxZ0 Transforms | Game Engine series
ceakpNctcZs Do REAL PROGRAMMERS use Stack Overflow or Google? (VLOG)
cimYa67cR-U Sparky Engine Dev Log #11 - Profiling and Planning
craZOauWL9c Ep. 30: Online Users! - Network Chat Programming
cybc6XA1czo Building an OpenGL Base Library
d4IJfuYjmAw Minecraft with you guys!
d5_9EEfN-Mw GAME ENGINE DEV REVIEWS Ratchet & Clank: Rift Apart GAMEPLAY
d5wL6eZnWMU Shader Abstraction and Uniforms | Game Engine series
dDQ_PVoWMIA Setup: Sparky Engine (How To Make a Game Engine)
dDVoL9GDVCI Introduction to Visual Studio: Sparky Engine (How To Make a Game Engine)
dHHu2zmXeuM Network Chat Programming - Episode 1: Window Builder
dLSbzhGzRhM Game Programming - Episode 34 - Setting Offsets
dXAIiCUrSv4 Sparky Engine Dev Log #1
dZr-53LAlOw Logging | Game Engine Series
d_Bb7itDm0I Game Programming - Episode 56 - Getting Tiles the Right Way
dih5vlcU6wc Serialization #15 - Deserializing Fields, Strings, and Arrays
dnOfFcp8xcM Ep. 8: Shader Class - Let's Make Flappy Bird
dsrgv0afcYI Lighting - Genesis Ep. 4 - Reviewing and Fixing My Old Ludum Dare Games
dtImqwLPkrw Game Programming - Episode 84: Floor and Wall Sprites in After Effects!
dttr3OGVewQ Vulkan Week!
dvAuFzHSsVQ Game Programming - Episode 51 - More Map Creation
dwn_UrItwfw 3D Game Programming - Episode 5 - Playing with Pixels!
dwu4DAoac-I Game Programming - Episode 6 - Graphics Initialized
e0YTiO0Ur4o LIGHTS! // Hazel Engine Dev Log
e61rMGZi8V4 Game Programming - Episode 8 - The Screen Class
e9uTV44oOiw Maintenance | Game Engine series
e9wdXMsJuHA How to Get Help With Programming + New Website!!!
eHxRbuxAv78 Serialization #2 - Planning a Serialization Format
eSI4wctZUto Precompiled Headers in C++
eTqI9KyLJOQ Episode 2 || The Cherno's Adventures in Minecraft
eUsTO5BO3WI STRUCTURED BINDINGS in C++
eaqT0FtzjH4 3D Game Programming - Episode 20 - Continuing Walls, Fixing Bugs, and Managing Crashes
ehMg6zvXuMY Move Semantics in C++
erxUR9SI4F0 GAME ENGINE DEVELOPER Reacts to ROAD TO PS5 (Part 1)
etdSXlVjXss DESIGNING our GAME ENGINE
ezqsL-st8qg Ternary Operators in C++ (Conditional Assignment)
ezzQUFpoM8o Ep. 17: Multiple Clients - Network Chat Programming
f-GbHye1VFQ Multiple Render Targets and Framebuffer Refactor // Game Engine series
f3FVU-iwNuA Static in C++
f7mtWD9GdJ4 Local Static in C++
fJ2aNycxMEM Taking those first steps...
fLgTtaqqJp0 CLASSES vs STRUCTS in C++
fPSJnzA0nLY Game Programming - Episode 7 - Buffered Image and Rasters
fbYknr-HPYE lvalues and rvalues in C++
fm1MkcIHTFY Sparky Engine Dev Log #2
fs9ChRr4VHM Fixing Skeletal Animation Image-Based Lighting in Hazel
fsJfcvrhi2k Game Programming - Episode 79 - Particle Life Span
fuxI74X0uvc Creeper Dungeon - A Minecraft Map by Hypixel
g9HGp3icrIg The IMPORTANCE of DEBUG CODE | Hazel Dev Log
gCYBf05jvyw Cherno Chat in Action!
gDr4KBvQgW8 Channel Update - July 2015
gDtHL6hy9R8 Shader Abstraction in OpenGL
gNgUMA_Ur0U Multidimensional Arrays in C++ (2D arrays)
gPwASmGbakg ChernoCraft - The Project
gkEHofFbYyU LEARNING C++ with Java/C#/Python Experience // Code Review
h0OgLT6KJi8 Pull Requests | Game Engine series
h8T22tWQusc I'm Starting a PODCAST!
hJC6cjCp_YU Ep.12: Receiving Packets - Network Chat Programming
hS7lN169zoU Serialization #7 - From Bytes to Types
heFOQH1Sqpw 3D Game Programming - Episode 10 - Floors and Animation
iAdnFhNS110 Game Programming - Episode 53 - Pixels to Tiles
iH1xpfOBN6M 3D Game Programming - Episode 1 - Window
iIUhg88MK5M Native Scripting | Game Engine series
iN-7uMopK5g C++ is obsessed with operator overloading
iNuTwvD6ciI Object Lifetime in C++ (Stack/Scope Lifetimes)
iRjVOn3-8I8 Ep.13: Sending Packets - Network Chat Programming
iY6QbL_3L2I Diagnosing Performance Issues in Hazel
ijIxcB9qjaU How Strings Work in C++ (and how to use them)
ikjh2hvJ-f0 What Makes a Good Programmer - Yuri Minaev // Cherno Podcast #1
ilqJfU3bUtM Take It SLOW! (Game Engine Dev Log)
itABnU8F5iE Ep. 28: Server Commands - Network Chat Programming
izFHFYgRo1o Thomas Randall (Randy) // Cherno Podcast #2
j3mYki1SrKE Macros in C++
jELbKhGkEi0 Virtual Destructors in C++
jIJFM_pi6gQ Vertex Buffer Layouts | Game Engine series
jTgqnB1JLrE Making Game Engines is hard.
jc2C66q231A REAL TALK - Hazel Plans and Game Engine Series Future (Game Engine Dev Log)
jhH4z-f-B9o Pong Clone in C++ // Code Review
jjaTTRFXRAk Writing a Basic Renderer in OpenGL
jocXsYjGVPE Hazel's New Mesh System
k-uyNQ8-nn0 Serialization #13 - Deserialization
k2V9GJ9w5hA Ep. 22: Gorilla Audio - Sparky Engine (How To Make a Game Engine)
kACZlGpaKFk The Game Programming Series Offline (Downloadable)!
kBjlNxPRt1g Batch Rendering - Colors
kHW1jSXX3Io Ep. 3: OpenGL - Let's Make Flappy Bird
kQc2BUjORhs C# GAME ENGINE BY 16-YEAR-OLD! // Code Review
kQsHF7C-FUY I did a C++ University Assignment
kR72I88tQaM 3D Game Programming - Episode 30 - Colour Processing In-Depth
kdJhCv7lCD4 PARTICLE DEMO! // Code Review
knLTnUpvs4k Let's Take a Look At 2016!
kybleN1tiVQ 3D Game Programming - Episode 11 - Rotation
l7eW6Tw_uxg Game Programming - Episode 75 - Advanced Sprite Creation/Rendering
lNFAJPydlbU Game Programming - Episode 31 - Rendering Corner Pins
lZuje-3iyVE ImGui Docking and Viewports | Game Engine series
laGg6HVlnsQ Ep. 106: Debug Class and Rectangles - Game Programming
lgKID_-4rLE Game Programming - Episode 11 - \
lq5UqX9tDa4 The End of Network Chat Programming!
lwDdMYzUnxs What's going on with the Game Engine series??
mOSirVeP5lo I made it FASTER // Code Review
mS9755gF66w OPERATORS and OPERATOR OVERLOADING in C++
mW8eW3pLtmk 2D Renderer Textures | Game Engine series
mWgmBBz0y8c Lambdas in C++
mdJtdKA6H4s JUST DO IT! (Game Engine Dev Log)
meARMOmTLgE Entry Point | Game Engine Series
mj7qCwHTtK8 Creating a Map of Tiles // Game Engine series
mzJ60W8I_bk Why I Started Making Videos + Hazel HDR Environment Maps
n1S11YByJUI Game Programming - Episode 19 - Sprite Sheets
n4k7ANAFsIQ Textures in OpenGL
nAkUU8nVydE Game Programming - Episode 68 - More on Mouse Angles
nBB0LGSIm5Q How to make your UNIFORMS FASTER in OpenGL
nSEDCe9IRzc Weekly Update #2
nVZM2zSXaiY My Game Engine can now PLAY GAMES
nVaQuNXueFw ImGui in OpenGL
nc-WCVgBLLk Ep. 118: UI Buttons - Game Programming
nd4E9XSQgno Game Programming Episode 94 - Basic Chaser AI
njTgcayfhJU Sparky Engine Dev Log #13 - Text Alignment, Debug Menu Directories + More!
nk4IrF_3YYU Game Programming - Episode 61 - Launching the Spawn Level
nunP8GV6LZ8 Game Programming - Episode 76: The Particle Class
nyZHDLk9BiI Game Programming Episode 91 - Animating Mobs
nyZnRxvSJrY GAME ENGINE DEVELOPER Reacts to UNREAL ENGINE 5 EARLY ACCESS
o1_yJ60UIxs Blending in OpenGL
o2j6vpw3VGw Game Programming - Episode 38 - Procedural Rendering
o4_tPhgslcU Sparky Engine March 2016 Release!
oCwJ7cwveBE Lapsis - My Minecraft Machinima Series
oD1dvfbyf6A Buffer Layout Abstraction in OpenGL
oESRecjuLNY Making the Hazelnut Editor Look Good! | Game Engine series
oEx5vGNFrLk Timing in C++
oIV2KchSyGQ Virtual Functions in C++
oME2UINjhus Ludum Dare 27!
oN6NG-pVilM Swiss Weekly Update!
oY0e3CBI5hY 3D Game Programming - Episode 26 - Custom Resolutions
o_0bdD_zUas Ep. 8: Simple Renderer - Sparky Engine (How To Make a Game Engine)
odFybGvozOM Ep. 14: FreeImage - Sparky Engine (How To Make a Game Engine)
od_aKE_m38Y ALL OF THE UI! // Hazel Dev Log
odaV_B7_DsA Ludum Dare Tips: Development!
ogQTYSokqAI My Game Engine can now SHOOT THINGS!
oqTAHwwSA9I 3D Physics! // Hazel Engine Dev Log
or1dAmUO8k0 Using Libraries in C++ (Static Linking)
ozBLLTaQaRk Game Programming - Episode 17 - Key Input
p4sDgQ-jao4 Function Pointers in C++
p5_EaF8usc8 Ep. 2: OpenGL Extensions - Sparky Engine (How To Make a Game Engine)
pGEO_GnvRlk Shift Timelapse - Ludum Dare 32
pHO95sUiiR0 Question and Answer Live Stream
pLy69V2F_8M Using Dynamic Libraries in C++
pP4MzZbCWVs Ep. 15: Textures - Sparky Engine (How To Make a Game Engine)
pU0u-4_jebA Game Programming - Episode 52 - Loading Level Files
pWZS1MtxI-A Casting in C++
pWwT9D6MqGY Year of Content.
pYGPCSFGaxQ Game Programming - Episode 74 - Projectile Collision
pYSkULc1dWc Ep. 25: Client Disconnecting - Network Chat Programming
pctGOMDW-HQ TIMESTEPS and DELTA TIME | Game Engine series
pgWrMAnNsaU Ludum Dare Tips: Programming Languages
piCiSPCaRG0 3D Game Programming - Episode 7 - FPS Counter
plP1cQVTkBo Game Programming - Episode 40 - Mob Framework
ptK9-CNms98 Integrating Github With Eclipse
q39GnqVhLf8 Let's Make Something in Hazel! // Game Engine series
q7rwMoZQSmw Camera Controllers | Game Engine series
qCSyy5BTDuc GAME ENGINE DEVELOPER Reacts to Ratchet & Clank: Rift Apart
qCc_Vqg3hJk Multiple TYPES of Data in a SINGLE VARIABLE in C++?
qCm5kuzSjn8 Ludum Dare 26 UPDATE!
qE8p8voTLzo Ep. 126: Serialization - Game Programming
qEfohFgQ1-I TEXTURES | Game Engine series
qEgCT87KOfc CONDITIONS and BRANCHES in C++ (if statements)
qI7FAHWqrBk How to ORGANIZE your C++ Projects with Premake (OpenGL Base Library)
qITIvVV6BHk Making a GAME in ONE HOUR using MY ENGINE
qTGMXcFLk2E Ep. 7: Buffers and Vertex Arrays - Sparky Engine (How To Make a Game Engine)
qYxTP7wrCho Argument Evaluation Order in C++
qbDrqARX07o SHADOWS! // Hazel Engine Dev Log
qeH9Xv_90KM BEST Visual Studio Setup for C++ Projects!
qiD39bB7DvA Visual Profiling | Game Engine series
qypoyfus8TQ Ludum Dare Tips: Software
r74WxFMIEdU Window Events | Game Engine series
rTG95k0qdqs Ep. 24: Cleaning Up and Making a Game - Sparky Engine (How To Make a Game Engine)
rX2YQOs9y6A Serialization #5 - Serialization Writer Basics
r_5fF1AxgpU Starting our 2D Renderer | Game Engine series
raj1Y5bF_wk SubTextures - Creating a Sprite Sheet API // Game Engine series
rd5LORkRG5E Ep. 11: Layers - Sparky Engine (How To Make a Game Engine)
rh31YOZh5ZM Game Programming - Episode 14 - FPS Counter
riZrJlqsc_g Ep. 104: Mob Targeting! - Game Programming
rkxrw8dNrvI Vertex Arrays | Game Engine series
rqUy_MZdEvw Game Programming S2 E01 - The Beginning... Again
rr1GPVzyG00 Visualizing Physics Colliders // Game Engine series
ryRf4Jh_YC0 VECTOR/DYNAMIC ARRAY -  Making DATA STRUCTURES in C++
s5srQHN_lnI 3D Game Programming - Episode 3 - Arrays
sEiZZ2APlDs Preparing for 2D Rendering | Game Engine series
sHkvtROCm10 3D Game Programming - Episode 27 - Decorating the Launcher
sIAXLH7ZqCw BASIC 3D GAME ENGINE based on Hazel! // Code Review
sLlGEUO_EGE Track MEMORY ALLOCATIONS the Easy Way in C++
sLmAWwIHTM8 Network Chat Programming - Episode 2: The Login Window
sQ9c_c19_bw Game Programming - Episode 67 - Projectile Angles
sULV3aB2qeU Premake | Game Engine Series
sb1FtMYAcYQ RAY TRACING! // Code Review
sgQGyMl-Nvg April Channel Update!
skBXS9cFknc Sparky Engine Android Support LIVESTREAM!
smD6nn1Lz98 Ep.14: Server Command Line Arguments - Network Chat Programming
sog3eS6sgN8 3D Game Programming - Episode 24 - Making Our Launcher Work
st4lgNI6_F4 ImGui | Game Engine series
t4QsNTnNf0I Game Programming - Episode 55 - A Bad Way to Map Tiles
tI70-HIc5ro Bloom.
tJDof3nrfHU How I made a DOCUMENTATION WEBSITE for my Game Engine
tOKKVAwrAVw Morning Coffee - Episode 5: Arrays [1]
tT0aASvOMlw Weekly Update #3
tU4xZOjtPdc Game Programming - Episode 26 - The Tile Class
tcjCedMyBUk Ludum Dare Tips: Planning
tgeKL_y7DpY Game Programming - Episode 21 - Creating Sprites
ts1Eek5w7ZA Namespaces in C++
u-YyCiy50n4 Game Programming - Episode 3 - Game Loop
u3yq8s3KuSE Drawing Component UI | Game Engine series
uPkXZmOuqGI Game Programming - Episode 16 - The Map
uQl1C8ZvYqk Game Programming - Episode 46 - Finishing Player Graphics
uQljBVVb-lU ImGui Thumbnail Layout - Content Browser Panel // Game Engine Series
ubZn7BlrnTU Camera Systems | Game Engine series
ucW3mBoTyTw Episode 18.5 - Creating an EXE File in Java
ufcmUZqHx4U Game Programming - Episode 25 - Random Level Basis
ul8gH4eFbQY Episode 27 - Creating Tiles
usmsUrK3-qM 3D Game Programming - Episode 29 - Launching The Game
v1SRHrCa4XQ GAME ENGINE DEVELOPER Reacts to ROAD TO PS5 (Part 2)
v5UDqm3zvcw Batch Rendering - Indices
v7JX5mSw0O8 Ep. 23: Sounds and Sound Managers - Sparky Engine (How To Make a Game Engine)
vD4SeWUspsQ Cherno's Subreddit (/r/thecherno)
vDF8o0aht5I Game Programming - Episode 85: The Player Sprite!
vWU8EltWTfM Intro: Sparky Engine (How To Make  a Game Engine)
vWXrFetSH8w BEST WAY to make Desktop Applications in C++
vYW6TOwFK2M Static Analysis in C++
vcPzBm3DmX4 Game Programming Episode 90 - Mobs / NPCs
velhSXA2CnQ 3D Game Programming - Episode 16.5 - Exporting Runnable Jars
vjbim2cv5Sg Serialization #4 - Binary and Bitwise Operators
vtWdgtMo1T4 What is a GAME ENGINE?
vxqtELkd8FI Game Programming - Episode 70 - Projectile Sprites
w-jK-RRffqE Graphics and Rendering - Genesis Ep. 3 - Reviewing and Fixing My Old Ludum Dare Games
w41Aw57q5Ss Game Programming - Episode 59 - Defining / Creating Spawn Level Tiles
wJ1L2nSIV1s Stack vs Heap Memory in C++
wJtf-xlA5IA Ludum Dare 33 - I'm in!
wXBcwHwIt_I Threads in C++
wYVaIOUhz6s Preparing Framebuffers for Mouse Picking // Game Engine series
woSa-ZMJl-Q Textures for Entities! // Game Engine series
wziDnE8guvI Scene Hierarchy Panel | Game Engine series
x0H--CL2tUI Vertex Attributes and Layouts in OpenGL
x0uUKWJzSO4 Sorting in C++
x55jfOd5PEE ENUMS in C++
xGY03LB0iVg Mob Lighting - Genesis Ep. 5 - Reviewing and Fixing My Old Ludum Dare Games
xZs6K7VLM7A Projection Matrices in OpenGL
x_Ph2cuEWrE Model View Projection Matrices in OpenGL
x_lf9VHzQzM 3D Game Programming - Episode 23 - Graphical User Interface (GUI) Launcher
xf7Y988cPRk How To Render CIRCLES (OpenGL/Vulkan/DirectX/Metal)
xiSW4UgjLKU Scene Viewport | Game Engine series
xinFrIcQWVg Game Programming - Episode 63 - Collision Detection
xlAH4dbMVnU VISUAL BENCHMARKING in C++ (how to measure performance visually)
xnopUoZbMEk Event System | Game Engine series
xwzeXGB4BI8 What is Cherno engine?
y0pKgSpMkWw Ludum Dare 26, baby!
yBP1gSbQPPM ImGui Events | Game Engine series
yD47_hq75q0 Event System and Dispatcher
yGggmfDGGv0 Sparky Engine Dev Log #7 - Multiple Rendering APIs
yNklmkehkX0 2014 Channel Update!
y_xi9JSY6OY Episode 4 || The Cherno's Adventures in Minecraft
yjVSs1HtAng Content Browser Panel - ImGui Drag Drop // Game Engine series
ykjtuSkt9g8 Should I Go To University?
yot7ZHTrAS4 Creating a Scene System for my Game Engine | Hazel Dev Log
yuhNj8yGDJQ Input Polling | Game Engine series
z9OzuvFAT7A Game Programming Season 2
zABXBasTNeQ Game Programming - Episode 71 - Projectile Range and Precision
zB9RI8_wExo Variables in C++
zBr5tqMeUEM How Materials Work
zOoLR-FPvJU Ludum Dare 24 - I'm In
zUdaT19aSxA LOOK AFTER YOURSELF | Hazel Engine Dev Log
z_66eco_Bwo Ep. 120: UIButton Actions - Game Programming
zaJGn8pur5I Key and Mouse Codes | Game Engine series
zbGKiTMHhbE Game Programming - Episode 28 - Offsets
zbd1UAqhR8w Ep. 121: Polishing the UIButton - Game Programming
zn7N7zHgCcs Open/Save File Dialogs | Game Engine series
zqmgcQd6ayc Sparky Engine Dev Log #5 - Physically-Based Rendering
zv_wd3Rj3RI Creating a Texture Test in OpenGL
