-4mfn4UmrXg Do Black People Get Nervous? - Theo Von and Donnell Rawlings
-6WEnBv9LF8 Elevator Baby | This Past Weekend w/ Theo Von #302
-AIVRTFfnDY Game Show: What does Theo know?
-Fj1e-l_T_o Theo Von Reflects on Mortician Interview
-ZcD_76mrJU Theo Von Has That Rare Body Style
-bhFsKlvg8U Tim Dillon | This Past Weekend w/ Theo Von #288
-djPpqvLsgE Theo Von asks Chris Hansen if He Wants to get Murdered
-eQ5gM__xWs Stop Fake Baby News
-p3ET5tVFqg Storms Are Sponsored By Airlines Now | @Theo Von
04NafEbsGaM Riff Raff on Simon Rex | Theo Von
053yc3RUZEo 5-01-17 | This Past Weekend w/ Theo Von #20
08iHWOmI4pc Extreme Sports Were Different When I Was Growing Up
0FY7AirdVxk Suga Sean O\u2019Malley on His Hair Style and Tekashi 6ix9ine | Theo Von
0NFDqebms9U Heather McMahan Vows To Find Riley Mau The Perfect Woman
0Q2jU51-fuM Theo Von Performs Laughing Exorcisms
0VwY-8XLdUE Suga Sean O\u2019Malley on Getting Face Tattoos | Theo Von
0Z3a2qDzv1E Theo Von Talks Denver
0_u--wZBqWQ Get On That Riff Raff Diet
0g44YloRvzA Theo Von Reacts to Harry & Meghan Leaving the Royal Family
0kPPH3t2u0Q Hug Machine | This Past Weekend w/ Theo Von #368
0n9yTzKhANA Theo Von On Bill Burr Upsetting People At The Grammys
0uRsKc7zSUQ Trevor Wallace | This Past Weekend w/ Theo Von #376
0vOl8_rhXGc Walking down the street with Kid Rock
0w_DRajaHV0 Ms. Pat Remembers Her Friend Bob Saget
0yU56KVhFY4 Theo Asks Out Girl on the Beach
1-x51mV2j7M Bryce Mitchell Rear Naked Choked Out A Deer To Death | Theo Von
10o6ZNGwAyM Ryan Williams | This Past Weekend w/ Theo Von #366
112KqlDhhNQ Gary Owen Threw Thai Noodles at His Cambodian Opener
159gwtGcoLo Couple Has a Surprise Baby
161ymT28zwE Theo Von Recaps Eddie Alvarez vs Dustin Poirier 2
16baOmVAOW4 Theo Von on New Hampshire
1KBUKHcbki4 Nick Swardson | This Past Weekend w/ Theo Von #195
1NcE_DWxoFk Busboy Is Life | Theo Von
1W62dhdkKNc A Jockey | This Past Weekend w/ Theo Von #346
1Yd8DZ-8u3I Theo Von and Boosie Badazz: Raising Cane\u2019s vs Chick-fil-A
1_RfV_0yzI0 Are We Coming to the End of Times?
1asNrmAa7UM Theo Visits Bill Clinton's College Home
1ihLXVtTcMo Andrew Santino & Theo Von on Louis CK's 'Parkland Set' & Judd Apatow's Response
1kBegCnT0SY How To Combat Italian Superstition
1oE8XuUKUM4 \
1p4vvPo3lg8 Detective Mike | Theo Von
1pjoB6eMgjg The Real Wolf of Wall Street Jordan Belfort | This Past Weekend w/ Theo Von #210
1tooD0xRg-0 Great Expectations | This Past Weekend w/ Theo Von #220
1ugibDpxqPI Theo Von on Drew Brees Injury
22g40YmjY8s Theo Von Asks Chris D'Elia About Serving a Grand Slam to Logan Paul
2AWYvh5tizE Podcast Champ: Theo Von V3
2FHg1VhVFrk 1-30-17 | This Past Weekend w/ Theo Von #7
2f7G0tnxNhM Theo Von on Tekashi 6ix9ine Entering Witness Protection
2i3DwKWbKbs What Theo Von Eats
2na9QsPdc5Q Diplo | This Past Weekend w/ Theo Von #284
2npWd3CLnlA Using Senior Citizens For TikTok Clout
2pVmr79HUHs Chelcie Lynn | This Past Weekend w/ Theo Von #292
2tXBb-yz4dg The Craziest Things Sold At Auction
2w9Aj3Uc8q0 Rise Up Lights | This Past Weekend w/ Theo Von #365
31lY_cj6hvE No Prom?! | Theo Von
31vLPjsFpeM The 2020 MLB Season is Going to be Wild | Theo Von w/ Dodgers Pitcher Walker Buehler
32nU6_qQh9U Howie Mandel and Bobby Lee Prank Someone with Fake DNA Paternity Test
3ARSpnfXLnk All Over the Place | This Past Weekend #109
3AszqOT0Dsk My Life Falls Apart With Daylight Savings
3J4xTMwpex0 Two Italians Throw Television Off 42nd Floor Balcony
3LLNfOevag8 Theo Didn't Know You Could Run Out of Gas
3RaFL1BoPhM Showing Your Locker Room Body
3V73Ua4UPZE Christmas Possibilities | This Past Weekend w/ Theo Von #372
3aOtyulnzKM The Elevator Baby | @Theo Von
3bCfb66xhEM 4-24-17 | This Past Weekend w/ Theo Von #19
3kbcE3lJ8AA Swipe Society | This Past Weekend w/ Theo Von #363
3oRgcotCPtg Logan Paul Leaves California
3u5dPV97Et0 Josh Wolf | This Past Weekend w/ Theo Von #323
4-JC_C0ShiU Jim Breuer | This Past Weekend w/ Theo Von #320
4B94Bo7aVYA Eclipse Urine-ers, End of The World Party Hosts |  | This Past Weekend w/ Theo Von #38
4GjO2dXxIrw Has Anyone Ever Hit You For Repping the Wrong Team? Nick Swardson and Theo Von
4H4vvmUUCEA Theo Von and Riff Raff Remember the Good Old Days
4Jsh8zDCknE Saint Patrick's Day
4Kn8xCxj2VI Theo Von on His Relationship with His Mother
4Ll19FofPZ4 Theo hunts with Falcon Hawks
4RQKinUJvhs You're Not Alone | This Past Weekend #133
4TH1QS582SA Theo Finds Out Riley Has Never Masturbated / Golden Oreo
4YtulcOixLc How Do I Know You\u2019re Not A Deepfake?
4Z9lD5jhsoo Good to Be Back | This Past Weekend w/ Theo Von #237
4cYuWLZI5kw Jordan Peterson on Alcohol
4dcBu4mYtT4 Neal Brennan | This Past Weekend w/ Theo Von #246
4fjWlB75XQo Amanda Knox | This Past Weekend w/ Theo Von #225
4hreaYATKu8 Egg Hunt | This Past Weekend w/ Theo Von #298
4lCE626ruYc Theo Von: Weiner Dogs Attack
4lLncfBYBGY Andrew Santino & Theo Von on Chris D'Elia & TFATK Guest of the Year Shenanigans
4uhtCABeazI Boosie Badazz on George Floyd\u2019s Murder: \u201cBlack Families Should Be Compensated\u201d
5-jLxFwkKnI Shane Mauss | This Past Weekend w/ Theo Von #168
52UYlWkB-0I 2-27-17 | This Past Weekend w/ Theo Von #11
52q0fbstQ34 First Time for Everything | This Past Weekend w/ Theo Von #205
54fUncsQc9A What Did Theo Von Do As a Teenager?
57RHpyKwVaA Would You Forgo Your Existence For The Perfect Life?
5EmAa33WOhc Theo Von Tries Ketamine Therapy
5EpyfBDQ6ls A Mortician on the World\u2019s Most Extravagant Caskets | @Theo Von
5G_GAkGI5Gg Never Too Late | This Past Weekend #90
5MmDtQU36bg How Did Chris D'Elia & Theo Von Meet?
5RRtSB-hWww H3's Ethan Klein & Theo Von Reflect on Their Bill Burr Interviews
5S1FRm4RTXA 1-15-18 Azizcusations. Deceased Sensuality. Surprise Callers. | This Past Weekend w/ Theo Von #67
5UGfQN5Elw4 12-21-17 How to be a Man at Christmas | This Past Weekend w/ Theo Von #61
5UftUGTSMXQ Theo Von on Losing Your Dad Young
5WsgyWCyzOg Theo Von Sits Down w/ Dustin Poirier Before Rematch w/ Conor McGregor
5Y4yTfxlQZ4 Theo Von\u2019s First Date Tip
5YWYHZw8OSA Favorite Movies, British Sidekicks, Men w/ 1 Testicle | This Past Weekend w/ Theo Von #29
5ZoqojpVwCU Greyhound Breakdown #1 w/ Angel | This Past Weekend #91
5_lEHIN5Z0o Animal Rights Around the World | Theo Von
5cP1oBs10OQ Dustin Poirier Inks New Eight Fight UFC Deal
5kDHtCPFapA Theo Von on Australia and the Untold Story of Noah's Ark
5kG0mHnykWA Theo Von on Old School Love
5mwk8XGrZKg Jo Koy 3 | This Past Weekend w/ Theo Von #303
5rml_kKwjCs Two Ounces of Kill Your Cuz | Theo Von
5uK5vwe1z4s Theo Von & Whitney Cummings on Young Love
5uvrEW2Yu-M Theo Von Remembers Going To The Arcade
5wxxnT0qV-c David So | This Past Weekend #130
61sSSxqZ600 Cinnamon Wilson | This Past Weekend w/ Theo Von #147
64Alr9uzFcE Joe Biden Is So Old
69Q_UeU5OQs 9-18-17: Surprise Guest, Cleveland, Callers | This Past Weekend w/ Theo Von #42
6GAT1vZZK4M Theo Von and Diplo: Not Everyone Should be Defined by Their History
6GDG--FLAPs Sadie Hawkins | This Past Weekend w/ Theo Von #243
6N6qnxUxqPg Theo Von & Mark Normand Talk About Brendan Schaub
6PU9384EDCA A Female Trucker | This Past Weekend w/ Theo Von #307
6REvrnOX6i0 Theo Von talks FUE hair transplant procedure
6VxuAuODhqw Theo Von: Listener Gets Fired
6XVQujqqjNs Theo Von On His Relationship With A Higher Power
6ZT0Bk15a7s Hitchhikers, Amputees, Callers, Promises, & Patreon | This Past Weekend w/ Theo Von #27
6fJJK_gH_nM Brandon Moreno | This Past Weekend w/ Theo Von #381
6gitPEdH9Dk The Ego That Can Come With Fame
6m_aqcS-8sI What\u2019s Your Crime of Choice? | Theo Von and Impractical Joker Joe Gatto
6o229QU-_B8 Eddie Bravo 2 | This Past Weekend w/ Theo Von #148
6rXBZkdtpZU Smoothies Are Getting Too Healthy
7-C-ko-C3vM Theo Von and Bryce Mitchell on Cody Garbrandt\u2019s Future
7-HIk5wIYNI Gianni Paolo | This Past Weekend w/ Theo Von #202
708xDP84-g8 I Wouldn\u2019t Want My Kid to See Me in a Helmet
70fsRG7OeBE 1-11-18 Responses to Wife Strife | This Past Weekend w/ Theo Von #66
73_wdzFIT0o 3-13-17 | This Past Weekend #13
75EqmBcuDkY Theo Von\u2019s Thoughts on Racism
75ko6BuFGA8 Theo Von on Testosterone Therapy and Hair
765PJ2yUerI Poems About Feminism | @Theo Von & @Jim Jefferies
76MVusi8YLg How Waylon Jennings Influenced Travis Tritt's Life & Singing
7GFiRQoiJG8 Theo Von on Canada: What Is It?
7H057w-i4Ng Theo Von and David Arquette on Brody Stevens
7HFvlINfZjA Turtleneck Soup | This Past Weekend w/ Theo Von #319
7JQFoKIoFas Iron Man Chris Nikic | This Past Weekend w/ Theo Von #318
7No1T6oMoYA Hot Bass | This Past Weekend w/ Theo Von #286
7_7oAeRzzgg Chris Distefano | This Past Weekend w/ Theo Von #170
7bvjZMqWn1w Last Chance U's Coach Jason Brown Discusses Resignation
7bwUQZDWqsI Theo Von Training MMA: Week 2 Report
7qy4RCNBfP8 Tony Hawk & Jason Ellis | This Past Weekend w/ Theo Von #373
7vMKnIons0c Boston Dynamics Robot Dog \u201cSpot\u201d in Singapore
82UgNjayQFA Kilo & Stitch | This Past Weekend w/ Theo Von #326
83FrWWm08UE Theo Von on Adult Asthma
886pfmQ3DAQ Are Commercials Inciting Racism? | Theo Von and Andrew Santino
8ATfwlkrWdw Looking for Keys in My Subconscious | This Past Weekend w/ Theo Von #171
8I1jxa_15Mw Taut Baby | This Past Weekend w/ Theo Von #296
8UbNglumSlg Perth Path | This Past Weekend w/ Theo Von #201
8Uy4TQsaY2A 5-29-17 | This Past Weekend w/ Theo Von #24
8aKASqzV41M Nick Swardson\u2019s High School Mushroom Trip | Theo Von
8hCuJlcd2xE 2-19-18 War of the States | This Past Weekend w/ Theo Von #75
8k8ZoomsLvw London Returns | This Past Thursday #82
8qmsVswcXk0 Theo Von Takes Call From Struggling Alcoholic
8xuGqz5PXQM Mike Posner | This Past Weekend w/ Theo Von #241
9-mvALWoB-0 Theo Von on Relationship Animals
91ENqRCeZrI How Nick Swardson Dies | Theo Von
91TsjHfyWcI Theo Von Responds to YouTube Comments from \
91hLW_9KKR8 Quarantine Reports from Callers Around the World | Theo Von
91kjGDZFXKk The Champ is Here | This Past Weekend w/ Theo Von #190
91sRTZe3dEs Jordan Peterson on Alcoholics Anonymous
92qdsxo5dyw Robert F. Kennedy Jr. | This Past Weekend w/ Theo Von #306
93HIPdbf_V4 Feeling That Yule | This Past Weekend w/ Theo Von #251
94dWXIIXFFU Thick Upper Crust | This Past Weekend w Theo Von #262
98p0iq8WB5Q Just a Suggestion | This Past Weekend #99
9DcfP-yNeVM Michael Bisping Breaks Down Conor McGregor vs Khabib Nurmagomedov
9GiN74FRBPM 10-2-17: Happy October, Goblins, Knee Jerk Reactions | This Past Weekend w/ Theo Von #44
9GoVTQcFuik Theo Von Responds to Dungeons & Dragons Caller
9J1tFSC99Hk Men Have Always Made Poor Hair Choices
9MUc-qYipc4 Should Gina Carano Have Been Fired From The Mandalorian?
9ODOF-P8hrw Vincent Jackson Messaged Theo Von Before He Died
9PXc99lrUNU Theo Von and Diplo on Riff Raff
9Slh7RpdyWA Theo Von describes where Logan Paul went wrong against Floyd Mayweather
9VYJNCO3oAM Tales From the Drunk Tank | Theo Von
9pT5rBsyiAI Happy Thanksgiving
9sW0OmzcmL0 The Problem With the COVID Vaccine | Robert F. Kennedy Jr. Explains to Theo Von
9vDPvOZrWQg You Can't Do CPR Anymore at Restaurants
9wUJhFUV14M Animal Control Gets Called To DUI Stop
9yAj5IWN-7Y Sebastian Maniscalco 2 | This Past Weekend w/ Theo Von #223
A0nk4ik-p10 How Baseball Contracts Work: Theo Von w/ Dodgers Pitcher Walker Buehler
A7Ax49Q_Ll4 Good Vibe Tribe | This Past Weekend #129
A95Q6ZpH04w Joey Diaz on Selling Subarus During the 1980's | Theo Von
AEKRmxL1jpA 3-6-17 | This Past Weekend #12
AI0uiDHLOoI Private Citizens Can Own Tanks? | Theo Von w/A Gun Man
AI5rdKnaGx4 Local Trouble in Nashville | Theo Von
ALchoCz4xMM Selling Breast Milk to Bodybuilders
ARQTnOONZjY Nick Saban Doesn't Owe Anyone An Explanation
ARZ31Y_3lX8 TJ Miller on Working with Steven Spielberg | w/Theo Von
ASop0zsdm20 David Arquette | This Past Weekend w/ Theo Von #294
Ak581D2ggNQ Jo Koy on Jon Lovitz and Chelsea Handler | @Theo Von
AoAV5s4HpkE Male Auctioneers | This Past Weekend w/ Theo Von #345
AsfzB7MOaMs Snow Day | This Past Weekend w/ Theo Von #173
AyF_1eWUjnk Fortune Feimster | This Past Weekend w/ Theo Von #254
BFShx7Nxo-w Kane Brown | This Past Weekend w/ Theo Von #321
BH_smA4qUa4 Theo Von Opening Joke at Morgan Wallen Fundraiser
BKlu8tLDYSo Robin Tran | This Past Weekend #89
BLAoCian4BU Do You JUUL?
BUzNZtd5yd0 You Don\u2019t Wear a Leather Jacket to a Mexican Restaurant
BVZVgst8Mjg Ari Shaffir | This Past Weekend w/ Theo Von #176
BmBJnQr8ZL4 Cory Sandhagen | This Past Weekend w/ Theo Von #324
Bnh6MMzPR9M Get the Ham | This Past Weekend w/ Theo Von #165
C-jfBxigL7k H3's Ethan Klein | This Past Weekend w/ Theo Von #244
C0g3SCU5Cso Theo Von & Bert Kreischer on Challenging Yourself in Comedy
C4In9rRk810 Theo Von Fights A Cat
C8migsWEI-s Where is Trump's Wall at Now?
CCIeHc8LdnE David Spade | This Past Weekend w/ Theo Von #233
CCjoe-qExwY Theo Von Contemplates How to Effect Change
CRfmxfpPUqI Trick Lung Mickey Update | w/ Theo Von
CSYwxX4D0U4 11-13-17 | This Past Weekend #51
CUvuGnxCsGA Fake Machu Picchu | This Past Weekend w/ Theo Von #188
CVG-sLMunJE Bryce Mitchell | This Past Weekend w/ Theo Von #371
CYCQuGUrPRs A Mortician Buries the Remains of a WWII Soldier Killed in Action | @Theo Von
CaQ_kYGjXcU Trying To Meet A Good Lady
CbSlKvlLC0s Theo Von Thinks Video Games Used to Be Better
Chopc4-_auc Theo Von and Charlie the Dog
CiGR3Gg8-es How Dustin Poirier is Preparing for Abu Dhabi
Cnal8kyJzoY Suga Sean O\u2019Malley on Finishing Moves and Eddie Wineland KO | Theo Von
Cp3iGHtemlI Meeting \u201cCool Older Guys\u201d As Kids | @Theo Von & @Jo Koy
CqjujYBDZvM Theo Von Remembers Billy Conforto
CsL1JyNQsqA 3-27-17 | This Past Weekend w/ Theo Von #15
D-14cfwIlVY 7-17-17: Disneyworld, Nationalism, Infidelity, & Cat recipes | This Past Weekend #33
D-vD9NUBQMM 11-27-17 Animal Man Fights Swan | This Past Weekend w/ Theo Von #55
D4qIcEvxQ2I 11-20-17 Dark Arts Spectacular | This Past Weekend w/ Theo Von #53
DEDDcjrkq_o John Crist | This Past Weekend w/ Theo Von #350
DGgUAnZ2QiI Theo Reviews Comments
DIXjanhGHT4 Theo Von Reacts to Car Jumping the Daytona Beach Bridge
DIfvZKettls We Need New Maps | This Past Weekend w/ Theo Von #163
DMv-O5woCq0 Bobby Lee 3 | This Past Weekend w/ Theo Von #256
DUf_kjcKvU4 1-09-17 | This Past Weekend w/ Theo Von #4
DX6EZr5HVSQ Theo Von's #SatMornToons from This Past Weekend - Volume 3
D_2lr-WXYnY Theo Von Claps Back at Chris D'Elia
D_VXsKGOzV8 Round Italian | This Past Weekend w/ Theo Von #317
DeQQ9cAoqio Theo Von Reflects on Dustin Poirier - Khabib Nurmagomedov Fight
DfVU8t_T7iQ Dr. David Perlmutter | This Past Weekend w/ Theo Von #187
DiWJg9MzC7s Andrew Santino Claps Back | @Theo Von
DpCd5kLcDus Is Theo Von Buying a Zoo in Mexico?
DqhSVXTpQjc Chris D'Elia is the Embodiment of the Dark Arts
DuF68sbVF-s Huffing Cups | This Past Weekend #117
DwkbKsm5WEI Boosie Badazz: Why You Have to Leave the Hood When You Make Money
DyfbznA0FzU Who Is Listening? | This Past Weekend w/ Theo Von #182
E1-gWRfnJ6g Jocko Willink on His First Time Hunting with Joe Rogan
E1L9ofINcq8 Bert Kreischer on Being Sober During Sober October
E3wo4vtjKTg Theo Von: Nothing Changes If Nothing Changes
EGUVX85ywDI Theo Von & Donnell Rawlings on Tekashi69 Going to Prison
EGh4GL2VjPM Theo Reacts to Caller Getting Hit by a Train
EMqJ5qPY1T0 Theo Von Checks In With Riley Mau
EOTsBrhCA2s The Evolution of Icy Mike | Theo Von
ESKzUEOw-nQ Mexican People Work Hard
EWc3gb_UUDc Video Game Guns | Theo Von w/A Gun Man
EX-xsNPPN_Q Reaction to Stamann vs Nurmagomedov Fight at UFC 270
EdOrR31YzjA 12-4-17 Greek Art and Yuletime | This Past Weekend w/ Theo Von #57
EdnUb-u1nAs Hair Pyramid Scheme, Takes Callers | This Past Weekend w/ Theo Von #43
EdnluMVSkvI Theo Von & Donnell Rawlings Talk About Race
EeVdOSevpXM Sexual Expectation and Marilyn Manson
EjFqSOyxQs0 Theo Von & Jim Jefferies on The Kennedy\u2019s
EnQi0cy9rDk Theo Von on Late Night Texts
EnvpT5r_3wU 1-1-18: Like a Virgin | This Past Weekend w/ Theo Von #63
Eo3Y2DwNCEs Theo Reacts To Jake Paul vs Tyron Woodley II
Ez21jSUEouc 10-9-17: Ralphie May, Love, Callers, Nat-cicle, and More | This Past Weekend w/ Theo Von #45
F1cCiyDPtJ0 Andrew Schulz | This Past Weekend w/ Theo Von #180
F4iAfouqW6M Bobby Lee | This Past Weekend #116
F7FvFkKQ2Pg Theo Von Loves Relish
F97oO7F8xDM Sex Before A Fight | Dustin Poirier
F9cMlMbdecE Theo Von on Anxiety
FLm-wgFRf5Y Theo Von and Morgan Wallen Trade Old Stories
FXXQlb1G8JI Thinking About Somebody Else
FXh28z-R_Ac Michael Chandler Calls Out Tony Ferguson
Fe625BvRlFk Chelcie Lynn: When Pranks Go Too Far \u201cI shouldn\u2019t have done this\u201d | @Theo Von
FfVkoLs3C04 Microdosing and Dentistry | Theo Von
Fk78pLfGAdI Golf Correspondent | @Theo Von
FmOKYcFNxl0 Boosie Badazz: Black People Should Have Their Own Economy
FmkI4j89UEg Theo Von Confronts His Fear of Snakes
Fpo4-N3p4UY 11-23-17 | This Past Weekend w/ Theo Von #54
FqhdxZWlW-E Theo Von's First Cell Phone Bill Was $7k
Fs5MSl2PJb8 Shirt's Too Short | This Past Weekend w/ Theo Von #179
Fu-IgrpHeW4 Ari Shaffir on Eating G-pig (Cuy)
FvAb5SRks2o Theo Von Describes His First Trip to San Francisco
FwplPZkI6_k Things Aren't That Bad | Animation with Theo Von and Jordan Peterson
FybgIOflRBw Taking Another Man on a Straight Date | @Theo Von
G7q6aV3hSh8 Theo Von on Bathroom Nervousness
G9OT1cnzpxg How Long is Tekashi 69 Going to Live? | Theo Von w/ Neal Brennan
G9oU4eBLHuI Nick Swardson Remembers His Friend Norm Macdonald
GBHN3nhb6Xs The Childhood of a Kennedy | Theo Von and Robert F. Kennedy Jr.
GEY_fw3yJP0 Where They At?
GGky6HltsFA Theo Von & Josh Wolf Rent Out Convention Center
GJQUo_4Nxcc Logan Paul on his Rematch with KSI and Combat Sports Future
GK5xe31tah8 Theo Von Making Riley Mau Uncomfortable
GMJcXQMY_Ys Tait Fletcher | This Past Weekend #86
GNywzm2oDrI Jordan Peterson | This Past Weekend #110
GR9cSguMXvs Theo Spends Time With His Mother
GZ9-ty_J0qk Theo Von Reacts to Saints Loss and Being a Fan
GgAKgknI5EI Jay Mohr Tells Theo Von Chris Farley Stories
Ggaf-VcGm84 2-5-18 Aliens with Integrity | This Past Weekend w/ Theo Von #72
Go-DCgo3rv0 Theo Von on Dustin Poirier and Conor McGregor Fight
GutDxAFLYUI Last Chance U's Coach Jason Brown | This Past Weekend w/ Theo Von #219
GzlWKqULZWA Adult Asthma | This Past Weekend w/ Theo Von #299
Gzps6uShnCA Theo Von on Kaepernick\u2019s Netflix Show
H2AK7cqyvwQ Jo Koy & Theo Von Exchange Kat Williams Stories
H2qpQhqNcmk Dustin Poirier's Prediction for Dan Hooker vs Michael Chandler Fight
H5FmsZWlrZQ 8-28-17: Mayweather McGregor Fight, Hurricane Harvey, Vancouver | This Past Weekend w/ Theo Von #39
H7qa8RnuUm4 Impractical Joker Joe Gatto | This Past Weekend w/ Theo Von #234
H80xWJzklXA Show Up | This Past Weekend w/ Theo Von #143
HCR8iTpGG8E Valentine's Day Special: Bobby Lee & Khalyla | This Past Weekend w/ Theo Von #174
HEWsY7iJDuQ Named After Meat | This Past Weekend #87
HMxJT88P7Ew Teenage Easter | This Past Weekend w/ Theo Von #382
HOkm_VetLnQ The Academic Life of a Football Star | @Theo Von w/ Tony Mandarich
HRf_26PQXtU A Few of Theo Von\u2019s Favorite Statues
HRf_p5EYEsU Should brother teach each other masturbation
HbIllcZrodo 29 Year Old Virgin | This Past Weekend w/ Theo Von #111
HdhfopsaKwc is @mark normand hot?
HfDcsNyCKHg Theo Von on David Spade & Bhad Bhabie
HlXKGZRCyF8 The Aerosmith Concert | Theo Von
Hp7KmTjPqVg Theo Von on Brotherhood
Hsck4-l5Z7o Theo Von Listener Sends His Mother to Hospital with Weed Brownies
HtLZpfxsGUk When Did You Lose It?
HuBZlujwU9U State Wars March Madness Pt. 2 w/ Jo Koy | This Past Weekend w/ Theo Von #185
HuFBRvac0HU Tiger King\u2019s \u201cDoc\u201d Antle Explains Joe Exotic\u2019s Downfall | w/Theo Von
HwqcJ1z9fbk Group Think | This Past Weekend #125
Hx_ofqEwKSA Fight Breaks Out in the Stands at Tyron Woodley vs Jake Paul
ICAv2QycXfY Theo Von Remembers His Dad's Friend Cinnamon Wilson
IEIPtZaP63U Easter Oyster | This Past Weekend w/ Theo Von #329
IJ3NoIWL1ug Why Did People Hate Dane Cook?
IK9ecUvRTZM Conversations with Joe Rogan are an Experience
IRBr336V1Gw Booty Hawk | This Past Weekend w/ Theo Von #304
IV8u8INDeg4 Chris D'Elia & Theo Von Talk About Education Reform
IVzXe3FH63g Theo Von and Impractical Joker Joe Gatto on the Tenderloin in San Francisco
IajpdEsDdlY TJ Miller\u2019s Yogi Bear Audition | w/Theo Von
IbCQgVTt8U8 Theo Von and Kane Brown Give Back to Single Mom
IfYN65hmr6k Theo Von on the Tyson/Jones Fight
Ii845pDRC2c Pavel Tsatsouline: Building Endurance the Right Way
ImDQfOtj-Cg Theo Von & Bert Kreischer: Reality Bites Back
Iqb1f0Ggoh8 Best Buy Nighttime Email
J0IgcPLPOuU Theo Von Talks White Privilege with a Logger
J49GxdQaeK0 State Wars March Madness Pt 5 w/ Barstool's Caleb Pressley | This Past Weekend #193
JD3RuN3Sa64 No Dirty Carrots | This Past Weekend w/ Theo Von #184
JDYoEfANNio Theo Von and Diplo on Why They\u2019re Huge Tekashi 69 Fans
JFgQigCPw1M Gary Owen Tells Theo Von Katt Williams Stories
JHk8CPeyCPs Cory Sandhagen Breaks Down Jan Blachowicz vs Israel Adesanya
JIsuTPUYi0g Whitney Cummings's Ayahuasca Ceremony
JKlS-9rgbDg Theo Von and Suga Sean O\u2019Malley Describe Their First Time Going on JRE (Joe Rogan Experience)
JMWSJNzuEbM First Comedians back on stage amid Coronavirus
JQaSMx1ySTg How An Anesthesiologist Became A Ketamine Doctor
JU8wnJC5NbY Theo Von Sells Off All His Cryptocurrency
JW5kx2Zs4lQ Theo Von Meets a Mariners Fan
JWI1MSvX2Y4 Magicians, Clowns, and Pedos
JZsYifKaWrU Ron White | This Past Weekend w/ Theo Von #154
Jb8sMA8biRQ Theo Von Opened for Suzanne Somers
Jf9aHS3Yweo Scoliosis | This Past Weekend: #77
JlTYGihFd2A Nocturnal Emissions | This Past Weekend #127
Jl_p5r9wiHQ Easter Feaster | This Past Weekend #85
JpNf8sHJTD8 Theo Von's Idea of Heaven
K4jbH95HFpo Beige Power | Theo Von
K4mZUmOyaE8 Cleveland | This Past Weekend w/ Theo Von #235
K6NzLWSRN4Q Theo Von Takes Acid on his Senior Trip to Disney World
KC_pXH46Fd8 Theo Stays At A Sober Living Facility
KDwd9NR0fIM Christmas Spectacular with Will Sasso | This Past Weekend w/ Theo Von #158
KE4geNJshRk Reaction to Moreno vs Figueiredo at UFC 270
KF-23SrnSdE Olympian Turns Back On Flag During National Anthem
KFNzMn4_0Ho Howie Mandel | This Past Weekend w/ Theo Von #172
KVZ2DsfhCvs Theo Von and Dustin Poirier Breakdown UFC 249
Kb1-iQ7jqzo Joe Jitsukawa & Theo Von on Gary V
KmenSidDlys Wordsmithing
Kr6Wwdp_KGs Theo Shares His Orgasmic Meditation Experience with Nikki Glaser
L0e6Pegliog What Is Potential? | Theo Von
L3ha1ngmgUM Tiger King\u2019s \u201cDoc\u201d Antle on how Netflix's Documentary Got It Wrong | w/Theo Von
L61vUBYtOVc The Lord Showed Up As a Dang Baby
L8h-s4iWELw The Mail is the Dark Arts | Theo Von
LBYc6_qm6pg Morgan Wallen\u2019s First Kiss
LHTplsX0-Do Bert Kreischer 2 | This Past Weekend w/ Theo Von #268
LHcqH8s5IeY Certain Curtain | This Past Weekend w/ Theo Von #247
LJguTUzs2Yo Gender Reveal Starts Fire in California | Theo Von
LNI_hJWZDSM Whitney Cummings | This Past Weekend #108
LR71NptCpkE Theo Von on Maine
LWe1nnoqtl0 Little Caesars Swastika Pizza
LahR1iJU7mQ Theo Von Reflects on His Bill Burr Interview
LhT4Ppfhxvs Frovember | This Past Weekend w/ Theo Von #242
LiRC9KbvASo Why Raising Cane's Founder Won't Add to the Menu
LnCUucKBiec A Mortician | This Past Weekend w/ Theo Von #301
LtK3RNW5sMo 64 Colors | This Past Weekend #97
M1ppihDbBkU Caller Donates PlayStation 5 To Single Mother
M2b-MQGHkxA Cheek to Seat | This Past Weekend w/ Theo Von #214
M3F2hv4dpa0 Theo Von Reacts to Louis CK's New Special
M9Ash3r09oU Bonus Nugget | This Past Weekend w/ Theo Von #229
MB0skHTlbMA Theo Von and David Spade Take Calls from Adam Eget
MBakzZVHdjo Theo Von Remembers Going to Birthday Parties as a Kid
MCn-s7E6Q-I Michael Chandler | This Past Weekend w/ Theo Von #305
MIE48vwUDcw Theo Von Takes Calls on Kissing Practice
MQ9EWMtDxbA 1-29-18 Great Uncle Issues | This Past Weekend w/ Theo Von #70
MR4VWBDG60s Bobby Lee on Chris D\u2019Elia | Theo Von
MSUMFncHur0 State Wars March Madness Pt 3 w/ Nate Bargatze | This Past Weekend #189
MVDJaXULlsQ Joey Diaz | This Past Weekend #124
MWJB8B7l4Ow Return Vibes | This Past Weekend w/ Theo Von #379
MXE1ZJ0FXHY Joe Rogan Is That Ivermectin Bad Boy
Mg9Ds5aRqJk TPW #317 Hitters
N3bfflmGOoA New Studio | This Past Weekend #78
ND3IhIj4KzU Why Theo Von Got Sober
NDF1vdDd0Ik Fifty Cent Sniffs | This Past Weekend w/ Theo Von #224
NGdClOVH0as 6-19-17: Father's Day, Step Daddy Etiquette, Takes Callers | This Past Weekend w/ Theo Von #28
NIe84_0PzXw Sebastian Maniscalco ont Hosting the MTV VMAS
NSjEqM7USgA Dr. Jordan Peterson | This Past Weekend w/ Theo Von #328
NTBY15cxUQI A Turkey Farmer | This Past Weekend w/ Theo Von #367
Nc4HTFnigCc What Would You Be Like If You Let Yourself Go?
Nd250Ah5b0A Theo Von on Deer Hunting
Nd_YUSqkO68 Joe Jitsukawa | This Past Weekend w/ Theo Von #144
NeHAMoN7U_s Theo Von on Man Who Killed Osama Bin Laden Refusing to Wear Mask on Plane
NhsfBMtFdNM The Heimlich Maneuver Story | Theo Von
Nj8G3-taTQE Theo Von Reacts to Ari Shaffir's Kobe Bryant Video
NkuSqnRFuQM 2-1-18 Fear | This Past Weekend w/ Theo Von #71
Nw3bQdooc0E Theo Von Responds To Bobby Lee's Mullet
O0AnXftKXb0 Theo Von on Triplets
O5O_yYZU4IY That French Lick | This Past Weekend #131
OAD6gU4ddTw Tom Brady's Prowess as an NFL Quarterback Discussed
OBYyrCRo_WE Theo Von Once Ate Psilocybin Mushrooms In High School
OCJclrZ2AQY Halfway to Christmas | Theo Von
OKRAM_qBXzA What Happens During Ketamine Therapy
OU3HVJ6fySE Theo Von Reminisces About 90210
OW5wfWxsUWU How They're Going To Get People To Have No Sex
OZUcryffGGI Dee Snider | This Past Weekend #106
OZWb9l08DBc Bill Burr and Theo Von Disagree on Once Upon a Time in Hollywood
OZlKjeeaovw Searching for Abuelito | This Past Weekend w/ Theo Von #269
Od-7vLPzCxo Theo Von & Andrew Schulz Riff on Riley Mau and The King and the Sting
P493Jw2iBfI Chad Ochocinco Rides In The PBR
P928MUs12CE Europe | This Past Weekend w/ Theo Von #255
PADTa6GQPys Theo Von Listeners Share Their FTCT Stories
PCNHe859coQ Third Place Babies | This Past Weekend w/ Theo Von #312
PDKT-qhw_Ec Biggie Smallsberg | This Past Weekend w/ Theo Von #347
PF_JnSlH3HU Geographic Regions Explained
PT6hwWSFFPo Moment of Silence, White Privilege, Rest Area Sensuality | This Past Weekend w/ Theo Von #41
PTtd1SMZ0cw Theo Von Talks Greyhound
PVtQZpITdSg Theo Von on \u2018The Noid\u2019 from Domino\u2019s
PWpWvCpQ-hM Kyle Dunnigan | This Past Weekend w/ Theo Von #348
PYX49gkinJ8 Theo and Bryce Mitchell Breakdown Amanda Nunes vs Julianna Pe\u00f1a Fight
PZw_AeiJFUw How I Knew I Was A Comedian
P_FquRct1I8 A Little Disjointed | This Past Weekend #121
PecAgvYjWnY Whitney Cummings Discusses Being a Female Comedian with Theo Von
PfemXYlrhXk Bobby Lee's Hilarious Threesome Story - w/ Theo Von
PlQEr0ruVLM 10% Inspiration 90% Desperation
PnYLvOgM7eE Have A Damn Donut
Ps2kR-1eut4 Theo Von Reminisces About Mom Coming Home
Q7uSAtjUVmQ There's Something About Marys | This Past Weekend w/ Theo Von #157
QDo9GUZsakw Back to Our Roots | This Past Weekend w/ Theo Von #293
QJoj4CmF5Tw Dad Wants a Lower Back Tattoo | @Theo Von
QNNy1iVzEI4 Theo Von on Tampa, FL
QNtwmUdG-mM Blind Person Tanja Milojevic | This Past Weekend w/ Theo Von #215
QRZ4KMtqXzc Theo Von on How Hillary will Replace Biden to run Against Trump
QRlolAOoJBA Ari Shaffir Reflects On Kobe Tweet
QWMDEqigdts Bill Burr | This Past Weekend w/ Theo Von #231
QcWyAFvoVls Chris D'Elia | This Past Weekend #104
Qck_CVCX6EU 5-8-17 | This Past Weekend w/ Theo Von #21
QeNW5UDIz7s Family Matters | This Past Weekend w/ Theo Von #209
QeTrKpVrDSA Pink Eye in Charleston | This Past Weekend w/ Theo Von #252
QiRxFGwxw4Q Bert Recaps Sober October
Qk5cM_4weNA Nextel Worst Phone
Qme1O7K3mpU Bryan Callen | This Past Weekend w/ Theo Von #325
QpNcV9OKWtw Theo Von & Ari Shaffir Talk Slavery
QrX02WjE2-0 Different Kinds of Corn | This Past Weekend w/ Theo Von #222
Qx622mMToDM Theo Grapples with UFC's Bryce Mitchell
R1c87uDjdrA Bert Kreischer | This Past Weekend #128
RA-uN6Hrq0w Are You Ready To Accept Aliens?
RCGcikEO-5A This Past Weekend Special Announcement: Patreon
RIUX63brMd4 7-3-2017: Stuffing Charlotte, How Do I American?  | This Past Weekend w/ Theo Von #30
RLVHhobY4YE What is that called again?
RLjyQbqgOaU What Drug Would You Never Take? Theo Von & Andrew Santino
RMqAUqizXMw Take What They Love
RMxo3iOa52k Theo Von & Bert Kreischer Remember Reality Bites Back
RNjr4WEY1ao Robert F. Kennedy Jr. | This Past Weekend w/ Theo Von #370
RTAnyLqEBWI New Digs | This Past Weekend #139
RbKe34eWO-8 Spring Romantic | This Past Weekend #83
Rb_NQiLghl4 Nick Swardson | This Past Weekend w/ Theo Von #369
RbotTkI7SFw How Minimum Wage Increase Affects Small Businesses
Rd-QY3sS3eM Theo Von & Neal Brennan on Living With Depression
RlQ1U6QGI1o Remembering Norm Macdonald
Rlsvr1Gqiw8 Don\u2019t Own A Van Without A Dog | Theo Von
RpFBRhhcDLM Always Have a Job | Theo Von
RuYIjt0rkUU Casey Frey Did Good Magic
RxFTpLiX7Ww Up to Nothing | This Past Weekend w/ Theo Von #274
S035-0IQp1o US Border Patrol Agent Roy Villareal | This Past Weekend w/ Theo Von #335
S5gJQDssNKE Who\u2019s Buying Guns Right Now? | Theo Von w/ A Gun Man
S8DTYYTsI-U Chris Distefano 2 | This Past Weekend w/ Theo Von #265
SBL1TlLPf9M A Sex Worker | This Past Weekend #132
SC_3Lvh5jYc Andrew Santino | This Past Weekend w/ Theo Von #162
SDy0UzL1sNg Mid-Sized Animal Control Man | This Past Weekend w/ Theo Von #330
SLlHW31sqIA Theo Von on the Alleged Attack on Jussie Smollet
SNeKqA_2GO4 Who would you eat? ft Bobby Lee and Theo Von
SOI4glMQuCo Craziest Street Fight Dustin Poirier Has Ever Seen
SOvx6B7sh48 Belated Valentine's | This Past Weekend w/Theo Von #380
SQIlnyYtZUY Elon Musk Has ALL The Money
SRmU8MbxKjI My Boy LaCedric
STa8z_6e67k What Made You Choose Stand Up? | Theo Von w/ Chris DiStefano
SUedNAiCuL8 Theo Von & Sebastian Maniscalco on Dating
Sa4yi4lAj74 Jay Cutler | This Past Weekend w/ Theo Von #357
Se7K6nVC_Hk 8-7-17: Snow Storms, Pop Up Shows, Takes Callers | This Past Weekend w/ Theo Von #36
SjHZePed9hI Urijah Faber | This Past Weekend w/ Theo Von #146
SjfUUOGe3cw Theo Von & TJ Miller on the Ari Shaffir Aftermath
SlAJNH7mAAQ What Could Producer Nick Survive?
SmnLbyEPPcE Stuck Yoovah | Theo Von
StYJG49NRJA Thug Nasty Bryce Mitchell | This Past Weekend w/ Theo Von #250
SzH75Xm49X4 A Police Officer on Domestic Violence During Shelter In Place | Theo Von
T3nM0SokNo0 Whitney Cummings & Theo Von Talk About Dating Comics
T5nU8F5rQdA Dustin Poirier on the Jobs He Worked Before Making It | w/Theo Von
T6SKOhc9ziw Heather McMahan | This Past Weekend w/ Theo Von #333
T6xq2Gch0ag Gingerbread Traphouse | This Past Weekend w/ Theo Von #356
TCHAe5SxJsY Theo Von Reminisces About Drinking from the Hose
TG40pDn29kc Kissin' Practice | This Past Weekend w/ Theo Von #263
TVwvFNVOR8k 2-12-18 Portland | This Past Weekend w/ Theo Von #74
Ta2CAz3R-jI The Media is Panic Porn | @Theo Von
TfgOcZ-NJ0I Think Differently | This Past Weekend #93
ThVq21htCcQ Ms. Pat | This Past Weekend w/ Theo Von #383
ThoLZFquUlU Makin' It | This Past Weekend w/ Theo Von #167
TpwQCn8NDUM Theo Von Gives Advice to His 21 Year Old Self
TsfneYvEaBs Reaction to Comedy Central Firing Executives, Andrew Schulz Video | Theo Von w/ Neal Brennan
U0csdWXmiwU Tickle Me Emo | This Past Weekend w/ Theo Von #207
U3Y4bTXhrkA Theo Von Interviews His Nephews
U3uPfCvdNfs Theo Von and Michael Chandler on Khabib
U5tUeb-31MM Theo Von Hilariously Recaps UFC 239
U7ZjQPUfoBc Robert F. Kennedy Jr. on Captured Agencies
UB2nSwakGlE Mark Normand | This Past Weekend w/ Theo Von #361
UHtDl6DhuVw Impostor Syndrome | This Past Weekend w/Theo Von #149
UQRHDfZM27E Attachment Theory | This Past Weekend w/ Theo Von #155
URbz0v1wcZk Bald is Beautiful | This Past Weekend #103
UU3WzFkPvFY High School Dealers Don't Hide
UXCATcgbQ44 Okay | This Past Weekend w/ Theo Von #177
UXp33AbZTdQ Road Revenge | Theo Von and A Female Trucker
UZujClDIZiM Robert Kennedy Jr. on Dr. Fauci
UiPh2O-YwN4 Theo Von's Magic Piano Song
UkwDbUyWgBk Nashville | This Past Weekend w/ Theo Von #295
UqXwoxII1c4 Theo Von's Fears of Success
Uz3zkeheg7A Go Pack Go | This Past Weekend #107
UzYSVIN-x4k 3-19-17 | This Past Weekend #14
Uzx0iwZflJ0 Carole Baskin is the Karen of the Tiger Kingdom
V-jnBJaOQqM Theo Von and Tom Segura Hashout The Best Fast Food Restaurant
V6bgD7n7RA0 8-14-17: Charlottesville, Media, Lee Harvey Oswald, Callers | This Past Weekend w/ Theo Von #37
V82Lj1NuJww The Rat King Rides Again
VBBVafS1LAw 4-3-17 | This Past Weekend w/ Theo Von #16
VEAhKnric54 Glen \
VH6rHDLQehM Theo Von on Bryce Harper's $330 Million Contract
VPXsByVpzVE Dustin Poirier on His Next Fight and Mike Tyson\u2019s Comeback | w/ Theo Von
VSMKOvZnk-0 Bhad Bhabie Music Video
VUsLsbsFDYo Sebastian Maniscalco | This Past Weekend #138
VVaqgCO9T44 Turtleneck Soup
V_Ss7F9xlEQ Theo gets tickled while on a cruise
V_UnzEAB6eA Travis Tritt | This Past Weekend w/ Theo Von #327
VcGv1hF1xEE Theo and Mark Normand Trade Crazy Heckler Stories
VjxdIu3wRmU Theo on Morgan Wallen\u2019s Allegations
VnNdhQDjw2Y Junctivitis Dalmont | This Past Weekend #95
Vo9ie3yrOYU China in a Nutshell | This Past Weekend #113
VzL4aSxrw68 Theo Von Salutes Davy Crockett
VzwUxRnUfnI Theo Von Confesses to Using Jim Gaffigan's Material
W1kw_pc6-E4 David So & Theo Von Compare Food Cultures
WF_NPAl9h6M What is Stand-up Comedy Going to look like Now? | Theo Von w/ Neal Brennan
WLd-sT2iKzU Theo Von & Bert Kreischer on the \
WPZLaY6OUe8 Postmates in the Rain
WQn_6_Kvj2s Theo Von and Diplo on Louisiana Music Scene
WRLYuQcfDy0 Jim Jefferies Organizes an Orgy
WS3dN9gU80I Using Mental Toughness To Overcome Life Obstacles
WWJFP6eRFGI The Swingers Story | Theo Von
WbXF_QcBVp4 The Legend of Billy Conforto
Wg8geDt3mjg Dodgers Pitcher Walker Buehler | This Past Weekend w/ Theo Von #285
WgfwqC5nQvk Washington DC | This Past Weekend w/ Theo Von #153
WhjlKGjzR4s Why Do Women Love Murder? - Theo Von & Chris Hansen
WmbMb74z9TY Comfort Cat | This Past Weekend w/ Theo Von #196
Wy3d7-aw2J0 Neal Brennan 2 | This Past Weekend w/ Theo Von #279
WzgHoHelDcI Theo Remembers Working In The Trades
X06yKvqMutE Lady Gives Theo Von Hard Time Over Not Wearing A Mask
X5IwmMU2cOk How to Find the Right AA Meeting
X7JLNM6986I Theo Visits The Last Blockbuster On Earth
X99uXcQxQFw Riff Raff & Theo Von Talk Mullets
XJKLLJHKhqY Stepdaddy's Sandwich | This Past Weekend #92
XLoWaQ1jblA Truck Stop Sex Workers | @Theo Von & A Female Trucker
XQxJXuS1N8s Bryan Callen Explains How To Age Gracefully
XS9WDnfQOT4 Tim Dillon & Logan Paul | This Past Weekend w/ Theo Von #228
XTinlRhM50Y Mark Normand Talks About Growing Up In Louisiana
XXn0JZJsP0E Tomi Lahren | This Past Weekend w/ Theo Von #253
XZEmmzq7nnI Charleston Chews | This Past Weekend w/ Theo Von #151
XgCKR_GnxCw Theo Von Asks Brad Williams Questions About Being A Dwarf
XjMKjVX51Qc Boosie Badazz on Owning All His Own Businesses
Xrt7Q8kc_2w Nikki Glaser | This Past Weekend #118
Y-y76uD21gk Rules of the Road | Theo Von and A Female Trucker
Y1-uvLjGWTc 1-8-18 Logan Paul. Gravy. Callers. | This Past Weekend w/ Theo Von #65
Y2LceDOQttg Emo Nemo | This Past Weekend #115
Y74phe0BoaQ Bryce Mitchell Buys The Perfect Truck
Y7dRb7Ko97s Theo Von Takes Call: Are We Going Full Blown Apocalypse?
YE3kSaXxnQE Reaction to Elon Musk Tweets and Tesla Owners
YEFs4CTq8Rg Theo Von Has a Vision of His Father
YIRGCNqG5Q8 Brian Barczyk | This Past Weekend w/ Theo Von #362
YKgZAlMOBns Ladies Night | This Past Weekend w/ Theo Von #275
YQJg9ZMrZhw Theo Von Describes Temptation
Y_DzIM9WNCI The Sound of Music Starring Bobby Lee
Yb3ababkd-4 2021 and Oppressed Olympians?
YiM21ofjHAA Never-ending Walmart | This Past Weekend w/ Theo Von #216
YmpRzWMqXuo Nick Swardson Got Expelled From School Four Times
YujKPgbya3Q Duncan Trussell | This Past Weekend #112
Z7ZZzuUVyhM Raising Cane's Founder Todd Graves | This Past Weekend w/ Theo Von #340
Z88SjOwgjqQ David Spade\u2019s Worst Date Ever | @Theo Von
Z9hSo4Suplo Theo Von and Trevor Wallace on Young Love
ZBiHBbGyVSg Theo Von: Be A Better Air Buddy
ZC4XscZWvNE Boosie Badazz on Starting His Own UFC
ZG1YPEXDlsg Blair Socci | This Past Weekend w/ Theo Von #375
ZJBi-XEw3wc Theo Von Reacts To Dustin Poirier Defeating Conor McGregor
ZM9pptsENWA San Fran Sleepwalkers | This Past Weekend #101
ZXZDBBfu8UI Bumpers Off | This Past Weekend w/ Theo Von #334
ZZVFFK_gQhM Theo Von Reflects On Dustin Poirier Interview
ZdrYaHs3e9Y Morgan Wallen | This Past Weekend w/ Theo Von #309
Ze6rsDhMUeQ Theo Von Loves the Dutch
ZihYeA7NmLM Will Trump Win in 2020? Theo Von and Tim Dillon
ZjJfXdgWRR4 Andrew Santino 2 | This Past Weekend w/ Theo Von #248
ZvGtq36CD8U Jocko Willink 2 | This Past Weekend w/ Theo Von #236
ZwlBYzZWp1o Don't Move to Portland | This Past Weekend w/ Theo Von #161
ZzA3IZ-ZDZc State Wars March Madness Pt. 4 w/ Jim Gaffigan | This Past Weekend w/ Theo Von #191
_8SBRIaUEjM China Dragon | This Past Weekend w/ Theo Von #287
_8fd6-DrT5o Theo Von on JK News
_8gBn2FAsuY 2-13-17 | This Past Weekend w/ Theo Von #9
_Kx-JxcDTTE Theo Von on The 2020 Election
_PRshc8ymIc Using Positivity As Momentum
_ZhdqJ9fXzU Francis Ellis Explains Why He Was Fired from Barstool
_Zmfm6VtHRc How to Make Transgendering as Equal as Possible
_h45l5yoNyk Creativity Guru Dr. James Kaufman | This Past Weekend w/ Theo Von #260
_nID5wAA5RE Chris Lilley | This Past Weekend w/ Theo Von #200
_oLaxNTlfKg Reaction to Poirier vs Olivera Fight
_oPDy8HRX3Y True Crime: Raccoons | Animal Control Man
_pu5t5y-x6A Jordan Peterson on Why Beauty Is Terrifying | w/ Theo Von
_r9_re7H2Qc Arctic Biologist Seth Beaudreault | This Past Weekend w/ Theo Von #221
_xCmLYGd2pk Theo Von Reacts to Chris D'Elia Canceling a Show
_ztQzlITNnI Theo Von's Best Intro Ever
a5vDdXEDz6k 12-14-17 Under the Weather. Being Blind | This Past Weekend w/ Theo Von #59
a8IJ7b8J7A0 Will Sasso Pitches a New Character to Theo Von
aB836j0eNjs 2-22-18 More State War | This Past Weekend w/ Theo Von #76
aCzGdR4mdbA Crouching Tiger | This Past Weekend w/ Theo Von #257
aDH1gi_qlog Theo Von Learns About Homing Pigeons and Falconry
aIqeJW1-d94 Theo Von on Halloween
aLVsTIm8mso A Hamster Is Not A Vetable Animal
aQ1Z7bm6-Is Honest with Myself | This Past Weekend #119
aQsPLNby7OQ Theo Von: Why Do We Keep Sending People to Space?
aRHNCFzKw_s Theo's FIrst Call Into the Hotline
aT2vgebntQg Theo Von's #SatMornToons from This Past Weekend - Volume 2
a_DZoyAMxqI Wrestling Movie Starring Podcast Heavyweights? Theo Von & Andrew Santino
aebp_kQgDSQ Theo Von & Dr. Drew Discuss Pornography Addiction
agC3fRre7TA Theo Von and Chelcie Lynn\u2019s Dream Guest
ak1Xjh39Wyg Theo Von Got Tested for Scoliosis
aqLTOP-trjA Nikki Glaser Gives Advice to the Female Audience
areLuJWF9c0 Trick Lung Mickey's One Year Transplantaversary Extravaganza | This Past Weekend #197
atccxTFA0M4 Moments | This Past Thursday #79
b2093E1mWsc Theo Von & Jocko Willink on PTSD
b3TljnvtNos Theo Von & Jay Mohr on the NBA's China Controversy
b86RNSQefOk Feel Armstrong | This Past Weekend w/ Theo Von #232
bFf6Ob6W7i4 Theo Von Recaps His Trip to Maui
bHYv46SusCY Just Tell Me What You Have
bSRwwTysEsY Theo Von Will Try Skateboarding
bU9opttNs44 We\u2019re Going To Start Seeing More Ghosts
bVOe7q8m5io Theo Von Remembers Living With Mr. Kin and His Cats
bZiBM8HRbZ0 Elon Musk Threatens to Move Tesla out of California | Theo Von
b_GAk355DSo Caller Wants Theo To Impregnate His Wife
baEEtqH6hI0 Make a Choice | This Past Weekend #141
bbEZCF3hfqg Medium Debbie | This Past Weekend w/ Theo Von #308
bbrVUfAXZU0 Bobby's Belated Birthday Party - Bobby Lee 4 | This Past Weekend w/ Theo Von #297
beDqSOg-az4 Theo Von Does Cocaine With A One Eyed Guy
bf8ZQkmHpX0 Theo Von & Glen \u201cBig Baby\u201d Davis on Boosie Badazz
bo1J6kqWYvw Theo Von on Doing Steroids | w/ Tony Mandarich
boRx7CDyqOk Boosie Badazz on Raising Kids: Can Children Inherit Hustle?
bszlr9CNIE4 The Good, the Bad, & the Ugly | This Past Weekend w/ Theo Von #218
burAVuXgM3g Double Left Field | This Past Weekend w/ Theo Von #227
bvMzEyZsZnQ Bert Kreischer Went to AA to Get Back His Wife
bylI_P3RbGc Theo Von on a Potential Solution to Racial Profiling by Police
cDa3XpIWORY Eddie Bravo Shares His Weed Experiences
cLfzwsD3c5s Seducing A Plumber
cNyqgXCLL9E Would You Bare Knuckle Fight Mike Tyson?
cTp2qDGCLl0 Urijah Faber on Logan Paul vs Sage Northcutt
cWB4CwflcoM Theo Von on Cancer Hair Options
cXXQlkgPn4A Limited Breadsticks | This Past Weekend w/ Theo Von #181
cXkRK_EvFtE Jay Cutler Adjusts to Life After Football
cboEgsAHeM8 Theo Von & Andrew Santino on Ellen DeGeneres
ccrJrM3t5Sw Gary Owen | This Past Weekend w/ Theo Von #208
cfVky6DtAgo Crying In The Gym
cmjeyPQ5Wbg Finding Meaning with Jordan Peterson
cnl5BdcUBUo Christmas Friends | This Past Weekend w/ Theo Von #332
cpCljDD7rKM Truck Stops Are The Mecca of the Dark Arts | Theo Von and A Female Trucker
ct-VmKp2klM Halloween, Bingewatching, Foursomes, People Eatin Snacks | This Past Weekend w/ Theo Von #47
cyOFXnLRyq4 Theo Von Remembers Butterscotch
d-OwCuMP0DU Michael Rosenbaum | This Past Weekend #114
d0t7rRnSlms 4-17-17 | This Past Weekend w/ Theo Von #18
d9algiG0-FQ I Got Electrocuted Again
dHHu2YyhikA I\u2019ve Been Watching Women\u2019s Softball
dTi_wSedeuM First Sip from the Hose | This Past Weekend w/ Theo Von #212
dVfUhubyLmY Theo Von Asks Dane Cook About Being a Lone Wolf
dXfY2jT2Pwg Theo Von Remembers the Mobile Zoo That Came Through Town
dbeOVGivFGA A Good Time to be Grateful | Theo Von
de0cjtqrYGw Knowing Inspirational People Makes it Hard to Give Up on Yourself
dh0xoDduaPw Theo's Fears and Excitement about Marriage
dkTj8y_KYWI 12-25-17 Merry Christmas | This Past Weekend w/ Theo Von #62
dppPJFKFtfg Theo Von & Tait Fletcher on Usefulness And Purpose
dqJj2_BQCPk Conor McGregor: Fighter or Celebrity?
dqa304rCTiw Who does Amanda Knox blame?
dxL3ZTri8iY Theo Von on Halloween
e-j7WiW6Lqw Rest In Peace Erik Myers
e5GzU7SV1Ig Relishing Independence | This Past Weekend w/ Theo Von #211
e7uSwYE-mVU How Chris Distefano Met \
eDpLOMo6e7Q Jimmy Tatro & Theo Von Narrate the Space Shuttle Challenger
eKZcilDrJVk Theo Von's Best Dating Tip
eOZkOaoiles Theo Von Reacts to Bobby Lee Pledging Allegiance to Chris D'Elia
ePWakctsFMI Jay Mohr 2 | This Past Weekend w/ Theo Von #239
ePsXScreOUU Geography 101 with Theo Von
eQpaI-CtwMw Run A Cheese Check on Ya Daddy | @Theo Von
eULrwY6XIOc Theo Goes White Water Rafting on the Ocoee River
eYYPsfMoJP4 Happiness Is Hard Work
e_M42-I2pI0 Theo Weighs in on Winter Olympics
e_bhlB_7p6E Riley Mao: Still Unjackable
e_xX-Ax_tt4 PBR's Jess Lockwood and Matt West | This Past Weekend w/ Theo Von #261
eaKleqNGPZM Ketamine Doctor Jason Pooler | This Past Weekend w/ Theo Von #341
egOzuWFCnRU 1-18-18 Me(n) Too | This Past Weekend w/ Theo Von #68
ema2XW3esT4 How Professional Bull Riding Is Scored
enLWWzPTTno Theo Von Loves Calling 911
er_ZHuNH6L0 Anything Can Happen in a Van - Theo Von
ew5PJbn06zk Theo Von Has Thanksgiving at Brendan Schaub's
f0EHWUxpFSY Theo Von on Foam Rollers
f0LdmPjg-p0 Michael Chandler Explains Why He Loves MMA
f2yvO866TjA Jimmy John Liautaud | This Past Weekend w/ Theo Von #314
fAdN-uCktTo Shots Fired @Bad Friends | Theo Von & Andrew Schulz
fJ10b2ouJVU Trust Your Instinct | @Theo Von
fJAFI7c1FOA A Plumber | This Past Weekend w/ Theo Von #249
fJHJkMVikLE Halfway to Christmas | This Past Weekend #105
fK87FCtX_9A Worst Weekend Ever? | Theo Von
fS5u_8V9v6g Halfway to Heaven | This Past Weekend w/ Theo Von #267
fShu9fmiyEA Enraged Giants Fan Reacts to Eagles NFL Draft Pick
fgM-CM-K50g Khalyla | This Past Weekend w/ Theo Von #336
flaAQPm_gmg The Fighter and The Kid Storms the Studio
fqpJcURn2y8 Theo Von Grills Bobby Lee & Khalyla on Their Sex Life & Relationship
g-x0rUvtohQ Paddy Pimblett Seekin Tha Smoke
g2Ly_L8lGrw Howie Mandel\u2019s Many Animated Voices
g2tfDI8CSEY Chris D'Elia Explains Cudas | w/Theo Von
g4xmjv0H2qM Theo Von\u2019s Insane Spanish Teacher
g5qzKQcDBYM Josh Wolf Has A Stalker
g8BqOUNjbN4 Sex at Dawn Author Chris Ryan | This Past Weekend #100
gCYveIKaROM Check Ball | This Past Weekend w/ Theo Von #338
gQePtHuFN40 Reaction to Chuck E. Cheese Rebranding as Pasqually\u2019s | Theo Von w/ Brad Williams and Jeff Dye
g_PkSuS9gJg Step Daddy Peterson
gbl_eqvxbOo Bryce Mitchell Solves Al Iaquinta\u2019s Raccoon Problem
giJj6cegcmk Chris Distefano | This Past Weekend w/ Theo Von #378
gkQ9Ntl2Ikg Andrew Santino & Little Dicky Party with The Chainsmokers | w/Theo Von
gpCQJd01oL8 That Time Joey Diaz Sold Josh Wolf
gtAOLkUMlOU So Much Smoke | Travis Tritt
h-UmspjMvj4 Think Of All The Jelly That's Out There...
h8dDECKX6ZY Risky Biscuits | This Past Weekend w/ Theo Von #277
hDNt1xzwtRs Jockey Mario Gutierrez Breaks Down His Kentucky Derby Win
hM6V9nriAQo Brendan Schaub | This Past Weekend #134
hMycPpPZM6M Thanksliving | This Past Weekend w/ Theo Von #310
hRBkv0rnpmQ Theo Von Responds to Caller About Chris D'Elia
hTdZ87E3moQ How Does D'eila Die?
h_DVcJIUfBg Theo Von and David Arquette on Tom Segura AKA Mystic Rick
hiEv_xbo1W4 Theo Von on Kids' Birthday Parties
hmGSn3YzQOY Magic Johnson's Relationship with Lakers Owner Jeanie Buss
hpAeRqia68o Smokin' Jahnts
hpPo_uKtbjI Last Words | This Past Weekend w/ Theo Von #349
hpXcDA0S--o Theo Von Talks to Caller With Friend on Meth
ht9vmAZrdVA Jeff Wittek | This Past Weekend w/ Theo Von #354
htRFWLtrwkM RIP Chips and Salsa | Theo Von
huI-y_I5QBI Neal Brennan on His Relationship with Dave Chappelle | @Theo Von
i18qNXRQ-Z0 Theo Von & Casey Frey Weigh In On Floyd Mayweather vs Logan Paul
i38JbuEqsfM Bert Kreischer on Being Drugged by Ari Shaffir | w/Theo Von
i3HusehOm7c Trump and Dr. Fauci Met With Robert Kennedy Jr. About Vaccines
i8HpZEmPaVE 11-6-17: What's real, Step Grandparent, Guest Segment & Callers | This Past Weekend w/ Theo Von #50
iB3gPik7Ul0 Media Profiting off of N Words
iFO9ZmcmeTQ Tom Segura | This Past Weekend w/ Theo Von #213
iOPmoNAPeJA Eddie Bravo | This Past Weekend #94
iOnDX4fbuug Chris Hansen's Judges Child Predator Bait
iRD1i8v98ZI Video Games Ain't the Same: Theo Von vs Bowser
iX4Knbhwi7I Drunk Guy At The Bar
i_qcyU2JiEI Daylight Savings | This Past Weekend #80
idskYej9Xbw Through the Sprinkler | This Past Weekend w/ Theo Von #289
ii-nsa-7Zes Theo Von: What\u2019s Going On? Nothing!
ijIvq7xr5QM Do Black People and Aliens Have Beef? | @Theo Von with David Arquette
imxRWKf8YjY Chirp Champ | This Past Weekend w/ Theo Von #264
iooSujLTFsI Music Roast w/ Stevie Starlight | This Past Weekend #102
iqmNWwuTDSI We Need New Maps | Theo Von
iulCq6dsMXc To All The Single Moms Out There
ivWM3o6hxOY Perspective Gadget | This Past Weekend w/ Theo Von #272
ixOsL9qUTd4 The Wendy's Call | Theo Von
j3iJ23C04xk Learning From Defeat ft. Eddie Bravo
j43tZJMneR0 Nikki Glaser | This Past Weekend w/ Theo Von #339
jALJACtuDJo Theo Von Goes Through Police Training
jCGjOZPcvsM Theo Von and Bobby Lee on The Social Dilemma and Cuties
jKxg1RAbWhE Bobby Lee Gets In A Fight At 7-11 | @Theo Von
jL3Rr4tlUmc Theo Von on Faith & Religion
jRnUqTeEjio One Degree | This Past Weekend #123
jUbNPoBp6FM Tiger King's Bhagavan \
jXmlWKUirGs Theo Von Reveals Next Big Hairstyle Trend
jY-f5ROOANQ Close Frisbee | This Past Weekend w/ Theo Von #342
jrDI8xMDaFY Yung Gravy & Dirt Nasty | This Past Weekend #259
jzcHoduomEE Jess Lockwood Talks Bull Riding Injuries
k-iN49d41JM Four Things That Are Going To Change | Theo Von
k2CQT8tvwKY Theo Von vs Brendan Schaub: You Look Like...
k4g5iX3evDI 10-30-17:  El Dia De Los Muertos, Adam Levine, Callers | This Past Weekend w/ Theo Von #49
k6PzQtBr4-k Stalker Stories
k7z4UD3x2eg Theo Von Gets Rejected
k8QLFhbfcRo Sam Tripoli | This Past Weekend w/ Theo Von #206
kJoXqW4IQVI Theo Von, Bobby Lee & Khalyla Talk About Being Attracted to People Outside of Your Relationship
kKj_x3MvKxo Theo Von and David Spade on Norm Macdonald and Jay Leno
kN3HvhnrxqI Theo Von: The Middle School Teacher Call
kQNFxU_NS9Q We Used to be Able to Get Upset at People as a Group
kRuifqa2ABo 2-8-18 Stuck Yoovah | This Past Weekend w/ Theo Von #73
ki3K5VIyXVU Gpig Takes over the Show
kogWTbq_Sq0 10-16-17:  Heimlich Maneuver,  Swingers, Pringles, Callers | This Past Weekend w/ Theo Von #46
ksZMdLkuXWk Should Shane Gillis Have Been Fired from SNL? | Bill Burr & Theo Von
kttw9sSQQ9c Single Mom Starts Only Fans | @Theo Von
kvUjCCM9ij4 Tony Mandarich | This Past Weekend w/ Theo Von #311
kz-fjmLof0w 7-10-17: Back to Basics, Nashville, Youth Caller, Underdog Hair | This Past Weekend #32
l4CToRPOm-w Endless Pineapple | This Past Weekend w/ Theo Von #175
l7pmcqNHEBg An Elf Is Just a Christmas Carnie
lFROh3_NiS8 Theo Von Roasts Bryan Callen
lI4awPMlWwg 5-15-17 | This Past Weekend w/ Theo Von #22
lIUynOoumZk Theo Von & Bobby Lee Act Out Execution Scene
lQHzwKUYbiU Man Calls With Breasts
lZqONscOyyI Theo Von & Ari Shaffir on Uber Drivers
l_ufrYRrl5s Somebody Once Gave Theo A Rock in Las Vegas
ld3gFs4E69E Andrew Schulz | This Past Weekend w/ Theo Von #331
ledwjEx3BvI Theo Von Went to Repticon
lhLRBbIcAe4 Theo Von on the My Pillow Guy
livTyL8kjvQ Theo Von and Morgan Wallen on Ride or Die Fans
lktVsPgFXLg Funeral Games With Dad | @Theo Von
lmGXqtAM3t8 Taking Another Man on a Straight Date | Bonus Calls
lp6bMIxVgvQ Nutvember | This Past Weekend w/ Theo Von #145
lv0MIceGk-w Chris D'Elia 2 | This Past Weekend w/ Theo Von #204
lx8Nn--5sYY Theo Von on Kevin Hart's Oscar Controversy
m4abX8AtbzI That Christmas Tickle | This Past Weekend w/ Theo Von #159
m9pioVOsIJE Theo Von on Dieting
mAS685gM06s Nicole Arbour | This Past Weekend #96
mCf82Y6WXW0 Relationship Animals | This Past Weekend w/ Theo Von #230
mDwI8gTPtiM Theo Von Gives Advice for Sweaty Hands
mEcLBjKAitE Theo Von Asks Bobby Lee if he Feels Asian in the Morning
mH3j8iYasHM Theo Von & Khalyla Hash Out Unspoken Attraction
mLyuC9DVID0 This Past Weekend with Chris D'Elia | This Past Weekend #186
mNUAlyv1dj0 Theo Von on Romance
mTM93QqBzFw We Gotta Ask Ourselves Questions | Dr. Jordan Peterson
mdGYriqw-iM Do We Live In A Simulation?
mdr6tg4XmBg Mr. Potato Head
moz-CmXO9Qg Theo Von Reminisces About Musical Chairs
mrmshlHcaZ0 The Mentality Of Social Justice Warriors | Dr. Drew
mwVAR273Drs I Think Cory Sandhagen Won BWDIK
n8NYTBSu7pY TJ Miller | This Past Weekend w/ Theo Von #266
nD9v4k-KHMg How Chris D'Elia Dies
nE9R6VmXwG0 Dustin Poirier & Conor McGregor Give Back
nEMFpd6Q_n0 Prices & Participation May Vary
nMwW8axYLsk Theo Von Responds to a Celibate 20-Something
nNBlUIhflJk Theo Von Describes the Running of the Bulls
nRrYswAEG-4 Theo Von & Jim Breuer Trade Norm Macdonald Stories
nS-yAeOkczM Should Social Media Be Regulated?
nUEK-s9v4Go What did Michael Bisping do before fighting?
nW3P8Mmn9lw Back from Outdoors | This Past Weekend w/ Theo Von #276
nesZenQD4wE Theo Von Caller Responds to \u201cYou Are Your Child\u2019s Government\u201d
ng5WcR58Yqg Soulpository | This Past Weekend w/ Theo Von #169
nguO3z9ScvI Theo Tries Cocaine for the First Time \u2014 Runs 11 Miles
nnKdGNisUCg The Future of Handshaking | Theo Von
nsq6QIVNIOE Beast Infection | This Past Weekend w/ Theo Von #245
nwNrCNSc3zg Daniel\u2019s Dog | Theo Von
nzvaqv3ECMg 1-23-17 | This Past Weekend w/ Theo Von #6
o0jnGzsBdMU 1-1-17 | This Past Weekend w/ Theo Von #3
oDasLJiBqlo 1-4-18 Denny's Shooter Call In and Virginity Values | This Past Weekend w/ Theo Von #64
oDqplfVkULc Boosie Badazz | This Past Weekend w/ Theo Von #280
oG1hwySjbHs Bert Kreischer on Writing Jokes About His Family | w/Theo Von
oPaG-kI4bHQ A Gun Man | This Past Weekend w/ Theo Von #273
oTvMhUR2_SQ 12-11-17 A Partridge and the Pression | This Past Weekend w/ Theo Von #11
o_8jwXnkCu8 Is Life Better Homeless? | Theo Von Responds to Caller
o_bUYwbIzBQ Drippy Mitts | This Past Weekend w/ Theo Von #226
oiBFvpI0WFQ Ear to the Back | This Past Weekend w/ Theo Von #360
osVYiVXOkt8 All Aboard | This Past Weekend w/ Theo Von #203
oveRO73AfpE Boosie Badazz on Homosexuality Being Pushed on Kids
oxrDu_vEFXE Raise Your Hand | This Past Weekend w/ Theo Von #281
ozsBXLu3bl0 Theo Von Meets Charlie Sheen
p-pqzPeAwvs Theo Von Reflects on His Relationship with His Father
p0OlhQMKNs4 Theo Von & Chris Distefano - The Comedian Draft
p2ixibUxnVM Tim Dillon on Ghislaine Maxwell and Epstein Deutsche Bank Case | @Theo Von
p79IDiWeLas The History of the Cleveland Indians Name | Theo Von w/ Jeff Dye & Brad Williams
p7ncag3d50k Bryan Callen Destroys Anti-Vaxxers in Epic Rant
pFLvG3d_T6Q Podcast Champ: Theo Von
pFPDnEjZ2n8 Theo Von: Ranch Dressing Funeral
pHwAI7-8ySg Theo Von on Opie Radio w/ Chris Distefano & Danny McBride
pIu6zwmKsto Molly With My Dog
pV0f__BrpwE A Whole Lotta Life | This Past Weekend w/ Theo Von #194
pd9RfhsncH4 Bhad Bhabie Video Viewing Party | TPW/TFATK Wall to Wall #1
phYL5r22S-k Gravel On The Road | This Past Weekend w/ Theo Von #344
ppG869Wcapk Marlon \
q0u70scMXeI Jesse Ventura | This Past Weekend w/ Theo Von #364
q5Q-lUYl9l0 7-24-17: Dating, One Love, Greyhound Bus Pipes  | This Past Weekend w/ Theo Von #34
q6OtjdVk8Do Chelcie Lynn's Family Smoked Marlboro's Just For the Jackets | Theo Von
q82DiqbsPwc Woman Arrested for Causing Crash at the Tour De France
qB6nbKuLSEM Ralphie May gave Bert Kreischer the idea for Secret Time
qG4kdpR3cuk Suga Sean O'Malley | This Past Weekend w/ Theo Von #282
qKPvV2R6UV8 Theo on Santa getting ready for Chrismas
qLJmmJntYnQ 7-31-17: Montreal, Sexual Diaramas, Hot Tub Neck Attacks? |  | This Past Weekend w/ Theo Von #35
qLW4wKeg3uo Theo Von on Coronavirus
qMSBvlTsqhk Red Rover | This Past Weekend w/ Theo Von #352
qQSsYIiecOI School Dances Were High Stakes
qWvU5qbg2vM Icy Mike | Theo Von
qc7xAq29J7Y Ari Shaffir's Salvia Trip
qh8JnOb_0hw Jeff Scott Memorial
qhTzOlby1sc Spirit Airlines Has Become the Bellator of the Sky
qhoh4sDL0OA We Need More Intel on Pilots
qlGSfyCff4M Dead Man's Curve | This Past Weekend #88
qo4O5p8L_mE Theo Von and Jo Koy Get Emotional Watching Sam Adams Commercial
r3zlJmquEUw Theo Von on Kansas City BBQ
r6RvXoF9AaI Pyramid Scheme | This Past Weekend w/ Theo Von #240
rDo7ZtJNRgo Theo Von on Pets
rG41TIyKfGA It Was Easier To Scare People 20 Years Ago
rH2H2bQEfrI Theo Von Does Exotic Meats
rHMNmEBdT8s Working from Home | This Past Weekend w/ Theo Von #283
rMF5nnNVPSc Santa's Coming | @Theo Von
rN0tfSgySi4 Dustin Poirier | This Past Weekend w/ Theo Von #316
rO5Vt5OUEB8 When Men Fight Animals
rVy4eGjsFsM Theo Von on Jussie Smollett Allegedly Staging His Own Attack
rW-FtunILns Behind the Scenes: Theo Von in Bishop Gunn's \
rZYhLNnqCjc Joey Diaz is Fed Up with Comedy
r_uKl_3TpCc 2-06-17 | This Past Weekend w/ Theo Von #8
rj3wG7EHrBc A Mortician on Strange Burial Requests | @Theo Von
rkLrV6lxJg8 Virtual Gnomes | This Past Weekend w/ Theo Von #315
rn19GyEL1NI 2-20-17 | This Past Weekend w/ Theo Von #10
ryJqKB1T7yQ Why Theo Von Won't Quit Smoking
s-pwigIlemk Spill The Duntlin | This Past Weekend w/ Theo Von #322
s5b5YrOnfHA Theo Von on Crank Texting | @Jo Koy
sGgke7kiRC8 Theo Von on The Birds and the Bees Talk
sKhzjf10sIc David Spade & Theo Von Talk About Fish
sL3zugnJ80g Still Not Stagnant | This Past Weekend w/ Theo Von #238
sPm-LdeGfuI What did Joe Gatto do for work before Impractical Jokers?
sSRej2wWVl4 A Bee Don\u2019t Give A Damn | @Theo Von
sSgR6iSD9JI Visiting A Cave In Kentucky
sUfx79XGO4U Theo Von and Tony Mandarich on Getting Help With Addiction
sUslFssANoE Theo Recaps Going To UFC 269
scAVf2V_HPA How To Silence Your Ego
sel-bxtb7LY Thought vs Reality
seylbLpb284 Spicing Things Up In The Bedroom
sfFxIho1pxA Eddie Bravo on Flat Earth | w/ Theo Von
sg-qwEwirrc Michael Chandler's UFC Debut: Greatest Of All Time?
sj12UC_2Rug Pittsburgh, Americans, Takes Callers | This Past Weekend #25
slF259U-Vns Theo Von and Morgan Wallen on Mullets
smRzkMw6RsU How A Turkey Farmer Does Thanksgiving
sq-kqyVxCBw Double Stripes | Theo Von
sqmeraVZHvI Theo's First Job at BJ's
sr28v8N-pGg Jim Breuer and Tracy Morgan Saw Someone Get Shot in Harlem
sr2orUNFoks Theo Von on Chairs
svYw5hMl6bU Theo Von on JRE and Brotherhood
tDo5Pmoro6Q 11-30-17 | This Past Weekend w/ Theo Von #56
tIYHCCTd9Y4 Animals Show Up When Theo Von Pleasures Himself
tIcITzqMXEA Lakers Owner Jeanie Buss | This Past Weekend #122
tOuNBLxUNU4 Donnell Rawlings | This Past Weekend w/ Theo Von #150
tQDGyZ22uOo Useless Products And The Idiots That Consume Them
tRCxNJZ8cdM Robbie Williams & Mark Hayes | This Past Weekend w/ Theo Von #374
tgVzgeTsI0k Theo Von on Eddie Bravo
tilColch4BI Nikki Glaser & Theo Von Talk About Sex
tkb27IHHw1U Theo Von on the 47th Iditarod
tp8lE6ayxxU Michael Bisping Was A Professional DJ
tpLGVOOUdPk Keep Moving Forward | This Past Weekend #135
tpkMCxXeJ5s Wolfed Out | This Past Weekend w/ Theo Von #337
txBuNoqaUhs The Man Who Overcame Tourette's - Marc Elliot | This Past Weekend w/ Theo Von #160
txcMhES29cw 9-4-17: Labor Day, What's in the Bag, Takes Callers | This Past Weekend w/ Theo Von #40
ty-6o1RdVqI Tim Dillon Predicts How the World Ends | @Theo Von
u0O8u0T9g6M Brad Williams on Quaden Bayles (with Theo Von and Chris Distefano)
u4IOwADhZz8 Pizza Hut is a Crust of it's Former Self
uGBklSQ3VxQ Michael Bisping on the Jobs He Worked Before Fighting
uRhgCMEn4K8 Michael Bisping | This Past Weekend #136
uUyaCbQ1lYI Chelcie Lynn's Origin Story | @Theo Von
uXZib0D9mgw 4-10-17 | This Past Weekend w/ Theo Von #17
ubf6WhJ1gLk Michael Chandler\u2019s Dream UFC Career | Theo Von
uiXd2E5lKwU Limited Alphabet | This Past Weekend w/ Theo Von #351
ul965eTlM18 How Bryce Mitchell Would Submit These 3 Deer
umGbuGHLQi4 Theo Von's Joe Rogan Experience
uoXDCrNjbhs What's Changed for Dustin Poirier Since Fighting Conor McGregor the 1st Time
uqMlE4ihL50 Theo Von Explains What Ketamine Therapy Was Like
usEWr17ZK6s Theo Von & Erik Griffin on Dina Hashem's XXXTentacion Joke
uuNxbTS0Eg4 Theo Von Tells Josh Wolf The Gnarliest Story He's Ever Heard
uxy5iWVKf_U Theo Von on Bridges (of Madison County)
uyEWZUYCUUs Sean O'Malley versus Kris Moutinho was like a scene from Rocky
uywGzMs0fD0 Maurice Clarett, Cory Gregory, and John Fosco | This Past Weekend #140
v7Zgk7MTioU Theo Von on Brody Stevens
vB4onHJoRWM State Wars March Madness with Bryan Callen | This Past Weekend w/ Theo Von #183
vC8wOpR1KPA Bobby Lee as Mr. Miyagi on Cobra Kai | @Theo Von
vCVRsSGkz7k Andrew Santino 3 | This Past Weekend w/ Theo Von #290
vFPyVMQ95MA Jordan Peterson and Theo Von Discuss Sobriety
vFbEuWwgBIc Theo Von on Kevin Bacon
vGbTnBDUMXY Theo Von and Tim Dillon on Taking Down the Hollywood Sign
vK-obxqyvFg Theo Von's Best Grey Block Pizza Ad
vK0f6Ae8tBQ I Used To Be So Nervous Talking To Women
vPYV9ZhZkgo Riff Raff | This Past Weekend w/ Theo Von #199
vS0EKKudzW8 Jamie Kennedy | This Past Weekend #98
vSLk5NeG9r4 5-22-17 | This Past Weekend w/ Theo Von #23
vZClo_q9ON8 Duncan Trussell on BS Jobs and Automation
vbLCQ4WC0Sg 1-16-17 | This Past Weekend w/ Theo Von #5
vbqdTVuhQbM Breech Birth vs Head First Birth | Theo Von
voiTgNiEzJM Bryan Callen Doesn\u2019t Like Identity Politics
vyhRc3NBeQ8 Trailer Trash Tammy Asks Travis Tritt A Question
w6pWfQeVFJQ Matt West Explains Why Brazilian Bull Riders Are The Toughest
wKO7IK3ym30 Joe Rogan and Theo Remember Young Sensuality
wTuEm46tR6k Jocko Willink on his punk band and meeting Henry Rollins
wUG8S_ygA8Q Theo Von & Chris Distefano on Joe Rogan and the Power of Podcasting
wVCLyCLrVuw How Bert Kreischer Met His Wife
wdu6vFc3-1U Kevin Nealon | This Past Weekend w/ Theo Von #166
wemSwVbkGI0 Erik Griffin | This Past Weekend w/ Theo Von #217
wi9FvvTza2s Theo Asks Santa the Important Questions
wlSzttGjH-k Theo Von's #SatMornToons from This Past Weekend - Volume 1
wnYkp5WuBwM When Flavor Hits | This Past Weekend w/ Theo Von #291
wqbAWYtLEIE Smoking DMT In Hawaii Helped Theo Von Quit Cigarettes
wtAyNbLfGys Jeanie Buss on Kobe Bryant
wxi4NOy5oHE Shane Gillis | This Past Weekend w/ Theo Von #353
wyELrW9zGK8 Jim Jefferies | This Past Weekend #152
x0hrBLxq8g4 Theo Von Talks About Independence
x2LBgY6By0I Mother's Day | This Past Weekend #198
x5dwrHgIJf0 Wolves Fighting
x6fypHAo6kU Reaction to Joe Rogan Signing $100 Million Spotify Deal | Theo Von w/ Neal Brennan
x6tfFehxf6M The Pest Control Call
xA8-L3aBV6g Fence Rabbits | This Past Weekend w/ Theo Von #300
xBa8gRnKfcA Mark Normand | This Past Weekend w/ Theo Von #258
xIrCo-AhwSU 12-18-17 The Purge. Animal Man.  | This Past Weekend w/ Theo Von #60
xJN2L9cy-f8 Theo Von Tells Andrew Santino About Burying His Friend's Poop
xOnA9TQI2aQ Donnell Rawlings on Bill Burr | w/Theo Von
xQQraoNKFRA Brotherly Love | This Past Weekend w/ Theo Von #384
xRhFPrvUjTY Birthday Sensations | This Past Weekend #81
xXIh2ExlsvA People Over Politics | @Theo Von
xYs90edWdoA Riley\u2019s First Kiss | Theo Von
xmX0vc7I-UU Back When Bert Went On A Cruise With Ralphie May
xsuvsTioRI0 Jocko Willink | This Past Weekend #120
xtCIEdepLbo Weed People
xvdm5JVMsH4 Episode Preview - We Need New Maps | This Past Weekend w/ Theo Von #163
y-xphW3vUqE 1-22-18 Cormier and College | This Past Weekend w/ Theo Von #69
y1-sUNxN8Eo Theo Von on the Nashville Bombing
y40CDxfcu2U Theo Von's Advice on Giving Best Man Speech
y60s3qAy-w0 Theo's Thoughts on Small Dogs
yAjHqjidC3Y Theo Von Remembers Working at Frozen Options
yBKFgmzNcXk Back on the Road: Brad Williams & Jeff Dye | This Past Weekend w/ Theo Von #278
yFSDNCX3Aeg Theo Von Talks With Bobby Lee About Smoking DMT
yQKyrGZtcso You Are Your Child's Government
yQhWRFDQJ2Q People Are Getting Soft
ySi5QaM1AbQ Why does David Spade love the Bachelor?
yWT9WRdutK0 Theo Von on Unicorns
yhSk7ZOlSnk What Jimmy John Gets at Jimmy John's
ylNPKEbpoHI Theo Von Takes Call from a Premature Baby
ywIvCG6rBF8 Donnell Rawlings Talks to Theo Von About Bill Burr, Kevin Hart, and Being Undeniable
z6-Nnv37Zm8 Cory Sandhagen on Getting The Call from the UFC and Joe Rogan
z7gbNX0ioKQ Chris Hansen | This Past Weekend w/ Theo Von #156
z8GZykH_i-0 Reintroduce Yourself | This Past Weekend #137
z9vWk0VjwsM Boosie Badazz on Black Wealth in Atlanta
zAsdT-Dz--0 Dark Arts Are Tempting
zBMW9lq5mVM Dustin Poirier | This Past Weekend #142
zJwhlU2vLWU Jay Mohr | This Past Weekend w/ Theo Von #84
zMo30bK3gCE Season's Greetings w/ Santa | This Past Weekend w/ Theo Von #313
zP-C88GJKyU My Favorite Type Of Weed
zR3zmOiqHc8 Theo Von Describes Seeing Brazilian Jiu-Jitsu for the First Time
zUOXMQpQGN8 Theo Von's First Grey Block Pizza Ad
zZDUqn4azR8 Jimmy Tatro | This Past Weekend w/ Theo Von #164
zc3j25jVgrY Dane Cook | This Past Weekend w/ Theo Von #178
zhLuvjtwaMc A Mortician Explains Cremation | @Theo Von
zu37XNPQqjA Theo and Mark on Brian Laundrie Being Wanted for Murder
zvhNSn8ITHU Easter | This Past Weekend w/ Theo Von #192
zyKaON3qhWA Ocean Rower Lia Ditton | This Past Weekend #126
