-1a0ox4Fyfg Do You Feel Lost in Your Career?
-UT02WNSkGc You Can't Borrow Your Way Out of Debt
-_4StYegYJQ Having HOPE is Stronger Than Any Math Equation
-d6stk0eP4o If You Keep Doing What You've Been Doing, You'll Keep Getting What You've Been Getting!
-kHtLxqI5-c The Ramsey Show (REPLAY from October 15, 2021)
-p0Xuu-gQ3s Are You Ready To Break Your Unhealthy Money Habits?
-urSI6lL_jw THIS Money Plan Actually Works!
0EQSBJ1jbUg Live A Life You Are Thankful For!
0SLVoWOEXrg The Ramsey Show (REPLAY)
0ZxYv_XGH1Q Why Now Is The Time To Understand Your Money Habits
0_M2WeaYJ6A Are You Sick and Tired of Being Sick and Tired?
0ep3nPHxroI May The Force Of The Debt Snowball Be With You
0nULv1wssAI You Can't Have Progress Without Pain
1-RvKcfvUQE Make Sacrifices Today So You Can Live Financially Free Tomorrow!
1R-Qj7psSjg Tell Your Money Where to Go Instead of Wondering Where It Went
1hoszKlj-gg Are You Ready To Take Control Of Your Life?
1lSa23Q1R-Y Are You Tired Of Being In Debt?
2FaMaAPULHU Your Money Habits Start With The Person In The Mirror
2Fuuep0pxWc Are You Prepared for a Financial Storm?
2QR9zPVgceU You Can't Make Enough Money To Outrun Your Stupidity!
2YJEdvRwbQc Are You Tired of Being in Debt?
2bBEh07b8g4 You CAN Become Debt Free, It Just Takes Baby Steps!
2sz-F4vLGcc The Ramsey Show (February 11, 2022)
2u8M759yIQg Turn Off The News and Focus on HOPE!
3CRcLpc66aQ Declare Your Financial Independence TODAY!
3Xn7pdUVxlc Time Is Precious, Don't Waste It with Debt!
3nSxOpWZo7c You'll Never Get Out Of Debt Making Excuses That You Can't Get Out Of Debt!
4CZh4_2oTyQ The Ramsey Show (March 18, 2022)
4HCWFwtbe0Q The Ramsey Show (REPLAY from March 4, 2021)
4MMbuIs9asA You Are the Problem AND the Solution to Your Money Problems!
4T3n1iZw_6s The Ramsey Show (REPLAY from February 23, 2021)
4k4V2sDpSF4 The Ramsey Show (REPLAY from February 10, 2021)
4n9mQ0gIHH8 Debt Free is the Way to Be!
51pWfzNU8fw Sacrifice and Determination Will Yield Financial Freedom
52YruMwWNgk Multi-Millionaire Gives FREE Advice for 2 Hours!
533W8ECgHBQ The Ramsey Show (REPLAY from February 9, 2021)
54yVAtPeW0I Don't Let Your Financial Dreams Turn Into a Nightmare!
57KhrAKIQOE Don't Let Your Money Boss You Around!
5C0uoaq9Uag Don\u2019t Rationalize Your Way Into Bad Money Decisions
5LKuC8bTatw You Are NOT Defined By Your Past!
5n9jusqvI30 Are You Ready To Change Your Life Today?
5naMPdvtdEU Changing Your Life Starts with Changing Your Mindset
62Gx-KVD1kQ The Ramsey Show (May 14, 2021)
6E_7QdxI5Ak Debt Isn't A Tool, It's Bondage!
6IFRgafUeQ4 Budget Your Way To Freedom!
6O-Nget3LQM Take Responsibility For Your Finances Instead Of Waiting On The Government!
6PQ8cUIFRLg It's Time to Take Control of Your Future!
6dP6vkH_GWU \
6htXC8TIqrg Do You Want To Find Balance In Your Life?
6tZ973l_IAw Are You Living Like No One Else?
6tqRFSLcFqY Don't Let The Past Steal From Your Future!
77MZKkIRLT4 Don't Make Excuses, Make a Plan!
77V-iA57yZA The Ramsey Show (REPLAY)
7PuyuaM67CY Your Money Habits Won't Change Unless YOU Change
7jL1bj0BOSY Stop Saying You'll Make Changes Tomorrow, and Start Making Changes Today!
7ojxazyw9uk Don't Let Your Today Steal From Your Tomorrow!
7pIpWFRuS_k Are You Telling Your Money Where To Go?
7upTENa49vE The Ramsey Show (April 1, 2021)
7zos4Pi_wpk The Ramsey Show (REPLAY from February 12, 2021)
8-6Q2jEG_Wo YOU Are In Control Of Your Future!
84-QT-SP9Rw Stop Defending Your Debt and Take Responsibility!
8A9lCuYITHM You Have To Be Intentional With Your Money!
8cT_cAHfSPc The Ramsey Giving Show 2021
8sYX-QHOlGk Don't Use Your Age As An Excuse For NOT Winning With Money
8wa8tRpEgc0 Don't Let Your Financial Mistakes Define You!
97CeG5038Q8 The Ramsey Show (REPLAY)
9GkhYX3P8M0 Don't Settle With Being Normal, Normal Isn't Okay!
9I2eFgwRzoo YOU Are In Control Of Your Life and Your Money!
9K9_hhDyvcQ It's NEVER Too Late To Start Changing Your Life!
9T9Z9WNy09M It's Never Too Late To Start Investing In Your Future
9dymY9669B0 Are You The Problem or The Solution of Your Finances?
9l1FOv_7Hqk Are You Addicted to Anxiety and Chaos?
9unfc4iJ8jw The Ramsey Show (REPLAY from November 19, 2021)
A-MZPLFHNIo Are You Ready To Change Your Life?
ACBfyYHcHOs Don't Let Life's Storms Ruin You Financially!
A_uSUcMypO0 Are You Tired of Always Being In Debt?
Ae2NVULEE20 Snowball Your Way to Financial Freedom!
AiF9-XOYFpU The Ramsey Show (October 15, 2021)
AoA0WFtHXsU Follow Your Budget - It's Your Financial GPS
BpthWn77SAs Say NO Now So You Can Say YES Later
ByCdf7X-Uzo You Can Decide TODAY to Change Your Financial Future!
CNg2u5AJgMM The Ramsey Show (February 3, 2022)
Cuw5PXp8b8E The Ramsey Show (REPLAY from March 8, 2021)
DA1x9zysQkk Your Circumstances Don't Matter, You Can Still Become Debt Free!
DAuRVODTeKU Don't Let Your Situation Define Your Future!
DM951pS35Lk Don't Let Yesterday's Mistakes Keep You From Winning Today!
Da9uxjSDCTc Stop Saying \
Dkyjz7SArBg The Word \
DuegqM5EdI8 The Ramsey Show (REPLAY from October 13, 2021)
E-bh-I6A8DU The Ramsey Show (January 28, 2022)
EKazbabommE The Ramsey Show (REPLAY from April 7, 2021)
EdaJJzG-bCg Sacrifice NOW So You Can Enjoy Your Money LATER!
FFJe-nn1xso Are You Sick and Tired of Being Sick and Tired?
FU28fmkIVDc You Are The Only One That Can Fix Your Life!
FkrIGzDsB_E Do You Have What It Takes To Win With Money?
G-CBhkk0h4Y The Ramsey Show (March 2, 2022)
G1hgcS2RZfQ The Ramsey Show (February 18, 2022)
G8SkzG1NdVc Slow and Steady Wins The Race Every Time!
GIYmgNoGdPo What Will Be the Defining Moment That Starts Your Financial Turnaround?
GM46WW2k6-o It's Time To Take Back Control of Your Life!
GR2uErmYCAU The Ramsey Show (REPLAY from April 21, 2021)
GYcQhSiqz0c This Plan Will Help Your Life AND Money!
GZFFmAUsbrI Washington Isn't Going To Fix Your Life. Take Control And Fix It Yourself!
HD2TPuBGyFo Don't Wait On Someone Else To Fix Your Life - It's YOUR Job!
HD2TPuBGyFo The Ramsey Show (March 17, 2022)
IZSpj81LwIo Stop Making Excuses For Staying In Debt!
IjtbsNUkeqM The Ramsey Show (August 13, 2021)
Ik0ebplDzx8 Are You Ready to Take Control of Your Money?
Itf1XYlCQZs It's Never Too Late To Start Making Changes
IyoJYJRdtSU The Ramsey Show (REPLAY from November 8, 2021)
IzhrwHbWLU4 A Budget Is Your Permission Slip to Live Like No One Else
J2AaNjPN8y4 The Ramsey Show (February 10, 2022)
J3GYo3j_3vk Are You Setting Yourself Up For Future Success?
J3VQlpVmOoA Stop Living In The Past And Start Living For Your Future!
J8-C9jq3SdY Stop Wondering Where Your Money Went and Start Telling It Where To Go
JHFMG_3LV-k Stop Hitting The Snooze Button On Your Financial Alarm!
K6y1iOAw72w Why Saying \
KPhtdXgdtCQ You Can Just Decide To Quit Doing Stupid!
Ke2_KUo7lJo You're Not a Victim, You're a Victor!
KjSnP5v5TEY Top 10 Unbelievable Moments On The Ramsey Show (2021)
KlckJRQufHM The Dave Ramsey Show (REPLAY from January 5, 2021)
KllFprEhvig Stop Comparing Yourself and Start Winning for Yourself!
LbLyhxKITbU Are You On Board With Your Budget?
Lx2nbB9UyXs You CAN Change Your Family Tree and Build Wealth!
LygaEasW33w The Dave Ramsey Show (January 22, 2021)
M-EAUr6dL34 You'll Never Know Where Your Money is Going Unless You Have a Plan for It
MNPfY1g4uCc The Dave Ramsey Show (Replay from November 20, 2020)
MUTnENGw2BY It's Not Immoral to Aspire to Be Wealthy
MYu5LsYe3ik Want To Win With Money? Live On Less Than You Make and Act Your Wage!
MtQt8-50iVo This Is The RIGHT Way To Handle Your Money
N0O-oKHkByI Stop Outsourcing Your Life & Start Living It!
N45s1lXxY5w You CAN Have Financial Freedom!
NFCaG-iyiBQ The Ramsey Show (REPLAY from February 24, 2021)
Nxzx1dYbKAs Are You Living Like No One Else?
O188sog8_2I Debt Free Is The Way To Be!
O4V81_VojaU Get On A Plan For Your Money And Future!
OUYXJbLRi9s Hope Is A Powerful Tool To Have On Your Financial Journey
Or6bzqqBaFA Joe Biden Wants To Do THIS With Your Bank Account - Dave Ramsey Rant
Ou7IPhf1MC4 Are You On the Path to Where You Want to End Up?
PSjiFGP1kQc It's Time To Take Control Of Your Money
PrDKSq6ysaE The Ramsey Show (REPLAY)
PzY-LecU-NE You Can Wander Into Debt, But You Can't Wander Out
QDAOkxv7Ubo The Ramsey Show (REPLAY from October 26, 2021)
QOi3VjIQd8w Don't Let Your Money Control You!
QSisMUbxxnQ Stop Making Excuses And Start Being Intentional!
QXHUIZDKvIE Don't Let Debt Destroy Your Dreams!
QXiwjx7fwOA Your Intentionality Will Determine Your Success With Your Money
QZNQuvKGoh8 Do You Want to Give Yourself the Gift of Freedom?
Qq8C8kusQiI The Ramsey Show (REPLAY from March 11, 2021)
Qs_Mu0R3aNc YOU Are the Problem AND the Solution to Your Finances
QtHPtmir3zA Are You Ready to Change Your Financial Situation in 2021?
QyD3ZG1Hc_E Winning With Money Starts With Winning At Self-Control
RAtqXTZIUtM Are You Ready to Take Back Your Time and Money?
RctFjG7SZg8 The Ramsey Show (Replay from May 25, 2021)
ReepTTKlSq4 Do You Know Where Your Money is Going?
Rf0PIop8OWg It's Time To Make A Plan For Your Money!
RpEXvk9IVBY Will Your Future Self Thank You For Your Money Habits Today?
Rw85qTXGmIA Do You Have a Plan to Win With Money?
RzUjiEHpYPI It's Time To Start Acting Your Wage!
S09oI4Dwrgc The Ramsey Show (August 20, 2021)
SCgNi3b8LvI The Only Secret To Becoming Debt Free Is HARD WORK!
SGYaQZHSk1s Let Your WHY Motivate Your Money Goals!
SJGdLnpA4Gw You'll Never Get To Where You Want To Be If You're OK With Just Staying Where You Are Right Now
SRaHCg4PyB0 Sometimes Your Money Issues Aren't Actually Money Issues...
SeyCVuezALk To Build Wealth You Have To Make Your Money BEHAVE!
Ske8bxKPs9Y It's Time to Attack the Student Loan Industry
SuehGLi8wRY You're The Hero, You're NOT The Victim!
Syi2kj1LxAc You'll Never Make Enough Money To Out-Earn Your Stupidity
T1PmVgzc6zA Whenever In Doubt, Budget It Out!
T1vcT6kRPrM No One Ever Regretted Being Intentional With Their Money
TCJojb9JboI YOU Get To Decide To Change Your Behaviors!
THpEO1Bbs7E ANYONE Can Win With Money Regardless of Your Past!
TowzKPGD51M Decide TODAY to Change Your Money Habits!
TpYqQn4bbeA Stop Wondering Where Your Money Went and Tell It Where To Go!
Tsl00csXi3U Focus On Your Future Possibilities, Not Your Past Mistakes!
UBsKoA-97d0 Steve Harvey Said Debt Freedom Is Impossible? - Dave Ramsey Reacts
UfC1zRkaZhg You'll Never \
Uj-peWztMlw \
V5kiiJYJzbI Do You Know Where Your Money Is Going?
VAftKKKnkwA Stop Hoping Your Money Behaves And Start Telling It What To Do!
VSHEi-wgYCE YOU Are The Hero In Your Story!
VlEj7hbV_Og Your Financial Future Depends On Your Financial Decisions Today
VufbS-b1r5M Are You Ready To Get Serious With Your Finances?
W58tn7-agOE The Ramsey Show (January 25, 2022)
WLcNdO-xdQk The Ramsey Show (REPLAY from April 20, 2021)
W_wwgA5yLPQ Don't Let Your Fears Drive Your Finances - TAKE CONTROL!
W_xGE-6uNJ4 Are You Curious Why You're Broke? (Here's What to do About It)
X4-b_Vf-MvE Are You Willing To Put In The Work For The Results You Want?
XTP5e-Rd2Ho Anyone Can Be Wealthy, Here's How
Xeuwprqj5ws Stop Wondering Where Your Money Went!
XmYMZoGPNa4 Spend Like No One Else, So Later You Can Spend Like No One Else!
Y7saoSTEEls You'll Never \
YPw9TsUbRz4 The Ramsey Show (April 9, 2021)
Ya6oI0TOdwc It's Time To Start Taking Responsibility For Your Money!
Yeu7K_5IXAQ The Ramsey Show (REPLAY from October 20, 2021)
Yu1S_5JtKsA Are We Headed Towards Another Great Recession?
Z0wmUktENGU Are You Looking For Freedom?
Z5bSK8L1Q_g The Sacrifices You Make Today Will Set You Up For a Better Tomorrow
ZFJfcxBhTMs Making Excuses Is Easy, Do The Hard Work To Win With Your Money!
ZHB2PieQvac The Ramsey Show (February 4, 2022)
ZO2taZTn_so It's Time To Ditch Your Debt For Good!
ZTISwL27tZc Stop Focusing On The Rear-View Mirror and Start Looking Into The Future!
ZVHrjZZVqmM It's Time to Get Intentional with Your Money!
ZcrCNUgBMM8 Stop Making Excuses and Start Making Progress!
ZzZJE_GYLJA Financial Peace Is An Attitude, Not An Amount!
_2HGUoU_TKg Your \
_AyalDf-FrM You Don't Have To Trade Money For Happiness!
_lZQ5JObLdc Excuses Are For People Afraid To Do The Work!
a8qIuWt6opI Don't Let Your Season Become Your Sentence
aF1TNP7WWn8 Ready To Tackle Your Debt in 2022?
aPKmpvoYhds You'll Never Make Progress While Making Excuses!
aTxT9UEQuVw The Ramsey Show (REPLAY)
aX_a8pVZ3_U Don't Let Your Past Define Your Future!
aZRdMMiXUyM Don't Let Your Money Own You!
a_SOxYqrePg Are You Ready to Get Out of Debt and Save Money?!
b4bfbg0mExs Don't Just Leave A Mark, Leave A Legacy
bH3uV5BmHtg You CAN Change Your Family Tree
bTP9S5j4ypA Don't Let Your Present Steal From Your Future!
bfQ160puO_g Take The Right Steps To Change Your Future!
bfdCL5hZSXg Get A Plan For Your Money and Change Your Life!
byaWbyYIoSc YOU Are The Problem AND The Solution To Your Future!
cPZJXS0qub4 Don't Let Stupid Money Decisions From the Past Define Your Future
cT-WP2zBSLE You're Never Too Old Or Young To Be Smart With Money!
cf38gFrhSnQ Listen To Your Budget, Not Your Broke Friends
ciOyTAR0MEY Live A Life Of Intentionality, Not A Life of Impulse!
dA7Uise8hXc Don't Let Your Past Define Your Future
dHSJRzRSDlU I'm Getting Fired If I Don't Get The COVID-19 Vaccine!
dSN3d1b4dsg It's Time to Change How You Handle Money!
dmBUHB3qHxo Living On Less AND Living WITH Less
eAK759rR_Rw I'm 71 With No Retirement!
ead12hr_ksI The Ramsey Show (LIVE Hour 3)
ekSnRJTNgcM How You Handle Money Is More Important Than How Much You Make!
fdrDtaFoycs There is No Such Thing as \
fmLO4DvbNl4 Make the Change: Deprogram Yourself From the Toxic Money Culture!
fnGfYz8HioM Nothing Will Change Your Money Habits Unless YOU Do!
frjgtVKjVss Don't Be A Financial Lemming... Think For Yourself!
fvZiTJfvZ90 The Ramsey Show (REPLAY from October 14, 2021)
gWMvbzbT0Qs It's Time To Work On What's Important - YOU!
gezLxG8-9yc The Ramsey Show (REPLAY from April 9, 2021)
gpPHwoy_YtQ Change Your Life! Start Today!
h55JZug_m2A Are You Ready To Change Your Mindset About Money?
h_V__yc3SxA You CAN Win with Money - One Baby Step At a Time
hjEv0nVhu6Y You Can Shovel Your Way Out Of Any Financial Mess!
i6IQwZwjpiY Don't Sacrifice Your Future on the Altar of the Immediate
iBW7uMV961c You Can't Out-Earn Your Stupidity!
iJ4ACv_hE9U You Are The Secret Sauce To Your Success!
iPYPdipGLrQ Yesterday You Said \
iawe_kUYG5M The Ramsey Show (REPLAY from November 15, 2021)
ijJckeKbGU8 You Are The Problem and Solution To Your Money Problems!
j3SxjFhoprk Your Financial Destiny is Determined By YOU and ONLY YOU!
jRwF4VE-fAc Are You Looking For Freedom?
jSHLaOMUkx8 The Ramsey Show (March 11, 2022)
jft3P27P5fw The Ramsey Show (March 21, 2022)
k9IoMumGPcU Are You Living and GIVING Like No One Else?
kHkGl9PbXKo Don't Just Run FROM Your Problem, Run TO A Solution!
kMRmOZUUz4c When You Say \
kWY9NRYwF-Y It's Time To Focus On Your Future!
kaNOkNKAYV8 Things Won\u2019t Change Unless You Do!
kwGdUlRU7Ig Don't Let Fear Drive Your Financial Decisions
kzV_4JTE5q8 Don't Wait On Someone Else To Fix Your Life... It's YOUR Job!
l3_oiUqR1OU The Ramsey Show (January 21, 2022)
lIiEpjUrV6A It Only Takes One Decision to Change Your Family Tree
lIlJM69O2Gs Don't Try Solving a Long Term Money Problem with a Short Term Solution
le4fFKR0vjE Your Success Is Determined By What You're Willing to Sacrifice
lfdBRx44lwc It's Time To Stop Monkeying Around With Your Money!
lr-_O2lo6JE The Ramsey Show (REPLAY from March 3, 2021)
mEay63JLr0c Stop Making Excuses and Start Getting Out Of Debt!
mU2CGL_-uK4 Debt is NOT a Tool, It's an Anchor!
mgdXEJSYnQ0 Stop Spending Like You're In Congress and Start Being Intentional With Your Money!
mwhqPb5kPqs You'll Never Be Able To Borrow Your Way Out Of Debt
n24JXNKHdlQ Are You Living Like No One Else?
n69GrnWAIbo The Ramsey Show (REPLAY from April 23, 2021)
nWr2eHWoQKE You Are the Solution to Your Financial Struggles!
nXtDEarL0Fs Stop Making Banks Rich and Start Making Yourself Rich!
ndYf6uJ-yX8 The Ramsey Show (REPLAY from April 22, 2021)
nimxThDDKaM What Is Stopping You From Changing Your Family Tree?
noNIlm0kFsM Yes, ANYONE Can Have Financial Freedom!
o-Hh1h6gl6I Don't Play The Part Of The Victim, You're The Hero!
o0jGs59dxl0 Are We About To See Something We Haven't Seen In Two Decades?
o9XO7023tT8 The Ramsey Show (February 25, 2022)
oAXC3WlslBI You Have To Decide To Change Before You Can Win With Money!
oYG6E5chXIM YOU Control Your Money. YOU Control Your Future!
odmSwRRDwxM Say \
ooBgloXzX08 Your Sacrifices Today Will Set You Up For a Better Tomorrow
p0B7bV86HvM The Ramsey Show (REPLAY)
pPwKaus3VEk It's Time to Take Control of Your Money!
pu-wFwJ2jJ0 Stop Waiting On Someone Else To Fix Your Problems!
qBgfXPdgPE4 To Win With Money, You Have To Focus on Your \u201cWhy\u201d
qCAlU1GQL0M Quit Listening to Broke People\u2019s Opinions and Free Yourself!
qPPmqZc-4Tg This Year Won't Change Unless You Change It!
qg5Vz3DKCYE Have A Game Plan For Your Money!
quybqAdUgQA This Is The Proven Get Rich \
r1efdVyzBGA The Ramsey Show (REPLAY from April 15, 2021)
rdCYt69MwXU Debt Holds You Back From Opportunity
re8tqe7kw0w The Ramsey Show (August 6, 2021)
rgcTl5Mpg9g Are You Willing to Make Sacrifices to Win With Your Money?
rtgGr8Ro670 The Solution To Your Money Starts With The Person In The Mirror
sIM9UNm9UNQ The Ramsey Show (REPLAY)
sVeM9ur_B3U Debt Isn\u2019t The Answer To Your Problems, It IS The Problem!
sjg1LDhdHBA Are You Ready to Take Control of Your Money?
t3dj8Xq8v0c Stop Playing Games and Get Serious About Paying Off Debt!
tNxr_tY2AA0 Normal SUCKS... Don't Be Afraid To Be Weird!
tklRdsZOUh8 Take Debt Off The Table And Take Control Of Your Money!
tyMGvRVd5O8 Find a Proven Plan That Works and Attach Yourself To It!
u4YbtSFpn4o Winning with Money is NEVER an Accident
uKmxgpaFW0Q The Ramsey Show (REPLAY from November 17, 2021)
uVu6rOiKfHo It's Time to Stop Playing Games With Your Finances!
u_qLLH_hYYI The Ramsey Show (September 10, 2021)
uyfG83_wZg0 Why Timeshares Are Complete SCAMS!
v5k2O9bMExQ Are You Ready To Take Responsibility For Your Financial Decisions?
v8PRJaAEkTQ Don't Let the \
vN3YtBdyvn0 The Ramsey Show (REPLAY from April 6, 2021)
vouLINqRxxc Call The Police Right Now! (You And Your Son Are In Danger)
wFtBV3t03eU Baby Step Your Way to Millionaire Status!
wGbNF-dk8Zo Control The Only Thing You Can Control - YOU!
wHIEljBgdyA Are You 20-30 Years Old? Dave Ramsey Has a Message for You
wJ-Xulreffo It's Time To Take Control Of Your Money!
wcKTOV86E0A The Ramsey Show (May 21, 2021)
wib3VLGsu8o The Ramsey Show (April 23, 2021)
wkKVpiw0dY8 You CAN Win with Money!
x-RSvw-GRJc Timeshare Companies Are The Last Legal Fraud in America!
x49SNArQj2M The Ramsey Show (REPLAY from February 8, 2021)
x4HUEyiBBgA Are You Willing To Make Sacrifices Today In Order To Win Tomorrow?
x9rmE771618 Plastic Does NOT Make You Wealthy, A Plan Does!
xJNtvAGIvPU Changing Your Future Starts with Changing Your Mentality
xSk6tR4yZpU The Ramsey Show (July 16, 2021)
xkkouiqWVDE Stop Making Excuses For Where You Are And Get To Where You Want To Be!
y0mK_I9nWfc YOU Hold the Power to Make Your Money Behave!
yJDI9v7riF8 It's Time To Be Intentional With Your Life!
ySP0rb93c3Y Today is a Great Day to Start Your Financial Freedom Journey!
yelqXmc9Np0 A Budget is Your Financial Security Blanket!
yfZ5ssdSxw8 Make Your WHY Bigger Than Your Excuses!
yqMCTSnJ6Y4 It's Time to Stop Listening to People Who Say It CAN'T Be Done!
z5XuCGX6Svc The Ramsey Show (REPLAY from October 25, 2021)
z7CQTgb33yQ Whether You Think You Can or You Think You Can't, You're Right
zIJOg4rOtkU The Ramsey Show (REPLAY from February 25, 2021)
zexIPms1x9o The Ramsey Show (September 24, 2021)
zvgPmP1sZbg Money Doesn't Make Decisions... YOU Do!
