09ghjqqSON8 Crotch Rot | Ep 3 | Trash Tuesday w/ Annie & Esther & Khalyla
0YpHWH5bQLU Just Holes w/ Nikki Glaser | Ep 42 | Trash Tuesday w/ Annie & Esther & Khalyla
0dkN-aIaRfk Feel the Gush & I Am Bobby Lee w/ Jenna Jimenez | Ep 28 | Trash Tuesday w/ Annie & Esther & Khalyla
2tZmwO3zDSc Annie's Vegas Birthday | Ep 26 | Trash Tuesday w/ Annie & Esther & Khalyla
4WFnTBx868A Pilot | Trash Tuesday w/ Khalyla Kuhn & Annie Lederman & Esther Povitsky
4YZLr3shhRA Annie and Esther and The Groundskeeper | Ep 9 | Trash Tuesday w/ Annie & Esther & Khalyla
65BYzVU32H0 Annie Lederman and Rudy's First Prom | Ep 18 | Trash Tuesday w/ Annie & Esther & Khalyla
6cjcPM3oiLQ The Dave, Todd, & Bobby Lee Show | Ep 33 | Trash Tuesday w/ Annie & Esther & Khalyla
7CHucZ44nJg Esther and Annie's Drive-By | Ep 4 | Trash Tuesday w/ Annie & Esther & Khalyla
FMSH0VUlYVc Annie's Mile High Guy & Esther the Dominatrix | Ep 51 | Trash Tuesday w/ Annie & Esther & Khalyla
HDcNFm0zOCE Erik Griffin Duels Annie & Khalyla | Ep 27 | Trash Tuesday w/ Annie & Esther & Khalyla
JpDe52QAjEw Wedding Woes | Ep 21 | Trash Tuesday w/ Annie & Esther & Khalyla
KTEjU2Edqb8 Esther's First Noogie | Ep 20 | Trash Tuesday w/ Annie & Esther & Khalyla
KWZMm-8an7I Up in Da Club | Ep 10 | Trash Tuesday w/ Annie & Esther & Khalyla
Kq3RSSivv-A Bobby Lee and the Mythical Butthole | Ep 5 | Trash Tuesday w/ Annie & Esther & Khalyla
LPQ78s1sepc Gay, Straight, Bi, Esther w/ Jessica Kirson | Ep 35 | Trash Tuesday w/ Annie & Esther & Khalyla
NSZcxXqf5w8 Cheerleading & Rear Eating | Ep 36 | Trash Tuesday w/ Annie & Esther & Khalyla
NUSBBxTZiAY Chris Distefano Our German Goth Daddy | Ep 50 | Trash Tuesday w/ Annie & Esther & Khalyla
P-Y2A-eQf1o Scary Boy Stories & Esther's Big Lie | Ep 37 | Trash Tuesday w/ Annie & Esther & Khalyla
PYJ1XTqyivY Aloha Hawaii | Ep 44 | Trash Tuesday w/ Annie & Esther & Khalyla
Pp7fyyHy2Dw Esther's Special Toy | Ep 23 | Trash Tuesday w/ Annie & Esther & Khalyla
Q4pDL5EZ_4E Esther Tries Durian for the First Time | Ep 2 | Trash Tuesday w/ Annie & Esther & Khalyla
QlP23qnjei8 We Go Goth & Annie Goes Off | Ep 29 | Trash Tuesday w/ Annie & Esther & Khalyla
SLdi2317_qo Forgive Us Father for We Have Sinned | Ep 16 | Trash Tuesday w/ Annie & Esther & Khalyla
VApBhzhwz6Q BEST OF 2021! | Trash Tuesday w/ Annie & Esther & Khalyla
VQmJqozvi-8 We Crash Esther's Vacation | Ep 15 | Trash Tuesday w/ Annie & Esther & Khalyla
YHhXTs5NDSQ Wholesome Soup & Hot Guy DMs | Ep 41 | Trash Tuesday w/ Annie & Esther & Khalyla
Zm_VIYrtI9U Three-Way Kiss Karaoke | Ep 40 | Trash Tuesday w/ Annie & Esther & Khalyla
_B_suP9CxrY Akaash Singh Is Our Future DILF | Ep 54 | Trash Tuesday w/ Annie & Esther & Khalyla
_C3FmPmg-AQ The Period S\u00e9ance | Ep 11 | Trash Tuesday w/ Annie & Esther & Khalyla
_hFa65vnvPA Our Burn Book | Ep 8 | Trash Tuesday w/ Annie & Esther & Khalyla
_wiA6jx392Y Hannah Berner & the Reality TV Rollercoaster | Ep 38 | Trash Tuesday w/ Annie & Esther & Khalyla
a9eQba__VbM Pizza & Bikinis | Ep 19 | Trash Tuesday w/ Annie & Esther & Khalyla
bH5psKznIkw Fools With Medical Tools | Ep 39 | Trash Tuesday w/ Annie & Esther & Khalyla
bI6O2ZumKl0 Hookups & Hangovers w/ Sosie Bacon | Ep 32 | Trash Tuesday w/ Annie & Esther & Khalyla
bR9QNyX7zkc Hot For Santa! | Ep 45 | Trash Tuesday w/ Annie & Esther & Khalyla
dGBThCGXKC4 Shark Bait | Ep 14 | Trash Tuesday w/ Annie & Esther & Khalyla
eqxbjU2_36s More Than a Podcast | Ep 13 | Trash Tuesday w/ Annie & Esther & Khalyla
g994KZNXTLM Wipe Me Down Before You Go-Go | Ep 53 | Trash Tuesday w/ Annie & Esther & Khalyla
gl0nmlKrjvE Trish Tuesday w/ Trisha Paytas | Ep 22 | Trash Tuesday w/ Annie & Esther & Khalyla
j9wjOnyl3-4 Our Hall Passes and Meghan Markle Listens to Our Show | Ep 17 | Trash Tuesday
kvexPB0z0n8 Johnny Rockets, Abercrombie and Go-Go Dancing | Ep 46 | Trash Tuesday w/ Annie & Esther & Khalyla
lgc64nthMU8 The Legend, Lisa Lampanelli & The Epic Save | Ep 34 | Trash Tuesday w/ Annie & Esther & Khalyla
mXqZP4Uk86U The Hickey Challenge & Panty Auction | Ep 49 | Trash Tuesday w/ Annie & Esther & Khalyla
mqFvqYxxEFI Earn Your Sombrero | Ep 12 | Trash Tuesday w/ Annie & Esther & Khalyla
nIFAhCBNPJs Front to Back & Skims to the Side | Ep 48 | Trash Tuesday w/ Annie & Esther & Khalyla
pexb5OyEJ6k Dominant Fingers w/ Whitney Cummings | Ep 47 | Trash Tuesday w/ Annie & Esther & Khalyla
qWyXWHvrzIE French Fries & Lingerie w/ Rick Glassman | Ep 31 | Trash Tuesday w/ Annie & Esther & Khalyla
rHPE_GxmlKs Return of the Go-Go Queen | Ep 24 | Trash Tuesday w/ Annie & Esther & Khalyla
rPJ3-zL8MIk Spicy Underwear | Ep 43 | Trash Tuesday w/ Annie & Esther & Khalyla
rvlw-cB5QOk Esther's Quincea\u00f1era | Ep 6 | Trash Tuesday w/ Annie & Esther & Khalyla
vdOraDG7qqw Geo Antoinette's Dating Pool Competition | Ep 25 | Trash Tuesday w/ Annie & Esther & Khalyla
wuOBiEQ0yO4 Annie Goes Tribal | Ep 7 | Trash Tuesday w/ Annie & Esther & Khalyla
xDhW4uKdw9s Victoria's Secret's Secret | Ep 56 | Trash Tuesday w/ Annie & Esther & Khalyla
yjzbieI_4sk Andrew Schulz Was Wrong & We're All Runaways | Ep 55 | Trash Tuesday w/ Annie & Esther & Khalyla
yzkrikr9qW0 Matty Matheson & the Sour Balls | Ep 30 | Trash Tuesday w/ Annie & Esther & Khalyla
ztrhotjfW7Y Catholic Showers, Jewish Baths w/ Brandon Wardell |Ep 52| Trash Tuesday w/ Annie & Esther & Khalyla
