-3xcAso-JLY DABI IS TOYA TODOROKI?! | My Hero Academia Breakdown | All Evidence EXPLAINED
-Oe6oYNzRgQ The SHOCKING PAST of Dabi & Hawks REVEALED!? | My Hero Academia
-PXlk3Fsji0 All JAW TITANS in History EXPLAINED! | Attack on Titan | Ancient Titans
-s1iCOAHE7c Shigaraki\u2019s NEW POWER Explained! / My Hero Academia / The Next AFO?
00WkrAyRVts The REAL UA TRAITOR 100% CONFIRMED! | My Hero Academia Breakdown
01dxgjl1LKg One LAST STAND! | MHA OFFICIAL Breakdown | Details You Missed
032-c_qZ5gQ EREN vs REINER!! | Attack on Titan Season 4 Episode 4 Breakdown
04WCNNcTcCI Why Shigaraki can STEAL One For All EXPLAINED / My Hero Academia
0j3bLg6LaWw The FUTURE SHINSO Theory! / My Hero Academia
0ysInJEsiQo Captain Celebrity\u2019s QUIRK Explained! \ud83e\udd29/ My Hero Academia Vigilantes
1IL9Gd5xCPA The Dabi REGENERATION Theory?! / My Hero Academia
1PMWUs7yqM4 Levi vs The BEAST Titan!! Eren Hates Mikasa EXPLAINED | Attack on Titan Season 4 Episode 14
1ZLfSnDDGww WHERE IS EREN?! | Attack on Titan Season 4 Episode 2 Breakdown
2B2TlU8T8ds WHAT IF ERWIN got the COLOSSAL Titan? | Attack on Titan
2SIFNXXyZbQ WAIT WHAT!? The Fate of LEMILLION REVEALED! | My Hero Academia
2k4sk7-SuFY Dabi's FUTURE Explained! Will he KILL Endeavour? \ud83d\ude25 | My Hero Academia (Toya Todoroki Discussion)
2n7Dyic7ul0 Top 5 ALL MIGHT DEATH Theories! / MHA Season 4
2pZ56Uw8m60 Deku Awakens ALL FOR ONE?! - My Hero Academia ENDING Theory | Shigaraki vs Midoriya FINAL Arc
2rBPY3x6yn8 DECLARATION OF WAR!! | Attack on Titan Season 4 Episode 5 Breakdown
3BbM6pegLcE Top 8 TRANSFORMATION Quirks! / My Hero Academia
3DpP50LUymM Top 5 LUCKIEST moments in My Hero Academia
3Ot7PA2Iz6E The TRAGIC STORY of Aizawa & Shirakumo / My Hero Academia Vigilantes
3U9WjISv6Dc My Hero Academia - The Next Generation
3XjIXhSUx30 KIRISHIMA\u2019s HARDEST BATTLE! / My Hero Academia Spoilers / Shigaraki Update
4Hz5USylS2Y Top 8 MOST POWERFUL Quirks! / My Hero Academia Vigilantes
4ZHIYx0gxYQ THE FEMALE TITAN?! Annie's FATE EXPLAINED | Attack on Titan Season 4 Episode 22
4oPXgDD5Pew The 4TH USERS QUIRK REVEALED!! Deku\u2019s Power Explained | My Hero Academia (Spoilers)
4wHmXcTObaU The TRAGIC BACKSTORY of Yuno Grinberryall | Black Clover Origins
5R28wOvfVGk Geten\u2019s QUIRK Explained! \ud83e\udd76 / My Hero Academia Season 5
7_KUsYSFryI A TWIST for TWICE? How Toga can CHANGE EVERYTHING! | My Hero Academia Breakdown
7iU64zuLoIk All BEAST TITANS in History EXPLAINED! | Attack on Titan | Ancient Titans
7zb8WdjJttk Yuno\u2019s MOM IS ALIVE! | Black Clover | Spade Kingdom Theory
8aKN1YWcXvA My Hero Academia: USA \ud83d\uddfd
8tGyZG1Mhog Q&A with LEMILLION's voice actor!! / My Hero Academia / Ricco Fajardo Interview
9NQCmoB1M3E MHA REVIEW / SHIGARAKI\u2019S QUIRK AWAKENS / My Hero Academia
9bTXh-6AWHw DETAILS on HAWKS (and others) appearing in season 4!! / My Hero Academia
9pG4Aljzr2M What To Expect From ATTACK ON TITAN Season 4!
9uwsyIP0KdM Deku will Awaken DECAY! The SECRET 4th Quirk | My Hero Academia OFA Theory
A2zyuinWno0 TITANS vs YEAGERISTS Explained! | Attack on Titan Season 4 Episode 26
A4oyQpTnimk The ENDGAME begins! / My Hero Academia Review (274)
AXzzu3HJww4 All Might MEETS Stain! \ud83d\ude33 | My Hero Academia EXPLAINED
BBxM_6i2ukQ ASSASSIN\u2019S BULLET!! \ud83d\ude2d | Attack on Titan Season 4 Episode 8 Breakdown
Bv5mAAzmiOs My Hero Academia: The WAR ARC Review (Part 3)
C0zUNUWgVKY MHA Season 5 Trailer BREAKDOWN | My Hero Academia
CARmK8EZbKA Sir Nighteye EXPLAINED / Season 4 My Hero Academia
Dd4u7x1CEc0 The FUTURE of Attack on Titan...
DmmNp_VyVKQ MHA Season 4 REVIEW! / My Hero Academia Discussion (w/Truth Hero & Zhoniin)
E0J-u0jh75U Zenon is TOO OVERPOWERED! / Black Clover \ud83c\udf40
G4gdd5sViqU MHA Season 5 TRAILER #2 BREAKDOWN | My Hero Academia
GXn4VsrXJrU TOP 10 ANIME ORIGINAL Quirks! | My Hero Academia
GrzyMPR75uU Lemillion\u2019s Return EXPLAINED! \ud83e\udd2f | My Hero Academia
GxvgVv0vxP8 The FULL BACKSTORY of Hawks! | My Hero Academia Origins | Keigo Takami
HPpEPT8Bh-A WHAT IF Shirakumo SURVIVED? | My Hero Academia | Aizawa Loses Erasure
Hatde5riW34 THE RUMBLING?! Eren's NEW FOUNDING TITAN EXPLAINED | Attack on Titan Season 4 Episode 21
HdcGzk-eaCQ All FEMALE TITANS in History EXPLAINED! | Attack on Titan | Ancient Titans
HwHaIpmsAgg What If LEMILLION was a VILLAIN? | My Hero Academia
HxnSxnJmmsM UA TRAITOR CONFIRMED?! | My Hero Academia EXPLAINED
IRuKjUtfCek Attack on Titan SEASON 4 RECAP! | AOT Final Season Explained
IYmpeQEWtSk Black Clover - Opening 13 BREAKDOWN
Id_JmKCFlQI Reiner vs The FOUNDING TITAN!! | Attack on Titan Season 4 Episode 17 Breakdown
J36tW5OtsoE WHAT IF ERWIN got the COLOSSAL TITAN (Part 2) | Attack on Titan
JDixbBbF5pk What To Expect From My Hero Academia Season 5!!
JDviNpdtpzc WTF!? Zeke's SECRET PLAN Explained | Attack on Titan Season 4 Episode 13 Breakdown
JlOAr1wcHrI The SEA TITAN Explained! | Attack on Titan | WHAT IF there were 10 Titans?
K9RUXahwCfU How to Make YOUTUBE VIDEOS! (80K Special)
KSLXCHe7Cvc All Might PREQUEL Anime in 2021??
KVq2ESecrUs WHAT IF Marley WON? Porco Founding Titan | Attack on Titan
KX3SYUv1PH4 Top 8 STRONGEST Multiple-Quirk users! / My Hero Academia
Kzg-YlK3szU MHA Season 5 EXACT RELEASE DAY Confirmed!! | My Hero Academia Season 5
LYO6Pz7cw_I All ZENIN Cursed Techniques EXPLAINED! | Jujutsu Kaisen
LfVlwDsYyGo AGAIN!? Shigaraki needs to chill \ud83d\ude2d  | My Hero Academia
M-joEAQpRCU Top 10 UNSOLVED MYSTERIES in My Hero Academia!
MI0HoDiBABc All FOUNDING TITANS in History EXPLAINED! | Attack on Titan | Ancient Titans
MecrdOFvtO8 Asta\u2019s MOM FINALLY REVEALED! Black Clover - The SECRET of the Anti-Magic Devil!
Mj2HA-k9seY Zenon\u2019s Abilities Explained! | Black Clover (Spade Kingdom Arc)
MjCYZN1hzSI All AMERICAN QUIRKS in History EXPLAINED! \ud83d\uddfd | My Hero Academia
NI2eGojM-00 Why MONOMA can DUPLICATE ONE FOR ALL!! | My Hero Academia Theory
NMlZQ98PJTE Gentle Criminal EXPLAINED! \ud83d\ude31 / My Hero Academia Season 4
NaJ3zJx-V00 TWO TRAITORS?! More SECRETS REVEALED | My Hero Academia Breakdown
PTs7rXpuN5M Toya Todoroki!? | My Hero Academia OFFICIAL Reaction
Pw1qukvlf8k ANNIE RETURNS?! Eren & Zeke\u2019s Plan Explained | Attack on Titan Season 4 Episode 9 Breakdown
Q5-wQvZ_0vo HAWKS vs DABI Reaction!! | My Hero Academia
RNx8KhhNIe8 The ENDING of Attack on Titan EXPLAINED! | Final Chapter Breakdown & Reaction
Ru07pu8zOWo My Hero Academia Season 4 Episode 3 Review | DEKU vs NIGHTEYE Fight!
S1SXdxkF9pU MHA Movie 3 RELEASE DATE UPDATE!! | Horikoshi comments on My Hero Academia Movie 3
S5z70iWvq7w My Hero Academia Season 5 RELEASE DATE Confirmed!!
S6ug-3F-cLo Eight Precepts of Death: Every QUIRK EXPLAINED / Season 4 My Hero Academia / Shie Hassaikai
SJh1q4uzj-w Rock Lock\u2019s QUIRK Explained! / My Hero Academia Season 4
SLze9ZvB5uY The FUTURE of Overhaul (and his quirk) EXPLAINED \u2639\ufe0f / My Hero Academia Season 4
SljHKJbZ8zw The NEW JAW TITAN Explained! | Attack on Titan Season 4 Episode 1
Svdw_NBHtKE The WARHAMMER TITAN Explained! | Attack on Titan Season 4
Szlz_0GiGQo EREN'S WARHAMMER TITAN!! | Attack on Titan Season 4 Episode 12 Breakdown
UD2mVBMdIfM Nine's MULTIPLE QUIRKS Explained! / My Hero Academia Heroes Rising
UH2o9htecnc WTF?! BAKUGO\u2026 | MHA Review
UNdkTWqrNEk TIME TRAVEL?! Eren's TRUE POWER EXPLAINED | Attack on Titan Season 4 Episode 20
VTOyVtHGTjw One For ALL?! The SECRET of the Vestiges Explained | My Hero Academia OFFICIAL Breakdown!
VUJQTFoXD2c FLOAT vs DECAY! | My Hero Academia
VbhIFnSh6gQ My Hero Academia - Pro Hero OVERHAUL?!
Vdu4GQfxbAI My Hero Academia Season 6 RELEASE DATE Confirmed!!
VjSIDqjPzCE Why NEZU IS THE TRAITOR Explained! | My Hero Academia | Nezu\u2019s Tragic Origin
VkQOIRrilXE Eren BETRAYS Paradis?! Zeke MONKE ORIGIN EXPLAINED | Attack on Titan Season 4 Episode 15 Breakdown
VpcH97qCUJY The FUTURE of Lemillion after THAT moment! / My Hero Academia Season 4
WM-t-0Lr8yg Guessing QUIRKS in My Hero Academia (Girlfriend Edition \ud83d\ude02)
WRY8F_M7mJM Top 8 FIGHTS That NEED TO HAPPEN! / My Hero Academia
WWw4fxnkoVE Mr Compress!? HIS PAST REVEALED \ud83d\ude33 | My Hero Academia
WX425PNSfx0 WHY YOU SHOULD READ JUJUTSU KAISEN
Wjxdx8TqVXI BAKUGO DOES WHAT?! | My Hero Academia
WqsPrLU__VI Top 8 SECRETLY POWERFUL Quirks! / My Hero Academia
WtfjbcQVrV0 Could Hawks LOSE his quirk?! / My Hero Academia
XE9pneVEaUM MHA Season 5 TRAILER! | My Hero Academia (Spring 2021)
XocfFwgtCqc How My Hero Academia will END / The future of ALL QUIRKS \ud83d\ude30
Xwc2HPmWMwc My Clover Academia: If Black Clover Characters Had QUIRKS
Y-Q0LLSF76M SHIGARAKI ACTUALLY DID IT!? | My Hero Academia OFFICIAL Breakdown!
YSPhUAFtdA8 OVERHAUL Explained in 2 MINUTES / My Hero Academia Season 4 / Kai Chisaki
YckyCSExTbw AOT Part 2 TRAILER BREAKDOWN! | Attack on Titan Final Season | Trailer Explained
YsscRCqrmus Top 8 MULTIPLE QUIRK users / My Hero Academia
ZlUqeP8xNUE The FULL BACKSTORY of All Might! | My Hero Academia Origins | Toshinori Yagi
_TtJeL2S7QQ Crust\u2019s QUIRK Explained! \ud83d\ude2d/ My Hero Academia / No.6 Hero
_v37DFQ59Ms LEVI RETURNS!? Paradis CIVIL WAR EXPLAINED | Attack on Titan Season 4 Episode 23
bB_CMnebzt8 HOW?! Best Jeanist's FATE EXPLAINED! | My Hero Academia Breakdown
bD4uElg9d5Y LEMILLION Explained in 1 min!! / My Hero Academia - Mirio Togata
bFe2QKYW1YE What If DEKU and Uraraka had a KID? | My Hero Academia Next Gen OC
bG8zm38IjOQ The INTERCONNECTED PAST of Dabi and Hawks EXPLAINED! / My Hero Academia
bTlCOtcSb_Y All ARMORED TITANS in History EXPLAINED! | Attack on Titan | Ancient Titans
biO29HM8-Zs AFO IS A MONSTER!! | MHA OFFICIAL Breakdown
blN93gTPHeo SUNEATER Explained! / Tamaki Amajiki / My Hero Academia Season 4
bmZs715Py3w The New BEAST TITAN?! Historia\u2019s Fate Explained | Attack on Titan Season 4 Episode 10 Breakdown
cSeXOvCPetU SHIGARAKI'S NEXT QUIRK? | My Hero Academia
d9_oTVKE6qo TOGA!? All Might\u2019s Fate Revealed | My Hero Academia EXPLAINED
dSSleXq7Irw 10 NEW QUIRKS from the War Arc EXPLAINED! / My Hero Academia
dvztHditU0I All ATTACK TITANS in History EXPLAINED! | Attack on Titan | Ancient Titans
dwvG_rvBwGs Gigantomachia\u2019s MULTIPLE QUIRKS Explained! / My Hero Academia Recap
eDCKmQ08vbg OVERHAUL KILLS MAGNE! My Hero Academia Season 4 Episode 2 Reaction + Review
ea_F8vzS43U Why Bakugo WAS the 2nd user of ONE FOR ALL! / My Hero Academia Time Loop Theory
esdpkcnLYiw Eri's QUIRK Explained! / My Hero Academia Season 4
fZR9lhhvD-0 All CART TITANS in History EXPLAINED! | Attack on Titan | Ancient Titans
febyk5AV1g0 The NEW JAW TITAN!? Falco's TRUE POWER EXPLAINED | Attack on Titan Season 4 Episode 27
ffCmziuMgy0 Jujutsu Kaisen CULLING GAME PREDICTIONS! (ft. Zhoniin)
ftPvW5sabVg Which TITANS would MHA characters get? (My Hero Academia / Attack on Titan)
fzZpTA6Nipo MHA OFFICIAL Popularity Poll Results (2021)! \ud83d\ude31
g0Wo3ErvpPY WHAT IF Deku never met All Might? / My Hero Academia / Mirio One For All
g6wq2szdmRs All COLOSSAL TITANS in History EXPLAINED! | Attack on Titan | Ancient Titans
gJjlAjfavx0 AOT Part 2 TRAILER EXPLAINED! | Attack on Titan Final Season - Official Trailer Breakdown
gXoAGjhwdU8 The DEATH of the BEAST TITAN!? | Attack on Titan Season 4 Episode 18 Breakdown
h5NvjGvG0E8 The FULL BACKSTORY of Tomura Shigaraki! / My Hero Academia / Origins Explained
h9BVUoOb2BU MHA REVIEW
hPKnCcrKfYQ EREN\u2019S NEW ARMY! | Attack on Titan Season 4 Episode 11 Breakdown
hW7apcttjuE Why MINETA is the 10th user of ONE FOR ALL! / April Fools MHA Theory
iDnAV1DEO7Y Overhaul's new MONSTER Form Explained! / My Hero Academia Season 4 Episode 12
iLTYvViA_Mk Fatgum's SKINNY form Explained! / My Hero Academia Season 4
iMQrq1UG25o The FUTURE of Todoroki! / My Hero Academia Timeskip Theory
iVB8TxYc1S8 Why KIRISHIMA was the 3rd user of ONE FOR ALL!  / My Hero Academia Time Loop Theory
icL_goXbQq4 HIGH-END Nomu\u2019s MULTIPLE QUIRKS Explained! / My Hero Academia Recap
io1UgSfRILM FLOAT! | My Hero Academia OFFICIAL Breakdown
jGIuPwjU2GA PART 2 RELEASE DATE Update! | Attack on Titan Final Season
k1Fvw78jzlA Dabi's IDENTITY 100% CONFIRMED! Dabi Reveals His Secret | My Hero Academia
kQWgYx678b0 My girlfriend guesses QUIRKS in My Hero Academia!
kWWLjD1M5FE OCHACO and DEKU!? \ud83d\ude33 | My Hero Academia EXPLAINED
kX0cVjIHR1s Knuckleduster\u2019s QUIRK Explained! \u23f0 / My Hero Academia Vigilantes
karb6lXXZ1s LEVI vs The BEAST Titan (ROUND 2)!! | Attack on Titan Season 4 Episode 7 Breakdown
l97e6fqE7H4 What to Expect from My Hero Academia Season 6!!
lPZpe3gE4P0 All ABNORMAL TITANS in History EXPLAINED! | Attack on Titan
lRB99Vi82Mc Can SHINSO stop Shigaraki?? | My Hero Academia
lfaqyedzHQw My Hero Academia 2ND YEAR PREDICTIONS! (ft. Vocal Pineapple & Zhoniin)
mJNadCo9VR8 MORE INFO on previous ONE FOR ALL Users / My Hero Academia / Quirks Explained
ml-eLMacLGI Bakugo's HERO NAME REVEALED!! | My Hero Academia
nM-tKjCyMKQ The NEXT GEN Sports Festival - My Hero Academia
nQQvrB7TcV8 My Hero Academia: The WAR ARC Review (Part 2)
nWJJX1HO0XY My Hero Academia THIRD MOVIE Announcement! | MHA Movie 3 \ud83c\udf7f
nbCmOA2hm-w Kirishima's UNBREAKABLE form Explained! / My Hero Academia Season 4 Episode 5 / Red Riot
pGwEf9OKAUw The ORIGINAL Founding Titan EXPLAINED! | Attack on Titan | The Life of Ymir Fritz
puWveIBHmHY IS IT OVER?? \ud83d\ude25 | My Hero Academia Review
pw-8fActTKI Top 5 WORST childhoods in My Hero Academia
pz6RVuVndZA Eren BETRAYS ZEKE!? The TRUE Founding Titan EXPLAINED! | Attack on Titan Season 4 Episode 19
qLUDqM8ahA0 All ABNORMAL TITANS in History EXPLAINED (Part 2)! | Attack on Titan
qT9stcYeKEk My girlfriend guesses My Hero Academia characters!!
qXkkK6EyiIo Top 8 ONE-SHOT FINISH Spells! / Black Clover \ud83c\udf40 / Season 1
qoHhWyb67-I Shinso's NEW MASK Explained! / My Hero Academia Season 5
rOXPCfrO60k My Hero Acadmia MOVIE 3 TRAILER BREAKDOWN | MHA World Heroes Mission
rh2hsSj98Rw Top 8 ONE-SHOT FINISH Quirks! / My Hero Academia
rpXMlFBilPg The NEW Eren Yaeger EXPLAINED! | Attack on Titan Season 4 | Why Eren is in Marley
rqLCjOFw8Lc MHA Season 6 Trailer BREAKDOWN | My Hero Academia (War Arc)
s3yuESqeKJI EREN vs The WARHAMMER Titan!! | Attack on Titan Season 4 Episode 6 Breakdown
sN6heOZ4ov8 The DEATH of Endeavour (why it will happen soon) | My Hero Academia Discussion
tFmFeGOnN3c Deku will go to AMERICA to master FLOAT! \ud83c\uddfa\ud83c\uddf8 | My Hero Academia Theory
tWIpUt3z9Sw Which Magic Knight squads would CLASS 1A join? - My Hero Academia / Black Clover \ud83c\udf40
tmYJnkInFIA The FULL BACKSTORY of All For One! / My Hero Academia Origins
u6iz0_-TC7A Hawks EXPLAINED! / No.2 Hero / My Hero Academia BNHA / Keigo Takami
uBqMRgEEw9Y Dabi's ICE QUIRK Transfer EXPLAINED! | My Hero Academia Theory
ukYZm3OD96I The FUTURE of Gentle Criminal EXPLAINED! / My Hero Academia Season 4
uzXHo0TaSEI EREN vs MARLEY!! The FINAL BATTLE Explained | Attack on Titan Season 4 Episode 16 Breakdown
vVk8rhgU7vo Top 10 WAR ARC Moments! | My Hero Academia
vz99CgEiHzw Jean and MIKASA?! Secret DETAILS EXPLAINED | Attack on Titan Season 4 Episode 25 BREAKDOWN
wJ6K0UZPXF8 The RUMBLING!! | Attack on Titan Season 4 Part 2 OPENING BREAKDOWN | All Easter Eggs Explained
wW0WVkPQaqQ The NEXT STAGE of One For All! | MHA
wW1E7au4_6o Shinso's UPGRADES Explained! | My Hero Academia Season 5 | Shinso vs Class 1B
wn5b5bh1-JA The PATHS TITAN Explained! | Attack on Titan | WHAT IF there were 10 Titans?
x9kqpjmfiKA Top 8 Quirks with INSANE POTENTIAL! / My Hero Academia
xPOzngrHNJA If One Punch Man had a STAND | Saitama\u2019s Bizarre Adventure
xTAq6YbPi04 Black Clover Anime CANCELLED?! | The End of Black Clover Confirmed
xUbKW0gHS4M Is MOMO the TRAITOR? | My Hero Academia
y5xZ8qyhpMs My Hero Academia: The WAR ARC Review (Part 1)
yO0MXJjtJ4o All WARHAMMER TITANS in History EXPLAINED! | Attack on Titan | Ancient Titans
yemR-GIlmdw MHA OFFICIAL Popularity Poll Results (2020)! \ud83d\ude31
yjz7ZKnUGfA EREN RETURNS!? | Attack on Titan Season 4 Episode 3 Breakdown
z0fzsTYX79U Attack on Titan \u2018SEASON 5\u2019 CONFIRMED! | Attack on Titan Final Season Part 2
zlCrG-6Z6rw My Hero Academia - The 2nd Generation Theory
zrcMpDuz-pY Attack on Titan KILL COUNT (Season 4)
