-7w3Kev9KU4 Colored Animal Skeletons and more... -- BiDiPi #21 (feat. Rainn Wilson)
-E8bnhIUCdY TESLAPHORESIS IS HERE -- Mind Blow #104
-adHRNYHbm0 Can Learning Make You Dumb? Yes.
-bTPbHj3B0s Amazing Tiny Car -- BiDiPi #36
-imd5d8qQ-Q TREE Record Player and more... -- BiDiPi #11
-qMu60ecjvE Math Caught A Serial Killer
0ZkBJxrfOF0 Where Am I?
0mkkKs4gpnM Download To Your Brain? -- Mind Blow #109
1DLvhulrG1w Laser Mapping, Floating Island and more -- Mind Blow #114
1HfRVY0lJLQ Paper Clip FAIL!!! -- L\u00dcT #11
1IAsV31ru4Y A Game You Can Never Win
1SBmvn2-MS4 LINKING BRAINS -- Mind Blow #97
1bgmmJr2ILg HEAR With Your TONGUE!? -- Mind Blow #92
1n_s-XStyFo Future MONEY HAND -- Mind Blow #44
2Cr0ldNxt88 CAR AUTOPILOT IS HERE -- Mind Blow #84
2_hf8Vy-4sQ Insane FAKE FACE -- L\u00dcT episode 3
2hnGHFpcQT0 KISS ROBOT LIPS -- Mind Blow #46
39qQwE6nqd8 Chocolate Toothpaste -- L\u00dcT #40
3KJawoSx4PE ALIEN HUNTER -- Mind Blow #27
3dNA-2XATF0 Chuck Norris Donkey Kong -- BiDiPi #4
462tEdh8NCM Twerking Einstein -- L\u00dcT #35 (Christmas Edition)
4M4HjCAdoAg The $1 Million Fraud Caught by Math
4NLjmX3iYik ROBOT BUTT? -- Mind Blow #42
4QLtftU7xtQ IMPOSSIBLE Waterfall!: Mind Blow 11
4_Ufgf5zv9E HARP TWINS and more... -- BiDiPi #17
4yBSPdz3T3o Your Life Is 7 Objects
5LWfXhggC70 Should You Switch? NO!
5TRU2v79wFc Future Highway -- Mind Blow #53
5XA9HaE4ZRQ Birds With Hair? And More... -- BiDiPi #37
5_MhErD-EA0 The Planet Behind Your Eyes
64pA31_WJa0 The Hardest Easy Game
68MofjH3O9w Clone Your Dog!?-- L\u00dcT #49
6Ha5Rs2r4F0 The Invention of Toilets
6XMzMd-O1AU Ink On Bone -- BiDiPi #45
6YZyh39g5bk Sound Tractor Beam -- Mind Blow #99
6grLJyqIM8E The Invention of Dragons
6nONAiRMLBQ Hidden Treehouse and more... -- BiDiPi #15
706QQFfUIK0 DNA Gun? -- Mind Blow #58
70sAqfZC3Wo I SMELL YOU -- Mind Blow #74
7dX14z1l7qU This Was Alive -- BiDiPi #47
7tG0Ve-oFWQ A LIVING ROCK? -- Mind Blow #69
7ymIWXPbv2U Giant Fake Baby And More... -- BiDiPi #30
8AbHHs6YMCU What Is He Doing??? ... L\u00dcT #4
8JxYMaay0EI This Is What Memories Look Like -- Mind Blow #78
8rbpmxFqf5E Animal Human Hybrids -- BiDiPi #43
8uMoOOak8ss This Is A Human Woman -- BiDiPi #49
8wQnrxL5iTU INDOOR WHIRLPOOL -- BiDiPi #53
9950ZsrMFTc FORK Music -- Mind Blow #38
9HQZ_t1MSWk Amazing BOUNCY BRIDGE -- Mind Blow #52
ACtsYN1TWLg Surviving The Deadliest 2-Player Game
AYp8nCGzpiA Where's Our Future Technology? -- Thought Glass #10
AsACeAkvFLY Will Robots Make Us More Human?
AvDk3UNGf1Q Real Bionic Eye? -- Mind Blow #59
AxKE6P0LYC8 SOLAR-POWERED BIKINI ---- L\u00dcT #14
B5Kt_YxcVYI Can Pasta Hold Your Weight?
B6kMA-kKxaQ She Models Your Clothes -- Mind Blow #57
BOKdQfsqpQ0 MASS HYSTERIA
C-F1VKkQ8gk Ride A Bike In The Sky -- Mind Blow #77
CH3o8bllB_A NOT WHAT IT LOOKS LIKE -- Mind Blow #47
CaRlehRw9ig World's Strongest Coffee -- L\u00dcT #34
DY6VIllK00Q Recording Ourselves
Diy_WYGkGTo Personal Disease Scanner? -- Mind Blow #89
DntEoGG7RyY The Martingale Problem
DtfixcU6QZU REAL Doctor Octopus Arms -- Mind Blow #83
E-QQgIX6xr4 How To SLEEP With Mario!! -- Mind Blow 10
E-bFmFVEITs Electronic Skin  -- Mind Blow #108
EKkXLZJDNrA Algae Opera And More... -- BiDiPi #24 (Feat. Nathan Barnatt)
Eb8ysiblIrE LEGO COMPUTER!!! -- L\u00dcT #52
EctBzqqGWek Animatronic Ackbar  -- BiDiPi #25
Eez7PpQlB_4 Weird Baby Mask and more... -- L\u00dcT #29
EqWaWyvuClc ZOMBIE BOTTLE-OPENER! ... L\u00dcT #24
F-_h0DQ7Zys BRUTAL KNIT MASKS And More... -- BiDiPi #20
F8I-NHXpJu8 NERDY PAJAMAS! --  L\u00dcT #9
F981CD-8YEg EAR Earrings -- L\u00dcT #26
FEPxB3uWlM8 Wear Brad Pitt's FACE -- Mind Blow #26
FJtaaM7Txys The Nugget Algorithm
FR7kkYYagtU 2,500 Characters. 1 Drawing. -- BiDiPi #23 (feat. Amy Poehler)
G09aIKMBNhE The Invention of Collecting
GKns7jl59Dc MONSTER EYEBALL -- L\u00dcT #53
GMOG2yY6pAI Robot Muscle, Plant Tattoos and more --  Mind Blow #116
GPdta5Aod_c GRASS PEOPLE and more... -- BiDiPi #16
H-zQh9ubiMU ELECTRIC PLANTS? -- Mind Blow #100
HOgjlc1_kRs Plastic-Eating Fungus -- Mind Blow #91
HZ-jDeUzxmg The Auction Problem
Hu73WFkxL6A Buy REAL Dino Teeth! ... and more! L\u00dcT #20
I31pi-6NgqM BLOW YOUR MIND!
IOURa187LRs The Invention of Science Fiction
IXTKjVP0mgw A new EARTH??? -- Mind Blow #31
IdIzYtnKDII Killing The Perfect Math Game
IjSbFC9SxBg See Inside Everything -- BiDiPi #40
Iyp-VJz9Oys LIGHTNING Sculptures and more -- BiDiPi #12
JVwYB0PY37k FRENCH KISS A ROBOT!  Mind Blow #16
KB24FakYVmc Is Time Travel Possible?: Mind Blow (Special Edition)
KHOBWIVUO64 Most People Have Herpes?! -- Mind Blow #86
KIJm4QHItmI Gun Radar? -- Mind Blow #61
Kc93lt1JGQc BULLET GUTS And More... -- BiDiPi #35
Kob0wwKtyC8 Mind Blowing WATCHES ... and more! L\u00dcT #17
KvLuJrxphnE This Is Illegal In Alabama -- BiDiPi #41
L4-F_UakaA8 Long Distance KISSING and more! L\u00dcT #22
LMWw_II0LNA DEXTER Art and More -- BiDiPi #5
LVfbPqx_eL4 Is This The First Family Robot? -- Mind Blow #85
LYaBL0RaCGY Einstein Brain Secret Revealed? -- Mind Blow #72
LbALFZoRrw8 The Battleship Algorithm
LbqGsjWTt40 Door-Opening Robot and more -- Mind Blow #118
LtxnP1nOIfg You Cannot Wear These \u2014 L\u00dcT #55
M4fyBcIjr6I The Girl With The Lion Face -- L\u00dcT #38
MHX_oEBduCo Draw On Clouds -- BiDiPi #48
MJ_441trBsc Pink Spider Web?  -- BiDiPi #28
ML9w-hnGAw4 Buy A Can Of Love? -- L\u00dcT #37
MW5hP56Rz7U LET ME SMELL YOUR BREATH -- Mind Blow #65
MeL2rB-61lE Stealth Bike -- L\u00dcT #54
MiaJnA1ptg0 REAL Iron Man Laser! -- Mind Blow #21
MsGgUHJJOGA Breast Milk ICE CREAM! L\u00dcT #7
N7QD8VQ3nPY BRA POCKET and more... -- Mind Blow #41
NEpqfosDLdo EDIBLE Water Bottle? -- MindBlow #81
NN15qkCF8Sg How To Make Lava -- Mind Blow #107
NdzkqG26JoE Why Do We Dye Easter Eggs? -- Thought Glass #2
NkYCWqzBc7M MrBeast's $1,000,000 Dilemma
Nuq4ZTpKlBI SEXY Ninja Turtles! ... L\u00dcT #5
O2qjRG6iV8M The Invention of Friends (Dunbar's Number)
O4PfGC7QsHg This Is A Butt Lamp -- L\u00dcT #39
O7v_jUW4mCs ALIEN Chess and more... -- BiDiPi #10
OM9KepKsg6U Ant On A Rubber Rope Paradox
OSDvwRi0-78 Skywalker Hand, Planet Discovery and more -- Mind Blow #115
OSfu9kYBTC4 Star Wars Swimsuits .. and more! L\u00dcT Episode 1
OYx1wPSXkUw Fuzzy Pancakes and More! L\u00dcT #19
OeJobV4jJG0 The Game You Quit
OfT1rEQG23c TREEHOUSE TENT -- L\u00dcT #48
P5sJ3zBU7ug OPEN UP WIDE!!! -- Mind Blow #20
PC6nnp37FbM Your Motion-Sensing Eye Cells -- Mind Blow #79
PKayI0ux0Yk Chocolate Pyramid and More... -- BiDiPi #19
PMkgbevPEBI RIDE This Robot! -- Mind Blow #62
PXd-sZb5oqA It's Tentacle Time! -- Mind Blow #112
PkAIR5p9Ni8 Swing Off The Edge Of The World? -- Mind Blow #75
PpvboBJEozM The Game You Win By Losing (Parrondo's Paradox)
QCxXWKRgRvk AMAZING CD BUBBLE!!! -- Mind Blow 9
QriZynowv0k Diamond EYEBALLS? -- Mind Blow #23
QtDWd8ITR24 WTF Baby CLOCK ??!! ...and more! L\u00dcT #6
Qvx5Ekhddaw Mario's SECRET BALLS ??!!  Mind Blow 4
R4sYp1FPw-0 Best Doorstop EVER? -- L\u00dcT #15
RAGrBikLtTA The Potato Paradox
RBf1s4TassI The Infinite Money Paradox
RFlTawWwLZc The Problem Newton Got Wrong
RHmlKeH38vw Breaking Bad Art And More... -- BiDiPi #22
RMHRWLHZUn4 PRINTING SKIN -- Mind Blow #95
Ry7_hG_hg8A PRINTED BABY??? -- Mind Blow #48
S7qgQc1Lgqs THIS IS NOT AN ALIEN -- Mind Blow #64
SMkekCTVUrA Floating RACE CARS !!! -- Mind Blow #33
SXgF57NWJgs The Pizza Theorem
ThZ-VlH30Js Artificial Brain Uses Internet? -- Mind Blow #63
TwMg8kwL38A R2D2 Bra and more... -- BiDiPi #31
UaA-ZeuEcQ0 Top Hats for CATS! L\u00dcT #25
Uxu-wKE9s1c Bacteria Killing WINGS -- Mind Blow #60
Uyw7d579nxY Double Sixes Death Game
V-2WnZljqKs Beer Made With WHAT!? -- Mind Blow #51
VDrfGBFtD5w Wearable Mood Controller -- Mind Blow #96
VGW1r0rSqzQ SHAMPOO ME -- Mind Blow #28
VHnD_B-7DjM Life In Prison For A Name
VIg5HkyauoY The Invention Of Blue
VO5j_mB5hRY Cat Eyeball And More... -- BiDiPi #42
VXzTovzamaE BECOME A ROBOT!?! -- Mind Blow #29
VeMNvRYstxQ Human Cow BREAST MILK??? -- Mind Blow #18
WffbIQQBByE 5 Awesome Dog Facts -- Thought Glass #4
WhMRL_TFzY8 ZOMBIE Gameboy and more -- BiDiPi #7
WjW1X9TIlM8 5 Facts About Spring -- Thought Glass #3
XBtyRbsbSLU You CANNOT Eat This -- BiDiPi #34
XIaHeheCKsM Bacon-Flavored CANDY!  ... and more: L\u00dcT #10
XKsTGdN-4_M The Dot Game That Breaks Your Brain
XQVo9jY2f0k The Invention of Pets
Xtl9orvkDVo Surviving The Deadliest Game
Y45aema4iyM MAKE YOUR CAT A DJ -- and more! L\u00dcT #18
Y7hm0Xeicus The Game You Can't Win
YEaEp7XyKog COW FART in a Jar ??!!?  And Other Pranks -- L\u00dcT #8
YQz-TJCQQl0 DRINK YOUR FACE -- Mind Blow #67
Ya2D1ao_n2s Dog BUTT Floss! And More: L\u00dcT #21
YdKQS_Pq-KE BLOOD COMPUTER? -- Mind Blow #73
YrOa41snGSA BUY STUFF WITH YOUR FACE? -- Mind Blow #68
Z0kwsV-rz9Q One-Touch Healing Device -- Mind Blow #113
ZC4FjHrPd_0 This Is Thread And More... -- BiDiPi #29
ZNFEonWfy1c Eat A Unicorn -- BiDiPi #52
ZXBu2Htnie4 Mega Man's GUTS!!! Mind Blow 7
__XIIzbkFhk STEAMPUNK MASKS !!! -- BiDiPi #3
afAwG_E-Y1c Real MARIO CUBE And More -- BiDiPi #13
apyyuoBaTTo Homemade STORMTROOPER -- BiDiPi #2
b2nqtiam25g Carrot Sharpener. L\u00dcT #27
b4jX-UjRpRA MEAT Business Cards -- L\u00dcT #36
bBnHMazt0us OCTOPUS CHAIR??? -- Mind Blow #24
beVCBFcFmZA FEMBOT and more... -- BiDiPi #38
bqqMhxaoEcI Text Message Your Eyes? -- Mind Blow #55
c4wJp7LZqYc WORST STROLLER EVER! -- L\u00dcT #12
cKymBcFf3wc Origin Of Bathroom Stuff -- Thought Glass #5
cOi2nyiWFmY Unicorn FARTS on Your LIPS ?? -- L\u00dcT #23
cf_kzXn2v0g You'll Never Win This Game
cgOFQcNZiFk The Invention of Vitamin C
cqGnskZraOE Kiss Your Phone? -- Mind Blow #111
dDZJXiHmeZg 1,000 Birds In A Truck Riddle
dUXW3Kh_kxo A Game You Can Always Win
djkxzK--1Os The Game Of Lies
dugFyKanERk ICICLE of DEATH -- Mind Blow #30
e0aAtbO0d6U FOOD PRINTER??? -- Mind Blow #25
eKyO-uzp2Zk 3 MILLION+ Dot Drawing -- BiDiPi #9
eN8hBiQBrJM INVISIBILITY SKIN -- Mind Blow #103
eQPKNXThh7U MONEY SWIMMING POOL! -- Mind Blow #76
eQWka7VvUrw Money Art -- BiDiPi #54
eUFR6NvaylI Dog BARF Toothpaste -- L\u00dcT #31
ejUixWn_gE0 A Problem You'll Never Solve
f442D79k-cs Waterfalls Make You Pee? -- Thought Glass #1
fNdR-SPRAfc High Heels Were Made For Men -- Thought Glass #8
fOQEOqqvONc GROSS iPhone Stand and MORE! L\u00dcT #13
fg4U-ajzUUk BULLETPROOF COUCH? -- L\u00dcT #32
fzOPF3S7fvU 01000011 01111001 01100010 01101111 01110010 01100111
g4Dj2aIC_3o FINGER HANDS -- L\u00dcT #45
gBiIksVn2lE NEW BODY PART DISCOVERED -- Mind Blow #66
gMCQr4ySbs8 This Makes Real World A Video Game? -- Mind Blow #80
gvqbIeGI8IE The Simplest Cryptography Game
gwPxUgYeCCU KISS THIS HYPERLIP -- L\u00dcT #56
gzPF9VajSdY You Don't Know Time
hFidmKv4YOU Toads Don't Give You Warts -- Thought Glass #11
hvSqgThGb4c 5 School Facts -- Thought Glass #7
i0AV8pv3DBQ Dying for Science -- Thought Glass #12
iJ12163-2FU TURD BURGERS? -- Mind Blow #19
iqkSEfhCob4 X-Ray Playing Cards -- L\u00dcT #44
j3cOcuUUrNE Enter My Hand -- BiDiPi #50
j94VUp6NZEg The Number Illusion You Won't Believe
j9sbGH8hAtI SHOOT FIREBALLS FROM YOUR HAND -- L\u00dcT #47
jtjBsBE5GII Slicing Up Human Brains -- Mind Blow #93
jwcYxxUzpxI ALIEN Motorcycle??? -- Mind Blow #22
kI712FeoPSM The Game That Never Ends
kJzSzGbfc0k What Is A Paradox?
kO8t0_UsBIs 5 Ancient Medical Practices -- Thought Glass #6
kOnEEeHZp94 The Demonetization Game
kpYYCGXEGmY Best Hoodie EVER... and more: L\u00dcT 2
kwuwJURHgX4 BRA GUN??? -- Mind Blow #17
l8vGaDPNE6Q Paralyzed Man Walks Again -- Mind Blow #98
l9LLEwJKg_U FLYING ROBOT FRIEND -- Mind Blow #43
lNJq6BlVyhM The Invention of Blame (Scapegoat Mechanism)
lsdO4kCFG0g Horizontal SHOWER -- Mind Blow #36
m3VCHu6XxZM SHIRT FROM OUTER SPACE -- Mind Blow #45
mF7PXstubvs Homemade FLAMETHROWER: Mind Blow 6
mLEWj-61a4I Making A Math Murderer
mNgshmsXpCc The Penny Problem That Breaks Your Brain
mTNlVAz2fdA The Worst Math Ever Used In Court
mXmymYHKdfU THE PASSWORD IN YOUR EYE -- Mind Blow #90
migdX4Z_Qlc RAINBOW FIRE!!! -- L\u00dcT #43
mwdB_wvgl14 AMAZING STAIR SLIDE -- L\u00dcT #41
n3-gMbaeC7g $65,000 Whale POOP -- Mind Blow #49
nFTpEV5tgf8 Giant Robot, Electronic Skin and more -- Mind Blow #117
nNbmMwNA0mg BLACK TOILET PAPER? -- L\u00dcT #33
nOg1nC7aEwI Deep Sleep To Mars -- Mind Blow #88
nvOf6nmczBM Tattoos That Play Sound -- BiDiPi #46
o7tpBXOLV1E What IS THIS???? Mind Blow #13
ofTb57aZHZs The Birthday Paradox
ok3NG70Vk7Y POOP ELECTRICITY? -- Mind Blow #71
orxEmV3V3VI She Builds Tiny Worlds -- BiDiPi #51
p9IBeaAI1lc FLAME GLOVE -- Mind Blow #37
pS11TNmUGiA The Secret of Snakes and Ladders
qIp8ESDshEw Floating In Sound? -- Mind Blow #50
qX0IMGhy4c4 EYEBALL RECONSTRUCTION -- Mind Blow #110
qpCeu92XwwU SPIDER CAPE !?! -- Mind Blow #35
r4HOOfBUlE4 The Invention of Music
rL3gZH5Em5c The Stolen Money Game
rSwHupgt6AU MANGLED MIMES -- L\u00dcT #51
rmvo1G7p0e4 BEEF JERKY BIGFOOT and more... -- BiDiPi #18
s4tyO4V2im8 This Is NOT 50/50
s4ycWq9eADQ This Is A Brick -- Mind Blow #56
sLN27wguj2Q ZOMBIE Bugs!!!: Mind Blow 12
sPS592qLDuo DNA Face Sculptures -- BiDiPi #33
sQxsItUXH6E MOST AMAZING ROBOT HAND -- Mind Blow #102
sTzgFKUjAG4 Neon SKELETON and more... -- BiDiPi #14
s_lg-zUHbFg Wi-Fi CLOTHES? -- Mind Blow #82
sd-Ti6QFeaU Stuffed GIRL'S HEAD? -- Mind Blow #14
sfilRCCtJtA How Many Sides Does A Circle Have?
sgtCNueS0Hc SUPER BABY SHIELD -- Mind Blow #40
shjkO_Lq7UY A New Way To Eat? -- Mind Blow #54
slc0eAzh-hM The FBI Framed Him With Science
smA6nTR2sb0 Book Vending Machine and more... -- BiDiPi #32
sw7UAZNgGg8 The Game That Learns
t1g0uoBlQ68 SOAP FOR ADULTS ... L\u00dcT #16
tFv1uWikf7I Christmas Facts *Spoiler Alert* -- Thought Glass #9
tLgttp5CdjQ The Missing Dollar Riddle
tUnfhL6C2CM Inflatable Illusion -- BiDiPi #44
tWXTg7lweOU ZELDA MUSIC and more -- BiDiPi #8
tfzxGRMD3X0 What's On This Plate?! And More... -- BiDiPi #27
unMa8cI8-LU LEVITATION HAND -- Mind Blow #106
vWhCiIIjRbE Glow In The Dark Rabbit? -- Mind Blow #70
vrkmYrt44NA GLOWING NOSTRIL!!! -- Mind Blow #32
wGG0z9ENGus Gummy Bear GUTS -- L\u00dcT #46
wQVCeLvLHmw DRAGON MEAT -- L\u00dcT #42
wWZNeyAfTVM Quantum Levitation -- BiDiPi #6
xD8lk7jNczw BRAIN COASTERS -- L\u00dcT #57
xYCRembbAi4 Harry Potter Fan Art -- BiDiPi #1
xmna2Eh0D20 Real Millennium Falcon -- BiDiPi #26
xnVORTealWA Your Brain Is A Password? -- Mind Blow #105
xojL9Ye3pnE 3D Reconstruction Sphere -- Mind Blow #34
xsKWplrmpBg Control Your Virtual World -- Mind Blow #87
xtuN2Y7KXX8 The Hopeless Game You Need To Play
xwuyBTTuUrQ BIGGEST Game Collection Ever... and More! -- Mind Blow 5
y3x9hz1cGWE Nintendo FURNITURE??? -- Mind Blow #15
yDFAGdxHzN8 How Babies Learn? -- Mind Blow #94
ybaMUDwwTJU Wireless Charger -- Mind Blow #101
yhg4jkloYQ4 BANNED Sega Ads!!!: Mind Blow 8
ytfCdqWhmdg The Easiest Problem Everyone Gets Wrong
zEIpKtZMCGo Lick A Lightsaber -- L\u00dcT #30 (Star Wars Edition)
zTDhz3x92zw The 50/50 Problem You Won't Believe
zeP5dX-SkvA PIZZA BUTTON? -- Mind Blow #39
zshjQN4rwM4 ALIEN TABLE And More... -- L\u00dcT #28
