-QTX2pIRLmE Harry Potter & The Plague of Twitter: Why JK Rowling Should Leave Harry Alone \u2013 Wisecrack Edition
-ZjuAeRLjHM What Key & Peele Teach Us About Comedy \u2013 Wisecrack Edition
-bcKRd_lfAg Online Dating: A Techno-Sexual Dystopia?
-dh9pFVHOT4 The Philosophy of Christopher Nolan (Part 3) feat. Interstellar & Dunkirk \u2013 Wisecrack Edition
-oU0PtX85DY The Hobbit - Thug Notes Summary and Analysis
-zw_E4qwuNs Rick and Morty: Is Modern Life Soul-Crushing? \u2013 Season 3 Episode 2 Breakdown \u2013 Wisecrack Quick Take
01VOISj8Fq0 The Handmaid's Tale = A Whack-Ass Future For Women? \u2013 Thug Notes Summary & Analysis
0CjMRooWaQU The Crucible - Thug Notes Summary and Analysis
0O6rvprlzvc A Surreal Trip \u2013 The Philosophy of Atlanta \u2013 Wisecrack Edition
0_1YqcToBnI Is Comedy DEAD? (feat. Marvel, Jordan Peele, Men In Black) \u2013 Wisecrack Edition
0_xtOMiW0ys Things Fall Apart - Thug Notes Summary and Analysis
0cVToC4v8TI The Philosophy of Dragon Ball \u2013\u00a0Wisecrack Edition
0k1JsoOkOU0 The Tell-Tale Heart - Thug Notes Summary and Analysis
0reVk7l1mAo Ready Player One \u2013\u00a0Thug Notes Summary & Analysis
0zsi4z0qzX8 A Philosopher Reacts to the NXIVM Cult
13Qvurwu6t4 Influencers: How Democracy Created a Monster
14b_CkurswY The Raven by Edgar Allan Poe \u2013 Thug Notes Summary & Analysis
1V8zD3ecfkY The Lord of the Rings: The Fellowship of the Ring \u2013\u00a0Thug Notes Summary & Analysis
1XJhZVmORlM The Philosophy of Attack on Titan \u2013 Wisecrack Edition
1j2Q8yXx7vY The Philosophy of Westworld \u2013 Wisecrack Edition
27rhHfBugnc The Matrix Revolutions: What Went Wrong? \u2013 Wisecrack Edition
2FHv1CcBJ_k How Fraudsters Become Heroes (ft. Fyre Fest, Theranos, Martin Shkreli)
2RSUZTQkt9I How Adam Sandler Got Good
2Rr9b-HMSS4 How Pandemics Change Society \u2013 Wisecrack Edition
2VEQRPm_HyA The Great Gatsby - Thug Notes Summary and Analysis
2cMeyHKc2Do A Wrinkle in Time \u2013 Thug Notes Summary & Analysis
2de3LhPxpZU The Philosophy of House of Cards \u2013\u00a0Wisecrack Edition
2kMTSvg3PG4 Lolita - Thug Notes Summary and Analysis
2mt3sIWwUSw Wuthering Heights - Thug Notes Summary and Analysis
2ydHL5wkmJo SNOWPIERCER: Can We Build a Better World?
34myHZKSGBQ Grendel - Thug Notes Summary and Analysis
35P_9MgxlQU The Philosophy of Final Fantasy \u2013 Wisecrack Edition
3P3zh4S6RmI The Scarlet Letter - Thug Notes Summary and Analysis
3_tPfTfqSok How Privacy Changed
3exc9sc_HSM Why Rick Can't Kill God (Season 5 Episode 2 Breakdown)
467ehoaGDaE Batman v Superman: What Went Wrong? \u2013\u00a0Wisecrack Edition
49v6m7jQPaQ THE OFFICE vs. SPACE FORCE: What Went Wrong?
4LYC7Huhp7Q Dante's Inferno - Thug Notes Summary and Analysis
4YEw0smzzp0 Violence & Metaphysics: The Philosophy of Devilman Crybaby \u2013 Wisecrack Edition
522T2axRBcU IDIOCRACY: Is It Deep or Dumb?\u00a0\u2013\u00a0Wisecrack Edition
5583wWvskqI Netflix's Death Note: What Went Wrong? \u2013 Wisecrack Quick Take
5Nm61IoNdHg Pride & Prejudice - Thug Notes Summary and Analysis
5Y2yHDBaPsk The Philosophy of GHOST IN THE SHELL \u2013\u00a0Wisecrack Edition
5auMAAkbu7k Death in Rick and Morty | A Philosopher Reacts
5ito6u3QU0A Archer: What Went Wrong?
5xHZJhEIsQ0 Does Geek Culture Still Exist?
65uRX6DNyqQ The Philosophy of Marvel's Daredevil \u2013\u00a0Wisecrack Edition
6JrOkT6VYKA The Epic of Gilgamesh \u2013 Thug Notes Summary & Analysis
6RhOUup8epA The Myth of Genius
6UcQxHYda54 The Scene That Changes the Entire Meaning of The Wolf of Wall Street \u2013\u00a0The Film Tourist
6WJqcQ_v8qw The Hitchhiker's Guide to the Galaxy \u2013\u00a0Thug Notes Summary & Analysis
6dsECbVahBw The Philosophy of SHIA LABEOUF \u2013\u00a0Wisecrack Edition
6g9jMjOm4bM Game of Thrones: The Philosophy of Daenerys Targaryen \u2013 Wisecrack Edition
6x99C1_qpc4 The Problem with Merch
6zJF-nJ-ngw A Tale of Two Cities - Thug Notes Summary & Analysis
7L0XYy700WQ RICK & MORTY's Must-Know References! \u2013\u00a0Wisecrack Edition
7OevEml84BI SOUTH PARK: The Philosophy of Margaritaville! \u2013\u00a0Wisecrack Edition
7T1W3wAJuJA Robinhood: What Went Wrong?
7cGrg2Gh4gg The Philosophy of Fight Club \u2013 Wisecrack Edition
7qdLDZF-k8U Do We Need Sports During A Pandemic? \u2013 Culture Binge Episode #33
7t_-uSrPmrA MIDSOMMAR: Is It Deep or Dumb?
87404S8oOAs What's The Point of Rick's Game? \u2013 Rick and Morty Season 3 Episode 4 Breakdown
89WKPR0ZShE Clone Beth vs. Pickle Rick: Does Choice Matter? \u2013 Rick and Morty Season 3 Episode 9 Breakdown
8JN-JmpWfg0 The Cask of Amontillado by Edgar Allan Poe \u2013\u00a0Thug Notes Summary & Analysis
8LazrN57iZg Catch-22 - Thug Notes Summary and Analysis
8YR4ZrA0xeM The Philosophy of Cowboy Bebop \u2013 Wisecrack Edition
9-Da4X3fF1w What Makes a Morty?
97pFUTFvuEg The Philosophy of Jigsaw \u2013 Wisecrack Edition
9HppnzUrv70 A Clockwork Orange - Thug Notes Summary & Analysis
9Y5QZ77-WYw The Philosophy of Death Note \u2013 What Is Justice? \u2013 Wisecrack Edition
9a6P8f4zUuY THE MIDNIGHT GOSPEL: Is It Deep or Dumb?
9gQP4ffowCY The Philosophy of GET OUT \u2013\u00a0Wisecrack Edition
9jYMQx2RuVs How Brands Got Depressed (Burger King, SunnyD) \u2013 Wisecrack Vlog
A98tf9krihg Hamlet (Shakespeare) - Thug Notes Summary and Analysis
AIEmvRlPzCc Sacha Baron Cohen: How To Prank The Establishment
AJCmZkXQokU Ethan Frome - Thug Notes Summary and Analysis
ASoaHKRGXu4 Why FYRE Was Never Real \u2013 Wisecrack Vlog
B4oSK2q8MdU Art Goes Crypto \u2013 Culture Binge Episode #48
BYT5k_HmmFU The Walking Dead: The Philosophy of Negan \u2013 Wisecrack Edition
Bt04f3nrZ5A Jane Austen's Emma \u2013 Thug Notes Summary & Analysis
BxwZWXBwxFU The Philosophy of Get Schwifty (Rick and Morty) \u2013 Wisecrack Edition
C-5tEt2CUro The Philosophy of Fallout \u2013 Wisecrack Edition
C08Vw9mUqeI Persona 5: Is It Deep or Dumb? \u2013 Wisecrack Edition
C88eoszKVmc Alice in Wonderland = Trippin' Balls Through Self Discovery? \u2013\u00a0Thug Notes Summary & Analysis
CHk0zYJGMao Zac Efron As Ted Bundy: What Went Wrong? \u2013 Wisecrack Edition
CMyLbPvjTvg Of Mice and Men - Thug Notes Summary and Analysis
CpLqTC2-HuA A Midsummer Night's Dream (Shakespeare) \u2013 Thug Notes Summary & Analysis
CzTLNNDHn9U Peacemaker: Can Murder Be Justified?
CzTLNNDHn9U The Philosophy of Peacemaker
D3Qfm1z94BA Watchmen by Alan Moore - Thug Notes Summary & Analysis
D4G_x8MnJd0 The Philosophy of THE BOYS \u2013 Wisecrack Edition
DSc8q1ONH0o Why Hopelessness Is Hilarious (Rick & Morty, Archer, Gary and His Demons) \u2013 Wisecrack Edition
Dhs8_ZlnYw8 TEAM AMERICA: WORLD POLICE: Is It Deep or Dumb? \u2013 Wisecrack Edition
Dqe_feNbPRY The Dark Knight / The Grand Inquisitor SPECIAL EPISODE by Thug Notes
DxFPmF1puW4 The Big Bang Theory: What Went Wrong? \u2013 Wisecrack Edition
E7WyHyfDK94 Titane: More Than Just \
E7XpvGURddA How MLMs Took Over The World
E9WoOQGOQ_w Ethically, Should You Have a Baby?
EFtbwP4UuFM How We Will Become GOD \u2013\u00a0The Philosophy of Grant Morrison \u2013\u00a0Wisecrack Edition
EILHrSf0s84 Billionaires: What Went Wrong?
EMgfQMnPtTg The (Accidental) Philosophy of The Boss Baby \u2013 Wisecrack Edition
EQB6ctBXNzs The Philosophy of ONE PUNCH MAN \u2013\u00a0Wisecrack Edition
EsEFqi1rORc American Psycho \u2013\u00a0Thug Notes Book Summary & Analysis
Et7zq7QLCfk Nothing Ever Ends: The Philosophy of Watchmen (HBO) - Wisecrack Edition
Euktu-mLRCk Animaniacs: The Ugly Business of Making Art
F8BxHzcL6DA Where the Wild Things Are \u2013 Thug Notes Summary & Analysis
FPO3aenqT4o Brave New World - Thug Notes Summary and Analysis
GFD37HvGx6k Bill & Ted's Excellent Adventure: Is It Deep or Dumb?
GLxIKIlSkyQ The Goop Scam \u2013 Culture Binge Episode #24
GMWLakdOD9A LEGION: Is It Deep or Dumb? \u2013 Wisecrack Edition
GX0RYi0hVso The Hunger Games - Thug Notes Summary & Analysis
GX0ZThZUZZw Venom: How to Love Your Parasite
GYBRPUUSHQY A Christmas Carol - Thug Notes Summary & Analysis
GdKLJQ-THlU Battlefield 1: What Went Wrong?  \u2013 Wisecrack Edition
Gij5xNvCYiQ Othello (Shakespeare) \u2013 Thug Notes Summary & Analysis
GjyMu7lovP4 Why the Future Will be Awful
Gu1cgFVpNNw Why Outrage Rules YouTube & The Internet \u2013 Wisecrack Edition
Gy7R9wrlSVs The Philosophy of Nathan For You: Why Nathan Thinks Your Business Will Fail \u2013\u00a0Wisecrack Edition
H0lu1XquaZk Influencer Training \u2013 Culture Binge Episode #25
H1UFteQCc40 Dating In Dystopia \u2013 Culture Binge Episode #26
H5yvhP-9mik Django Unchained: How to DESTROY An Ideology \u2013 Wisecrack Edition
H6I4vlLOIyM One Hundred Years of Solitude (Gabriel Garc\u00eda M\u00e1rquez) - Thug Notes Summary & Analysis
HecxXlx1NG4 No Country for Old Men (Book) \u2013\u00a0Thug Notes Summary & Analysis
HlCABmIwzhs OFFICE SPACE: The Philosophy of Doing Nothing \u2013 Wisecrack Edition
I-n88BOKQaE Hustle Culture: Why We Can't Stop Working
IHy6iXcj004 Bright: What Went Wrong? \u2013 Wisecrack Edition
IIfxrpWEDLc The DC Extended Universe (DCEU): What Went Wrong? \u2013 Wisecrack Edition
IN26snz8zN0 How Presidential Campaigns Change
IPAqPA5WF8w Why Does Rick Need Toxic Rick? \u2013 Rick and Morty Season 3 Episode 6 Breakdown \u2013 Wisecrack Quick Take
ITKfr1qOZ0w Animal Farm - Thug Notes Summary and Analysis
IntI62LWSJA To Kill a Mockingbird - Thug Notes Summary and Analysis
Iol-7JAdK2M Tenet: What Went Wrong?
IuXwiKRzZRQ Loving Horror During Horrible Times
IxTN5PdXJRI Cities are Hell
J3TRIZte94w Terminator: Why The Apocalypse is Already Here
J7qYAcZzK18 Julius Caesar by Shakespeare - Thug Notes Summary & Analysis
JBY9qJpU0W8 Slaughterhouse-Five - Thug Notes Summary and Analysis
JDBdMjGccs8 Everything is Musk - Culture Binge Episode #52
JMvF54h6WJg How Comedy Got Depressed
JPKqnI4D2a8 MINDFULNESS: Is It Deep or Dumb? \u2013 Wisecrack Edition
Jgj2l6ZYeMM The Last Airbender Movie: What Went Wrong?
JssOmCXHctM The Modern Astrology Obsession, Explained
Juu-7H0Z2RU Dracula - Thug Notes Summary & Analysis
K-qgVmsV3hM Romeo and Juliet (Shakespeare) - Thug Notes Summary and Analysis
KJBbzmlSaxU Darth Vader's Biggest Fears \u2013 Star Wars Explained: Wisecrack Edition
LXsj_7n4aWY Rick and Morty: The Philosophy of Szechuan Sauce \u2013 Wisecrack Edition
LfMe0dsxk_Q Kanye and The End of Reality \u2013\u00a0Wisecrack Edition
Lt-paZAUKeQ The Philosophy of The Walking Dead \u2013 Wisecrack Edition
LueVmefY_Kg The Philosophy of Dark Souls \u2013\u00a0Wisecrack Edition
Lz8mDEKT1lM Les Mis\u00e9rables \u2013 Thug Notes Summary & Analysis
M3sg6RI2jq8 OnlyScams \u2013 Culture Binge Episode #37
M7-qnvEKMaU Why Beth Chose Jerry \u2013 Rick and Morty Season 3 Episode 10 Breakdown \u2013 Wisecrack Quick Take
MG7y8J0DXhU The Philosophy of South Park \u2013\u00a0Wisecrack Edition
MMB_I9j5qZQ How Censorship Changed
MTkuORuh9xU Adventures of Huckleberry Finn (Mark Twain) - Thug Notes Summary and Analysis
Mvm8RTdJgq0 The Philosophy of Archer \u2013 Wisecrack Edition
N-4sihVgF2Y The Philosophy of FALLOUT 4 \u2013\u00a0Wisecrack Edition
N0ouHx-g3Jc Jurassic World: Fallen Kingdom \u2013 What Went Wrong? \u2013 Wisecrack Edition
N7mWHe-N_sw Hereditary: How Your Family Ruined You
NA2VerbOyt0 The Cat in the Hat by Dr. Seuss - Thug Notes Summary & Analysis
NWkBccBtGAw How Conspiracies Changed (Flat Earth, Anti-Vaxxers) \u2013 Wisecrack Edition
NnXRQ_j_xB4 The Philosophy of Saw \u2013\u00a0Wisecrack Edition
NstmrrjljSg Gotta Get Down on Friday \u2013 Culture Binge Episode #47
O-IcPx9uD0U Fahrenheit 451 - Thug Notes Summary and Analysis
O3K2thH1goE The Philosophy of Christopher Nolan (Part 2) \u2013 feat. Batman Dark Knight Trilogy \u2013 Wisecrack Edition
O5lKMiXt74k ZOMBIELAND: Is It Deep or Dumb? \u2013 Wisecrack Edition
OfrCqnKbHKk How Ads Got \
OpomWb4eAlc Euphoria: Empathy is Work
OpomWb4eAlc The Philosophy of Euphoria
P-fqcFaZKHQ The Truth About Bill Gates
PVkzxDJo9-Y Don Quixote - Thug Notes Summary & Analysis
PsotfzGpby8 Gaze Into the Abyss - Nihilism in Rick and Morty & BoJack Horseman \u2013 Wisecrack Edition
PvfRqMgVpz8 Why Did Rick Really Turn Himself Into A Pickle? \u2013 Rick and Morty Season 3 Episode 3 Breakdown
QDKh3wmyciY Fifty Shades of Grey Book Summary & Analysis \u2013\u00a0Thug Notes on BET!  \u2013\u00a0Sparky's Short & Sweets
QMOpB5tSPVY The Philosophy of THE PURGE (with Rick & Morty!) \u2013\u00a0Wisecrack Edition
QMcypVVNtOs All Quiet on the Western Front - Thug Notes Summary and Analysis
QMnUZkNYpD0 The Glass Menagerie (Tennessee Williams) \u2013 Thug Notes Summary & Analysis
QQWnCNRq13E Siddhartha \u2013 Thug Notes Summary and Analysis
QbNbCmoSW50 Why Rick is Planet Curious | Rick and Morty
QkIzYjFl8LE Death of a Salesman \u2013 Thug Notes Summary & Analysis
QmAizA26KPo Dune: How Myths Create Reality
QumeDEv3DyM COMEDY NEWS: Is It Deep or Dumb?
QzBohG4mR60 Star Wars: The Rise of Skywalker \u2013 What Went Wrong?
QzYx9bYHxKo Gone Girl by Gillian Flynn - Thug Notes Book Summary and Analysis
R50b5aoYgkM The Philosophy of Black Mirror \u2013 Wisecrack Edition
RIvKr9sUD8Q The Oscars Were a Mistake \u2013 Wisecrack Edition
R_C4-xaLEig American Psycho: Is It Deep or Dumb? \u2013 Wisecrack Edition
RcHsaufa8_8 The Safety Illusion
Rf2pqa-tbm4 The Internet Was A Mistake
Ri2Pmv9_iMk Joe Exotic: The Cult of Tiger King \u2013 Wisecrack Edition
RkUczS59rv8 Predictions: What Went Wrong?
Rm4lLxNvfAA Notes from Underground (Dostoevsky) - Thug Notes Summary and Analysis
RpZ7F3B2yas Wonder Woman 1984 - What Went Wrong?
SB5_UrnQiNE THE PLATFORM (El hoyo): Is It Deep or Dumb?
SBTrfpBzj_8 Rick and Morty: On War (Season 5 Episode 1 Breakdown)
SSEVmgebSKw The Philosophy of Mr. Robot \u2013\u00a0Wisecrack Edition
T-2xDDsPsvs The Cloverfield Paradox: What Went Wrong? \u2013 Wisecrack Edition
T-D1tZSzASg Nintendo's Stolen Ideas \u2013 Culture Binge Episode #39
T-PKotyoxys Macbeth (Shakespeare) - Thug Notes Summary and Analysis
TDKfqpnFoeQ The Boys: The Truth About Social Justice
THNQE7fTMWM The Problem With Game Theory \u2013 The Philosophy of Billions
TJl3cEOpFH4 The Outsiders - Thug Notes Summary & Analysis
TROA_0RxZmM The Matrix Reloaded: What Went Wrong? \u2013 Wisecrack Edition
TpIqNpWtKEU The Emoji Movie: What Went Wrong?  \u2013 Wisecrack Edition
Tw9q2P2N028 The Merchant of Venice (Shakespeare) \u2013 Thug Notes Summary & Analysis
U7t0k7VhlUM That Time Disney Built a Creepy Government
USKzAj1dOq4 The Loneliest Anime \u2013 The Philosophy of Neon Genesis Evangelion \u2013 Wisecrack Edition
UeqsURDFhgo Mortal Kombat: What Went Wrong?
UiOTSKBy6ME Most Philosophical Game Ever? \u2013 The Philosophy of NieR: Automata \u2013 Wisecrack Edition
UlFHzQ7pq0Y At The Mountains of Madness (H. P. Lovecraft) - Thug Notes Summary and Analysis
UsPvDYO19ys Why are Smart People So Dumb?
UtwUBL0mMQQ Finding Dory: What Went Wrong? \u2013 Wisecrack Edition
VCIdDX-sQB8 Does Cancel Culture Work?
Vjv2DFbPU34 TOY STORY 4: Is It Deep or Dumb?
VoCY2nYVQNg A Raisin in the Sun \u2013 Thug Notes Summary & Analysis \u2013 Celebrating Black History Month
VuyhfAGOlQc Shutter Island: Is It Deep or Dumb? (Leonardo DiCaprio) \u2013 Wisecrack Edition
Vv9cGjFi4zo Attack On Titan: The SECRET of the Founding Titan \u2014 Wisecrack Edition
VzZc2_42MWg Hallmark Movies and The Invention of Christmas
W307nbJNK_E The Philosophy of Bo Burnham \u2013 Wisecrack Edition
WA073Ddnosw Star Wars Episode II: Attack of the Clones - What Went Wrong? \u2013 Wisecrack Edition
WROjphkh3NA Why Our Villains Are Different Now (Thanos, The Joker, Killmonger) \u2013 Wisecrack Edition
Wk7ztH-6vig V FOR VENDETTA (Movie): Is It Deep or Dumb?
Wp7f2ftkybI How Fahrenheit 451 Predicted Fake News\u00a0\u2013\u00a0How Did We Get Here?
WpdFndbhQZI Dr Seuss's Horton Hears A Who! \u2013\u00a0Thug Notes Summary & Analysis
X1jSMyLedUI Justice League: What Went Wrong? (vs. Thanos & Infinity War) \u2013 Wisecrack Edition
X6-trQYG2XA The Philosophy of Mob Psycho 100 \u2013 Wisecrack Edition
XIoAYq9iD4A Moby Dick - Thug Notes Summary and Analysis
XLRWgeGbT_w Anti-Maskers: What Went Wrong?
XYLXS_lKnxA The Bubble Boys \u2013 Culture Binge Episode #34
X_wodL64e2M How to Ruin a Party: The Philosophy of Curb Your Enthusiasm \u2013 Wisecrack Edition
XcFbh93tLxU The Philosophy of Berserk (Anime) \u2013 Wisecrack Edition
Xh8akuq-MDI Beowulf - Thug Notes Summary and Analysis
Y5L1L-oFP8c The Science and Philosophy of Psycho-Pass \u2013 Wisecrack Edition
Y8Wp3dafaMQ The Dark Knight Rises: What Went Wrong? \u2013\u00a0Wisecrack Edition
Y8uh9eIBGmE The Philosophy of Fullmetal Alchemist: Brotherhood \u2013 Wisecrack Edition
YDMu2VNBw_4 The Color Purple \u2013 Thug Notes Summary and Analysis
YEdHkVF5H2c Overthinking the RICK & MORTY Copypasta \u2013 Wisecrack Vlog with Jared
YK6Rg2NEnVM The Meaning of Death: BoJack Horseman vs. The Good Place
YPvI2rLCIFc The Philosophy of The Joker \u2013\u00a0Wisecrack Edition
YRBrZalBarc The Olympics Controversy 2: Nolympics \u2013 Culture Binge Episode #57
YRkkkxZZpAc The Truth About Unbiased News \u2013 Wisecrack Edition
Y_8Yybo4q_A Doctor Faustus Summary & Analysis (Marlowe) \u2013\u00a0Thug Notes
YweCnugrnts Don't Look Up: Satire or Something Else Entirely?
Z0l74i1Sqxc The Sound and the Fury (W. Faulkner) - Thug Notes Summary and Analysis
ZgQlwscDyus The Philosophy of Deadpool \u2013 Wisecrack Edition
_-9wo-TM6MU Adult Animation: Why Cartoons Make Great Therapy
_-sTbaH-aA0 The Philosophy of J.R.R. Tolkien: Why Things Keep Getting Worse \u2013 Wisecrack Edition
_6C23dVddv4 Game of Thrones Finale: Is It Deep or Dumb? \u2013 Wisecrack Edition
_E9aOuf6eI8 The Metamorphosis (Franz Kafka) - Thug Notes Summary & Analysis
_Lngf3J8vN4 The Office: How Nonsense Conquered the Workplace \u2013 Wisecrack Edition
_SBuh8oNxv0 Storm Area 51 and the Rise of Depression Memes \u2013 Wisecrack Vlog
_f1sn7Ta4M4 Cyberpunk 2077: Is It Deep or Dumb?
_jVr0Xllc2w Netflix's CASTLEVANIA: Is It Deep or Dumb? \u2013 Wisecrack Edition
_jed8B4L4-4 How Disney Ruined Culture
_m1WBUkTecw The Count of Monte Cristo - Thug Notes Summary and Analysis
a3_j0BlbUy8 The Philosophy of Bill Murray \u2013 Wisecrack Edition
aCpxP51SOmE Antz vs. A Bug's Life: Who Loves Capitalism More?
akdz8NXhmx4 Rick and Morty: Are We Free to Imagine?
amETphI1kSw Life of Pi (Book) \u2013 Thug Notes Summary & Analysis
ao5_wQI-GSM The Philosophy of Pok\u00e9mon GO \u2013 Wisecrack Edition
arBSkZMKPWY The Bizarre Appeal of True Crime
b0koR8WHLEY Dark: Can You Control Your Future?
b33RoH73GwA NCAA: Money is an Issue \u2013 Culture Binge Episode #55
b7FFwOVhs-A The Grapes of Wrath - Thug Notes Summary and Analysis
b81nGs7J3y0 BioShock 2: Is It Deep or Dumb? \u2013 Wisecrack Edition
b8KUTZUqyzk South Park \u2013 Season 20: What Went Wrong? \u2013 Wisecrack Edition
bGaXQSLmDjE Toobin's Mistake \u2013 Culture Binge Episode #40
bJp1ptX4F3M Lord of the Flies - Thug Notes Summary and Analysis
bN-vjCihHs8 Madame Bovary \u2013\u00a0Thug Notes Summary & Analysis
bWOl0VNvBYE The Goldfinch (by Donna Tartt) - Thug Notes Summary & Analysis
bZWVp_qrD8o Crime and Punishment - Thug Notes Summary and Analysis
be3lX63pGHo Suicide Squad: What Went Wrong? \u2013 Wisecrack Edition
bj2_H1mvM4o The SHREK Movies: Are They Deep or Dumb? \u2013 Wisecrack Edition
c3r03STeHCA The Philosophy of Halo \u2013 Wisecrack Edition
c5O4QLqFSJI Why Our Ads Are Different Now
cD73TWaL_wY Mean Girls and The Secret to Happiness \u2013 Wisecrack Edition
cOyUBtJFJvk The Brothers Karamazov (Fyodor Dostoyevsky) - Thug Notes Summary and Analysis
cPNDMeDN07U The Old Man and the Sea (Hemingway) - Thug Notes Summary and Analysis
cQEAZlNQbxY The Philosophy of NO COUNTRY FOR OLD MEN \u2013 Wisecrack Edition
cV_BTUGPg7U The Philosophy of Spider-Man \u2013 Wisecrack Edition
c_v3yvYv24Y REALITY TV: An Idiot's Guide to Dating \u2013 Wisecrack Edition
cx8CEfenOoM Why James Bond Won't Die
d3SoSKC-D3U Beloved \u2013 Thug Notes Book Summary & Analysis
dLYUc5t6wag Star Wars: The Last Jedi - What Went Wrong? \u2013 Wisecrack Edition
dMD18ZF0MLo Oedipus The King - Thug Notes Summary and Analysis
dOYaHkbb8bk Why Comedy Feels like the Internet
diIdIBqlvag The Fountainhead (Ayn Rand) \u2013\u00a0Thug Notes Summary & Analysis
dl-eBz1_MG8 The Philosophy of Kanye West \u2013 Wisecrack Edition
dmKEltYUy6k Heart of Darkness - Thug Notes Summary and Analysis
eA1ItNSN7JQ Why Movie Theaters Will Survive
eDpdDW97W3E Why The Shining Creeps Us Out (Kubrick & Perspective) \u2013 The Film Tourist
eSHVertmc54 WATCHMEN (Movie): Is It Deep or Dumb?
egXV7H1CKng Anti-Vaxxers: How the Media Created a Monster
eiviEPNC2yc The Philosophy of True Detective \u2013 Wisecrack Edition
es8iacHu1PA The Philosophy of Miyazaki \u2013 Wisecrack Edition
evqPcTJnJ9U GameStop: The Economics of Sad Hedge Funds | QuickTake
f1ZCfmjzUZM INTERSTELLAR: Is It Deep or Dumb? - Wisecrack Edition
fApMOKEsAJg Disney Extravaganza \u2013 Culture Binge Episode #44
fZR2sdimrng Would You Rather Be a RICK or a JERRY? \u2013\u00a0The Psychology of Rick and Morty \u2013 Wisecrack Edition
feizy37qhWc Invisible Man - Thug Notes Summary and Analysis
fwn1tGJ477w The Philosophy of Star Trek \u2013 Wisecrack Edition
g17ziHN59tg King Lear (Shakespeare) \u2013 Thug Notes Summary & Analysis
g2BeT8FlYUA Star Wars\u2019 SOLO: When Easter-Eggs Go Wrong \u2013 Wisecrack Edition
g9gv1XH9JCI Netflix's BIG MOUTH: Is It Deep or Dumb? \u2013 Wisecrack Edition
gB6kx1sK2tE Ok Boomer \u2013 Culture Binge Episode #22
gGmL8P0IobI Eternal Sunshine: Is It Deep or Dumb? \u2013 Wisecrack Edition
gHA_WqqPJvQ Where the Red Fern Grows \u2013\u00a0Thug Notes Summary & Analysis
gKi908jvW-I Eric Andre: Humanity is Gross
gVQpVeJ9Wn0 How Blumhouse Cracked Horror (By Being Cheap)
gWiBTrlVQH4 Go Set a Watchman Summary & Analysis (Harper Lee) \u2013 Thug Notes
gaULkshOxiY How Platforms OWN You (Disney+, Netflix, Uber) \u2013\u00a0Wisecrack Edition
gaZFqsAWYCk How Castlevania Breaks the Rules
h-tXQP9r8NQ How Memes Transformed Hollywood \u2013 Wisecrack Edition
hWFDHynfl1E The Philosophy of Rick and Morty \u2013 Wisecrack Edition
hcApm_xETqI Frankenstein - Thug Notes Summary and Analysis
hcGSaBok-p0 Rugrats: How Boomers Scarred a Generation
hrHrk3NPNsk A Portrait of the Artist as a Young Man - Thug Notes Summary and Analysis
ixJ64re9vV0 One Flew Over the Cuckoo's Nest \u2013 Thug Notes Summary & Analysis
jH4ZF2ZkCfI The Philosophy of Silent Hill 2 \u2013 Wisecrack Edition
jQg98up1tYE The Snyder Cut: What Went... Right?
jhY8NELv5Ik Philosophy of JOKER: References \u2013 Wisecrack Edition
jtsvk3Oe96M The Philosophy of The Incredibles \u2013 Wisecrack Edition
juwea9X3Guc The Trial (Franz Kafka) \u2013\u00a0Thug Notes Summary & Analysis
k-ONTqMXlrI How a Pandemic Ends \u2013 Wisecrack Edition
kbPBjPCA-gQ A Separate Peace - Thug Notes Summary and Analysis
kcoJOu2GcEw IT CHAPTER TWO: What Went Wrong?
kfAU5KxV9dQ Stephen King\u2019s IT (Book) \u2013 Thug Notes Summary & Analysis
krSsKLewgpg The Beef with Beef \u2013 Culture Binge Episode #51
kwmNYmel-zU Cult Philosophy \u2013 Culture Binge Episode #38
lDAjGhaKSsw The Philosophy of VR \u2013 Wisecrack Edition
lFAlp3qA_Cs What Makes The Coen Brothers Different
lJss7x9qEuc Game of Thrones: A Song of Ice & Fire - Thug Notes Summary and Analysis
lMjPxEpOm8k How FAKE SCIENCE Can Fool You \u2013 Wisecrack Edition
lPlN_HIU55U Jane Eyre - Thug Notes Summary and Analysis
l_c2hqmFBdM How RICK & MORTY Tells A Story (The Ricks Must Be Crazy) \u2013 Wisecrack Edition
m3RRuhxu0Z4 HER - Why You Suck at Dating \u2013 Wisecrack Edition
m5Lwwbe7HiI Anti-Vaxxers: What Went Wrong?
mJsyzUgKGwY Great Expectations - Thug Notes Summary and Analysis
mWcDlNN11sI Paul Verhoeven: Is He Deep or Dumb? (ft. Total Recall, Starship Troopers)
mgG7TngN8M4 The Philosophy of Wonder Woman \u2013 Wisecrack Edition
mtJo1W6aWk8 A League of Their Own \u2013 Culture Binge Episode #43
nQVhPZGrPao Are Action Films Meaningful?
nbo1eF8czfg Fight Club \u2013 Thug Notes Book Summary & Analysis
ncFEXro04Jo Who is the Real Vision? | A Philosopher Reacts
noPm6KwvudA How Crises Define History
nrrw5E_EPZY Loki: Are We Really Free?
oDz2dbXivDU Parasite: Perfecting Class Critique \u2013 Wisecrack Edition
oKOFaOfl9JQ How Google Sold Out
oNMV39sKyU4 Documentaries vs. Reality TV: How They Shape Truth  \u2013 Wisecrack Edition
o_m_lzynebA THE LIGHTHOUSE: Is It Deep or Dumb? \u2013 Wisecrack Edition
oaFkDvSa4fo One Punch Man: What Went Wrong? \u2013 Wisecrack Edition
ocYwwZbLhmo Storming Area 51 \u2013 Culture Binge Episode #9
omgztVeDTd4 Are We Asking Too Much of Therapy?
pLPhi9gXe20 Understanding Disney's Star Wars Crisis \u2013 Wisecrack Edition
pjDiCjlTSn0 What All of PTA's Films Have In Common
pjDnuc0y1Gc How Do We Escape the System?  \u2013 Rick and Morty Season 3 Episode 7 Breakdown \u2013 Wisecrack Quick Take
pjmPIVeJ41U The Sun Also Rises (Hemingway) - Thug Notes Summary and Analysis
pv1lMRi98KU The Rise of Karens \u2013 Culture Binge Episode 31
pyb1nKY45Cw The Stranger - Thug Notes Summary and Analysis
q4n9c0dGy2M The Giver - Thug Notes Summary & Analysis
q6WqJYq9jx8 The Philosophy of Deus Ex: Does Paranoia Have Its PURPOSE? \u2013 Wisecrack Edition
qItCmysFQdE V for Vendetta - Thug Notes Summary & Analysis
qMmgDeyhamI Self-Help: What Went Wrong?
qaHUAFiQ7Ek Parks & Rec: Is Democracy Doomed?
qf3XrZW2o4I Homer's Odyssey - Thug Notes Summary and Analysis
qfonO7fzd0Q SPIDER-MAN: INTO THE SPIDER-VERSE \u2013\u00a0Is It Deep or Dumb? \u2013\u00a0Wisecrack Edition
qjQPCnjM3Bg How NFTs Explain Everything Wrong with Art
qnhS3h4O9mw BOJACK HORSEMAN on CHANGE \u2013 Wisecrack Edition
qx22iUNW2GY Is Planetina Right? (Season 5 Episode 3 Breakdown)
r-M5C-dMSlI The NEW Satanic Panic \u2013 Culture Binge Episode #49
r5crXeoBo2w Assassin's Creed: What Went Wrong? \u2013 Wisecrack Edition
rHScVnh55XQ The Secret Genius of Dwight K. Schrute (The Office)
rN_iLRH2yOY The Philosophy of Assassin's Creed Rogue Remastered: The Cure for Freedom? \u2013 Wisecrack Edition
rORIDYHOFTQ The Philosophy of BOJACK HORSEMAN \u2013\u00a0Wisecrack Edition
rPJL2AoxeBE The Lion, The Witch & The Wardrobe (The Chronicles of Narnia) \u2013 Thug Notes Summary & Analysis
rVNBl1y9ypk Man of Steel (Superman): What Went Wrong? \u2013 Wisecrack Edition
rZBgoo6-B1U Rick and Morty  \u2013 Does Nature Define Us? (S4 E7 Quick Take)
rvIs5Qwp3Hw SPIDER-MAN: FAR FROM HOME: A New Philosophy for Marvel \u2013 Wisecrack Edition
s8IfDNHsCLE NICOLAS CAGE's Acting: Is It Deep or Dumb? \u2013 Wisecrack Edition
s8iAuBdQJUg The Picture of Dorian Gray - Thug Notes Summary and Analysis
sLGW4e1rqig Is BANKSY Deep or Dumb? \u2013 Wisecrack Edition
sRtCVj59xw4 MAD MAX: How To Reclaim Your Humanity (ft. Babe)
skG_9ErWn0s The Hobbit & Mo' Money, Mo' Problems Stories in Lit \u2013 Thug Notes Summary & Analysis
stHk4_VePds The Philosophy of The Good Place \u2013 Wisecrack Edition
tHAd8wM3BDk Soul: Deep or Dumb?
tHLw7ox458c The Philosophy of LOGAN \u2013\u00a0Wisecrack Edition
taJq013z5uQ The Fall of the House of Usher by Edgar Allan Poe \u2013\u00a0Thug Notes Summary & Analysis
tfBSUR2CpKE The Olympics Controversy \u2013 Culture Binge Episode #56
tzk03NNwQz4 Copyright: Why We Can't Have Nice Things
uH9mmyC9yv0 Netflix's MANIAC: Is It Deep or Dumb? \u2013\u00a0Wisecrack Edition
uKBV9YC1LBg Wes Anderson: Deep or Dumb?
uUmTmPK733s Inglourious Basterds: What Tarantino Got Wrong \u2013 Wisecrack Edition
uXDZFLplD5s Wisestonks \u2013 Culture Binge Episode #46
umo6pMCkcXs Flat Earth: What Makes REAL Science? \u2013 Wisecrack Edition
utmhj6li1_Y New Year, Same Pandemic \u2013 Culture Binge Episode #45
v4tVrvwzswA Is Hamilton Bad?
vFANgWN2Ul0 How Monty Python Shaped Modern Comedy (feat. Rick and Morty & Deadpool) \u2013 Wisecrack Edition
vNU2F9DXjH8 COVID Vaccine: Is the End Near? \u2013 Culture Binge Episode #41
vUFPuGgLZxo Dr. Jekyll & Mr. Hyde \u2013\u00a0Thug Notes Summary & Analysis
vayp8XcDdaA RICK & MORTY on ONLINE DATING \u2013 Wisecrack Quick Take (Season 4)
vm8qm5e-mcg Why Hitler is Everywhere \u2013 Wisecrack Edition
vnwdTu6owHo SMASH MOUTH: Are They Deep or Dumb? \u2013 Wisecrack Edition
vwFCvSQSsVk Ender's Game - Thug Notes Summary & Analysis
w0NEEmQDVLI Big Data Was A Mistake \u2013 Wisecrack Edition
w89BszlOWK4 Why Do We Love Bad People? \u2013 Culture Binge Episode #28
wgkekIbJVMc Space Jam 2 ... Why?
whfRwbURct4 Rick and Morty: Are We All Turkey Soldiers?
wwLHaCU-GaM OK BOOMER: A History of Boomer Hating \u2013 Wisecrack Edition
x2UZ464IKaE Men's Wellness: How It Exploits Your Insecurities
xDKeXHky0HM Jackass: Deep or Dumb?
xeMjBR9vuq0 Matrix Resurrections Is Trolling Itself
xksMpeMHbTE DONNIE DARKO: Is It Deep or Dumb? \u2013 Wisecrack Edition
yCyeiGXgHig The Philosophy of Christopher Nolan (Part 1) \u2013 Wisecrack Edition
yKf4MtZ4RQA The Philosophy of BioShock \u2013\u00a0Wisecrack Edition
yUzr5JW3fSk Star Wars: The Phantom Menace \u2013 What Went Wrong? \u2013 Wisecrack Edition
ye6nfxKPZv8 The Terrifying Philosophy of Rudolph
yxOiyKimbHA The Banality of American Psycho - Book vs Film
zLhfOvzRZVM Prometheus and Alien: Covenant \u2013 Deep or Dumb? \u2013 Wisecrack Edition
zQqNefkqsn8 How The Mandalorian Breaks TV's Cardinal Rule
z_UIdPx4-uU The Catcher in the Rye - Thug Notes Summary and Analysis
zeMlOQsu2zM 1984 (Nineteen Eighty-Four) - Thug Notes Summary and Analysis
zm1cPHZbDPI The Political Philosophy of Captain America: Civil War \u2013 Wisecrack Edition
zxKRoCvX2yc Black Mirror: Is It Deep or Dumb? \u2013 Wisecrack Edition
zxq2ztkE0eE Dune - Thug Notes Summary and Analysis
