-0mRvogzf5o NBA deep dive with Kevin O'Connor | Andrew Yang | Yang Speaks
-2O3JYaELW0 How To Fix Democracy | Josh Silver + Andrew Yang | Yang Speaks
-3oTqBWrj0s Lawrence Lessig: How to Save Our Democracy | Andrew Yang | Yang Speaks
-S9h01A0G7Q What is the Boy Crisis? | Forward with Andrew Yang
-WOfqSvMlpQ Changing Demographics of our Police Force and Results of Jiu Jitsu Training for Cops | Yang Speaks
-eEE8jEYuy8 Don't Play Street Fighter II with Andrew Yang
-wMdebkR7zE Cable news is all about ratings | Andrew Yang | Yang Speaks
00ma0O4ew4c Sarah Silverman on why she embraces change | Andrew Yang | Yang Speaks
02BeiteXzPg Why lifelong Democrats are leaving the party | Andrew Yang | Yang Speaks
05eGSSRCRic Dr. Jean Twenge on when she realized smartphones might be responsible for the mental health crisis.
08-4mv7VHS8 Do algorithms trap us in the past? | Forward with Andrew Yang
0U7Yba6b66E Using sting operations to root out corruption | Forward with Andrew Yang
0VdrklB5AIE Are We Addicted to Work? | Andrew Yang | Yang Speaks
0lOePCQKMqQ Do you know what you're consenting to online? | Ro Khanna + Andrew Yang | Yang Speaks
0uszklKVZYA China Bans Video Games for Kids, Elizabeth Holmes on Trial, and the Problem with Space Junk.
0vb8IveIQyo Qasim Rashid is building support in rural Virginia | Andrew Yang | Yang Speaks
0zQ3B8VoPwQ The media's next boogeyman | Yang Speaks
105ioHu3AU8 Alexis Ohanian's vision for the future | Andrew Yang | Yang Speaks
16-FXCF4ASo Saving Local Journalism | Andrew Yang | Yang Speaks
1BUop9X0sBE Andrew Yang and Hank Green: Is college still worth it? | Yang Speaks
1NlOrd5Ux3A Evelyn Yang opens up about her experiences as an advocate | Andrew Yang | Yang Speaks
1b7fj1asa3g Why your representatives don't represent you - Katherine Gehl | Andrew Yang | Yang Speaks
1nVPsCFswgQ John Leguizamo's comedy once got him into hot water at the DNC | Andrew Yang | Yang Speaks
1qq_5ODCcX4 Marianne Williamson on the 2024 election, the DNC, and third parties
1xcCRkPGa1c What advice would Andrew Yang give his younger self? | Yang Speaks
22Lmvum2mBw What are voters looking for in 2024? | Forward with Andrew Yang
2A3P51x7H1s Lawrence Lessig ran for President with a 'PAC to end all PACs' | Andrew Yang | Yang Speaks
2B9-A7viQ80 Texas Abortion Law, Ivermectin, & Zach's Scandalous Tweet
2BfHdEhCMj4 Why Partisan Primaries are the Primary Problem
2NdjABPOmE4 Is it too late to put an end to deep fakes? | Nina Schick + Andrew Yang | Yang Speaks
2PYsJrOvGo4 Poverty is a social construct | Darius Baxter + Andrew Yang
2Ye-Jkql_jA Anand Giridharadas: Democrats don't know how to talk
2nvFIAYI87Q Please explain to me what an NFT is | The Future of NFTs | Yang Speaks
2tPA3uVDx-o The war on drugs created more problems than solutions | Jason Flom + Andrew Yang | Yang Speaks
30njy322aAk Why trickle-down economics doesn't work | Andrew Yang | Yang Speaks
3FsWoMzcf98 What do comedians and politicians have in common? | Mike Birbiglia + Andrew Yang | Yang Speaks
3QnBpTQdS6o You can't have million dollar solutions to trillion dollar problems | Wes Moore & Andrew Yang
3YgxylsF2sU Votes should overpower money |  Katherine Gehl + Andrew Yang | Yang Speaks
3h4xoifXoxw Ending Poverty and Building Wealth | Forward with Andrew Yang
3pMLNEa42bc How are our country's cash relief pilots doing? | The Future of Poverty | Yang Speaks
3xZjGTW3KXg Is checking email bad for our health? | Tristan Harris + Andrew Yang | Yang Speaks
42y6VjDBL7o The movement to depolarize politics | Forward with Andrew Yang
4S0XO0dx7LE Andrew Yang tells JJ Redick his Michael Avenatti story | Yang Speaks
4e_2StejXnE When did Ken Jeong become funny? | Andrew Yang
4f4SET7CsAQ Why are progressives being sidelined? Marianne Williamson joins Andrew Yang. | Yang Speaks
4hREh9jywNU This Week on Shark Tank, Mark Cuban & Andrew Yang Talk UBI | Yang Speaks
52LVwuHuCZg Why Men Need Role Models, the New Republican Party, and the Death of Medicare For All
58F_G3TBYCM Why Asian Americans hate politics, Kamala Harris' problem, & Beto is running for Governor of Texas
5aYyXFo1w8M Crypto Carly returns, a feminist perspective on the boy crisis, what's behind Putin's behavior?
5q9MyIedP18 Who runs against Trump in a 2024 primary? | Forward with Andrew Yang
5z3GN0cdM04 Does social media make us forget that most people are decent? Nic Nemeth + Andrew Yang | Yang Speaks
6FpXoTE57BA Is technology completely amoral? Andrew Yang + Kumail Nanjiani | Yang Speaks
6RFRGuTfHe0 The endorsement that decided the Democratic nominee | Nina Turner + Andrew Yang | Yang Speaks
6VVQaK759js Jos\u00e9 Andr\u00e9s cooks up a pandemic relief plan | Andrew Yang | Yang Speaks
6Y7gbPBp8w4 What do Bernie and Andrew have in common? | Nina Turner + Andrew Yang | Yang Speaks
6dFqPj-Y9Y0 Why it's getting harder to talk with people you disagree with
6toLsRBTsZ0 White House reporter breaks down who goes into journalism | The Future of Journalism | Yang Speaks
7-P-YHY_7M8 Who decides what gets news coverage? | The Future of Political Media | Yang Speaks
73zrOxeRjyA Adam Met of AJR: How the band of brothers rose to fame | Andrew Yang | Yang Speaks
7Ol3RSIykPc How Facebook opened Pandora\u2019s box - Tristan Harris | Andrew Yang | Yang Speaks
7PjZ38yYsOY Tristan Harris: How Facebook opened Pandora's Box | Andrew Yang | Yang Speaks
7a4mojoryq8 Mayors for a Guaranteed Income: Michael Tubbs, Aja Brown, and Alex Morse | Andrew Yang | Yang Speaks
7o5mLnfyfaY These six core values determine our beliefs | Jonathan Haidt + Andrew Yang | Yang Speaks
869eJa09CTo Humans Are Swiss Army Knives | Forward with Andrew Yang
870fj5wXr9E Breakdown of Biden\u2019s first 100 days with Brian Beutler | Andrew Yang | Yang Speaks
8J6Cs1lYbuQ Working overtime too often? A new reform may change that. | Nick Hanauer + Andrew Yang | Yang Speaks
8aBJiHEohNk Is this Chinese app about to change how we buy things online? | The Future Of | Yang Speaks
8lGOJpLVLv4 Andrew Yang and Dan Price on the importance of saving small businesses | Yang Speaks
8nZmRMNk_Bs Will Leonardo DiCaprio lose his job to deepfakes?
8oAQeKq_gCU Kyle Rittenhouse, Biden getting squeezed, & our Thanksgiving binge-watch recs
8v7yvKlBtCI Here's why we NEED to bring humanity back into business | Andrew Yang + Alexis Ohanian | Yang Speaks
901c-ft6g14 CEO Dan Price raised his company's minimum wage to 70K | Andrew Yang | Yang Speaks
9PaXAFHbw5E Should Schools Reopen? Emily Oster brings the data. | Andrew Yang | Yang Speaks
9XYB8tHAsSA The real-life Lord of the Flies kids | Rutger Bregman and Andrew Yang | Yang Speaks
9bmEC540hxg Behind the Lens: How Pete Souza Sees The World | Andrew Yang | Yang Speaks
9f8a7DrAJRg Jay Caspian Kang & Andrew Yang on supporting immigrant communities | Forward with Andrew Yang
AHcsgy5gk58 Chamath Palihapitiya: There\u2019s more to investing than making money | Andrew Yang | Yang Speaks
AdOvSJo5nPo Abdul El-Sayed tells Andrew Yang why he became a doctor | Yang Speaks
Ai9-B_rZNH8 The Raging 2020s: A new social contract for America
Ak-RxEhLFtM Institutions in Retreat | Yuval Levin | Forward with Andrew Yang
AupbLgPNytM The Science of Storytelling with Cheryl Miller Houser | Andrew Yang | Yang Speaks
BFpVzXmGeTE Stolen Focus: Why You Can't Pay Attention | Forward with Andrew Yang
BPUkZJ9fGfs Field Report from the Battleground States | Andrew Yang | Yang Speaks
BYMjDoIoe8s The Future of Sports Media | Dan Porter + Andrew Yang | Yang Speaks
C1Vy8GFfZII Jay Williams & Andrew Yang Talk Police, Media & Our Current Reality | Yang Speaks
CEe8EdFJayM What is the key to beating Mitch McConnell? Matt Jones + Andrew Yang | Yang Speaks
CFDl8EXgW5M Anthony Scaramucci asks Andrew Yang why he's a Democrat
CKbfuZAhg10 Michael Tubbs on why he started Mayors for a Guaranteed Income | Andrew Yang | Yang Speaks
CbD15hNg6jc This election is just the beginning... Andrew Yang and Zach Graumann make their predictions
Cf2HIKVWuX4 How to Prepare for a Job Interview | Andrew Yang | Yang Speaks
CsvOoPfrjxQ Takes on J.D. Vance, Sha\u2019Carri Richardson, and...should we make our beds? | Yang Speaks
CtmHTuCoIk8 Why are there so few women in eSports? | The Future of eSports | Yang Speaks
DBnVhgxO_3Y Marianne Williamson and Andrew Yang compare notes on running for President | Yang Speaks
DbH9t1ruZrs Why charity isn't saving us | The Future of Philanthropy | Yang Speaks
Dbe3mPjt9Aw Immigrants have been feeding America during this pandemic | Jose Andres + Andrew Yang | Yang Speaks
Dqq0uiMm9Ko How we lost--and where we're going | Andrew Yang | Yang Speaks
DsdF58R0w6A How Michelle Wolf went from Wall Street analyst to Netflix star | Andrew Yang | Yang Speaks
E0-uolmOgsI The unexpected way Cameo got its name | The Future of Celebrity | Yang Speaks
E64BlM_VF_g The Facebook Boycott. John Redgrave joins Yang Speaks to explain why it\u2019s happening. | Andrew Yang
EHQob_Z8KmA More and more people are politically homeless | Forward with Andrew Yang
EP5PDKNSu9g Growing Up Foxcatcher | Forward with Andrew Yang
EdjAA8eI5-k Why Simone Biles can do what she wants, and why this Crypto bill is a big deal
EjV1yUYtMMI Why de-gendering breadwinning is good for men's mental health | Andrew Yang | Yang Speaks
EkyZ0xOn1jM Dems overestimate the chances of COVID hospitalizations | Forward with Andrew Yang
Ensrv4Hffug Andrew Yang thinks that data is the new oil | Yang Speaks
EtS6d2rR1bU How Daymond John created FUBU | Andrew Yang | Yang Speaks
F2Jj8r5xQEg Finding heroism, identity, and new stories in D&D | Deborah Ann Woll + Andrew Yang | Yang Speaks
FCiW-JZzrqc Andrew Yang on re-examining America's place in the world
FD2nT6aO_4Q Who would play Andrew Yang in a movie? | Forward with Andrew Yang
F_pR2kmzZF4 How to advocate for UBI in your local community | Andrew Yang + Scott Santens | Yang Speaks
FkLoERfnLTk Are funnier politicians more likely to win? | Andrew Yang + Judd Apatow | Yang Speaks
G7MXlInKZlI The truth behind Mick Foley\u2019s iconic match against The Undertaker | Andrew Yang | Yang Speaks
GBRys2HnSFY Andrew Yang and Mo Amer reflect on the joys of Dave Chappelle's summer camp | Yang Speaks
GFZ4UuFAkq0 Jack Dorsey was ahead of Andrew Yang on Universal Basic Income
GL5q93DfduM How Michelle Wolf prepared for the White House Correspondents\u2019 Dinner | Andrew Yang |  Yang Speaks
GObE4BUZXoY Meet the 27 year old running to fill Ted Yoho\u2019s seat | Adam Christensen + Andrew Yang | Yang Speaks
GSWKI87P0j8 How we get to a Star Trek economy | Andrew Yang | Yang Speaks
GV0S-A1K6Hc Andrew Yang on how running for President felt like being on a reality TV show | Yang Speaks
G_tPZkDNzGQ Rev. Wendy Hamilton & Aarika Rhodes: Why they\u2019re running for Congress | Andrew Yang | Yang Speaks
GnJAu7VPqcA Scott Barry Kaufman: What type of smart are you? | Andrew Yang | Yang Speaks
GwGPppqzCXs Where does our country\u2019s \u2018can\u2019t do\u2019 attitude come from? | Judd Apatow + Andrew Yang | Yang Speaks
H7XpkkZH904 What brought about cancel culture? | The Future of Censorship | Yang Speaks
HWHvE5x1-Ds How COVID Accelerates the Arrival of our Future - Sam Harris joins Andrew on Yang Speaks
HYrbGoKweV4 The Fall of WeWork | Andrew Yang | Yang Speaks
H_u93tlenIQ MC Jin: How the hip hop trailblazer came into his own | Andrew Yang | Yang Speaks
HdJUQW7zLW4 Full Conversation: Andrew Yang & Sam Harris on the Future of American Democracy
HfiMfPo0u6U Andrew Yang talks racism in America with Bakari Sellers
HiZJJ6OPOPc Red beans, falling off a OneWheel, and being the cool kid at nerd camp | Alexis Gay + Andrew Yang
Hq4Tb6aeT40 Abdul El-Sayed talks to Andrew Yang about being Muslim American post 9/11 | Yang Speaks
HxpNlUQHTRo The major difference between our public and private schools | Andrew Yang | Yang Speaks
I6u4ndzJIL0 The FTC vs. Facebook: What happens next? | Yang Speaks
IK7da5508CM Will Russia\u2019s War on Ukraine Change Everything? | Forward with Andrew Yang
IRRrcVyL5AA Facebook Under Fire Again, El Salvador Loves Bitcoin, and the Failed Leadership in San Francisco
IYsf1FqMhLA Life Lessons from the NBA with JJ Redick | Andrew Yang | Yang Speaks
IgNLebHPjZM The Karen Hunter x Andrew Yang Crossover Episode | Yang Speaks
IwegAymQ37o A significant third party candidate will declare in 2022  | Forward with Andrew Yang
J26jmAVeQEA Virginia Governor Election, San Francisco Homelessness, Elon Musk Solves World Hunger? | Andrew Yang
JJ-MQZQ4nik Andrew Yang and Jay Williams talk about racism and media | Yang Speaks
JMZNLcsijOE Are we drowning in poverty? | The Future of Poverty | Yang Speaks
Jt25vdVcls4 Arthur Brooks on Finding Purpose as We Age | Forward with Andrew Yang
JtEGeNhV0es Christian Picciolini: Neo-Nazi music store owner turned anti-hate activist | Yang Speaks
K3ZgGeA43Kc Andrew Yang and Wanda Sykes decide who gets canceled | Yang Speaks
K5ugQAPVMxE Nick Hanauer: The big lie surrounding minimum wage | Andrew Yang | Yang Speaks
KLLrch4eHow How do we fix Democracy's moral compass? Andrew Yang + Marianne Williamson | Yang Speaks
LTwNcrnOTnc Fixing the machinery of government - Ezra Klein crossover episode | Andrew Yang | Yang Speaks
LXVT3WcQ1pI Nobody wants a worse version of Google | Saagar Enjeti + Andrew Yang | Yang Speaks
LjF2j43WYrM A Conversation with Andrew Yang
LzV3TentJ7k Aja Brown: Guaranteed income is about dignity | Andrew Yang | Yang Speaks
M3AiKw2WI9k Why Boys and Men Are Failing | Forward with Andrew Yang
M6ZYxedVKQs What is Lobby3? | Forward with Andrew Yang
MLk3fEcWF18 Changing the world is like a heist | The Future of Philanthropy | Yang Speaks
McZIoSHnXOU We won Georgia. | Andrew Yang | Yang Speaks
MezKeSzLFG4 Are you addicted to success? | Forward with Andrew Yang
MgYh0-YX7nQ Are billionaires in space a good thing? | Yang Speaks
Mq6p_D-BU6A Quick NYC mayor reflection--and the future of purple states | The Future Of | Yang Speaks
MsIfrty2xN0 A conversation with Scott Santens, the original UBI advocate | Andrew Yang | Yang Speaks
N3LPv6eUeCA Here's what needs to happen if we want restaurants to survive | Jose Andres + Andrew Yang
NPJpXgrK4Hg Why do we still have security deposits? With Ankur Jain. | Andrew Yang | Yang Speaks
Nlshdqbhm6k Engineers turn supercomputers into dopamine delivery devices | Tristan Harris + Andrew Yang
OBpequtMzY0 How did Zach and Andrew meet? | Andrew Yang | Yang Speaks
OLB9V49qYiI Andrew Yang and John Redgrave on how the pandemic has impacted our mental health | Yang Speaks
OO88G8ETUkg Here's what could happen on Election Day | Andrew Yang and Zach Graumann break down the numbers
OOTdY7DRbuc How Susan Cain built a quiet revolution | Andrew Yang | Yang Speaks
OOhMi8zoJnM Grimes on AI, motherhood, K-pop, & her love for Dune. | Andrew Yang | Yang Speaks
OROPbu3QNZU This is the crisis of our time | Andrew Yang
ORm9vjja21g Is democratizing fame a good thing? | Joseph Gordon-Levitt & Andrew Yang | Yang Speaks
ORvAp4xzWrM The Harden Trade: What comes next? | Kevin O'Connor + Andrew Yang | Yang Speaks
OWlJeq_XnoY Build Back Better in limbo, new AI developments, and what to watch over the holidays | Andrew Yang
OWpJsz1JvXQ Andrew Yang on why he quit being a lawyer after 5 months | Van Jones on Yang Speaks
OsYzIsvGMNA Predictions for 2022 | Andrew Yang + Zach Graumann | Forward with Andrew Yang
OuHwPdsEmOA Saagar Enjeti: What are conservatives conserving? | Andrew Yang | Yang Speaks
Ov9FJYcqbc4 #YangMediaBlackout with Krystal Ball | Andrew Yang
P8yyqn9m4Xk Grimes on the perks of being Canadian | Andrew Yang | Yang Speaks
PBBD8lyWUA8 Microsoft buys Activision Blizzard for $69 billion | Forward with Andrew Yang
POZdDCeq3Ig Van Jones on what it was like working in the White House | Andrew Yang
PRQeTe0KBmc The Boy Crisis | Warren Farrell | Forward with Andrew Yang
PRXBfr-busk Is it too late to buy crypto? | The Future of Money | Yang Speaks
PSOIMHs_-DE What's the link between crypto and UBI? | Andrew Yang + Mike Novogratz | Yang Speaks
PbFNXnotcXo We're more polarized than ever. This could be our way out.
PrNrPIEMJ6s How Big Tech Is Ruining the Market | Andrew Yang | Yang Speaks
Pt5V6WoBd4g What should we take away from 2020? | Post Election Day Yang Speaks
QHdFL8C4YbA What happens to your brain in survival mode | Forward with Andrew Yang
QQYAewYxg1s A look inside the 2020 presidential election with Edward-Isaac Dovere | Andrew Yang | Yang Speaks
QalnmhzFdwE Can crypto solve wealth inequality? | The Future of Money | Yang Speaks
QhrTolP1S_c How do we fix the mechanics of Congress? Justin Amash + Andrew Yang | Yang Speaks
RHvYdQYcmFs Are Democrats intellectually lazy? | Andrew Yang and Anand Giridharadas | Yang Speaks
RmNCVHcZp5s Who owns your data? Jaron Lanier has the answer. | Andrew Yang
Rs9vbP8eXas Ro Khanna: What's happening with our stimulus checks? | Andrew Yang | Yang Speaks
RthB75tIBSg Kumail Nanjiani: My mom loves America, but no longer feels accepted | Andrew Yang | Yang Speaks
RypF6CzHVOU The polls were wrong, AGAIN | Post Election Day Yang Speaks
S--fSlqJ9Rw The importance of doubt in tech | Tristan Harris + Andrew Yang | Yang Speaks
S2N5iPwW4Mk Ending the exploitation of domestic workers. | Andrew Yang | Yang Speaks
SG-xZx950ps The rise of local news deserts | Andrew Yang | Yang Speaks
SbDhncQO0lI Communicate Like a Pro - Michael Chad Hoeppner | Andrew Yang | Yang Speaks
T51eHAG-aaw WTF just happened to our entire world? Ian Bremmer explains. | Andrew Yang
TBPcAV44RIo Is it time for a 4-day work week? Andrew Yang talks jobs with Anthony Scaramucci.
THgg5MrySHg Term Limits, The Problem with Means Testing, & Why Joe Manchin is in Charge | Forward w/ Andrew Yang
TjHN6nnaSbA The big lie about your health benefits | The Future Of | Yang Speaks
U4mw13ZOAQw Christian Picciolini joined a neo-Nazi gang at 14. This is how he got out. | Andrew Yang
UPeRX6dgeas Building a YouTube empire with Hank Green | Andrew Yang | Yang Speaks
UVQrtYjR3DA Why cops keep getting away with murder | Bakari Sellers and Andrew Yang
UjGWQhfYUeE Biden Wins. Yang Gang moves to Georgia. Nina Turner joins. | Andrew Yang | Yang Speaks
V4HO2ADoWgU Who's Going To Win? Biden vs. Trump by the Numbers | Andrew Yang | Yang Speaks
V5ddcEc-maY Work Should Work for Us - Ethan and Hila Klein from H3 | Andrew Yang | Yang Speaks
V9GwDSF6s0g Why are we so terrible at navigating Coronavirus? Dr. Abdul El-Sayed gives his take.
VAxb8cNuhhI How to become the White House photographer | Andrew Yang + Pete Souza | Yang Speaks
VJcbZ90i4PM All Politics Is Tribal | Lee Drutman + Andrew Yang | Forward
VZRf_N1V0Qs David Axelrod breaks down the 2020 election with Andrew Yang\u00a0| Yang Speaks
V_NPvl0a_Tw Have universities turned into hedge funds? | Scott Galloway and Andrew Yang | Yang Speaks
V_UmtoXta8c The Next Civil War | Stephen Marche | Forward with Andrew Yang
V_gd4nx-dk0 But what can we DO? Six ideas for police reform
VauKDN6vGD0 Krystal Ball interviews Andrew Yang about starting a new political party
WI6sIuotD18 How the heck do you land a rover on Mars? | The Future of Space | Yang Speaks
WJ40F7bFAxk Andrew Yang and Lawrence Lessig on how we save the news | Yang Speaks
WWVXxvTLllY Andrew Yang\u2019s approach to solving problems | Saagar Enjeti | Yang Speaks
WWqNyJG9qBA Biden vs. Trump, Round 2
WWvYbk45aYg The Price of Tomorrow | Jeff Booth + Andrew Yang | Yang Speaks
WbZTsBX30U0 Our plans for 2021 | Andrew Yang | Yang Speaks
Wh-0O1MnCU0 Why socialism means different things to the right and the left | Yang Speaks
XGEodU8_COE 4 Brain Hacks to Communicate Like a Pro | Andrew Yang | Yang Speaks
XOm2KYB6jDo Meet the Candidate who's going to make political history in Nebraska | Yang Speaks
XU3WpaWeu4k Planned obsolescence, digital bill of rights, & regulating tech companies as public utilities
XWtRSNPVtnU Jaron Lanier and Andrew Yang: How the algorithm is shifting society\u2019s cognition
XgPmYCoPP50 Dems running out of time, what to expect from Omicron, is Spider-Man our great hope? | Andrew Yang
Y3yC3OKQG4M \
Y87kwzl_0nU #LetYangSpeakDNC, the Kamala pick, and Wes Moore joins.
YZ9WeG0FNhw Saagar Enjeti & Andrew Yang talk government dysfunction, ranked choice voting, and open primaries
YlSGR_eHYkE Ezra Klein: Andrew Yang\u2019s non-confrontational politics | Yang Speaks
YsIr68esWr0 Stimulus bill rundown. Kevin Roose on what to do about AI. | Andrew Yang | Yang Speaks
Yt28DUecysg Yang Speaks Trailer
ZAz5qvEuxso Are the haters here to stay? | The Future of Censorship | Yang Speaks
ZE3VGmZGPsQ What we\u2019re missing on Critical Race Theory | Yang Speaks
ZEzZR0B7ajo Wes Moore talks about Freddie Gray | Andrew Yang | Yang Speaks
ZIfu9FuG76A What Marcus Lemonis learned by investing 75 million into local business | Andrew Yang | Yang Speaks
ZjUBYHnptS0 War as social media spectacle | Forward with Andrew Yang
ZtRXug8QWNY Wait, who won? Post-election breakdown with Yang and Friends | Andrew Yang | Yang Speaks
_1Tbpq1XxKA Daymond John\u2019s advice for today\u2019s entrepreneurs  | Andrew Yang | Yang Speaks
_2L3f_VBWvs The History of Polarization | Lee Drutman | Forward with Andrew Yang
_EiU34oG_9Q Andrew Yang and Ezra Klein on how progressives should be thinking about tech | Yang Speaks
_e5RAjs2j3c A simple iOS update is about to change e-commerce forever | The Future Of Buying | Yang Speaks
_vJY-JgMEV8 Yang on the Kyle Rittenhouse verdict | Forward with Andrew Yang
a1JuP3LmZjE Ford workers could buy a Model T on 3 months' salary | Forward with Andrew Yang
aA4KqDu4aHQ Why we're lonelier than ever | The Future of Connection | Yang Speaks
aImZ2i-EpAs Mike Birbiglia is keeping comedy alive over Zoom | Andrew Yang | Yang Speaks
as_2NiSJgtw It Could Happen Here | Jonathan Greenblatt | Forward with Andrew Yang
bDDgbGKXDY0 The Passing of a Legend
bMwmVxflCcE 2 things that have to happen in order to fix Congress | Joel McHale + Andrew Yang | Yang Speaks
bQe86XEDZrs Jack Dorsey: Google knows us better than our partners | Andrew Yang
bs-Dig7vb08 We cloned a ferret | The Future of Conservation | Yang Speaks
bvikt3Ynsss John McWhorter on Woke Racism  | Forward with Andrew Yang
bxLpOj8mSeU \
bxtMi36VXQA What Bernie\u2019s former press secretary thinks of media bias | Andrew Yang | Yang Speaks
cGblgUVo8-M Why the definition of Critical Race Theory is not what's most important | Yang Speaks
cGvUlsLuIaw Can Biden cancel student debt? | Andrew Yang | Yang Speaks
cHdTxCOgIjw The Infrastructure Bill & Why Zillow is the Poster Child for Capitalism in 2021 | Andrew Yang
cUsj4jLlK_I Why local journalism is critical for Democracy | Andrew Yang | Yang Speaks
cWXiZZOobms Why NFTs are completely transforming the art market | The Future of NFTs | Yang Speaks
cgaH-z7IF0g Web3 is the Wild West | Forward with Andrew Yang
cilFA8MRICk Our Kids Are Not Alright: The mental health episode. | Jean Twenge & Andrew Yang
cyqNBaDm4TQ Krystal Ball talks Rising and how she combats mainstream media biases
dFlgET4YTOs Andrew Yang and David Axelrod: Is Trump setting the bar too low for Biden? | Yang Speaks
dG7oFASNZoU Are there benefits to reopening schools? | Yang Speaks
di_1SPF-svU Stan Van Gundy reflects on life inside the NBA bubble | Andrew Yang | Yang Speaks
eGZ8FiVZfmQ What\u2019s Going on in Ukraine, Can Crypto Eliminate Poverty? And Why Dads Are Important | Andrew Yang
eITPRA-dxBU Have universities lost their way? | Peter Boghossian | Forward with Andrew Yang
eo0XNkwszqU Mike Novogratz: Can crypto be used to redistribute wealth? | Andrew Yang | Yang Speaks
ewfLcPaxF_U AI's job replacement capacity is growing | Forward with Andrew Yang
ex3TPL_a4UI Is a 2024 Dem primary happening? Why haven\u2019t we canceled student debt? & Microsoft buys Activision
f2QoU0kO4Ow Why did such a small number of New Yorkers vote? | Andrew Yang | Yang Speaks
fJhTn9K3Rec Can we fix home healthcare work? | The Future of Healthcare | Yang Speaks
fZAXNGZJnSQ Alex Morse on why he fought against Walmart | Andrew Yang | Yang Speaks
fa8un12Qil8 \
fnzlA0oxDOY Will Mitch keep his job? Warnock and Ossoff talk the runoff. | Andrew Yang | Yang Speaks
g-BxPHRFmP8 #AskYangSpeaks Mailbag. Celebrating our 100th episode. | Andrew Yang | Yang Speaks
g39vc7ZCPa8 Andrew Yang and Zach Graumann talk #LetYangSpeakDNC & the Kamala pick | Yang Speaks
g5aRvUu2daM Process determines outcome: Justin Amash on the rules that broke Congress. | Andrew Yang
gESwwG9sa2Y College shouldn\u2019t be a luxury brand. Scott Galloway joins.
gHDMEtkm3vU \
gQYytfGWabE Judd Apatow & Andrew Yang on the merging of politics & entertainment | Yang Speaks
gQndm9iqI1M John McWhorter on Battling Power Differentials | Forward with Andrew Yang
gT7pIiWPEq4 Andrew Yang and Mark Cuban were both struggling entrepreneurs
gVOcHDCNZqc The unique challenges of innovating in healthcare | The Future of Healthcare | Yang Speaks
gWSPbISBT3A Reflections on the movement | Andrew Yang | Yang Speaks
gecrn4W_8FU The simple climate solutions that are exciting energy experts | The Future of Energy | Yang Speaks
gjufYwIbITw Jonathan Haidt: What makes someone a Republican or a Democrat? | Andrew Yang | Yang Speaks
gnUoWNeN_mk How do we turn this ship around if we aren\u2019t steering it? | Yang Speaks
go3mShnfYkM How Alyssa Milano handled being a child star | Andrew Yang | Yang Speaks
hVcUa5EjyEU The shocking story behind AJR's first hit | Andrew Yang | Yang Speaks
hVhMhF7Fi8U Saagar Enjeti to Andrew Yang: How effective is a third party?
hWuR54Q2-LQ Ian Bremmer on China's Evolving Relationship with the US | Andrew Yang
hYEWmRdGkRA Who's protecting us from AI? | Grimes + Andrew Yang | Yang Speaks
hh72pYfYkXM Ezra Klein and Andrew Yang dig into UBI | Yang Speaks
iB6fXcnv6vM What happens when you give money away? Albert Wenger & Susan Danziger join Yang Speaks | Andrew Yang
iDct5q4KG1M Did Bernie get screwed? Why school closures are a disaster, why Asians are the \
iI0J_LDfy4g Wes Moore on how the KKK ran his family into exile | Andrew Yang | Yang Speak
iO_FTfWLR6M Positive Populism with Van Jones | Forward with Andrew Yang
iYE8OfeyTY4 Andrew loves the new Spider-Man | Forward with Andrew Yang
ip-j6zGaTgw Why wasn't there a blue wave? | Andrew Yang | Yang Speaks
iuCTAiLbbnE SNL\u2019s Colin Jost talks to Andrew Yang about self-deprecating humor and his new book | Yang Speaks
iw1E4xQa0Ak Why ex-MSNBC producer Ariana Pekary left her job | Andrew Yang | Yang Speaks
j2MSDmNj9Fk How UBI can help us fight climate change | Andrew Yang | Yang Speaks
jB7MH95xhhE The 1869 law that\u2019s kept our Supreme Court mind-blowingly out of date | Yang Speaks
jcNbO72QQzg Is Alyssa Milano going to run for Congress? | Andrew Yang | Yang Speaks
jmmX2rd0_kM How to tap into our humanity through storytelling | Andrew Yang + Cheryl Miller Houser | Yang Speaks
juUrD2m2HqQ The Moral Absolutism of Elite Universities, Flying Cars, New Crypto Calls, & What's Next
k-f57lQXHqg The Politics of Perception with Derek Thompson | Forward with Andrew Yang
k0ITy9uOya8 Why Texas froze over | The Future of Energy | Yang Speaks
ka6B35N4JJQ The Media\u2019s Obsession with Joe Rogan, Why Men Love Gambling, and Robots Are Doing Surgery
kxwk1H3Bl_g What is the Cuban Card? | Mark Cuban and Andrew Yang
kyEj6mFeXFo What is the Democratic Party missing? | Matt Jones + Andrew Yang | Yang Speaks
lFWsxJmhE_c The problem with political press | The Future of Political Media | Yang Speaks
lTYCPujAnO0 Jay Williams and Andrew Yang talk about what reparations could look like in the US | Yang Speaks
lfFT2-Ab4R8 Surviving the Darkest Timeline with Joel McHale & Andrew Yang | Yang Speaks
m74Dmj-a4mY Why Russia reminds us that America is a force for good | Forward with Andrew Yang
mAOr0WN4k08 Annie Lowrey on America\u2019s punitive safety net, and how we can fix it. | Andrew Yang | Yang Speaks
mGEx5-_x8x0 Van Jones on why fame is a hack for time | Andrew Yang
mGzBXY2ju78 The Politicization of Family | Forward with Andrew Yang
mN03piutAow What problems has philanthropy actually solved? | Yang Speaks
mOsvZc9Jv8E Heather Heying & Bret Weinstein: What evolutionary biology says about modern society | Andrew Yang
mT8-snSX8SI Can a $70,000 minimum wage work? Dan Price joins. | Andrew Yang | Yang Speaks
mantZj-e1P0 Andrew Yang and Dan Price on the playbook for making UBI a reality | Yang Speaks
mcZGs9qHjzA The robots are coming--but they're not what you expect | Kevin Roose + Andrew Yang | Yang Speaks
mxcQo7rp-rI Are big cities over? | Forward with Andrew Yang
myJ-nWHiWXw This is your brain on stories | Andrew Yang + Cheryl Miller Houser | Yang Speaks
n0yAswT-A0I What's going on in Cuba? | Yang Speaks
nctMxYPDUMY Ken Jeong. We're Suing New York. UFOs. | Andrew Yang
nflK2Fd7G-c Are we all going to become influencers? | The Future of Celebrity | Yang Speaks
njQxekvFKfE What role does education play in solving our core problems? | The Future Of | Yang Speaks
nnESdYebsWg The simple steps you can take to unplug from your phone | The Future of Connection | Yang Speaks
npfl1Zff7NE Andrew Yang and Karen Hunter on the myth that money makes you lazy | Yang Speaks
nqe57AqYIXo The Future of Buying | Andrew Yang | Yang Speaks
o3djYwDdUUg Ex-MSNBC producer Ariana Pekary on how ratings drive editorial decisions | Andrew Yang | Yang Speaks
oD65g2RFSHI America has a serious human capital problem | Andrew Yang + Chamath Palihapitiya | Yang Speaks
onBrAbaRafE Constructive Institutionalism, Trump's new company, & what's wrong with media today | Andrew Yang
owhlO1DyRR0 The System is Fundamentally Corruptive | Krystal Ball & Andrew Yang
pD4a7m4QKWk Behind the scenes with the 2020 presidential candidates | Andrew Yang | Yang Speaks
pE-zuezvNAI Deborah Ann Woll geeks out over Dungeons & Dragons | Andrew Yang | Yang Speaks
pJE7pfhJHd0 Will the new rover find life on Mars? | The Future of Space | Yang Speaks
pPGoXog_CJU The Loneliest Americans | Jay Caspian Kang | Forward with Andrew Yang
pY0X3nLKTx8 Andrew Yang and Scott Galloway on why young men are failing | Yang Speaks
pkPvZZKsqE8 We haven\u2019t learned our lesson from the Great Recession | Annie Lowrey + Andrew Yang | Yang Speaks
pr3vlh8QkCU Bold predictions for 2021 | Andrew Yang | Yang Speaks
qNdHphPxOoE Never pay the first bill | The Future Of | Yang Speaks
qimZ2S8Vuxc The Future of Artificial Intelligence | Martin Ford + Andrew Yang | Yang Speaks
qkt-iphB40U Jack Dorsey breaks down the future of tech  w/ Andrew Yang
r0FMryEcv80 Disaster for Democracy in '24?, Oxford Shooting, Chris Cuomo is Out, Elizabeth Holmes' Trial
rC9DlTIh7K0 Susan Cain: How many of us are actually introverts? | Andrew Yang | Yang Speaks
rXOBbl_UabQ Jack Dorsey leaves Twitter, the spread of Omicron, and the separation of politics from reality
rd6Ge495hpM Marcus Lemonis invests his own money into struggling businesses | Andrew Yang | Yang Speaks
sEqOmP9gCz0 Galvanizing the mushy middle | Forward with Andrew Yang
sacfsZvrLzk Why is it so difficult to give people money? | Michael Faye | Andrew Yang | Yang Speaks
sgGTfVQ_mBY Humankind: Good or evil? Rutger Bregman joins Andrew Yang on Yang Speaks.
sjoXho5fJTA Could cloning go really wrong? | The Future of Conservation | Yang Speaks
srzq4PHPCrE Re-evaluating our relationship with masculinity | The Future of Masculinity | Yang Speaks
ssN3BIFkq5A Wanda Sykes on cancel culture, UBI, and the 2020 election | Andrew Yang | Yang Speaks
t1aSzXwlCQw Andrew Yang Reflects on Ranked Choice Voting after the NYC Mayoral | Forward with Andrew Yang
t1xN9RgzbaQ What comes after Omicron? | Forward with Andrew Yang
tFKQVV68FZw Police should not be given military-grade weapons | Andrew Yang
tXOkD46Lh8I Using Data to Combat Racism | Andrew Yang | Yang Speaks
uDlV3Ni3uVE Our government needs these mechanical fixes | Briahna Joy Gray + Andrew Yang | Yang Speaks
uTQznm_U7s0 What do comedy, politics, & wrestling have in common? Nic Nemeth aka Dolph Ziggler joins Andrew Yang
uZPbF_cUJ18 David Rubenstein on Protecting the American Experiment | Forward with Andrew Yang
ua5k_Zq4LGw Is traditional journalism dead? | The Future of Journalism | Yang Speaks
ujuq9oT_rOs Masculinity, unemployment, & bad ideologies | Forward with Andrew Yang
utPX5MPilBY How to build a caring economy | Andrew Yang | Yang Speaks
utavJG00qCI Jack Dorsey Explains \
uyOmqCrSHyY Andrew Yang thinks we should move to a 4 day workweek
uyqLqEEBN34 Nic Nemeth: Pro wrestler turned stand-up comedian | Andrew Yang | Yang Speaks
vCGSYKBQtKQ Joseph Gordon-Levitt on time banking, data rights, & the promise of fame | Andrew Yang | Yang Speaks
vSKZUszdhKc Winning Back Rural America with Matt Jones + Andrew Yang | Yang Speaks
vTbY0pS86LU Data shows that Black people are dying disproportionately | Andrew Yang
vYk9oaNIqlQ Afghanistan, Vaccines, and Verifiable Credentials. | Yang Speaks
w27jcCCIRnY Ian Bremmer says we\u2019re willingly giving Facebook all of our data | Andrew Yang
wDfJAwqpm3A Have we gamified the media? | Andrew Yang + Judd Apatow | Yang Speaks
wJO002nKuWk How power corrupts (and how to stop it) | Forward with Andrew Yang
wRbRqJ3yCKU Is anything real? Nina Schick on the future of deepfakes | Andrew Yang | Yang Speaks
wVS_1JzWsnc There's an actual formula for reaching your goals | Scott Barry Kaufman + Andrew Yang | Yang Speaks
waVJUkn1YT4 \u201942% of jobs are gone for good\u2019 Andrew Yang and David Axelrod on how we move forward | Yang Speaks
wyDUVx0JudQ What the heck is a gift goat? Carly Reilly joins. | Andrew Yang | Yang Speaks
x-WuwG_fYJ4 We want to get you paid for your data. | Andrew Yang | Yang Speaks
x3PEMvuv88k Is the next LeBron a gamer? | The Future of eSports | Yang Speaks
x5-ed41vXjI Evelyn Yang on finding a way to teach kids about sexual abuse | Andrew Yang | Yang Speaks
xOUWw1YF-h0 Humanity, justice, and our future - Amanda Knox joins. | Andrew Yang | Yang Speaks
xT0ujaF5usE Mick Foley shares the stories behind his legendary characters | Andrew Yang | Yang Speaks
xsBe7-u4QsY America\u2019s social safety net is designed not to work | Annie Lowrey + Andrew Yang | Yang Speaks
xv99BPbcmNQ Pick a side: do you make your bed? | Yang Speaks
xyt2Q1NW59Y What's time banking? | Joseph Gordon-Levitt and Andrew Yang | Yang Speaks
y3drppPOj6Q MC Jin reflects on his 7-week run on 106 & Park | Andrew Yang | Yang Speaks
y60JqGxkTa4 Unpacking the Canadian Convoy, How Video Games Help (& Hurt) Men, & Introducing Lobby3 | Andrew Yang
yBBibyuJlWU America has become a fake democracy | Forward with Andrew Yang
yWXrdeXH7s4 Andrew and Ankur Jain swap their newest business ideas | Andrew Yang | Yang Speaks
ybHvbjeI0yk John Leguizamo on fixing politics and Hollywood | Andrew Yang | Yang Speaks
yeV9lSXyKDo Andrew Yang talks about SNL\u2019s Colin Jost\u2019s very punchable face | Yang Speaks
yk5x4xrRjIA A mindset of abundance with Sarah Silverman | Andrew Yang | Yang Speaks
yoCPkC2uLaw Andrew Yang tries to convince Anand Giridharadas that we need UBI | Yang Speaks
ypVA-sikmm4 Kumail Nanjiani on the big sickness in Silicon Valley | Andrew Yang | Yang Speaks
z-o_p9G1BWw The shocking statistics behind wrongful conviction | Andrew Yang | Yang Speaks
z4SaGsPcTkk Could Andrew Yang be \
z6EBjg_Dyqg Justin Amash: Does Nancy Pelosi have too much power? | Andrew Yang | Yang Speaks
zJ-HnuMPol4 Comedian Mo Amer\u2019s life is something out of a movie | Andrew Yang | Yang Speaks
zVQRFhwEarI Why traditional media still has so much currency | Forward with Andrew Yang
zr7Z6zGFi7Q How is Zelensky Changing the World? | Forward with Andrew Yang
