-2vmcC3hwzs
-SZ_tmbossA
-T_sXOGxhhA
-ZwP6_a5dtE
-auXvJzzPTo
0JacHKMSAME
0azi6gK7Nyc
0cf5far5GWY
0hFlk6kzxAo
0ips21GxS4k
0ooOvGYUtzk
0va1kYTMhDs
1HqpT_rE7Bc
1Jbj_8v9JZE
1_3_ICGkh3U
1t30aLRk10U
2-7bvJf1ZiA
2QrQ5o9xVa0
2_X8BkaQ9lc
2byUGNr40Ak
2kDpfCJH8t0
2tBwsJ-SCSg
3U13wfZyS7c
3ca3AQWbqws
3fC-tugZU20
3uMFYJ14k94
49G7Lh2g67c
4C1fEyDU3Rw
4PrRxxoEkPA
4cOMVRKnG50
4jxrTJAPps8
4oCF678_pD8
4t27l6YmJLc
5SO74JwplaI
5s55vaMax8w
6P4vj1egmlg
7Zjtc9xBE3Y
8eEIy01mX6g
8nI2snr37Is
9awNR_tR96I
AaEjnwCcOD8
AbL05U7WStI
Ar8C5q0l6Z0
BZ-rX48fKbA
CUJORYouCtk
CpRoSMX6NfI
Dox31QZ1QNU
E16VEhWKKoc
EI5Xm7_o2iU
ESYC3f7jdAs
EVUArU3mJag
FE0cahIEdm4
FOB6fcNI79c
FbGLQCw7xbY
FnI9iqEaL5I
GJA3TQIua7M
GVSncxlRWNw
GXMnHM29wtY
H3L3KzMfrOM
H3mGS1X2Oo0
H5nbYHIWVXI
HEm_ulGruVA
HGlNkEBojb8
HWFWi-LrGcM
IEYJWZqtBJQ
J0DnSau0bO0
J8gDNgp4kNE
JQIjmIsHdj8
JTgvOn1XXec
JaFewo9ml0s
KL73tiI7AiM
KuGxCZpD65k
Kwdja-yyk5Q
KwzMRxAGpkc
L9NMyaRG3UI
LS4x0JmXdZ8
LdPf4kd9qzA
Lv36agD7Tfo
LyvA2WvgP4A
M15DvQ2Rijo
M8hCF50zkK4
M9mTwPzNQ7I
MMU2iUM3OYY
MOqzAWllu-k
M_-k3p16E9g
N625WFiL_J4
N87e6WLMPgE
O7NthBNxnfE
OIk454qVquA
OTJFJe82Tr0
PaA20bbnNb4
PndY935FLhU
QGwDRfznefo
QbCCjhqjYc4
Qjdp8n8QHe4
QmAFENS-uxk
R3_UF6Dw8CM
RBKIS6m7vGA
RO56GGl6KjE
ReRAzkVQuhs
SMJtx0w66tI
SjDp4idsPYw
SnDFNkiezzM
TKfpP97UaaM
T_TOiJSxAH4
Twz_ohNwkzQ
UDNgmLrj5mc
UWrC8x06Agg
UohUQUuF7PI
V2cnwyeodjs
VNMVX2vINHM
VUnlExZ-WsI
ViYlsdbZlFY
VjAc1dHGMLc
Vm9Ddgsx9Go
VrK1NxxX83Q
W66xtChKS_I
W9-Unfwq2TM
WGzbNvxPtnk
WPsnezDpqFs
YrMIWjKMdc8
YwqEsYs8Zms
Z2KrpawiMX0
ZfrrpESVUAg
ZhZ11GOjKjI
ZoR9k_V1r1g
a0hSTCsvkoo
a2aEkdYiN5E
aD5ZSNNwi84
aJ9JqOuPGrI
aQWr60Jp8sU
aWJnLO3fkDI
aZto7CIijPg
b-3TJXxwffw
bBabnEDM2ts
bbF8fdnkars
c0TaVz9bcY8
c4MKIckxWKQ
cD1J4ZQxu3k
cFflk10u8Hs
cjYO2GuZJd4
clYHshj6VyU
dCdH5vZuV5E
dW9fnv9Brpk
e4J8KKj69ew
eDUzmkxQ6FI
eoaobnFN3kE
ewx2dgRjceY
f0zaDeYOaf8
fkXiZlINTs4
fklOuMfmeP4
fqmZ-ialaIs
gMnTRkqqWV0
gOMAp6wHKLI
gPG5UV71nxQ
gU-cqyx2Ofo
gWeHmYe2H-c
gdFg43bQZ_c
gr73Xn3iVY8
hCSM_iIGKB4
hDMi1zcAlHA
hVl6LvwYdEU
hZe7WgpWYNA
hcrhrB77i30
hoym9b9JcSc
hzvBmIDpKU8
i7dq-IQDvSk
irtnbvIgZK8
itsBt5Rd8vw
jCp8pbb2lLE
jPBX_npOmQQ
js8PV9FtvqU
k4W-3PiceQw
kzbzXwsqbOQ
l3DwWi-Ocxc
le5azdhvC78
lncD1UdFBvM
lsmr6o_vEQY
mO6CCJu4YEc
mXxLQn7DqVY
mZQ9_wRkjQo
mqU0kHJYeJU
myLgU0xxThk
nMv6jz4b4rQ
o5sqPlP7etg
oFNepriOM1E
oRSLgk50BtE
ok0MDdFxc2M
p6jv5lDpSh8
pvSGiJgiyAY
qLl7j-vmI70
qU_7poYjFIY
qYtsYVjHnU4
r1-VWZvoBHg
r1frgjzkj6Q
r2NMD-Mcr-g
rJ7AjHED2eA
rZDgjsEGa8Y
rd1kKNNN5HI
riu8roXyyrc
rmppuYvZTuQ
s2S7azJXDEc
s49rdZMJRT4
sRPn5HDH7s8
sZwr38yQYfY
t6ye9ZSLyLQ
t7Hi3d-XfV4
tAPSSmwRrCA
tJE2QpMXS38
tOBgRD5SISc
tyoMwJRi3pk
vQF49alAHI0
vaXIeE14SmI
vm8kUBmNsFU
w830f7r3awI
wL0J7iqeE5w
werztDVqWYw
x1J-KhJWjJw
xcxR_xIttMI
xq10R0wvq7s
xu4Ev6Qqiz8
y6Leor-IBWE
yXfQjDSlf_k
ybYUBclGP8E
zIdCuN3eT80
zNtF7YK5H9c
ziewbgH_dnM
zm2-w7BBwdU
