-0YLtUk1StI
-yGYhXWei70
02Jjpx3YTIU
0bwG79DcMCY
2UfZe0lWmY0
2_rXeZlt4zY
5yIRRgegDAI
7diLr1qduXo
7u9SJD_enpQ
8J4CYIHfm4o
9-PsRd2HyPc
9_kuIfXYxNo
C2xq2P9giQc
C8hTRrxI_Vk
DW-ACfiVrm8
DzeWJNs2-rg
EGJDiHWFoMo
EdLp62XVtFE
FUiyoAFaUpo
GtL-cCKUGNs
GwraOeoPGG0
HE2DXulOpcY
HNFwmnj4bw8
IXFA4VOntVY
JNqibcX38P0
JTRMKnsMOKY
KUHWXYiylQs
MOii9ztuZxg
MPPFRi7cj18
Q-UAZKMhaU8
QlGAr7wTugg
RYFye251ecw
WBHaEXEQddA
XP2_tTgr248
XXx8K-vom8k
YEyWrkAo13Q
Z-2BKevh9K0
ZvvNqMGIUlI
_edl_aosHkI
a3ka7_hGOjE
aL26e1wnpss
cWLh4LlMJ5I
ch3i9o5L5HI
d9elW33cv0E
emuyngM9m_M
gqKDnY94oRA
inH2rWWycCo
j4GjHtezWk8
jiuTmUueNmA
lptplT4KgYs
mUeoqkt532U
mdzoN2XPoz0
moun11Y0npU
mqhWI9vfzmY
oWThQDpy-2I
oqrs4mFH9L8
p9CZ9fWVwk4
pNrT9k70YBU
q7bx-9V-dLU
r84z7lzOgJs
rmHCNoPj-o0
uFiqYD2Ll0Q
uTm76I6dds0
uoAHhGE_Trg
up3vQr8fP0o
v21KudB212k
vKIFUgDwFBw
xrYz8mROMoc
yOP6jvzXro4
zhklwJy4a8c
