-1bufSCG-Ag Ich teste die Black Friday XIAOMI Mi-stery Box! (was ist drin?)
-42fz-KLxrY Von SATURN WUNDERT√úTE zum TRAUMAUTO (Geldexperiment #1)
-7_EUwOOX1I YOUTUBER UND IHRE \
-9VVUj1GP5c Ich teste ALLE SCHOKO BROTAUFSTRICHE aus dem SUPERMARKT!
-L7_PUxAkzg Ich habe 2 Amazon RETOUREN Pakete aus Deutschland & USA bestellt!
-whwDP0Cbrc INTERVIEW mit ehemaliger McDonalds MITARBEITERIN!
-x-18ahzXMY Fack ju Morning!
06IhfmHe0F4 ENDLICH!! Ich habe die 3.000‚Ç¨ Saturn Wundert√ºte bestellt!! (6.000‚Ç¨ Warenwert)
0BFSr6BjI7U Sommer meines Lebens (Official Trailer)
0BNBqjJVJbg Die Fake GoPro von Wish f√ºr UNGLAUBLICHE 12‚Ç¨ !!
0D8A7hQvlCM 100‚Ç¨ McDonalds Monopoly + Make Homeless People lucky Ì†ΩÌ∏á
0Jgg_Cyyoqw SO K√úSST DU RICHTIG Ì†ΩÌ∏èÌ†ΩÌ≤ã (lernen mit Handy App)
0S1kdfj6AD4 Menschen, die es nicht so gut haben wie wir
0_RoPr3iDpY ich teste BurgerKing Produkte die NIEMAND kennt !
0fDN_i83NOo DAS war im Amazon Adventskalendar f√ºr 50‚Ç¨ !! Ì†ΩÌ∏≥
0h88tCY_NGE Burger King Produkte die NIEMAND kennt! Ì†ΩÌ∏≥
0kQJt89wUFw Die 10 UNN√ñTIGSTEN Produkte von GUCCI! Ì†ΩÌ∏©
0m0w2cisG2I Wie viele LIKES hat DIESES BILD? Ì†ΩÌ∏èÌ†ΩÌ¥•
0yHsTANL3hc Ich habe alle NEUEN APPLE Produkte von Wish gekauft.. (gut und nicht so gut)
0z4jyq8ST2Q China D-B√∂ller VS Bilou !! (¶µãITTE NICHT nachmachen!)
14zj2V_jvXM Ich teste einen POOL von WISH f√ºr 100‚Ç¨! (lohnt es sich?)
15Me1P9SsI4 10 Dinge die MÏìúHEN an JUNGS wirklich attraktiv finden! Ì†ΩÌ∏âÌ†ΩÌ¥•
1Aa3Cw3NAUA ARSCH von YOUTUBERN raten! - mit DieLochis
1CgtLVByiQM Die 10 unn√∂tigsten PRODUKTE von SUPREME! Ì†ΩÌ∏Ç
1Jb64NxnGRQ 10 KOSTENLOSE Wish Produkte im Test!
1RyCnBmU5aI Dinge die MÏìúHEN an JUNGS nicht verstehen [Special Edition]
1S_UmisC_d4 Ich reagiere auf EURE ZEUGNISSE! (4,1 Schnitt Ì†ΩÌ∏≥)
1T9c1RZHZSw Wir schauen uns Traumh√§user an! Ì†ΩÌ≤ï
1bRgGIdCzm8 Die Lustigsten WhatsApp Chats wo jemand Schluss macht! Ì†ΩÌ∏≥Ì†ΩÌ∏Ç
1d0XnkDcuZg my marks (4th vs 12th grade)
1eIy1bcwoYo Diese YOUTUBERIN finde ich HOT!
1fVr6MnasMQ SO merkst du, dass ER auf DICH STEHT!
1hnamLFHYig Die NEUE Krass Klassenfahrt Klasse! (Vlog)
1kxbhPqbjpg 10 Dinge von denen MÏìúHEN sich w√ºnschen, dass JUNGS sie w√ºssten! Ì†ΩÌ∏≥Ì†ΩÌ∏è
1mYBWAFi6-0 ICH STELLE MICH den INTIMSTEN + PERVERSESTEN FRAGEN! Ì†ΩÌ∏±Ì†ΩÌ≤¶
1o-yD3FK56c Ich teste THICK COCA COLA!!
1p3oVziuO18 Als ABONNENTEN einfach ZU WEIT gingen...
1zDo6XClbQY Ich teste das G√úNSTIGSTE 5 Sterne Hotel in EUROPA! (nur 40‚Ç¨)
1zDshNRXbJI HOCHZEITSKLEIDER auf AliExpress bestellt! Ì†ΩÌ∏Æ (Hochzeits Edition)
1zTke8ex3dc JA, es ist aus - Trennung..
22REdAqMrHA ich teste \
2DStgp5Z0hA Was sagen DIESE 12 J√ÑHRIGEN Ô≤ær MICH? Ì†ΩÌ∏≥Ì†ΩÌ∏±
2FXJRNmDUTI PROBLEME von MÏìúHEN vs PROBLEME von JUNGS Ì†ΩÌ¥•Ì†ΩÌ∏±
2JAxKEN_zmY 5 DINGE DIE JEDER ZOCKER KENNT!
2TR2WDSkmFg ich habe ALLE Mundschutz Masken von Wish gekauft.. (und nat√ºrlich gespendet)
2ZPRE1Drdhs Liebe Rebekah Wing
2_JDMlS_glc ich teste einen VEGANEN Adventskalender f√ºr 50‚Ç¨
2_TFp4NM9kI dieser AirPod Fake von Amazon ist Abzocke!
2c8FG-sl6Mo Eine Woche nur BABY PRODUKTE essen! Ì†ΩÌ∏±Ì†ΩÌ∏Ç - Selbstexperiment
2crV7KMHwTs Ich wurde beklaut.. (AUTOSCHL√úSSEL, Macbook, Kamera..) Freue mich Ô≤ær jede Hilfe!
2dlJFJvDUDE DAS sind die J√úNGSTEN Youtuber deutschlands! Ì†ΩÌ∏≥
2gci-3VBQ4Q Ich teste 10 weitere KOSTENLOSE WISH Produkte!
2qy-GuH0uCU SO geht man auf MÏìúHEN ZU - Meine Meinung! :)
311jM1pOmkM Ich SCHNEIDE meine HAARE im SCHLECHTESTEN Friseur meiner Stadt!
33gP4rx7K8k YOUTUBER BEVOR sie BER√úHMT WURDEN Ì†ΩÌ¥•Ì†ΩÌ∏±
34vWaUiYsZA BOYFRIEND TAG (Parodie)
393ONqSWbN8 Die GEILSTEN und H√ÑSSLICHSTEN SCHUHE f√ºr Jungs
39IlLxcj64Y ICH IN 5 JAHREN?
3BIJPTKiy1E DAS war im mysteri√∂sen PAKET aus AMERIKA! Ì†ΩÌ∏±
3CfNYUfpdP4 FACEBOOK | MÏìúHEN VS. JUNGEN
3CkBwfTJ5EI 24 Stunden nur ASTRONAUTEN ESSEN!
3Dm1S_qqtV4 Die witzigsten WHATSAPP NACHRICHTEN an EX Freund/Freundin! Ì†ΩÌ∏±
3H6hHtHzhRY AlexV reagiert auf die PRANKBROS!
3Mdktg8tyT0 KUH LECKT KUH! :D - Kleine Spritztour
3PzXIkMrObs ich teste ALLE aktuellen McFlurry Sorten von McDonalds!
3R-F3EgIFuU Ich habe 3 Apple Mystery Boxen f√ºr 200 Dollar aus Amerika bestellt! (Lohnt es sich?)
3WEiJGLNtj8 EYETRACKE CHALLENGE mit FREUNDIN (auf ihren Instagram Account)
3WjSg7KmJKM dieses Video bleibt nicht lange online
3_jrj79AxtM Jason Derulo err√§t das ALTER von meinem BRUDER! Ì†ΩÌ∏±
3dao1VX84hg Ich hole meinen FORD MUSTANG ab! (erstes eigenes Auto!!!)
3etoz_eefvA das XXL Black Friday Unboxing! (Teil 2) + Gewinnspiel
3hx_ECmpwwo 50‚Ç¨ bei ALDI vs 50‚Ç¨ bei EDEKA! (heftiger Unterschied!)
3uiJClc_FpE Dinge die MÏìúHEN an JUNGEN nicht verstehen
41xT4t2Xk3g FIDGET SPINNER sind OUT! DAS ist der NEUE TREND! Ì†ΩÌ∏≥Ì†ΩÌ∏Ç
44rGpXIosUk Ich ESSE im SCHLECHTESTEN PIZZA Restaurant in meiner Stadt..
474POpw0WFo Ich ERRATE EUER ALTER! (extrem krass!) Ì†ΩÌ∏≥Ì†ΩÌ¥•
47p9uVIuCSM Wie ich im Fernsehen vor 2 MILLIONEN Menschen blo√ügestellt wurde! (Antwort an DagiBee)
4Hi_gWn-oo8 eine CURRYWURST von McDonalds? Die neuesten FAST FOOD Trends im Test
4I5onImvJW8 Ich teste die VERR‡∑åKTESTEN Essensprodukte von Amazon!
4JbOkw2nQ2A Ist mein 147.000‚Ç¨ BMW i8 das Geld wert? (Erfahrungsbericht nach 1 Monat)
4K-T7L1Z0b0 was wurde aus dem G√úNSTIGSTEN Auto der Welt?
4LeeLBxQfSs Wir Testen die BEFRIEDIGENDSTEN Produkte aus dem Internet!
4OE6jz7EZgo Ich habe verlorene iPhone Pakete G√úNSTIG ersteigert! (Lost Cargo)
4PCJET7BGAc Follow Me Around - VideoDay Tag 1
4ZOy1jfb2hE Ich REAGIERE auf Eure Zeugnis BEICHTEN! Ì†ΩÌ∏Ç
4ZStDKvjwKI WhatsApp PRANK an MEINE MUTTER! Ì†ΩÌ∏ÖÌ†ΩÌ∏Ç
4_CRGzbse34 Ich GEHE ins SCHLECHTESTE EISCAF√â in meiner Stadt..
4cdzagIqEx8 Nur TIEFK√úHL PRODUKTE ESSEN.. (24 Stunden Challenge)
4fyXRU8xTV0 Ich teste ALLE Influencer Food Produkte! (Teil 1)
4glsg6W1tos Die lustigsten WHATSAPP CHATS zwischen P√ÑRCHEN! Ì†ΩÌ¥•Ì†ΩÌ∏Ç
4jJ5rpi1vMQ KONDOME im 20‚Ç¨ Amazon Ì≤ærraschungspaket!!! Ì†ΩÌ∏ÇÌ†ΩÌ∏Ç
4kA-xrreixM 1‚Ç¨ f√ºr jede LIEGEST√úTZ Challenge.. Ì†ΩÌ∏±
4kQJeWieoZQ Was JUNGS vorm ERSTEN DATE WIRKLICH machen...
4nSl85M-xco Dinge Ô≤ær die man beim KENNENLERNEN schreiben kann
4phlc6C748Q Werde ich den Fernsehsender verklagen?
4r6E-9opSWg 1 TAG lang FASTEN - wie f√ºhlt es sich an? (Selbstexperiment)
4tDbgvl5Z9w Wir TESTEN das TEUERSTE Restaurant in K√∂ln.. Ì†ΩÌ∏ß (mit Freundin)
5-JCdCWbwbQ MEIN BRUDER err√§t YOUTUBER! Ì†ΩÌ∏≥Ì†ΩÌ∏Ç
51yQDpvM1lo EINE WOCHE NUR S√º√üigkeiten ESSEN! Ì†ΩÌ∏± - Selbstexperiment (Abbruch)
54mhMJShvHQ ich mache GOLDENE AIRPODS (Hydro Dipping)
5AAJIn1aanc WAS JUNGS NICHT TRAGEN SOLLTEN
5GWigfb8AaE Fast Food Mitarbeiter 100‚Ç¨ schenken, WENN Bestellung UNTER 1 MINUTE fertig ist!
5L-AYU57PtM Echtes Essen vs Gummi Essen (Pizza, Burger, Nachos...)
5LEt6Iyld_A DAS NERVIGE AN EINER BEZIEHUNG - feat. MoritzGarth
5TWpwxEaRz0 1 Millionen Abonnenten Live Reaktion im Zug! Ì†ΩÌ∏Ç
5_tvO6Shiw8 Wir TAUSCHEN unsere OUTFITS Ì†ΩÌ∏Ç  (mit Marie)
5f24XatOeDo 10 FOTOS die nur MÏìúHEN verstehen k√∂nnen! Ì†ΩÌ∏±Ì†ΩÌ∏≥
5ipAbZ2-9Wk FUÌæ∫LL CHALLENGE gegen Asamoah von FC SCHALKE 04!
5kPGHXWBdNQ Was JUNGS vorm EINSCHLAFEN WIRKLICH machen...
5ztSy8u1kxs Mit SCHERE in KOPF GESCHNITTEN! PRANK geht EXTREM SCHIEF
6-QMIqQs360 DARTPFEIL auf KARTE werfen und DORT ESSEN wo er landet! (24 Stunden Challenge)
62Q6umeOTKY Ich teste ALLE COLA SORTEN aus dem SUPERMARKT!
66m7gXMEh_4 Instagram DMs von meiner FREUNDIN vorlesen.. Ì†æÌ¥Æ
67Hzp2TKXEA Ich teste 5 SATURN WUNDERT√úTEN direkt aus dem Laden!
67NmY6HOmxs PRANK an MEINEN BRUDER (juckt ihn nicht haha)
6F6XQh_iTS4 Wer bin ich? (Mit meinem Bruder)
6J4_ZPX76zc Ich schenke FAST FOOD Mitarbeitern 100‚Ç¨ WENN die EISMASCHINE funktioniert!
6JAf0G6Brt4 Ich teste die VERR‡∑åKTESTEN AUTOMATEN in Deutschland!
6LZI_qyLFM4 20 FACTS ABOUT ME - VLOGBUSTER
6VJH897G3qE Unser Wohnzimmer wird zum Kino!! Ì†ΩÌ∏çÌ†ºÌæ¨
6XE1cfnYJQY Wir SODASTREAMEN Whisky, Kaffe, Kakao usw..
6XtKVbHVlsI WAS mit mir los ist..
6ZcO6e4LiXo 50‚Ç¨ bei McDonalds VS 50‚Ç¨ bei BurgerKing! Ì†ºÌΩî (Was ist g√ºnstiger?)
6a8-E2Ju5tY KRASS! Diese PRODUKTE gibt es f√ºr EINEN EURO!! Ì†ΩÌ∏±Ì†ΩÌ∏ç
6ahOBGkxRmA Ich teste TRICKS, die f√ºr ESSEN im TV benutzt werden! (McDonalds Edition)
6fBVaRE5qr4 Er f√§ngt an zu brennen! Ì†ΩÌ¥• MEIN NEUES HAUSTIER (FurRealFriends Torch)
6itdIj2Rm6A 100‚Ç¨ McDonalds MONOPOLY 2018! Ì†ΩÌ∏ç
6jDB1foxdfM IDIOTENTEST MIT MEINEM BRUDER! Ì†ΩÌ∏Ç
6tuawH0U81E Bitte helft mir..
6uyZv_8EQKA BEAUTY PRODUKTE von GIRLS die ich schon immer testen wollte! Ì†ΩÌ∏±Ì†ΩÌ≤Ñ
6vY5QFGXDzM Der unglaublichste BOTTLE FLIP der WELT! Ì†ΩÌ∏≥Ì†ΩÌ∏±
6ww3kFrD3Jk mein XXL Black Friday Unboxing! (Teil 1)
6zhZEjBSaZE AlexV testet ALLE MILKA SORTEN aus dem SUPERMARKT!
75RcxsUsK_4 FLAPPY BIRD CHALLENGE #2 - Hundefutter essen
76Mp3iweE7E YOUTUBER-PARTY uvm. in BERLIN
77KG-iZ-UjM Mein Ì≤ærraschungspaket f√ºr @MAX und @EsKay
7JKFyWI5GYs DARTPFEIL werfen ENTSCHEIDET f√ºr 24 Stunden was ich ESSE!
7LPiIpdc5uQ Im APPLE STORE! - Der KUNDE VOR MIR entscheidet WAS ich KAUFE! (oh oh teuer Ì†ΩÌ∏ß)
7P-cPcnj8nY Wir bestellen das BESTE ESSEN in meiner HEIMATSTADT! (mit @ZCLINA)
7dBQAanTbAw DAS wird meine NEUE FREUNDIN! Ì†ΩÌ∏ç
7eKcrW4sxbA Ich Probiere VEGANES ESSEN aus dem Supermarkt! (was ich sonst nicht vegan esse)
7fUrL7vs5nk PPAP Pen Pineapple Apple Pen | AlexV (Bestrafung)
7fkqs7RDYwg IHR SEID GEIL!!! - Gr√º‡∑æ aus Spanien :)
7hFSXjkN1ks Wie man KEINEN JUNGEN beeindruckt
7kV3lWnG75w dieses PRODUKT von JOOM schockt mich.. (Schmerzen!!)
7keX-R9fWTY Ich habe ein XXL 1100‚Ç¨ AMAZON Restposten Paket gekauft!  Ì†ºÌæÅÌ†ΩÌ∏µ(wird es sich lohnen?)
7q1rYKPZOaE Ich bin auf einen FAKE ACCOUNT REINGEFALLEN.. Ì†ΩÌ∏≥
7qhjSeNbfvM Die JUGEND von HEUTE... (extrem KRANK!)
7s0GK9Lkhws VOR Pubert√§t vs NACH Pubert√§t! Ì†ΩÌ¥• (Zuschauer Edition)
7sd4whaW5f4 Wie viel GELD bekomme ich f√ºr das FAKE iPHONE X? (Ebay Kleinanzeigen)
8AvyMghKN20 FLACHWITZ CHALLENGE | mit Grischistudios
8DC4PVTwEIw F√ºr 600‚Ç¨ Mystery Palette ersteigert und ____‚Ç¨ auf Flohmarkt verdient!
8G-JuU8uq7A Ich ZEIGE euch MEINE ALTE SCHULE!
8HRK6x9Y_6Q Produkte aus der TV WERBUNG im TEST! Ì†æÌ¥Æ
8Jtw9f7O_BM Die BER√úHMTESTEN Musical.lys von YOUTUBERN! Ì†ΩÌ¥•Ì†ΩÌ∏≥
8RqU-ho5pgo 10 PROMIS ANSCHREIBEN! - Wer bekommt MEHR Antworten? (Geschlechter Battle)
8WWd27QO1yM Instagram BILDER mit 0 LIKES! Ì†ΩÌ∏≥Ì†ΩÌ¥•
8bN1jdA-mao ENDLICH mal gute Amazon Retouren!
8f3BkWtOpdM BADEN in 1000 TAMPONS!
8i6WzfswNHE Ich teste PIZZA NEUHEITEN aus 2019! Ì†ºÌΩï
90hO73tA95M Was JUNGS machen und MÏìúHEN IMMER FALSCH VERSTEHEN! Ì†ΩÌ∏∞
9IbnKyzzOIQ 1 TAG bestimmt INSTAGRAM was ich ESSE! Ì†ΩÌ∏®
9MJVB4iSMoQ Die WAHRHEIT Ô≤ær WISH.com... Ì†ΩÌ∏≥
9ODpqEoC0U8 24 Stunden nur von Produkten UNTER 50 CENT leben!
9Ra3qwTYK34 Ich SCH√ÑTZE das VERM√ñGEN der REICHSTEN Youtuber! Ì†ΩÌ∏≥Ì†ΩÌ≤∞
9TTKLPEEu9A S√º√üigkeiten BRATEN! - Experiment (krasses Ergebnis) Ì†ΩÌ∏≥Ì†ΩÌ¥•
9YjPWwEI9eE sie ERZ√ÑHLT von ihrer ZEIT bei \
9YtKOWERXnI sie Erz√§hlt von ihrer Zeit bei Auf Streife!
9_0sFao-stI GUTEN MORGEN! #Tag
9d-6H95qqAQ Ich muss IHR einen Tag ALLES bezahlen !! Ì†ΩÌ∏±
9r-NCb3K-20 Bei Ô≤ær 100 GEWINNSPIELEN mitgemacht! (DAS HABE ICH GEWONNEN!)
9wGQwoam9VA Welcher YOUTUBER ist √ÑLTER? (schwierig)
9yY957WhE98 Ich bestelle das BESTE ESSEN in Dortmund! Ì†æÌ¥§
A0VIDI1kbMI SO VIEL VERDIENE ICH MIT YOUTUBE
A6AKeH3YdsA Mit BurgerKing MITARBEITERIN zu BK fahren! Ì†ºÌΩîÌ†ΩÌ∏â +Tipps zur Bestellung
A9m5VO0zd9o 10 TRENDS von JUNGS - Die MÓìúhen hassen! Ì†ΩÌ∏±Ì†ΩÌ∏°
ACaZhUvxi-s Ich ESSE einen BESEN.. BIBI ist schwanger! Ì†ΩÌ∏≥
ATt7ZFxObN4 ich teste den AirPod Ersatz von KIK ..
AbL8TJurZHE McDonalds Zwillings PRANK! (Mitarbeiterin alarmiert alle Filialen)
Ah0U-P-cyWE Ich KAUFE das G√úNSTIGSTE AUTO der Welt! (nur 20‚Ç¨)
AiTgV9Y21W0 Es wird IMMER SCHLIMMER.. Ì†ΩÌ∏± Ich reagiere auf EURE ZEUGNISSE!
AnkXeWL8p6g DARTPFEIL werfen und dort HINFLIEGEN wo er LANDET! (Europa Edition)
AocfqUOeT7k SCHULE.. und dann?
ArlpWrVDNBM Im SUPERMARKT Personen verfolgen und ALLES NACHKAUFEN! (+damit kochen)
Arn6rDxyNRM HAPPY MEAL Challenge! Ì†ºÌΩîÌ†ºÌΩü (WAS ist in der Box)
AsakBNy5S5k Die WITZIGSTEN K√ñRBE von MÏìúHEN an JUNGS! Ì†ΩÌ∏≥Ì†ΩÌ¥•
AthyCeFKZD0 Ich KAUFE die ERSTEN 5 Dinge, die INSTAGRAM mir vorschl√§gt!
Au6ZGa7LY6A iPhone 12 f√ºr 69 Dollar!? Ich teste Mystery Box \
AyFrRNWGJ00 Ich zeige euch die BESTEN RESTAURANTS in meiner Stadt (Folge 1)
B-aZEl34EKQ Ich verlose ein iPhone 8 !! Ì†ΩÌ∏ç (+PS4, Yeezys)
B02Orb_9Je4 FAKE ACCOUNT von MIR Ô≤ærtreibt es KOMPLETT!
B3ZqapQ9ntI Ich habe eine NEUE 500‚Ç¨ Saturn Wundert√ºte bestellt! (Lohnt es sich noch)
B3xt1mApC4k wir stellen VIRALE Couple TIK TOKs nach (mit Freundin)
BC6VYrL2mLg Dinge die JUGENDLICHE HEIMLICH tun
BCLdRmaR0TM PROBLEME von MÏìúHEN, die JUNGS nicht verstehen.. Ì†ΩÌ∏±Ì†ΩÌ¥•
BCX4uIrqDLg Ich habe 3 VERLORENE Koffer f√ºr 1.000‚Ç¨ bei einer Auktion ersteigert!
BE6OR1B9_Lw Bestelle NIEMALS um 3 UHR NACHTS EINEN CHEESEBURGER! Ì†ΩÌ∏±Ì†ºÌΩî
BGPLkeba08g Summer Of My Life (Official Video)
BH7nI4fP1fE TOP 3 ZWILLINGE auf Musical.ly! Ì†ΩÌ∏± Wer sind die besten? Ì†ΩÌ∏≥
BJ6r4FApym4 Ich teste eine Mini-Konsole mit Ô≤ær 9000 Spielen von Wish!
BJUMKie1STg 3.000‚Ç¨ Wundert√ºte direkt vom MEDIA MARKT CHEF! (Geldexperiment #3)
BN3CVABIuHw PEINLICHE DINGE die MIR passiert sind!
BQlJjh8lxiY Mit BIBI EPELIERER und BILOU RASIEREN! (brutal) Ì†ΩÌ∏±
BWdZwvAMTTU SHOPPING HAUL - NewYorker, Snipes, H&M
BYtJLKtXmo0 5 MAL in 1 STUNDE beim SELBEN LIEFERSERVICE bestellt! (Es gibt √Ñrger..)
BZIERu8923k In diesem Hotel kann man sein AUTO im ZIMMER PARKEN! (Lamborghini Car Suite)
Bk7Oe4Ov6JY EINKAUFEN im SCHLECHTESTEN SUPERMARKT meiner Stadt! (Hilfe..)
Bn82Ke76f_w EXPERIMENT: XXL Ananas vs GUMMIB√ÑNDER (Explosion) Ì†ΩÌ∏±Ì†ΩÌ≤•
BrYGsnmrmOg Ich hole meinen neuen BMW i8 ab!
BtJ21kk7hA0 WER IST √ÑLTER!? MÓìúhen VS Junge Ì†ΩÌ¥•Ì†ΩÌ∏≥
BydJstZ4kyw SORRY MAMA f√ºr DIESE BILDER... Ì†ΩÌ∏± (4 Jahre alter Instagram Account)
C1Ti57FQ65g Ich zeige euch mein neues SmartHome Setup!
C3nHd23pVd0 ich teste CHINA Produkte, die man bei Media Markt kaufen kann
C58tJoh58vs 20 LITER WASSER am TAG trinken! - geht das!? (Selbst Test)
CAT-WNK4dUU MEINE SNEAKER | AlexV
CEk9hnHO3PM Ich teste die COOLSTEN Tik Tok Produkte von Amazon! (Teil 2)
CK8Ft3JmaRY Die BER√úHMTESTEN Musical.lys DER WELT! #2 Ì†ΩÌ∏≥Ì†ΩÌ¥•
CPWRb77TCLQ Ich teste PFEFFERSPRAY von WISH! (bitte NICHT nachmachen!)
CRBu3IgXSUs Ich teste den BESTEN AirPods Ersatz aus CHINA!
CcBkp3gcotE ICH sch√§tze PREISE von den SACHEN meiner FREUNDIN! Ì†ΩÌ∏≥Ì†ΩÌ∏Ç
Cf8A2vAhwD4 Meine FREUNDIN ist 24!
Cge9rY1SnnA HANDY ZERST√ñRT! PRANK
Ci6m_UtpHhk wir testen VIRALE Tik Tok Lifehacks (die wirklich funktionieren!!)
CiBiJoRtBaw Das erste Mal Ô≤ær 10.000 KILOMETER weit weg von Zuhause! (Los Angeles)
Clb2_XMmun8 10 ARTEN von WHATSAPP NUTZERN
CofT8qpWx98 ich teste VIRALE Tik Tok Essens Lifehacks! **extrem lecker**
D89DsfNSAow Ich habe 10 Laptops aus einem Restpostenlager in POLEN bestellt! (F√ºr 1380‚Ç¨)
DBCk96VnO50 Die HEFTIGSTEN K√ñRBE von JUNGS an MÏìúHEN! Ì†ΩÌ∏±Ì†ΩÌ¥•
DFctlOdEjRQ Ich teste McDonalds PRODUKTE die fast NIEMAND kennt!
DHq4V-r8c4A 100% ZUF√ÑLLIG auf JOOM bestellt! Ì†ΩÌ∏± (extrem g√ºnstig)
DIJykMpv8Xo In dieser BOX sind die beliebtesten S√º√üigkeiten vom letzten Jahr! (aus aller Welt)
DIobs0-6u9k Zigarette RAUCHEN  - Experiment vor Zuschauern Ì†ΩÌ∏±
DOrSucLnFNs Die \
DOy2fB8Huv4 Die COOLSTEN Amazon Gadgets f√ºr DEIN Zimmer! (Part 1)
DUNf6ttyIMQ ich teste die GENIALSTEN Amazon Gadgets f√ºr UNTER 5‚Ç¨!
DgXMgv3LKsQ 24 Stunden ohne ELEKTRONIK! Ì†ΩÌ∏± (Selbstexperiment)
DgsmzIgkPgs wir testen eine ESSENSBOX aus IRLAND Ì†ºÌ∑®Ì†ºÌ∑Æ
Dh4L7sXU0sw Youtube Videos mit den MEISTEN DISLIKES! Ì†ΩÌ∏±
DjZSokLRLrk ich verkaufe meinen 1MIO Goldenen Playbutton bei Ebay!
Dn634mJdprY WHO HAS THE BEST CHICKEN NUGGETS? Ì†ΩÌ∏ç Fast Food Test!
DqxJeZdXOeM Ich reagiere auf ein WALDORFSCHULEN-Zeugnis! Ì†ΩÌ∏Ç
DuTWEwCEcI0 DAS war in meinem Ì≤æRRASCHUNGS EI! Ì†ΩÌ∏±Ì†ΩÌ∏ç 100 √ú-EIER auspacken!
DvtZ_RD8yBg ICH REAGIERE auf JAPANISCHE YOUTUBER! (extrem witzig) Ì†ΩÌ∏Ç
E2RtgKkExeg Ich zeige euch die Besten Neuen iPhone Hacks! (iOS 14)
E8OSNyAQZqs Sie ERZ√ÑHLT von ihrer ZEIT bei \
EACcGSw_FJE Wenn du KEINE ZAHL siehst, bist du FARBENBLIND! Ì†ΩÌ∏≥Ì†ΩÌ∏±
ECaYeAGyu2I Ich teste TRICKS, die f√ºr ESSEN im TV benutzt werden! #2
ECc647LYF4I Was man NIEMALS GOOGLEN SOLLTE - Ich hab es trotzdem gemacht!
EEERfCBxaE4 Der HEFTIGSTE BURGER EVER! Ì†ΩÌ∏±Ì†ºÌΩî McDonalds + BurgerKing VERMISCHT! Ì†ΩÌ∏≥
EJX6gzvDkpI Ich benutze das KLEINSTE iPhone der Welt f√ºr 24 Stunden..
ELa22JF6-aU Ich gehe in die SCHLECHTESTE B‡±åKEREI in meiner Stadt!
EOnAtuU1FEg Die Wish MASSAGE Maschine f√ºr 13‚Ç¨! (Sowas gibts?)
EW5MMxFkZ4k DARTPFEIL auf KARTE werfen und DAS KAUFEN wo er landet! Ì†ΩÌ∏µ
EZQA2tKQul4 Was hat DAS in meinem AUTO zu suchen!? Ì†ΩÌ∏Ç WHATS IN MY CAR?
Egbck36NgQ0 60‚Ç¨ Koffer bei AUKTION ersteigert! (Das habe ich GEFUNDEN!!)
EhZdYGcaMVY Was MÏìúHEN beim DATE FALSCH machen
EhuKK-LjEK8 ICH VERSTEHE es EINFACH NICHT...
Eiyg3Ehxgs0 ICH SINGE! - Alex Privat #2
Ep6uI7bFrzM ICH HAB NOCH NIE! Ì†ΩÌ∏≥ (fremdgehen, Alkohol..)
Epv6CVZHlsE Freundin zieht weg? - Fragen beantworten #2
EqGbK0-0X9U 100% ZUF√ÑLLIG bei McDonalds bestellt !! Ì†ºÌΩîÌ†ºÌΩü
EqQRcAD_Duk Youtube Videos die GESPERRT WURDEN! Ì†ΩÌ∏≥
ExOIKVwHZN4 Ich teste einen SAUGROBOTER von WISH f√ºr 18‚Ç¨!
F-x_JqM0Bgs Ich INTERVIEWE eine BurgerKing Mitarbeiterin! (Geld, Hygiene..)
F1F7faVA7E8 DIE gr√∂ssten FEHLER von MÏìúHEN auf WhatsApp! Ì†ΩÌ∏≥Ì†ΩÌ∏ê
F9nB8To9A7Y GET READY WITH ME ‚ô•
FBVf0lSHUHU Dieses iPhone war in der 500‚Ç¨ SATURN Ì≤ærraschungs-T√ºte!
FJCZk5cxRCs Riesen AMAZON Ì≤ærraschungspaket F√úR 100‚Ç¨!!! Ì†ΩÌ∏±Ì†ΩÌ∏ç
FK-yevFXBGw Was MÏìúHEN beim CHATTEN FALSCH machen
FO-gknAZR2g ich teste einen Adventskalender aus Amerika
FOxmqKpNypE Was man MÏìúHEN NIEMALS schreiben sollte
FPtKruRD_Y0 EXTREME SMOOTHIE CHALLENGE - Alex am kotzen!:D
Fcx8HtV7Ioo MEINE OPERATION | Was war los?
Fdvq8RYvT8g Ich teste ESSEN, das 2019 auf den MARKT gekommen ist!
Fjg2YAE7TWg MEINE ganzen BEZIEHUNGEN.. :-( :D
FnsFIGSfAhQ Meine TRAUMFRAU
FpT9e98DMVM SO merkst du, dass ER auf DICH STEHT! #2
FtVJhGZDitI Youtube Videos mit 0 LIKES! Ì†ΩÌ∏ÇÌ†ΩÌ¥•
FwZa94CnY94 WAS JUNGS AN MÏìúHEN LIEBEN?
FxOloP81ff4 BEZIEHUNG mit FAN! & Ich finde meine VIDEOS SCHEISSE! - Alex Privat #3
G1n5Td8r-Kg ich teste ESSEN von LIEFERANDO mit 0 Sternen.. (keine Bewertungen)
G473JJOlq84 Ich KAUFE das TEUERSTE AUTO! (von BMW).. entscheidet mit!!
G8UrBiNsHa4 Jungs alleine VS Jungs mit MÓìúhen
GAPQDP8LjW4 ich habe ALLE Youtube Produkte bei Wish bestellt!
GQlF8SyNUws Getr√§nke KOSTENLOS aus Automaten bekommen!? Ich teste virale TikTok Lifehacks
GS0Rxk0x5yQ Meiner Freundin ein SECOND HAND Outfit zusammenstellen! Ì†ΩÌ∏≤ (15‚Ç¨)
GaSyTmuT9PE Ich teste ESSEN aus meiner KINDHEIT! (emotional)
GideuVzdoMU Die Wish Ì≤æRWACHUNGSKAMERA f√ºr 13‚Ç¨
GljM3pRmY2g TIEFK√úHLPIZZA braten! (extrem LECKER!Ì†ΩÌ∏≥) - EXPERIMENT
GpiSaeytW60 PERVERSE FRAUENPRODUKTE getestet! :D
GsgWVn2R7Sk Meiner Freundin HOCHZEITSKLEIDER bestellt (Wish + Joom)
H0KwZADWaog Diesen FAST FOOD Laden gibt es LEIDER nicht in Deutschland...
H0OH12nvEyk PROBLEME eines SINGLES
H2yXUYI43Sc ein BRANDNEUES Smartphone in den MediaMarkt Handy Automaten
H6J0yl73AVM Von EIGENEN FANS heftig BELEIDIGT!
H6q7steLJVg ICH MACH JETZT MUSIK
H74MzaUrj2A ICH STEIGE in WUBBLE BUBBLE! (mit ganzem K√∂rper) - Experiment Ì†ΩÌ∏±Ì†ΩÌ∏Ç
H9Xu6Hz0sk8 Kinder RAUCHEN und BELEIDIGEN mich! - Chatroulette #4
HBC-_AMRd4o ich teste ALLE M√úLLERMILCH aus dem SUPERMARKT!
HDWsKX64xyA MENSCHHEIT VERBLÌõûT!?
HGMIk5FP7t4 Mein ERSTES TATTOO! (am Strand)
HIaSYGwgS98 Ich habe 2 Saturn Smartphone Wundert√ºten f√ºr 1000‚Ç¨ bestellt!
HT_z6kcwvkI FREUND verÛ∂øæntlicht PRIVATES BILD | Snapchat Fails
HUIFWwT86Rg Best Musical.lys in THE WORLD Ì†ΩÌ∏±Ì†ΩÌ¥•
HZuCQjoNbpU ich habe alle APPLE Produkte von Wish gekauft.. (f√ºr unter 80‚Ç¨!!)
H_MBuCFnUvU 5 Arten von INSTAGRAM MODELS
Hbpydv6iD4Y ZUSCHAUERIN das neue iPhone vorbeibringen !! Ì†ΩÌ≥±Ì†ΩÌ∏≥ (Ì≤ærraschung)
HjfGn0Nz-10 Wir bestellen das ganze ALPHABET auf Wish (mit zClina)
HnmQzJ_qxhQ ich kaufe f√ºr 100‚Ç¨ bei McDonalds Monopoly ein! - Auf zum HAUPTGEWINN!
HouJBWuNv2k Weggeschmissene KASSENZETTEL sammeln und KAUFEN was draufsteht! (+Verlosung)
HpKSunwoVV0 Ich habe neue VERLORENE KOFFER & RUCKS‡±åKE bei Auktion ersteigert! (diesmal lief es besser)
Ht0dBY1FOuI Was DU TRIFFST musst DU ESSEN! (mit FuÌæ∫ll)
HvmCxTEGl8I Meine HANDYNUMMER wurde Ô≤ær Unges Twitter VERÛñøæNTLICHT.. #Hackerangriff
Hw8fVwfHgTU 100‚Ç¨ BURGER vs McDonalds vs BurgerKing!
Hxy2bYyD9kw GESCHMINKT vs UNGESCHMINKT (Alter erraten! Ì†ΩÌ∏≥)
HzScPzIh7NE Amazon Produkte UMSONST bekommen!? Ich teste virale TikTok Lifehacks..
I2WC9jMwigM Ich habe eine Wiederaufbereitete Playstation 4 bei WISH bestellt..
I6PLNEm1R30 Ich teste das McDonalds EIS von den LOCHIS! Ì†ºÌΩ¶Ì†ΩÌ∏ç
I74uhQnTToo iPhone 12 f√ºr 41‚Ç¨ kaufen!? (Ich teste Cent Auktionen)
I9wCleUk0e0 SO kl√§rt man JEDES MÏìúHEN (Im Sommer) | PARODIE
IBpo9AszYzU ich bestelle beim SCHLECHTESTEN Italienischen Restaurant auf Lieferando..
IEhcJqx-2B4 Wir TAUSCHEN unsere OUTFITS! Ì†ΩÌ∏±Ì†ΩÌ∏Ç mit Marie!
IH7nVeiwQEU Musical.ly REACTION | mit Freundin
IIE4Si-I5g4 ich teste VIRALE TIK TOK Lifehacks (**unglaublich**)
ILmBx0ukCNs Meine Reaktion auf EURE ZEUGNISSE! (1,0 DURCHSCHNITT Ì†ΩÌ∏± )
INGBegx0an0 Wir testen die VERR‡∑åKTESTEN Getr√§nke von Amazon!
IPY0akgBF4w WIR testen TEURE vs G√úNSTIGE S√º√üigkeiten! Ì†ΩÌ∏≥Ì†ΩÌ∏ç
IQTY8K59jNo D√úRFEN MÏìúHEN ZOCKEN? :D
IUTHQodj8Lo ich teste eine Essensbox aus JAPAN (durchsichtige COLA)
IXERTV5ltcc Meine Freundin! Ì†ΩÌ∏ã (schwieriges Thema)
IeZjZu1UCHQ Die WAHRHEIT Ô≤ær UNSEREN \
IlP5hDhuHQ8 1 NACHT im KLEINSTEN HOTELZIMMER Deutschlands! (Kapsel Hotel Berlin)
Iu8G8xGwuMg Das COOLSTE Geschenk an (m)eine Freundin! Ì†ΩÌ∏≥Ì†ΩÌ¥•
Iw8gb3yhYXM WAS MÏìúHEN NICHT TRAGEN SOLLTEN
Iyo_C9ujQBk dieser SNEAKER von VOVA h√§lt ALLES AUS!
J-PWvLZn3eI Musical.lys die GESPERRT WURDEN!.. OMG Ì†ΩÌ∏±Ì†ΩÌ∏∑
J8JTscY7GTM Hetero VS Homosexuelle beim ERSTEN DATE | mit Priinzz
J8QbMXf2U2w Geht es MIR GUT!? Ì†ΩÌ∏™
J9cfi41eH7E Das TEUERSTE Produkt auf ganz WISH bestellt!
JNLJCsgAVOY ERFOLGREICHSTES VIDEO gel√∂scht! PRANK | 800.000 Klicks weg! :D
JUOA7Kf3W8E OMG! Meine DREADS wurden ZERST√ñRT
JUORAVRcC2U ICH teste FRAUENPRODUKTE von MEINER FREUNDIN! :D
JXBt41aHr08 Ich teste den G√úNSTIGSTEN vs TEUERSTEN McDonalds der WELT!
JXrykRv2I30 Musical.lys zum FREMDSCH√ÑMEN! Ì†ΩÌ∏±Ì†ΩÌ∏Ç (XXL VERSION)
JYf2qvCN-oc HAARE ausversehen FALSCH GEF√ÑRBT!
JZAVLvcAG-Q TAUSCHEXPERIMENT: Auf dem Weg zum iPhone!! (Teil 3)
JZK0WGlwOT0 Was mich an Youtube kaputt macht...
JaJ8fcHZ12w Ebay SCHMUCK Mystery Box mit mindestens 1000‚Ç¨ Warenwert! (F√ºr 150‚Ç¨ ersteigert)
JageV-3NoHM Es ist aus.. - Was tun? Ì†ΩÌ∏±
Jc53OiOlx3U Lieferservice in der GRO√üSTADT vs AUF DEM DORF! Ì†æÌ¥î
Jl610w7a0eA Meine DREADS/RASTA | Krasse VER√ÑNDERUNG! | AlexV
Jlbgn3Y8IwE SEXGESCHICHTEN zwischen SCH√úLER und LEHRERIN
Jv3d2BohSYQ Sie VERSUCHT MIR das KOCHEN beizubringen!
JvNWYQN6_Os Ich ESSE im BESTEN Restaurant in meiner Stadt! (5 Sterne)
Jz4Q5o8S3LQ Sie wei√ü NICHT wo es hingeht! (URLAUB mit Freundin)
K5u5TaYF42E VORTEILE JEDER FRAU
KC6YJnwX2T8 Meine Reaktion auf KATJAS Kalender.. Ì†ΩÌ∏ÇÌ†ΩÌ¥•
KCAyX4rdz7s ich verbringe eine Nacht im Outdoor Iglu (24 Stunden Challenge)
KEQzFoNmvTs Ich verbringe 1 TAG mit einem BLINDEN Zuschauer von mir!
KJZvmdpFMn8 Die D√úMMSTEN Photoshop GIRLS EVER!
KXTStg0PxMQ Die BER√úHMTESTEN Musical.lys aus 2017! Ì†ΩÌ∏±Ì†ΩÌ¥•
KYdaU4dwcck Mit TAXI DORT HIN FAHREN wie die PERSON VOR MIR! Ì†ΩÌ∏Ç
KZrezUv9r9E Rebekah Wing WAS TUST DU? Ì†ΩÌ∏Ç (mit Eskay)
KbH891PSfdc VORTEILE JEDES JUNGEN
Kdp_VRoiIDU Ì†ΩÌ∂ïÌ†ºÌøº Wieso ich noch NIE in den Youtube Trends war
KevUqgRMx_A BILOU DUSCHHAUM BRATEN! + Lebensmittelfarbe (Experiment) ‚õîÔ∏ènicht nachmachen!
KgKeMzJwi48 Die LUSTIGSTEN Wish Fails..
Ko4jMcMhvow Ich zeige euch die AUTOS der ZUKUNFT! (IAA 2021)
KrUu8WuCDTA ich teste einen AMAZON GO Store in New York! (Einkaufen der Zukunft)
Kv884SJECnM DAS sind die j√ºngsten YOUTUBERINNEN! Ì†ΩÌ∏≥
KvK2rsGDYTo Meine √Ñngste..
KzDjAe77X8c Ich habe die Besten Neon Signs bei Wish bestellt!
L-v7ssWWDps Kaufe ALLES was du ANSCHAUST! (EyeTracker Challenge)
L6Scr4E859U SO beeindruckt man JEDEN JUNGEN #2
L8A9PbE1gb0 Wer falsch liegt kassiert! - mit den Lochis
LDaCKPP_G6s Das j√ºngste P√ÑRCHEN auf Musical.ly! Ì†ΩÌ∏≥Ì†ΩÌ∏±
LEGsK6yUEME 1 TAG einen FREMDEN VERFOLGEN!
LI12hHKo5Oo Ì≤ærnachtung im BESTEN Hotel in Hamburg! (Roomtour mit Freundin)
LIJF0-eZF1U Eine Woche nur McDonalds ESSEN! Ì†ΩÌ∏± - Selbstexperiment (Grenze)
LKqKlKc4Gzk MÏìúHEN TRENDS (2017) - Die Jungs lieben! Ì†ΩÌ∏èÌ†ΩÌ∏ç
LQ8YdoMPZOQ neue geheime NETFLIX Serien freischalten! Ich teste VIRALE Tik Tok Lifehacks!
LTkhNrJd-2Q Waren alle Saturn Mystery Boxen (von CrispyRob) Fake!? (Antwort auf Offen und Ehrlich)
LU-2ble5Eug In den n‡πåhsten 2 Jahren heiraten!? | Fragen GETRENNT beantworten! Ì†ΩÌ∏Ç
LUZFthqp12c Ich reagiere auf EUER Aussehen: Ì†ΩÌ∏ç FR√úHER vs HEUTE!
LXNf9gHM3Z4 Die 3 UNN√ñTIGSTEN Produkte der Welt! Ì†ΩÌ∏≥ (mit Marie)
LXiIOvbd2c8 Ich habe ZALANDO RETOUREN aufgekauft und 800‚Ç¨ Fund gemacht!
LYwyM6IiHTo Was an diesem Tag passierte..
La3clEYNzM0 EINE WOCHE NUR PIZZA ESSEN! Ì†ΩÌ∏± - Selbstexperiment
LasYeILOysY Sie muss WIEDERHOLEN!! Ì†ΩÌ∏ß Ich reagiere auf EURE ZEUGNISSE!
LdDRmatK7-4 ICH H√ñRE AUF!? [Achtung: Klickgeiler Titel]
LdS6lq3uYhA 7 REAKTIONEN auf einen KORB!
LeWxLy5qmUI Mein Bruder ZERST√ñRT IN FORTNITE! (um Geld)
LkCmcqK3KJo VORTEILE JEDER FRAU #2
LnP47dMZkhI ALLTAGSGEGENST√ÑNDE BRATEN - Zahnpasta, Duschgel... (‚õîÔ∏ènicht nachmachen!)
LyjpP9KQciY Ich teste eine Mystery Box mit 10 zuf√§lligen Smartphones! (gekauft f√ºr 300‚Ç¨)
M1NxbcucjFM eine MYSTERY BOX aus China.. Ì†ΩÌ∏ß
M1sND8oUvF0 Ich teste eine SOLAR POWERBANK von WISH!
M2Y4KvCh2OE Ich habe eine 500‚Ç¨ Restposten Palette von Aldi, Lidl & Netto bestellt..
M6BQeKmhlME ich teste eine Fake Apple Watch von Wish f√ºr 18‚Ç¨! (vs Originale Apple Watch)
M7FRZY0-OO8 Youtube Videos with 0 Likes! Ì†ΩÌ∏≥Ì†ΩÌ¥•
MEsiwZ7IT-k Ich teste einen ADVENTSKALENDER mit SNACKS aus aller Welt f√ºr 60‚Ç¨!
MHzZQ0Sl6ds Ich teste eine 5‚Ç¨ PIZZA vs 50‚Ç¨ PIZZA! Ì†ΩÌ∏çÌ†ΩÌ∏≥
MIoecX5MQkU JA, ICH RAUCHE! - Experiment
ML06xfIyLJk ich teste ein neues LIEFERANDO Restaurant mit 0 Bewertungen
MLWxi9aXCDU Dinge die JUNGS an MÏìúHEN nicht verstehen #2
MLdXjTq2DM0 Ich habe 200‚Ç¨ in den LOTTO Rubbellose-Adventskalender gesteckt! (Lohnt es sich?)
MNilpvqpAMU Meine ERSTE FREUNDIN! HAARE nochmal f√§rben!? - F&A
MSe8ePMHhJA YOUTUBER an der FRISUR erraten! Ì†ΩÌ∏±Ì†ΩÌ∏Ç
MUHSAeneBg0 10 STYLES von SCH√úLERN, die jeder kennt! Ì†ΩÌ¥•Ì†ΩÌ∏Ç
MaNFhQVqWNg ich teste einen AirPod Ersatz von REAL
Mgek9AJUiB4 Eine PERFEKTE BEZIEHUNG bekommen | #1
MhdA7MEFyWQ 300.000 ABONNENTEN SPECIAL!?
MmPOIavQMxc Mein 40‚Ç¨ Outfit von KIK! (gut oder schlecht?)
Mohc4JxTTGY Siri bestimmt 24 STUNDEN mein LEBEN! Ì†ºÌΩîÌ†ºÌΩ¶
MtLuCBnVmec ich teste 10 neue KOSTENLOSE WISH PRODUKTE!
N0tyTa5TN30 Ich teste ein 550‚Ç¨ Apple Paket mit 10 Produkten! (Insolvenzware)
N1jLiVYyZnQ Ich packe einen 14KG verlorenen DAMENKOFFER aus! (f√ºr 350‚Ç¨ ersteigert)
N9bmd70kN-k Ich teste ob mein Essen REAL oder FAKE ist!
NNlMCKGp_k4 Ich teste ein 330‚Ç¨ Lufthansa Paket mit VERLORENEN Gegenst√§nden!
NWNuZ1whkBA Meine Freundin in den FRAGW√úRDIGSTEN Wish Outfits! (Very extra Wish Haul)
NaZMWaxmaSM Ich bin PLEITE.. (Kein Clickbait)
NdVwrSTRY8k DIESES VIDEO hat zum GL‡∑åK NIEMAND von euch gesehen! Ì†ΩÌ∏±
Ned-Khks9dY 5 Amazon ADVENTSKALENDER im Test! (2018)
NgTRvnxrmrc Was MÏìúHEN machen und JUNGS LIEBEN! Ì†ΩÌ∏çÌ†ΩÌ∏Ç | Parodie
NsvtEWI6ixs Wir bauen KATJA als SCHNEEMANN! + dabei von POLIZEI erwischt! Ì†ΩÌ∏±
NyXcCKo-NzU Ich teste ALLE SCHOKOPUDDINGS aus dem SUPERMARKT!
OBpmUvuE0nc FAME WERDEN - ganz einfach
OH9PYADGxRQ PRODUKTE von DM erraten! Ì†ΩÌ∏±Ì†ΩÌ∏ç mit Marie!
OIUf9X_dP6I eine STEWARDESS schickt mir ein ESSENSPAKET aus Amerika Ì†ºÌ∑∫Ì†ºÌ∑∏
OIaCtTlcRSw Ich habe ALLE Produkte aus Spam Mails f√ºr 1 Woche bestellt! Ì†ºÌæÅÌ†ΩÌ∏Ç
OKGq-IY4tP0 ich teste die NEUEN AirPods Pro von Apple (endlich..)
ORJ5B66cY8A Musical.ly DONT JUDGE ME Challenge + Reaction!
OX1yLUwvi7s 5 Arten von Telefonpartnern
OcM-aPI75qA Ich SCH√ÑTZE PREISE von FRAUENSCHUHEN! Ì†æÌ¥î (mit Marie)
Ofu4T1BtxK8 Ich mache MEINEN EIGENEN DUSCHSCHAUM! Ì†ΩÌ∏ç
Oj_LyA65mzM Die neuesten FAST FOOD TRENDS im TEST! Ì†ΩÌ∏≥ (McDonald's)
OkQPrz5NEmg Zum 1. Mal im Leben SUSHI probieren! Ì†ΩÌ∏≥
OlAfvvu_bUU 24 STUNDEN in FREMDES HAUS EINGESPERRT! Ì†ΩÌ∏±Ì†ΩÌ∏≥ (kein Fake)
OxFrXxKotCQ DINGE die du NIEMALS zu deiner FREUNDIN sagen solltest
P-2kMG7CPgc Mit 8 JAHREN im PUFF verlaufen! :D - Peinliche Beichten
P-3gG0xRdgQ Nur IKEA Produkte ESSEN.. (24 Stunden Challenge)
P1pFFBH8nU0 Die MYSTERY BOX von JOOM!
P5a-ZOzbWuE I react to my old Musical.lys...(embarrassing)
PCE5ht2Asgo Mein SCHLIMMES BEZIEHUNGSENDE!? :-( | F&A
PDAmu0SEd3o Wie schmeckt eigentlich BLAUE Coca Cola? Ì†ΩÌ∏ç
PDiIgswsAEw Dinge die WIR an unseren GROSSELTERN LIEBEN
PM3knmq12co Mein PROBLEM mit Deutschland sucht den Superstar! Ì†ΩÌ∏°
PPOw_Y5bj5s Meine HAARE KOMPLETT ZERST√ñRT!
PdCnMlzkBaA Ich teste die SCHLECHTESTE Poststelle DEUTSCHLANDS!
Pf-akE0GkO8 Diese Amazon Gadgets werden dein ESSEN f√ºr immer VEREINFACHEN!
Pfhm_3LnqIA Meine Haare werden BLOND!
Pqx2hyhoz7s Meiner Freundin ESSEN kochen mit abgelaufenen Lebensmitteln (Merkt sie es?Ì†ΩÌ∏≥)
Ps8MHMTVW3g DER GRUND UND WIE ES WEITER GEHT!
PsVJ2v05Ce8 Louis Vuitton FAKES im Test: VORSTELLUNG vs REALIT√ÑT! Ì†ΩÌ∏≥
PstRCU_DaYQ Wir ziehen zusammen.. (Fragen beantworten mit Freundin)
Q1a3DP2QrJg 100% ZUF√ÑLLIG bei Louis Vuitton bestellen! Ì†ΩÌ∏≥Ì†ΩÌ≤∞ (Fake Edition)
Q3M8X_i2dyg WAS ist mit MEINEN HAAREN PASSIERT!? Ì†ΩÌ∏≥Ì†ΩÌ∏Ç Sehe ich jetzt normal aus?
QJNynkchR00 Mit dem Snapchat GIRL FILTER Boys auf TINDER kl√§ren! Ì†ΩÌ∏Ç (99+ Matches)
QRh1VGXuWKI Wir bestellen das BESTE ESSEN in K√ñLN! (mit @MAX)
QThdbz0QiUw 10 L√úGEN die MÏìúHEN JUNGS erz√§hlen! Ì†ΩÌ∏±Ì†ΩÌ∏≥
QYp1dtZ7zwI Eine MYSTERY BOX von Burger King! (Was ist drin?) Ì†ΩÌ∏≥
Qa85IkbMCXM Ich teste ALLE MILKA SORTEN aus dem SUPERMARKT!
QgKKT7k4KAE ich teste die VERR‡∑åKTESTEN AirPods Cases von Wish
QgmFTnfhB2A 10 ganz VERR‡∑åKTE KOSTENLOSE Wish Produkte
QgnQoOcvFmI 5 ARTEN von UNTERRICHT
QiljqigdxnM ICH BEANTWORTE EURE FRAGEN #1
Qs7_t7pN8kY WARUM EIGENTLICH VLOGBUSTER - Youtube Tag
QvCiBBLOMhA SORRY LEUTE... :-(
R1HUXAaYeVw McDonalds HOT DOG im TEST! Ì†ΩÌ∏çÌ†ºÌº≠
R2XDOgT8dts Ich ESSE im BESTEN BURGERLADEN meiner Stadt!
R3M9WipLwgE Ich habe 11 Defekte iPhones repariert und ____‚Ç¨ verdient! (GELDEXPERIMENT)
R3UG1Ay3dVM Wobei JUNGS IMMER L√úGEN!
R4HjPPelnIA ein S*x Spielzeug aus China Ì†ΩÌ∏Ç - Black Friday Unboxing
R5uyHJNjf90 Ich ESSE im SCHLECHTESTEN Asia Restaurant in meiner Stadt!
R6X0nXLXWd0 ICH WERDE VATER! Das 7 Tage Experiment! Ì†ΩÌ∏≥Ì†ΩÌ±∂Ì†ºÌøº
RAs3zkxgqnk ER ist erst 3 JAHRE in Deutschland, aber sein ZEUGNIS ist besser als meins! Ì†ΩÌ∏Ç
RGezYqtw1c4 Blaues Auge & Wann erste Freundin? Ì†ΩÌ∏± F&A
RNhuGivLjXs Justin Bieber im Knast?
RQhvA84GU-c Erkennst DU den Song in 3 Sekunden!? #2 (mit DieLochis)
RTQmBQJSxWM ich habe das TEUERSTE PRODUKT auf Wish gekauft (diesmal wirklich..)
RUCqkxy2PBI Mein NIE verÛ∂øæntlichtes 500.000 ABO-SPECIAL!
RXRkjsm5n60 5 Dinge die JEDER Sch√ºler HASST!
RbJyng3hZpg B√ºroklammer zum iPhone TAUSCHEN! (Teil 2)
RcQVQk7jUQ4 1 NACHT im TEUERSTEN LUXUSHOTEL in Berlin! (Adlon Kempinski)
RjkdpbLERV0 TIEFK√úHL vs FAST FOOD PRODUKTE - Der Test Ì†ΩÌ∏≥ (Pizza, Chicken Nuggets, Burger)
RknLuYYmlEA YOGA Challenge mit MEINER FREUNDIN
Rpg1wOTmusw Dinge die MÏìúHEN an JUNGS nicht verstehen #3
Rx_epZNlu60 Geld oder Freundin!? - Fragen beantworten #3
S5aBpGerldI ANZEICHEN, DASS er mehr als FREUNDSCHAFT will! Ì†ΩÌ¥•Ì†ΩÌ∏≥
SFwaeSzQW_o Die D√úMMSTEN Musical.lys 2018.. Ì†ΩÌ∏ì
SKnVFFdTetc EXPERIMENT! Alkoholkonsum vor ZUSCHAUERN! Ì†ΩÌ∏±
SL_snME1IgY Weihnachts-Backen ohne TALENT (mit Heiko)
SLwNc4_QFhA Ich probiere ABGELAUFENE LEBENSMITTEL! Ì†ΩÌ∏∑ (wichtiges Video)
SMWKaSEOx94 Ich fliege 1 Woche in den URLAUB nur mit ERSTEIGERTEM KOFFER!
SN6rnC-fs1E Amazon Pakete f√ºr UMSONST erschleichen | Experiment (Antwort an Realer Irrsinn)
SScSPKwC_lY ich teste die GENIALSTEN Tik Tok Produkte von Amazon
SUp4paR3yOQ Wir frittieren ALLES! - mit Jenny
SWdcsYYUCrE 1000 PFANDFLASCHEN im Zimmer PRANK an Mitbewohner! Ì†ΩÌ∏±Ì†ΩÌ∏Ç
SoonxY_IXCQ wir testen ESSEN, das wir als KINDER immer GEHASST haben (mit ZCLINA)
StdlhlLvLvk Die PERSON VOR MIR entscheidet was ich ESSE! (24 Stunden Challenge)
SvuubHx3WsI Ich KAUFE jede YouTube WERBUNG, die ICH SEHE! (witzige Challenge)
SzmzB6OV66k B√ºroklammer zum iPhone hochtauschen! (Tauschexperiment geht weiter)
T3WMaDtnVh0 DU BIST EIN HUR*NS*HN!
T7tYwBbNd0g Meine Zuschauer GESCHMINKT vs UNGESCHMINKT! Ì†ΩÌ∏ß
T8owMv6EgbA ALLE Mahlzeiten VERTAUSCHT f√ºr 24 STUNDEN! Ì†ΩÌ∏Ç
THqwv8uTTkc Meine FREUNDIN SCH√ÑTZT PREISE von MEINEN SACHEN! Ì†ΩÌ∏ÇÌ†ΩÌ∏≥
TPKBpAZhaoY Umzug! Meine ERSTE EIGENE WOHNUNG in SPANIEN!
TTiCr6DZKvQ 289 missed hours !! Ì†ΩÌ∏± I react to YOUR TESTIMONIES!
TWurtL7E6ZM 100% ZUF√ÑLLIG auf AMAZON bestellen !! Ì†ΩÌ∏® (3000‚Ç¨)
TXZCEnWV3lQ Die krassesten FIDGET SPINNER TRICKS der WELT! Ì†ΩÌ∏≥Ì†ΩÌ∏±
T_YYYMk8FC4 Ich spiele bei KRASS KLASSENFAHRT mit..
TaRf2HVbDYY Die DREADS m√ºssen WEG!
TaZtFHW8wgM AlexV - Nachdenken (Official Teaser)
TemoECTrmD4 Die TOP 10 sch√∂nsten YOUTUBERINNEN! Ì†ΩÌ¥•
ThZluT1xoTA Undercover ALS HATER mit ZUSCHAUERN schreiben! (Account wird gesperrt.. Ì†ΩÌ∏ß)
Tk6hW1vLBMg NACKTPIC BEKOMMEN! - Snapchat
Tldqt5dEZHw OMG.. Was ist mit meinem Auto passiert? Ì†ΩÌ∏°
TmnMuufnjQA Ich errate EUREN NAMEN (extrem schwer) Ì†ΩÌ¥•Ì†ΩÌ∏±
TrEB8aCZ100 mein Bruder darf in 5 MINUTEN ALLES bei VOVA bestellen!
TsmXTj5COdw 10 DUMME PROBLEME die NUR MÏìúHEN verstehen! Ì†ΩÌ∏±Ì†ΩÌ¥•
TtqzXgRzJrc Dinge die MÏìúHEN an JUNGEN nicht verstehen #2
U-xph1wTojU Die MYSTERY BOX von WISH! - Das ist drin Ì†ΩÌ∏≥
U9-fqHYhdLg SACHEN am STRAND geklaut PRANK! Ì†ΩÌ∏±
UAPPBF3gu54 Die ENTWICKLUNG meiner HAARE! Ì†ΩÌ∏≥Ì†ΩÌ∏Ç
UB-o88tMLII Der HEFTIGSTE DISSTRACK gegen mich.. Er macht weiter Ì†ΩÌ∏Ç
UCDHHulZRbA SUMMER (Official Video) | AlexV
UDbrtfcI3Pc 624 Stunden NICHT da..Ì†ΩÌ∏® Ich reagiere auf EURE ZEUGNISSE!
UIK9nJFyI-8 Ich teste die verr‡øåktesten LED Produkte von WISH!
UKRZzNk3mjo ZUSCHAUERIN schenkt mir IPHONE! Ì†ΩÌ∏≥
UMMF2G5tqLg ich teste eine ESSENSBOX aus TAIWAN Ì†ºÌ∑πÌ†ºÌ∑º(so geil!)
UV8FrSHxOYc 50‚Ç¨ bei DM vs 50‚Ç¨ bei ROSSMANN! (was ist g√ºnstiger?)
UXbx71DxJ4I Ich habe 3 WISH Platinum Mystery Boxen gekauft! (AUS Deutschland!!)
Ubh41KUQd48 ICH errate EUER GESCHLECHT! (echt heftig) Ì†ΩÌ∏±Ì†ΩÌ¥•
UghZkQ0zTiU Ì†ΩÌ∏≥ Erkennst du das ECHTE Logo? mit meinem Bruder!
UlJzgQkK2uc Wir testen SPANISCHE S√º√üigkeiten Ì†ΩÌ∏çÌ†ºÌ∑™Ì†ºÌ∑∏ mit Marie!
Uo8K4TsH35g Ich BUCHE das G√úNSTIGSTE HOTEL in meiner Stadt! (Achtung Schimmel..)
UsD1audE6bM BILOU BRATEN! - Experiment (‚õîÛæÉªitte NICHT NACHMACHEN!)
V05OohuQCCc Wenn man 1 Millionen Abonnenten wieder verliert...
V2Gi4FtbhCM Keine Ahnung ob dieses Video legal ist! Ì†ΩÌ∏Ç Zuschauer-Paket aus Holland
V5jIEPWe6Uc Schrott Handy in IPHONE X Verpackung !! Ì†ΩÌ∏≥ (Weihnachts Prank)
V8_UOpl2roU WhatsApp EMOJIS bestimmen 1 TAG mein LEBEN! Ì†ΩÌ∏≥Ì†ºÌΩîÌ†ΩÌ∫¨Ì†æÌ¥î
VA7xg3AXKQU ich teste Burger von LIEFERANDO mit 0 Sternen.. (keine Bewertungen)
VCtCSCYexrw I am testing the BAD food of DELIEVERO vs DELIVEROO!
VIRoJNjAqPU Meine FREUNDIN f√§rbt mir DIE HAARE! Krasse Ver√§nderung! Ì†ΩÌ∏≥Ì†ΩÌ∏±
VIUod34JFa4 Ich teste NEUE McDonalds Produkte die fast NIEMAND kennt!
VKwUIvyUzT4 Dinge die JUNGEN an MÏìúHEN nicht verstehen
VQKDRfKbX-c Automaten LEERKAUFEN Teil 2! (So teuer war es...)
VT7AhA_RRCo ANGEWOHNHEITEN von MÏìúHEN + Wir (versuchen) aufzukl√§ren! :D
VTcL3imG7qc ich teste ein UNZERST√ñRBARES Ladekabel (aus der Werbung)
VWLBdcdYhfI Virale TIK TOK FOOD Hacks bestimmen 24 Stunden mein Essen! (Extrem lecker)
VXo3Qjp6ZRk ALEX MACHT F√úHRERSCHEIN
V_dqqhxFIaw Ich reagiere auf DieLochis - LAVA (neue Single)
VavZS8zHais Produkte auf AMAZON vs im ECHTEN LADEN! (krasser Unterschied!)
Vms1aGyWodY EXPERIMENT! Drogen genommen vor ZUSCHAUERN! Ì†ΩÌ∏±Ì†ΩÌ∏≥ (krasse Reaktion)
VoOPnezmCyY Ì†ºÌΩï Amerikanische PIZZA vs Italienische PIZZA!
VozbQ3Dmkt0 Ich habe eine LUXUS Malediven Reise gefaked! (und niemandem was gesagt)
VsHIKQA0CbM Pistole f√ºr 9‚Ç¨? Ich teste Gef√§hrliche Wish Produkte!
VvO4ooE0Ccs MARIE bestimmt 1 TAG mein LEBEN! Ì†ΩÌ∏± (Skiurlaub)
VvuRxwJieuU AlexV - Push It To The Limit (Official 4K Video)
VxxMPgPI4KA Ich bestelle WAS ICH WILL auf WISH & NEUE Produkte testen! Ì†ΩÌ∏±
Vy4GEBrvxHQ Die BER√úHMTESTEN Musical.lys DER WELT! Ì†ΩÌ¥•Ì†ΩÌ∏≥
VzMqXPMQW3Q ich teste ALLE Joghurt mit der Ecke aus dem SUPERMARKT!
VzRw2cOCOnc PAAR CHALLENGE mit Freundin! VS Ana Kohler und Charlie Lenehan
Vzrhw9rKesc ich habe die Besten ICED OUT Produkte von WISH bestellt
W22-44qI9x0 Ich habe neue Intros f√ºr 15‚Ç¨, 50‚Ç¨, 100‚Ç¨ und 150‚Ç¨ auf Fiverr gekauft!
W2wPSVbLClI Restposten Paket von AMAZON und WISH der letzten 2 Jahre!
W4WR_hPakdI ich teste Fake BEATS AirPods, die es nicht als Original gibt.. Ì†ΩÌ∏Ç
W6leteZizg4 KEINE VIDEOS MEHR...
W8UUhJXjm7Q DINGE die du NIEMALS zu deiner FREUNDIN sagen solltest #3
WLOhPpfW5Rc Wir bewerten YOUTUBERINNEN Ì†ΩÌ∏ç (mit HeracAy)
WM65xDxlfO8 ich teste eine ESSENSBOX aus HONGKONG (s√º‡∑æ Pringles Sorte)
WO7RikFfkms Ich VS. Mein Bruder
WTfmuncjFJY Bilou VS. Melina Sophie Duschgel VS. Paola Maria Duschgel !! Ì†ΩÌ∏≥
WUdTdRPsODY 10 PROBLEME die MÏìúHEN nicht verstehen (nur JUNGS) Ì†ΩÌ∏°Ì†ΩÌ∏±
WZx_EDDNjkU Ich rauche doch? | Mein mysteri√∂ses Foto!
W_N-bK1GPfA Neue FAST FOOD Trends von McDonalds und BurgerKing im TEST! Ì†ºÌΩîÌ†æÌ¥î
Wg-Tz8fYLzE Die heftigste ANSAGE gegen mich! Ì†ΩÌ∏Ç Er will mich schlagen..
WhBr3dzmeiw Mein BRUDER f√§hrt meinen MUSTANG! (mit 17 Jahren)
Wl9waYoUsgo Ich lasse einen Ebay Kleinanzeigen BETR√úGER auffliegen!
WmSl3anKMeA FLIRTTIPPS BEKOMMEN! - Chatroulette #2
WvSTewdOVCg So viel Geld habe ich mit den Laptops verdient.. (Es hat sich gelohnt!)
WwKTCMJAO40 500‚Ç¨ Wish GUTSCHEIN in 10 Minuten ausgeben..
WwXH54l4c0I Ich bestelle ein PAKET mit INSOLVENZWARE von Amazon!
Wy1IkFszi2U WER W√úRDE EHER?! - Mit meinem Bruder!
X3uNpwU4Dm8 Wobei MÏìúHEN IMMER L√úGEN!
XEInl0AyqLI Ich LESE aus MEINER AbiZeitung vor! Ì†ΩÌ∏® (Geheime Einblicke!)
XREeGfIrJY8 OMG! ZUSCHAUER kommen in MEIN KRANKENHAUS ZIMMER
Xm4nGpZeCfs Trennung
XmMdfmI9dDk SO beeindruckt man JEDES MÏìúHEN
Y3dlLg5S2no 5 Arten von FANS
Y5-JiWecmVs GESCHMINKT vs UNGESCHMINKT (Zuschauer Edition) Ì†ΩÌ∏≥Ì†ΩÌ¥•
Y7KD9BkSGbo KRASSE KOST√úME! - Zombie Invasion
Y8Gv8MCCWdA Dieser Roboter kann ALLES!
YB1D8zaamtk 10 STYLES von POOLSPRINGERN! Ì†ΩÌ∏±Ì†ΩÌ≤¶
YBBqF-xgh3U VORTEILE JEDES SINGLES
YBx5Q3soiHw Nur FLUGHAFEN ESSEN f√ºr 24 Stunden! (So teuer?)
YanxfUnG6ks Meine dunkle Vergangenheit..
YnFtuWf2OUU Meine FREUNDIN darf mir f√ºr 1000‚Ç¨ OUTFITS KAUFEN!
YrDS-xFRY2U Womit JUNGS MÏìúHEN zeigen dass SIE NICHTS VON IHNEN WOLLEN Ì†ΩÌ∏∞
YuitCggziIk Der FAKE Playstation Controller von Wish! (17‚Ç¨)
YvvEmVl-ePA 1‚Ç¨ zu 1000‚Ç¨ machen! (Von Zuhause aus) | Selbstexperiment
Yyws3k6_1zA 24 Stunden NUR Gef√§ngnis Essen!
Z2uJfrX1_CM FORD MUSTANG - meine Meinung nach halbem Jahr (Vorteile, Nachteile)
ZBszXtJw2fA Das Wish GL√ÑTTEISEN f√ºr 9‚Ç¨!
ZD-anhPt2jg 10 Geheimnisse die 95% aller JUNGS, MÓìúhen NICHT erz√§hlen! Ì†ΩÌ∏≥
ZG7pKmrOxzY 24 Stunden f√ºr UMSONST leben! (es hat funktioniert!!)
ZNMm-2kpOoo Ich habe eine 320‚Ç¨ Amazon RETOUREN Palette bestellt und 1315‚Ç¨ Mystery Tech gefunden!
ZSEj3Atrbas ICH BIN ein SCHLECHTES VORBILD! Ì†ΩÌ∏≠Ì†ΩÌ∏Ç Rauchen... Ì†ΩÌ∏±
ZWB-3O8F8XU Mein neues Auto sieht JETZT so aus!
ZWNMvkNwcSI Wir testen die Lieblings AMAZON Produkte von meinen Zuschauern!
ZZrdQyW-Png Bestelle NIEMALS um 3 UHR NACHTS eine PIZZA! (extrem krass)
ZbFHTQ2lGjU Was man in einer BEZIEHUNG NICHT tun sollte
ZcoR_W9WwtY ESSENS Challenge gegen einen BLINDEN! (Wer isst sauberer?)
ZdUM8uEtb2k Ich bekomme die GLEICHE FRISUR wie der KUNDE VOR MIR! (er war Rapper!)
ZpHxWZdRTAs Nur AUTOMATEN PRODUKTE ESSEN! (24 Stunden Challenge)
ZweVHPjNPDU 24 STUNDEN nur √ñSTEREICHISCHES ESSEN!
Zy-3xmczJVg RUSSIAN CHALLENGE
ZyVvickjKcM Die D√úMMSTEN Photoshop GIRLS DER WELT! Ì†ΩÌ∏ÇÌ†ΩÌ¥•
_64myP8cll4 Ich ZEIGE euch die 5 TEUERSTEN DINGE, die ich besitze!
_7gzp7mBvqw dieser Burger wird dein Leben ver√§ndern! (IN N OUT Burger selber machen f√ºr Anf√§nger)
_KBe9ijDQEc Warum Bibi ‡øãrigens NICHT SCHWANGER ist! Ì†ΩÌ±∂Ì†ºÌøº
_KPOR7uJLX0 FREUNDIN NERVEN Ì†ΩÌ∏Ç | Wochenende in K√∂ln
_LO9HJGbA6w Der HEFTIGSTE PULLOVER EVER! | XXL HAUL
_LgPqvjF_1k ich teste VIRALE TikTok Kochen Lifehacks! **Pizza+Wasser**
_N1SGDTAWzk Wie JUNGS und MÏìúHEN unterschiedlich handeln, wenn SIE jemanden M√ñGEN! Ì†ΩÌ∏≥Ì†ΩÌ∏ç
_OofPrUp7_Q WIR WERDEN GESCHMINKT!
_VLSEC3xz_E Pizza mit EINEM KILO K√ÑSE bestellt! Ì†ΩÌ∏≥Ì†æÌ∑Ä
_ZkoKYXYGqQ Nur KINO Produkte ESSEN! (24 Stunden Challenge)
__g0MC4Att8 ALLES mit NUTELLA probieren! (K√§se, Gurke, Chips..) Ì†ΩÌ∏≥
_kWucavzDwU ICH HASSE SONNTAGE!
_l0yszPElGU Die VERR‡∑åKTESTEN Musical.lys mit TIEREN! Ì†ΩÌ∏≥Ì†ΩÌ∏Ç
_l2O3-rcU0k 20 DONUTS essen bis ich KOTZE! Ì†ΩÌ∏Ç (‚ùóÔ∏ènicht nachmachen!)
_mX6Kij4I9M Das WISH Handy f√ºr 30‚Ç¨: VORSTELLUNG vs REALIT√ÑT Ì†ΩÌ∏±
_zJblnkkmxA Errate die RESTAURANT BEWERTUNG! Ì†ºÌΩîÌ†ΩÌ∏Ø (mit meiner Freundin)
_zLgt-iGOuk Ich teste ALLE Pringles Sorten aus dem SUPERMARKT!
_zvyj2DM5h0 5 Schritte MÏìúHEN/JUNGEN klar zu machen
a3-hX0anyoY Ich errate EUREN ZEUGNIS SCHNITT! Ì†ΩÌ∏≥ (echt schwer)
a31Vdgk8KI8 NO GO'S bei JUNGS
aBaNFDpZGKU AlexV - Weiter Hoch (Official Video) | 300.000 ABONNENTEN SPECIAL
aItOvFspGLE 5 MAL in 30 MINUTEN das GLEICHE bei McDONALDS bestellen! (was wird passieren?)
aN5V6VBNNC4 Wer die 500‚Ç¨ GREIFT darf sie BEHALTEN!! - GREIFAUTOMAT Challenge
aNNuj9cgjpA MEINE ERSTE EIGENE WOHNUNG - XXL Roomtour
aOAhHTYyu4Q FUSSBALL CHALLENGE EXTREM! | mit meinem Bruder
aWQ-qionMWA 5 IDIOTEN LABERN Ì≤æR SEX
aX0m9rZv_CA GESCHWISTER TAG - Mit meinem Bruder!
aYOT0vWkJUw ich teste den AirPod Fake von KAUFLAND
aZW1tqYdg8w FANCALLS! - Zuschauer verarscht!
aa5VzXrqOYc Ich habe eine Mystery Box bei EBAY mit Elektronik Restposten bestellt!
abXyC0sK8zc Ich reagiere auf EURE WhatsApp PROFILBILDER! Ì†ΩÌ¥•
ahYvDpPmt4U Neue Amazon Pakete, die ich NIE bestellt habe.. (Alles For Free)
an2_bfOjAeU Dinge wie sie MÏìúHEN und JUNGEN machen #2
aoIbpd5g-7U ich teste die VERR‡∑åKTESTEN iPhone 11 Cases von Wish
ayFyD4BXVCY WER W√úRDE EHER!? Ì†ΩÌ∏≥ mit Marie! ‚ù§Ô∏è
b1hoAwpou60 Das Gesch‡πètsmodell der PrankBros!
b2snq0Zjrtk McDonald's breakfast tested! Ì†ΩÌ∏ç (new products)
bCwOq6qLi0Y VERSUCHE NICHT ZU LACHEN! Ì†ΩÌ∏ÇÌ†ΩÌ∏Ç mit meinem Bruder!
bEGwzaeLtLs Dinge wie sie MÏìúHEN und JUNGEN machen!
bEkugsekAkQ 10 STYLES von ABSCHLUSSBALLG√ÑNGERN, die du kennst! Ì†ΩÌ∏âÌ†ΩÌ¥•
bIAT4RQ5yAA Rock Paper Scissor winner gets iPHONE X !! Ì†ΩÌ∏±
bJMt29l7vco Was MÏìúHEN machen und JUNGS IMMER FALSCH VERSTEHEN! Ì†ΩÌ∏ÖÌ†ΩÌ∏Ç
bO2Yo2ViSuQ Gebrauchtes iPhone f√ºr UMSONST!? Ich teste virale TikTok Lifehacks..
bOFcVQJLcVc Wir stellen uns Gegenseitig UNANGENEHME Fragen! (mit Freundin)
bSmMoYubUAI Wer verliert MUSS TRINKEN! Ì†æÌ¥Æ (mit meiner Freundin)
bWh2OVGcqKs eine MYSTERY BOX von Wish (Restposten Paket)
biieE2ViXAg Eine FLUGDROHNE von Wish f√ºr 27‚Ç¨ (Achtung gef√§hrlich!!)
bk2JQdUq3rE ES WIRD SICH EINIGES √ÑNDERN..
blDdTx_BW8g Das 29‚Ç¨ WISH OUTFIT ist da: VORSTELLUNG vs REALIT√ÑT Ì†æÌ¥î
bqHfSkoIqFs Ich mache einen KIT KAT Milchshake!
buU2o-smeEU IO Hawk Challenge.. FAIL!
bv5dBx-OHZ0 5 Dinge die jeder SCH√úLER kennt
c0YeK7qA5jQ Ich kaufe das Make-Up f√ºr Marie! Ì†ΩÌ∏ÇÌ†ΩÌ¥•
c1WagYjjD2E MEINE LETZTEN WORTE AN DICH! #MiguelPablo
c1wfF20s7ck 10.000‚Ç¨ f√ºr RESTPOSTEN ausgegeben! - So viel habe ich verdient Ì†ΩÌ≤∞
cBjQlFc-n5U ANZEICHEN, dass ein MÏìúHEN mehr als FREUNDSCHAFT will! Ì†ΩÌ≤¶Ì†ΩÌ¥•
cLAe4HvNvtk Wish schenkt mir einen 400‚Ç¨ GUTSCHEIN und ich verbrauche ihn in 10 Minuten..
cO8rq58QUFU 2 STERNE Bewertung! Das SCHLECHTESTE Restaurant in K√∂ln..
cQOYXdhzK0M Dieser TYP sagt 1.000.000 Mal GUCCI GANG! Ì†ΩÌ∏Ç
cQkIqrv0nNA DEUTSCHER vs AMERIKANISCHER vs ASIATISCHER Energy DRINK! Ì†ΩÌ¥•Ì†ΩÌπÑ
cSmCYEXLSWY Ich habe ein 500‚Ç¨ Apple Paket mit MINDESTENS 10 iPhones gekauft!
cV_8YcDQvV8 Mein neues Zimmer! ROOMTOUR
cXx_oS38KDA Auf YOUPORN verirrt! - Chatroulette #5
ccedVYtwYZg 5 STERNE Amazon Produkte im TEST! (G√ºnstig)
cd6J9XeoEq0 MEIN erstes PEINLICHES VIDEO geschaut | ICH MIT 12
cll9eGqjrRE 200‚Ç¨ HANDY ZUF√ÑLLIG gefunden! Ì†ΩÌ∏≥ (Dachboden durchsuchen)
cnPSh_HOdEE 100% ZUF√ÑLLIG auf WISH bestellt! Ì†ΩÌ∏≥ (nur Handys Edition)
cojHMMI6l7I Ich besuche einen FAKE SUPREME STORE in Spanien! (GESPR‡±åH mit Verk√§uferin!)
cvArcJgYKn8 ich teste alle CAPRI SONNE Sorten aus dem SUPERMARKT!
cwZNBAtSNxc MEIN ERSTES MAL... in der Disko
cwqwR_1PfBA FREUNDIN vs BRUDER Ì†ΩÌ∏≥ Wer kennt mich besser?
d--Bui67lx0 WAS aus dem WISH Produkt F√úR 2000‚Ç¨ wurde...
d1NDGoLtILU 10 KRANKE DINGE die nur MÏìúHEN verstehen! Ì†ΩÌ∏±Ì†ΩÌ¥•
d2EUWz-OAKM ELTERN von FREUNDIN beim SEX ERWISCHT - Peinliche Beichte! :D
dDKYxxfXJXs Ich BEWERBE mich bei AssiTV! (Hilf Mir, Bachelor..)
dEw8lC54KKQ EIN BETT f√ºr 3000‚Ç¨ !! Ì†ΩÌ∏≥ Wir kaufen ein BEI IKEA! Ì†ΩÌ∏ç
dGf7ANa3gUQ WIR BEKOMMEN EIN BABY! Ì†ΩÌ∏çÌ†ΩÌ∏±
dPyFtpixHio 100‚Ç¨ bei PRIMARK vs 100‚Ç¨ bei GUCCI! Ì†ΩÌ∏ß
dUzrVCcqnPA EXPERIMENT 1000 Grad METALL HAMMER vs YOUTUBE PLAY BUTTON (Kein Fake)
dWAQmo40vu4 24 Stunden lang IMBISS-WAAGEN in der Kleinstadt testen!
dWkgs-0xh54 WAS denken JUNGS wenn MÏìúHEN ihre TAGE haben? Ì†ΩÌ∏≥
dbyxBE16GNs Die PERSON VOR MIR entscheidet was ich KAUFE! (Ì†ΩÌ∏ß im SATURN!)
de2NstUMkiM VERSUCHE NICHT ZU LACHEN - Sexy Girl Fails :D
dh67L4kSdgY MEIN HANDY
dil9ACoOK-o SO sind WIR ZUSAMMEN GEKOMMEN!  Ì†ΩÌ∏≥Ì†ΩÌ¥• F&A
do3vKx1Y4AI 10 MÏìúHEN TRENDS - Die Jungs LIEBEN! Ì†ΩÌ¥•Ì†ΩÌ∏ç
dqCEv4h_eTs Ich teste einen 2‚Ç¨ FRISEUR im g√ºnstigsten Land Europas!
e1Q2v4Tk6pI 120‚Ç¨ Fake iPhone 12 von WISH Vs. 900‚Ç¨ Originales iPhone 12
eAoTmrSxjWA Meine Freundin bucht BLIND einen URLAUB! (geht das gut?)
eCMkpItyQO8 China Handy vs 18 TONNEN LKW!
eFKopMk4mSE ich bestelle beim SCHLECHTESTEN Deutschen Restaurant auf Lieferando..
eNBVjE9bME0 Unser HAUS auf Santorini! (Griechenland)
e_eApHZ1dsE Amazon PRODUKTTESTER schickt mir 1000‚Ç¨ Paket!
ecdRAcPnlZM 10 ARTEN von MÏìúHEN, die jeder kennt! Ì†ΩÌ∏±Ì†ΩÌ¥•
ei7DI_fFZSU Schlimmes Beziehungsende? - TOO MUCH INFORMATION
elR9aM9hPPE ELTERN von SCHLECHTEN NOTEN erz√§hlen
eqEK_wTDha0 ES REGT MICH SO AUF!!!
eqbSuDsSviM Ich TESTE den gr√∂√üten ACHTERBAHNPARK der WELT!
eryw7ri7nKM Ich teste ALLE 5 Minuten Terrinen aus dem SUPERMARKT!
exz8BLHJ32k Ich teste INFLUENCER Produkte, die schlecht sein sollen..
ezmPGF0BhwU Sind Media Markt Mystery Boxen Scam? (Ich teste 100‚Ç¨ Box mit 300‚Ç¨ Warenwert)
f0VrXTB_m54 VOR Pubert√§t VS DANACH! Ì†ΩÌ∏± (Promi Edition)
f53g5iXyyT4 Mein Bruder hat 5 MIN Zeit und darf bestellen WAS ER WILL (auf Wish)
f9LkYCoFB2g ich teste die GENIALSTEN iPhone 11 Gadgets aus aller Welt
fE1vSl0CFuY HAARE FALSCH GEF√ÑRBT! PRANK
fUQHuQAr-Dg Heiko ZEIGT mir die BESTEN Let's Dance TANZSCHRITTE! Ì†ΩÌ¥•
fX_R3XBIcc0 Eine Woche Br√§unungscreme testen !! (Ausschlag extrem!) Ì†ΩÌ∏±
faaRXyI0yMY Der ULTIMATIVE neue WHATSAPP PRANK! Ì†ΩÌ∏±Ì†ΩÌ∏é
fhCQ1OTKkiw der BESTE aktuelle AirPod Fake! (i1000 TWS)
fnE9U9MabRc WIR TESTEN EURE Lieblings AMAZON PRODUKTE (mit meiner Freundin)
fnh8dFijtGg Wie es ist PL√ñTZLICH viel Geld zu haben..
folJpDJHS_Q Amazon Produkte, die ich NIE bestellt habe - aber ANDAUERND zugeschickt bekomme..
fopMfhYoqNc ich teste eine Essensbox aus KANADA Ì†ºÌ∑®Ì†ºÌ∑¶
fxeAZcWZAqc ich teste 10 KOSTENLOSE Gadgets von JOOM
g1kih-gwnF0 Ich habe f√ºr 90‚Ç¨ einen Koffer bei einer AUKTION ersteigert! (Das war drin!Ì†ΩÌ∏≥)
g3_-SPWGTMA VOR Pubert√§t vs NACH Pubert√§t (extrem krass!) Ì†ΩÌ∏≥Ì†ΩÌ¥•
g5lEzxFFx80 Ein ganzes Men√º kochen f√ºr NUR 1‚Ç¨ Ì†ΩÌ∏± Ì†ΩÌ≤∏
g6eftHrnz1o NUMMERN KL√ÑREN - Chatroulette
g7LibG9m4VM 5 KILO Amazon S√º√üigkeiten Ì≤ærraschungspaket! Ì†ΩÌ∏ç
g9HLaY1RfBw Meine REAKTION auf das neue Musical.ly.. (Tik Tok)
gAIHD5m_ck8 1 STERN Amazon Produkte im TEST!
gPDkjxlWvdg Ich habe das TEUERSTE Produkt auf Amazon bestellt! (Gadget)
gY3RVM7U0po Ich habe alle KOSTENLOSE Artikel von Wish gekauft..
gZYXZefvD70 THAT is the BEST PIZZA EVER! Ì†ºÌΩïÌ†ΩÌ∏ç - Experiment (Fast Food Duell)
ga5imL_bSPc Ich teste die LUSTIGSTEN K‡∑åHEN GADGETS von WISH!
giNbb1cxphU 100% ZUF√ÑLLIG bei Ebay bestellt! Ì†ΩÌ∏± (Youtuber Merch Edition)
glTWLwLdq0I SIXPACK GEZEIGT - Ich google mich selbst
glkUiK_5M-Q Ich teste 10 KOSTENLOSE Wish Produkte!
h-oA4UrLoqs HEFTIGE BESTRAFUNG! - mit meinem Bruder
h4d7UtxaNLg 10 ARTEN von SNAPCHAT NUTZERN
hDq7u_NfFOk Die KRASSESTEN Kommentare EVER!
hFMWIjKIQrA SO ERKENNST DU eine BITCH! :D
hKJocIjzAeQ Musical.lys zum FREMDSCH√ÑMEN #2 !! Ì†ΩÌ∏±Ì†ΩÌ∏Ç
hP_WICjQulg BACKPFEIFEN CHALLENGE
hY_7ZXYkLF0 Wir erraten EUREN ZEUGNIS DURCHSCHNITT! Ì†æÌ¥î (mit Marie)
h_b0-IiDjkY Ich habe ein Wiederaufbereitetes, Originales iPhone bei WISH bestellt..
hp_zMJtonWU Ich teste 2 Kaufland Wundert√ºten f√ºr 100‚Ç¨! Ì†ºÌæÅ
hu3tE6Ksm7g Ich teste Neuen AirPods Pro Fake von Wish f√ºr 10‚Ç¨
hvR9aj9FiPo SO mache ich MEINE HAARE
hwDFoiH7C4s 48 STUNDEN ohne SCHLAF! Ì†ΩÌ∏±
hxDkRJAeOvE 1 HANDY bestellt, 2 HANDYS bekommen! (so geht's) Ì†ΩÌ∏Ç
hygsQO9JvD4 Wir bewerten gegenseitig UNSERE OUTFITS! (mit Freundin)
i0xig78XdbY SCHLECHTESTES Burger Restaurant in meiner Stadt! (Ich bin schockiert!)
i2z_ELZkkd0 Ich ESSE im SCHLECHTESTEN D√ñNERLADEN meiner Stadt!
i3vv3-wEKIE Dinge wie sie MÏìúHEN und JUNGEN machen
iA-qjBYfCeg Unsere TRAUMVILLA in SPANIEN! Ì†ΩÌ∏çÌ†ΩÌ≤¶
iF9zbPdwPdM SO beeindruckt man JEDEN JUNGEN #3
iGLQZ5P-S3c FREUNDIN vs BRUDER: Wer kennt mich besser? Ì†æÌ¥î
iL30iTQcDz4 Die FAKE JBL Box von WISH f√ºr 28‚Ç¨!
iLwEUT-tAcA B√ºroklammer zum iPhone hochtauschen! - So geht es weiter!
iMJ6fjQ58Eg 50‚Ç¨ im G√úNSTIGSTEN vs TEUERSTEN Land Europas!
iNFOP4pyUVU 24 Stunden lang BAUERN AUTOMATEN testen! Ì†ΩÌ∞ÆÌ†ΩÌ∞∑
i_fFTHWgGoQ DAS ist die SCH√ñNSTE Frau Deutschlands!? Ì†ΩÌ∏è (Miss Germany 2018)
icUn6QbBEe8 EXPERIMENT! SCHOKONIKOL√ÑUSE aus COLA machen! Ì†ΩÌ∏≥Ì†ΩÌ∏±
ierJ49uCDeY DINGE DIE NUR ICH TUE
ifiESQb8-R4 EXTREME TELEFON CHALLENGE
iu6Ei5YJOeI Die LUSTIGSTEN BEZIEHUNGSAUS
iwvqfhSCHBo Das SCHLECHTESTE ZEUGNIS, das ich JE GESEHEN HABE..
j15SYdOPwBc DRAW MY YOUTUBE STORY
j2HsRTzP7gU ERSTE REAKTION auf Katja Krasavice - Doggy Ì†ΩÌ∏≥
j2rGzLdWi8k FAST FOOD Mitarbeiter d√ºrfen ENTSCHEIDEN was wir essen! (24H Challenge)
jNYA4eghn34 Mein PRIVATESTES GEHEIMNIS!
jS_M1BSVgkE ICH bin am BODEN ZERST√ñRT! Ì†ΩÌ∏≥Ì†ΩÌ∏±
jlVLfIh6PWE Wobei MÏìúHEN IMMER L√úGEN! #2
jpojPNl4P8A ich teste eine Smartwatch mit Earpods drin! (Produkte der Zukunft)
jtOhmdymyLM DAS gr√∂sste MAOAM der WELT! Ì†ΩÌ∏≥Ì†ΩÌ∏ç
jtc9kZTxlto DINGE die du NIEMALS zu deiner FREUNDIN sagen solltest #2
jteaoXUp4XI Nur BLAUES ESSEN f√ºr 24 STUNDEN! (und LILA)
k-ufcTp30aM wir testen TSCHECHISCHE S√º√üigkeiten (mit JustCaan, KekseTV, Anika, Marie und Sonny)
k22_zC71Q6U KFC vs Fake KFC (blind erschmecken!) Ì†ΩÌ∏≥
k5j6_w-QnXk WAS machen WIR DA!? Ì†ΩÌ∏Ç mit Bruder und Freundin!
k8FFWQ3JNsw Die lustigsten Wish Fails #2
kDZumartKvU Katja Krasavice - Doggy (AlexV Version) Ì†ΩÌ∏Ç
kMyNJ5xz6Tw DIE LUSTIGSTEN SEXUNF√ÑLLE :D
kQZk5997vCo ADVENTSKALENDER ÌõøNEN - 5 Arten!
kd0pQy-dN0A INFO!
kkm_AUEBckg Getr√§nke BLIND ERRATEN Ì†ΩÌ∏± (extrem schwer)
klDwTap0LOk 1 Tag lang NUR AMAZON GO in Amerika!
knyjNP2ImQE Meine NO GO'S bei MÏìúHEN
kq0l0n228lc Nur ROTE Produkte Essen f√ºr 24 STUNDEN..
l-2ORFsJ3FM ich teste die KLEINSTE Drohne der Welt
l-QazPskMjg ich teste einen Adventskalender aus der DDR
l3PmY6k_0Os Ich habe ALLE 1‚Ç¨ Produkte bei Wish bestellt!
l4gi2oGdK-o ICH WURDE BLOCKIERT! Ì†ΩÌ∏≠ WhatsApp PRANK an eine FREUNDIN! Ì†ΩÌ∏±Ì†ΩÌ∏Ç
l6GL1xm-Fhc Ich teste LEBENSMITTEL, die wir ALLE FALSCH ESSEN!
l8hJSyWOiFE Ein Jahr Beziehung und Urlaub - INSTASTORIES ‚ô•
lC34xTO90uI In dieser Box sind 10 zuf√§llige Apple iPads! (Restpostenware)
lLXezbRkJnE FREUNDIN MACHT SCHLUSS!? | F&A
lLxV3guhEtM ich teste den AirPod Fake von ACTION...
lPsLonlz0pM Wer am besten KOCHT, GEWINNT das DATE! (Folge 1)
lQOWMMKrOiU 1,5 STERNE Friseur in K√∂ln! (War es ein Fehler!?)
lRaXZV-SU5k Ich habe eine 1000‚Ç¨ MEDIA MARKT Wundert√ºte bestellt!
lj1mNEgXTAY 7 STYLES von P√ÑRCHEN, die jeder kennt! Ì†ΩÌ¥•Ì†ΩÌ∏Ç
ll9qE4de23A Wir besuchen eine GEISTERSTADT! (Security schickt uns weg..)
lq_9pisVpvw NEUE FREUNDIN UND RAUCHEN? - Alex Privat #1
lzxoxkUh2tQ ich PIMPE mein ZIMMER mit WISH Produkten
m3BtuE22QM4 Tannenbaum ROOM PRANK !! (extrem)
mCt_dTVC-8U 35‚Ç¨ Coca Cola Flasche bei Wish bestellt! (was ist da drin?)
mIwIy-v71Ls Ì†ΩÌ∏≥ WIE GUT KENNE ICH ALEXV?
mQZ8YDeLk2A ICH ZEIG EUCH MEINEN ERSTEN LIEBESBRIEF (mit 8) :D
mRdFsCwLV4U Ich teste einen Scam Amazon Adventskalender mit 3x Warenwert! (300‚Ç¨)
mTZLsxl9D1M Ich teste Hanf Produkte!
mUH6ZLvQsHk Ich habe neue AirPods und iPhone f√ºr 5‚Ç¨ Ô≤ær Ebay verkauft!! (Lustige Reaktionen)
mV-3jZLq9ho Nur BAHNHOF ESSEN f√ºr 24 STUNDEN!
mVgIsMwFM50 INTIME FRAGEN BEANTWORTEN! Ì†ΩÌ∏èmit Jonas (+ Bestrafung)
mVo5dhcc2XA How To Make A Selfie
mXLXf7qG15Y ich teste schwarze FAKE Apple Airpods f√ºr 50 ‚Ç¨
mYhkgrdd-GA Sind diese Seiten BESSER als WISH? Ì†ΩÌ∏≥ WISH VS. Joom, AliExpress..
m_Vd8Dc5MKY 100% ZUF√ÑLLIG auf Ebay bestellen! Ì†ΩÌ∏≥ (nur Luxus Marken Challenge)
mb6JpaoWS2w MÏìúHENPRODUKTE getestet! :D (mit meiner FREUNDIN)
mfpOdzO3skU 5 Gr√ºnde warum Youtube zu 100% NICHT GEL√ñSCHT wird!
mlb_7JRAjTc Ich teste Geniale und Unn√∂tige Auto Gadgets von Wish!
mnQFMgqwjY0 Die HEFTIGSTE Erfahrung MEINES LEBENS
mq0-itYjSA8 Ich habe jede Werbung auf Instagram f√ºr 1 WOCHE gekauft!
mwk8XKl_nQE Die TOP 10 unbeliebtesten YOUTUBER deutschlands! Ì†ΩÌ∏±Ì†ΩÌ∏Ç
mxrrS4rn3nM ich teste 10 NEUE KOSTENLOSE WISH PRODUKTE!
mySjq0UmM8g Ich teste Thick Water (Dickes Wasser)
mzWa536gwk8 WAHRHEIT oder PFLICHT mit meiner Freumdin! Ì†æÌ¥´
n-6GskhZl7E Ich habe ein neues Amazon Restposten Paket auf EBay ersteigert!
n3VSZODHYpA 100% CASUAL at PIZZA ORDER DELIVERY SERVICE! Ì†ºÌΩïÌ†ΩÌ∏ç
nFNTsOY3taI ich teste AirPod Fakes von Joom f√ºr UNGLAUBLICHE 3‚Ç¨
nSODL0hZLHw Ich teste die BESTEN Amazon Gadgets f√ºr DEIN ZIMMER!
nUGHLSd_XUU 5 Dinge die MICH an der WM AUFREGEN!
nVu5g9ieaS4 JUSTIN BIEBER PURPOSE TOUR | 18.09. K√∂ln
nby8TYzaiDk was bekomme ich f√ºr mein iPHONE beim MediaMarkt HANDY Automaten?
nlbmW32BwlU 5 LITER WASSER PRANK! an HeracAy | AlexV
nmvcglPpU6w INSTAGRAM DMs die MEINE FREUNDIN bekommt (extrem krank)
nnbjVRgjdbQ 3 Burger Restaurants die es NUR in AMERIKA gibt! (LEIDER..)
npHyslonDmA WIR erraten EUER ALTER! (Heftig) Ì†ΩÌ∏≥Ì†ΩÌ¥•
nxWI9rZ0qOE SCHWANGER MIT 14! - Jugend von heute..
nyvKFieYKAM Was ist in DER BOX!? Ì†ΩÌ∏± (Gef√§hrliche Edition)
o2iM7U28iDY WIE VIEL ist dein OUTFIT wert!? Reiche Youtuber Edition! Ì†ΩÌ∏èÌ†ΩÌ¥•
o5VgNANZLpM ich teste den G√úNSTIGSTEN AirPods Fake von Saturn.. **ich bin schockiert**
oAQssToerac die verr‡øåktesten AirPods Cases aus der ganzen Welt..
oDgCWyVnhBM Schule HEUTE und Schule FR√úHER
oGqq5K_gSj8 Im URLAUB mit meiner Freundin.. Ì†ΩÌ∏ç
oIzU50WhY3M Nur mit ROTEN PRODUKTEN ein ESSEN kochen!
oKd30nAr6S0 wir PIMPEN den Outdoor Iglu! (teuerstes Wish Produkt)
oR8m5uDsRwA WENN ICH DU w√§re IM TAXI! mit DieLochis (eskaliert komplett)
oVg8QIkqLBM Ich reagiere auf mein erstes Youtube Video! Ì†ΩÌ∏≠
oVmxoB5Suyo Was bei MÏìúHEN gar nicht geht!
ofnrHzTwovg Ich errate EURE Gr√∂‡∑æ! Ì†ΩÌ∏µ (echt schwer)
olySZHro9ZA Die BESTEN Tipps gegen Hitze!! Ì†ΩÌ≤¶
onlzDKQUWRo Top 10 WORST Posts from rich kids on SnapchatÌ†ΩÌ∏≥Ì†ΩÌ¥•
oqxBBKtBrnM Die PrankBros KLAUEN (mal wieder) 1 zu 1 MEIN VIDEO! Ì†ΩÌ∏Ç
osfBDf1ZzhU Ich BUCHE den G√úNSTIGSTEN FLUG der Welt! (nur 8‚Ç¨)
oxcHgqS4ejM MÓìúhen Trends (2017) - Die Jungs hassen!? Ì†ΩÌ∏≥Ì†ΩÌ¥•
oydZvVnQa8M Erkennst DU die STIMME in 3 Sekunden? (mit Marie)
p3-xqUpFyns Meine Freundin RASIERT alle meine HAARE AB! (Friseure haben zu) Ì†ΩÌ∏Ç
p3ZycXSx8xg ich habe die TEUERSTEN Sneaker der Welt bei Wish bestellt..
p6MLIWuloOs Ich KAUFE den G√úNSTIGSTEN ROLLER der Welt! (wird verlost)
p6V373qyPsY ich teste VIRALE Tik Tok Lifehacks.. (Real oder Fake!?)
pCEo_VL2ZGU Die H√ÑSSLICHSTEN KLAMOTTEN EVER!
pEEUZr7g_fM Die KRANKESTEN PRODUKTE auf AMAZON Ì†ΩÌ∏±Ì†ΩÌ∏∑
pEuhpG-DZdE SO VIEL verdienen die gr√∂√üten Youtuber Deutschlands WIRKLICH !!
pJ-m3yplsgM Wieso man als MÏìúHEN nur VORTEILE hat
pMEzAQiPHg4 EINE WOCHE NUR VEGAN ERN√ÑHREN! Ì†ΩÌ∏≥ - Selbstexperiment
pQ3bxcL2j-M BOXAUTOMAT zerst√∂ren! CHALLENGE EXTREM Ì†ΩÌ∏°Ì†ΩÌ±äÌ†ºÌøº
pSHAk9RjusQ Was MÏìúHEN am HANDY WIRKLICH machen...
pT0EHTpIKOc 24 Stunden WISH Klamotten tragen.. (ACHTUNG: Ausschlag!)
pTU9eiWlW8I MÏìúHEN TRENDS 2017 vs MÏìúHEN TRENDS 2016
pUAtfTQVH94 Ungesundes Essen vs Gesundes Essen (mit Jenny)
pXMLpWkkUoI Skittles im Waffeleisen! Ich teste VIRALE TikTok Food Hacks..
pYgZqPTVEQg diese Bluetooth Earpods aus China sind GANZ ANDERS!
p_zTOKbNIEs Ich habe 132.500‚Ç¨ mit Ebay Auktion verdient, aber VORSICHT!
paiuSd3rtuo Einen ganzen Automat LEERKAUFEN! (Kreditkarte wird GESPERRT...)
plPjDyeRhIQ ARTEN von GIRLS auf SNAPCHAT!
pvv_Hq-txVI AMAZON: 80‚Ç¨ bezahlen und Produkt im Wert von 50‚Ç¨ - 800‚Ç¨ erhalten!
pxZwh4Wa_KI ich teste den i10.000 TWS Airpod Fake (besser als i1000 TWS?)
q9fGToYMafM Essen GOOGLEN und das ERSTE KAUFEN was kommt!
qA5sOfCPlZI Ein TABLET von WISH f√ºr 39‚Ç¨ !! (Hilfe)
qB1fbUiazMw 500‚Ç¨ Saturn Wundert√ºte VS 500‚Ç¨ MediaMarkt Wundert√ºte! (wer gewinnt?)
qDaiqynOLAU Ich ESSE im SCHLECHTESTEN McDonalds in meiner Stadt..
qECkgGgm2-c Meine Freundin darf in 5 Minuten ALLES bei MediaMarkt kaufen was Sie will...
qFRpfXetBGw Halloween Unboxing mit meiner FREUNDIN! Ì†ºÌæÉ
qG1fcsCzV4Y 3kg GUMMIB√ÑRCHEN zu EINEM VERSCHMELZEN! (Schl√ºmpfe, Haribo..) Ì†ΩÌ∏±
qIMxltVS9hs WhatsApp PRANK an FREUNDIN! (endet sehr schlecht) Ì†ΩÌ∏Å
qKTSejiNYNs McDonalds SPIELZEUGE von VOR Ì≤æR 10 JAHREN! Ì†ΩÌ∏Ç
qRI0A4q2ugs ich teste einen Playstation Controller von VOVA f√ºr 20 ‚Ç¨
qURwBKp7N7M #LemonFaceChallenge
qYyPtUIMPZs Ein iPhone X f√ºr 104‚Ç¨ von WISH! (Es funktioniert !!)
qZ4B3SbashM der bis jetzt wohl BESTE AIRPOD FAKE f√ºr 23‚Ç¨!
qc8TZewdJww 10 Dinge die MÏìúHEN k√∂nnen JUNGS aber nicht! Ì†ΩÌ¥•Ì†ΩÌ∏è
qp3haMeoTIc 20 INTIME FRAGEN
qsqsfPuNABk Wir ESSEN im SCHLECHTESTEN BurgerKing in meiner Stadt!
qtMI2EJHl5U Jungs VS MÓìúhen in Beziehungen
qvwKnceSUWw 10 Dinge die DU schonmal gemacht hast!
qxCVO41QaMk das TEUERSTE Wish Produkt ist endlich da! (1000‚Ç¨ Outdoor Iglu)
qxdQeu9Izhw KENNST DU DAS? - Kurzfilm
qyQgrt5Pj6Q Das Ferngesteuerte AUTO von WISH f√ºr 20‚Ç¨!
r1GuRXTFSDI 100 CHICKEN WINGS essen CHALLENGE EXTREM!
r1irKSNeWCw The Floor Is Lava Ì†ΩÌ¥•Ì†ΩÌ∏Ç (Boden k√ºssen Parodie)
r3e6QTxhkds Ich habe eine 300‚Ç¨ KUNDENRETOUREN Palette von Amazon bestellt! (5x Warenwert)
r7d9I1-jwcw Unser NEUER Youtube Kanal! Ì†ΩÌ∏≥Ì†ºÌº¥
r7gXUik96Xc Ich zeige euch meine ganze NEUE Wohnung!
r8jAs81Inrw Ich habe einen FREMDEN KINDERRUCKSACK & KOFFER bei einer Auktion ersteigert!
r9_w8wCCeVQ Was MÏìúHEN vorm EINSCHLAFEN WIRKLICH machen...
r9raSytTplA Warum ich meine FREUNDIN NICHT PRANKE!
rBB--eqAjKM Meine FREUNDIN darf ALLES bestellen auf AMAZON (in 5 Minuten)
rBj49OmjI9Y Die KLEINSTEN Kids auf Musical.ly! Ì†ΩÌ∏≥
rBp_C4rIhb4 30 FACTS ABOUT ME
rC1Jqko-PbE ICH errate EUER ALTER!.. Sie ist 15 Ì†ΩÌ∏≥Ì†ΩÌ¥•
rF9eVveRkPA ich teste einen ADVENTSKALENDER aus den 80er Jahren
rJMPC0VJuoM Ich teste 10 (fast) KOSTENLOSE PRODUKTE von JOOM!
rKAGCNtyLa4 100‚Ç¨ VS GREIFAUTOMAT (Ihr glaubt nicht was passiert ist)
rKjGeNKeHLs PS4 Controller gegen 100‚Ç¨ teuren Gegenstand! - TAUSCHEXPERIMENT (Teil 4)
rNbI6FndbVc F√úR 130‚Ç¨ BEI Toys R Us eingekauft! Ì†ΩÌ∏ç
rTrk40ev29c HOT or NOT mit meiner FREUNDIN! (Youtuber bewerten) Ì†ΩÌ¥•Ì†ΩÌ∏è
rV8Klzxz6KU Ich mache eine McDonalds PIZZA! Ì†ºÌΩïÌ†ΩÌ∏ç
rZQ0OyfuxfQ 300.000 ABONNENTEN Special (Trailer)
rpCSh3bGENc ich teste FAKE AirPods PRO f√ºr 50‚Ç¨ (besser als das Original?)
rqLKT44YvAY TV Sendungen die OFFENSICHTLICH Fake sind! (merkt aber keiner)
rxZQDrEgjJE VERSUCHE NICHT ZU LACHEN - Cute Girl Fails :D
rzCQwiiQY38 Die WAHRHEIT Ô≤ær meinen Zwillingsbruder! Ì†ΩÌ∏≥
s0CdfwZpuI8 Ich habe eine 200‚Ç¨ Mystery Box bei SATURN Dortmund bestellt! (Warenwert 600‚Ç¨)
s2uZ9W-rrpU SORRY MAMA f√ºr dieses Video...
s4mOGz2FNT0 HATER KOMMENTARE!
sCNZ09jii6E ICH HAB NOCH NIE... (sehr intim)
sDyr-IN8gsA TRAUST DU DICH? #Tag
sFFJj1uOMrE Meine KRASSESTEN KINDERFOTOS!
sFw8VpVoR2s Jungs alleine VS Jungs mit MÓìúhen #2
sGeGSjMdyfw die unglaublichsten AirPods Lifehacks! - Ich teste VIRALE TikTok Lifehacks
sQMVzun7EFA Mit SCHUHEN zum TRAUMAUTO + Wir knacken die 10K! (Geldexperiment #4)
sSmaRXnWaaE 100% ZUF√ÑLLIG auf WISH bestellen! Ì†ΩÌ∏± (Marie muss zahlen !!)
sTdK8gIplEY WAS ist drin in FAKE AirPods aus China?
sWqIeRhtKfo Musical.lys mit 0 LIKES! Ì†ΩÌ∏≥Ì†ΩÌ∏Ç
scD7RoR4mIw Ich teste eine KE PLAYSTATION\
sf9np75xLEA 24 Stunden mit ECHTHAAR Extension! (Es wird peinlich haha)
sgLjvLkUrb4 Die MEIST GEHATETEN Instagram PROFILE der Welt! Ì†ΩÌ∏≥Ì†ΩÌ∏±
sgXFPEVQquQ Bei 8 verschiedenen PIZZA LIEFERANTEN gleichzeitig bestellen! (Lieferando denkt Betr√ºger..)
shkZ1FuU1gM Erkennst DU den SONG in 3 Sekunden? (mit DieLochis)
si-olrNzHQ4 Bibi H - How it is.. CHALLENGE! +Bestrafung! Ì†ΩÌ∏≥
slh4xQLn788 Ich teste ESSEN, das 2020 auf den MARKT gekommen ist!
smayD5H_v64 FAKE MÓìúhen auf INSTAGRAM auffliegen lassen! (witzig)
suAqyl7bwBg Welcher Typ davon BIST DU? Ì†ΩÌ∏≥
suML1P5jmwY errate IHR ALTER! (Tik Tok Edition)
suy51jpxy5M FLAPPY BIRD CHALLENGE - Zimt fressen + Gurkenwasser trinken
sv93DvXQT1o ZUM ERSTEN MAL FLIEGEN! (Krasse Reaktion!)
szBD8MIiq5A Die D√úMMSTEN Photoshop GIRLS EVER!
szJvwph7RJQ ich mache eine NEONFARBIGE PlayStation 4! (Hydro Dipping)
t0BGAAUmJPI ICH STEH AUF LUKI!
t0H8tai3Qmo Erkennst den SONG in 3 Sekunden? (mit HeyAaron)
t3ii-hdr04I Ich teste S√ú√üIGKEITEN, die 2019 auf den MARKT gekommen sind!
t4WEZCyC7a0 DESHALB wurde ICH ANGEZEIGT! Ì†ΩÌ∏∞Ì†ΩÌ∏°
t9wPw-Mk8WE Mein erster EIGENER AUTOMAT! (600‚Ç¨ XXL Greifautomat)
tCQzAD15PCQ EIN TAG ALS MÏìúHEN? - Three Minutes #1
tGWG8N73-ZE Ich gehe zum 1. MAL in eine SPIELOTHEK (nicht nachmachen!)
tPPTjwI2tCY Das \
tQEIYWqHG4M Das BESTE Essen von LIEFERANDO vs DELIVEROO! (Lieferservice Vergleich)
tXgHnxq5SGQ Die ber√ºhmtesten INSTAGRAM BILDER der WELT raten! Ì†ΩÌ¥•Ì†ΩÌ∏è mit DieLochis
tjL20OfVDoM wir VERKAUFEN ihr iPhone bei Apple VS MediaMarkt Handy Automat! (wo gibts mehr?)
tpNCrh7irCM Ich habe die letzte MEDIA MARKT Mystery Box ersteigert!
ttkvoDI6rAU die BESTEN Technik Gadgets von WISH!
tySxehaeZ88 Wir testen CHINESISCHE S√º√üigkeiten! Ì†ΩÌ∏çÌ†ºÌ∑®Ì†ºÌ∑≥ (mit Marie)
u51ejp7LQos Ich kaufe IHR ein OUTFIT auf WISH! Ì†ΩÌ∏®Ì†ΩÌ≤∞ (f√ºr MÓìúhen)
uDXtZk38Lvg Mit An & Verkauf LÓìûn und alten Placement Produkten zum Traumauto! (GELDEXPERIMENT #2)
uHhuc6H5R3s Nur TANKSTELLEN PRODUKTE ESSEN! (24 Stunden Challenge)
uRiDoAebFz0 NEUER CHANNEL mit meinem Bruder!
uVRNOFhEsXk Marie buys me FOR 100 ‚Ç¨ an OUTFIT! Ì†ΩÌ¥•‚ù§Ô∏è
uXBqaLtsFnM The SUPREME EXTINGUISHER
uZONAkZtA6s W√§re DAS NICHT GEFILMT worden, w√ºrdest DU es NICHT GLAUBEN! Ì†ΩÌ∏≥ (2017)
uZZPJAtVZB8 SO beeindruckt man JEDEN JUNGEN
uaZQpqey_ag DINGE die du NIEMALS zu DEINER FREUNDIN sagen solltest Ì†ΩÌ∏≥Ì†ΩÌ∏Ç + KUCHEN ins GESICHT!
uk-GXt0jSKc OMG: Mein KLEIDUNGSSTIL mit 15 JAHREN! Ì†ΩÌ∏ß
us7nYKgrftI Die WISH Produkte sind da: VORSTELLUNG vs REALIT√ÑT! Ì†ΩÌ∏≥
uv9OfvyIkwQ S√º√üigkeiten in 1000 Grad Pfanne braten! Ì†ΩÌ∏± Chips, M&Ms, Chuppa Chups Ì†ΩÌ±Ö
uwgEIP9g9hg 10 JUNGS TRENDS - die MÏìúHEN lieben! Ì†ΩÌ¥•Ì†ΩÌ∏ç
uz5bcHaaAMs Das Leben l√§uft nicht immer so, wie man es gerne h√§tte!
v54ZAGzKgPU 10 Dinge die MÏìúHEN sagen, und was SIE wirklich meinen.. ‚ù§Ô∏è (mit Marie)
v7MYUPURVq8 Bibi: Ich habe eine Frage!
vCUTyI2uA0o Dieser Amazon Einkauf war der gr√∂√üte FLOP!
vGYEM2VBzg0 Ich teste GETR√ÑNKE NEUHEITEN aus 2019!
vO-FXgvcta8 mein BRUDER bekommt ein ganzes OUTFIT von VOVA
vPTlPBLpHH4 EIS aus EISDIELE vs EIS vom SUPERMARKT (blind erschmecken)Ì†ºÌΩ¶
vW6wzSlfWCQ ich teste Automaten HACKS, die ILLEGAL sein sollten..
vXXWa09n5M4 Die KETTENS√ÑGE von Wish f√ºr 71‚Ç¨ (Vorsicht!!)
vdrGCfPt5t4 Ich habe PROMIS bezahlt, damit sie meine Freunde \
vh6mrNG4Wuc Nur AUTOBAHN RASTST√ÑTTE ESSEN.. (24 Stunden Challenge)
vjOtNq_ZXPg Ich habe 1000‚Ç¨ wertvolle Hypebeast Klamotten bei Wish bestellt!
vnjImwBaodU ICH TRAGE JETZT LEGGINGS
vvGu5NzvAcs MIT BESTER FREUNDIN BETROGEN? - feat. Yannik Guszan
w33Xc9UBgxI Ich RASIERE meine HAARE AB! Ì†ΩÌ∏≥
wLhyIOCbYBs 10 MÏìúHEN TRENDS - Die Jungs hassen! Ì†ΩÌ∏±Ì†ΩÌ∏°
wP_kg0kfAYc VON YOUTUBER HERACAY HEFTIG HINTERGANGEN | #HeracEi
wQQd2iDZKgc HOT DOGS bei BURGER KING bestellen! Ì†ΩÌ∏±
walTBqmlyt8 ich teste ein FAKE iPhone 11 von Wish f√ºr 62‚Ç¨..
wgJJ-UTSJrQ 1 NACHT im TEUERSTEN LUXUSHOTEL in K√∂ln! (zu wild)
wlh_jgE2HpI ich teste einen POPCORN Adventskalender (24 verschiedene Sorten)
wlnzqOyaBBk B√ºroklammer zum iPhone HOCHTAUSCHEN! (Teil 1)
wluaJZ26O2Q BETRUNKEN AUTO GEFAHREN!?
wxA9P4CnekI ich teste die HEFTIGSTEN DONUTS der Welt
wywZ7mvuINo WIR TESTEN neue KOSTENLOSE WISH Produkte! (mit meiner Freundin)
x35hvcDlATA 100% ZUF√ÑLLIG bei BurgerKing bestellt! Ì†ΩÌ∏±Ì†ΩÌ∏ç
x43DofbMw_0 Der ERSTE CHAT zwischen mir und meiner Freundin! Ì†ΩÌ∏è
xBsArVMq-VI DAS denke ICH Ô≤ær DIESE YOUTUBER! Ì†ΩÌ∏±Ì†ΩÌ∏°
xE0qSVugZB0 Mein Bruder err√§t SCHLECHTE YOUTUBER Songs! Ì†ΩÌ∏≥
xGl_9k9gx4A Schaffst du es 2 GLEICHE EMOJIS zu finden? (schwierige Challenge!)
xKwaMYFblvA 21‚Ç¨ AirPods Pro Fake von WISH vs Originale AirPods Pro
xL_HPgEB1wY Die SAUERSTEN BONBONS der WELT! - Extrem! Ì†ΩÌ∏±
xPQHGozKhs4 Neue FLACHWITZCHALLENGE ESKALIERT! - mit DieLochis
xQTZEqyJVPU Unser TRAUMHOTEL in √ñsterreich! Ì†ΩÌ∏ç
xRNcRk5hsao Was JUNGS am HANDY WIRKLICH machen...
xRSeumR3kEU Geile SCHUHE & KLAMOTTEN f√ºr den Sommer 2018! (Adidas, FILA, Kappa)
xXE2bvWKfBg MEIN ERSTES MAL ALKOHOL
xXfZQqDKxt0 ich teste die CAPITAL BRA Pizzen..
xZ_UYzSV6_M R‡øåkzug zu meinen Eltern & Zukunft..
xhowGeERzvY Mit ehemaliger McDonalds MITARBEITERIN zu McDonalds FAHREN! (+Interview)
xpRbJ3PUV2g TRICKS seine GESCHWISTER zu VERARSCHEN
xqPtP_ha4Lg ich teste ALLE RITTERSPORT SORTEN aus dem SUPERMARKT!
xuM2AMBep-0 Die heftigsten Klamotten f√ºr 1000‚Ç¨ (Adidas, New Balance, FILA, Champion...)
xw_qWyOrEbc Beki dreht V√ñLLIG DURCH! Ì†ΩÌ≤¶ (mit Eskay)
xwh7Gsmpx5o Meine PRIVATEN LIFEHACKS f√ºr die SCHULE
y0ETo5RO59Y 10 INSTAGRAM NUTZER die EXTREM NERVEN!
y3OqCbOd2xQ DER gr√∂sste OREO der WELT! Ì†ΩÌ∏≥Ì†ΩÌ∏± (geht EXTREM schief)
y7IdFmrsaz4 Tik Tok NICHT LACHEN Challenge Ì†ΩÌ≤¶ (Wasserschlacht)
y8-enrfQyiI Diese YOUTUBERIN ist MEINE FREUNDIN!
y82MS8DZyVg WAS MÏìúHEN NICHT TRAGEN SOLLTEN - Statement
yB3YBZLaqvY Wir testen GRIECHISCHE S√º√üigkeiten! Ì†ºÌ∑¨Ì†ºÌ∑∑ (mit Marie)
yBx8TdDTEOk Dicke MÓìúhen VS. D√ºnne MÓìúhen feat. FittiHollywood & Chris Gabriel
yD5gUOzWXVk Von Mutter erwischt! - Chatroulette #3
yIgJ_9Egj_U DIE D√úMMSTEN DINGE DIE MIR JE PASSIERT SIND!
yJ-au09nAl4 Ich teste 10 weitere KOSTENLOSE JOOM Produkte!
yKyV3vFh9wU ich teste neue ADVENTSKALENDER aus dem SUPERMARKT
yMvjcfxgSEI Diese Seite ist besser als WISH!
yVEFKznm15o Ich HAB NOCH NIE.. mit Freundin und Bruder! Ì†ΩÌ∏Ç
yXSowFt19HM Ich habe Wiederaufbereitete, Originale AirPods bei WISH bestellt..
yhNRdXDnBw8 1x Happy Meal GRATIS!? ich teste virale TikTok Lifehacks..
ylT87sOCn6Y Mein GEHEIMER ZWILLINGSBRUDER! Ì†ΩÌ∏±Ì†ΩÌ¥•
ymjs2-SgPx8 Das Ende von AlexV!
yrAYAnjCf9w ich teste die GENIALSTEN Amazon Gadgets f√ºr UNTER 10‚Ç¨
yuTtNvjnx9w McCafe Produkte die fast NIEMAND kennt! (Ich bin sauer!!Ì†ΩÌ∏°)
yxJ0eGjGh8o An den Typen aus dem Porsche.. Ì†ΩÌ∏°
z4fg2pveJvg Ich teste TRICKS, die f√ºr ESSEN im TV benutzt werden! (unglaublich)
z6P1ghbMJ94 Wer das iPHONE GREIFT darf es BEHALTEN!! (Greifautomat Challenge)
z73RLnNF-iE Habe ich endlich gewonnen!? 100‚Ç¨ McDonalds Monopoly + Hilfe von Zuschauern
z7zskAcV9n4 Ich habe 4 Mystery Boxen bei Real bestellt..
zGk5vfKm46M Der ULTIMATIVE Prank an Marie! Ì†ΩÌ¥•
zJj4r9bKEuk ich teste FOOD NEUHEITEN aus dem letzten Monat
zJymGNX5gLc NO GO'S bei MÏìúHEN #2
zOBA-lPH2Ow Ich teste den TEUERSTEN D√ñNER Deutschlands im Hotel Adlon! (26‚Ç¨!!)
zPCubJommVI SIRI entscheidet meinen TAGESEINKAUF! Ì†ΩÌ∏µ
zQ23M80Qgek Mein eigenes PIZZA ASMR! Ì†ΩÌ∏±
zSd6yFEDyVI Dieses China Handy ist WIRKLICH UNZERST√ñRBAR! (Porsche VS Handy)
zddeBDOH1iI Dinge die MÏìúHEN an JUNGS nicht verstehen [Special Edition #2]
zfPqQ9Px5cU ich teste die NEUEN Fake AirPods von TEDI
zijGvgtcnyk Ich teste eure VERR‡∑åKTESTENS Fast Food Kombinationen! Ì†ºÌΩü
ziupqW6YyM8 Das PEINLICHSTE was MIR JE PASSIERT IST!
zknaxXpQ3Oc Ich teste das SCHLECHTESTE ESSEN in DORTMUND! Ì†æÌ¥¢ (so schlecht war's noch nie)
zoRXZPPcyFk sind die Huawei Earbuds f√ºr 180‚Ç¨ BESSER als AirPods PRO?
zox1Laz_9x8 Ich habe ein 200‚Ç¨ Adidas + Nike Restposten Paket bestellt!
zp2Vl-Wp1tY McDonalds Produkte testen die niemand kennt! Ì†ΩÌ∏ç
zqYHOoI1-zg 10 DINGE Ô≤ær JUNGS, die MÏìúHEN Ô≤ærhaupt NICHT bewusst sind! Ì†ΩÌ∏±Ì†ΩÌ¥•
zscHCehIGyw Die GEILSTEN SCHUHE f√ºr MÏìúHEN
zx71Wt0ZzDU ich teste FOOD NEUHEITEN aus dem letzten Monat
