-VoXwDLmzQM LIVE TATTOWIEREN mit JANA und MAX
1EoQqVbF2P8 ACRYLIC POURING mit @Jodie Calussi | Sehr toll und sehr sch√∂n
1ihgwOzGTag LIVE KEKSE BACKEN mit KELLY, JAKOB und MAX
2KTcfQeIKE0 In 7 Tagen WHEELIE lernen (MOTORRAD) | DAVE
2mjE8kkJTZs BACKFLIP an EINEM Tag lernen! DAVE
3tjJkHuhuWY 500‚Ç¨ wenn ihr TEILT, sonst GARNICHTS! | DILEMMA | DAVE
4E_0CFbl-Es Fahrrad DIEB Verfolgungsjagd! @Dave
4c49qEWveEA BILLIGSTE vs. TEUERSTE Hotel Deutschlands Ì†ºÌø®
51T8FF_moi0 DAS bekommt man f√ºr 1000‚Ç¨ in NewYork City Ì†ΩÌ∑Ω
5XGze1SiFSo Reich durch Casino Trick? SELBSTEXPERIMENT @Dave
5gDQwQxhAEk REICH durch POKER!? 1 Woche Online Poker | Selbstexperiment Dave
5yU72tBREMs Time is Ride - Benedikt SchÓìær | David Henrichs
68AVWTKpE_U 7 Tage EIS BADEN! (sehr kalt) Selbstexperiment DAVE
6uAstP_8ezQ Durch POKER zu ROLEX (1000$) | Trade Up '07 | DAVE
7NTVLxEX_fQ SO habe ich 40.000‚Ç¨ INVESTIERT! Ì†ΩÌ≥à
7P-vXJskn7w 24h nur mit BITCOIN Ô≤ærleben und zahlen! BITCOIN CITY Ì†ΩÌ≥ç@DAVE
7pKyYvLvhik F√úR 0‚Ç¨ NACH AMSTERDAM | DAVE Selbstexperiment (TRAMPEN)
80FKHEuQTwE VULKAN POOLS IN MADEIRA (KLIPPEN SPRINGEN) | VLOG 01 DAVE
8JAsI4Du1Rk Restaurant Ì≤æRRASCHEN! Ì†ΩÌ±®‚ÄçÌ†ºÌΩ≥
97fAoAsyVHM Ich habe einen 5 Sterne LUXUS ZUG f√ºr ____$ getestet (FIRST CLASS) Ì†ºÌ∑®Ì†ºÌ∑≠
9bmXsLML9hk SURFEN LERNEN in 1 STUNDE Ì†ºÌøÑ‚Äç‚ôÇÔ∏è | DAVE
AfNlH_rA4EY Durch SPORTWETTEN zu ROLEX | Trade Up '05 |  @Dave
Ayy4rMQRzcg MEINE EINNAHMEN 2021 Ì†ΩÌ≤∞
C7ec6zxLq3Q So entstehen ICED OUT Uhren! (@justin 's Cartier Santos)
Cou1MMgIReg INFLUENCER FAKE WERBUNG! (Der krasseste Prank EVER!) @Why Nils @rewinside @KELLY //missesvlog
D3wtoEZ9UCo Ich versuche einen HELIKOPTER bei UBER zu bestellen! Ì†ΩÌ∫Å
DAxC7N_7PK8 Ich habe versucht 160 Stockwerke Treppen zu steigen!
DZNdQODjlfM Ich habe H√∂hle der L√∂wen Produkte getestet! Ì†ΩÌ≥à
ERohgOXok1w Durch CRYPTO Router zu ROLEX (Helium Mining) Ì†ΩÌ≤∞Trade Up 10
Ecu-V5ZkF7Y In 24H EIGENES KINO erÔõønet (und ALLE Freunde Ô≤ærrascht) Ì†ºÌΩø
FUwR0cpWE2Q ESSEN UND SCHEI‡∑æ LABERN mit JAKOB und @janaxnell  (MUKBANG)
FYeCnyd3kKo ___‚Ç¨ mit 30 Tage Helium MINING verdient Ì†ΩÌ≤∏ | Rolex Trade up
H24rPK9_UgM 1Mio auf TIKTOK in 3 Tagen! Dave - Selbstexperiment
Jc4tpG5mUjc T√§towieren lernen in 7 Tagen! Dave
KaHTYgJEzUY 24H PINIEN gesammelt und ___‚Ç¨ VERDIENT Ì†æÌ¥ë| ROLEX TRADE UP 11
LGFbXDUfrJk DRIFTEN Lernen an EINEM Tag!  Ì†ºÌøéÌ†ΩÌ≤®
LRqkpIx1ge0 @Jodie Calussi  und ich TATTOWIEREN uns selbst Ì†ΩÌ∏®
L_ajUmGEzro Als Passagier FLUGZEUG LANDEN Ì†ºÌ∂ò | DAVE
L_yuvqH3UJA 24h im KLEINSTEN HOTELZIMMER schlafen! Ì†ΩÌ∫Ä Lohnt sich das? | DAVE
LqbdpETD0Zk Wie man ____‚Ç¨ im SCHLAF verdient! (MONEYGLITCH) Ì†ΩÌ≤§
MDPTRjnOY6A Ich habe FAKE Wahlplakate AUFGEH√ÑNGT und DAS ist passiert... | DAVE
MjcfjG-afzE BURGERKING und McDonald's TELEFONIEREN LASSEN | @KranCrafter @EsKay
N_BYR08IAZM Ich habe 25.000‚Ç¨ in ____ Investiert und das ist passiert! | DAVE
NztCKzfL4Gs TRAUMAUTO durch AKTIEN gekauft Ì†ΩÌ∫óÌ†ΩÌ≥à | DAVE
OVZaq3D8vWo Trance Zustand durch ATMEN! 7 Tage Selbstexperiment @dave
P0TSoQUzXd4 BESTSELLER AUTOR IN 7 TAGEN
QAiggCKoP6c Wer GEWINNT die ROLEX!? Trade Up FINALE Ì†ºÌæÅ
QfaGLd47Zdk Durch VINTAGE FASHION (Mystery Box) zu ROLEX! | Rolex Trade up 08 | DAVE
RkZ3WRyJNSA Erraten XXL mit @Gewitter im Kopf - Leben mit Tourette  Ì†ΩÌ∏±  | ALLE gegen DAVE
SKXf9vMW4AM 24H im BESTEN Hotel DEUTSCHLANDS! ‡®Ö‚≠êÔ∏è( VIER JAHRESZEITEN)
TDeGSq8XDuY FPV DROHNE (150KM/H) FLIEGEN LERNEN!
UZhyPIr-kco Die Entstehung meiner Modemarke
Uc769mOdvXw FLO√ü bauen und RENNEN Fahren! (Wie man es nicht macht) @KranCrafter
V6UPk0oBOcE JAN von GEWITTER IM KOPF TATTOOWIERT MICH  Ì†ΩÌ∏® | DAVE
VbJ26_T4Pk4 Ich habe ein ___‚Ç¨ UNTERWASSER HOTEL getestet! Ì†ΩÌ∞† - DAVE
VlgdKyfVgRw Ich Teste 0‚Ç¨ Business Class! ‚úàÔ∏è
WC5CCZIYjCE Durch DESIGNER FASHION reselling zu ROLEX | DAVE
XElN17gswuI Durch SNEAKER zu ROLEX Teil 2! Rolex Trade up 04 | DAVE
YEJZ_Z3h3Ew 10‚Ç¨ in Afrika vs. 10‚Ç¨ in Deutschland | DAVE
ZQ11qeMtNUw KOSTENLOS leben als INFLUENCER? DAVE
_5NzwwLuLTA Wie ich 3 UNF√ÑLLE in 7 TAGEN hatte (Tutorial) | DAVE
_dsCEFIvkDQ 200m¬≤ B√úRO Umbau BEGINNT Ì†ΩÌ∫ß| DAVE
_vT3Sr1MbCI Durch AKTIEN zu ROLEX Hochhandeln? | Rolex Trade up 02 |@Dave
bB3wCHzoEt0 Ich bin mit Fremden 500KM FAHRRAD nach PARIS GEFAHREN!
bTLw_saplSA Wie startet man eine Fashion Brand? Wie findet man Produzenten? @Victor Braun @Dave
brh1xRLAn_w WIE MAX EINEN SCHUL VERWEI√ü BEKOMMEN HAT! STREAM HIGHLIGHTS @KELLY //missesvlog @KranCrafter
e1q4fD6AQ-8 Ich habe Autofahrern ESSEN VERKAUFT und ___‚Ç¨ verdient! - DAVE
e3fi6vCHxeA DIY HYDRO Dipping AIR Force 1 | How to
eXqddx6GMZ4 GRAFIKKARTEN & CRYPTO Handel zu ROLEX | Trade up 08'
fVx_X71foa4 Traum STREAMING RAUM in 72H selber gebaut!Ì†ΩÌ±∑‚Äç‚ôÇÔ∏è
fyGCe5PgMa0 SO wird unser 200qm B√ºro aussehen ‚ÅâÔ∏è
gRAil8sgIE0 Mein ERSTES Jahr als HAUPTBERUFLICHER YouTuber! Ì†æÌ¥Ø
hA2yY64oLU8 Ich habe FAKE Werbung AUFGEH√ÑNGT und DAS ist passiert... | DAVE
hkV4pG9sQTc Durch POKEMON zu ROLEX (72 Booster GIVEAWAY) | DAVE
iJVneStgGAg Dieser BUSINESS CLASS Flug hat NUR ___‚Ç¨ GEKOSTET Ì†ºÌ∑∫Ì†ºÌ∑∏Ì†ΩÌª©
iKXjQun4wEI PS1 zu PS5 HOCHTAUSCHEN! Playstation 5 Trade Up. DAVE
iNagaGP9-eU F√úR 1‚Ç¨ NACH MADEIRA Ì†ΩÌ≤µ | Dave Selbstexperiment
iiUEpV7TaNE in 72 Stunden REICH durch DROPSHIPPING? @Dave
iqdm4CHEI-4 Von MYSTERY Box zu ROLEX Gehandelt ‚ôªÔ∏è | Trade Up Finale
jaBcGoNb4Cw Ich habe eine EIGENE CRYPTO W√ÑHRUNG erschaffen! | DAVE
k1f9gMssn-I Survival! 24H im Wald Ô≤ærleben Ì†ºÌøï  | GO! @KranCrafter | Dave
kNiXKV1dkoI Ich bin im TESLA Campen gegangen Ì†ºÌøï@DAVE
lFFvMlCeiE4 ERRATE WELCHER JOB ZU WELCHER PERSON GEH√ñRT | TEST | DAVE
lNduNyXFGxg Ich habe ein 1000‚Ç¨/Nacht IGLU Hotel getestet! ¬†Ì†æÌµ∂
mAr2v065NqI 7 Tage CRYPTO gehandelt und _____‚Ç¨ verdient! | Rolex Trade up | DAVE
mL4EGO3vW3s ERRATE WELCHES OUTFIT ZU WELCHER PERSON GEH√ñRT! | TEST @janaxnell
mbOcNzgxJlA Von Mystery Box zu ROLEX Hochtauschen! F01 @Dave
mzkgcxplwPE DAS ist an TAG 2 passiert! 4000m GLETSCHER ohne ERFAHRUNG | DAVE
nJwBGC5YMS4 In 24h m√∂glichst viel Geld verdienen Ì†ΩÌ≥à
oQnw-rvdmtg Mit diesem TRICK habe ich ____‚Ç¨ VERDIENT! | Rolex Trade up 09 Ì†ΩÌ≤∞
p3O46oF133Y Durch Sneaker RESELLING zu Rolex Hochhandeln! Rolex Trade up 03 | DAVE
pMT3CbAEff4 TEAM SPIELKIND Bewerbung - DavidHenrichs
plhfJ3o-sEk In 90 Tagen Klamotten Marke gr√ºnden! DAVE
qQIw_9JyZok Ich SCHENKE einer FREMDEN Person URLAUB! Ì†ºÌøù @DAVE
qqNH8pPU5Qs 24h LEMONADE STAND erÔõønet und ____‚Ç¨ verdient! Ì†ºÌΩã
rFEp4g-B5lI 4000m BERG besteigen OHNE Erfahrung  Ì†ºÌøî | Teil 1 | DAVE
rVjJ-dSHuVc MUSIK ERRATEN! ALLE GEGEN DAVE Ì†ΩÌ¥• | @KranCrafter @janaxnell@Dave
rdetUvdBuxM FAKE Produkte in LADEN verstecken! DAVE
s8QejOdZ_Dw Sony A7s Low Light Test - DavidHenrichs
tkn7bAFWrPU BESTELLUNG √ÑNDERN PRANK | MCDonald's drive thru Prank | @KranCrafter
ttIwN4ZY6Jw 2019 UNZENSIERT + ein bisschen Alkohol @KranCrafter @EsKay
uC363V1vSJU Mit PFAND in die BUSINESS CLASS ¬†‚úàÔ∏è (Travel Hacking)
uRQBbJJ7AyA lauf NIEMALS einen MARATHON OHNE TRAINING! Selbstexperiment - Dave
udnZVs2dwXo Unser NEUES B√úRO (200m¬≤ Atelier) | DAVE
urTit1dra8Q 100‚Ç¨ Hotel -  NEWYORK CITY vs. DEUTSCHLAND Ì†ΩÌ∑Ω
vCIJ80zIOeU MADEIRA STREAM HIGHLIGHTS | @rewinside
vQKI89SJvVc Ì†ΩÌ≥àIch habe meinen CHAT mit 1000 ‚Ç¨ Crypto handeln lassen!
xGKJayCpQYo 24H mit 100‚Ç¨ in NewYork City ¬†Ì†ΩÌ∑ΩÌ†ºÌ∑∫Ì†ºÌ∑∏ | @DAVE
xoPRAe98cMU In 3 TAGEN ERFOLGREICH auf TIKTOK mit Rewi | Dave - Selbstexperiment
xq8LxKe--3E Mit PFAND an den STRAND (MALLORCA KOSTENLOS) @Dave
y6Cq-DLQrn8 Ich habe Iboprofaxe Entwickelt! ¬†Ì†æÌ∑™
yNPWe_Kwots BEZIEHUNGSTEST UND ESSEN | MUKBANG @janaxnell
ygnKUWLOe5I Jeden Tag K1ffen! Selbstexperiment | Warum Illegalit√§t von C*nnabis ein Problem ist - Dave
yoGq_TgzSaA 10.000‚Ç¨ GESCHENKE versteckt und ZUSCHAUER suchen lassen Ì†ºÌæÅÌ†ΩÌµµÔ∏è‚Äç‚ôÇÔ∏è
z9wX6DxGMnU FAKE Kunst ins MUSEUM H√§ngen! DAVE
