-28m0yvb3ow ARGHHH! STURMWAFFEL KLATSCHT MICH?! - Lucky Block Wars | KranCrafter
-2XL244U-zo Ich bestelle was AM WENIGSTEN bestellt wird ... Ì†æÌ∑ê
-6K_hNGwUTU KUCHEN f√ºr STURMWAFFEL
-K_xgaI2Egg Welcher SONG ist das Ì†æÌ¥î‚ùì Songs an EMOJIS erraten
-L8wIDiN6Go Luuuuz...
-OXiVtxkysE Ich teste den schlechtesten D√∂ner in meiner Stadt Ì†æÌµô Ì†ΩÌ∏Ö (angeblich)
-RFH1HsW8Xk LUCY SCHMINKT MICH
-hf8OFEOy7g Ich teste die Top Foodspots von meinem Kameramann Ì†æÌ¥î Ì†ºÌæ•
-i5FpfnoT30 OHNE COINBL‡µ¨KE GEWINNEN in GetDown ?!
-ktt-xPnprU Wie gut schmecken Influencer Rezepte? Ì†æÌ¥î
-lSwsO8ZIGU EXTREM Wer kann besser L√úGEN mit ‚ùì‚ùì‚ùì
-rv6d66U10U Ich BESTELLE und muss die BEWERTUNG erraten Ì†æÌ¥î‚≠êÔ∏è
017aYluSzVE BEST OF KRANCRAFTER   [by LetsTahir]
04MAqQLaV8Q Ein Tag pers√∂nlicher Koch f√ºr einen Koch Ì†ΩÌ±®Ì†ºÌøª‚ÄçÌ†ºÌΩ≥
0CB0ps_G578 FRANZ' VATER KOMMT REIN?! TODESZOMBIE! - Lucky Block Wars | KranCrafter
0D7B0rFKDxA Ein Tag pers√∂nlicher Koch f√ºr @Marius Angeschrien Ì†æÌµû
0L0g5naTjIY WIE GEHT DAS..?Ì†ΩÌ∏≥
0cQf5LY96bI GOMMES RETTUNG | Nero #2
0khFxUjGpW8 MEINE SUCHT
0nNh1Rd8amU WTF! - ERSTES REALLIFE Video!
0tNtdCWJJJI NEUE Runde... MOMENT! Sturmi rasiert! - Get Down
0uIj7bvC9_A MINECRAFT ..
1IeQxzUhllo Ein Tag pers√∂nlicher Koch f√ºr einen Restaurantkritiker Ì†ΩÌ∏∞
1MKZcGDGK5k Ich habe das gleiche Gericht AMATEUR vs. PROFI zubereitet ‚ö°Ô∏èÌ†ºÌΩù
1W6eAPsLAXg ANRUF im VIDEO
1XKsCpNNiD8 Myci zeigt mir ASIATISCHES Essen Ì†æÌµ∞Ì†æÌ¥Æ (Fischk√∂pfe & Algen)
1j83SqAl0ho Ich bestelle BLIND Essen .... Ì†ΩÌ∏≤ (und es schmeckt?!)
1jHH49eP0TM Ein Tag pers√∂nlicher Koch f√ºr @Holle21614 Ì†ΩÌ±®Ì†ºÌøª‚ÄçÌ†ºÌΩ≥
1ojL89TIRRg ‚ö°Ô∏è SCHLEIM vs. WAFFELEISEN Ì†ΩÌ∏± Ì†ΩÌ∏≥
1uoyjZUAB1M Was mit Luca & Mir los ist..
1wTgpKE0eaw Ein Tag pers√∂nlicher Koch f√ºr @Sturmwaffel Ì†ºÌΩù
1yGIjFeRiXk Timolia FIGHT MIT und GEGEN Veni!
226IVpjdIVU LEHRERGESCHICHTEN mit Sturmwaffel!
2LRyA4iuAqE So PEINLICH ...
2S4i_wR1PsM 4 vs. 4 YOUTUBER ESL BEDWARS!
2ZnNyMOE2-Q XXL  Trinkspiel Ì†æÌµ≥ Ì†ºÌΩ∫ (Eskaliert)
2bn6MwB3z80 Google Ì≤æRSETZER Spiel Ì†ΩÌ∏Ç
2r-GkLkd8qk KRASSESTER ENDERPERLENWURF mit Sturmwaffel - SkyWars
2yyYBTQPRNI Ich lasse den Lieferservice entscheiden was ich esse Ì†ΩÌ∏Ö
3C1XJ27Kslo BIBIPHONE?! Fl‡øåhtlinge, Musik, ... #redmalmax
3ExB7FhFWfk DAGIS HOCHZEIT KNETEN
3L3LvHMUJoQ APO RED & KATJA in EINER PERSON
3ObQVJB0uWM YouTuber ERSCHMECKEN Ì†ΩÌ±Ö (mit Rewi)
3OvcqWnyCsU KOMISCHE DINGE mit Izzi, EsKay und Peterle
3TozIviVXac S√º√üigkeiten: FAKE vs. ORIGINAL Ì†ΩÌ∏çÌ†ºÌΩ≠
3Ts3olY6SEM KEIN Minecraft. - Agar.io mit minusduude | KranCrafter
3WPdvszjCik ZUF√ÑLLIG Russisches Essen bestellt (oha ist das lecker) mit @Dave Ì†ºÌ∑∑Ì†ºÌ∑∫
3cLZt59a4WI YouTuber STARTERPACKS ERRATEN Ì†æÌ¥î
3dbPCntrRNo Die H√ÑUFIGSTEN Google-Fragen ! Ì†ΩÌ∏Ö
3nCqdO9Aw7M Dieses KLO spritzt PI**E Ì†ΩÌ∏ÖÌ†ΩÌ≤¶
3ufN_bnsklA GOOGLE Ì≤ærsetzer SPIEL (+Bestrafung)
3xyuPCquT0s 1.9 SURVIVALGAMES
40Ms5hLRe74 Ich habe einen Tag lang KELLNER entscheiden lassen was ich bestelle Ì†ΩÌ∏Ö
41oeQahnKpE SO findest du JEDES Pok√©mon!
49z-mkocWq0 DAS geht NICHT GUT!
4EFkmgOJWwY RIESIGER M&M's STOREÌ†ΩÌ∏çÌ†ºÌΩ¨
4HRWE0MXuaw Diese PISTOLE schie√üt K√ÑSE Ì†æÌ∑Ä (mit Emrah)
4Nb3giLNKxg WIEVIELE RUNDEN in 15 MIN?! mit Sturmi - BedWars
4OwDxyrfq4Q SCHLECHTE VIDEOS ABSCHIESSEN (FuÌæ∫ll Challenge)
4bGGFDJRLOM WAS F√úR  !*?@%! Ì†ΩÌ∏°Ì†ΩÌ∏§
4pWTGKP23p0 Wir sitzen.
4r_IiVEtlgc Ich mache @LUCA das beste Sandwich der Welt Ì†æÌµ™
4s63CB8M6xI WAS SOLL DAS?! - Jumpy Jump mit minusduude | KranCrafter
4vt0XTpscJ4 Mache NIEMALS ein 3 UHR NACHTS Video!!! (EXTREM)
4vynaRFV_FI FREUNDE sind zum ERSTEN MAL ehrlich zu mir..
51O_EvH3GAI HACKER Kit & Spannende Fights! - 1 vs 1 | KranCrafter
53dDBjjdkJ8 UNGLAUBLICHER START! - Get Down
54UuhtSLMJ0 REKORD?! XXL - Schlimmster Gegner! - Bed Wars | KranCrafter
55WDkwX9k7Y Wir ENTSAFTEN wieder... Ì†ΩÌ∏∞ (Burger, Wackelpudding)
55k42ig2gLU Erkennst DU die Serie?! Ì†ºÌæ•
5KM7FtzpuIk Wer kann lauter SCHREIEN ? ! Ì†ΩÌ≤• Ì†ΩÌ∏°
5QD-jz4stlg VERSUCHE NICHT ZU LACHEN ! (wir FAILEN) Ì†ΩÌ∏Ö
5_11g5fl4-A 1 Kill = 1 Praline in den Mund !
5cXPbyYYuWc Ein Tag nur das TEUERSTE im Restaurant bestellen Ì†ΩÌ≤∞ Ì†ΩÌ∏Ö
5xMo6hm6FAk ICH werde ANGEGRIFFEN! & Komische Fragen
6-rUo6lPYyE Harry Potter S√º√üigkeiten mit Kelly Ì†ºÌΩ≠‚ö°
67MXIU24eGE Ein Tag pers√∂nlicher Koch f√ºr @Niek Ì†ºÌº± Ì†ΩÌ±®Ì†ºÌøª‚ÄçÌ†ºÌΩ≥
69kaXEQH5FI MEINE NEUEN YEEZYS
6FTTIAzAL4U MINI-BASKETBALL mit Luca
6H4qKlR88d8 ES IST SO SCHWERRR! - Color Switch
6LbuRC35Ulk DAS ONE HIT SCHWERT?! - Mega Runde! - Get Down
6VUCcAS4Im4 ITEM CRASHT MINECRAFT
6hIYqiVrb60 14.500 Pok‡∫úoins KOSTENLOS bekommen?!
6t1U7jqNK1w Einen Tag lang Bewertungen RATEN Ì†æÌµµÌ†ΩÌ±®‚ÄçÌ†ºÌΩ≥
6vWs5zK3JzY Ich BAUE BESSER als STURMI?!
79HDy7mf1VI YouTuber STRICHM√ÑNNCHEN Challenge Ì†ΩÌ∏Ç
7CFVoGgNkOg Fuck! MONSTER Ì≤æRALL! - UltraHardCore | KranCrafter
7D0nmYOzmDc DROHNEN ABSCHIESSEN IN BERLIN! - VLog | KranCrafter
7JcqoykSm7E Luca Pizza 2 BLIND Essen Ì†ΩÌ±Ä‚ùå
7Ly1OVYnmmY Die D√úMMSTEN YouTuber..
7o20egqZGWo F√ºr Dich
7oxwPUi7haQ Ein Tag pers√∂nlicher Koch f√ºr meine Mama Ì†ΩÌ±©‚ÄçÌ†ΩÌ±¶
7pT5NqdP75k Ich habe das gleiche Gericht TEUER und BILLIG zubereitet Ì†ºÌΩùÌ†ΩÌ±®Ì†ºÌøª‚ÄçÌ†ºÌΩ≥Ì†ΩÌ≤∞
7sYt8qejkgw DAS ENDE. | MAUZ #10
7vtzn5yjfck MASCHINE! Onetake One vs. One
8C2VTaJtrE8 SCHLIMMSTE FOLGE | Nero #6
8K3GQ0ighs8 5 KRANKE Beichten .. nachgestellt!
8MLffKO6w8E DAS st√∂rt uns YOUTUBER
8NXTinRqNiY Ich mache @LUCA die beste Pizza der Welt Ì†ºÌΩï
8TkcDry7Dbg Pok√©mon GO TRICK, den du kennen MUSST!
8Ynx8SG58L4 DINGE mit F√ú‡∑æN ertasten Ì†ΩÌ∏Ç (+PRANK)
8_mq6-ah7FQ FACEAPP mit 10+ YOUTUBERN Ì†ΩÌ±¥Ì†ºÌøº (KRASS!)
8bfmYa7KGqE ETWAS NEUES (Altes) ?! - Jump Down mit PETRIT | KranCrafter
8e6sJtiXU9Q 50% Minecraft 50% Reallife - Q&A
8eehGIuligw Ein Tag pers√∂nlicher Koch f√ºr meinen KAMERAMANN Ì†æÌ¥î Ì†ºÌæ•
8jsusGAF2PM FAST FOOD aus PULVER Ì†ºÌΩîÌ†ºÌΩü
8k0gXny_RuY Ein Tag pers√∂nlicher Koch f√ºr mich Ì†ΩÌ∏≥Ì†ΩÌ±®Ì†ºÌøª‚ÄçÌ†ºÌΩ≥
8nbJpsEjeWY Ein Tag pers√∂nlicher Koch f√ºr @justin Ì†ΩÌ±®Ì†ºÌøª‚ÄçÌ†ºÌΩ≥
8oiGOButVUo PRODUKTIVIT√ÑT des TODES ! - VARO | KranCrafter & PXWLF
8rV0dfDFG6w GR√ñ√üTES SNICKERS DER WELT Ì†ΩÌ∏±Ì†ΩÌ±Ö
91C-XLnFMRE MINECRAFT PVP with CONTROLLER (PC)
93-okq3d8_8 YouTube Kacke NICHT LACHEN Challenge Ì†ΩÌ∏êÌ†ΩÌ∏Ç (+Klebeband)
94WuiYjYScg SNAPCHAT VERSUCHE NICHT ZU LACHEN Ì†ΩÌ∏Ç
95lnfMZUvWo NACKTSCANNER TEST Ì†ΩÌ∏≥ (L√ºgendetektor etc.)
99sH0L8muB4 PAUSE CHALLENGE AM SEE mit 5 YouTubern Ì†ΩÌ∏±
9SJDWY7aW0A In die EIER! CHAOS Onetaker! | KranCrafter
9Wkq3wLxOkE HORROR UMZUG
9YG3vHJX5k8 Wie ALT sind meine ZUSCHAUER?Ì†æÌ¥î
A0S2a-b2g7k WAS war los? + SPANNENDE Fights! - 1vs1 mit minusduude | KranCrafter
APOh9o_I6eY COLA im WASSERFILTER Ì†ΩÌ∏± (Experiment)
AQOxDEmtG-4 REDEN.
AWqHsqkH6r8 GIANT ZOMBIE IN SKYWARS
AX8btonrETs Das KLEINSTE Handy der Welt (Funktioniert wirklich!)
AXwbTtlyToo DER BLUTALTAR & DIAS! | Nero #3
B4PJyZceFd4 ROBOTER DUELL vs. IZZI ‚ö°Ô∏è
BAEjB3dE22Y ZU ZWEIT in GET DOWN!
BCVV6Jf9dvE Burger + D√∂ner aus der DOSE Ì†ΩÌ∏± (UFO reagiert!)
BCyRKdIptJw CC#4: rewinside vs. KranCrafter - Typischer Rewi!
BQhLYikt6_M Ein Tag essen wie in DEUTSCHLAND Ì†æÌ¥î Ì†ºÌ∑©Ì†ºÌ∑™
BQwR96jxuOY EXTREM FuÌæ∫ll CHALLENGE
BTlvExq0_jE LUCKY BLOCK GETDOWN
BZmhvSQwAQ8 Ein Tag pers√∂nlicher Koch f√ºr KELLY Ì†ºÌΩ∞ Ì†ΩÌ±®Ì†ºÌøª‚ÄçÌ†ºÌΩ≥
B_x9TPMMqzo WAS ist in diesem KOFFER?
BgBAUW8Rk7c Die WAHRE Bedeutung von Emojis! Ì†ΩÌ∏≥
BhI1teWx-4I Werden Sie uns kriegen? | Varo 4 #2
BieUUT5quGs Ein Tag essen wie in Frankreich Ì†æÌ¥î Ì†ºÌ∑´Ì†ºÌ∑∑
Bnd5042BygU SLITHER.IO HACK - PLATZ 1
BtTfd8_fzE8 POLIZEI VERFOLGUNGSJAGD
C-4IwIEc6sw Wer hat DAS gepostet? Ì†ΩÌ∏≥
C0Jtt5D8LLE OH OH.. Da sind NAMEN!!! - VARO #14
CKr-gPBQpcU MODS in GTA V - ZERST√ñRUNG !!!
CPjG-d8eYPs SUPER SECRET SETTINGS in GETDOWN
CQ9Gm8lpHVo Diese FOLIE macht UNSICHTBAR (mit Luca) Ì†ΩÌ±ª
Cg7UNBb_JKs ACHTUNG: Dumm. (mit Sturmwaffel) | KranCrafter
CkHx3TDZ-cs Ein tag pers√∂nlicher Koch f√ºr eine Oma Ì†ΩÌ±µÌ†ºÌøª Ì†ΩÌ±®Ì†ºÌøª‚ÄçÌ†ºÌΩ≥
CkaSK1TDN2s Harry Potter QUIZ vs. KELLY ‚ö° Ì†ΩÌ±ì
CtSkM_B8NAM F√úRZE UNTERDR‡∑åKEN! Lustige Games - FL4SH
CyCK25OhFuE MEIN GEHEIMES TALENT..
D1OWMh3wLsA Das 100‚Ç¨ Steak (Wagyu)
D33tFfKOisM #MAUZ Trip! - Jump League | KranCrafter
D7eq6vO1tQQ VIER komplett ZUF√ÑLLIGE Spiele!
DB4yUxJcxTw GER‡∑åHTE Ô≤ær MICH Ì†æÌ¥î‚ùì
DGcSHAXFAhQ Q&A auf SCHUHEN mit ROLLEN?! - VLog
DMr22QiJkYA ZUF√ÑLLIG Essen bestellen mit meiner Freundin Ì†æÌµ¥ (nicht so lecker)
DOm3zWWAWBo 50% COIN CHALLENGE?! - Get Down
Db-UUb1-mEs STRAND & SCHNELLSTE Seilbahn! #MauzTrip Tag 4
Dfj_Jpr4BzE CC#2: STURMWAFFEL vs. KranCrafter - CREEPER!
DlFcDRBTySM MIKROFON in der Aufnahme KAPUTT?! - Get Down
E2EvhdlWMcI SCHLIMMSTE CHALLENGE (F5) !! - Get Down
E39xkN0BaG8 Meine Angst
E3OaUdGkaBU DOME YouTube KAKE (Versuche nicht zu lachen)
EC1_Ote5I0U Ein Tag pers√∂nlicher Koch f√ºr @TomSprm Ì†ΩÌ±®Ì†ºÌøª‚ÄçÌ†ºÌΩ≥Ì†ºÌΩó
EM6Yp4tnCGU Die Top 5 besten Food Hotspots in K√∂ln Ì†æÌ¥§
EQoXCCycsLA YouTuber TRINKSPIEL Ì†ºÌΩæ (Eskalation) Ì†ΩÌ∏Ç
ERNbW6SaqTI Wem geh√∂rt dieses LACHEN ?! Ì†ΩÌ∏Ç Ì†ΩÌ¥ä
ERxXSXaxaJ0 10 CHALLENGES in 1 VIDEOÌ†ΩÌ∏≥
ESlI-cSMsac DAS PROBLEM ... - VARO Training: QSG | KranCrafter
EwerNDiNnms Ich mache meiner Freundin die besten Pommes der Welt Ì†ºÌΩü
EzEd9wfcruw MEGA MLG KILL in SkyWars
F5o9cqhpyXY Luca und Max bestellen ZUF√ÑLLIGES Essen Ì†æÌ¥§Ì†ºÌΩ¥
FDVN6ueEv68 24h NUR EIS ESSEN Ì†ºÌΩ¶Ì†ΩÌ∏±
FKp6cVihOns Ich teste Gordon Ramsay's PIZZA & BURGER Restaurants Ì†ºÌΩïÌ†ºÌΩî
FNb-rEZ-Z-A YOUTUBER KNETEN #2
FWcFAOpMmco Dieses Auto f√§hrt an W√ÑNDEN Ì†ΩÌ∫óÌ†ΩÌ∏±
FY5RhIGsnc0 DANKE ‚ù§Ô∏è
FgvtyoAA38g Ich PROBIERE es WEITER ! - Get Down
FkE5mtzdX34 Ich teste das SCHLECHTESTE Restaurant in meiner Stadt Ì†ΩÌ∏ê (K√∂ln)
Fr-N1AfWyuw Ich bewerte das Restaurant von Nelson M√ºller Ì†ΩÌ±®Ì†ºÌøª‚ÄçÌ†ºÌΩ≥ Ì†æÌ¥§
G7O58B4EP6w Ich teste das BESTE Restaurant meiner Stadt Ì†æÌ¥îÌ†ºÌΩΩ
GCzZwaU5FKU Ein Tag pers√∂nlicher Koch f√ºr @Dave Ì†ºÌºÆ
GE7p6evlB2U Behindert sein, Singen und Minecraft TITTEN! (Titan) - Sky Wars
GOeOUxY9Uvg Ich teste das BESTE Restaurant in D√ºsseldorf Ì†ΩÌ∏≥ Ì†ºÌøÜ (Oha)
GY5EYCfR5ps Der WAHRE MLG K√ñNIG
GbNKyDqxLNE Ein Tag pers√∂nlicher Koch f√ºr @Falco Ì†ºÌ∑ÆÌ†ºÌ∑π Ì†ΩÌ±®Ì†ºÌøª‚ÄçÌ†ºÌΩ≥
Gcfzo8zfGp8 RAGE!! Mega Lustig :D - VARO Training | KranCrafter
GdVUy_sxHeA Ich habe den gleichen Burger TEUER und BILLIG zubereitet Ì†æÌ¥îÌ†ΩÌ≤∞
GmExVZUDoIc GEHEIMER STARBUCKS DRINK Ì†ΩÌ∏±Ì†ΩÌ∏ç ( HACK DIY )
GmfjwI3601w STREIT mit REWI ?! :( - WVP mit ConCrafter, Rotpilz, Jonah uvm. | VLog
Gt3uDcqmGC0 Erkennst DU diese YouTuber? (3 MERKMALE)
GuJyYzTwFWg Auf den D‡±åHERN von BERLIN chillen & VIDEODAYS B√úHNE - VLog | KranCrafter
H-hDP0k7SkI 1.9 PVP DUELL - NEUES PVP
H8a5tKawocs Wir zeigen euch unser B√úRO (@DAVE) Ì†ºÌΩù
HNAyywf8crU Wem geh√∂rt das BILD? Ì†æÌµµ Photo Roulette mit Rewi, Eskay und Dave
HOygkUlJxxc XXL ANTI SCHWERKRAFT BALLON Ì†ºÌæà Ì†ΩÌ∏±
HSD6or1qpHc Ein Tag essen wie in ITALIEN Ì†ºÌ∑ÆÌ†ºÌ∑πÌ†ΩÌ±®Ì†ºÌøª‚ÄçÌ†ºÌΩ≥
Hq7xDyX6C-Y Tot. | Varo 4 #5
HxqrGRr304M DUMMES Mini-TISCHTENNIS TURNIER Ì†ΩÌ∏Ç
I3LcMxV_FQA Dieser Sand kann nicht NASS werden! Ì†ΩÌ≤ß‚ùå
IENydmrO25M STADT LAND FlCKEN mit Rezo
IGlSPwbphgk WER KENNT MICH BESSER?! Ì†ΩÌ∏≥ (Luca vs. EsKay)
IGqYWaRvIZI LIEBLINGSMERCH? - Waldspaziergang
IPhh9T2nkHE BESTES TEAMWORK! & Schlimmer Part... - Jump League
IZXpQMXeqtc Ein Tag pers√∂nlicher Koch f√ºr meine Freundin Ì†ºÌΩú
IfaXlQtReg8 Wir probieren ALLES mit GESCHMACKSVERST√ÑRKERN Ì†ΩÌ∏≥Ì†æÌµ∞
Ifx_CfylkTc Diese STARS sehen aus wie YOUTUBER !! Ì†ΩÌ∏±
IoP5b6SsjFg RIESENK√ñPFE! - Head Soccer mit EsKay | KranCrafter
IsGV-ALYmTY Die LUSTIGSTEN Photoshop PRANKS Ì†ΩÌ∏Ç
IwJq_liqRwc SIE ERWARTEN UNS! .. R.I.P ?! - Titan #4
J0Bo2rh6zP0 EMOJI Quiz ‚ÅâÔ∏è Ì†æÌ¥î (+WASSERBÌ†ΩÌ≤£MBE)
JBTjSy_XX9U 1 Fehler = 1 Strafe Ì†ΩÌ∏≥ (mit LUCA)
JC4b_CcgPzE WELCHER YOUTUBER IST SCHLIMMER?Ì†ΩÌ∏Ö
JCeCnTe-4bY Die SCHNELLSTEN Arbeiter Ì†ΩÌ∏≥ - Mega Krass
JLjRIrOJGaw Wir WASSERKOCHEN Alles Ì†ΩÌ∏ê (Kein Spa√ü)
JLvDLLYUneo Unsere VARO Tode! & die K√ñNIGSDISZIPLIN! - VARO Training | KranCrafter
JNMWVb_r_kc versuche NICHT zu RAPPEN Ì†ºÌæ§Ì†ΩÌ∏≥ (Extrem Schwierig)
JU5ZHB7gl28 Wei√üt DU was DAS kostet?
JUEoMGmFiEo VARO KILL nach dem TOD?! Ì†ΩÌ∏≥
JXEwFlP3GqE Ich erfinde ein Gericht aus 100 Zutaten Ì†æÌ¥§
JXhoyps3KPs Wie bewertet ein Restaurantkritiker ‚ÅâÔ∏è Ì†æÌ¥î
JkuC-oKx100 WIESO KANN ER DAS
K3mHWVF9Qug Aua. Schmerzen f√ºr Pizza! Q&A
K9EjTqU3L4U 5 UNBEKANNTE SUPERMARKT ARTIKEL Ì†ΩÌ∏≥ Ì†ΩÌ∏±
KUYGHNQTD_g SNAPCHAT R‡øåkw√§rts-CHALLENGE!
Ka9QiU6h7Yw 7 SEKUNDEN CHALLENGE
KbkKmF5819g BESSER ALS AGARIO
Kg5L4avSG6k Ich teste @MrBeast's BURGER Ì†ºÌΩî Ì†æÌ¥î
Kimf_BqKAY4 ‚ö´Ô∏è Das SCHW√ÑRZESTE Schwarz der Welt ‚ö´Ô∏è
KjOKfKbNHEs ALLEINE gegen 20 MONSTER | Nero #14
KpxKJDXiwcY Was passiert hier?
KrmGIZVmojI Ich bestelle was die Person vor mir bestellt hat Ì†ΩÌ∏Ö
KtThGPzck2A Wir bestellen dem anderen UNBEKANNTES Essen Ì†æÌ¥î Ì†æÌ¥§ (mit @Dima)
KxKACNBdDZU Sturmi ist ein Tag MEIN pers√∂nlicher Koch Ì†æÌµ∞Ì†ºÌΩù
LArDydJ10UE meine PEINLICHE Beichte .. Ì†ΩÌ∏±Ì†ΩÌπä
LD3mI4RkKqk ALLE 6 NEUEN MAPS in GetDown
LG-OdupzNTo HEFTIGSTES MASSAKER mit Sturmwaffel! - Crazy Walls Lucky
LOz0SYV0ARo ST√ÑRKER ALS JEDES SCHWERT
LRbJXv8NXjE Ein Tag pers√∂nlicher Koch f√ºr einen Hund Ì†ΩÌ∞∂
LTgKE24PVkk ZOCKZIMMER & W√úRFEL Challenge - Get Down mit EsKay
LgLv46Sj2qo YouTuber STRICHM√ÑNNCHEN Teil 2 Ì†ΩÌ∏Ç (mit Luca)
LlDEGrF_X8w Community Clash - TRAILER
LtPb_jXGUe4 NEUER M‡±åHTIGER BLUTORB | Nero #10
LzcRBKGMcXE WASABI Challenge Ì†ΩÌ¥•Ì†ΩÌ∏± (Extrem Scharf) | MAUZ #2
M-jrUEyukgI Q&A MIT CONCRAFTER
M0XYgP5se1Y TODESKAMPF IM NETHER | Nero #8
MDXWxMRIZbo VR-BATTLE MIT LUCA Ì†ΩÌ≤•Ì†ΩÌ≤™Ì†ºÌøª
MHxIOQuKbGw Ein Tag pers√∂nlicher Koch f√ºr einen Sternekoch Ì†ΩÌ±®Ì†ºÌøª‚ÄçÌ†ºÌΩ≥‚≠êÔ∏è
MaCoFvDu60c YOUTUBER DART CHALLENGE  Ì†ΩÌ≤• Ì†ºÌæà (mit Kelly & Sturmi)
MbI7pczTHkU Erkennst DU diese YouTuber?! (Schwerste Version)
MvcubVjWpCA Ein Tag pers√∂nlicher Koch f√ºr meinen Paketboten Ì†ΩÌ≥¶ Ì†ΩÌ±®Ì†ºÌøª‚ÄçÌ†ºÌΩ≥
MyB1o3cCfa0 Meinung zum LIONT DISS - Eis, Fragen & Longboard | KranCrafter
N63vSU0x9Vk Ich Ì≤æRRASCHE Sandy, Rob & Rewi mit EIS Ì†ºÌΩ¶
NCXWckOr3EI 24h ESSEN TAUSCHEN mit KELLY Ì†ΩÌ¥Å Ì†ΩÌ∏±
NEn9apBdfyw Ich wurde betrogen
NGUlWxGd9Ho Ein Tag nur Influencer Produkte Essen Ì†æÌ¥§ (Teil 2)
NPLqaCNqzFg OP Gegner OHNE Waffe BESIEGT! - SkyWars
NT307t7yP9M 24h NUR KAFFEE TRINKEN Ì†ΩÌ∏±‚òïÔ∏è
OJcZIzoSm80 Das SCH√ÑRFSTE Essen der Welt Ì†ºÌº∂Ì†ΩÌ¥• (mit Jana und Myci)
OOApkAYDEx0 Alleine. | Varo 4 #6
OckeQDDe8Qs H√ÑNDE Ô≤ær KREUZ (+PRANK)Ì†ΩÌ∏≥ | MAUZ #6
OjA5hoSEIlY Was ist los? Update!
OkTQjTGjgmI ALLES EXPLODIERT! - Turbo Dismount
OlJTjQLdR8M UNTERIRIDISCH Trampolin Springen! #MauzTrip Tag 3
OmyLA4uA8i8 KARTRENNEN mit EsKay! - Jump League
P490iUCN8tY Ich teste die FOOD TRENDS der Zukunft Ì†æÌ¥§Ì†ºÌΩï
P72v43k1aFA 24h LEBEN TAUSCHEN mit KELLY Ì†ΩÌ¥Ñ (1/3)
P9a-jJFrDNU F√ºr DIESE YouTuber ARBEITE Ich Ì†ΩÌ∏± Ì†ΩÌ∏µ (kein Witz!)
PBAtWdEleCY Ich lebe einen Tag in den 90ern ‚è∞ (mit Jana, Sturmi, Kelly uvm.)
PM0u7dse6wA KOMISCHSTER GetDown SIEG?!
POVQTVrSzkU MEGA SCHUSS & Perfekte Runde! BedWars mit STURMWAFFEL | KranCrafter
PXVhHKJFLwE EXTREM Versuche nicht zu LachenÌ†ΩÌ∏±
Pf51pEJ3YPs BESTELLEN vs. HELLOFRESH ‚ö°Ô∏èÌ†ΩÌ±®Ì†ºÌøª‚ÄçÌ†ºÌΩ≥ (mit Sturmi)
PizQyfT53TA ERSTES MAL CHALLENGE - Singen, Musically..
Pq-nt7XWYUY Ich koche GEGEN einen Sternekoch ... Ì†ΩÌ∏Ö
PyX32tHdHco Die LUSTIGSTEN Siri Fragen Ì†ΩÌ∏Ç
PzE5b11vk_A GESCHENKTE R√úSTUNG & HAUSBAU | Nero #16
PzuL9_D_Xas BILOU SPRENGEN (Experiment)
QEtuRKnLCBI REWI ist DUMM & NEUE ITEMS?! - GetDown
QI7hTJn3eUI Dieses T-Shirt kann nicht DRECKIG werden ‚ùå
QI8lO2y4djI HACKER Down & ALLEINE in TEAMRUNDE?! mit Jonah
QaZK9AJQYww Ein Tag pers√∂nlicher Koch f√ºr @LUCA Ì†ºÌΩù
Qlhu6kyeHlQ 4 vs. 4 XXL Jumphouse BATTLE
QrJ9Tttc7v0 QUADBIKE in den BERGEN! #Mauztrip Tag 2
Qwc9zWB03gU KAMERA F√ÑLLT INS WASSER!1! - VLog | KranCrafter
R8scSqRWUlM VARO 4 \
RAgReSFJCM0 Mit diesem KLEBER h√§lt ALLES ! Ì†ΩÌ∏±
RHV8kfcCgfI SCHWANGERSCHAFTSTEST Ì†ΩÌ∏±  - Was ist in der Box? (mit Jana)
RQliSfEBg4Q SPIELZEUGAUTO SCHLACHT mit Luca
Ro4Z-yj0Cas Wir mussten uns schlagen ... @Gronkh @selfiesandra @Pandorya
Roszsx8Wezg Ein Tag essen wie in Amerika Ì†ºÌ∑∫Ì†ºÌ∑∏Ì†æÌ¥§
S-lVdCD8lLA BLUTALTAR LVL 2 Vorbereitungen | Nero #9
S4xPPnIhVcc CC#6 TOTALE ZERST√ñRUNG!! Boom Petrit!
SJZDmirbSBI Der D√úMMSTE Musical.ly Trend
SPxL78lXaBI DAS wollte ich NIEMALS wissen..
ShvWlhyDbGc JUMP'n'RUN mit CONTROLLER - RAGE!!
SmMrIpkWxRY AGAR.IO : Rewi & Ryole vs. Peterle & KranCrafter
SrW-jYcW6MI UNTERWASSER SINGEN Ì†ºÌºä mit Jodie, Rewi & Dave (Challenge)
St9CDSU-OCQ Ein Tag pers√∂nlicher Koch f√ºr @Fritz Meinecke Ì†ºÌΩ≤
TGfGMCo8K04 DURCH W√ÑNDE GEHEN IN MINECRAFT (ohne Hacks)
Ti3JfatAaRY Ich OPFERE mein BLUT | Nero #4
Ti3yf_D4cZc Mit diesem STROHHALM kann man ALLES trinken ‚ò†
Tih5yfxgAq8 BEDWARS MIT KITS! Franz schreit wie ein MÏìúHEN?! - Lights Out | KranCrafter
ToM4IcyxS5w Basketball REAL vs. DIGITAL Ì†ºÌøÄ
TwE4B8i_8HM Ein Tag nur ZUF√ÑLLIGE GERICHTE kochen Ì†ΩÌ±®Ì†ºÌøª‚ÄçÌ†ºÌΩ≥
UHKW1m2VGO4 TELEFON PRANK Ì†ΩÌ∏Ç
UIAcQYMiX3A Pok√©mon GO auf dem MEER
UUf4RV078e4 RICHTIG ODER WASSERBOMBE Ì†ΩÌ≤¶ mit YOUTUBERN
UrZ27rsUlgg ASOZIALSTE GEGNER...
Utn4blb4gQ4 KELLY's UNTERW√ÑSCHE Ì†ΩÌπä - 24h LEBEN TAUSCHEN (3/3)
Uvq3sze69RY H√ñHENANGST Test in VR Ì†ΩÌ∏± ‚òÅ
UzaqXpiMnw8 Preise von FRAUENPRODUKTEN erraten! Ì†æÌ¥îÌ†ΩÌ≤∞
V1nOKdpIE6I Ein Tag lang nur Influencer Produkte Essen Ì†æÌ¥§
V8cZgByumaQ EPISCHES INTRO f√ºr VARO ! + Wir ZERST√ñREN! - Survivalgames | KranCrafter
VEj797lGbgg krasse COCA-COLA Gadgets (+EXPLOSION) Ì†ΩÌ≤•Ì†ΩÌ∏±
VFkCu7qMbu4 ICH. DREHE. DURCH. (mit/wegen LUCA)
Ve2oIELhhRc BESTES Brudi Team! Lucky Block Crazy Wars
VkS-VquhQKQ Ich teste das LUXUS Sushi in meiner Stadt Ì†ºÌΩ£Ì†ΩÌ±®Ì†ºÌøª‚ÄçÌ†ºÌΩ≥
VlUBJ4N7sl8 MEGA COMEBACK! + Fails ... - BedWars
VqDpSDQ1580 YouTuber Starterpacks ERRATEN
VswPUH-kRrQ MEINE Arbeit in der ZUKUNFT?! JOB/Studium - Get Down
VuHvYkPnuvQ SEIFENBLASEN Tennis Ì†ΩÌ∏± Ì†ºÌææ (mit Luca & Eskay)
WH3Hb-I-Dw0 ‚ùå NICHT ANKLICKEN ‚ùå
WNQvHr3UNIs CC#4 SHOWDOWN mit ROTPILZ! DDOS?!
WV9fw7xysNE Fr√ºhst‡øåken mit JEREMY FRAGRANCE Ì†æÌ¥Ø (es eskaliert komplett)
WbpFXHgz4MI WTF: \
Wf3eSsRG7FU Wie man SkyWars NICHT spielt!
WhSyc4s4H8c Wenn Taddl nicht Thaddeus hei√üt, dann..?
WqsGQaho3Sg RIESENHALLE ERKUNDEN! - Minecraft Titan #3
WuE8wBPjTBM EIS aus ALLEM Ì†ºÌΩ¶Ì†ΩÌ∏ç (Nutella etc.)
X0TmNRK5VkU SOFORT DIAS | Nero #1
X2B7ghOP9aI BURGER DUELL vs. @Sturmwaffel Ì†ºÌΩî ‚ö°Ô∏è | Food Battle #1
X2rY1KxLrM4 Ich teste ESSBARE Seifenblasen Ì†ΩÌ∏ç
XB1e7BWjmZk Ich habe @DAVE  mit einem privaten Dinner Ô≤ærrascht Ì†ΩÌ±®Ì†ºÌøª‚ÄçÌ†ºÌΩ≥Ì†æÌµ∞
XCNkoJoMzro LAMBORGHINI CHALLENGE  Ì†ºÌøé Ì†ΩÌ¥•
XO6PxNFlDiw OP ANGEL-TAKTIK in GetDown!
XUwThyf9Sdw Was ViceVice wei√ü.... VARO #17 | KranCrafter
XYcGWf9vBN0 Ein Tag mit 10 JAHRE ALTEM iPhone Ì†ΩÌ≥û‚è∞
XYz5ckyZttw BUBBLE FOOTBALL gegen CONCRAFTER! (+Peterle!) - Action House #1
XhhHxdKwUn4 Wir bestellen ALLES bei Five Guys Ì†ºÌΩî Ì†æÌµ§ (mit Sandy und Dave)
XmUmUz8vQJ8 ULTRA LUSTIGE KOCH-CHALLENGE mit LUCA Ì†ΩÌ∏ÇÌ†ΩÌ±®Ì†ºÌøª‚ÄçÌ†ºÌΩ≥
XwyWoG7UMkY Ich bin S‡∑åHTIG! - Get Down
XxlCmBUMZyo LUCA oder ICH ?Ì†æÌ¥î
Y2cTuPOlSqY PANCAKE BATTLE vs. STURMI Ì†ΩÌ≤• Ì†æÌµû | Food Battle
Y3idZUmPvQA KART WETRENNEN! mit meinem BRUDER! - Action House #4
Y5HdJAq9F1I EIN TAG auf SYLT! mit ConCrafter | VLog
YB3AyDPOh5c Wir TOASTEN Essen, das man nicht Toasten sollte ... Ì†ΩÌ∏ê
Z5slh1jRAQE Das Lieblingsrestaurant von Justin Ì†ΩÌ±®Ì†ºÌøª‚ÄçÌ†ºÌΩ≥
ZHAYeBFMyd0 Ich teste SHIRIN DAVID's Food Hotspots Ì†æÌ¥§Ì†æÌ¥∞Ì†ºÌøª (oha war das lecker)
ZSaZovdN1Ck Ich mache Luca den BESTEN BURGER der Welt Ì†ºÌΩî
ZSefRe54zW8 BEKIFFTER Polizist - GTA V
ZTzGSWzD2Xs Ein Tag pers√∂nlicher Koch f√ºr JUMBO Ì†ºÌΩî
ZUZg4_6d_xk EsKay VERARSCHT! - Bedwars 1 vs 1 | KranCrafter
ZxWlzlChMpU BIBI NACHSCHMINKENÌ†ΩÌ∏Ö
ZzAvr_Ii5zw B√ÑR, FIFA, QUATSCH
_4x8S5g2EqE Wer L√úGT besser? mit LUCA (Teil 2)
_BdKsuxGJgg Ein Tag pers√∂nlicher Koch f√ºr meinen Bruder @EsKay Ì†ΩÌ±®Ì†ºÌøª‚ÄçÌ†ºÌΩ≥Ì†ºÌΩù
_Bg8uSW3qLQ Wir ENTSAFTEN Dinge die man nicht entsaften soll Ì†ºÌΩ´ (Bueno, Gummib√§rchen)
_CerLxte-I0 Ich teste MIAMI Food Hotspots Ì†æÌ¥§ Ì†ºÌ∑∫Ì†ºÌ∑∏
_DILwfrCgR0 ZERST√ñRT von ENDERDRACHE?! - Crazy Walls
_D_aZUtexJ0 Ich habe ALLES beim VEGANEN Burger King bestellt Ì†ºÌº± Ì†ΩÌ±®Ì†ºÌøª‚ÄçÌ†ºÌΩ≥  (und die H√§lfte nicht bekommen)
_HtsdzV5028 LUCKY BLOCK TNT TROLL
_PCF8B8gqsc Ein Tag pers√∂nlicher Koch f√ºr @Victor Braun Ì†ºÌΩ≥
_YQ3b8Yxq24 Wie schmeckt 100-Stunden Lasagne ‚ÅâÔ∏èÌ†æÌ¥î
_mytqEYnC9U KURZ VOR DEM ZIEL... | Nero #7
_uTpIKQgCHc Ein Tag pers√∂nlicher Koch f√ºr @mooo Ì†ΩÌ±®Ì†ºÌøª‚ÄçÌ†ºÌΩ≥
_v1FdpYuZGw ALLES MACHEN WAS MEINE SCHWESTER WILLÌ†ΩÌ∏≥
a9KN8HoOLb4 Wie man S√º√üigkeiten NICHT essen sollte..
aDVI7Exfnmk Wie schmecken 50-Stunden Tacos‚ÅâÔ∏è Ì†ºÌºÆ
aS6SKjBXCJ0 WAS WAR DAS?! | Nero #11
adRlCC-qpoM MEINE FREUNDIN LUCY
aq2_dEBgPeg LEGO RENNWAGEN BATTLE (Oskar vs. Max) Ì†ºÌøé Ì†ΩÌ∏≥
avDEniFVAGQ Wir testen ESSEN aus DOSEN Ì†æÌ¥¢ (mit EsKay & Dave)
b2k4lQYBnlA Ein Tag pers√∂nlicher Koch f√ºr @Evanijo Ì†ΩÌ∞∑Ì†æÌ¥§
b2kUH9bnuyU Outtakes: DROHNE ABGEWORFEN ?! - Action House
b3SLVHc22Yc TODESKAMPF | NERO #15
b5VhNWm7lMo Ich habe eine Pasta im 10kg K√§se gekocht Ì†æÌ¥§ Ì†æÌ∑Ä
b6EAy5qmSuw CC#5 ULTIMATIVER MOVE gegen GOMME!
bSXevdEjnGE Nerfgun SCHLACHT + Geheimprojekt Planung in Berlin! mit ConCrafter uvm. | VLog
bbv8d11xrYo NUMMER VERÛñøæNTLICHT PRANKÌ†ΩÌ∏Ç
bhDDrxiuRUM ESSEN an ASMR erraten Ì†ºÌΩî Ì†ΩÌ¥à (mit Luca)
blpLu29Ot3s EKEL PONG mit LUCA
cEzLdFzhzyk Erkennst DU die SPRACHE ? Ì†æÌ¥îÌ†ΩÌ∏≥
cS7rUipsUuE Alles l√§uft schief :(
cSfb8mhII1k Das VERR‡∑åKTESTE VARO..
cdvUaT-qO50 Super Mario Run - 10‚Ç¨ VERSION Ì†ΩÌ∏≥
cgBh8UDv_LY PARKOUR NERF SCHLACHT! mit JonahPschl - Action House #2
ciJMXycMkts Wer L√úGT besser ?! Ì†ΩÌ∏± (Luca vs. Max)
cjehjTYxcYI Mein SONG f√ºr KELLY Ì†ΩÌ≤ïÌ†ºÌæ∂ - 24h LEBEN TAUSCHEN (2/3)
ckVSQiqVS9w In diesem Restaurant sieht man NICHTS Ì†ΩÌ±Ä‚ùå (Dunkelrestaurant)
cmda0F4jPLo EKLIGE STINKFRUCHT ESSEN Ì†ΩÌ∏≥Ì†æÌ¥¢
cq0mdthqfho Gedanken, meinen KANAL zu L√ñSCHEN?!
cw3QjfKsaYc PETERLES GEHEIMTAKTIK ! Bedwars 1 VS. 1 ! | KranCrafter
d4RMRSqH30E Ein Tag pers√∂nlicher Koch f√ºr @BeastKitchen Ì†ΩÌ±®Ì†ºÌøª‚ÄçÌ†ºÌΩ≥
dC3zuABYQzo Es ist vorbei
dFy7XS0EBcM SCHLECHTESTE Erste Folge!? - Titan #1
dMp5zQy8tPM ‚ö´Ô∏è GANZES OUTFIT mit SCHW√ÑRZESTEM SCHWARZ DER WELT anmalen ‚ö´Ô∏è
dOifjuGgpHI SPRAYEN mit ConCrafter ! #MauzTrip Tag 1
dSqt9Orz4WU Kein VARO, Ank√ºndigungen und Dummheit
dfcUSh3QcSQ Pisser bei den VideoDays
dkOKzRhXkug Tanzverbot als F*CKBOY Ì†ΩÌ∏Ç (Photoshop mit YouTubern)
dnnuFrnzTRY 24h WIE EIN MILLION√ÑR ESSEN  Ì†ΩÌ≤∏
dqYkylv2Rls Ein Tag Essen f√ºr 1‚Ç¨ Ì†æÌµ¥
dzVXLspSTMM Das D√úMMSTE Switch Spiel
e-ZxrDj5Kes Kennt Luca mein Geburtsdatum?
e5hGyKsFweQ Einen Tag auf TINDER als FRAU Ì†ΩÌ∏±
eA6c4mAoQNc Was f√ºr ein NOOB!
eOnY2FaKpfs LIPPEN LESEN CHALLENGE Ì†ΩÌπâ  Ì†ΩÌ±Ñ (extrem schwer)
ePFMnetdIfE HOCHHAUS RUNTERLAUFEN mit LENA! - Action House #5
eUUCyxbyzG0 Luca und Max in HANDSCHELLEN! | NERVE - Challenge5/9 | #WatcherOrPlayer
e_Z-eEb2mLM ERSTE VIDEOS NACHMACHEN!Ì†ΩÌ∏Ç
f21SN-iQ98s Ì≤æRLEBE ICH ?!! | Nero #17
fIilaPHGnaw ZUF√ÑLLIG BESTELLEN mit PROFIKOCH Ì†ΩÌ∏≥Ì†æÌµû
fJnwpgMaHOQ FALLSCHIRMSPRINGEN mit DIANA - ActionHouse #3
fKkwe6m6cKI NEUE WOHNUNG
fNYbbvNOGm0 YOUTUBER sind TOT & SCHWUL.
fcbOcFIdru8 Die 5 SCH√ñNSTEN YouTube-Momente
fegrVuBFv_s Top 5 NUTZLOSE Handy Apps
g3D-bnvghv0 Ich teste H√úTTEN Food Hotspots Ì†ºÌ∑¶Ì†ºÌ∑π ‚õ∑
g6vk6fiB_jQ Ein Tag 5‚≠êÔ∏è-ESSEN Bestellen Ì†æÌµ∞
gL9qyqvy0sQ Ein Tag pers√∂nlicher Koch f√ºr @Marc Gebauer Ì†ºÌº∂
gUUdaqvtYxQ Ich bin dumm.
gVI0ZmCEOWs WER IST BER√úHMTER?
gpASNfspMks Ein Tag pers√∂nlicher Koch f√ºr @rewinside Ì†ΩÌ±®Ì†ºÌøª‚ÄçÌ†ºÌΩ≥ Ì†æÌµ¨
gwo-XTPzSzs Kommt wieder MINECRAFT? + Pl√§ne!
gxQmPGO3-vk Ich teste das BESTE FR√úHST‡∑åK in meiner Stadt Ì†æÌ¥§ (Sternerestaurant)
h3GaSZoQWW8 ENDLICH Video mit ROTPILZ! DUELL! - Jump League | KranCrafter
hA7eSSCRqAQ DUNGEON Ende & PORTALSTEIN! | Nero 18
hGGMuYSnGTc COLA FANTA SPRITE SELBST MACHEN mit REZO Ì†ΩÌ∏±  (CHAOS)
hO7vwy5h7ac Ich esse die beste Pizza der Welt Ì†ºÌΩï Ì†ºÌºé
hVOh79hjzco DAS war im 10‚Ç¨ Ì≤ærraschungspaket Ì†ΩÌ∏ß Ì†ΩÌ∏ç
haWSrzUo-_g Wir SODASTREAMEN Sachen die man nicht soll (Kaffee, J√§germeister, ...) Ì†ΩÌ∏∂ @Sturmwaffel
hb2OeowVf1M #MAUZ, Krieg, Homosexuali√§t - Reden Ô≤ær Themen
hbuKGARzFPs Keine LUST mehr auf MINECRAFT?!
hctlbL_JWUg RAGEN , KASSIEREN & AUSTEILEN ! - Ranked PvP | KranCrafter
hhBF7SfrBvs Wie schmeckt  30-Stunden Pizza ‚ÅâÔ∏èÌ†æÌ¥î
hihJI53nERE HATE-Kommentare von LUKAS RIEGER Fans
hn2gS6HTj0k Wir haben's drauf! - Rocket League mit Sturmwaffel
hzU1q_I2kbk Ein Tag 0‚≠êÔ∏è-ESSEN Bestellen Ì†æÌ¥î (Ì≤æRRASCHUNG)
i2IHHqFBS3I Eine Nacht im WALD Ô≤ærleben Ì†ºÌºôÌ†ΩÌ∏± GO! #1 mit @Dave
iMPmEx7ndnY VARO Training: Unser TEAMNAME ! | KranCrafter
iMegjJN4ME0 Ich habe ein KOSTENLOSES Restaurant erÔõønet Ì†ºÌΩîÌ†ºÌΩü (1 MIO SPECIAL)
iNErnrrCycs YOUTUBER KNETEN
iOeyDu4mnGY ALLE MOBBEN MICH! - Master Builders
iXb9swkyCuU Ich teste K√§se und Wein f√ºr 1.000‚Ç¨ Ì†ΩÌ∏Ö Ì†ΩÌ≤∞
ify9NppaDmc Ein Tag pers√∂nlicher Koch f√ºr @TONIA Ì†ºÌºØ
j3RUcmUbjrM Ich bewerte das Restaurant von @JP Performance Ì†ºÌΩîÌ†æÌµ§
j8tlcZ1-QgA Was EUCH an MIR ST√ñRT!
jB83hmHZyo8 (CHAOS) Wer-Bin-Ich? + Luca & EsKay Ì†ΩÌ∏Ç
jJgSAIrMKUQ MIT FLASCHE BEWORFEN
jQj7Td02wsQ VERARSCHEN?! | Nero #12
jTX83-54hEM TIERQU√ÑLEREI? - #StopWildIsland + Product Placements! #redmalmax
jW0lqU0VyOc BIBI'S KOMMENTARE ..
jdM9e67PRCE Dieser BALL ist UNZERST√ñRBAR ‚ùå Ì†ΩÌ≤•
jkWarjDihGI Wir testen 0‚≠êÔ∏è Restaurants Ì†æÌ¥î (mit LUCA)
jrcrkTeuF5w AUS DEM NICHTS! SkyWars mit STURMI | KranCrafter
jxSSNbEtNbM Ich probiere XATAR‚Äòs K‡ΩØtespie√ü Ì†æÌ¥î (er macht ihn f√ºr mich)
k3k0729mj3Q Die SCHLECHTESTEN Rezepte ausprobiert Ì†æÌ¥¢
k81f8UMFG5U Die BILOU-CHALLENGE... | Varo 4 #7
k85xTfxHHH8 iPhone X DOSENWERFEN Ì†ΩÌ∏± Ì†ΩÌ∏≥
kUbV02UNUGw Es BRENNT wieder! - Get Down mit Sturmwaffel
kbzL0vczLkI Wer kann besser L√úGEN?!Ì†ΩÌ∏±
kfUYqJ6Nz0E Ich teste INFLUENCER-Neuheiten Ì†æÌ¥î ‚ÅâÔ∏è
kqq8nwwwCC8 Vom BRUDER GEKILLT?! - Minecraft IN TIME mit EsKay | KranCrafter
kx-Zk0UfOao 20 Lagen T-SHIRTS?!Ì†ΩÌ∏≥Ì†ΩÌ±ï | MAUZ #4
l3LmBbbTcLE Ich bewerte das Restaurant von Gordon Ramsay  Ì†ΩÌ±®Ì†ºÌøª‚ÄçÌ†ºÌΩ≥ Ì†ºÌ∑¨Ì†ºÌ∑ß
l6z12zfVCBs Ich habe das Handy von Gewitter im Kopf (Tim) zerst√∂rt Ì†ΩÌ∏Ö + Mein 1. Mal im TV | Reaktion
l7wtlDOqpvA Ein Tag pers√∂nlicher Koch f√ºr Kinder Ì†æÌ∑íÌ†ºÌøªÌ†ΩÌ±∂Ì†ºÌøª
lKpgbOoAKl8 EIER ROULETTE Ì†ΩÌ∏ÇÌ†æÌµö (+Tattoo Strafe) Ì†ΩÌ∏≥
lPi2zCkxJqo TONI und MAX essen D√∂ner & trinken Bubble Tea Ì†æÌµôÌ†æÌµ§
lXPPCQchUGU ERFOLGREICHE HEIMKEHR?! | Nero #20
lbez91J3Lfk YouTuber an 3 Merkmalen erraten mit @LUCA Ì†æÌ¥™
leOfphrhWgo FUÌæ∫LL-CHALLENGE IM HAUS mit Luca
lejv0Q7kfW0 XXL Stadt, Land, YouTuber ESKALATION Ì†ΩÌ∏Ç Ì†ΩÌ∏≥
m8lrJXk1nxQ Ein Tag lang nur das G√úNSTIGSTE im Restaurant bestellen Ì†ΩÌ∏Ö
mIcXPcY6qZM LUXUS Fertigessen vs. KLASSIKER mit @CrispyRob Ì†ºÌΩùÌ†æÌ¥§
mOr7LU3Hw-k YOUTUBER Photoshop TROLLING Ì†ΩÌ∏Ç
mWN1bTahsWM Luca-Pizza WETTESSEN mit STÏíºHEN Ì†ºÌΩï Ì†ΩÌ∏±
maUZmMIk3fY ALS SPY AN DEN GEGNERN VORBEI mit Peterle! - BedWars / LightsOut | KranCrafter
miOVIHuEx_o Ein Tag pers√∂nlicher Koch f√ºr @Dima Ì†ºÌΩ≤
mlWt6AkpwLE CANDY vs. CREME ‚ö°Ì†ºÌΩ≠ (Test)
mnyz_a8WqKk AUSTAUSCHPARTNER getroffen! Er BELEIDIGT mich ?! :D - VLog | KranCrafter
n140jrdgia8 TIMOLIA TEAM TURNIER! 2er Team mit minusduude! | KranCrafter
n5nzbrh--mM Ich wurde ABGESCHLEPPT! - Reallife Story
nC9kgfAOLYg YOUTUBER STARTERPACKS ERRATENÌ†ΩÌ∏Ç
nOTzJCrf-8E 1-Stern Rezepte KOCHEN Ì†æÌ¥¢
nSJn5pczEao FAMILIEN Wer-W√ºrde-Eher Ì†ΩÌ±®‚ÄçÌ†ΩÌ±©‚ÄçÌ†ΩÌ±ß‚ÄçÌ†ΩÌ±¶ (mit MAMA & SCHWESTER)
nYinwV4SvXM Erkennst DU diese YouTuber ? 113% UNM√ñGLICH (FaceApp)
n_C89haPr4Y TOUCH MY BODY geht SCHIEF
neKioxd6djc Wir SODASTREAMEN Alles Ì†æÌ¥Ø (au‡∑ær Wasser) mit @Sturmwaffel
nekrA5Boksw DESHALB habe ich keine Videos gemacht...
ngMPjJ8LmF4 KEIN Aprilscherz: Minecraft!
niq8uG2SiX0 MAUZ HOCHZEIT?! + HELFT UNS! | VLog
npdIoZI4jhE Snapchat WAHRHEIT oder PFLICHT
nqW6XeS7BzE Ein Tag pers√∂nlicher Koch f√ºr @Smiley Ì†ΩÌ∏Å Ì†ºÌºØ
o-1ws-O2gmw Ein Tag in 0-‚≠êÔ∏è Restraurants essen Ì†æÌ¥î (noch nicht bewertet)
o0j2gQ0aV9E S√úSSIGKEITEN aus PULVER + WASSERÌ†ΩÌ∏≥
o10MXV8XR2g KOKS GEFUNDEN
o9efTjqQ7hE ENDLICH GEFUNDEN ! | Nero #19
oeEn-_JQIz8 DIE GRO‡∑æ ANK√úNDIGUNG
of_KnofjAHw BERLIN TRIP! Burger & Boot! - VLog
oj4m-SKF2JA DIANA bekommt 'nen BART !
osudgIAqpvA WENN ICH DU w√§re (mit Emrah) beim Harry Potter: Wizards Unite Event
oup3oajB9zE Die VERR‡∑åKTESTEN Snacks aus USA Ì†ºÌ∑∫Ì†ºÌ∑∏ Ì†ºÌΩ≠ (mit Luca)
p3-qCafU424 Ich habe Influencer Produkte zu einem GERICHT kombiniert Ì†æÌ¥§ Ì†ΩÌ±®Ì†ºÌøª‚ÄçÌ†ºÌΩ≥
p9wsbmpTH3c 200k SPECIAL! BEST OF und VERLOSUNG!
pBy8WqXMHPc Pok√©mon GO HACK
pFP4DeA0-h8 FR√úH STERBEN?! Meine LIEBLINGSLIEDER! - VLog | KranCrafter
pUcVfwRvb5U Ì≤ærraschungsdinner im LIEFERWAGEN Ì†ΩÌ±®Ì†ºÌøª‚ÄçÌ†ºÌΩ≥Ì†æÌµ∞
pWeu69RD_5k BADEN in SCHLECHTEN Videos
pp9AGHPZ02s Zum ersten Mal ROCKET LEAGUE! mit Sturmwaffel
pw9Iuh_Gupo Ì†æÌ¥£Ì†æÌ¥£ DANK MEMES - Versuche nicht zu Lachen
pzI5ImXUEEw KS-FREAK L√ñSCHEN!
q4DfF8-3zbk ACTION House Teaser
q6AjuY4fozo Bilou BACKPFEIFEN Challenge Ì†ΩÌ∏Ç
q6nVtRoAd_Q D√úMMSTES VIDEO.
qE8I9_uriiA FL√úGEL TNT BOOST in SkyWars
qHMNlzBr3VY Ich teste die beste Pasta in meiner Stadt Ì†ºÌΩù
qK0voi7SWNU SOWAS nennt sich YOUTUBER?! ...
qPFheqFaEZs SHOOTING mit LUCA & Unlocked Dreh
qatn6c3bgYI YouTuber Zeichnen LACHFLASH Ì†æÌ¥£ (mit Luca und EsKay)
qlKfUDrvKqQ Wieder VAIREINT!
qvBnEnH56-8 WAHRHEIT oder L√úGE ?! + SCHLEIM Ì†ΩÌ∏± Ì†æÌ¥¢
qvM9uefKfYw ZUF√ÑLLIG Sushi bestellen mit SANDRA Ì†ºÌΩ£ (wir haben komplett Bock drauf)
qwnIVFukSnk LUCA VERÛñøæNTLICHT DEN SERVER? Ì†ΩÌ∏Ç | Varo 4 #8
qxyP-bG4AAI KRANKER START - Schonwieder & MAUZ FanFictions ?! - Get Down
qzoMK5ctH0A XXL TRINKSPIEL mit Kelly, Myci & Eskay
rEKuj7BIcTY GL‡∑åKSRAD PIZZA BESTELLEN Ì†ºÌΩÄÌ†ºÌΩï
rPnMH2bNjzI OP SCHWERT, DUNGEON & DORF | Nero #5
rTV0A6M3dUg Ein Tag pers√∂nlicher Koch f√ºr @World Wide Wohnzimmer Ì†ΩÌ±®Ì†ºÌøª‚ÄçÌ†ºÌΩ≥
rUtQ5U0Y4oY Spiel mit dem Ball um EIS zu machen Ì†ºÌΩ¶
rYG2qIUmue4 Ein Tag pers√∂nlicher Koch f√ºr Eko Fresh Ì†ºÌΩ∞
rZOH6BjibPA Mein Kameramann ist ein Tag mein pers√∂nlicher Koch Ì†ΩÌ±®Ì†ºÌøª‚ÄçÌ†ºÌΩ≥Ì†æÌ¥®
rZhvHNLP44A Wie schmeckt Thanksgiving ‚ÅâÔ∏èÌ†æÌ¥î (in Amerika)
rcClCuZ078E Ein Tag pers√∂nlicher Koch f√ºr @Gewitter im Kopf - Leben mit Tourette Ì†ΩÌ±®Ì†ºÌøª‚ÄçÌ†ºÌΩ≥
rdXsyIDweFM Sturmi ZERLEGT 3er Team?! - Team Turnier mit MCExpert & Sturmwaffel | KranCrafter
re08jgAvAZg Ich bewerte STEFFEN HENSSLER's Restaurant Ì†ΩÌ±®Ì†ºÌøª‚ÄçÌ†ºÌΩ≥ (oha)
rfzKpaIqAoA SPRACHMEMO PRANKÌ†ΩÌ∏Ç
rp575-_U1tE 300K R‡∑åKBLICK
rx1IT9FWZAE Wer sind DIESE YouTuber?! | MAUZ #8
sH6F8fiqLmI ALLES NASS ! :( - APP Battle mit EsKay
sHkNDuMuRJk Ein Tag pers√∂nlicher Koch f√ºr meine Schwester Ì†æÌµûÌ†ºÌΩîÌ†ºÌΩï
sLJH0BPKRE4 Pok√©mon GO am STRAND
sSKND9uKqZs BIBI - VERSUCHE NICHT ZU LACHEN Ì†ΩÌ∏Ç Ì†ΩÌ∏Ç (+SAURE CHALLENGE)
sXBozkstgPM STURMIS WAND HACK
saaORbM5X98 Wie schmeckt ein 10-Stunden Burger ‚ÅâÔ∏è Ì†æÌ¥î
slRbiNgdU-Q Test: SELBSTGEMACHTE ZUCKERWATTE
sy9QMZgaQ4Q Versuche nicht MITZUSINGEN
t1k5Ks8b7qE TINDER mit Photoshop Ì†ΩÌ∏± (Experiment)
t4u8XiPRBiQ 24h LEBEN wie HARRY POTTER ‚ö°Ô∏è (mit Kelly, Emrah & Myci)
t5Q5wSEUopY Das ENDE! :( & MANCHESTER! - #MauzTrip Tag 5
t7LPeBQMPsY Ich probiere Surstr√∂mming LECKER zu machen Ì†æÌ¥¢ (Ekel-Fisch)
tCxlPTui3pE Ein Tag pers√∂nlicher Koch f√ºr Alex von GNTM Ì†ΩÌ≤ÉÌ†ºÌøª
tHZN4_fNd4Q DOPPEL-FuÌæ∫ll Challenge (Luca vs. Max)
tK8s-qm49lE Ein Tag pers√∂nlicher Koch f√ºr @Julien Bam Ì†ºÌΩóÌ†ΩÌ±®Ì†ºÌøª‚ÄçÌ†ºÌΩ≥
tS34sV1Dc-M ConCrafter = Picasso
tVofafZPgl0 Ich HASSE es!
tZ3wOu9teyw Ein Tag pers√∂nlicher Koch f√ºr einen Zuschauer Ì†æÌµ™
taVq7zBd2Bg GANGTOUR garnicht so SCHLIMM?! - 8er SG | KranCrafter
th5DYbixgKA Die M√úNZWURF COINBLOCK Challenge - Get Down
tzVMDPSDSCg Typisch ConCrafter ... - Lucky Block Wars | KranCrafter
tzqwKrkRXDU KETCHUP AUF YEEZYS
u1l8rxns3DU Was ist in dem Tresor ‚ùì Ì†æÌ¥î
u70eyKdWZDw Die GRO‡∑æ Ì≤æRRASCHUNG & VARO Training ! - Bed Wars | KranCrafter
u8QPtlyg3Js Ein Tag pers√∂nlicher Koch f√ºr @rezo  Ì†ºÌº±Ì†æÌ¥§
uBVLbxHhnZ0 YOUTUBER STARTERPACKS
uCBRQRnEoy4 Von WEM ist das BILD?! Ì†æÌµµ Photo Roulette mit @selfiesandra & @Dave
uORLaZHnFy8 Wir machen Pizza mit ALLEM Ì†ºÌΩï Ì†ΩÌ∏≥ (mit @Sturmwaffel)
uS2RpsfkKD4 6 KILLS HINTEREINANDER! - Sky Wars
uZszo9to0w0 Typisch REWI... GetWrecked - TrapSG | KranCrafter
ufK4smj8TdQ WOHNUNG mit LUCA ?! Ì†ΩÌ∏± Ì†ΩÌ∏≥
uijGDYhgvnk HOVERBOARD EXTREM CHALLENGE
uk2S_RU1bIA Ich habe ein 100‚Ç¨¬†Ì≤ærraschungsmen√º getestet Ì†æÌ¥î Ì†ΩÌ∏ç
umW69iEB_xU 50‚Ç¨ Flo√ü bauen + RENNEN Ì†ºÌøÅ @Dave GO! #2
uxt0sJht4P0 ALLES MACHEN was ESKAY SAGT ?! - Get Down
uzQeaRFnim8 Bin ICH das?! Ì†ΩÌ∏± (Krasse Bilder)
v0RPBA7nV58 KISTE EXPLODIERT - MEGA ERSCHROCKEN & Coole Items ! - Lucky Block Wars mit DrBenx | KranCrafter
v1s2qihY-Jk BEZIEHUNG ÛñøæNTLICH machen & Kontakt zu ZUSCHAUERN? - VLog
v7_YXVGGt_M STREIT mit Jonah! :O | VLog
vNb7AYg16Cs Ich teste das TEUERSTE Restaurant in meiner Stadt Ì†ºÌΩΩÌ†ΩÌ≤∞
va9cfszVIY0 Ein Tag pers√∂nlicher Koch f√ºr @Papaplatte Ì†ΩÌ±®Ì†ºÌøª‚ÄçÌ†ºÌΩ≥
vdPy10Lt_HQ VERR‡∑åKTE DRINKS Ì†ΩÌ∏± - CURRYWURST, Popcorn .. (Experiment)
vdwZiGEJcV0 CHATROULETTE BEWERTET YOUTUBER
vgPRiWcj8fk EINER WIRD STERBEN.. Ì†ΩÌ∏± | Varo 4 #4
vhr4ZhAim50 W√ÑSCHEKLAMMER CHALLENGE | Varo 4 #3
vi6WXYJJcWQ BESTER FREUND vs. BRUDER ‚ö°Ô∏è
vkuQxim9tOU LUCA BEWERTET YOUTUBER (KS-Freak Parodie)
vquZKr6K7gA OLDSCHOOL: SG ! & Behinderte PvP Namen | KranCrafter
vwTW3C7w9jE Wie geht es weiter ?! Ì†ΩÌ∏≥
w2vTb-ZsY2A SCHWESTER (14) REAGIERT auf unsere INSTA DMs Ì†ΩÌ∏± ‚úâÔ∏è
w7OIj83F35w ES ENDET. | Varo 4 #9
wH4h0kadTgo Ein Tag pers√∂nlicher Koch f√ºr @Tomary Ì†æÌµû
wIo60ph41yM Ich wurde ERPRESST
wNWbsr7g8jQ HEFTIGSTES EQUIPMENT! - Get Down
wOS6Z6R7Vpk Ich teste Little Tokio Food Hotspots Ì†æÌ¥§ Ì†ºÌ∑ØÌ†ºÌ∑µ
wU8glfhf5Lc Ich koche Mac & Cheese auf dem Lagerfeuer Ì†ΩÌ¥• Ì†æÌ∑Ä
w_wRG0fxkHQ Wir haben sein LEBEN gerettet ..
wa4idPSNkIw Test: KANN ich PVP (noch)?! - SG
wdrydxwJt2s Ich bewerte das Restaurant von Frank Rosin Ì†ΩÌ±®Ì†ºÌøª‚ÄçÌ†ºÌΩ≥  (‚≠êÔ∏è‚≠êÔ∏è)
wh2p1YF7ZJU MUSS. SCHNELLER. BAUEN.
wmEiNy6m8oY B√ñSE KOMMENTARE
wv5C4FjLUqA Ein Tag pers√∂nlicher Koch f√ºr @Leeroy Matata Ì†ºÌΩù
wwTpXUpj1Lo Ich koche ein 100 Jahre altes Rezept Ì†ΩÌ±®Ì†ºÌøª‚ÄçÌ†ºÌΩ≥
wxihbntYMr0 Ich baue einen KAMPFROBOTER ‚ö°Ô∏è (vs. Izzi)
x1kUz6PzCn0 DRUCKLUFT ins GESICHT!
x5MpSKlBhxo BRUDER-KINDHEITS-CHALLENGE!  - Survivalgames
x7AuuP78WdI ROOMTOUR in VENEDIG! - VLog | KranCrafter
xFwqDDpEllE Luca & Max machen Dinge falsch ‚ùåÌ†ΩÌ∏Ö
xJhpP2jQ0i0 CC#3: unge vs. KranCrafter - DER SIEGER IST....?!
xLMuqSPI9Qw Nach diesem Video HASST du JUSTIN BIEBER ! Ì†ΩÌ∏° Ì†ΩÌ∏§
xUsBdpq5RlY REAKTIONSTEST vs. BRUDER Ì†ΩÌ∏±‚ö°Ô∏è
xY2B5EK-RiY Ein Tag pers√∂nlicher Koch f√ºr @iCrimax Ì†ºÌΩù
xaJFSXG55Aw STREIT MIT LUCA Ì†ΩÌ∏≥
xt3YgPJ7CPs Zufall entscheidet, was wir bestellen (schlechte Idee) Ì†æÌ¥¢ @Sturmwaffel
yAjXvTM9rjc Sternekoch verwandelt D√∂ner in Gourmet-Gericht Ì†æÌµô Ì†ΩÌ±®Ì†ºÌøª‚ÄçÌ†ºÌΩ≥
yCJiKx2zUWg Ein Tag pers√∂nlicher Koch f√ºr @izzi Ì†ΩÌ±®Ì†ºÌøª‚ÄçÌ†ºÌΩ≥
yMu_TixLS70 UNTERWASSER Song Challenge Ì†ΩÌ≤¶ Ì†ºÌæ§
yjqtHF6B1Zw Ich bestelle Gerichte die ich noch nie gegessen habe Ì†æÌ¥î
ylBBYKKxuKs Ein Tag pers√∂nlicher Koch f√ºr @Felix von der Laden Ì†æÌµû
yrq9Ccij49A Pizza mit ALLEN Zutaten bestellen Ì†ΩÌ∏±Ì†ºÌΩï
z6VftJcX3ak EXPERIMENT XXL-Knallerbse (GEHT SCHIEF)Ì†ΩÌ∏±Ì†ΩÌ≤•
zEzxWiGIlNY Ein Tag Fremde entscheiden lassen was ich esse ‚Ä¶ Ì†ΩÌ∏Ö
zKI3aekIyok ABO/L√ñSCHEN/AUFNEHMEN CHALLENGE
zP92tLYzCWM Ein Tag essen wie in der T√ºrkei Ì†æÌµ∞ Ì†ºÌ∑πÌ†ºÌ∑∑
zUcjf1NY4mY ER besiegt mich WIEDER?! 1vs1 GetDown
zeqjyx_MW_o Ein Tag pers√∂nlicher Koch f√ºr @selfiesandra  Ì†ºÌΩî
zkpLi-1j0yM 24h Money Boy's Gerichte kochen (Traphouse Kitchen) Ì†æÌ¥§
zwn6Bkv1B-Y AUFHOLJAGD! - Minecraft Titan #2
